[2026-01-30 14:53:05.932] [warning] [spider.worker] Prefer using `SPIDER_STORAGE_URL` environment variable over `--storage_url` argument.
[2026-01-30 14:53:48.467] [info] [spider.worker] [TIMING] task_id=771d3608-f6dd-4e53-ad15-69bcbcfb5627 func=job_orchestration.executor.compress.spider_compress.compress fetch_input_start=214070674 fetch_input_end=214070676 fetch_input_duration_ms=1
[2026-01-30 14:53:59.442] [info] [spider.worker] [TIMING] task_id=771d3608-f6dd-4e53-ad15-69bcbcfb5627 func=job_orchestration.executor.compress.spider_compress.compress execution_start=214070677 execution_end=214081650 execution_duration_ms=10973
[2026-01-30 14:53:59.476] [info] [spider.worker] [TIMING] task_id=771d3608-f6dd-4e53-ad15-69bcbcfb5627 func=job_orchestration.executor.compress.spider_compress.compress submit_output_start=214081653 submit_output_end=214081684 submit_output_duration_ms=31
[2026-01-30 14:53:59.496] [info] [spider.worker] [TIMING] task_id=f47ae5f3-d4cc-4edc-9bec-6fd45b114315 func=job_orchestration.executor.compress.spider_compress.compress fetch_input_start=214081703 fetch_input_end=214081704 fetch_input_duration_ms=0
[2026-01-30 14:54:15.727] [info] [spider.worker] [TIMING] task_id=f47ae5f3-d4cc-4edc-9bec-6fd45b114315 func=job_orchestration.executor.compress.spider_compress.compress execution_start=214081705 execution_end=214097936 execution_duration_ms=16231
[2026-01-30 14:54:15.734] [info] [spider.worker] [TIMING] task_id=f47ae5f3-d4cc-4edc-9bec-6fd45b114315 func=job_orchestration.executor.compress.spider_compress.compress submit_output_start=214097937 submit_output_end=214097942 submit_output_duration_ms=4
[2026-01-30 14:54:15.744] [info] [spider.worker] [TIMING] task_id=49109893-7abb-47cd-b912-4940902ba468 func=job_orchestration.executor.compress.spider_compress.compress fetch_input_start=214097952 fetch_input_end=214097952 fetch_input_duration_ms=0
[2026-01-30 14:54:40.034] [info] [spider.worker] [TIMING] task_id=49109893-7abb-47cd-b912-4940902ba468 func=job_orchestration.executor.compress.spider_compress.compress execution_start=214097953 execution_end=214122243 execution_duration_ms=24289
[2026-01-30 14:54:40.049] [info] [spider.worker] [TIMING] task_id=49109893-7abb-47cd-b912-4940902ba468 func=job_orchestration.executor.compress.spider_compress.compress submit_output_start=214122244 submit_output_end=214122257 submit_output_duration_ms=12
[2026-01-30 14:54:40.093] [info] [spider.worker] [TIMING] task_id=14894bdc-0263-4b9b-990d-b3fcdf2c7918 func=job_orchestration.executor.compress.spider_compress.compress fetch_input_start=214122300 fetch_input_end=214122301 fetch_input_duration_ms=1
[2026-01-30 14:54:49.985] [info] [spider.worker] [TIMING] task_id=14894bdc-0263-4b9b-990d-b3fcdf2c7918 func=job_orchestration.executor.compress.spider_compress.compress execution_start=214122302 execution_end=214132193 execution_duration_ms=9891
[2026-01-30 14:54:49.998] [info] [spider.worker] [TIMING] task_id=14894bdc-0263-4b9b-990d-b3fcdf2c7918 func=job_orchestration.executor.compress.spider_compress.compress submit_output_start=214132195 submit_output_end=214132206 submit_output_duration_ms=10
[2026-01-30 14:54:50.008] [info] [spider.worker] [TIMING] task_id=430e538e-0d07-4d19-ae63-6e3013a45f66 func=job_orchestration.executor.compress.spider_compress.compress fetch_input_start=214132216 fetch_input_end=214132217 fetch_input_duration_ms=0
[2026-01-30 14:55:00.010] [info] [spider.worker] [TIMING] task_id=430e538e-0d07-4d19-ae63-6e3013a45f66 func=job_orchestration.executor.compress.spider_compress.compress execution_start=214132217 execution_end=214142219 execution_duration_ms=10001
[2026-01-30 14:55:00.023] [info] [spider.worker] [TIMING] task_id=430e538e-0d07-4d19-ae63-6e3013a45f66 func=job_orchestration.executor.compress.spider_compress.compress submit_output_start=214142220 submit_output_end=214142232 submit_output_duration_ms=11
[2026-01-30 14:55:00.091] [info] [spider.worker] [TIMING] task_id=b055969c-d953-4da0-a0b9-225ceec499c7 func=job_orchestration.executor.compress.spider_compress.compress fetch_input_start=214142299 fetch_input_end=214142299 fetch_input_duration_ms=0
[2026-01-30 14:55:12.849] [info] [spider.worker] [TIMING] task_id=b055969c-d953-4da0-a0b9-225ceec499c7 func=job_orchestration.executor.compress.spider_compress.compress execution_start=214142300 execution_end=214155057 execution_duration_ms=12756
[2026-01-30 14:55:12.889] [info] [spider.worker] [TIMING] task_id=b055969c-d953-4da0-a0b9-225ceec499c7 func=job_orchestration.executor.compress.spider_compress.compress submit_output_start=214155059 submit_output_end=214155098 submit_output_duration_ms=38
[2026-01-30 14:55:12.917] [info] [spider.worker] [TIMING] task_id=cfc374ac-de25-4ec8-a3d2-05d4b23928e6 func=job_orchestration.executor.compress.spider_compress.compress fetch_input_start=214155124 fetch_input_end=214155126 fetch_input_duration_ms=1
[2026-01-30 14:55:23.898] [info] [spider.worker] [TIMING] task_id=cfc374ac-de25-4ec8-a3d2-05d4b23928e6 func=job_orchestration.executor.compress.spider_compress.compress execution_start=214155126 execution_end=214166106 execution_duration_ms=10979
[2026-01-30 14:55:23.905] [info] [spider.worker] [TIMING] task_id=cfc374ac-de25-4ec8-a3d2-05d4b23928e6 func=job_orchestration.executor.compress.spider_compress.compress submit_output_start=214166108 submit_output_end=214166113 submit_output_duration_ms=5
[2026-01-30 14:55:23.916] [info] [spider.worker] [TIMING] task_id=6185a0f0-0295-42ed-9eee-b8932abca71c func=job_orchestration.executor.compress.spider_compress.compress fetch_input_start=214166123 fetch_input_end=214166124 fetch_input_duration_ms=0
[2026-01-30 14:55:33.681] [info] [spider.worker] [TIMING] task_id=6185a0f0-0295-42ed-9eee-b8932abca71c func=job_orchestration.executor.compress.spider_compress.compress execution_start=214166125 execution_end=214175889 execution_duration_ms=9764
[2026-01-30 14:55:33.688] [info] [spider.worker] [TIMING] task_id=6185a0f0-0295-42ed-9eee-b8932abca71c func=job_orchestration.executor.compress.spider_compress.compress submit_output_start=214175891 submit_output_end=214175896 submit_output_duration_ms=5
[2026-01-30 14:55:33.698] [info] [spider.worker] [TIMING] task_id=1f384f66-d2fb-4dbd-9eae-f9941b6c7707 func=job_orchestration.executor.compress.spider_compress.compress fetch_input_start=214175906 fetch_input_end=214175907 fetch_input_duration_ms=0
[2026-01-30 14:55:44.729] [info] [spider.worker] [TIMING] task_id=1f384f66-d2fb-4dbd-9eae-f9941b6c7707 func=job_orchestration.executor.compress.spider_compress.compress execution_start=214175907 execution_end=214186938 execution_duration_ms=11030
[2026-01-30 14:55:44.771] [info] [spider.worker] [TIMING] task_id=1f384f66-d2fb-4dbd-9eae-f9941b6c7707 func=job_orchestration.executor.compress.spider_compress.compress submit_output_start=214186940 submit_output_end=214186980 submit_output_duration_ms=39
[2026-01-30 14:55:44.825] [info] [spider.worker] [TIMING] task_id=ebe2c970-c027-446c-b9dc-1ef875b32960 func=job_orchestration.executor.compress.spider_compress.compress fetch_input_start=214187032 fetch_input_end=214187033 fetch_input_duration_ms=1
[2026-01-30 14:55:54.489] [info] [spider.worker] [TIMING] task_id=ebe2c970-c027-446c-b9dc-1ef875b32960 func=job_orchestration.executor.compress.spider_compress.compress execution_start=214187034 execution_end=214196698 execution_duration_ms=9663
[2026-01-30 14:55:54.522] [info] [spider.worker] [TIMING] task_id=ebe2c970-c027-446c-b9dc-1ef875b32960 func=job_orchestration.executor.compress.spider_compress.compress submit_output_start=214196699 submit_output_end=214196730 submit_output_duration_ms=30
[2026-01-30 14:55:54.549] [info] [spider.worker] [TIMING] task_id=2391be1c-ae9d-4763-9173-ee6112d8d523 func=job_orchestration.executor.compress.spider_compress.compress fetch_input_start=214196756 fetch_input_end=214196757 fetch_input_duration_ms=1
[2026-01-30 14:56:05.520] [info] [spider.worker] [TIMING] task_id=2391be1c-ae9d-4763-9173-ee6112d8d523 func=job_orchestration.executor.compress.spider_compress.compress execution_start=214196758 execution_end=214207728 execution_duration_ms=10970
[2026-01-30 14:56:05.536] [info] [spider.worker] [TIMING] task_id=2391be1c-ae9d-4763-9173-ee6112d8d523 func=job_orchestration.executor.compress.spider_compress.compress submit_output_start=214207731 submit_output_end=214207745 submit_output_duration_ms=14
[2026-01-30 14:56:05.556] [info] [spider.worker] [TIMING] task_id=0e90be79-ca48-4d9b-95d2-47b2f0b46095 func=job_orchestration.executor.compress.spider_compress.compress fetch_input_start=214207763 fetch_input_end=214207764 fetch_input_duration_ms=1
[2026-01-30 14:56:41.284] [info] [spider.worker] [TIMING] task_id=0e90be79-ca48-4d9b-95d2-47b2f0b46095 func=job_orchestration.executor.compress.spider_compress.compress execution_start=214207765 execution_end=214243493 execution_duration_ms=35727
[2026-01-30 14:56:41.329] [info] [spider.worker] [TIMING] task_id=0e90be79-ca48-4d9b-95d2-47b2f0b46095 func=job_orchestration.executor.compress.spider_compress.compress submit_output_start=214243494 submit_output_end=214243537 submit_output_duration_ms=43
[2026-01-30 14:56:41.354] [info] [spider.worker] [TIMING] task_id=dd1eca3c-f634-4d37-858f-13adfae89a31 func=job_orchestration.executor.compress.spider_compress.compress fetch_input_start=214243561 fetch_input_end=214243562 fetch_input_duration_ms=0
[2026-01-30 14:57:10.428] [info] [spider.worker] [TIMING] task_id=dd1eca3c-f634-4d37-858f-13adfae89a31 func=job_orchestration.executor.compress.spider_compress.compress execution_start=214243563 execution_end=214272636 execution_duration_ms=29073
[2026-01-30 14:57:10.441] [info] [spider.worker] [TIMING] task_id=dd1eca3c-f634-4d37-858f-13adfae89a31 func=job_orchestration.executor.compress.spider_compress.compress submit_output_start=214272638 submit_output_end=214272650 submit_output_duration_ms=11
[2026-01-30 14:57:10.461] [info] [spider.worker] [TIMING] task_id=dd35e9d0-87cf-42d3-9ed1-2a013a04ecdd func=job_orchestration.executor.compress.spider_compress.compress fetch_input_start=214272668 fetch_input_end=214272669 fetch_input_duration_ms=0
[2026-01-30 14:57:39.087] [info] [spider.worker] [TIMING] task_id=dd35e9d0-87cf-42d3-9ed1-2a013a04ecdd func=job_orchestration.executor.compress.spider_compress.compress execution_start=214272670 execution_end=214301295 execution_duration_ms=28625
[2026-01-30 14:57:39.115] [info] [spider.worker] [TIMING] task_id=dd35e9d0-87cf-42d3-9ed1-2a013a04ecdd func=job_orchestration.executor.compress.spider_compress.compress submit_output_start=214301297 submit_output_end=214301323 submit_output_duration_ms=26
[2026-01-30 14:57:39.135] [info] [spider.worker] [TIMING] task_id=3f04f540-7fda-4f4c-b7bc-bd6c4bbb6d24 func=job_orchestration.executor.compress.spider_compress.compress fetch_input_start=214301342 fetch_input_end=214301343 fetch_input_duration_ms=0
[2026-01-30 14:57:51.544] [info] [spider.worker] [TIMING] task_id=3f04f540-7fda-4f4c-b7bc-bd6c4bbb6d24 func=job_orchestration.executor.compress.spider_compress.compress execution_start=214301344 execution_end=214313752 execution_duration_ms=12408
[2026-01-30 14:57:51.557] [info] [spider.worker] [TIMING] task_id=3f04f540-7fda-4f4c-b7bc-bd6c4bbb6d24 func=job_orchestration.executor.compress.spider_compress.compress submit_output_start=214313753 submit_output_end=214313765 submit_output_duration_ms=11
[2026-01-30 14:57:51.575] [info] [spider.worker] [TIMING] task_id=6e514f5f-0ad5-4762-aaff-091c15f176ba func=job_orchestration.executor.compress.spider_compress.compress fetch_input_start=214313783 fetch_input_end=214313784 fetch_input_duration_ms=0
[2026-01-30 14:58:01.627] [info] [spider.worker] [TIMING] task_id=6e514f5f-0ad5-4762-aaff-091c15f176ba func=job_orchestration.executor.compress.spider_compress.compress execution_start=214313784 execution_end=214323835 execution_duration_ms=10050
[2026-01-30 14:58:01.639] [info] [spider.worker] [TIMING] task_id=6e514f5f-0ad5-4762-aaff-091c15f176ba func=job_orchestration.executor.compress.spider_compress.compress submit_output_start=214323838 submit_output_end=214323848 submit_output_duration_ms=10
[2026-01-30 14:58:01.682] [info] [spider.worker] [TIMING] task_id=c94bd2ca-5689-4428-933e-3d04868c97a2 func=job_orchestration.executor.compress.spider_compress.compress fetch_input_start=214323889 fetch_input_end=214323891 fetch_input_duration_ms=1
[2026-01-30 14:58:12.845] [info] [spider.worker] [TIMING] task_id=c94bd2ca-5689-4428-933e-3d04868c97a2 func=job_orchestration.executor.compress.spider_compress.compress execution_start=214323891 execution_end=214335054 execution_duration_ms=11162
[2026-01-30 14:58:12.881] [info] [spider.worker] [TIMING] task_id=c94bd2ca-5689-4428-933e-3d04868c97a2 func=job_orchestration.executor.compress.spider_compress.compress submit_output_start=214335055 submit_output_end=214335090 submit_output_duration_ms=34
[2026-01-30 14:58:12.950] [info] [spider.worker] [TIMING] task_id=11a0a7ba-e788-4597-bce9-616f9aa64447 func=job_orchestration.executor.compress.spider_compress.compress fetch_input_start=214335158 fetch_input_end=214335158 fetch_input_duration_ms=0
[2026-01-30 14:58:31.454] [info] [spider.worker] [TIMING] task_id=11a0a7ba-e788-4597-bce9-616f9aa64447 func=job_orchestration.executor.compress.spider_compress.compress execution_start=214335159 execution_end=214353662 execution_duration_ms=18503
[2026-01-30 14:58:31.485] [info] [spider.worker] [TIMING] task_id=11a0a7ba-e788-4597-bce9-616f9aa64447 func=job_orchestration.executor.compress.spider_compress.compress submit_output_start=214353664 submit_output_end=214353694 submit_output_duration_ms=29
[2026-01-30 14:58:31.506] [info] [spider.worker] [TIMING] task_id=7c2e57b7-9dc5-493e-8995-1ed39df5b108 func=job_orchestration.executor.compress.spider_compress.compress fetch_input_start=214353714 fetch_input_end=214353714 fetch_input_duration_ms=0
[2026-01-30 14:58:50.965] [info] [spider.worker] [TIMING] task_id=7c2e57b7-9dc5-493e-8995-1ed39df5b108 func=job_orchestration.executor.compress.spider_compress.compress execution_start=214353715 execution_end=214373173 execution_duration_ms=19458
[2026-01-30 14:58:50.978] [info] [spider.worker] [TIMING] task_id=7c2e57b7-9dc5-493e-8995-1ed39df5b108 func=job_orchestration.executor.compress.spider_compress.compress submit_output_start=214373175 submit_output_end=214373187 submit_output_duration_ms=11
[2026-01-30 14:58:50.998] [info] [spider.worker] [TIMING] task_id=bd1598ee-93aa-4c49-be6e-abab74266b10 func=job_orchestration.executor.compress.spider_compress.compress fetch_input_start=214373205 fetch_input_end=214373206 fetch_input_duration_ms=1
[2026-01-30 14:59:24.540] [info] [spider.worker] [TIMING] task_id=bd1598ee-93aa-4c49-be6e-abab74266b10 func=job_orchestration.executor.compress.spider_compress.compress execution_start=214373207 execution_end=214406748 execution_duration_ms=33541
[2026-01-30 14:59:24.571] [info] [spider.worker] [TIMING] task_id=bd1598ee-93aa-4c49-be6e-abab74266b10 func=job_orchestration.executor.compress.spider_compress.compress submit_output_start=214406750 submit_output_end=214406779 submit_output_duration_ms=28
[2026-01-30 14:59:24.589] [info] [spider.worker] [TIMING] task_id=e265769e-3d14-4074-a174-41893abbfaeb func=job_orchestration.executor.compress.spider_compress.compress fetch_input_start=214406797 fetch_input_end=214406797 fetch_input_duration_ms=0
[2026-01-30 14:59:45.994] [info] [spider.worker] [TIMING] task_id=e265769e-3d14-4074-a174-41893abbfaeb func=job_orchestration.executor.compress.spider_compress.compress execution_start=214406798 execution_end=214428202 execution_duration_ms=21404
[2026-01-30 14:59:46.022] [info] [spider.worker] [TIMING] task_id=e265769e-3d14-4074-a174-41893abbfaeb func=job_orchestration.executor.compress.spider_compress.compress submit_output_start=214428204 submit_output_end=214428230 submit_output_duration_ms=26
[2026-01-30 14:59:46.039] [info] [spider.worker] [TIMING] task_id=9f1582e1-667c-4f7e-ae33-ad016ce43033 func=job_orchestration.executor.compress.spider_compress.compress fetch_input_start=214428246 fetch_input_end=214428247 fetch_input_duration_ms=1
[2026-01-30 14:59:56.866] [info] [spider.worker] [TIMING] task_id=9f1582e1-667c-4f7e-ae33-ad016ce43033 func=job_orchestration.executor.compress.spider_compress.compress execution_start=214428248 execution_end=214439074 execution_duration_ms=10826
[2026-01-30 14:59:56.878] [info] [spider.worker] [TIMING] task_id=9f1582e1-667c-4f7e-ae33-ad016ce43033 func=job_orchestration.executor.compress.spider_compress.compress submit_output_start=214439076 submit_output_end=214439086 submit_output_duration_ms=10
[2026-01-30 14:59:56.889] [info] [spider.worker] [TIMING] task_id=05b97861-65f0-4c2c-9065-92b8bb1aa085 func=job_orchestration.executor.compress.spider_compress.compress fetch_input_start=214439096 fetch_input_end=214439097 fetch_input_duration_ms=0
[2026-01-30 15:00:09.615] [info] [spider.worker] [TIMING] task_id=05b97861-65f0-4c2c-9065-92b8bb1aa085 func=job_orchestration.executor.compress.spider_compress.compress execution_start=214439098 execution_end=214451823 execution_duration_ms=12725
[2026-01-30 15:00:09.886] [info] [spider.worker] [TIMING] task_id=05b97861-65f0-4c2c-9065-92b8bb1aa085 func=job_orchestration.executor.compress.spider_compress.compress submit_output_start=214451825 submit_output_end=214452095 submit_output_duration_ms=269
[2026-01-30 15:00:10.074] [info] [spider.worker] [TIMING] task_id=e5ad4e67-e190-4b81-b105-003367566943 func=job_orchestration.executor.compress.spider_compress.compress fetch_input_start=214452280 fetch_input_end=214452282 fetch_input_duration_ms=1
[2026-01-30 15:00:22.043] [info] [spider.worker] [TIMING] task_id=e5ad4e67-e190-4b81-b105-003367566943 func=job_orchestration.executor.compress.spider_compress.compress execution_start=214452283 execution_end=214464251 execution_duration_ms=11968
[2026-01-30 15:00:22.354] [info] [spider.worker] [TIMING] task_id=e5ad4e67-e190-4b81-b105-003367566943 func=job_orchestration.executor.compress.spider_compress.compress submit_output_start=214464253 submit_output_end=214464562 submit_output_duration_ms=309
[2026-01-30 15:00:22.447] [info] [spider.worker] [TIMING] task_id=c33423b9-7d1e-4bb3-8acc-112fe5f3ab33 func=job_orchestration.executor.compress.spider_compress.compress fetch_input_start=214464655 fetch_input_end=214464656 fetch_input_duration_ms=0
[2026-01-30 15:00:33.490] [info] [spider.worker] [TIMING] task_id=c33423b9-7d1e-4bb3-8acc-112fe5f3ab33 func=job_orchestration.executor.compress.spider_compress.compress execution_start=214464656 execution_end=214475698 execution_duration_ms=11042
[2026-01-30 15:00:33.545] [info] [spider.worker] [TIMING] task_id=c33423b9-7d1e-4bb3-8acc-112fe5f3ab33 func=job_orchestration.executor.compress.spider_compress.compress submit_output_start=214475701 submit_output_end=214475753 submit_output_duration_ms=52
[2026-01-30 15:00:33.564] [info] [spider.worker] [TIMING] task_id=e6fe4503-e648-408f-bf32-579f536534d8 func=job_orchestration.executor.compress.spider_compress.compress fetch_input_start=214475770 fetch_input_end=214475772 fetch_input_duration_ms=1
[2026-01-30 15:01:27.085] [info] [spider.worker] [TIMING] task_id=e6fe4503-e648-408f-bf32-579f536534d8 func=job_orchestration.executor.compress.spider_compress.compress execution_start=214475773 execution_end=214529293 execution_duration_ms=53520
[2026-01-30 15:01:27.123] [info] [spider.worker] [TIMING] task_id=e6fe4503-e648-408f-bf32-579f536534d8 func=job_orchestration.executor.compress.spider_compress.compress submit_output_start=214529295 submit_output_end=214529331 submit_output_duration_ms=36
[2026-01-30 15:01:27.145] [info] [spider.worker] [TIMING] task_id=76e35baa-630a-4a45-8d6e-f9e193e7183c func=job_orchestration.executor.compress.spider_compress.compress fetch_input_start=214529353 fetch_input_end=214529354 fetch_input_duration_ms=0
[2026-01-30 15:01:39.203] [info] [spider.worker] [TIMING] task_id=76e35baa-630a-4a45-8d6e-f9e193e7183c func=job_orchestration.executor.compress.spider_compress.compress execution_start=214529354 execution_end=214541411 execution_duration_ms=12056
[2026-01-30 15:01:39.259] [info] [spider.worker] [TIMING] task_id=76e35baa-630a-4a45-8d6e-f9e193e7183c func=job_orchestration.executor.compress.spider_compress.compress submit_output_start=214541413 submit_output_end=214541468 submit_output_duration_ms=54
[2026-01-30 15:01:39.288] [info] [spider.worker] [TIMING] task_id=9e40002c-744a-4f1c-84cc-3226c6e21afa func=job_orchestration.executor.compress.spider_compress.compress fetch_input_start=214541495 fetch_input_end=214541496 fetch_input_duration_ms=1
[2026-01-30 15:02:18.126] [info] [spider.worker] [TIMING] task_id=9e40002c-744a-4f1c-84cc-3226c6e21afa func=job_orchestration.executor.compress.spider_compress.compress execution_start=214541497 execution_end=214580335 execution_duration_ms=38837
[2026-01-30 15:02:18.149] [info] [spider.worker] [TIMING] task_id=9e40002c-744a-4f1c-84cc-3226c6e21afa func=job_orchestration.executor.compress.spider_compress.compress submit_output_start=214580337 submit_output_end=214580358 submit_output_duration_ms=21
[2026-01-30 15:02:18.161] [info] [spider.worker] [TIMING] task_id=d0e85263-03c5-4fe7-9426-35570eb6e5f8 func=job_orchestration.executor.compress.spider_compress.compress fetch_input_start=214580368 fetch_input_end=214580369 fetch_input_duration_ms=1
[2026-01-30 15:02:52.262] [info] [spider.worker] [TIMING] task_id=d0e85263-03c5-4fe7-9426-35570eb6e5f8 func=job_orchestration.executor.compress.spider_compress.compress execution_start=214580370 execution_end=214614471 execution_duration_ms=34101
[2026-01-30 15:02:52.298] [info] [spider.worker] [TIMING] task_id=d0e85263-03c5-4fe7-9426-35570eb6e5f8 func=job_orchestration.executor.compress.spider_compress.compress submit_output_start=214614486 submit_output_end=214614507 submit_output_duration_ms=20
[2026-01-30 15:02:52.318] [info] [spider.worker] [TIMING] task_id=053d2d55-6426-4673-9597-a3ea668e8f4c func=job_orchestration.executor.compress.spider_compress.compress fetch_input_start=214614525 fetch_input_end=214614526 fetch_input_duration_ms=1
[2026-01-30 15:03:02.467] [info] [spider.worker] [TIMING] task_id=053d2d55-6426-4673-9597-a3ea668e8f4c func=job_orchestration.executor.compress.spider_compress.compress execution_start=214614527 execution_end=214624676 execution_duration_ms=10148
[2026-01-30 15:03:02.481] [info] [spider.worker] [TIMING] task_id=053d2d55-6426-4673-9597-a3ea668e8f4c func=job_orchestration.executor.compress.spider_compress.compress submit_output_start=214624678 submit_output_end=214624689 submit_output_duration_ms=11
[2026-01-30 15:03:02.512] [info] [spider.worker] [TIMING] task_id=3111ec9a-bbb2-47fb-b64d-1890c91b1699 func=job_orchestration.executor.compress.spider_compress.compress fetch_input_start=214624720 fetch_input_end=214624720 fetch_input_duration_ms=0
[2026-01-30 15:03:15.469] [info] [spider.worker] [TIMING] task_id=3111ec9a-bbb2-47fb-b64d-1890c91b1699 func=job_orchestration.executor.compress.spider_compress.compress execution_start=214624721 execution_end=214637677 execution_duration_ms=12956
[2026-01-30 15:03:15.489] [info] [spider.worker] [TIMING] task_id=3111ec9a-bbb2-47fb-b64d-1890c91b1699 func=job_orchestration.executor.compress.spider_compress.compress submit_output_start=214637679 submit_output_end=214637697 submit_output_duration_ms=17
[2026-01-30 15:03:15.534] [info] [spider.worker] [TIMING] task_id=7852522e-5ce4-4947-b481-aea3ea1b5c65 func=job_orchestration.executor.compress.spider_compress.compress fetch_input_start=214637741 fetch_input_end=214637742 fetch_input_duration_ms=1
[2026-01-30 15:03:30.091] [info] [spider.worker] [TIMING] task_id=7852522e-5ce4-4947-b481-aea3ea1b5c65 func=job_orchestration.executor.compress.spider_compress.compress execution_start=214637743 execution_end=214652299 execution_duration_ms=14556
[2026-01-30 15:03:30.144] [info] [spider.worker] [TIMING] task_id=7852522e-5ce4-4947-b481-aea3ea1b5c65 func=job_orchestration.executor.compress.spider_compress.compress submit_output_start=214652301 submit_output_end=214652352 submit_output_duration_ms=51
[2026-01-30 15:03:30.166] [info] [spider.worker] [TIMING] task_id=9ed764d8-b4b2-4a0b-9473-3ea3aad22a0f func=job_orchestration.executor.compress.spider_compress.compress fetch_input_start=214652373 fetch_input_end=214652374 fetch_input_duration_ms=1
[2026-01-30 15:04:16.782] [info] [spider.worker] [TIMING] task_id=9ed764d8-b4b2-4a0b-9473-3ea3aad22a0f func=job_orchestration.executor.compress.spider_compress.compress execution_start=214652375 execution_end=214698991 execution_duration_ms=46615
[2026-01-30 15:04:16.876] [info] [spider.worker] [TIMING] task_id=9ed764d8-b4b2-4a0b-9473-3ea3aad22a0f func=job_orchestration.executor.compress.spider_compress.compress submit_output_start=214699060 submit_output_end=214699084 submit_output_duration_ms=24
[2026-01-30 15:04:16.927] [info] [spider.worker] [TIMING] task_id=1879a584-a4a6-405f-8995-be75364d2187 func=job_orchestration.executor.compress.spider_compress.compress fetch_input_start=214699134 fetch_input_end=214699135 fetch_input_duration_ms=0
[2026-01-30 15:04:27.815] [info] [spider.worker] [TIMING] task_id=1879a584-a4a6-405f-8995-be75364d2187 func=job_orchestration.executor.compress.spider_compress.compress execution_start=214699135 execution_end=214710023 execution_duration_ms=10887
[2026-01-30 15:04:27.842] [info] [spider.worker] [TIMING] task_id=1879a584-a4a6-405f-8995-be75364d2187 func=job_orchestration.executor.compress.spider_compress.compress submit_output_start=214710025 submit_output_end=214710050 submit_output_duration_ms=25
[2026-01-30 15:04:27.885] [info] [spider.worker] [TIMING] task_id=673e69cd-bcbe-41bc-99c1-35b63bafa9a1 func=job_orchestration.executor.compress.spider_compress.compress fetch_input_start=214710092 fetch_input_end=214710094 fetch_input_duration_ms=1
[2026-01-30 15:04:37.488] [info] [spider.worker] [TIMING] task_id=673e69cd-bcbe-41bc-99c1-35b63bafa9a1 func=job_orchestration.executor.compress.spider_compress.compress execution_start=214710094 execution_end=214719696 execution_duration_ms=9601
[2026-01-30 15:04:37.516] [info] [spider.worker] [TIMING] task_id=673e69cd-bcbe-41bc-99c1-35b63bafa9a1 func=job_orchestration.executor.compress.spider_compress.compress submit_output_start=214719706 submit_output_end=214719725 submit_output_duration_ms=18
[2026-01-30 15:04:37.535] [info] [spider.worker] [TIMING] task_id=4de12a82-5455-41a6-944a-98b5f30d14da func=job_orchestration.executor.compress.spider_compress.compress fetch_input_start=214719743 fetch_input_end=214719743 fetch_input_duration_ms=0
[2026-01-30 15:04:47.956] [info] [spider.worker] [TIMING] task_id=4de12a82-5455-41a6-944a-98b5f30d14da func=job_orchestration.executor.compress.spider_compress.compress execution_start=214719744 execution_end=214730165 execution_duration_ms=10420
[2026-01-30 15:04:47.965] [info] [spider.worker] [TIMING] task_id=4de12a82-5455-41a6-944a-98b5f30d14da func=job_orchestration.executor.compress.spider_compress.compress submit_output_start=214730166 submit_output_end=214730174 submit_output_duration_ms=7
[2026-01-30 15:04:47.976] [info] [spider.worker] [TIMING] task_id=baad4793-9d68-4a60-9204-3daf027b8e72 func=job_orchestration.executor.compress.spider_compress.compress fetch_input_start=214730183 fetch_input_end=214730184 fetch_input_duration_ms=0
[2026-01-30 15:05:02.574] [info] [spider.worker] [TIMING] task_id=baad4793-9d68-4a60-9204-3daf027b8e72 func=job_orchestration.executor.compress.spider_compress.compress execution_start=214730185 execution_end=214744782 execution_duration_ms=14597
[2026-01-30 15:05:02.581] [info] [spider.worker] [TIMING] task_id=baad4793-9d68-4a60-9204-3daf027b8e72 func=job_orchestration.executor.compress.spider_compress.compress submit_output_start=214744783 submit_output_end=214744789 submit_output_duration_ms=5
[2026-01-30 15:05:02.600] [info] [spider.worker] [TIMING] task_id=bc4b95ed-4c68-4854-a7d8-8169bba3d985 func=job_orchestration.executor.compress.spider_compress.compress fetch_input_start=214744807 fetch_input_end=214744809 fetch_input_duration_ms=1
[2026-01-30 15:05:14.770] [info] [spider.worker] [TIMING] task_id=bc4b95ed-4c68-4854-a7d8-8169bba3d985 func=job_orchestration.executor.compress.spider_compress.compress execution_start=214744810 execution_end=214756978 execution_duration_ms=12168
[2026-01-30 15:05:14.905] [info] [spider.worker] [TIMING] task_id=bc4b95ed-4c68-4854-a7d8-8169bba3d985 func=job_orchestration.executor.compress.spider_compress.compress submit_output_start=214756980 submit_output_end=214757114 submit_output_duration_ms=133
[2026-01-30 15:05:15.059] [info] [spider.worker] [TIMING] task_id=f6b39bd9-979a-47fc-a106-7bbfdda2c374 func=job_orchestration.executor.compress.spider_compress.compress fetch_input_start=214757266 fetch_input_end=214757267 fetch_input_duration_ms=1
[2026-01-30 15:05:29.027] [info] [spider.worker] [TIMING] task_id=f6b39bd9-979a-47fc-a106-7bbfdda2c374 func=job_orchestration.executor.compress.spider_compress.compress execution_start=214757268 execution_end=214771235 execution_duration_ms=13967
[2026-01-30 15:05:29.220] [info] [spider.worker] [TIMING] task_id=f6b39bd9-979a-47fc-a106-7bbfdda2c374 func=job_orchestration.executor.compress.spider_compress.compress submit_output_start=214771238 submit_output_end=214771429 submit_output_duration_ms=191
[2026-01-30 15:05:29.682] [info] [spider.worker] [TIMING] task_id=a2ef5ad1-cc4f-46cd-9211-7d5f93b5d457 func=job_orchestration.executor.compress.spider_compress.compress fetch_input_start=214771889 fetch_input_end=214771890 fetch_input_duration_ms=1
[2026-01-30 15:05:53.623] [info] [spider.worker] [TIMING] task_id=a2ef5ad1-cc4f-46cd-9211-7d5f93b5d457 func=job_orchestration.executor.compress.spider_compress.compress execution_start=214771891 execution_end=214795831 execution_duration_ms=23940
[2026-01-30 15:05:53.660] [info] [spider.worker] [TIMING] task_id=a2ef5ad1-cc4f-46cd-9211-7d5f93b5d457 func=job_orchestration.executor.compress.spider_compress.compress submit_output_start=214795847 submit_output_end=214795869 submit_output_duration_ms=21
[2026-01-30 15:05:53.680] [info] [spider.worker] [TIMING] task_id=46bf1cdf-52be-40a7-b968-45b91198dd9f func=job_orchestration.executor.compress.spider_compress.compress fetch_input_start=214795887 fetch_input_end=214795888 fetch_input_duration_ms=1
[2026-01-30 15:06:04.668] [info] [spider.worker] [TIMING] task_id=46bf1cdf-52be-40a7-b968-45b91198dd9f func=job_orchestration.executor.compress.spider_compress.compress execution_start=214795906 execution_end=214806876 execution_duration_ms=10969
[2026-01-30 15:06:04.701] [info] [spider.worker] [TIMING] task_id=46bf1cdf-52be-40a7-b968-45b91198dd9f func=job_orchestration.executor.compress.spider_compress.compress submit_output_start=214806895 submit_output_end=214806910 submit_output_duration_ms=14
[2026-01-30 15:06:04.741] [info] [spider.worker] [TIMING] task_id=f075c06c-b294-4cbc-811b-a32034727c12 func=job_orchestration.executor.compress.spider_compress.compress fetch_input_start=214806948 fetch_input_end=214806949 fetch_input_duration_ms=1
[2026-01-30 15:06:17.936] [info] [spider.worker] [TIMING] task_id=f075c06c-b294-4cbc-811b-a32034727c12 func=job_orchestration.executor.compress.spider_compress.compress execution_start=214806950 execution_end=214820144 execution_duration_ms=13194
[2026-01-30 15:06:17.950] [info] [spider.worker] [TIMING] task_id=f075c06c-b294-4cbc-811b-a32034727c12 func=job_orchestration.executor.compress.spider_compress.compress submit_output_start=214820146 submit_output_end=214820158 submit_output_duration_ms=12
[2026-01-30 15:06:17.971] [info] [spider.worker] [TIMING] task_id=cdad682e-2a3a-4b27-ad03-7d537b1e1064 func=job_orchestration.executor.compress.spider_compress.compress fetch_input_start=214820177 fetch_input_end=214820179 fetch_input_duration_ms=1
[2026-01-30 15:06:56.475] [info] [spider.worker] [TIMING] task_id=cdad682e-2a3a-4b27-ad03-7d537b1e1064 func=job_orchestration.executor.compress.spider_compress.compress execution_start=214820180 execution_end=214858683 execution_duration_ms=38502
[2026-01-30 15:06:56.489] [info] [spider.worker] [TIMING] task_id=cdad682e-2a3a-4b27-ad03-7d537b1e1064 func=job_orchestration.executor.compress.spider_compress.compress submit_output_start=214858685 submit_output_end=214858697 submit_output_duration_ms=12
[2026-01-30 15:06:56.510] [info] [spider.worker] [TIMING] task_id=df319692-59d6-49f4-bb0c-7cf539ea9d2d func=job_orchestration.executor.compress.spider_compress.compress fetch_input_start=214858717 fetch_input_end=214858718 fetch_input_duration_ms=1
[2026-01-30 15:07:08.573] [info] [spider.worker] [TIMING] task_id=df319692-59d6-49f4-bb0c-7cf539ea9d2d func=job_orchestration.executor.compress.spider_compress.compress execution_start=214858719 execution_end=214870782 execution_duration_ms=12062
[2026-01-30 15:07:08.580] [info] [spider.worker] [TIMING] task_id=df319692-59d6-49f4-bb0c-7cf539ea9d2d func=job_orchestration.executor.compress.spider_compress.compress submit_output_start=214870784 submit_output_end=214870788 submit_output_duration_ms=4
[2026-01-30 15:07:08.591] [info] [spider.worker] [TIMING] task_id=d4bd8e55-4a07-450c-8ab2-ef647ef8c54e func=job_orchestration.executor.compress.spider_compress.compress fetch_input_start=214870798 fetch_input_end=214870799 fetch_input_duration_ms=1
[2026-01-30 15:07:27.794] [info] [spider.worker] [TIMING] task_id=d4bd8e55-4a07-450c-8ab2-ef647ef8c54e func=job_orchestration.executor.compress.spider_compress.compress execution_start=214870800 execution_end=214890002 execution_duration_ms=19202
[2026-01-30 15:07:27.811] [info] [spider.worker] [TIMING] task_id=d4bd8e55-4a07-450c-8ab2-ef647ef8c54e func=job_orchestration.executor.compress.spider_compress.compress submit_output_start=214890005 submit_output_end=214890020 submit_output_duration_ms=14
[2026-01-30 15:07:27.823] [info] [spider.worker] [TIMING] task_id=b59fe0d5-4b96-4b9e-a59c-13842d771eb3 func=job_orchestration.executor.compress.spider_compress.compress fetch_input_start=214890030 fetch_input_end=214890031 fetch_input_duration_ms=1
[2026-01-30 15:07:37.981] [info] [spider.worker] [TIMING] task_id=b59fe0d5-4b96-4b9e-a59c-13842d771eb3 func=job_orchestration.executor.compress.spider_compress.compress execution_start=214890032 execution_end=214900190 execution_duration_ms=10157
[2026-01-30 15:07:38.011] [info] [spider.worker] [TIMING] task_id=b59fe0d5-4b96-4b9e-a59c-13842d771eb3 func=job_orchestration.executor.compress.spider_compress.compress submit_output_start=214900199 submit_output_end=214900219 submit_output_duration_ms=20
[2026-01-30 15:07:38.030] [info] [spider.worker] [TIMING] task_id=c4628809-07e9-4aca-b035-b575f364ee71 func=job_orchestration.executor.compress.spider_compress.compress fetch_input_start=214900237 fetch_input_end=214900238 fetch_input_duration_ms=0
[2026-01-30 15:08:10.452] [info] [spider.worker] [TIMING] task_id=c4628809-07e9-4aca-b035-b575f364ee71 func=job_orchestration.executor.compress.spider_compress.compress execution_start=214900239 execution_end=214932660 execution_duration_ms=32421
[2026-01-30 15:08:10.467] [info] [spider.worker] [TIMING] task_id=c4628809-07e9-4aca-b035-b575f364ee71 func=job_orchestration.executor.compress.spider_compress.compress submit_output_start=214932662 submit_output_end=214932675 submit_output_duration_ms=13
[2026-01-30 15:08:10.505] [info] [spider.worker] [TIMING] task_id=5b1e4f33-7b10-487a-ad0f-f43fbb589b61 func=job_orchestration.executor.compress.spider_compress.compress fetch_input_start=214932712 fetch_input_end=214932713 fetch_input_duration_ms=1
[2026-01-30 15:08:20.937] [info] [spider.worker] [TIMING] task_id=5b1e4f33-7b10-487a-ad0f-f43fbb589b61 func=job_orchestration.executor.compress.spider_compress.compress execution_start=214932714 execution_end=214943145 execution_duration_ms=10431
[2026-01-30 15:08:20.949] [info] [spider.worker] [TIMING] task_id=5b1e4f33-7b10-487a-ad0f-f43fbb589b61 func=job_orchestration.executor.compress.spider_compress.compress submit_output_start=214943147 submit_output_end=214943158 submit_output_duration_ms=10
[2026-01-30 15:08:20.960] [info] [spider.worker] [TIMING] task_id=c6505fef-1e48-4072-8e4d-bf364a6f3360 func=job_orchestration.executor.compress.spider_compress.compress fetch_input_start=214943167 fetch_input_end=214943168 fetch_input_duration_ms=0
[2026-01-30 15:08:32.180] [info] [spider.worker] [TIMING] task_id=c6505fef-1e48-4072-8e4d-bf364a6f3360 func=job_orchestration.executor.compress.spider_compress.compress execution_start=214943169 execution_end=214954388 execution_duration_ms=11219
[2026-01-30 15:08:32.199] [info] [spider.worker] [TIMING] task_id=c6505fef-1e48-4072-8e4d-bf364a6f3360 func=job_orchestration.executor.compress.spider_compress.compress submit_output_start=214954390 submit_output_end=214954407 submit_output_duration_ms=16
[2026-01-30 15:08:32.234] [info] [spider.worker] [TIMING] task_id=29c3a0af-3267-4b99-a3c3-6c2b20c7ecc5 func=job_orchestration.executor.compress.spider_compress.compress fetch_input_start=214954441 fetch_input_end=214954442 fetch_input_duration_ms=0
[2026-01-30 15:08:43.101] [info] [spider.worker] [TIMING] task_id=29c3a0af-3267-4b99-a3c3-6c2b20c7ecc5 func=job_orchestration.executor.compress.spider_compress.compress execution_start=214954443 execution_end=214965309 execution_duration_ms=10866
[2026-01-30 15:08:43.123] [info] [spider.worker] [TIMING] task_id=29c3a0af-3267-4b99-a3c3-6c2b20c7ecc5 func=job_orchestration.executor.compress.spider_compress.compress submit_output_start=214965311 submit_output_end=214965331 submit_output_duration_ms=20
[2026-01-30 15:08:43.134] [info] [spider.worker] [TIMING] task_id=672d182a-4cc9-49d9-aa9d-90b27601d5a8 func=job_orchestration.executor.compress.spider_compress.compress fetch_input_start=214965341 fetch_input_end=214965342 fetch_input_duration_ms=1
[2026-01-30 15:08:58.678] [info] [spider.worker] [TIMING] task_id=672d182a-4cc9-49d9-aa9d-90b27601d5a8 func=job_orchestration.executor.compress.spider_compress.compress execution_start=214965343 execution_end=214980886 execution_duration_ms=15543
[2026-01-30 15:08:58.688] [info] [spider.worker] [TIMING] task_id=672d182a-4cc9-49d9-aa9d-90b27601d5a8 func=job_orchestration.executor.compress.spider_compress.compress submit_output_start=214980888 submit_output_end=214980897 submit_output_duration_ms=8
[2026-01-30 15:08:58.698] [info] [spider.worker] [TIMING] task_id=d6f5010a-8b31-48fe-b46d-fd64992e83c4 func=job_orchestration.executor.compress.spider_compress.compress fetch_input_start=214980906 fetch_input_end=214980907 fetch_input_duration_ms=0
[2026-01-30 15:09:39.630] [info] [spider.worker] [TIMING] task_id=d6f5010a-8b31-48fe-b46d-fd64992e83c4 func=job_orchestration.executor.compress.spider_compress.compress execution_start=214980907 execution_end=215021838 execution_duration_ms=40930
[2026-01-30 15:09:39.635] [info] [spider.worker] [TIMING] task_id=d6f5010a-8b31-48fe-b46d-fd64992e83c4 func=job_orchestration.executor.compress.spider_compress.compress submit_output_start=215021839 submit_output_end=215021843 submit_output_duration_ms=3
[2026-01-30 15:09:39.664] [info] [spider.worker] [TIMING] task_id=289d453c-0af7-4974-8278-b3997f20d631 func=job_orchestration.executor.compress.spider_compress.compress fetch_input_start=215021872 fetch_input_end=215021873 fetch_input_duration_ms=0
[2026-01-30 15:09:52.667] [info] [spider.worker] [TIMING] task_id=289d453c-0af7-4974-8278-b3997f20d631 func=job_orchestration.executor.compress.spider_compress.compress execution_start=215021873 execution_end=215034876 execution_duration_ms=13002
[2026-01-30 15:09:52.676] [info] [spider.worker] [TIMING] task_id=289d453c-0af7-4974-8278-b3997f20d631 func=job_orchestration.executor.compress.spider_compress.compress submit_output_start=215034878 submit_output_end=215034884 submit_output_duration_ms=6
[2026-01-30 15:09:52.687] [info] [spider.worker] [TIMING] task_id=99449df6-f948-4a0a-8d73-a313b1438cac func=job_orchestration.executor.compress.spider_compress.compress fetch_input_start=215034894 fetch_input_end=215034895 fetch_input_duration_ms=1
[2026-01-30 15:10:04.267] [info] [spider.worker] [TIMING] task_id=99449df6-f948-4a0a-8d73-a313b1438cac func=job_orchestration.executor.compress.spider_compress.compress execution_start=215034912 execution_end=215046476 execution_duration_ms=11563
[2026-01-30 15:10:04.308] [info] [spider.worker] [TIMING] task_id=99449df6-f948-4a0a-8d73-a313b1438cac func=job_orchestration.executor.compress.spider_compress.compress submit_output_start=215046501 submit_output_end=215046517 submit_output_duration_ms=15
[2026-01-30 15:10:04.319] [info] [spider.worker] [TIMING] task_id=0d120360-f1b2-4ad0-9716-2d0c406d292f func=job_orchestration.executor.compress.spider_compress.compress fetch_input_start=215046526 fetch_input_end=215046527 fetch_input_duration_ms=0
[2026-01-30 15:10:15.484] [info] [spider.worker] [TIMING] task_id=0d120360-f1b2-4ad0-9716-2d0c406d292f func=job_orchestration.executor.compress.spider_compress.compress execution_start=215046528 execution_end=215057693 execution_duration_ms=11164
[2026-01-30 15:10:15.525] [info] [spider.worker] [TIMING] task_id=0d120360-f1b2-4ad0-9716-2d0c406d292f func=job_orchestration.executor.compress.spider_compress.compress submit_output_start=215057695 submit_output_end=215057733 submit_output_duration_ms=37
[2026-01-30 15:10:15.543] [info] [spider.worker] [TIMING] task_id=80245a53-60f5-49c5-9afe-7589f3247727 func=job_orchestration.executor.compress.spider_compress.compress fetch_input_start=215057751 fetch_input_end=215057751 fetch_input_duration_ms=0
[2026-01-30 15:11:01.222] [info] [spider.worker] [TIMING] task_id=80245a53-60f5-49c5-9afe-7589f3247727 func=job_orchestration.executor.compress.spider_compress.compress execution_start=215057752 execution_end=215103430 execution_duration_ms=45677
[2026-01-30 15:11:01.229] [info] [spider.worker] [TIMING] task_id=80245a53-60f5-49c5-9afe-7589f3247727 func=job_orchestration.executor.compress.spider_compress.compress submit_output_start=215103431 submit_output_end=215103438 submit_output_duration_ms=6
[2026-01-30 15:11:01.239] [info] [spider.worker] [TIMING] task_id=268461ba-a03c-4deb-83a4-185381d1dbe7 func=job_orchestration.executor.compress.spider_compress.compress fetch_input_start=215103447 fetch_input_end=215103448 fetch_input_duration_ms=0
[2026-01-30 15:11:11.736] [info] [spider.worker] [TIMING] task_id=268461ba-a03c-4deb-83a4-185381d1dbe7 func=job_orchestration.executor.compress.spider_compress.compress execution_start=215103448 execution_end=215113944 execution_duration_ms=10495
[2026-01-30 15:11:11.753] [info] [spider.worker] [TIMING] task_id=268461ba-a03c-4deb-83a4-185381d1dbe7 func=job_orchestration.executor.compress.spider_compress.compress submit_output_start=215113946 submit_output_end=215113962 submit_output_duration_ms=15
[2026-01-30 15:11:11.791] [info] [spider.worker] [TIMING] task_id=e835531e-b2bc-486d-b3e8-33ea2f15bca6 func=job_orchestration.executor.compress.spider_compress.compress fetch_input_start=215113998 fetch_input_end=215113999 fetch_input_duration_ms=0
[2026-01-30 15:11:22.803] [info] [spider.worker] [TIMING] task_id=e835531e-b2bc-486d-b3e8-33ea2f15bca6 func=job_orchestration.executor.compress.spider_compress.compress execution_start=215114000 execution_end=215125012 execution_duration_ms=11011
[2026-01-30 15:11:22.819] [info] [spider.worker] [TIMING] task_id=e835531e-b2bc-486d-b3e8-33ea2f15bca6 func=job_orchestration.executor.compress.spider_compress.compress submit_output_start=215125014 submit_output_end=215125028 submit_output_duration_ms=13
[2026-01-30 15:11:22.839] [info] [spider.worker] [TIMING] task_id=319b3408-8611-4bf7-b40d-1fcd1d05b8e4 func=job_orchestration.executor.compress.spider_compress.compress fetch_input_start=215125046 fetch_input_end=215125047 fetch_input_duration_ms=1
[2026-01-30 15:12:04.445] [info] [spider.worker] [TIMING] task_id=319b3408-8611-4bf7-b40d-1fcd1d05b8e4 func=job_orchestration.executor.compress.spider_compress.compress execution_start=215125048 execution_end=215166653 execution_duration_ms=41604
[2026-01-30 15:12:04.458] [info] [spider.worker] [TIMING] task_id=319b3408-8611-4bf7-b40d-1fcd1d05b8e4 func=job_orchestration.executor.compress.spider_compress.compress submit_output_start=215166655 submit_output_end=215166666 submit_output_duration_ms=10
[2026-01-30 15:12:04.501] [info] [spider.worker] [TIMING] task_id=feb5ad0e-095c-41cb-be77-2b741fb02b8b func=job_orchestration.executor.compress.spider_compress.compress fetch_input_start=215166708 fetch_input_end=215166709 fetch_input_duration_ms=0
[2026-01-30 15:12:15.302] [info] [spider.worker] [TIMING] task_id=feb5ad0e-095c-41cb-be77-2b741fb02b8b func=job_orchestration.executor.compress.spider_compress.compress execution_start=215166710 execution_end=215177511 execution_duration_ms=10800
[2026-01-30 15:12:15.315] [info] [spider.worker] [TIMING] task_id=feb5ad0e-095c-41cb-be77-2b741fb02b8b func=job_orchestration.executor.compress.spider_compress.compress submit_output_start=215177513 submit_output_end=215177524 submit_output_duration_ms=10
[2026-01-30 15:17:10.214] [info] [spider.worker] [TIMING] task_id=9ed8aea9-8bda-4ad6-8d32-582fe86015bf func=job_orchestration.executor.query.spider_search_task.search_without_channel fetch_input_start=215472421 fetch_input_end=215472422 fetch_input_duration_ms=1
[2026-01-30 15:17:11.409] [info] [spider.worker] [TIMING] task_id=9ed8aea9-8bda-4ad6-8d32-582fe86015bf func=job_orchestration.executor.query.spider_search_task.search_without_channel execution_start=215472425 execution_end=215473618 execution_duration_ms=1193
[2026-01-30 15:17:11.511] [info] [spider.worker] [TIMING] task_id=9ed8aea9-8bda-4ad6-8d32-582fe86015bf func=job_orchestration.executor.query.spider_search_task.search_without_channel submit_output_start=215473620 submit_output_end=215473720 submit_output_duration_ms=99
[2026-01-30 15:17:11.581] [info] [spider.worker] [TIMING] task_id=5381d159-0127-4dcc-9a55-da700b6b13f3 func=job_orchestration.executor.query.spider_search_task.search_without_channel fetch_input_start=215473788 fetch_input_end=215473789 fetch_input_duration_ms=0
[2026-01-30 15:17:12.733] [info] [spider.worker] [TIMING] task_id=5381d159-0127-4dcc-9a55-da700b6b13f3 func=job_orchestration.executor.query.spider_search_task.search_without_channel execution_start=215473790 execution_end=215474942 execution_duration_ms=1152
[2026-01-30 15:17:12.789] [info] [spider.worker] [TIMING] task_id=5381d159-0127-4dcc-9a55-da700b6b13f3 func=job_orchestration.executor.query.spider_search_task.search_without_channel submit_output_start=215474944 submit_output_end=215474997 submit_output_duration_ms=53
[2026-01-30 15:17:12.875] [info] [spider.worker] [TIMING] task_id=de781461-17d1-4812-999c-76434a71ea19 func=job_orchestration.executor.query.spider_search_task.search_without_channel fetch_input_start=215475082 fetch_input_end=215475084 fetch_input_duration_ms=1
[2026-01-30 15:17:14.145] [info] [spider.worker] [TIMING] task_id=de781461-17d1-4812-999c-76434a71ea19 func=job_orchestration.executor.query.spider_search_task.search_without_channel execution_start=215475084 execution_end=215476354 execution_duration_ms=1269
[2026-01-30 15:17:14.183] [info] [spider.worker] [TIMING] task_id=de781461-17d1-4812-999c-76434a71ea19 func=job_orchestration.executor.query.spider_search_task.search_without_channel submit_output_start=215476355 submit_output_end=215476391 submit_output_duration_ms=36
[2026-01-30 15:17:14.202] [info] [spider.worker] [TIMING] task_id=6ebc430d-e31e-443c-9f39-a05898895d52 func=job_orchestration.executor.query.spider_search_task.search_without_channel fetch_input_start=215476409 fetch_input_end=215476410 fetch_input_duration_ms=0
[2026-01-30 15:17:15.437] [info] [spider.worker] [TIMING] task_id=6ebc430d-e31e-443c-9f39-a05898895d52 func=job_orchestration.executor.query.spider_search_task.search_without_channel execution_start=215476411 execution_end=215477645 execution_duration_ms=1234
[2026-01-30 15:17:15.470] [info] [spider.worker] [TIMING] task_id=6ebc430d-e31e-443c-9f39-a05898895d52 func=job_orchestration.executor.query.spider_search_task.search_without_channel submit_output_start=215477647 submit_output_end=215477678 submit_output_duration_ms=30
[2026-01-30 15:17:15.539] [info] [spider.worker] [TIMING] task_id=aa4e4a57-be79-4a37-9d0d-eaaddf1ae8b6 func=job_orchestration.executor.query.spider_search_task.search_without_channel fetch_input_start=215477746 fetch_input_end=215477747 fetch_input_duration_ms=0
[2026-01-30 15:17:16.799] [info] [spider.worker] [TIMING] task_id=aa4e4a57-be79-4a37-9d0d-eaaddf1ae8b6 func=job_orchestration.executor.query.spider_search_task.search_without_channel execution_start=215477748 execution_end=215479007 execution_duration_ms=1259
[2026-01-30 15:17:16.874] [info] [spider.worker] [TIMING] task_id=aa4e4a57-be79-4a37-9d0d-eaaddf1ae8b6 func=job_orchestration.executor.query.spider_search_task.search_without_channel submit_output_start=215479024 submit_output_end=215479082 submit_output_duration_ms=58
[2026-01-30 15:17:16.993] [info] [spider.worker] [TIMING] task_id=4d4c8778-c7fd-4776-9007-565bbaa118c3 func=job_orchestration.executor.query.spider_search_task.search_without_channel fetch_input_start=215479200 fetch_input_end=215479201 fetch_input_duration_ms=0
[2026-01-30 15:17:18.112] [info] [spider.worker] [TIMING] task_id=4d4c8778-c7fd-4776-9007-565bbaa118c3 func=job_orchestration.executor.query.spider_search_task.search_without_channel execution_start=215479202 execution_end=215480320 execution_duration_ms=1118
[2026-01-30 15:17:18.125] [info] [spider.worker] [TIMING] task_id=4d4c8778-c7fd-4776-9007-565bbaa118c3 func=job_orchestration.executor.query.spider_search_task.search_without_channel submit_output_start=215480322 submit_output_end=215480333 submit_output_duration_ms=11
[2026-01-30 15:17:18.144] [info] [spider.worker] [TIMING] task_id=2c86f09c-f8ea-4e59-8bf7-29f799052bd5 func=job_orchestration.executor.query.spider_search_task.search_without_channel fetch_input_start=215480352 fetch_input_end=215480353 fetch_input_duration_ms=1
[2026-01-30 15:17:19.439] [info] [spider.worker] [TIMING] task_id=2c86f09c-f8ea-4e59-8bf7-29f799052bd5 func=job_orchestration.executor.query.spider_search_task.search_without_channel execution_start=215480353 execution_end=215481647 execution_duration_ms=1293
[2026-01-30 15:17:19.504] [info] [spider.worker] [TIMING] task_id=2c86f09c-f8ea-4e59-8bf7-29f799052bd5 func=job_orchestration.executor.query.spider_search_task.search_without_channel submit_output_start=215481649 submit_output_end=215481712 submit_output_duration_ms=63
[2026-01-30 15:17:19.528] [info] [spider.worker] [TIMING] task_id=2dde7b49-e069-48e3-a6ec-d3bae069ccad func=job_orchestration.executor.query.spider_search_task.search_without_channel fetch_input_start=215481735 fetch_input_end=215481736 fetch_input_duration_ms=0
[2026-01-30 15:17:20.791] [info] [spider.worker] [TIMING] task_id=2dde7b49-e069-48e3-a6ec-d3bae069ccad func=job_orchestration.executor.query.spider_search_task.search_without_channel execution_start=215481737 execution_end=215482999 execution_duration_ms=1262
[2026-01-30 15:17:20.809] [info] [spider.worker] [TIMING] task_id=2dde7b49-e069-48e3-a6ec-d3bae069ccad func=job_orchestration.executor.query.spider_search_task.search_without_channel submit_output_start=215483001 submit_output_end=215483017 submit_output_duration_ms=16
[2026-01-30 15:17:20.828] [info] [spider.worker] [TIMING] task_id=eab2c285-f312-404e-b939-0506ac2e47bb func=job_orchestration.executor.query.spider_search_task.search_without_channel fetch_input_start=215483035 fetch_input_end=215483036 fetch_input_duration_ms=0
[2026-01-30 15:17:22.052] [info] [spider.worker] [TIMING] task_id=eab2c285-f312-404e-b939-0506ac2e47bb func=job_orchestration.executor.query.spider_search_task.search_without_channel execution_start=215483037 execution_end=215484260 execution_duration_ms=1223
[2026-01-30 15:17:22.067] [info] [spider.worker] [TIMING] task_id=eab2c285-f312-404e-b939-0506ac2e47bb func=job_orchestration.executor.query.spider_search_task.search_without_channel submit_output_start=215484262 submit_output_end=215484276 submit_output_duration_ms=13
[2026-01-30 15:17:22.112] [info] [spider.worker] [TIMING] task_id=adf2cddb-cd56-465e-bfc6-17e8ee6e3ac1 func=job_orchestration.executor.query.spider_search_task.search_without_channel fetch_input_start=215484319 fetch_input_end=215484320 fetch_input_duration_ms=1
[2026-01-30 15:17:23.335] [info] [spider.worker] [TIMING] task_id=adf2cddb-cd56-465e-bfc6-17e8ee6e3ac1 func=job_orchestration.executor.query.spider_search_task.search_without_channel execution_start=215484321 execution_end=215485544 execution_duration_ms=1223
[2026-01-30 15:17:23.351] [info] [spider.worker] [TIMING] task_id=adf2cddb-cd56-465e-bfc6-17e8ee6e3ac1 func=job_orchestration.executor.query.spider_search_task.search_without_channel submit_output_start=215485545 submit_output_end=215485559 submit_output_duration_ms=13
[2026-01-30 15:17:23.459] [info] [spider.worker] [TIMING] task_id=8f25bc73-d88f-4929-8a88-96d1aad3d2b2 func=job_orchestration.executor.query.spider_search_task.search_without_channel fetch_input_start=215485666 fetch_input_end=215485668 fetch_input_duration_ms=1
[2026-01-30 15:17:24.693] [info] [spider.worker] [TIMING] task_id=8f25bc73-d88f-4929-8a88-96d1aad3d2b2 func=job_orchestration.executor.query.spider_search_task.search_without_channel execution_start=215485668 execution_end=215486902 execution_duration_ms=1233
[2026-01-30 15:17:24.711] [info] [spider.worker] [TIMING] task_id=8f25bc73-d88f-4929-8a88-96d1aad3d2b2 func=job_orchestration.executor.query.spider_search_task.search_without_channel submit_output_start=215486904 submit_output_end=215486920 submit_output_duration_ms=15
[2026-01-30 15:17:24.730] [info] [spider.worker] [TIMING] task_id=e6edf76b-6c16-44e3-a5be-e58c0321a5df func=job_orchestration.executor.query.spider_search_task.search_without_channel fetch_input_start=215486938 fetch_input_end=215486938 fetch_input_duration_ms=0
[2026-01-30 15:17:26.143] [info] [spider.worker] [TIMING] task_id=e6edf76b-6c16-44e3-a5be-e58c0321a5df func=job_orchestration.executor.query.spider_search_task.search_without_channel execution_start=215486939 execution_end=215488351 execution_duration_ms=1412
[2026-01-30 15:17:26.245] [info] [spider.worker] [TIMING] task_id=e6edf76b-6c16-44e3-a5be-e58c0321a5df func=job_orchestration.executor.query.spider_search_task.search_without_channel submit_output_start=215488355 submit_output_end=215488453 submit_output_duration_ms=98
[2026-01-30 15:17:26.297] [info] [spider.worker] [TIMING] task_id=eaa3665c-5d2d-425b-8abd-d8da0ed4e17f func=job_orchestration.executor.query.spider_search_task.search_without_channel fetch_input_start=215488504 fetch_input_end=215488505 fetch_input_duration_ms=1
[2026-01-30 15:17:27.492] [info] [spider.worker] [TIMING] task_id=eaa3665c-5d2d-425b-8abd-d8da0ed4e17f func=job_orchestration.executor.query.spider_search_task.search_without_channel execution_start=215488506 execution_end=215489700 execution_duration_ms=1194
[2026-01-30 15:17:27.520] [info] [spider.worker] [TIMING] task_id=eaa3665c-5d2d-425b-8abd-d8da0ed4e17f func=job_orchestration.executor.query.spider_search_task.search_without_channel submit_output_start=215489709 submit_output_end=215489728 submit_output_duration_ms=19
[2026-01-30 15:17:27.539] [info] [spider.worker] [TIMING] task_id=a776d9c9-d70a-450b-851f-09a18b3e4b93 func=job_orchestration.executor.query.spider_search_task.search_without_channel fetch_input_start=215489747 fetch_input_end=215489748 fetch_input_duration_ms=0
[2026-01-30 15:17:28.800] [info] [spider.worker] [TIMING] task_id=a776d9c9-d70a-450b-851f-09a18b3e4b93 func=job_orchestration.executor.query.spider_search_task.search_without_channel execution_start=215489749 execution_end=215491008 execution_duration_ms=1259
[2026-01-30 15:17:28.829] [info] [spider.worker] [TIMING] task_id=a776d9c9-d70a-450b-851f-09a18b3e4b93 func=job_orchestration.executor.query.spider_search_task.search_without_channel submit_output_start=215491010 submit_output_end=215491037 submit_output_duration_ms=27
[2026-01-30 15:17:28.864] [info] [spider.worker] [TIMING] task_id=3b172607-6ea6-4995-970c-87c4ad5f627d func=job_orchestration.executor.query.spider_search_task.search_without_channel fetch_input_start=215491071 fetch_input_end=215491072 fetch_input_duration_ms=0
[2026-01-30 15:17:30.019] [info] [spider.worker] [TIMING] task_id=3b172607-6ea6-4995-970c-87c4ad5f627d func=job_orchestration.executor.query.spider_search_task.search_without_channel execution_start=215491073 execution_end=215492227 execution_duration_ms=1154
[2026-01-30 15:17:30.045] [info] [spider.worker] [TIMING] task_id=3b172607-6ea6-4995-970c-87c4ad5f627d func=job_orchestration.executor.query.spider_search_task.search_without_channel submit_output_start=215492229 submit_output_end=215492254 submit_output_duration_ms=25
[2026-01-30 15:17:30.090] [info] [spider.worker] [TIMING] task_id=63cc9cb1-04fb-4294-b9c5-e5c1e3464b21 func=job_orchestration.executor.query.spider_search_task.search_without_channel fetch_input_start=215492297 fetch_input_end=215492298 fetch_input_duration_ms=1
[2026-01-30 15:17:31.335] [info] [spider.worker] [TIMING] task_id=63cc9cb1-04fb-4294-b9c5-e5c1e3464b21 func=job_orchestration.executor.query.spider_search_task.search_without_channel execution_start=215492299 execution_end=215493543 execution_duration_ms=1243
[2026-01-30 15:17:31.385] [info] [spider.worker] [TIMING] task_id=63cc9cb1-04fb-4294-b9c5-e5c1e3464b21 func=job_orchestration.executor.query.spider_search_task.search_without_channel submit_output_start=215493552 submit_output_end=215493593 submit_output_duration_ms=41
[2026-01-30 15:17:31.406] [info] [spider.worker] [TIMING] task_id=a63380c9-862c-4414-a40e-872368b3bf98 func=job_orchestration.executor.query.spider_search_task.search_without_channel fetch_input_start=215493614 fetch_input_end=215493615 fetch_input_duration_ms=1
[2026-01-30 15:17:32.536] [info] [spider.worker] [TIMING] task_id=a63380c9-862c-4414-a40e-872368b3bf98 func=job_orchestration.executor.query.spider_search_task.search_without_channel execution_start=215493616 execution_end=215494744 execution_duration_ms=1128
[2026-01-30 15:17:32.545] [info] [spider.worker] [TIMING] task_id=a63380c9-862c-4414-a40e-872368b3bf98 func=job_orchestration.executor.query.spider_search_task.search_without_channel submit_output_start=215494746 submit_output_end=215494754 submit_output_duration_ms=8
[2026-01-30 15:17:32.600] [info] [spider.worker] [TIMING] task_id=b9f36eb9-b61a-4dd3-9ce9-967e875df36f func=job_orchestration.executor.query.spider_search_task.search_without_channel fetch_input_start=215494807 fetch_input_end=215494808 fetch_input_duration_ms=1
[2026-01-30 15:17:33.702] [info] [spider.worker] [TIMING] task_id=b9f36eb9-b61a-4dd3-9ce9-967e875df36f func=job_orchestration.executor.query.spider_search_task.search_without_channel execution_start=215494809 execution_end=215495910 execution_duration_ms=1100
[2026-01-30 15:17:33.729] [info] [spider.worker] [TIMING] task_id=b9f36eb9-b61a-4dd3-9ce9-967e875df36f func=job_orchestration.executor.query.spider_search_task.search_without_channel submit_output_start=215495912 submit_output_end=215495938 submit_output_duration_ms=25
[2026-01-30 15:17:33.749] [info] [spider.worker] [TIMING] task_id=79318ba5-3707-4146-828f-de3d589d7031 func=job_orchestration.executor.query.spider_search_task.search_without_channel fetch_input_start=215495956 fetch_input_end=215495957 fetch_input_duration_ms=0
[2026-01-30 15:17:34.860] [info] [spider.worker] [TIMING] task_id=79318ba5-3707-4146-828f-de3d589d7031 func=job_orchestration.executor.query.spider_search_task.search_without_channel execution_start=215495958 execution_end=215497068 execution_duration_ms=1110
[2026-01-30 15:17:34.921] [info] [spider.worker] [TIMING] task_id=79318ba5-3707-4146-828f-de3d589d7031 func=job_orchestration.executor.query.spider_search_task.search_without_channel submit_output_start=215497070 submit_output_end=215497129 submit_output_duration_ms=59
[2026-01-30 15:17:34.932] [info] [spider.worker] [TIMING] task_id=17a0a08e-79c6-49b9-8341-d14c80a5de10 func=job_orchestration.executor.query.spider_search_task.search_without_channel fetch_input_start=215497139 fetch_input_end=215497140 fetch_input_duration_ms=1
[2026-01-30 15:17:36.136] [info] [spider.worker] [TIMING] task_id=17a0a08e-79c6-49b9-8341-d14c80a5de10 func=job_orchestration.executor.query.spider_search_task.search_without_channel execution_start=215497141 execution_end=215498345 execution_duration_ms=1203
[2026-01-30 15:17:36.146] [info] [spider.worker] [TIMING] task_id=17a0a08e-79c6-49b9-8341-d14c80a5de10 func=job_orchestration.executor.query.spider_search_task.search_without_channel submit_output_start=215498346 submit_output_end=215498354 submit_output_duration_ms=7
[2026-01-30 15:17:36.244] [info] [spider.worker] [TIMING] task_id=0a42c4ab-50d5-47bb-907d-985591cc57b3 func=job_orchestration.executor.query.spider_search_task.search_without_channel fetch_input_start=215498451 fetch_input_end=215498452 fetch_input_duration_ms=1
[2026-01-30 15:17:37.655] [info] [spider.worker] [TIMING] task_id=0a42c4ab-50d5-47bb-907d-985591cc57b3 func=job_orchestration.executor.query.spider_search_task.search_without_channel execution_start=215498453 execution_end=215499864 execution_duration_ms=1410
[2026-01-30 15:17:37.671] [info] [spider.worker] [TIMING] task_id=0a42c4ab-50d5-47bb-907d-985591cc57b3 func=job_orchestration.executor.query.spider_search_task.search_without_channel submit_output_start=215499866 submit_output_end=215499880 submit_output_duration_ms=13
[2026-01-30 15:17:37.682] [info] [spider.worker] [TIMING] task_id=03961adf-836f-4466-afcf-53657965209f func=job_orchestration.executor.query.spider_search_task.search_without_channel fetch_input_start=215499889 fetch_input_end=215499890 fetch_input_duration_ms=0
[2026-01-30 15:17:38.886] [info] [spider.worker] [TIMING] task_id=03961adf-836f-4466-afcf-53657965209f func=job_orchestration.executor.query.spider_search_task.search_without_channel execution_start=215499891 execution_end=215501094 execution_duration_ms=1203
[2026-01-30 15:17:38.913] [info] [spider.worker] [TIMING] task_id=03961adf-836f-4466-afcf-53657965209f func=job_orchestration.executor.query.spider_search_task.search_without_channel submit_output_start=215501096 submit_output_end=215501122 submit_output_duration_ms=25
[2026-01-30 15:17:38.942] [info] [spider.worker] [TIMING] task_id=65911278-899b-4af5-adc0-eb83a6a5a667 func=job_orchestration.executor.query.spider_search_task.search_without_channel fetch_input_start=215501149 fetch_input_end=215501151 fetch_input_duration_ms=1
[2026-01-30 15:17:40.258] [info] [spider.worker] [TIMING] task_id=65911278-899b-4af5-adc0-eb83a6a5a667 func=job_orchestration.executor.query.spider_search_task.search_without_channel execution_start=215501151 execution_end=215502466 execution_duration_ms=1314
[2026-01-30 15:17:40.360] [info] [spider.worker] [TIMING] task_id=65911278-899b-4af5-adc0-eb83a6a5a667 func=job_orchestration.executor.query.spider_search_task.search_without_channel submit_output_start=215502467 submit_output_end=215502568 submit_output_duration_ms=100
[2026-01-30 15:17:40.383] [info] [spider.worker] [TIMING] task_id=5374dce6-8006-4a95-8098-867ad1133969 func=job_orchestration.executor.query.spider_search_task.search_without_channel fetch_input_start=215502590 fetch_input_end=215502591 fetch_input_duration_ms=1
[2026-01-30 15:17:41.707] [info] [spider.worker] [TIMING] task_id=5374dce6-8006-4a95-8098-867ad1133969 func=job_orchestration.executor.query.spider_search_task.search_without_channel execution_start=215502592 execution_end=215503916 execution_duration_ms=1323
[2026-01-30 15:17:41.722] [info] [spider.worker] [TIMING] task_id=5374dce6-8006-4a95-8098-867ad1133969 func=job_orchestration.executor.query.spider_search_task.search_without_channel submit_output_start=215503917 submit_output_end=215503930 submit_output_duration_ms=12
[2026-01-30 15:17:41.758] [info] [spider.worker] [TIMING] task_id=a1ce8920-8134-464b-ba87-979a6cb3c21b func=job_orchestration.executor.query.spider_search_task.search_without_channel fetch_input_start=215503966 fetch_input_end=215503966 fetch_input_duration_ms=0
[2026-01-30 15:17:42.860] [info] [spider.worker] [TIMING] task_id=a1ce8920-8134-464b-ba87-979a6cb3c21b func=job_orchestration.executor.query.spider_search_task.search_without_channel execution_start=215503967 execution_end=215505068 execution_duration_ms=1100
[2026-01-30 15:17:42.908] [info] [spider.worker] [TIMING] task_id=a1ce8920-8134-464b-ba87-979a6cb3c21b func=job_orchestration.executor.query.spider_search_task.search_without_channel submit_output_start=215505070 submit_output_end=215505117 submit_output_duration_ms=46
[2026-01-30 15:17:42.925] [info] [spider.worker] [TIMING] task_id=274dda34-11f5-45ef-92be-a13b8e5c786c func=job_orchestration.executor.query.spider_search_task.search_without_channel fetch_input_start=215505132 fetch_input_end=215505134 fetch_input_duration_ms=1
[2026-01-30 15:17:44.035] [info] [spider.worker] [TIMING] task_id=274dda34-11f5-45ef-92be-a13b8e5c786c func=job_orchestration.executor.query.spider_search_task.search_without_channel execution_start=215505134 execution_end=215506244 execution_duration_ms=1109
[2026-01-30 15:17:44.077] [info] [spider.worker] [TIMING] task_id=274dda34-11f5-45ef-92be-a13b8e5c786c func=job_orchestration.executor.query.spider_search_task.search_without_channel submit_output_start=215506245 submit_output_end=215506286 submit_output_duration_ms=40
[2026-01-30 15:17:44.100] [info] [spider.worker] [TIMING] task_id=bad64fa4-1fa4-4947-9564-d29a7f003779 func=job_orchestration.executor.query.spider_search_task.search_without_channel fetch_input_start=215506307 fetch_input_end=215506308 fetch_input_duration_ms=0
[2026-01-30 15:17:45.231] [info] [spider.worker] [TIMING] task_id=bad64fa4-1fa4-4947-9564-d29a7f003779 func=job_orchestration.executor.query.spider_search_task.search_without_channel execution_start=215506309 execution_end=215507439 execution_duration_ms=1130
[2026-01-30 15:17:45.247] [info] [spider.worker] [TIMING] task_id=bad64fa4-1fa4-4947-9564-d29a7f003779 func=job_orchestration.executor.query.spider_search_task.search_without_channel submit_output_start=215507441 submit_output_end=215507456 submit_output_duration_ms=14
[2026-01-30 15:17:45.258] [info] [spider.worker] [TIMING] task_id=f2d9b6dc-3a36-43ab-b696-771bc365656e func=job_orchestration.executor.query.spider_search_task.search_without_channel fetch_input_start=215507465 fetch_input_end=215507466 fetch_input_duration_ms=0
[2026-01-30 15:17:46.566] [info] [spider.worker] [TIMING] task_id=f2d9b6dc-3a36-43ab-b696-771bc365656e func=job_orchestration.executor.query.spider_search_task.search_without_channel execution_start=215507467 execution_end=215508775 execution_duration_ms=1307
[2026-01-30 15:17:46.589] [info] [spider.worker] [TIMING] task_id=f2d9b6dc-3a36-43ab-b696-771bc365656e func=job_orchestration.executor.query.spider_search_task.search_without_channel submit_output_start=215508777 submit_output_end=215508797 submit_output_duration_ms=20
[2026-01-30 15:17:46.600] [info] [spider.worker] [TIMING] task_id=5c55ac62-41e8-4599-8010-6fb62099083c func=job_orchestration.executor.query.spider_search_task.search_without_channel fetch_input_start=215508807 fetch_input_end=215508808 fetch_input_duration_ms=1
[2026-01-30 15:17:47.766] [info] [spider.worker] [TIMING] task_id=5c55ac62-41e8-4599-8010-6fb62099083c func=job_orchestration.executor.query.spider_search_task.search_without_channel execution_start=215508809 execution_end=215509975 execution_duration_ms=1165
[2026-01-30 15:17:47.772] [info] [spider.worker] [TIMING] task_id=5c55ac62-41e8-4599-8010-6fb62099083c func=job_orchestration.executor.query.spider_search_task.search_without_channel submit_output_start=215509976 submit_output_end=215509981 submit_output_duration_ms=4
[2026-01-30 15:17:47.783] [info] [spider.worker] [TIMING] task_id=e75889a6-8e11-4f69-9abc-1488b0525300 func=job_orchestration.executor.query.spider_search_task.search_without_channel fetch_input_start=215509991 fetch_input_end=215509992 fetch_input_duration_ms=1
[2026-01-30 15:17:48.985] [info] [spider.worker] [TIMING] task_id=e75889a6-8e11-4f69-9abc-1488b0525300 func=job_orchestration.executor.query.spider_search_task.search_without_channel execution_start=215509992 execution_end=215511193 execution_duration_ms=1201
[2026-01-30 15:17:49.015] [info] [spider.worker] [TIMING] task_id=e75889a6-8e11-4f69-9abc-1488b0525300 func=job_orchestration.executor.query.spider_search_task.search_without_channel submit_output_start=215511208 submit_output_end=215511223 submit_output_duration_ms=15
[2026-01-30 15:17:49.060] [info] [spider.worker] [TIMING] task_id=cc123463-9a3a-4ad2-8454-b76ffd2724c0 func=job_orchestration.executor.query.spider_search_task.search_without_channel fetch_input_start=215511267 fetch_input_end=215511268 fetch_input_duration_ms=1
[2026-01-30 15:17:50.265] [info] [spider.worker] [TIMING] task_id=cc123463-9a3a-4ad2-8454-b76ffd2724c0 func=job_orchestration.executor.query.spider_search_task.search_without_channel execution_start=215511269 execution_end=215512473 execution_duration_ms=1204
[2026-01-30 15:17:50.273] [info] [spider.worker] [TIMING] task_id=cc123463-9a3a-4ad2-8454-b76ffd2724c0 func=job_orchestration.executor.query.spider_search_task.search_without_channel submit_output_start=215512475 submit_output_end=215512481 submit_output_duration_ms=6
[2026-01-30 15:17:50.293] [info] [spider.worker] [TIMING] task_id=708aec78-cb00-4dae-815a-3f900d401d5e func=job_orchestration.executor.query.spider_search_task.search_without_channel fetch_input_start=215512500 fetch_input_end=215512501 fetch_input_duration_ms=1
[2026-01-30 15:17:51.393] [info] [spider.worker] [TIMING] task_id=708aec78-cb00-4dae-815a-3f900d401d5e func=job_orchestration.executor.query.spider_search_task.search_without_channel execution_start=215512502 execution_end=215513602 execution_duration_ms=1099
[2026-01-30 15:17:51.407] [info] [spider.worker] [TIMING] task_id=708aec78-cb00-4dae-815a-3f900d401d5e func=job_orchestration.executor.query.spider_search_task.search_without_channel submit_output_start=215513603 submit_output_end=215513615 submit_output_duration_ms=11
[2026-01-30 15:17:51.426] [info] [spider.worker] [TIMING] task_id=1afeeb6c-ad07-4c36-9ed0-556b72a7f2e9 func=job_orchestration.executor.query.spider_search_task.search_without_channel fetch_input_start=215513633 fetch_input_end=215513634 fetch_input_duration_ms=0
[2026-01-30 15:17:52.552] [info] [spider.worker] [TIMING] task_id=1afeeb6c-ad07-4c36-9ed0-556b72a7f2e9 func=job_orchestration.executor.query.spider_search_task.search_without_channel execution_start=215513635 execution_end=215514760 execution_duration_ms=1124
[2026-01-30 15:17:52.582] [info] [spider.worker] [TIMING] task_id=1afeeb6c-ad07-4c36-9ed0-556b72a7f2e9 func=job_orchestration.executor.query.spider_search_task.search_without_channel submit_output_start=215514761 submit_output_end=215514790 submit_output_duration_ms=28
[2026-01-30 15:17:52.592] [info] [spider.worker] [TIMING] task_id=1827e5f0-5ad6-4848-826f-be4737891ede func=job_orchestration.executor.query.spider_search_task.search_without_channel fetch_input_start=215514800 fetch_input_end=215514801 fetch_input_duration_ms=0
[2026-01-30 15:17:53.903] [info] [spider.worker] [TIMING] task_id=1827e5f0-5ad6-4848-826f-be4737891ede func=job_orchestration.executor.query.spider_search_task.search_without_channel execution_start=215514802 execution_end=215516111 execution_duration_ms=1309
[2026-01-30 15:17:53.916] [info] [spider.worker] [TIMING] task_id=1827e5f0-5ad6-4848-826f-be4737891ede func=job_orchestration.executor.query.spider_search_task.search_without_channel submit_output_start=215516114 submit_output_end=215516124 submit_output_duration_ms=10
[2026-01-30 15:17:53.926] [info] [spider.worker] [TIMING] task_id=5242db6c-0f25-46b8-86a2-6c6e8134cf3c func=job_orchestration.executor.query.spider_search_task.search_without_channel fetch_input_start=215516134 fetch_input_end=215516135 fetch_input_duration_ms=1
[2026-01-30 15:17:55.160] [info] [spider.worker] [TIMING] task_id=5242db6c-0f25-46b8-86a2-6c6e8134cf3c func=job_orchestration.executor.query.spider_search_task.search_without_channel execution_start=215516135 execution_end=215517368 execution_duration_ms=1232
[2026-01-30 15:17:55.197] [info] [spider.worker] [TIMING] task_id=5242db6c-0f25-46b8-86a2-6c6e8134cf3c func=job_orchestration.executor.query.spider_search_task.search_without_channel submit_output_start=215517370 submit_output_end=215517405 submit_output_duration_ms=35
[2026-01-30 15:17:55.219] [info] [spider.worker] [TIMING] task_id=1bdd20a2-68c7-469c-9393-29a3da62eca2 func=job_orchestration.executor.query.spider_search_task.search_without_channel fetch_input_start=215517426 fetch_input_end=215517427 fetch_input_duration_ms=1
[2026-01-30 15:17:56.442] [info] [spider.worker] [TIMING] task_id=1bdd20a2-68c7-469c-9393-29a3da62eca2 func=job_orchestration.executor.query.spider_search_task.search_without_channel execution_start=215517428 execution_end=215518651 execution_duration_ms=1222
[2026-01-30 15:17:56.458] [info] [spider.worker] [TIMING] task_id=1bdd20a2-68c7-469c-9393-29a3da62eca2 func=job_orchestration.executor.query.spider_search_task.search_without_channel submit_output_start=215518652 submit_output_end=215518666 submit_output_duration_ms=13
[2026-01-30 15:17:56.468] [info] [spider.worker] [TIMING] task_id=7de6f921-0db3-4687-aa6b-7101c962f80e func=job_orchestration.executor.query.spider_search_task.search_without_channel fetch_input_start=215518676 fetch_input_end=215518676 fetch_input_duration_ms=0
[2026-01-30 15:17:57.581] [info] [spider.worker] [TIMING] task_id=7de6f921-0db3-4687-aa6b-7101c962f80e func=job_orchestration.executor.query.spider_search_task.search_without_channel execution_start=215518677 execution_end=215519789 execution_duration_ms=1112
[2026-01-30 15:17:57.616] [info] [spider.worker] [TIMING] task_id=7de6f921-0db3-4687-aa6b-7101c962f80e func=job_orchestration.executor.query.spider_search_task.search_without_channel submit_output_start=215519802 submit_output_end=215519824 submit_output_duration_ms=22
[2026-01-30 15:17:57.644] [info] [spider.worker] [TIMING] task_id=c1dde620-b3f7-4fd5-a6b2-dce4730a302a func=job_orchestration.executor.query.spider_search_task.search_without_channel fetch_input_start=215519851 fetch_input_end=215519852 fetch_input_duration_ms=1
[2026-01-30 15:17:58.835] [info] [spider.worker] [TIMING] task_id=c1dde620-b3f7-4fd5-a6b2-dce4730a302a func=job_orchestration.executor.query.spider_search_task.search_without_channel execution_start=215519853 execution_end=215521043 execution_duration_ms=1189
[2026-01-30 15:17:58.872] [info] [spider.worker] [TIMING] task_id=c1dde620-b3f7-4fd5-a6b2-dce4730a302a func=job_orchestration.executor.query.spider_search_task.search_without_channel submit_output_start=215521044 submit_output_end=215521081 submit_output_duration_ms=36
[2026-01-30 15:17:58.936] [info] [spider.worker] [TIMING] task_id=18096671-f32d-41af-a71c-8b1c51b39764 func=job_orchestration.executor.query.spider_search_task.search_without_channel fetch_input_start=215521143 fetch_input_end=215521144 fetch_input_duration_ms=0
[2026-01-30 15:18:00.152] [info] [spider.worker] [TIMING] task_id=18096671-f32d-41af-a71c-8b1c51b39764 func=job_orchestration.executor.query.spider_search_task.search_without_channel execution_start=215521145 execution_end=215522360 execution_duration_ms=1215
[2026-01-30 15:18:00.184] [info] [spider.worker] [TIMING] task_id=18096671-f32d-41af-a71c-8b1c51b39764 func=job_orchestration.executor.query.spider_search_task.search_without_channel submit_output_start=215522362 submit_output_end=215522392 submit_output_duration_ms=30
[2026-01-30 15:18:00.203] [info] [spider.worker] [TIMING] task_id=9273abc1-4fe4-4416-bac9-f7aa178b9d11 func=job_orchestration.executor.query.spider_search_task.search_without_channel fetch_input_start=215522410 fetch_input_end=215522411 fetch_input_duration_ms=1
[2026-01-30 15:18:01.701] [info] [spider.worker] [TIMING] task_id=9273abc1-4fe4-4416-bac9-f7aa178b9d11 func=job_orchestration.executor.query.spider_search_task.search_without_channel execution_start=215522412 execution_end=215523909 execution_duration_ms=1497
[2026-01-30 15:18:01.708] [info] [spider.worker] [TIMING] task_id=9273abc1-4fe4-4416-bac9-f7aa178b9d11 func=job_orchestration.executor.query.spider_search_task.search_without_channel submit_output_start=215523911 submit_output_end=215523917 submit_output_duration_ms=5
[2026-01-30 15:18:01.719] [info] [spider.worker] [TIMING] task_id=d882d35e-0313-4e65-b3b6-4d43da9de6e3 func=job_orchestration.executor.query.spider_search_task.search_without_channel fetch_input_start=215523927 fetch_input_end=215523927 fetch_input_duration_ms=0
[2026-01-30 15:18:03.176] [info] [spider.worker] [TIMING] task_id=d882d35e-0313-4e65-b3b6-4d43da9de6e3 func=job_orchestration.executor.query.spider_search_task.search_without_channel execution_start=215523928 execution_end=215525384 execution_duration_ms=1455
[2026-01-30 15:18:03.210] [info] [spider.worker] [TIMING] task_id=d882d35e-0313-4e65-b3b6-4d43da9de6e3 func=job_orchestration.executor.query.spider_search_task.search_without_channel submit_output_start=215525386 submit_output_end=215525418 submit_output_duration_ms=32
[2026-01-30 15:18:03.237] [info] [spider.worker] [TIMING] task_id=c06cc010-739e-4939-9916-9d991dad8d6f func=job_orchestration.executor.query.spider_search_task.search_without_channel fetch_input_start=215525444 fetch_input_end=215525445 fetch_input_duration_ms=0
[2026-01-30 15:18:04.530] [info] [spider.worker] [TIMING] task_id=c06cc010-739e-4939-9916-9d991dad8d6f func=job_orchestration.executor.query.spider_search_task.search_without_channel execution_start=215525446 execution_end=215526738 execution_duration_ms=1291
[2026-01-30 15:18:04.542] [info] [spider.worker] [TIMING] task_id=c06cc010-739e-4939-9916-9d991dad8d6f func=job_orchestration.executor.query.spider_search_task.search_without_channel submit_output_start=215526740 submit_output_end=215526751 submit_output_duration_ms=10
[2026-01-30 15:18:04.553] [info] [spider.worker] [TIMING] task_id=15d2b6fa-fe15-4cd3-80f3-eccfcb5816d8 func=job_orchestration.executor.query.spider_search_task.search_without_channel fetch_input_start=215526761 fetch_input_end=215526761 fetch_input_duration_ms=0
[2026-01-30 15:18:05.999] [info] [spider.worker] [TIMING] task_id=15d2b6fa-fe15-4cd3-80f3-eccfcb5816d8 func=job_orchestration.executor.query.spider_search_task.search_without_channel execution_start=215526762 execution_end=215528207 execution_duration_ms=1445
[2026-01-30 15:18:06.009] [info] [spider.worker] [TIMING] task_id=15d2b6fa-fe15-4cd3-80f3-eccfcb5816d8 func=job_orchestration.executor.query.spider_search_task.search_without_channel submit_output_start=215528209 submit_output_end=215528218 submit_output_duration_ms=8
[2026-01-30 15:18:06.028] [info] [spider.worker] [TIMING] task_id=56034cbd-b4f3-4f72-b6f6-c54215a86217 func=job_orchestration.executor.query.spider_search_task.search_without_channel fetch_input_start=215528236 fetch_input_end=215528237 fetch_input_duration_ms=0
[2026-01-30 15:18:07.263] [info] [spider.worker] [TIMING] task_id=56034cbd-b4f3-4f72-b6f6-c54215a86217 func=job_orchestration.executor.query.spider_search_task.search_without_channel execution_start=215528237 execution_end=215529471 execution_duration_ms=1233
[2026-01-30 15:18:07.276] [info] [spider.worker] [TIMING] task_id=56034cbd-b4f3-4f72-b6f6-c54215a86217 func=job_orchestration.executor.query.spider_search_task.search_without_channel submit_output_start=215529472 submit_output_end=215529485 submit_output_duration_ms=12
[2026-01-30 15:18:07.296] [info] [spider.worker] [TIMING] task_id=02b8a19f-4a15-4db8-a87c-ca59b42762b7 func=job_orchestration.executor.query.spider_search_task.search_without_channel fetch_input_start=215529503 fetch_input_end=215529504 fetch_input_duration_ms=1
[2026-01-30 15:18:08.444] [info] [spider.worker] [TIMING] task_id=02b8a19f-4a15-4db8-a87c-ca59b42762b7 func=job_orchestration.executor.query.spider_search_task.search_without_channel execution_start=215529505 execution_end=215530652 execution_duration_ms=1147
[2026-01-30 15:18:08.490] [info] [spider.worker] [TIMING] task_id=02b8a19f-4a15-4db8-a87c-ca59b42762b7 func=job_orchestration.executor.query.spider_search_task.search_without_channel submit_output_start=215530654 submit_output_end=215530698 submit_output_duration_ms=43
[2026-01-30 15:18:08.535] [info] [spider.worker] [TIMING] task_id=721aa311-e9d5-4449-a38c-5a7ef35cbbbb func=job_orchestration.executor.query.spider_search_task.search_without_channel fetch_input_start=215530742 fetch_input_end=215530743 fetch_input_duration_ms=1
[2026-01-30 15:18:09.720] [info] [spider.worker] [TIMING] task_id=721aa311-e9d5-4449-a38c-5a7ef35cbbbb func=job_orchestration.executor.query.spider_search_task.search_without_channel execution_start=215530744 execution_end=215531928 execution_duration_ms=1184
[2026-01-30 15:18:09.743] [info] [spider.worker] [TIMING] task_id=721aa311-e9d5-4449-a38c-5a7ef35cbbbb func=job_orchestration.executor.query.spider_search_task.search_without_channel submit_output_start=215531935 submit_output_end=215531952 submit_output_duration_ms=16
[2026-01-30 15:18:09.763] [info] [spider.worker] [TIMING] task_id=f0eb51ba-266f-4968-99be-3a304b3832be func=job_orchestration.executor.query.spider_search_task.search_without_channel fetch_input_start=215531970 fetch_input_end=215531971 fetch_input_duration_ms=0
[2026-01-30 15:18:10.990] [info] [spider.worker] [TIMING] task_id=f0eb51ba-266f-4968-99be-3a304b3832be func=job_orchestration.executor.query.spider_search_task.search_without_channel execution_start=215531972 execution_end=215533199 execution_duration_ms=1227
[2026-01-30 15:18:11.052] [info] [spider.worker] [TIMING] task_id=f0eb51ba-266f-4968-99be-3a304b3832be func=job_orchestration.executor.query.spider_search_task.search_without_channel submit_output_start=215533200 submit_output_end=215533261 submit_output_duration_ms=61
[2026-01-30 15:18:11.083] [info] [spider.worker] [TIMING] task_id=ae9b94ef-ac60-496f-920e-707fe6b531c8 func=job_orchestration.executor.query.spider_search_task.search_without_channel fetch_input_start=215533290 fetch_input_end=215533291 fetch_input_duration_ms=0
[2026-01-30 15:18:12.294] [info] [spider.worker] [TIMING] task_id=ae9b94ef-ac60-496f-920e-707fe6b531c8 func=job_orchestration.executor.query.spider_search_task.search_without_channel execution_start=215533292 execution_end=215534502 execution_duration_ms=1210
[2026-01-30 15:18:12.319] [info] [spider.worker] [TIMING] task_id=ae9b94ef-ac60-496f-920e-707fe6b531c8 func=job_orchestration.executor.query.spider_search_task.search_without_channel submit_output_start=215534509 submit_output_end=215534527 submit_output_duration_ms=18
[2026-01-30 15:18:12.339] [info] [spider.worker] [TIMING] task_id=5a19fc8c-aca5-4e07-9ddd-2ee325b2e18a func=job_orchestration.executor.query.spider_search_task.search_without_channel fetch_input_start=215534546 fetch_input_end=215534547 fetch_input_duration_ms=1
[2026-01-30 15:18:13.562] [info] [spider.worker] [TIMING] task_id=5a19fc8c-aca5-4e07-9ddd-2ee325b2e18a func=job_orchestration.executor.query.spider_search_task.search_without_channel execution_start=215534548 execution_end=215535770 execution_duration_ms=1222
[2026-01-30 15:18:13.596] [info] [spider.worker] [TIMING] task_id=5a19fc8c-aca5-4e07-9ddd-2ee325b2e18a func=job_orchestration.executor.query.spider_search_task.search_without_channel submit_output_start=215535771 submit_output_end=215535804 submit_output_duration_ms=33
[2026-01-30 15:18:13.622] [info] [spider.worker] [TIMING] task_id=f7571ba6-3990-4a35-983d-99b0e81afdf5 func=job_orchestration.executor.query.spider_search_task.search_without_channel fetch_input_start=215535830 fetch_input_end=215535831 fetch_input_duration_ms=0
[2026-01-30 15:18:15.095] [info] [spider.worker] [TIMING] task_id=f7571ba6-3990-4a35-983d-99b0e81afdf5 func=job_orchestration.executor.query.spider_search_task.search_without_channel execution_start=215535832 execution_end=215537303 execution_duration_ms=1471
[2026-01-30 15:18:15.111] [info] [spider.worker] [TIMING] task_id=f7571ba6-3990-4a35-983d-99b0e81afdf5 func=job_orchestration.executor.query.spider_search_task.search_without_channel submit_output_start=215537305 submit_output_end=215537320 submit_output_duration_ms=14
[2026-01-30 15:18:15.131] [info] [spider.worker] [TIMING] task_id=64d14da1-5278-4d8d-9b00-9bcdfd413d20 func=job_orchestration.executor.query.spider_search_task.search_without_channel fetch_input_start=215537338 fetch_input_end=215537339 fetch_input_duration_ms=0
[2026-01-30 15:18:16.280] [info] [spider.worker] [TIMING] task_id=64d14da1-5278-4d8d-9b00-9bcdfd413d20 func=job_orchestration.executor.query.spider_search_task.search_without_channel execution_start=215537340 execution_end=215538488 execution_duration_ms=1148
[2026-01-30 15:18:16.303] [info] [spider.worker] [TIMING] task_id=64d14da1-5278-4d8d-9b00-9bcdfd413d20 func=job_orchestration.executor.query.spider_search_task.search_without_channel submit_output_start=215538495 submit_output_end=215538512 submit_output_duration_ms=16
[2026-01-30 15:18:16.323] [info] [spider.worker] [TIMING] task_id=3c5009f5-0ec3-41c0-b771-5d61ed2f917f func=job_orchestration.executor.query.spider_search_task.search_without_channel fetch_input_start=215538530 fetch_input_end=215538531 fetch_input_duration_ms=0
[2026-01-30 15:18:17.506] [info] [spider.worker] [TIMING] task_id=3c5009f5-0ec3-41c0-b771-5d61ed2f917f func=job_orchestration.executor.query.spider_search_task.search_without_channel execution_start=215538532 execution_end=215539714 execution_duration_ms=1182
[2026-01-30 15:18:17.554] [info] [spider.worker] [TIMING] task_id=3c5009f5-0ec3-41c0-b771-5d61ed2f917f func=job_orchestration.executor.query.spider_search_task.search_without_channel submit_output_start=215539725 submit_output_end=215539762 submit_output_duration_ms=37
[2026-01-30 15:18:17.593] [info] [spider.worker] [TIMING] task_id=7c8ff9db-b46b-444f-addd-e7616e11c159 func=job_orchestration.executor.query.spider_search_task.search_without_channel fetch_input_start=215539800 fetch_input_end=215539801 fetch_input_duration_ms=0
[2026-01-30 15:18:18.881] [info] [spider.worker] [TIMING] task_id=7c8ff9db-b46b-444f-addd-e7616e11c159 func=job_orchestration.executor.query.spider_search_task.search_without_channel execution_start=215539802 execution_end=215541089 execution_duration_ms=1287
[2026-01-30 15:18:18.895] [info] [spider.worker] [TIMING] task_id=7c8ff9db-b46b-444f-addd-e7616e11c159 func=job_orchestration.executor.query.spider_search_task.search_without_channel submit_output_start=215541091 submit_output_end=215541104 submit_output_duration_ms=12
[2026-01-30 15:18:18.906] [info] [spider.worker] [TIMING] task_id=66366f5b-3c4a-472d-80e0-6bc6aaef9e14 func=job_orchestration.executor.query.spider_search_task.search_without_channel fetch_input_start=215541113 fetch_input_end=215541114 fetch_input_duration_ms=0
[2026-01-30 15:18:20.130] [info] [spider.worker] [TIMING] task_id=66366f5b-3c4a-472d-80e0-6bc6aaef9e14 func=job_orchestration.executor.query.spider_search_task.search_without_channel execution_start=215541115 execution_end=215542338 execution_duration_ms=1223
[2026-01-30 15:18:20.180] [info] [spider.worker] [TIMING] task_id=66366f5b-3c4a-472d-80e0-6bc6aaef9e14 func=job_orchestration.executor.query.spider_search_task.search_without_channel submit_output_start=215542347 submit_output_end=215542388 submit_output_duration_ms=40
[2026-01-30 15:18:20.198] [info] [spider.worker] [TIMING] task_id=35c10234-00aa-45f9-9ec0-26965db6dbeb func=job_orchestration.executor.query.spider_search_task.search_without_channel fetch_input_start=215542406 fetch_input_end=215542407 fetch_input_duration_ms=1
[2026-01-30 15:18:21.312] [info] [spider.worker] [TIMING] task_id=35c10234-00aa-45f9-9ec0-26965db6dbeb func=job_orchestration.executor.query.spider_search_task.search_without_channel execution_start=215542407 execution_end=215543521 execution_duration_ms=1113
[2026-01-30 15:18:21.329] [info] [spider.worker] [TIMING] task_id=35c10234-00aa-45f9-9ec0-26965db6dbeb func=job_orchestration.executor.query.spider_search_task.search_without_channel submit_output_start=215543523 submit_output_end=215543538 submit_output_duration_ms=15
[2026-01-30 15:18:21.469] [info] [spider.worker] [TIMING] task_id=c28e6dfc-1c25-4def-9f46-130376630210 func=job_orchestration.executor.query.spider_search_task.search_without_channel fetch_input_start=215543677 fetch_input_end=215543678 fetch_input_duration_ms=1
[2026-01-30 15:18:22.617] [info] [spider.worker] [TIMING] task_id=c28e6dfc-1c25-4def-9f46-130376630210 func=job_orchestration.executor.query.spider_search_task.search_without_channel execution_start=215543679 execution_end=215544826 execution_duration_ms=1147
[2026-01-30 15:18:22.703] [info] [spider.worker] [TIMING] task_id=c28e6dfc-1c25-4def-9f46-130376630210 func=job_orchestration.executor.query.spider_search_task.search_without_channel submit_output_start=215544828 submit_output_end=215544911 submit_output_duration_ms=83
[2026-01-30 15:18:22.724] [info] [spider.worker] [TIMING] task_id=687d170d-e115-4af9-b4fb-c8e867d9790d func=job_orchestration.executor.query.spider_search_task.search_without_channel fetch_input_start=215544931 fetch_input_end=215544932 fetch_input_duration_ms=0
[2026-01-30 15:18:23.967] [info] [spider.worker] [TIMING] task_id=687d170d-e115-4af9-b4fb-c8e867d9790d func=job_orchestration.executor.query.spider_search_task.search_without_channel execution_start=215544933 execution_end=215546175 execution_duration_ms=1242
[2026-01-30 15:18:23.980] [info] [spider.worker] [TIMING] task_id=687d170d-e