[2026-01-30 18:52:01.613] [warning] [spider.worker] Prefer using `SPIDER_STORAGE_URL` environment variable over `--storage_url` argument.
[2026-01-30 18:52:17.745] [info] [spider.worker] [TIMING] task_id=adc1377c-b891-42c2-bcf3-6a01bb20819b func=job_orchestration.executor.query.spider_search_task.search_without_channel fetch_input_start=228379951 fetch_input_end=228379954 fetch_input_duration_ms=2
[2026-01-30 18:52:19.023] [info] [spider.worker] [TIMING] task_id=adc1377c-b891-42c2-bcf3-6a01bb20819b func=job_orchestration.executor.query.spider_search_task.search_without_channel execution_start=228379955 execution_end=228381232 execution_duration_ms=1277
[2026-01-30 18:52:19.109] [info] [spider.worker] [TIMING] task_id=adc1377c-b891-42c2-bcf3-6a01bb20819b func=job_orchestration.executor.query.spider_search_task.search_without_channel submit_output_start=228381233 submit_output_end=228381317 submit_output_duration_ms=84
[2026-01-30 18:52:19.178] [info] [spider.worker] [TIMING] task_id=2c38e5af-83be-4940-8bd6-0fb92573a3b7 func=job_orchestration.executor.query.spider_search_task.search_without_channel fetch_input_start=228381385 fetch_input_end=228381386 fetch_input_duration_ms=0
[2026-01-30 18:52:20.702] [info] [spider.worker] [TIMING] task_id=2c38e5af-83be-4940-8bd6-0fb92573a3b7 func=job_orchestration.executor.query.spider_search_task.search_without_channel execution_start=228381387 execution_end=228382910 execution_duration_ms=1523
[2026-01-30 18:52:20.727] [info] [spider.worker] [TIMING] task_id=2c38e5af-83be-4940-8bd6-0fb92573a3b7 func=job_orchestration.executor.query.spider_search_task.search_without_channel submit_output_start=228382912 submit_output_end=228382935 submit_output_duration_ms=23
[2026-01-30 18:52:20.745] [info] [spider.worker] [TIMING] task_id=7b849a2a-179c-4c04-b3f9-c4d8ce68e515 func=job_orchestration.executor.query.spider_search_task.search_without_channel fetch_input_start=228382953 fetch_input_end=228382953 fetch_input_duration_ms=0
[2026-01-30 18:52:21.954] [info] [spider.worker] [TIMING] task_id=7b849a2a-179c-4c04-b3f9-c4d8ce68e515 func=job_orchestration.executor.query.spider_search_task.search_without_channel execution_start=228382954 execution_end=228384162 execution_duration_ms=1207
[2026-01-30 18:52:21.968] [info] [spider.worker] [TIMING] task_id=7b849a2a-179c-4c04-b3f9-c4d8ce68e515 func=job_orchestration.executor.query.spider_search_task.search_without_channel submit_output_start=228384164 submit_output_end=228384176 submit_output_duration_ms=12
[2026-01-30 18:52:22.012] [info] [spider.worker] [TIMING] task_id=7258625a-2928-4799-9a5d-ea9a2259e123 func=job_orchestration.executor.query.spider_search_task.search_without_channel fetch_input_start=228384220 fetch_input_end=228384220 fetch_input_duration_ms=0
[2026-01-30 18:52:23.134] [info] [spider.worker] [TIMING] task_id=7258625a-2928-4799-9a5d-ea9a2259e123 func=job_orchestration.executor.query.spider_search_task.search_without_channel execution_start=228384221 execution_end=228385342 execution_duration_ms=1121
[2026-01-30 18:52:23.181] [info] [spider.worker] [TIMING] task_id=7258625a-2928-4799-9a5d-ea9a2259e123 func=job_orchestration.executor.query.spider_search_task.search_without_channel submit_output_start=228385344 submit_output_end=228385389 submit_output_duration_ms=45
[2026-01-30 18:52:23.212] [info] [spider.worker] [TIMING] task_id=564d92d8-97da-486b-9642-9286c0eef1ae func=job_orchestration.executor.query.spider_search_task.search_without_channel fetch_input_start=228385420 fetch_input_end=228385421 fetch_input_duration_ms=0
[2026-01-30 18:52:24.570] [info] [spider.worker] [TIMING] task_id=564d92d8-97da-486b-9642-9286c0eef1ae func=job_orchestration.executor.query.spider_search_task.search_without_channel execution_start=228385421 execution_end=228386778 execution_duration_ms=1356
[2026-01-30 18:52:24.602] [info] [spider.worker] [TIMING] task_id=564d92d8-97da-486b-9642-9286c0eef1ae func=job_orchestration.executor.query.spider_search_task.search_without_channel submit_output_start=228386792 submit_output_end=228386810 submit_output_duration_ms=18
[2026-01-30 18:52:24.638] [info] [spider.worker] [TIMING] task_id=6c291889-7be0-4159-b96f-f75de96b1aa9 func=job_orchestration.executor.query.spider_search_task.search_without_channel fetch_input_start=228386846 fetch_input_end=228386847 fetch_input_duration_ms=0
[2026-01-30 18:52:25.907] [info] [spider.worker] [TIMING] task_id=6c291889-7be0-4159-b96f-f75de96b1aa9 func=job_orchestration.executor.query.spider_search_task.search_without_channel execution_start=228386847 execution_end=228388116 execution_duration_ms=1268
[2026-01-30 18:52:25.952] [info] [spider.worker] [TIMING] task_id=6c291889-7be0-4159-b96f-f75de96b1aa9 func=job_orchestration.executor.query.spider_search_task.search_without_channel submit_output_start=228388117 submit_output_end=228388161 submit_output_duration_ms=43
[2026-01-30 18:52:26.028] [info] [spider.worker] [TIMING] task_id=04877a6a-2b7e-4e5d-90b5-8b29577c92a8 func=job_orchestration.executor.query.spider_search_task.search_without_channel fetch_input_start=228388204 fetch_input_end=228388236 fetch_input_duration_ms=32
[2026-01-30 18:52:27.163] [info] [spider.worker] [TIMING] task_id=04877a6a-2b7e-4e5d-90b5-8b29577c92a8 func=job_orchestration.executor.query.spider_search_task.search_without_channel execution_start=228388237 execution_end=228389371 execution_duration_ms=1133
[2026-01-30 18:52:27.214] [info] [spider.worker] [TIMING] task_id=04877a6a-2b7e-4e5d-90b5-8b29577c92a8 func=job_orchestration.executor.query.spider_search_task.search_without_channel submit_output_start=228389380 submit_output_end=228389422 submit_output_duration_ms=41
[2026-01-30 18:52:27.283] [info] [spider.worker] [TIMING] task_id=17a671fe-bc3a-492c-936b-c719f8627851 func=job_orchestration.executor.query.spider_search_task.search_without_channel fetch_input_start=228389490 fetch_input_end=228389491 fetch_input_duration_ms=0
[2026-01-30 18:52:28.572] [info] [spider.worker] [TIMING] task_id=17a671fe-bc3a-492c-936b-c719f8627851 func=job_orchestration.executor.query.spider_search_task.search_without_channel execution_start=228389492 execution_end=228390781 execution_duration_ms=1289
[2026-01-30 18:52:28.625] [info] [spider.worker] [TIMING] task_id=17a671fe-bc3a-492c-936b-c719f8627851 func=job_orchestration.executor.query.spider_search_task.search_without_channel submit_output_start=228390783 submit_output_end=228390833 submit_output_duration_ms=50
[2026-01-30 18:52:28.648] [info] [spider.worker] [TIMING] task_id=0084a991-df98-49e1-b4b9-3c56701b5d9e func=job_orchestration.executor.query.spider_search_task.search_without_channel fetch_input_start=228390855 fetch_input_end=228390856 fetch_input_duration_ms=0
[2026-01-30 18:52:29.818] [info] [spider.worker] [TIMING] task_id=0084a991-df98-49e1-b4b9-3c56701b5d9e func=job_orchestration.executor.query.spider_search_task.search_without_channel execution_start=228390857 execution_end=228392026 execution_duration_ms=1169
[2026-01-30 18:52:29.860] [info] [spider.worker] [TIMING] task_id=0084a991-df98-49e1-b4b9-3c56701b5d9e func=job_orchestration.executor.query.spider_search_task.search_without_channel submit_output_start=228392028 submit_output_end=228392068 submit_output_duration_ms=40
[2026-01-30 18:52:29.930] [info] [spider.worker] [TIMING] task_id=f6879a17-6652-4002-8de7-919e26daf946 func=job_orchestration.executor.query.spider_search_task.search_without_channel fetch_input_start=228392137 fetch_input_end=228392138 fetch_input_duration_ms=1
[2026-01-30 18:52:31.318] [info] [spider.worker] [TIMING] task_id=f6879a17-6652-4002-8de7-919e26daf946 func=job_orchestration.executor.query.spider_search_task.search_without_channel execution_start=228392139 execution_end=228393526 execution_duration_ms=1387
[2026-01-30 18:52:31.362] [info] [spider.worker] [TIMING] task_id=f6879a17-6652-4002-8de7-919e26daf946 func=job_orchestration.executor.query.spider_search_task.search_without_channel submit_output_start=228393527 submit_output_end=228393570 submit_output_duration_ms=42
[2026-01-30 18:52:31.381] [info] [spider.worker] [TIMING] task_id=cf6531c2-70bd-4a39-8ac0-fd4b31aeefc0 func=job_orchestration.executor.query.spider_search_task.search_without_channel fetch_input_start=228393589 fetch_input_end=228393590 fetch_input_duration_ms=1
[2026-01-30 18:52:32.541] [info] [spider.worker] [TIMING] task_id=cf6531c2-70bd-4a39-8ac0-fd4b31aeefc0 func=job_orchestration.executor.query.spider_search_task.search_without_channel execution_start=228393590 execution_end=228394749 execution_duration_ms=1158
[2026-01-30 18:52:32.554] [info] [spider.worker] [TIMING] task_id=cf6531c2-70bd-4a39-8ac0-fd4b31aeefc0 func=job_orchestration.executor.query.spider_search_task.search_without_channel submit_output_start=228394750 submit_output_end=228394762 submit_output_duration_ms=11
[2026-01-30 18:52:32.611] [info] [spider.worker] [TIMING] task_id=ce21de03-2fc5-4a15-a88b-07dfa3b9ef49 func=job_orchestration.executor.query.spider_search_task.search_without_channel fetch_input_start=228394819 fetch_input_end=228394820 fetch_input_duration_ms=1
[2026-01-30 18:52:33.804] [info] [spider.worker] [TIMING] task_id=ce21de03-2fc5-4a15-a88b-07dfa3b9ef49 func=job_orchestration.executor.query.spider_search_task.search_without_channel execution_start=228394820 execution_end=228396012 execution_duration_ms=1192
[2026-01-30 18:52:33.836] [info] [spider.worker] [TIMING] task_id=ce21de03-2fc5-4a15-a88b-07dfa3b9ef49 func=job_orchestration.executor.query.spider_search_task.search_without_channel submit_output_start=228396014 submit_output_end=228396044 submit_output_duration_ms=29
[2026-01-30 18:52:33.857] [info] [spider.worker] [TIMING] task_id=c6cb9e16-d0a1-4e78-997a-3fcdb86e4085 func=job_orchestration.executor.query.spider_search_task.search_without_channel fetch_input_start=228396064 fetch_input_end=228396066 fetch_input_duration_ms=1
[2026-01-30 18:52:35.027] [info] [spider.worker] [TIMING] task_id=c6cb9e16-d0a1-4e78-997a-3fcdb86e4085 func=job_orchestration.executor.query.spider_search_task.search_without_channel execution_start=228396066 execution_end=228397235 execution_duration_ms=1168
[2026-01-30 18:52:35.056] [info] [spider.worker] [TIMING] task_id=c6cb9e16-d0a1-4e78-997a-3fcdb86e4085 func=job_orchestration.executor.query.spider_search_task.search_without_channel submit_output_start=228397237 submit_output_end=228397264 submit_output_duration_ms=27
[2026-01-30 18:52:35.099] [info] [spider.worker] [TIMING] task_id=9e20f069-3fe1-44fd-98f9-545831558250 func=job_orchestration.executor.query.spider_search_task.search_without_channel fetch_input_start=228397306 fetch_input_end=228397307 fetch_input_duration_ms=1
[2026-01-30 18:52:36.333] [info] [spider.worker] [TIMING] task_id=9e20f069-3fe1-44fd-98f9-545831558250 func=job_orchestration.executor.query.spider_search_task.search_without_channel execution_start=228397308 execution_end=228398542 execution_duration_ms=1233
[2026-01-30 18:52:36.346] [info] [spider.worker] [TIMING] task_id=9e20f069-3fe1-44fd-98f9-545831558250 func=job_orchestration.executor.query.spider_search_task.search_without_channel submit_output_start=228398543 submit_output_end=228398555 submit_output_duration_ms=11
[2026-01-30 18:52:36.435] [info] [spider.worker] [TIMING] task_id=55b4f43f-8eea-49cd-af88-abbb62c660f9 func=job_orchestration.executor.query.spider_search_task.search_without_channel fetch_input_start=228398643 fetch_input_end=228398644 fetch_input_duration_ms=1
[2026-01-30 18:52:37.679] [info] [spider.worker] [TIMING] task_id=55b4f43f-8eea-49cd-af88-abbb62c660f9 func=job_orchestration.executor.query.spider_search_task.search_without_channel execution_start=228398644 execution_end=228399887 execution_duration_ms=1242
[2026-01-30 18:52:37.718] [info] [spider.worker] [TIMING] task_id=55b4f43f-8eea-49cd-af88-abbb62c660f9 func=job_orchestration.executor.query.spider_search_task.search_without_channel submit_output_start=228399888 submit_output_end=228399927 submit_output_duration_ms=38
[2026-01-30 18:52:37.763] [info] [spider.worker] [TIMING] task_id=cdf73fa2-576d-4ed5-8bdc-d2e6fe8c061e func=job_orchestration.executor.query.spider_search_task.search_without_channel fetch_input_start=228399970 fetch_input_end=228399971 fetch_input_duration_ms=0
[2026-01-30 18:52:39.016] [info] [spider.worker] [TIMING] task_id=cdf73fa2-576d-4ed5-8bdc-d2e6fe8c061e func=job_orchestration.executor.query.spider_search_task.search_without_channel execution_start=228399972 execution_end=228401225 execution_duration_ms=1253
[2026-01-30 18:52:39.047] [info] [spider.worker] [TIMING] task_id=cdf73fa2-576d-4ed5-8bdc-d2e6fe8c061e func=job_orchestration.executor.query.spider_search_task.search_without_channel submit_output_start=228401226 submit_output_end=228401256 submit_output_duration_ms=29
[2026-01-30 18:52:39.109] [info] [spider.worker] [TIMING] task_id=a8244fd9-e929-4b5d-81de-56bc14ca1593 func=job_orchestration.executor.query.spider_search_task.search_without_channel fetch_input_start=228401316 fetch_input_end=228401317 fetch_input_duration_ms=1
[2026-01-30 18:52:40.304] [info] [spider.worker] [TIMING] task_id=a8244fd9-e929-4b5d-81de-56bc14ca1593 func=job_orchestration.executor.query.spider_search_task.search_without_channel execution_start=228401318 execution_end=228402512 execution_duration_ms=1194
[2026-01-30 18:52:40.313] [info] [spider.worker] [TIMING] task_id=a8244fd9-e929-4b5d-81de-56bc14ca1593 func=job_orchestration.executor.query.spider_search_task.search_without_channel submit_output_start=228402514 submit_output_end=228402522 submit_output_duration_ms=7
[2026-01-30 18:52:40.342] [info] [spider.worker] [TIMING] task_id=62695eda-b836-4075-86b5-4fd532b6ff00 func=job_orchestration.executor.query.spider_search_task.search_without_channel fetch_input_start=228402549 fetch_input_end=228402550 fetch_input_duration_ms=1
[2026-01-30 18:52:41.650] [info] [spider.worker] [TIMING] task_id=62695eda-b836-4075-86b5-4fd532b6ff00 func=job_orchestration.executor.query.spider_search_task.search_without_channel execution_start=228402551 execution_end=228403858 execution_duration_ms=1307
[2026-01-30 18:52:41.688] [info] [spider.worker] [TIMING] task_id=62695eda-b836-4075-86b5-4fd532b6ff00 func=job_orchestration.executor.query.spider_search_task.search_without_channel submit_output_start=228403860 submit_output_end=228403897 submit_output_duration_ms=36
[2026-01-30 18:52:41.755] [info] [spider.worker] [TIMING] task_id=b7dfa775-4908-477c-a5a6-409213ef3935 func=job_orchestration.executor.query.spider_search_task.search_without_channel fetch_input_start=228403963 fetch_input_end=228403964 fetch_input_duration_ms=0
[2026-01-30 18:52:43.026] [info] [spider.worker] [TIMING] task_id=b7dfa775-4908-477c-a5a6-409213ef3935 func=job_orchestration.executor.query.spider_search_task.search_without_channel execution_start=228403964 execution_end=228405235 execution_duration_ms=1270
[2026-01-30 18:52:43.055] [info] [spider.worker] [TIMING] task_id=b7dfa775-4908-477c-a5a6-409213ef3935 func=job_orchestration.executor.query.spider_search_task.search_without_channel submit_output_start=228405236 submit_output_end=228405264 submit_output_duration_ms=27
[2026-01-30 18:52:43.075] [info] [spider.worker] [TIMING] task_id=f9ab66d4-71d1-4413-abfa-1fff1d7db633 func=job_orchestration.executor.query.spider_search_task.search_without_channel fetch_input_start=228405282 fetch_input_end=228405283 fetch_input_duration_ms=1
[2026-01-30 18:52:44.186] [info] [spider.worker] [TIMING] task_id=f9ab66d4-71d1-4413-abfa-1fff1d7db633 func=job_orchestration.executor.query.spider_search_task.search_without_channel execution_start=228405284 execution_end=228406394 execution_duration_ms=1110
[2026-01-30 18:52:44.225] [info] [spider.worker] [TIMING] task_id=f9ab66d4-71d1-4413-abfa-1fff1d7db633 func=job_orchestration.executor.query.spider_search_task.search_without_channel submit_output_start=228406396 submit_output_end=228406433 submit_output_duration_ms=37
[2026-01-30 18:52:44.241] [info] [spider.worker] [TIMING] task_id=ea908eb1-28c1-4218-b90a-3c60497078ac func=job_orchestration.executor.query.spider_search_task.search_without_channel fetch_input_start=228406449 fetch_input_end=228406450 fetch_input_duration_ms=0
[2026-01-30 18:52:45.468] [info] [spider.worker] [TIMING] task_id=ea908eb1-28c1-4218-b90a-3c60497078ac func=job_orchestration.executor.query.spider_search_task.search_without_channel execution_start=228406450 execution_end=228407676 execution_duration_ms=1225
[2026-01-30 18:52:45.519] [info] [spider.worker] [TIMING] task_id=ea908eb1-28c1-4218-b90a-3c60497078ac func=job_orchestration.executor.query.spider_search_task.search_without_channel submit_output_start=228407678 submit_output_end=228407728 submit_output_duration_ms=49
[2026-01-30 18:52:45.542] [info] [spider.worker] [TIMING] task_id=81a2fbae-bcf4-4526-b68b-e917d84c412d func=job_orchestration.executor.query.spider_search_task.search_without_channel fetch_input_start=228407749 fetch_input_end=228407750 fetch_input_duration_ms=0
[2026-01-30 18:52:46.670] [info] [spider.worker] [TIMING] task_id=81a2fbae-bcf4-4526-b68b-e917d84c412d func=job_orchestration.executor.query.spider_search_task.search_without_channel execution_start=228407751 execution_end=228408879 execution_duration_ms=1127
[2026-01-30 18:52:46.681] [info] [spider.worker] [TIMING] task_id=81a2fbae-bcf4-4526-b68b-e917d84c412d func=job_orchestration.executor.query.spider_search_task.search_without_channel submit_output_start=228408881 submit_output_end=228408889 submit_output_duration_ms=8
[2026-01-30 18:52:46.717] [info] [spider.worker] [TIMING] task_id=5d9c6c1a-3971-45f1-a389-370ef1032ee1 func=job_orchestration.executor.query.spider_search_task.search_without_channel fetch_input_start=228408924 fetch_input_end=228408925 fetch_input_duration_ms=0
[2026-01-30 18:52:48.218] [info] [spider.worker] [TIMING] task_id=5d9c6c1a-3971-45f1-a389-370ef1032ee1 func=job_orchestration.executor.query.spider_search_task.search_without_channel execution_start=228408926 execution_end=228410426 execution_duration_ms=1500
[2026-01-30 18:52:48.240] [info] [spider.worker] [TIMING] task_id=5d9c6c1a-3971-45f1-a389-370ef1032ee1 func=job_orchestration.executor.query.spider_search_task.search_without_channel submit_output_start=228410428 submit_output_end=228410448 submit_output_duration_ms=20
[2026-01-30 18:52:48.259] [info] [spider.worker] [TIMING] task_id=a5ed1283-a430-4cee-af07-70674638e85d func=job_orchestration.executor.query.spider_search_task.search_without_channel fetch_input_start=228410466 fetch_input_end=228410467 fetch_input_duration_ms=0
[2026-01-30 18:52:49.330] [info] [spider.worker] [TIMING] task_id=a5ed1283-a430-4cee-af07-70674638e85d func=job_orchestration.executor.query.spider_search_task.search_without_channel execution_start=228410468 execution_end=228411538 execution_duration_ms=1070
[2026-01-30 18:52:49.360] [info] [spider.worker] [TIMING] task_id=a5ed1283-a430-4cee-af07-70674638e85d func=job_orchestration.executor.query.spider_search_task.search_without_channel submit_output_start=228411540 submit_output_end=228411568 submit_output_duration_ms=28
[2026-01-30 18:52:49.376] [info] [spider.worker] [TIMING] task_id=9c413ddc-570f-4186-85e4-58468808395a func=job_orchestration.executor.query.spider_search_task.search_without_channel fetch_input_start=228411583 fetch_input_end=228411584 fetch_input_duration_ms=0
[2026-01-30 18:52:50.500] [info] [spider.worker] [TIMING] task_id=9c413ddc-570f-4186-85e4-58468808395a func=job_orchestration.executor.query.spider_search_task.search_without_channel execution_start=228411585 execution_end=228412708 execution_duration_ms=1123
[2026-01-30 18:52:50.515] [info] [spider.worker] [TIMING] task_id=9c413ddc-570f-4186-85e4-58468808395a func=job_orchestration.executor.query.spider_search_task.search_without_channel submit_output_start=228412710 submit_output_end=228412723 submit_output_duration_ms=13
[2026-01-30 18:52:50.535] [info] [spider.worker] [TIMING] task_id=33402894-3cf3-4589-9613-f525c99d1034 func=job_orchestration.executor.query.spider_search_task.search_without_channel fetch_input_start=228412742 fetch_input_end=228412743 fetch_input_duration_ms=1
[2026-01-30 18:52:51.704] [info] [spider.worker] [TIMING] task_id=33402894-3cf3-4589-9613-f525c99d1034 func=job_orchestration.executor.query.spider_search_task.search_without_channel execution_start=228412744 execution_end=228413912 execution_duration_ms=1167
[2026-01-30 18:52:51.740] [info] [spider.worker] [TIMING] task_id=33402894-3cf3-4589-9613-f525c99d1034 func=job_orchestration.executor.query.spider_search_task.search_without_channel submit_output_start=228413913 submit_output_end=228413948 submit_output_duration_ms=34
[2026-01-30 18:52:51.760] [info] [spider.worker] [TIMING] task_id=a69b9c0b-6e38-4bb2-8966-ac4e21177a6e func=job_orchestration.executor.query.spider_search_task.search_without_channel fetch_input_start=228413967 fetch_input_end=228413968 fetch_input_duration_ms=1
[2026-01-30 18:52:53.140] [info] [spider.worker] [TIMING] task_id=a69b9c0b-6e38-4bb2-8966-ac4e21177a6e func=job_orchestration.executor.query.spider_search_task.search_without_channel execution_start=228413969 execution_end=228415349 execution_duration_ms=1380
[2026-01-30 18:52:53.157] [info] [spider.worker] [TIMING] task_id=a69b9c0b-6e38-4bb2-8966-ac4e21177a6e func=job_orchestration.executor.query.spider_search_task.search_without_channel submit_output_start=228415351 submit_output_end=228415366 submit_output_duration_ms=15
[2026-01-30 18:52:53.169] [info] [spider.worker] [TIMING] task_id=dfc91267-f20b-4515-8844-21697e834785 func=job_orchestration.executor.query.spider_search_task.search_without_channel fetch_input_start=228415376 fetch_input_end=228415377 fetch_input_duration_ms=1
[2026-01-30 18:52:54.526] [info] [spider.worker] [TIMING] task_id=dfc91267-f20b-4515-8844-21697e834785 func=job_orchestration.executor.query.spider_search_task.search_without_channel execution_start=228415378 execution_end=228416735 execution_duration_ms=1357
[2026-01-30 18:52:54.558] [info] [spider.worker] [TIMING] task_id=dfc91267-f20b-4515-8844-21697e834785 func=job_orchestration.executor.query.spider_search_task.search_without_channel submit_output_start=228416737 submit_output_end=228416766 submit_output_duration_ms=29
[2026-01-30 18:52:54.578] [info] [spider.worker] [TIMING] task_id=c271a785-a003-4599-ac9c-d8b7fa3172b0 func=job_orchestration.executor.query.spider_search_task.search_without_channel fetch_input_start=228416785 fetch_input_end=228416786 fetch_input_duration_ms=1
[2026-01-30 18:52:55.749] [info] [spider.worker] [TIMING] task_id=c271a785-a003-4599-ac9c-d8b7fa3172b0 func=job_orchestration.executor.query.spider_search_task.search_without_channel execution_start=228416787 execution_end=228417957 execution_duration_ms=1169
[2026-01-30 18:52:55.758] [info] [spider.worker] [TIMING] task_id=c271a785-a003-4599-ac9c-d8b7fa3172b0 func=job_orchestration.executor.query.spider_search_task.search_without_channel submit_output_start=228417958 submit_output_end=228417966 submit_output_duration_ms=7
[2026-01-30 18:52:55.786] [info] [spider.worker] [TIMING] task_id=00cc6c7c-8bb4-493c-92c5-88e9910cf016 func=job_orchestration.executor.query.spider_search_task.search_without_channel fetch_input_start=228417993 fetch_input_end=228417994 fetch_input_duration_ms=0
[2026-01-30 18:52:56.940] [info] [spider.worker] [TIMING] task_id=00cc6c7c-8bb4-493c-92c5-88e9910cf016 func=job_orchestration.executor.query.spider_search_task.search_without_channel execution_start=228417994 execution_end=228419148 execution_duration_ms=1153
[2026-01-30 18:52:56.958] [info] [spider.worker] [TIMING] task_id=00cc6c7c-8bb4-493c-92c5-88e9910cf016 func=job_orchestration.executor.query.spider_search_task.search_without_channel submit_output_start=228419150 submit_output_end=228419166 submit_output_duration_ms=16
[2026-01-30 18:52:56.978] [info] [spider.worker] [TIMING] task_id=26576ba0-5a8e-417a-8f11-6f3023307456 func=job_orchestration.executor.query.spider_search_task.search_without_channel fetch_input_start=228419185 fetch_input_end=228419186 fetch_input_duration_ms=1
[2026-01-30 18:52:58.226] [info] [spider.worker] [TIMING] task_id=26576ba0-5a8e-417a-8f11-6f3023307456 func=job_orchestration.executor.query.spider_search_task.search_without_channel execution_start=228419187 execution_end=228420434 execution_duration_ms=1247
[2026-01-30 18:52:58.250] [info] [spider.worker] [TIMING] task_id=26576ba0-5a8e-417a-8f11-6f3023307456 func=job_orchestration.executor.query.spider_search_task.search_without_channel submit_output_start=228420438 submit_output_end=228420459 submit_output_duration_ms=20
[2026-01-30 18:52:58.295] [info] [spider.worker] [TIMING] task_id=e3b28b71-60c0-4acf-806c-b2e9dfbff294 func=job_orchestration.executor.query.spider_search_task.search_without_channel fetch_input_start=228420502 fetch_input_end=228420503 fetch_input_duration_ms=1
[2026-01-30 18:52:59.575] [info] [spider.worker] [TIMING] task_id=e3b28b71-60c0-4acf-806c-b2e9dfbff294 func=job_orchestration.executor.query.spider_search_task.search_without_channel execution_start=228420504 execution_end=228421783 execution_duration_ms=1279
[2026-01-30 18:52:59.592] [info] [spider.worker] [TIMING] task_id=e3b28b71-60c0-4acf-806c-b2e9dfbff294 func=job_orchestration.executor.query.spider_search_task.search_without_channel submit_output_start=228421786 submit_output_end=228421800 submit_output_duration_ms=14
[2026-01-30 18:52:59.612] [info] [spider.worker] [TIMING] task_id=817640a4-d655-4068-a0a1-f01b04a3f593 func=job_orchestration.executor.query.spider_search_task.search_without_channel fetch_input_start=228421819 fetch_input_end=228421820 fetch_input_duration_ms=1
[2026-01-30 18:53:00.884] [info] [spider.worker] [TIMING] task_id=817640a4-d655-4068-a0a1-f01b04a3f593 func=job_orchestration.executor.query.spider_search_task.search_without_channel execution_start=228421821 execution_end=228423092 execution_duration_ms=1270
[2026-01-30 18:53:00.901] [info] [spider.worker] [TIMING] task_id=817640a4-d655-4068-a0a1-f01b04a3f593 func=job_orchestration.executor.query.spider_search_task.search_without_channel submit_output_start=228423094 submit_output_end=228423109 submit_output_duration_ms=15
[2026-01-30 18:53:00.953] [info] [spider.worker] [TIMING] task_id=fb14cb80-ff1c-4c34-8578-b8029f1a8cd4 func=job_orchestration.executor.query.spider_search_task.search_without_channel fetch_input_start=228423161 fetch_input_end=228423162 fetch_input_duration_ms=0
[2026-01-30 18:53:02.353] [info] [spider.worker] [TIMING] task_id=fb14cb80-ff1c-4c34-8578-b8029f1a8cd4 func=job_orchestration.executor.query.spider_search_task.search_without_channel execution_start=228423162 execution_end=228424561 execution_duration_ms=1398
[2026-01-30 18:53:02.368] [info] [spider.worker] [TIMING] task_id=fb14cb80-ff1c-4c34-8578-b8029f1a8cd4 func=job_orchestration.executor.query.spider_search_task.search_without_channel submit_output_start=228424563 submit_output_end=228424576 submit_output_duration_ms=13
[2026-01-30 18:53:02.387] [info] [spider.worker] [TIMING] task_id=637a200b-a4e3-46ca-b414-fc8cf3d8243a func=job_orchestration.executor.query.spider_search_task.search_without_channel fetch_input_start=228424594 fetch_input_end=228424595 fetch_input_duration_ms=1
[2026-01-30 18:53:03.810] [info] [spider.worker] [TIMING] task_id=637a200b-a4e3-46ca-b414-fc8cf3d8243a func=job_orchestration.executor.query.spider_search_task.search_without_channel execution_start=228424596 execution_end=228426018 execution_duration_ms=1421
[2026-01-30 18:53:03.818] [info] [spider.worker] [TIMING] task_id=637a200b-a4e3-46ca-b414-fc8cf3d8243a func=job_orchestration.executor.query.spider_search_task.search_without_channel submit_output_start=228426020 submit_output_end=228426026 submit_output_duration_ms=5
[2026-01-30 18:53:03.880] [info] [spider.worker] [TIMING] task_id=9bcce3d0-832c-4e09-9454-eee254ffff60 func=job_orchestration.executor.query.spider_search_task.search_without_channel fetch_input_start=228426087 fetch_input_end=228426088 fetch_input_duration_ms=0
[2026-01-30 18:53:05.122] [info] [spider.worker] [TIMING] task_id=9bcce3d0-832c-4e09-9454-eee254ffff60 func=job_orchestration.executor.query.spider_search_task.search_without_channel execution_start=228426089 execution_end=228427330 execution_duration_ms=1241
[2026-01-30 18:53:05.163] [info] [spider.worker] [TIMING] task_id=9bcce3d0-832c-4e09-9454-eee254ffff60 func=job_orchestration.executor.query.spider_search_task.search_without_channel submit_output_start=228427332 submit_output_end=228427371 submit_output_duration_ms=38
[2026-01-30 18:53:05.179] [info] [spider.worker] [TIMING] task_id=efc039cf-c520-47d9-975d-5a4821a04812 func=job_orchestration.executor.query.spider_search_task.search_without_channel fetch_input_start=228427386 fetch_input_end=228427387 fetch_input_duration_ms=0
[2026-01-30 18:53:06.477] [info] [spider.worker] [TIMING] task_id=efc039cf-c520-47d9-975d-5a4821a04812 func=job_orchestration.executor.query.spider_search_task.search_without_channel execution_start=228427388 execution_end=228428685 execution_duration_ms=1297
[2026-01-30 18:53:06.501] [info] [spider.worker] [TIMING] task_id=efc039cf-c520-47d9-975d-5a4821a04812 func=job_orchestration.executor.query.spider_search_task.search_without_channel submit_output_start=228428687 submit_output_end=228428710 submit_output_duration_ms=22
[2026-01-30 18:53:06.568] [info] [spider.worker] [TIMING] task_id=88855594-2563-4c36-90b1-b141a14bb86c func=job_orchestration.executor.query.spider_search_task.search_without_channel fetch_input_start=228428776 fetch_input_end=228428777 fetch_input_duration_ms=0
[2026-01-30 18:53:07.781] [info] [spider.worker] [TIMING] task_id=88855594-2563-4c36-90b1-b141a14bb86c func=job_orchestration.executor.query.spider_search_task.search_without_channel execution_start=228428777 execution_end=228429989 execution_duration_ms=1212
[2026-01-30 18:53:07.793] [info] [spider.worker] [TIMING] task_id=88855594-2563-4c36-90b1-b141a14bb86c func=job_orchestration.executor.query.spider_search_task.search_without_channel submit_output_start=228429991 submit_output_end=228430002 submit_output_duration_ms=10
[2026-01-30 18:53:07.813] [info] [spider.worker] [TIMING] task_id=b89e029d-8c44-4a82-9ce0-a85570275e53 func=job_orchestration.executor.query.spider_search_task.search_without_channel fetch_input_start=228430020 fetch_input_end=228430021 fetch_input_duration_ms=1
[2026-01-30 18:53:09.075] [info] [spider.worker] [TIMING] task_id=b89e029d-8c44-4a82-9ce0-a85570275e53 func=job_orchestration.executor.query.spider_search_task.search_without_channel execution_start=228430022 execution_end=228431284 execution_duration_ms=1261
[2026-01-30 18:53:09.086] [info] [spider.worker] [TIMING] task_id=b89e029d-8c44-4a82-9ce0-a85570275e53 func=job_orchestration.executor.query.spider_search_task.search_without_channel submit_output_start=228431285 submit_output_end=228431294 submit_output_duration_ms=8
[2026-01-30 18:53:09.105] [info] [spider.worker] [TIMING] task_id=064e34d4-7976-4d93-b8f5-adf2051e9ef4 func=job_orchestration.executor.query.spider_search_task.search_without_channel fetch_input_start=228431312 fetch_input_end=228431314 fetch_input_duration_ms=1
[2026-01-30 18:53:10.369] [info] [spider.worker] [TIMING] task_id=064e34d4-7976-4d93-b8f5-adf2051e9ef4 func=job_orchestration.executor.query.spider_search_task.search_without_channel execution_start=228431314 execution_end=228432577 execution_duration_ms=1262
[2026-01-30 18:53:10.398] [info] [spider.worker] [TIMING] task_id=064e34d4-7976-4d93-b8f5-adf2051e9ef4 func=job_orchestration.executor.query.spider_search_task.search_without_channel submit_output_start=228432579 submit_output_end=228432607 submit_output_duration_ms=27
[2026-01-30 18:53:10.472] [info] [spider.worker] [TIMING] task_id=d2055562-7d6d-478a-8d5d-ce20a1fc5184 func=job_orchestration.executor.query.spider_search_task.search_without_channel fetch_input_start=228432679 fetch_input_end=228432680 fetch_input_duration_ms=1
[2026-01-30 18:53:11.620] [info] [spider.worker] [TIMING] task_id=d2055562-7d6d-478a-8d5d-ce20a1fc5184 func=job_orchestration.executor.query.spider_search_task.search_without_channel execution_start=228432681 execution_end=228433829 execution_duration_ms=1148
[2026-01-30 18:53:11.636] [info] [spider.worker] [TIMING] task_id=d2055562-7d6d-478a-8d5d-ce20a1fc5184 func=job_orchestration.executor.query.spider_search_task.search_without_channel submit_output_start=228433830 submit_output_end=228433844 submit_output_duration_ms=13
[2026-01-30 18:53:11.655] [info] [spider.worker] [TIMING] task_id=1faadb26-53e1-4105-aed9-d852b6a55519 func=job_orchestration.executor.query.spider_search_task.search_without_channel fetch_input_start=228433863 fetch_input_end=228433864 fetch_input_duration_ms=0
[2026-01-30 18:53:12.885] [info] [spider.worker] [TIMING] task_id=1faadb26-53e1-4105-aed9-d852b6a55519 func=job_orchestration.executor.query.spider_search_task.search_without_channel execution_start=228433864 execution_end=228435093 execution_duration_ms=1228
[2026-01-30 18:53:12.913] [info] [spider.worker] [TIMING] task_id=1faadb26-53e1-4105-aed9-d852b6a55519 func=job_orchestration.executor.query.spider_search_task.search_without_channel submit_output_start=228435095 submit_output_end=228435121 submit_output_duration_ms=26
[2026-01-30 18:53:12.931] [info] [spider.worker] [TIMING] task_id=12176916-e735-4693-8043-d8af012b4f12 func=job_orchestration.executor.query.spider_search_task.search_without_channel fetch_input_start=228435138 fetch_input_end=228435139 fetch_input_duration_ms=1
[2026-01-30 18:53:14.120] [info] [spider.worker] [TIMING] task_id=12176916-e735-4693-8043-d8af012b4f12 func=job_orchestration.executor.query.spider_search_task.search_without_channel execution_start=228435140 execution_end=228436328 execution_duration_ms=1188
[2026-01-30 18:53:14.136] [info] [spider.worker] [TIMING] task_id=12176916-e735-4693-8043-d8af012b4f12 func=job_orchestration.executor.query.spider_search_task.search_without_channel submit_output_start=228436330 submit_output_end=228436345 submit_output_duration_ms=15
[2026-01-30 18:53:14.156] [info] [spider.worker] [TIMING] task_id=46eb0531-088e-4111-bf08-613d878c4bfd func=job_orchestration.executor.query.spider_search_task.search_without_channel fetch_input_start=228436363 fetch_input_end=228436364 fetch_input_duration_ms=1
[2026-01-30 18:53:15.293] [info] [spider.worker] [TIMING] task_id=46eb0531-088e-4111-bf08-613d878c4bfd func=job_orchestration.executor.query.spider_search_task.search_without_channel execution_start=228436365 execution_end=228437501 execution_duration_ms=1136
[2026-01-30 18:53:15.334] [info] [spider.worker] [TIMING] task_id=46eb0531-088e-4111-bf08-613d878c4bfd func=job_orchestration.executor.query.spider_search_task.search_without_channel submit_output_start=228437503 submit_output_end=228437542 submit_output_duration_ms=38
[2026-01-30 18:53:15.404] [info] [spider.worker] [TIMING] task_id=55d24311-f879-4806-b9a9-a3c2281b0f55 func=job_orchestration.executor.query.spider_search_task.search_without_channel fetch_input_start=228437612 fetch_input_end=228437613 fetch_input_duration_ms=1
[2026-01-30 18:53:16.654] [info] [spider.worker] [TIMING] task_id=55d24311-f879-4806-b9a9-a3c2281b0f55 func=job_orchestration.executor.query.spider_search_task.search_without_channel execution_start=228437613 execution_end=228438862 execution_duration_ms=1248
[2026-01-30 18:53:16.670] [info] [spider.worker] [TIMING] task_id=55d24311-f879-4806-b9a9-a3c2281b0f55 func=job_orchestration.executor.query.spider_search_task.search_without_channel submit_output_start=228438864 submit_output_end=228438879 submit_output_duration_ms=14
[2026-01-30 18:53:16.690] [info] [spider.worker] [TIMING] task_id=abae8fb3-e7bd-4099-b95c-f7efd3eb1794 func=job_orchestration.executor.query.spider_search_task.search_without_channel fetch_input_start=228438897 fetch_input_end=228438898 fetch_input_duration_ms=1
[2026-01-30 18:53:17.976] [info] [spider.worker] [TIMING] task_id=abae8fb3-e7bd-4099-b95c-f7efd3eb1794 func=job_orchestration.executor.query.spider_search_task.search_without_channel execution_start=228438899 execution_end=228440185 execution_duration_ms=1285
[2026-01-30 18:53:18.012] [info] [spider.worker] [TIMING] task_id=abae8fb3-e7bd-4099-b95c-f7efd3eb1794 func=job_orchestration.executor.query.spider_search_task.search_without_channel submit_output_start=228440186 submit_output_end=228440221 submit_output_duration_ms=34
[2026-01-30 18:53:18.023] [info] [spider.worker] [TIMING] task_id=3c0b6f8f-6dc4-40ab-9056-3a09c566271e func=job_orchestration.executor.query.spider_search_task.search_without_channel fetch_input_start=228440230 fetch_input_end=228440231 fetch_input_duration_ms=0
[2026-01-30 18:53:19.132] [info] [spider.worker] [TIMING] task_id=3c0b6f8f-6dc4-40ab-9056-3a09c566271e func=job_orchestration.executor.query.spider_search_task.search_without_channel execution_start=228440232 execution_end=228441340 execution_duration_ms=1108
[2026-01-30 18:53:19.166] [info] [spider.worker] [TIMING] task_id=3c0b6f8f-6dc4-40ab-9056-3a09c566271e func=job_orchestration.executor.query.spider_search_task.search_without_channel submit_output_start=228441342 submit_output_end=228441375 submit_output_duration_ms=33
[2026-01-30 18:53:19.191] [info] [spider.worker] [TIMING] task_id=3d277ede-65e2-43fe-ad35-86c336e78bef func=job_orchestration.executor.query.spider_search_task.search_without_channel fetch_input_start=228441398 fetch_input_end=228441399 fetch_input_duration_ms=1
[2026-01-30 18:53:20.383] [info] [spider.worker] [TIMING] task_id=3d277ede-65e2-43fe-ad35-86c336e78bef func=job_orchestration.executor.query.spider_search_task.search_without_channel execution_start=228441400 execution_end=228442591 execution_duration_ms=1191
[2026-01-30 18:53:20.428] [info] [spider.worker] [TIMING] task_id=3d277ede-65e2-43fe-ad35-86c336e78bef func=job_orchestration.executor.query.spider_search_task.search_without_channel submit_output_start=228442593 submit_output_end=228442636 submit_output_duration_ms=42
[2026-01-30 18:53:20.448] [info] [spider.worker] [TIMING] task_id=3140a636-f2eb-4254-adb8-48b358076601 func=job_orchestration.executor.query.spider_search_task.search_without_channel fetch_input_start=228442656 fetch_input_end=228442656 fetch_input_duration_ms=0
[2026-01-30 18:53:21.818] [info] [spider.worker] [TIMING] task_id=3140a636-f2eb-4254-adb8-48b358076601 func=job_orchestration.executor.query.spider_search_task.search_without_channel execution_start=228442657 execution_end=228444026 execution_duration_ms=1369
[2026-01-30 18:53:21.864] [info] [spider.worker] [TIMING] task_id=3140a636-f2eb-4254-adb8-48b358076601 func=job_orchestration.executor.query.spider_search_task.search_without_channel submit_output_start=228444028 submit_output_end=228444072 submit_output_duration_ms=44
[2026-01-30 18:53:21.899] [info] [spider.worker] [TIMING] task_id=780e5671-89ba-47d5-864d-f189c1a714c4 func=job_orchestration.executor.query.spider_search_task.search_without_channel fetch_input_start=228444107 fetch_input_end=228444108 fetch_input_duration_ms=1
[2026-01-30 18:53:23.149] [info] [spider.worker] [TIMING] task_id=780e5671-89ba-47d5-864d-f189c1a714c4 func=job_orchestration.executor.query.spider_search_task.search_without_channel execution_start=228444108 execution_end=228445358 execution_duration_ms=1249
[2026-01-30 18:53:23.154] [info] [spider.worker] [TIMING] task_id=780e5671-89ba-47d5-864d-f189c1a714c4 func=job_orchestration.executor.query.spider_search_task.search_without_channel submit_output_start=228445359 submit_output_end=228445363 submit_output_duration_ms=3
[2026-01-30 18:53:23.165] [info] [spider.worker] [TIMING] task_id=41cfe2a0-884f-423a-a527-fedd4210bfac func=job_orchestration.executor.query.spider_search_task.search_without_channel fetch_input_start=228445372 fetch_input_end=228445373 fetch_input_duration_ms=0
[2026-01-30 18:53:24.366] [info] [spider.worker] [TIMING] task_id=41cfe2a0-884f-423a-a527-fedd4210bfac func=job_orchestration.executor.query.spider_search_task.search_without_channel execution_start=228445374 execution_end=228446574 execution_duration_ms=1200
[2026-01-30 18:53:24.380] [info] [spider.worker] [TIMING] task_id=41cfe2a0-884f-423a-a527-fedd4210bfac func=job_orchestration.executor.query.spider_search_task.search_without_channel submit_output_start=228446576 submit_output_end=228446588 submit_output_duration_ms=12
[2026-01-30 18:53:24.424] [info] [spider.worker] [TIMING] task_id=8de4d49c-483d-4029-8341-35f027813dea func=job_orchestration.executor.query.spider_search_task.search_without_channel fetch_input_start=228446631 fetch_input_end=228446632 fetch_input_duration_ms=1
[2026-01-30 18:53:25.765] [info] [spider.worker] [TIMING] task_id=8de4d49c-483d-4029-8341-35f027813dea func=job_orchestration.executor.query.spider_search_task.search_without_channel execution_start=228446633 execution_end=228447974 execution_duration_ms=1340
[2026-01-30 18:53:25.814] [info] [spider.worker] [TIMING] task_id=8de4d49c-483d-4029-8341-35f027813dea func=job_orchestration.executor.query.spider_search_task.search_without_channel submit_output_start=228447975 submit_output_end=228448022 submit_output_duration_ms=47
[2026-01-30 18:53:25.832] [info] [spider.worker] [TIMING] task_id=39b5494a-8634-4cb8-9ce0-03eb3857f15a func=job_orchestration.executor.query.spider_search_task.search_without_channel fetch_input_start=228448040 fetch_input_end=228448041 fetch_input_duration_ms=0
[2026-01-30 18:53:27.088] [info] [spider.worker] [TIMING] task_id=39b5494a-8634-4cb8-9ce0-03eb3857f15a func=job_orchestration.executor.query.spider_search_task.search_without_channel execution_start=228448041 execution_end=228449296 execution_duration_ms=1254
[2026-01-30 18:53:27.122] [info] [spider.worker] [TIMING] task_id=39b5494a-8634-4cb8-9ce0-03eb3857f15a func=job_orchestration.executor.query.spider_search_task.search_without_channel submit_output_start=228449309 submit_output_end=228449330 submit_output_duration_ms=21
[2026-01-30 18:53:27.142] [info] [spider.worker] [TIMING] task_id=bba2cc5a-c6d1-4635-8d01-01ab1a4ca49c func=job_orchestration.executor.query.spider_search_task.search_without_channel fetch_input_start=228449349 fetch_input_end=228449350 fetch_input_duration_ms=0
[2026-01-30 18:53:28.457] [info] [spider.worker] [TIMING] task_id=bba2cc5a-c6d1-4635-8d01-01ab1a4ca49c func=job_orchestration.executor.query.spider_search_task.search_without_channel execution_start=228449351 execution_end=228450665 execution_duration_ms=1314
[2026-01-30 18:53:28.495] [info] [spider.worker] [TIMING] task_id=bba2cc5a-c6d1-4635-8d01-01ab1a4ca49c func=job_orchestration.executor.query.spider_search_task.search_without_channel submit_output_start=228450667 submit_output_end=228450703 submit_output_duration_ms=36
[2026-01-30 18:53:28.517] [info] [spider.worker] [TIMING] task_id=06cc3423-82a8-425c-858c-ab8c591da7ce func=job_orchestration.executor.query.spider_search_task.search_without_channel fetch_input_start=228450724 fetch_input_end=228450726 fetch_input_duration_ms=1
[2026-01-30 18:53:29.693] [info] [spider.worker] [TIMING] task_id=06cc3423-82a8-425c-858c-ab8c591da7ce func=job_orchestration.executor.query.spider_search_task.search_without_channel execution_start=228450726 execution_end=228451901 execution_duration_ms=1174
[2026-01-30 18:53:29.706] [info] [spider.worker] [TIMING] task_id=06cc3423-82a8-425c-858c-ab8c591da7ce func=job_orchestration.executor.query.spider_search_task.search_without_channel submit_output_start=228451902 submit_output_end=228451914 submit_output_duration_ms=11
[2026-01-30 18:53:29.734] [info] [spider.worker] [TIMING] task_id=54bbad5a-b0cb-4c5b-8604-6f6c2ab974bb func=job_orchestration.executor.query.spider_search_task.search_without_channel fetch_input_start=228451941 fetch_input_end=228451942 fetch_input_duration_ms=1
[2026-01-30 18:53:30.951] [info] [spider.worker] [TIMING] task_id=54bbad5a-b0cb-4c5b-8604-6f6c2ab974bb func=job_orchestration.executor.query.spider_search_task.search_without_channel execution_start=228451943 execution_end=228453159 execution_duration_ms=1215
[2026-01-30 18:53:30.975] [info] [spider.worker] [TIMING] task_id=54bbad5a-b0cb-4c5b-8604-6f6c2ab974bb func=job_orchestration.executor.query.spider_search_task.search_without_channel submit_output_start=228453161 submit_output_end=228453183 submit_output_duration_ms=22
[2026-01-30 18:53:31.000] [info] [spider.worker] [TIMING] task_id=b7603c57-d363-4afb-bc86-01e08cb4314d func=job_orchestration.executor.query.spider_search_task.search_without_channel fetch_input_start=228453207 fetch_input_end=228453208 fetch_input_duration_ms=0
[2026-01-30 18:53:32.218] [info] [spider.worker] [TIMING] task_id=b7603c57-d363-4afb-bc86-01e08cb4314d func=job_orchestration.executor.query.spider_search_task.search_without_channel execution_start=228453209 execution_end=228454426 execution_duration_ms=1216
[2026-01-30 18:53:32.239] [info] [spider.worker] [TIMING] task_id=b7603c57-d363-4afb-bc86-01e08cb4314d func=job_orchestration.exec