[2026-01-30 14:53:05.932] [warning] [spider.worker] Prefer using `SPIDER_STORAGE_URL` environment variable over `--storage_url` argument.
[2026-01-30 14:53:48.467] [info] [spider.worker] [TIMING] task_id=dc00dc91-95c9-40b1-ab94-e66b1a0d97c3 func=job_orchestration.executor.compress.spider_compress.compress fetch_input_start=214070674 fetch_input_end=214070676 fetch_input_duration_ms=1
[2026-01-30 14:53:58.629] [info] [spider.worker] [TIMING] task_id=dc00dc91-95c9-40b1-ab94-e66b1a0d97c3 func=job_orchestration.executor.compress.spider_compress.compress execution_start=214070677 execution_end=214080837 execution_duration_ms=10160
[2026-01-30 14:53:58.643] [info] [spider.worker] [TIMING] task_id=dc00dc91-95c9-40b1-ab94-e66b1a0d97c3 func=job_orchestration.executor.compress.spider_compress.compress submit_output_start=214080839 submit_output_end=214080851 submit_output_duration_ms=12
[2026-01-30 14:53:58.663] [info] [spider.worker] [TIMING] task_id=52cf9f2c-8122-48f2-b369-642585492afd func=job_orchestration.executor.compress.spider_compress.compress fetch_input_start=214080870 fetch_input_end=214080871 fetch_input_duration_ms=1
[2026-01-30 14:54:35.269] [info] [spider.worker] [TIMING] task_id=52cf9f2c-8122-48f2-b369-642585492afd func=job_orchestration.executor.compress.spider_compress.compress execution_start=214080872 execution_end=214117477 execution_duration_ms=36605
[2026-01-30 14:54:35.274] [info] [spider.worker] [TIMING] task_id=52cf9f2c-8122-48f2-b369-642585492afd func=job_orchestration.executor.compress.spider_compress.compress submit_output_start=214117479 submit_output_end=214117482 submit_output_duration_ms=3
[2026-01-30 14:54:35.285] [info] [spider.worker] [TIMING] task_id=ceaede43-44f6-4cde-aa41-d1780b4ab1ac func=job_orchestration.executor.compress.spider_compress.compress fetch_input_start=214117492 fetch_input_end=214117493 fetch_input_duration_ms=0
[2026-01-30 14:54:47.406] [info] [spider.worker] [TIMING] task_id=ceaede43-44f6-4cde-aa41-d1780b4ab1ac func=job_orchestration.executor.compress.spider_compress.compress execution_start=214117494 execution_end=214129614 execution_duration_ms=12120
[2026-01-30 14:54:47.423] [info] [spider.worker] [TIMING] task_id=ceaede43-44f6-4cde-aa41-d1780b4ab1ac func=job_orchestration.executor.compress.spider_compress.compress submit_output_start=214129616 submit_output_end=214129632 submit_output_duration_ms=15
[2026-01-30 14:54:47.433] [info] [spider.worker] [TIMING] task_id=8b37fcd2-6313-4e29-8745-0fbebbf2bb25 func=job_orchestration.executor.compress.spider_compress.compress fetch_input_start=214129641 fetch_input_end=214129642 fetch_input_duration_ms=0
[2026-01-30 14:55:20.717] [info] [spider.worker] [TIMING] task_id=8b37fcd2-6313-4e29-8745-0fbebbf2bb25 func=job_orchestration.executor.compress.spider_compress.compress execution_start=214129642 execution_end=214162926 execution_duration_ms=33283
[2026-01-30 14:55:20.730] [info] [spider.worker] [TIMING] task_id=8b37fcd2-6313-4e29-8745-0fbebbf2bb25 func=job_orchestration.executor.compress.spider_compress.compress submit_output_start=214162928 submit_output_end=214162939 submit_output_duration_ms=11
[2026-01-30 14:55:20.750] [info] [spider.worker] [TIMING] task_id=7ff3d6fe-4d6e-450a-b02a-b7da0175f42b func=job_orchestration.executor.compress.spider_compress.compress fetch_input_start=214162957 fetch_input_end=214162958 fetch_input_duration_ms=0
[2026-01-30 14:55:31.892] [info] [spider.worker] [TIMING] task_id=7ff3d6fe-4d6e-450a-b02a-b7da0175f42b func=job_orchestration.executor.compress.spider_compress.compress execution_start=214162959 execution_end=214174100 execution_duration_ms=11141
[2026-01-30 14:55:31.905] [info] [spider.worker] [TIMING] task_id=7ff3d6fe-4d6e-450a-b02a-b7da0175f42b func=job_orchestration.executor.compress.spider_compress.compress submit_output_start=214174102 submit_output_end=214174113 submit_output_duration_ms=10
[2026-01-30 14:55:31.936] [info] [spider.worker] [TIMING] task_id=3236f4eb-717c-4259-aa2e-a96690e2fa0f func=job_orchestration.executor.compress.spider_compress.compress fetch_input_start=214174143 fetch_input_end=214174144 fetch_input_duration_ms=1
[2026-01-30 14:55:41.628] [info] [spider.worker] [TIMING] task_id=3236f4eb-717c-4259-aa2e-a96690e2fa0f func=job_orchestration.executor.compress.spider_compress.compress execution_start=214174145 execution_end=214183836 execution_duration_ms=9691
[2026-01-30 14:55:41.690] [info] [spider.worker] [TIMING] task_id=3236f4eb-717c-4259-aa2e-a96690e2fa0f func=job_orchestration.executor.compress.spider_compress.compress submit_output_start=214183838 submit_output_end=214183898 submit_output_duration_ms=60
[2026-01-30 14:55:41.757] [info] [spider.worker] [TIMING] task_id=79f4e1f0-c1e0-4ab1-b808-c70be4b5d731 func=job_orchestration.executor.compress.spider_compress.compress fetch_input_start=214183965 fetch_input_end=214183966 fetch_input_duration_ms=0
[2026-01-30 14:56:08.647] [info] [spider.worker] [TIMING] task_id=79f4e1f0-c1e0-4ab1-b808-c70be4b5d731 func=job_orchestration.executor.compress.spider_compress.compress execution_start=214183966 execution_end=214210856 execution_duration_ms=26889
[2026-01-30 14:56:08.661] [info] [spider.worker] [TIMING] task_id=79f4e1f0-c1e0-4ab1-b808-c70be4b5d731 func=job_orchestration.executor.compress.spider_compress.compress submit_output_start=214210858 submit_output_end=214210870 submit_output_duration_ms=11
[2026-01-30 14:56:08.681] [info] [spider.worker] [TIMING] task_id=e02d0137-09a6-45d1-9f72-c9677d4f1277 func=job_orchestration.executor.compress.spider_compress.compress fetch_input_start=214210888 fetch_input_end=214210889 fetch_input_duration_ms=1
[2026-01-30 14:56:20.131] [info] [spider.worker] [TIMING] task_id=e02d0137-09a6-45d1-9f72-c9677d4f1277 func=job_orchestration.executor.compress.spider_compress.compress execution_start=214210890 execution_end=214222340 execution_duration_ms=11449
[2026-01-30 14:56:20.153] [info] [spider.worker] [TIMING] task_id=e02d0137-09a6-45d1-9f72-c9677d4f1277 func=job_orchestration.executor.compress.spider_compress.compress submit_output_start=214222342 submit_output_end=214222361 submit_output_duration_ms=19
[2026-01-30 14:56:20.172] [info] [spider.worker] [TIMING] task_id=5065b172-9f78-47c5-a2b4-d8e02938d754 func=job_orchestration.executor.compress.spider_compress.compress fetch_input_start=214222379 fetch_input_end=214222380 fetch_input_duration_ms=0
[2026-01-30 14:56:30.604] [info] [spider.worker] [TIMING] task_id=5065b172-9f78-47c5-a2b4-d8e02938d754 func=job_orchestration.executor.compress.spider_compress.compress execution_start=214222381 execution_end=214232812 execution_duration_ms=10430
[2026-01-30 14:56:30.652] [info] [spider.worker] [TIMING] task_id=5065b172-9f78-47c5-a2b4-d8e02938d754 func=job_orchestration.executor.compress.spider_compress.compress submit_output_start=214232814 submit_output_end=214232860 submit_output_duration_ms=46
[2026-01-30 14:56:30.672] [info] [spider.worker] [TIMING] task_id=690f2d5c-6541-44fb-beee-08616ec9dac2 func=job_orchestration.executor.compress.spider_compress.compress fetch_input_start=214232879 fetch_input_end=214232880 fetch_input_duration_ms=1
[2026-01-30 14:56:48.290] [info] [spider.worker] [TIMING] task_id=690f2d5c-6541-44fb-beee-08616ec9dac2 func=job_orchestration.executor.compress.spider_compress.compress execution_start=214232881 execution_end=214250499 execution_duration_ms=17617
[2026-01-30 14:56:48.301] [info] [spider.worker] [TIMING] task_id=690f2d5c-6541-44fb-beee-08616ec9dac2 func=job_orchestration.executor.compress.spider_compress.compress submit_output_start=214250501 submit_output_end=214250509 submit_output_duration_ms=8
[2026-01-30 14:56:48.312] [info] [spider.worker] [TIMING] task_id=4439c216-9345-47da-9f01-8c3026fb05d0 func=job_orchestration.executor.compress.spider_compress.compress fetch_input_start=214250519 fetch_input_end=214250520 fetch_input_duration_ms=1
[2026-01-30 14:57:17.990] [info] [spider.worker] [TIMING] task_id=4439c216-9345-47da-9f01-8c3026fb05d0 func=job_orchestration.executor.compress.spider_compress.compress execution_start=214250521 execution_end=214280198 execution_duration_ms=29676
[2026-01-30 14:57:18.008] [info] [spider.worker] [TIMING] task_id=4439c216-9345-47da-9f01-8c3026fb05d0 func=job_orchestration.executor.compress.spider_compress.compress submit_output_start=214280201 submit_output_end=214280216 submit_output_duration_ms=15
[2026-01-30 14:57:18.027] [info] [spider.worker] [TIMING] task_id=b52e0bad-94d8-4c75-8fe4-eb6513a14135 func=job_orchestration.executor.compress.spider_compress.compress fetch_input_start=214280235 fetch_input_end=214280236 fetch_input_duration_ms=1
[2026-01-30 14:57:27.475] [info] [spider.worker] [TIMING] task_id=b52e0bad-94d8-4c75-8fe4-eb6513a14135 func=job_orchestration.executor.compress.spider_compress.compress execution_start=214280236 execution_end=214289684 execution_duration_ms=9447
[2026-01-30 14:57:27.526] [info] [spider.worker] [TIMING] task_id=b52e0bad-94d8-4c75-8fe4-eb6513a14135 func=job_orchestration.executor.compress.spider_compress.compress submit_output_start=214289686 submit_output_end=214289734 submit_output_duration_ms=48
[2026-01-30 14:57:27.543] [info] [spider.worker] [TIMING] task_id=8f1f6d65-e802-4812-8801-e01b07b830a2 func=job_orchestration.executor.compress.spider_compress.compress fetch_input_start=214289750 fetch_input_end=214289751 fetch_input_duration_ms=0
[2026-01-30 14:57:44.318] [info] [spider.worker] [TIMING] task_id=8f1f6d65-e802-4812-8801-e01b07b830a2 func=job_orchestration.executor.compress.spider_compress.compress execution_start=214289752 execution_end=214306527 execution_duration_ms=16775
[2026-01-30 14:57:44.341] [info] [spider.worker] [TIMING] task_id=8f1f6d65-e802-4812-8801-e01b07b830a2 func=job_orchestration.executor.compress.spider_compress.compress submit_output_start=214306528 submit_output_end=214306549 submit_output_duration_ms=20
[2026-01-30 14:57:44.439] [info] [spider.worker] [TIMING] task_id=81da9d08-5f6c-4caf-b2ff-ac5b2f6b5f85 func=job_orchestration.executor.compress.spider_compress.compress fetch_input_start=214306646 fetch_input_end=214306647 fetch_input_duration_ms=1
[2026-01-30 14:57:53.824] [info] [spider.worker] [TIMING] task_id=81da9d08-5f6c-4caf-b2ff-ac5b2f6b5f85 func=job_orchestration.executor.compress.spider_compress.compress execution_start=214306648 execution_end=214316032 execution_duration_ms=9384
[2026-01-30 14:57:53.851] [info] [spider.worker] [TIMING] task_id=81da9d08-5f6c-4caf-b2ff-ac5b2f6b5f85 func=job_orchestration.executor.compress.spider_compress.compress submit_output_start=214316034 submit_output_end=214316060 submit_output_duration_ms=25
[2026-01-30 14:57:53.876] [info] [spider.worker] [TIMING] task_id=4e319d40-1c01-4185-b9a2-f0aa4592f495 func=job_orchestration.executor.compress.spider_compress.compress fetch_input_start=214316083 fetch_input_end=214316084 fetch_input_duration_ms=0
[2026-01-30 14:58:04.288] [info] [spider.worker] [TIMING] task_id=4e319d40-1c01-4185-b9a2-f0aa4592f495 func=job_orchestration.executor.compress.spider_compress.compress execution_start=214316085 execution_end=214326496 execution_duration_ms=10411
[2026-01-30 14:58:04.298] [info] [spider.worker] [TIMING] task_id=4e319d40-1c01-4185-b9a2-f0aa4592f495 func=job_orchestration.executor.compress.spider_compress.compress submit_output_start=214326498 submit_output_end=214326506 submit_output_duration_ms=7
[2026-01-30 14:58:04.309] [info] [spider.worker] [TIMING] task_id=30413c05-efea-406d-bfcb-37d9158afdcf func=job_orchestration.executor.compress.spider_compress.compress fetch_input_start=214326516 fetch_input_end=214326517 fetch_input_duration_ms=1
[2026-01-30 14:58:12.959] [info] [spider.worker] [TIMING] task_id=30413c05-efea-406d-bfcb-37d9158afdcf func=job_orchestration.executor.compress.spider_compress.compress execution_start=214326517 execution_end=214335167 execution_duration_ms=8649
[2026-01-30 14:58:12.973] [info] [spider.worker] [TIMING] task_id=30413c05-efea-406d-bfcb-37d9158afdcf func=job_orchestration.executor.compress.spider_compress.compress submit_output_start=214335168 submit_output_end=214335181 submit_output_duration_ms=12
[2026-01-30 14:58:12.983] [info] [spider.worker] [TIMING] task_id=0888d10e-1ceb-46d0-8ee8-5001cd6efc07 func=job_orchestration.executor.compress.spider_compress.compress fetch_input_start=214335190 fetch_input_end=214335191 fetch_input_duration_ms=0
[2026-01-30 14:58:23.441] [info] [spider.worker] [TIMING] task_id=0888d10e-1ceb-46d0-8ee8-5001cd6efc07 func=job_orchestration.executor.compress.spider_compress.compress execution_start=214335192 execution_end=214345649 execution_duration_ms=10457
[2026-01-30 14:58:23.455] [info] [spider.worker] [TIMING] task_id=0888d10e-1ceb-46d0-8ee8-5001cd6efc07 func=job_orchestration.executor.compress.spider_compress.compress submit_output_start=214345652 submit_output_end=214345663 submit_output_duration_ms=11
[2026-01-30 14:58:23.501] [info] [spider.worker] [TIMING] task_id=65ab5aa6-1264-412f-930f-cc87aac71b26 func=job_orchestration.executor.compress.spider_compress.compress fetch_input_start=214345709 fetch_input_end=214345710 fetch_input_duration_ms=1
[2026-01-30 14:58:36.980] [info] [spider.worker] [TIMING] task_id=65ab5aa6-1264-412f-930f-cc87aac71b26 func=job_orchestration.executor.compress.spider_compress.compress execution_start=214345710 execution_end=214359188 execution_duration_ms=13477
[2026-01-30 14:58:36.996] [info] [spider.worker] [TIMING] task_id=65ab5aa6-1264-412f-930f-cc87aac71b26 func=job_orchestration.executor.compress.spider_compress.compress submit_output_start=214359190 submit_output_end=214359204 submit_output_duration_ms=14
[2026-01-30 14:58:37.015] [info] [spider.worker] [TIMING] task_id=4b12ec2b-186b-4121-8d30-b96e2706c91b func=job_orchestration.executor.compress.spider_compress.compress fetch_input_start=214359223 fetch_input_end=214359223 fetch_input_duration_ms=0
[2026-01-30 14:58:47.794] [info] [spider.worker] [TIMING] task_id=4b12ec2b-186b-4121-8d30-b96e2706c91b func=job_orchestration.executor.compress.spider_compress.compress execution_start=214359224 execution_end=214370002 execution_duration_ms=10778
[2026-01-30 14:58:47.804] [info] [spider.worker] [TIMING] task_id=4b12ec2b-186b-4121-8d30-b96e2706c91b func=job_orchestration.executor.compress.spider_compress.compress submit_output_start=214370004 submit_output_end=214370012 submit_output_duration_ms=7
[2026-01-30 14:58:47.814] [info] [spider.worker] [TIMING] task_id=24e9445c-a248-4610-b5f3-f43bc2634300 func=job_orchestration.executor.compress.spider_compress.compress fetch_input_start=214370022 fetch_input_end=214370023 fetch_input_duration_ms=0
[2026-01-30 14:59:11.499] [info] [spider.worker] [TIMING] task_id=24e9445c-a248-4610-b5f3-f43bc2634300 func=job_orchestration.executor.compress.spider_compress.compress execution_start=214370023 execution_end=214393707 execution_duration_ms=23684
[2026-01-30 14:59:11.540] [info] [spider.worker] [TIMING] task_id=24e9445c-a248-4610-b5f3-f43bc2634300 func=job_orchestration.executor.compress.spider_compress.compress submit_output_start=214393710 submit_output_end=214393749 submit_output_duration_ms=39
[2026-01-30 14:59:11.564] [info] [spider.worker] [TIMING] task_id=1488f9de-ad8e-40eb-9640-fc2289d60d28 func=job_orchestration.executor.compress.spider_compress.compress fetch_input_start=214393772 fetch_input_end=214393773 fetch_input_duration_ms=0
[2026-01-30 14:59:20.722] [info] [spider.worker] [TIMING] task_id=1488f9de-ad8e-40eb-9640-fc2289d60d28 func=job_orchestration.executor.compress.spider_compress.compress execution_start=214393773 execution_end=214402930 execution_duration_ms=9156
[2026-01-30 14:59:20.737] [info] [spider.worker] [TIMING] task_id=1488f9de-ad8e-40eb-9640-fc2289d60d28 func=job_orchestration.executor.compress.spider_compress.compress submit_output_start=214402932 submit_output_end=214402945 submit_output_duration_ms=12
[2026-01-30 14:59:20.756] [info] [spider.worker] [TIMING] task_id=379d1fab-4077-4a45-a036-50af388c2d4f func=job_orchestration.executor.compress.spider_compress.compress fetch_input_start=214402963 fetch_input_end=214402964 fetch_input_duration_ms=0
[2026-01-30 14:59:31.076] [info] [spider.worker] [TIMING] task_id=379d1fab-4077-4a45-a036-50af388c2d4f func=job_orchestration.executor.compress.spider_compress.compress execution_start=214402965 execution_end=214413284 execution_duration_ms=10318
[2026-01-30 14:59:31.120] [info] [spider.worker] [TIMING] task_id=379d1fab-4077-4a45-a036-50af388c2d4f func=job_orchestration.executor.compress.spider_compress.compress submit_output_start=214413285 submit_output_end=214413329 submit_output_duration_ms=43
[2026-01-30 14:59:31.140] [info] [spider.worker] [TIMING] task_id=e551363c-bf46-4dcc-aa31-b524ccf23013 func=job_orchestration.executor.compress.spider_compress.compress fetch_input_start=214413347 fetch_input_end=214413348 fetch_input_duration_ms=1
[2026-01-30 14:59:52.228] [info] [spider.worker] [TIMING] task_id=e551363c-bf46-4dcc-aa31-b524ccf23013 func=job_orchestration.executor.compress.spider_compress.compress execution_start=214413349 execution_end=214434436 execution_duration_ms=21086
[2026-01-30 14:59:52.262] [info] [spider.worker] [TIMING] task_id=e551363c-bf46-4dcc-aa31-b524ccf23013 func=job_orchestration.executor.compress.spider_compress.compress submit_output_start=214434438 submit_output_end=214434470 submit_output_duration_ms=32
[2026-01-30 14:59:52.282] [info] [spider.worker] [TIMING] task_id=2dbc074b-685d-443d-85c9-cf9350096388 func=job_orchestration.executor.compress.spider_compress.compress fetch_input_start=214434489 fetch_input_end=214434490 fetch_input_duration_ms=1
[2026-01-30 15:00:02.344] [info] [spider.worker] [TIMING] task_id=2dbc074b-685d-443d-85c9-cf9350096388 func=job_orchestration.executor.compress.spider_compress.compress execution_start=214434491 execution_end=214444553 execution_duration_ms=10061
[2026-01-30 15:00:02.420] [info] [spider.worker] [TIMING] task_id=2dbc074b-685d-443d-85c9-cf9350096388 func=job_orchestration.executor.compress.spider_compress.compress submit_output_start=214444554 submit_output_end=214444628 submit_output_duration_ms=74
[2026-01-30 15:00:02.448] [info] [spider.worker] [TIMING] task_id=558de903-cc17-48c7-8c8c-8ca39a6abfa0 func=job_orchestration.executor.compress.spider_compress.compress fetch_input_start=214444655 fetch_input_end=214444656 fetch_input_duration_ms=1
[2026-01-30 15:00:16.327] [info] [spider.worker] [TIMING] task_id=558de903-cc17-48c7-8c8c-8ca39a6abfa0 func=job_orchestration.executor.compress.spider_compress.compress execution_start=214444657 execution_end=214458536 execution_duration_ms=13878
[2026-01-30 15:00:16.361] [info] [spider.worker] [TIMING] task_id=558de903-cc17-48c7-8c8c-8ca39a6abfa0 func=job_orchestration.executor.compress.spider_compress.compress submit_output_start=214458549 submit_output_end=214458569 submit_output_duration_ms=20
[2026-01-30 15:00:16.372] [info] [spider.worker] [TIMING] task_id=1cd91ac4-f896-4991-b355-0be749567b42 func=job_orchestration.executor.compress.spider_compress.compress fetch_input_start=214458579 fetch_input_end=214458580 fetch_input_duration_ms=1
[2026-01-30 15:00:29.444] [info] [spider.worker] [TIMING] task_id=1cd91ac4-f896-4991-b355-0be749567b42 func=job_orchestration.executor.compress.spider_compress.compress execution_start=214458581 execution_end=214471653 execution_duration_ms=13071
[2026-01-30 15:00:29.469] [info] [spider.worker] [TIMING] task_id=1cd91ac4-f896-4991-b355-0be749567b42 func=job_orchestration.executor.compress.spider_compress.compress submit_output_start=214471655 submit_output_end=214471677 submit_output_duration_ms=22
[2026-01-30 15:00:29.479] [info] [spider.worker] [TIMING] task_id=0b42e551-0793-4e29-b18d-a7cd0032be87 func=job_orchestration.executor.compress.spider_compress.compress fetch_input_start=214471687 fetch_input_end=214471688 fetch_input_duration_ms=0
[2026-01-30 15:00:39.883] [info] [spider.worker] [TIMING] task_id=0b42e551-0793-4e29-b18d-a7cd0032be87 func=job_orchestration.executor.compress.spider_compress.compress execution_start=214471688 execution_end=214482091 execution_duration_ms=10402
[2026-01-30 15:00:39.894] [info] [spider.worker] [TIMING] task_id=0b42e551-0793-4e29-b18d-a7cd0032be87 func=job_orchestration.executor.compress.spider_compress.compress submit_output_start=214482093 submit_output_end=214482102 submit_output_duration_ms=9
[2026-01-30 15:00:39.914] [info] [spider.worker] [TIMING] task_id=aeaf69c2-e15e-4d3c-84ca-4a4ae6f38383 func=job_orchestration.executor.compress.spider_compress.compress fetch_input_start=214482121 fetch_input_end=214482122 fetch_input_duration_ms=1
[2026-01-30 15:00:50.121] [info] [spider.worker] [TIMING] task_id=aeaf69c2-e15e-4d3c-84ca-4a4ae6f38383 func=job_orchestration.executor.compress.spider_compress.compress execution_start=214482123 execution_end=214492330 execution_duration_ms=10206
[2026-01-30 15:00:50.152] [info] [spider.worker] [TIMING] task_id=aeaf69c2-e15e-4d3c-84ca-4a4ae6f38383 func=job_orchestration.executor.compress.spider_compress.compress submit_output_start=214492332 submit_output_end=214492360 submit_output_duration_ms=27
[2026-01-30 15:00:50.171] [info] [spider.worker] [TIMING] task_id=5e26bda9-0de6-40a0-b84b-39abae06cff8 func=job_orchestration.executor.compress.spider_compress.compress fetch_input_start=214492379 fetch_input_end=214492379 fetch_input_duration_ms=0
[2026-01-30 15:01:26.938] [info] [spider.worker] [TIMING] task_id=5e26bda9-0de6-40a0-b84b-39abae06cff8 func=job_orchestration.executor.compress.spider_compress.compress execution_start=214492381 execution_end=214529146 execution_duration_ms=36765
[2026-01-30 15:01:26.972] [info] [spider.worker] [TIMING] task_id=5e26bda9-0de6-40a0-b84b-39abae06cff8 func=job_orchestration.executor.compress.spider_compress.compress submit_output_start=214529148 submit_output_end=214529180 submit_output_duration_ms=32
[2026-01-30 15:01:27.020] [info] [spider.worker] [TIMING] task_id=ade63eb7-7029-431d-aae5-b206d87c8c45 func=job_orchestration.executor.compress.spider_compress.compress fetch_input_start=214529227 fetch_input_end=214529228 fetch_input_duration_ms=0
[2026-01-30 15:01:56.634] [info] [spider.worker] [TIMING] task_id=ade63eb7-7029-431d-aae5-b206d87c8c45 func=job_orchestration.executor.compress.spider_compress.compress execution_start=214529229 execution_end=214558843 execution_duration_ms=29614
[2026-01-30 15:01:56.658] [info] [spider.worker] [TIMING] task_id=ade63eb7-7029-431d-aae5-b206d87c8c45 func=job_orchestration.executor.compress.spider_compress.compress submit_output_start=214558845 submit_output_end=214558866 submit_output_duration_ms=21
[2026-01-30 15:01:56.669] [info] [spider.worker] [TIMING] task_id=384e5264-6897-4461-861c-a74f4a4cdacf func=job_orchestration.executor.compress.spider_compress.compress fetch_input_start=214558876 fetch_input_end=214558877 fetch_input_duration_ms=0
[2026-01-30 15:02:08.120] [info] [spider.worker] [TIMING] task_id=384e5264-6897-4461-861c-a74f4a4cdacf func=job_orchestration.executor.compress.spider_compress.compress execution_start=214558878 execution_end=214570329 execution_duration_ms=11450
[2026-01-30 15:02:08.133] [info] [spider.worker] [TIMING] task_id=384e5264-6897-4461-861c-a74f4a4cdacf func=job_orchestration.executor.compress.spider_compress.compress submit_output_start=214570331 submit_output_end=214570341 submit_output_duration_ms=10
[2026-01-30 15:02:08.164] [info] [spider.worker] [TIMING] task_id=c264015f-6101-4793-8f2a-b8ccaed5d816 func=job_orchestration.executor.compress.spider_compress.compress fetch_input_start=214570372 fetch_input_end=214570373 fetch_input_duration_ms=0
[2026-01-30 15:02:37.345] [info] [spider.worker] [TIMING] task_id=c264015f-6101-4793-8f2a-b8ccaed5d816 func=job_orchestration.executor.compress.spider_compress.compress execution_start=214570373 execution_end=214599554 execution_duration_ms=29180
[2026-01-30 15:02:37.374] [info] [spider.worker] [TIMING] task_id=c264015f-6101-4793-8f2a-b8ccaed5d816 func=job_orchestration.executor.compress.spider_compress.compress submit_output_start=214599555 submit_output_end=214599582 submit_output_duration_ms=26
[2026-01-30 15:02:37.385] [info] [spider.worker] [TIMING] task_id=843bbefe-99b8-41d8-8141-ba5b9fffa6f5 func=job_orchestration.executor.compress.spider_compress.compress fetch_input_start=214599592 fetch_input_end=214599593 fetch_input_duration_ms=1
[2026-01-30 15:02:48.657] [info] [spider.worker] [TIMING] task_id=843bbefe-99b8-41d8-8141-ba5b9fffa6f5 func=job_orchestration.executor.compress.spider_compress.compress execution_start=214599594 execution_end=214610865 execution_duration_ms=11271
[2026-01-30 15:02:48.665] [info] [spider.worker] [TIMING] task_id=843bbefe-99b8-41d8-8141-ba5b9fffa6f5 func=job_orchestration.executor.compress.spider_compress.compress submit_output_start=214610867 submit_output_end=214610874 submit_output_duration_ms=6
[2026-01-30 15:02:48.676] [info] [spider.worker] [TIMING] task_id=c3725bd9-079c-4e15-9d5b-42dead6cd49a func=job_orchestration.executor.compress.spider_compress.compress fetch_input_start=214610884 fetch_input_end=214610885 fetch_input_duration_ms=1
[2026-01-30 15:02:58.407] [info] [spider.worker] [TIMING] task_id=c3725bd9-079c-4e15-9d5b-42dead6cd49a func=job_orchestration.executor.compress.spider_compress.compress execution_start=214610885 execution_end=214620615 execution_duration_ms=9729
[2026-01-30 15:02:58.415] [info] [spider.worker] [TIMING] task_id=c3725bd9-079c-4e15-9d5b-42dead6cd49a func=job_orchestration.executor.compress.spider_compress.compress submit_output_start=214620617 submit_output_end=214620623 submit_output_duration_ms=5
[2026-01-30 15:02:58.433] [info] [spider.worker] [TIMING] task_id=43016b4a-32e0-4768-8a05-9f0b55d3dd4a func=job_orchestration.executor.compress.spider_compress.compress fetch_input_start=214620641 fetch_input_end=214620642 fetch_input_duration_ms=0
[2026-01-30 15:03:08.467] [info] [spider.worker] [TIMING] task_id=43016b4a-32e0-4768-8a05-9f0b55d3dd4a func=job_orchestration.executor.compress.spider_compress.compress execution_start=214620642 execution_end=214630675 execution_duration_ms=10033
[2026-01-30 15:03:08.481] [info] [spider.worker] [TIMING] task_id=43016b4a-32e0-4768-8a05-9f0b55d3dd4a func=job_orchestration.executor.compress.spider_compress.compress submit_output_start=214630677 submit_output_end=214630689 submit_output_duration_ms=11
[2026-01-30 15:03:08.512] [info] [spider.worker] [TIMING] task_id=b7e7b803-91df-4943-a1d1-0b8d9121c823 func=job_orchestration.executor.compress.spider_compress.compress fetch_input_start=214630719 fetch_input_end=214630720 fetch_input_duration_ms=0
[2026-01-30 15:04:01.908] [info] [spider.worker] [TIMING] task_id=b7e7b803-91df-4943-a1d1-0b8d9121c823 func=job_orchestration.executor.compress.spider_compress.compress execution_start=214630721 execution_end=214684116 execution_duration_ms=53395
[2026-01-30 15:04:01.928] [info] [spider.worker] [TIMING] task_id=b7e7b803-91df-4943-a1d1-0b8d9121c823 func=job_orchestration.executor.compress.spider_compress.compress submit_output_start=214684118 submit_output_end=214684136 submit_output_duration_ms=17
[2026-01-30 15:04:01.947] [info] [spider.worker] [TIMING] task_id=e8d955c4-8af2-4197-a2ad-daa3a97fae25 func=job_orchestration.executor.compress.spider_compress.compress fetch_input_start=214684154 fetch_input_end=214684155 fetch_input_duration_ms=1
[2026-01-30 15:04:13.864] [info] [spider.worker] [TIMING] task_id=e8d955c4-8af2-4197-a2ad-daa3a97fae25 func=job_orchestration.executor.compress.spider_compress.compress execution_start=214684156 execution_end=214696072 execution_duration_ms=11916
[2026-01-30 15:04:13.876] [info] [spider.worker] [TIMING] task_id=e8d955c4-8af2-4197-a2ad-daa3a97fae25 func=job_orchestration.executor.compress.spider_compress.compress submit_output_start=214696074 submit_output_end=214696085 submit_output_duration_ms=10
[2026-01-30 15:04:13.912] [info] [spider.worker] [TIMING] task_id=ef86aefa-943f-46b9-bbfe-382bdb48fb59 func=job_orchestration.executor.compress.spider_compress.compress fetch_input_start=214696119 fetch_input_end=214696120 fetch_input_duration_ms=0
[2026-01-30 15:04:35.299] [info] [spider.worker] [TIMING] task_id=ef86aefa-943f-46b9-bbfe-382bdb48fb59 func=job_orchestration.executor.compress.spider_compress.compress execution_start=214696121 execution_end=214717507 execution_duration_ms=21386
[2026-01-30 15:04:35.341] [info] [spider.worker] [TIMING] task_id=ef86aefa-943f-46b9-bbfe-382bdb48fb59 func=job_orchestration.executor.compress.spider_compress.compress submit_output_start=214717509 submit_output_end=214717550 submit_output_duration_ms=41
[2026-01-30 15:04:35.352] [info] [spider.worker] [TIMING] task_id=593852fd-b190-4f9c-b523-0846900ab9b6 func=job_orchestration.executor.compress.spider_compress.compress fetch_input_start=214717559 fetch_input_end=214717560 fetch_input_duration_ms=0
[2026-01-30 15:04:45.009] [info] [spider.worker] [TIMING] task_id=593852fd-b190-4f9c-b523-0846900ab9b6 func=job_orchestration.executor.compress.spider_compress.compress execution_start=214717561 execution_end=214727218 execution_duration_ms=9656
[2026-01-30 15:04:45.050] [info] [spider.worker] [TIMING] task_id=593852fd-b190-4f9c-b523-0846900ab9b6 func=job_orchestration.executor.compress.spider_compress.compress submit_output_start=214727220 submit_output_end=214727259 submit_output_duration_ms=39
[2026-01-30 15:04:45.078] [info] [spider.worker] [TIMING] task_id=43050373-a30b-425c-9c0b-992d48eadf5c func=job_orchestration.executor.compress.spider_compress.compress fetch_input_start=214727285 fetch_input_end=214727286 fetch_input_duration_ms=1
[2026-01-30 15:04:55.508] [info] [spider.worker] [TIMING] task_id=43050373-a30b-425c-9c0b-992d48eadf5c func=job_orchestration.executor.compress.spider_compress.compress execution_start=214727287 execution_end=214737716 execution_duration_ms=10429
[2026-01-30 15:04:55.560] [info] [spider.worker] [TIMING] task_id=43050373-a30b-425c-9c0b-992d48eadf5c func=job_orchestration.executor.compress.spider_compress.compress submit_output_start=214737718 submit_output_end=214737769 submit_output_duration_ms=50
[2026-01-30 15:04:55.592] [info] [spider.worker] [TIMING] task_id=b3498e73-04a2-4f63-b46d-5c74609aac15 func=job_orchestration.executor.compress.spider_compress.compress fetch_input_start=214737800 fetch_input_end=214737801 fetch_input_duration_ms=0
[2026-01-30 15:05:40.164] [info] [spider.worker] [TIMING] task_id=b3498e73-04a2-4f63-b46d-5c74609aac15 func=job_orchestration.executor.compress.spider_compress.compress execution_start=214737826 execution_end=214782372 execution_duration_ms=44546
[2026-01-30 15:05:40.211] [info] [spider.worker] [TIMING] task_id=b3498e73-04a2-4f63-b46d-5c74609aac15 func=job_orchestration.executor.compress.spider_compress.compress submit_output_start=214782374 submit_output_end=214782420 submit_output_duration_ms=45
[2026-01-30 15:05:40.393] [info] [spider.worker] [TIMING] task_id=3787b8ad-904c-4066-b7e3-167eb5f57e4e func=job_orchestration.executor.compress.spider_compress.compress fetch_input_start=214782600 fetch_input_end=214782601 fetch_input_duration_ms=1
[2026-01-30 15:05:52.344] [info] [spider.worker] [TIMING] task_id=3787b8ad-904c-4066-b7e3-167eb5f57e4e func=job_orchestration.executor.compress.spider_compress.compress execution_start=214782602 execution_end=214794552 execution_duration_ms=11950
[2026-01-30 15:05:52.360] [info] [spider.worker] [TIMING] task_id=3787b8ad-904c-4066-b7e3-167eb5f57e4e func=job_orchestration.executor.compress.spider_compress.compress submit_output_start=214794554 submit_output_end=214794569 submit_output_duration_ms=14
[2026-01-30 15:05:52.371] [info] [spider.worker] [TIMING] task_id=727e879f-79ab-4e15-bff4-5685d41d1be5 func=job_orchestration.executor.compress.spider_compress.compress fetch_input_start=214794579 fetch_input_end=214794579 fetch_input_duration_ms=0
[2026-01-30 15:06:21.603] [info] [spider.worker] [TIMING] task_id=727e879f-79ab-4e15-bff4-5685d41d1be5 func=job_orchestration.executor.compress.spider_compress.compress execution_start=214794580 execution_end=214823811 execution_duration_ms=29231
[2026-01-30 15:06:21.645] [info] [spider.worker] [TIMING] task_id=727e879f-79ab-4e15-bff4-5685d41d1be5 func=job_orchestration.executor.compress.spider_compress.compress submit_output_start=214823814 submit_output_end=214823854 submit_output_duration_ms=40
[2026-01-30 15:06:21.687] [info] [spider.worker] [TIMING] task_id=05faf158-f7c1-4c0e-a743-f52b4248e872 func=job_orchestration.executor.compress.spider_compress.compress fetch_input_start=214823894 fetch_input_end=214823895 fetch_input_duration_ms=1
[2026-01-30 15:06:33.905] [info] [spider.worker] [TIMING] task_id=05faf158-f7c1-4c0e-a743-f52b4248e872 func=job_orchestration.executor.compress.spider_compress.compress execution_start=214823896 execution_end=214836114 execution_duration_ms=12217
[2026-01-30 15:06:33.916] [info] [spider.worker] [TIMING] task_id=05faf158-f7c1-4c0e-a743-f52b4248e872 func=job_orchestration.executor.compress.spider_compress.compress submit_output_start=214836115 submit_output_end=214836124 submit_output_duration_ms=8
[2026-01-30 15:06:33.934] [info] [spider.worker] [TIMING] task_id=44927af6-4eca-489a-b0ee-e8b05eb78d19 func=job_orchestration.executor.compress.spider_compress.compress fetch_input_start=214836142 fetch_input_end=214836143 fetch_input_duration_ms=0
[2026-01-30 15:06:43.675] [info] [spider.worker] [TIMING] task_id=44927af6-4eca-489a-b0ee-e8b05eb78d19 func=job_orchestration.executor.compress.spider_compress.compress execution_start=214836143 execution_end=214845883 execution_duration_ms=9740
[2026-01-30 15:06:43.698] [info] [spider.worker] [TIMING] task_id=44927af6-4eca-489a-b0ee-e8b05eb78d19 func=job_orchestration.executor.compress.spider_compress.compress submit_output_start=214845885 submit_output_end=214845907 submit_output_duration_ms=21
[2026-01-30 15:06:43.725] [info] [spider.worker] [TIMING] task_id=48eb99a2-3b23-4b6b-9567-cd82579ca1d6 func=job_orchestration.executor.compress.spider_compress.compress fetch_input_start=214845933 fetch_input_end=214845933 fetch_input_duration_ms=0
[2026-01-30 15:07:32.582] [info] [spider.worker] [TIMING] task_id=48eb99a2-3b23-4b6b-9567-cd82579ca1d6 func=job_orchestration.executor.compress.spider_compress.compress execution_start=214845934 execution_end=214894791 execution_duration_ms=48856
[2026-01-30 15:07:32.603] [info] [spider.worker] [TIMING] task_id=48eb99a2-3b23-4b6b-9567-cd82579ca1d6 func=job_orchestration.executor.compress.spider_compress.compress submit_output_start=214894792 submit_output_end=214894811 submit_output_duration_ms=19
[2026-01-30 15:07:32.622] [info] [spider.worker] [TIMING] task_id=f72dacc4-0420-4a14-9b6c-dc39ed7018f1 func=job_orchestration.executor.compress.spider_compress.compress fetch_input_start=214894830 fetch_input_end=214894831 fetch_input_duration_ms=1
[2026-01-30 15:07:44.019] [info] [spider.worker] [TIMING] task_id=f72dacc4-0420-4a14-9b6c-dc39ed7018f1 func=job_orchestration.executor.compress.spider_compress.compress execution_start=214894832 execution_end=214906228 execution_duration_ms=11395
[2026-01-30 15:07:44.043] [info] [spider.worker] [TIMING] task_id=f72dacc4-0420-4a14-9b6c-dc39ed7018f1 func=job_orchestration.executor.compress.spider_compress.compress submit_output_start=214906229 submit_output_end=214906252 submit_output_duration_ms=22
[2026-01-30 15:07:44.062] [info] [spider.worker] [TIMING] task_id=42e0a3fe-520f-4f9d-a934-80b6eb0e24f7 func=job_orchestration.executor.compress.spider_compress.compress fetch_input_start=214906270 fetch_input_end=214906271 fetch_input_duration_ms=0
[2026-01-30 15:07:54.837] [info] [spider.worker] [TIMING] task_id=42e0a3fe-520f-4f9d-a934-80b6eb0e24f7 func=job_orchestration.executor.compress.spider_compress.compress execution_start=214906272 execution_end=214917045 execution_duration_ms=10773
[2026-01-30 15:07:54.851] [info] [spider.worker] [TIMING] task_id=42e0a3fe-520f-4f9d-a934-80b6eb0e24f7 func=job_orchestration.executor.compress.spider_compress.compress submit_output_start=214917047 submit_output_end=214917060 submit_output_duration_ms=12
[2026-01-30 15:07:54.871] [info] [spider.worker] [TIMING] task_id=20cd8a93-5c39-4717-ad99-c660d241055e func=job_orchestration.executor.compress.spider_compress.compress fetch_input_start=214917078 fetch_input_end=214917079 fetch_input_duration_ms=1
[2026-01-30 15:08:05.386] [info] [spider.worker] [TIMING] task_id=20cd8a93-5c39-4717-ad99-c660d241055e func=job_orchestration.executor.compress.spider_compress.compress execution_start=214917080 execution_end=214927594 execution_duration_ms=10514
[2026-01-30 15:08:05.401] [info] [spider.worker] [TIMING] task_id=20cd8a93-5c39-4717-ad99-c660d241055e func=job_orchestration.executor.compress.spider_compress.compress submit_output_start=214927596 submit_output_end=214927609 submit_output_duration_ms=13
[2026-01-30 15:08:05.435] [info] [spider.worker] [TIMING] task_id=38641343-f198-42d9-8b7a-66fb72139b61 func=job_orchestration.executor.compress.spider_compress.compress fetch_input_start=214927642 fetch_input_end=214927643 fetch_input_duration_ms=1
[2026-01-30 15:08:17.806] [info] [spider.worker] [TIMING] task_id=38641343-f198-42d9-8b7a-66fb72139b61 func=job_orchestration.executor.compress.spider_compress.compress execution_start=214927644 execution_end=214940014 execution_duration_ms=12370
[2026-01-30 15:08:17.825] [info] [spider.worker] [TIMING] task_id=38641343-f198-42d9-8b7a-66fb72139b61 func=job_orchestration.executor.compress.spider_compress.compress submit_output_start=214940017 submit_output_end=214940033 submit_output_duration_ms=16
[2026-01-30 15:08:17.836] [info] [spider.worker] [TIMING] task_id=0d4ee9b7-315b-4585-9bc7-b05dcf71cbc2 func=job_orchestration.executor.compress.spider_compress.compress fetch_input_start=214940043 fetch_input_end=214940045 fetch_input_duration_ms=1
[2026-01-30 15:08:27.943] [info] [spider.worker] [TIMING] task_id=0d4ee9b7-315b-4585-9bc7-b05dcf71cbc2 func=job_orchestration.executor.compress.spider_compress.compress execution_start=214940046 execution_end=214950152 execution_duration_ms=10106
[2026-01-30 15:08:27.957] [info] [spider.worker] [TIMING] task_id=0d4ee9b7-315b-4585-9bc7-b05dcf71cbc2 func=job_orchestration.executor.compress.spider_compress.compress submit_output_start=214950154 submit_output_end=214950166 submit_output_duration_ms=11
[2026-01-30 15:08:27.968] [info] [spider.worker] [TIMING] task_id=8494f024-7942-4524-b67d-36a5ee330b99 func=job_orchestration.executor.compress.spider_compress.compress fetch_input_start=214950175 fetch_input_end=214950176 fetch_input_duration_ms=0
[2026-01-30 15:08:39.537] [info] [spider.worker] [TIMING] task_id=8494f024-7942-4524-b67d-36a5ee330b99 func=job_orchestration.executor.compress.spider_compress.compress execution_start=214950177 execution_end=214961746 execution_duration_ms=11568
[2026-01-30 15:08:39.557] [info] [spider.worker] [TIMING] task_id=8494f024-7942-4524-b67d-36a5ee330b99 func=job_orchestration.executor.compress.spider_compress.compress submit_output_start=214961748 submit_output_end=214961765 submit_output_duration_ms=16
[2026-01-30 15:08:39.575] [info] [spider.worker] [TIMING] task_id=7d11c2f7-7c91-4da4-a415-b8e122112d4d func=job_orchestration.executor.compress.spider_compress.compress fetch_input_start=214961783 fetch_input_end=214961784 fetch_input_duration_ms=0
[2026-01-30 15:08:53.095] [info] [spider.worker] [TIMING] task_id=7d11c2f7-7c91-4da4-a415-b8e122112d4d func=job_orchestration.executor.compress.spider_compress.compress execution_start=214961784 execution_end=214975304 execution_duration_ms=13519
[2026-01-30 15:08:53.128] [info] [spider.worker] [TIMING] task_id=7d11c2f7-7c91-4da4-a415-b8e122112d4d func=job_orchestration.executor.compress.spider_compress.compress submit_output_start=214975305 submit_output_end=214975336 submit_output_duration_ms=30
[2026-01-30 15:08:53.150] [info] [spider.worker] [TIMING] task_id=b4f1d320-fa2d-4152-b161-f8e8e30abe50 func=job_orchestration.executor.compress.spider_compress.compress fetch_input_start=214975357 fetch_input_end=214975359 fetch_input_duration_ms=1
[2026-01-30 15:09:03.297] [info] [spider.worker] [TIMING] task_id=b4f1d320-fa2d-4152-b161-f8e8e30abe50 func=job_orchestration.executor.compress.spider_compress.compress execution_start=214975359 execution_end=214985506 execution_duration_ms=10146
[2026-01-30 15:09:03.305] [info] [spider.worker] [TIMING] task_id=b4f1d320-fa2d-4152-b161-f8e8e30abe50 func=job_orchestration.executor.compress.spider_compress.compress submit_output_start=214985507 submit_output_end=214985513 submit_output_duration_ms=5
[2026-01-30 15:09:03.316] [info] [spider.worker] [TIMING] task_id=b5edca0c-29a2-42e1-8a03-a8a52abc74bb func=job_orchestration.executor.compress.spider_compress.compress fetch_input_start=214985523 fetch_input_end=214985524 fetch_input_duration_ms=1
[2026-01-30 15:10:04.044] [info] [spider.worker] [TIMING] task_id=b5edca0c-29a2-42e1-8a03-a8a52abc74bb func=job_orchestration.executor.compress.spider_compress.compress execution_start=214985525 execution_end=215046253 execution_duration_ms=60728
[2026-01-30 15:10:04.058] [info] [spider.worker] [TIMING] task_id=b5edca0c-29a2-42e1-8a03-a8a52abc74bb func=job_orchestration.executor.compress.spider_compress.compress submit_output_start=215046254 submit_output_end=215046266 submit_output_duration_ms=12
[2026-01-30 15:10:04.068] [info] [spider.worker] [TIMING] task_id=096552c8-3931-435a-8a05-a0336584dbc7 func=job_orchestration.executor.compress.spider_compress.compress fetch_input_start=215046276 fetch_input_end=215046277 fetch_input_duration_ms=0
[2026-01-30 15:10:15.490] [info] [spider.worker] [TIMING] task_id=096552c8-3931-435a-8a05-a0336584dbc7 func=job_orchestration.executor.compress.spider_compress.compress execution_start=215046277 execution_end=215057698 execution_duration_ms=11420
[2026-01-30 15:10:15.533] [info] [spider.worker] [TIMING] task_id=096552c8-3931-435a-8a05-a0336584dbc7 func=job_orchestration.executor.compress.spider_compress.compress submit_output_start=215057720 submit_output_end=215057741 submit_output_duration_ms=21
[2026-01-30 15:10:15.576] [info] [spider.worker] [TIMING] task_id=5dc3fdb3-729c-4c68-857c-2029c09c8f5a func=job_orchestration.executor.compress.spider_compress.compress fetch_input_start=215057783 fetch_input_end=215057784 fetch_input_duration_ms=1
[2026-01-30 15:10:29.520] [info] [spider.worker] [TIMING] task_id=5dc3fdb3-729c-4c68-857c-2029c09c8f5a func=job_orchestration.executor.compress.spider_compress.compress execution_start=215057785 execution_end=215071729 execution_duration_ms=13943
[2026-01-30 15:10:29.560] [info] [spider.worker] [TIMING] task_id=5dc3fdb3-729c-4c68-857c-2029c09c8f5a func=job_orchestration.executor.compress.spider_compress.compress submit_output_start=215071730 submit_output_end=215071768 submit_output_duration_ms=38
[2026-01-30 15:10:29.576] [info] [spider.worker] [TIMING] task_id=ffabd498-9778-4110-9122-d4c4fc6caf23 func=job_orchestration.executor.compress.spider_compress.compress fetch_input_start=215071783 fetch_input_end=215071784 fetch_input_duration_ms=0
[2026-01-30 15:11:37.435] [info] [spider.worker] [TIMING] task_id=ffabd498-9778-4110-9122-d4c4fc6caf23 func=job_orchestration.executor.compress.spider_compress.compress execution_start=215071785 execution_end=215139644 execution_duration_ms=67859
[2026-01-30 15:11:37.471] [info] [spider.worker] [TIMING] task_id=ffabd498-9778-4110-9122-d4c4fc6caf23 func=job_orchestration.executor.compress.spider_compress.compress submit_output_start=215139646 submit_output_end=215139679 submit_output_duration_ms=33
[2026-01-30 15:11:37.516] [info] [spider.worker] [TIMING] task_id=221b007d-e327-4bf4-a6a0-674e9449207c func=job_orchestration.executor.compress.spider_compress.compress fetch_input_start=215139723 fetch_input_end=215139725 fetch_input_duration_ms=1
[2026-01-30 15:11:47.981] [info] [spider.worker] [TIMING] task_id=221b007d-e327-4bf4-a6a0-674e9449207c func=job_orchestration.executor.compress.spider_compress.compress execution_start=215139725 execution_end=215150189 execution_duration_ms=10463
[2026-01-30 15:11:47.992] [info] [spider.worker] [TIMING] task_id=221b007d-e327-4bf4-a6a0-674e9449207c func=job_orchestration.executor.compress.spider_compress.compress submit_output_start=215150191 submit_output_end=215150201 submit_output_duration_ms=9
[2026-01-30 15:11:48.011] [info] [spider.worker] [TIMING] task_id=093bdeea-047d-45ba-a984-4f37f9fb0a23 func=job_orchestration.executor.compress.spider_compress.compress fetch_input_start=215150219 fetch_input_end=215150220 fetch_input_duration_ms=0
[2026-01-30 15:11:58.705] [info] [spider.worker] [TIMING] task_id=093bdeea-047d-45ba-a984-4f37f9fb0a23 func=job_orchestration.executor.compress.spider_compress.compress execution_start=215150221 execution_end=215160913 execution_duration_ms=10692
[2026-01-30 15:11:58.716] [info] [spider.worker] [TIMING] task_id=093bdeea-047d-45ba-a984-4f37f9fb0a23 func=job_orchestration.executor.compress.spider_compress.compress submit_output_start=215160916 submit_output_end=215160925 submit_output_duration_ms=8
[2026-01-30 15:11:58.727] [info] [spider.worker] [TIMING] task_id=0df114f1-ada1-45e8-935a-e453b8e18398 func=job_orchestration.executor.compress.spider_compress.compress fetch_input_start=215160935 fetch_input_end=215160936 fetch_input_duration_ms=1
[2026-01-30 15:12:07.914] [info] [spider.worker] [TIMING] task_id=0df114f1-ada1-45e8-935a-e453b8e18398 func=job_orchestration.executor.compress.spider_compress.compress execution_start=215160936 execution_end=215170123 execution_duration_ms=9186
[2026-01-30 15:12:07.932] [info] [spider.worker] [TIMING] task_id=0df114f1-ada1-45e8-935a-e453b8e18398 func=job_orchestration.executor.compress.spider_compress.compress submit_output_start=215170125 submit_output_end=215170141 submit_output_duration_ms=15
[2026-01-30 15:12:07.943] [info] [spider.worker] [TIMING] task_id=e52426f3-eb20-49a5-ba00-2b1b767ea974 func=job_orchestration.executor.compress.spider_compress.compress fetch_input_start=215170151 fetch_input_end=215170152 fetch_input_duration_ms=1
[2026-01-30 15:12:23.396] [info] [spider.worker] [TIMING] task_id=e52426f3-eb20-49a5-ba00-2b1b767ea974 func=job_orchestration.executor.compress.spider_compress.compress execution_start=215170153 execution_end=215185604 execution_duration_ms=15451
[2026-01-30 15:12:23.431] [info] [spider.worker] [TIMING] task_id=e52426f3-eb20-49a5-ba00-2b1b767ea974 func=job_orchestration.executor.compress.spider_compress.compress submit_output_start=215185625 submit_output_end=215185640 submit_output_duration_ms=14
[2026-01-30 15:17:10.214] [info] [spider.worker] [TIMING] task_id=d6a29daa-c269-416c-b567-abd64d3f2f37 func=job_orchestration.executor.query.spider_search_task.search_without_channel fetch_input_start=215472421 fetch_input_end=215472423 fetch_input_duration_ms=1
[2026-01-30 15:17:11.513] [info] [spider.worker] [TIMING] task_id=d6a29daa-c269-416c-b567-abd64d3f2f37 func=job_orchestration.executor.query.spider_search_task.search_without_channel execution_start=215472425 execution_end=215473722 execution_duration_ms=1296
[2026-01-30 15:17:11.578] [info] [spider.worker] [TIMING] task_id=d6a29daa-c269-416c-b567-abd64d3f2f37 func=job_orchestration.executor.query.spider_search_task.search_without_channel submit_output_start=215473723 submit_output_end=215473787 submit_output_duration_ms=63
[2026-01-30 15:17:11.648] [info] [spider.worker] [TIMING] task_id=841dc0b0-44ec-4221-a101-5761db75a436 func=job_orchestration.executor.query.spider_search_task.search_without_channel fetch_input_start=215473855 fetch_input_end=215473856 fetch_input_duration_ms=0
[2026-01-30 15:17:12.830] [info] [spider.worker] [TIMING] task_id=841dc0b0-44ec-4221-a101-5761db75a436 func=job_orchestration.executor.query.spider_search_task.search_without_channel execution_start=215473857 execution_end=215475038 execution_duration_ms=1181
[2026-01-30 15:17:12.923] [info] [spider.worker] [TIMING] task_id=841dc0b0-44ec-4221-a101-5761db75a436 func=job_orchestration.executor.query.spider_search_task.search_without_channel submit_output_start=215475040 submit_output_end=215475131 submit_output_duration_ms=91
[2026-01-30 15:17:12.976] [info] [spider.worker] [TIMING] task_id=7ba627a0-dc75-4280-bce5-7f1a15ff356b func=job_orchestration.executor.query.spider_search_task.search_without_channel fetch_input_start=215475183 fetch_input_end=215475184 fetch_input_duration_ms=0
[2026-01-30 15:17:14.277] [info] [spider.worker] [TIMING] task_id=7ba627a0-dc75-4280-bce5-7f1a15ff356b func=job_orchestration.executor.query.spider_search_task.search_without_channel execution_start=215475185 execution_end=215476485 execution_duration_ms=1300
[2026-01-30 15:17:14.342] [info] [spider.worker] [TIMING] task_id=7ba627a0-dc75-4280-bce5-7f1a15ff356b func=job_orchestration.executor.query.spider_search_task.search_without_channel submit_output_start=215476487 submit_output_end=215476551 submit_output_duration_ms=63
[2026-01-30 15:17:14.387] [info] [spider.worker] [TIMING] task_id=6410660c-99ad-426d-8833-b4b08a2e5a02 func=job_orchestration.executor.query.spider_search_task.search_without_channel fetch_input_start=215476594 fetch_input_end=215476595 fetch_input_duration_ms=0
[2026-01-30 15:17:15.681] [info] [spider.worker] [TIMING] task_id=6410660c-99ad-426d-8833-b4b08a2e5a02 func=job_orchestration.executor.query.spider_search_task.search_without_channel execution_start=215476596 execution_end=215477889 execution_duration_ms=1293
[2026-01-30 15:17:15.691] [info] [spider.worker] [TIMING] task_id=6410660c-99ad-426d-8833-b4b08a2e5a02 func=job_orchestration.executor.query.spider_search_task.search_without_channel submit_output_start=215477891 submit_output_end=215477899 submit_output_duration_ms=8
[2026-01-30 15:17:15.735] [info] [spider.worker] [TIMING] task_id=fef0126d-2b6b-443e-999c-e7a533777d43 func=job_orchestration.executor.query.spider_search_task.search_without_channel fetch_input_start=215477942 fetch_input_end=215477943 fetch_input_duration_ms=0
[2026-01-30 15:17:16.874] [info] [spider.worker] [TIMING] task_id=fef0126d-2b6b-443e-999c-e7a533777d43 func=job_orchestration.executor.query.spider_search_task.search_without_channel execution_start=215477944 execution_end=215479082 execution_duration_ms=1138
[2026-01-30 15:17:17.008] [info] [spider.worker] [TIMING] task_id=fef0126d-2b6b-443e-999c-e7a533777d43 func=job_orchestration.executor.query.spider_search_task.search_without_channel submit_output_start=215479084 submit_output_end=215479216 submit_output_duration_ms=132
[2026-01-30 15:17:17.044] [info] [spider.worker] [TIMING] task_id=d635bd89-01bc-48c2-bc91-85da84220e0a func=job_orchestration.executor.query.spider_search_task.search_without_channel fetch_input_start=215479251 fetch_input_end=215479253 fetch_input_duration_ms=1
[2026-01-30 15:17:18.256] [info] [spider.worker] [TIMING] task_id=d635bd89-01bc-48c2-bc91-85da84220e0a func=job_orchestration.executor.query.spider_search_task.search_without_channel execution_start=215479254 execution_end=215480465 execution_duration_ms=1210
[2026-01-30 15:17:18.301] [info] [spider.worker] [TIMING] task_id=d635bd89-01bc-48c2-bc91-85da84220e0a func=job_orchestration.executor.query.spider_search_task.search_without_channel submit_output_start=215480466 submit_output_end=215480510 submit_output_duration_ms=43
[2026-01-30 15:17:18.327] [info] [spider.worker] [TIMING] task_id=b2e25a94-d660-43d2-8765-bc8ad702d0e0 func=job_orchestration.executor.query.spider_search_task.search_without_channel fetch_input_start=215480535 fetch_input_end=215480535 fetch_input_duration_ms=0
[2026-01-30 15:17:19.503] [info] [spider.worker] [TIMING] task_id=b2e25a94-d660-43d2-8765-bc8ad702d0e0 func=job_orchestration.executor.query.spider_search_task.search_without_channel execution_start=215480536 execution_end=215481711 execution_duration_ms=1175
[2026-01-30 15:17:19.525] [info] [spider.worker] [TIMING] task_id=b2e25a94-d660-43d2-8765-bc8ad702d0e0 func=job_orchestration.executor.query.spider_search_task.search_without_channel submit_output_start=215481713 submit_output_end=215481734 submit_output_duration_ms=20
[2026-01-30 15:17:19.570] [info] [spider.worker] [TIMING] task_id=1e0392e7-ba27-4694-8aa9-3f15530f0d5b func=job_orchestration.executor.query.spider_search_task.search_without_channel fetch_input_start=215481777 fetch_input_end=215481778 fetch_input_duration_ms=1
[2026-01-30 15:17:20.845] [info] [spider.worker] [TIMING] task_id=1e0392e7-ba27-4694-8aa9-3f15530f0d5b func=job_orchestration.executor.query.spider_search_task.search_without_channel execution_start=215481779 execution_end=215483054 execution_duration_ms=1274
[2026-01-30 15:17:20.867] [info] [spider.worker] [TIMING] task_id=1e0392e7-ba27-4694-8aa9-3f15530f0d5b func=job_orchestration.executor.query.spider_search_task.search_without_channel submit_output_start=215483058 submit_output_end=215483075 submit_output_duration_ms=17
[2026-01-30 15:17:20.910] [info] [spider.worker] [TIMING] task_id=96781a6e-25d4-4cd7-b718-992c43c35a1b func=job_orchestration.executor.query.spider_search_task.search_without_channel fetch_input_start=215483117 fetch_input_end=215483118 fetch_input_duration_ms=0
[2026-01-30 15:17:22.185] [info] [spider.worker] [TIMING] task_id=96781a6e-25d4-4cd7-b718-992c43c35a1b func=job_orchestration.executor.query.spider_search_task.search_without_channel execution_start=215483119 execution_end=215484393 execution_duration_ms=1274
[2026-01-30 15:17:22.226] [info] [spider.worker] [TIMING] task_id=96781a6e-25d4-4cd7-b718-992c43c35a1b func=job_orchestration.executor.query.spider_search_task.search_without_channel submit_output_start=215484395 submit_output_end=215484434 submit_output_duration_ms=39
[2026-01-30 15:17:22.264] [info] [spider.worker] [TIMING] task_id=5ed66f7d-81df-421d-82f3-accdb9841dc3 func=job_orchestration.executor.query.spider_search_task.search_without_channel fetch_input_start=215484471 fetch_input_end=215484472 fetch_input_duration_ms=0
[2026-01-30 15:17:23.479] [info] [spider.worker] [TIMING] task_id=5ed66f7d-81df-421d-82f3-accdb9841dc3 func=job_orchestration.executor.query.spider_search_task.search_without_channel execution_start=215484473 execution_end=215485687 execution_duration_ms=1214
[2026-01-30 15:17:23.514] [info] [spider.worker] [TIMING] task_id=5ed66f7d-81df-421d-82f3-accdb9841dc3 func=job_orchestration.executor.query.spider_search_task.search_without_channel submit_output_start=215485689 submit_output_end=215485723 submit_output_duration_ms=33
[2026-01-30 15:17:23.537] [info] [spider.worker] [TIMING] task_id=0c0126f8-9b9e-4dc4-86d3-8f16fe27bc9a func=job_orchestration.executor.query.spider_search_task.search_without_channel fetch_input_start=215485744 fetch_input_end=215485745 fetch_input_duration_ms=0
[2026-01-30 15:17:24.699] [info] [spider.worker] [TIMING] task_id=0c0126f8-9b9e-4dc4-86d3-8f16fe27bc9a func=job_orchestration.executor.query.spider_search_task.search_without_channel execution_start=215485746 execution_end=215486907 execution_duration_ms=1161
[2026-01-30 15:17:24.720] [info] [spider.worker] [TIMING] task_id=0c0126f8-9b9e-4dc4-86d3-8f16fe27bc9a func=job_orchestration.executor.query.spider_search_task.search_without_channel submit_output_start=215486909 submit_output_end=215486928 submit_output_duration_ms=19
[2026-01-30 15:17:24.778] [info] [spider.worker] [TIMING] task_id=bdd86feb-1995-41e1-9e93-4196aa49ea44 func=job_orchestration.executor.query.spider_search_task.search_without_channel fetch_input_start=215486986 fetch_input_end=215486986 fetch_input_duration_ms=0
[2026-01-30 15:17:25.975] [info] [spider.worker] [TIMING] task_id=bdd86feb-1995-41e1-9e93-4196aa49ea44 func=job_orchestration.executor.query.spider_search_task.search_without_channel execution_start=215486987 execution_end=215488183 execution_duration_ms=1196
[2026-01-30 15:17:25.987] [info] [spider.worker] [TIMING] task_id=bdd86feb-1995-41e1-9e93-4196aa49ea44 func=job_orchestration.executor.query.spider_search_task.search_without_channel submit_output_start=215488185 submit_output_end=215488195 submit_output_duration_ms=9
[2026-01-30 15:17:26.040] [info] [spider.worker] [TIMING] task_id=c525b00a-74ad-44ae-8f2e-51ae0de361a0 func=job_orchestration.executor.query.spider_search_task.search_without_channel fetch_input_start=215488247 fetch_input_end=215488248 fetch_input_duration_ms=0
[2026-01-30 15:17:27.186] [info] [spider.worker] [TIMING] task_id=c525b00a-74ad-44ae-8f2e-51ae0de361a0 func=job_orchestration.executor.query.spider_search_task.search_without_channel execution_start=215488249 execution_end=215489395 execution_duration_ms=1146
[2026-01-30 15:17:27.224] [info] [spider.worker] [TIMING] task_id=c525b00a-74ad-44ae-8f2e-51ae0de361a0 func=job_orchestration.executor.query.spider_search_task.search_without_channel submit_output_start=215489396 submit_output_end=215489432 submit_output_duration_ms=35
[2026-01-30 15:17:27.294] [info] [spider.worker] [TIMING] task_id=a87e469f-ecd1-4a4d-a996-23435df81dad func=job_orchestration.executor.query.spider_search_task.search_without_channel fetch_input_start=215489501 fetch_input_end=215489502 fetch_input_duration_ms=1
[2026-01-30 15:17:28.440] [info] [spider.worker] [TIMING] task_id=a87e469f-ecd1-4a4d-a996-23435df81dad func=job_orchestration.executor.query.spider_search_task.search_without_channel execution_start=215489503 execution_end=215490648 execution_duration_ms=1145
[2026-01-30 15:17:28.510] [info] [spider.worker] [TIMING] task_id=a87e469f-ecd1-4a4d-a996-23435df81dad func=job_orchestration.executor.query.spider_search_task.search_without_channel submit_output_start=215490650 submit_output_end=215490718 submit_output_duration_ms=68
[2026-01-30 15:17:28.531] [info] [spider.worker] [TIMING] task_id=6f325cdb-25af-4318-b659-90241e2e1eeb func=job_orchestration.executor.query.spider_search_task.search_without_channel fetch_input_start=215490739 fetch_input_end=215490740 fetch_input_duration_ms=1
[2026-01-30 15:17:29.701] [info] [spider.worker] [TIMING] task_id=6f325cdb-25af-4318-b659-90241e2e1eeb func=job_orchestration.executor.query.spider_search_task.search_without_channel execution_start=215490740 execution_end=215491910 execution_duration_ms=1169
[2026-01-30 15:17:29.729] [info] [spider.worker] [TIMING] task_id=6f325cdb-25af-4318-b659-90241e2e1eeb func=job_orchestration.executor.query.spider_search_task.search_without_channel submit_output_start=215491912 submit_output_end=215491938 submit_output_duration_ms=26
[2026-01-30 15:17:29.781] [info] [spider.worker] [TIMING] task_id=a6a6c5f8-093b-4465-b80e-b053a3ad9b4c func=job_orchestration.executor.query.spider_search_task.search_without_channel fetch_input_start=215491989 fetch_input_end=215491990 fetch_input_duration_ms=0
[2026-01-30 15:17:31.064] [info] [spider.worker] [TIMING] task_id=a6a6c5f8-093b-4465-b80e-b053a3ad9b4c func=job_orchestration.executor.query.spider_search_task.search_without_channel execution_start=215491990 execution_end=215493273 execution_duration_ms=1282
[2026-01-30 15:17:31.078] [info] [spider.worker] [TIMING] task_id=a6a6c5f8-093b-4465-b80e-b053a3ad9b4c func=job_orchestration.executor.query.spider_search_task.search_without_channel submit_output_start=215493274 submit_output_end=215493287 submit_output_duration_ms=12
[2026-01-30 15:17:31.120] [info] [spider.worker] [TIMING] task_id=6a5cf8b9-532e-4a94-8fcc-57eaf4244081 func=job_orchestration.executor.query.spider_search_task.search_without_channel fetch_input_start=215493327 fetch_input_end=215493328 fetch_input_duration_ms=0
[2026-01-30 15:17:32.286] [info] [spider.worker] [TIMING] task_id=6a5cf8b9-532e-4a94-8fcc-57eaf4244081 func=job_orchestration.executor.query.spider_search_task.search_without_channel execution_start=215493329 execution_end=215494495 execution_duration_ms=1165
[2026-01-30 15:17:32.304] [info] [spider.worker] [TIMING] task_id=6a5cf8b9-532e-4a94-8fcc-57eaf4244081 func=job_orchestration.executor.query.spider_search_task.search_without_channel submit_output_start=215494497 submit_output_end=215494512 submit_output_duration_ms=15
[2026-01-30 15:17:32.314] [info] [spider.worker] [TIMING] task_id=98a81297-1769-4322-84f9-0e85c1d04ed4 func=job_orchestration.executor.query.spider_search_task.search_without_channel fetch_input_start=215494522 fetch_input_end=215494523 fetch_input_duration_ms=0
[2026-01-30 15:17:33.425] [info] [spider.worker] [TIMING] task_id=98a81297-1769-4322-84f9-0e85c1d04ed4 func=job_orchestration.executor.query.spider_search_task.search_without_channel execution_start=215494523 execution_end=215495633 execution_duration_ms=1109
[2026-01-30 15:17:33.458] [info] [spider.worker] [TIMING] task_id=98a81297-1769-4322-84f9-0e85c1d04ed4 func=job_orchestration.executor.query.spider_search_task.search_without_channel submit_output_start=215495635 submit_output_end=215495666 submit_output_duration_ms=31
[2026-01-30 15:17:33.498] [info] [spider.worker] [TIMING] task_id=967108e3-dad0-4301-b646-e0b8a8c33f0e func=job_orchestration.executor.query.spider_search_task.search_without_channel fetch_input_start=215495706 fetch_input_end=215495707 fetch_input_duration_ms=1
[2026-01-30 15:17:34.749] [info] [spider.worker] [TIMING] task_id=967108e3-dad0-4301-b646-e0b8a8c33f0e func=job_orchestration.executor.query.spider_search_task.search_without_channel execution_start=215495708 execution_end=215496957 execution_duration_ms=1249
[2026-01-30 15:17:34.786] [info] [spider.worker] [TIMING] task_id=967108e3-dad0-4301-b646-e0b8a8c33f0e func=job_orchestration.executor.query.spider_search_task.search_without_channel submit_output_start=215496959 submit_output_end=215496994 submit_output_duration_ms=35
[2026-01-30 15:17:34.807] [info] [spider.worker] [TIMING] task_id=13b2d591-f6cc-4909-bf03-62196260c3bc func=job_orchestration.executor.query.spider_search_task.search_without_channel fetch_input_start=215497014 fetch_input_end=215497016 fetch_input_duration_ms=1
[2026-01-30 15:17:36.061] [info] [spider.worker] [TIMING] task_id=13b2d591-f6cc-4909-bf03-62196260c3bc func=job_orchestration.executor.query.spider_search_task.search_without_channel execution_start=215497016 execution_end=215498270 execution_duration_ms=1253
[2026-01-30 15:17:36.098] [info] [spider.worker] [TIMING] task_id=13b2d591-f6cc-4909-bf03-62196260c3bc func=job_orchestration.executor.query.spider_search_task.search_without_channel submit_output_start=215498272 submit_output_end=215498306 submit_output_duration_ms=34
[2026-01-30 15:17:36.124] [info] [spider.worker] [TIMING] task_id=2caff13a-c13c-473c-9738-3c506a687923 func=job_orchestration.executor.query.spider_search_task.search_without_channel fetch_input_start=215498331 fetch_input_end=215498332 fetch_input_duration_ms=0
[2026-01-30 15:17:37.402] [info] [spider.worker] [TIMING] task_id=2caff13a-c13c-473c-9738-3c506a687923 func=job_orchestration.executor.query.spider_search_task.search_without_channel execution_start=215498333 execution_end=215499610 execution_duration_ms=1277
[2026-01-30 15:17:37.413] [info] [spider.worker] [TIMING] task_id=2caff13a-c13c-473c-9738-3c506a687923 func=job_orchestration.executor.query.spider_search_task.search_without_channel submit_output_start=215499612 submit_output_end=215499621 submit_output_duration_ms=8
[2026-01-30 15:17:37.432] [info] [spider.worker] [TIMING] task_id=0f14328c-69cf-4987-9b92-a15e0c2f196c func=job_orchestration.executor.query.spider_search_task.search_without_channel fetch_input_start=215499640 fetch_input_end=215499641 fetch_input_duration_ms=1
[2026-01-30 15:17:38.552] [info] [spider.worker] [TIMING] task_id=0f14328c-69cf-4987-9b92-a15e0c2f196c func=job_orchestration.executor.query.spider_search_task.search_without_channel execution_start=215499642 execution_end=215500760 execution_duration_ms=1118
[2026-01-30 15:17:38.563] [info] [spider.worker] [TIMING] task_id=0f14328c-69cf-4987-9b92-a15e0c2f196c func=job_orchestration.executor.query.spider_search_task.search_without_channel submit_output_start=215500762 submit_output_end=215500771 submit_output_duration_ms=9
[2026-01-30 15:17:38.575] [info] [spider.worker] [TIMING] task_id=fd3b8bc2-bd16-4aa6-88c5-03e698295a5b func=job_orchestration.executor.query.spider_search_task.search_without_channel fetch_input_start=215500782 fetch_input_end=215500783 fetch_input_duration_ms=1
[2026-01-30 15:17:39.854] [info] [spider.worker] [TIMING] task_id=fd3b8bc2-bd16-4aa6-88c5-03e698295a5b func=job_orchestration.executor.query.spider_search_task.search_without_channel execution_start=215500784 execution_end=215502062 execution_duration_ms=1277
[2026-01-30 15:17:40.259] [info] [spider.worker] [TIMING] task_id=fd3b8bc2-bd16-4aa6-88c5-03e698295a5b func=job_orchestration.executor.query.spider_search_task.search_without_channel submit_output_start=215502064 submit_output_end=215502468 submit_output_duration_ms=403
[2026-01-30 15:17:40.362] [info] [spider.worker] [TIMING] task_id=1faba2ad-e7fe-4d38-8216-1d6fdcaf8d46 func=job_orchestration.executor.query.spider_search_task.search_without_channel fetch_input_start=215502570 fetch_input_end=215502571 fetch_input_duration_ms=0
[2026-01-30 15:17:41.674] [info] [spider.worker] [TIMING] task_id=1faba2ad-e7fe-4d38-8216-1d6fdcaf8d46 func=job_orchestration.executor.query.spider_search_task.search_without_channel execution_start=215502571 execution_end=215503882 execution_duration_ms=1310
[2026-01-30 15:17:41.714] [info] [spider.worker] [TIMING] task_id=1faba2ad-e7fe-4d38-8216-1d6fdcaf8d46 func=job_orchestration.executor.query.spider_search_task.search_without_channel submit_output_start=215503883 submit_output_end=215503922 submit_output_duration_ms=38
[2026-01-30 15:17:41.733] [info] [spider.worker] [TIMING] task_id=5a04b95a-be54-4da4-bc99-46fea4210af8 func=job_orchestration.executor.query.spider_search_task.search_without_channel fetch_input_start=215503940 fetch_input_end=215503941 fetch_input_duration_ms=0
[2026-01-30 15:17:43.016] [info] [spider.worker] [TIMING] task_id=5a04b95a-be54-4da4-bc99-46fea4210af8 func=job_orchestration.executor.query.spider_search_task.search_without_channel execution_start=215503942 execution_end=215505224 execution_duration_ms=1282
[2026-01-30 15:17:43.067] [info] [spider.worker] [TIMING] task_id=5a04b95a-be54-4da4-bc99-46fea4210af8 func=job_orchestration.executor.query.spider_search_task.search_without_channel submit_output_start=215505226 submit_output_end=215505276 submit_output_duration_ms=49
[2026-01-30 15:17:43.108] [info] [spider.worker] [TIMING] task_id=c69a2ba9-9b96-4f73-a53d-4b983be7c5f1 func=job_orchestration.executor.query.spider_search_task.search_without_channel fetch_input_start=215505315 fetch_input_end=215505316 fetch_input_duration_ms=1
[2026-01-30 15:17:44.286] [info] [spider.worker] [TIMING] task_id=c69a2ba9-9b96-4f73-a53d-4b983be7c5f1 func=job_orchestration.executor.query.spider_search_task.search_without_channel execution_start=215505317 execution_end=215506494 execution_duration_ms=1177
[2026-01-30 15:17:44.328] [info] [spider.worker] [TIMING] task_id=c69a2ba9-9b96-4f73-a53d-4b983be7c5f1 func=job_orchestration.executor.query.spider_search_task.search_without_channel submit_output_start=215506496 submit_output_end=215506536 submit_output_duration_ms=40
[2026-01-30 15:17:44.373] [info] [spider.worker] [TIMING] task_id=fbbc371f-8c72-4870-8d06-973499b49409 func=job_orchestration.executor.query.spider_search_task.search_without_channel fetch_input_start=215506580 fetch_input_end=215506581 fetch_input_duration_ms=1
[2026-01-30 15:17:45.508] [info] [spider.worker] [TIMING] task_id=fbbc371f-8c72-4870-8d06-973499b49409 func=job_orchestration.executor.query.spider_search_task.search_without_channel execution_start=215506582 execution_end=215507716 execution_duration_ms=1133
[2026-01-30 15:17:45.539] [info] [spider.worker] [TIMING] task_id=fbbc371f-8c72-4870-8d06-973499b49409 func=job_orchestration.executor.query.spider_search_task.search_without_channel submit_output_start=215507718 submit_output_end=215507748 submit_output_duration_ms=29
[2026-01-30 15:17:45.559] [info] [spider.worker] [TIMING] task_id=e492ed31-e090-42f3-9ba1-86f7b07ffe47 func=job_orchestration.executor.query.spider_search_task.search_without_channel fetch_input_start=215507766 fetch_input_end=215507767 fetch_input_duration_ms=1
[2026-01-30 15:17:46.791] [info] [spider.worker] [TIMING] task_id=e492ed31-e090-42f3-9ba1-86f7b07ffe47 func=job_orchestration.executor.query.spider_search_task.search_without_channel execution_start=215507768 execution_end=215508999 execution_duration_ms=1231
[2026-01-30 15:17:46.826] [info] [spider.worker] [TIMING] task_id=e492ed31-e090-42f3-9ba1-86f7b07ffe47 func=job_orchestration.executor.query.spider_search_task.search_without_channel submit_output_start=215509000 submit_output_end=215509034 submit_output_duration_ms=33
[2026-01-30 15:17:46.874] [info] [spider.worker] [TIMING] task_id=5750818c-646f-4c4a-b203-6dcbe12bb24b func=job_orchestration.executor.query.spider_search_task.search_without_channel fetch_input_start=215509082 fetch_input_end=215509083 fetch_input_duration_ms=0
[2026-01-30 15:17:48.127] [info] [spider.worker] [TIMING] task_id=5750818c-646f-4c4a-b203-6dcbe12bb24b func=job_orchestration.executor.query.spider_search_task.search_without_channel execution_start=215509083 execution_end=215510336 execution_duration_ms=1252
[2026-01-30 15:17:48.171] [info] [spider.worker] [TIMING] task_id=5750818c-646f-4c4a-b203-6dcbe12bb24b func=job_orchestration.executor.query.spider_search_task.search_without_channel submit_output_start=215510338 submit_output_end=215510379 submit_output_duration_ms=41
[2026-01-30 15:17:48.241] [info] [spider.worker] [TIMING] task_id=9a09055e-b3bb-43aa-9e4d-96c6f8c3885c func=job_orchestration.executor.query.spider_search_task.search_without_channel fetch_input_start=215510448 fetch_input_end=215510449 fetch_input_duration_ms=0
[2026-01-30 15:17:49.612] [info] [spider.worker] [TIMING] task_id=9a09055e-b3bb-43aa-9e4d-96c6f8c3885c func=job_orchestration.executor.query.spider_search_task.search_without_channel execution_start=215510450 execution_end=215511820 execution_duration_ms=1370
[2026-01-30 15:17:49.652] [info] [spider.worker] [TIMING] task_id=9a09055e-b3bb-43aa-9e4d-96c6f8c3885c func=job_orchestration.executor.query.spider_search_task.search_without_channel submit_output_start=215511822 submit_output_end=215511861 submit_output_duration_ms=38
[2026-01-30 15:17:49.739] [info] [spider.worker] [TIMING] task_id=d0918ae5-765c-46ea-b818-9ef3ef7b636c func=job_orchestration.executor.query.spider_search_task.search_without_channel fetch_input_start=215511946 fetch_input_end=215511947 fetch_input_duration_ms=1
[2026-01-30 15:17:50.963] [info] [spider.worker] [TIMING] task_id=d0918ae5-765c-46ea-b818-9ef3ef7b636c func=job_orchestration.executor.query.spider_search_task.search_without_channel execution_start=215511948 execution_end=215513171 execution_duration_ms=1222
[2026-01-30 15:17:51.030] [info] [spider.worker] [TIMING] task_id=d0918ae5-765c-46ea-b818-9ef3ef7b636c func=job_orchestration.executor.query.spider_search_task.search_without_channel submit_output_start=215513189 submit_output_end=215513239 submit_output_duration_ms=49
[2026-01-30 15:17:51.133] [info] [spider.worker] [TIMING] task_id=ff8527c7-a11a-43e1-b492-49c1a8ace4f9 func=job_orchestration.executor.query.spider_search_task.search_without_channel fetch_input_start=215513341 fetch_input_end=215513342 fetch_input_duration_ms=0
[2026-01-30 15:17:52.363] [info] [spider.worker] [TIMING] task_id=ff8527c7-a11a-43e1-b492-49c1a8ace4f9 func=job_orchestration.executor.query.spider_search_task.search_without_channel execution_start=215513342 execution_end=215514571 execution_duration_ms=1228
[2026-01-30 15:17:52.399] [info] [spider.worker] [TIMING] task_id=ff8527c7-a11a-43e1-b492-49c1a8ace4f9 func=job_orchestration.executor.query.spider_search_task.search_without_channel submit_output_start=215514573 submit_output_end=215514608 submit_output_duration_ms=34
[2026-01-30 15:17:52.418] [info] [spider.worker] [TIMING] task_id=5e57a194-2f6c-4cc4-b1d1-355aa26f7c94 func=job_orchestration.executor.query.spider_search_task.search_without_channel fetch_input_start=215514626 fetch_input_end=215514627 fetch_input_duration_ms=0
[2026-01-30 15:17:53.646] [info] [spider.worker] [TIMING] task_id=5e57a194-2f6c-4cc4-b1d1-355aa26f7c94 func=job_orchestration.executor.query.spider_search_task.search_without_channel execution_start=215514627 execution_end=215515855 execution_duration_ms=1227
[2026-01-30 15:17:53.665] [info] [spider.worker] [TIMING] task_id=5e57a194-2f6c-4cc4-b1d1-355aa26f7c94 func=job_orchestration.executor.query.spider_search_task.search_without_channel submit_output_start=215515856 submit_output_end=215515874 submit_output_duration_ms=17
[2026-01-30 15:17:53.709] [info] [spider.worker] [TIMING] task_id=7adc536b-074a-4a4d-b42b-4a82ae34ccb3 func=job_orchestration.executor.query.spider_search_task.search_without_channel fetch_input_start=215515917 fetch_input_end=215515917 fetch_input_duration_ms=0
[2026-01-30 15:17:55.186] [info] [spider.worker] [TIMING] task_id=7adc536b-074a-4a4d-b42b-4a82ae34ccb3 func=job_orchestration.executor.query.spider_search_task.search_without_channel execution_start=215515918 execution_end=215517394 execution_duration_ms=1475
[2026-01-30 15:17:55.207] [info] [spider.worker] [TIMING] task_id=7adc536b-074a-4a4d-b42b-4a82ae34ccb3 func=job_orchestration.executor.query.spider_search_task.search_without_channel submit_output_start=215517397 submit_output_end=215517416 submit_output_duration_ms=18
[2026-01-30 15:17:55.227] [info] [spider.worker] [TIMING] task_id=508485bd-2ed3-4dad-8710-8910756691f0 func=job_orchestration.executor.query.spider_search_task.search_without_channel fetch_input_start=215517434 fetch_input_end=215517436 fetch_input_duration_ms=1
[2026-01-30 15:17:56.464] [info] [spider.worker] [TIMING] task_id=508485bd-2ed3-4dad-8710-8910756691f0 func=job_orchestration.executor.query.spider_search_task.search_without_channel execution_start=215517436 execution_end=215518672 execution_duration_ms=1236
[2026-01-30 15:17:56.492] [info] [spider.worker] [TIMING] task_id=508485bd-2ed3-4dad-8710-8910756691f0 func=job_orchestration.executor.query.spider_search_task.search_without_channel submit_output_start=215518674 submit_output_end=215518700 submit_output_duration_ms=26
[2026-01-30 15:17:56.510] [info] [spider.worker] [TIMING] task_id=9c08527f-6e7a-4851-a5e6-96340a3da69b func=job_orchestration.executor.query.spider_search_task.search_without_channel fetch_input_start=215518718 fetch_input_end=215518719 fetch_input_duration_ms=0
[2026-01-30 15:17:57.739] [info] [spider.worker] [TIMING] task_id=9c08527f-6e7a-4851-a5e6-96340a3da69b func=job_orchestration.executor.query.spider_search_task.search_without_channel execution_start=215518719 execution_end=215519948 execution_duration_ms=1228
[2026-01-30 15:17:57.778] [info] [spider.worker] [TIMING] task_id=9c08527f-6e7a-4851-a5e6-96340a3da69b func=job_orchestration.executor.query.spider_search_task.search_without_channel submit_output_start=215519949 submit_output_end=215519986 submit_output_duration_ms=37
[2026-01-30 15:17:57.802] [info] [spider.worker] [TIMING] task_id=f3d0687e-5687-45a3-9e02-65f3a1c0046c func=job_orchestration.executor.query.spider_search_task.search_without_channel fetch_input_start=215520010 fetch_input_end=215520011 fetch_input_duration_ms=1
[2026-01-30 15:17:58.981] [info] [spider.worker] [TIMING] task_id=f3d0687e-5687-45a3-9e02-65f3a1c0046c func=job_orchestration.executor.query.spider_search_task.search_without_channel execution_start=215520011 execution_end=215521189 execution_duration_ms=1177
[2026-01-30 15:17:59.000] [info] [spider.worker] [TIMING] task_id=f3d0687e-5687-45a3-9e02-65f3a1c0046c func=job_orchestration.executor.query.spider_search_task.search_without_channel submit_output_start=215521191 submit_output_end=215521208 submit_output_duration_ms=16
[2026-01-30 15:17:59.019] [info] [spider.worker] [TIMING] task_id=f8af4cb4-7067-4f3b-b4dc-cb0057843ab2 func=job_orchestration.executor.query.spider_search_task.search_without_channel fetch_input_start=215521227 fetch_input_end=215521228 fetch_input_duration_ms=1
[2026-01-30 15:18:00.144] [info] [spider.worker] [TIMING] task_id=f8af4cb4-7067-4f3b-b4dc-cb0057843ab2 func=job_orchestration.executor.query.spider_search_task.search_without_channel execution_start=215521228 execution_end=215522352 execution_duration_ms=1123
[2026-01-30 15:18:00.184] [info] [spider.worker] [TIMING] task_id=f8af4cb4-7067-4f3b-b4dc-cb0057843ab2 func=job_orchestration.executor.query.spider_search_task.search_without_channel submit_output_start=215522354 submit_output_end=215522392 submit_output_duration_ms=38
[2026-01-30 15:18:00.202] [info] [spider.worker] [TIMING] task_id=2dcea086-73f1-415a-a19a-a79bd25a73ab func=job_orchestration.executor.query.spider_search_task.search_without_channel fetch_input_start=215522410 fetch_input_end=215522411 fetch_input_duration_ms=1
[2026-01-30 15:18:01.346] [info] [spider.worker] [TIMING] task_id=2dcea086-73f1-415a-a19a-a79bd25a73ab func=job_orchestration.executor.query.spider_search_task.search_without_channel execution_start=215522412 execution_end=215523555 execution_duration_ms=1142
[2026-01-30 15:18:01.412] [info] [spider.worker] [TIMING] task_id=2dcea086-73f1-415a-a19a-a79bd25a73ab func=job_orchestration.executor.query.spider_search_task.search_without_channel submit_output_start=215523556 submit_output_end=215523620 submit_output_duration_ms=64
[2026-01-30 15:18:01.428] [info] [spider.worker] [TIMING] task_id=e839bf2b-3f70-4267-863b-227c218e48ea func=job_orchestration.executor.query.spider_search_task.search_without_channel fetch_input_start=215523635 fetch_input_end=215523637 fetch_input_duration_ms=1
[2026-01-30 15:18:02.577] [info] [spider.worker] [TIMING] task_id=e839bf2b-3f70-4267-863b-227c218e48ea func=job_orchestration.executor.query.spider_search_task.search_without_channel execution_start=215523637 execution_end=215524785 execution_duration_ms=1147
[2026-01-30 15:18:02.649] [info] [spider.worker] [TIMING] task_id=e839bf2b-3f70-4267-863b-227c218e48ea func=job_orchestration.executor.query.spider_search_task.search_without_channel submit_output_start=215524787 submit_output_end=215524858 submit_output_duration_ms=70
[2026-01-30 15:18:02.711] [info] [spider.worker] [TIMING] task_id=3338385e-e6ae-4a8b-bf7c-29e62ebda423 func=job_orchestration.executor.query.spider_search_task.search_without_channel fetch_input_start=215524919 fetch_input_end=215524920 fetch_input_duration_ms=1
[2026-01-30 15:18:03.902] [info] [spider.worker] [TIMING] task_id=3338385e-e6ae-4a8b-bf7c-29e62ebda423 func=job_orchestration.executor.query.spider_search_task.search_without_channel execution_start=215524921 execution_end=215526110 execution_duration_ms=1189
[2026-01-30 15:18:03.961] [info] [spider.worker] [TIMING] task_id=3338385e-e6ae-4a8b-bf7c-29e62ebda423 func=job_orchestration.executor.query.spider_search_task.search_without_channel submit_output_start=215526112 submit_output_end=215526169 submit_output_duration_ms=57
[2026-01-30 15:18:04.011] [info] [spider.worker] [TIMING] task_id=4a9da131-130b-478e-9b3a-4c86de77c180 func=job_orchestration.executor.query.spider_search_task.search_without_channel fetch_input_start=215526219 fetch_input_end=215526220 fetch_input_duration_ms=0
[2026-01-30 15:18:05.300] [info] [spider.worker] [TIMING] task_id=4a9da131-130b-478e-9b3a-4c86de77c180 func=job_orchestration.executor.query.spider_search_task.search_without_channel execution_start=215526220 execution_end=215527508 execution_duration_ms=1287
[2026-01-30 15:18:05.339] [info] [spider.worker] [TIMING] task_id=4a9da131-130b-478e-9b3a-4c86de77c180 func=job_orchestration.executor.query.spider_search_task.search_without_channel submit_output_start=215527509 submit_output_end=215527548 submit_output_duration_ms=38
[2026-01-30 15:18:05.362] [info] [spider.worker] [TIMING] task_id=11e5845b-c8eb-409a-b1ee-1f46734019aa func=job_orchestration.executor.query.spider_search_task.search_without_channel fetch_input_start=215527569 fetch_input_end=215527570 fetch_input_duration_ms=0
[2026-01-30 15:18:06.734] [info] [spider.worker] [TIMING] task_id=11e5845b-c8eb-409a-b1ee-1f46734019aa func=job_orchestration.executor.query.spider_search_task.search_without_channel execution_start=215527571 execution_end=215528942 execution_duration_ms=1370
[2026-01-30 15:18:06.776] [info] [spider.worker] [TIMING] task_id=11e5845b-c8eb-409a-b1ee-1f46734019aa func=job_orchestration.executor.query.spider_search_task.search_without_channel submit_output_start=215528952 submit_output_end=215528985 submit_output_duration_ms=32
[2026-01-30 15:18:06.921] [info] [spider.worker] [TIMING] task_id=606fd8d8-4f0e-4e4d-bf5f-42a3edc56ffa func=job_orchestration.executor.query.spider_search_task.search_without_channel fetch_input_start=215529129 fetch_input_end=215529130 fetch_input_duration_ms=1
[2026-01-30 15:18:08.123] [info] [spider.worker] [TIMING] task_id=606fd8d8-4f0e-4e4d-bf5f-42a3edc56ffa func=job_orchestration.executor.query.spider_search_task.search_without_channel execution_start=215529131 execution_end=215530331 execution_duration_ms=1200
[2026-01-30 15:18:08.164] [info] [spider.worker] [TIMING] task_id=606fd8d8-4f0e-4e4d-bf5f-42a3edc56ffa func=job_orchestration.executor.query.spider_search_task.search_without_channel submit_output_start=215530333 submit_output_end=215530372 submit_output_duration_ms=39
[2026-01-30 15:18:08.187] [info] [spider.worker] [TIMING] task_id=daef89a8-53a2-47bf-9908-33e5fbf92be9 func=job_orchestration.executor.query.spider_search_task.search_without_channel fetch_input_start=215530395 fetch_input_end=215530396 fetch_input_duration_ms=0
[2026-01-30 15:18:09.321] [info] [spider.worker] [TIMING] task_id=daef89a8-53a2-47bf-9908-33e5fbf92be9 func=job_orchestration.executor.query.spider_search_task.search_without_channel execution_start=215530396 execution_end=215531529 execution_duration_ms=1132
[2026-01-30 15:18:09.400] [info] [spider.worker] [TIMING] task_id=daef89a8-53a2-47bf-9908-33e5fbf92be9 func=job_orchestration.executor.query.spider_search_task.search_without_channel submit_output_start=215531530 submit_output_end=215531609 submit_output_duration_ms=78
[2026-01-30 15:18:09.478] [info] [spider.worker] [TIMING] task_id=9776589b-910e-4daa-a233-46879ca1096b func=job_orchestration.executor.query.spider_search_task.search_without_channel fetch_input_start=215531685 fetch_input_end=215531686 fetch_input_duration_ms=0
[2026-01-30 15:18:10.593] [info] [spider.worker] [TIMING] task_id=9776589b-910e-4daa-a233-46879ca1096b func=job_orchestration.executor.query.spider_search_task.search_without_channel execution_start=215531687 execution_end=215532801 execution_duration_ms=1114
[2026-01-30 15:18:10.627] [info] [spider.worker] [TIMING] task_id=9776589b-910e-4daa-a233-46879ca1096b func=job_orchestration.executor.query.spider_search_task.search_without_channel submit_output_start=215532803 submit_output_end=215532835 submit_output_duration_ms=32
[2026-01-30 15:18:10.637] [info] [spider.worker] [TIMING] task_id=5dd60edd-dd44-4b6e-a932-f08c496811bb func=job_orchestration.executor.query.spider_search_task.search_without_channel fetch_input_start=215532845 fetch_input_end=215532846 fetch_input_duration_ms=0
[2026-01-30 15:18:11.740] [info] [spider.worker] [TIMING] task_id=5dd60edd-dd44-4b6e-a932-f08c496811bb func=job_orchestration.executor.query.spider_search_task.search_without_channel execution_start=215532846 execution_end=215533948 execution_duration_ms=1101
[2026-01-30 15:18:11.798] [info] [spider.worker] [TIMING] task_id=5dd60edd-dd44-4b6e-a932-f08c496811bb func=job_orchestration.executor.query.spider_search_task.search_without_channel submit_output_start=215533950 submit_output_end=215534006 submit_output_duration_ms=56
[2026-01-30 15:18:11.821] [info] [spider.worker] [TIMING] task_id=3164606d-1f69-43f7-be31-ed61bdd064ec func=job_orchestration.executor.query.spider_search_task.search_without_channel fetch_input_start=215534029 fetch_input_end=215534030 fetch_input_duration_ms=1
[2026-01-30 15:18:12.893] [info] [spider.worker] [TIMING] task_id=3164606d-1f69-43f7-be31-ed61bdd064ec func=job_orchestration.executor.query.spider_search_task.search_without_channel execution_start=215534031 execution_end=215535102 execution_duration_ms=1071
[2026-01-30 15:18:12.902] [info] [spider.worker] [TIMING] task_id=3164606d-1f69-43f7-be31-ed61bdd064ec func=job_orchestration.executor.query.spider_search_task.search_without_channel submit_output_start=215535104 submit_output_end=215535111 submit_output_duration_ms=7
[2026-01-30 15:18:12.937] [info] [spider.worker] [TIMING] task_id=8163b30c-68f7-4d9b-8393-d1cd4d0db360 func=job_orchestration.executor.query.spider_search_task.search_without_channel fetch_input_start=215535144 fetch_input_end=215535145 fetch_input_duration_ms=0
[2026-01-30 15:18:14.137] [info] [spider.worker] [TIMING] task_id=8163b30c-68f7-4d9b-8393-d1cd4d0db360 func=job_orchestration.executor.query.spider_search_task.search_without_channel execution_start=215535146 execution_end=215536346 execution_duration_ms=1199
[2026-01-30 15:18:14.144] [info] [spider.worker] [TIMING] task_id=8163b30c-68f7-4d9b-8393-d1cd4d0db360 func=job_orchestration.executor.query.spider_search_task.search_without_channel submit_output_start=215536347 submit_output_end=215536353 submit_output_duration_ms=5
[2026-01-30 15:18:14.154] [info] [spider.worker] [TIMING] task_id=b86f2f11-81ac-4392-8318-922aeec3e9e2 func=job_orchestration.executor.query.spider_search_task.search_without_channel fetch_input_start=215536362 fetch_input_end=215536363 fetch_input_duration_ms=0
[2026-01-30 15:18:15.558] [info] [spider.worker] [TIMING] task_id=b86f2f11-81ac-4392-8318-922aeec3e9e2 func=job_orchestration.executor.query.spider_search_task.search_without_channel execution_start=215536363 execution_end=215537766 execution_duration_ms=1402
[2026-01-30 15:18:15.570] [info] [spider.worker] [TIMING] task_id=b86f2f11-81ac-4392-8318-922aeec3e9e2 func=job_orchestration.executor.query.spider_search_task.search_without_channel submit_output_start=215537768 submit_output_end=215537778 submit_output_duration_ms=10
[2026-01-30 15:18:15.580] [info] [spider.worker] [TIMING] task_id=903fc918-0f05-4aca-9d1c-b1cbc5bb3b67 func=job_orchestration.executor.query.spider_search_task.search_without_channel fetch_input_start=215537788 fetch_input_end=215537789 fetch_input_duration_ms=0
[2026-01-30 15:18:16.817] [info] [spider.worker] [TIMING] task_id=903fc918-0f05-4aca-9d1c-b1cbc5bb3b67 func=job_orchestration.executor.query.spider_search_task.search_without_channel execution_start=215537790 execution_end=215539025 execution_duration_ms=1235
[2026-01-30 15:18:16.845] [info] [spider.worker] [TIMING] task_id=903fc918-0f05-4aca-9d1c-b1cbc5bb3b67 func=job_orchestration.executor.query.spider_search_task.search_without_channel submit_output_start=215539027 submit_output_end=215539054 submit_output_duration_ms=26
[2026-01-30 15:18:16.865] [info] [spider.worker] [TIMING] task_id=679d9962-a8cc-48da-976b-f1eccaf0e525 func=job_orchestration.executor.query.spider_search_task.search_without_channel fetch_input_start=215539072 fetch_input_end=215539073 fetch_input_duration_ms=1
[2026-01-30 15:18:18.141] [info] [spider.worker] [TIMING] task_id=679d9962-a8cc-48da-976b-f1eccaf0e525 func=job_orchestration.executor.query.spider_search_task.search_without_channel execution_start=215539074 execution_end=215540349 execution_duration_ms=1275
[2026-01-30 15:18:18.173] [info] [spider.worker] [TIMING] task_id=679d9962-a8cc-48da-976b-f1eccaf0e525 func=job_orchestration.executor.query.spider_search_task.search_without_channel submit_output_start=215540351 submit_output_end=215540382 submit_output_duration_ms=30
[2026-01-30 15:18:18.198] [info] [spider.worker] [TIMING] task_id=093e1eda-c4b8-44e5-84cf-3436bc12936d func=job_orchestration.executor.query.spider_search_task.search_without_channel fetch_input_start=215540406 fetch_input_end=215540407 fetch_input_duration_ms=1
[2026-01-30 15:18:19.354] [info] [spider.worker] [TIMING] task_id=093e1eda-c4b8-44e5-84cf-3436bc12936d func=job_orchestration.executor.query.spider_search_task.search_without_channel execution_start=215540407 execution_end=215541562 execution_duration_ms=1154
[2026-01-30 15:18:19.370] [info] [spider.worker] [TIMING] task_id=093e1eda-c4b8-44e5-84cf-3436bc12936d func=job_orchestration.executor.query.spider_search_task.search_without_channel submit_output_start=215541563 submit_output_end=215541579 submit_output_duration_ms=15
[2026-01-30 15:18:19.421] [info] [spider.worker] [TIMING] task_id=0f3a347d-297e-4f85-bdd3-6a19f2251432 func=job_orchestration.executor.query.spider_search_task.search_without_channel fetch_input_start=215541628 fetch_input_end=215541629 fetch_input_duration_ms=1
[2026-01-30 15:18:20.734] [info] [spider.worker] [TIMING] task_id=0f3a347d-297e-4f85-bdd3-6a19f2251432 func=job_orchestration.executor.query.spider_search_task.search_without_channel execution_start=215541630 execution_end=215542943 execution_duration_ms=1312
[2026-01-30 15:18:20.772] [info] [spider.worker] [TIMING] task_id=0f3a347d-297e-4f85-bdd3-6a19f2251432 func=job_orchestration.executor.query.spider_search_task.search_without_channel submit_output_start=215542945 submit_output_end=215542981 submit_output_duration_ms=35
[2026-01-30 15:18:20.808] [info] [spider.worker] [TIMING] task_id=a8cb58e4-da99-4a41-8962-3a70e60c0c7a func=job_orchestration.executor.query.spider_search_task.search_without_channel fetch_input_start=215543015 fetch_input_end=215543016 fetch_input_duration_ms=1
[2026-01-30 15:18:22.100] [info] [spider.worker] [TIMING] task_id=a8cb58e4-da99-4a41-8962-3a70e60c0c7a func=job_orchestration.executor.query.spider_search_task.search_without_channel execution_start=215543017 execution_end=215544308 execution_duration_ms=1290
[2026-01-30 15:18:22.142] [info] [spider.worker] [TIMING] task_id=a8cb58e4-da99-4a41-8962-3a70e60c0c7a func=job_orchestration.executor.query.spider_search_task.search_