[2026-01-30 18:52:01.618] [warning] [spider.worker] Prefer using `SPIDER_STORAGE_URL` environment variable over `--storage_url` argument.
[2026-01-30 18:52:17.745] [info] [spider.worker] [TIMING] task_id=c17c668d-f4d7-47b0-800a-0716b1b35d92 func=job_orchestration.executor.query.spider_search_task.search_without_channel fetch_input_start=228379951 fetch_input_end=228379953 fetch_input_duration_ms=2
[2026-01-30 18:52:19.155] [info] [spider.worker] [TIMING] task_id=c17c668d-f4d7-47b0-800a-0716b1b35d92 func=job_orchestration.executor.query.spider_search_task.search_without_channel execution_start=228379954 execution_end=228381364 execution_duration_ms=1409
[2026-01-30 18:52:19.226] [info] [spider.worker] [TIMING] task_id=c17c668d-f4d7-47b0-800a-0716b1b35d92 func=job_orchestration.executor.query.spider_search_task.search_without_channel submit_output_start=228381366 submit_output_end=228381434 submit_output_duration_ms=68
[2026-01-30 18:52:19.295] [info] [spider.worker] [TIMING] task_id=685ebddd-e1af-4d30-a985-1546eaddd52b func=job_orchestration.executor.query.spider_search_task.search_without_channel fetch_input_start=228381502 fetch_input_end=228381503 fetch_input_duration_ms=0
[2026-01-30 18:52:20.422] [info] [spider.worker] [TIMING] task_id=685ebddd-e1af-4d30-a985-1546eaddd52b func=job_orchestration.executor.query.spider_search_task.search_without_channel execution_start=228381504 execution_end=228382630 execution_duration_ms=1126
[2026-01-30 18:52:20.467] [info] [spider.worker] [TIMING] task_id=685ebddd-e1af-4d30-a985-1546eaddd52b func=job_orchestration.executor.query.spider_search_task.search_without_channel submit_output_start=228382635 submit_output_end=228382676 submit_output_duration_ms=40
[2026-01-30 18:52:20.520] [info] [spider.worker] [TIMING] task_id=2ae19c59-ef9a-478c-be22-29d97d7e68c7 func=job_orchestration.executor.query.spider_search_task.search_without_channel fetch_input_start=228382727 fetch_input_end=228382728 fetch_input_duration_ms=0
[2026-01-30 18:52:21.812] [info] [spider.worker] [TIMING] task_id=2ae19c59-ef9a-478c-be22-29d97d7e68c7 func=job_orchestration.executor.query.spider_search_task.search_without_channel execution_start=228382729 execution_end=228384021 execution_duration_ms=1291
[2026-01-30 18:52:21.843] [info] [spider.worker] [TIMING] task_id=2ae19c59-ef9a-478c-be22-29d97d7e68c7 func=job_orchestration.executor.query.spider_search_task.search_without_channel submit_output_start=228384029 submit_output_end=228384051 submit_output_duration_ms=21
[2026-01-30 18:52:21.882] [info] [spider.worker] [TIMING] task_id=87039698-51e2-44c7-9ea0-1e29b48fbee5 func=job_orchestration.executor.query.spider_search_task.search_without_channel fetch_input_start=228384089 fetch_input_end=228384091 fetch_input_duration_ms=1
[2026-01-30 18:52:23.059] [info] [spider.worker] [TIMING] task_id=87039698-51e2-44c7-9ea0-1e29b48fbee5 func=job_orchestration.executor.query.spider_search_task.search_without_channel execution_start=228384092 execution_end=228385268 execution_duration_ms=1176
[2026-01-30 18:52:23.122] [info] [spider.worker] [TIMING] task_id=87039698-51e2-44c7-9ea0-1e29b48fbee5 func=job_orchestration.executor.query.spider_search_task.search_without_channel submit_output_start=228385269 submit_output_end=228385330 submit_output_duration_ms=61
[2026-01-30 18:52:23.145] [info] [spider.worker] [TIMING] task_id=6df9e808-3a47-4f95-aee4-745386eb34e2 func=job_orchestration.executor.query.spider_search_task.search_without_channel fetch_input_start=228385353 fetch_input_end=228385353 fetch_input_duration_ms=0
[2026-01-30 18:52:24.414] [info] [spider.worker] [TIMING] task_id=6df9e808-3a47-4f95-aee4-745386eb34e2 func=job_orchestration.executor.query.spider_search_task.search_without_channel execution_start=228385354 execution_end=228386622 execution_duration_ms=1268
[2026-01-30 18:52:24.460] [info] [spider.worker] [TIMING] task_id=6df9e808-3a47-4f95-aee4-745386eb34e2 func=job_orchestration.executor.query.spider_search_task.search_without_channel submit_output_start=228386623 submit_output_end=228386668 submit_output_duration_ms=44
[2026-01-30 18:52:24.519] [info] [spider.worker] [TIMING] task_id=d67643e7-95b1-459a-a1a4-d952b879e339 func=job_orchestration.executor.query.spider_search_task.search_without_channel fetch_input_start=228386727 fetch_input_end=228386728 fetch_input_duration_ms=0
[2026-01-30 18:52:25.808] [info] [spider.worker] [TIMING] task_id=d67643e7-95b1-459a-a1a4-d952b879e339 func=job_orchestration.executor.query.spider_search_task.search_without_channel execution_start=228386729 execution_end=228388016 execution_duration_ms=1287
[2026-01-30 18:52:25.835] [info] [spider.worker] [TIMING] task_id=d67643e7-95b1-459a-a1a4-d952b879e339 func=job_orchestration.executor.query.spider_search_task.search_without_channel submit_output_start=228388018 submit_output_end=228388044 submit_output_duration_ms=25
[2026-01-30 18:52:25.905] [info] [spider.worker] [TIMING] task_id=c821fbad-2538-427b-92fc-fb7a5b962d94 func=job_orchestration.executor.query.spider_search_task.search_without_channel fetch_input_start=228388113 fetch_input_end=228388113 fetch_input_duration_ms=0
[2026-01-30 18:52:27.170] [info] [spider.worker] [TIMING] task_id=c821fbad-2538-427b-92fc-fb7a5b962d94 func=job_orchestration.executor.query.spider_search_task.search_without_channel execution_start=228388114 execution_end=228389378 execution_duration_ms=1264
[2026-01-30 18:52:27.214] [info] [spider.worker] [TIMING] task_id=c821fbad-2538-427b-92fc-fb7a5b962d94 func=job_orchestration.executor.query.spider_search_task.search_without_channel submit_output_start=228389380 submit_output_end=228389422 submit_output_duration_ms=41
[2026-01-30 18:52:27.283] [info] [spider.worker] [TIMING] task_id=2b8bf9e5-f758-4fdb-9a62-101b7a08f1c0 func=job_orchestration.executor.query.spider_search_task.search_without_channel fetch_input_start=228389490 fetch_input_end=228389491 fetch_input_duration_ms=0
[2026-01-30 18:52:28.564] [info] [spider.worker] [TIMING] task_id=2b8bf9e5-f758-4fdb-9a62-101b7a08f1c0 func=job_orchestration.executor.query.spider_search_task.search_without_channel execution_start=228389492 execution_end=228390772 execution_duration_ms=1280
[2026-01-30 18:52:28.595] [info] [spider.worker] [TIMING] task_id=2b8bf9e5-f758-4fdb-9a62-101b7a08f1c0 func=job_orchestration.executor.query.spider_search_task.search_without_channel submit_output_start=228390773 submit_output_end=228390803 submit_output_duration_ms=30
[2026-01-30 18:52:28.639] [info] [spider.worker] [TIMING] task_id=acdaf158-8cb7-4cba-8882-ec6feb656ef4 func=job_orchestration.executor.query.spider_search_task.search_without_channel fetch_input_start=228390847 fetch_input_end=228390847 fetch_input_duration_ms=0
[2026-01-30 18:52:29.987] [info] [spider.worker] [TIMING] task_id=acdaf158-8cb7-4cba-8882-ec6feb656ef4 func=job_orchestration.executor.query.spider_search_task.search_without_channel execution_start=228390848 execution_end=228392196 execution_duration_ms=1347
[2026-01-30 18:52:30.003] [info] [spider.worker] [TIMING] task_id=acdaf158-8cb7-4cba-8882-ec6feb656ef4 func=job_orchestration.executor.query.spider_search_task.search_without_channel submit_output_start=228392198 submit_output_end=228392212 submit_output_duration_ms=13
[2026-01-30 18:52:30.022] [info] [spider.worker] [TIMING] task_id=3a86733a-5234-4d28-a692-4e7bbb19d449 func=job_orchestration.executor.query.spider_search_task.search_without_channel fetch_input_start=228392230 fetch_input_end=228392231 fetch_input_duration_ms=0
[2026-01-30 18:52:31.255] [info] [spider.worker] [TIMING] task_id=3a86733a-5234-4d28-a692-4e7bbb19d449 func=job_orchestration.executor.query.spider_search_task.search_without_channel execution_start=228392231 execution_end=228393464 execution_duration_ms=1232
[2026-01-30 18:52:31.347] [info] [spider.worker] [TIMING] task_id=3a86733a-5234-4d28-a692-4e7bbb19d449 func=job_orchestration.executor.query.spider_search_task.search_without_channel submit_output_start=228393465 submit_output_end=228393555 submit_output_duration_ms=89
[2026-01-30 18:52:31.372] [info] [spider.worker] [TIMING] task_id=c0c4a807-7bcd-4901-bd8d-4c3eb5748dd5 func=job_orchestration.executor.query.spider_search_task.search_without_channel fetch_input_start=228393580 fetch_input_end=228393580 fetch_input_duration_ms=0
[2026-01-30 18:52:32.572] [info] [spider.worker] [TIMING] task_id=c0c4a807-7bcd-4901-bd8d-4c3eb5748dd5 func=job_orchestration.executor.query.spider_search_task.search_without_channel execution_start=228393581 execution_end=228394780 execution_duration_ms=1199
[2026-01-30 18:52:32.637] [info] [spider.worker] [TIMING] task_id=c0c4a807-7bcd-4901-bd8d-4c3eb5748dd5 func=job_orchestration.executor.query.spider_search_task.search_without_channel submit_output_start=228394800 submit_output_end=228394846 submit_output_duration_ms=45
[2026-01-30 18:52:32.715] [info] [spider.worker] [TIMING] task_id=0875b53b-8787-4105-b42a-1672b4953160 func=job_orchestration.executor.query.spider_search_task.search_without_channel fetch_input_start=228394922 fetch_input_end=228394923 fetch_input_duration_ms=0
[2026-01-30 18:52:33.968] [info] [spider.worker] [TIMING] task_id=0875b53b-8787-4105-b42a-1672b4953160 func=job_orchestration.executor.query.spider_search_task.search_without_channel execution_start=228394924 execution_end=228396176 execution_duration_ms=1252
[2026-01-30 18:52:33.979] [info] [spider.worker] [TIMING] task_id=0875b53b-8787-4105-b42a-1672b4953160 func=job_orchestration.executor.query.spider_search_task.search_without_channel submit_output_start=228396178 submit_output_end=228396187 submit_output_duration_ms=9
[2026-01-30 18:52:34.022] [info] [spider.worker] [TIMING] task_id=b96cb009-3fdb-4201-892b-3fd586a01e5d func=job_orchestration.executor.query.spider_search_task.search_without_channel fetch_input_start=228396230 fetch_input_end=228396231 fetch_input_duration_ms=1
[2026-01-30 18:52:35.283] [info] [spider.worker] [TIMING] task_id=b96cb009-3fdb-4201-892b-3fd586a01e5d func=job_orchestration.executor.query.spider_search_task.search_without_channel execution_start=228396231 execution_end=228397491 execution_duration_ms=1260
[2026-01-30 18:52:35.314] [info] [spider.worker] [TIMING] task_id=b96cb009-3fdb-4201-892b-3fd586a01e5d func=job_orchestration.executor.query.spider_search_task.search_without_channel submit_output_start=228397493 submit_output_end=228397523 submit_output_duration_ms=29
[2026-01-30 18:52:35.340] [info] [spider.worker] [TIMING] task_id=a9aee6f4-31a3-4f97-8c39-aa98eeab7ef6 func=job_orchestration.executor.query.spider_search_task.search_without_channel fetch_input_start=228397548 fetch_input_end=228397549 fetch_input_duration_ms=0
[2026-01-30 18:52:36.630] [info] [spider.worker] [TIMING] task_id=a9aee6f4-31a3-4f97-8c39-aa98eeab7ef6 func=job_orchestration.executor.query.spider_search_task.search_without_channel execution_start=228397549 execution_end=228398838 execution_duration_ms=1288
[2026-01-30 18:52:36.663] [info] [spider.worker] [TIMING] task_id=a9aee6f4-31a3-4f97-8c39-aa98eeab7ef6 func=job_orchestration.executor.query.spider_search_task.search_without_channel submit_output_start=228398840 submit_output_end=228398871 submit_output_duration_ms=30
[2026-01-30 18:52:36.682] [info] [spider.worker] [TIMING] task_id=efaba059-eccc-4636-9e9c-16bf9509c9fa func=job_orchestration.executor.query.spider_search_task.search_without_channel fetch_input_start=228398889 fetch_input_end=228398890 fetch_input_duration_ms=0
[2026-01-30 18:52:37.913] [info] [spider.worker] [TIMING] task_id=efaba059-eccc-4636-9e9c-16bf9509c9fa func=job_orchestration.executor.query.spider_search_task.search_without_channel execution_start=228398891 execution_end=228400121 execution_duration_ms=1230
[2026-01-30 18:52:37.930] [info] [spider.worker] [TIMING] task_id=efaba059-eccc-4636-9e9c-16bf9509c9fa func=job_orchestration.executor.query.spider_search_task.search_without_channel submit_output_start=228400123 submit_output_end=228400138 submit_output_duration_ms=15
[2026-01-30 18:52:37.972] [info] [spider.worker] [TIMING] task_id=5590ee4d-c853-47f0-ba1a-6a075f208222 func=job_orchestration.executor.query.spider_search_task.search_without_channel fetch_input_start=228400180 fetch_input_end=228400181 fetch_input_duration_ms=1
[2026-01-30 18:52:39.206] [info] [spider.worker] [TIMING] task_id=5590ee4d-c853-47f0-ba1a-6a075f208222 func=job_orchestration.executor.query.spider_search_task.search_without_channel execution_start=228400182 execution_end=228401414 execution_duration_ms=1232
[2026-01-30 18:52:39.231] [info] [spider.worker] [TIMING] task_id=5590ee4d-c853-47f0-ba1a-6a075f208222 func=job_orchestration.executor.query.spider_search_task.search_without_channel submit_output_start=228401417 submit_output_end=228401439 submit_output_duration_ms=22
[2026-01-30 18:52:39.249] [info] [spider.worker] [TIMING] task_id=eb527d04-00e2-4908-ac4b-c189c9927f67 func=job_orchestration.executor.query.spider_search_task.search_without_channel fetch_input_start=228401456 fetch_input_end=228401457 fetch_input_duration_ms=0
[2026-01-30 18:52:40.380] [info] [spider.worker] [TIMING] task_id=eb527d04-00e2-4908-ac4b-c189c9927f67 func=job_orchestration.executor.query.spider_search_task.search_without_channel execution_start=228401458 execution_end=228402588 execution_duration_ms=1130
[2026-01-30 18:52:40.416] [info] [spider.worker] [TIMING] task_id=eb527d04-00e2-4908-ac4b-c189c9927f67 func=job_orchestration.executor.query.spider_search_task.search_without_channel submit_output_start=228402590 submit_output_end=228402625 submit_output_duration_ms=34
[2026-01-30 18:52:40.432] [info] [spider.worker] [TIMING] task_id=77adebff-102e-4c67-8ddc-c1f4e35c0c2d func=job_orchestration.executor.query.spider_search_task.search_without_channel fetch_input_start=228402640 fetch_input_end=228402641 fetch_input_duration_ms=0
[2026-01-30 18:52:41.688] [info] [spider.worker] [TIMING] task_id=77adebff-102e-4c67-8ddc-c1f4e35c0c2d func=job_orchestration.executor.query.spider_search_task.search_without_channel execution_start=228402641 execution_end=228403896 execution_duration_ms=1254
[2026-01-30 18:52:41.719] [info] [spider.worker] [TIMING] task_id=77adebff-102e-4c67-8ddc-c1f4e35c0c2d func=job_orchestration.executor.query.spider_search_task.search_without_channel submit_output_start=228403898 submit_output_end=228403927 submit_output_duration_ms=29
[2026-01-30 18:52:41.766] [info] [spider.worker] [TIMING] task_id=10465860-7a9b-4aab-baa7-88c9de5cf685 func=job_orchestration.executor.query.spider_search_task.search_without_channel fetch_input_start=228403974 fetch_input_end=228403975 fetch_input_duration_ms=1
[2026-01-30 18:52:42.938] [info] [spider.worker] [TIMING] task_id=10465860-7a9b-4aab-baa7-88c9de5cf685 func=job_orchestration.executor.query.spider_search_task.search_without_channel execution_start=228403976 execution_end=228405146 execution_duration_ms=1170
[2026-01-30 18:52:42.964] [info] [spider.worker] [TIMING] task_id=10465860-7a9b-4aab-baa7-88c9de5cf685 func=job_orchestration.executor.query.spider_search_task.search_without_channel submit_output_start=228405148 submit_output_end=228405172 submit_output_duration_ms=24
[2026-01-30 18:52:42.983] [info] [spider.worker] [TIMING] task_id=80fd242c-c696-4ed8-9d83-a336a09fca6b func=job_orchestration.executor.query.spider_search_task.search_without_channel fetch_input_start=228405190 fetch_input_end=228405191 fetch_input_duration_ms=1
[2026-01-30 18:52:44.390] [info] [spider.worker] [TIMING] task_id=80fd242c-c696-4ed8-9d83-a336a09fca6b func=job_orchestration.executor.query.spider_search_task.search_without_channel execution_start=228405192 execution_end=228406599 execution_duration_ms=1406
[2026-01-30 18:52:44.415] [info] [spider.worker] [TIMING] task_id=80fd242c-c696-4ed8-9d83-a336a09fca6b func=job_orchestration.executor.query.spider_search_task.search_without_channel submit_output_start=228406600 submit_output_end=228406623 submit_output_duration_ms=22
[2026-01-30 18:52:44.492] [info] [spider.worker] [TIMING] task_id=ea0b7d88-8dff-4735-84e3-4d9290eda410 func=job_orchestration.executor.query.spider_search_task.search_without_channel fetch_input_start=228406699 fetch_input_end=228406700 fetch_input_duration_ms=0
[2026-01-30 18:52:45.729] [info] [spider.worker] [TIMING] task_id=ea0b7d88-8dff-4735-84e3-4d9290eda410 func=job_orchestration.executor.query.spider_search_task.search_without_channel execution_start=228406701 execution_end=228407938 execution_duration_ms=1237
[2026-01-30 18:52:45.765] [info] [spider.worker] [TIMING] task_id=ea0b7d88-8dff-4735-84e3-4d9290eda410 func=job_orchestration.executor.query.spider_search_task.search_without_channel submit_output_start=228407945 submit_output_end=228407973 submit_output_duration_ms=27
[2026-01-30 18:52:45.784] [info] [spider.worker] [TIMING] task_id=16655bd1-2e1d-470f-a6ba-876f214aac12 func=job_orchestration.executor.query.spider_search_task.search_without_channel fetch_input_start=228407991 fetch_input_end=228407992 fetch_input_duration_ms=0
[2026-01-30 18:52:46.931] [info] [spider.worker] [TIMING] task_id=16655bd1-2e1d-470f-a6ba-876f214aac12 func=job_orchestration.executor.query.spider_search_task.search_without_channel execution_start=228407993 execution_end=228409139 execution_duration_ms=1146
[2026-01-30 18:52:46.973] [info] [spider.worker] [TIMING] task_id=16655bd1-2e1d-470f-a6ba-876f214aac12 func=job_orchestration.executor.query.spider_search_task.search_without_channel submit_output_start=228409141 submit_output_end=228409181 submit_output_duration_ms=40
[2026-01-30 18:52:47.008] [info] [spider.worker] [TIMING] task_id=d3b9ac7b-3338-467a-800a-ab7df407e60d func=job_orchestration.executor.query.spider_search_task.search_without_channel fetch_input_start=228409216 fetch_input_end=228409217 fetch_input_duration_ms=0
[2026-01-30 18:52:48.284] [info] [spider.worker] [TIMING] task_id=d3b9ac7b-3338-467a-800a-ab7df407e60d func=job_orchestration.executor.query.spider_search_task.search_without_channel execution_start=228409217 execution_end=228410492 execution_duration_ms=1275
[2026-01-30 18:52:48.298] [info] [spider.worker] [TIMING] task_id=d3b9ac7b-3338-467a-800a-ab7df407e60d func=job_orchestration.executor.query.spider_search_task.search_without_channel submit_output_start=228410494 submit_output_end=228410507 submit_output_duration_ms=12
[2026-01-30 18:52:48.317] [info] [spider.worker] [TIMING] task_id=bcb84dbb-47a7-4732-9bd0-f6c75cedd8b1 func=job_orchestration.executor.query.spider_search_task.search_without_channel fetch_input_start=228410525 fetch_input_end=228410526 fetch_input_duration_ms=0
[2026-01-30 18:52:49.554] [info] [spider.worker] [TIMING] task_id=bcb84dbb-47a7-4732-9bd0-f6c75cedd8b1 func=job_orchestration.executor.query.spider_search_task.search_without_channel execution_start=228410526 execution_end=228411763 execution_duration_ms=1236
[2026-01-30 18:52:49.606] [info] [spider.worker] [TIMING] task_id=bcb84dbb-47a7-4732-9bd0-f6c75cedd8b1 func=job_orchestration.executor.query.spider_search_task.search_without_channel submit_output_start=228411764 submit_output_end=228411815 submit_output_duration_ms=50
[2026-01-30 18:52:49.659] [info] [spider.worker] [TIMING] task_id=d407562a-97bb-4771-9d62-4e80f7ae4a6a func=job_orchestration.executor.query.spider_search_task.search_without_channel fetch_input_start=228411867 fetch_input_end=228411868 fetch_input_duration_ms=0
[2026-01-30 18:52:51.071] [info] [spider.worker] [TIMING] task_id=d407562a-97bb-4771-9d62-4e80f7ae4a6a func=job_orchestration.executor.query.spider_search_task.search_without_channel execution_start=228411868 execution_end=228413279 execution_duration_ms=1410
[2026-01-30 18:52:51.082] [info] [spider.worker] [TIMING] task_id=d407562a-97bb-4771-9d62-4e80f7ae4a6a func=job_orchestration.executor.query.spider_search_task.search_without_channel submit_output_start=228413281 submit_output_end=228413290 submit_output_duration_ms=9
[2026-01-30 18:52:51.125] [info] [spider.worker] [TIMING] task_id=7de5de80-bbe2-4bb7-9832-1e18bba1b946 func=job_orchestration.executor.query.spider_search_task.search_without_channel fetch_input_start=228413333 fetch_input_end=228413333 fetch_input_duration_ms=0
[2026-01-30 18:52:52.525] [info] [spider.worker] [TIMING] task_id=7de5de80-bbe2-4bb7-9832-1e18bba1b946 func=job_orchestration.executor.query.spider_search_task.search_without_channel execution_start=228413334 execution_end=228414733 execution_duration_ms=1398
[2026-01-30 18:52:52.541] [info] [spider.worker] [TIMING] task_id=7de5de80-bbe2-4bb7-9832-1e18bba1b946 func=job_orchestration.executor.query.spider_search_task.search_without_channel submit_output_start=228414735 submit_output_end=228414749 submit_output_duration_ms=13
[2026-01-30 18:52:52.560] [info] [spider.worker] [TIMING] task_id=e3155640-1ef8-4090-9d41-814a5636de61 func=job_orchestration.executor.query.spider_search_task.search_without_channel fetch_input_start=228414767 fetch_input_end=228414768 fetch_input_duration_ms=1
[2026-01-30 18:52:53.711] [info] [spider.worker] [TIMING] task_id=e3155640-1ef8-4090-9d41-814a5636de61 func=job_orchestration.executor.query.spider_search_task.search_without_channel execution_start=228414769 execution_end=228415919 execution_duration_ms=1150
[2026-01-30 18:52:53.774] [info] [spider.worker] [TIMING] task_id=e3155640-1ef8-4090-9d41-814a5636de61 func=job_orchestration.executor.query.spider_search_task.search_without_channel submit_output_start=228415920 submit_output_end=228415983 submit_output_duration_ms=62
[2026-01-30 18:52:53.802] [info] [spider.worker] [TIMING] task_id=90f683fd-89c1-493c-83f9-df3c20bc43e2 func=job_orchestration.executor.query.spider_search_task.search_without_channel fetch_input_start=228416009 fetch_input_end=228416010 fetch_input_duration_ms=1
[2026-01-30 18:52:55.081] [info] [spider.worker] [TIMING] task_id=90f683fd-89c1-493c-83f9-df3c20bc43e2 func=job_orchestration.executor.query.spider_search_task.search_without_channel execution_start=228416011 execution_end=228417290 execution_duration_ms=1278
[2026-01-30 18:52:55.091] [info] [spider.worker] [TIMING] task_id=90f683fd-89c1-493c-83f9-df3c20bc43e2 func=job_orchestration.executor.query.spider_search_task.search_without_channel submit_output_start=228417292 submit_output_end=228417299 submit_output_duration_ms=7
[2026-01-30 18:52:55.111] [info] [spider.worker] [TIMING] task_id=54d76f05-7fe4-4333-b6c3-1a4763d4d2a8 func=job_orchestration.executor.query.spider_search_task.search_without_channel fetch_input_start=228417318 fetch_input_end=228417319 fetch_input_duration_ms=1
[2026-01-30 18:52:56.320] [info] [spider.worker] [TIMING] task_id=54d76f05-7fe4-4333-b6c3-1a4763d4d2a8 func=job_orchestration.executor.query.spider_search_task.search_without_channel execution_start=228417320 execution_end=228418528 execution_duration_ms=1208
[2026-01-30 18:52:56.333] [info] [spider.worker] [TIMING] task_id=54d76f05-7fe4-4333-b6c3-1a4763d4d2a8 func=job_orchestration.executor.query.spider_search_task.search_without_channel submit_output_start=228418531 submit_output_end=228418541 submit_output_duration_ms=10
[2026-01-30 18:52:56.344] [info] [spider.worker] [TIMING] task_id=08fd682d-e231-4b19-a196-b9750ae890fb func=job_orchestration.executor.query.spider_search_task.search_without_channel fetch_input_start=228418551 fetch_input_end=228418552 fetch_input_duration_ms=1
[2026-01-30 18:52:57.580] [info] [spider.worker] [TIMING] task_id=08fd682d-e231-4b19-a196-b9750ae890fb func=job_orchestration.executor.query.spider_search_task.search_without_channel execution_start=228418553 execution_end=228419789 execution_duration_ms=1235
[2026-01-30 18:52:57.625] [info] [spider.worker] [TIMING] task_id=08fd682d-e231-4b19-a196-b9750ae890fb func=job_orchestration.executor.query.spider_search_task.search_without_channel submit_output_start=228419790 submit_output_end=228419834 submit_output_duration_ms=43
[2026-01-30 18:52:57.636] [info] [spider.worker] [TIMING] task_id=87851607-d426-429d-82f8-d16787ed13da func=job_orchestration.executor.query.spider_search_task.search_without_channel fetch_input_start=228419843 fetch_input_end=228419844 fetch_input_duration_ms=0
[2026-01-30 18:52:58.879] [info] [spider.worker] [TIMING] task_id=87851607-d426-429d-82f8-d16787ed13da func=job_orchestration.executor.query.spider_search_task.search_without_channel execution_start=228419845 execution_end=228421087 execution_duration_ms=1242
[2026-01-30 18:52:58.951] [info] [spider.worker] [TIMING] task_id=87851607-d426-429d-82f8-d16787ed13da func=job_orchestration.executor.query.spider_search_task.search_without_channel submit_output_start=228421088 submit_output_end=228421159 submit_output_duration_ms=70
[2026-01-30 18:52:59.044] [info] [spider.worker] [TIMING] task_id=5eef04da-8275-4dc0-aa52-ab1329bf7e6f func=job_orchestration.executor.query.spider_search_task.search_without_channel fetch_input_start=228421252 fetch_input_end=228421253 fetch_input_duration_ms=0
[2026-01-30 18:53:00.396] [info] [spider.worker] [TIMING] task_id=5eef04da-8275-4dc0-aa52-ab1329bf7e6f func=job_orchestration.executor.query.spider_search_task.search_without_channel execution_start=228421253 execution_end=228422605 execution_duration_ms=1351
[2026-01-30 18:53:00.409] [info] [spider.worker] [TIMING] task_id=5eef04da-8275-4dc0-aa52-ab1329bf7e6f func=job_orchestration.executor.query.spider_search_task.search_without_channel submit_output_start=228422607 submit_output_end=228422617 submit_output_duration_ms=10
[2026-01-30 18:53:00.428] [info] [spider.worker] [TIMING] task_id=d95aae33-f9c7-47ef-8578-4865ea860606 func=job_orchestration.executor.query.spider_search_task.search_without_channel fetch_input_start=228422636 fetch_input_end=228422637 fetch_input_duration_ms=1
[2026-01-30 18:53:01.730] [info] [spider.worker] [TIMING] task_id=d95aae33-f9c7-47ef-8578-4865ea860606 func=job_orchestration.executor.query.spider_search_task.search_without_channel execution_start=228422638 execution_end=228423938 execution_duration_ms=1300
[2026-01-30 18:53:01.772] [info] [spider.worker] [TIMING] task_id=d95aae33-f9c7-47ef-8578-4865ea860606 func=job_orchestration.executor.query.spider_search_task.search_without_channel submit_output_start=228423940 submit_output_end=228423980 submit_output_duration_ms=40
[2026-01-30 18:53:01.795] [info] [spider.worker] [TIMING] task_id=d90fb3d2-8b76-4e13-ae6d-dae0381545f6 func=job_orchestration.executor.query.spider_search_task.search_without_channel fetch_input_start=228424002 fetch_input_end=228424003 fetch_input_duration_ms=0
[2026-01-30 18:53:03.037] [info] [spider.worker] [TIMING] task_id=d90fb3d2-8b76-4e13-ae6d-dae0381545f6 func=job_orchestration.executor.query.spider_search_task.search_without_channel execution_start=228424004 execution_end=228425246 execution_duration_ms=1241
[2026-01-30 18:53:03.068] [info] [spider.worker] [TIMING] task_id=d90fb3d2-8b76-4e13-ae6d-dae0381545f6 func=job_orchestration.executor.query.spider_search_task.search_without_channel submit_output_start=228425247 submit_output_end=228425276 submit_output_duration_ms=28
[2026-01-30 18:53:03.087] [info] [spider.worker] [TIMING] task_id=dd80a623-dc88-4ad0-84b0-3d8937f6ffa8 func=job_orchestration.executor.query.spider_search_task.search_without_channel fetch_input_start=228425295 fetch_input_end=228425296 fetch_input_duration_ms=1
[2026-01-30 18:53:04.340] [info] [spider.worker] [TIMING] task_id=dd80a623-dc88-4ad0-84b0-3d8937f6ffa8 func=job_orchestration.executor.query.spider_search_task.search_without_channel execution_start=228425297 execution_end=228426548 execution_duration_ms=1251
[2026-01-30 18:53:04.384] [info] [spider.worker] [TIMING] task_id=dd80a623-dc88-4ad0-84b0-3d8937f6ffa8 func=job_orchestration.executor.query.spider_search_task.search_without_channel submit_output_start=228426550 submit_output_end=228426593 submit_output_duration_ms=42
[2026-01-30 18:53:04.422] [info] [spider.worker] [TIMING] task_id=47e5f0cb-375d-4a56-81cf-31e0f8b73a99 func=job_orchestration.executor.query.spider_search_task.search_without_channel fetch_input_start=228426630 fetch_input_end=228426631 fetch_input_duration_ms=0
[2026-01-30 18:53:05.700] [info] [spider.worker] [TIMING] task_id=47e5f0cb-375d-4a56-81cf-31e0f8b73a99 func=job_orchestration.executor.query.spider_search_task.search_without_channel execution_start=228426631 execution_end=228427909 execution_duration_ms=1277
[2026-01-30 18:53:05.710] [info] [spider.worker] [TIMING] task_id=47e5f0cb-375d-4a56-81cf-31e0f8b73a99 func=job_orchestration.executor.query.spider_search_task.search_without_channel submit_output_start=228427911 submit_output_end=228427918 submit_output_duration_ms=7
[2026-01-30 18:53:05.720] [info] [spider.worker] [TIMING] task_id=2d598b10-90c1-4af0-aee0-0cbec9b24c8a func=job_orchestration.executor.query.spider_search_task.search_without_channel fetch_input_start=228427928 fetch_input_end=228427928 fetch_input_duration_ms=0
[2026-01-30 18:53:06.876] [info] [spider.worker] [TIMING] task_id=2d598b10-90c1-4af0-aee0-0cbec9b24c8a func=job_orchestration.executor.query.spider_search_task.search_without_channel execution_start=228427929 execution_end=228429084 execution_duration_ms=1154
[2026-01-30 18:53:06.975] [info] [spider.worker] [TIMING] task_id=2d598b10-90c1-4af0-aee0-0cbec9b24c8a func=job_orchestration.executor.query.spider_search_task.search_without_channel submit_output_start=228429100 submit_output_end=228429183 submit_output_duration_ms=83
[2026-01-30 18:53:06.996] [info] [spider.worker] [TIMING] task_id=9d575580-8405-480e-a2d3-6a0539323e39 func=job_orchestration.executor.query.spider_search_task.search_without_channel fetch_input_start=228429203 fetch_input_end=228429204 fetch_input_duration_ms=0
[2026-01-30 18:53:08.243] [info] [spider.worker] [TIMING] task_id=9d575580-8405-480e-a2d3-6a0539323e39 func=job_orchestration.executor.query.spider_search_task.search_without_channel execution_start=228429205 execution_end=228430451 execution_duration_ms=1246
[2026-01-30 18:53:08.277] [info] [spider.worker] [TIMING] task_id=9d575580-8405-480e-a2d3-6a0539323e39 func=job_orchestration.executor.query.spider_search_task.search_without_channel submit_output_start=228430453 submit_output_end=228430486 submit_output_duration_ms=32
[2026-01-30 18:53:08.296] [info] [spider.worker] [TIMING] task_id=730a28f7-a15a-48de-8ff3-caa7068533b4 func=job_orchestration.executor.query.spider_search_task.search_without_channel fetch_input_start=228430504 fetch_input_end=228430505 fetch_input_duration_ms=1
[2026-01-30 18:53:09.534] [info] [spider.worker] [TIMING] task_id=730a28f7-a15a-48de-8ff3-caa7068533b4 func=job_orchestration.executor.query.spider_search_task.search_without_channel execution_start=228430506 execution_end=228431742 execution_duration_ms=1236
[2026-01-30 18:53:09.577] [info] [spider.worker] [TIMING] task_id=730a28f7-a15a-48de-8ff3-caa7068533b4 func=job_orchestration.executor.query.spider_search_task.search_without_channel submit_output_start=228431744 submit_output_end=228431786 submit_output_duration_ms=41
[2026-01-30 18:53:09.596] [info] [spider.worker] [TIMING] task_id=fc2004ff-0cb7-44d4-b5ff-31e481969f5d func=job_orchestration.executor.query.spider_search_task.search_without_channel fetch_input_start=228431804 fetch_input_end=228431805 fetch_input_duration_ms=1
[2026-01-30 18:53:10.843] [info] [spider.worker] [TIMING] task_id=fc2004ff-0cb7-44d4-b5ff-31e481969f5d func=job_orchestration.executor.query.spider_search_task.search_without_channel execution_start=228431805 execution_end=228433052 execution_duration_ms=1246
[2026-01-30 18:53:10.861] [info] [spider.worker] [TIMING] task_id=fc2004ff-0cb7-44d4-b5ff-31e481969f5d func=job_orchestration.executor.query.spider_search_task.search_without_channel submit_output_start=228433053 submit_output_end=228433069 submit_output_duration_ms=16
[2026-01-30 18:53:10.905] [info] [spider.worker] [TIMING] task_id=5b8ab8ce-c7c6-42b0-8e31-d7f317355b3b func=job_orchestration.executor.query.spider_search_task.search_without_channel fetch_input_start=228433112 fetch_input_end=228433113 fetch_input_duration_ms=1
[2026-01-30 18:53:12.154] [info] [spider.worker] [TIMING] task_id=5b8ab8ce-c7c6-42b0-8e31-d7f317355b3b func=job_orchestration.executor.query.spider_search_task.search_without_channel execution_start=228433114 execution_end=228434362 execution_duration_ms=1247
[2026-01-30 18:53:12.186] [info] [spider.worker] [TIMING] task_id=5b8ab8ce-c7c6-42b0-8e31-d7f317355b3b func=job_orchestration.executor.query.spider_search_task.search_without_channel submit_output_start=228434364 submit_output_end=228434395 submit_output_duration_ms=30
[2026-01-30 18:53:12.205] [info] [spider.worker] [TIMING] task_id=6baae60e-e47f-4a46-b02d-b285f28f0364 func=job_orchestration.executor.query.spider_search_task.search_without_channel fetch_input_start=228434413 fetch_input_end=228434414 fetch_input_duration_ms=0
[2026-01-30 18:53:13.366] [info] [spider.worker] [TIMING] task_id=6baae60e-e47f-4a46-b02d-b285f28f0364 func=job_orchestration.executor.query.spider_search_task.search_without_channel execution_start=228434414 execution_end=228435574 execution_duration_ms=1159
[2026-01-30 18:53:13.439] [info] [spider.worker] [TIMING] task_id=6baae60e-e47f-4a46-b02d-b285f28f0364 func=job_orchestration.executor.query.spider_search_task.search_without_channel submit_output_start=228435582 submit_output_end=228435647 submit_output_duration_ms=65
[2026-01-30 18:53:13.489] [info] [spider.worker] [TIMING] task_id=ffa3897a-2b76-4181-b7d8-72cb57f3e574 func=job_orchestration.executor.query.spider_search_task.search_without_channel fetch_input_start=228435696 fetch_input_end=228435697 fetch_input_duration_ms=0
[2026-01-30 18:53:14.771] [info] [spider.worker] [TIMING] task_id=ffa3897a-2b76-4181-b7d8-72cb57f3e574 func=job_orchestration.executor.query.spider_search_task.search_without_channel execution_start=228435697 execution_end=228436979 execution_duration_ms=1281
[2026-01-30 18:53:14.809] [info] [spider.worker] [TIMING] task_id=ffa3897a-2b76-4181-b7d8-72cb57f3e574 func=job_orchestration.executor.query.spider_search_task.search_without_channel submit_output_start=228436981 submit_output_end=228437017 submit_output_duration_ms=36
[2026-01-30 18:53:14.878] [info] [spider.worker] [TIMING] task_id=373a6dfa-861b-40b7-b3c6-859d2bded0b5 func=job_orchestration.executor.query.spider_search_task.search_without_channel fetch_input_start=228437085 fetch_input_end=228437086 fetch_input_duration_ms=0
[2026-01-30 18:53:16.134] [info] [spider.worker] [TIMING] task_id=373a6dfa-861b-40b7-b3c6-859d2bded0b5 func=job_orchestration.executor.query.spider_search_task.search_without_channel execution_start=228437087 execution_end=228438342 execution_duration_ms=1255
[2026-01-30 18:53:16.161] [info] [spider.worker] [TIMING] task_id=373a6dfa-861b-40b7-b3c6-859d2bded0b5 func=job_orchestration.executor.query.spider_search_task.search_without_channel submit_output_start=228438344 submit_output_end=228438370 submit_output_duration_ms=26
[2026-01-30 18:53:16.181] [info] [spider.worker] [TIMING] task_id=7744d92f-6a01-40ed-b399-a18162a0a5be func=job_orchestration.executor.query.spider_search_task.search_without_channel fetch_input_start=228438389 fetch_input_end=228438390 fetch_input_duration_ms=0
[2026-01-30 18:53:17.382] [info] [spider.worker] [TIMING] task_id=7744d92f-6a01-40ed-b399-a18162a0a5be func=job_orchestration.executor.query.spider_search_task.search_without_channel execution_start=228438390 execution_end=228439591 execution_duration_ms=1200
[2026-01-30 18:53:17.396] [info] [spider.worker] [TIMING] task_id=7744d92f-6a01-40ed-b399-a18162a0a5be func=job_orchestration.executor.query.spider_search_task.search_without_channel submit_output_start=228439592 submit_output_end=228439604 submit_output_duration_ms=11
[2026-01-30 18:53:17.432] [info] [spider.worker] [TIMING] task_id=1bcae40d-abe1-4807-9352-e81316018cf5 func=job_orchestration.executor.query.spider_search_task.search_without_channel fetch_input_start=228439640 fetch_input_end=228439641 fetch_input_duration_ms=0
[2026-01-30 18:53:18.676] [info] [spider.worker] [TIMING] task_id=1bcae40d-abe1-4807-9352-e81316018cf5 func=job_orchestration.executor.query.spider_search_task.search_without_channel execution_start=228439641 execution_end=228440884 execution_duration_ms=1242
[2026-01-30 18:53:18.712] [info] [spider.worker] [TIMING] task_id=1bcae40d-abe1-4807-9352-e81316018cf5 func=job_orchestration.executor.query.spider_search_task.search_without_channel submit_output_start=228440886 submit_output_end=228440921 submit_output_duration_ms=34
[2026-01-30 18:53:18.757] [info] [spider.worker] [TIMING] task_id=f0d97194-0a70-4a55-8ea2-c8674da76fff func=job_orchestration.executor.query.spider_search_task.search_without_channel fetch_input_start=228440964 fetch_input_end=228440965 fetch_input_duration_ms=0
[2026-01-30 18:53:19.905] [info] [spider.worker] [TIMING] task_id=f0d97194-0a70-4a55-8ea2-c8674da76fff func=job_orchestration.executor.query.spider_search_task.search_without_channel execution_start=228440966 execution_end=228442113 execution_duration_ms=1147
[2026-01-30 18:53:19.968] [info] [spider.worker] [TIMING] task_id=f0d97194-0a70-4a55-8ea2-c8674da76fff func=job_orchestration.executor.query.spider_search_task.search_without_channel submit_output_start=228442115 submit_output_end=228442176 submit_output_duration_ms=61
[2026-01-30 18:53:19.990] [info] [spider.worker] [TIMING] task_id=cf872713-ae68-440a-b06e-c317b3c4567a func=job_orchestration.executor.query.spider_search_task.search_without_channel fetch_input_start=228442197 fetch_input_end=228442198 fetch_input_duration_ms=0
[2026-01-30 18:53:21.219] [info] [spider.worker] [TIMING] task_id=cf872713-ae68-440a-b06e-c317b3c4567a func=job_orchestration.executor.query.spider_search_task.search_without_channel execution_start=228442199 execution_end=228443428 execution_duration_ms=1228
[2026-01-30 18:53:21.229] [info] [spider.worker] [TIMING] task_id=cf872713-ae68-440a-b06e-c317b3c4567a func=job_orchestration.executor.query.spider_search_task.search_without_channel submit_output_start=228443430 submit_output_end=228443438 submit_output_duration_ms=8
[2026-01-30 18:53:21.249] [info] [spider.worker] [TIMING] task_id=f36c3d96-8afa-462c-9ba4-ecdb17ce88e6 func=job_orchestration.executor.query.spider_search_task.search_without_channel fetch_input_start=228443456 fetch_input_end=228443457 fetch_input_duration_ms=0
[2026-01-30 18:53:22.632] [info] [spider.worker] [TIMING] task_id=f36c3d96-8afa-462c-9ba4-ecdb17ce88e6 func=job_orchestration.executor.query.spider_search_task.search_without_channel execution_start=228443458 execution_end=228444840 execution_duration_ms=1382
[2026-01-30 18:53:22.671] [info] [spider.worker] [TIMING] task_id=f36c3d96-8afa-462c-9ba4-ecdb17ce88e6 func=job_orchestration.executor.query.spider_search_task.search_without_channel submit_output_start=228444842 submit_output_end=228444880 submit_output_duration_ms=37
[2026-01-30 18:53:22.785] [info] [spider.worker] [TIMING] task_id=d7bcdabb-3413-4bb2-ace1-caf80c51b439 func=job_orchestration.executor.query.spider_search_task.search_without_channel fetch_input_start=228444993 fetch_input_end=228444993 fetch_input_duration_ms=0
[2026-01-30 18:53:24.081] [info] [spider.worker] [TIMING] task_id=d7bcdabb-3413-4bb2-ace1-caf80c51b439 func=job_orchestration.executor.query.spider_search_task.search_without_channel execution_start=228444994 execution_end=228446289 execution_duration_ms=1295
[2026-01-30 18:53:24.088] [info] [spider.worker] [TIMING] task_id=d7bcdabb-3413-4bb2-ace1-caf80c51b439 func=job_orchestration.executor.query.spider_search_task.search_without_channel submit_output_start=228446291 submit_output_end=228446296 submit_output_duration_ms=5
[2026-01-30 18:53:24.116] [info] [spider.worker] [TIMING] task_id=453b150d-8fda-4360-88b8-fab975ebc395 func=job_orchestration.executor.query.spider_search_task.search_without_channel fetch_input_start=228446323 fetch_input_end=228446324 fetch_input_duration_ms=0
[2026-01-30 18:53:25.334] [info] [spider.worker] [TIMING] task_id=453b150d-8fda-4360-88b8-fab975ebc395 func=job_orchestration.executor.query.spider_search_task.search_without_channel execution_start=228446325 execution_end=228447542 execution_duration_ms=1217
[2026-01-30 18:53:25.371] [info] [spider.worker] [TIMING] task_id=453b150d-8fda-4360-88b8-fab975ebc395 func=job_orchestration.executor.query.spider_search_task.search_without_channel submit_output_start=228447544 submit_output_end=228447579 submit_output_duration_ms=35
[2026-01-30 18:53:25.391] [info] [spider.worker] [TIMING] task_id=4d40bbd6-fa23-4180-9f2a-ecc2221da9e2 func=job_orchestration.executor.query.spider_search_task.search_without_channel fetch_input_start=228447598 fetch_input_end=228447599 fetch_input_duration_ms=1
[2026-01-30 18:53:26.691] [info] [spider.worker] [TIMING] task_id=4d40bbd6-fa23-4180-9f2a-ecc2221da9e2 func=job_orchestration.executor.query.spider_search_task.search_without_channel execution_start=228447600 execution_end=228448899 execution_duration_ms=1298
[2026-01-30 18:53:26.714] [info] [spider.worker] [TIMING] task_id=4d40bbd6-fa23-4180-9f2a-ecc2221da9e2 func=job_orchestration.executor.query.spider_search_task.search_without_channel submit_output_start=228448900 submit_output_end=228448922 submit_output_duration_ms=21
[2026-01-30 18:53:26.751] [info] [spider.worker] [TIMING] task_id=200a3e12-dc50-4c6d-b012-1599e0ecc5a9 func=job_orchestration.executor.query.spider_search_task.search_without_channel fetch_input_start=228448959 fetch_input_end=228448960 fetch_input_duration_ms=0
[2026-01-30 18:53:27.947] [info] [spider.worker] [TIMING] task_id=200a3e12-dc50-4c6d-b012-1599e0ecc5a9 func=job_orchestration.executor.query.spider_search_task.search_without_channel execution_start=228448960 execution_end=228450156 execution_duration_ms=1195
[2026-01-30 18:53:27.964] [info] [spider.worker] [TIMING] task_id=200a3e12-dc50-4c6d-b012-1599e0ecc5a9 func=job_orchestration.executor.query.spider_search_task.search_without_channel submit_output_start=228450157 submit_output_end=228450172 submit_output_duration_ms=14
[2026-01-30 18:53:27.983] [info] [spider.worker] [TIMING] task_id=873994f9-960c-4136-b4f9-67a9f73534c3 func=job_orchestration.executor.query.spider_search_task.search_without_channel fetch_input_start=228450191 fetch_input_end=228450192 fetch_input_duration_ms=1
[2026-01-30 18:53:29.246] [info] [spider.worker] [TIMING] task_id=873994f9-960c-4136-b4f9-67a9f73534c3 func=job_orchestration.executor.query.spider_search_task.search_without_channel execution_start=228450193 execution_end=228451454 execution_duration_ms=1261
[2026-01-30 18:53:29.273] [info] [spider.worker] [TIMING] task_id=873994f9-960c-4136-b4f9-67a9f73534c3 func=job_orchestration.executor.query.spider_search_task.search_without_channel submit_output_start=228451456 submit_output_end=228451481 submit_output_duration_ms=25
[2026-01-30 18:53:29.324] [info] [spider.worker] [TIMING] task_id=c2a0eeab-d275-44fd-a6f6-8613f2167897 func=job_orchestration.executor.query.spider_search_task.search_without_channel fetch_input_start=228451531 fetch_input_end=228451532 fetch_input_duration_ms=0
[2026-01-30 18:53:30.671] [info] [spider.worker] [TIMING] task_id=c2a0eeab-d275-44fd-a6f6-8613f2167897 func=job_orchestration.executor.query.spider_search_task.search_without_channel execution_start=228451533 execution_end=228452880 execution_duration_ms=1346
[2026-01-30 18:53:30.706] [info] [spider.worker] [TIMING] task_id=c2a0eeab-d275-44fd-a6f6-8613f2167897 func=job_orchestration.executor.query.spider_search_task.search_without_channel submit_output_start=228452892 submit_output_end=228452914 submit_output_duration_ms=22
[2026-01-30 18:53:30.725] [info] [spider.worker] [TIMING] task_id=8824e17a-de91-409d-bd74-5c64c0fa201d func=job_orchestration.executor.query.spider_search_task.search_without_channel fetch_input_start=228452933 fetch_input_end=228452934 fetch_input_duration_ms=0
[2026-01-30 18:53:31.973] [info] [spider.worker] [TIMING] task_id=8824e17a-de91-409d-bd74-5c64c0fa201d func=job_orchestration.executor.query.spider_search_task.search_without_channel execution_start=228452935 execution_end=228454181 execution_duration_ms=1246
[2026-01-30 18:53:31.981] [info] [spider.worker] [TIMING] task_id=8824e17a-de91-409d-bd74-5c64c0fa201d func=job_orchestration.executor.query.spider_search_task.search_without_channel submit_output_start=228454183 submit_output_end=228454189 submit_output_duration_ms=6
[2026-01-30 18:53:32.014] [info] [spider.worker] [TIMING] task_id=b41ce510-b152-4efa-8877-4a0e234439b7 func=job_orchestration.executor.query.spider_search_task.search_without_channel fetch_input_start=228454221 fetch_input_end=228454222 fetch_input_duration_ms=0
[2026-01-30 18:53:33.150] [info] [spider.worker] [TIMING] task_id=b41ce510-b152-4efa-8877-4a0e234439b7 func=job_orchestration.executor.query.spider_search_task.search_without_channel execution_start=228454223 execution_end=228455358 execution_duration_ms=1135
[2026-01-30 18:53:33.190] [info] [spider.worker] [TIMING] task_id=b41ce510-b152-4efa-8877-4a0e234439b7 func=job_orchestration.execut