[2026-01-30 18:52:01.616] [warning] [spider.worker] Prefer using `SPIDER_STORAGE_URL` environment variable over `--storage_url` argument.
[2026-01-30 18:52:17.746] [info] [spider.worker] [TIMING] task_id=847dbc5b-5a96-42cc-90ed-dcc19d18f741 func=job_orchestration.executor.query.spider_search_task.search_without_channel fetch_input_start=228379952 fetch_input_end=228379954 fetch_input_duration_ms=2
[2026-01-30 18:52:19.287] [info] [spider.worker] [TIMING] task_id=847dbc5b-5a96-42cc-90ed-dcc19d18f741 func=job_orchestration.executor.query.spider_search_task.search_without_channel execution_start=228379955 execution_end=228381495 execution_duration_ms=1540
[2026-01-30 18:52:19.317] [info] [spider.worker] [TIMING] task_id=847dbc5b-5a96-42cc-90ed-dcc19d18f741 func=job_orchestration.executor.query.spider_search_task.search_without_channel submit_output_start=228381497 submit_output_end=228381525 submit_output_duration_ms=28
[2026-01-30 18:52:19.352] [info] [spider.worker] [TIMING] task_id=f27539e9-3979-4db1-943b-43ef09ed10f1 func=job_orchestration.executor.query.spider_search_task.search_without_channel fetch_input_start=228381560 fetch_input_end=228381560 fetch_input_duration_ms=0
[2026-01-30 18:52:20.536] [info] [spider.worker] [TIMING] task_id=f27539e9-3979-4db1-943b-43ef09ed10f1 func=job_orchestration.executor.query.spider_search_task.search_without_channel execution_start=228381561 execution_end=228382745 execution_duration_ms=1183
[2026-01-30 18:52:20.577] [info] [spider.worker] [TIMING] task_id=f27539e9-3979-4db1-943b-43ef09ed10f1 func=job_orchestration.executor.query.spider_search_task.search_without_channel submit_output_start=228382752 submit_output_end=228382785 submit_output_duration_ms=33
[2026-01-30 18:52:20.621] [info] [spider.worker] [TIMING] task_id=0824aa5d-0306-4021-89d5-4ab15bf93871 func=job_orchestration.executor.query.spider_search_task.search_without_channel fetch_input_start=228382829 fetch_input_end=228382830 fetch_input_duration_ms=1
[2026-01-30 18:52:21.848] [info] [spider.worker] [TIMING] task_id=0824aa5d-0306-4021-89d5-4ab15bf93871 func=job_orchestration.executor.query.spider_search_task.search_without_channel execution_start=228382831 execution_end=228384057 execution_duration_ms=1226
[2026-01-30 18:52:21.893] [info] [spider.worker] [TIMING] task_id=0824aa5d-0306-4021-89d5-4ab15bf93871 func=job_orchestration.executor.query.spider_search_task.search_without_channel submit_output_start=228384058 submit_output_end=228384101 submit_output_duration_ms=42
[2026-01-30 18:52:21.912] [info] [spider.worker] [TIMING] task_id=f9bf1678-42b8-4148-840a-59b0f6aab821 func=job_orchestration.executor.query.spider_search_task.search_without_channel fetch_input_start=228384120 fetch_input_end=228384121 fetch_input_duration_ms=0
[2026-01-30 18:52:23.122] [info] [spider.worker] [TIMING] task_id=f9bf1678-42b8-4148-840a-59b0f6aab821 func=job_orchestration.executor.query.spider_search_task.search_without_channel execution_start=228384121 execution_end=228385331 execution_duration_ms=1209
[2026-01-30 18:52:23.143] [info] [spider.worker] [TIMING] task_id=f9bf1678-42b8-4148-840a-59b0f6aab821 func=job_orchestration.executor.query.spider_search_task.search_without_channel submit_output_start=228385332 submit_output_end=228385351 submit_output_duration_ms=19
[2026-01-30 18:52:23.204] [info] [spider.worker] [TIMING] task_id=5dfaada2-1d57-4464-a85b-7258c8de53ff func=job_orchestration.executor.query.spider_search_task.search_without_channel fetch_input_start=228385411 fetch_input_end=228385412 fetch_input_duration_ms=1
[2026-01-30 18:52:24.552] [info] [spider.worker] [TIMING] task_id=5dfaada2-1d57-4464-a85b-7258c8de53ff func=job_orchestration.executor.query.spider_search_task.search_without_channel execution_start=228385413 execution_end=228386760 execution_duration_ms=1347
[2026-01-30 18:52:24.602] [info] [spider.worker] [TIMING] task_id=5dfaada2-1d57-4464-a85b-7258c8de53ff func=job_orchestration.executor.query.spider_search_task.search_without_channel submit_output_start=228386762 submit_output_end=228386810 submit_output_duration_ms=48
[2026-01-30 18:52:24.678] [info] [spider.worker] [TIMING] task_id=d368d1f8-738c-4819-bd12-c088f457e4d8 func=job_orchestration.executor.query.spider_search_task.search_without_channel fetch_input_start=228386886 fetch_input_end=228386886 fetch_input_duration_ms=0
[2026-01-30 18:52:25.891] [info] [spider.worker] [TIMING] task_id=d368d1f8-738c-4819-bd12-c088f457e4d8 func=job_orchestration.executor.query.spider_search_task.search_without_channel execution_start=228386887 execution_end=228388099 execution_duration_ms=1211
[2026-01-30 18:52:25.944] [info] [spider.worker] [TIMING] task_id=d368d1f8-738c-4819-bd12-c088f457e4d8 func=job_orchestration.executor.query.spider_search_task.search_without_channel submit_output_start=228388101 submit_output_end=228388153 submit_output_duration_ms=52
[2026-01-30 18:52:25.963] [info] [spider.worker] [TIMING] task_id=a75895d5-1d42-4caa-a627-0f71b7854eee func=job_orchestration.executor.query.spider_search_task.search_without_channel fetch_input_start=228388171 fetch_input_end=228388172 fetch_input_duration_ms=1
[2026-01-30 18:52:27.229] [info] [spider.worker] [TIMING] task_id=a75895d5-1d42-4caa-a627-0f71b7854eee func=job_orchestration.executor.query.spider_search_task.search_without_channel execution_start=228388172 execution_end=228389437 execution_duration_ms=1264
[2026-01-30 18:52:27.280] [info] [spider.worker] [TIMING] task_id=a75895d5-1d42-4caa-a627-0f71b7854eee func=job_orchestration.executor.query.spider_search_task.search_without_channel submit_output_start=228389439 submit_output_end=228389489 submit_output_duration_ms=49
[2026-01-30 18:52:27.314] [info] [spider.worker] [TIMING] task_id=73d25643-4cf8-4a78-bd6b-cb27aafdb8fe func=job_orchestration.executor.query.spider_search_task.search_without_channel fetch_input_start=228389521 fetch_input_end=228389523 fetch_input_duration_ms=1
[2026-01-30 18:52:28.619] [info] [spider.worker] [TIMING] task_id=73d25643-4cf8-4a78-bd6b-cb27aafdb8fe func=job_orchestration.executor.query.spider_search_task.search_without_channel execution_start=228389524 execution_end=228390828 execution_duration_ms=1304
[2026-01-30 18:52:28.637] [info] [spider.worker] [TIMING] task_id=73d25643-4cf8-4a78-bd6b-cb27aafdb8fe func=job_orchestration.executor.query.spider_search_task.search_without_channel submit_output_start=228390830 submit_output_end=228390845 submit_output_duration_ms=15
[2026-01-30 18:52:28.694] [info] [spider.worker] [TIMING] task_id=fc248a0c-2195-4a37-855f-5d391d088a5b func=job_orchestration.executor.query.spider_search_task.search_without_channel fetch_input_start=228390902 fetch_input_end=228390903 fetch_input_duration_ms=0
[2026-01-30 18:52:29.915] [info] [spider.worker] [TIMING] task_id=fc248a0c-2195-4a37-855f-5d391d088a5b func=job_orchestration.executor.query.spider_search_task.search_without_channel execution_start=228390903 execution_end=228392123 execution_duration_ms=1219
[2026-01-30 18:52:29.945] [info] [spider.worker] [TIMING] task_id=fc248a0c-2195-4a37-855f-5d391d088a5b func=job_orchestration.executor.query.spider_search_task.search_without_channel submit_output_start=228392127 submit_output_end=228392154 submit_output_duration_ms=26
[2026-01-30 18:52:29.964] [info] [spider.worker] [TIMING] task_id=4894bbbd-8a9a-4382-b440-a23509b5e29b func=job_orchestration.executor.query.spider_search_task.search_without_channel fetch_input_start=228392172 fetch_input_end=228392173 fetch_input_duration_ms=0
[2026-01-30 18:52:31.278] [info] [spider.worker] [TIMING] task_id=4894bbbd-8a9a-4382-b440-a23509b5e29b func=job_orchestration.executor.query.spider_search_task.search_without_channel execution_start=228392173 execution_end=228393487 execution_duration_ms=1313
[2026-01-30 18:52:31.347] [info] [spider.worker] [TIMING] task_id=4894bbbd-8a9a-4382-b440-a23509b5e29b func=job_orchestration.executor.query.spider_search_task.search_without_channel submit_output_start=228393514 submit_output_end=228393555 submit_output_duration_ms=41
[2026-01-30 18:52:31.372] [info] [spider.worker] [TIMING] task_id=c9864c49-e4d4-4ec0-8f41-0d6f9ba4c5c2 func=job_orchestration.executor.query.spider_search_task.search_without_channel fetch_input_start=228393580 fetch_input_end=228393581 fetch_input_duration_ms=0
[2026-01-30 18:52:32.525] [info] [spider.worker] [TIMING] task_id=c9864c49-e4d4-4ec0-8f41-0d6f9ba4c5c2 func=job_orchestration.executor.query.spider_search_task.search_without_channel execution_start=228393582 execution_end=228394733 execution_duration_ms=1151
[2026-01-30 18:52:32.537] [info] [spider.worker] [TIMING] task_id=c9864c49-e4d4-4ec0-8f41-0d6f9ba4c5c2 func=job_orchestration.executor.query.spider_search_task.search_without_channel submit_output_start=228394735 submit_output_end=228394745 submit_output_duration_ms=10
[2026-01-30 18:52:32.548] [info] [spider.worker] [TIMING] task_id=434f53ad-dacf-4f15-88ca-9b59f6660ac4 func=job_orchestration.executor.query.spider_search_task.search_without_channel fetch_input_start=228394755 fetch_input_end=228394756 fetch_input_duration_ms=0
[2026-01-30 18:52:33.689] [info] [spider.worker] [TIMING] task_id=434f53ad-dacf-4f15-88ca-9b59f6660ac4 func=job_orchestration.executor.query.spider_search_task.search_without_channel execution_start=228394757 execution_end=228395898 execution_duration_ms=1140
[2026-01-30 18:52:33.752] [info] [spider.worker] [TIMING] task_id=434f53ad-dacf-4f15-88ca-9b59f6660ac4 func=job_orchestration.executor.query.spider_search_task.search_without_channel submit_output_start=228395899 submit_output_end=228395961 submit_output_duration_ms=61
[2026-01-30 18:52:33.774] [info] [spider.worker] [TIMING] task_id=3186c983-fb08-4600-a705-767fe9782d0e func=job_orchestration.executor.query.spider_search_task.search_without_channel fetch_input_start=228395981 fetch_input_end=228395982 fetch_input_duration_ms=1
[2026-01-30 18:52:34.972] [info] [spider.worker] [TIMING] task_id=3186c983-fb08-4600-a705-767fe9782d0e func=job_orchestration.executor.query.spider_search_task.search_without_channel execution_start=228395983 execution_end=228397181 execution_duration_ms=1197
[2026-01-30 18:52:35.004] [info] [spider.worker] [TIMING] task_id=3186c983-fb08-4600-a705-767fe9782d0e func=job_orchestration.executor.query.spider_search_task.search_without_channel submit_output_start=228397182 submit_output_end=228397213 submit_output_duration_ms=30
[2026-01-30 18:52:35.024] [info] [spider.worker] [TIMING] task_id=b82bbeb0-757c-40b0-86cf-5f2e4179dbff func=job_orchestration.executor.query.spider_search_task.search_without_channel fetch_input_start=228397231 fetch_input_end=228397232 fetch_input_duration_ms=0
[2026-01-30 18:52:36.269] [info] [spider.worker] [TIMING] task_id=b82bbeb0-757c-40b0-86cf-5f2e4179dbff func=job_orchestration.executor.query.spider_search_task.search_without_channel execution_start=228397233 execution_end=228398478 execution_duration_ms=1245
[2026-01-30 18:52:36.321] [info] [spider.worker] [TIMING] task_id=b82bbeb0-757c-40b0-86cf-5f2e4179dbff func=job_orchestration.executor.query.spider_search_task.search_without_channel submit_output_start=228398480 submit_output_end=228398529 submit_output_duration_ms=49
[2026-01-30 18:52:36.341] [info] [spider.worker] [TIMING] task_id=218484ae-1a02-49d9-9ffa-b050578080fc func=job_orchestration.executor.query.spider_search_task.search_without_channel fetch_input_start=228398548 fetch_input_end=228398549 fetch_input_duration_ms=0
[2026-01-30 18:52:37.504] [info] [spider.worker] [TIMING] task_id=218484ae-1a02-49d9-9ffa-b050578080fc func=job_orchestration.executor.query.spider_search_task.search_without_channel execution_start=228398550 execution_end=228399713 execution_duration_ms=1162
[2026-01-30 18:52:37.513] [info] [spider.worker] [TIMING] task_id=218484ae-1a02-49d9-9ffa-b050578080fc func=job_orchestration.executor.query.spider_search_task.search_without_channel submit_output_start=228399714 submit_output_end=228399721 submit_output_duration_ms=6
[2026-01-30 18:52:37.532] [info] [spider.worker] [TIMING] task_id=3c080133-f364-41f7-9bc0-bec0457bfd47 func=job_orchestration.executor.query.spider_search_task.search_without_channel fetch_input_start=228399740 fetch_input_end=228399741 fetch_input_duration_ms=1
[2026-01-30 18:52:38.752] [info] [spider.worker] [TIMING] task_id=3c080133-f364-41f7-9bc0-bec0457bfd47 func=job_orchestration.executor.query.spider_search_task.search_without_channel execution_start=228399741 execution_end=228400960 execution_duration_ms=1218
[2026-01-30 18:52:38.779] [info] [spider.worker] [TIMING] task_id=3c080133-f364-41f7-9bc0-bec0457bfd47 func=job_orchestration.executor.query.spider_search_task.search_without_channel submit_output_start=228400962 submit_output_end=228400988 submit_output_duration_ms=25
[2026-01-30 18:52:38.799] [info] [spider.worker] [TIMING] task_id=6b1a4719-6241-454d-a194-31813bd88c50 func=job_orchestration.executor.query.spider_search_task.search_without_channel fetch_input_start=228401006 fetch_input_end=228401007 fetch_input_duration_ms=1
[2026-01-30 18:52:39.978] [info] [spider.worker] [TIMING] task_id=6b1a4719-6241-454d-a194-31813bd88c50 func=job_orchestration.executor.query.spider_search_task.search_without_channel execution_start=228401008 execution_end=228402186 execution_duration_ms=1178
[2026-01-30 18:52:39.997] [info] [spider.worker] [TIMING] task_id=6b1a4719-6241-454d-a194-31813bd88c50 func=job_orchestration.executor.query.spider_search_task.search_without_channel submit_output_start=228402188 submit_output_end=228402205 submit_output_duration_ms=17
[2026-01-30 18:52:40.025] [info] [spider.worker] [TIMING] task_id=9feeff03-2972-4622-8d34-2245f906514c func=job_orchestration.executor.query.spider_search_task.search_without_channel fetch_input_start=228402232 fetch_input_end=228402234 fetch_input_duration_ms=1
[2026-01-30 18:52:41.336] [info] [spider.worker] [TIMING] task_id=9feeff03-2972-4622-8d34-2245f906514c func=job_orchestration.executor.query.spider_search_task.search_without_channel execution_start=228402234 execution_end=228403545 execution_duration_ms=1310
[2026-01-30 18:52:41.369] [info] [spider.worker] [TIMING] task_id=9feeff03-2972-4622-8d34-2245f906514c func=job_orchestration.executor.query.spider_search_task.search_without_channel submit_output_start=228403546 submit_output_end=228403577 submit_output_duration_ms=30
[2026-01-30 18:52:41.391] [info] [spider.worker] [TIMING] task_id=23e9aaa0-7a60-4c6a-8de8-f41ac768b57e func=job_orchestration.executor.query.spider_search_task.search_without_channel fetch_input_start=228403598 fetch_input_end=228403599 fetch_input_duration_ms=0
[2026-01-30 18:52:42.599] [info] [spider.worker] [TIMING] task_id=23e9aaa0-7a60-4c6a-8de8-f41ac768b57e func=job_orchestration.executor.query.spider_search_task.search_without_channel execution_start=228403600 execution_end=228404807 execution_duration_ms=1207
[2026-01-30 18:52:42.622] [info] [spider.worker] [TIMING] task_id=23e9aaa0-7a60-4c6a-8de8-f41ac768b57e func=job_orchestration.executor.query.spider_search_task.search_without_channel submit_output_start=228404814 submit_output_end=228404830 submit_output_duration_ms=16
[2026-01-30 18:52:42.642] [info] [spider.worker] [TIMING] task_id=d4ebb151-5c4b-4dce-a532-44e0466120e4 func=job_orchestration.executor.query.spider_search_task.search_without_channel fetch_input_start=228404849 fetch_input_end=228404850 fetch_input_duration_ms=1
[2026-01-30 18:52:43.886] [info] [spider.worker] [TIMING] task_id=d4ebb151-5c4b-4dce-a532-44e0466120e4 func=job_orchestration.executor.query.spider_search_task.search_without_channel execution_start=228404851 execution_end=228406095 execution_duration_ms=1243
[2026-01-30 18:52:43.933] [info] [spider.worker] [TIMING] task_id=d4ebb151-5c4b-4dce-a532-44e0466120e4 func=job_orchestration.executor.query.spider_search_task.search_without_channel submit_output_start=228406096 submit_output_end=228406142 submit_output_duration_ms=45
[2026-01-30 18:52:43.967] [info] [spider.worker] [TIMING] task_id=d638e15b-7801-442d-a6f2-de7adf3bc256 func=job_orchestration.executor.query.spider_search_task.search_without_channel fetch_input_start=228406174 fetch_input_end=228406175 fetch_input_duration_ms=1
[2026-01-30 18:52:45.158] [info] [spider.worker] [TIMING] task_id=d638e15b-7801-442d-a6f2-de7adf3bc256 func=job_orchestration.executor.query.spider_search_task.search_without_channel execution_start=228406176 execution_end=228407367 execution_duration_ms=1190
[2026-01-30 18:52:45.194] [info] [spider.worker] [TIMING] task_id=d638e15b-7801-442d-a6f2-de7adf3bc256 func=job_orchestration.executor.query.spider_search_task.search_without_channel submit_output_start=228407368 submit_output_end=228407402 submit_output_duration_ms=33
[2026-01-30 18:52:45.217] [info] [spider.worker] [TIMING] task_id=a0a1ac41-494a-4ba7-9fbf-6219c25230ca func=job_orchestration.executor.query.spider_search_task.search_without_channel fetch_input_start=228407425 fetch_input_end=228407426 fetch_input_duration_ms=0
[2026-01-30 18:52:46.523] [info] [spider.worker] [TIMING] task_id=a0a1ac41-494a-4ba7-9fbf-6219c25230ca func=job_orchestration.executor.query.spider_search_task.search_without_channel execution_start=228407426 execution_end=228408731 execution_duration_ms=1304
[2026-01-30 18:52:46.555] [info] [spider.worker] [TIMING] task_id=a0a1ac41-494a-4ba7-9fbf-6219c25230ca func=job_orchestration.executor.query.spider_search_task.search_without_channel submit_output_start=228408733 submit_output_end=228408764 submit_output_duration_ms=30
[2026-01-30 18:52:46.576] [info] [spider.worker] [TIMING] task_id=e5646f0c-9554-4823-be74-64e0627b3d1f func=job_orchestration.executor.query.spider_search_task.search_without_channel fetch_input_start=228408783 fetch_input_end=228408784 fetch_input_duration_ms=1
[2026-01-30 18:52:48.021] [info] [spider.worker] [TIMING] task_id=e5646f0c-9554-4823-be74-64e0627b3d1f func=job_orchestration.executor.query.spider_search_task.search_without_channel execution_start=228408785 execution_end=228410229 execution_duration_ms=1443
[2026-01-30 18:52:48.067] [info] [spider.worker] [TIMING] task_id=e5646f0c-9554-4823-be74-64e0627b3d1f func=job_orchestration.executor.query.spider_search_task.search_without_channel submit_output_start=228410231 submit_output_end=228410275 submit_output_duration_ms=44
[2026-01-30 18:52:48.109] [info] [spider.worker] [TIMING] task_id=a46f0d83-666c-4909-be07-4afe5e6e3141 func=job_orchestration.executor.query.spider_search_task.search_without_channel fetch_input_start=228410317 fetch_input_end=228410317 fetch_input_duration_ms=0
[2026-01-30 18:52:49.415] [info] [spider.worker] [TIMING] task_id=a46f0d83-666c-4909-be07-4afe5e6e3141 func=job_orchestration.executor.query.spider_search_task.search_without_channel execution_start=228410318 execution_end=228411623 execution_duration_ms=1305
[2026-01-30 18:52:49.452] [info] [spider.worker] [TIMING] task_id=a46f0d83-666c-4909-be07-4afe5e6e3141 func=job_orchestration.executor.query.spider_search_task.search_without_channel submit_output_start=228411625 submit_output_end=228411660 submit_output_duration_ms=35
[2026-01-30 18:52:49.476] [info] [spider.worker] [TIMING] task_id=61a5317b-cd9d-483c-81d9-0ee5e2e6ef5d func=job_orchestration.executor.query.spider_search_task.search_without_channel fetch_input_start=228411684 fetch_input_end=228411685 fetch_input_duration_ms=1
[2026-01-30 18:52:50.653] [info] [spider.worker] [TIMING] task_id=61a5317b-cd9d-483c-81d9-0ee5e2e6ef5d func=job_orchestration.executor.query.spider_search_task.search_without_channel execution_start=228411685 execution_end=228412862 execution_duration_ms=1176
[2026-01-30 18:52:50.704] [info] [spider.worker] [TIMING] task_id=61a5317b-cd9d-483c-81d9-0ee5e2e6ef5d func=job_orchestration.executor.query.spider_search_task.search_without_channel submit_output_start=228412863 submit_output_end=228412912 submit_output_duration_ms=49
[2026-01-30 18:52:50.735] [info] [spider.worker] [TIMING] task_id=c87970b0-d498-44cf-ba41-947d1ea214d2 func=job_orchestration.executor.query.spider_search_task.search_without_channel fetch_input_start=228412942 fetch_input_end=228412943 fetch_input_duration_ms=0
[2026-01-30 18:52:51.904] [info] [spider.worker] [TIMING] task_id=c87970b0-d498-44cf-ba41-947d1ea214d2 func=job_orchestration.executor.query.spider_search_task.search_without_channel execution_start=228412944 execution_end=228414113 execution_duration_ms=1168
[2026-01-30 18:52:51.940] [info] [spider.worker] [TIMING] task_id=c87970b0-d498-44cf-ba41-947d1ea214d2 func=job_orchestration.executor.query.spider_search_task.search_without_channel submit_output_start=228414114 submit_output_end=228414149 submit_output_duration_ms=34
[2026-01-30 18:52:51.959] [info] [spider.worker] [TIMING] task_id=4aa570e2-b53a-42fd-9bdc-1b7deebc1ef1 func=job_orchestration.executor.query.spider_search_task.search_without_channel fetch_input_start=228414167 fetch_input_end=228414168 fetch_input_duration_ms=0
[2026-01-30 18:52:53.212] [info] [spider.worker] [TIMING] task_id=4aa570e2-b53a-42fd-9bdc-1b7deebc1ef1 func=job_orchestration.executor.query.spider_search_task.search_without_channel execution_start=228414168 execution_end=228415421 execution_duration_ms=1252
[2026-01-30 18:52:53.233] [info] [spider.worker] [TIMING] task_id=4aa570e2-b53a-42fd-9bdc-1b7deebc1ef1 func=job_orchestration.executor.query.spider_search_task.search_without_channel submit_output_start=228415423 submit_output_end=228415441 submit_output_duration_ms=18
[2026-01-30 18:52:53.288] [info] [spider.worker] [TIMING] task_id=0f6b83f6-34a3-4ded-b6d3-bdc12da61ee3 func=job_orchestration.executor.query.spider_search_task.search_without_channel fetch_input_start=228415495 fetch_input_end=228415496 fetch_input_duration_ms=0
[2026-01-30 18:52:54.418] [info] [spider.worker] [TIMING] task_id=0f6b83f6-34a3-4ded-b6d3-bdc12da61ee3 func=job_orchestration.executor.query.spider_search_task.search_without_channel execution_start=228415497 execution_end=228416626 execution_duration_ms=1129
[2026-01-30 18:52:54.455] [info] [spider.worker] [TIMING] task_id=0f6b83f6-34a3-4ded-b6d3-bdc12da61ee3 func=job_orchestration.executor.query.spider_search_task.search_without_channel submit_output_start=228416628 submit_output_end=228416664 submit_output_duration_ms=36
[2026-01-30 18:52:54.476] [info] [spider.worker] [TIMING] task_id=c6436f21-fb8e-4da6-87ff-6bccb9c27ede func=job_orchestration.executor.query.spider_search_task.search_without_channel fetch_input_start=228416684 fetch_input_end=228416685 fetch_input_duration_ms=0
[2026-01-30 18:52:55.767] [info] [spider.worker] [TIMING] task_id=c6436f21-fb8e-4da6-87ff-6bccb9c27ede func=job_orchestration.executor.query.spider_search_task.search_without_channel execution_start=228416685 execution_end=228417975 execution_duration_ms=1289
[2026-01-30 18:52:55.808] [info] [spider.worker] [TIMING] task_id=c6436f21-fb8e-4da6-87ff-6bccb9c27ede func=job_orchestration.executor.query.spider_search_task.search_without_channel submit_output_start=228417983 submit_output_end=228418016 submit_output_duration_ms=33
[2026-01-30 18:52:55.818] [info] [spider.worker] [TIMING] task_id=c94aab5a-b4ee-4a0b-af0b-09b828cccc9f func=job_orchestration.executor.query.spider_search_task.search_without_channel fetch_input_start=228418026 fetch_input_end=228418026 fetch_input_duration_ms=0
[2026-01-30 18:52:56.987] [info] [spider.worker] [TIMING] task_id=c94aab5a-b4ee-4a0b-af0b-09b828cccc9f func=job_orchestration.executor.query.spider_search_task.search_without_channel execution_start=228418027 execution_end=228419196 execution_duration_ms=1168
[2026-01-30 18:52:57.018] [info] [spider.worker] [TIMING] task_id=c94aab5a-b4ee-4a0b-af0b-09b828cccc9f func=job_orchestration.executor.query.spider_search_task.search_without_channel submit_output_start=228419197 submit_output_end=228419226 submit_output_duration_ms=29
[2026-01-30 18:52:57.036] [info] [spider.worker] [TIMING] task_id=bb23fe05-838a-496d-bacf-31d883a061a7 func=job_orchestration.executor.query.spider_search_task.search_without_channel fetch_input_start=228419243 fetch_input_end=228419244 fetch_input_duration_ms=1
[2026-01-30 18:52:58.190] [info] [spider.worker] [TIMING] task_id=bb23fe05-838a-496d-bacf-31d883a061a7 func=job_orchestration.executor.query.spider_search_task.search_without_channel execution_start=228419245 execution_end=228420398 execution_duration_ms=1152
[2026-01-30 18:52:58.209] [info] [spider.worker] [TIMING] task_id=bb23fe05-838a-496d-bacf-31d883a061a7 func=job_orchestration.executor.query.spider_search_task.search_without_channel submit_output_start=228420400 submit_output_end=228420417 submit_output_duration_ms=16
[2026-01-30 18:52:58.240] [info] [spider.worker] [TIMING] task_id=0611db4f-228d-49b6-82e6-821b395df190 func=job_orchestration.executor.query.spider_search_task.search_without_channel fetch_input_start=228420447 fetch_input_end=228420448 fetch_input_duration_ms=0
[2026-01-30 18:52:59.502] [info] [spider.worker] [TIMING] task_id=0611db4f-228d-49b6-82e6-821b395df190 func=job_orchestration.executor.query.spider_search_task.search_without_channel execution_start=228420448 execution_end=228421710 execution_duration_ms=1261
[2026-01-30 18:52:59.509] [info] [spider.worker] [TIMING] task_id=0611db4f-228d-49b6-82e6-821b395df190 func=job_orchestration.executor.query.spider_search_task.search_without_channel submit_output_start=228421711 submit_output_end=228421717 submit_output_duration_ms=5
[2026-01-30 18:52:59.545] [info] [spider.worker] [TIMING] task_id=6ab1cc12-e09e-4d78-afc4-47ab9bac4d76 func=job_orchestration.executor.query.spider_search_task.search_without_channel fetch_input_start=228421753 fetch_input_end=228421753 fetch_input_duration_ms=0
[2026-01-30 18:53:00.885] [info] [spider.worker] [TIMING] task_id=6ab1cc12-e09e-4d78-afc4-47ab9bac4d76 func=job_orchestration.executor.query.spider_search_task.search_without_channel execution_start=228421754 execution_end=228423093 execution_duration_ms=1339
[2026-01-30 18:53:00.901] [info] [spider.worker] [TIMING] task_id=6ab1cc12-e09e-4d78-afc4-47ab9bac4d76 func=job_orchestration.executor.query.spider_search_task.search_without_channel submit_output_start=228423095 submit_output_end=228423109 submit_output_duration_ms=14
[2026-01-30 18:53:00.953] [info] [spider.worker] [TIMING] task_id=9faefe8e-365b-4b7d-97a4-ecb225a2ec3b func=job_orchestration.executor.query.spider_search_task.search_without_channel fetch_input_start=228423161 fetch_input_end=228423162 fetch_input_duration_ms=0
[2026-01-30 18:53:02.395] [info] [spider.worker] [TIMING] task_id=9faefe8e-365b-4b7d-97a4-ecb225a2ec3b func=job_orchestration.executor.query.spider_search_task.search_without_channel execution_start=228423162 execution_end=228424603 execution_duration_ms=1440
[2026-01-30 18:53:02.442] [info] [spider.worker] [TIMING] task_id=9faefe8e-365b-4b7d-97a4-ecb225a2ec3b func=job_orchestration.executor.query.spider_search_task.search_without_channel submit_output_start=228424605 submit_output_end=228424651 submit_output_duration_ms=45
[2026-01-30 18:53:02.461] [info] [spider.worker] [TIMING] task_id=9f40c16a-4f7e-4587-a16f-ebed6a4bb358 func=job_orchestration.executor.query.spider_search_task.search_without_channel fetch_input_start=228424669 fetch_input_end=228424670 fetch_input_duration_ms=0
[2026-01-30 18:53:03.642] [info] [spider.worker] [TIMING] task_id=9f40c16a-4f7e-4587-a16f-ebed6a4bb358 func=job_orchestration.executor.query.spider_search_task.search_without_channel execution_start=228424670 execution_end=228425850 execution_duration_ms=1179
[2026-01-30 18:53:03.651] [info] [spider.worker] [TIMING] task_id=9f40c16a-4f7e-4587-a16f-ebed6a4bb358 func=job_orchestration.executor.query.spider_search_task.search_without_channel submit_output_start=228425852 submit_output_end=228425859 submit_output_duration_ms=7
[2026-01-30 18:53:03.688] [info] [spider.worker] [TIMING] task_id=431e6dd0-c31b-4672-b8b3-5faf7a8f07dc func=job_orchestration.executor.query.spider_search_task.search_without_channel fetch_input_start=228425895 fetch_input_end=228425897 fetch_input_duration_ms=1
[2026-01-30 18:53:04.912] [info] [spider.worker] [TIMING] task_id=431e6dd0-c31b-4672-b8b3-5faf7a8f07dc func=job_orchestration.executor.query.spider_search_task.search_without_channel execution_start=228425897 execution_end=228427120 execution_duration_ms=1222
[2026-01-30 18:53:04.926] [info] [spider.worker] [TIMING] task_id=431e6dd0-c31b-4672-b8b3-5faf7a8f07dc func=job_orchestration.executor.query.spider_search_task.search_without_channel submit_output_start=228427122 submit_output_end=228427135 submit_output_duration_ms=12
[2026-01-30 18:53:04.946] [info] [spider.worker] [TIMING] task_id=b5afb988-991f-47a7-9755-8ec7c83dab9e func=job_orchestration.executor.query.spider_search_task.search_without_channel fetch_input_start=228427153 fetch_input_end=228427154 fetch_input_duration_ms=1
[2026-01-30 18:53:06.161] [info] [spider.worker] [TIMING] task_id=b5afb988-991f-47a7-9755-8ec7c83dab9e func=job_orchestration.executor.query.spider_search_task.search_without_channel execution_start=228427155 execution_end=228428369 execution_duration_ms=1214
[2026-01-30 18:53:06.201] [info] [spider.worker] [TIMING] task_id=b5afb988-991f-47a7-9755-8ec7c83dab9e func=job_orchestration.executor.query.spider_search_task.search_without_channel submit_output_start=228428371 submit_output_end=228428410 submit_output_duration_ms=38
[2026-01-30 18:53:06.221] [info] [spider.worker] [TIMING] task_id=9440b8ca-4167-4e44-b2d1-65254eb62e4c func=job_orchestration.executor.query.spider_search_task.search_without_channel fetch_input_start=228428428 fetch_input_end=228428429 fetch_input_duration_ms=0
[2026-01-30 18:53:07.362] [info] [spider.worker] [TIMING] task_id=9440b8ca-4167-4e44-b2d1-65254eb62e4c func=job_orchestration.executor.query.spider_search_task.search_without_channel execution_start=228428430 execution_end=228429570 execution_duration_ms=1140
[2026-01-30 18:53:07.417] [info] [spider.worker] [TIMING] task_id=9440b8ca-4167-4e44-b2d1-65254eb62e4c func=job_orchestration.executor.query.spider_search_task.search_without_channel submit_output_start=228429584 submit_output_end=228429625 submit_output_duration_ms=41
[2026-01-30 18:53:07.454] [info] [spider.worker] [TIMING] task_id=11dae58f-3a87-4ce8-9d48-3b5bd5b5f43e func=job_orchestration.executor.query.spider_search_task.search_without_channel fetch_input_start=228429661 fetch_input_end=228429662 fetch_input_duration_ms=0
[2026-01-30 18:53:08.617] [info] [spider.worker] [TIMING] task_id=11dae58f-3a87-4ce8-9d48-3b5bd5b5f43e func=job_orchestration.executor.query.spider_search_task.search_without_channel execution_start=228429663 execution_end=228430825 execution_duration_ms=1162
[2026-01-30 18:53:08.627] [info] [spider.worker] [TIMING] task_id=11dae58f-3a87-4ce8-9d48-3b5bd5b5f43e func=job_orchestration.executor.query.spider_search_task.search_without_channel submit_output_start=228430827 submit_output_end=228430835 submit_output_duration_ms=8
[2026-01-30 18:53:08.663] [info] [spider.worker] [TIMING] task_id=a9ea4a0b-e96b-48ec-8d1a-6e8f250b1714 func=job_orchestration.executor.query.spider_search_task.search_without_channel fetch_input_start=228430871 fetch_input_end=228430872 fetch_input_duration_ms=1
[2026-01-30 18:53:09.786] [info] [spider.worker] [TIMING] task_id=a9ea4a0b-e96b-48ec-8d1a-6e8f250b1714 func=job_orchestration.executor.query.spider_search_task.search_without_channel execution_start=228430873 execution_end=228431994 execution_duration_ms=1121
[2026-01-30 18:53:09.810] [info] [spider.worker] [TIMING] task_id=a9ea4a0b-e96b-48ec-8d1a-6e8f250b1714 func=job_orchestration.executor.query.spider_search_task.search_without_channel submit_output_start=228431996 submit_output_end=228432019 submit_output_duration_ms=22
[2026-01-30 18:53:09.855] [info] [spider.worker] [TIMING] task_id=62f548f4-68f1-4942-9974-9ea5cb6b53e5 func=job_orchestration.executor.query.spider_search_task.search_without_channel fetch_input_start=228432062 fetch_input_end=228432063 fetch_input_duration_ms=0
[2026-01-30 18:53:11.032] [info] [spider.worker] [TIMING] task_id=62f548f4-68f1-4942-9974-9ea5cb6b53e5 func=job_orchestration.executor.query.spider_search_task.search_without_channel execution_start=228432064 execution_end=228433240 execution_duration_ms=1176
[2026-01-30 18:53:11.052] [info] [spider.worker] [TIMING] task_id=62f548f4-68f1-4942-9974-9ea5cb6b53e5 func=job_orchestration.executor.query.spider_search_task.search_without_channel submit_output_start=228433241 submit_output_end=228433261 submit_output_duration_ms=19
[2026-01-30 18:53:11.072] [info] [spider.worker] [TIMING] task_id=916536d6-e6d2-4218-bf6e-bc540603ba99 func=job_orchestration.executor.query.spider_search_task.search_without_channel fetch_input_start=228433279 fetch_input_end=228433280 fetch_input_duration_ms=1
[2026-01-30 18:53:12.315] [info] [spider.worker] [TIMING] task_id=916536d6-e6d2-4218-bf6e-bc540603ba99 func=job_orchestration.executor.query.spider_search_task.search_without_channel execution_start=228433281 execution_end=228434524 execution_duration_ms=1242
[2026-01-30 18:53:12.345] [info] [spider.worker] [TIMING] task_id=916536d6-e6d2-4218-bf6e-bc540603ba99 func=job_orchestration.executor.query.spider_search_task.search_without_channel submit_output_start=228434526 submit_output_end=228434553 submit_output_duration_ms=27
[2026-01-30 18:53:12.363] [info] [spider.worker] [TIMING] task_id=91a5fc97-0635-43da-9786-e2ea8d187041 func=job_orchestration.executor.query.spider_search_task.search_without_channel fetch_input_start=228434571 fetch_input_end=228434572 fetch_input_duration_ms=1
[2026-01-30 18:53:13.591] [info] [spider.worker] [TIMING] task_id=91a5fc97-0635-43da-9786-e2ea8d187041 func=job_orchestration.executor.query.spider_search_task.search_without_channel execution_start=228434572 execution_end=228435800 execution_duration_ms=1227
[2026-01-30 18:53:13.603] [info] [spider.worker] [TIMING] task_id=91a5fc97-0635-43da-9786-e2ea8d187041 func=job_orchestration.executor.query.spider_search_task.search_without_channel submit_output_start=228435801 submit_output_end=228435811 submit_output_duration_ms=9
[2026-01-30 18:53:13.622] [info] [spider.worker] [TIMING] task_id=bf3eca87-76af-4f42-81c0-1ff09b9cceee func=job_orchestration.executor.query.spider_search_task.search_without_channel fetch_input_start=228435830 fetch_input_end=228435831 fetch_input_duration_ms=1
[2026-01-30 18:53:14.747] [info] [spider.worker] [TIMING] task_id=bf3eca87-76af-4f42-81c0-1ff09b9cceee func=job_orchestration.executor.query.spider_search_task.search_without_channel execution_start=228435831 execution_end=228436956 execution_duration_ms=1124
[2026-01-30 18:53:14.809] [info] [spider.worker] [TIMING] task_id=bf3eca87-76af-4f42-81c0-1ff09b9cceee func=job_orchestration.executor.query.spider_search_task.search_without_channel submit_output_start=228436957 submit_output_end=228437017 submit_output_duration_ms=59
[2026-01-30 18:53:14.878] [info] [spider.worker] [TIMING] task_id=e88c59a4-294a-4d2d-81ca-c99160b66744 func=job_orchestration.executor.query.spider_search_task.search_without_channel fetch_input_start=228437085 fetch_input_end=228437086 fetch_input_duration_ms=0
[2026-01-30 18:53:16.124] [info] [spider.worker] [TIMING] task_id=e88c59a4-294a-4d2d-81ca-c99160b66744 func=job_orchestration.executor.query.spider_search_task.search_without_channel execution_start=228437087 execution_end=228438332 execution_duration_ms=1245
[2026-01-30 18:53:16.137] [info] [spider.worker] [TIMING] task_id=e88c59a4-294a-4d2d-81ca-c99160b66744 func=job_orchestration.executor.query.spider_search_task.search_without_channel submit_output_start=228438334 submit_output_end=228438345 submit_output_duration_ms=11
[2026-01-30 18:53:16.173] [info] [spider.worker] [TIMING] task_id=bd11293e-458c-4f07-8647-0ff9b94f5022 func=job_orchestration.executor.query.spider_search_task.search_without_channel fetch_input_start=228438381 fetch_input_end=228438382 fetch_input_duration_ms=1
[2026-01-30 18:53:17.492] [info] [spider.worker] [TIMING] task_id=bd11293e-458c-4f07-8647-0ff9b94f5022 func=job_orchestration.executor.query.spider_search_task.search_without_channel execution_start=228438382 execution_end=228439700 execution_duration_ms=1317
[2026-01-30 18:53:17.504] [info] [spider.worker] [TIMING] task_id=bd11293e-458c-4f07-8647-0ff9b94f5022 func=job_orchestration.executor.query.spider_search_task.search_without_channel submit_output_start=228439702 submit_output_end=228439712 submit_output_duration_ms=10
[2026-01-30 18:53:17.540] [info] [spider.worker] [TIMING] task_id=d59b6343-1060-4df7-8faf-02f40fea8525 func=job_orchestration.executor.query.spider_search_task.search_without_channel fetch_input_start=228439747 fetch_input_end=228439748 fetch_input_duration_ms=0
[2026-01-30 18:53:18.819] [info] [spider.worker] [TIMING] task_id=d59b6343-1060-4df7-8faf-02f40fea8525 func=job_orchestration.executor.query.spider_search_task.search_without_channel execution_start=228439749 execution_end=228441027 execution_duration_ms=1278
[2026-01-30 18:53:18.846] [info] [spider.worker] [TIMING] task_id=d59b6343-1060-4df7-8faf-02f40fea8525 func=job_orchestration.executor.query.spider_search_task.search_without_channel submit_output_start=228441032 submit_output_end=228441054 submit_output_duration_ms=21
[2026-01-30 18:53:18.890] [info] [spider.worker] [TIMING] task_id=37a947a7-3e26-49a6-bf8f-e14d26599fe0 func=job_orchestration.executor.query.spider_search_task.search_without_channel fetch_input_start=228441097 fetch_input_end=228441099 fetch_input_duration_ms=1
[2026-01-30 18:53:20.140] [info] [spider.worker] [TIMING] task_id=37a947a7-3e26-49a6-bf8f-e14d26599fe0 func=job_orchestration.executor.query.spider_search_task.search_without_channel execution_start=228441099 execution_end=228442348 execution_duration_ms=1248
[2026-01-30 18:53:20.171] [info] [spider.worker] [TIMING] task_id=37a947a7-3e26-49a6-bf8f-e14d26599fe0 func=job_orchestration.executor.query.spider_search_task.search_without_channel submit_output_start=228442350 submit_output_end=228442379 submit_output_duration_ms=29
[2026-01-30 18:53:20.215] [info] [spider.worker] [TIMING] task_id=c228ed9e-6ada-4c38-9c66-a2219b3382e6 func=job_orchestration.executor.query.spider_search_task.search_without_channel fetch_input_start=228442423 fetch_input_end=228442424 fetch_input_duration_ms=0
[2026-01-30 18:53:21.472] [info] [spider.worker] [TIMING] task_id=c228ed9e-6ada-4c38-9c66-a2219b3382e6 func=job_orchestration.executor.query.spider_search_task.search_without_channel execution_start=228442424 execution_end=228443680 execution_duration_ms=1255
[2026-01-30 18:53:21.513] [info] [spider.worker] [TIMING] task_id=c228ed9e-6ada-4c38-9c66-a2219b3382e6 func=job_orchestration.executor.query.spider_search_task.search_without_channel submit_output_start=228443681 submit_output_end=228443722 submit_output_duration_ms=40
[2026-01-30 18:53:21.550] [info] [spider.worker] [TIMING] task_id=9b7c2fcc-0f73-4c44-9119-a026d933f580 func=job_orchestration.executor.query.spider_search_task.search_without_channel fetch_input_start=228443757 fetch_input_end=228443758 fetch_input_duration_ms=1
[2026-01-30 18:53:22.664] [info] [spider.worker] [TIMING] task_id=9b7c2fcc-0f73-4c44-9119-a026d933f580 func=job_orchestration.executor.query.spider_search_task.search_without_channel execution_start=228443759 execution_end=228444872 execution_duration_ms=1113
[2026-01-30 18:53:22.716] [info] [spider.worker] [TIMING] task_id=9b7c2fcc-0f73-4c44-9119-a026d933f580 func=job_orchestration.executor.query.spider_search_task.search_without_channel submit_output_start=228444874 submit_output_end=228444924 submit_output_duration_ms=50
[2026-01-30 18:53:22.808] [info] [spider.worker] [TIMING] task_id=89cdf045-4b32-4734-b5cf-ba18e87cdbac func=job_orchestration.executor.query.spider_search_task.search_without_channel fetch_input_start=228445015 fetch_input_end=228445016 fetch_input_duration_ms=1
[2026-01-30 18:53:24.358] [info] [spider.worker] [TIMING] task_id=89cdf045-4b32-4734-b5cf-ba18e87cdbac func=job_orchestration.executor.query.spider_search_task.search_without_channel execution_start=228445017 execution_end=228446567 execution_duration_ms=1549
[2026-01-30 18:53:24.371] [info] [spider.worker] [TIMING] task_id=89cdf045-4b32-4734-b5cf-ba18e87cdbac func=job_orchestration.executor.query.spider_search_task.search_without_channel submit_output_start=228446568 submit_output_end=228446580 submit_output_duration_ms=11
[2026-01-30 18:53:24.414] [info] [spider.worker] [TIMING] task_id=45e447e1-0d30-42bc-8fcf-e54e518e2b4b func=job_orchestration.executor.query.spider_search_task.search_without_channel fetch_input_start=228446621 fetch_input_end=228446622 fetch_input_duration_ms=0
[2026-01-30 18:53:25.695] [info] [spider.worker] [TIMING] task_id=45e447e1-0d30-42bc-8fcf-e54e518e2b4b func=job_orchestration.executor.query.spider_search_task.search_without_channel execution_start=228446622 execution_end=228447904 execution_duration_ms=1281
[2026-01-30 18:53:25.705] [info] [spider.worker] [TIMING] task_id=45e447e1-0d30-42bc-8fcf-e54e518e2b4b func=job_orchestration.executor.query.spider_search_task.search_without_channel submit_output_start=228447906 submit_output_end=228447913 submit_output_duration_ms=7
[2026-01-30 18:53:25.716] [info] [spider.worker] [TIMING] task_id=4888e1e6-0d65-493e-8cab-4247ed1251b4 func=job_orchestration.executor.query.spider_search_task.search_without_channel fetch_input_start=228447923 fetch_input_end=228447924 fetch_input_duration_ms=1
[2026-01-30 18:53:26.886] [info] [spider.worker] [TIMING] task_id=4888e1e6-0d65-493e-8cab-4247ed1251b4 func=job_orchestration.executor.query.spider_search_task.search_without_channel execution_start=228447925 execution_end=228449094 execution_duration_ms=1168
[2026-01-30 18:53:26.916] [info] [spider.worker] [TIMING] task_id=4888e1e6-0d65-493e-8cab-4247ed1251b4 func=job_orchestration.executor.query.spider_search_task.search_without_channel submit_output_start=228449095 submit_output_end=228449125 submit_output_duration_ms=29
[2026-01-30 18:53:26.941] [info] [spider.worker] [TIMING] task_id=5411f8a0-5642-411c-add6-7b142bd1d89c func=job_orchestration.executor.query.spider_search_task.search_without_channel fetch_input_start=228449149 fetch_input_end=228449149 fetch_input_duration_ms=0
[2026-01-30 18:53:28.254] [info] [spider.worker] [TIMING] task_id=5411f8a0-5642-411c-add6-7b142bd1d89c func=job_orchestration.executor.query.spider_search_task.search_without_channel execution_start=228449150 execution_end=228450463 execution_duration_ms=1312
[2026-01-30 18:53:28.264] [info] [spider.worker] [TIMING] task_id=5411f8a0-5642-411c-add6-7b142bd1d89c func=job_orchestration.executor.query.spider_search_task.search_without_channel submit_output_start=228450464 submit_output_end=228450472 submit_output_duration_ms=7
[2026-01-30 18:53:28.274] [info] [spider.worker] [TIMING] task_id=01b5da7e-f3df-4e60-a734-afbca06a60e6 func=job_orchestration.executor.query.spider_search_task.search_without_channel fetch_input_start=228450482 fetch_input_end=228450483 fetch_input_duration_ms=0
[2026-01-30 18:53:29.578] [info] [spider.worker] [TIMING] task_id=01b5da7e-f3df-4e60-a734-afbca06a60e6 func=job_orchestration.executor.query.spider_search_task.search_without_channel execution_start=228450483 execution_end=228451786 execution_duration_ms=1302
[2026-01-30 18:53:29.597] [info] [spider.worker] [TIMING] task_id=01b5da7e-f3df-4e60-a734-afbca06a60e6 func=job_orchestration.executor.query.spider_search_task.search_without_channel submit_output_start=228451789 submit_output_end=228451806 submit_output_duration_ms=16
[2026-01-30 18:53:29.607] [info] [spider.worker] [TIMING] task_id=cdde62d1-aa06-41b6-b789-6ed6666d156e func=job_orchestration.executor.query.spider_search_task.search_without_channel fetch_input_start=228451815 fetch_input_end=228451816 fetch_input_duration_ms=0
[2026-01-30 18:53:30.843] [info] [spider.worker] [TIMING] task_id=cdde62d1-aa06-41b6-b789-6ed6666d156e func=job_orchestration.executor.query.spider_search_task.search_without_channel execution_start=228451816 execution_end=228453051 execution_duration_ms=1234
[2026-01-30 18:53:30.873] [info] [spider.worker] [TIMING] task_id=cdde62d1-aa06-41b6-b789-6ed6666d156e func=job_orchestration.executor.query.spider_search_task.search_without_channel submit_output_start=228453059 submit_output_end=228453081 submit_output_duration_ms=22
[2026-01-30 18:53:30.892] [info] [spider.worker] [TIMING] task_id=5f36e614-6567-4c38-bd99-7e0a96355526 func=job_orchestration.executor.query.spider_search_task.search_without_channel fetch_input_start=228453099 fetch_input_end=228453100 fetch_input_duration_ms=1
[2026-01-30 18:53:32.089] [info] [spider.worker] [TIMING] task_id=5f36e614-6567-4c38-bd99-7e0a96355526 func=job_orchestration.executor.query.spider_search_task.search_without_channel execution_start=228453101 execution_end=228454297 execution_duration_ms=1196
[2026-01-30 18:53:32.106] [info] [spider.worker] [TIMING] task_id=5f36e614-6567-4c38-bd99-7e0a96355526 func=job_orchestration.execut