[2026-01-30 14:53:05.932] [warning] [spider.worker] Prefer using `SPIDER_STORAGE_URL` environment variable over `--storage_url` argument.
[2026-01-30 14:53:48.467] [info] [spider.worker] [TIMING] task_id=6ab79092-66d1-46f3-b611-3c8d58b5016b func=job_orchestration.executor.compress.spider_compress.compress fetch_input_start=214070674 fetch_input_end=214070676 fetch_input_duration_ms=1
[2026-01-30 14:53:58.145] [info] [spider.worker] [TIMING] task_id=6ab79092-66d1-46f3-b611-3c8d58b5016b func=job_orchestration.executor.compress.spider_compress.compress execution_start=214070677 execution_end=214080353 execution_duration_ms=9676
[2026-01-30 14:53:58.210] [info] [spider.worker] [TIMING] task_id=6ab79092-66d1-46f3-b611-3c8d58b5016b func=job_orchestration.executor.compress.spider_compress.compress submit_output_start=214080354 submit_output_end=214080418 submit_output_duration_ms=64
[2026-01-30 14:53:58.269] [info] [spider.worker] [TIMING] task_id=644e7b61-387e-47c9-859f-298d9c589cea func=job_orchestration.executor.compress.spider_compress.compress fetch_input_start=214080477 fetch_input_end=214080478 fetch_input_duration_ms=0
[2026-01-30 14:54:07.812] [info] [spider.worker] [TIMING] task_id=644e7b61-387e-47c9-859f-298d9c589cea func=job_orchestration.executor.compress.spider_compress.compress execution_start=214080478 execution_end=214090021 execution_duration_ms=9542
[2026-01-30 14:54:07.826] [info] [spider.worker] [TIMING] task_id=644e7b61-387e-47c9-859f-298d9c589cea func=job_orchestration.executor.compress.spider_compress.compress submit_output_start=214090022 submit_output_end=214090034 submit_output_duration_ms=12
[2026-01-30 14:54:07.837] [info] [spider.worker] [TIMING] task_id=68658e52-a491-4798-b5b8-b490db559776 func=job_orchestration.executor.compress.spider_compress.compress fetch_input_start=214090044 fetch_input_end=214090045 fetch_input_duration_ms=1
[2026-01-30 14:54:29.818] [info] [spider.worker] [TIMING] task_id=68658e52-a491-4798-b5b8-b490db559776 func=job_orchestration.executor.compress.spider_compress.compress execution_start=214090046 execution_end=214112026 execution_duration_ms=21980
[2026-01-30 14:54:29.833] [info] [spider.worker] [TIMING] task_id=68658e52-a491-4798-b5b8-b490db559776 func=job_orchestration.executor.compress.spider_compress.compress submit_output_start=214112028 submit_output_end=214112041 submit_output_duration_ms=13
[2026-01-30 14:54:29.844] [info] [spider.worker] [TIMING] task_id=48a80838-4ef1-4c55-b22c-d09ff4c88b0b func=job_orchestration.executor.compress.spider_compress.compress fetch_input_start=214112051 fetch_input_end=214112052 fetch_input_duration_ms=1
[2026-01-30 14:54:39.406] [info] [spider.worker] [TIMING] task_id=48a80838-4ef1-4c55-b22c-d09ff4c88b0b func=job_orchestration.executor.compress.spider_compress.compress execution_start=214112053 execution_end=214121615 execution_duration_ms=9561
[2026-01-30 14:54:39.415] [info] [spider.worker] [TIMING] task_id=48a80838-4ef1-4c55-b22c-d09ff4c88b0b func=job_orchestration.executor.compress.spider_compress.compress submit_output_start=214121617 submit_output_end=214121624 submit_output_duration_ms=6
[2026-01-30 14:54:39.443] [info] [spider.worker] [TIMING] task_id=f205f200-3ca5-4474-8cda-0259eaa75421 func=job_orchestration.executor.compress.spider_compress.compress fetch_input_start=214121650 fetch_input_end=214121651 fetch_input_duration_ms=1
[2026-01-30 14:54:50.433] [info] [spider.worker] [TIMING] task_id=f205f200-3ca5-4474-8cda-0259eaa75421 func=job_orchestration.executor.compress.spider_compress.compress execution_start=214121652 execution_end=214132642 execution_duration_ms=10989
[2026-01-30 14:54:50.479] [info] [spider.worker] [TIMING] task_id=f205f200-3ca5-4474-8cda-0259eaa75421 func=job_orchestration.executor.compress.spider_compress.compress submit_output_start=214132645 submit_output_end=214132687 submit_output_duration_ms=41
[2026-01-30 14:54:50.523] [info] [spider.worker] [TIMING] task_id=8d12bd9f-3f2a-49c9-add9-0824ec710b91 func=job_orchestration.executor.compress.spider_compress.compress fetch_input_start=214132730 fetch_input_end=214132731 fetch_input_duration_ms=1
[2026-01-30 14:55:05.752] [info] [spider.worker] [TIMING] task_id=8d12bd9f-3f2a-49c9-add9-0824ec710b91 func=job_orchestration.executor.compress.spider_compress.compress execution_start=214132732 execution_end=214147960 execution_duration_ms=15228
[2026-01-30 14:55:05.765] [info] [spider.worker] [TIMING] task_id=8d12bd9f-3f2a-49c9-add9-0824ec710b91 func=job_orchestration.executor.compress.spider_compress.compress submit_output_start=214147963 submit_output_end=214147973 submit_output_duration_ms=10
[2026-01-30 14:55:05.776] [info] [spider.worker] [TIMING] task_id=9f91c8be-5c9b-4ede-a68c-7ffa833be890 func=job_orchestration.executor.compress.spider_compress.compress fetch_input_start=214147983 fetch_input_end=214147984 fetch_input_duration_ms=1
[2026-01-30 14:55:19.862] [info] [spider.worker] [TIMING] task_id=9f91c8be-5c9b-4ede-a68c-7ffa833be890 func=job_orchestration.executor.compress.spider_compress.compress execution_start=214147985 execution_end=214162070 execution_duration_ms=14085
[2026-01-30 14:55:19.939] [info] [spider.worker] [TIMING] task_id=9f91c8be-5c9b-4ede-a68c-7ffa833be890 func=job_orchestration.executor.compress.spider_compress.compress submit_output_start=214162072 submit_output_end=214162147 submit_output_duration_ms=75
[2026-01-30 14:55:19.959] [info] [spider.worker] [TIMING] task_id=651bc4f5-f114-4bc2-9e38-0312ab2898c3 func=job_orchestration.executor.compress.spider_compress.compress fetch_input_start=214162166 fetch_input_end=214162167 fetch_input_duration_ms=1
[2026-01-30 14:55:29.854] [info] [spider.worker] [TIMING] task_id=651bc4f5-f114-4bc2-9e38-0312ab2898c3 func=job_orchestration.executor.compress.spider_compress.compress execution_start=214162168 execution_end=214172062 execution_duration_ms=9894
[2026-01-30 14:55:29.871] [info] [spider.worker] [TIMING] task_id=651bc4f5-f114-4bc2-9e38-0312ab2898c3 func=job_orchestration.executor.compress.spider_compress.compress submit_output_start=214172064 submit_output_end=214172080 submit_output_duration_ms=15
[2026-01-30 14:55:29.882] [info] [spider.worker] [TIMING] task_id=9b348a46-13d0-4a7c-90bf-4597e35bad74 func=job_orchestration.executor.compress.spider_compress.compress fetch_input_start=214172090 fetch_input_end=214172090 fetch_input_duration_ms=0
[2026-01-30 14:55:56.886] [info] [spider.worker] [TIMING] task_id=9b348a46-13d0-4a7c-90bf-4597e35bad74 func=job_orchestration.executor.compress.spider_compress.compress execution_start=214172091 execution_end=214199094 execution_duration_ms=27003
[2026-01-30 14:55:56.895] [info] [spider.worker] [TIMING] task_id=9b348a46-13d0-4a7c-90bf-4597e35bad74 func=job_orchestration.executor.compress.spider_compress.compress submit_output_start=214199096 submit_output_end=214199103 submit_output_duration_ms=7
[2026-01-30 14:55:56.914] [info] [spider.worker] [TIMING] task_id=e0824a36-7649-45b1-9259-2588c0665f4c func=job_orchestration.executor.compress.spider_compress.compress fetch_input_start=214199122 fetch_input_end=214199123 fetch_input_duration_ms=1
[2026-01-30 14:56:33.873] [info] [spider.worker] [TIMING] task_id=e0824a36-7649-45b1-9259-2588c0665f4c func=job_orchestration.executor.compress.spider_compress.compress execution_start=214199123 execution_end=214236081 execution_duration_ms=36958
[2026-01-30 14:56:33.903] [info] [spider.worker] [TIMING] task_id=e0824a36-7649-45b1-9259-2588c0665f4c func=job_orchestration.executor.compress.spider_compress.compress submit_output_start=214236084 submit_output_end=214236112 submit_output_duration_ms=27
[2026-01-30 14:56:33.931] [info] [spider.worker] [TIMING] task_id=9cb17ba8-bdcf-47ce-8569-7cccfb9218da func=job_orchestration.executor.compress.spider_compress.compress fetch_input_start=214236138 fetch_input_end=214236139 fetch_input_duration_ms=1
[2026-01-30 14:56:44.010] [info] [spider.worker] [TIMING] task_id=9cb17ba8-bdcf-47ce-8569-7cccfb9218da func=job_orchestration.executor.compress.spider_compress.compress execution_start=214236140 execution_end=214246218 execution_duration_ms=10078
[2026-01-30 14:56:44.026] [info] [spider.worker] [TIMING] task_id=9cb17ba8-bdcf-47ce-8569-7cccfb9218da func=job_orchestration.executor.compress.spider_compress.compress submit_output_start=214246221 submit_output_end=214246235 submit_output_duration_ms=14
[2026-01-30 14:56:44.065] [info] [spider.worker] [TIMING] task_id=248d6245-ebf6-4275-a5a1-707f96e447ae func=job_orchestration.executor.compress.spider_compress.compress fetch_input_start=214246272 fetch_input_end=214246273 fetch_input_duration_ms=1
[2026-01-30 14:57:31.712] [info] [spider.worker] [TIMING] task_id=248d6245-ebf6-4275-a5a1-707f96e447ae func=job_orchestration.executor.compress.spider_compress.compress execution_start=214246274 execution_end=214293920 execution_duration_ms=47646
[2026-01-30 14:57:31.724] [info] [spider.worker] [TIMING] task_id=248d6245-ebf6-4275-a5a1-707f96e447ae func=job_orchestration.executor.compress.spider_compress.compress submit_output_start=214293922 submit_output_end=214293932 submit_output_duration_ms=10
[2026-01-30 14:57:31.760] [info] [spider.worker] [TIMING] task_id=9eec62f2-c37c-4eaa-a3b8-d18f69c6d058 func=job_orchestration.executor.compress.spider_compress.compress fetch_input_start=214293968 fetch_input_end=214293969 fetch_input_duration_ms=1
[2026-01-30 14:57:43.342] [info] [spider.worker] [TIMING] task_id=9eec62f2-c37c-4eaa-a3b8-d18f69c6d058 func=job_orchestration.executor.compress.spider_compress.compress execution_start=214293969 execution_end=214305550 execution_duration_ms=11580
[2026-01-30 14:57:43.357] [info] [spider.worker] [TIMING] task_id=9eec62f2-c37c-4eaa-a3b8-d18f69c6d058 func=job_orchestration.executor.compress.spider_compress.compress submit_output_start=214305552 submit_output_end=214305566 submit_output_duration_ms=13
[2026-01-30 14:57:43.399] [info] [spider.worker] [TIMING] task_id=e5c7ce17-dd34-494b-81c7-164a1e64c76d func=job_orchestration.executor.compress.spider_compress.compress fetch_input_start=214305607 fetch_input_end=214305608 fetch_input_duration_ms=0
[2026-01-30 14:57:59.400] [info] [spider.worker] [TIMING] task_id=e5c7ce17-dd34-494b-81c7-164a1e64c76d func=job_orchestration.executor.compress.spider_compress.compress execution_start=214305608 execution_end=214321609 execution_duration_ms=16000
[2026-01-30 14:57:59.432] [info] [spider.worker] [TIMING] task_id=e5c7ce17-dd34-494b-81c7-164a1e64c76d func=job_orchestration.executor.compress.spider_compress.compress submit_output_start=214321610 submit_output_end=214321641 submit_output_duration_ms=30
[2026-01-30 14:57:59.450] [info] [spider.worker] [TIMING] task_id=d3ea1ab6-b1d4-4e9b-9a43-13f4e3cfabce func=job_orchestration.executor.compress.spider_compress.compress fetch_input_start=214321658 fetch_input_end=214321658 fetch_input_duration_ms=0
[2026-01-30 14:58:37.781] [info] [spider.worker] [TIMING] task_id=d3ea1ab6-b1d4-4e9b-9a43-13f4e3cfabce func=job_orchestration.executor.compress.spider_compress.compress execution_start=214321659 execution_end=214359989 execution_duration_ms=38329
[2026-01-30 14:58:37.813] [info] [spider.worker] [TIMING] task_id=d3ea1ab6-b1d4-4e9b-9a43-13f4e3cfabce func=job_orchestration.executor.compress.spider_compress.compress submit_output_start=214359991 submit_output_end=214360022 submit_output_duration_ms=30
[2026-01-30 14:58:37.832] [info] [spider.worker] [TIMING] task_id=85ee298d-a21b-4cdc-b4e7-039aa95343bc func=job_orchestration.executor.compress.spider_compress.compress fetch_input_start=214360040 fetch_input_end=214360041 fetch_input_duration_ms=0
[2026-01-30 14:59:10.066] [info] [spider.worker] [TIMING] task_id=85ee298d-a21b-4cdc-b4e7-039aa95343bc func=job_orchestration.executor.compress.spider_compress.compress execution_start=214360041 execution_end=214392274 execution_duration_ms=32232
[2026-01-30 14:59:10.078] [info] [spider.worker] [TIMING] task_id=85ee298d-a21b-4cdc-b4e7-039aa95343bc func=job_orchestration.executor.compress.spider_compress.compress submit_output_start=214392276 submit_output_end=214392287 submit_output_duration_ms=10
[2026-01-30 14:59:10.122] [info] [spider.worker] [TIMING] task_id=37f24d3f-37ff-41c9-a0c9-bbbca3daeec4 func=job_orchestration.executor.compress.spider_compress.compress fetch_input_start=214392330 fetch_input_end=214392331 fetch_input_duration_ms=0
[2026-01-30 14:59:42.413] [info] [spider.worker] [TIMING] task_id=37f24d3f-37ff-41c9-a0c9-bbbca3daeec4 func=job_orchestration.executor.compress.spider_compress.compress execution_start=214392331 execution_end=214424622 execution_duration_ms=32290
[2026-01-30 14:59:42.445] [info] [spider.worker] [TIMING] task_id=37f24d3f-37ff-41c9-a0c9-bbbca3daeec4 func=job_orchestration.executor.compress.spider_compress.compress submit_output_start=214424631 submit_output_end=214424653 submit_output_duration_ms=22
[2026-01-30 14:59:42.465] [info] [spider.worker] [TIMING] task_id=90e19b0a-bc8c-42b5-8897-e22d0208d382 func=job_orchestration.executor.compress.spider_compress.compress fetch_input_start=214424672 fetch_input_end=214424673 fetch_input_duration_ms=1
[2026-01-30 15:00:03.032] [info] [spider.worker] [TIMING] task_id=90e19b0a-bc8c-42b5-8897-e22d0208d382 func=job_orchestration.executor.compress.spider_compress.compress execution_start=214424674 execution_end=214445241 execution_duration_ms=20566
[2026-01-30 15:00:03.045] [info] [spider.worker] [TIMING] task_id=90e19b0a-bc8c-42b5-8897-e22d0208d382 func=job_orchestration.executor.compress.spider_compress.compress submit_output_start=214445242 submit_output_end=214445253 submit_output_duration_ms=11
[2026-01-30 15:00:03.055] [info] [spider.worker] [TIMING] task_id=40d908b2-8dff-4ed3-8f6b-8ee8bf88c032 func=job_orchestration.executor.compress.spider_compress.compress fetch_input_start=214445262 fetch_input_end=214445263 fetch_input_duration_ms=0
[2026-01-30 15:00:12.559] [info] [spider.worker] [TIMING] task_id=40d908b2-8dff-4ed3-8f6b-8ee8bf88c032 func=job_orchestration.executor.compress.spider_compress.compress execution_start=214445264 execution_end=214454768 execution_duration_ms=9503
[2026-01-30 15:00:12.615] [info] [spider.worker] [TIMING] task_id=40d908b2-8dff-4ed3-8f6b-8ee8bf88c032 func=job_orchestration.executor.compress.spider_compress.compress submit_output_start=214454773 submit_output_end=214454823 submit_output_duration_ms=49
[2026-01-30 15:00:12.715] [info] [spider.worker] [TIMING] task_id=dc54b4e6-259b-4523-b705-604f1d2da5fb func=job_orchestration.executor.compress.spider_compress.compress fetch_input_start=214454922 fetch_input_end=214454923 fetch_input_duration_ms=1
[2026-01-30 15:00:26.453] [info] [spider.worker] [TIMING] task_id=dc54b4e6-259b-4523-b705-604f1d2da5fb func=job_orchestration.executor.compress.spider_compress.compress execution_start=214454924 execution_end=214468661 execution_duration_ms=13737
[2026-01-30 15:00:26.477] [info] [spider.worker] [TIMING] task_id=dc54b4e6-259b-4523-b705-604f1d2da5fb func=job_orchestration.executor.compress.spider_compress.compress submit_output_start=214468663 submit_output_end=214468686 submit_output_duration_ms=22
[2026-01-30 15:00:26.497] [info] [spider.worker] [TIMING] task_id=10c0dfd8-6f01-43a6-ab86-8e0551c57206 func=job_orchestration.executor.compress.spider_compress.compress fetch_input_start=214468704 fetch_input_end=214468706 fetch_input_duration_ms=1
[2026-01-30 15:00:36.647] [info] [spider.worker] [TIMING] task_id=10c0dfd8-6f01-43a6-ab86-8e0551c57206 func=job_orchestration.executor.compress.spider_compress.compress execution_start=214468707 execution_end=214478855 execution_duration_ms=10148
[2026-01-30 15:00:36.669] [info] [spider.worker] [TIMING] task_id=10c0dfd8-6f01-43a6-ab86-8e0551c57206 func=job_orchestration.executor.compress.spider_compress.compress submit_output_start=214478857 submit_output_end=214478877 submit_output_duration_ms=19
[2026-01-30 15:00:36.689] [info] [spider.worker] [TIMING] task_id=cbf7b02c-c696-4666-ab26-b6fedbe0b27e func=job_orchestration.executor.compress.spider_compress.compress fetch_input_start=214478896 fetch_input_end=214478897 fetch_input_duration_ms=1
[2026-01-30 15:00:45.946] [info] [spider.worker] [TIMING] task_id=cbf7b02c-c696-4666-ab26-b6fedbe0b27e func=job_orchestration.executor.compress.spider_compress.compress execution_start=214478898 execution_end=214488154 execution_duration_ms=9255
[2026-01-30 15:00:45.968] [info] [spider.worker] [TIMING] task_id=cbf7b02c-c696-4666-ab26-b6fedbe0b27e func=job_orchestration.executor.compress.spider_compress.compress submit_output_start=214488158 submit_output_end=214488177 submit_output_duration_ms=19
[2026-01-30 15:00:45.988] [info] [spider.worker] [TIMING] task_id=886be9b8-d2e8-4a76-8fe6-596f6edbdf81 func=job_orchestration.executor.compress.spider_compress.compress fetch_input_start=214488195 fetch_input_end=214488196 fetch_input_duration_ms=0
[2026-01-30 15:01:19.795] [info] [spider.worker] [TIMING] task_id=886be9b8-d2e8-4a76-8fe6-596f6edbdf81 func=job_orchestration.executor.compress.spider_compress.compress execution_start=214488197 execution_end=214522003 execution_duration_ms=33806
[2026-01-30 15:01:19.809] [info] [spider.worker] [TIMING] task_id=886be9b8-d2e8-4a76-8fe6-596f6edbdf81 func=job_orchestration.executor.compress.spider_compress.compress submit_output_start=214522005 submit_output_end=214522018 submit_output_duration_ms=12
[2026-01-30 15:01:19.821] [info] [spider.worker] [TIMING] task_id=3f959e38-01bd-47c5-affc-0bd2e543d74a func=job_orchestration.executor.compress.spider_compress.compress fetch_input_start=214522028 fetch_input_end=214522029 fetch_input_duration_ms=1
[2026-01-30 15:01:31.430] [info] [spider.worker] [TIMING] task_id=3f959e38-01bd-47c5-affc-0bd2e543d74a func=job_orchestration.executor.compress.spider_compress.compress execution_start=214522030 execution_end=214533639 execution_duration_ms=11609
[2026-01-30 15:01:31.451] [info] [spider.worker] [TIMING] task_id=3f959e38-01bd-47c5-affc-0bd2e543d74a func=job_orchestration.executor.compress.spider_compress.compress submit_output_start=214533641 submit_output_end=214533659 submit_output_duration_ms=18
[2026-01-30 15:01:31.481] [info] [spider.worker] [TIMING] task_id=568dbc55-55ab-4523-aed7-e211bc8a5b27 func=job_orchestration.executor.compress.spider_compress.compress fetch_input_start=214533688 fetch_input_end=214533689 fetch_input_duration_ms=1
[2026-01-30 15:01:41.766] [info] [spider.worker] [TIMING] task_id=568dbc55-55ab-4523-aed7-e211bc8a5b27 func=job_orchestration.executor.compress.spider_compress.compress execution_start=214533690 execution_end=214543975 execution_duration_ms=10284
[2026-01-30 15:01:41.801] [info] [spider.worker] [TIMING] task_id=568dbc55-55ab-4523-aed7-e211bc8a5b27 func=job_orchestration.executor.compress.spider_compress.compress submit_output_start=214543990 submit_output_end=214544009 submit_output_duration_ms=19
[2026-01-30 15:01:41.812] [info] [spider.worker] [TIMING] task_id=be3603c7-7478-464f-b066-895cc79be035 func=job_orchestration.executor.compress.spider_compress.compress fetch_input_start=214544019 fetch_input_end=214544020 fetch_input_duration_ms=0
[2026-01-30 15:01:58.442] [info] [spider.worker] [TIMING] task_id=be3603c7-7478-464f-b066-895cc79be035 func=job_orchestration.executor.compress.spider_compress.compress execution_start=214544021 execution_end=214560650 execution_duration_ms=16629
[2026-01-30 15:01:58.484] [info] [spider.worker] [TIMING] task_id=be3603c7-7478-464f-b066-895cc79be035 func=job_orchestration.executor.compress.spider_compress.compress submit_output_start=214560652 submit_output_end=214560692 submit_output_duration_ms=39
[2026-01-30 15:01:58.503] [info] [spider.worker] [TIMING] task_id=bfabf471-45cd-4435-b807-11ae1191f9b7 func=job_orchestration.executor.compress.spider_compress.compress fetch_input_start=214560710 fetch_input_end=214560712 fetch_input_duration_ms=1
[2026-01-30 15:02:09.061] [info] [spider.worker] [TIMING] task_id=bfabf471-45cd-4435-b807-11ae1191f9b7 func=job_orchestration.executor.compress.spider_compress.compress execution_start=214560712 execution_end=214571269 execution_duration_ms=10556
[2026-01-30 15:02:09.107] [info] [spider.worker] [TIMING] task_id=bfabf471-45cd-4435-b807-11ae1191f9b7 func=job_orchestration.executor.compress.spider_compress.compress submit_output_start=214571271 submit_output_end=214571315 submit_output_duration_ms=44
[2026-01-30 15:02:09.134] [info] [spider.worker] [TIMING] task_id=e7ad7e85-dd35-4a2c-90ef-942b2c511457 func=job_orchestration.executor.compress.spider_compress.compress fetch_input_start=214571341 fetch_input_end=214571342 fetch_input_duration_ms=0
[2026-01-30 15:02:19.048] [info] [spider.worker] [TIMING] task_id=e7ad7e85-dd35-4a2c-90ef-942b2c511457 func=job_orchestration.executor.compress.spider_compress.compress execution_start=214571343 execution_end=214581256 execution_duration_ms=9913
[2026-01-30 15:02:19.086] [info] [spider.worker] [TIMING] task_id=e7ad7e85-dd35-4a2c-90ef-942b2c511457 func=job_orchestration.executor.compress.spider_compress.compress submit_output_start=214581259 submit_output_end=214581295 submit_output_duration_ms=36
[2026-01-30 15:02:19.103] [info] [spider.worker] [TIMING] task_id=fce8d42d-c491-4ebe-97ad-c19ed0b659a2 func=job_orchestration.executor.compress.spider_compress.compress fetch_input_start=214581310 fetch_input_end=214581312 fetch_input_duration_ms=1
[2026-01-30 15:03:01.015] [info] [spider.worker] [TIMING] task_id=fce8d42d-c491-4ebe-97ad-c19ed0b659a2 func=job_orchestration.executor.compress.spider_compress.compress execution_start=214581313 execution_end=214623223 execution_duration_ms=41910
[2026-01-30 15:03:01.048] [info] [spider.worker] [TIMING] task_id=fce8d42d-c491-4ebe-97ad-c19ed0b659a2 func=job_orchestration.executor.compress.spider_compress.compress submit_output_start=214623225 submit_output_end=214623256 submit_output_duration_ms=31
[2026-01-30 15:03:01.090] [info] [spider.worker] [TIMING] task_id=1bb72ebd-5559-4396-ab7e-58a3bb83c369 func=job_orchestration.executor.compress.spider_compress.compress fetch_input_start=214623297 fetch_input_end=214623298 fetch_input_duration_ms=0
[2026-01-30 15:03:13.430] [info] [spider.worker] [TIMING] task_id=1bb72ebd-5559-4396-ab7e-58a3bb83c369 func=job_orchestration.executor.compress.spider_compress.compress execution_start=214623299 execution_end=214635638 execution_duration_ms=12339
[2026-01-30 15:03:13.439] [info] [spider.worker] [TIMING] task_id=1bb72ebd-5559-4396-ab7e-58a3bb83c369 func=job_orchestration.executor.compress.spider_compress.compress submit_output_start=214635640 submit_output_end=214635647 submit_output_duration_ms=7
[2026-01-30 15:03:13.450] [info] [spider.worker] [TIMING] task_id=d469904f-4b6b-4422-b9c4-f9ba2c22053c func=job_orchestration.executor.compress.spider_compress.compress fetch_input_start=214635657 fetch_input_end=214635658 fetch_input_duration_ms=1
[2026-01-30 15:03:38.875] [info] [spider.worker] [TIMING] task_id=d469904f-4b6b-4422-b9c4-f9ba2c22053c func=job_orchestration.executor.compress.spider_compress.compress execution_start=214635659 execution_end=214661083 execution_duration_ms=25424
[2026-01-30 15:03:38.896] [info] [spider.worker] [TIMING] task_id=d469904f-4b6b-4422-b9c4-f9ba2c22053c func=job_orchestration.executor.compress.spider_compress.compress submit_output_start=214661085 submit_output_end=214661104 submit_output_duration_ms=19
[2026-01-30 15:03:38.932] [info] [spider.worker] [TIMING] task_id=cc49ad17-d5a1-41ba-8e4e-06f01cd7c3ee func=job_orchestration.executor.compress.spider_compress.compress fetch_input_start=214661139 fetch_input_end=214661140 fetch_input_duration_ms=1
[2026-01-30 15:03:56.340] [info] [spider.worker] [TIMING] task_id=cc49ad17-d5a1-41ba-8e4e-06f01cd7c3ee func=job_orchestration.executor.compress.spider_compress.compress execution_start=214661141 execution_end=214678549 execution_duration_ms=17407
[2026-01-30 15:03:56.380] [info] [spider.worker] [TIMING] task_id=cc49ad17-d5a1-41ba-8e4e-06f01cd7c3ee func=job_orchestration.executor.compress.spider_compress.compress submit_output_start=214678550 submit_output_end=214678588 submit_output_duration_ms=38
[2026-01-30 15:03:56.517] [info] [spider.worker] [TIMING] task_id=dc6c5498-aa69-4783-b4a0-59175f5fae90 func=job_orchestration.executor.compress.spider_compress.compress fetch_input_start=214678724 fetch_input_end=214678726 fetch_input_duration_ms=1
[2026-01-30 15:04:06.441] [info] [spider.worker] [TIMING] task_id=dc6c5498-aa69-4783-b4a0-59175f5fae90 func=job_orchestration.executor.compress.spider_compress.compress execution_start=214678727 execution_end=214688649 execution_duration_ms=9922
[2026-01-30 15:04:06.460] [info] [spider.worker] [TIMING] task_id=dc6c5498-aa69-4783-b4a0-59175f5fae90 func=job_orchestration.executor.compress.spider_compress.compress submit_output_start=214688651 submit_output_end=214688669 submit_output_duration_ms=17
[2026-01-30 15:04:06.522] [info] [spider.worker] [TIMING] task_id=c78920e1-c9cc-4d91-bbd5-746675fcbb6b func=job_orchestration.executor.compress.spider_compress.compress fetch_input_start=214688729 fetch_input_end=214688730 fetch_input_duration_ms=1
[2026-01-30 15:04:17.928] [info] [spider.worker] [TIMING] task_id=c78920e1-c9cc-4d91-bbd5-746675fcbb6b func=job_orchestration.executor.compress.spider_compress.compress execution_start=214688731 execution_end=214700136 execution_duration_ms=11404
[2026-01-30 15:04:17.943] [info] [spider.worker] [TIMING] task_id=c78920e1-c9cc-4d91-bbd5-746675fcbb6b func=job_orchestration.executor.compress.spider_compress.compress submit_output_start=214700138 submit_output_end=214700151 submit_output_duration_ms=12
[2026-01-30 15:04:17.962] [info] [spider.worker] [TIMING] task_id=b49d99b4-5bc3-4734-b405-91f307a32d15 func=job_orchestration.executor.compress.spider_compress.compress fetch_input_start=214700169 fetch_input_end=214700170 fetch_input_duration_ms=1
[2026-01-30 15:04:32.573] [info] [spider.worker] [TIMING] task_id=b49d99b4-5bc3-4734-b405-91f307a32d15 func=job_orchestration.executor.compress.spider_compress.compress execution_start=214700171 execution_end=214714781 execution_duration_ms=14609
[2026-01-30 15:04:32.591] [info] [spider.worker] [TIMING] task_id=b49d99b4-5bc3-4734-b405-91f307a32d15 func=job_orchestration.executor.compress.spider_compress.compress submit_output_start=214714783 submit_output_end=214714800 submit_output_duration_ms=16
[2026-01-30 15:04:32.602] [info] [spider.worker] [TIMING] task_id=f581c77b-9c08-482c-8e85-cbed6e379393 func=job_orchestration.executor.compress.spider_compress.compress fetch_input_start=214714810 fetch_input_end=214714811 fetch_input_duration_ms=0
[2026-01-30 15:04:49.101] [info] [spider.worker] [TIMING] task_id=f581c77b-9c08-482c-8e85-cbed6e379393 func=job_orchestration.executor.compress.spider_compress.compress execution_start=214714811 execution_end=214731309 execution_duration_ms=16497
[2026-01-30 15:04:49.115] [info] [spider.worker] [TIMING] task_id=f581c77b-9c08-482c-8e85-cbed6e379393 func=job_orchestration.executor.compress.spider_compress.compress submit_output_start=214731311 submit_output_end=214731324 submit_output_duration_ms=12
[2026-01-30 15:04:49.126] [info] [spider.worker] [TIMING] task_id=0721b7f7-530f-4f2c-86cc-4e5844afa4cf func=job_orchestration.executor.compress.spider_compress.compress fetch_input_start=214731333 fetch_input_end=214731334 fetch_input_duration_ms=1
[2026-01-30 15:05:05.243] [info] [spider.worker] [TIMING] task_id=0721b7f7-530f-4f2c-86cc-4e5844afa4cf func=job_orchestration.executor.compress.spider_compress.compress execution_start=214731335 execution_end=214747451 execution_duration_ms=16115
[2026-01-30 15:05:05.264] [info] [spider.worker] [TIMING] task_id=0721b7f7-530f-4f2c-86cc-4e5844afa4cf func=job_orchestration.executor.compress.spider_compress.compress submit_output_start=214747453 submit_output_end=214747472 submit_output_duration_ms=19
[2026-01-30 15:05:05.284] [info] [spider.worker] [TIMING] task_id=fca09904-6684-4390-b6f2-82cd327c0f0b func=job_orchestration.executor.compress.spider_compress.compress fetch_input_start=214747491 fetch_input_end=214747492 fetch_input_duration_ms=1
[2026-01-30 15:05:49.876] [info] [spider.worker] [TIMING] task_id=fca09904-6684-4390-b6f2-82cd327c0f0b func=job_orchestration.executor.compress.spider_compress.compress execution_start=214747493 execution_end=214792085 execution_duration_ms=44591
[2026-01-30 15:05:49.910] [info] [spider.worker] [TIMING] task_id=fca09904-6684-4390-b6f2-82cd327c0f0b func=job_orchestration.executor.compress.spider_compress.compress submit_output_start=214792102 submit_output_end=214792119 submit_output_duration_ms=16
[2026-01-30 15:05:49.929] [info] [spider.worker] [TIMING] task_id=c259036e-7328-467d-bac8-8fb5a0a66cea func=job_orchestration.executor.compress.spider_compress.compress fetch_input_start=214792137 fetch_input_end=214792138 fetch_input_duration_ms=0
[2026-01-30 15:06:00.044] [info] [spider.worker] [TIMING] task_id=c259036e-7328-467d-bac8-8fb5a0a66cea func=job_orchestration.executor.compress.spider_compress.compress execution_start=214792139 execution_end=214802253 execution_duration_ms=10113
[2026-01-30 15:06:00.060] [info] [spider.worker] [TIMING] task_id=c259036e-7328-467d-bac8-8fb5a0a66cea func=job_orchestration.executor.compress.spider_compress.compress submit_output_start=214802255 submit_output_end=214802268 submit_output_duration_ms=13
[2026-01-30 15:06:00.070] [info] [spider.worker] [TIMING] task_id=5aafd2b0-e99b-4f15-87db-2cdd9e311b9b func=job_orchestration.executor.compress.spider_compress.compress fetch_input_start=214802278 fetch_input_end=214802279 fetch_input_duration_ms=0
[2026-01-30 15:06:28.646] [info] [spider.worker] [TIMING] task_id=5aafd2b0-e99b-4f15-87db-2cdd9e311b9b func=job_orchestration.executor.compress.spider_compress.compress execution_start=214802280 execution_end=214830855 execution_duration_ms=28574
[2026-01-30 15:06:28.666] [info] [spider.worker] [TIMING] task_id=5aafd2b0-e99b-4f15-87db-2cdd9e311b9b func=job_orchestration.executor.compress.spider_compress.compress submit_output_start=214830857 submit_output_end=214830874 submit_output_duration_ms=17
[2026-01-30 15:06:28.685] [info] [spider.worker] [TIMING] task_id=a4b75842-a477-4acb-bd4e-9c0951cb4729 func=job_orchestration.executor.compress.spider_compress.compress fetch_input_start=214830892 fetch_input_end=214830893 fetch_input_duration_ms=0
[2026-01-30 15:06:59.056] [info] [spider.worker] [TIMING] task_id=a4b75842-a477-4acb-bd4e-9c0951cb4729 func=job_orchestration.executor.compress.spider_compress.compress execution_start=214830909 execution_end=214861264 execution_duration_ms=30355
[2026-01-30 15:06:59.064] [info] [spider.worker] [TIMING] task_id=a4b75842-a477-4acb-bd4e-9c0951cb4729 func=job_orchestration.executor.compress.spider_compress.compress submit_output_start=214861266 submit_output_end=214861272 submit_output_duration_ms=5
[2026-01-30 15:06:59.099] [info] [spider.worker] [TIMING] task_id=4bc38ff0-ecee-4ac6-9d73-2ccfa75f0920 func=job_orchestration.executor.compress.spider_compress.compress fetch_input_start=214861306 fetch_input_end=214861307 fetch_input_duration_ms=1
[2026-01-30 15:07:27.837] [info] [spider.worker] [TIMING] task_id=4bc38ff0-ecee-4ac6-9d73-2ccfa75f0920 func=job_orchestration.executor.compress.spider_compress.compress execution_start=214861308 execution_end=214890045 execution_duration_ms=28737
[2026-01-30 15:07:27.845] [info] [spider.worker] [TIMING] task_id=4bc38ff0-ecee-4ac6-9d73-2ccfa75f0920 func=job_orchestration.executor.compress.spider_compress.compress submit_output_start=214890047 submit_output_end=214890053 submit_output_duration_ms=5
[2026-01-30 15:07:27.888] [info] [spider.worker] [TIMING] task_id=06082791-79d5-469a-8dc9-788a41d16006 func=job_orchestration.executor.compress.spider_compress.compress fetch_input_start=214890096 fetch_input_end=214890097 fetch_input_duration_ms=0
[2026-01-30 15:08:18.803] [info] [spider.worker] [TIMING] task_id=06082791-79d5-469a-8dc9-788a41d16006 func=job_orchestration.executor.compress.spider_compress.compress execution_start=214890097 execution_end=214941012 execution_duration_ms=50914
[2026-01-30 15:08:18.842] [info] [spider.worker] [TIMING] task_id=06082791-79d5-469a-8dc9-788a41d16006 func=job_orchestration.executor.compress.spider_compress.compress submit_output_start=214941014 submit_output_end=214941051 submit_output_duration_ms=37
[2026-01-30 15:08:18.877] [info] [spider.worker] [TIMING] task_id=1deff442-c270-4512-bb70-9310ebf070b3 func=job_orchestration.executor.compress.spider_compress.compress fetch_input_start=214941084 fetch_input_end=214941086 fetch_input_duration_ms=1
[2026-01-30 15:08:32.239] [info] [spider.worker] [TIMING] task_id=1deff442-c270-4512-bb70-9310ebf070b3 func=job_orchestration.executor.compress.spider_compress.compress execution_start=214941087 execution_end=214954448 execution_duration_ms=13360
[2026-01-30 15:08:32.265] [info] [spider.worker] [TIMING] task_id=1deff442-c270-4512-bb70-9310ebf070b3 func=job_orchestration.executor.compress.spider_compress.compress submit_output_start=214954449 submit_output_end=214954473 submit_output_duration_ms=24
[2026-01-30 15:08:32.301] [info] [spider.worker] [TIMING] task_id=eed6f7fc-b96e-4931-bf2a-27a7d87c8ecb func=job_orchestration.executor.compress.spider_compress.compress fetch_input_start=214954508 fetch_input_end=214954509 fetch_input_duration_ms=0
[2026-01-30 15:08:43.031] [info] [spider.worker] [TIMING] task_id=eed6f7fc-b96e-4931-bf2a-27a7d87c8ecb func=job_orchestration.executor.compress.spider_compress.compress execution_start=214954510 execution_end=214965239 execution_duration_ms=10729
[2026-01-30 15:08:43.057] [info] [spider.worker] [TIMING] task_id=eed6f7fc-b96e-4931-bf2a-27a7d87c8ecb func=job_orchestration.executor.compress.spider_compress.compress submit_output_start=214965250 submit_output_end=214965265 submit_output_duration_ms=14
[2026-01-30 15:08:43.094] [info] [spider.worker] [TIMING] task_id=3d158a97-631a-476d-b91f-54d167c6958a func=job_orchestration.executor.compress.spider_compress.compress fetch_input_start=214965301 fetch_input_end=214965303 fetch_input_duration_ms=1
[2026-01-30 15:09:04.902] [info] [spider.worker] [TIMING] task_id=3d158a97-631a-476d-b91f-54d167c6958a func=job_orchestration.executor.compress.spider_compress.compress execution_start=214965303 execution_end=214987110 execution_duration_ms=21807
[2026-01-30 15:09:04.922] [info] [spider.worker] [TIMING] task_id=3d158a97-631a-476d-b91f-54d167c6958a func=job_orchestration.executor.compress.spider_compress.compress submit_output_start=214987112 submit_output_end=214987130 submit_output_duration_ms=17
[2026-01-30 15:09:04.974] [info] [spider.worker] [TIMING] task_id=d70b4079-fe1e-4688-83db-7bf2806d6c2c func=job_orchestration.executor.compress.spider_compress.compress fetch_input_start=214987181 fetch_input_end=214987182 fetch_input_duration_ms=1
[2026-01-30 15:09:17.131] [info] [spider.worker] [TIMING] task_id=d70b4079-fe1e-4688-83db-7bf2806d6c2c func=job_orchestration.executor.compress.spider_compress.compress execution_start=214987206 execution_end=214999339 execution_duration_ms=12133
[2026-01-30 15:09:17.154] [info] [spider.worker] [TIMING] task_id=d70b4079-fe1e-4688-83db-7bf2806d6c2c func=job_orchestration.executor.compress.spider_compress.compress submit_output_start=214999341 submit_output_end=214999362 submit_output_duration_ms=21
[2026-01-30 15:09:17.174] [info] [spider.worker] [TIMING] task_id=0bdd12b1-d9f9-496c-8f0f-9f12760b034b func=job_orchestration.executor.compress.spider_compress.compress fetch_input_start=214999381 fetch_input_end=214999382 fetch_input_duration_ms=1
[2026-01-30 15:09:51.537] [info] [spider.worker] [TIMING] task_id=0bdd12b1-d9f9-496c-8f0f-9f12760b034b func=job_orchestration.executor.compress.spider_compress.compress execution_start=214999383 execution_end=215033745 execution_duration_ms=34362
[2026-01-30 15:09:51.551] [info] [spider.worker] [TIMING] task_id=0bdd12b1-d9f9-496c-8f0f-9f12760b034b func=job_orchestration.executor.compress.spider_compress.compress submit_output_start=215033748 submit_output_end=215033759 submit_output_duration_ms=11
[2026-01-30 15:09:51.590] [info] [spider.worker] [TIMING] task_id=aa4eb383-ec64-4019-a8cb-ef0d7ae53ebe func=job_orchestration.executor.compress.spider_compress.compress fetch_input_start=215033797 fetch_input_end=215033799 fetch_input_duration_ms=1
[2026-01-30 15:10:27.755] [info] [spider.worker] [TIMING] task_id=aa4eb383-ec64-4019-a8cb-ef0d7ae53ebe func=job_orchestration.executor.compress.spider_compress.compress execution_start=215033820 execution_end=215069964 execution_duration_ms=36143
[2026-01-30 15:10:27.773] [info] [spider.worker] [TIMING] task_id=aa4eb383-ec64-4019-a8cb-ef0d7ae53ebe func=job_orchestration.executor.compress.spider_compress.compress submit_output_start=215069965 submit_output_end=215069982 submit_output_duration_ms=16
[2026-01-30 15:10:27.784] [info] [spider.worker] [TIMING] task_id=9fa8cd47-bf7c-4b9a-a48f-7b4fb98a13d4 func=job_orchestration.executor.compress.spider_compress.compress fetch_input_start=215069991 fetch_input_end=215069992 fetch_input_duration_ms=1
[2026-01-30 15:11:14.237] [info] [spider.worker] [TIMING] task_id=9fa8cd47-bf7c-4b9a-a48f-7b4fb98a13d4 func=job_orchestration.executor.compress.spider_compress.compress execution_start=215069993 execution_end=215116445 execution_duration_ms=46451
[2026-01-30 15:11:14.270] [info] [spider.worker] [TIMING] task_id=9fa8cd47-bf7c-4b9a-a48f-7b4fb98a13d4 func=job_orchestration.executor.compress.spider_compress.compress submit_output_start=215116447 submit_output_end=215116478 submit_output_duration_ms=30
[2026-01-30 15:11:14.315] [info] [spider.worker] [TIMING] task_id=de540832-57bc-40e0-879f-9a422433c15d func=job_orchestration.executor.compress.spider_compress.compress fetch_input_start=215116522 fetch_input_end=215116523 fetch_input_duration_ms=1
[2026-01-30 15:11:53.822] [info] [spider.worker] [TIMING] task_id=de540832-57bc-40e0-879f-9a422433c15d func=job_orchestration.executor.compress.spider_compress.compress execution_start=215116524 execution_end=215156030 execution_duration_ms=39506
[2026-01-30 15:11:53.859] [info] [spider.worker] [TIMING] task_id=de540832-57bc-40e0-879f-9a422433c15d func=job_orchestration.executor.compress.spider_compress.compress submit_output_start=215156032 submit_output_end=215156067 submit_output_duration_ms=35
[2026-01-30 15:11:53.869] [info] [spider.worker] [TIMING] task_id=e8eacf87-a18d-406a-9dbf-0104fff3fde1 func=job_orchestration.executor.compress.spider_compress.compress fetch_input_start=215156077 fetch_input_end=215156077 fetch_input_duration_ms=0
[2026-01-30 15:12:04.565] [info] [spider.worker] [TIMING] task_id=e8eacf87-a18d-406a-9dbf-0104fff3fde1 func=job_orchestration.executor.compress.spider_compress.compress execution_start=215156078 execution_end=215166773 execution_duration_ms=10695
[2026-01-30 15:12:04.574] [info] [spider.worker] [TIMING] task_id=e8eacf87-a18d-406a-9dbf-0104fff3fde1 func=job_orchestration.executor.compress.spider_compress.compress submit_output_start=215166775 submit_output_end=215166783 submit_output_duration_ms=7
[2026-01-30 15:12:04.586] [info] [spider.worker] [TIMING] task_id=0155b635-8b3f-441e-9a8d-ed4068d27b81 func=job_orchestration.executor.compress.spider_compress.compress fetch_input_start=215166793 fetch_input_end=215166794 fetch_input_duration_ms=1
[2026-01-30 15:12:32.031] [info] [spider.worker] [TIMING] task_id=0155b635-8b3f-441e-9a8d-ed4068d27b81 func=job_orchestration.executor.compress.spider_compress.compress execution_start=215166795 execution_end=215194240 execution_duration_ms=27444
[2026-01-30 15:12:32.039] [info] [spider.worker] [TIMING] task_id=0155b635-8b3f-441e-9a8d-ed4068d27b81 func=job_orchestration.executor.compress.spider_compress.compress submit_output_start=215194241 submit_output_end=215194247 submit_output_duration_ms=6
[2026-01-30 15:17:10.213] [info] [spider.worker] [TIMING] task_id=1c0ee347-de06-49eb-a836-8f50600b9b3d func=job_orchestration.executor.query.spider_search_task.search_without_channel fetch_input_start=215472419 fetch_input_end=215472421 fetch_input_duration_ms=2
[2026-01-30 15:17:11.591] [info] [spider.worker] [TIMING] task_id=1c0ee347-de06-49eb-a836-8f50600b9b3d func=job_orchestration.executor.query.spider_search_task.search_without_channel execution_start=215472423 execution_end=215473799 execution_duration_ms=1376
[2026-01-30 15:17:11.645] [info] [spider.worker] [TIMING] task_id=1c0ee347-de06-49eb-a836-8f50600b9b3d func=job_orchestration.executor.query.spider_search_task.search_without_channel submit_output_start=215473812 submit_output_end=215473853 submit_output_duration_ms=41
[2026-01-30 15:17:11.714] [info] [spider.worker] [TIMING] task_id=8dd91652-a2ee-4bfc-8c01-1a596ecbf23f func=job_orchestration.executor.query.spider_search_task.search_without_channel fetch_input_start=215473922 fetch_input_end=215473923 fetch_input_duration_ms=0
[2026-01-30 15:17:12.828] [info] [spider.worker] [TIMING] task_id=8dd91652-a2ee-4bfc-8c01-1a596ecbf23f func=job_orchestration.executor.query.spider_search_task.search_without_channel execution_start=215473924 execution_end=215475036 execution_duration_ms=1112
[2026-01-30 15:17:12.923] [info] [spider.worker] [TIMING] task_id=8dd91652-a2ee-4bfc-8c01-1a596ecbf23f func=job_orchestration.executor.query.spider_search_task.search_without_channel submit_output_start=215475038 submit_output_end=215475131 submit_output_duration_ms=93
[2026-01-30 15:17:12.977] [info] [spider.worker] [TIMING] task_id=52b9f96d-51e8-4def-be31-4c07d38ad782 func=job_orchestration.executor.query.spider_search_task.search_without_channel fetch_input_start=215475184 fetch_input_end=215475185 fetch_input_duration_ms=1
[2026-01-30 15:17:14.142] [info] [spider.worker] [TIMING] task_id=52b9f96d-51e8-4def-be31-4c07d38ad782 func=job_orchestration.executor.query.spider_search_task.search_without_channel execution_start=215475186 execution_end=215476350 execution_duration_ms=1164
[2026-01-30 15:17:14.183] [info] [spider.worker] [TIMING] task_id=52b9f96d-51e8-4def-be31-4c07d38ad782 func=job_orchestration.executor.query.spider_search_task.search_without_channel submit_output_start=215476352 submit_output_end=215476391 submit_output_duration_ms=39
[2026-01-30 15:17:14.202] [info] [spider.worker] [TIMING] task_id=e40d94af-c9d9-40fb-83bf-6f4ed37bea94 func=job_orchestration.executor.query.spider_search_task.search_without_channel fetch_input_start=215476409 fetch_input_end=215476410 fetch_input_duration_ms=0
[2026-01-30 15:17:15.339] [info] [spider.worker] [TIMING] task_id=e40d94af-c9d9-40fb-83bf-6f4ed37bea94 func=job_orchestration.executor.query.spider_search_task.search_without_channel execution_start=215476411 execution_end=215477547 execution_duration_ms=1136
[2026-01-30 15:17:15.369] [info] [spider.worker] [TIMING] task_id=e40d94af-c9d9-40fb-83bf-6f4ed37bea94 func=job_orchestration.executor.query.spider_search_task.search_without_channel submit_output_start=215477549 submit_output_end=215477577 submit_output_duration_ms=28
[2026-01-30 15:17:15.393] [info] [spider.worker] [TIMING] task_id=a20b2f07-aa24-419a-82af-db3538e31589 func=job_orchestration.executor.query.spider_search_task.search_without_channel fetch_input_start=215477601 fetch_input_end=215477602 fetch_input_duration_ms=0
[2026-01-30 15:17:16.756] [info] [spider.worker] [TIMING] task_id=a20b2f07-aa24-419a-82af-db3538e31589 func=job_orchestration.executor.query.spider_search_task.search_without_channel execution_start=215477602 execution_end=215478964 execution_duration_ms=1361
[2026-01-30 15:17:16.823] [info] [spider.worker] [TIMING] task_id=a20b2f07-aa24-419a-82af-db3538e31589 func=job_orchestration.executor.query.spider_search_task.search_without_channel submit_output_start=215478966 submit_output_end=215479031 submit_output_duration_ms=65
[2026-01-30 15:17:16.943] [info] [spider.worker] [TIMING] task_id=a8a9d91a-ba7e-4e22-b718-c7a1a70012da func=job_orchestration.executor.query.spider_search_task.search_without_channel fetch_input_start=215479150 fetch_input_end=215479151 fetch_input_duration_ms=0
[2026-01-30 15:17:18.069] [info] [spider.worker] [TIMING] task_id=a8a9d91a-ba7e-4e22-b718-c7a1a70012da func=job_orchestration.executor.query.spider_search_task.search_without_channel execution_start=215479152 execution_end=215480278 execution_duration_ms=1125
[2026-01-30 15:17:18.083] [info] [spider.worker] [TIMING] task_id=a8a9d91a-ba7e-4e22-b718-c7a1a70012da func=job_orchestration.executor.query.spider_search_task.search_without_channel submit_output_start=215480279 submit_output_end=215480292 submit_output_duration_ms=12
[2026-01-30 15:17:18.119] [info] [spider.worker] [TIMING] task_id=e6078f64-0ae9-4f11-a669-42df265f430b func=job_orchestration.executor.query.spider_search_task.search_without_channel fetch_input_start=215480327 fetch_input_end=215480328 fetch_input_duration_ms=1
[2026-01-30 15:17:19.403] [info] [spider.worker] [TIMING] task_id=e6078f64-0ae9-4f11-a669-42df265f430b func=job_orchestration.executor.query.spider_search_task.search_without_channel execution_start=215480328 execution_end=215481612 execution_duration_ms=1283
[2026-01-30 15:17:19.442] [info] [spider.worker] [TIMING] task_id=e6078f64-0ae9-4f11-a669-42df265f430b func=job_orchestration.executor.query.spider_search_task.search_without_channel submit_output_start=215481614 submit_output_end=215481651 submit_output_duration_ms=37
[2026-01-30 15:17:19.507] [info] [spider.worker] [TIMING] task_id=36e57bfb-d457-47f8-b526-2cf5f6a43878 func=job_orchestration.executor.query.spider_search_task.search_without_channel fetch_input_start=215481714 fetch_input_end=215481715 fetch_input_duration_ms=0
[2026-01-30 15:17:20.963] [info] [spider.worker] [TIMING] task_id=36e57bfb-d457-47f8-b526-2cf5f6a43878 func=job_orchestration.executor.query.spider_search_task.search_without_channel execution_start=215481716 execution_end=215483172 execution_duration_ms=1455
[2026-01-30 15:17:20.975] [info] [spider.worker] [TIMING] task_id=36e57bfb-d457-47f8-b526-2cf5f6a43878 func=job_orchestration.executor.query.spider_search_task.search_without_channel submit_output_start=215483173 submit_output_end=215483184 submit_output_duration_ms=10
[2026-01-30 15:17:20.986] [info] [spider.worker] [TIMING] task_id=c620edd4-0fa5-429d-aff3-943279548ab9 func=job_orchestration.executor.query.spider_search_task.search_without_channel fetch_input_start=215483194 fetch_input_end=215483195 fetch_input_duration_ms=0
[2026-01-30 15:17:22.346] [info] [spider.worker] [TIMING] task_id=c620edd4-0fa5-429d-aff3-943279548ab9 func=job_orchestration.executor.query.spider_search_task.search_without_channel execution_start=215483195 execution_end=215484554 execution_duration_ms=1358
[2026-01-30 15:17:22.367] [info] [spider.worker] [TIMING] task_id=c620edd4-0fa5-429d-aff3-943279548ab9 func=job_orchestration.executor.query.spider_search_task.search_without_channel submit_output_start=215484556 submit_output_end=215484576 submit_output_duration_ms=19
[2026-01-30 15:17:22.387] [info] [spider.worker] [TIMING] task_id=dbf68e43-3b92-4232-9ced-aa9792cdb417 func=job_orchestration.executor.query.spider_search_task.search_without_channel fetch_input_start=215484594 fetch_input_end=215484595 fetch_input_duration_ms=1
[2026-01-30 15:17:23.581] [info] [spider.worker] [TIMING] task_id=dbf68e43-3b92-4232-9ced-aa9792cdb417 func=job_orchestration.executor.query.spider_search_task.search_without_channel execution_start=215484596 execution_end=215485789 execution_duration_ms=1192
[2026-01-30 15:17:23.614] [info] [spider.worker] [TIMING] task_id=dbf68e43-3b92-4232-9ced-aa9792cdb417 func=job_orchestration.executor.query.spider_search_task.search_without_channel submit_output_start=215485790 submit_output_end=215485823 submit_output_duration_ms=32
[2026-01-30 15:17:23.630] [info] [spider.worker] [TIMING] task_id=de48747c-2a34-4cc5-b97b-500b866f1b6d func=job_orchestration.executor.query.spider_search_task.search_without_channel fetch_input_start=215485838 fetch_input_end=215485838 fetch_input_duration_ms=0
[2026-01-30 15:17:24.960] [info] [spider.worker] [TIMING] task_id=de48747c-2a34-4cc5-b97b-500b866f1b6d func=job_orchestration.executor.query.spider_search_task.search_without_channel execution_start=215485839 execution_end=215487168 execution_duration_ms=1328
[2026-01-30 15:17:25.003] [info] [spider.worker] [TIMING] task_id=de48747c-2a34-4cc5-b97b-500b866f1b6d func=job_orchestration.executor.query.spider_search_task.search_without_channel submit_output_start=215487169 submit_output_end=215487211 submit_output_duration_ms=42
[2026-01-30 15:17:25.046] [info] [spider.worker] [TIMING] task_id=7148e905-867a-45fb-a8b7-46604e43dc85 func=job_orchestration.executor.query.spider_search_task.search_without_channel fetch_input_start=215487253 fetch_input_end=215487254 fetch_input_duration_ms=1
[2026-01-30 15:17:26.276] [info] [spider.worker] [TIMING] task_id=7148e905-867a-45fb-a8b7-46604e43dc85 func=job_orchestration.executor.query.spider_search_task.search_without_channel execution_start=215487255 execution_end=215488485 execution_duration_ms=1229
[2026-01-30 15:17:26.295] [info] [spider.worker] [TIMING] task_id=7148e905-867a-45fb-a8b7-46604e43dc85 func=job_orchestration.executor.query.spider_search_task.search_without_channel submit_output_start=215488486 submit_output_end=215488503 submit_output_duration_ms=16
[2026-01-30 15:17:26.339] [info] [spider.worker] [TIMING] task_id=340c2482-f958-46ef-b26f-f78a5ef2fbfb func=job_orchestration.executor.query.spider_search_task.search_without_channel fetch_input_start=215488546 fetch_input_end=215488547 fetch_input_duration_ms=0
[2026-01-30 15:17:27.663] [info] [spider.worker] [TIMING] task_id=340c2482-f958-46ef-b26f-f78a5ef2fbfb func=job_orchestration.executor.query.spider_search_task.search_without_channel execution_start=215488548 execution_end=215489872 execution_duration_ms=1323
[2026-01-30 15:17:27.703] [info] [spider.worker] [TIMING] task_id=340c2482-f958-46ef-b26f-f78a5ef2fbfb func=job_orchestration.executor.query.spider_search_task.search_without_channel submit_output_start=215489874 submit_output_end=215489912 submit_output_duration_ms=37
[2026-01-30 15:17:27.714] [info] [spider.worker] [TIMING] task_id=cec19dd9-ebcd-41f7-bef5-13b0616e6f25 func=job_orchestration.executor.query.spider_search_task.search_without_channel fetch_input_start=215489921 fetch_input_end=215489922 fetch_input_duration_ms=0
[2026-01-30 15:17:28.836] [info] [spider.worker] [TIMING] task_id=cec19dd9-ebcd-41f7-bef5-13b0616e6f25 func=job_orchestration.executor.query.spider_search_task.search_without_channel execution_start=215489923 execution_end=215491045 execution_duration_ms=1121
[2026-01-30 15:17:28.887] [info] [spider.worker] [TIMING] task_id=cec19dd9-ebcd-41f7-bef5-13b0616e6f25 func=job_orchestration.executor.query.spider_search_task.search_without_channel submit_output_start=215491046 submit_output_end=215491095 submit_output_duration_ms=49
[2026-01-30 15:17:28.923] [info] [spider.worker] [TIMING] task_id=206de6b5-b893-40cf-a3d0-c5a47fdf536c func=job_orchestration.executor.query.spider_search_task.search_without_channel fetch_input_start=215491130 fetch_input_end=215491131 fetch_input_duration_ms=0
[2026-01-30 15:17:30.109] [info] [spider.worker] [TIMING] task_id=206de6b5-b893-40cf-a3d0-c5a47fdf536c func=job_orchestration.executor.query.spider_search_task.search_without_channel execution_start=215491132 execution_end=215492317 execution_duration_ms=1185
[2026-01-30 15:17:30.129] [info] [spider.worker] [TIMING] task_id=206de6b5-b893-40cf-a3d0-c5a47fdf536c func=job_orchestration.executor.query.spider_search_task.search_without_channel submit_output_start=215492319 submit_output_end=215492337 submit_output_duration_ms=17
[2026-01-30 15:17:30.165] [info] [spider.worker] [TIMING] task_id=05fa5fce-074d-4781-8b57-38986944bc73 func=job_orchestration.executor.query.spider_search_task.search_without_channel fetch_input_start=215492372 fetch_input_end=215492373 fetch_input_duration_ms=1
[2026-01-30 15:17:31.445] [info] [spider.worker] [TIMING] task_id=05fa5fce-074d-4781-8b57-38986944bc73 func=job_orchestration.executor.query.spider_search_task.search_without_channel execution_start=215492374 execution_end=215493653 execution_duration_ms=1279
[2026-01-30 15:17:31.462] [info] [spider.worker] [TIMING] task_id=05fa5fce-074d-4781-8b57-38986944bc73 func=job_orchestration.executor.query.spider_search_task.search_without_channel submit_output_start=215493655 submit_output_end=215493670 submit_output_duration_ms=15
[2026-01-30 15:17:31.473] [info] [spider.worker] [TIMING] task_id=4ec97b61-b19d-4ebf-94e9-9d615fc3471c func=job_orchestration.executor.query.spider_search_task.search_without_channel fetch_input_start=215493680 fetch_input_end=215493681 fetch_input_duration_ms=0
[2026-01-30 15:17:32.847] [info] [spider.worker] [TIMING] task_id=4ec97b61-b19d-4ebf-94e9-9d615fc3471c func=job_orchestration.executor.query.spider_search_task.search_without_channel execution_start=215493682 execution_end=215495055 execution_duration_ms=1373
[2026-01-30 15:17:32.873] [info] [spider.worker] [TIMING] task_id=4ec97b61-b19d-4ebf-94e9-9d615fc3471c func=job_orchestration.executor.query.spider_search_task.search_without_channel submit_output_start=215495057 submit_output_end=215495081 submit_output_duration_ms=24
[2026-01-30 15:17:32.889] [info] [spider.worker] [TIMING] task_id=77cade3c-593c-48e0-8ffa-580fb40b1d3e func=job_orchestration.executor.query.spider_search_task.search_without_channel fetch_input_start=215495097 fetch_input_end=215495097 fetch_input_duration_ms=0
[2026-01-30 15:17:34.117] [info] [spider.worker] [TIMING] task_id=77cade3c-593c-48e0-8ffa-580fb40b1d3e func=job_orchestration.executor.query.spider_search_task.search_without_channel execution_start=215495098 execution_end=215496325 execution_duration_ms=1227
[2026-01-30 15:17:34.151] [info] [spider.worker] [TIMING] task_id=77cade3c-593c-48e0-8ffa-580fb40b1d3e func=job_orchestration.executor.query.spider_search_task.search_without_channel submit_output_start=215496327 submit_output_end=215496360 submit_output_duration_ms=32
[2026-01-30 15:17:34.229] [info] [spider.worker] [TIMING] task_id=97999887-24c0-45e1-baec-dc76e807233a func=job_orchestration.executor.query.spider_search_task.search_without_channel fetch_input_start=215496437 fetch_input_end=215496437 fetch_input_duration_ms=0
[2026-01-30 15:17:35.547] [info] [spider.worker] [TIMING] task_id=97999887-24c0-45e1-baec-dc76e807233a func=job_orchestration.executor.query.spider_search_task.search_without_channel execution_start=215496438 execution_end=215497755 execution_duration_ms=1317
[2026-01-30 15:17:35.563] [info] [spider.worker] [TIMING] task_id=97999887-24c0-45e1-baec-dc76e807233a func=job_orchestration.executor.query.spider_search_task.search_without_channel submit_output_start=215497757 submit_output_end=215497771 submit_output_duration_ms=13
[2026-01-30 15:17:35.583] [info] [spider.worker] [TIMING] task_id=454888af-73ce-4a08-9cfc-57a7cd71d4ac func=job_orchestration.executor.query.spider_search_task.search_without_channel fetch_input_start=215497790 fetch_input_end=215497791 fetch_input_duration_ms=1
[2026-01-30 15:17:36.929] [info] [spider.worker] [TIMING] task_id=454888af-73ce-4a08-9cfc-57a7cd71d4ac func=job_orchestration.executor.query.spider_search_task.search_without_channel execution_start=215497792 execution_end=215499138 execution_duration_ms=1346
[2026-01-30 15:17:36.963] [info] [spider.worker] [TIMING] task_id=454888af-73ce-4a08-9cfc-57a7cd71d4ac func=job_orchestration.executor.query.spider_search_task.search_without_channel submit_output_start=215499152 submit_output_end=215499171 submit_output_duration_ms=19
[2026-01-30 15:17:36.973] [info] [spider.worker] [TIMING] task_id=aa4619fa-2a60-4df9-acaf-1a85c13cded1 func=job_orchestration.executor.query.spider_search_task.search_without_channel fetch_input_start=215499181 fetch_input_end=215499182 fetch_input_duration_ms=0
[2026-01-30 15:17:38.257] [info] [spider.worker] [TIMING] task_id=aa4619fa-2a60-4df9-acaf-1a85c13cded1 func=job_orchestration.executor.query.spider_search_task.search_without_channel execution_start=215499182 execution_end=215500465 execution_duration_ms=1282
[2026-01-30 15:17:38.263] [info] [spider.worker] [TIMING] task_id=aa4619fa-2a60-4df9-acaf-1a85c13cded1 func=job_orchestration.executor.query.spider_search_task.search_without_channel submit_output_start=215500467 submit_output_end=215500471 submit_output_duration_ms=4
[2026-01-30 15:17:38.274] [info] [spider.worker] [TIMING] task_id=ec402703-7153-4e80-ae82-ade7d7052149 func=job_orchestration.executor.query.spider_search_task.search_without_channel fetch_input_start=215500481 fetch_input_end=215500483 fetch_input_duration_ms=1
[2026-01-30 15:17:39.526] [info] [spider.worker] [TIMING] task_id=ec402703-7153-4e80-ae82-ade7d7052149 func=job_orchestration.executor.query.spider_search_task.search_without_channel execution_start=215500484 execution_end=215501735 execution_duration_ms=1251
[2026-01-30 15:17:39.558] [info] [spider.worker] [TIMING] task_id=ec402703-7153-4e80-ae82-ade7d7052149 func=job_orchestration.executor.query.spider_search_task.search_without_channel submit_output_start=215501736 submit_output_end=215501766 submit_output_duration_ms=30
[2026-01-30 15:17:39.582] [info] [spider.worker] [TIMING] task_id=59bdfe66-0626-47cb-9d5b-6303648cc6f9 func=job_orchestration.executor.query.spider_search_task.search_without_channel fetch_input_start=215501790 fetch_input_end=215501791 fetch_input_duration_ms=0
[2026-01-30 15:17:40.786] [info] [spider.worker] [TIMING] task_id=59bdfe66-0626-47cb-9d5b-6303648cc6f9 func=job_orchestration.executor.query.spider_search_task.search_without_channel execution_start=215501791 execution_end=215502994 execution_duration_ms=1202
[2026-01-30 15:17:40.805] [info] [spider.worker] [TIMING] task_id=59bdfe66-0626-47cb-9d5b-6303648cc6f9 func=job_orchestration.executor.query.spider_search_task.search_without_channel submit_output_start=215502996 submit_output_end=215503013 submit_output_duration_ms=17
[2026-01-30 15:17:40.840] [info] [spider.worker] [TIMING] task_id=1628ed8b-2b32-4049-b880-fa8c2ea66193 func=job_orchestration.executor.query.spider_search_task.search_without_channel fetch_input_start=215503047 fetch_input_end=215503048 fetch_input_duration_ms=0
[2026-01-30 15:17:41.970] [info] [spider.worker] [TIMING] task_id=1628ed8b-2b32-4049-b880-fa8c2ea66193 func=job_orchestration.executor.query.spider_search_task.search_without_channel execution_start=215503049 execution_end=215504178 execution_duration_ms=1129
[2026-01-30 15:17:41.997] [info] [spider.worker] [TIMING] task_id=1628ed8b-2b32-4049-b880-fa8c2ea66193 func=job_orchestration.executor.query.spider_search_task.search_without_channel submit_output_start=215504180 submit_output_end=215504205 submit_output_duration_ms=25
[2026-01-30 15:17:42.034] [info] [spider.worker] [TIMING] task_id=bae5a5d6-6b18-47a7-a9c9-b9e71bc559ba func=job_orchestration.executor.query.spider_search_task.search_without_channel fetch_input_start=215504242 fetch_input_end=215504243 fetch_input_duration_ms=0
[2026-01-30 15:17:43.219] [info] [spider.worker] [TIMING] task_id=bae5a5d6-6b18-47a7-a9c9-b9e71bc559ba func=job_orchestration.executor.query.spider_search_task.search_without_channel execution_start=215504243 execution_end=215505427 execution_duration_ms=1183
[2026-01-30 15:17:43.247] [info] [spider.worker] [TIMING] task_id=bae5a5d6-6b18-47a7-a9c9-b9e71bc559ba func=job_orchestration.executor.query.spider_search_task.search_without_channel submit_output_start=215505435 submit_output_end=215505455 submit_output_duration_ms=20
[2026-01-30 15:17:43.257] [info] [spider.worker] [TIMING] task_id=87b37e87-ba00-40c1-aeaf-ea2e727f52fb func=job_orchestration.executor.query.spider_search_task.search_without_channel fetch_input_start=215505465 fetch_input_end=215505466 fetch_input_duration_ms=0
[2026-01-30 15:17:44.508] [info] [spider.worker] [TIMING] task_id=87b37e87-ba00-40c1-aeaf-ea2e727f52fb func=job_orchestration.executor.query.spider_search_task.search_without_channel execution_start=215505466 execution_end=215506717 execution_duration_ms=1250
[2026-01-30 15:17:44.547] [info] [spider.worker] [TIMING] task_id=87b37e87-ba00-40c1-aeaf-ea2e727f52fb func=job_orchestration.executor.query.spider_search_task.search_without_channel submit_output_start=215506738 submit_output_end=215506756 submit_output_duration_ms=17
[2026-01-30 15:17:44.592] [info] [spider.worker] [TIMING] task_id=443c0514-a8ad-4b1f-a9b3-836731a1266d func=job_orchestration.executor.query.spider_search_task.search_without_channel fetch_input_start=215506799 fetch_input_end=215506800 fetch_input_duration_ms=1
[2026-01-30 15:17:45.875] [info] [spider.worker] [TIMING] task_id=443c0514-a8ad-4b1f-a9b3-836731a1266d func=job_orchestration.executor.query.spider_search_task.search_without_channel execution_start=215506801 execution_end=215508083 execution_duration_ms=1282
[2026-01-30 15:17:45.906] [info] [spider.worker] [TIMING] task_id=443c0514-a8ad-4b1f-a9b3-836731a1266d func=job_orchestration.executor.query.spider_search_task.search_without_channel submit_output_start=215508092 submit_output_end=215508114 submit_output_duration_ms=22
[2026-01-30 15:17:45.916] [info] [spider.worker] [TIMING] task_id=4bd8e164-f86f-4689-b60a-1afac8fc5027 func=job_orchestration.executor.query.spider_search_task.search_without_channel fetch_input_start=215508124 fetch_input_end=215508125 fetch_input_duration_ms=0
[2026-01-30 15:17:47.116] [info] [spider.worker] [TIMING] task_id=4bd8e164-f86f-4689-b60a-1afac8fc5027 func=job_orchestration.executor.query.spider_search_task.search_without_channel execution_start=215508125 execution_end=215509324 execution_duration_ms=1199
[2026-01-30 15:17:47.169] [info] [spider.worker] [TIMING] task_id=4bd8e164-f86f-4689-b60a-1afac8fc5027 func=job_orchestration.executor.query.spider_search_task.search_without_channel submit_output_start=215509336 submit_output_end=215509377 submit_output_duration_ms=41
[2026-01-30 15:17:47.233] [info] [spider.worker] [TIMING] task_id=e3b9df14-b58e-4cc2-a37b-8b7779f64dec func=job_orchestration.executor.query.spider_search_task.search_without_channel fetch_input_start=215509441 fetch_input_end=215509442 fetch_input_duration_ms=0
[2026-01-30 15:17:48.537] [info] [spider.worker] [TIMING] task_id=e3b9df14-b58e-4cc2-a37b-8b7779f64dec func=job_orchestration.executor.query.spider_search_task.search_without_channel execution_start=215509443 execution_end=215510746 execution_duration_ms=1303
[2026-01-30 15:17:48.564] [info] [spider.worker] [TIMING] task_id=e3b9df14-b58e-4cc2-a37b-8b7779f64dec func=job_orchestration.executor.query.spider_search_task.search_without_channel submit_output_start=215510747 submit_output_end=215510773 submit_output_duration_ms=25
[2026-01-30 15:17:48.600] [info] [spider.worker] [TIMING] task_id=f5f5ac24-b005-446f-a37e-f6c6f08847c5 func=job_orchestration.executor.query.spider_search_task.search_without_channel fetch_input_start=215510807 fetch_input_end=215510808 fetch_input_duration_ms=0
[2026-01-30 15:17:49.936] [info] [spider.worker] [TIMING] task_id=f5f5ac24-b005-446f-a37e-f6c6f08847c5 func=job_orchestration.executor.query.spider_search_task.search_without_channel execution_start=215510809 execution_end=215512144 execution_duration_ms=1335
[2026-01-30 15:17:49.973] [info] [spider.worker] [TIMING] task_id=f5f5ac24-b005-446f-a37e-f6c6f08847c5 func=job_orchestration.executor.query.spider_search_task.search_without_channel submit_output_start=215512145 submit_output_end=215512181 submit_output_duration_ms=35
[2026-01-30 15:17:50.017] [info] [spider.worker] [TIMING] task_id=1b5fc31b-58ce-4465-bd03-399263d61577 func=job_orchestration.executor.query.spider_search_task.search_without_channel fetch_input_start=215512224 fetch_input_end=215512225 fetch_input_duration_ms=0
[2026-01-30 15:17:51.267] [info] [spider.worker] [TIMING] task_id=1b5fc31b-58ce-4465-bd03-399263d61577 func=job_orchestration.executor.query.spider_search_task.search_without_channel execution_start=215512226 execution_end=215513475 execution_duration_ms=1249
[2026-01-30 15:17:51.289] [info] [spider.worker] [TIMING] task_id=1b5fc31b-58ce-4465-bd03-399263d61577 func=job_orchestration.executor.query.spider_search_task.search_without_channel submit_output_start=215513477 submit_output_end=215513498 submit_output_duration_ms=21
[2026-01-30 15:17:51.309] [info] [spider.worker] [TIMING] task_id=89d1bc29-be41-4547-9b5b-d175fc473132 func=job_orchestration.executor.query.spider_search_task.search_without_channel fetch_input_start=215513517 fetch_input_end=215513518 fetch_input_duration_ms=0
[2026-01-30 15:17:52.509] [info] [spider.worker] [TIMING] task_id=89d1bc29-be41-4547-9b5b-d175fc473132 func=job_orchestration.executor.query.spider_search_task.search_without_channel execution_start=215513518 execution_end=215514718 execution_duration_ms=1199
[2026-01-30 15:17:52.532] [info] [spider.worker] [TIMING] task_id=89d1bc29-be41-4547-9b5b-d175fc473132 func=job_orchestration.executor.query.spider_search_task.search_without_channel submit_output_start=215514725 submit_output_end=215514740 submit_output_duration_ms=15
[2026-01-30 15:17:52.551] [info] [spider.worker] [TIMING] task_id=8041249e-5633-4645-b7a7-9a58042615fc func=job_orchestration.executor.query.spider_search_task.search_without_channel fetch_input_start=215514758 fetch_input_end=215514759 fetch_input_duration_ms=0
[2026-01-30 15:17:53.776] [info] [spider.worker] [TIMING] task_id=8041249e-5633-4645-b7a7-9a58042615fc func=job_orchestration.executor.query.spider_search_task.search_without_channel execution_start=215514760 execution_end=215515984 execution_duration_ms=1224
[2026-01-30 15:17:53.816] [info] [spider.worker] [TIMING] task_id=8041249e-5633-4645-b7a7-9a58042615fc func=job_orchestration.executor.query.spider_search_task.search_without_channel submit_output_start=215515986 submit_output_end=215516024 submit_output_duration_ms=38
[2026-01-30 15:17:53.855] [info] [spider.worker] [TIMING] task_id=b022409b-d5d9-4568-aaf1-71a5f4b07d8c func=job_orchestration.executor.query.spider_search_task.search_without_channel fetch_input_start=215516062 fetch_input_end=215516063 fetch_input_duration_ms=0
[2026-01-30 15:17:54.973] [info] [spider.worker] [TIMING] task_id=b022409b-d5d9-4568-aaf1-71a5f4b07d8c func=job_orchestration.executor.query.spider_search_task.search_without_channel execution_start=215516064 execution_end=215517181 execution_duration_ms=1117
[2026-01-30 15:17:54.982] [info] [spider.worker] [TIMING] task_id=b022409b-d5d9-4568-aaf1-71a5f4b07d8c func=job_orchestration.executor.query.spider_search_task.search_without_channel submit_output_start=215517183 submit_output_end=215517191 submit_output_duration_ms=7
[2026-01-30 15:17:55.002] [info] [spider.worker] [TIMING] task_id=78ae3b29-8c07-4f1a-aa02-855036c56ab8 func=job_orchestration.executor.query.spider_search_task.search_without_channel fetch_input_start=215517209 fetch_input_end=215517210 fetch_input_duration_ms=0
[2026-01-30 15:17:56.139] [info] [spider.worker] [TIMING] task_id=78ae3b29-8c07-4f1a-aa02-855036c56ab8 func=job_orchestration.executor.query.spider_search_task.search_without_channel execution_start=215517211 execution_end=215518347 execution_duration_ms=1135
[2026-01-30 15:17:56.266] [info] [spider.worker] [TIMING] task_id=78ae3b29-8c07-4f1a-aa02-855036c56ab8 func=job_orchestration.executor.query.spider_search_task.search_without_channel submit_output_start=215518348 submit_output_end=215518474 submit_output_duration_ms=125
[2026-01-30 15:17:56.319] [info] [spider.worker] [TIMING] task_id=26fe3fe5-6768-4059-9bac-04f6911a6880 func=job_orchestration.executor.query.spider_search_task.search_without_channel fetch_input_start=215518527 fetch_input_end=215518528 fetch_input_duration_ms=0
[2026-01-30 15:17:57.517] [info] [spider.worker] [TIMING] task_id=26fe3fe5-6768-4059-9bac-04f6911a6880 func=job_orchestration.executor.query.spider_search_task.search_without_channel execution_start=215518528 execution_end=215519726 execution_duration_ms=1197
[2026-01-30 15:17:57.524] [info] [spider.worker] [TIMING] task_id=26fe3fe5-6768-4059-9bac-04f6911a6880 func=job_orchestration.executor.query.spider_search_task.search_without_channel submit_output_start=215519727 submit_output_end=215519733 submit_output_duration_ms=5
[2026-01-30 15:17:57.568] [info] [spider.worker] [TIMING] task_id=5b43b8e3-2b77-44f2-a625-b1f656a7989b func=job_orchestration.executor.query.spider_search_task.search_without_channel fetch_input_start=215519776 fetch_input_end=215519777 fetch_input_duration_ms=0
[2026-01-30 15:17:58.743] [info] [spider.worker] [TIMING] task_id=5b43b8e3-2b77-44f2-a625-b1f656a7989b func=job_orchestration.executor.query.spider_search_task.search_without_channel execution_start=215519778 execution_end=215520952 execution_duration_ms=1174
[2026-01-30 15:17:58.805] [info] [spider.worker] [TIMING] task_id=5b43b8e3-2b77-44f2-a625-b1f656a7989b func=job_orchestration.executor.query.spider_search_task.search_without_channel submit_output_start=215520954 submit_output_end=215521013 submit_output_duration_ms=59
[2026-01-30 15:17:58.875] [info] [spider.worker] [TIMING] task_id=dcb604da-9692-4a7c-82dc-b499a3dbc3b4 func=job_orchestration.executor.query.spider_search_task.search_without_channel fetch_input_start=215521082 fetch_input_end=215521083 fetch_input_duration_ms=0
[2026-01-30 15:18:00.165] [info] [spider.worker] [TIMING] task_id=dcb604da-9692-4a7c-82dc-b499a3dbc3b4 func=job_orchestration.executor.query.spider_search_task.search_without_channel execution_start=215521084 execution_end=215522374 execution_duration_ms=1289
[2026-01-30 15:18:00.191] [info] [spider.worker] [TIMING] task_id=dcb604da-9692-4a7c-82dc-b499a3dbc3b4 func=job_orchestration.executor.query.spider_search_task.search_without_channel submit_output_start=215522375 submit_output_end=215522400 submit_output_duration_ms=24
[2026-01-30 15:18:00.236] [info] [spider.worker] [TIMING] task_id=d080947c-0b52-4f9a-a334-2683e77dd966 func=job_orchestration.executor.query.spider_search_task.search_without_channel fetch_input_start=215522444 fetch_input_end=215522445 fetch_input_duration_ms=0
[2026-01-30 15:18:01.466] [info] [spider.worker] [TIMING] task_id=d080947c-0b52-4f9a-a334-2683e77dd966 func=job_orchestration.executor.query.spider_search_task.search_without_channel execution_start=215522445 execution_end=215523675 execution_duration_ms=1229
[2026-01-30 15:18:01.508] [info] [spider.worker] [TIMING] task_id=d080947c-0b52-4f9a-a334-2683e77dd966 func=job_orchestration.executor.query.spider_search_task.search_without_channel submit_output_start=215523676 submit_output_end=215523717 submit_output_duration_ms=40
[2026-01-30 15:18:01.549] [info] [spider.worker] [TIMING] task_id=06dca4d2-f60c-4f5b-b150-a80f559d49e6 func=job_orchestration.executor.query.spider_search_task.search_without_channel fetch_input_start=215523756 fetch_input_end=215523757 fetch_input_duration_ms=0
[2026-01-30 15:18:02.770] [info] [spider.worker] [TIMING] task_id=06dca4d2-f60c-4f5b-b150-a80f559d49e6 func=job_orchestration.executor.query.spider_search_task.search_without_channel execution_start=215523758 execution_end=215524979 execution_duration_ms=1220
[2026-01-30 15:18:02.784] [info] [spider.worker] [TIMING] task_id=06dca4d2-f60c-4f5b-b150-a80f559d49e6 func=job_orchestration.executor.query.spider_search_task.search_without_channel submit_output_start=215524981 submit_output_end=215524992 submit_output_duration_ms=11
[2026-01-30 15:18:02.894] [info] [spider.worker] [TIMING] task_id=e3967c12-f55d-43e7-aeff-09b676133f53 func=job_orchestration.executor.query.spider_search_task.search_without_channel fetch_input_start=215525102 fetch_input_end=215525103 fetch_input_duration_ms=0
[2026-01-30 15:18:04.204] [info] [spider.worker] [TIMING] task_id=e3967c12-f55d-43e7-aeff-09b676133f53 func=job_orchestration.executor.query.spider_search_task.search_without_channel execution_start=215525103 execution_end=215526413 execution_duration_ms=1309
[2026-01-30 15:18:04.234] [info] [spider.worker] [TIMING] task_id=e3967c12-f55d-43e7-aeff-09b676133f53 func=job_orchestration.executor.query.spider_search_task.search_without_channel submit_output_start=215526421 submit_output_end=215526442 submit_output_duration_ms=21
[2026-01-30 15:18:04.253] [info] [spider.worker] [TIMING] task_id=96132373-10ee-4d17-ae55-0d7cd76d0359 func=job_orchestration.executor.query.spider_search_task.search_without_channel fetch_input_start=215526461 fetch_input_end=215526461 fetch_input_duration_ms=0
[2026-01-30 15:18:05.570] [info] [spider.worker] [TIMING] task_id=96132373-10ee-4d17-ae55-0d7cd76d0359 func=job_orchestration.executor.query.spider_search_task.search_without_channel execution_start=215526462 execution_end=215527779 execution_duration_ms=1316
[2026-01-30 15:18:05.584] [info] [spider.worker] [TIMING] task_id=96132373-10ee-4d17-ae55-0d7cd76d0359 func=job_orchestration.executor.query.spider_search_task.search_without_channel submit_output_start=215527780 submit_output_end=215527792 submit_output_duration_ms=12
[2026-01-30 15:18:05.603] [info] [spider.worker] [TIMING] task_id=0faea636-d9db-495b-8d32-cbf4dea56840 func=job_orchestration.executor.query.spider_search_task.search_without_channel fetch_input_start=215527811 fetch_input_end=215527812 fetch_input_duration_ms=0
[2026-01-30 15:18:06.813] [info] [spider.worker] [TIMING] task_id=0faea636-d9db-495b-8d32-cbf4dea56840 func=job_orchestration.executor.query.spider_search_task.search_without_channel execution_start=215527812 execution_end=215529021 execution_duration_ms=1209
[2026-01-30 15:18:06.919] [info] [spider.worker] [TIMING] task_id=0faea636-d9db-495b-8d32-cbf4dea56840 func=job_orchestration.executor.query.spider_search_task.search_without_channel submit_output_start=215529053 submit_output_end=215529127 submit_output_duration_ms=74
[2026-01-30 15:18:06.972] [info] [spider.worker] [TIMING] task_id=617f0e51-bc28-4118-b5b3-2f79aab595fe func=job_orchestration.executor.query.spider_search_task.search_without_channel fetch_input_start=215529179 fetch_input_end=215529180 fetch_input_duration_ms=0
[2026-01-30 15:18:08.281] [info] [spider.worker] [TIMING] task_id=617f0e51-bc28-4118-b5b3-2f79aab595fe func=job_orchestration.executor.query.spider_search_task.search_without_channel execution_start=215529181 execution_end=215530489 execution_duration_ms=1308
[2026-01-30 15:18:08.331] [info] [spider.worker] [TIMING] task_id=617f0e51-bc28-4118-b5b3-2f79aab595fe func=job_orchestration.executor.query.spider_search_task.search_without_channel submit_output_start=215530491 submit_output_end=215530539 submit_output_duration_ms=48
[2026-01-30 15:18:08.380] [info] [spider.worker] [TIMING] task_id=aec944a6-0b93-4952-bd7d-3605cb039552 func=job_orchestration.executor.query.spider_search_task.search_without_channel fetch_input_start=215530587 fetch_input_end=215530588 fetch_input_duration_ms=1
[2026-01-30 15:18:09.563] [info] [spider.worker] [TIMING] task_id=aec944a6-0b93-4952-bd7d-3605cb039552 func=job_orchestration.executor.query.spider_search_task.search_without_channel execution_start=215530589 execution_end=215531771 execution_duration_ms=1182
[2026-01-30 15:18:09.577] [info] [spider.worker] [TIMING] task_id=aec944a6-0b93-4952-bd7d-3605cb039552 func=job_orchestration.executor.query.spider_search_task.search_without_channel submit_output_start=215531773 submit_output_end=215531785 submit_output_duration_ms=12
[2026-01-30 15:18:09.596] [info] [spider.worker] [TIMING] task_id=e0cf76d6-3272-46a2-bbb3-57b7b3be490f func=job_orchestration.executor.query.spider_search_task.search_without_channel fetch_input_start=215531803 fetch_input_end=215531804 fetch_input_duration_ms=0
[2026-01-30 15:18:10.882] [info] [spider.worker] [TIMING] task_id=e0cf76d6-3272-46a2-bbb3-57b7b3be490f func=job_orchestration.executor.query.spider_search_task.search_without_channel execution_start=215531805 execution_end=215533090 execution_duration_ms=1285
[2026-01-30 15:18:10.955] [info] [spider.worker] [TIMING] task_id=e0cf76d6-3272-46a2-bbb3-57b7b3be490f func=job_orchestration.executor.query.spider_search_task.search_without_channel submit_output_start=215533092 submit_output_end=215533163 submit_output_duration_ms=71
[2026-01-30 15:18:11.025] [info] [spider.worker] [TIMING] task_id=4068de8c-f9f4-40a5-8af6-ea81ba0793cf func=job_orchestration.executor.query.spider_search_task.search_without_channel fetch_input_start=215533232 fetch_input_end=215533233 fetch_input_duration_ms=0
[2026-01-30 15:18:12.534] [info] [spider.worker] [TIMING] task_id=4068de8c-f9f4-40a5-8af6-ea81ba0793cf func=job_orchestration.executor.query.spider_search_task.search_without_channel execution_start=215533234 execution_end=215534743 execution_duration_ms=1508
[2026-01-30 15:18:12.552] [info] [spider.worker] [TIMING] task_id=4068de8c-f9f4-40a5-8af6-ea81ba0793cf func=job_orchestration.executor.query.spider_search_task.search_without_channel submit_output_start=215534744 submit_output_end=215534761 submit_output_duration_ms=16
[2026-01-30 15:18:12.587] [info] [spider.worker] [TIMING] task_id=db8faeb7-beaa-47a7-b7ad-58a8503de4d4 func=job_orchestration.executor.query.spider_search_task.search_without_channel fetch_input_start=215534794 fetch_input_end=215534796 fetch_input_duration_ms=1
[2026-01-30 15:18:13.771] [info] [spider.worker] [TIMING] task_id=db8faeb7-beaa-47a7-b7ad-58a8503de4d4 func=job_orchestration.executor.query.spider_search_task.search_without_channel execution_start=215534797 execution_end=215535979 execution_duration_ms=1182
[2026-01-30 15:18:13.805] [info] [spider.worker] [TIMING] task_id=db8faeb7-beaa-47a7-b7ad-58a8503de4d4 func=job_orchestration.executor.query.spider_search_task.search_without_channel submit_output_start=215535981 submit_output_end=215536013 submit_output_duration_ms=32
[2026-01-30 15:18:13.831] [info] [spider.worker] [TIMING] task_id=1b9c4bf7-7465-4e35-9bf6-446d1f647ff3 func=job_orchestration.executor.query.spider_search_task.search_without_channel fetch_input_start=215536038 fetch_input_end=215536039 fetch_input_duration_ms=1
[2026-01-30 15:18:15.110] [info] [spider.worker] [TIMING] task_id=1b9c4bf7-7465-4e35-9bf6-446d1f647ff3 func=job_orchestration.executor.query.spider_search_task.search_without_channel execution_start=215536040 execution_end=215537319 execution_duration_ms=1278
[2026-01-30 15:18:15.128] [info] [spider.worker] [TIMING] task_id=1b9c4bf7-7465-4e35-9bf6-446d1f647ff3 func=job_orchestration.executor.query.spider_search_task.search_without_channel submit_output_start=215537321 submit_output_end=215537336 submit_output_duration_ms=15
[2026-01-30 15:18:15.139] [info] [spider.worker] [TIMING] task_id=5c4d8d7c-c70c-43ea-bae1-91fd13fe55f6 func=job_orchestration.executor.query.spider_search_task.search_without_channel fetch_input_start=215537346 fetch_input_end=215537347 fetch_input_duration_ms=0
[2026-01-30 15:18:16.396] [info] [spider.worker] [TIMING] task_id=5c4d8d7c-c70c-43ea-bae1-91fd13fe55f6 func=job_orchestration.executor.query.spider_search_task.search_without_channel execution_start=215537348 execution_end=215538604 execution_duration_ms=1256
[2026-01-30 15:18:16.403] [info] [spider.worker] [TIMING] task_id=5c4d8d7c-c70c-43ea-bae1-91fd13fe55f6 func=job_orchestration.executor.query.spider_search_task.search_without_channel submit_output_start=215538605 submit_output_end=215538612 submit_output_duration_ms=6
[2026-01-30 15:18:16.414] [info] [spider.worker] [TIMING] task_id=1322bd64-b154-4421-a09e-30949806e8a9 func=job_orchestration.executor.query.spider_search_task.search_without_channel fetch_input_start=215538621 fetch_input_end=215538622 fetch_input_duration_ms=0
[2026-01-30 15:18:17.592] [info] [spider.worker] [TIMING] task_id=1322bd64-b154-4421-a09e-30949806e8a9 func=job_orchestration.executor.query.spider_search_task.search_without_channel execution_start=215538623 execution_end=215539801 execution_duration_ms=1177
[2026-01-30 15:18:17.612] [info] [spider.worker] [TIMING] task_id=1322bd64-b154-4421-a09e-30949806e8a9 func=job_orchestration.executor.query.spider_search_task.search_without_channel submit_output_start=215539803 submit_output_end=215539820 submit_output_duration_ms=17
[2026-01-30 15:18:17.632] [info] [spider.worker] [TIMING] task_id=587c631d-6a40-42a4-854f-ed6811ab736e func=job_orchestration.executor.query.spider_search_task.search_without_channel fetch_input_start=215539839 fetch_input_end=215539840 fetch_input_duration_ms=1
[2026-01-30 15:18:18.900] [info] [spider.worker] [TIMING] task_id=587c631d-6a40-42a4-854f-ed6811ab736e func=job_orchestration.executor.query.spider_search_task.search_without_channel execution_start=215539841 execution_end=215541108 execution_duration_ms=1267
[2026-01-30 15:18:18.934] [info] [spider.worker] [TIMING] task_id=587c631d-6a40-42a4-854f-ed6811ab736e func=job_orchestration.executor.query.spider_search_task.search_without_channel submit_output_start=215541110 submit_output_end=215541143 submit_output_duration_ms=33
[2026-01-30 15:18:18.956] [info] [spider.worker] [TIMING] task_id=e397c0eb-b93b-444b-b899-79f16fab149c func=job_orchestration.executor.query.spider_search_task.search_without_channel fetch_input_start=215541163 fetch_input_end=215541164 fetch_input_duration_ms=0
[2026-01-30 15:18:20.324] [info] [spider.worker] [TIMING] task_id=e397c0eb-b93b-444b-b899-79f16fab149c func=job_orchestration.executor.query.spider_search_task.search_without_channel execution_start=215541165 execution_end=215542533 execution_duration_ms=1368
[2026-01-30 15:18:20.337] [info] [spider.worker] [TIMING] task_id=e397c0eb-b93b-444b-b899-79f16fab149c func=job_orchestration.executor.query.spider_search_task.search_without_channel submit_output_start=215542534 submit_output_end=215542546 submit_output_duration_ms=11
[2026-01-30 15:18:20.348] [info] [spider.worker] [TIM