[2026-01-30 14:53:05.932] [warning] [spider.worker] Prefer using `SPIDER_STORAGE_URL` environment variable over `--storage_url` argument.
[2026-01-30 14:53:48.467] [info] [spider.worker] [TIMING] task_id=a123b1b7-5d49-4831-a9a2-62c4ba722d34 func=job_orchestration.executor.compress.spider_compress.compress fetch_input_start=214070674 fetch_input_end=214070676 fetch_input_duration_ms=1
[2026-01-30 14:53:58.705] [info] [spider.worker] [TIMING] task_id=a123b1b7-5d49-4831-a9a2-62c4ba722d34 func=job_orchestration.executor.compress.spider_compress.compress execution_start=214070677 execution_end=214080914 execution_duration_ms=10236
[2026-01-30 14:53:58.737] [info] [spider.worker] [TIMING] task_id=a123b1b7-5d49-4831-a9a2-62c4ba722d34 func=job_orchestration.executor.compress.spider_compress.compress submit_output_start=214080915 submit_output_end=214080946 submit_output_duration_ms=30
[2026-01-30 14:53:58.754] [info] [spider.worker] [TIMING] task_id=39a722c9-3e6e-40f3-bb3e-56cfd954f43f func=job_orchestration.executor.compress.spider_compress.compress fetch_input_start=214080961 fetch_input_end=214080962 fetch_input_duration_ms=0
[2026-01-30 14:54:09.645] [info] [spider.worker] [TIMING] task_id=39a722c9-3e6e-40f3-bb3e-56cfd954f43f func=job_orchestration.executor.compress.spider_compress.compress execution_start=214080963 execution_end=214091853 execution_duration_ms=10889
[2026-01-30 14:54:09.659] [info] [spider.worker] [TIMING] task_id=39a722c9-3e6e-40f3-bb3e-56cfd954f43f func=job_orchestration.executor.compress.spider_compress.compress submit_output_start=214091855 submit_output_end=214091867 submit_output_duration_ms=12
[2026-01-30 14:54:09.670] [info] [spider.worker] [TIMING] task_id=2249749f-4d85-4de3-9858-6cfefaf8ab98 func=job_orchestration.executor.compress.spider_compress.compress fetch_input_start=214091878 fetch_input_end=214091879 fetch_input_duration_ms=1
[2026-01-30 14:54:19.958] [info] [spider.worker] [TIMING] task_id=2249749f-4d85-4de3-9858-6cfefaf8ab98 func=job_orchestration.executor.compress.spider_compress.compress execution_start=214091879 execution_end=214102167 execution_duration_ms=10287
[2026-01-30 14:54:19.975] [info] [spider.worker] [TIMING] task_id=2249749f-4d85-4de3-9858-6cfefaf8ab98 func=job_orchestration.executor.compress.spider_compress.compress submit_output_start=214102168 submit_output_end=214102183 submit_output_duration_ms=15
[2026-01-30 14:54:19.994] [info] [spider.worker] [TIMING] task_id=831da8bd-c386-47c3-9b3c-d79465a51d95 func=job_orchestration.executor.compress.spider_compress.compress fetch_input_start=214102201 fetch_input_end=214102202 fetch_input_duration_ms=0
[2026-01-30 14:54:37.125] [info] [spider.worker] [TIMING] task_id=831da8bd-c386-47c3-9b3c-d79465a51d95 func=job_orchestration.executor.compress.spider_compress.compress execution_start=214102203 execution_end=214119333 execution_duration_ms=17130
[2026-01-30 14:54:37.141] [info] [spider.worker] [TIMING] task_id=831da8bd-c386-47c3-9b3c-d79465a51d95 func=job_orchestration.executor.compress.spider_compress.compress submit_output_start=214119335 submit_output_end=214119349 submit_output_duration_ms=13
[2026-01-30 14:54:37.151] [info] [spider.worker] [TIMING] task_id=b42ecdf3-1e3c-4c66-8006-e77fc306efdd func=job_orchestration.executor.compress.spider_compress.compress fetch_input_start=214119358 fetch_input_end=214119359 fetch_input_duration_ms=0
[2026-01-30 14:54:47.606] [info] [spider.worker] [TIMING] task_id=b42ecdf3-1e3c-4c66-8006-e77fc306efdd func=job_orchestration.executor.compress.spider_compress.compress execution_start=214119360 execution_end=214129814 execution_duration_ms=10454
[2026-01-30 14:54:47.615] [info] [spider.worker] [TIMING] task_id=b42ecdf3-1e3c-4c66-8006-e77fc306efdd func=job_orchestration.executor.compress.spider_compress.compress submit_output_start=214129815 submit_output_end=214129823 submit_output_duration_ms=7
[2026-01-30 14:54:47.625] [info] [spider.worker] [TIMING] task_id=7852caa0-ac85-4423-80d9-7f691828df4d func=job_orchestration.executor.compress.spider_compress.compress fetch_input_start=214129833 fetch_input_end=214129834 fetch_input_duration_ms=0
[2026-01-30 14:54:57.194] [info] [spider.worker] [TIMING] task_id=7852caa0-ac85-4423-80d9-7f691828df4d func=job_orchestration.executor.compress.spider_compress.compress execution_start=214129834 execution_end=214139402 execution_duration_ms=9568
[2026-01-30 14:54:57.215] [info] [spider.worker] [TIMING] task_id=7852caa0-ac85-4423-80d9-7f691828df4d func=job_orchestration.executor.compress.spider_compress.compress submit_output_start=214139405 submit_output_end=214139424 submit_output_duration_ms=19
[2026-01-30 14:54:57.234] [info] [spider.worker] [TIMING] task_id=9a7ef29c-c291-444d-82ed-e69f063c9848 func=job_orchestration.executor.compress.spider_compress.compress fetch_input_start=214139442 fetch_input_end=214139443 fetch_input_duration_ms=1
[2026-01-30 14:55:22.202] [info] [spider.worker] [TIMING] task_id=9a7ef29c-c291-444d-82ed-e69f063c9848 func=job_orchestration.executor.compress.spider_compress.compress execution_start=214139444 execution_end=214164411 execution_duration_ms=24966
[2026-01-30 14:55:22.214] [info] [spider.worker] [TIMING] task_id=9a7ef29c-c291-444d-82ed-e69f063c9848 func=job_orchestration.executor.compress.spider_compress.compress submit_output_start=214164413 submit_output_end=214164422 submit_output_duration_ms=9
[2026-01-30 14:55:22.224] [info] [spider.worker] [TIMING] task_id=30d365df-1b0a-474c-914e-321c9de492b5 func=job_orchestration.executor.compress.spider_compress.compress fetch_input_start=214164432 fetch_input_end=214164432 fetch_input_duration_ms=0
[2026-01-30 14:55:32.308] [info] [spider.worker] [TIMING] task_id=30d365df-1b0a-474c-914e-321c9de492b5 func=job_orchestration.executor.compress.spider_compress.compress execution_start=214164433 execution_end=214174516 execution_duration_ms=10083
[2026-01-30 14:55:32.322] [info] [spider.worker] [TIMING] task_id=30d365df-1b0a-474c-914e-321c9de492b5 func=job_orchestration.executor.compress.spider_compress.compress submit_output_start=214174518 submit_output_end=214174530 submit_output_duration_ms=11
[2026-01-30 14:55:32.332] [info] [spider.worker] [TIMING] task_id=c3eedde7-54db-4bd5-ad4a-78c6220788c6 func=job_orchestration.executor.compress.spider_compress.compress fetch_input_start=214174540 fetch_input_end=214174540 fetch_input_duration_ms=0
[2026-01-30 14:55:42.485] [info] [spider.worker] [TIMING] task_id=c3eedde7-54db-4bd5-ad4a-78c6220788c6 func=job_orchestration.executor.compress.spider_compress.compress execution_start=214174541 execution_end=214184694 execution_duration_ms=10152
[2026-01-30 14:55:42.518] [info] [spider.worker] [TIMING] task_id=c3eedde7-54db-4bd5-ad4a-78c6220788c6 func=job_orchestration.executor.compress.spider_compress.compress submit_output_start=214184696 submit_output_end=214184726 submit_output_duration_ms=30
[2026-01-30 14:55:42.540] [info] [spider.worker] [TIMING] task_id=63ea0ffa-b27b-4613-907e-9daac4d349f5 func=job_orchestration.executor.compress.spider_compress.compress fetch_input_start=214184748 fetch_input_end=214184749 fetch_input_duration_ms=1
[2026-01-30 14:55:52.553] [info] [spider.worker] [TIMING] task_id=63ea0ffa-b27b-4613-907e-9daac4d349f5 func=job_orchestration.executor.compress.spider_compress.compress execution_start=214184749 execution_end=214194761 execution_duration_ms=10011
[2026-01-30 14:55:52.562] [info] [spider.worker] [TIMING] task_id=63ea0ffa-b27b-4613-907e-9daac4d349f5 func=job_orchestration.executor.compress.spider_compress.compress submit_output_start=214194763 submit_output_end=214194770 submit_output_duration_ms=7
[2026-01-30 14:55:52.573] [info] [spider.worker] [TIMING] task_id=99d6de16-440f-46ac-b833-c56f7dfb9d60 func=job_orchestration.executor.compress.spider_compress.compress fetch_input_start=214194780 fetch_input_end=214194781 fetch_input_duration_ms=1
[2026-01-30 14:56:06.430] [info] [spider.worker] [TIMING] task_id=99d6de16-440f-46ac-b833-c56f7dfb9d60 func=job_orchestration.executor.compress.spider_compress.compress execution_start=214194782 execution_end=214208638 execution_duration_ms=13856
[2026-01-30 14:56:06.436] [info] [spider.worker] [TIMING] task_id=99d6de16-440f-46ac-b833-c56f7dfb9d60 func=job_orchestration.executor.compress.spider_compress.compress submit_output_start=214208640 submit_output_end=214208645 submit_output_duration_ms=4
[2026-01-30 14:56:06.447] [info] [spider.worker] [TIMING] task_id=3283fdbb-35f0-4b9a-990a-b0a15fc61f50 func=job_orchestration.executor.compress.spider_compress.compress fetch_input_start=214208654 fetch_input_end=214208655 fetch_input_duration_ms=0
[2026-01-30 14:56:18.207] [info] [spider.worker] [TIMING] task_id=3283fdbb-35f0-4b9a-990a-b0a15fc61f50 func=job_orchestration.executor.compress.spider_compress.compress execution_start=214208656 execution_end=214220415 execution_duration_ms=11759
[2026-01-30 14:56:18.219] [info] [spider.worker] [TIMING] task_id=3283fdbb-35f0-4b9a-990a-b0a15fc61f50 func=job_orchestration.executor.compress.spider_compress.compress submit_output_start=214220417 submit_output_end=214220427 submit_output_duration_ms=10
[2026-01-30 14:56:18.261] [info] [spider.worker] [TIMING] task_id=9b3f0c8d-0251-456f-8306-2bf268f39cc5 func=job_orchestration.executor.compress.spider_compress.compress fetch_input_start=214220468 fetch_input_end=214220469 fetch_input_duration_ms=0
[2026-01-30 14:56:31.512] [info] [spider.worker] [TIMING] task_id=9b3f0c8d-0251-456f-8306-2bf268f39cc5 func=job_orchestration.executor.compress.spider_compress.compress execution_start=214220470 execution_end=214233721 execution_duration_ms=13250
[2026-01-30 14:56:31.527] [info] [spider.worker] [TIMING] task_id=9b3f0c8d-0251-456f-8306-2bf268f39cc5 func=job_orchestration.executor.compress.spider_compress.compress submit_output_start=214233722 submit_output_end=214233735 submit_output_duration_ms=12
[2026-01-30 14:56:31.538] [info] [spider.worker] [TIMING] task_id=f8ab0ba0-d6f8-450b-9ec9-c506862f438a func=job_orchestration.executor.compress.spider_compress.compress fetch_input_start=214233746 fetch_input_end=214233747 fetch_input_duration_ms=1
[2026-01-30 14:56:43.054] [info] [spider.worker] [TIMING] task_id=f8ab0ba0-d6f8-450b-9ec9-c506862f438a func=job_orchestration.executor.compress.spider_compress.compress execution_start=214233748 execution_end=214245263 execution_duration_ms=11515
[2026-01-30 14:56:43.076] [info] [spider.worker] [TIMING] task_id=f8ab0ba0-d6f8-450b-9ec9-c506862f438a func=job_orchestration.executor.compress.spider_compress.compress submit_output_start=214245264 submit_output_end=214245285 submit_output_duration_ms=20
[2026-01-30 14:56:43.096] [info] [spider.worker] [TIMING] task_id=3cad5e00-6215-4f06-b088-a69da9b41b52 func=job_orchestration.executor.compress.spider_compress.compress fetch_input_start=214245303 fetch_input_end=214245304 fetch_input_duration_ms=1
[2026-01-30 14:57:21.251] [info] [spider.worker] [TIMING] task_id=3cad5e00-6215-4f06-b088-a69da9b41b52 func=job_orchestration.executor.compress.spider_compress.compress execution_start=214245305 execution_end=214283459 execution_duration_ms=38154
[2026-01-30 14:57:21.285] [info] [spider.worker] [TIMING] task_id=3cad5e00-6215-4f06-b088-a69da9b41b52 func=job_orchestration.executor.compress.spider_compress.compress submit_output_start=214283461 submit_output_end=214283493 submit_output_duration_ms=32
[2026-01-30 14:57:21.301] [info] [spider.worker] [TIMING] task_id=c5824075-36f7-406c-9dba-5b556c32d9b8 func=job_orchestration.executor.compress.spider_compress.compress fetch_input_start=214283509 fetch_input_end=214283509 fetch_input_duration_ms=0
[2026-01-30 14:57:41.409] [info] [spider.worker] [TIMING] task_id=c5824075-36f7-406c-9dba-5b556c32d9b8 func=job_orchestration.executor.compress.spider_compress.compress execution_start=214283510 execution_end=214303618 execution_duration_ms=20107
[2026-01-30 14:57:41.440] [info] [spider.worker] [TIMING] task_id=c5824075-36f7-406c-9dba-5b556c32d9b8 func=job_orchestration.executor.compress.spider_compress.compress submit_output_start=214303620 submit_output_end=214303649 submit_output_duration_ms=29
[2026-01-30 14:57:41.459] [info] [spider.worker] [TIMING] task_id=93ca7bfa-3704-4733-ab3a-d3cce422d924 func=job_orchestration.executor.compress.spider_compress.compress fetch_input_start=214303667 fetch_input_end=214303667 fetch_input_duration_ms=0
[2026-01-30 14:57:51.413] [info] [spider.worker] [TIMING] task_id=93ca7bfa-3704-4733-ab3a-d3cce422d924 func=job_orchestration.executor.compress.spider_compress.compress execution_start=214303668 execution_end=214313622 execution_duration_ms=9953
[2026-01-30 14:57:51.447] [info] [spider.worker] [TIMING] task_id=93ca7bfa-3704-4733-ab3a-d3cce422d924 func=job_orchestration.executor.compress.spider_compress.compress submit_output_start=214313624 submit_output_end=214313655 submit_output_duration_ms=31
[2026-01-30 14:57:51.467] [info] [spider.worker] [TIMING] task_id=89e813ca-03e4-476e-b5c0-0fed2d5ee15f func=job_orchestration.executor.compress.spider_compress.compress fetch_input_start=214313675 fetch_input_end=214313676 fetch_input_duration_ms=0
[2026-01-30 14:58:31.656] [info] [spider.worker] [TIMING] task_id=89e813ca-03e4-476e-b5c0-0fed2d5ee15f func=job_orchestration.executor.compress.spider_compress.compress execution_start=214313676 execution_end=214353864 execution_duration_ms=40187
[2026-01-30 14:58:31.663] [info] [spider.worker] [TIMING] task_id=89e813ca-03e4-476e-b5c0-0fed2d5ee15f func=job_orchestration.executor.compress.spider_compress.compress submit_output_start=214353866 submit_output_end=214353871 submit_output_duration_ms=5
[2026-01-30 14:58:31.697] [info] [spider.worker] [TIMING] task_id=7a75baed-ad10-42f6-86dd-0d7512b98ef4 func=job_orchestration.executor.compress.spider_compress.compress fetch_input_start=214353904 fetch_input_end=214353905 fetch_input_duration_ms=1
[2026-01-30 14:59:05.995] [info] [spider.worker] [TIMING] task_id=7a75baed-ad10-42f6-86dd-0d7512b98ef4 func=job_orchestration.executor.compress.spider_compress.compress execution_start=214353906 execution_end=214388203 execution_duration_ms=34297
[2026-01-30 14:59:06.019] [info] [spider.worker] [TIMING] task_id=7a75baed-ad10-42f6-86dd-0d7512b98ef4 func=job_orchestration.executor.compress.spider_compress.compress submit_output_start=214388205 submit_output_end=214388228 submit_output_duration_ms=22
[2026-01-30 14:59:06.040] [info] [spider.worker] [TIMING] task_id=0b7e2ccc-ab16-4c89-bf8b-6eb7cbac9248 func=job_orchestration.executor.compress.spider_compress.compress fetch_input_start=214388247 fetch_input_end=214388248 fetch_input_duration_ms=1
[2026-01-30 14:59:42.393] [info] [spider.worker] [TIMING] task_id=0b7e2ccc-ab16-4c89-bf8b-6eb7cbac9248 func=job_orchestration.executor.compress.spider_compress.compress execution_start=214388249 execution_end=214424601 execution_duration_ms=36352
[2026-01-30 14:59:42.431] [info] [spider.worker] [TIMING] task_id=0b7e2ccc-ab16-4c89-bf8b-6eb7cbac9248 func=job_orchestration.executor.compress.spider_compress.compress submit_output_start=214424603 submit_output_end=214424639 submit_output_duration_ms=35
[2026-01-30 14:59:42.456] [info] [spider.worker] [TIMING] task_id=d37b2272-89ab-4a83-a58e-156f59f6d175 func=job_orchestration.executor.compress.spider_compress.compress fetch_input_start=214424663 fetch_input_end=214424664 fetch_input_duration_ms=0
[2026-01-30 14:59:53.050] [info] [spider.worker] [TIMING] task_id=d37b2272-89ab-4a83-a58e-156f59f6d175 func=job_orchestration.executor.compress.spider_compress.compress execution_start=214424665 execution_end=214435258 execution_duration_ms=10593
[2026-01-30 14:59:53.070] [info] [spider.worker] [TIMING] task_id=d37b2272-89ab-4a83-a58e-156f59f6d175 func=job_orchestration.executor.compress.spider_compress.compress submit_output_start=214435260 submit_output_end=214435278 submit_output_duration_ms=18
[2026-01-30 14:59:53.080] [info] [spider.worker] [TIMING] task_id=ea40b688-a349-45b0-96bd-7d3fece4d90b func=job_orchestration.executor.compress.spider_compress.compress fetch_input_start=214435288 fetch_input_end=214435289 fetch_input_duration_ms=0
[2026-01-30 15:00:03.190] [info] [spider.worker] [TIMING] task_id=ea40b688-a349-45b0-96bd-7d3fece4d90b func=job_orchestration.executor.compress.spider_compress.compress execution_start=214435289 execution_end=214445399 execution_duration_ms=10109
[2026-01-30 15:00:03.226] [info] [spider.worker] [TIMING] task_id=ea40b688-a349-45b0-96bd-7d3fece4d90b func=job_orchestration.executor.compress.spider_compress.compress submit_output_start=214445401 submit_output_end=214445434 submit_output_duration_ms=33
[2026-01-30 15:00:03.247] [info] [spider.worker] [TIMING] task_id=e7e41c05-16d3-4445-8e29-5634106a8a5b func=job_orchestration.executor.compress.spider_compress.compress fetch_input_start=214445455 fetch_input_end=214445455 fetch_input_duration_ms=0
[2026-01-30 15:00:12.808] [info] [spider.worker] [TIMING] task_id=e7e41c05-16d3-4445-8e29-5634106a8a5b func=job_orchestration.executor.compress.spider_compress.compress execution_start=214445456 execution_end=214455017 execution_duration_ms=9560
[2026-01-30 15:00:12.819] [info] [spider.worker] [TIMING] task_id=e7e41c05-16d3-4445-8e29-5634106a8a5b func=job_orchestration.executor.compress.spider_compress.compress submit_output_start=214455019 submit_output_end=214455028 submit_output_duration_ms=8
[2026-01-30 15:00:12.839] [info] [spider.worker] [TIMING] task_id=42053b33-adbb-4d0f-b3f8-3727af54ca1a func=job_orchestration.executor.compress.spider_compress.compress fetch_input_start=214455046 fetch_input_end=214455047 fetch_input_duration_ms=1
[2026-01-30 15:00:23.899] [info] [spider.worker] [TIMING] task_id=42053b33-adbb-4d0f-b3f8-3727af54ca1a func=job_orchestration.executor.compress.spider_compress.compress execution_start=214455048 execution_end=214466108 execution_duration_ms=11059
[2026-01-30 15:00:24.194] [info] [spider.worker] [TIMING] task_id=42053b33-adbb-4d0f-b3f8-3727af54ca1a func=job_orchestration.executor.compress.spider_compress.compress submit_output_start=214466110 submit_output_end=214466403 submit_output_duration_ms=292
[2026-01-30 15:00:24.431] [info] [spider.worker] [TIMING] task_id=3c06b380-25e1-43dd-98d9-5323f165c26e func=job_orchestration.executor.compress.spider_compress.compress fetch_input_start=214466638 fetch_input_end=214466639 fetch_input_duration_ms=1
[2026-01-30 15:00:34.807] [info] [spider.worker] [TIMING] task_id=3c06b380-25e1-43dd-98d9-5323f165c26e func=job_orchestration.executor.compress.spider_compress.compress execution_start=214466640 execution_end=214477015 execution_duration_ms=10374
[2026-01-30 15:00:34.840] [info] [spider.worker] [TIMING] task_id=3c06b380-25e1-43dd-98d9-5323f165c26e func=job_orchestration.executor.compress.spider_compress.compress submit_output_start=214477017 submit_output_end=214477048 submit_output_duration_ms=30
[2026-01-30 15:00:34.873] [info] [spider.worker] [TIMING] task_id=20f07bee-5622-418f-b370-fa9e1199148d func=job_orchestration.executor.compress.spider_compress.compress fetch_input_start=214477079 fetch_input_end=214477081 fetch_input_duration_ms=1
[2026-01-30 15:00:48.094] [info] [spider.worker] [TIMING] task_id=20f07bee-5622-418f-b370-fa9e1199148d func=job_orchestration.executor.compress.spider_compress.compress execution_start=214477082 execution_end=214490303 execution_duration_ms=13221
[2026-01-30 15:00:48.102] [info] [spider.worker] [TIMING] task_id=20f07bee-5622-418f-b370-fa9e1199148d func=job_orchestration.executor.compress.spider_compress.compress submit_output_start=214490305 submit_output_end=214490310 submit_output_duration_ms=4
[2026-01-30 15:00:48.113] [info] [spider.worker] [TIMING] task_id=4a8830d2-1a9f-4e30-842a-45ccaff5ce69 func=job_orchestration.executor.compress.spider_compress.compress fetch_input_start=214490320 fetch_input_end=214490321 fetch_input_duration_ms=1
[2026-01-30 15:01:06.876] [info] [spider.worker] [TIMING] task_id=4a8830d2-1a9f-4e30-842a-45ccaff5ce69 func=job_orchestration.executor.compress.spider_compress.compress execution_start=214490322 execution_end=214509085 execution_duration_ms=18762
[2026-01-30 15:01:06.893] [info] [spider.worker] [TIMING] task_id=4a8830d2-1a9f-4e30-842a-45ccaff5ce69 func=job_orchestration.executor.compress.spider_compress.compress submit_output_start=214509087 submit_output_end=214509101 submit_output_duration_ms=14
[2026-01-30 15:01:06.913] [info] [spider.worker] [TIMING] task_id=8c95d958-1b56-4adb-8601-10d2514d85ea func=job_orchestration.executor.compress.spider_compress.compress fetch_input_start=214509120 fetch_input_end=214509121 fetch_input_duration_ms=1
[2026-01-30 15:02:02.368] [info] [spider.worker] [TIMING] task_id=8c95d958-1b56-4adb-8601-10d2514d85ea func=job_orchestration.executor.compress.spider_compress.compress execution_start=214509122 execution_end=214564576 execution_duration_ms=55453
[2026-01-30 15:02:02.391] [info] [spider.worker] [TIMING] task_id=8c95d958-1b56-4adb-8601-10d2514d85ea func=job_orchestration.executor.compress.spider_compress.compress submit_output_start=214564578 submit_output_end=214564600 submit_output_duration_ms=21
[2026-01-30 15:02:02.434] [info] [spider.worker] [TIMING] task_id=5b279d04-93f4-4f64-b50e-ed8f1763cabb func=job_orchestration.executor.compress.spider_compress.compress fetch_input_start=214564641 fetch_input_end=214564642 fetch_input_duration_ms=1
[2026-01-30 15:02:12.680] [info] [spider.worker] [TIMING] task_id=5b279d04-93f4-4f64-b50e-ed8f1763cabb func=job_orchestration.executor.compress.spider_compress.compress execution_start=214564643 execution_end=214574888 execution_duration_ms=10245
[2026-01-30 15:02:12.691] [info] [spider.worker] [TIMING] task_id=5b279d04-93f4-4f64-b50e-ed8f1763cabb func=job_orchestration.executor.compress.spider_compress.compress submit_output_start=214574890 submit_output_end=214574899 submit_output_duration_ms=9
[2026-01-30 15:02:12.701] [info] [spider.worker] [TIMING] task_id=16e9232c-37eb-47f4-9525-e150dc17f871 func=job_orchestration.executor.compress.spider_compress.compress fetch_input_start=214574909 fetch_input_end=214574910 fetch_input_duration_ms=1
[2026-01-30 15:02:23.710] [info] [spider.worker] [TIMING] task_id=16e9232c-37eb-47f4-9525-e150dc17f871 func=job_orchestration.executor.compress.spider_compress.compress execution_start=214574910 execution_end=214585918 execution_duration_ms=11008
[2026-01-30 15:02:23.724] [info] [spider.worker] [TIMING] task_id=16e9232c-37eb-47f4-9525-e150dc17f871 func=job_orchestration.executor.compress.spider_compress.compress submit_output_start=214585921 submit_output_end=214585933 submit_output_duration_ms=11
[2026-01-30 15:02:23.765] [info] [spider.worker] [TIMING] task_id=7f2c76cf-7eb5-4a23-b651-7d568c06cf98 func=job_orchestration.executor.compress.spider_compress.compress fetch_input_start=214585971 fetch_input_end=214585973 fetch_input_duration_ms=1
[2026-01-30 15:03:00.095] [info] [spider.worker] [TIMING] task_id=7f2c76cf-7eb5-4a23-b651-7d568c06cf98 func=job_orchestration.executor.compress.spider_compress.compress execution_start=214585974 execution_end=214622303 execution_duration_ms=36329
[2026-01-30 15:03:00.123] [info] [spider.worker] [TIMING] task_id=7f2c76cf-7eb5-4a23-b651-7d568c06cf98 func=job_orchestration.executor.compress.spider_compress.compress submit_output_start=214622318 submit_output_end=214622331 submit_output_duration_ms=13
[2026-01-30 15:03:00.134] [info] [spider.worker] [TIMING] task_id=944f09bf-4039-455f-b97e-5e5a080cad95 func=job_orchestration.executor.compress.spider_compress.compress fetch_input_start=214622341 fetch_input_end=214622342 fetch_input_duration_ms=1
[2026-01-30 15:03:43.712] [info] [spider.worker] [TIMING] task_id=944f09bf-4039-455f-b97e-5e5a080cad95 func=job_orchestration.executor.compress.spider_compress.compress execution_start=214622343 execution_end=214665920 execution_duration_ms=43577
[2026-01-30 15:03:43.728] [info] [spider.worker] [TIMING] task_id=944f09bf-4039-455f-b97e-5e5a080cad95 func=job_orchestration.executor.compress.spider_compress.compress submit_output_start=214665922 submit_output_end=214665937 submit_output_duration_ms=14
[2026-01-30 15:03:43.760] [info] [spider.worker] [TIMING] task_id=7058b389-9c5e-4764-bee9-336576a378ab func=job_orchestration.executor.compress.spider_compress.compress fetch_input_start=214665968 fetch_input_end=214665969 fetch_input_duration_ms=0
[2026-01-30 15:04:24.565] [info] [spider.worker] [TIMING] task_id=7058b389-9c5e-4764-bee9-336576a378ab func=job_orchestration.executor.compress.spider_compress.compress execution_start=214665970 execution_end=214706774 execution_duration_ms=40803
[2026-01-30 15:04:24.575] [info] [spider.worker] [TIMING] task_id=7058b389-9c5e-4764-bee9-336576a378ab func=job_orchestration.executor.compress.spider_compress.compress submit_output_start=214706775 submit_output_end=214706784 submit_output_duration_ms=8
[2026-01-30 15:04:24.586] [info] [spider.worker] [TIMING] task_id=6f0787da-7320-49d6-a63a-b45d8e3190ac func=job_orchestration.executor.compress.spider_compress.compress fetch_input_start=214706794 fetch_input_end=214706795 fetch_input_duration_ms=0
[2026-01-30 15:04:34.385] [info] [spider.worker] [TIMING] task_id=6f0787da-7320-49d6-a63a-b45d8e3190ac func=job_orchestration.executor.compress.spider_compress.compress execution_start=214706795 execution_end=214716593 execution_duration_ms=9797
[2026-01-30 15:04:34.400] [info] [spider.worker] [TIMING] task_id=6f0787da-7320-49d6-a63a-b45d8e3190ac func=job_orchestration.executor.compress.spider_compress.compress submit_output_start=214716595 submit_output_end=214716608 submit_output_duration_ms=12
[2026-01-30 15:04:34.419] [info] [spider.worker] [TIMING] task_id=84c40b8e-0abd-408f-bb21-48d83406b637 func=job_orchestration.executor.compress.spider_compress.compress fetch_input_start=214716627 fetch_input_end=214716628 fetch_input_duration_ms=1
[2026-01-30 15:05:31.038] [info] [spider.worker] [TIMING] task_id=84c40b8e-0abd-408f-bb21-48d83406b637 func=job_orchestration.executor.compress.spider_compress.compress execution_start=214716645 execution_end=214773246 execution_duration_ms=56601
[2026-01-30 15:05:31.693] [info] [spider.worker] [TIMING] task_id=84c40b8e-0abd-408f-bb21-48d83406b637 func=job_orchestration.executor.compress.spider_compress.compress submit_output_start=214773248 submit_output_end=214773901 submit_output_duration_ms=652
[2026-01-30 15:05:32.180] [info] [spider.worker] [TIMING] task_id=85b13f70-1f0f-4a91-b0e3-45012b665408 func=job_orchestration.executor.compress.spider_compress.compress fetch_input_start=214774387 fetch_input_end=214774388 fetch_input_duration_ms=1
[2026-01-30 15:05:48.132] [info] [spider.worker] [TIMING] task_id=85b13f70-1f0f-4a91-b0e3-45012b665408 func=job_orchestration.executor.compress.spider_compress.compress execution_start=214774389 execution_end=214790341 execution_duration_ms=15951
[2026-01-30 15:05:48.163] [info] [spider.worker] [TIMING] task_id=85b13f70-1f0f-4a91-b0e3-45012b665408 func=job_orchestration.executor.compress.spider_compress.compress submit_output_start=214790342 submit_output_end=214790371 submit_output_duration_ms=28
[2026-01-30 15:05:48.180] [info] [spider.worker] [TIMING] task_id=d13a4935-6886-44eb-bc0b-ff9b838eb386 func=job_orchestration.executor.compress.spider_compress.compress fetch_input_start=214790387 fetch_input_end=214790388 fetch_input_duration_ms=1
[2026-01-30 15:05:58.665] [info] [spider.worker] [TIMING] task_id=d13a4935-6886-44eb-bc0b-ff9b838eb386 func=job_orchestration.executor.compress.spider_compress.compress execution_start=214790389 execution_end=214800873 execution_duration_ms=10484
[2026-01-30 15:05:58.695] [info] [spider.worker] [TIMING] task_id=d13a4935-6886-44eb-bc0b-ff9b838eb386 func=job_orchestration.executor.compress.spider_compress.compress submit_output_start=214800875 submit_output_end=214800903 submit_output_duration_ms=28
[2026-01-30 15:05:58.731] [info] [spider.worker] [TIMING] task_id=14296f44-9df9-47e2-91dd-1a8eeeb67bea func=job_orchestration.executor.compress.spider_compress.compress fetch_input_start=214800938 fetch_input_end=214800940 fetch_input_duration_ms=1
[2026-01-30 15:06:09.481] [info] [spider.worker] [TIMING] task_id=14296f44-9df9-47e2-91dd-1a8eeeb67bea func=job_orchestration.executor.compress.spider_compress.compress execution_start=214800940 execution_end=214811690 execution_duration_ms=10749
[2026-01-30 15:06:09.492] [info] [spider.worker] [TIMING] task_id=14296f44-9df9-47e2-91dd-1a8eeeb67bea func=job_orchestration.executor.compress.spider_compress.compress submit_output_start=214811692 submit_output_end=214811701 submit_output_duration_ms=9
[2026-01-30 15:06:09.513] [info] [spider.worker] [TIMING] task_id=2c067295-921c-4f25-bc30-0f627fcbbaa1 func=job_orchestration.executor.compress.spider_compress.compress fetch_input_start=214811719 fetch_input_end=214811721 fetch_input_duration_ms=1
[2026-01-30 15:06:23.684] [info] [spider.worker] [TIMING] task_id=2c067295-921c-4f25-bc30-0f627fcbbaa1 func=job_orchestration.executor.compress.spider_compress.compress execution_start=214811722 execution_end=214825892 execution_duration_ms=14170
[2026-01-30 15:06:23.700] [info] [spider.worker] [TIMING] task_id=2c067295-921c-4f25-bc30-0f627fcbbaa1 func=job_orchestration.executor.compress.spider_compress.compress submit_output_start=214825894 submit_output_end=214825908 submit_output_duration_ms=13
[2026-01-30 15:06:23.735] [info] [spider.worker] [TIMING] task_id=77909caf-86d5-45ad-8114-7f1437bce6ef func=job_orchestration.executor.compress.spider_compress.compress fetch_input_start=214825942 fetch_input_end=214825943 fetch_input_duration_ms=0
[2026-01-30 15:06:34.142] [info] [spider.worker] [TIMING] task_id=77909caf-86d5-45ad-8114-7f1437bce6ef func=job_orchestration.executor.compress.spider_compress.compress execution_start=214825944 execution_end=214836350 execution_duration_ms=10406
[2026-01-30 15:06:34.166] [info] [spider.worker] [TIMING] task_id=77909caf-86d5-45ad-8114-7f1437bce6ef func=job_orchestration.executor.compress.spider_compress.compress submit_output_start=214836352 submit_output_end=214836374 submit_output_duration_ms=21
[2026-01-30 15:06:34.185] [info] [spider.worker] [TIMING] task_id=a0c1f5e8-a1c4-4167-af0f-c2cfe28d9510 func=job_orchestration.executor.compress.spider_compress.compress fetch_input_start=214836392 fetch_input_end=214836393 fetch_input_duration_ms=0
[2026-01-30 15:06:45.822] [info] [spider.worker] [TIMING] task_id=a0c1f5e8-a1c4-4167-af0f-c2cfe28d9510 func=job_orchestration.executor.compress.spider_compress.compress execution_start=214836394 execution_end=214848031 execution_duration_ms=11636
[2026-01-30 15:06:45.831] [info] [spider.worker] [TIMING] task_id=a0c1f5e8-a1c4-4167-af0f-c2cfe28d9510 func=job_orchestration.executor.compress.spider_compress.compress submit_output_start=214848032 submit_output_end=214848040 submit_output_duration_ms=7
[2026-01-30 15:06:45.851] [info] [spider.worker] [TIMING] task_id=b370508e-7aa8-426e-9a05-7ffc3461977f func=job_orchestration.executor.compress.spider_compress.compress fetch_input_start=214848058 fetch_input_end=214848059 fetch_input_duration_ms=1
[2026-01-30 15:07:52.431] [info] [spider.worker] [TIMING] task_id=b370508e-7aa8-426e-9a05-7ffc3461977f func=job_orchestration.executor.compress.spider_compress.compress execution_start=214848060 execution_end=214914640 execution_duration_ms=66579
[2026-01-30 15:07:52.451] [info] [spider.worker] [TIMING] task_id=b370508e-7aa8-426e-9a05-7ffc3461977f func=job_orchestration.executor.compress.spider_compress.compress submit_output_start=214914641 submit_output_end=214914660 submit_output_duration_ms=18
[2026-01-30 15:07:52.462] [info] [spider.worker] [TIMING] task_id=49b37d35-8329-47fd-bc00-1a6b66416b0b func=job_orchestration.executor.compress.spider_compress.compress fetch_input_start=214914670 fetch_input_end=214914670 fetch_input_duration_ms=0
[2026-01-30 15:08:01.942] [info] [spider.worker] [TIMING] task_id=49b37d35-8329-47fd-bc00-1a6b66416b0b func=job_orchestration.executor.compress.spider_compress.compress execution_start=214914671 execution_end=214924150 execution_duration_ms=9479
[2026-01-30 15:08:01.959] [info] [spider.worker] [TIMING] task_id=49b37d35-8329-47fd-bc00-1a6b66416b0b func=job_orchestration.executor.compress.spider_compress.compress submit_output_start=214924152 submit_output_end=214924168 submit_output_duration_ms=15
[2026-01-30 15:08:01.997] [info] [spider.worker] [TIMING] task_id=0ffb6e80-ee0d-452e-9de8-5b7c2c833895 func=job_orchestration.executor.compress.spider_compress.compress fetch_input_start=214924205 fetch_input_end=214924205 fetch_input_duration_ms=0
[2026-01-30 15:08:37.873] [info] [spider.worker] [TIMING] task_id=0ffb6e80-ee0d-452e-9de8-5b7c2c833895 func=job_orchestration.executor.compress.spider_compress.compress execution_start=214924206 execution_end=214960081 execution_duration_ms=35874
[2026-01-30 15:08:37.890] [info] [spider.worker] [TIMING] task_id=0ffb6e80-ee0d-452e-9de8-5b7c2c833895 func=job_orchestration.executor.compress.spider_compress.compress submit_output_start=214960083 submit_output_end=214960098 submit_output_duration_ms=15
[2026-01-30 15:08:37.900] [info] [spider.worker] [TIMING] task_id=bea99c8a-7a26-43d1-8d04-134e362b06d1 func=job_orchestration.executor.compress.spider_compress.compress fetch_input_start=214960108 fetch_input_end=214960109 fetch_input_duration_ms=0
[2026-01-30 15:09:27.251] [info] [spider.worker] [TIMING] task_id=bea99c8a-7a26-43d1-8d04-134e362b06d1 func=job_orchestration.executor.compress.spider_compress.compress execution_start=214960109 execution_end=215009459 execution_duration_ms=49350
[2026-01-30 15:09:27.261] [info] [spider.worker] [TIMING] task_id=bea99c8a-7a26-43d1-8d04-134e362b06d1 func=job_orchestration.executor.compress.spider_compress.compress submit_output_start=215009461 submit_output_end=215009469 submit_output_duration_ms=8
[2026-01-30 15:09:27.281] [info] [spider.worker] [TIMING] task_id=0f32d43b-db67-47f3-bfd4-50f383f41441 func=job_orchestration.executor.compress.spider_compress.compress fetch_input_start=215009488 fetch_input_end=215009489 fetch_input_duration_ms=1
[2026-01-30 15:09:37.730] [info] [spider.worker] [TIMING] task_id=0f32d43b-db67-47f3-bfd4-50f383f41441 func=job_orchestration.executor.compress.spider_compress.compress execution_start=215009490 execution_end=215019939 execution_duration_ms=10448
[2026-01-30 15:09:37.744] [info] [spider.worker] [TIMING] task_id=0f32d43b-db67-47f3-bfd4-50f383f41441 func=job_orchestration.executor.compress.spider_compress.compress submit_output_start=215019941 submit_output_end=215019952 submit_output_duration_ms=11
[2026-01-30 15:09:37.762] [info] [spider.worker] [TIMING] task_id=982c4a18-f7fe-4f93-9aed-00dbbe36cf00 func=job_orchestration.executor.compress.spider_compress.compress fetch_input_start=215019970 fetch_input_end=215019971 fetch_input_duration_ms=0
[2026-01-30 15:10:14.344] [info] [spider.worker] [TIMING] task_id=982c4a18-f7fe-4f93-9aed-00dbbe36cf00 func=job_orchestration.executor.compress.spider_compress.compress execution_start=215019971 execution_end=215056552 execution_duration_ms=36580
[2026-01-30 15:10:14.358] [info] [spider.worker] [TIMING] task_id=982c4a18-f7fe-4f93-9aed-00dbbe36cf00 func=job_orchestration.executor.compress.spider_compress.compress submit_output_start=215056554 submit_output_end=215056566 submit_output_duration_ms=11
[2026-01-30 15:10:14.369] [info] [spider.worker] [TIMING] task_id=edb7f209-2cd3-4930-a9a1-edbccc8a7c8f func=job_orchestration.executor.compress.spider_compress.compress fetch_input_start=215056576 fetch_input_end=215056577 fetch_input_duration_ms=1
[2026-01-30 15:10:49.480] [info] [spider.worker] [TIMING] task_id=edb7f209-2cd3-4930-a9a1-edbccc8a7c8f func=job_orchestration.executor.compress.spider_compress.compress execution_start=215056578 execution_end=215091688 execution_duration_ms=35110
[2026-01-30 15:10:49.505] [info] [spider.worker] [TIMING] task_id=edb7f209-2cd3-4930-a9a1-edbccc8a7c8f func=job_orchestration.executor.compress.spider_compress.compress submit_output_start=215091691 submit_output_end=215091714 submit_output_duration_ms=23
[2026-01-30 15:10:49.524] [info] [spider.worker] [TIMING] task_id=89f82b0c-035c-4400-865f-e4047c225d48 func=job_orchestration.executor.compress.spider_compress.compress fetch_input_start=215091732 fetch_input_end=215091733 fetch_input_duration_ms=0
[2026-01-30 15:11:03.899] [info] [spider.worker] [TIMING] task_id=89f82b0c-035c-4400-865f-e4047c225d48 func=job_orchestration.executor.compress.spider_compress.compress execution_start=215091734 execution_end=215106108 execution_duration_ms=14373
[2026-01-30 15:11:03.912] [info] [spider.worker] [TIMING] task_id=89f82b0c-035c-4400-865f-e4047c225d48 func=job_orchestration.executor.compress.spider_compress.compress submit_output_start=215106109 submit_output_end=215106121 submit_output_duration_ms=11
[2026-01-30 15:11:03.923] [info] [spider.worker] [TIMING] task_id=1b3fe66d-bbab-4cc3-9fd1-fd64ddc4215d func=job_orchestration.executor.compress.spider_compress.compress fetch_input_start=215106130 fetch_input_end=215106131 fetch_input_duration_ms=0
[2026-01-30 15:11:15.811] [info] [spider.worker] [TIMING] task_id=1b3fe66d-bbab-4cc3-9fd1-fd64ddc4215d func=job_orchestration.executor.compress.spider_compress.compress execution_start=215106132 execution_end=215118019 execution_duration_ms=11887
[2026-01-30 15:11:15.836] [info] [spider.worker] [TIMING] task_id=1b3fe66d-bbab-4cc3-9fd1-fd64ddc4215d func=job_orchestration.executor.compress.spider_compress.compress submit_output_start=215118027 submit_output_end=215118045 submit_output_duration_ms=17
[2026-01-30 15:11:15.856] [info] [spider.worker] [TIMING] task_id=06c57318-f993-46d2-a558-43d3902975b1 func=job_orchestration.executor.compress.spider_compress.compress fetch_input_start=215118063 fetch_input_end=215118064 fetch_input_duration_ms=1
[2026-01-30 15:11:50.138] [info] [spider.worker] [TIMING] task_id=06c57318-f993-46d2-a558-43d3902975b1 func=job_orchestration.executor.compress.spider_compress.compress execution_start=215118065 execution_end=215152347 execution_duration_ms=34281
[2026-01-30 15:11:50.184] [info] [spider.worker] [TIMING] task_id=06c57318-f993-46d2-a558-43d3902975b1 func=job_orchestration.executor.compress.spider_compress.compress submit_output_start=215152362 submit_output_end=215152393 submit_output_duration_ms=30
[2026-01-30 15:11:50.222] [info] [spider.worker] [TIMING] task_id=eddcf79f-71eb-4f10-b511-b833dba5fc52 func=job_orchestration.executor.compress.spider_compress.compress fetch_input_start=215152429 fetch_input_end=215152430 fetch_input_duration_ms=0
[2026-01-30 15:12:00.958] [info] [spider.worker] [TIMING] task_id=eddcf79f-71eb-4f10-b511-b833dba5fc52 func=job_orchestration.executor.compress.spider_compress.compress execution_start=215152431 execution_end=215163167 execution_duration_ms=10735
[2026-01-30 15:12:00.987] [info] [spider.worker] [TIMING] task_id=eddcf79f-71eb-4f10-b511-b833dba5fc52 func=job_orchestration.executor.compress.spider_compress.compress submit_output_start=215163168 submit_output_end=215163195 submit_output_duration_ms=27
[2026-01-30 15:12:01.010] [info] [spider.worker] [TIMING] task_id=afef8601-cba3-49f8-90c4-c6aa15969ea3 func=job_orchestration.executor.compress.spider_compress.compress fetch_input_start=215163218 fetch_input_end=215163218 fetch_input_duration_ms=0
[2026-01-30 15:12:32.472] [info] [spider.worker] [TIMING] task_id=afef8601-cba3-49f8-90c4-c6aa15969ea3 func=job_orchestration.executor.compress.spider_compress.compress execution_start=215163219 execution_end=215194680 execution_duration_ms=31461
[2026-01-30 15:12:32.497] [info] [spider.worker] [TIMING] task_id=afef8601-cba3-49f8-90c4-c6aa15969ea3 func=job_orchestration.executor.compress.spider_compress.compress submit_output_start=215194690 submit_output_end=215194705 submit_output_duration_ms=15
[2026-01-30 15:17:10.214] [info] [spider.worker] [TIMING] task_id=c46a442a-9c5f-4a25-8523-af756763c7f6 func=job_orchestration.executor.query.spider_search_task.search_without_channel fetch_input_start=215472421 fetch_input_end=215472422 fetch_input_duration_ms=1
[2026-01-30 15:17:11.596] [info] [spider.worker] [TIMING] task_id=c46a442a-9c5f-4a25-8523-af756763c7f6 func=job_orchestration.executor.query.spider_search_task.search_without_channel execution_start=215472424 execution_end=215473805 execution_duration_ms=1380
[2026-01-30 15:17:11.645] [info] [spider.worker] [TIMING] task_id=c46a442a-9c5f-4a25-8523-af756763c7f6 func=job_orchestration.executor.query.spider_search_task.search_without_channel submit_output_start=215473812 submit_output_end=215473853 submit_output_duration_ms=41
[2026-01-30 15:17:11.714] [info] [spider.worker] [TIMING] task_id=6d34811c-d0fd-4b36-8a65-90a093d32e26 func=job_orchestration.executor.query.spider_search_task.search_without_channel fetch_input_start=215473922 fetch_input_end=215473923 fetch_input_duration_ms=0
[2026-01-30 15:17:12.913] [info] [spider.worker] [TIMING] task_id=6d34811c-d0fd-4b36-8a65-90a093d32e26 func=job_orchestration.executor.query.spider_search_task.search_without_channel execution_start=215473923 execution_end=215475121 execution_duration_ms=1198
[2026-01-30 15:17:12.965] [info] [spider.worker] [TIMING] task_id=6d34811c-d0fd-4b36-8a65-90a093d32e26 func=job_orchestration.executor.query.spider_search_task.search_without_channel submit_output_start=215475123 submit_output_end=215475173 submit_output_duration_ms=49
[2026-01-30 15:17:13.018] [info] [spider.worker] [TIMING] task_id=cf3824e6-0ab5-451c-a758-4ddc1b537971 func=job_orchestration.executor.query.spider_search_task.search_without_channel fetch_input_start=215475226 fetch_input_end=215475227 fetch_input_duration_ms=0
[2026-01-30 15:17:14.233] [info] [spider.worker] [TIMING] task_id=cf3824e6-0ab5-451c-a758-4ddc1b537971 func=job_orchestration.executor.query.spider_search_task.search_without_channel execution_start=215475227 execution_end=215476441 execution_duration_ms=1213
[2026-01-30 15:17:14.299] [info] [spider.worker] [TIMING] task_id=cf3824e6-0ab5-451c-a758-4ddc1b537971 func=job_orchestration.executor.query.spider_search_task.search_without_channel submit_output_start=215476451 submit_output_end=215476508 submit_output_duration_ms=56
[2026-01-30 15:17:14.360] [info] [spider.worker] [TIMING] task_id=8d07e0a7-ccb4-4ba0-9062-e7983c9560c3 func=job_orchestration.executor.query.spider_search_task.search_without_channel fetch_input_start=215476568 fetch_input_end=215476569 fetch_input_duration_ms=0
[2026-01-30 15:17:15.586] [info] [spider.worker] [TIMING] task_id=8d07e0a7-ccb4-4ba0-9062-e7983c9560c3 func=job_orchestration.executor.query.spider_search_task.search_without_channel execution_start=215476569 execution_end=215477794 execution_duration_ms=1225
[2026-01-30 15:17:15.637] [info] [spider.worker] [TIMING] task_id=8d07e0a7-ccb4-4ba0-9062-e7983c9560c3 func=job_orchestration.executor.query.spider_search_task.search_without_channel submit_output_start=215477796 submit_output_end=215477845 submit_output_duration_ms=48
[2026-01-30 15:17:15.685] [info] [spider.worker] [TIMING] task_id=c0a397d7-9ae4-4098-99c9-7ebbb2d75725 func=job_orchestration.executor.query.spider_search_task.search_without_channel fetch_input_start=215477892 fetch_input_end=215477893 fetch_input_duration_ms=0
[2026-01-30 15:17:17.017] [info] [spider.worker] [TIMING] task_id=c0a397d7-9ae4-4098-99c9-7ebbb2d75725 func=job_orchestration.executor.query.spider_search_task.search_without_channel execution_start=215477894 execution_end=215479225 execution_duration_ms=1331
[2026-01-30 15:17:17.050] [info] [spider.worker] [TIMING] task_id=c0a397d7-9ae4-4098-99c9-7ebbb2d75725 func=job_orchestration.executor.query.spider_search_task.search_without_channel submit_output_start=215479227 submit_output_end=215479258 submit_output_duration_ms=31
[2026-01-30 15:17:17.069] [info] [spider.worker] [TIMING] task_id=a3ad0384-c71d-43a7-8a6b-dffa8fcc8d68 func=job_orchestration.executor.query.spider_search_task.search_without_channel fetch_input_start=215479277 fetch_input_end=215479277 fetch_input_duration_ms=0
[2026-01-30 15:17:18.335] [info] [spider.worker] [TIMING] task_id=a3ad0384-c71d-43a7-8a6b-dffa8fcc8d68 func=job_orchestration.executor.query.spider_search_task.search_without_channel execution_start=215479278 execution_end=215480543 execution_duration_ms=1265
[2026-01-30 15:17:18.342] [info] [spider.worker] [TIMING] task_id=a3ad0384-c71d-43a7-8a6b-dffa8fcc8d68 func=job_orchestration.executor.query.spider_search_task.search_without_channel submit_output_start=215480545 submit_output_end=215480550 submit_output_duration_ms=4
[2026-01-30 15:17:18.352] [info] [spider.worker] [TIMING] task_id=828ca4dd-1c15-48e9-9a52-15b9c24024ec func=job_orchestration.executor.query.spider_search_task.search_without_channel fetch_input_start=215480560 fetch_input_end=215480560 fetch_input_duration_ms=0
[2026-01-30 15:17:19.655] [info] [spider.worker] [TIMING] task_id=828ca4dd-1c15-48e9-9a52-15b9c24024ec func=job_orchestration.executor.query.spider_search_task.search_without_channel execution_start=215480561 execution_end=215481864 execution_duration_ms=1302
[2026-01-30 15:17:19.667] [info] [spider.worker] [TIMING] task_id=828ca4dd-1c15-48e9-9a52-15b9c24024ec func=job_orchestration.executor.query.spider_search_task.search_without_channel submit_output_start=215481865 submit_output_end=215481875 submit_output_duration_ms=10
[2026-01-30 15:17:19.686] [info] [spider.worker] [TIMING] task_id=d264db18-ba12-45f1-b5f7-75b45ab3266c func=job_orchestration.executor.query.spider_search_task.search_without_channel fetch_input_start=215481894 fetch_input_end=215481895 fetch_input_duration_ms=1
[2026-01-30 15:17:20.822] [info] [spider.worker] [TIMING] task_id=d264db18-ba12-45f1-b5f7-75b45ab3266c func=job_orchestration.executor.query.spider_search_task.search_without_channel execution_start=215481896 execution_end=215483031 execution_duration_ms=1135
[2026-01-30 15:17:20.867] [info] [spider.worker] [TIMING] task_id=d264db18-ba12-45f1-b5f7-75b45ab3266c func=job_orchestration.executor.query.spider_search_task.search_without_channel submit_output_start=215483032 submit_output_end=215483075 submit_output_duration_ms=42
[2026-01-30 15:17:20.910] [info] [spider.worker] [TIMING] task_id=e18b1a60-7a94-48e4-83d3-9ce10465e54e func=job_orchestration.executor.query.spider_search_task.search_without_channel fetch_input_start=215483117 fetch_input_end=215483118 fetch_input_duration_ms=0
[2026-01-30 15:17:22.016] [info] [spider.worker] [TIMING] task_id=e18b1a60-7a94-48e4-83d3-9ce10465e54e func=job_orchestration.executor.query.spider_search_task.search_without_channel execution_start=215483119 execution_end=215484224 execution_duration_ms=1105
[2026-01-30 15:17:22.044] [info] [spider.worker] [TIMING] task_id=e18b1a60-7a94-48e4-83d3-9ce10465e54e func=job_orchestration.executor.query.spider_search_task.search_without_channel submit_output_start=215484226 submit_output_end=215484252 submit_output_duration_ms=26
[2026-01-30 15:17:22.062] [info] [spider.worker] [TIMING] task_id=73f71b13-b6f2-43d0-a59a-748388b69990 func=job_orchestration.executor.query.spider_search_task.search_without_channel fetch_input_start=215484269 fetch_input_end=215484270 fetch_input_duration_ms=0
[2026-01-30 15:17:23.243] [info] [spider.worker] [TIMING] task_id=73f71b13-b6f2-43d0-a59a-748388b69990 func=job_orchestration.executor.query.spider_search_task.search_without_channel execution_start=215484271 execution_end=215485451 execution_duration_ms=1180
[2026-01-30 15:17:23.314] [info] [spider.worker] [TIMING] task_id=73f71b13-b6f2-43d0-a59a-748388b69990 func=job_orchestration.executor.query.spider_search_task.search_without_channel submit_output_start=215485453 submit_output_end=215485522 submit_output_duration_ms=69
[2026-01-30 15:17:23.345] [info] [spider.worker] [TIMING] task_id=697d8019-bee9-4250-9f9e-06ec5494c1fd func=job_orchestration.executor.query.spider_search_task.search_without_channel fetch_input_start=215485553 fetch_input_end=215485554 fetch_input_duration_ms=0
[2026-01-30 15:17:24.606] [info] [spider.worker] [TIMING] task_id=697d8019-bee9-4250-9f9e-06ec5494c1fd func=job_orchestration.executor.query.spider_search_task.search_without_channel execution_start=215485555 execution_end=215486814 execution_duration_ms=1259
[2026-01-30 15:17:24.645] [info] [spider.worker] [TIMING] task_id=697d8019-bee9-4250-9f9e-06ec5494c1fd func=job_orchestration.executor.query.spider_search_task.search_without_channel submit_output_start=215486834 submit_output_end=215486853 submit_output_duration_ms=18
[2026-01-30 15:17:24.665] [info] [spider.worker] [TIMING] task_id=12a62af1-d289-496a-92da-b6fd2bdb94ef func=job_orchestration.executor.query.spider_search_task.search_without_channel fetch_input_start=215486872 fetch_input_end=215486873 fetch_input_duration_ms=0
[2026-01-30 15:17:25.807] [info] [spider.worker] [TIMING] task_id=12a62af1-d289-496a-92da-b6fd2bdb94ef func=job_orchestration.executor.query.spider_search_task.search_without_channel execution_start=215486874 execution_end=215488016 execution_duration_ms=1141
[2026-01-30 15:17:25.861] [info] [spider.worker] [TIMING] task_id=12a62af1-d289-496a-92da-b6fd2bdb94ef func=job_orchestration.executor.query.spider_search_task.search_without_channel submit_output_start=215488018 submit_output_end=215488070 submit_output_duration_ms=52
[2026-01-30 15:17:25.897] [info] [spider.worker] [TIMING] task_id=50d35682-48b6-4edb-8954-b8be7c2d4118 func=job_orchestration.executor.query.spider_search_task.search_without_channel fetch_input_start=215488105 fetch_input_end=215488106 fetch_input_duration_ms=0
[2026-01-30 15:17:26.993] [info] [spider.worker] [TIMING] task_id=50d35682-48b6-4edb-8954-b8be7c2d4118 func=job_orchestration.executor.query.spider_search_task.search_without_channel execution_start=215488106 execution_end=215489201 execution_duration_ms=1094
[2026-01-30 15:17:27.003] [info] [spider.worker] [TIMING] task_id=50d35682-48b6-4edb-8954-b8be7c2d4118 func=job_orchestration.executor.query.spider_search_task.search_without_channel submit_output_start=215489203 submit_output_end=215489212 submit_output_duration_ms=8
[2026-01-30 15:17:27.014] [info] [spider.worker] [TIMING] task_id=7b2052b9-3352-4314-bd95-b04c3d7ed6c8 func=job_orchestration.executor.query.spider_search_task.search_without_channel fetch_input_start=215489221 fetch_input_end=215489222 fetch_input_duration_ms=0
[2026-01-30 15:17:28.147] [info] [spider.worker] [TIMING] task_id=7b2052b9-3352-4314-bd95-b04c3d7ed6c8 func=job_orchestration.executor.query.spider_search_task.search_without_channel execution_start=215489223 execution_end=215490355 execution_duration_ms=1132
[2026-01-30 15:17:28.162] [info] [spider.worker] [TIMING] task_id=7b2052b9-3352-4314-bd95-b04c3d7ed6c8 func=job_orchestration.executor.query.spider_search_task.search_without_channel submit_output_start=215490356 submit_output_end=215490370 submit_output_duration_ms=13
[2026-01-30 15:17:28.220] [info] [spider.worker] [TIMING] task_id=3bd71f60-2a1a-450b-8ebb-fcd1d02dd6f3 func=job_orchestration.executor.query.spider_search_task.search_without_channel fetch_input_start=215490428 fetch_input_end=215490429 fetch_input_duration_ms=1
[2026-01-30 15:17:29.430] [info] [spider.worker] [TIMING] task_id=3bd71f60-2a1a-450b-8ebb-fcd1d02dd6f3 func=job_orchestration.executor.query.spider_search_task.search_without_channel execution_start=215490430 execution_end=215491638 execution_duration_ms=1208
[2026-01-30 15:17:29.445] [info] [spider.worker] [TIMING] task_id=3bd71f60-2a1a-450b-8ebb-fcd1d02dd6f3 func=job_orchestration.executor.query.spider_search_task.search_without_channel submit_output_start=215491639 submit_output_end=215491653 submit_output_duration_ms=14
[2026-01-30 15:17:29.481] [info] [spider.worker] [TIMING] task_id=87ae0e0d-66b5-4ed1-afcc-b12bfd38db46 func=job_orchestration.executor.query.spider_search_task.search_without_channel fetch_input_start=215491689 fetch_input_end=215491690 fetch_input_duration_ms=1
[2026-01-30 15:17:30.850] [info] [spider.worker] [TIMING] task_id=87ae0e0d-66b5-4ed1-afcc-b12bfd38db46 func=job_orchestration.executor.query.spider_search_task.search_without_channel execution_start=215491690 execution_end=215493058 execution_duration_ms=1367
[2026-01-30 15:17:30.883] [info] [spider.worker] [TIMING] task_id=87ae0e0d-66b5-4ed1-afcc-b12bfd38db46 func=job_orchestration.executor.query.spider_search_task.search_without_channel submit_output_start=215493060 submit_output_end=215493091 submit_output_duration_ms=31
[2026-01-30 15:17:30.907] [info] [spider.worker] [TIMING] task_id=6e340c54-5a69-419d-b672-f8819845cb91 func=job_orchestration.executor.query.spider_search_task.search_without_channel fetch_input_start=215493114 fetch_input_end=215493115 fetch_input_duration_ms=1
[2026-01-30 15:17:32.163] [info] [spider.worker] [TIMING] task_id=6e340c54-5a69-419d-b672-f8819845cb91 func=job_orchestration.executor.query.spider_search_task.search_without_channel execution_start=215493116 execution_end=215494371 execution_duration_ms=1255
[2026-01-30 15:17:32.187] [info] [spider.worker] [TIMING] task_id=6e340c54-5a69-419d-b672-f8819845cb91 func=job_orchestration.executor.query.spider_search_task.search_without_channel submit_output_start=215494373 submit_output_end=215494395 submit_output_duration_ms=21
[2026-01-30 15:17:32.223] [info] [spider.worker] [TIMING] task_id=7c0c8f46-a4a7-4c5e-a0a8-cc4d5733c59a func=job_orchestration.executor.query.spider_search_task.search_without_channel fetch_input_start=215494431 fetch_input_end=215494432 fetch_input_duration_ms=0
[2026-01-30 15:17:33.416] [info] [spider.worker] [TIMING] task_id=7c0c8f46-a4a7-4c5e-a0a8-cc4d5733c59a func=job_orchestration.executor.query.spider_search_task.search_without_channel execution_start=215494432 execution_end=215495624 execution_duration_ms=1191
[2026-01-30 15:17:33.429] [info] [spider.worker] [TIMING] task_id=7c0c8f46-a4a7-4c5e-a0a8-cc4d5733c59a func=job_orchestration.executor.query.spider_search_task.search_without_channel submit_output_start=215495625 submit_output_end=215495637 submit_output_duration_ms=11
[2026-01-30 15:17:33.490] [info] [spider.worker] [TIMING] task_id=94383c8c-b71b-4fe5-ba5f-42a35d658669 func=job_orchestration.executor.query.spider_search_task.search_without_channel fetch_input_start=215495698 fetch_input_end=215495699 fetch_input_duration_ms=1
[2026-01-30 15:17:34.595] [info] [spider.worker] [TIMING] task_id=94383c8c-b71b-4fe5-ba5f-42a35d658669 func=job_orchestration.executor.query.spider_search_task.search_without_channel execution_start=215495699 execution_end=215496803 execution_duration_ms=1104
[2026-01-30 15:17:34.604] [info] [spider.worker] [TIMING] task_id=94383c8c-b71b-4fe5-ba5f-42a35d658669 func=job_orchestration.executor.query.spider_search_task.search_without_channel submit_output_start=215496805 submit_output_end=215496812 submit_output_duration_ms=7
[2026-01-30 15:17:34.624] [info] [spider.worker] [TIMING] task_id=2771f3e8-e34b-4eb3-aed6-b245b85af0b3 func=job_orchestration.executor.query.spider_search_task.search_without_channel fetch_input_start=215496831 fetch_input_end=215496832 fetch_input_duration_ms=1
[2026-01-30 15:17:35.890] [info] [spider.worker] [TIMING] task_id=2771f3e8-e34b-4eb3-aed6-b245b85af0b3 func=job_orchestration.executor.query.spider_search_task.search_without_channel execution_start=215496833 execution_end=215498098 execution_duration_ms=1264
[2026-01-30 15:17:35.913] [info] [spider.worker] [TIMING] task_id=2771f3e8-e34b-4eb3-aed6-b245b85af0b3 func=job_orchestration.executor.query.spider_search_task.search_without_channel submit_output_start=215498100 submit_output_end=215498121 submit_output_duration_ms=21
[2026-01-30 15:17:35.932] [info] [spider.worker] [TIMING] task_id=eed717da-c806-4563-a40c-142241686751 func=job_orchestration.executor.query.spider_search_task.search_without_channel fetch_input_start=215498139 fetch_input_end=215498140 fetch_input_duration_ms=1
[2026-01-30 15:17:37.108] [info] [spider.worker] [TIMING] task_id=eed717da-c806-4563-a40c-142241686751 func=job_orchestration.executor.query.spider_search_task.search_without_channel execution_start=215498141 execution_end=215499317 execution_duration_ms=1175
[2026-01-30 15:17:37.121] [info] [spider.worker] [TIMING] task_id=eed717da-c806-4563-a40c-142241686751 func=job_orchestration.executor.query.spider_search_task.search_without_channel submit_output_start=215499319 submit_output_end=215499330 submit_output_duration_ms=11
[2026-01-30 15:17:37.140] [info] [spider.worker] [TIMING] task_id=a2aaef54-a720-4dc4-a33d-7581fbd8552e func=job_orchestration.executor.query.spider_search_task.search_without_channel fetch_input_start=215499348 fetch_input_end=215499349 fetch_input_duration_ms=0
[2026-01-30 15:17:38.423] [info] [spider.worker] [TIMING] task_id=a2aaef54-a720-4dc4-a33d-7581fbd8552e func=job_orchestration.executor.query.spider_search_task.search_without_channel execution_start=215499349 execution_end=215500631 execution_duration_ms=1281
[2026-01-30 15:17:38.438] [info] [spider.worker] [TIMING] task_id=a2aaef54-a720-4dc4-a33d-7581fbd8552e func=job_orchestration.executor.query.spider_search_task.search_without_channel submit_output_start=215500633 submit_output_end=215500646 submit_output_duration_ms=13
[2026-01-30 15:17:38.448] [info] [spider.worker] [TIMING] task_id=98396afa-b9a4-4347-add8-410c44a02bc7 func=job_orchestration.executor.query.spider_search_task.search_without_channel fetch_input_start=215500656 fetch_input_end=215500657 fetch_input_duration_ms=0
[2026-01-30 15:17:39.635] [info] [spider.worker] [TIMING] task_id=98396afa-b9a4-4347-add8-410c44a02bc7 func=job_orchestration.executor.query.spider_search_task.search_without_channel execution_start=215500657 execution_end=215501843 execution_duration_ms=1185
[2026-01-30 15:17:39.663] [info] [spider.worker] [TIMING] task_id=98396afa-b9a4-4347-add8-410c44a02bc7 func=job_orchestration.executor.query.spider_search_task.search_without_channel submit_output_start=215501850 submit_output_end=215501872 submit_output_duration_ms=21
[2026-01-30 15:17:39.674] [info] [spider.worker] [TIMING] task_id=4c1989e8-ff25-4470-b973-98d659fec8e5 func=job_orchestration.executor.query.spider_search_task.search_without_channel fetch_input_start=215501882 fetch_input_end=215501883 fetch_input_duration_ms=1
[2026-01-30 15:17:40.919] [info] [spider.worker] [TIMING] task_id=4c1989e8-ff25-4470-b973-98d659fec8e5 func=job_orchestration.executor.query.spider_search_task.search_without_channel execution_start=215501883 execution_end=215503127 execution_duration_ms=1243
[2026-01-30 15:17:40.938] [info] [spider.worker] [TIMING] task_id=4c1989e8-ff25-4470-b973-98d659fec8e5 func=job_orchestration.executor.query.spider_search_task.search_without_channel submit_output_start=215503129 submit_output_end=215503147 submit_output_duration_ms=18
[2026-01-30 15:17:40.974] [info] [spider.worker] [TIMING] task_id=f7d1ed56-81de-40e7-bed4-fb83b4a1d8bd func=job_orchestration.executor.query.spider_search_task.search_without_channel fetch_input_start=215503181 fetch_input_end=215503182 fetch_input_duration_ms=1
[2026-01-30 15:17:42.228] [info] [spider.worker] [TIMING] task_id=f7d1ed56-81de-40e7-bed4-fb83b4a1d8bd func=job_orchestration.executor.query.spider_search_task.search_without_channel execution_start=215503183 execution_end=215504436 execution_duration_ms=1253
[2026-01-30 15:17:42.247] [info] [spider.worker] [TIMING] task_id=f7d1ed56-81de-40e7-bed4-fb83b4a1d8bd func=job_orchestration.executor.query.spider_search_task.search_without_channel submit_output_start=215504438 submit_output_end=215504455 submit_output_duration_ms=16
[2026-01-30 15:17:42.258] [info] [spider.worker] [TIMING] task_id=3f721d2a-51b2-47f8-8f22-ce89e21bc8f0 func=job_orchestration.executor.query.spider_search_task.search_without_channel fetch_input_start=215504465 fetch_input_end=215504466 fetch_input_duration_ms=1
[2026-01-30 15:17:43.413] [info] [spider.worker] [TIMING] task_id=3f721d2a-51b2-47f8-8f22-ce89e21bc8f0 func=job_orchestration.executor.query.spider_search_task.search_without_channel execution_start=215504467 execution_end=215505621 execution_duration_ms=1154
[2026-01-30 15:17:43.430] [info] [spider.worker] [TIMING] task_id=3f721d2a-51b2-47f8-8f22-ce89e21bc8f0 func=job_orchestration.executor.query.spider_search_task.search_without_channel submit_output_start=215505623 submit_output_end=215505639 submit_output_duration_ms=15
[2026-01-30 15:17:43.441] [info] [spider.worker] [TIMING] task_id=1e452661-5b7f-4686-8e85-9647b4f0d633 func=job_orchestration.executor.query.spider_search_task.search_without_channel fetch_input_start=215505649 fetch_input_end=215505650 fetch_input_duration_ms=1
[2026-01-30 15:17:44.666] [info] [spider.worker] [TIMING] task_id=1e452661-5b7f-4686-8e85-9647b4f0d633 func=job_orchestration.executor.query.spider_search_task.search_without_channel execution_start=215505651 execution_end=215506875 execution_duration_ms=1224
[2026-01-30 15:17:44.681] [info] [spider.worker] [TIMING] task_id=1e452661-5b7f-4686-8e85-9647b4f0d633 func=job_orchestration.executor.query.spider_search_task.search_without_channel submit_output_start=215506877 submit_output_end=215506889 submit_output_duration_ms=12
[2026-01-30 15:17:44.699] [info] [spider.worker] [TIMING] task_id=4ff9b31a-812b-4e3e-aff3-473bce78af25 func=job_orchestration.executor.query.spider_search_task.search_without_channel fetch_input_start=215506907 fetch_input_end=215506907 fetch_input_duration_ms=0
[2026-01-30 15:17:45.916] [info] [spider.worker] [TIMING] task_id=4ff9b31a-812b-4e3e-aff3-473bce78af25 func=job_orchestration.executor.query.spider_search_task.search_without_channel execution_start=215506908 execution_end=215508125 execution_duration_ms=1216
[2026-01-30 15:17:45.939] [info] [spider.worker] [TIMING] task_id=4ff9b31a-812b-4e3e-aff3-473bce78af25 func=job_orchestration.executor.query.spider_search_task.search_without_channel submit_output_start=215508127 submit_output_end=215508147 submit_output_duration_ms=20
[2026-01-30 15:17:45.958] [info] [spider.worker] [TIMING] task_id=f4ce1e16-cfa0-4330-8ebd-64464085532a func=job_orchestration.executor.query.spider_search_task.search_without_channel fetch_input_start=215508166 fetch_input_end=215508167 fetch_input_duration_ms=1
[2026-01-30 15:17:47.150] [info] [spider.worker] [TIMING] task_id=f4ce1e16-cfa0-4330-8ebd-64464085532a func=job_orchestration.executor.query.spider_search_task.search_without_channel execution_start=215508168 execution_end=215509358 execution_duration_ms=1190
[2026-01-30 15:17:47.203] [info] [spider.worker] [TIMING] task_id=f4ce1e16-cfa0-4330-8ebd-64464085532a func=job_orchestration.executor.query.spider_search_task.search_without_channel submit_output_start=215509370 submit_output_end=215509411 submit_output_duration_ms=41
[2026-01-30 15:17:47.264] [info] [spider.worker] [TIMING] task_id=a707f6be-ba4f-48b6-ba51-28dbe1264cf4 func=job_orchestration.executor.query.spider_search_task.search_without_channel fetch_input_start=215509471 fetch_input_end=215509472 fetch_input_duration_ms=0
[2026-01-30 15:17:48.555] [info] [spider.worker] [TIMING] task_id=a707f6be-ba4f-48b6-ba51-28dbe1264cf4 func=job_orchestration.executor.query.spider_search_task.search_without_channel execution_start=215509473 execution_end=215510763 execution_duration_ms=1290
[2026-01-30 15:17:48.590] [info] [spider.worker] [TIMING] task_id=a707f6be-ba4f-48b6-ba51-28dbe1264cf4 func=job_orchestration.executor.query.spider_search_task.search_without_channel submit_output_start=215510765 submit_output_end=215510798 submit_output_duration_ms=33
[2026-01-30 15:17:48.608] [info] [spider.worker] [TIMING] task_id=98e37cb9-0a61-46a9-a694-669154224a6a func=job_orchestration.executor.query.spider_search_task.search_without_channel fetch_input_start=215510816 fetch_input_end=215510817 fetch_input_duration_ms=0
[2026-01-30 15:17:49.876] [info] [spider.worker] [TIMING] task_id=98e37cb9-0a61-46a9-a694-669154224a6a func=job_orchestration.executor.query.spider_search_task.search_without_channel execution_start=215510817 execution_end=215512084 execution_duration_ms=1266
[2026-01-30 15:17:49.911] [info] [spider.worker] [TIMING] task_id=98e37cb9-0a61-46a9-a694-669154224a6a func=job_orchestration.executor.query.spider_search_task.search_without_channel submit_output_start=215512086 submit_output_end=215512119 submit_output_duration_ms=33
[2026-01-30 15:17:49.934] [info] [spider.worker] [TIMING] task_id=56486955-b190-4df0-9ab4-e93642778922 func=job_orchestration.executor.query.spider_search_task.search_without_channel fetch_input_start=215512141 fetch_input_end=215512142 fetch_input_duration_ms=0
[2026-01-30 15:17:51.236] [info] [spider.worker] [TIMING] task_id=56486955-b190-4df0-9ab4-e93642778922 func=job_orchestration.executor.query.spider_search_task.search_without_channel execution_start=215512143 execution_end=215513444 execution_duration_ms=1301
[2026-01-30 15:17:51.248] [info] [spider.worker] [TIMING] task_id=56486955-b190-4df0-9ab4-e93642778922 func=job_orchestration.executor.query.spider_search_task.search_without_channel submit_output_start=215513445 submit_output_end=215513457 submit_output_duration_ms=11
[2026-01-30 15:17:51.268] [info] [spider.worker] [TIMING] task_id=b02b7d9b-25e3-42ee-95ca-95f3c6307973 func=job_orchestration.executor.query.spider_search_task.search_without_channel fetch_input_start=215513475 fetch_input_end=215513476 fetch_input_duration_ms=0
[2026-01-30 15:17:52.442] [info] [spider.worker] [TIMING] task_id=b02b7d9b-25e3-42ee-95ca-95f3c6307973 func=job_orchestration.executor.query.spider_search_task.search_without_channel execution_start=215513477 execution_end=215514650 execution_duration_ms=1173
[2026-01-30 15:17:52.457] [info] [spider.worker] [TIMING] task_id=b02b7d9b-25e3-42ee-95ca-95f3c6307973 func=job_orchestration.executor.query.spider_search_task.search_without_channel submit_output_start=215514652 submit_output_end=215514665 submit_output_duration_ms=13
[2026-01-30 15:17:52.494] [info] [spider.worker] [TIMING] task_id=855b3691-3a0e-4e4e-a662-0dc4c030e63c func=job_orchestration.executor.query.spider_search_task.search_without_channel fetch_input_start=215514701 fetch_input_end=215514702 fetch_input_duration_ms=0
[2026-01-30 15:17:53.728] [info] [spider.worker] [TIMING] task_id=855b3691-3a0e-4e4e-a662-0dc4c030e63c func=job_orchestration.executor.query.spider_search_task.search_without_channel execution_start=215514703 execution_end=215515936 execution_duration_ms=1233
[2026-01-30 15:17:53.757] [info] [spider.worker] [TIMING] task_id=855b3691-3a0e-4e4e-a662-0dc4c030e63c func=job_orchestration.executor.query.spider_search_task.search_without_channel submit_output_start=215515944 submit_output_end=215515965 submit_output_duration_ms=21
[2026-01-30 15:17:53.804] [info] [spider.worker] [TIMING] task_id=6dda7bbf-c3f1-4e87-b9bf-363b322602de func=job_orchestration.executor.query.spider_search_task.search_without_channel fetch_input_start=215516012 fetch_input_end=215516013 fetch_input_duration_ms=0
[2026-01-30 15:17:55.040] [info] [spider.worker] [TIMING] task_id=6dda7bbf-c3f1-4e87-b9bf-363b322602de func=job_orchestration.executor.query.spider_search_task.search_without_channel execution_start=215516013 execution_end=215517249 execution_duration_ms=1235
[2026-01-30 15:17:55.057] [info] [spider.worker] [TIMING] task_id=6dda7bbf-c3f1-4e87-b9bf-363b322602de func=job_orchestration.executor.query.spider_search_task.search_without_channel submit_output_start=215517250 submit_output_end=215517266 submit_output_duration_ms=15
[2026-01-30 15:17:55.100] [info] [spider.worker] [TIMING] task_id=0d8adc72-c140-4030-913e-67fa1db5cc99 func=job_orchestration.executor.query.spider_search_task.search_without_channel fetch_input_start=215517307 fetch_input_end=215517308 fetch_input_duration_ms=1
[2026-01-30 15:17:56.353] [info] [spider.worker] [TIMING] task_id=0d8adc72-c140-4030-913e-67fa1db5cc99 func=job_orchestration.executor.query.spider_search_task.search_without_channel execution_start=215517309 execution_end=215518561 execution_duration_ms=1252
[2026-01-30 15:17:56.416] [info] [spider.worker] [TIMING] task_id=0d8adc72-c140-4030-913e-67fa1db5cc99 func=job_orchestration.executor.query.spider_search_task.search_without_channel submit_output_start=215518563 submit_output_end=215518625 submit_output_duration_ms=61
[2026-01-30 15:17:56.452] [info] [spider.worker] [TIMING] task_id=940a6b31-5d31-420c-8ac7-db72cfdf4d86 func=job_orchestration.executor.query.spider_search_task.search_without_channel fetch_input_start=215518660 fetch_input_end=215518661 fetch_input_duration_ms=0
[2026-01-30 15:17:57.668] [info] [spider.worker] [TIMING] task_id=940a6b31-5d31-420c-8ac7-db72cfdf4d86 func=job_orchestration.executor.query.spider_search_task.search_without_channel execution_start=215518661 execution_end=215519877 execution_duration_ms=1215
[2026-01-30 15:17:57.736] [info] [spider.worker] [TIMING] task_id=940a6b31-5d31-420c-8ac7-db72cfdf4d86 func=job_orchestration.executor.query.spider_search_task.search_without_channel submit_output_start=215519903 submit_output_end=215519944 submit_output_duration_ms=41
[2026-01-30 15:17:57.780] [info] [spider.worker] [TIMING] task_id=6910dc0e-5b8d-4e72-a71b-dbcdef2f7747 func=job_orchestration.executor.query.spider_search_task.search_without_channel fetch_input_start=215519988 fetch_input_end=215519989 fetch_input_duration_ms=0
[2026-01-30 15:17:59.125] [info] [spider.worker] [TIMING] task_id=6910dc0e-5b8d-4e72-a71b-dbcdef2f7747 func=job_orchestration.executor.query.spider_search_task.search_without_channel execution_start=215519989 execution_end=215521333 execution_duration_ms=1343
[2026-01-30 15:17:59.157] [info] [spider.worker] [TIMING] task_id=6910dc0e-5b8d-4e72-a71b-dbcdef2f7747 func=job_orchestration.executor.query.spider_search_task.search_without_channel submit_output_start=215521334 submit_output_end=215521365 submit_output_duration_ms=30
[2026-01-30 15:17:59.177] [info] [spider.worker] [TIMING] task_id=2b018c6f-b4d5-4b31-a286-8ca134d79440 func=job_orchestration.executor.query.spider_search_task.search_without_channel fetch_input_start=215521384 fetch_input_end=215521385 fetch_input_duration_ms=0
[2026-01-30 15:18:00.366] [info] [spider.worker] [TIMING] task_id=2b018c6f-b4d5-4b31-a286-8ca134d79440 func=job_orchestration.executor.query.spider_search_task.search_without_channel execution_start=215521386 execution_end=215522574 execution_duration_ms=1188
[2026-01-30 15:18:00.400] [info] [spider.worker] [TIMING] task_id=2b018c6f-b4d5-4b31-a286-8ca134d79440 func=job_orchestration.executor.query.spider_search_task.search_without_channel submit_output_start=215522585 submit_output_end=215522608 submit_output_duration_ms=23
[2026-01-30 15:18:00.420] [info] [spider.worker] [TIMING] task_id=7fc72a4c-269b-4e47-8ee0-b413f33e78d3 func=job_orchestration.executor.query.spider_search_task.search_without_channel fetch_input_start=215522627 fetch_input_end=215522628 fetch_input_duration_ms=1
[2026-01-30 15:18:01.652] [info] [spider.worker] [TIMING] task_id=7fc72a4c-269b-4e47-8ee0-b413f33e78d3 func=job_orchestration.executor.query.spider_search_task.search_without_channel execution_start=215522629 execution_end=215523860 execution_duration_ms=1231
[2026-01-30 15:18:01.683] [info] [spider.worker] [TIMING] task_id=7fc72a4c-269b-4e47-8ee0-b413f33e78d3 func=job_orchestration.executor.query.spider_search_task.search_without_channel submit_output_start=215523872 submit_output_end=215523892 submit_output_duration_ms=19
[2026-01-30 15:18:01.694] [info] [spider.worker] [TIMING] task_id=a592b526-c14e-4ea4-b526-d398bfdebe69 func=job_orchestration.executor.query.spider_search_task.search_without_channel fetch_input_start=215523902 fetch_input_end=215523903 fetch_input_duration_ms=0
[2026-01-30 15:18:02.846] [info] [spider.worker] [TIMING] task_id=a592b526-c14e-4ea4-b526-d398bfdebe69 func=job_orchestration.executor.query.spider_search_task.search_without_channel execution_start=215523904 execution_end=215525054 execution_duration_ms=1150
[2026-01-30 15:18:02.934] [info] [spider.worker] [TIMING] task_id=a592b526-c14e-4ea4-b526-d398bfdebe69 func=job_orchestration.executor.query.spider_search_task.search_without_channel submit_output_start=215525056 submit_output_end=215525142 submit_output_duration_ms=86
[2026-01-30 15:18:02.969] [info] [spider.worker] [TIMING] task_id=c5ba0b04-a78a-44cd-bc4a-5595912324c0 func=job_orchestration.executor.query.spider_search_task.search_without_channel fetch_input_start=215525177 fetch_input_end=215525178 fetch_input_duration_ms=0
[2026-01-30 15:18:04.139] [info] [spider.worker] [TIMING] task_id=c5ba0b04-a78a-44cd-bc4a-5595912324c0 func=job_orchestration.executor.query.spider_search_task.search_without_channel execution_start=215525178 execution_end=215526347 execution_duration_ms=1168
[2026-01-30 15:18:04.170] [info] [spider.worker] [TIMING] task_id=c5ba0b04-a78a-44cd-bc4a-5595912324c0 func=job_orchestration.executor.query.spider_search_task.search_without_channel submit_output_start=215526349 submit_output_end=215526379 submit_output_duration_ms=29
[2026-01-30 15:18:04.195] [info] [spider.worker] [TIMING] task_id=d3edd8d1-54f5-4e9b-985a-773d4e99ecc3 func=job_orchestration.executor.query.spider_search_task.search_without_channel fetch_input_start=215526403 fetch_input_end=215526404 fetch_input_duration_ms=1
[2026-01-30 15:18:05.665] [info] [spider.worker] [TIMING] task_id=d3edd8d1-54f5-4e9b-985a-773d4e99ecc3 func=job_orchestration.executor.query.spider_search_task.search_without_channel execution_start=215526404 execution_end=215527874 execution_duration_ms=1469
[2026-01-30 15:18:05.699] [info] [spider.worker] [TIMING] task_id=d3edd8d1-54f5-4e9b-985a-773d4e99ecc3 func=job_orchestration.executor.query.spider_search_task.search_without_channel submit_output_start=215527875 submit_output_end=215527908 submit_output_duration_ms=32
[2026-01-30 15:18:05.720] [info] [spider.worker] [TIMING] task_id=0144f38d-f4b4-4b21-9f55-926d6e70c6f0 func=job_orchestration.executor.query.spider_search_task.search_without_channel fetch_input_start=215527928 fetch_input_end=215527929 fetch_input_duration_ms=1
[2026-01-30 15:18:06.840] [info] [spider.worker] [TIMING] task_id=0144f38d-f4b4-4b21-9f55-926d6e70c6f0 func=job_orchestration.executor.query.spider_search_task.search_without_channel execution_start=215527930 execution_end=215529049 execution_duration_ms=1119
[2026-01-30 15:18:06.919] [info] [spider.worker] [TIMING] task_id=0144f38d-f4b4-4b21-9f55-926d6e70c6f0 func=job_orchestration.executor.query.spider_search_task.search_without_channel submit_output_start=215529053 submit_output_end=215529127 submit_output_duration_ms=74
[2026-01-30 15:18:06.972] [info] [spider.worker] [TIMING] task_id=f515928c-629c-4d03-bae0-61015c0abaad func=job_orchestration.executor.query.spider_search_task.search_without_channel fetch_input_start=215529179 fetch_input_end=215529180 fetch_input_duration_ms=0
[2026-01-30 15:18:08.273] [info] [spider.worker] [TIMING] task_id=f515928c-629c-4d03-bae0-61015c0abaad func=job_orchestration.executor.query.spider_search_task.search_without_channel execution_start=215529181 execution_end=215530482 execution_duration_ms=1300
[2026-01-30 15:18:08.302] [info] [spider.worker] [TIMING] task_id=f515928c-629c-4d03-bae0-61015c0abaad func=job_orchestration.executor.query.spider_search_task.search_without_channel submit_output_start=215530483 submit_output_end=215530510 submit_output_duration_ms=27
[2026-01-30 15:18:08.367] [info] [spider.worker] [TIMING] task_id=541afc09-d474-44e9-ba75-d81cf866aae4 func=job_orchestration.executor.query.spider_search_task.search_without_channel fetch_input_start=215530574 fetch_input_end=215530575 fetch_input_duration_ms=0
[2026-01-30 15:18:09.709] [info] [spider.worker] [TIMING] task_id=541afc09-d474-44e9-ba75-d81cf866aae4 func=job_orchestration.executor.query.spider_search_task.search_without_channel execution_start=215530576 execution_end=215531917 execution_duration_ms=1341
[2026-01-30 15:18:09.735] [info] [spider.worker] [TIMING] task_id=541afc09-d474-44e9-ba75-d81cf866aae4 func=job_orchestration.executor.query.spider_search_task.search_without_channel submit_output_start=215531919 submit_output_end=215531943 submit_output_duration_ms=23
[2026-01-30 15:18:09.754] [info] [spider.worker] [TIMING] task_id=fcc0d9c0-5909-4e26-bef8-8cf14595e909 func=job_orchestration.executor.query.spider_search_task.search_without_channel fetch_input_start=215531962 fetch_input_end=215531963 fetch_input_duration_ms=0
[2026-01-30 15:18:10.947] [info] [spider.worker] [TIMING] task_id=fcc0d9c0-5909-4e26-bef8-8cf14595e909 func=job_orchestration.executor.query.spider_search_task.search_without_channel execution_start=215531963 execution_end=215533156 execution_duration_ms=1192
[2026-01-30 15:18:10.988] [info] [spider.worker] [TIMING] task_id=fcc0d9c0-5909-4e26-bef8-8cf14595e909 func=job_orchestration.executor.query.spider_search_task.search_without_channel submit_output_start=215533157 submit_output_end=215533197 submit_output_duration_ms=39
[2026-01-30 15:18:11.055] [info] [spider.worker] [TIMING] task_id=3198e8e3-9361-4392-9e9e-213b5ad90297 func=job_orchestration.executor.query.spider_search_task.search_without_channel fetch_input_start=215533262 fetch_input_end=215533263 fetch_input_duration_ms=0
[2026-01-30 15:18:12.152] [info] [spider.worker] [TIMING] task_id=3198e8e3-9361-4392-9e9e-213b5ad90297 func=job_orchestration.executor.query.spider_search_task.search_without_channel execution_start=215533264 execution_end=215534360 execution_duration_ms=1096
[2026-01-30 15:18:12.177] [info] [spider.worker] [TIMING] task_id=3198e8e3-9361-4392-9e9e-213b5ad90297 func=job_orchestration.executor.query.spider_search_task.search_without_channel submit_output_start=215534367 submit_output_end=215534386 submit_output_duration_ms=19
[2026-01-30 15:18:12.197] [info] [spider.worker] [TIMING] task_id=dea7d083-01f0-4e1c-b6bb-7fc68504920e func=job_orchestration.executor.query.spider_search_task.search_without_channel fetch_input_start=215534404 fetch_input_end=215534405 fetch_input_duration_ms=0
[2026-01-30 15:18:13.559] [info] [spider.worker] [TIMING] task_id=dea7d083-01f0-4e1c-b6bb-7fc68504920e func=job_orchestration.executor.query.spider_search_task.search_without_channel execution_start=215534406 execution_end=215535767 execution_duration_ms=1361
[2026-01-30 15:18:13.596] [info] [spider.worker] [TIMING] task_id=dea7d083-01f0-4e1c-b6bb-7fc68504920e func=job_orchestration.executor.query.spider_search_task.search_without_channel submit_output_start=215535769 submit_output_end=215535804 submit_output_duration_ms=35
[2026-01-30 15:18:13.622] [info] [spider.worker] [TIMING] task_id=46fc50db-1666-455a-847b-1e82d37cb6d5 func=job_orchestration.executor.query.spider_search_task.search_without_channel fetch_input_start=215535830 fetch_input_end=215535831 fetch_input_duration_ms=0
[2026-01-30 15:18:14.883] [info] [spider.worker] [TIMING] task_id=46fc50db-1666-455a-847b-1e82d37cb6d5 func=job_orchestration.executor.query.spider_search_task.search_without_channel execution_start=215535832 execution_end=215537091 execution_duration_ms=1259
[2026-01-30 15:18:14.895] [info] [spider.worker] [TIMING] task_id=46fc50db-1666-455a-847b-1e82d37cb6d5 func=job_orchestration.executor.query.spider_search_task.search_without_channel submit_output_start=215537093 submit_output_end=215537103 submit_output_duration_ms=10
[2026-01-30 15:18:14.906] [info] [spider.worker] [TIMING] task_id=65450115-2d71-43cb-87f0-83263b7929fa func=job_orchestration.executor.query.spider_search_task.search_without_channel fetch_input_start=215537113 fetch_input_end=215537114 fetch_input_duration_ms=0
[2026-01-30 15:18:16.322] [info] [spider.worker] [TIMING] task_id=65450115-2d71-43cb-87f0-83263b7929fa func=job_orchestration.executor.query.spider_search_task.search_without_channel execution_start=215537115 execution_end=215538531 execution_duration_ms=1415
[2026-01-30 15:18:16.337] [info] [spider.worker] [TIMING] task_id=65450115-2d71-43cb-87f0-83263b7929fa func=job_orchestration.executor.query.spider_search_task.search_without_channel submit_output_start=215538532 submit_output_end=215538545 submit_output_duration_ms=12
[2026-01-30 15:18:16.372] [info] [spider.worker] [TIMING] task_id=040a7282-4358-4f95-981c-895ba27b31c9 func=job_orchestration.executor.query.spider_search_task.search_without_channel fetch_input_start=215538580 fetch_input_end=215538581 fetch_input_duration_ms=0
[2026-01-30 15:18:17.664] [info] [spider.worker] [TIMING] task_id=040a7282-4358-4f95-981c-895ba27b31c9 func=job_orchestration.executor.query.spider_search_task.search_without_channel execution_start=215538582 execution_end=215539873 execution_duration_ms=1291
[2026-01-30 15:18:17.678] [info] [spider.worker] [TIMING] task_id=040a7282-4358-4f95-981c-895ba27b31c9 func=job_orchestration.executor.query.spider_search_task.search_without_channel submit_output_start=215539874 submit_output_end=215539887 submit_output_duration_ms=12
[2026-01-30 15:18:17.709] [info] [spider.worker] [TIMING] task_id=0e4b9196-3cb8-4653-abc9-2c03eb13f096 func=job_orchestration.executor.query.spider_search_task.search_without_channel fetch_input_start=215539917 fetch_input_end=215539918 fetch_input_duration_ms=1
[2026-01-30 15:18:18.994] [info] [spider.worker] [TIMING] task_id=0e4b9196-3cb8-4653-abc9-2c03eb13f096 func=job_orchestration.executor.query.spider_search_task.search_without_channel execution_start=215539919 execution_end=215541202 execution_duration_ms=1283
[2026-01-30 15:18:19.003] [info] [spider.worker] [TIMING] task_id=0e4b9196-3cb8-4653-abc9-2c03eb13f096 func=job_orchestration.executor.query.spider_search_task.search_without_channel submit_output_start=215541204 submit_output_end=215541212 submit_output_duration_ms=8
[2026-01-30 15:18:19.045] [info] [spider.worker] [TIMI