[2026-01-30 18:52:01.611] [warning] [spider.worker] Prefer using `SPIDER_STORAGE_URL` environment variable over `--storage_url` argument.
[2026-01-30 18:52:17.745] [info] [spider.worker] [TIMING] task_id=b8d26105-39cb-4c7d-8ec2-6fe0cb1a6f92 func=job_orchestration.executor.query.spider_search_task.search_without_channel fetch_input_start=228379951 fetch_input_end=228379953 fetch_input_duration_ms=1
[2026-01-30 18:52:19.001] [info] [spider.worker] [TIMING] task_id=b8d26105-39cb-4c7d-8ec2-6fe0cb1a6f92 func=job_orchestration.executor.query.spider_search_task.search_without_channel execution_start=228379954 execution_end=228381210 execution_duration_ms=1255
[2026-01-30 18:52:19.109] [info] [spider.worker] [TIMING] task_id=b8d26105-39cb-4c7d-8ec2-6fe0cb1a6f92 func=job_orchestration.executor.query.spider_search_task.search_without_channel submit_output_start=228381217 submit_output_end=228381317 submit_output_duration_ms=99
[2026-01-30 18:52:19.178] [info] [spider.worker] [TIMING] task_id=72a63235-115a-4f7c-a6d0-722776e77923 func=job_orchestration.executor.query.spider_search_task.search_without_channel fetch_input_start=228381386 fetch_input_end=228381387 fetch_input_duration_ms=1
[2026-01-30 18:52:20.444] [info] [spider.worker] [TIMING] task_id=72a63235-115a-4f7c-a6d0-722776e77923 func=job_orchestration.executor.query.spider_search_task.search_without_channel execution_start=228381387 execution_end=228382653 execution_duration_ms=1265
[2026-01-30 18:52:20.510] [info] [spider.worker] [TIMING] task_id=72a63235-115a-4f7c-a6d0-722776e77923 func=job_orchestration.executor.query.spider_search_task.search_without_channel submit_output_start=228382655 submit_output_end=228382718 submit_output_duration_ms=63
[2026-01-30 18:52:20.528] [info] [spider.worker] [TIMING] task_id=15406759-a04f-4f5c-93af-327021b8d0b4 func=job_orchestration.executor.query.spider_search_task.search_without_channel fetch_input_start=228382735 fetch_input_end=228382736 fetch_input_duration_ms=1
[2026-01-30 18:52:21.756] [info] [spider.worker] [TIMING] task_id=15406759-a04f-4f5c-93af-327021b8d0b4 func=job_orchestration.executor.query.spider_search_task.search_without_channel execution_start=228382737 execution_end=228383965 execution_duration_ms=1227
[2026-01-30 18:52:21.795] [info] [spider.worker] [TIMING] task_id=15406759-a04f-4f5c-93af-327021b8d0b4 func=job_orchestration.executor.query.spider_search_task.search_without_channel submit_output_start=228383966 submit_output_end=228384004 submit_output_duration_ms=37
[2026-01-30 18:52:21.846] [info] [spider.worker] [TIMING] task_id=c9ab4f06-e6c6-4757-9dac-e858a6c4816e func=job_orchestration.executor.query.spider_search_task.search_without_channel fetch_input_start=228384053 fetch_input_end=228384054 fetch_input_duration_ms=0
[2026-01-30 18:52:22.993] [info] [spider.worker] [TIMING] task_id=c9ab4f06-e6c6-4757-9dac-e858a6c4816e func=job_orchestration.executor.query.spider_search_task.search_without_channel execution_start=228384055 execution_end=228385201 execution_duration_ms=1146
[2026-01-30 18:52:23.047] [info] [spider.worker] [TIMING] task_id=c9ab4f06-e6c6-4757-9dac-e858a6c4816e func=job_orchestration.executor.query.spider_search_task.search_without_channel submit_output_start=228385214 submit_output_end=228385255 submit_output_duration_ms=41
[2026-01-30 18:52:23.091] [info] [spider.worker] [TIMING] task_id=917e30cc-62c2-4547-bfe2-13843a6f658e func=job_orchestration.executor.query.spider_search_task.search_without_channel fetch_input_start=228385298 fetch_input_end=228385299 fetch_input_duration_ms=0
[2026-01-30 18:52:24.518] [info] [spider.worker] [TIMING] task_id=917e30cc-62c2-4547-bfe2-13843a6f658e func=job_orchestration.executor.query.spider_search_task.search_without_channel execution_start=228385300 execution_end=228386726 execution_duration_ms=1425
[2026-01-30 18:52:24.552] [info] [spider.worker] [TIMING] task_id=917e30cc-62c2-4547-bfe2-13843a6f658e func=job_orchestration.executor.query.spider_search_task.search_without_channel submit_output_start=228386728 submit_output_end=228386760 submit_output_duration_ms=32
[2026-01-30 18:52:24.605] [info] [spider.worker] [TIMING] task_id=4f13dd2d-f50a-4c96-baa4-a64393fa34cc func=job_orchestration.executor.query.spider_search_task.search_without_channel fetch_input_start=228386812 fetch_input_end=228386813 fetch_input_duration_ms=0
[2026-01-30 18:52:25.857] [info] [spider.worker] [TIMING] task_id=4f13dd2d-f50a-4c96-baa4-a64393fa34cc func=job_orchestration.executor.query.spider_search_task.search_without_channel execution_start=228386814 execution_end=228388065 execution_duration_ms=1251
[2026-01-30 18:52:25.903] [info] [spider.worker] [TIMING] task_id=4f13dd2d-f50a-4c96-baa4-a64393fa34cc func=job_orchestration.executor.query.spider_search_task.search_without_channel submit_output_start=228388067 submit_output_end=228388111 submit_output_duration_ms=44
[2026-01-30 18:52:25.955] [info] [spider.worker] [TIMING] task_id=cddfcfdd-303b-48a5-b4aa-efd310893251 func=job_orchestration.executor.query.spider_search_task.search_without_channel fetch_input_start=228388162 fetch_input_end=228388163 fetch_input_duration_ms=1
[2026-01-30 18:52:27.092] [info] [spider.worker] [TIMING] task_id=cddfcfdd-303b-48a5-b4aa-efd310893251 func=job_orchestration.executor.query.spider_search_task.search_without_channel execution_start=228388164 execution_end=228389300 execution_duration_ms=1136
[2026-01-30 18:52:27.130] [info] [spider.worker] [TIMING] task_id=cddfcfdd-303b-48a5-b4aa-efd310893251 func=job_orchestration.executor.query.spider_search_task.search_without_channel submit_output_start=228389301 submit_output_end=228389338 submit_output_duration_ms=36
[2026-01-30 18:52:27.182] [info] [spider.worker] [TIMING] task_id=8b9d8f91-8bf4-4ff3-8c7c-78067779e883 func=job_orchestration.executor.query.spider_search_task.search_without_channel fetch_input_start=228389389 fetch_input_end=228389390 fetch_input_duration_ms=0
[2026-01-30 18:52:28.353] [info] [spider.worker] [TIMING] task_id=8b9d8f91-8bf4-4ff3-8c7c-78067779e883 func=job_orchestration.executor.query.spider_search_task.search_without_channel execution_start=228389391 execution_end=228390562 execution_duration_ms=1170
[2026-01-30 18:52:28.407] [info] [spider.worker] [TIMING] task_id=8b9d8f91-8bf4-4ff3-8c7c-78067779e883 func=job_orchestration.executor.query.spider_search_task.search_without_channel submit_output_start=228390563 submit_output_end=228390616 submit_output_duration_ms=52
[2026-01-30 18:52:28.431] [info] [spider.worker] [TIMING] task_id=b9e0b3fc-1e83-45b0-9ba8-712d4738ba50 func=job_orchestration.executor.query.spider_search_task.search_without_channel fetch_input_start=228390638 fetch_input_end=228390639 fetch_input_duration_ms=1
[2026-01-30 18:52:29.614] [info] [spider.worker] [TIMING] task_id=b9e0b3fc-1e83-45b0-9ba8-712d4738ba50 func=job_orchestration.executor.query.spider_search_task.search_without_channel execution_start=228390640 execution_end=228391823 execution_duration_ms=1182
[2026-01-30 18:52:29.628] [info] [spider.worker] [TIMING] task_id=b9e0b3fc-1e83-45b0-9ba8-712d4738ba50 func=job_orchestration.executor.query.spider_search_task.search_without_channel submit_output_start=228391825 submit_output_end=228391836 submit_output_duration_ms=11
[2026-01-30 18:52:29.648] [info] [spider.worker] [TIMING] task_id=5096fa78-218c-48e1-8bd5-94b64210e64e func=job_orchestration.executor.query.spider_search_task.search_without_channel fetch_input_start=228391855 fetch_input_end=228391856 fetch_input_duration_ms=0
[2026-01-30 18:52:30.855] [info] [spider.worker] [TIMING] task_id=5096fa78-218c-48e1-8bd5-94b64210e64e func=job_orchestration.executor.query.spider_search_task.search_without_channel execution_start=228391857 execution_end=228393063 execution_duration_ms=1206
[2026-01-30 18:52:30.929] [info] [spider.worker] [TIMING] task_id=5096fa78-218c-48e1-8bd5-94b64210e64e func=job_orchestration.executor.query.spider_search_task.search_without_channel submit_output_start=228393064 submit_output_end=228393137 submit_output_duration_ms=72
[2026-01-30 18:52:30.973] [info] [spider.worker] [TIMING] task_id=6880163f-a3e6-4c67-b4c2-5298850efff2 func=job_orchestration.executor.query.spider_search_task.search_without_channel fetch_input_start=228393180 fetch_input_end=228393181 fetch_input_duration_ms=1
[2026-01-30 18:52:32.180] [info] [spider.worker] [TIMING] task_id=6880163f-a3e6-4c67-b4c2-5298850efff2 func=job_orchestration.executor.query.spider_search_task.search_without_channel execution_start=228393182 execution_end=228394388 execution_duration_ms=1206
[2026-01-30 18:52:32.207] [info] [spider.worker] [TIMING] task_id=6880163f-a3e6-4c67-b4c2-5298850efff2 func=job_orchestration.executor.query.spider_search_task.search_without_channel submit_output_start=228394390 submit_output_end=228394415 submit_output_duration_ms=25
[2026-01-30 18:52:32.222] [info] [spider.worker] [TIMING] task_id=4c34651c-2d00-46e7-af4a-2f3607bd16d4 func=job_orchestration.executor.query.spider_search_task.search_without_channel fetch_input_start=228394430 fetch_input_end=228394430 fetch_input_duration_ms=0
[2026-01-30 18:52:33.482] [info] [spider.worker] [TIMING] task_id=4c34651c-2d00-46e7-af4a-2f3607bd16d4 func=job_orchestration.executor.query.spider_search_task.search_without_channel execution_start=228394431 execution_end=228395690 execution_duration_ms=1259
[2026-01-30 18:52:33.496] [info] [spider.worker] [TIMING] task_id=4c34651c-2d00-46e7-af4a-2f3607bd16d4 func=job_orchestration.executor.query.spider_search_task.search_without_channel submit_output_start=228395692 submit_output_end=228395704 submit_output_duration_ms=11
[2026-01-30 18:52:33.515] [info] [spider.worker] [TIMING] task_id=e100fafe-fc6e-4f32-b343-f244e828e08a func=job_orchestration.executor.query.spider_search_task.search_without_channel fetch_input_start=228395722 fetch_input_end=228395723 fetch_input_duration_ms=1
[2026-01-30 18:52:34.672] [info] [spider.worker] [TIMING] task_id=e100fafe-fc6e-4f32-b343-f244e828e08a func=job_orchestration.executor.query.spider_search_task.search_without_channel execution_start=228395724 execution_end=228396880 execution_duration_ms=1156
[2026-01-30 18:52:34.688] [info] [spider.worker] [TIMING] task_id=e100fafe-fc6e-4f32-b343-f244e828e08a func=job_orchestration.executor.query.spider_search_task.search_without_channel submit_output_start=228396882 submit_output_end=228396896 submit_output_duration_ms=13
[2026-01-30 18:52:34.707] [info] [spider.worker] [TIMING] task_id=a7c792ea-dba8-494d-a49a-fdbc1aed3bac func=job_orchestration.executor.query.spider_search_task.search_without_channel fetch_input_start=228396915 fetch_input_end=228396916 fetch_input_duration_ms=1
[2026-01-30 18:52:35.804] [info] [spider.worker] [TIMING] task_id=a7c792ea-dba8-494d-a49a-fdbc1aed3bac func=job_orchestration.executor.query.spider_search_task.search_without_channel execution_start=228396916 execution_end=228398012 execution_duration_ms=1095
[2026-01-30 18:52:35.840] [info] [spider.worker] [TIMING] task_id=a7c792ea-dba8-494d-a49a-fdbc1aed3bac func=job_orchestration.executor.query.spider_search_task.search_without_channel submit_output_start=228398014 submit_output_end=228398048 submit_output_duration_ms=34
[2026-01-30 18:52:35.866] [info] [spider.worker] [TIMING] task_id=d2bac530-a6a6-4bc3-a3b3-1b3a0556b318 func=job_orchestration.executor.query.spider_search_task.search_without_channel fetch_input_start=228398073 fetch_input_end=228398074 fetch_input_duration_ms=1
[2026-01-30 18:52:37.252] [info] [spider.worker] [TIMING] task_id=d2bac530-a6a6-4bc3-a3b3-1b3a0556b318 func=job_orchestration.executor.query.spider_search_task.search_without_channel execution_start=228398075 execution_end=228399461 execution_duration_ms=1385
[2026-01-30 18:52:37.292] [info] [spider.worker] [TIMING] task_id=d2bac530-a6a6-4bc3-a3b3-1b3a0556b318 func=job_orchestration.executor.query.spider_search_task.search_without_channel submit_output_start=228399463 submit_output_end=228399501 submit_output_duration_ms=38
[2026-01-30 18:52:37.315] [info] [spider.worker] [TIMING] task_id=6e7d74c6-200a-4bf2-9809-33aa70f9f2fa func=job_orchestration.executor.query.spider_search_task.search_without_channel fetch_input_start=228399523 fetch_input_end=228399524 fetch_input_duration_ms=1
[2026-01-30 18:52:38.559] [info] [spider.worker] [TIMING] task_id=6e7d74c6-200a-4bf2-9809-33aa70f9f2fa func=job_orchestration.executor.query.spider_search_task.search_without_channel execution_start=228399525 execution_end=228400768 execution_duration_ms=1242
[2026-01-30 18:52:38.595] [info] [spider.worker] [TIMING] task_id=6e7d74c6-200a-4bf2-9809-33aa70f9f2fa func=job_orchestration.executor.query.spider_search_task.search_without_channel submit_output_start=228400769 submit_output_end=228400804 submit_output_duration_ms=34
[2026-01-30 18:52:38.616] [info] [spider.worker] [TIMING] task_id=4e93c8c8-1ec2-400b-81db-b8caff531bdf func=job_orchestration.executor.query.spider_search_task.search_without_channel fetch_input_start=228400823 fetch_input_end=228400824 fetch_input_duration_ms=0
[2026-01-30 18:52:39.824] [info] [spider.worker] [TIMING] task_id=4e93c8c8-1ec2-400b-81db-b8caff531bdf func=job_orchestration.executor.query.spider_search_task.search_without_channel execution_start=228400825 execution_end=228402032 execution_duration_ms=1207
[2026-01-30 18:52:39.866] [info] [spider.worker] [TIMING] task_id=4e93c8c8-1ec2-400b-81db-b8caff531bdf func=job_orchestration.executor.query.spider_search_task.search_without_channel submit_output_start=228402034 submit_output_end=228402074 submit_output_duration_ms=40
[2026-01-30 18:52:39.882] [info] [spider.worker] [TIMING] task_id=aad3c943-1ce4-4da7-bbac-9a25e7605c99 func=job_orchestration.executor.query.spider_search_task.search_without_channel fetch_input_start=228402090 fetch_input_end=228402091 fetch_input_duration_ms=0
[2026-01-30 18:52:41.231] [info] [spider.worker] [TIMING] task_id=aad3c943-1ce4-4da7-bbac-9a25e7605c99 func=job_orchestration.executor.query.spider_search_task.search_without_channel execution_start=228402091 execution_end=228403439 execution_duration_ms=1347
[2026-01-30 18:52:41.268] [info] [spider.worker] [TIMING] task_id=aad3c943-1ce4-4da7-bbac-9a25e7605c99 func=job_orchestration.executor.query.spider_search_task.search_without_channel submit_output_start=228403441 submit_output_end=228403477 submit_output_duration_ms=35
[2026-01-30 18:52:41.291] [info] [spider.worker] [TIMING] task_id=499088a5-db44-4d44-9727-2e96fff5cc13 func=job_orchestration.executor.query.spider_search_task.search_without_channel fetch_input_start=228403499 fetch_input_end=228403500 fetch_input_duration_ms=1
[2026-01-30 18:52:42.475] [info] [spider.worker] [TIMING] task_id=499088a5-db44-4d44-9727-2e96fff5cc13 func=job_orchestration.executor.query.spider_search_task.search_without_channel execution_start=228403500 execution_end=228404683 execution_duration_ms=1183
[2026-01-30 18:52:42.514] [info] [spider.worker] [TIMING] task_id=499088a5-db44-4d44-9727-2e96fff5cc13 func=job_orchestration.executor.query.spider_search_task.search_without_channel submit_output_start=228404685 submit_output_end=228404722 submit_output_duration_ms=37
[2026-01-30 18:52:42.533] [info] [spider.worker] [TIMING] task_id=9cc18638-ad61-4b06-9ede-dc6809c763b2 func=job_orchestration.executor.query.spider_search_task.search_without_channel fetch_input_start=228404740 fetch_input_end=228404741 fetch_input_duration_ms=0
[2026-01-30 18:52:43.852] [info] [spider.worker] [TIMING] task_id=9cc18638-ad61-4b06-9ede-dc6809c763b2 func=job_orchestration.executor.query.spider_search_task.search_without_channel execution_start=228404742 execution_end=228406061 execution_duration_ms=1318
[2026-01-30 18:52:43.891] [info] [spider.worker] [TIMING] task_id=9cc18638-ad61-4b06-9ede-dc6809c763b2 func=job_orchestration.executor.query.spider_search_task.search_without_channel submit_output_start=228406062 submit_output_end=228406100 submit_output_duration_ms=37
[2026-01-30 18:52:43.959] [info] [spider.worker] [TIMING] task_id=642b2818-7ab0-4edb-8b21-7107fd73ec53 func=job_orchestration.executor.query.spider_search_task.search_without_channel fetch_input_start=228406167 fetch_input_end=228406168 fetch_input_duration_ms=1
[2026-01-30 18:52:45.046] [info] [spider.worker] [TIMING] task_id=642b2818-7ab0-4edb-8b21-7107fd73ec53 func=job_orchestration.executor.query.spider_search_task.search_without_channel execution_start=228406169 execution_end=228407255 execution_duration_ms=1086
[2026-01-30 18:52:45.064] [info] [spider.worker] [TIMING] task_id=642b2818-7ab0-4edb-8b21-7107fd73ec53 func=job_orchestration.executor.query.spider_search_task.search_without_channel submit_output_start=228407256 submit_output_end=228407273 submit_output_duration_ms=16
[2026-01-30 18:52:45.096] [info] [spider.worker] [TIMING] task_id=71174a94-17d0-4a63-92e9-b490c47e57e9 func=job_orchestration.executor.query.spider_search_task.search_without_channel fetch_input_start=228407304 fetch_input_end=228407305 fetch_input_duration_ms=0
[2026-01-30 18:52:46.216] [info] [spider.worker] [TIMING] task_id=71174a94-17d0-4a63-92e9-b490c47e57e9 func=job_orchestration.executor.query.spider_search_task.search_without_channel execution_start=228407305 execution_end=228408424 execution_duration_ms=1118
[2026-01-30 18:52:46.255] [info] [spider.worker] [TIMING] task_id=71174a94-17d0-4a63-92e9-b490c47e57e9 func=job_orchestration.executor.query.spider_search_task.search_without_channel submit_output_start=228408426 submit_output_end=228408463 submit_output_duration_ms=37
[2026-01-30 18:52:46.300] [info] [spider.worker] [TIMING] task_id=94e8a307-2293-405a-8261-573edfbb45d6 func=job_orchestration.executor.query.spider_search_task.search_without_channel fetch_input_start=228408507 fetch_input_end=228408508 fetch_input_duration_ms=0
[2026-01-30 18:52:47.687] [info] [spider.worker] [TIMING] task_id=94e8a307-2293-405a-8261-573edfbb45d6 func=job_orchestration.executor.query.spider_search_task.search_without_channel execution_start=228408509 execution_end=228409895 execution_duration_ms=1386
[2026-01-30 18:52:47.723] [info] [spider.worker] [TIMING] task_id=94e8a307-2293-405a-8261-573edfbb45d6 func=job_orchestration.executor.query.spider_search_task.search_without_channel submit_output_start=228409897 submit_output_end=228409931 submit_output_duration_ms=34
[2026-01-30 18:52:47.742] [info] [spider.worker] [TIMING] task_id=dc1b0f17-f479-49e7-971c-8381fd456c85 func=job_orchestration.executor.query.spider_search_task.search_without_channel fetch_input_start=228409949 fetch_input_end=228409950 fetch_input_duration_ms=0
[2026-01-30 18:52:48.922] [info] [spider.worker] [TIMING] task_id=dc1b0f17-f479-49e7-971c-8381fd456c85 func=job_orchestration.executor.query.spider_search_task.search_without_channel execution_start=228409951 execution_end=228411130 execution_duration_ms=1179
[2026-01-30 18:52:48.956] [info] [spider.worker] [TIMING] task_id=dc1b0f17-f479-49e7-971c-8381fd456c85 func=job_orchestration.executor.query.spider_search_task.search_without_channel submit_output_start=228411143 submit_output_end=228411165 submit_output_duration_ms=21
[2026-01-30 18:52:48.987] [info] [spider.worker] [TIMING] task_id=db2385c5-9929-4f08-8ead-8f0a82b41e4f func=job_orchestration.executor.query.spider_search_task.search_without_channel fetch_input_start=228411195 fetch_input_end=228411196 fetch_input_duration_ms=1
[2026-01-30 18:52:50.228] [info] [spider.worker] [TIMING] task_id=db2385c5-9929-4f08-8ead-8f0a82b41e4f func=job_orchestration.executor.query.spider_search_task.search_without_channel execution_start=228411196 execution_end=228412436 execution_duration_ms=1240
[2026-01-30 18:52:50.261] [info] [spider.worker] [TIMING] task_id=db2385c5-9929-4f08-8ead-8f0a82b41e4f func=job_orchestration.executor.query.spider_search_task.search_without_channel submit_output_start=228412438 submit_output_end=228412470 submit_output_duration_ms=31
[2026-01-30 18:52:50.285] [info] [spider.worker] [TIMING] task_id=37b52bb5-2ed0-44c6-a4a0-9b87466ed4b0 func=job_orchestration.executor.query.spider_search_task.search_without_channel fetch_input_start=228412492 fetch_input_end=228412493 fetch_input_duration_ms=1
[2026-01-30 18:52:51.551] [info] [spider.worker] [TIMING] task_id=37b52bb5-2ed0-44c6-a4a0-9b87466ed4b0 func=job_orchestration.executor.query.spider_search_task.search_without_channel execution_start=228412494 execution_end=228413759 execution_duration_ms=1265
[2026-01-30 18:52:51.557] [info] [spider.worker] [TIMING] task_id=37b52bb5-2ed0-44c6-a4a0-9b87466ed4b0 func=job_orchestration.executor.query.spider_search_task.search_without_channel submit_output_start=228413761 submit_output_end=228413765 submit_output_duration_ms=4
[2026-01-30 18:52:51.576] [info] [spider.worker] [TIMING] task_id=fa964ac4-004b-4c6e-9cf8-ba95063d0e4c func=job_orchestration.executor.query.spider_search_task.search_without_channel fetch_input_start=228413784 fetch_input_end=228413785 fetch_input_duration_ms=0
[2026-01-30 18:52:52.816] [info] [spider.worker] [TIMING] task_id=fa964ac4-004b-4c6e-9cf8-ba95063d0e4c func=job_orchestration.executor.query.spider_search_task.search_without_channel execution_start=228413786 execution_end=228415025 execution_duration_ms=1239
[2026-01-30 18:52:52.859] [info] [spider.worker] [TIMING] task_id=fa964ac4-004b-4c6e-9cf8-ba95063d0e4c func=job_orchestration.executor.query.spider_search_task.search_without_channel submit_output_start=228415027 submit_output_end=228415067 submit_output_duration_ms=40
[2026-01-30 18:52:52.885] [info] [spider.worker] [TIMING] task_id=53e6b123-fb47-4221-9c96-ba8233f27826 func=job_orchestration.executor.query.spider_search_task.search_without_channel fetch_input_start=228415092 fetch_input_end=228415093 fetch_input_duration_ms=0
[2026-01-30 18:52:54.114] [info] [spider.worker] [TIMING] task_id=53e6b123-fb47-4221-9c96-ba8233f27826 func=job_orchestration.executor.query.spider_search_task.search_without_channel execution_start=228415094 execution_end=228416322 execution_duration_ms=1228
[2026-01-30 18:52:54.171] [info] [spider.worker] [TIMING] task_id=53e6b123-fb47-4221-9c96-ba8233f27826 func=job_orchestration.executor.query.spider_search_task.search_without_channel submit_output_start=228416324 submit_output_end=228416380 submit_output_duration_ms=55
[2026-01-30 18:52:54.194] [info] [spider.worker] [TIMING] task_id=6aeba93f-0332-4e95-b4e5-505f0b9f706d func=job_orchestration.executor.query.spider_search_task.search_without_channel fetch_input_start=228416401 fetch_input_end=228416402 fetch_input_duration_ms=1
[2026-01-30 18:52:55.488] [info] [spider.worker] [TIMING] task_id=6aeba93f-0332-4e95-b4e5-505f0b9f706d func=job_orchestration.executor.query.spider_search_task.search_without_channel execution_start=228416403 execution_end=228417696 execution_duration_ms=1293
[2026-01-30 18:52:55.566] [info] [spider.worker] [TIMING] task_id=6aeba93f-0332-4e95-b4e5-505f0b9f706d func=job_orchestration.executor.query.spider_search_task.search_without_channel submit_output_start=228417698 submit_output_end=228417775 submit_output_duration_ms=76
[2026-01-30 18:52:55.594] [info] [spider.worker] [TIMING] task_id=3af6914d-4ddc-4318-8f90-c4da1b770a14 func=job_orchestration.executor.query.spider_search_task.search_without_channel fetch_input_start=228417801 fetch_input_end=228417802 fetch_input_duration_ms=1
[2026-01-30 18:52:56.850] [info] [spider.worker] [TIMING] task_id=3af6914d-4ddc-4318-8f90-c4da1b770a14 func=job_orchestration.executor.query.spider_search_task.search_without_channel execution_start=228417803 execution_end=228419058 execution_duration_ms=1255
[2026-01-30 18:52:56.858] [info] [spider.worker] [TIMING] task_id=3af6914d-4ddc-4318-8f90-c4da1b770a14 func=job_orchestration.executor.query.spider_search_task.search_without_channel submit_output_start=228419060 submit_output_end=228419066 submit_output_duration_ms=6
[2026-01-30 18:52:56.896] [info] [spider.worker] [TIMING] task_id=aed13c18-e8d7-4027-b342-1e3efb0801e4 func=job_orchestration.executor.query.spider_search_task.search_without_channel fetch_input_start=228419103 fetch_input_end=228419104 fetch_input_duration_ms=1
[2026-01-30 18:52:58.216] [info] [spider.worker] [TIMING] task_id=aed13c18-e8d7-4027-b342-1e3efb0801e4 func=job_orchestration.executor.query.spider_search_task.search_without_channel execution_start=228419105 execution_end=228420424 execution_duration_ms=1319
[2026-01-30 18:52:58.250] [info] [spider.worker] [TIMING] task_id=aed13c18-e8d7-4027-b342-1e3efb0801e4 func=job_orchestration.executor.query.spider_search_task.search_without_channel submit_output_start=228420438 submit_output_end=228420459 submit_output_duration_ms=20
[2026-01-30 18:52:58.295] [info] [spider.worker] [TIMING] task_id=30b6dfb9-333a-4a78-bc0d-1d423fa6f76a func=job_orchestration.executor.query.spider_search_task.search_without_channel fetch_input_start=228420502 fetch_input_end=228420503 fetch_input_duration_ms=0
[2026-01-30 18:52:59.469] [info] [spider.worker] [TIMING] task_id=30b6dfb9-333a-4a78-bc0d-1d423fa6f76a func=job_orchestration.executor.query.spider_search_task.search_without_channel execution_start=228420504 execution_end=228421677 execution_duration_ms=1173
[2026-01-30 18:52:59.500] [info] [spider.worker] [TIMING] task_id=30b6dfb9-333a-4a78-bc0d-1d423fa6f76a func=job_orchestration.executor.query.spider_search_task.search_without_channel submit_output_start=228421679 submit_output_end=228421709 submit_output_duration_ms=29
[2026-01-30 18:52:59.520] [info] [spider.worker] [TIMING] task_id=2fc671f2-3794-4afc-9819-4a10c66534ad func=job_orchestration.executor.query.spider_search_task.search_without_channel fetch_input_start=228421727 fetch_input_end=228421729 fetch_input_duration_ms=1
[2026-01-30 18:53:00.773] [info] [spider.worker] [TIMING] task_id=2fc671f2-3794-4afc-9819-4a10c66534ad func=job_orchestration.executor.query.spider_search_task.search_without_channel execution_start=228421729 execution_end=228422981 execution_duration_ms=1251
[2026-01-30 18:53:00.784] [info] [spider.worker] [TIMING] task_id=2fc671f2-3794-4afc-9819-4a10c66534ad func=job_orchestration.executor.query.spider_search_task.search_without_channel submit_output_start=228422983 submit_output_end=228422992 submit_output_duration_ms=8
[2026-01-30 18:53:00.803] [info] [spider.worker] [TIMING] task_id=de3a082e-96a3-4d83-85b2-364ffd0bd15f func=job_orchestration.executor.query.spider_search_task.search_without_channel fetch_input_start=228423010 fetch_input_end=228423011 fetch_input_duration_ms=0
[2026-01-30 18:53:02.197] [info] [spider.worker] [TIMING] task_id=de3a082e-96a3-4d83-85b2-364ffd0bd15f func=job_orchestration.executor.query.spider_search_task.search_without_channel execution_start=228423012 execution_end=228424405 execution_duration_ms=1393
[2026-01-30 18:53:02.209] [info] [spider.worker] [TIMING] task_id=de3a082e-96a3-4d83-85b2-364ffd0bd15f func=job_orchestration.executor.query.spider_search_task.search_without_channel submit_output_start=228424407 submit_output_end=228424417 submit_output_duration_ms=10
[2026-01-30 18:53:02.228] [info] [spider.worker] [TIMING] task_id=199e029d-3cb7-4d49-b43a-28db71843277 func=job_orchestration.executor.query.spider_search_task.search_without_channel fetch_input_start=228424436 fetch_input_end=228424437 fetch_input_duration_ms=0
[2026-01-30 18:53:03.451] [info] [spider.worker] [TIMING] task_id=199e029d-3cb7-4d49-b43a-28db71843277 func=job_orchestration.executor.query.spider_search_task.search_without_channel execution_start=228424437 execution_end=228425660 execution_duration_ms=1222
[2026-01-30 18:53:03.476] [info] [spider.worker] [TIMING] task_id=199e029d-3cb7-4d49-b43a-28db71843277 func=job_orchestration.executor.query.spider_search_task.search_without_channel submit_output_start=228425668 submit_output_end=228425684 submit_output_duration_ms=16
[2026-01-30 18:53:03.486] [info] [spider.worker] [TIMING] task_id=73a5c860-7b54-455c-9654-6fcabd9e7d5b func=job_orchestration.executor.query.spider_search_task.search_without_channel fetch_input_start=228425694 fetch_input_end=228425695 fetch_input_duration_ms=0
[2026-01-30 18:53:04.679] [info] [spider.worker] [TIMING] task_id=73a5c860-7b54-455c-9654-6fcabd9e7d5b func=job_orchestration.executor.query.spider_search_task.search_without_channel execution_start=228425696 execution_end=228426888 execution_duration_ms=1192
[2026-01-30 18:53:04.712] [info] [spider.worker] [TIMING] task_id=73a5c860-7b54-455c-9654-6fcabd9e7d5b func=job_orchestration.executor.query.spider_search_task.search_without_channel submit_output_start=228426890 submit_output_end=228426921 submit_output_duration_ms=30
[2026-01-30 18:53:04.737] [info] [spider.worker] [TIMING] task_id=090120b2-441f-4ccc-af23-ce60a738066e func=job_orchestration.executor.query.spider_search_task.search_without_channel fetch_input_start=228426944 fetch_input_end=228426945 fetch_input_duration_ms=0
[2026-01-30 18:53:06.018] [info] [spider.worker] [TIMING] task_id=090120b2-441f-4ccc-af23-ce60a738066e func=job_orchestration.executor.query.spider_search_task.search_without_channel execution_start=228426946 execution_end=228428226 execution_duration_ms=1280
[2026-01-30 18:53:06.073] [info] [spider.worker] [TIMING] task_id=090120b2-441f-4ccc-af23-ce60a738066e func=job_orchestration.executor.query.spider_search_task.search_without_channel submit_output_start=228428240 submit_output_end=228428282 submit_output_duration_ms=41
[2026-01-30 18:53:06.096] [info] [spider.worker] [TIMING] task_id=3b63725f-e58e-4fa0-834f-dd0062eb9f5a func=job_orchestration.executor.query.spider_search_task.search_without_channel fetch_input_start=228428303 fetch_input_end=228428304 fetch_input_duration_ms=0
[2026-01-30 18:53:07.347] [info] [spider.worker] [TIMING] task_id=3b63725f-e58e-4fa0-834f-dd0062eb9f5a func=job_orchestration.executor.query.spider_search_task.search_without_channel execution_start=228428305 execution_end=228429556 execution_duration_ms=1250
[2026-01-30 18:53:07.384] [info] [spider.worker] [TIMING] task_id=3b63725f-e58e-4fa0-834f-dd0062eb9f5a func=job_orchestration.executor.query.spider_search_task.search_without_channel submit_output_start=228429557 submit_output_end=228429592 submit_output_duration_ms=34
[2026-01-30 18:53:07.429] [info] [spider.worker] [TIMING] task_id=34ff53bc-3c9d-4c11-b199-85db1fa7ed28 func=job_orchestration.executor.query.spider_search_task.search_without_channel fetch_input_start=228429636 fetch_input_end=228429637 fetch_input_duration_ms=1
[2026-01-30 18:53:08.578] [info] [spider.worker] [TIMING] task_id=34ff53bc-3c9d-4c11-b199-85db1fa7ed28 func=job_orchestration.executor.query.spider_search_task.search_without_channel execution_start=228429638 execution_end=228430786 execution_duration_ms=1147
[2026-01-30 18:53:08.585] [info] [spider.worker] [TIMING] task_id=34ff53bc-3c9d-4c11-b199-85db1fa7ed28 func=job_orchestration.executor.query.spider_search_task.search_without_channel submit_output_start=228430788 submit_output_end=228430793 submit_output_duration_ms=5
[2026-01-30 18:53:08.604] [info] [spider.worker] [TIMING] task_id=cc33916b-5ca3-4f3f-8e4f-20553e44e1ca func=job_orchestration.executor.query.spider_search_task.search_without_channel fetch_input_start=228430811 fetch_input_end=228430812 fetch_input_duration_ms=0
[2026-01-30 18:53:09.797] [info] [spider.worker] [TIMING] task_id=cc33916b-5ca3-4f3f-8e4f-20553e44e1ca func=job_orchestration.executor.query.spider_search_task.search_without_channel execution_start=228430813 execution_end=228432005 execution_duration_ms=1192
[2026-01-30 18:53:09.839] [info] [spider.worker] [TIMING] task_id=cc33916b-5ca3-4f3f-8e4f-20553e44e1ca func=job_orchestration.executor.query.spider_search_task.search_without_channel submit_output_start=228432007 submit_output_end=228432047 submit_output_duration_ms=40
[2026-01-30 18:53:09.863] [info] [spider.worker] [TIMING] task_id=ed5661c2-9147-46c4-9121-603f3280f203 func=job_orchestration.executor.query.spider_search_task.search_without_channel fetch_input_start=228432071 fetch_input_end=228432072 fetch_input_duration_ms=1
[2026-01-30 18:53:11.030] [info] [spider.worker] [TIMING] task_id=ed5661c2-9147-46c4-9121-603f3280f203 func=job_orchestration.executor.query.spider_search_task.search_without_channel execution_start=228432072 execution_end=228433238 execution_duration_ms=1165
[2026-01-30 18:53:11.044] [info] [spider.worker] [TIMING] task_id=ed5661c2-9147-46c4-9121-603f3280f203 func=job_orchestration.executor.query.spider_search_task.search_without_channel submit_output_start=228433240 submit_output_end=228433253 submit_output_duration_ms=12
[2026-01-30 18:53:11.063] [info] [spider.worker] [TIMING] task_id=a9318397-bb95-4e9c-bce6-5bcab2a52bbd func=job_orchestration.executor.query.spider_search_task.search_without_channel fetch_input_start=228433270 fetch_input_end=228433271 fetch_input_duration_ms=0
[2026-01-30 18:53:12.281] [info] [spider.worker] [TIMING] task_id=a9318397-bb95-4e9c-bce6-5bcab2a52bbd func=job_orchestration.executor.query.spider_search_task.search_without_channel execution_start=228433272 execution_end=228434489 execution_duration_ms=1217
[2026-01-30 18:53:12.294] [info] [spider.worker] [TIMING] task_id=a9318397-bb95-4e9c-bce6-5bcab2a52bbd func=job_orchestration.executor.query.spider_search_task.search_without_channel submit_output_start=228434491 submit_output_end=228434503 submit_output_duration_ms=12
[2026-01-30 18:53:12.305] [info] [spider.worker] [TIMING] task_id=a7382c98-5c50-4a83-bd2c-0ec3f8e3a252 func=job_orchestration.executor.query.spider_search_task.search_without_channel fetch_input_start=228434513 fetch_input_end=228434514 fetch_input_duration_ms=0
[2026-01-30 18:53:13.537] [info] [spider.worker] [TIMING] task_id=a7382c98-5c50-4a83-bd2c-0ec3f8e3a252 func=job_orchestration.executor.query.spider_search_task.search_without_channel execution_start=228434514 execution_end=228435745 execution_duration_ms=1231
[2026-01-30 18:53:13.573] [info] [spider.worker] [TIMING] task_id=a7382c98-5c50-4a83-bd2c-0ec3f8e3a252 func=job_orchestration.executor.query.spider_search_task.search_without_channel submit_output_start=228435747 submit_output_end=228435781 submit_output_duration_ms=33
[2026-01-30 18:53:13.597] [info] [spider.worker] [TIMING] task_id=ef76bf30-9f0c-4c16-8e8b-b3016984b35c func=job_orchestration.executor.query.spider_search_task.search_without_channel fetch_input_start=228435805 fetch_input_end=228435805 fetch_input_duration_ms=0
[2026-01-30 18:53:14.819] [info] [spider.worker] [TIMING] task_id=ef76bf30-9f0c-4c16-8e8b-b3016984b35c func=job_orchestration.executor.query.spider_search_task.search_without_channel execution_start=228435806 execution_end=228437028 execution_duration_ms=1221
[2026-01-30 18:53:14.875] [info] [spider.worker] [TIMING] task_id=ef76bf30-9f0c-4c16-8e8b-b3016984b35c func=job_orchestration.executor.query.spider_search_task.search_without_channel submit_output_start=228437043 submit_output_end=228437084 submit_output_duration_ms=41
[2026-01-30 18:53:14.898] [info] [spider.worker] [TIMING] task_id=37e7f6f2-098e-40ca-b061-a97c76774b07 func=job_orchestration.executor.query.spider_search_task.search_without_channel fetch_input_start=228437105 fetch_input_end=228437106 fetch_input_duration_ms=1
[2026-01-30 18:53:16.228] [info] [spider.worker] [TIMING] task_id=37e7f6f2-098e-40ca-b061-a97c76774b07 func=job_orchestration.executor.query.spider_search_task.search_without_channel execution_start=228437107 execution_end=228438436 execution_duration_ms=1329
[2026-01-30 18:53:16.237] [info] [spider.worker] [TIMING] task_id=37e7f6f2-098e-40ca-b061-a97c76774b07 func=job_orchestration.executor.query.spider_search_task.search_without_channel submit_output_start=228438438 submit_output_end=228438445 submit_output_duration_ms=7
[2026-01-30 18:53:16.256] [info] [spider.worker] [TIMING] task_id=35195e23-04b8-4966-af71-f9aa09f8004a func=job_orchestration.executor.query.spider_search_task.search_without_channel fetch_input_start=228438463 fetch_input_end=228438464 fetch_input_duration_ms=0
[2026-01-30 18:53:17.486] [info] [spider.worker] [TIMING] task_id=35195e23-04b8-4966-af71-f9aa09f8004a func=job_orchestration.executor.query.spider_search_task.search_without_channel execution_start=228438465 execution_end=228439694 execution_duration_ms=1229
[2026-01-30 18:53:17.504] [info] [spider.worker] [TIMING] task_id=35195e23-04b8-4966-af71-f9aa09f8004a func=job_orchestration.executor.query.spider_search_task.search_without_channel submit_output_start=228439696 submit_output_end=228439712 submit_output_duration_ms=16
[2026-01-30 18:53:17.539] [info] [spider.worker] [TIMING] task_id=5b325140-ebce-42cc-8fa6-3886451ccf63 func=job_orchestration.executor.query.spider_search_task.search_without_channel fetch_input_start=228439747 fetch_input_end=228439748 fetch_input_duration_ms=0
[2026-01-30 18:53:18.754] [info] [spider.worker] [TIMING] task_id=5b325140-ebce-42cc-8fa6-3886451ccf63 func=job_orchestration.executor.query.spider_search_task.search_without_channel execution_start=228439748 execution_end=228440962 execution_duration_ms=1213
[2026-01-30 18:53:18.796] [info] [spider.worker] [TIMING] task_id=5b325140-ebce-42cc-8fa6-3886451ccf63 func=job_orchestration.executor.query.spider_search_task.search_without_channel submit_output_start=228440964 submit_output_end=228441004 submit_output_duration_ms=40
[2026-01-30 18:53:18.835] [info] [spider.worker] [TIMING] task_id=56d3b3ca-b4a6-49fb-93de-4ada77c036ac func=job_orchestration.executor.query.spider_search_task.search_without_channel fetch_input_start=228441042 fetch_input_end=228441043 fetch_input_duration_ms=1
[2026-01-30 18:53:20.019] [info] [spider.worker] [TIMING] task_id=56d3b3ca-b4a6-49fb-93de-4ada77c036ac func=job_orchestration.executor.query.spider_search_task.search_without_channel execution_start=228441044 execution_end=228442227 execution_duration_ms=1183
[2026-01-30 18:53:20.110] [info] [spider.worker] [TIMING] task_id=56d3b3ca-b4a6-49fb-93de-4ada77c036ac func=job_orchestration.executor.query.spider_search_task.search_without_channel submit_output_start=228442229 submit_output_end=228442318 submit_output_duration_ms=89
[2026-01-30 18:53:20.165] [info] [spider.worker] [TIMING] task_id=d6145398-5f59-42dc-b868-d06279716374 func=job_orchestration.executor.query.spider_search_task.search_without_channel fetch_input_start=228442373 fetch_input_end=228442374 fetch_input_duration_ms=0
[2026-01-30 18:53:21.401] [info] [spider.worker] [TIMING] task_id=d6145398-5f59-42dc-b868-d06279716374 func=job_orchestration.executor.query.spider_search_task.search_without_channel execution_start=228442374 execution_end=228443610 execution_duration_ms=1235
[2026-01-30 18:53:21.413] [info] [spider.worker] [TIMING] task_id=d6145398-5f59-42dc-b868-d06279716374 func=job_orchestration.executor.query.spider_search_task.search_without_channel submit_output_start=228443611 submit_output_end=228443621 submit_output_duration_ms=10
[2026-01-30 18:53:21.449] [info] [spider.worker] [TIMING] task_id=bddb37ba-c1c6-4fb9-b1a8-148b9594ff81 func=job_orchestration.executor.query.spider_search_task.search_without_channel fetch_input_start=228443656 fetch_input_end=228443657 fetch_input_duration_ms=0
[2026-01-30 18:53:22.696] [info] [spider.worker] [TIMING] task_id=bddb37ba-c1c6-4fb9-b1a8-148b9594ff81 func=job_orchestration.executor.query.spider_search_task.search_without_channel execution_start=228443658 execution_end=228444904 execution_duration_ms=1246
[2026-01-30 18:53:22.783] [info] [spider.worker] [TIMING] task_id=bddb37ba-c1c6-4fb9-b1a8-148b9594ff81 func=job_orchestration.executor.query.spider_search_task.search_without_channel submit_output_start=228444906 submit_output_end=228444991 submit_output_duration_ms=85
[2026-01-30 18:53:22.843] [info] [spider.worker] [TIMING] task_id=6ad1870e-7f4d-44b2-bb01-4d5a7335876a func=job_orchestration.executor.query.spider_search_task.search_without_channel fetch_input_start=228445051 fetch_input_end=228445052 fetch_input_duration_ms=0
[2026-01-30 18:53:23.976] [info] [spider.worker] [TIMING] task_id=6ad1870e-7f4d-44b2-bb01-4d5a7335876a func=job_orchestration.executor.query.spider_search_task.search_without_channel execution_start=228445052 execution_end=228446184 execution_duration_ms=1131
[2026-01-30 18:53:23.996] [info] [spider.worker] [TIMING] task_id=6ad1870e-7f4d-44b2-bb01-4d5a7335876a func=job_orchestration.executor.query.spider_search_task.search_without_channel submit_output_start=228446186 submit_output_end=228446205 submit_output_duration_ms=18
[2026-01-30 18:53:24.016] [info] [spider.worker] [TIMING] task_id=9cd7d182-e841-42ac-9fc0-744285ce4129 func=job_orchestration.executor.query.spider_search_task.search_without_channel fetch_input_start=228446223 fetch_input_end=228446224 fetch_input_duration_ms=1
[2026-01-30 18:53:25.246] [info] [spider.worker] [TIMING] task_id=9cd7d182-e841-42ac-9fc0-744285ce4129 func=job_orchestration.executor.query.spider_search_task.search_without_channel execution_start=228446225 execution_end=228447454 execution_duration_ms=1229
[2026-01-30 18:53:25.280] [info] [spider.worker] [TIMING] task_id=9cd7d182-e841-42ac-9fc0-744285ce4129 func=job_orchestration.executor.query.spider_search_task.search_without_channel submit_output_start=228447456 submit_output_end=228447489 submit_output_duration_ms=32
[2026-01-30 18:53:25.308] [info] [spider.worker] [TIMING] task_id=6fffded4-3ac7-4d54-9d2d-9e1450b21cb2 func=job_orchestration.executor.query.spider_search_task.search_without_channel fetch_input_start=228447515 fetch_input_end=228447516 fetch_input_duration_ms=0
[2026-01-30 18:53:26.443] [info] [spider.worker] [TIMING] task_id=6fffded4-3ac7-4d54-9d2d-9e1450b21cb2 func=job_orchestration.executor.query.spider_search_task.search_without_channel execution_start=228447517 execution_end=228448651 execution_duration_ms=1134
[2026-01-30 18:53:26.473] [info] [spider.worker] [TIMING] task_id=6fffded4-3ac7-4d54-9d2d-9e1450b21cb2 func=job_orchestration.executor.query.spider_search_task.search_without_channel submit_output_start=228448653 submit_output_end=228448682 submit_output_duration_ms=28
[2026-01-30 18:53:26.492] [info] [spider.worker] [TIMING] task_id=bfe7c581-ca70-417f-a014-41d387b88109 func=job_orchestration.executor.query.spider_search_task.search_without_channel fetch_input_start=228448699 fetch_input_end=228448700 fetch_input_duration_ms=1
[2026-01-30 18:53:27.756] [info] [spider.worker] [TIMING] task_id=bfe7c581-ca70-417f-a014-41d387b88109 func=job_orchestration.executor.query.spider_search_task.search_without_channel execution_start=228448701 execution_end=228449965 execution_duration_ms=1263
[2026-01-30 18:53:27.801] [info] [spider.worker] [TIMING] task_id=bfe7c581-ca70-417f-a014-41d387b88109 func=job_orchestration.executor.query.spider_search_task.search_without_channel submit_output_start=228449966 submit_output_end=228450010 submit_output_duration_ms=43
[2026-01-30 18:53:27.825] [info] [spider.worker] [TIMING] task_id=7096a1e7-b4dd-46c0-bd1a-24c675a52697 func=job_orchestration.executor.query.spider_search_task.search_without_channel fetch_input_start=228450032 fetch_input_end=228450033 fetch_input_duration_ms=0
[2026-01-30 18:53:29.060] [info] [spider.worker] [TIMING] task_id=7096a1e7-b4dd-46c0-bd1a-24c675a52697 func=job_orchestration.executor.query.spider_search_task.search_without_channel execution_start=228450034 execution_end=228451268 execution_duration_ms=1233
[2026-01-30 18:53:29.104] [info] [spider.worker] [TIMING] task_id=7096a1e7-b4dd-46c0-bd1a-24c675a52697 func=job_orchestration.executor.query.spider_search_task.search_without_channel submit_output_start=228451269 submit_output_end=228451313 submit_output_duration_ms=43
[2026-01-30 18:53:29.134] [info] [spider.worker] [TIMING] task_id=8eac4be7-bc95-42c0-87d6-931d48c4b6e8 func=job_orchestration.executor.query.spider_search_task.search_without_channel fetch_input_start=228451341 fetch_input_end=228451342 fetch_input_duration_ms=1
[2026-01-30 18:53:30.383] [info] [spider.worker] [TIMING] task_id=8eac4be7-bc95-42c0-87d6-931d48c4b6e8 func=job_orchestration.executor.query.spider_search_task.search_without_channel execution_start=228451343 execution_end=228452592 execution_duration_ms=1248
[2026-01-30 18:53:30.424] [info] [spider.worker] [TIMING] task_id=8eac4be7-bc95-42c0-87d6-931d48c4b6e8 func=job_orchestration.executor.query.spider_search_task.search_without_channel submit_output_start=228452593 submit_output_end=228452632 submit_output_duration_ms=38
[2026-01-30 18:53:30.450] [info] [spider.worker] [TIMING] task_id=7b23ffd4-45cd-4aeb-bd23-89b6c0c07174 func=job_orchestration.executor.query.spider_search_task.search_without_channel fetch_input_start=228452657 fetch_input_end=228452658 fetch_input_duration_ms=0
[2026-01-30 18:53:31.679] [info] [spider.worker] [TIMING] task_id=7b23ffd4-45cd-4aeb-bd23-89b6c0c07174 func=job_orchestration.executor.query.spider_search_task.search_without_channel execution_start=228452658 execution_end=228453887 execution_duration_ms=1228
[2026-01-30 18:53:31.689] [info] [spider.worker] [TIMING] task_id=7b23ffd4-45cd-4aeb-bd23-89b6c0c07174 func=job_orchestration.exec