[2026-01-30 14:53:05.932] [warning] [spider.worker] Prefer using `SPIDER_STORAGE_URL` environment variable over `--storage_url` argument.
[2026-01-30 14:53:48.467] [info] [spider.worker] [TIMING] task_id=1d4a33fb-071c-4835-ae3d-f1fc57ce9d99 func=job_orchestration.executor.compress.spider_compress.compress fetch_input_start=214070674 fetch_input_end=214070675 fetch_input_duration_ms=1
[2026-01-30 14:53:58.997] [info] [spider.worker] [TIMING] task_id=1d4a33fb-071c-4835-ae3d-f1fc57ce9d99 func=job_orchestration.executor.compress.spider_compress.compress execution_start=214070676 execution_end=214081206 execution_duration_ms=10529
[2026-01-30 14:53:59.047] [info] [spider.worker] [TIMING] task_id=1d4a33fb-071c-4835-ae3d-f1fc57ce9d99 func=job_orchestration.executor.compress.spider_compress.compress submit_output_start=214081207 submit_output_end=214081256 submit_output_duration_ms=48
[2026-01-30 14:53:59.070] [info] [spider.worker] [TIMING] task_id=fa994f28-4450-4ea0-b0ed-2fe19bcd0f7a func=job_orchestration.executor.compress.spider_compress.compress fetch_input_start=214081278 fetch_input_end=214081279 fetch_input_duration_ms=0
[2026-01-30 14:54:28.921] [info] [spider.worker] [TIMING] task_id=fa994f28-4450-4ea0-b0ed-2fe19bcd0f7a func=job_orchestration.executor.compress.spider_compress.compress execution_start=214081279 execution_end=214111130 execution_duration_ms=29850
[2026-01-30 14:54:28.933] [info] [spider.worker] [TIMING] task_id=fa994f28-4450-4ea0-b0ed-2fe19bcd0f7a func=job_orchestration.executor.compress.spider_compress.compress submit_output_start=214111132 submit_output_end=214111141 submit_output_duration_ms=9
[2026-01-30 14:54:28.971] [info] [spider.worker] [TIMING] task_id=3b75e571-a3c6-4f52-8e40-89386693be39 func=job_orchestration.executor.compress.spider_compress.compress fetch_input_start=214111178 fetch_input_end=214111179 fetch_input_duration_ms=1
[2026-01-30 14:54:45.070] [info] [spider.worker] [TIMING] task_id=3b75e571-a3c6-4f52-8e40-89386693be39 func=job_orchestration.executor.compress.spider_compress.compress execution_start=214111180 execution_end=214127279 execution_duration_ms=16098
[2026-01-30 14:54:45.090] [info] [spider.worker] [TIMING] task_id=3b75e571-a3c6-4f52-8e40-89386693be39 func=job_orchestration.executor.compress.spider_compress.compress submit_output_start=214127281 submit_output_end=214127298 submit_output_duration_ms=17
[2026-01-30 14:54:45.121] [info] [spider.worker] [TIMING] task_id=d0a73ccf-6eb9-47a0-8933-68b84b41342b func=job_orchestration.executor.compress.spider_compress.compress fetch_input_start=214127328 fetch_input_end=214127329 fetch_input_duration_ms=0
[2026-01-30 14:55:20.723] [info] [spider.worker] [TIMING] task_id=d0a73ccf-6eb9-47a0-8933-68b84b41342b func=job_orchestration.executor.compress.spider_compress.compress execution_start=214127330 execution_end=214162931 execution_duration_ms=35601
[2026-01-30 14:55:20.739] [info] [spider.worker] [TIMING] task_id=d0a73ccf-6eb9-47a0-8933-68b84b41342b func=job_orchestration.executor.compress.spider_compress.compress submit_output_start=214162933 submit_output_end=214162947 submit_output_duration_ms=14
[2026-01-30 14:55:20.775] [info] [spider.worker] [TIMING] task_id=6a28e815-7843-4f6c-8619-e3d98620a860 func=job_orchestration.executor.compress.spider_compress.compress fetch_input_start=214162983 fetch_input_end=214162984 fetch_input_duration_ms=0
[2026-01-30 14:55:35.888] [info] [spider.worker] [TIMING] task_id=6a28e815-7843-4f6c-8619-e3d98620a860 func=job_orchestration.executor.compress.spider_compress.compress execution_start=214162984 execution_end=214178096 execution_duration_ms=15112
[2026-01-30 14:55:35.905] [info] [spider.worker] [TIMING] task_id=6a28e815-7843-4f6c-8619-e3d98620a860 func=job_orchestration.executor.compress.spider_compress.compress submit_output_start=214178098 submit_output_end=214178113 submit_output_duration_ms=15
[2026-01-30 14:55:35.916] [info] [spider.worker] [TIMING] task_id=bc54a682-861d-4c12-a948-ab8b94ea0f58 func=job_orchestration.executor.compress.spider_compress.compress fetch_input_start=214178124 fetch_input_end=214178125 fetch_input_duration_ms=1
[2026-01-30 14:55:54.268] [info] [spider.worker] [TIMING] task_id=bc54a682-861d-4c12-a948-ab8b94ea0f58 func=job_orchestration.executor.compress.spider_compress.compress execution_start=214178125 execution_end=214196476 execution_duration_ms=18350
[2026-01-30 14:55:54.279] [info] [spider.worker] [TIMING] task_id=bc54a682-861d-4c12-a948-ab8b94ea0f58 func=job_orchestration.executor.compress.spider_compress.compress submit_output_start=214196478 submit_output_end=214196487 submit_output_duration_ms=8
[2026-01-30 14:55:54.299] [info] [spider.worker] [TIMING] task_id=54e01dc8-bbd6-468c-80eb-fe70d2fe7786 func=job_orchestration.executor.compress.spider_compress.compress fetch_input_start=214196506 fetch_input_end=214196508 fetch_input_duration_ms=1
[2026-01-30 14:56:18.224] [info] [spider.worker] [TIMING] task_id=54e01dc8-bbd6-468c-80eb-fe70d2fe7786 func=job_orchestration.executor.compress.spider_compress.compress execution_start=214196509 execution_end=214220433 execution_duration_ms=23923
[2026-01-30 14:56:18.269] [info] [spider.worker] [TIMING] task_id=54e01dc8-bbd6-468c-80eb-fe70d2fe7786 func=job_orchestration.executor.compress.spider_compress.compress submit_output_start=214220434 submit_output_end=214220477 submit_output_duration_ms=43
[2026-01-30 14:56:18.288] [info] [spider.worker] [TIMING] task_id=d129e804-8305-4073-9229-fd5a610e5685 func=job_orchestration.executor.compress.spider_compress.compress fetch_input_start=214220496 fetch_input_end=214220497 fetch_input_duration_ms=1
[2026-01-30 14:56:29.532] [info] [spider.worker] [TIMING] task_id=d129e804-8305-4073-9229-fd5a610e5685 func=job_orchestration.executor.compress.spider_compress.compress execution_start=214220497 execution_end=214231741 execution_duration_ms=11243
[2026-01-30 14:56:29.544] [info] [spider.worker] [TIMING] task_id=d129e804-8305-4073-9229-fd5a610e5685 func=job_orchestration.executor.compress.spider_compress.compress submit_output_start=214231743 submit_output_end=214231752 submit_output_duration_ms=9
[2026-01-30 14:56:29.564] [info] [spider.worker] [TIMING] task_id=fb2f3fcf-81b7-4b5b-9b53-eff6b350e6d4 func=job_orchestration.executor.compress.spider_compress.compress fetch_input_start=214231771 fetch_input_end=214231773 fetch_input_duration_ms=1
[2026-01-30 14:57:05.124] [info] [spider.worker] [TIMING] task_id=fb2f3fcf-81b7-4b5b-9b53-eff6b350e6d4 func=job_orchestration.executor.compress.spider_compress.compress execution_start=214231773 execution_end=214267332 execution_duration_ms=35558
[2026-01-30 14:57:05.159] [info] [spider.worker] [TIMING] task_id=fb2f3fcf-81b7-4b5b-9b53-eff6b350e6d4 func=job_orchestration.executor.compress.spider_compress.compress submit_output_start=214267334 submit_output_end=214267368 submit_output_duration_ms=33
[2026-01-30 14:57:05.177] [info] [spider.worker] [TIMING] task_id=f62bae95-657f-460a-84ca-cc25acb70b1f func=job_orchestration.executor.compress.spider_compress.compress fetch_input_start=214267385 fetch_input_end=214267386 fetch_input_duration_ms=0
[2026-01-30 14:57:24.994] [info] [spider.worker] [TIMING] task_id=f62bae95-657f-460a-84ca-cc25acb70b1f func=job_orchestration.executor.compress.spider_compress.compress execution_start=214267386 execution_end=214287202 execution_duration_ms=19815
[2026-01-30 14:57:25.007] [info] [spider.worker] [TIMING] task_id=f62bae95-657f-460a-84ca-cc25acb70b1f func=job_orchestration.executor.compress.spider_compress.compress submit_output_start=214287204 submit_output_end=214287216 submit_output_duration_ms=11
[2026-01-30 14:57:25.052] [info] [spider.worker] [TIMING] task_id=a9c1551f-970c-406d-b4ed-cebcac16c14c func=job_orchestration.executor.compress.spider_compress.compress fetch_input_start=214287259 fetch_input_end=214287260 fetch_input_duration_ms=1
[2026-01-30 14:57:38.523] [info] [spider.worker] [TIMING] task_id=a9c1551f-970c-406d-b4ed-cebcac16c14c func=job_orchestration.executor.compress.spider_compress.compress execution_start=214287261 execution_end=214300731 execution_duration_ms=13470
[2026-01-30 14:57:38.557] [info] [spider.worker] [TIMING] task_id=a9c1551f-970c-406d-b4ed-cebcac16c14c func=job_orchestration.executor.compress.spider_compress.compress submit_output_start=214300747 submit_output_end=214300766 submit_output_duration_ms=18
[2026-01-30 14:57:38.567] [info] [spider.worker] [TIMING] task_id=1c3994e9-5855-4287-8666-87a5797b6e21 func=job_orchestration.executor.compress.spider_compress.compress fetch_input_start=214300775 fetch_input_end=214300775 fetch_input_duration_ms=0
[2026-01-30 14:57:59.312] [info] [spider.worker] [TIMING] task_id=1c3994e9-5855-4287-8666-87a5797b6e21 func=job_orchestration.executor.compress.spider_compress.compress execution_start=214300776 execution_end=214321520 execution_duration_ms=20744
[2026-01-30 14:57:59.340] [info] [spider.worker] [TIMING] task_id=1c3994e9-5855-4287-8666-87a5797b6e21 func=job_orchestration.executor.compress.spider_compress.compress submit_output_start=214321522 submit_output_end=214321548 submit_output_duration_ms=26
[2026-01-30 14:57:59.358] [info] [spider.worker] [TIMING] task_id=09206179-26db-4cc8-8dc2-2557b0ebecbe func=job_orchestration.executor.compress.spider_compress.compress fetch_input_start=214321566 fetch_input_end=214321566 fetch_input_duration_ms=0
[2026-01-30 14:58:34.612] [info] [spider.worker] [TIMING] task_id=09206179-26db-4cc8-8dc2-2557b0ebecbe func=job_orchestration.executor.compress.spider_compress.compress execution_start=214321567 execution_end=214356820 execution_duration_ms=35253
[2026-01-30 14:58:34.650] [info] [spider.worker] [TIMING] task_id=09206179-26db-4cc8-8dc2-2557b0ebecbe func=job_orchestration.executor.compress.spider_compress.compress submit_output_start=214356822 submit_output_end=214356858 submit_output_duration_ms=36
[2026-01-30 14:58:34.674] [info] [spider.worker] [TIMING] task_id=3f98989b-4807-4e96-bf52-bd1db629184d func=job_orchestration.executor.compress.spider_compress.compress fetch_input_start=214356881 fetch_input_end=214356882 fetch_input_duration_ms=1
[2026-01-30 14:59:12.715] [info] [spider.worker] [TIMING] task_id=3f98989b-4807-4e96-bf52-bd1db629184d func=job_orchestration.executor.compress.spider_compress.compress execution_start=214356883 execution_end=214394924 execution_duration_ms=38040
[2026-01-30 14:59:12.746] [info] [spider.worker] [TIMING] task_id=3f98989b-4807-4e96-bf52-bd1db629184d func=job_orchestration.executor.compress.spider_compress.compress submit_output_start=214394926 submit_output_end=214394955 submit_output_duration_ms=28
[2026-01-30 14:59:12.772] [info] [spider.worker] [TIMING] task_id=8f73d24c-15e6-4162-9898-4875c3a1bef9 func=job_orchestration.executor.compress.spider_compress.compress fetch_input_start=214394980 fetch_input_end=214394981 fetch_input_duration_ms=0
[2026-01-30 14:59:47.262] [info] [spider.worker] [TIMING] task_id=8f73d24c-15e6-4162-9898-4875c3a1bef9 func=job_orchestration.executor.compress.spider_compress.compress execution_start=214394981 execution_end=214429470 execution_duration_ms=34489
[2026-01-30 14:59:47.295] [info] [spider.worker] [TIMING] task_id=8f73d24c-15e6-4162-9898-4875c3a1bef9 func=job_orchestration.executor.compress.spider_compress.compress submit_output_start=214429484 submit_output_end=214429504 submit_output_duration_ms=19
[2026-01-30 14:59:47.335] [info] [spider.worker] [TIMING] task_id=3144470f-3378-4545-bef2-f62f18199cca func=job_orchestration.executor.compress.spider_compress.compress fetch_input_start=214429543 fetch_input_end=214429544 fetch_input_duration_ms=1
[2026-01-30 15:00:12.146] [info] [spider.worker] [TIMING] task_id=3144470f-3378-4545-bef2-f62f18199cca func=job_orchestration.executor.compress.spider_compress.compress execution_start=214429545 execution_end=214454354 execution_duration_ms=24809
[2026-01-30 15:00:12.219] [info] [spider.worker] [TIMING] task_id=3144470f-3378-4545-bef2-f62f18199cca func=job_orchestration.executor.compress.spider_compress.compress submit_output_start=214454356 submit_output_end=214454428 submit_output_duration_ms=72
[2026-01-30 15:00:12.230] [info] [spider.worker] [TIMING] task_id=c42445f5-1bba-4629-ac25-f097f8a39edd func=job_orchestration.executor.compress.spider_compress.compress fetch_input_start=214454437 fetch_input_end=214454438 fetch_input_duration_ms=1
[2026-01-30 15:00:25.249] [info] [spider.worker] [TIMING] task_id=c42445f5-1bba-4629-ac25-f097f8a39edd func=job_orchestration.executor.compress.spider_compress.compress execution_start=214454439 execution_end=214467457 execution_duration_ms=13018
[2026-01-30 15:00:25.278] [info] [spider.worker] [TIMING] task_id=c42445f5-1bba-4629-ac25-f097f8a39edd func=job_orchestration.executor.compress.spider_compress.compress submit_output_start=214467459 submit_output_end=214467486 submit_output_duration_ms=27
[2026-01-30 15:00:25.331] [info] [spider.worker] [TIMING] task_id=71b9b039-44fc-46cb-91e3-a6616ef29ab1 func=job_orchestration.executor.compress.spider_compress.compress fetch_input_start=214467538 fetch_input_end=214467539 fetch_input_duration_ms=0
[2026-01-30 15:00:53.164] [info] [spider.worker] [TIMING] task_id=71b9b039-44fc-46cb-91e3-a6616ef29ab1 func=job_orchestration.executor.compress.spider_compress.compress execution_start=214467540 execution_end=214495372 execution_duration_ms=27832
[2026-01-30 15:00:53.194] [info] [spider.worker] [TIMING] task_id=71b9b039-44fc-46cb-91e3-a6616ef29ab1 func=job_orchestration.executor.compress.spider_compress.compress submit_output_start=214495374 submit_output_end=214495402 submit_output_duration_ms=27
[2026-01-30 15:00:53.203] [info] [spider.worker] [TIMING] task_id=7ab6686e-6046-43fe-87b0-df576ab0a102 func=job_orchestration.executor.compress.spider_compress.compress fetch_input_start=214495411 fetch_input_end=214495412 fetch_input_duration_ms=0
[2026-01-30 15:01:03.799] [info] [spider.worker] [TIMING] task_id=7ab6686e-6046-43fe-87b0-df576ab0a102 func=job_orchestration.executor.compress.spider_compress.compress execution_start=214495412 execution_end=214506007 execution_duration_ms=10594
[2026-01-30 15:01:03.818] [info] [spider.worker] [TIMING] task_id=7ab6686e-6046-43fe-87b0-df576ab0a102 func=job_orchestration.executor.compress.spider_compress.compress submit_output_start=214506009 submit_output_end=214506026 submit_output_duration_ms=17
[2026-01-30 15:01:03.829] [info] [spider.worker] [TIMING] task_id=f24c196d-9746-49af-ad45-8716665f6bee func=job_orchestration.executor.compress.spider_compress.compress fetch_input_start=214506036 fetch_input_end=214506038 fetch_input_duration_ms=1
[2026-01-30 15:01:14.434] [info] [spider.worker] [TIMING] task_id=f24c196d-9746-49af-ad45-8716665f6bee func=job_orchestration.executor.compress.spider_compress.compress execution_start=214506039 execution_end=214516642 execution_duration_ms=10603
[2026-01-30 15:01:14.483] [info] [spider.worker] [TIMING] task_id=f24c196d-9746-49af-ad45-8716665f6bee func=job_orchestration.executor.compress.spider_compress.compress submit_output_start=214516644 submit_output_end=214516692 submit_output_duration_ms=47
[2026-01-30 15:01:14.521] [info] [spider.worker] [TIMING] task_id=5af27138-8c5a-45b9-9403-4bda570ebe4e func=job_orchestration.executor.compress.spider_compress.compress fetch_input_start=214516728 fetch_input_end=214516729 fetch_input_duration_ms=1
[2026-01-30 15:01:27.127] [info] [spider.worker] [TIMING] task_id=5af27138-8c5a-45b9-9403-4bda570ebe4e func=job_orchestration.executor.compress.spider_compress.compress execution_start=214516752 execution_end=214529335 execution_duration_ms=12583
[2026-01-30 15:01:27.151] [info] [spider.worker] [TIMING] task_id=5af27138-8c5a-45b9-9403-4bda570ebe4e func=job_orchestration.executor.compress.spider_compress.compress submit_output_start=214529337 submit_output_end=214529359 submit_output_duration_ms=22
[2026-01-30 15:01:27.170] [info] [spider.worker] [TIMING] task_id=50c3586b-0a72-4aa4-a61f-c2bc966f5935 func=job_orchestration.executor.compress.spider_compress.compress fetch_input_start=214529378 fetch_input_end=214529379 fetch_input_duration_ms=0
[2026-01-30 15:01:38.832] [info] [spider.worker] [TIMING] task_id=50c3586b-0a72-4aa4-a61f-c2bc966f5935 func=job_orchestration.executor.compress.spider_compress.compress execution_start=214529380 execution_end=214541040 execution_duration_ms=11660
[2026-01-30 15:01:38.850] [info] [spider.worker] [TIMING] task_id=50c3586b-0a72-4aa4-a61f-c2bc966f5935 func=job_orchestration.executor.compress.spider_compress.compress submit_output_start=214541043 submit_output_end=214541059 submit_output_duration_ms=16
[2026-01-30 15:01:38.889] [info] [spider.worker] [TIMING] task_id=cf442ce3-22e4-452e-8416-33c55b9d619b func=job_orchestration.executor.compress.spider_compress.compress fetch_input_start=214541096 fetch_input_end=214541097 fetch_input_duration_ms=1
[2026-01-30 15:01:58.248] [info] [spider.worker] [TIMING] task_id=cf442ce3-22e4-452e-8416-33c55b9d619b func=job_orchestration.executor.compress.spider_compress.compress execution_start=214541098 execution_end=214560457 execution_duration_ms=19358
[2026-01-30 15:01:58.266] [info] [spider.worker] [TIMING] task_id=cf442ce3-22e4-452e-8416-33c55b9d619b func=job_orchestration.executor.compress.spider_compress.compress submit_output_start=214560458 submit_output_end=214560475 submit_output_duration_ms=16
[2026-01-30 15:01:58.302] [info] [spider.worker] [TIMING] task_id=1f47bb70-896c-48dc-bc28-943518e6feff func=job_orchestration.executor.compress.spider_compress.compress fetch_input_start=214560510 fetch_input_end=214560510 fetch_input_duration_ms=0
[2026-01-30 15:02:09.765] [info] [spider.worker] [TIMING] task_id=1f47bb70-896c-48dc-bc28-943518e6feff func=job_orchestration.executor.compress.spider_compress.compress execution_start=214560511 execution_end=214571973 execution_duration_ms=11462
[2026-01-30 15:02:09.783] [info] [spider.worker] [TIMING] task_id=1f47bb70-896c-48dc-bc28-943518e6feff func=job_orchestration.executor.compress.spider_compress.compress submit_output_start=214571976 submit_output_end=214571991 submit_output_duration_ms=15
[2026-01-30 15:02:09.794] [info] [spider.worker] [TIMING] task_id=2e164da3-172f-40d9-989a-92088310defd func=job_orchestration.executor.compress.spider_compress.compress fetch_input_start=214572001 fetch_input_end=214572002 fetch_input_duration_ms=1
[2026-01-30 15:02:44.070] [info] [spider.worker] [TIMING] task_id=2e164da3-172f-40d9-989a-92088310defd func=job_orchestration.executor.compress.spider_compress.compress execution_start=214572003 execution_end=214606278 execution_duration_ms=34275
[2026-01-30 15:02:44.108] [info] [spider.worker] [TIMING] task_id=2e164da3-172f-40d9-989a-92088310defd func=job_orchestration.executor.compress.spider_compress.compress submit_output_start=214606281 submit_output_end=214606317 submit_output_duration_ms=35
[2026-01-30 15:02:44.160] [info] [spider.worker] [TIMING] task_id=912f194e-7c56-4b37-bcb4-4c95fabb7dff func=job_orchestration.executor.compress.spider_compress.compress fetch_input_start=214606367 fetch_input_end=214606368 fetch_input_duration_ms=0
[2026-01-30 15:03:07.121] [info] [spider.worker] [TIMING] task_id=912f194e-7c56-4b37-bcb4-4c95fabb7dff func=job_orchestration.executor.compress.spider_compress.compress execution_start=214606369 execution_end=214629329 execution_duration_ms=22960
[2026-01-30 15:03:07.163] [info] [spider.worker] [TIMING] task_id=912f194e-7c56-4b37-bcb4-4c95fabb7dff func=job_orchestration.executor.compress.spider_compress.compress submit_output_start=214629331 submit_output_end=214629372 submit_output_duration_ms=40
[2026-01-30 15:03:07.209] [info] [spider.worker] [TIMING] task_id=7db5b5e3-4c96-4534-932a-ee6177df9894 func=job_orchestration.executor.compress.spider_compress.compress fetch_input_start=214629417 fetch_input_end=214629418 fetch_input_duration_ms=0
[2026-01-30 15:03:47.778] [info] [spider.worker] [TIMING] task_id=7db5b5e3-4c96-4534-932a-ee6177df9894 func=job_orchestration.executor.compress.spider_compress.compress execution_start=214629419 execution_end=214669986 execution_duration_ms=40567
[2026-01-30 15:03:47.787] [info] [spider.worker] [TIMING] task_id=7db5b5e3-4c96-4534-932a-ee6177df9894 func=job_orchestration.executor.compress.spider_compress.compress submit_output_start=214669988 submit_output_end=214669995 submit_output_duration_ms=6
[2026-01-30 15:03:47.806] [info] [spider.worker] [TIMING] task_id=02c25ca2-6573-40c2-96db-c67e1f5dbea5 func=job_orchestration.executor.compress.spider_compress.compress fetch_input_start=214670014 fetch_input_end=214670015 fetch_input_duration_ms=1
[2026-01-30 15:03:59.120] [info] [spider.worker] [TIMING] task_id=02c25ca2-6573-40c2-96db-c67e1f5dbea5 func=job_orchestration.executor.compress.spider_compress.compress execution_start=214670016 execution_end=214681328 execution_duration_ms=11312
[2026-01-30 15:03:59.127] [info] [spider.worker] [TIMING] task_id=02c25ca2-6573-40c2-96db-c67e1f5dbea5 func=job_orchestration.executor.compress.spider_compress.compress submit_output_start=214681330 submit_output_end=214681336 submit_output_duration_ms=5
[2026-01-30 15:03:59.201] [info] [spider.worker] [TIMING] task_id=642471e2-ffe0-429f-bda5-64e4e857b696 func=job_orchestration.executor.compress.spider_compress.compress fetch_input_start=214681408 fetch_input_end=214681409 fetch_input_duration_ms=1
[2026-01-30 15:04:09.225] [info] [spider.worker] [TIMING] task_id=642471e2-ffe0-429f-bda5-64e4e857b696 func=job_orchestration.executor.compress.spider_compress.compress execution_start=214681410 execution_end=214691434 execution_duration_ms=10023
[2026-01-30 15:04:09.243] [info] [spider.worker] [TIMING] task_id=642471e2-ffe0-429f-bda5-64e4e857b696 func=job_orchestration.executor.compress.spider_compress.compress submit_output_start=214691436 submit_output_end=214691452 submit_output_duration_ms=15
[2026-01-30 15:04:09.262] [info] [spider.worker] [TIMING] task_id=a57ca5b9-0ad1-4346-bc1d-8f8307b412e1 func=job_orchestration.executor.compress.spider_compress.compress fetch_input_start=214691470 fetch_input_end=214691471 fetch_input_duration_ms=0
[2026-01-30 15:04:21.678] [info] [spider.worker] [TIMING] task_id=a57ca5b9-0ad1-4346-bc1d-8f8307b412e1 func=job_orchestration.executor.compress.spider_compress.compress execution_start=214691471 execution_end=214703887 execution_duration_ms=12415
[2026-01-30 15:04:21.684] [info] [spider.worker] [TIMING] task_id=a57ca5b9-0ad1-4346-bc1d-8f8307b412e1 func=job_orchestration.executor.compress.spider_compress.compress submit_output_start=214703889 submit_output_end=214703892 submit_output_duration_ms=3
[2026-01-30 15:04:21.695] [info] [spider.worker] [TIMING] task_id=ba2fa3aa-1004-4291-b094-c821fd8def4d func=job_orchestration.executor.compress.spider_compress.compress fetch_input_start=214703902 fetch_input_end=214703903 fetch_input_duration_ms=0
[2026-01-30 15:04:34.979] [info] [spider.worker] [TIMING] task_id=ba2fa3aa-1004-4291-b094-c821fd8def4d func=job_orchestration.executor.compress.spider_compress.compress execution_start=214703904 execution_end=214717187 execution_duration_ms=13283
[2026-01-30 15:04:34.991] [info] [spider.worker] [TIMING] task_id=ba2fa3aa-1004-4291-b094-c821fd8def4d func=job_orchestration.executor.compress.spider_compress.compress submit_output_start=214717189 submit_output_end=214717200 submit_output_duration_ms=10
[2026-01-30 15:04:35.002] [info] [spider.worker] [TIMING] task_id=651cdcf3-8d86-414f-90db-db1e4c69ac1b func=job_orchestration.executor.compress.spider_compress.compress fetch_input_start=214717210 fetch_input_end=214717211 fetch_input_duration_ms=0
[2026-01-30 15:05:22.662] [info] [spider.worker] [TIMING] task_id=651cdcf3-8d86-414f-90db-db1e4c69ac1b func=job_orchestration.executor.compress.spider_compress.compress execution_start=214717211 execution_end=214764871 execution_duration_ms=47659
[2026-01-30 15:05:23.181] [info] [spider.worker] [TIMING] task_id=651cdcf3-8d86-414f-90db-db1e4c69ac1b func=job_orchestration.executor.compress.spider_compress.compress submit_output_start=214764878 submit_output_end=214765390 submit_output_duration_ms=511
[2026-01-30 15:05:23.492] [info] [spider.worker] [TIMING] task_id=f211e918-f799-4c07-8c3c-eae484276a85 func=job_orchestration.executor.compress.spider_compress.compress fetch_input_start=214765699 fetch_input_end=214765700 fetch_input_duration_ms=1
[2026-01-30 15:05:36.358] [info] [spider.worker] [TIMING] task_id=f211e918-f799-4c07-8c3c-eae484276a85 func=job_orchestration.executor.compress.spider_compress.compress execution_start=214765701 execution_end=214778566 execution_duration_ms=12865
[2026-01-30 15:05:36.715] [info] [spider.worker] [TIMING] task_id=f211e918-f799-4c07-8c3c-eae484276a85 func=job_orchestration.executor.compress.spider_compress.compress submit_output_start=214778572 submit_output_end=214778923 submit_output_duration_ms=350
[2026-01-30 15:05:36.823] [info] [spider.worker] [TIMING] task_id=751f79c5-cb79-4807-bd3a-200e867fea37 func=job_orchestration.executor.compress.spider_compress.compress fetch_input_start=214779030 fetch_input_end=214779031 fetch_input_duration_ms=1
[2026-01-30 15:05:48.175] [info] [spider.worker] [TIMING] task_id=751f79c5-cb79-4807-bd3a-200e867fea37 func=job_orchestration.executor.compress.spider_compress.compress execution_start=214779032 execution_end=214790383 execution_duration_ms=11350
[2026-01-30 15:05:48.185] [info] [spider.worker] [TIMING] task_id=751f79c5-cb79-4807-bd3a-200e867fea37 func=job_orchestration.executor.compress.spider_compress.compress submit_output_start=214790385 submit_output_end=214790394 submit_output_duration_ms=9
[2026-01-30 15:05:48.230] [info] [spider.worker] [TIMING] task_id=d1845a2d-c273-48f8-a250-b7f5da9fb863 func=job_orchestration.executor.compress.spider_compress.compress fetch_input_start=214790437 fetch_input_end=214790438 fetch_input_duration_ms=0
[2026-01-30 15:06:32.214] [info] [spider.worker] [TIMING] task_id=d1845a2d-c273-48f8-a250-b7f5da9fb863 func=job_orchestration.executor.compress.spider_compress.compress execution_start=214790439 execution_end=214834423 execution_duration_ms=43983
[2026-01-30 15:06:32.274] [info] [spider.worker] [TIMING] task_id=d1845a2d-c273-48f8-a250-b7f5da9fb863 func=job_orchestration.executor.compress.spider_compress.compress submit_output_start=214834437 submit_output_end=214834483 submit_output_duration_ms=46
[2026-01-30 15:06:32.310] [info] [spider.worker] [TIMING] task_id=f16850d7-b447-48e7-a080-25a62e06ebfd func=job_orchestration.executor.compress.spider_compress.compress fetch_input_start=214834518 fetch_input_end=214834519 fetch_input_duration_ms=1
[2026-01-30 15:06:55.856] [info] [spider.worker] [TIMING] task_id=f16850d7-b447-48e7-a080-25a62e06ebfd func=job_orchestration.executor.compress.spider_compress.compress execution_start=214834519 execution_end=214858065 execution_duration_ms=23545
[2026-01-30 15:06:55.910] [info] [spider.worker] [TIMING] task_id=f16850d7-b447-48e7-a080-25a62e06ebfd func=job_orchestration.executor.compress.spider_compress.compress submit_output_start=214858067 submit_output_end=214858119 submit_output_duration_ms=52
[2026-01-30 15:06:55.948] [info] [spider.worker] [TIMING] task_id=61d247f4-e754-4a9d-a74f-5bb990f985d8 func=job_orchestration.executor.compress.spider_compress.compress fetch_input_start=214858141 fetch_input_end=214858157 fetch_input_duration_ms=15
[2026-01-30 15:07:27.844] [info] [spider.worker] [TIMING] task_id=61d247f4-e754-4a9d-a74f-5bb990f985d8 func=job_orchestration.executor.compress.spider_compress.compress execution_start=214858161 execution_end=214890052 execution_duration_ms=31891
[2026-01-30 15:07:27.872] [info] [spider.worker] [TIMING] task_id=61d247f4-e754-4a9d-a74f-5bb990f985d8 func=job_orchestration.executor.compress.spider_compress.compress submit_output_start=214890054 submit_output_end=214890080 submit_output_duration_ms=26
[2026-01-30 15:07:27.898] [info] [spider.worker] [TIMING] task_id=ac4ca58a-83e7-4371-a675-4e02aa4af93b func=job_orchestration.executor.compress.spider_compress.compress fetch_input_start=214890105 fetch_input_end=214890106 fetch_input_duration_ms=1
[2026-01-30 15:08:11.791] [info] [spider.worker] [TIMING] task_id=ac4ca58a-83e7-4371-a675-4e02aa4af93b func=job_orchestration.executor.compress.spider_compress.compress execution_start=214890107 execution_end=214934000 execution_duration_ms=43892
[2026-01-30 15:08:11.824] [info] [spider.worker] [TIMING] task_id=ac4ca58a-83e7-4371-a675-4e02aa4af93b func=job_orchestration.executor.compress.spider_compress.compress submit_output_start=214934002 submit_output_end=214934032 submit_output_duration_ms=30
[2026-01-30 15:08:11.845] [info] [spider.worker] [TIMING] task_id=16e4a079-7fbc-46c0-a83b-dcef310d2dcd func=job_orchestration.executor.compress.spider_compress.compress fetch_input_start=214934052 fetch_input_end=214934053 fetch_input_duration_ms=1
[2026-01-30 15:08:22.237] [info] [spider.worker] [TIMING] task_id=16e4a079-7fbc-46c0-a83b-dcef310d2dcd func=job_orchestration.executor.compress.spider_compress.compress execution_start=214934054 execution_end=214944446 execution_duration_ms=10391
[2026-01-30 15:08:22.274] [info] [spider.worker] [TIMING] task_id=16e4a079-7fbc-46c0-a83b-dcef310d2dcd func=job_orchestration.executor.compress.spider_compress.compress submit_output_start=214944458 submit_output_end=214944483 submit_output_duration_ms=24
[2026-01-30 15:08:22.295] [info] [spider.worker] [TIMING] task_id=fb90cad0-dcaa-44cb-b5a2-b79d722f6564 func=job_orchestration.executor.compress.spider_compress.compress fetch_input_start=214944502 fetch_input_end=214944503 fetch_input_duration_ms=1
[2026-01-30 15:08:52.761] [info] [spider.worker] [TIMING] task_id=fb90cad0-dcaa-44cb-b5a2-b79d722f6564 func=job_orchestration.executor.compress.spider_compress.compress execution_start=214944504 execution_end=214974970 execution_duration_ms=30465
[2026-01-30 15:08:52.772] [info] [spider.worker] [TIMING] task_id=fb90cad0-dcaa-44cb-b5a2-b79d722f6564 func=job_orchestration.executor.compress.spider_compress.compress submit_output_start=214974972 submit_output_end=214974980 submit_output_duration_ms=8
[2026-01-30 15:08:52.792] [info] [spider.worker] [TIMING] task_id=0816e47a-ba36-43b9-a364-f42a5aed33cf func=job_orchestration.executor.compress.spider_compress.compress fetch_input_start=214974999 fetch_input_end=214975000 fetch_input_duration_ms=1
[2026-01-30 15:09:45.092] [info] [spider.worker] [TIMING] task_id=0816e47a-ba36-43b9-a364-f42a5aed33cf func=job_orchestration.executor.compress.spider_compress.compress execution_start=214975001 execution_end=215027300 execution_duration_ms=52299
[2026-01-30 15:09:45.155] [info] [spider.worker] [TIMING] task_id=0816e47a-ba36-43b9-a364-f42a5aed33cf func=job_orchestration.executor.compress.spider_compress.compress submit_output_start=215027314 submit_output_end=215027364 submit_output_duration_ms=49
[2026-01-30 15:09:45.187] [info] [spider.worker] [TIMING] task_id=cc4c437b-094e-4264-8c9a-aa4c57195479 func=job_orchestration.executor.compress.spider_compress.compress fetch_input_start=215027394 fetch_input_end=215027395 fetch_input_duration_ms=0
[2026-01-30 15:10:28.797] [info] [spider.worker] [TIMING] task_id=cc4c437b-094e-4264-8c9a-aa4c57195479 func=job_orchestration.executor.compress.spider_compress.compress execution_start=215027396 execution_end=215071005 execution_duration_ms=43609
[2026-01-30 15:10:28.847] [info] [spider.worker] [TIMING] task_id=cc4c437b-094e-4264-8c9a-aa4c57195479 func=job_orchestration.executor.compress.spider_compress.compress submit_output_start=215071007 submit_output_end=215071056 submit_output_duration_ms=48
[2026-01-30 15:10:28.868] [info] [spider.worker] [TIMING] task_id=e78efdd5-7175-42b3-94ad-09b2abbcc28a func=job_orchestration.executor.compress.spider_compress.compress fetch_input_start=215071075 fetch_input_end=215071077 fetch_input_duration_ms=1
[2026-01-30 15:10:39.617] [info] [spider.worker] [TIMING] task_id=e78efdd5-7175-42b3-94ad-09b2abbcc28a func=job_orchestration.executor.compress.spider_compress.compress execution_start=215071077 execution_end=215081825 execution_duration_ms=10748
[2026-01-30 15:10:39.623] [info] [spider.worker] [TIMING] task_id=e78efdd5-7175-42b3-94ad-09b2abbcc28a func=job_orchestration.executor.compress.spider_compress.compress submit_output_start=215081827 submit_output_end=215081831 submit_output_duration_ms=3
[2026-01-30 15:10:39.643] [info] [spider.worker] [TIMING] task_id=a74eca00-d2b1-44e0-988f-be9f1041eec9 func=job_orchestration.executor.compress.spider_compress.compress fetch_input_start=215081849 fetch_input_end=215081851 fetch_input_duration_ms=1
[2026-01-30 15:11:19.372] [info] [spider.worker] [TIMING] task_id=a74eca00-d2b1-44e0-988f-be9f1041eec9 func=job_orchestration.executor.compress.spider_compress.compress execution_start=215081867 execution_end=215121580 execution_duration_ms=39713
[2026-01-30 15:11:19.386] [info] [spider.worker] [TIMING] task_id=a74eca00-d2b1-44e0-988f-be9f1041eec9 func=job_orchestration.executor.compress.spider_compress.compress submit_output_start=215121581 submit_output_end=215121594 submit_output_duration_ms=13
[2026-01-30 15:11:19.422] [info] [spider.worker] [TIMING] task_id=0ca04ca5-e1ab-4217-8954-735155ec3fad func=job_orchestration.executor.compress.spider_compress.compress fetch_input_start=215121630 fetch_input_end=215121631 fetch_input_duration_ms=1
[2026-01-30 15:11:32.717] [info] [spider.worker] [TIMING] task_id=0ca04ca5-e1ab-4217-8954-735155ec3fad func=job_orchestration.executor.compress.spider_compress.compress execution_start=215121631 execution_end=215134925 execution_duration_ms=13294
[2026-01-30 15:11:32.835] [info] [spider.worker] [TIMING] task_id=0ca04ca5-e1ab-4217-8954-735155ec3fad func=job_orchestration.executor.compress.spider_compress.compress submit_output_start=215135004 submit_output_end=215135044 submit_output_duration_ms=39
[2026-01-30 15:11:32.938] [info] [spider.worker] [TIMING] task_id=d77b7fda-48bb-4b4c-be83-f348f62a9601 func=job_orchestration.executor.compress.spider_compress.compress fetch_input_start=215135145 fetch_input_end=215135146 fetch_input_duration_ms=1
[2026-01-30 15:11:51.273] [info] [spider.worker] [TIMING] task_id=d77b7fda-48bb-4b4c-be83-f348f62a9601 func=job_orchestration.executor.compress.spider_compress.compress execution_start=215135147 execution_end=215153481 execution_duration_ms=18334
[2026-01-30 15:11:51.307] [info] [spider.worker] [TIMING] task_id=d77b7fda-48bb-4b4c-be83-f348f62a9601 func=job_orchestration.executor.compress.spider_compress.compress submit_output_start=215153484 submit_output_end=215153516 submit_output_duration_ms=31
[2026-01-30 15:11:51.328] [info] [spider.worker] [TIMING] task_id=03a083bc-2da7-4351-a7fa-bff4f0a8362e func=job_orchestration.executor.compress.spider_compress.compress fetch_input_start=215153536 fetch_input_end=215153537 fetch_input_duration_ms=1
[2026-01-30 15:12:03.369] [info] [spider.worker] [TIMING] task_id=03a083bc-2da7-4351-a7fa-bff4f0a8362e func=job_orchestration.executor.compress.spider_compress.compress execution_start=215153538 execution_end=215165577 execution_duration_ms=12039
[2026-01-30 15:12:03.374] [info] [spider.worker] [TIMING] task_id=03a083bc-2da7-4351-a7fa-bff4f0a8362e func=job_orchestration.executor.compress.spider_compress.compress submit_output_start=215165578 submit_output_end=215165583 submit_output_duration_ms=4
[2026-01-30 15:12:03.386] [info] [spider.worker] [TIMING] task_id=632f4340-f8bb-4ca1-a42b-4ac72ea8cf26 func=job_orchestration.executor.compress.spider_compress.compress fetch_input_start=215165593 fetch_input_end=215165594 fetch_input_duration_ms=1
[2026-01-30 15:12:27.817] [info] [spider.worker] [TIMING] task_id=632f4340-f8bb-4ca1-a42b-4ac72ea8cf26 func=job_orchestration.executor.compress.spider_compress.compress execution_start=215165595 execution_end=215190025 execution_duration_ms=24430
[2026-01-30 15:12:27.822] [info] [spider.worker] [TIMING] task_id=632f4340-f8bb-4ca1-a42b-4ac72ea8cf26 func=job_orchestration.executor.compress.spider_compress.compress submit_output_start=215190026 submit_output_end=215190031 submit_output_duration_ms=4
[2026-01-30 15:17:10.214] [info] [spider.worker] [TIMING] task_id=e65007f9-f029-41f6-838d-a019be3c3716 func=job_orchestration.executor.query.spider_search_task.search_without_channel fetch_input_start=215472420 fetch_input_end=215472422 fetch_input_duration_ms=2
[2026-01-30 15:17:11.615] [info] [spider.worker] [TIMING] task_id=e65007f9-f029-41f6-838d-a019be3c3716 func=job_orchestration.executor.query.spider_search_task.search_without_channel execution_start=215472423 execution_end=215473824 execution_duration_ms=1400
[2026-01-30 15:17:11.678] [info] [spider.worker] [TIMING] task_id=e65007f9-f029-41f6-838d-a019be3c3716 func=job_orchestration.executor.query.spider_search_task.search_without_channel submit_output_start=215473825 submit_output_end=215473887 submit_output_duration_ms=61
[2026-01-30 15:17:11.726] [info] [spider.worker] [TIMING] task_id=988481f7-1425-4650-916a-e6f0768279b6 func=job_orchestration.executor.query.spider_search_task.search_without_channel fetch_input_start=215473934 fetch_input_end=215473934 fetch_input_duration_ms=0
[2026-01-30 15:17:12.951] [info] [spider.worker] [TIMING] task_id=988481f7-1425-4650-916a-e6f0768279b6 func=job_orchestration.executor.query.spider_search_task.search_without_channel execution_start=215473935 execution_end=215475160 execution_duration_ms=1224
[2026-01-30 15:17:12.974] [info] [spider.worker] [TIMING] task_id=988481f7-1425-4650-916a-e6f0768279b6 func=job_orchestration.executor.query.spider_search_task.search_without_channel submit_output_start=215475165 submit_output_end=215475182 submit_output_duration_ms=16
[2026-01-30 15:17:13.018] [info] [spider.worker] [TIMING] task_id=e01785cc-b9f3-4adf-b1a8-3aab50cf831a func=job_orchestration.executor.query.spider_search_task.search_without_channel fetch_input_start=215475225 fetch_input_end=215475226 fetch_input_duration_ms=0
[2026-01-30 15:17:14.228] [info] [spider.worker] [TIMING] task_id=e01785cc-b9f3-4adf-b1a8-3aab50cf831a func=job_orchestration.executor.query.spider_search_task.search_without_channel execution_start=215475227 execution_end=215476436 execution_duration_ms=1209
[2026-01-30 15:17:14.299] [info] [spider.worker] [TIMING] task_id=e01785cc-b9f3-4adf-b1a8-3aab50cf831a func=job_orchestration.executor.query.spider_search_task.search_without_channel submit_output_start=215476451 submit_output_end=215476508 submit_output_duration_ms=56
[2026-01-30 15:17:14.360] [info] [spider.worker] [TIMING] task_id=6687114d-a677-4d75-8fca-c18d075bfa72 func=job_orchestration.executor.query.spider_search_task.search_without_channel fetch_input_start=215476567 fetch_input_end=215476569 fetch_input_duration_ms=1
[2026-01-30 15:17:15.575] [info] [spider.worker] [TIMING] task_id=6687114d-a677-4d75-8fca-c18d075bfa72 func=job_orchestration.executor.query.spider_search_task.search_without_channel execution_start=215476570 execution_end=215477784 execution_duration_ms=1214
[2026-01-30 15:17:15.637] [info] [spider.worker] [TIMING] task_id=6687114d-a677-4d75-8fca-c18d075bfa72 func=job_orchestration.executor.query.spider_search_task.search_without_channel submit_output_start=215477786 submit_output_end=215477845 submit_output_duration_ms=59
[2026-01-30 15:17:15.685] [info] [spider.worker] [TIMING] task_id=0e03a905-acaa-4240-9dff-a9c785686e40 func=job_orchestration.executor.query.spider_search_task.search_without_channel fetch_input_start=215477893 fetch_input_end=215477893 fetch_input_duration_ms=0
[2026-01-30 15:17:16.809] [info] [spider.worker] [TIMING] task_id=0e03a905-acaa-4240-9dff-a9c785686e40 func=job_orchestration.executor.query.spider_search_task.search_without_channel execution_start=215477894 execution_end=215479017 execution_duration_ms=1122
[2026-01-30 15:17:16.874] [info] [spider.worker] [TIMING] task_id=0e03a905-acaa-4240-9dff-a9c785686e40 func=job_orchestration.executor.query.spider_search_task.search_without_channel submit_output_start=215479024 submit_output_end=215479082 submit_output_duration_ms=58
[2026-01-30 15:17:16.993] [info] [spider.worker] [TIMING] task_id=3050e311-0c10-4eda-abf0-87f9aab2ee6b func=job_orchestration.executor.query.spider_search_task.search_without_channel fetch_input_start=215479200 fetch_input_end=215479201 fetch_input_duration_ms=0
[2026-01-30 15:17:18.191] [info] [spider.worker] [TIMING] task_id=3050e311-0c10-4eda-abf0-87f9aab2ee6b func=job_orchestration.executor.query.spider_search_task.search_without_channel execution_start=215479202 execution_end=215480400 execution_duration_ms=1198
[2026-01-30 15:17:18.200] [info] [spider.worker] [TIMING] task_id=3050e311-0c10-4eda-abf0-87f9aab2ee6b func=job_orchestration.executor.query.spider_search_task.search_without_channel submit_output_start=215480402 submit_output_end=215480408 submit_output_duration_ms=6
[2026-01-30 15:17:18.262] [info] [spider.worker] [TIMING] task_id=470a328d-69bd-435e-91bb-ddfbf9958e9c func=job_orchestration.executor.query.spider_search_task.search_without_channel fetch_input_start=215480470 fetch_input_end=215480471 fetch_input_duration_ms=0
[2026-01-30 15:17:19.574] [info] [spider.worker] [TIMING] task_id=470a328d-69bd-435e-91bb-ddfbf9958e9c func=job_orchestration.executor.query.spider_search_task.search_without_channel execution_start=215480471 execution_end=215481782 execution_duration_ms=1310
[2026-01-30 15:17:19.584] [info] [spider.worker] [TIMING] task_id=470a328d-69bd-435e-91bb-ddfbf9958e9c func=job_orchestration.executor.query.spider_search_task.search_without_channel submit_output_start=215481784 submit_output_end=215481792 submit_output_duration_ms=8
[2026-01-30 15:17:19.594] [info] [spider.worker] [TIMING] task_id=301c2dd7-80d8-466e-8043-15ab1396a079 func=job_orchestration.executor.query.spider_search_task.search_without_channel fetch_input_start=215481802 fetch_input_end=215481803 fetch_input_duration_ms=0
[2026-01-30 15:17:20.926] [info] [spider.worker] [TIMING] task_id=301c2dd7-80d8-466e-8043-15ab1396a079 func=job_orchestration.executor.query.spider_search_task.search_without_channel execution_start=215481803 execution_end=215483134 execution_duration_ms=1330
[2026-01-30 15:17:20.942] [info] [spider.worker] [TIMING] task_id=301c2dd7-80d8-466e-8043-15ab1396a079 func=job_orchestration.executor.query.spider_search_task.search_without_channel submit_output_start=215483136 submit_output_end=215483150 submit_output_duration_ms=14
[2026-01-30 15:17:20.962] [info] [spider.worker] [TIMING] task_id=25b7c243-9b16-487c-81be-6fbf57bb4c37 func=job_orchestration.executor.query.spider_search_task.search_without_channel fetch_input_start=215483169 fetch_input_end=215483170 fetch_input_duration_ms=1
[2026-01-30 15:17:22.151] [info] [spider.worker] [TIMING] task_id=25b7c243-9b16-487c-81be-6fbf57bb4c37 func=job_orchestration.executor.query.spider_search_task.search_without_channel execution_start=215483171 execution_end=215484360 execution_duration_ms=1188
[2026-01-30 15:17:22.211] [info] [spider.worker] [TIMING] task_id=25b7c243-9b16-487c-81be-6fbf57bb4c37 func=job_orchestration.executor.query.spider_search_task.search_without_channel submit_output_start=215484362 submit_output_end=215484420 submit_output_duration_ms=57
[2026-01-30 15:17:22.236] [info] [spider.worker] [TIMING] task_id=33b99d7e-f7ff-4654-af2c-c8e6bfca8078 func=job_orchestration.executor.query.spider_search_task.search_without_channel fetch_input_start=215484443 fetch_input_end=215484444 fetch_input_duration_ms=0
[2026-01-30 15:17:23.438] [info] [spider.worker] [TIMING] task_id=33b99d7e-f7ff-4654-af2c-c8e6bfca8078 func=job_orchestration.executor.query.spider_search_task.search_without_channel execution_start=215484445 execution_end=215485646 execution_duration_ms=1201
[2026-01-30 15:17:23.485] [info] [spider.worker] [TIMING] task_id=33b99d7e-f7ff-4654-af2c-c8e6bfca8078 func=job_orchestration.executor.query.spider_search_task.search_without_channel submit_output_start=215485648 submit_output_end=215485693 submit_output_duration_ms=45
[2026-01-30 15:17:23.528] [info] [spider.worker] [TIMING] task_id=b05ddcff-372f-4c84-99f6-3853a72435ec func=job_orchestration.executor.query.spider_search_task.search_without_channel fetch_input_start=215485736 fetch_input_end=215485737 fetch_input_duration_ms=0
[2026-01-30 15:17:24.742] [info] [spider.worker] [TIMING] task_id=b05ddcff-372f-4c84-99f6-3853a72435ec func=job_orchestration.executor.query.spider_search_task.search_without_channel execution_start=215485737 execution_end=215486950 execution_duration_ms=1212
[2026-01-30 15:17:24.786] [info] [spider.worker] [TIMING] task_id=b05ddcff-372f-4c84-99f6-3853a72435ec func=job_orchestration.executor.query.spider_search_task.search_without_channel submit_output_start=215486976 submit_output_end=215486995 submit_output_duration_ms=18
[2026-01-30 15:17:24.806] [info] [spider.worker] [TIMING] task_id=dbe632f9-176f-4fef-90b8-1c349123bb1d func=job_orchestration.executor.query.spider_search_task.search_without_channel fetch_input_start=215487013 fetch_input_end=215487014 fetch_input_duration_ms=1
[2026-01-30 15:17:26.073] [info] [spider.worker] [TIMING] task_id=dbe632f9-176f-4fef-90b8-1c349123bb1d func=job_orchestration.executor.query.spider_search_task.search_without_channel execution_start=215487015 execution_end=215488281 execution_duration_ms=1266
[2026-01-30 15:17:26.111] [info] [spider.worker] [TIMING] task_id=dbe632f9-176f-4fef-90b8-1c349123bb1d func=job_orchestration.executor.query.spider_search_task.search_without_channel submit_output_start=215488282 submit_output_end=215488320 submit_output_duration_ms=37
[2026-01-30 15:17:26.131] [info] [spider.worker] [TIMING] task_id=17b6af04-efba-437d-84c1-49b9d0281369 func=job_orchestration.executor.query.spider_search_task.search_without_channel fetch_input_start=215488339 fetch_input_end=215488340 fetch_input_duration_ms=1
[2026-01-30 15:17:27.425] [info] [spider.worker] [TIMING] task_id=17b6af04-efba-437d-84c1-49b9d0281369 func=job_orchestration.executor.query.spider_search_task.search_without_channel execution_start=215488340 execution_end=215489634 execution_duration_ms=1293
[2026-01-30 15:17:27.445] [info] [spider.worker] [TIMING] task_id=17b6af04-efba-437d-84c1-49b9d0281369 func=job_orchestration.executor.query.spider_search_task.search_without_channel submit_output_start=215489636 submit_output_end=215489653 submit_output_duration_ms=17
[2026-01-30 15:17:27.464] [info] [spider.worker] [TIMING] task_id=29276ac9-be2b-472b-9e1a-920129ef767e func=job_orchestration.executor.query.spider_search_task.search_without_channel fetch_input_start=215489672 fetch_input_end=215489673 fetch_input_duration_ms=0
[2026-01-30 15:17:28.644] [info] [spider.worker] [TIMING] task_id=29276ac9-be2b-472b-9e1a-920129ef767e func=job_orchestration.executor.query.spider_search_task.search_without_channel execution_start=215489674 execution_end=215490852 execution_duration_ms=1178
[2026-01-30 15:17:28.662] [info] [spider.worker] [TIMING] task_id=29276ac9-be2b-472b-9e1a-920129ef767e func=job_orchestration.executor.query.spider_search_task.search_without_channel submit_output_start=215490854 submit_output_end=215490870 submit_output_duration_ms=16
[2026-01-30 15:17:28.706] [info] [spider.worker] [TIMING] task_id=086682b2-e55d-4b67-a0b2-86cedb9358cd func=job_orchestration.executor.query.spider_search_task.search_without_channel fetch_input_start=215490913 fetch_input_end=215490914 fetch_input_duration_ms=0
[2026-01-30 15:17:29.891] [info] [spider.worker] [TIMING] task_id=086682b2-e55d-4b67-a0b2-86cedb9358cd func=job_orchestration.executor.query.spider_search_task.search_without_channel execution_start=215490915 execution_end=215492099 execution_duration_ms=1184
[2026-01-30 15:17:29.922] [info] [spider.worker] [TIMING] task_id=086682b2-e55d-4b67-a0b2-86cedb9358cd func=job_orchestration.executor.query.spider_search_task.search_without_channel submit_output_start=215492101 submit_output_end=215492130 submit_output_duration_ms=29
[2026-01-30 15:17:29.948] [info] [spider.worker] [TIMING] task_id=31bdc11c-861c-4bef-8fcf-ba4af009a7db func=job_orchestration.executor.query.spider_search_task.search_without_channel fetch_input_start=215492155 fetch_input_end=215492156 fetch_input_duration_ms=1
[2026-01-30 15:17:31.166] [info] [spider.worker] [TIMING] task_id=31bdc11c-861c-4bef-8fcf-ba4af009a7db func=job_orchestration.executor.query.spider_search_task.search_without_channel execution_start=215492157 execution_end=215493375 execution_duration_ms=1217
[2026-01-30 15:17:31.201] [info] [spider.worker] [TIMING] task_id=31bdc11c-861c-4bef-8fcf-ba4af009a7db func=job_orchestration.executor.query.spider_search_task.search_without_channel submit_output_start=215493377 submit_output_end=215493409 submit_output_duration_ms=32
[2026-01-30 15:17:31.224] [info] [spider.worker] [TIMING] task_id=5c972ae7-d435-4a0a-87a0-06e3f08f0471 func=job_orchestration.executor.query.spider_search_task.search_without_channel fetch_input_start=215493431 fetch_input_end=215493432 fetch_input_duration_ms=1
[2026-01-30 15:17:32.461] [info] [spider.worker] [TIMING] task_id=5c972ae7-d435-4a0a-87a0-06e3f08f0471 func=job_orchestration.executor.query.spider_search_task.search_without_channel execution_start=215493433 execution_end=215494669 execution_duration_ms=1236
[2026-01-30 15:17:32.487] [info] [spider.worker] [TIMING] task_id=5c972ae7-d435-4a0a-87a0-06e3f08f0471 func=job_orchestration.executor.query.spider_search_task.search_without_channel submit_output_start=215494680 submit_output_end=215494695 submit_output_duration_ms=15
[2026-01-30 15:17:32.506] [info] [spider.worker] [TIMING] task_id=040f9533-032c-45c6-953e-3ec7cf60e349 func=job_orchestration.executor.query.spider_search_task.search_without_channel fetch_input_start=215494714 fetch_input_end=215494715 fetch_input_duration_ms=1
[2026-01-30 15:17:33.655] [info] [spider.worker] [TIMING] task_id=040f9533-032c-45c6-953e-3ec7cf60e349 func=job_orchestration.executor.query.spider_search_task.search_without_channel execution_start=215494716 execution_end=215495864 execution_duration_ms=1147
[2026-01-30 15:17:33.662] [info] [spider.worker] [TIMING] task_id=040f9533-032c-45c6-953e-3ec7cf60e349 func=job_orchestration.executor.query.spider_search_task.search_without_channel submit_output_start=215495865 submit_output_end=215495870 submit_output_duration_ms=4
[2026-01-30 15:17:33.695] [info] [spider.worker] [TIMING] task_id=4451640d-c0c0-48b3-b4e8-ea5f65ab29f7 func=job_orchestration.executor.query.spider_search_task.search_without_channel fetch_input_start=215495902 fetch_input_end=215495903 fetch_input_duration_ms=1
[2026-01-30 15:17:34.946] [info] [spider.worker] [TIMING] task_id=4451640d-c0c0-48b3-b4e8-ea5f65ab29f7 func=job_orchestration.executor.query.spider_search_task.search_without_channel execution_start=215495904 execution_end=215497154 execution_duration_ms=1249
[2026-01-30 15:17:34.970] [info] [spider.worker] [TIMING] task_id=4451640d-c0c0-48b3-b4e8-ea5f65ab29f7 func=job_orchestration.executor.query.spider_search_task.search_without_channel submit_output_start=215497156 submit_output_end=215497178 submit_output_duration_ms=22
[2026-01-30 15:17:34.990] [info] [spider.worker] [TIMING] task_id=e639cb9a-b025-41eb-821d-55774377a369 func=job_orchestration.executor.query.spider_search_task.search_without_channel fetch_input_start=215497197 fetch_input_end=215497198 fetch_input_duration_ms=0
[2026-01-30 15:17:36.494] [info] [spider.worker] [TIMING] task_id=e639cb9a-b025-41eb-821d-55774377a369 func=job_orchestration.executor.query.spider_search_task.search_without_channel execution_start=215497199 execution_end=215498702 execution_duration_ms=1503
[2026-01-30 15:17:36.604] [info] [spider.worker] [TIMING] task_id=e639cb9a-b025-41eb-821d-55774377a369 func=job_orchestration.executor.query.spider_search_task.search_without_channel submit_output_start=215498704 submit_output_end=215498813 submit_output_duration_ms=108
[2026-01-30 15:17:36.745] [info] [spider.worker] [TIMING] task_id=c31a4a1c-a58f-4793-9909-8f9495b0993f func=job_orchestration.executor.query.spider_search_task.search_without_channel fetch_input_start=215498952 fetch_input_end=215498953 fetch_input_duration_ms=1
[2026-01-30 15:17:38.049] [info] [spider.worker] [TIMING] task_id=c31a4a1c-a58f-4793-9909-8f9495b0993f func=job_orchestration.executor.query.spider_search_task.search_without_channel execution_start=215498954 execution_end=215500258 execution_duration_ms=1303
[2026-01-30 15:17:38.079] [info] [spider.worker] [TIMING] task_id=c31a4a1c-a58f-4793-9909-8f9495b0993f func=job_orchestration.executor.query.spider_search_task.search_without_channel submit_output_start=215500259 submit_output_end=215500287 submit_output_duration_ms=27
[2026-01-30 15:17:38.099] [info] [spider.worker] [TIMING] task_id=0d9d8ac6-edfd-49e2-8af9-fbf2a09f5c09 func=job_orchestration.executor.query.spider_search_task.search_without_channel fetch_input_start=215500307 fetch_input_end=215500307 fetch_input_duration_ms=0
[2026-01-30 15:17:39.392] [info] [spider.worker] [TIMING] task_id=0d9d8ac6-edfd-49e2-8af9-fbf2a09f5c09 func=job_orchestration.executor.query.spider_search_task.search_without_channel execution_start=215500308 execution_end=215501601 execution_duration_ms=1292
[2026-01-30 15:17:39.421] [info] [spider.worker] [TIMING] task_id=0d9d8ac6-edfd-49e2-8af9-fbf2a09f5c09 func=job_orchestration.executor.query.spider_search_task.search_without_channel submit_output_start=215501608 submit_output_end=215501630 submit_output_duration_ms=21
[2026-01-30 15:17:39.440] [info] [spider.worker] [TIMING] task_id=1c480a6b-d700-4f7a-96f3-0f81196cbda9 func=job_orchestration.executor.query.spider_search_task.search_without_channel fetch_input_start=215501648 fetch_input_end=215501649 fetch_input_duration_ms=0
[2026-01-30 15:17:40.581] [info] [spider.worker] [TIMING] task_id=1c480a6b-d700-4f7a-96f3-0f81196cbda9 func=job_orchestration.executor.query.spider_search_task.search_without_channel execution_start=215501649 execution_end=215502790 execution_duration_ms=1140
[2026-01-30 15:17:40.630] [info] [spider.worker] [TIMING] task_id=1c480a6b-d700-4f7a-96f3-0f81196cbda9 func=job_orchestration.executor.query.spider_search_task.search_without_channel submit_output_start=215502791 submit_output_end=215502838 submit_output_duration_ms=47
[2026-01-30 15:17:40.649] [info] [spider.worker] [TIMING] task_id=fc16c30c-bb2f-4b76-80ec-1611d0637cf0 func=job_orchestration.executor.query.spider_search_task.search_without_channel fetch_input_start=215502857 fetch_input_end=215502857 fetch_input_duration_ms=0
[2026-01-30 15:17:41.821] [info] [spider.worker] [TIMING] task_id=fc16c30c-bb2f-4b76-80ec-1611d0637cf0 func=job_orchestration.executor.query.spider_search_task.search_without_channel execution_start=215502858 execution_end=215504029 execution_duration_ms=1171
[2026-01-30 15:17:41.848] [info] [spider.worker] [TIMING] task_id=fc16c30c-bb2f-4b76-80ec-1611d0637cf0 func=job_orchestration.executor.query.spider_search_task.search_without_channel submit_output_start=215504031 submit_output_end=215504056 submit_output_duration_ms=25
[2026-01-30 15:17:41.866] [info] [spider.worker] [TIMING] task_id=862b4037-aa55-45b0-ad6a-0b85c78cadc8 func=job_orchestration.executor.query.spider_search_task.search_without_channel fetch_input_start=215504074 fetch_input_end=215504075 fetch_input_duration_ms=1
[2026-01-30 15:17:43.181] [info] [spider.worker] [TIMING] task_id=862b4037-aa55-45b0-ad6a-0b85c78cadc8 func=job_orchestration.executor.query.spider_search_task.search_without_channel execution_start=215504075 execution_end=215505390 execution_duration_ms=1314
[2026-01-30 15:17:43.205] [info] [spider.worker] [TIMING] task_id=862b4037-aa55-45b0-ad6a-0b85c78cadc8 func=job_orchestration.executor.query.spider_search_task.search_without_channel submit_output_start=215505391 submit_output_end=215505414 submit_output_duration_ms=22
[2026-01-30 15:17:43.249] [info] [spider.worker] [TIMING] task_id=e2e4d50d-e391-46b7-9b00-0444c4487ab4 func=job_orchestration.executor.query.spider_search_task.search_without_channel fetch_input_start=215505457 fetch_input_end=215505458 fetch_input_duration_ms=0
[2026-01-30 15:17:44.498] [info] [spider.worker] [TIMING] task_id=e2e4d50d-e391-46b7-9b00-0444c4487ab4 func=job_orchestration.executor.query.spider_search_task.search_without_channel execution_start=215505458 execution_end=215506707 execution_duration_ms=1248
[2026-01-30 15:17:44.547] [info] [spider.worker] [TIMING] task_id=e2e4d50d-e391-46b7-9b00-0444c4487ab4 func=job_orchestration.executor.query.spider_search_task.search_without_channel submit_output_start=215506738 submit_output_end=215506756 submit_output_duration_ms=17
[2026-01-30 15:17:44.592] [info] [spider.worker] [TIMING] task_id=451e451f-7632-4f2f-8eed-17640550dc75 func=job_orchestration.executor.query.spider_search_task.search_without_channel fetch_input_start=215506799 fetch_input_end=215506800 fetch_input_duration_ms=1
[2026-01-30 15:17:45.839] [info] [spider.worker] [TIMING] task_id=451e451f-7632-4f2f-8eed-17640550dc75 func=job_orchestration.executor.query.spider_search_task.search_without_channel execution_start=215506801 execution_end=215508047 execution_duration_ms=1246
[2026-01-30 15:17:45.847] [info] [spider.worker] [TIMING] task_id=451e451f-7632-4f2f-8eed-17640550dc75 func=job_orchestration.executor.query.spider_search_task.search_without_channel submit_output_start=215508049 submit_output_end=215508056 submit_output_duration_ms=6
[2026-01-30 15:17:45.866] [info] [spider.worker] [TIMING] task_id=f1ab7b13-12fe-4b7c-9104-c02aeff1900e func=job_orchestration.executor.query.spider_search_task.search_without_channel fetch_input_start=215508074 fetch_input_end=215508075 fetch_input_duration_ms=0
[2026-01-30 15:17:46.989] [info] [spider.worker] [TIMING] task_id=f1ab7b13-12fe-4b7c-9104-c02aeff1900e func=job_orchestration.executor.query.spider_search_task.search_without_channel execution_start=215508075 execution_end=215509198 execution_duration_ms=1122
[2026-01-30 15:17:47.006] [info] [spider.worker] [TIMING] task_id=f1ab7b13-12fe-4b7c-9104-c02aeff1900e func=job_orchestration.executor.query.spider_search_task.search_without_channel submit_output_start=215509200 submit_output_end=215509214 submit_output_duration_ms=14
[2026-01-30 15:17:47.025] [info] [spider.worker] [TIMING] task_id=b50ce966-3d42-4b59-b5db-f374fee8f9b7 func=job_orchestration.executor.query.spider_search_task.search_without_channel fetch_input_start=215509233 fetch_input_end=215509234 fetch_input_duration_ms=1
[2026-01-30 15:17:48.217] [info] [spider.worker] [TIMING] task_id=b50ce966-3d42-4b59-b5db-f374fee8f9b7 func=job_orchestration.executor.query.spider_search_task.search_without_channel execution_start=215509235 execution_end=215510425 execution_duration_ms=1190
[2026-01-30 15:17:48.297] [info] [spider.worker] [TIMING] task_id=b50ce966-3d42-4b59-b5db-f374fee8f9b7 func=job_orchestration.executor.query.spider_search_task.search_without_channel submit_output_start=215510427 submit_output_end=215510506 submit_output_duration_ms=78
[2026-01-30 15:17:48.384] [info] [spider.worker] [TIMING] task_id=c965ec94-1cb7-46c1-8c86-39b53e3ab728 func=job_orchestration.executor.query.spider_search_task.search_without_channel fetch_input_start=215510591 fetch_input_end=215510592 fetch_input_duration_ms=1
[2026-01-30 15:17:49.631] [info] [spider.worker] [TIMING] task_id=c965ec94-1cb7-46c1-8c86-39b53e3ab728 func=job_orchestration.executor.query.spider_search_task.search_without_channel execution_start=215510593 execution_end=215511840 execution_duration_ms=1246
[2026-01-30 15:17:49.702] [info] [spider.worker] [TIMING] task_id=c965ec94-1cb7-46c1-8c86-39b53e3ab728 func=job_orchestration.executor.query.spider_search_task.search_without_channel submit_output_start=215511853 submit_output_end=215511911 submit_output_duration_ms=58
[2026-01-30 15:17:49.751] [info] [spider.worker] [TIMING] task_id=65a4cd17-308a-4816-9bb2-4885571148d6 func=job_orchestration.executor.query.spider_search_task.search_without_channel fetch_input_start=215511958 fetch_input_end=215511960 fetch_input_duration_ms=1
[2026-01-30 15:17:51.071] [info] [spider.worker] [TIMING] task_id=65a4cd17-308a-4816-9bb2-4885571148d6 func=job_orchestration.executor.query.spider_search_task.search_without_channel execution_start=215511960 execution_end=215513279 execution_duration_ms=1318
[2026-01-30 15:17:51.131] [info] [spider.worker] [TIMING] task_id=65a4cd17-308a-4816-9bb2-4885571148d6 func=job_orchestration.executor.query.spider_search_task.search_without_channel submit_output_start=215513281 submit_output_end=215513339 submit_output_duration_ms=57
[2026-01-30 15:17:51.151] [info] [spider.worker] [TIMING] task_id=a8f68831-0282-4084-85a4-da9beac1a6b3 func=job_orchestration.executor.query.spider_search_task.search_without_channel fetch_input_start=215513359 fetch_input_end=215513360 fetch_input_duration_ms=1
[2026-01-30 15:17:52.433] [info] [spider.worker] [TIMING] task_id=a8f68831-0282-4084-85a4-da9beac1a6b3 func=job_orchestration.executor.query.spider_search_task.search_without_channel execution_start=215513361 execution_end=215514641 execution_duration_ms=1280
[2026-01-30 15:17:52.457] [info] [spider.worker] [TIMING] task_id=a8f68831-0282-4084-85a4-da9beac1a6b3 func=job_orchestration.executor.query.spider_search_task.search_without_channel submit_output_start=215514650 submit_output_end=215514665 submit_output_duration_ms=15
[2026-01-30 15:17:52.494] [info] [spider.worker] [TIMING] task_id=99dd317b-b7e3-464a-9f66-39b7e075f37a func=job_orchestration.executor.query.spider_search_task.search_without_channel fetch_input_start=215514701 fetch_input_end=215514702 fetch_input_duration_ms=0
[2026-01-30 15:17:53.598] [info] [spider.worker] [TIMING] task_id=99dd317b-b7e3-464a-9f66-39b7e075f37a func=job_orchestration.executor.query.spider_search_task.search_without_channel execution_start=215514703 execution_end=215515806 execution_duration_ms=1103
[2026-01-30 15:17:53.657] [info] [spider.worker] [TIMING] task_id=99dd317b-b7e3-464a-9f66-39b7e075f37a func=job_orchestration.executor.query.spider_search_task.search_without_channel submit_output_start=215515808 submit_output_end=215515865 submit_output_duration_ms=57
[2026-01-30 15:17:53.696] [info] [spider.worker] [TIMING] task_id=56e213d4-5a43-40b2-86eb-79d9263bca68 func=job_orchestration.executor.query.spider_search_task.search_without_channel fetch_input_start=215515903 fetch_input_end=215515905 fetch_input_duration_ms=1
[2026-01-30 15:17:54.842] [info] [spider.worker] [TIMING] task_id=56e213d4-5a43-40b2-86eb-79d9263bca68 func=job_orchestration.executor.query.spider_search_task.search_without_channel execution_start=215515905 execution_end=215517050 execution_duration_ms=1144
[2026-01-30 15:17:54.905] [info] [spider.worker] [TIMING] task_id=56e213d4-5a43-40b2-86eb-79d9263bca68 func=job_orchestration.executor.query.spider_search_task.search_without_channel submit_output_start=215517055 submit_output_end=215517113 submit_output_duration_ms=58
[2026-01-30 15:17:54.960] [info] [spider.worker] [TIMING] task_id=e7c7c127-ff90-44dd-809c-1551e7e7783d func=job_orchestration.executor.query.spider_search_task.search_without_channel fetch_input_start=215517168 fetch_input_end=215517169 fetch_input_duration_ms=0
[2026-01-30 15:17:56.387] [info] [spider.worker] [TIMING] task_id=e7c7c127-ff90-44dd-809c-1551e7e7783d func=job_orchestration.executor.query.spider_search_task.search_without_channel execution_start=215517169 execution_end=215518595 execution_duration_ms=1425
[2026-01-30 15:17:56.424] [info] [spider.worker] [TIMING] task_id=e7c7c127-ff90-44dd-809c-1551e7e7783d func=job_orchestration.executor.query.spider_search_task.search_without_channel submit_output_start=215518596 submit_output_end=215518633 submit_output_duration_ms=36
[2026-01-30 15:17:56.460] [info] [spider.worker] [TIMING] task_id=668c8c25-4287-4f82-a914-b42b0efff838 func=job_orchestration.executor.query.spider_search_task.search_without_channel fetch_input_start=215518667 fetch_input_end=215518668 fetch_input_duration_ms=0
[2026-01-30 15:17:57.645] [info] [spider.worker] [TIMING] task_id=668c8c25-4287-4f82-a914-b42b0efff838 func=job_orchestration.executor.query.spider_search_task.search_without_channel execution_start=215518669 execution_end=215519853 execution_duration_ms=1184
[2026-01-30 15:17:57.702] [info] [spider.worker] [TIMING] task_id=668c8c25-4287-4f82-a914-b42b0efff838 func=job_orchestration.executor.query.spider_search_task.search_without_channel submit_output_start=215519855 submit_output_end=215519911 submit_output_duration_ms=55
[2026-01-30 15:17:57.752] [info] [spider.worker] [TIMING] task_id=ff923494-66ad-4c60-ae7e-78c86ab5ab3c func=job_orchestration.executor.query.spider_search_task.search_without_channel fetch_input_start=215519959 fetch_input_end=215519960 fetch_input_duration_ms=1
[2026-01-30 15:17:59.084] [info] [spider.worker] [TIMING] task_id=ff923494-66ad-4c60-ae7e-78c86ab5ab3c func=job_orchestration.executor.query.spider_search_task.search_without_channel execution_start=215519961 execution_end=215521292 execution_duration_ms=1331
[2026-01-30 15:17:59.091] [info] [spider.worker] [TIMING] task_id=ff923494-66ad-4c60-ae7e-78c86ab5ab3c func=job_orchestration.executor.query.spider_search_task.search_without_channel submit_output_start=215521294 submit_output_end=215521300 submit_output_duration_ms=5
[2026-01-30 15:17:59.102] [info] [spider.worker] [TIMING] task_id=f64339d7-6565-4cd9-83b5-b4c2a0bf614b func=job_orchestration.executor.query.spider_search_task.search_without_channel fetch_input_start=215521309 fetch_input_end=215521310 fetch_input_duration_ms=0
[2026-01-30 15:18:00.308] [info] [spider.worker] [TIMING] task_id=f64339d7-6565-4cd9-83b5-b4c2a0bf614b func=job_orchestration.executor.query.spider_search_task.search_without_channel execution_start=215521311 execution_end=215522516 execution_duration_ms=1205
[2026-01-30 15:18:00.325] [info] [spider.worker] [TIMING] task_id=f64339d7-6565-4cd9-83b5-b4c2a0bf614b func=job_orchestration.executor.query.spider_search_task.search_without_channel submit_output_start=215522518 submit_output_end=215522533 submit_output_duration_ms=15
[2026-01-30 15:18:00.345] [info] [spider.worker] [TIMING] task_id=b9229dc9-12cc-43dc-9711-daafe0fa658b func=job_orchestration.executor.query.spider_search_task.search_without_channel fetch_input_start=215522552 fetch_input_end=215522553 fetch_input_duration_ms=1
[2026-01-30 15:18:01.892] [info] [spider.worker] [TIMING] task_id=b9229dc9-12cc-43dc-9711-daafe0fa658b func=job_orchestration.executor.query.spider_search_task.search_without_channel execution_start=215522554 execution_end=215524100 execution_duration_ms=1546
[2026-01-30 15:18:01.964] [info] [spider.worker] [TIMING] task_id=b9229dc9-12cc-43dc-9711-daafe0fa658b func=job_orchestration.executor.query.spider_search_task.search_without_channel submit_output_start=215524102 submit_output_end=215524172 submit_output_duration_ms=70
[2026-01-30 15:18:02.009] [info] [spider.worker] [TIMING] task_id=c0814518-184a-409b-b8a6-ffce1f763690 func=job_orchestration.executor.query.spider_search_task.search_without_channel fetch_input_start=215524216 fetch_input_end=215524217 fetch_input_duration_ms=0
[2026-01-30 15:18:03.434] [info] [spider.worker] [TIMING] task_id=c0814518-184a-409b-b8a6-ffce1f763690 func=job_orchestration.executor.query.spider_search_task.search_without_channel execution_start=215524218 execution_end=215525642 execution_duration_ms=1424
[2026-01-30 15:18:03.451] [info] [spider.worker] [TIMING] task_id=c0814518-184a-409b-b8a6-ffce1f763690 func=job_orchestration.executor.query.spider_search_task.search_without_channel submit_output_start=215525644 submit_output_end=215525659 submit_output_duration_ms=15
[2026-01-30 15:18:03.460] [info] [spider.worker] [TIMING] task_id=bf6be787-0ddc-4960-b035-ceb5af14ad66 func=job_orchestration.executor.query.spider_search_task.search_without_channel fetch_input_start=215525668 fetch_input_end=215525669 fetch_input_duration_ms=0
[2026-01-30 15:18:04.616] [info] [spider.worker] [TIMING] task_id=bf6be787-0ddc-4960-b035-ceb5af14ad66 func=job_orchestration.executor.query.spider_search_task.search_without_channel execution_start=215525669 execution_end=215526824 execution_duration_ms=1155
[2026-01-30 15:18:04.634] [info] [spider.worker] [TIMING] task_id=bf6be787-0ddc-4960-b035-ceb5af14ad66 func=job_orchestration.executor.query.spider_search_task.search_without_channel submit_output_start=215526826 submit_output_end=215526842 submit_output_duration_ms=16
[2026-01-30 15:18:04.654] [info] [spider.worker] [TIMING] task_id=9f92675b-ce3c-4f35-aa64-f71dc985364d func=job_orchestration.executor.query.spider_search_task.search_without_channel fetch_input_start=215526861 fetch_input_end=215526862 fetch_input_duration_ms=1
[2026-01-30 15:18:05.922] [info] [spider.worker] [TIMING] task_id=9f92675b-ce3c-4f35-aa64-f71dc985364d func=job_orchestration.executor.query.spider_search_task.search_without_channel execution_start=215526863 execution_end=215528131 execution_duration_ms=1267
[2026-01-30 15:18:05.958] [info] [spider.worker] [TIMING] task_id=9f92675b-ce3c-4f35-aa64-f71dc985364d func=job_orchestration.executor.query.spider_search_task.search_without_channel submit_output_start=215528134 submit_output_end=215528167 submit_output_duration_ms=33
[2026-01-30 15:18:05.979] [info] [spider.worker] [TIMING] task_id=f462986a-df35-4fd5-aaac-460049d637e3 func=job_orchestration.executor.query.spider_search_task.search_without_channel fetch_input_start=215528186 fetch_input_end=215528187 fetch_input_duration_ms=0
[2026-01-30 15:18:07.199] [info] [spider.worker] [TIMING] task_id=f462986a-df35-4fd5-aaac-460049d637e3 func=job_orchestration.executor.query.spider_search_task.search_without_channel execution_start=215528188 execution_end=215529408 execution_duration_ms=1219
[2026-01-30 15:18:07.226] [info] [spider.worker] [TIMING] task_id=f462986a-df35-4fd5-aaac-460049d637e3 func=job_orchestration.executor.query.spider_search_task.search_without_channel submit_output_start=215529409 submit_output_end=215529435 submit_output_duration_ms=25
[2026-01-30 15:18:07.237] [info] [spider.worker] [TIMING] task_id=e90128cc-19a3-45c5-8c11-6f183d0f4fee func=job_orchestration.executor.query.spider_search_task.search_without_channel fetch_input_start=215529444 fetch_input_end=215529446 fetch_input_duration_ms=1
[2026-01-30 15:18:08.462] [info] [spider.worker] [TIMING] task_id=e90128cc-19a3-45c5-8c11-6f183d0f4fee func=job_orchestration.executor.query.spider_search_task.search_without_channel execution_start=215529446 execution_end=215530670 execution_duration_ms=1223
[2026-01-30 15:18:08.502] [info] [spider.worker] [TIMING] task_id=e90128cc-19a3-45c5-8c11-6f183d0f4fee func=job_orchestration.executor.query.spider_search_task.search_without_channel submit_output_start=215530672 submit_output_end=215530710 submit_output_duration_ms=37
[2026-01-30 15:18:08.546] [info] [spider.worker] [TIMING] task_id=bbccf201-809a-43fa-a005-17a5c39207f6 func=job_orchestration.executor.query.spider_search_task.search_without_channel fetch_input_start=215530753 fetch_input_end=215530754 fetch_input_duration_ms=1
[2026-01-30 15:18:09.724] [info] [spider.worker] [TIMING] task_id=bbccf201-809a-43fa-a005-17a5c39207f6 func=job_orchestration.executor.query.spider_search_task.search_without_channel execution_start=215530755 execution_end=215531932 execution_duration_ms=1177
[2026-01-30 15:18:09.743] [info] [spider.worker] [TIMING] task_id=bbccf201-809a-43fa-a005-17a5c39207f6 func=job_orchestration.executor.query.spider_search_task.search_without_channel submit_output_start=215531935 submit_output_end=215531952 submit_output_duration_ms=16
[2026-01-30 15:18:09.763] [info] [spider.worker] [TIMING] task_id=ef6102c2-7f15-41cd-8fdc-45c49943b6a9 func=job_orchestration.executor.query.spider_search_task.search_without_channel fetch_input_start=215531970 fetch_input_end=215531971 fetch_input_duration_ms=0
[2026-01-30 15:18:11.060] [info] [spider.worker] [TIMING] task_id=ef6102c2-7f15-41cd-8fdc-45c49943b6a9 func=job_orchestration.executor.query.spider_search_task.search_without_channel execution_start=215531972 execution_end=215533269 execution_duration_ms=1296
[2026-01-30 15:18:11.094] [info] [spider.worker] [TIMING] task_id=ef6102c2-7f15-41cd-8fdc-45c49943b6a9 func=job_orchestration.executor.query.spider_search_task.search_without_channel submit_output_start=215533281 submit_output_end=215533302 submit_output_duration_ms=21
[2026-01-30 15:18:11.134] [info] [spider.worker] [TIMING] task_id=fc9c8d6c-0123-43c4-94bc-30bed6da7152 func=job_orchestration.executor.query.spider_search_task.search_without_channel fetch_input_start=215533341 fetch_input_end=215533342 fetch_input_duration_ms=1
[2026-01-30 15:18:12.617] [info] [spider.worker] [TIMING] task_id=fc9c8d6c-0123-43c4-94bc-30bed6da7152 func=job_orchestration.executor.query.spider_search_task.search_without_channel execution_start=215533343 execution_end=215534826 execution_duration_ms=1482
[2026-01-30 15:18:12.636] [info] [spider.worker] [TIMING] task_id=fc9c8d6c-0123-43c4-94bc-30bed6da7152 func=job_orchestration.executor.query.spider_search_task.search_without_channel submit_output_start=215534828 submit_output_end=215534844 submit_output_duration_ms=16
[2026-01-30 15:18:12.656] [info] [spider.worker] [TIMING] task_id=61ca3ba9-29b0-4d11-b2e8-a7f7a6c86e17 func=job_orchestration.executor.query.spider_search_task.search_without_channel fetch_input_start=215534863 fetch_input_end=215534864 fetch_input_duration_ms=1
[2026-01-30 15:18:13.960] [info] [spider.worker] [TIMING] task_id=61ca3ba9-29b0-4d11-b2e8-a7f7a6c86e17 func=job_orchestration.executor.query.spider_search_task.search_without_channel execution_start=215534865 execution_end=215536168 execution_duration_ms=1303
[2026-01-30 15:18:13.978] [info] [spider.worker] [TIMING] task_id=61ca3ba9-29b0-4d11-b2e8-a7f7a6c86e17 func=job_orchestration.executor.query.spider_search_task.search_without_channel submit_output_start=215536170 submit_output_end=215536186 submit_output_duration_ms=15
[2026-01-30 15:18:14.008] [info] [spider.worker] [TIMING] task_id=f30c4669-da64-4ad9-9790-2dd8404db34d func=job_orchestration.executor.query.spider_search_task.search_without_channel fetch_input_start=215536215 fetch_input_end=215536216 fetch_input_duration_ms=1
[2026-01-30 15:18:15.193] [info] [spider.worker] [TIMING] task_id=f30c4669-da64-4ad9-9790-2dd8404db34d func=job_orchestration.executor.query.spider_search_task.search_without_channel execution_start=215536217 execution_end=215537401 execution_duration_ms=1184
[2026-01-30 15:18:15.224] [info] [spider.worker] [TIMING] task_id=f30c4669-da64-4ad9-9790-2dd8404db34d func=job_orchestration.executor.query.spider_search_task.search_without_channel submit_output_start=215537403 submit_output_end=215537433 submit_output_duration_ms=29
[2026-01-30 15:18:15.272] [info] [spider.worker] [TIMING] task_id=2acea58b-906c-4785-9600-f92f6a582464 func=job_orchestration.executor.query.spider_search_task.search_without_channel fetch_input_start=215537480 fetch_input_end=215537480 fetch_input_duration_ms=0
[2026-01-30 15:18:16.482] [info] [spider.worker] [TIMING] task_id=2acea58b-906c-4785-9600-f92f6a582464 func=job_orchestration.executor.query.spider_search_task.search_without_channel execution_start=215537481 execution_end=215538690 execution_duration_ms=1209
[2026-01-30 15:18:16.512] [info] [spider.worker] [TIMING] task_id=2acea58b-906c-4785-9600-f92f6a582464 func=job_orchestration.executor.query.spider_search_task.search_without_channel submit_output_start=215538692 submit_output_end=215538720 submit_output_duration_ms=27
[2026-01-30 15:18:16.531] [info] [spider.worker] [TIMING] task_id=e24bb817-538b-4064-89f4-847a01146c6f func=job_orchestration.executor.query.spider_search_task.search_without_channel fetch_input_start=215538738 fetch_input_end=215538739 fetch_input_duration_ms=0
[2026-01-30 15:18:17.733] [info] [spider.worker] [TIMING] task_id=e24bb817-538b-4064-89f4-847a01146c6f func=job_orchestration.executor.query.spider_search_task.search_without_channel execution_start=215538740 execution_end=215539941 execution_duration_ms=1201
[2026-01-30 15:18:17.745] [info] [spider.worker] [TIMING] task_id=e24bb817-538b-4064-89f4-847a01146c6f func=job_orchestration.executor.query.spider_search_task.search_without_channel submit_output_start=215539943 submit_output_end=215539953 submit_output_duration_ms=10
[2026-01-30 15:18:17.755] [info] [spider.worker] [TIMING] task_id=59f9c8f9-1c00-40fc-8fc4-a983d14da8a5 func=job_orchestration.executor.query.spider_search_task.search_without_channel fetch_input_start=215539963 fetch_input_end=215539964 fetch_input_duration_ms=0
[2026-01-30 15:18:18.852] [info] [spider.worker] [TIMING] task_id=59f9c8f9-1c00-40fc-8fc4-a983d14da8a5 func=job_orchestration.executor.query.spider_search_task.search_without_channel execution_start=215539964 execution_end=215541060 execution_duration_ms=1095
[2026-01-30 15:18:18.870] [info] [spider.worker] [TIMING] task_id=59f9c8f9-1c00-40fc-8fc4-a983d14da8a5 func=job_orchestration.executor.query.spider_search_task.search_without_channel submit_output_start=215541062 submit_output_end=215541079 submit_output_duration_ms=16
[2026-01-30 15:18:18.890] [info] [spider.worker] [TIMING] task_id=a4b8fd25-ada0-4500-8bf2-a169df67258f func=job_orchestration.executor.query.spider_search_task.search_without_channel fetch_input_start=215541097 fetch_input_end=215541098 fetch_input_duration_ms=1
[2026-01-30 15:18:20.121] [info] [spider.worker] [TIMING] task_id=a4b8fd25-ada0-4500-8bf2-a169df67258f func=job_orchestration.executor.query.spider_search_task.search_without_channel execution_start=215541099 execution_end=215542330 executio