[2026-01-30 18:52:01.614] [warning] [spider.worker] Prefer using `SPIDER_STORAGE_URL` environment variable over `--storage_url` argument.
[2026-01-30 18:52:17.745] [info] [spider.worker] [TIMING] task_id=20c57379-6d3d-46b7-9b8a-9ccd80ec9ee5 func=job_orchestration.executor.query.spider_search_task.search_without_channel fetch_input_start=228379951 fetch_input_end=228379953 fetch_input_duration_ms=2
[2026-01-30 18:52:18.979] [info] [spider.worker] [TIMING] task_id=20c57379-6d3d-46b7-9b8a-9ccd80ec9ee5 func=job_orchestration.executor.query.spider_search_task.search_without_channel execution_start=228379954 execution_end=228381187 execution_duration_ms=1233
[2026-01-30 18:52:19.109] [info] [spider.worker] [TIMING] task_id=20c57379-6d3d-46b7-9b8a-9ccd80ec9ee5 func=job_orchestration.executor.query.spider_search_task.search_without_channel submit_output_start=228381217 submit_output_end=228381317 submit_output_duration_ms=99
[2026-01-30 18:52:19.178] [info] [spider.worker] [TIMING] task_id=ceb28a68-19c3-4abe-acc0-f744268f38cf func=job_orchestration.executor.query.spider_search_task.search_without_channel fetch_input_start=228381385 fetch_input_end=228381386 fetch_input_duration_ms=0
[2026-01-30 18:52:20.527] [info] [spider.worker] [TIMING] task_id=ceb28a68-19c3-4abe-acc0-f744268f38cf func=job_orchestration.executor.query.spider_search_task.search_without_channel execution_start=228381387 execution_end=228382735 execution_duration_ms=1348
[2026-01-30 18:52:20.577] [info] [spider.worker] [TIMING] task_id=ceb28a68-19c3-4abe-acc0-f744268f38cf func=job_orchestration.executor.query.spider_search_task.search_without_channel submit_output_start=228382736 submit_output_end=228382785 submit_output_duration_ms=48
[2026-01-30 18:52:20.621] [info] [spider.worker] [TIMING] task_id=6b602555-c7d9-4a2a-8a93-30da2e5fb35a func=job_orchestration.executor.query.spider_search_task.search_without_channel fetch_input_start=228382829 fetch_input_end=228382830 fetch_input_duration_ms=1
[2026-01-30 18:52:21.925] [info] [spider.worker] [TIMING] task_id=6b602555-c7d9-4a2a-8a93-30da2e5fb35a func=job_orchestration.executor.query.spider_search_task.search_without_channel execution_start=228382831 execution_end=228384134 execution_duration_ms=1303
[2026-01-30 18:52:21.959] [info] [spider.worker] [TIMING] task_id=6b602555-c7d9-4a2a-8a93-30da2e5fb35a func=job_orchestration.executor.query.spider_search_task.search_without_channel submit_output_start=228384146 submit_output_end=228384168 submit_output_duration_ms=21
[2026-01-30 18:52:21.998] [info] [spider.worker] [TIMING] task_id=3f8c82f9-160b-436e-8c35-2b8e636d6e9a func=job_orchestration.executor.query.spider_search_task.search_without_channel fetch_input_start=228384205 fetch_input_end=228384206 fetch_input_duration_ms=0
[2026-01-30 18:52:23.634] [info] [spider.worker] [TIMING] task_id=3f8c82f9-160b-436e-8c35-2b8e636d6e9a func=job_orchestration.executor.query.spider_search_task.search_without_channel execution_start=228384207 execution_end=228385842 execution_duration_ms=1635
[2026-01-30 18:52:23.665] [info] [spider.worker] [TIMING] task_id=3f8c82f9-160b-436e-8c35-2b8e636d6e9a func=job_orchestration.executor.query.spider_search_task.search_without_channel submit_output_start=228385844 submit_output_end=228385873 submit_output_duration_ms=29
[2026-01-30 18:52:23.688] [info] [spider.worker] [TIMING] task_id=0c5924e0-0137-4969-8fad-34cf191a3027 func=job_orchestration.executor.query.spider_search_task.search_without_channel fetch_input_start=228385895 fetch_input_end=228385896 fetch_input_duration_ms=1
[2026-01-30 18:52:24.928] [info] [spider.worker] [TIMING] task_id=0c5924e0-0137-4969-8fad-34cf191a3027 func=job_orchestration.executor.query.spider_search_task.search_without_channel execution_start=228385897 execution_end=228387136 execution_duration_ms=1239
[2026-01-30 18:52:24.967] [info] [spider.worker] [TIMING] task_id=0c5924e0-0137-4969-8fad-34cf191a3027 func=job_orchestration.executor.query.spider_search_task.search_without_channel submit_output_start=228387138 submit_output_end=228387176 submit_output_duration_ms=37
[2026-01-30 18:52:24.988] [info] [spider.worker] [TIMING] task_id=0fdd1f6c-9469-4aff-b050-4bcced6fb02c func=job_orchestration.executor.query.spider_search_task.search_without_channel fetch_input_start=228387196 fetch_input_end=228387197 fetch_input_duration_ms=0
[2026-01-30 18:52:26.210] [info] [spider.worker] [TIMING] task_id=0fdd1f6c-9469-4aff-b050-4bcced6fb02c func=job_orchestration.executor.query.spider_search_task.search_without_channel execution_start=228387197 execution_end=228388418 execution_duration_ms=1221
[2026-01-30 18:52:26.244] [info] [spider.worker] [TIMING] task_id=0fdd1f6c-9469-4aff-b050-4bcced6fb02c func=job_orchestration.executor.query.spider_search_task.search_without_channel submit_output_start=228388420 submit_output_end=228388452 submit_output_duration_ms=32
[2026-01-30 18:52:26.255] [info] [spider.worker] [TIMING] task_id=9ec7ed1b-e1ae-48d2-a918-60c3bb342fde func=job_orchestration.executor.query.spider_search_task.search_without_channel fetch_input_start=228388462 fetch_input_end=228388463 fetch_input_duration_ms=0
[2026-01-30 18:52:27.485] [info] [spider.worker] [TIMING] task_id=9ec7ed1b-e1ae-48d2-a918-60c3bb342fde func=job_orchestration.executor.query.spider_search_task.search_without_channel execution_start=228388464 execution_end=228389694 execution_duration_ms=1230
[2026-01-30 18:52:27.528] [info] [spider.worker] [TIMING] task_id=9ec7ed1b-e1ae-48d2-a918-60c3bb342fde func=job_orchestration.executor.query.spider_search_task.search_without_channel submit_output_start=228389695 submit_output_end=228389736 submit_output_duration_ms=40
[2026-01-30 18:52:27.547] [info] [spider.worker] [TIMING] task_id=d8f550e4-8fae-4876-af18-35c82a32b808 func=job_orchestration.executor.query.spider_search_task.search_without_channel fetch_input_start=228389755 fetch_input_end=228389756 fetch_input_duration_ms=1
[2026-01-30 18:52:28.717] [info] [spider.worker] [TIMING] task_id=d8f550e4-8fae-4876-af18-35c82a32b808 func=job_orchestration.executor.query.spider_search_task.search_without_channel execution_start=228389756 execution_end=228390926 execution_duration_ms=1169
[2026-01-30 18:52:28.728] [info] [spider.worker] [TIMING] task_id=d8f550e4-8fae-4876-af18-35c82a32b808 func=job_orchestration.executor.query.spider_search_task.search_without_channel submit_output_start=228390927 submit_output_end=228390936 submit_output_duration_ms=8
[2026-01-30 18:52:28.738] [info] [spider.worker] [TIMING] task_id=f80007fc-c23f-41af-96be-10c4dbb619c4 func=job_orchestration.executor.query.spider_search_task.search_without_channel fetch_input_start=228390946 fetch_input_end=228390947 fetch_input_duration_ms=0
[2026-01-30 18:52:29.992] [info] [spider.worker] [TIMING] task_id=f80007fc-c23f-41af-96be-10c4dbb619c4 func=job_orchestration.executor.query.spider_search_task.search_without_channel execution_start=228390947 execution_end=228392200 execution_duration_ms=1253
[2026-01-30 18:52:30.012] [info] [spider.worker] [TIMING] task_id=f80007fc-c23f-41af-96be-10c4dbb619c4 func=job_orchestration.executor.query.spider_search_task.search_without_channel submit_output_start=228392202 submit_output_end=228392220 submit_output_duration_ms=18
[2026-01-30 18:52:30.055] [info] [spider.worker] [TIMING] task_id=9e8a532b-aea2-4bb5-bccd-9df24a2e94ef func=job_orchestration.executor.query.spider_search_task.search_without_channel fetch_input_start=228392262 fetch_input_end=228392263 fetch_input_duration_ms=0
[2026-01-30 18:52:31.447] [info] [spider.worker] [TIMING] task_id=9e8a532b-aea2-4bb5-bccd-9df24a2e94ef func=job_orchestration.executor.query.spider_search_task.search_without_channel execution_start=228392264 execution_end=228393656 execution_duration_ms=1391
[2026-01-30 18:52:31.470] [info] [spider.worker] [TIMING] task_id=9e8a532b-aea2-4bb5-bccd-9df24a2e94ef func=job_orchestration.executor.query.spider_search_task.search_without_channel submit_output_start=228393658 submit_output_end=228393679 submit_output_duration_ms=20
[2026-01-30 18:52:31.490] [info] [spider.worker] [TIMING] task_id=0ff6115f-3a33-4090-bac0-325bda71b8f0 func=job_orchestration.executor.query.spider_search_task.search_without_channel fetch_input_start=228393697 fetch_input_end=228393698 fetch_input_duration_ms=1
[2026-01-30 18:52:32.694] [info] [spider.worker] [TIMING] task_id=0ff6115f-3a33-4090-bac0-325bda71b8f0 func=job_orchestration.executor.query.spider_search_task.search_without_channel execution_start=228393699 execution_end=228394903 execution_duration_ms=1203
[2026-01-30 18:52:32.712] [info] [spider.worker] [TIMING] task_id=0ff6115f-3a33-4090-bac0-325bda71b8f0 func=job_orchestration.executor.query.spider_search_task.search_without_channel submit_output_start=228394904 submit_output_end=228394921 submit_output_duration_ms=16
[2026-01-30 18:52:32.723] [info] [spider.worker] [TIMING] task_id=3075b32f-2fdb-4cb4-ad9c-2c0e74c813b7 func=job_orchestration.executor.query.spider_search_task.search_without_channel fetch_input_start=228394930 fetch_input_end=228394931 fetch_input_duration_ms=0
[2026-01-30 18:52:33.982] [info] [spider.worker] [TIMING] task_id=3075b32f-2fdb-4cb4-ad9c-2c0e74c813b7 func=job_orchestration.executor.query.spider_search_task.search_without_channel execution_start=228394932 execution_end=228396190 execution_duration_ms=1258
[2026-01-30 18:52:34.029] [info] [spider.worker] [TIMING] task_id=3075b32f-2fdb-4cb4-ad9c-2c0e74c813b7 func=job_orchestration.executor.query.spider_search_task.search_without_channel submit_output_start=228396191 submit_output_end=228396237 submit_output_duration_ms=45
[2026-01-30 18:52:34.039] [info] [spider.worker] [TIMING] task_id=dd251293-5684-423f-98cd-a33e038bd43b func=job_orchestration.executor.query.spider_search_task.search_without_channel fetch_input_start=228396247 fetch_input_end=228396248 fetch_input_duration_ms=0
[2026-01-30 18:52:35.266] [info] [spider.worker] [TIMING] task_id=dd251293-5684-423f-98cd-a33e038bd43b func=job_orchestration.executor.query.spider_search_task.search_without_channel execution_start=228396248 execution_end=228397474 execution_duration_ms=1226
[2026-01-30 18:52:35.288] [info] [spider.worker] [TIMING] task_id=dd251293-5684-423f-98cd-a33e038bd43b func=job_orchestration.executor.query.spider_search_task.search_without_channel submit_output_start=228397476 submit_output_end=228397496 submit_output_duration_ms=19
[2026-01-30 18:52:35.332] [info] [spider.worker] [TIMING] task_id=3009452e-ee0c-45c3-8eb3-84bece13e899 func=job_orchestration.executor.query.spider_search_task.search_without_channel fetch_input_start=228397540 fetch_input_end=228397540 fetch_input_duration_ms=0
[2026-01-30 18:52:36.754] [info] [spider.worker] [TIMING] task_id=3009452e-ee0c-45c3-8eb3-84bece13e899 func=job_orchestration.executor.query.spider_search_task.search_without_channel execution_start=228397541 execution_end=228398962 execution_duration_ms=1421
[2026-01-30 18:52:36.771] [info] [spider.worker] [TIMING] task_id=3009452e-ee0c-45c3-8eb3-84bece13e899 func=job_orchestration.executor.query.spider_search_task.search_without_channel submit_output_start=228398964 submit_output_end=228398979 submit_output_duration_ms=14
[2026-01-30 18:52:36.790] [info] [spider.worker] [TIMING] task_id=de643b71-4b3d-4782-97ee-805b2e91ada5 func=job_orchestration.executor.query.spider_search_task.search_without_channel fetch_input_start=228398998 fetch_input_end=228398999 fetch_input_duration_ms=0
[2026-01-30 18:52:37.935] [info] [spider.worker] [TIMING] task_id=de643b71-4b3d-4782-97ee-805b2e91ada5 func=job_orchestration.executor.query.spider_search_task.search_without_channel execution_start=228398999 execution_end=228400143 execution_duration_ms=1143
[2026-01-30 18:52:38.013] [info] [spider.worker] [TIMING] task_id=de643b71-4b3d-4782-97ee-805b2e91ada5 func=job_orchestration.executor.query.spider_search_task.search_without_channel submit_output_start=228400144 submit_output_end=228400221 submit_output_duration_ms=77
[2026-01-30 18:52:38.033] [info] [spider.worker] [TIMING] task_id=af44fb45-1d81-4ad4-88be-cc0322cac6d4 func=job_orchestration.executor.query.spider_search_task.search_without_channel fetch_input_start=228400240 fetch_input_end=228400241 fetch_input_duration_ms=1
[2026-01-30 18:52:39.266] [info] [spider.worker] [TIMING] task_id=af44fb45-1d81-4ad4-88be-cc0322cac6d4 func=job_orchestration.executor.query.spider_search_task.search_without_channel execution_start=228400242 execution_end=228401474 execution_duration_ms=1232
[2026-01-30 18:52:39.298] [info] [spider.worker] [TIMING] task_id=af44fb45-1d81-4ad4-88be-cc0322cac6d4 func=job_orchestration.executor.query.spider_search_task.search_without_channel submit_output_start=228401476 submit_output_end=228401506 submit_output_duration_ms=30
[2026-01-30 18:52:39.316] [info] [spider.worker] [TIMING] task_id=dd5d0fb6-83b3-4520-b52a-44bdeb82e62c func=job_orchestration.executor.query.spider_search_task.search_without_channel fetch_input_start=228401523 fetch_input_end=228401525 fetch_input_duration_ms=1
[2026-01-30 18:52:40.606] [info] [spider.worker] [TIMING] task_id=dd5d0fb6-83b3-4520-b52a-44bdeb82e62c func=job_orchestration.executor.query.spider_search_task.search_without_channel execution_start=228401525 execution_end=228402814 execution_duration_ms=1288
[2026-01-30 18:52:40.647] [info] [spider.worker] [TIMING] task_id=dd5d0fb6-83b3-4520-b52a-44bdeb82e62c func=job_orchestration.executor.query.spider_search_task.search_without_channel submit_output_start=228402816 submit_output_end=228402855 submit_output_duration_ms=38
[2026-01-30 18:52:40.687] [info] [spider.worker] [TIMING] task_id=63d90a93-d2f7-4433-9302-72a4a7264953 func=job_orchestration.executor.query.spider_search_task.search_without_channel fetch_input_start=228402894 fetch_input_end=228402895 fetch_input_duration_ms=1
[2026-01-30 18:52:41.914] [info] [spider.worker] [TIMING] task_id=63d90a93-d2f7-4433-9302-72a4a7264953 func=job_orchestration.executor.query.spider_search_task.search_without_channel execution_start=228402896 execution_end=228404122 execution_duration_ms=1226
[2026-01-30 18:52:41.945] [info] [spider.worker] [TIMING] task_id=63d90a93-d2f7-4433-9302-72a4a7264953 func=job_orchestration.executor.query.spider_search_task.search_without_channel submit_output_start=228404124 submit_output_end=228404153 submit_output_duration_ms=29
[2026-01-30 18:52:41.966] [info] [spider.worker] [TIMING] task_id=9aea38f3-4475-4787-bd44-ce47e90563f2 func=job_orchestration.executor.query.spider_search_task.search_without_channel fetch_input_start=228404174 fetch_input_end=228404175 fetch_input_duration_ms=0
[2026-01-30 18:52:43.166] [info] [spider.worker] [TIMING] task_id=9aea38f3-4475-4787-bd44-ce47e90563f2 func=job_orchestration.executor.query.spider_search_task.search_without_channel execution_start=228404175 execution_end=228405374 execution_duration_ms=1198
[2026-01-30 18:52:43.214] [info] [spider.worker] [TIMING] task_id=9aea38f3-4475-4787-bd44-ce47e90563f2 func=job_orchestration.executor.query.spider_search_task.search_without_channel submit_output_start=228405376 submit_output_end=228405423 submit_output_duration_ms=46
[2026-01-30 18:52:43.233] [info] [spider.worker] [TIMING] task_id=d762297f-a947-421a-8d5c-3c622b5646b8 func=job_orchestration.executor.query.spider_search_task.search_without_channel fetch_input_start=228405441 fetch_input_end=228405442 fetch_input_duration_ms=0
[2026-01-30 18:52:44.417] [info] [spider.worker] [TIMING] task_id=d762297f-a947-421a-8d5c-3c622b5646b8 func=job_orchestration.executor.query.spider_search_task.search_without_channel execution_start=228405442 execution_end=228406626 execution_duration_ms=1183
[2026-01-30 18:52:44.489] [info] [spider.worker] [TIMING] task_id=d762297f-a947-421a-8d5c-3c622b5646b8 func=job_orchestration.executor.query.spider_search_task.search_without_channel submit_output_start=228406627 submit_output_end=228406698 submit_output_duration_ms=70
[2026-01-30 18:52:44.517] [info] [spider.worker] [TIMING] task_id=b032354e-6d4e-494e-a3f7-af3598d9740b func=job_orchestration.executor.query.spider_search_task.search_without_channel fetch_input_start=228406724 fetch_input_end=228406725 fetch_input_duration_ms=0
[2026-01-30 18:52:45.765] [info] [spider.worker] [TIMING] task_id=b032354e-6d4e-494e-a3f7-af3598d9740b func=job_orchestration.executor.query.spider_search_task.search_without_channel execution_start=228406726 execution_end=228407973 execution_duration_ms=1247
[2026-01-30 18:52:45.773] [info] [spider.worker] [TIMING] task_id=b032354e-6d4e-494e-a3f7-af3598d9740b func=job_orchestration.executor.query.spider_search_task.search_without_channel submit_output_start=228407975 submit_output_end=228407981 submit_output_duration_ms=5
[2026-01-30 18:52:45.814] [info] [spider.worker] [TIMING] task_id=15303f24-51b9-41b8-a347-f54908f09643 func=job_orchestration.executor.query.spider_search_task.search_without_channel fetch_input_start=228408022 fetch_input_end=228408023 fetch_input_duration_ms=0
[2026-01-30 18:52:46.931] [info] [spider.worker] [TIMING] task_id=15303f24-51b9-41b8-a347-f54908f09643 func=job_orchestration.executor.query.spider_search_task.search_without_channel execution_start=228408023 execution_end=228409140 execution_duration_ms=1116
[2026-01-30 18:52:46.964] [info] [spider.worker] [TIMING] task_id=15303f24-51b9-41b8-a347-f54908f09643 func=job_orchestration.executor.query.spider_search_task.search_without_channel submit_output_start=228409141 submit_output_end=228409173 submit_output_duration_ms=31
[2026-01-30 18:52:46.984] [info] [spider.worker] [TIMING] task_id=e8b98439-cbca-448a-b245-bddab8bba644 func=job_orchestration.executor.query.spider_search_task.search_without_channel fetch_input_start=228409191 fetch_input_end=228409192 fetch_input_duration_ms=0
[2026-01-30 18:52:48.225] [info] [spider.worker] [TIMING] task_id=e8b98439-cbca-448a-b245-bddab8bba644 func=job_orchestration.executor.query.spider_search_task.search_without_channel execution_start=228409193 execution_end=228410433 execution_duration_ms=1239
[2026-01-30 18:52:48.248] [info] [spider.worker] [TIMING] task_id=e8b98439-cbca-448a-b245-bddab8bba644 func=job_orchestration.executor.query.spider_search_task.search_without_channel submit_output_start=228410435 submit_output_end=228410456 submit_output_duration_ms=21
[2026-01-30 18:52:48.286] [info] [spider.worker] [TIMING] task_id=c9c09f3c-5af0-4912-96eb-e3fd6a8ccf2d func=job_orchestration.executor.query.spider_search_task.search_without_channel fetch_input_start=228410494 fetch_input_end=228410495 fetch_input_duration_ms=1
[2026-01-30 18:52:49.734] [info] [spider.worker] [TIMING] task_id=c9c09f3c-5af0-4912-96eb-e3fd6a8ccf2d func=job_orchestration.executor.query.spider_search_task.search_without_channel execution_start=228410495 execution_end=228411943 execution_duration_ms=1447
[2026-01-30 18:52:49.748] [info] [spider.worker] [TIMING] task_id=c9c09f3c-5af0-4912-96eb-e3fd6a8ccf2d func=job_orchestration.executor.query.spider_search_task.search_without_channel submit_output_start=228411945 submit_output_end=228411956 submit_output_duration_ms=11
[2026-01-30 18:52:49.767] [info] [spider.worker] [TIMING] task_id=03730a41-6ecd-4b51-8f37-439da0cfdd04 func=job_orchestration.executor.query.spider_search_task.search_without_channel fetch_input_start=228411975 fetch_input_end=228411976 fetch_input_duration_ms=0
[2026-01-30 18:52:51.164] [info] [spider.worker] [TIMING] task_id=03730a41-6ecd-4b51-8f37-439da0cfdd04 func=job_orchestration.executor.query.spider_search_task.search_without_channel execution_start=228411976 execution_end=228413372 execution_duration_ms=1395
[2026-01-30 18:52:51.273] [info] [spider.worker] [TIMING] task_id=03730a41-6ecd-4b51-8f37-439da0cfdd04 func=job_orchestration.executor.query.spider_search_task.search_without_channel submit_output_start=228413374 submit_output_end=228413481 submit_output_duration_ms=107
[2026-01-30 18:52:51.293] [info] [spider.worker] [TIMING] task_id=717b05dd-0fc1-4b14-8d3d-90854ace25ae func=job_orchestration.executor.query.spider_search_task.search_without_channel fetch_input_start=228413500 fetch_input_end=228413501 fetch_input_duration_ms=0
[2026-01-30 18:52:52.451] [info] [spider.worker] [TIMING] task_id=717b05dd-0fc1-4b14-8d3d-90854ace25ae func=job_orchestration.executor.query.spider_search_task.search_without_channel execution_start=228413501 execution_end=228414660 execution_duration_ms=1158
[2026-01-30 18:52:52.483] [info] [spider.worker] [TIMING] task_id=717b05dd-0fc1-4b14-8d3d-90854ace25ae func=job_orchestration.executor.query.spider_search_task.search_without_channel submit_output_start=228414662 submit_output_end=228414692 submit_output_duration_ms=29
[2026-01-30 18:52:52.503] [info] [spider.worker] [TIMING] task_id=f6250f66-958a-4bd8-922e-d9473f94a8a6 func=job_orchestration.executor.query.spider_search_task.search_without_channel fetch_input_start=228414710 fetch_input_end=228414711 fetch_input_duration_ms=0
[2026-01-30 18:52:53.676] [info] [spider.worker] [TIMING] task_id=f6250f66-958a-4bd8-922e-d9473f94a8a6 func=job_orchestration.executor.query.spider_search_task.search_without_channel execution_start=228414712 execution_end=228415884 execution_duration_ms=1172
[2026-01-30 18:52:53.712] [info] [spider.worker] [TIMING] task_id=f6250f66-958a-4bd8-922e-d9473f94a8a6 func=job_orchestration.executor.query.spider_search_task.search_without_channel submit_output_start=228415886 submit_output_end=228415920 submit_output_duration_ms=33
[2026-01-30 18:52:53.793] [info] [spider.worker] [TIMING] task_id=abc43a54-b162-4e81-8b56-a27f8f878187 func=job_orchestration.executor.query.spider_search_task.search_without_channel fetch_input_start=228416001 fetch_input_end=228416002 fetch_input_duration_ms=0
[2026-01-30 18:52:54.989] [info] [spider.worker] [TIMING] task_id=abc43a54-b162-4e81-8b56-a27f8f878187 func=job_orchestration.executor.query.spider_search_task.search_without_channel execution_start=228416003 execution_end=228417198 execution_duration_ms=1195
[2026-01-30 18:52:54.999] [info] [spider.worker] [TIMING] task_id=abc43a54-b162-4e81-8b56-a27f8f878187 func=job_orchestration.executor.query.spider_search_task.search_without_channel submit_output_start=228417199 submit_output_end=228417208 submit_output_duration_ms=8
[2026-01-30 18:52:55.019] [info] [spider.worker] [TIMING] task_id=c3400232-a263-46a6-96cd-cef583410102 func=job_orchestration.executor.query.spider_search_task.search_without_channel fetch_input_start=228417226 fetch_input_end=228417227 fetch_input_duration_ms=1
[2026-01-30 18:52:56.229] [info] [spider.worker] [TIMING] task_id=c3400232-a263-46a6-96cd-cef583410102 func=job_orchestration.executor.query.spider_search_task.search_without_channel execution_start=228417228 execution_end=228418437 execution_duration_ms=1209
[2026-01-30 18:52:56.241] [info] [spider.worker] [TIMING] task_id=c3400232-a263-46a6-96cd-cef583410102 func=job_orchestration.executor.query.spider_search_task.search_without_channel submit_output_start=228418439 submit_output_end=228418449 submit_output_duration_ms=10
[2026-01-30 18:52:56.310] [info] [spider.worker] [TIMING] task_id=3ec2f13e-ce4e-4d61-8821-7f7759d2a6cf func=job_orchestration.executor.query.spider_search_task.search_without_channel fetch_input_start=228418518 fetch_input_end=228418519 fetch_input_duration_ms=1
[2026-01-30 18:52:57.481] [info] [spider.worker] [TIMING] task_id=3ec2f13e-ce4e-4d61-8821-7f7759d2a6cf func=job_orchestration.executor.query.spider_search_task.search_without_channel execution_start=228418520 execution_end=228419689 execution_duration_ms=1169
[2026-01-30 18:52:57.511] [info] [spider.worker] [TIMING] task_id=3ec2f13e-ce4e-4d61-8821-7f7759d2a6cf func=job_orchestration.executor.query.spider_search_task.search_without_channel submit_output_start=228419691 submit_output_end=228419720 submit_output_duration_ms=28
[2026-01-30 18:52:57.545] [info] [spider.worker] [TIMING] task_id=2ca47e1e-154b-47b7-91d5-c9c5a6f98ece func=job_orchestration.executor.query.spider_search_task.search_without_channel fetch_input_start=228419752 fetch_input_end=228419753 fetch_input_duration_ms=0
[2026-01-30 18:52:58.713] [info] [spider.worker] [TIMING] task_id=2ca47e1e-154b-47b7-91d5-c9c5a6f98ece func=job_orchestration.executor.query.spider_search_task.search_without_channel execution_start=228419754 execution_end=228420921 execution_duration_ms=1167
[2026-01-30 18:52:58.742] [info] [spider.worker] [TIMING] task_id=2ca47e1e-154b-47b7-91d5-c9c5a6f98ece func=job_orchestration.executor.query.spider_search_task.search_without_channel submit_output_start=228420932 submit_output_end=228420951 submit_output_duration_ms=18
[2026-01-30 18:52:58.779] [info] [spider.worker] [TIMING] task_id=79765df6-46a3-4f8c-86b4-6bcca1e49b59 func=job_orchestration.executor.query.spider_search_task.search_without_channel fetch_input_start=228420986 fetch_input_end=228420987 fetch_input_duration_ms=1
[2026-01-30 18:52:59.922] [info] [spider.worker] [TIMING] task_id=79765df6-46a3-4f8c-86b4-6bcca1e49b59 func=job_orchestration.executor.query.spider_search_task.search_without_channel execution_start=228420988 execution_end=228422130 execution_duration_ms=1141
[2026-01-30 18:52:59.951] [info] [spider.worker] [TIMING] task_id=79765df6-46a3-4f8c-86b4-6bcca1e49b59 func=job_orchestration.executor.query.spider_search_task.search_without_channel submit_output_start=228422131 submit_output_end=228422160 submit_output_duration_ms=28
[2026-01-30 18:52:59.970] [info] [spider.worker] [TIMING] task_id=eb3534f8-d4a6-450c-9dde-2f9ccd3c7d51 func=job_orchestration.executor.query.spider_search_task.search_without_channel fetch_input_start=228422177 fetch_input_end=228422178 fetch_input_duration_ms=1
[2026-01-30 18:53:01.447] [info] [spider.worker] [TIMING] task_id=eb3534f8-d4a6-450c-9dde-2f9ccd3c7d51 func=job_orchestration.executor.query.spider_search_task.search_without_channel execution_start=228422179 execution_end=228423655 execution_duration_ms=1476
[2026-01-30 18:53:01.534] [info] [spider.worker] [TIMING] task_id=eb3534f8-d4a6-450c-9dde-2f9ccd3c7d51 func=job_orchestration.executor.query.spider_search_task.search_without_channel submit_output_start=228423657 submit_output_end=228423742 submit_output_duration_ms=85
[2026-01-30 18:53:01.566] [info] [spider.worker] [TIMING] task_id=71349131-febb-4c62-9e3a-5b943f9ae7cf func=job_orchestration.executor.query.spider_search_task.search_without_channel fetch_input_start=228423773 fetch_input_end=228423774 fetch_input_duration_ms=0
[2026-01-30 18:53:02.970] [info] [spider.worker] [TIMING] task_id=71349131-febb-4c62-9e3a-5b943f9ae7cf func=job_orchestration.executor.query.spider_search_task.search_without_channel execution_start=228423775 execution_end=228425178 execution_duration_ms=1403
[2026-01-30 18:53:02.993] [info] [spider.worker] [TIMING] task_id=71349131-febb-4c62-9e3a-5b943f9ae7cf func=job_orchestration.executor.query.spider_search_task.search_without_channel submit_output_start=228425184 submit_output_end=228425201 submit_output_duration_ms=16
[2026-01-30 18:53:03.013] [info] [spider.worker] [TIMING] task_id=99a1effa-734c-417b-bf02-272ce95ca215 func=job_orchestration.executor.query.spider_search_task.search_without_channel fetch_input_start=228425220 fetch_input_end=228425221 fetch_input_duration_ms=1
[2026-01-30 18:53:04.330] [info] [spider.worker] [TIMING] task_id=99a1effa-734c-417b-bf02-272ce95ca215 func=job_orchestration.executor.query.spider_search_task.search_without_channel execution_start=228425222 execution_end=228426539 execution_duration_ms=1317
[2026-01-30 18:53:04.343] [info] [spider.worker] [TIMING] task_id=99a1effa-734c-417b-bf02-272ce95ca215 func=job_orchestration.executor.query.spider_search_task.search_without_channel submit_output_start=228426541 submit_output_end=228426551 submit_output_duration_ms=10
[2026-01-30 18:53:04.387] [info] [spider.worker] [TIMING] task_id=195a0f3d-3105-4dbf-bc61-b54e696d731c func=job_orchestration.executor.query.spider_search_task.search_without_channel fetch_input_start=228426595 fetch_input_end=228426596 fetch_input_duration_ms=1
[2026-01-30 18:53:05.553] [info] [spider.worker] [TIMING] task_id=195a0f3d-3105-4dbf-bc61-b54e696d731c func=job_orchestration.executor.query.spider_search_task.search_without_channel execution_start=228426596 execution_end=228427761 execution_duration_ms=1165
[2026-01-30 18:53:05.589] [info] [spider.worker] [TIMING] task_id=195a0f3d-3105-4dbf-bc61-b54e696d731c func=job_orchestration.executor.query.spider_search_task.search_without_channel submit_output_start=228427763 submit_output_end=228427797 submit_output_duration_ms=34
[2026-01-30 18:53:05.612] [info] [spider.worker] [TIMING] task_id=55877f4a-8280-4d2e-baa9-d4c94b7e6500 func=job_orchestration.executor.query.spider_search_task.search_without_channel fetch_input_start=228427820 fetch_input_end=228427821 fetch_input_duration_ms=0
[2026-01-30 18:53:06.823] [info] [spider.worker] [TIMING] task_id=55877f4a-8280-4d2e-baa9-d4c94b7e6500 func=job_orchestration.executor.query.spider_search_task.search_without_channel execution_start=228427822 execution_end=228429032 execution_duration_ms=1210
[2026-01-30 18:53:06.868] [info] [spider.worker] [TIMING] task_id=55877f4a-8280-4d2e-baa9-d4c94b7e6500 func=job_orchestration.executor.query.spider_search_task.search_without_channel submit_output_start=228429033 submit_output_end=228429077 submit_output_duration_ms=43
[2026-01-30 18:53:06.912] [info] [spider.worker] [TIMING] task_id=a5371489-eae5-4930-9e43-e6532bd4da92 func=job_orchestration.executor.query.spider_search_task.search_without_channel fetch_input_start=228429120 fetch_input_end=228429121 fetch_input_duration_ms=0
[2026-01-30 18:53:08.175] [info] [spider.worker] [TIMING] task_id=a5371489-eae5-4930-9e43-e6532bd4da92 func=job_orchestration.executor.query.spider_search_task.search_without_channel execution_start=228429121 execution_end=228430383 execution_duration_ms=1261
[2026-01-30 18:53:08.185] [info] [spider.worker] [TIMING] task_id=a5371489-eae5-4930-9e43-e6532bd4da92 func=job_orchestration.executor.query.spider_search_task.search_without_channel submit_output_start=228430385 submit_output_end=228430393 submit_output_duration_ms=8
[2026-01-30 18:53:08.196] [info] [spider.worker] [TIMING] task_id=647c148a-372a-41a2-b3c1-f304dbf90889 func=job_orchestration.executor.query.spider_search_task.search_without_channel fetch_input_start=228430403 fetch_input_end=228430404 fetch_input_duration_ms=0
[2026-01-30 18:53:09.371] [info] [spider.worker] [TIMING] task_id=647c148a-372a-41a2-b3c1-f304dbf90889 func=job_orchestration.executor.query.spider_search_task.search_without_channel execution_start=228430405 execution_end=228431579 execution_duration_ms=1174
[2026-01-30 18:53:09.427] [info] [spider.worker] [TIMING] task_id=647c148a-372a-41a2-b3c1-f304dbf90889 func=job_orchestration.executor.query.spider_search_task.search_without_channel submit_output_start=228431581 submit_output_end=228431636 submit_output_duration_ms=54
[2026-01-30 18:53:09.446] [info] [spider.worker] [TIMING] task_id=00afbe06-f448-46db-a6d8-450b1bb99914 func=job_orchestration.executor.query.spider_search_task.search_without_channel fetch_input_start=228431653 fetch_input_end=228431654 fetch_input_duration_ms=0
[2026-01-30 18:53:10.616] [info] [spider.worker] [TIMING] task_id=00afbe06-f448-46db-a6d8-450b1bb99914 func=job_orchestration.executor.query.spider_search_task.search_without_channel execution_start=228431655 execution_end=228432824 execution_duration_ms=1169
[2026-01-30 18:53:10.649] [info] [spider.worker] [TIMING] task_id=00afbe06-f448-46db-a6d8-450b1bb99914 func=job_orchestration.executor.query.spider_search_task.search_without_channel submit_output_start=228432826 submit_output_end=228432857 submit_output_duration_ms=30
[2026-01-30 18:53:10.672] [info] [spider.worker] [TIMING] task_id=43d26661-d311-48b5-846d-49ae2de905d9 func=job_orchestration.executor.query.spider_search_task.search_without_channel fetch_input_start=228432879 fetch_input_end=228432881 fetch_input_duration_ms=1
[2026-01-30 18:53:11.976] [info] [spider.worker] [TIMING] task_id=43d26661-d311-48b5-846d-49ae2de905d9 func=job_orchestration.executor.query.spider_search_task.search_without_channel execution_start=228432882 execution_end=228434184 execution_duration_ms=1302
[2026-01-30 18:53:12.002] [info] [spider.worker] [TIMING] task_id=43d26661-d311-48b5-846d-49ae2de905d9 func=job_orchestration.executor.query.spider_search_task.search_without_channel submit_output_start=228434186 submit_output_end=228434211 submit_output_duration_ms=24
[2026-01-30 18:53:12.021] [info] [spider.worker] [TIMING] task_id=b4f7d620-2e38-412b-bd2f-5c35bd42fdea func=job_orchestration.executor.query.spider_search_task.search_without_channel fetch_input_start=228434229 fetch_input_end=228434230 fetch_input_duration_ms=0
[2026-01-30 18:53:13.321] [info] [spider.worker] [TIMING] task_id=b4f7d620-2e38-412b-bd2f-5c35bd42fdea func=job_orchestration.executor.query.spider_search_task.search_without_channel execution_start=228434231 execution_end=228435529 execution_duration_ms=1298
[2026-01-30 18:53:13.439] [info] [spider.worker] [TIMING] task_id=b4f7d620-2e38-412b-bd2f-5c35bd42fdea func=job_orchestration.executor.query.spider_search_task.search_without_channel submit_output_start=228435531 submit_output_end=228435647 submit_output_duration_ms=116
[2026-01-30 18:53:13.489] [info] [spider.worker] [TIMING] task_id=11b499b0-c3ab-4d37-be34-cf90a3202192 func=job_orchestration.executor.query.spider_search_task.search_without_channel fetch_input_start=228435696 fetch_input_end=228435697 fetch_input_duration_ms=0
[2026-01-30 18:53:14.704] [info] [spider.worker] [TIMING] task_id=11b499b0-c3ab-4d37-be34-cf90a3202192 func=job_orchestration.executor.query.spider_search_task.search_without_channel execution_start=228435698 execution_end=228436913 execution_duration_ms=1215
[2026-01-30 18:53:14.775] [info] [spider.worker] [TIMING] task_id=11b499b0-c3ab-4d37-be34-cf90a3202192 func=job_orchestration.executor.query.spider_search_task.search_without_channel submit_output_start=228436915 submit_output_end=228436983 submit_output_duration_ms=68
[2026-01-30 18:53:14.845] [info] [spider.worker] [TIMING] task_id=954eccf7-de88-423d-af98-9ff41d858448 func=job_orchestration.executor.query.spider_search_task.search_without_channel fetch_input_start=228437052 fetch_input_end=228437053 fetch_input_duration_ms=0
[2026-01-30 18:53:16.228] [info] [spider.worker] [TIMING] task_id=954eccf7-de88-423d-af98-9ff41d858448 func=job_orchestration.executor.query.spider_search_task.search_without_channel execution_start=228437054 execution_end=228438436 execution_duration_ms=1382
[2026-01-30 18:53:16.245] [info] [spider.worker] [TIMING] task_id=954eccf7-de88-423d-af98-9ff41d858448 func=job_orchestration.executor.query.spider_search_task.search_without_channel submit_output_start=228438438 submit_output_end=228438454 submit_output_duration_ms=15
[2026-01-30 18:53:16.264] [info] [spider.worker] [TIMING] task_id=9b005872-11f2-4a60-8715-6dd581ab153e func=job_orchestration.executor.query.spider_search_task.search_without_channel fetch_input_start=228438472 fetch_input_end=228438473 fetch_input_duration_ms=1
[2026-01-30 18:53:17.666] [info] [spider.worker] [TIMING] task_id=9b005872-11f2-4a60-8715-6dd581ab153e func=job_orchestration.executor.query.spider_search_task.search_without_channel execution_start=228438474 execution_end=228439874 execution_duration_ms=1400
[2026-01-30 18:53:17.713] [info] [spider.worker] [TIMING] task_id=9b005872-11f2-4a60-8715-6dd581ab153e func=job_orchestration.executor.query.spider_search_task.search_without_channel submit_output_start=228439876 submit_output_end=228439922 submit_output_duration_ms=45
[2026-01-30 18:53:17.731] [info] [spider.worker] [TIMING] task_id=07b0358f-58e5-456b-ae78-43b9fe46d258 func=job_orchestration.executor.query.spider_search_task.search_without_channel fetch_input_start=228439939 fetch_input_end=228439939 fetch_input_duration_ms=0
[2026-01-30 18:53:19.035] [info] [spider.worker] [TIMING] task_id=07b0358f-58e5-456b-ae78-43b9fe46d258 func=job_orchestration.executor.query.spider_search_task.search_without_channel execution_start=228439940 execution_end=228441244 execution_duration_ms=1303
[2026-01-30 18:53:19.066] [info] [spider.worker] [TIMING] task_id=07b0358f-58e5-456b-ae78-43b9fe46d258 func=job_orchestration.executor.query.spider_search_task.search_without_channel submit_output_start=228441245 submit_output_end=228441274 submit_output_duration_ms=28
[2026-01-30 18:53:19.099] [info] [spider.worker] [TIMING] task_id=b75d0374-f177-4ebf-8612-6a80d17135d4 func=job_orchestration.executor.query.spider_search_task.search_without_channel fetch_input_start=228441307 fetch_input_end=228441308 fetch_input_duration_ms=1
[2026-01-30 18:53:20.400] [info] [spider.worker] [TIMING] task_id=b75d0374-f177-4ebf-8612-6a80d17135d4 func=job_orchestration.executor.query.spider_search_task.search_without_channel execution_start=228441309 execution_end=228442609 execution_duration_ms=1299
[2026-01-30 18:53:20.438] [info] [spider.worker] [TIMING] task_id=b75d0374-f177-4ebf-8612-6a80d17135d4 func=job_orchestration.executor.query.spider_search_task.search_without_channel submit_output_start=228442610 submit_output_end=228442646 submit_output_duration_ms=35
[2026-01-30 18:53:20.457] [info] [spider.worker] [TIMING] task_id=d4264cb5-8dc9-4653-a1fc-a9260a0e4e6c func=job_orchestration.executor.query.spider_search_task.search_without_channel fetch_input_start=228442665 fetch_input_end=228442665 fetch_input_duration_ms=0
[2026-01-30 18:53:21.726] [info] [spider.worker] [TIMING] task_id=d4264cb5-8dc9-4653-a1fc-a9260a0e4e6c func=job_orchestration.executor.query.spider_search_task.search_without_channel execution_start=228442666 execution_end=228443934 execution_duration_ms=1268
[2026-01-30 18:53:21.738] [info] [spider.worker] [TIMING] task_id=d4264cb5-8dc9-4653-a1fc-a9260a0e4e6c func=job_orchestration.executor.query.spider_search_task.search_without_channel submit_output_start=228443936 submit_output_end=228443946 submit_output_duration_ms=10
[2026-01-30 18:53:21.757] [info] [spider.worker] [TIMING] task_id=d1120a87-048b-4b7c-9f2f-df988deac7e1 func=job_orchestration.executor.query.spider_search_task.search_without_channel fetch_input_start=228443964 fetch_input_end=228443965 fetch_input_duration_ms=0
[2026-01-30 18:53:23.023] [info] [spider.worker] [TIMING] task_id=d1120a87-048b-4b7c-9f2f-df988deac7e1 func=job_orchestration.executor.query.spider_search_task.search_without_channel execution_start=228443966 execution_end=228445232 execution_duration_ms=1265
[2026-01-30 18:53:23.038] [info] [spider.worker] [TIMING] task_id=d1120a87-048b-4b7c-9f2f-df988deac7e1 func=job_orchestration.executor.query.spider_search_task.search_without_channel submit_output_start=228445233 submit_output_end=228445246 submit_output_duration_ms=13
[2026-01-30 18:53:23.057] [info] [spider.worker] [TIMING] task_id=cedf942a-b952-4537-a04a-42ff27666c72 func=job_orchestration.executor.query.spider_search_task.search_without_channel fetch_input_start=228445264 fetch_input_end=228445265 fetch_input_duration_ms=0
[2026-01-30 18:53:24.417] [info] [spider.worker] [TIMING] task_id=cedf942a-b952-4537-a04a-42ff27666c72 func=job_orchestration.executor.query.spider_search_task.search_without_channel execution_start=228445266 execution_end=228446625 execution_duration_ms=1359
[2026-01-30 18:53:24.430] [info] [spider.worker] [TIMING] task_id=cedf942a-b952-4537-a04a-42ff27666c72 func=job_orchestration.executor.query.spider_search_task.search_without_channel submit_output_start=228446627 submit_output_end=228446638 submit_output_duration_ms=11
[2026-01-30 18:53:24.441] [info] [spider.worker] [TIMING] task_id=dada5cb0-54e6-46dd-8d34-f48d17c80f64 func=job_orchestration.executor.query.spider_search_task.search_without_channel fetch_input_start=228446648 fetch_input_end=228446649 fetch_input_duration_ms=1
[2026-01-30 18:53:25.582] [info] [spider.worker] [TIMING] task_id=dada5cb0-54e6-46dd-8d34-f48d17c80f64 func=job_orchestration.executor.query.spider_search_task.search_without_channel execution_start=228446650 execution_end=228447790 execution_duration_ms=1139
[2026-01-30 18:53:25.588] [info] [spider.worker] [TIMING] task_id=dada5cb0-54e6-46dd-8d34-f48d17c80f64 func=job_orchestration.executor.query.spider_search_task.search_without_channel submit_output_start=228447792 submit_output_end=228447797 submit_output_duration_ms=5
[2026-01-30 18:53:25.666] [info] [spider.worker] [TIMING] task_id=36d983a9-9ee4-4270-b69f-8d2483cf35a9 func=job_orchestration.executor.query.spider_search_task.search_without_channel fetch_input_start=228447873 fetch_input_end=228447874 fetch_input_duration_ms=0
[2026-01-30 18:53:26.943] [info] [spider.worker] [TIMING] task_id=36d983a9-9ee4-4270-b69f-8d2483cf35a9 func=job_orchestration.executor.query.spider_search_task.search_without_channel execution_start=228447875 execution_end=228449151 execution_duration_ms=1276
[2026-01-30 18:53:26.955] [info] [spider.worker] [TIMING] task_id=36d983a9-9ee4-4270-b69f-8d2483cf35a9 func=job_orchestration.executor.query.spider_search_task.search_without_channel submit_output_start=228449153 submit_output_end=228449164 submit_output_duration_ms=10
[2026-01-30 18:53:26.985] [info] [spider.worker] [TIMING] task_id=dc67c725-d26f-4810-971f-107ac4865ff6 func=job_orchestration.executor.query.spider_search_task.search_without_channel fetch_input_start=228449193 fetch_input_end=228449194 fetch_input_duration_ms=0
[2026-01-30 18:53:28.289] [info] [spider.worker] [TIMING] task_id=dc67c725-d26f-4810-971f-107ac4865ff6 func=job_orchestration.executor.query.spider_search_task.search_without_channel execution_start=228449194 execution_end=228450497 execution_duration_ms=1302
[2026-01-30 18:53:28.331] [info] [spider.worker] [TIMING] task_id=dc67c725-d26f-4810-971f-107ac4865ff6 func=job_orchestration.executor.query.spider_search_task.search_without_channel submit_output_start=228450498 submit_output_end=228450539 submit_output_duration_ms=40
[2026-01-30 18:53:28.350] [info] [spider.worker] [TIMING] task_id=a2ab2d21-1e6d-4432-a5df-772f71562c13 func=job_orchestration.executor.query.spider_search_task.search_without_channel fetch_input_start=228450558 fetch_input_end=228450559 fetch_input_duration_ms=1
[2026-01-30 18:53:29.549] [info] [spider.worker] [TIMING] task_id=a2ab2d21-1e6d-4432-a5df-772f71562c13 func=job_orchestration.executor.query.spider_search_task.search_without_channel execution_start=228450560 execution_end=228451758 execution_duration_ms=1198
[2026-01-30 18:53:29.564] [info] [spider.worker] [TIMING] task_id=a2ab2d21-1e6d-4432-a5df-772f71562c13 func=job_orchestration.executor.query.spider_search_task.search_without_channel submit_output_start=228451760 submit_output_end=228451772 submit_output_duration_ms=12
[2026-01-30 18:53:29.591] [info] [spider.worker] [TIMING] task_id=791a87ec-6af3-404d-8f6e-cd76cacc18ca func=job_orchestration.executor.query.spider_search_task.search_without_channel fetch_input_start=228451798 fetch_input_end=228451799 fetch_input_duration_ms=0
[2026-01-30 18:53:30.878] [info] [spider.worker] [TIMING] task_id=791a87ec-6af3-404d-8f6e-cd76cacc18ca func=job_orchestration.executor.query.spider_search_task.search_without_channel execution_start=228451799 execution_end=228453086 execution_duration_ms=1287
[2026-01-30 18:53:30.898] [info] [spider.worker] [TIMING] task_id=791a87ec-6af3-404d-8f6e-cd76cacc18ca func=job_orchestration.executor.query.spider_search_task.search_without_channel submit_output_start=228453088 submit_output_end=228453106 submit_output_duration_ms=17
[2026-01-30 18:53:30.917] [info] [spider.worker] [TIMING] task_id=97b9e021-ce6e-44e3-8487-11de085f9715 func=job_orchestration.executor.query.spider_search_task.search_without_channel fetch_input_start=228453125 fetch_input_end=228453126 fetch_input_duration_ms=1
[2026-01-30 18:53:32.248] [info] [spider.worker] [TIMING] task_id=97b9e021-ce6e-44e3-8487-11de085f9715 func=job_orchestration.executor.query.spider_search_task.search_without_channel execution_start=228453126 execution_end=228454456 execution_duration_ms=1329
[2026-01-30 18:53:32.264] [info] [spider.worker] [TIMING] task_id=97b9e021-ce6e-44e3-8487-11de085f9715 func=job_orchestration.executor.query.spider_search_task.search_without_channel submit_output_start=228454458 submit_output_end=228454473 submit_output_duration_ms=15
[2026-01-30 18:53:32.284] [info] [spider.worker] [TIMING] task_id=7275c793-4333-4d8a-9589-df00346eb7b8 func=job_orchestration.executor.query.spider_search_task.search_without_channel fetch_input_start=228454491 fetch_input_end=228454492 fetch_input_duration_ms=1
[2026-01-30 18:53:33.483] [info] [spider.worker] [TIMING] task_id=7275c793-4333-4d8a-9589-df00346eb7b8 func=job_orchestration.executor.query.spider_search_task.search_without_channel execution_start=228454493 execution_end=228455691 execution_duration_ms=1198
[2026-01-30 18:53:33.489] [info] [spider.worker] [TIMING] task_id=7275c793-4333-4d8a-9589-df00346eb7b8 func=job_orchestration.ex