[2026-01-30 18:52:01.615] [warning] [spider.worker] Prefer using `SPIDER_STORAGE_URL` environment variable over `--storage_url` argument.
[2026-01-30 18:52:17.745] [info] [spider.worker] [TIMING] task_id=7367cf50-dc32-43a5-9524-1c75316d50b9 func=job_orchestration.executor.query.spider_search_task.search_without_channel fetch_input_start=228379951 fetch_input_end=228379953 fetch_input_duration_ms=1
[2026-01-30 18:52:18.944] [info] [spider.worker] [TIMING] task_id=7367cf50-dc32-43a5-9524-1c75316d50b9 func=job_orchestration.executor.query.spider_search_task.search_without_channel execution_start=228379954 execution_end=228381152 execution_duration_ms=1198
[2026-01-30 18:52:19.042] [info] [spider.worker] [TIMING] task_id=7367cf50-dc32-43a5-9524-1c75316d50b9 func=job_orchestration.executor.query.spider_search_task.search_without_channel submit_output_start=228381175 submit_output_end=228381250 submit_output_duration_ms=74
[2026-01-30 18:52:19.153] [info] [spider.worker] [TIMING] task_id=6bb3339e-6866-4987-af41-984b3a942070 func=job_orchestration.executor.query.spider_search_task.search_without_channel fetch_input_start=228381361 fetch_input_end=228381362 fetch_input_duration_ms=0
[2026-01-30 18:52:20.396] [info] [spider.worker] [TIMING] task_id=6bb3339e-6866-4987-af41-984b3a942070 func=job_orchestration.executor.query.spider_search_task.search_without_channel execution_start=228381362 execution_end=228382605 execution_duration_ms=1242
[2026-01-30 18:52:20.467] [info] [spider.worker] [TIMING] task_id=6bb3339e-6866-4987-af41-984b3a942070 func=job_orchestration.executor.query.spider_search_task.search_without_channel submit_output_start=228382607 submit_output_end=228382676 submit_output_duration_ms=68
[2026-01-30 18:52:20.520] [info] [spider.worker] [TIMING] task_id=a6ef3bbc-15c1-4d29-8d4b-d394b792d996 func=job_orchestration.executor.query.spider_search_task.search_without_channel fetch_input_start=228382727 fetch_input_end=228382728 fetch_input_duration_ms=0
[2026-01-30 18:52:21.718] [info] [spider.worker] [TIMING] task_id=a6ef3bbc-15c1-4d29-8d4b-d394b792d996 func=job_orchestration.executor.query.spider_search_task.search_without_channel execution_start=228382729 execution_end=228383926 execution_duration_ms=1197
[2026-01-30 18:52:21.762] [info] [spider.worker] [TIMING] task_id=a6ef3bbc-15c1-4d29-8d4b-d394b792d996 func=job_orchestration.executor.query.spider_search_task.search_without_channel submit_output_start=228383929 submit_output_end=228383970 submit_output_duration_ms=40
[2026-01-30 18:52:21.832] [info] [spider.worker] [TIMING] task_id=8b94f773-7cc9-4772-b0cf-e11d1d3f9860 func=job_orchestration.executor.query.spider_search_task.search_without_channel fetch_input_start=228384039 fetch_input_end=228384040 fetch_input_duration_ms=1
[2026-01-30 18:52:23.051] [info] [spider.worker] [TIMING] task_id=8b94f773-7cc9-4772-b0cf-e11d1d3f9860 func=job_orchestration.executor.query.spider_search_task.search_without_channel execution_start=228384041 execution_end=228385259 execution_duration_ms=1218
[2026-01-30 18:52:23.088] [info] [spider.worker] [TIMING] task_id=8b94f773-7cc9-4772-b0cf-e11d1d3f9860 func=job_orchestration.executor.query.spider_search_task.search_without_channel submit_output_start=228385261 submit_output_end=228385297 submit_output_duration_ms=36
[2026-01-30 18:52:23.137] [info] [spider.worker] [TIMING] task_id=7402ecfc-db11-4434-9858-fd2eae34904b func=job_orchestration.executor.query.spider_search_task.search_without_channel fetch_input_start=228385345 fetch_input_end=228385346 fetch_input_duration_ms=0
[2026-01-30 18:52:24.415] [info] [spider.worker] [TIMING] task_id=7402ecfc-db11-4434-9858-fd2eae34904b func=job_orchestration.executor.query.spider_search_task.search_without_channel execution_start=228385346 execution_end=228386623 execution_duration_ms=1277
[2026-01-30 18:52:24.460] [info] [spider.worker] [TIMING] task_id=7402ecfc-db11-4434-9858-fd2eae34904b func=job_orchestration.executor.query.spider_search_task.search_without_channel submit_output_start=228386625 submit_output_end=228386668 submit_output_duration_ms=43
[2026-01-30 18:52:24.519] [info] [spider.worker] [TIMING] task_id=79a803b3-bfa6-4c79-a321-3072489469d2 func=job_orchestration.executor.query.spider_search_task.search_without_channel fetch_input_start=228386727 fetch_input_end=228386728 fetch_input_duration_ms=0
[2026-01-30 18:52:25.625] [info] [spider.worker] [TIMING] task_id=79a803b3-bfa6-4c79-a321-3072489469d2 func=job_orchestration.executor.query.spider_search_task.search_without_channel execution_start=228386729 execution_end=228387834 execution_duration_ms=1104
[2026-01-30 18:52:25.644] [info] [spider.worker] [TIMING] task_id=79a803b3-bfa6-4c79-a321-3072489469d2 func=job_orchestration.executor.query.spider_search_task.search_without_channel submit_output_start=228387835 submit_output_end=228387852 submit_output_duration_ms=17
[2026-01-30 18:52:25.663] [info] [spider.worker] [TIMING] task_id=531336fd-02c3-48f9-b8d4-658b078d03cc func=job_orchestration.executor.query.spider_search_task.search_without_channel fetch_input_start=228387871 fetch_input_end=228387872 fetch_input_duration_ms=1
[2026-01-30 18:52:26.843] [info] [spider.worker] [TIMING] task_id=531336fd-02c3-48f9-b8d4-658b078d03cc func=job_orchestration.executor.query.spider_search_task.search_without_channel execution_start=228387872 execution_end=228389051 execution_duration_ms=1178
[2026-01-30 18:52:26.861] [info] [spider.worker] [TIMING] task_id=531336fd-02c3-48f9-b8d4-658b078d03cc func=job_orchestration.executor.query.spider_search_task.search_without_channel submit_output_start=228389053 submit_output_end=228389069 submit_output_duration_ms=16
[2026-01-30 18:52:26.872] [info] [spider.worker] [TIMING] task_id=90650fcc-25ae-4534-9567-43dac7c8bc77 func=job_orchestration.executor.query.spider_search_task.search_without_channel fetch_input_start=228389079 fetch_input_end=228389080 fetch_input_duration_ms=1
[2026-01-30 18:52:28.094] [info] [spider.worker] [TIMING] task_id=90650fcc-25ae-4534-9567-43dac7c8bc77 func=job_orchestration.executor.query.spider_search_task.search_without_channel execution_start=228389081 execution_end=228390302 execution_duration_ms=1221
[2026-01-30 18:52:28.111] [info] [spider.worker] [TIMING] task_id=90650fcc-25ae-4534-9567-43dac7c8bc77 func=job_orchestration.executor.query.spider_search_task.search_without_channel submit_output_start=228390304 submit_output_end=228390319 submit_output_duration_ms=15
[2026-01-30 18:52:28.151] [info] [spider.worker] [TIMING] task_id=02f36db7-83f0-4dd4-9ed1-81681c07fe04 func=job_orchestration.executor.query.spider_search_task.search_without_channel fetch_input_start=228390359 fetch_input_end=228390360 fetch_input_duration_ms=1
[2026-01-30 18:52:29.404] [info] [spider.worker] [TIMING] task_id=02f36db7-83f0-4dd4-9ed1-81681c07fe04 func=job_orchestration.executor.query.spider_search_task.search_without_channel execution_start=228390360 execution_end=228391613 execution_duration_ms=1252
[2026-01-30 18:52:29.420] [info] [spider.worker] [TIMING] task_id=02f36db7-83f0-4dd4-9ed1-81681c07fe04 func=job_orchestration.executor.query.spider_search_task.search_without_channel submit_output_start=228391615 submit_output_end=228391628 submit_output_duration_ms=13
[2026-01-30 18:52:29.462] [info] [spider.worker] [TIMING] task_id=03c06f88-e6b7-480e-8276-33a62e33868f func=job_orchestration.executor.query.spider_search_task.search_without_channel fetch_input_start=228391669 fetch_input_end=228391671 fetch_input_duration_ms=1
[2026-01-30 18:52:30.788] [info] [spider.worker] [TIMING] task_id=03c06f88-e6b7-480e-8276-33a62e33868f func=job_orchestration.executor.query.spider_search_task.search_without_channel execution_start=228391671 execution_end=228392996 execution_duration_ms=1325
[2026-01-30 18:52:30.795] [info] [spider.worker] [TIMING] task_id=03c06f88-e6b7-480e-8276-33a62e33868f func=job_orchestration.executor.query.spider_search_task.search_without_channel submit_output_start=228392998 submit_output_end=228393003 submit_output_duration_ms=5
[2026-01-30 18:52:30.831] [info] [spider.worker] [TIMING] task_id=c3efbd0e-85ae-41e3-9abc-5a329de281b9 func=job_orchestration.executor.query.spider_search_task.search_without_channel fetch_input_start=228393038 fetch_input_end=228393039 fetch_input_duration_ms=0
[2026-01-30 18:52:32.013] [info] [spider.worker] [TIMING] task_id=c3efbd0e-85ae-41e3-9abc-5a329de281b9 func=job_orchestration.executor.query.spider_search_task.search_without_channel execution_start=228393040 execution_end=228394221 execution_duration_ms=1181
[2026-01-30 18:52:32.028] [info] [spider.worker] [TIMING] task_id=c3efbd0e-85ae-41e3-9abc-5a329de281b9 func=job_orchestration.executor.query.spider_search_task.search_without_channel submit_output_start=228394223 submit_output_end=228394237 submit_output_duration_ms=14
[2026-01-30 18:52:32.040] [info] [spider.worker] [TIMING] task_id=10001e9c-8d39-42bd-b8d9-2c2d9ff54163 func=job_orchestration.executor.query.spider_search_task.search_without_channel fetch_input_start=228394247 fetch_input_end=228394248 fetch_input_duration_ms=1
[2026-01-30 18:52:33.309] [info] [spider.worker] [TIMING] task_id=10001e9c-8d39-42bd-b8d9-2c2d9ff54163 func=job_orchestration.executor.query.spider_search_task.search_without_channel execution_start=228394249 execution_end=228395517 execution_duration_ms=1268
[2026-01-30 18:52:33.360] [info] [spider.worker] [TIMING] task_id=10001e9c-8d39-42bd-b8d9-2c2d9ff54163 func=job_orchestration.executor.query.spider_search_task.search_without_channel submit_output_start=228395527 submit_output_end=228395568 submit_output_duration_ms=41
[2026-01-30 18:52:33.406] [info] [spider.worker] [TIMING] task_id=88183262-9ab6-45c2-a431-0c8fee4e4b5f func=job_orchestration.executor.query.spider_search_task.search_without_channel fetch_input_start=228395614 fetch_input_end=228395615 fetch_input_duration_ms=0
[2026-01-30 18:52:34.578] [info] [spider.worker] [TIMING] task_id=88183262-9ab6-45c2-a431-0c8fee4e4b5f func=job_orchestration.executor.query.spider_search_task.search_without_channel execution_start=228395615 execution_end=228396786 execution_duration_ms=1170
[2026-01-30 18:52:34.621] [info] [spider.worker] [TIMING] task_id=88183262-9ab6-45c2-a431-0c8fee4e4b5f func=job_orchestration.executor.query.spider_search_task.search_without_channel submit_output_start=228396787 submit_output_end=228396829 submit_output_duration_ms=41
[2026-01-30 18:52:34.640] [info] [spider.worker] [TIMING] task_id=a1cb0426-c5c6-411d-82ce-44e59f09f2dd func=job_orchestration.executor.query.spider_search_task.search_without_channel fetch_input_start=228396847 fetch_input_end=228396848 fetch_input_duration_ms=0
[2026-01-30 18:52:35.926] [info] [spider.worker] [TIMING] task_id=a1cb0426-c5c6-411d-82ce-44e59f09f2dd func=job_orchestration.executor.query.spider_search_task.search_without_channel execution_start=228396849 execution_end=228398135 execution_duration_ms=1285
[2026-01-30 18:52:35.957] [info] [spider.worker] [TIMING] task_id=a1cb0426-c5c6-411d-82ce-44e59f09f2dd func=job_orchestration.executor.query.spider_search_task.search_without_channel submit_output_start=228398137 submit_output_end=228398166 submit_output_duration_ms=28
[2026-01-30 18:52:36.035] [info] [spider.worker] [TIMING] task_id=3153ba0c-343e-4e80-9d25-5980e0ed5d47 func=job_orchestration.executor.query.spider_search_task.search_without_channel fetch_input_start=228398242 fetch_input_end=228398243 fetch_input_duration_ms=1
[2026-01-30 18:52:37.279] [info] [spider.worker] [TIMING] task_id=3153ba0c-343e-4e80-9d25-5980e0ed5d47 func=job_orchestration.executor.query.spider_search_task.search_without_channel execution_start=228398244 execution_end=228399488 execution_duration_ms=1243
[2026-01-30 18:52:37.305] [info] [spider.worker] [TIMING] task_id=3153ba0c-343e-4e80-9d25-5980e0ed5d47 func=job_orchestration.executor.query.spider_search_task.search_without_channel submit_output_start=228399493 submit_output_end=228399513 submit_output_duration_ms=19
[2026-01-30 18:52:37.387] [info] [spider.worker] [TIMING] task_id=3b60ff84-604a-4026-9da7-691d4082d65d func=job_orchestration.executor.query.spider_search_task.search_without_channel fetch_input_start=228399594 fetch_input_end=228399595 fetch_input_duration_ms=0
[2026-01-30 18:52:38.586] [info] [spider.worker] [TIMING] task_id=3b60ff84-604a-4026-9da7-691d4082d65d func=job_orchestration.executor.query.spider_search_task.search_without_channel execution_start=228399596 execution_end=228400794 execution_duration_ms=1198
[2026-01-30 18:52:38.605] [info] [spider.worker] [TIMING] task_id=3b60ff84-604a-4026-9da7-691d4082d65d func=job_orchestration.executor.query.spider_search_task.search_without_channel submit_output_start=228400797 submit_output_end=228400813 submit_output_duration_ms=15
[2026-01-30 18:52:38.640] [info] [spider.worker] [TIMING] task_id=c270547f-c76b-4120-bfa7-4f53f888c89e func=job_orchestration.executor.query.spider_search_task.search_without_channel fetch_input_start=228400847 fetch_input_end=228400848 fetch_input_duration_ms=0
[2026-01-30 18:52:39.871] [info] [spider.worker] [TIMING] task_id=c270547f-c76b-4120-bfa7-4f53f888c89e func=job_orchestration.executor.query.spider_search_task.search_without_channel execution_start=228400849 execution_end=228402079 execution_duration_ms=1230
[2026-01-30 18:52:39.888] [info] [spider.worker] [TIMING] task_id=c270547f-c76b-4120-bfa7-4f53f888c89e func=job_orchestration.executor.query.spider_search_task.search_without_channel submit_output_start=228402081 submit_output_end=228402097 submit_output_duration_ms=15
[2026-01-30 18:52:39.933] [info] [spider.worker] [TIMING] task_id=691533f8-94d4-42fe-82a7-7716da07c57b func=job_orchestration.executor.query.spider_search_task.search_without_channel fetch_input_start=228402140 fetch_input_end=228402141 fetch_input_duration_ms=0
[2026-01-30 18:52:41.264] [info] [spider.worker] [TIMING] task_id=691533f8-94d4-42fe-82a7-7716da07c57b func=job_orchestration.executor.query.spider_search_task.search_without_channel execution_start=228402142 execution_end=228403472 execution_duration_ms=1330
[2026-01-30 18:52:41.280] [info] [spider.worker] [TIMING] task_id=691533f8-94d4-42fe-82a7-7716da07c57b func=job_orchestration.executor.query.spider_search_task.search_without_channel submit_output_start=228403474 submit_output_end=228403488 submit_output_duration_ms=14
[2026-01-30 18:52:41.299] [info] [spider.worker] [TIMING] task_id=4375da0c-ef32-4ae4-920f-5440d7006361 func=job_orchestration.executor.query.spider_search_task.search_without_channel fetch_input_start=228403507 fetch_input_end=228403508 fetch_input_duration_ms=0
[2026-01-30 18:52:42.512] [info] [spider.worker] [TIMING] task_id=4375da0c-ef32-4ae4-920f-5440d7006361 func=job_orchestration.executor.query.spider_search_task.search_without_channel execution_start=228403509 execution_end=228404720 execution_duration_ms=1211
[2026-01-30 18:52:42.530] [info] [spider.worker] [TIMING] task_id=4375da0c-ef32-4ae4-920f-5440d7006361 func=job_orchestration.executor.query.spider_search_task.search_without_channel submit_output_start=228404722 submit_output_end=228404739 submit_output_duration_ms=16
[2026-01-30 18:52:42.565] [info] [spider.worker] [TIMING] task_id=13e755fb-2a1c-4cc0-9f61-ceed47f5cdf5 func=job_orchestration.executor.query.spider_search_task.search_without_channel fetch_input_start=228404772 fetch_input_end=228404773 fetch_input_duration_ms=0
[2026-01-30 18:52:43.831] [info] [spider.worker] [TIMING] task_id=13e755fb-2a1c-4cc0-9f61-ceed47f5cdf5 func=job_orchestration.executor.query.spider_search_task.search_without_channel execution_start=228404774 execution_end=228406040 execution_duration_ms=1265
[2026-01-30 18:52:43.847] [info] [spider.worker] [TIMING] task_id=13e755fb-2a1c-4cc0-9f61-ceed47f5cdf5 func=job_orchestration.executor.query.spider_search_task.search_without_channel submit_output_start=228406041 submit_output_end=228406056 submit_output_duration_ms=14
[2026-01-30 18:52:43.894] [info] [spider.worker] [TIMING] task_id=1eb8c2bb-9edb-4361-8266-2ef0f4001f13 func=job_orchestration.executor.query.spider_search_task.search_without_channel fetch_input_start=228406101 fetch_input_end=228406102 fetch_input_duration_ms=0
[2026-01-30 18:52:45.219] [info] [spider.worker] [TIMING] task_id=1eb8c2bb-9edb-4361-8266-2ef0f4001f13 func=job_orchestration.executor.query.spider_search_task.search_without_channel execution_start=228406103 execution_end=228407427 execution_duration_ms=1323
[2026-01-30 18:52:45.240] [info] [spider.worker] [TIMING] task_id=1eb8c2bb-9edb-4361-8266-2ef0f4001f13 func=job_orchestration.executor.query.spider_search_task.search_without_channel submit_output_start=228407429 submit_output_end=228407448 submit_output_duration_ms=19
[2026-01-30 18:52:45.268] [info] [spider.worker] [TIMING] task_id=78ef019c-4a9a-4e22-9dca-b6a188825ba4 func=job_orchestration.executor.query.spider_search_task.search_without_channel fetch_input_start=228407475 fetch_input_end=228407476 fetch_input_duration_ms=1
[2026-01-30 18:52:46.451] [info] [spider.worker] [TIMING] task_id=78ef019c-4a9a-4e22-9dca-b6a188825ba4 func=job_orchestration.executor.query.spider_search_task.search_without_channel execution_start=228407477 execution_end=228408659 execution_duration_ms=1182
[2026-01-30 18:52:46.456] [info] [spider.worker] [TIMING] task_id=78ef019c-4a9a-4e22-9dca-b6a188825ba4 func=job_orchestration.executor.query.spider_search_task.search_without_channel submit_output_start=228408661 submit_output_end=228408664 submit_output_duration_ms=3
[2026-01-30 18:52:46.467] [info] [spider.worker] [TIMING] task_id=c9a89d31-fc45-41fa-a38d-186e35dd1600 func=job_orchestration.executor.query.spider_search_task.search_without_channel fetch_input_start=228408674 fetch_input_end=228408675 fetch_input_duration_ms=0
[2026-01-30 18:52:47.587] [info] [spider.worker] [TIMING] task_id=c9a89d31-fc45-41fa-a38d-186e35dd1600 func=job_orchestration.executor.query.spider_search_task.search_without_channel execution_start=228408676 execution_end=228409796 execution_duration_ms=1119
[2026-01-30 18:52:47.598] [info] [spider.worker] [TIMING] task_id=c9a89d31-fc45-41fa-a38d-186e35dd1600 func=job_orchestration.executor.query.spider_search_task.search_without_channel submit_output_start=228409798 submit_output_end=228409806 submit_output_duration_ms=8
[2026-01-30 18:52:47.609] [info] [spider.worker] [TIMING] task_id=16d29331-0c6f-4725-b044-bad46dc49fb0 func=job_orchestration.executor.query.spider_search_task.search_without_channel fetch_input_start=228409816 fetch_input_end=228409817 fetch_input_duration_ms=0
[2026-01-30 18:52:48.858] [info] [spider.worker] [TIMING] task_id=16d29331-0c6f-4725-b044-bad46dc49fb0 func=job_orchestration.executor.query.spider_search_task.search_without_channel execution_start=228409818 execution_end=228411066 execution_duration_ms=1248
[2026-01-30 18:52:48.881] [info] [spider.worker] [TIMING] task_id=16d29331-0c6f-4725-b044-bad46dc49fb0 func=job_orchestration.executor.query.spider_search_task.search_without_channel submit_output_start=228411068 submit_output_end=228411090 submit_output_duration_ms=21
[2026-01-30 18:52:48.893] [info] [spider.worker] [TIMING] task_id=7b585220-39d7-4ee7-954d-7f340a7f4fd3 func=job_orchestration.executor.query.spider_search_task.search_without_channel fetch_input_start=228411100 fetch_input_end=228411101 fetch_input_duration_ms=0
[2026-01-30 18:52:50.110] [info] [spider.worker] [TIMING] task_id=7b585220-39d7-4ee7-954d-7f340a7f4fd3 func=job_orchestration.executor.query.spider_search_task.search_without_channel execution_start=228411102 execution_end=228412318 execution_duration_ms=1216
[2026-01-30 18:52:50.148] [info] [spider.worker] [TIMING] task_id=7b585220-39d7-4ee7-954d-7f340a7f4fd3 func=job_orchestration.executor.query.spider_search_task.search_without_channel submit_output_start=228412337 submit_output_end=228412357 submit_output_duration_ms=19
[2026-01-30 18:52:50.189] [info] [spider.worker] [TIMING] task_id=e74b0921-8783-433f-aa7b-72b3fb1c0dec func=job_orchestration.executor.query.spider_search_task.search_without_channel fetch_input_start=228412396 fetch_input_end=228412397 fetch_input_duration_ms=0
[2026-01-30 18:52:51.498] [info] [spider.worker] [TIMING] task_id=e74b0921-8783-433f-aa7b-72b3fb1c0dec func=job_orchestration.executor.query.spider_search_task.search_without_channel execution_start=228412398 execution_end=228413706 execution_duration_ms=1308
[2026-01-30 18:52:51.531] [info] [spider.worker] [TIMING] task_id=e74b0921-8783-433f-aa7b-72b3fb1c0dec func=job_orchestration.executor.query.spider_search_task.search_without_channel submit_output_start=228413708 submit_output_end=228413740 submit_output_duration_ms=31
[2026-01-30 18:52:51.552] [info] [spider.worker] [TIMING] task_id=454b25f2-c072-4444-a442-99d44e0a0f3a func=job_orchestration.executor.query.spider_search_task.search_without_channel fetch_input_start=228413759 fetch_input_end=228413760 fetch_input_duration_ms=0
[2026-01-30 18:52:52.715] [info] [spider.worker] [TIMING] task_id=454b25f2-c072-4444-a442-99d44e0a0f3a func=job_orchestration.executor.query.spider_search_task.search_without_channel execution_start=228413761 execution_end=228414923 execution_duration_ms=1162
[2026-01-30 18:52:52.724] [info] [spider.worker] [TIMING] task_id=454b25f2-c072-4444-a442-99d44e0a0f3a func=job_orchestration.executor.query.spider_search_task.search_without_channel submit_output_start=228414925 submit_output_end=228414932 submit_output_duration_ms=7
[2026-01-30 18:52:52.744] [info] [spider.worker] [TIMING] task_id=65ae6696-3cb0-4571-9309-2e5de0e527bc func=job_orchestration.executor.query.spider_search_task.search_without_channel fetch_input_start=228414951 fetch_input_end=228414952 fetch_input_duration_ms=1
[2026-01-30 18:52:53.992] [info] [spider.worker] [TIMING] task_id=65ae6696-3cb0-4571-9309-2e5de0e527bc func=job_orchestration.executor.query.spider_search_task.search_without_channel execution_start=228414953 execution_end=228416200 execution_duration_ms=1247
[2026-01-30 18:52:54.037] [info] [spider.worker] [TIMING] task_id=65ae6696-3cb0-4571-9309-2e5de0e527bc func=job_orchestration.executor.query.spider_search_task.search_without_channel submit_output_start=228416202 submit_output_end=228416245 submit_output_duration_ms=43
[2026-01-30 18:52:54.060] [info] [spider.worker] [TIMING] task_id=8437d73d-4f4f-4435-8a16-f2a4efafb8b7 func=job_orchestration.executor.query.spider_search_task.search_without_channel fetch_input_start=228416268 fetch_input_end=228416269 fetch_input_duration_ms=0
[2026-01-30 18:52:55.196] [info] [spider.worker] [TIMING] task_id=8437d73d-4f4f-4435-8a16-f2a4efafb8b7 func=job_orchestration.executor.query.spider_search_task.search_without_channel execution_start=228416269 execution_end=228417404 execution_duration_ms=1134
[2026-01-30 18:52:55.207] [info] [spider.worker] [TIMING] task_id=8437d73d-4f4f-4435-8a16-f2a4efafb8b7 func=job_orchestration.executor.query.spider_search_task.search_without_channel submit_output_start=228417405 submit_output_end=228417416 submit_output_duration_ms=10
[2026-01-30 18:52:55.234] [info] [spider.worker] [TIMING] task_id=a4be098b-e9a7-4267-8b33-509ed9b4e4d4 func=job_orchestration.executor.query.spider_search_task.search_without_channel fetch_input_start=228417442 fetch_input_end=228417442 fetch_input_duration_ms=0
[2026-01-30 18:52:56.419] [info] [spider.worker] [TIMING] task_id=a4be098b-e9a7-4267-8b33-509ed9b4e4d4 func=job_orchestration.executor.query.spider_search_task.search_without_channel execution_start=228417443 execution_end=228418627 execution_duration_ms=1183
[2026-01-30 18:52:56.459] [info] [spider.worker] [TIMING] task_id=a4be098b-e9a7-4267-8b33-509ed9b4e4d4 func=job_orchestration.executor.query.spider_search_task.search_without_channel submit_output_start=228418629 submit_output_end=228418667 submit_output_duration_ms=37
[2026-01-30 18:52:56.496] [info] [spider.worker] [TIMING] task_id=e41f8f10-586f-459a-af75-2d3b390b1a6a func=job_orchestration.executor.query.spider_search_task.search_without_channel fetch_input_start=228418703 fetch_input_end=228418704 fetch_input_duration_ms=1
[2026-01-30 18:52:57.779] [info] [spider.worker] [TIMING] task_id=e41f8f10-586f-459a-af75-2d3b390b1a6a func=job_orchestration.executor.query.spider_search_task.search_without_channel execution_start=228418705 execution_end=228419988 execution_duration_ms=1282
[2026-01-30 18:52:57.812] [info] [spider.worker] [TIMING] task_id=e41f8f10-586f-459a-af75-2d3b390b1a6a func=job_orchestration.executor.query.spider_search_task.search_without_channel submit_output_start=228419989 submit_output_end=228420020 submit_output_duration_ms=31
[2026-01-30 18:52:57.836] [info] [spider.worker] [TIMING] task_id=43da8d74-1133-447c-9b90-574e7ae10cbb func=job_orchestration.executor.query.spider_search_task.search_without_channel fetch_input_start=228420044 fetch_input_end=228420045 fetch_input_duration_ms=0
[2026-01-30 18:52:59.141] [info] [spider.worker] [TIMING] task_id=43da8d74-1133-447c-9b90-574e7ae10cbb func=job_orchestration.executor.query.spider_search_task.search_without_channel execution_start=228420046 execution_end=228421349 execution_duration_ms=1303
[2026-01-30 18:52:59.183] [info] [spider.worker] [TIMING] task_id=43da8d74-1133-447c-9b90-574e7ae10cbb func=job_orchestration.executor.query.spider_search_task.search_without_channel submit_output_start=228421351 submit_output_end=228421392 submit_output_duration_ms=40
[2026-01-30 18:52:59.203] [info] [spider.worker] [TIMING] task_id=d4bad041-d37d-49e9-b12e-190e12ca7ecf func=job_orchestration.executor.query.spider_search_task.search_without_channel fetch_input_start=228421411 fetch_input_end=228421411 fetch_input_duration_ms=0
[2026-01-30 18:53:00.354] [info] [spider.worker] [TIMING] task_id=d4bad041-d37d-49e9-b12e-190e12ca7ecf func=job_orchestration.executor.query.spider_search_task.search_without_channel execution_start=228421412 execution_end=228422562 execution_duration_ms=1150
[2026-01-30 18:53:00.367] [info] [spider.worker] [TIMING] task_id=d4bad041-d37d-49e9-b12e-190e12ca7ecf func=job_orchestration.executor.query.spider_search_task.search_without_channel submit_output_start=228422564 submit_output_end=228422575 submit_output_duration_ms=11
[2026-01-30 18:53:00.387] [info] [spider.worker] [TIMING] task_id=225660f3-0db9-4160-b862-d7b2ba41ff18 func=job_orchestration.executor.query.spider_search_task.search_without_channel fetch_input_start=228422594 fetch_input_end=228422595 fetch_input_duration_ms=1
[2026-01-30 18:53:01.833] [info] [spider.worker] [TIMING] task_id=225660f3-0db9-4160-b862-d7b2ba41ff18 func=job_orchestration.executor.query.spider_search_task.search_without_channel execution_start=228422596 execution_end=228424042 execution_duration_ms=1445
[2026-01-30 18:53:01.864] [info] [spider.worker] [TIMING] task_id=225660f3-0db9-4160-b862-d7b2ba41ff18 func=job_orchestration.executor.query.spider_search_task.search_without_channel submit_output_start=228424043 submit_output_end=228424072 submit_output_duration_ms=29
[2026-01-30 18:53:01.887] [info] [spider.worker] [TIMING] task_id=76103564-c185-42f7-baf9-6ef6a3a86009 func=job_orchestration.executor.query.spider_search_task.search_without_channel fetch_input_start=228424094 fetch_input_end=228424095 fetch_input_duration_ms=0
[2026-01-30 18:53:03.120] [info] [spider.worker] [TIMING] task_id=76103564-c185-42f7-baf9-6ef6a3a86009 func=job_orchestration.executor.query.spider_search_task.search_without_channel execution_start=228424096 execution_end=228425329 execution_duration_ms=1233
[2026-01-30 18:53:03.126] [info] [spider.worker] [TIMING] task_id=76103564-c185-42f7-baf9-6ef6a3a86009 func=job_orchestration.executor.query.spider_search_task.search_without_channel submit_output_start=228425330 submit_output_end=228425334 submit_output_duration_ms=4
[2026-01-30 18:53:03.137] [info] [spider.worker] [TIMING] task_id=f6b628c3-ac1f-4908-9263-4849694f46bc func=job_orchestration.executor.query.spider_search_task.search_without_channel fetch_input_start=228425344 fetch_input_end=228425345 fetch_input_duration_ms=1
[2026-01-30 18:53:04.352] [info] [spider.worker] [TIMING] task_id=f6b628c3-ac1f-4908-9263-4849694f46bc func=job_orchestration.executor.query.spider_search_task.search_without_channel execution_start=228425346 execution_end=228426560 execution_duration_ms=1214
[2026-01-30 18:53:04.384] [info] [spider.worker] [TIMING] task_id=f6b628c3-ac1f-4908-9263-4849694f46bc func=job_orchestration.executor.query.spider_search_task.search_without_channel submit_output_start=228426570 submit_output_end=228426593 submit_output_duration_ms=22
[2026-01-30 18:53:04.422] [info] [spider.worker] [TIMING] task_id=a5a02930-4869-476c-8553-410260e16687 func=job_orchestration.executor.query.spider_search_task.search_without_channel fetch_input_start=228426630 fetch_input_end=228426631 fetch_input_duration_ms=0
[2026-01-30 18:53:05.664] [info] [spider.worker] [TIMING] task_id=a5a02930-4869-476c-8553-410260e16687 func=job_orchestration.executor.query.spider_search_task.search_without_channel execution_start=228426631 execution_end=228427873 execution_duration_ms=1241
[2026-01-30 18:53:05.676] [info] [spider.worker] [TIMING] task_id=a5a02930-4869-476c-8553-410260e16687 func=job_orchestration.executor.query.spider_search_task.search_without_channel submit_output_start=228427875 submit_output_end=228427885 submit_output_duration_ms=10
[2026-01-30 18:53:05.687] [info] [spider.worker] [TIMING] task_id=80cb386f-21c5-4b98-8f15-77bd84ad053a func=job_orchestration.executor.query.spider_search_task.search_without_channel fetch_input_start=228427894 fetch_input_end=228427895 fetch_input_duration_ms=1
[2026-01-30 18:53:06.894] [info] [spider.worker] [TIMING] task_id=80cb386f-21c5-4b98-8f15-77bd84ad053a func=job_orchestration.executor.query.spider_search_task.search_without_channel execution_start=228427896 execution_end=228429102 execution_duration_ms=1205
[2026-01-30 18:53:06.985] [info] [spider.worker] [TIMING] task_id=80cb386f-21c5-4b98-8f15-77bd84ad053a func=job_orchestration.executor.query.spider_search_task.search_without_channel submit_output_start=228429103 submit_output_end=228429193 submit_output_duration_ms=90
[2026-01-30 18:53:07.027] [info] [spider.worker] [TIMING] task_id=b3bdf1c1-0339-4766-b05b-2cfd57fd0442 func=job_orchestration.executor.query.spider_search_task.search_without_channel fetch_input_start=228429235 fetch_input_end=228429236 fetch_input_duration_ms=0
[2026-01-30 18:53:08.221] [info] [spider.worker] [TIMING] task_id=b3bdf1c1-0339-4766-b05b-2cfd57fd0442 func=job_orchestration.executor.query.spider_search_task.search_without_channel execution_start=228429237 execution_end=228430429 execution_duration_ms=1192
[2026-01-30 18:53:08.235] [info] [spider.worker] [TIMING] task_id=b3bdf1c1-0339-4766-b05b-2cfd57fd0442 func=job_orchestration.executor.query.spider_search_task.search_without_channel submit_output_start=228430431 submit_output_end=228430443 submit_output_duration_ms=12
[2026-01-30 18:53:08.255] [info] [spider.worker] [TIMING] task_id=0fa6b14a-a8e5-40da-a308-1bdfb5c3e715 func=job_orchestration.executor.query.spider_search_task.search_without_channel fetch_input_start=228430462 fetch_input_end=228430463 fetch_input_duration_ms=1
[2026-01-30 18:53:09.437] [info] [spider.worker] [TIMING] task_id=0fa6b14a-a8e5-40da-a308-1bdfb5c3e715 func=job_orchestration.executor.query.spider_search_task.search_without_channel execution_start=228430464 execution_end=228431645 execution_duration_ms=1181
[2026-01-30 18:53:09.471] [info] [spider.worker] [TIMING] task_id=0fa6b14a-a8e5-40da-a308-1bdfb5c3e715 func=job_orchestration.executor.query.spider_search_task.search_without_channel submit_output_start=228431646 submit_output_end=228431680 submit_output_duration_ms=33
[2026-01-30 18:53:09.497] [info] [spider.worker] [TIMING] task_id=7fcdb3a6-d199-4af8-acf3-0136d12e6650 func=job_orchestration.executor.query.spider_search_task.search_without_channel fetch_input_start=228431704 fetch_input_end=228431705 fetch_input_duration_ms=1
[2026-01-30 18:53:10.748] [info] [spider.worker] [TIMING] task_id=7fcdb3a6-d199-4af8-acf3-0136d12e6650 func=job_orchestration.executor.query.spider_search_task.search_without_channel execution_start=228431706 execution_end=228432956 execution_duration_ms=1250
[2026-01-30 18:53:10.761] [info] [spider.worker] [TIMING] task_id=7fcdb3a6-d199-4af8-acf3-0136d12e6650 func=job_orchestration.executor.query.spider_search_task.search_without_channel submit_output_start=228432958 submit_output_end=228432969 submit_output_duration_ms=11
[2026-01-30 18:53:10.802] [info] [spider.worker] [TIMING] task_id=c7c914b2-e3f6-4a3c-89fc-b17d177470d9 func=job_orchestration.executor.query.spider_search_task.search_without_channel fetch_input_start=228433009 fetch_input_end=228433010 fetch_input_duration_ms=0
[2026-01-30 18:53:12.084] [info] [spider.worker] [TIMING] task_id=c7c914b2-e3f6-4a3c-89fc-b17d177470d9 func=job_orchestration.executor.query.spider_search_task.search_without_channel execution_start=228433011 execution_end=228434292 execution_duration_ms=1281
[2026-01-30 18:53:12.111] [info] [spider.worker] [TIMING] task_id=c7c914b2-e3f6-4a3c-89fc-b17d177470d9 func=job_orchestration.executor.query.spider_search_task.search_without_channel submit_output_start=228434294 submit_output_end=228434319 submit_output_duration_ms=25
[2026-01-30 18:53:12.130] [info] [spider.worker] [TIMING] task_id=eec8ae7b-cccb-4bc5-8a9e-1097dc6c5401 func=job_orchestration.executor.query.spider_search_task.search_without_channel fetch_input_start=228434338 fetch_input_end=228434339 fetch_input_duration_ms=0
[2026-01-30 18:53:13.302] [info] [spider.worker] [TIMING] task_id=eec8ae7b-cccb-4bc5-8a9e-1097dc6c5401 func=job_orchestration.executor.query.spider_search_task.search_without_channel execution_start=228434339 execution_end=228435511 execution_duration_ms=1171
[2026-01-30 18:53:13.397] [info] [spider.worker] [TIMING] task_id=eec8ae7b-cccb-4bc5-8a9e-1097dc6c5401 func=job_orchestration.executor.query.spider_search_task.search_without_channel submit_output_start=228435512 submit_output_end=228435605 submit_output_duration_ms=93
[2026-01-30 18:53:13.475] [info] [spider.worker] [TIMING] task_id=cca5711e-4f8e-4e50-940e-ea6dd82245bd func=job_orchestration.executor.query.spider_search_task.search_without_channel fetch_input_start=228435682 fetch_input_end=228435684 fetch_input_duration_ms=1
[2026-01-30 18:53:14.756] [info] [spider.worker] [TIMING] task_id=cca5711e-4f8e-4e50-940e-ea6dd82245bd func=job_orchestration.executor.query.spider_search_task.search_without_channel execution_start=228435684 execution_end=228436964 execution_duration_ms=1279
[2026-01-30 18:53:14.809] [info] [spider.worker] [TIMING] task_id=cca5711e-4f8e-4e50-940e-ea6dd82245bd func=job_orchestration.executor.query.spider_search_task.search_without_channel submit_output_start=228436976 submit_output_end=228437017 submit_output_duration_ms=41
[2026-01-30 18:53:14.878] [info] [spider.worker] [TIMING] task_id=4de6c4e9-e421-49e3-87b2-878c5a6037e9 func=job_orchestration.executor.query.spider_search_task.search_without_channel fetch_input_start=228437085 fetch_input_end=228437086 fetch_input_duration_ms=0
[2026-01-30 18:53:16.091] [info] [spider.worker] [TIMING] task_id=4de6c4e9-e421-49e3-87b2-878c5a6037e9 func=job_orchestration.executor.query.spider_search_task.search_without_channel execution_start=228437087 execution_end=228438299 execution_duration_ms=1212
[2026-01-30 18:53:16.120] [info] [spider.worker] [TIMING] task_id=4de6c4e9-e421-49e3-87b2-878c5a6037e9 func=job_orchestration.executor.query.spider_search_task.search_without_channel submit_output_start=228438300 submit_output_end=228438328 submit_output_duration_ms=28
[2026-01-30 18:53:16.139] [info] [spider.worker] [TIMING] task_id=c7bfa0a7-6240-4dbf-97db-dd98cf7c7bd1 func=job_orchestration.executor.query.spider_search_task.search_without_channel fetch_input_start=228438347 fetch_input_end=228438348 fetch_input_duration_ms=1
[2026-01-30 18:53:17.268] [info] [spider.worker] [TIMING] task_id=c7bfa0a7-6240-4dbf-97db-dd98cf7c7bd1 func=job_orchestration.executor.query.spider_search_task.search_without_channel execution_start=228438348 execution_end=228439476 execution_duration_ms=1127
[2026-01-30 18:53:17.304] [info] [spider.worker] [TIMING] task_id=c7bfa0a7-6240-4dbf-97db-dd98cf7c7bd1 func=job_orchestration.executor.query.spider_search_task.search_without_channel submit_output_start=228439478 submit_output_end=228439513 submit_output_duration_ms=34
[2026-01-30 18:53:17.358] [info] [spider.worker] [TIMING] task_id=2ef985f8-f9bc-4ff1-864e-f7b516df4887 func=job_orchestration.executor.query.spider_search_task.search_without_channel fetch_input_start=228439565 fetch_input_end=228439566 fetch_input_duration_ms=1
[2026-01-30 18:53:18.592] [info] [spider.worker] [TIMING] task_id=2ef985f8-f9bc-4ff1-864e-f7b516df4887 func=job_orchestration.executor.query.spider_search_task.search_without_channel execution_start=228439567 execution_end=228440800 execution_duration_ms=1233
[2026-01-30 18:53:18.665] [info] [spider.worker] [TIMING] task_id=2ef985f8-f9bc-4ff1-864e-f7b516df4887 func=job_orchestration.executor.query.spider_search_task.search_without_channel submit_output_start=228440832 submit_output_end=228440873 submit_output_duration_ms=40
[2026-01-30 18:53:18.715] [info] [spider.worker] [TIMING] task_id=1386a333-b2eb-45ee-acd8-b735c9ccaa5b func=job_orchestration.executor.query.spider_search_task.search_without_channel fetch_input_start=228440922 fetch_input_end=228440923 fetch_input_duration_ms=1
[2026-01-30 18:53:19.850] [info] [spider.worker] [TIMING] task_id=1386a333-b2eb-45ee-acd8-b735c9ccaa5b func=job_orchestration.executor.query.spider_search_task.search_without_channel execution_start=228440924 execution_end=228442058 execution_duration_ms=1134
[2026-01-30 18:53:19.892] [info] [spider.worker] [TIMING] task_id=1386a333-b2eb-45ee-acd8-b735c9ccaa5b func=job_orchestration.executor.query.spider_search_task.search_without_channel submit_output_start=228442060 submit_output_end=228442101 submit_output_duration_ms=40
[2026-01-30 18:53:19.915] [info] [spider.worker] [TIMING] task_id=6d7a9224-caee-42ad-84aa-056e08e6266a func=job_orchestration.executor.query.spider_search_task.search_without_channel fetch_input_start=228442123 fetch_input_end=228442123 fetch_input_duration_ms=0
[2026-01-30 18:53:21.023] [info] [spider.worker] [TIMING] task_id=6d7a9224-caee-42ad-84aa-056e08e6266a func=job_orchestration.executor.query.spider_search_task.search_without_channel execution_start=228442124 execution_end=228443231 execution_duration_ms=1106
[2026-01-30 18:53:21.071] [info] [spider.worker] [TIMING] task_id=6d7a9224-caee-42ad-84aa-056e08e6266a func=job_orchestration.executor.query.spider_search_task.search_without_channel submit_output_start=228443233 submit_output_end=228443280 submit_output_duration_ms=46
[2026-01-30 18:53:21.099] [info] [spider.worker] [TIMING] task_id=49214a13-eaa1-453f-812a-07412b801453 func=job_orchestration.executor.query.spider_search_task.search_without_channel fetch_input_start=228443306 fetch_input_end=228443307 fetch_input_duration_ms=1
[2026-01-30 18:53:22.388] [info] [spider.worker] [TIMING] task_id=49214a13-eaa1-453f-812a-07412b801453 func=job_orchestration.executor.query.spider_search_task.search_without_channel execution_start=228443308 execution_end=228444596 execution_duration_ms=1288
[2026-01-30 18:53:22.440] [info] [spider.worker] [TIMING] task_id=49214a13-eaa1-453f-812a-07412b801453 func=job_orchestration.executor.query.spider_search_task.search_without_channel submit_output_start=228444598 submit_output_end=228444648 submit_output_duration_ms=50
[2026-01-30 18:53:22.476] [info] [spider.worker] [TIMING] task_id=0b1410fd-b361-49af-add6-0e6018564367 func=job_orchestration.executor.query.spider_search_task.search_without_channel fetch_input_start=228444683 fetch_input_end=228444684 fetch_input_duration_ms=1
[2026-01-30 18:53:23.612] [info] [spider.worker] [TIMING] task_id=0b1410fd-b361-49af-add6-0e6018564367 func=job_orchestration.executor.query.spider_search_task.search_without_channel execution_start=228444685 execution_end=228445821 execution_duration_ms=1135
[2026-01-30 18:53:23.642] [info] [spider.worker] [TIMING] task_id=0b1410fd-b361-49af-add6-0e6018564367 func=job_orchestration.executor.query.spider_search_task.search_without_channel submit_output_start=228445823 submit_output_end=228445850 submit_output_duration_ms=27
[2026-01-30 18:53:23.666] [info] [spider.worker] [TIMING] task_id=9cee0ee4-d153-40be-9daa-751ec2b11dcb func=job_orchestration.executor.query.spider_search_task.search_without_channel fetch_input_start=228445873 fetch_input_end=228445874 fetch_input_duration_ms=1
[2026-01-30 18:53:24.817] [info] [spider.worker] [TIMING] task_id=9cee0ee4-d153-40be-9daa-751ec2b11dcb func=job_orchestration.executor.query.spider_search_task.search_without_channel execution_start=228445874 execution_end=228447026 execution_duration_ms=1151
[2026-01-30 18:53:24.861] [info] [spider.worker] [TIMING] task_id=9cee0ee4-d153-40be-9daa-751ec2b11dcb func=job_orchestration.executor.query.spider_search_task.search_without_channel submit_output_start=228447028 submit_output_end=228447070 submit_output_duration_ms=42
[2026-01-30 18:53:24.906] [info] [spider.worker] [TIMING] task_id=aaa196f6-d937-4e0b-93d3-3757eb231d8e func=job_orchestration.executor.query.spider_search_task.search_without_channel fetch_input_start=228447113 fetch_input_end=228447115 fetch_input_duration_ms=1
[2026-01-30 18:53:26.105] [info] [spider.worker] [TIMING] task_id=aaa196f6-d937-4e0b-93d3-3757eb231d8e func=job_orchestration.executor.query.spider_search_task.search_without_channel execution_start=228447115 execution_end=228448313 execution_duration_ms=1198
[2026-01-30 18:53:26.122] [info] [spider.worker] [TIMING] task_id=aaa196f6-d937-4e0b-93d3-3757eb231d8e func=job_orchestration.executor.query.spider_search_task.search_without_channel submit_output_start=228448315 submit_output_end=228448330 submit_output_duration_ms=15
[2026-01-30 18:53:26.141] [info] [spider.worker] [TIMING] task_id=29e53215-1bd3-42eb-82d4-8714ecedc5b0 func=job_orchestration.executor.query.spider_search_task.search_without_channel fetch_input_start=228448348 fetch_input_end=228448350 fetch_input_duration_ms=1
[2026-01-30 18:53:27.493] [info] [spider.worker] [TIMING] task_id=29e53215-1bd3-42eb-82d4-8714ecedc5b0 func=job_orchestration.executor.query.spider_search_task.search_without_channel execution_start=228448350 execution_end=228449702 execution_duration_ms=1351
[2026-01-30 18:53:27.526] [info] [spider.worker] [TIMING] task_id=29e53215-1bd3-42eb-82d4-8714ecedc5b0 func=job_orchestration.executor.query.spider_search_task.search_without_channel submit_output_start=228449704 submit_output_end=228449734 submit_output_duration_ms=30
[2026-01-30 18:53:27.550] [info] [spider.worker] [TIMING] task_id=88a86e96-16cb-43a3-88b1-74ca1463a9f9 func=job_orchestration.executor.query.spider_search_task.search_without_channel fetch_input_start=228449758 fetch_input_end=228449759 fetch_input_duration_ms=1
[2026-01-30 18:53:28.743] [info] [spider.worker] [TIMING] task_id=88a86e96-16cb-43a3-88b1-74ca1463a9f9 func=job_orchestration.executor.query.spider_search_task.search_without_channel execution_start=228449760 execution_end=228450952 execution_duration_ms=1192
[2026-01-30 18:53:28.764] [info] [spider.worker] [TIMING] task_id=88a86e96-16cb-43a3-88b1-74ca1463a9f9 func=job_orchestration.executor.query.spider_search_task.search_without_channel submit_output_start=228450953 submit_output_end=228450972 submit_output_duration_ms=18
[2026-01-30 18:53:28.848] [info] [spider.worker] [TIMING] task_id=d508eac5-20b1-4b1a-96c2-45d56bf4ed7f func=job_orchestration.executor.query.spider_search_task.search_without_channel fetch_input_start=228451055 fetch_input_end=228451056 fetch_input_duration_ms=1
[2026-01-30 18:53:30.167] [info] [spider.worker] [TIMING] task_id=d508eac5-20b1-4b1a-96c2-45d56bf4ed7f func=job_orchestration.executor.query.spider_search_task.search_without_channel execution_start=228451057 execution_end=228452376 execution_duration_ms=1318
[2026-01-30 18:53:30.181] [info] [spider.worker] [TIMING] task_id=d508eac5-20b1-4b1a-96c2-45d56bf4ed7f func=job_orchestration.executor.query.spider_search_task.search_without_channel submit_output_start=228452378 submit_output_end=228452389 submit_output_duration_ms=11
[2026-01-30 18:53:30.191] [info] [spider.worker] [TIMING] task_id=2ee7ab01-4ade-4faf-b6d9-eaf9cb87b428 func=job_orchestration.executor.query.spider_search_task.search_without_channel fetch_input_start=228452399 fetch_input_end=228452399 fetch_input_duration_ms=0
[2026-01-30 18:53:31.413] [info] [spider.worker] [TIMING] task_id=2ee7ab01-4ade-4faf-b6d9-eaf9cb87b428 func=job_orchestration.executor.query.spider_search_task.search_without_channel execution_start=228452400 execution_end=228453621 execution_duration_ms=1220
[2026-01-30 18:53:31.456] [info] [spider.worker] [TIMING] task_id=2ee7ab01-4ade-4faf-b6d9-eaf9cb87b428 func=job_orchestration.exec