[2026-02-02 19:46:00.937] [warning] [spider.worker] Prefer using `SPIDER_STORAGE_URL` environment variable over `--storage_url` argument.
[2026-02-02 19:47:06.573] [info] [spider.worker] [TIMING] task_id=1187e5df-6e55-4689-9622-fb11e4163a03 func=job_orchestration.executor.compress.spider_compress.compress fetch_input_start=490868780 fetch_input_end=490868781 fetch_input_duration_ms=1
[2026-02-02 19:47:06.573] [info] [spider.worker] [TIMING] task_id=1187e5df-6e55-4689-9622-fb11e4163a03 func=job_orchestration.executor.compress.spider_compress.compress input_send_start=490868782 input_send_end=490868782 input_send_duration_ms=0 bytes=750
[2026-02-02 19:47:06.573] [info] [spider.worker] [TIMING] task_id=1187e5df-6e55-4689-9622-fb11e4163a03 func=job_orchestration.executor.compress.spider_compress.compress spawn_start=490868781 spawn_end=490868782 spawn_duration_ms=0
[2026-02-02 19:48:58.357] [info] [spider.worker] [TIMING] task_id=1187e5df-6e55-4689-9622-fb11e4163a03 func=job_orchestration.executor.compress.spider_compress.compress execution_start=490868782 execution_end=490980565 execution_duration_ms=111783
[2026-02-02 19:48:58.370] [info] [spider.worker] [TIMING] task_id=1187e5df-6e55-4689-9622-fb11e4163a03 func=job_orchestration.executor.compress.spider_compress.compress submit_output_start=490980567 submit_output_end=490980579 submit_output_duration_ms=11
[2026-02-02 19:48:58.407] [info] [spider.worker] [TIMING] task_id=ced52447-e6ba-4b15-95bc-e8eea1a174ba func=job_orchestration.executor.compress.spider_compress.compress fetch_input_start=490980614 fetch_input_end=490980615 fetch_input_duration_ms=1
[2026-02-02 19:48:58.407] [info] [spider.worker] [TIMING] task_id=ced52447-e6ba-4b15-95bc-e8eea1a174ba func=job_orchestration.executor.compress.spider_compress.compress input_send_start=490980616 input_send_end=490980616 input_send_duration_ms=0 bytes=755
[2026-02-02 19:48:58.407] [info] [spider.worker] [TIMING] task_id=ced52447-e6ba-4b15-95bc-e8eea1a174ba func=job_orchestration.executor.compress.spider_compress.compress spawn_start=490980615 spawn_end=490980616 spawn_duration_ms=0
[2026-02-02 19:52:06.916] [info] [spider.worker] [TIMING] task_id=ced52447-e6ba-4b15-95bc-e8eea1a174ba func=job_orchestration.executor.compress.spider_compress.compress execution_start=490980616 execution_end=491169124 execution_duration_ms=188508
[2026-02-02 19:52:06.927] [info] [spider.worker] [TIMING] task_id=ced52447-e6ba-4b15-95bc-e8eea1a174ba func=job_orchestration.executor.compress.spider_compress.compress submit_output_start=491169126 submit_output_end=491169136 submit_output_duration_ms=9
[2026-02-02 19:52:06.938] [info] [spider.worker] [TIMING] task_id=ab12bc8a-96c2-49be-898d-58b62dc094c9 func=job_orchestration.executor.compress.spider_compress.compress fetch_input_start=491169145 fetch_input_end=491169146 fetch_input_duration_ms=0
[2026-02-02 19:52:06.938] [info] [spider.worker] [TIMING] task_id=ab12bc8a-96c2-49be-898d-58b62dc094c9 func=job_orchestration.executor.compress.spider_compress.compress input_send_start=491169146 input_send_end=491169147 input_send_duration_ms=0 bytes=755
[2026-02-02 19:52:06.938] [info] [spider.worker] [TIMING] task_id=ab12bc8a-96c2-49be-898d-58b62dc094c9 func=job_orchestration.executor.compress.spider_compress.compress spawn_start=491169146 spawn_end=491169147 spawn_duration_ms=0
[2026-02-02 19:54:12.478] [info] [spider.worker] [TIMING] task_id=ab12bc8a-96c2-49be-898d-58b62dc094c9 func=job_orchestration.executor.compress.spider_compress.compress execution_start=491169147 execution_end=491294687 execution_duration_ms=125540
[2026-02-02 19:54:12.491] [info] [spider.worker] [TIMING] task_id=ab12bc8a-96c2-49be-898d-58b62dc094c9 func=job_orchestration.executor.compress.spider_compress.compress submit_output_start=491294689 submit_output_end=491294699 submit_output_duration_ms=9
[2026-02-02 19:54:12.510] [info] [spider.worker] [TIMING] task_id=d1a8c515-1b9a-4ff2-bd8b-5478d9f0c37b func=job_orchestration.executor.compress.spider_compress.compress fetch_input_start=491294718 fetch_input_end=491294719 fetch_input_duration_ms=1
[2026-02-02 19:54:12.511] [info] [spider.worker] [TIMING] task_id=d1a8c515-1b9a-4ff2-bd8b-5478d9f0c37b func=job_orchestration.executor.compress.spider_compress.compress input_send_start=491294719 input_send_end=491294719 input_send_duration_ms=0 bytes=850
[2026-02-02 19:54:12.525] [info] [spider.worker] [TIMING] task_id=d1a8c515-1b9a-4ff2-bd8b-5478d9f0c37b func=job_orchestration.executor.compress.spider_compress.compress spawn_start=491294719 spawn_end=491294734 spawn_duration_ms=14
[2026-02-02 19:57:16.123] [info] [spider.worker] [TIMING] task_id=d1a8c515-1b9a-4ff2-bd8b-5478d9f0c37b func=job_orchestration.executor.compress.spider_compress.compress execution_start=491294734 execution_end=491478332 execution_duration_ms=183597
[2026-02-02 19:57:16.164] [info] [spider.worker] [TIMING] task_id=d1a8c515-1b9a-4ff2-bd8b-5478d9f0c37b func=job_orchestration.executor.compress.spider_compress.compress submit_output_start=491478333 submit_output_end=491478372 submit_output_duration_ms=39
[2026-02-02 19:57:16.200] [info] [spider.worker] [TIMING] task_id=5dbcdf6a-355d-459e-9578-25b0791dcf11 func=job_orchestration.executor.compress.spider_compress.compress fetch_input_start=491478408 fetch_input_end=491478409 fetch_input_duration_ms=0
[2026-02-02 19:57:16.201] [info] [spider.worker] [TIMING] task_id=5dbcdf6a-355d-459e-9578-25b0791dcf11 func=job_orchestration.executor.compress.spider_compress.compress input_send_start=491478409 input_send_end=491478409 input_send_duration_ms=0 bytes=755
[2026-02-02 19:57:16.201] [info] [spider.worker] [TIMING] task_id=5dbcdf6a-355d-459e-9578-25b0791dcf11 func=job_orchestration.executor.compress.spider_compress.compress spawn_start=491478409 spawn_end=491478409 spawn_duration_ms=0
[2026-02-02 19:57:53.395] [info] [spider.worker] [TIMING] task_id=5dbcdf6a-355d-459e-9578-25b0791dcf11 func=job_orchestration.executor.compress.spider_compress.compress execution_start=491478410 execution_end=491515604 execution_duration_ms=37193
[2026-02-02 19:57:53.412] [info] [spider.worker] [TIMING] task_id=5dbcdf6a-355d-459e-9578-25b0791dcf11 func=job_orchestration.executor.compress.spider_compress.compress submit_output_start=491515606 submit_output_end=491515620 submit_output_duration_ms=14
[2026-02-02 19:57:53.422] [info] [spider.worker] [TIMING] task_id=95223396-690d-4886-abe9-37532fe6fc1d func=job_orchestration.executor.compress.spider_compress.compress fetch_input_start=491515630 fetch_input_end=491515631 fetch_input_duration_ms=1
[2026-02-02 19:57:53.423] [info] [spider.worker] [TIMING] task_id=95223396-690d-4886-abe9-37532fe6fc1d func=job_orchestration.executor.compress.spider_compress.compress input_send_start=491515631 input_send_end=491515631 input_send_duration_ms=0 bytes=750
[2026-02-02 19:57:53.423] [info] [spider.worker] [TIMING] task_id=95223396-690d-4886-abe9-37532fe6fc1d func=job_orchestration.executor.compress.spider_compress.compress spawn_start=491515631 spawn_end=491515631 spawn_duration_ms=0
[2026-02-02 19:59:43.504] [info] [spider.worker] [TIMING] task_id=95223396-690d-4886-abe9-37532fe6fc1d func=job_orchestration.executor.compress.spider_compress.compress execution_start=491515632 execution_end=491625712 execution_duration_ms=110080
[2026-02-02 19:59:43.518] [info] [spider.worker] [TIMING] task_id=95223396-690d-4886-abe9-37532fe6fc1d func=job_orchestration.executor.compress.spider_compress.compress submit_output_start=491625714 submit_output_end=491625726 submit_output_duration_ms=11
[2026-02-02 19:59:43.539] [info] [spider.worker] [TIMING] task_id=151d6236-59ec-4fe5-b04b-18f3c752ad12 func=job_orchestration.executor.compress.spider_compress.compress fetch_input_start=491625745 fetch_input_end=491625747 fetch_input_duration_ms=1
[2026-02-02 19:59:43.539] [info] [spider.worker] [TIMING] task_id=151d6236-59ec-4fe5-b04b-18f3c752ad12 func=job_orchestration.executor.compress.spider_compress.compress input_send_start=491625747 input_send_end=491625748 input_send_duration_ms=0 bytes=751
[2026-02-02 19:59:43.539] [info] [spider.worker] [TIMING] task_id=151d6236-59ec-4fe5-b04b-18f3c752ad12 func=job_orchestration.executor.compress.spider_compress.compress spawn_start=491625747 spawn_end=491625748 spawn_duration_ms=0
[2026-02-02 20:01:44.900] [info] [spider.worker] [TIMING] task_id=151d6236-59ec-4fe5-b04b-18f3c752ad12 func=job_orchestration.executor.compress.spider_compress.compress execution_start=491625748 execution_end=491747108 execution_duration_ms=121360
[2026-02-02 20:01:44.915] [info] [spider.worker] [TIMING] task_id=151d6236-59ec-4fe5-b04b-18f3c752ad12 func=job_orchestration.executor.compress.spider_compress.compress submit_output_start=491747111 submit_output_end=491747123 submit_output_duration_ms=12
[2026-02-02 20:01:44.935] [info] [spider.worker] [TIMING] task_id=bd70f8a0-0261-43fb-9d44-e619e641ea9a func=job_orchestration.executor.compress.spider_compress.compress fetch_input_start=491747142 fetch_input_end=491747144 fetch_input_duration_ms=1
[2026-02-02 20:01:44.936] [info] [spider.worker] [TIMING] task_id=bd70f8a0-0261-43fb-9d44-e619e641ea9a func=job_orchestration.executor.compress.spider_compress.compress input_send_start=491747144 input_send_end=491747144 input_send_duration_ms=0 bytes=749
[2026-02-02 20:01:44.936] [info] [spider.worker] [TIMING] task_id=bd70f8a0-0261-43fb-9d44-e619e641ea9a func=job_orchestration.executor.compress.spider_compress.compress spawn_start=491747144 spawn_end=491747144 spawn_duration_ms=0
[2026-02-02 20:04:59.624] [info] [spider.worker] [TIMING] task_id=bd70f8a0-0261-43fb-9d44-e619e641ea9a func=job_orchestration.executor.compress.spider_compress.compress execution_start=491747145 execution_end=491941832 execution_duration_ms=194687
[2026-02-02 20:04:59.666] [info] [spider.worker] [TIMING] task_id=bd70f8a0-0261-43fb-9d44-e619e641ea9a func=job_orchestration.executor.compress.spider_compress.compress submit_output_start=491941834 submit_output_end=491941874 submit_output_duration_ms=39
[2026-02-02 20:04:59.711] [info] [spider.worker] [TIMING] task_id=c9b178c4-b78a-4ddc-adb7-8c568b3c09e2 func=job_orchestration.executor.compress.spider_compress.compress fetch_input_start=491941918 fetch_input_end=491941920 fetch_input_duration_ms=1
[2026-02-02 20:04:59.712] [info] [spider.worker] [TIMING] task_id=c9b178c4-b78a-4ddc-adb7-8c568b3c09e2 func=job_orchestration.executor.compress.spider_compress.compress input_send_start=491941920 input_send_end=491941920 input_send_duration_ms=0 bytes=751
[2026-02-02 20:04:59.712] [info] [spider.worker] [TIMING] task_id=c9b178c4-b78a-4ddc-adb7-8c568b3c09e2 func=job_orchestration.executor.compress.spider_compress.compress spawn_start=491941920 spawn_end=491941920 spawn_duration_ms=0
[2026-02-02 20:05:42.920] [info] [spider.worker] [TIMING] task_id=c9b178c4-b78a-4ddc-adb7-8c568b3c09e2 func=job_orchestration.executor.compress.spider_compress.compress execution_start=491941920 execution_end=491985128 execution_duration_ms=43207
[2026-02-02 20:05:42.951] [info] [spider.worker] [TIMING] task_id=c9b178c4-b78a-4ddc-adb7-8c568b3c09e2 func=job_orchestration.executor.compress.spider_compress.compress submit_output_start=491985131 submit_output_end=491985159 submit_output_duration_ms=28
[2026-02-02 20:05:42.969] [info] [spider.worker] [TIMING] task_id=e20538b6-578c-4889-ab75-7ad63830c6d8 func=job_orchestration.executor.compress.spider_compress.compress fetch_input_start=491985176 fetch_input_end=491985177 fetch_input_duration_ms=1
[2026-02-02 20:05:42.969] [info] [spider.worker] [TIMING] task_id=e20538b6-578c-4889-ab75-7ad63830c6d8 func=job_orchestration.executor.compress.spider_compress.compress input_send_start=491985178 input_send_end=491985178 input_send_duration_ms=0 bytes=751
[2026-02-02 20:05:42.969] [info] [spider.worker] [TIMING] task_id=e20538b6-578c-4889-ab75-7ad63830c6d8 func=job_orchestration.executor.compress.spider_compress.compress spawn_start=491985177 spawn_end=491985178 spawn_duration_ms=0
[2026-02-02 20:08:56.703] [info] [spider.worker] [TIMING] task_id=e20538b6-578c-4889-ab75-7ad63830c6d8 func=job_orchestration.executor.compress.spider_compress.compress execution_start=491985178 execution_end=492178911 execution_duration_ms=193733
[2026-02-02 20:08:56.714] [info] [spider.worker] [TIMING] task_id=e20538b6-578c-4889-ab75-7ad63830c6d8 func=job_orchestration.executor.compress.spider_compress.compress submit_output_start=492178913 submit_output_end=492178922 submit_output_duration_ms=9
[2026-02-02 20:08:56.725] [info] [spider.worker] [TIMING] task_id=7609f826-0d5c-4fbb-afb9-d409a5a0c445 func=job_orchestration.executor.compress.spider_compress.compress fetch_input_start=492178932 fetch_input_end=492178934 fetch_input_duration_ms=1
[2026-02-02 20:08:56.726] [info] [spider.worker] [TIMING] task_id=7609f826-0d5c-4fbb-afb9-d409a5a0c445 func=job_orchestration.executor.compress.spider_compress.compress input_send_start=492178934 input_send_end=492178934 input_send_duration_ms=0 bytes=752
[2026-02-02 20:08:56.726] [info] [spider.worker] [TIMING] task_id=7609f826-0d5c-4fbb-afb9-d409a5a0c445 func=job_orchestration.executor.compress.spider_compress.compress spawn_start=492178934 spawn_end=492178934 spawn_duration_ms=0
[2026-02-02 20:11:41.958] [info] [spider.worker] [TIMING] task_id=7609f826-0d5c-4fbb-afb9-d409a5a0c445 func=job_orchestration.executor.compress.spider_compress.compress execution_start=492178935 execution_end=492344167 execution_duration_ms=165232
[2026-02-02 20:11:41.996] [info] [spider.worker] [TIMING] task_id=7609f826-0d5c-4fbb-afb9-d409a5a0c445 func=job_orchestration.executor.compress.spider_compress.compress submit_output_start=492344169 submit_output_end=492344204 submit_output_duration_ms=35
[2026-02-02 20:11:42.041] [info] [spider.worker] [TIMING] task_id=7b0fc3a2-439c-4328-ab0f-79cd3c817fcc func=job_orchestration.executor.compress.spider_compress.compress fetch_input_start=492344248 fetch_input_end=492344250 fetch_input_duration_ms=1
[2026-02-02 20:11:42.042] [info] [spider.worker] [TIMING] task_id=7b0fc3a2-439c-4328-ab0f-79cd3c817fcc func=job_orchestration.executor.compress.spider_compress.compress input_send_start=492344250 input_send_end=492344250 input_send_duration_ms=0 bytes=754
[2026-02-02 20:11:42.042] [info] [spider.worker] [TIMING] task_id=7b0fc3a2-439c-4328-ab0f-79cd3c817fcc func=job_orchestration.executor.compress.spider_compress.compress spawn_start=492344250 spawn_end=492344251 spawn_duration_ms=0
[2026-02-02 20:12:59.027] [info] [spider.worker] [TIMING] task_id=7b0fc3a2-439c-4328-ab0f-79cd3c817fcc func=job_orchestration.executor.compress.spider_compress.compress execution_start=492344251 execution_end=492421236 execution_duration_ms=76984
[2026-02-02 20:12:59.034] [info] [spider.worker] [TIMING] task_id=7b0fc3a2-439c-4328-ab0f-79cd3c817fcc func=job_orchestration.executor.compress.spider_compress.compress submit_output_start=492421237 submit_output_end=492421242 submit_output_duration_ms=4
[2026-02-02 20:12:59.078] [info] [spider.worker] [TIMING] task_id=b8460a94-9c85-472a-8f20-235529ecfe47 func=job_orchestration.executor.compress.spider_compress.compress fetch_input_start=492421285 fetch_input_end=492421287 fetch_input_duration_ms=1
[2026-02-02 20:12:59.079] [info] [spider.worker] [TIMING] task_id=b8460a94-9c85-472a-8f20-235529ecfe47 func=job_orchestration.executor.compress.spider_compress.compress input_send_start=492421287 input_send_end=492421287 input_send_duration_ms=0 bytes=755
[2026-02-02 20:12:59.079] [info] [spider.worker] [TIMING] task_id=b8460a94-9c85-472a-8f20-235529ecfe47 func=job_orchestration.executor.compress.spider_compress.compress spawn_start=492421287 spawn_end=492421287 spawn_duration_ms=0
[2026-02-02 20:14:48.341] [info] [spider.worker] [TIMING] task_id=b8460a94-9c85-472a-8f20-235529ecfe47 func=job_orchestration.executor.compress.spider_compress.compress execution_start=492421287 execution_end=492530549 execution_duration_ms=109262
[2026-02-02 20:14:48.349] [info] [spider.worker] [TIMING] task_id=b8460a94-9c85-472a-8f20-235529ecfe47 func=job_orchestration.executor.compress.spider_compress.compress submit_output_start=492530551 submit_output_end=492530558 submit_output_duration_ms=6
[2026-02-02 20:14:48.360] [info] [spider.worker] [TIMING] task_id=ab677a5a-a4dc-4267-8f2d-0d6e2eb91c27 func=job_orchestration.executor.compress.spider_compress.compress fetch_input_start=492530567 fetch_input_end=492530569 fetch_input_duration_ms=1
[2026-02-02 20:14:48.361] [info] [spider.worker] [TIMING] task_id=ab677a5a-a4dc-4267-8f2d-0d6e2eb91c27 func=job_orchestration.executor.compress.spider_compress.compress input_send_start=492530569 input_send_end=492530569 input_send_duration_ms=0 bytes=750
[2026-02-02 20:14:48.361] [info] [spider.worker] [TIMING] task_id=ab677a5a-a4dc-4267-8f2d-0d6e2eb91c27 func=job_orchestration.executor.compress.spider_compress.compress spawn_start=492530569 spawn_end=492530569 spawn_duration_ms=0
[2026-02-02 20:15:23.575] [info] [spider.worker] [TIMING] task_id=ab677a5a-a4dc-4267-8f2d-0d6e2eb91c27 func=job_orchestration.executor.compress.spider_compress.compress execution_start=492530569 execution_end=492565784 execution_duration_ms=35214
[2026-02-02 20:15:23.596] [info] [spider.worker] [TIMING] task_id=ab677a5a-a4dc-4267-8f2d-0d6e2eb91c27 func=job_orchestration.executor.compress.spider_compress.compress submit_output_start=492565785 submit_output_end=492565804 submit_output_duration_ms=18
[2026-02-02 20:15:23.606] [info] [spider.worker] [TIMING] task_id=b761b915-f515-45e5-94d4-f066c316c84f func=job_orchestration.executor.compress.spider_compress.compress fetch_input_start=492565814 fetch_input_end=492565815 fetch_input_duration_ms=0
[2026-02-02 20:15:23.607] [info] [spider.worker] [TIMING] task_id=b761b915-f515-45e5-94d4-f066c316c84f func=job_orchestration.executor.compress.spider_compress.compress input_send_start=492565815 input_send_end=492565815 input_send_duration_ms=0 bytes=754
[2026-02-02 20:15:23.607] [info] [spider.worker] [TIMING] task_id=b761b915-f515-45e5-94d4-f066c316c84f func=job_orchestration.executor.compress.spider_compress.compress spawn_start=492565815 spawn_end=492565815 spawn_duration_ms=0
[2026-02-02 20:15:57.900] [info] [spider.worker] [TIMING] task_id=b761b915-f515-45e5-94d4-f066c316c84f func=job_orchestration.executor.compress.spider_compress.compress execution_start=492565815 execution_end=492600108 execution_duration_ms=34293
[2026-02-02 20:15:57.918] [info] [spider.worker] [TIMING] task_id=b761b915-f515-45e5-94d4-f066c316c84f func=job_orchestration.executor.compress.spider_compress.compress submit_output_start=492600110 submit_output_end=492600126 submit_output_duration_ms=15
[2026-02-02 20:15:57.954] [info] [spider.worker] [TIMING] task_id=c290a4df-eae2-4fe4-9121-68b22a1175b6 func=job_orchestration.executor.compress.spider_compress.compress fetch_input_start=492600161 fetch_input_end=492600162 fetch_input_duration_ms=1
[2026-02-02 20:15:57.955] [info] [spider.worker] [TIMING] task_id=c290a4df-eae2-4fe4-9121-68b22a1175b6 func=job_orchestration.executor.compress.spider_compress.compress input_send_start=492600163 input_send_end=492600163 input_send_duration_ms=0 bytes=755
[2026-02-02 20:15:57.955] [info] [spider.worker] [TIMING] task_id=c290a4df-eae2-4fe4-9121-68b22a1175b6 func=job_orchestration.executor.compress.spider_compress.compress spawn_start=492600163 spawn_end=492600163 spawn_duration_ms=0
[2026-02-02 20:17:10.665] [info] [spider.worker] [TIMING] task_id=c290a4df-eae2-4fe4-9121-68b22a1175b6 func=job_orchestration.executor.compress.spider_compress.compress execution_start=492600163 execution_end=492672874 execution_duration_ms=72710
[2026-02-02 20:17:11.048] [info] [spider.worker] [TIMING] task_id=c290a4df-eae2-4fe4-9121-68b22a1175b6 func=job_orchestration.executor.compress.spider_compress.compress submit_output_start=492673068 submit_output_end=492673256 submit_output_duration_ms=188
[2026-02-02 20:17:11.072] [info] [spider.worker] [TIMING] task_id=0033dbb3-721f-4f3c-80f5-b4280947848e func=job_orchestration.executor.compress.spider_compress.compress fetch_input_start=492673279 fetch_input_end=492673281 fetch_input_duration_ms=1
[2026-02-02 20:17:11.073] [info] [spider.worker] [TIMING] task_id=0033dbb3-721f-4f3c-80f5-b4280947848e func=job_orchestration.executor.compress.spider_compress.compress input_send_start=492673281 input_send_end=492673281 input_send_duration_ms=0 bytes=751
[2026-02-02 20:17:11.073] [info] [spider.worker] [TIMING] task_id=0033dbb3-721f-4f3c-80f5-b4280947848e func=job_orchestration.executor.compress.spider_compress.compress spawn_start=492673281 spawn_end=492673281 spawn_duration_ms=0
[2026-02-02 20:20:02.639] [info] [spider.worker] [TIMING] task_id=0033dbb3-721f-4f3c-80f5-b4280947848e func=job_orchestration.executor.compress.spider_compress.compress execution_start=492673281 execution_end=492844848 execution_duration_ms=171566
[2026-02-02 20:20:02.671] [info] [spider.worker] [TIMING] task_id=0033dbb3-721f-4f3c-80f5-b4280947848e func=job_orchestration.executor.compress.spider_compress.compress submit_output_start=492844850 submit_output_end=492844879 submit_output_duration_ms=29
[2026-02-02 20:20:02.699] [info] [spider.worker] [TIMING] task_id=cf49b9c8-3b73-4068-b11c-30a4e48dd986 func=job_orchestration.executor.compress.spider_compress.compress fetch_input_start=492844906 fetch_input_end=492844907 fetch_input_duration_ms=1
[2026-02-02 20:20:02.699] [info] [spider.worker] [TIMING] task_id=cf49b9c8-3b73-4068-b11c-30a4e48dd986 func=job_orchestration.executor.compress.spider_compress.compress input_send_start=492844908 input_send_end=492844908 input_send_duration_ms=0 bytes=844
[2026-02-02 20:20:02.699] [info] [spider.worker] [TIMING] task_id=cf49b9c8-3b73-4068-b11c-30a4e48dd986 func=job_orchestration.executor.compress.spider_compress.compress spawn_start=492844907 spawn_end=492844908 spawn_duration_ms=0
[2026-02-02 20:22:54.944] [info] [spider.worker] [TIMING] task_id=cf49b9c8-3b73-4068-b11c-30a4e48dd986 func=job_orchestration.executor.compress.spider_compress.compress execution_start=492844908 execution_end=493017152 execution_duration_ms=172244
[2026-02-02 20:22:54.956] [info] [spider.worker] [TIMING] task_id=cf49b9c8-3b73-4068-b11c-30a4e48dd986 func=job_orchestration.executor.compress.spider_compress.compress submit_output_start=493017154 submit_output_end=493017165 submit_output_duration_ms=10
[2026-02-02 20:22:54.977] [info] [spider.worker] [TIMING] task_id=06102eed-d5b3-4ea3-baa4-284e1afb5e06 func=job_orchestration.executor.compress.spider_compress.compress fetch_input_start=493017183 fetch_input_end=493017185 fetch_input_duration_ms=1
[2026-02-02 20:22:54.977] [info] [spider.worker] [TIMING] task_id=06102eed-d5b3-4ea3-baa4-284e1afb5e06 func=job_orchestration.executor.compress.spider_compress.compress input_send_start=493017186 input_send_end=493017186 input_send_duration_ms=0 bytes=843
[2026-02-02 20:22:54.977] [info] [spider.worker] [TIMING] task_id=06102eed-d5b3-4ea3-baa4-284e1afb5e06 func=job_orchestration.executor.compress.spider_compress.compress spawn_start=493017185 spawn_end=493017186 spawn_duration_ms=0
[2026-02-02 20:24:18.419] [info] [spider.worker] [TIMING] task_id=06102eed-d5b3-4ea3-baa4-284e1afb5e06 func=job_orchestration.executor.compress.spider_compress.compress execution_start=493017186 execution_end=493100628 execution_duration_ms=83441
[2026-02-02 20:24:18.835] [info] [spider.worker] [TIMING] task_id=06102eed-d5b3-4ea3-baa4-284e1afb5e06 func=job_orchestration.executor.compress.spider_compress.compress submit_output_start=493100630 submit_output_end=493101043 submit_output_duration_ms=413
[2026-02-02 20:24:19.003] [info] [spider.worker] [TIMING] task_id=4565f8da-2e87-4b3b-8381-9fbcdf62d93b func=job_orchestration.executor.compress.spider_compress.compress fetch_input_start=493101210 fetch_input_end=493101211 fetch_input_duration_ms=1
[2026-02-02 20:24:19.003] [info] [spider.worker] [TIMING] task_id=4565f8da-2e87-4b3b-8381-9fbcdf62d93b func=job_orchestration.executor.compress.spider_compress.compress input_send_start=493101212 input_send_end=493101212 input_send_duration_ms=0 bytes=749
[2026-02-02 20:24:19.003] [info] [spider.worker] [TIMING] task_id=4565f8da-2e87-4b3b-8381-9fbcdf62d93b func=job_orchestration.executor.compress.spider_compress.compress spawn_start=493101211 spawn_end=493101212 spawn_duration_ms=0
[2026-02-02 20:25:45.550] [info] [spider.worker] [TIMING] task_id=4565f8da-2e87-4b3b-8381-9fbcdf62d93b func=job_orchestration.executor.compress.spider_compress.compress execution_start=493101639 execution_end=493187758 execution_duration_ms=86118
[2026-02-02 20:25:45.557] [info] [spider.worker] [TIMING] task_id=4565f8da-2e87-4b3b-8381-9fbcdf62d93b func=job_orchestration.executor.compress.spider_compress.compress submit_output_start=493187760 submit_output_end=493187766 submit_output_duration_ms=5
[2026-02-02 20:25:45.592] [info] [spider.worker] [TIMING] task_id=4496746b-c472-4ba1-9b4a-6246ad101fef func=job_orchestration.executor.compress.spider_compress.compress fetch_input_start=493187800 fetch_input_end=493187801 fetch_input_duration_ms=0
[2026-02-02 20:25:45.593] [info] [spider.worker] [TIMING] task_id=4496746b-c472-4ba1-9b4a-6246ad101fef func=job_orchestration.executor.compress.spider_compress.compress input_send_start=493187801 input_send_end=493187801 input_send_duration_ms=0 bytes=750
[2026-02-02 20:25:45.593] [info] [spider.worker] [TIMING] task_id=4496746b-c472-4ba1-9b4a-6246ad101fef func=job_orchestration.executor.compress.spider_compress.compress spawn_start=493187801 spawn_end=493187801 spawn_duration_ms=0
[2026-02-02 20:26:44.025] [info] [spider.worker] [TIMING] task_id=4496746b-c472-4ba1-9b4a-6246ad101fef func=job_orchestration.executor.compress.spider_compress.compress execution_start=493187801 execution_end=493246233 execution_duration_ms=58431
[2026-02-02 20:26:44.052] [info] [spider.worker] [TIMING] task_id=4496746b-c472-4ba1-9b4a-6246ad101fef func=job_orchestration.executor.compress.spider_compress.compress submit_output_start=493246235 submit_output_end=493246261 submit_output_duration_ms=25
[2026-02-02 20:26:44.072] [info] [spider.worker] [TIMING] task_id=2d0b6988-11ef-40bd-b374-f04f93861b9f func=job_orchestration.executor.compress.spider_compress.compress fetch_input_start=493246279 fetch_input_end=493246281 fetch_input_duration_ms=1
[2026-02-02 20:26:44.073] [info] [spider.worker] [TIMING] task_id=2d0b6988-11ef-40bd-b374-f04f93861b9f func=job_orchestration.executor.compress.spider_compress.compress input_send_start=493246281 input_send_end=493246281 input_send_duration_ms=0 bytes=754
[2026-02-02 20:26:44.073] [info] [spider.worker] [TIMING] task_id=2d0b6988-11ef-40bd-b374-f04f93861b9f func=job_orchestration.executor.compress.spider_compress.compress spawn_start=493246281 spawn_end=493246281 spawn_duration_ms=0
[2026-02-02 20:26:57.301] [info] [spider.worker] [TIMING] task_id=2d0b6988-11ef-40bd-b374-f04f93861b9f func=job_orchestration.executor.compress.spider_compress.compress execution_start=493246282 execution_end=493259509 execution_duration_ms=13227
[2026-02-02 20:26:57.334] [info] [spider.worker] [TIMING] task_id=2d0b6988-11ef-40bd-b374-f04f93861b9f func=job_orchestration.executor.compress.spider_compress.compress submit_output_start=493259513 submit_output_end=493259543 submit_output_duration_ms=29
[2026-02-02 20:26:57.354] [info] [spider.worker] [TIMING] task_id=abde26e0-1a88-407a-b22c-8bdd65e149df func=job_orchestration.executor.compress.spider_compress.compress fetch_input_start=493259561 fetch_input_end=493259562 fetch_input_duration_ms=1
[2026-02-02 20:26:57.355] [info] [spider.worker] [TIMING] task_id=abde26e0-1a88-407a-b22c-8bdd65e149df func=job_orchestration.executor.compress.spider_compress.compress input_send_start=493259563 input_send_end=493259563 input_send_duration_ms=0 bytes=748
[2026-02-02 20:26:57.355] [info] [spider.worker] [TIMING] task_id=abde26e0-1a88-407a-b22c-8bdd65e149df func=job_orchestration.executor.compress.spider_compress.compress spawn_start=493259562 spawn_end=493259563 spawn_duration_ms=0
[2026-02-02 20:27:16.900] [info] [spider.worker] [TIMING] task_id=abde26e0-1a88-407a-b22c-8bdd65e149df func=job_orchestration.executor.compress.spider_compress.compress execution_start=493259563 execution_end=493279109 execution_duration_ms=19545
[2026-02-02 20:27:17.135] [info] [spider.worker] [TIMING] task_id=abde26e0-1a88-407a-b22c-8bdd65e149df func=job_orchestration.executor.compress.spider_compress.compress submit_output_start=493279111 submit_output_end=493279343 submit_output_duration_ms=231
[2026-02-02 20:27:17.178] [info] [spider.worker] [TIMING] task_id=f53501b0-2b66-4b3c-be13-df99ac10c301 func=job_orchestration.executor.compress.spider_compress.compress fetch_input_start=493279385 fetch_input_end=493279386 fetch_input_duration_ms=1
[2026-02-02 20:27:17.178] [info] [spider.worker] [TIMING] task_id=f53501b0-2b66-4b3c-be13-df99ac10c301 func=job_orchestration.executor.compress.spider_compress.compress input_send_start=493279387 input_send_end=493279387 input_send_duration_ms=0 bytes=751
[2026-02-02 20:27:17.178] [info] [spider.worker] [TIMING] task_id=f53501b0-2b66-4b3c-be13-df99ac10c301 func=job_orchestration.executor.compress.spider_compress.compress spawn_start=493279386 spawn_end=493279387 spawn_duration_ms=0
[2026-02-02 20:28:26.734] [info] [spider.worker] [TIMING] task_id=f53501b0-2b66-4b3c-be13-df99ac10c301 func=job_orchestration.executor.compress.spider_compress.compress execution_start=493279387 execution_end=493348942 execution_duration_ms=69555
[2026-02-02 20:28:26.751] [info] [spider.worker] [TIMING] task_id=f53501b0-2b66-4b3c-be13-df99ac10c301 func=job_orchestration.executor.compress.spider_compress.compress submit_output_start=493348944 submit_output_end=493348959 submit_output_duration_ms=15
[2026-02-02 20:28:26.771] [info] [spider.worker] [TIMING] task_id=ced1923e-67f9-4c26-a267-a4804b6c6d9a func=job_orchestration.executor.compress.spider_compress.compress fetch_input_start=493348978 fetch_input_end=493348979 fetch_input_duration_ms=1
[2026-02-02 20:28:26.771] [info] [spider.worker] [TIMING] task_id=ced1923e-67f9-4c26-a267-a4804b6c6d9a func=job_orchestration.executor.compress.spider_compress.compress input_send_start=493348980 input_send_end=493348980 input_send_duration_ms=0 bytes=750
[2026-02-02 20:28:26.771] [info] [spider.worker] [TIMING] task_id=ced1923e-67f9-4c26-a267-a4804b6c6d9a func=job_orchestration.executor.compress.spider_compress.compress spawn_start=493348979 spawn_end=493348980 spawn_duration_ms=0
[2026-02-02 20:32:06.362] [info] [spider.worker] [TIMING] task_id=ced1923e-67f9-4c26-a267-a4804b6c6d9a func=job_orchestration.executor.compress.spider_compress.compress execution_start=493348980 execution_end=493568571 execution_duration_ms=219590
[2026-02-02 20:32:06.380] [info] [spider.worker] [TIMING] task_id=ced1923e-67f9-4c26-a267-a4804b6c6d9a func=job_orchestration.executor.compress.spider_compress.compress submit_output_start=493568573 submit_output_end=493568588 submit_output_duration_ms=15
[2026-02-02 20:32:06.399] [info] [spider.worker] [TIMING] task_id=560ac523-335e-46e6-a865-6ad988d2b16e func=job_orchestration.executor.compress.spider_compress.compress fetch_input_start=493568607 fetch_input_end=493568608 fetch_input_duration_ms=0
[2026-02-02 20:32:06.400] [info] [spider.worker] [TIMING] task_id=560ac523-335e-46e6-a865-6ad988d2b16e func=job_orchestration.executor.compress.spider_compress.compress input_send_start=493568608 input_send_end=493568608 input_send_duration_ms=0 bytes=844
[2026-02-02 20:32:06.400] [info] [spider.worker] [TIMING] task_id=560ac523-335e-46e6-a865-6ad988d2b16e func=job_orchestration.executor.compress.spider_compress.compress spawn_start=493568608 spawn_end=493568608 spawn_duration_ms=0
[2026-02-02 20:32:57.990] [info] [spider.worker] [TIMING] task_id=560ac523-335e-46e6-a865-6ad988d2b16e func=job_orchestration.executor.compress.spider_compress.compress execution_start=493568609 execution_end=493620198 execution_duration_ms=51589
[2026-02-02 20:32:58.450] [info] [spider.worker] [TIMING] task_id=560ac523-335e-46e6-a865-6ad988d2b16e func=job_orchestration.executor.compress.spider_compress.compress submit_output_start=493620200 submit_output_end=493620659 submit_output_duration_ms=458
[2026-02-02 20:32:58.636] [info] [spider.worker] [TIMING] task_id=ccaab215-8cb8-45bf-8cd0-f9b92f947bdc func=job_orchestration.executor.compress.spider_compress.compress fetch_input_start=493620843 fetch_input_end=493620844 fetch_input_duration_ms=1
[2026-02-02 20:32:58.636] [info] [spider.worker] [TIMING] task_id=ccaab215-8cb8-45bf-8cd0-f9b92f947bdc func=job_orchestration.executor.compress.spider_compress.compress input_send_start=493620844 input_send_end=493620844 input_send_duration_ms=0 bytes=751
[2026-02-02 20:32:58.636] [info] [spider.worker] [TIMING] task_id=ccaab215-8cb8-45bf-8cd0-f9b92f947bdc func=job_orchestration.executor.compress.spider_compress.compress spawn_start=493620844 spawn_end=493620844 spawn_duration_ms=0
[2026-02-02 20:33:51.909] [info] [spider.worker] [TIMING] task_id=ccaab215-8cb8-45bf-8cd0-f9b92f947bdc func=job_orchestration.executor.compress.spider_compress.compress execution_start=493620845 execution_end=493674117 execution_duration_ms=53272
[2026-02-02 20:33:51.928] [info] [spider.worker] [TIMING] task_id=ccaab215-8cb8-45bf-8cd0-f9b92f947bdc func=job_orchestration.executor.compress.spider_compress.compress submit_output_start=493674119 submit_output_end=493674136 submit_output_duration_ms=17
[2026-02-02 20:33:51.947] [info] [spider.worker] [TIMING] task_id=25d9e7b0-84ab-44e2-8396-e4c43e147af7 func=job_orchestration.executor.compress.spider_compress.compress fetch_input_start=493674154 fetch_input_end=493674155 fetch_input_duration_ms=1
[2026-02-02 20:33:51.947] [info] [spider.worker] [TIMING] task_id=25d9e7b0-84ab-44e2-8396-e4c43e147af7 func=job_orchestration.executor.compress.spider_compress.compress input_send_start=493674156 input_send_end=493674156 input_send_duration_ms=0 bytes=754
[2026-02-02 20:33:51.947] [info] [spider.worker] [TIMING] task_id=25d9e7b0-84ab-44e2-8396-e4c43e147af7 func=job_orchestration.executor.compress.spider_compress.compress spawn_start=493674155 spawn_end=493674156 spawn_duration_ms=0
[2026-02-02 20:36:12.748] [info] [spider.worker] [TIMING] task_id=25d9e7b0-84ab-44e2-8396-e4c43e147af7 func=job_orchestration.executor.compress.spider_compress.compress execution_start=493674156 execution_end=493814956 execution_duration_ms=140800
[2026-02-02 20:36:12.764] [info] [spider.worker] [TIMING] task_id=25d9e7b0-84ab-44e2-8396-e4c43e147af7 func=job_orchestration.executor.compress.spider_compress.compress submit_output_start=493814959 submit_output_end=493814973 submit_output_duration_ms=13
[2026-02-02 20:36:12.782] [info] [spider.worker] [TIMING] task_id=02f85c5a-cab8-4614-8685-629438f6ff44 func=job_orchestration.executor.compress.spider_compress.compress fetch_input_start=493814990 fetch_input_end=493814991 fetch_input_duration_ms=0
[2026-02-02 20:36:12.783] [info] [spider.worker] [TIMING] task_id=02f85c5a-cab8-4614-8685-629438f6ff44 func=job_orchestration.executor.compress.spider_compress.compress input_send_start=493814991 input_send_end=493814991 input_send_duration_ms=0 bytes=755
[2026-02-02 20:36:12.783] [info] [spider.worker] [TIMING] task_id=02f85c5a-cab8-4614-8685-629438f6ff44 func=job_orchestration.executor.compress.spider_compress.compress spawn_start=493814991 spawn_end=493814991 spawn_duration_ms=0
[2026-02-02 20:36:48.070] [info] [spider.worker] [TIMING] task_id=02f85c5a-cab8-4614-8685-629438f6ff44 func=job_orchestration.executor.compress.spider_compress.compress execution_start=493814991 execution_end=493850278 execution_duration_ms=35286
[2026-02-02 20:36:48.086] [info] [spider.worker] [TIMING] task_id=02f85c5a-cab8-4614-8685-629438f6ff44 func=job_orchestration.executor.compress.spider_compress.compress submit_output_start=493850280 submit_output_end=493850295 submit_output_duration_ms=14
[2026-02-02 20:36:48.115] [info] [spider.worker] [TIMING] task_id=deaf7712-a445-484f-b13f-1f4883e44484 func=job_orchestration.executor.compress.spider_compress.compress fetch_input_start=493850322 fetch_input_end=493850323 fetch_input_duration_ms=1
[2026-02-02 20:36:48.115] [info] [spider.worker] [TIMING] task_id=deaf7712-a445-484f-b13f-1f4883e44484 func=job_orchestration.executor.compress.spider_compress.compress input_send_start=493850323 input_send_end=493850323 input_send_duration_ms=0 bytes=755
[2026-02-02 20:36:48.115] [info] [spider.worker] [TIMING] task_id=deaf7712-a445-484f-b13f-1f4883e44484 func=job_orchestration.executor.compress.spider_compress.compress spawn_start=493850323 spawn_end=493850323 spawn_duration_ms=0
[2026-02-02 20:37:08.240] [info] [spider.worker] [TIMING] task_id=deaf7712-a445-484f-b13f-1f4883e44484 func=job_orchestration.executor.compress.spider_compress.compress execution_start=493850323 execution_end=493870448 execution_duration_ms=20124
[2026-02-02 20:37:08.259] [info] [spider.worker] [TIMING] task_id=deaf7712-a445-484f-b13f-1f4883e44484 func=job_orchestration.executor.compress.spider_compress.compress submit_output_start=493870450 submit_output_end=493870467 submit_output_duration_ms=16
[2026-02-02 20:37:08.362] [info] [spider.worker] [TIMING] task_id=4bc6c793-73cc-47b7-92aa-c5128a0a9545 func=job_orchestration.executor.compress.spider_compress.compress fetch_input_start=493870569 fetch_input_end=493870571 fetch_input_duration_ms=1
[2026-02-02 20:37:08.363] [info] [spider.worker] [TIMING] task_id=4bc6c793-73cc-47b7-92aa-c5128a0a9545 func=job_orchestration.executor.compress.spider_compress.compress input_send_start=493870571 input_send_end=493870571 input_send_duration_ms=0 bytes=750
[2026-02-02 20:37:08.363] [info] [spider.worker] [TIMING] task_id=4bc6c793-73cc-47b7-92aa-c5128a0a9545 func=job_orchestration.executor.compress.spider_compress.compress spawn_start=493870571 spawn_end=493870571 spawn_duration_ms=0
[2026-02-02 20:37:27.098] [info] [spider.worker] [TIMING] task_id=4bc6c793-73cc-47b7-92aa-c5128a0a9545 func=job_orchestration.executor.compress.spider_compress.compress execution_start=493870571 execution_end=493889306 execution_duration_ms=18734
[2026-02-02 20:37:27.115] [info] [spider.worker] [TIMING] task_id=4bc6c793-73cc-47b7-92aa-c5128a0a9545 func=job_orchestration.executor.compress.spider_compress.compress submit_output_start=493889308 submit_output_end=493889324 submit_output_duration_ms=15
[2026-02-02 20:37:27.135] [info] [spider.worker] [TIMING] task_id=67d08314-1faa-4884-abf9-f8e2e7217c76 func=job_orchestration.executor.compress.spider_compress.compress fetch_input_start=493889342 fetch_input_end=493889343 fetch_input_duration_ms=0
[2026-02-02 20:37:27.135] [info] [spider.worker] [TIMING] task_id=67d08314-1faa-4884-abf9-f8e2e7217c76 func=job_orchestration.executor.compress.spider_compress.compress input_send_start=493889344 input_send_end=493889344 input_send_duration_ms=0 bytes=751
[2026-02-02 20:37:27.135] [info] [spider.worker] [TIMING] task_id=67d08314-1faa-4884-abf9-f8e2e7217c76 func=job_orchestration.executor.compress.spider_compress.compress spawn_start=493889343 spawn_end=493889344 spawn_duration_ms=0
[2026-02-02 20:37:59.484] [info] [spider.worker] [TIMING] task_id=67d08314-1faa-4884-abf9-f8e2e7217c76 func=job_orchestration.executor.compress.spider_compress.compress execution_start=493889344 execution_end=493921693 execution_duration_ms=32348
[2026-02-02 20:37:59.504] [info] [spider.worker] [TIMING] task_id=67d08314-1faa-4884-abf9-f8e2e7217c76 func=job_orchestration.executor.compress.spider_compress.compress submit_output_start=493921694 submit_output_end=493921712 submit_output_duration_ms=17
[2026-02-02 20:37:59.523] [info] [spider.worker] [TIMING] task_id=11b1f49c-7b6f-4af8-b749-ddb281c99ece func=job_orchestration.executor.compress.spider_compress.compress fetch_input_start=493921731 fetch_input_end=493921732 fetch_input_duration_ms=0
[2026-02-02 20:37:59.524] [info] [spider.worker] [TIMING] task_id=11b1f49c-7b6f-4af8-b749-ddb281c99ece func=job_orchestration.executor.compress.spider_compress.compress input_send_start=493921732 input_send_end=493921732 input_send_duration_ms=0 bytes=754
[2026-02-02 20:37:59.524] [info] [spider.worker] [TIMING] task_id=11b1f49c-7b6f-4af8-b749-ddb281c99ece func=job_orchestration.executor.compress.spider_compress.compress spawn_start=493921732 spawn_end=493921732 spawn_duration_ms=0
[2026-02-02 20:39:25.850] [info] [spider.worker] [TIMING] task_id=11b1f49c-7b6f-4af8-b749-ddb281c99ece func=job_orchestration.executor.compress.spider_compress.compress execution_start=493921732 execution_end=494008058 execution_duration_ms=86325
[2026-02-02 20:39:25.870] [info] [spider.worker] [TIMING] task_id=11b1f49c-7b6f-4af8-b749-ddb281c99ece func=job_orchestration.executor.compress.spider_compress.compress submit_output_start=494008060 submit_output_end=494008078 submit_output_duration_ms=18
[2026-02-02 20:39:25.881] [info] [spider.worker] [TIMING] task_id=52690865-86f9-4344-b385-0a21a34a5ebb func=job_orchestration.executor.compress.spider_compress.compress fetch_input_start=494008089 fetch_input_end=494008090 fetch_input_duration_ms=1
[2026-02-02 20:39:25.882] [info] [spider.worker] [TIMING] task_id=52690865-86f9-4344-b385-0a21a34a5ebb func=job_orchestration.executor.compress.spider_compress.compress input_send_start=494008091 input_send_end=494008091 input_send_duration_ms=0 bytes=751
[2026-02-02 20:39:25.882] [info] [spider.worker] [TIMING] task_id=52690865-86f9-4344-b385-0a21a34a5ebb func=job_orchestration.executor.compress.spider_compress.compress spawn_start=494008090 spawn_end=494008091 spawn_duration_ms=0
[2026-02-02 20:39:48.305] [info] [spider.worker] [TIMING] task_id=52690865-86f9-4344-b385-0a21a34a5ebb func=job_orchestration.executor.compress.spider_compress.compress execution_start=494008091 execution_end=494030514 execution_duration_ms=22422
[2026-02-02 20:39:48.318] [info] [spider.worker] [TIMING] task_id=52690865-86f9-4344-b385-0a21a34a5ebb func=job_orchestration.executor.compress.spider_compress.compress submit_output_start=494030516 submit_output_end=494030526 submit_output_duration_ms=10
[2026-02-02 20:39:48.338] [info] [spider.worker] [TIMING] task_id=fb109a89-a25e-4c89-9afe-8c8ebc1bcad0 func=job_orchestration.executor.compress.spider_compress.compress fetch_input_start=494030545 fetch_input_end=494030547 fetch_input_duration_ms=1
[2026-02-02 20:39:48.339] [info] [spider.worker] [TIMING] task_id=fb109a89-a25e-4c89-9afe-8c8ebc1bcad0 func=job_orchestration.executor.compress.spider_compress.compress input_send_start=494030547 input_send_end=494030547 input_send_duration_ms=0 bytes=751
[2026-02-02 20:39:48.339] [info] [spider.worker] [TIMING] task_id=fb109a89-a25e-4c89-9afe-8c8ebc1bcad0 func=job_orchestration.executor.compress.spider_compress.compress spawn_start=494030547 spawn_end=494030547 spawn_duration_ms=0
[2026-02-02 20:42:30.603] [info] [spider.worker] [TIMING] task_id=fb109a89-a25e-4c89-9afe-8c8ebc1bcad0 func=job_orchestration.executor.compress.spider_compress.compress execution_start=494030548 execution_end=494192812 execution_duration_ms=162263
[2026-02-02 20:42:30.628] [info] [spider.worker] [TIMING] task_id=fb109a89-a25e-4c89-9afe-8c8ebc1bcad0 func=job_orchestration.executor.compress.spider_compress.compress submit_output_start=494192814 submit_output_end=494192837 submit_output_duration_ms=22
[2026-02-02 20:42:30.648] [info] [spider.worker] [TIMING] task_id=6ea1cee7-fd07-4377-b0ed-851faaeea740 func=job_orchestration.executor.compress.spider_compress.compress fetch_input_start=494192855 fetch_input_end=494192856 fetch_input_duration_ms=1
[2026-02-02 20:42:30.649] [info] [spider.worker] [TIMING] task_id=6ea1cee7-fd07-4377-b0ed-851faaeea740 func=job_orchestration.executor.compress.spider_compress.compress input_send_start=494192857 input_send_end=494192857 input_send_duration_ms=0 bytes=752
[2026-02-02 20:42:30.649] [info] [spider.worker] [TIMING] task_id=6ea1cee7-fd07-4377-b0ed-851faaeea740 func=job_orchestration.executor.compress.spider_compress.compress spawn_start=494192856 spawn_end=494192857 spawn_duration_ms=0
[2026-02-02 20:43:12.286] [info] [spider.worker] [TIMING] task_id=6ea1cee7-fd07-4377-b0ed-851faaeea740 func=job_orchestration.executor.compress.spider_compress.compress execution_start=494192857 execution_end=494234494 execution_duration_ms=41636
[2026-02-02 20:43:12.306] [info] [spider.worker] [TIMING] task_id=6ea1cee7-fd07-4377-b0ed-851faaeea740 func=job_orchestration.executor.compress.spider_compress.compress submit_output_start=494234498 submit_output_end=494234515 submit_output_duration_ms=17
[2026-02-02 20:43:12.326] [info] [spider.worker] [TIMING] task_id=1202f853-9f7c-49b1-8356-5a9dcf0b6022 func=job_orchestration.executor.compress.spider_compress.compress fetch_input_start=494234533 fetch_input_end=494234534 fetch_input_duration_ms=1
[2026-02-02 20:43:12.326] [info] [spider.worker] [TIMING] task_id=1202f853-9f7c-49b1-8356-5a9dcf0b6022 func=job_orchestration.executor.compress.spider_compress.compress input_send_start=494234534 input_send_end=494234534 input_send_duration_ms=0 bytes=844
[2026-02-02 20:43:12.326] [info] [spider.worker] [TIMING] task_id=1202f853-9f7c-49b1-8356-5a9dcf0b6022 func=job_orchestration.executor.compress.spider_compress.compress spawn_start=494234534 spawn_end=494234535 spawn_duration_ms=0
[2026-02-02 20:44:13.245] [info] [spider.worker] [TIMING] task_id=1202f853-9f7c-49b1-8356-5a9dcf0b6022 func=job_orchestration.executor.compress.spider_compress.compress execution_start=494234535 execution_end=494295453 execution_duration_ms=60918
[2026-02-02 20:44:13.326] [info] [spider.worker] [TIMING] task_id=1202f853-9f7c-49b1-8356-5a9dcf0b6022 func=job_orchestration.executor.compress.spider_compress.compress submit_output_start=494295455 submit_output_end=494295535 submit_output_duration_ms=79
[2026-02-02 20:44:13.368] [info] [spider.worker] [TIMING] task_id=6e56163c-4c42-4314-8b12-0f03f273cb80 func=job_orchestration.executor.compress.spider_compress.compress fetch_input_start=494295575 fetch_input_end=494295576 fetch_input_duration_ms=1
[2026-02-02 20:44:13.369] [info] [spider.worker] [TIMING] task_id=6e56163c-4c42-4314-8b12-0f03f273cb80 func=job_orchestration.executor.compress.spider_compress.compress input_send_start=494295577 input_send_end=494295577 input_send_duration_ms=0 bytes=755
[2026-02-02 20:44:13.369] [info] [spider.worker] [TIMING] task_id=6e56163c-4c42-4314-8b12-0f03f273cb80 func=job_orchestration.executor.compress.spider_compress.compress spawn_start=494295576 spawn_end=494295577 spawn_duration_ms=0
[2026-02-02 20:44:36.097] [info] [spider.worker] [TIMING] task_id=6e56163c-4c42-4314-8b12-0f03f273cb80 func=job_orchestration.executor.compress.spider_compress.compress execution_start=494295577 execution_end=494318306 execution_duration_ms=22728
[2026-02-02 20:44:36.124] [info] [spider.worker] [TIMING] task_id=6e56163c-4c42-4314-8b12-0f03f273cb80 func=job_orchestration.executor.compress.spider_compress.compress submit_output_start=494318308 submit_output_end=494318333 submit_output_duration_ms=25
[2026-02-02 20:44:36.143] [info] [spider.worker] [TIMING] task_id=293380ce-afbb-41d0-8f0a-771f41418774 func=job_orchestration.executor.compress.spider_compress.compress fetch_input_start=494318350 fetch_input_end=494318351 fetch_input_duration_ms=0
[2026-02-02 20:44:36.144] [info] [spider.worker] [TIMING] task_id=293380ce-afbb-41d0-8f0a-771f41418774 func=job_orchestration.executor.compress.spider_compress.compress input_send_start=494318352 input_send_end=494318352 input_send_duration_ms=0 bytes=747
[2026-02-02 20:44:36.144] [info] [spider.worker] [TIMING] task_id=293380ce-afbb-41d0-8f0a-771f41418774 func=job_orchestration.executor.compress.spider_compress.compress spawn_start=494318351 spawn_end=494318352 spawn_duration_ms=0
[2026-02-02 20:45:56.739] [info] [spider.worker] [TIMING] task_id=293380ce-afbb-41d0-8f0a-771f41418774 func=job_orchestration.executor.compress.spider_compress.compress execution_start=494318352 execution_end=494398948 execution_duration_ms=80595
[2026-02-02 20:45:56.801] [info] [spider.worker] [TIMING] task_id=293380ce-afbb-41d0-8f0a-771f41418774 func=job_orchestration.executor.compress.spider_compress.compress submit_output_start=494398949 submit_output_end=494399009 submit_output_duration_ms=60
[2026-02-02 20:45:56.827] [info] [spider.worker] [TIMING] task_id=e2ca5b7f-37b9-447b-8dd7-dd875b33ee75 func=job_orchestration.executor.compress.spider_compress.compress fetch_input_start=494399034 fetch_input_end=494399035 fetch_input_duration_ms=0
[2026-02-02 20:45:56.827] [info] [spider.worker] [TIMING] task_id=e2ca5b7f-37b9-447b-8dd7-dd875b33ee75 func=job_orchestration.executor.compress.spider_compress.compress input_send_start=494399035 input_send_end=494399035 input_send_duration_ms=0 bytes=841
[2026-02-02 20:45:56.827] [info] [spider.worker] [TIMING] task_id=e2ca5b7f-37b9-447b-8dd7-dd875b33ee75 func=job_orchestration.executor.compress.spider_compress.compress spawn_start=494399035 spawn_end=494399035 spawn_duration_ms=0
[2026-02-02 20:47:06.291] [info] [spider.worker] [TIMING] task_id=e2ca5b7f-37b9-447b-8dd7-dd875b33ee75 func=job_orchestration.executor.compress.spider_compress.compress execution_start=494399036 execution_end=494468499 execution_duration_ms=69463
[2026-02-02 20:47:06.309] [info] [spider.worker] [TIMING] task_id=e2ca5b7f-37b9-447b-8dd7-dd875b33ee75 func=job_orchestration.executor.compress.spider_compress.compress submit_output_start=494468502 submit_output_end=494468517 submit_output_duration_ms=15
[2026-02-02 20:47:06.329] [info] [spider.worker] [TIMING] task_id=eb7b1922-6a93-41c2-b8ef-76515069ddca func=job_orchestration.executor.compress.spider_compress.compress fetch_input_start=494468536 fetch_input_end=494468537 fetch_input_duration_ms=1
[2026-02-02 20:47:06.329] [info] [spider.worker] [TIMING] task_id=eb7b1922-6a93-41c2-b8ef-76515069ddca func=job_orchestration.executor.compress.spider_compress.compress input_send_start=494468538 input_send_end=494468538 input_send_duration_ms=0 bytes=755
[2026-02-02 20:47:06.329] [info] [spider.worker] [TIMING] task_id=eb7b1922-6a93-41c2-b8ef-76515069ddca func=job_orchestration.executor.compress.spider_compress.compress spawn_start=494468537 spawn_end=494468538 spawn_duration_ms=0
[2026-02-02 20:47:39.095] [info] [spider.worker] [TIMING] task_id=eb7b1922-6a93-41c2-b8ef-76515069ddca func=job_orchestration.executor.compress.spider_compress.compress execution_start=494468538 execution_end=494501303 execution_duration_ms=32765
[2026-02-02 20:47:39.131] [info] [spider.worker] [TIMING] task_id=eb7b1922-6a93-41c2-b8ef-76515069ddca func=job_orchestration.executor.compress.spider_compress.compress submit_output_start=494501305 submit_output_end=494501339 submit_output_duration_ms=34
[2026-02-02 20:47:39.149] [info] [spider.worker] [TIMING] task_id=19e4ced4-9fc2-4895-9139-3fae2a8ffe00 func=job_orchestration.executor.compress.spider_compress.compress fetch_input_start=494501357 fetch_input_end=494501358 fetch_input_duration_ms=0
[2026-02-02 20:47:39.150] [info] [spider.worker] [TIMING] task_id=19e4ced4-9fc2-4895-9139-3fae2a8ffe00 func=job_orchestration.executor.compress.spider_compress.compress input_send_start=494501358 input_send_end=494501358 input_send_duration_ms=0 bytes=750
[2026-02-02 20:47:39.150] [info] [spider.worker] [TIMING] task_id=19e4ced4-9fc2-4895-9139-3fae2a8ffe00 func=job_orchestration.executor.compress.spider_compress.compress spawn_start=494501358 spawn_end=494501358 spawn_duration_ms=0
[2026-02-02 20:51:07.348] [info] [spider.worker] [TIMING] task_id=19e4ced4-9fc2-4895-9139-3fae2a8ffe00 func=job_orchestration.executor.compress.spider_compress.compress execution_start=494501358 execution_end=494709556 execution_duration_ms=208197
[2026-02-02 20:51:07.360] [info] [spider.worker] [TIMING] task_id=19e4ced4-9fc2-4895-9139-3fae2a8ffe00 func=job_orchestration.executor.compress.spider_compress.compress submit_output_start=494709558 submit_output_end=494709569 submit_output_duration_ms=10
[2026-02-02 20:51:07.380] [info] [spider.worker] [TIMING] task_id=6188a6d2-d197-4a60-bec3-dee1de9b1228 func=job_orchestration.executor.compress.spider_compress.compress fetch_input_start=494709587 fetch_input_end=494709588 fetch_input_duration_ms=0
[2026-02-02 20:51:07.380] [info] [spider.worker] [TIMING] task_id=6188a6d2-d197-4a60-bec3-dee1de9b1228 func=job_orchestration.executor.compress.spider_compress.compress input_send_start=494709589 input_send_end=494709589 input_send_duration_ms=0 bytes=751
[2026-02-02 20:51:07.380] [info] [spider.worker] [TIMING] task_id=6188a6d2-d197-4a60-bec3-dee1de9b1228 func=job_orchestration.executor.compress.spider_compress.compress spawn_start=494709588 spawn_end=494709589 spawn_duration_ms=0
[2026-02-02 20:52:05.564] [info] [spider.worker] [TIMING] task_id=6188a6d2-d197-4a60-bec3-dee1de9b1228 func=job_orchestration.executor.compress.spider_compress.compress execution_start=494709589 execution_end=494767772 execution_duration_ms=58182
[2026-02-02 20:52:05.571] [info] [spider.worker] [TIMING] task_id=6188a6d2-d197-4a60-bec3-dee1de9b1228 func=job_orchestration.executor.compress.spider_compress.compress submit_output_start=494767774 submit_output_end=494767780 submit_output_duration_ms=5
[2026-02-02 20:52:05.591] [info] [spider.worker] [TIMING] task_id=314eaed0-452d-405b-9e47-b3fc5f01702f func=job_orchestration.executor.compress.spider_compress.compress fetch_input_start=494767798 fetch_input_end=494767799 fetch_input_duration_ms=0
[2026-02-02 20:52:05.591] [info] [spider.worker] [TIMING] task_id=314eaed0-452d-405b-9e47-b3fc5f01702f func=job_orchestration.executor.compress.spider_compress.compress input_send_start=494767800 input_send_end=494767800 input_send_duration_ms=0 bytes=771
[2026-02-02 20:52:05.591] [info] [spider.worker] [TIMING] task_id=314eaed0-452d-405b-9e47-b3fc5f01702f func=job_orchestration.executor.compress.spider_compress.compress spawn_start=494767799 spawn_end=494767800 spawn_duration_ms=0
[2026-02-02 20:56:10.873] [info] [spider.worker] [TIMING] task_id=314eaed0-452d-405b-9e47-b3fc5f01702f func=job_orchestration.executor.compress.spider_compress.compress execution_start=494767800 execution_end=495013082 execution_duration_ms=245281
[2026-02-02 20:56:10.881] [info] [spider.worker] [TIMING] task_id=314eaed0-452d-405b-9e47-b3fc5f01702f func=job_orchestration.executor.compress.spider_compress.compress submit_output_start=495013084 submit_output_end=495013089 submit_output_duration_ms=5
[2026-02-02 20:56:10.902] [info] [spider.worker] [TIMING] task_id=9884fa35-0545-40eb-ab0f-d90e35b9e809 func=job_orchestration.executor.compress.spider_compress.compress fetch_input_start=495013108 fetch_input_end=495013110 fetch_input_duration_ms=1
[2026-02-02 20:56:10.903] [info] [spider.worker] [TIMING] task_id=9884fa35-0545-40eb-ab0f-d90e35b9e809 func=job_orchestration.executor.compress.spider_compress.compress input_send_start=495013111 input_send_end=495013111 input_send_duration_ms=0 bytes=838
[2026-02-02 20:56:10.903] [info] [spider.worker] [TIMING] task_id=9884fa35-0545-40eb-ab0f-d90e35b9e809 func=job_orchestration.executor.compress.spider_compress.compress spawn_start=495013110 spawn_end=495013111 spawn_duration_ms=0
[2026-02-02 20:56:28.634] [info] [spider.worker] [TIMING] task_id=9884fa35-0545-40eb-ab0f-d90e35b9e809 func=job_orchestration.executor.compress.spider_compress.compress execution_start=495013111 execution_end=495030843 execution_duration_ms=17731
[2026-02-02 20:56:28.646] [info] [spider.worker] [TIMING] task_id=9884fa35-0545-40eb-ab0f-d90e35b9e809 func=job_orchestration.executor.compress.spider_compress.compress submit_output_start=495030844 submit_output_end=495030854 submit_output_duration_ms=9
[2026-02-02 20:56:28.680] [info] [spider.worker] [TIMING] task_id=6e561f61-5b50-432d-8a72-f715d5163bbb func=job_orchestration.executor.compress.spider_compress.compress fetch_input_start=495030888 fetch_input_end=495030889 fetch_input_duration_ms=0
[2026-02-02 20:56:28.681] [info] [spider.worker] [TIMING] task_id=6e561f61-5b50-432d-8a72-f715d5163bbb func=job_orchestration.executor.compress.spider_compress.compress input_send_start=495030889 input_send_end=495030889 input_send_duration_ms=0 bytes=755
[2026-02-02 20:56:28.681] [info] [spider.worker] [TIMING] task_id=6e561f61-5b50-432d-8a72-f715d5163bbb func=job_orchestration.executor.compress.spider_compress.compress spawn_start=495030889 spawn_end=495030889 spawn_duration_ms=0
[2026-02-02 20:58:34.590] [info] [spider.worker] [TIMING] task_id=6e561f61-5b50-432d-8a72-f715d5163bbb func=job_orchestration.executor.compress.spider_compress.compress execution_start=495030890 execution_end=495156799 execution_duration_ms=125908
[2026-02-02 20:58:34.626] [info] [spider.worker] [TIMING] task_id=6e561f61-5b50-432d-8a72-f715d5163bbb func=job_orchestration.executor.compress.spider_compress.compress submit_output_start=495156801 submit_output_end=495156834 submit_output_duration_ms=33
[2026-02-02 20:58:34.636] [info] [spider.worker] [TIMING] task_id=d9592ac9-51c6-496e-b5d6-068c43d0fc87 func=job_orchestration.executor.compress.spider_compress.compress fetch_input_start=495156843 fetch_input_end=495156844 fetch_input_duration_ms=0
[2026-02-02 20:58:34.636] [info] [spider.worker] [TIMING] task_id=d9592ac9-51c6-496e-b5d6-068c43d0fc87 func=job_orchestration.executor.compress.spider_compress.compress input_send_start=495156845 input_send_end=495156845 input_send_duration_ms=0 bytes=749
[2026-02-02 20:58:34.636] [info] [spider.worker] [TIMING] task_id=d9592ac9-51c6-496e-b5d6-068c43d0fc87 func=job_orchestration.executor.compress.spider_compress.compress spawn_start=495156844 spawn_end=495156845 spawn_duration_ms=0
[2026-02-02 21:01:46.337] [info] [spider.worker] [TIMING] task_id=d9592ac9-51c6-496e-b5d6-068c43d0fc87 func=job_orchestration.executor.compress.spider_compress.compress execution_start=495156845 execution_end=495348545 execution_duration_ms=191700
[2026-02-02 21:01:46.349] [info] [spider.worker] [TIMING] task_id=d9592ac9-51c6-496e-b5d6-068c43d0fc87 func=job_orchestration.executor.compress.spider_compress.compress submit_output_start=495348547 submit_output_end=495348557 submit_output_duration_ms=9
[2026-02-02 21:01:46.368] [info] [spider.worker] [TIMING] task_id=97d63a79-8017-4c7a-99cd-312a114e05bc func=job_orchestration.executor.compress.spider_compress.compress fetch_input_start=495348576 fetch_input_end=495348577 fetch_input_duration_ms=1
[2026-02-02 21:01:46.369] [info] [spider.worker] [TIMING] task_id=97d63a79-8017-4c7a-99cd-312a114e05bc func=job_orchestration.executor.compress.spider_compress.compress input_send_start=495348578 input_send_end=495348578 input_send_duration_ms=0 bytes=752
[2026-02-02 21:01:46.369] [info] [spider.worker] [TIMING] task_id=97d63a79-8017-4c7a-99cd-312a114e05bc func=job_orchestration.executor.compress.spider_compress.compress spawn_start=495348577 spawn_end=495348578 spawn_duration_ms=0
[2026-02-02 21:02:10.140] [info] [spider.worker] [TIMING] task_id=97d63a79-8017-4c7a-99cd-312a114e05bc func=job_orchestration.executor.compress.spider_compress.compress execution_start=495348578 execution_end=495372348 execution_duration_ms=23770
[2026-02-02 21:02:10.155] [info] [spider.worker] [TIMING] task_id=97d63a79-8017-4c7a-99cd-312a114e05bc func=job_orchestration.executor.compress.spider_compress.compress submit_output_start=495372351 submit_output_end=495372363 submit_output_duration_ms=12
[2026-02-02 21:02:10.192] [info] [spider.worker] [TIMING] task_id=39f913ce-5321-4e02-8fba-009eb0dce674 func=job_orchestration.executor.compress.spider_compress.compress fetch_input_start=495372399 fetch_input_end=495372400 fetch_input_duration_ms=1
[2026-02-02 21:02:10.192] [info] [spider.worker] [TIMING] task_id=39f913ce-5321-4e02-8fba-009eb0dce674 func=job_orchestration.executor.compress.spider_compress.compress input_send_start=495372401 input_send_end=495372401 input_send_duration_ms=0 bytes=751
[2026-02-02 21:02:10.192] [info] [spider.worker] [TIMING] task_id=39f913ce-5321-4e02-8fba-009eb0dce674 func=job_orchestration.executor.compress.spider_compress.compress spawn_start=495372400 spawn_end=495372401 spawn_duration_ms=0
[2026-02-02 21:02:32.396] [info] [spider.worker] [TIMING] task_id=39f913ce-5321-4e02-8fba-009eb0dce674 func=job_orchestration.executor.compress.spider_compress.compress execution_start=495372401 execution_end=495394604 execution_duration_ms=22203
[2026-02-02 21:02:32.428] [info] [spider.worker] [TIMING] task_id=39f913ce-5321-4e02-8fba-009eb0dce674 func=job_orchestration.executor.compress.spider_compress.compress submit_output_start=495394606 submit_output_end=495394636 submit_output_duration_ms=29
[2026-02-02 21:02:32.447] [info] [spider.worker] [TIMING] task_id=acc7ec3a-937a-4050-8329-2c1669b6911f func=job_orchestration.executor.compress.spider_compress.compress fetch_input_start=495394655 fetch_input_end=495394656 fetch_input_duration_ms=0
[2026-02-02 21:02:32.448] [info] [spider.worker] [TIMING] task_id=acc7ec3a-937a-4050-8329-2c1669b6911f func=job_orchestration.executor.compress.spider_compress.compress input_send_start=495394656 input_send_end=495394656 input_send_duration_ms=0 bytes=754
[2026-02-02 21:02:32.448] [info] [spider.worker] [TIMING] task_id=acc7ec3a-937a-4050-8329-2c1669b6911f func=job_orchestration.executor.compress.spider_compress.compress spawn_start=495394656 spawn_end=495394656 spawn_duration_ms=0
[2026-02-02 21:02:57.874] [info] [spider.worker] [TIMING] task_id=acc7ec3a-937a-4050-8329-2c1669b6911f func=job_orchestration.executor.compress.spider_compress.compress execution_start=495394657 execution_end=495420083 execution_duration_ms=25425
[2026-02-02 21:02:57.915] [info] [spider.worker] [TIMING] task_id=acc7ec3a-937a-4050-8329-2c1669b6911f func=job_orchestration.executor.compress.spider_compress.compress submit_output_start=495420085 submit_output_end=495420123 submit_output_duration_ms=38
[2026-02-02 21:02:57.937] [info] [spider.worker] [TIMING] task_id=8596ceb0-99c7-49f8-8230-f1f44d1a6d45 func=job_orchestration.executor.compress.spider_compress.compress fetch_input_start=495420144 fetch_input_end=495420145 fetch_input_duration_ms=0
[2026-02-02 21:02:57.938] [info] [spider.worker] [TIMING] task_id=8596ceb0-99c7-49f8-8230-f1f44d1a6d45 func=job_orchestration.executor.compress.spider_compress.compress input_send_start=495420146 input_send_end=495420146 input_send_duration_ms=0 bytes=752
[2026-02-02 21:02:57.938] [info] [spider.worker] [TIMING] task_id=8596ceb0-99c7-49f8-8230-f1f44d1a6d45 func=job_orchestration.executor.compress.spider_compress.compress spawn_start=495420145 spawn_end=495420146 spawn_duration_ms=0
[2026-02-02 21:04:13.286] [info] [spider.worker] [TIMING] task_id=8596ceb0-99c7-49f8-8230-f1f44d1a6d45 func=job_orchestration.executor.compress.spider_compress.compress execution_start=495420146 execution_end=495495495 execution_duration_ms=75348
[2026-02-02 21:04:13.330] [info] [spider.worker] [TIMING] task_id=8596ceb0-99c7-49f8-8230-f1f44d1a6d45 func=job_orchestration.executor.compress.spider_compress.compress submit_output_start=495495497 submit_output_end=495495539 submit_output_duration_ms=41
[2026-02-02 21:04:13.355] [info] [spider.worker] [TIMING] task_id=f68da83e-d9cb-4be6-b91d-c9cbb6845882 func=job_orchestration.executor.compress.spider_compress.compress fetch_input_start=495495562 fetch_input_end=495495563 fetch_input_duration_ms=1
[2026-02-02 21:04:13.355] [info] [spider.worker] [TIMING] task_id=f68da83e-d9cb-4be6-b91d-c9cbb6845882 func=job_orchestration.executor.compress.spider_compress.compress input_send_start=495495564 input_send_end=495495564 input_send_duration_ms=0 bytes=843
[2026-02-02 21:04:13.355] [info] [spider.worker] [TIMING] task_id=f68da83e-d9cb-4be6-b91d-c9cbb6845882 func=job_orchestration.executor.compress.spider_compress.compress spawn_start=495495563 spawn_end=495495564 spawn_duration_ms=0
[2026-02-02 21:04:56.915] [info] [spider.worker] [TIMING] task_id=f68da83e-d9cb-4be6-b91d-c9cbb6845882 func=job_orchestration.executor.compress.spider_compress.compress execution_start=495495564 execution_end=495539123 execution_duration_ms=43559
[2026-02-02 21:04:56.931] [info] [spider.worker] [TIMING] task_id=f68da83e-d9cb-4be6-b91d-c9cbb6845882 func=job_orchestration.executor.compress.spider_compress.compress submit_output_start=495539125 submit_output_end=495539139 submit_output_duration_ms=13
[2026-02-02 21:04:56.959] [info] [spider.worker] [TIMING] task_id=e9bde6ae-7ec2-4ca5-912f-cafaee9f1027 func=job_orchestration.executor.compress.spider_compress.compress fetch_input_start=495539166 fetch_input_end=495539168 fetch_input_duration_ms=1
[2026-02-02 21:04:56.960] [info] [spider.worker] [TIMING] task_id=e9bde6ae-7ec2-4ca5-912f-cafaee9f1027 func=job_orchestration.executor.compress.spider_compress.compress input_send_start=495539168 input_send_end=495539168 input_send_duration_ms=0 bytes=750
[2026-02-02 21:04:56.960] [info] [spider.worker] [TIMING] task_id=e9bde6ae-7ec2-4ca5-912f-cafaee9f1027 func=job_orchestration.executor.compress.spider_compress.compress spawn_start=495539168 spawn_end=495539168 spawn_duration_ms=0
[2026-02-02 21:05:11.005] [info] [spider.worker] [TIMING] task_id=e9bde6ae-7ec2-4ca5-912f-cafaee9f1027 func=job_orchestration.executor.compress.spider_compress.compress execution_start=495539169 execution_end=495553214 execution_duration_ms=14044
[2026-02-02 21:05:11.022] [info] [spider.worker] [TIMING] task_id=e9bde6ae-7ec2-4ca5-912f-cafaee9f1027 func=job_orchestration.executor.compress.spider_compress.compress submit_output_start=495553216 submit_output_end=495553230 submit_output_duration_ms=14
[2026-02-02 21:05:11.041] [info] [spider.worker] [TIMING] task_id=fba26e4d-e1d0-46fd-8fe7-458a7ce4521f func=job_orchestration.executor.compress.spider_compress.compress fetch_input_start=495553248 fetch_input_end=495553249 fetch_input_duration_ms=1
[2026-02-02 21:05:11.041] [info] [spider.worker] [TIMING] task_id=fba26e4d-e1d0-46fd-8fe7-458a7ce4521f func=job_orchestration.executor.compress.spider_compress.compress input_send_start=495553250 input_send_end=495553250 input_send_duration_ms=0 bytes=748
[2026-02-02 21:05:11.041] [info] [spider.worker] [TIMING] task_id=fba26e4d-e1d0-46fd-8fe7-458a7ce4521f func=job_orchestration.executor.compress.spider_compress.compress spawn_start=495553249 spawn_end=495553250 spawn_duration_ms=0
[2026-02-02 21:05:23.084] [info] [spider.worker] [TIMING] task_id=fba26e4d-e1d0-46fd-8fe7-458a7ce4521f func=job_orchestration.executor.compress.spider_compress.compress execution_start=495553250 execution_end=495565292 execution_duration_ms=12042
[2026-02-02 21:05:23.095] [info] [spider.worker] [TIMING] task_id=fba26e4d-e1d0-46fd-8fe7-458a7ce4521f func=job_orchestration.executor.compress.spider_compress.compress submit_output_start=495565294 submit_output_end=495565304 submit_output_duration_ms=9
[2026-02-02 21:05:23.106] [info] [spider.worker] [TIMING] task_id=d72efbb7-8c41-4e36-8c8a-b949eb901d11 func=job_orchestration.executor.compress.spider_compress.compress fetch_input_start=495565313 fetch_input_end=495565315 fetch_input_duration_ms=1
[2026-02-02 21:05:23.107] [info] [spider.worker] [TIMING] task_id=d72efbb7-8c41-4e36-8c8a-b949eb901d11 func=job_orchestration.executor.compress.spider_compress.compress input_send_start=495565315 input_send_end=495565315 input_send_duration_ms=0 bytes=751
[2026-02-02 21:05:23.107] [info] [spider.worker] [TIMING] task_id=d72efbb7-8c41-4e36-8c8a-b949eb901d11 func=job_orchestration.executor.compress.spider_compress.compress spawn_start=495565315 spawn_end=495565315 spawn_duration_ms=0
[2026-02-02 21:05:39.940] [info] [spider.worker] [TIMING] task_id=d72efbb7-8c41-4e36-8c8a-b949eb901d11 func=job_orchestration.executor.compress.spider_compress.compress execution_start=495565315 execution_end=495582149 execution_duration_ms=16833
[2026-02-02 21:05:40.007] [info] [spider.worker] [TIMING] task_id=d72efbb7-8c41-4e36-8c8a-b949eb901d11 func=job_orchestration.executor.compress.spider_compress.compress submit_output_start=495582151 submit_output_end=495582216 submit_output_duration_ms=64
[2026-02-02 21:05:40.030] [info] [spider.worker] [TIMING] task_id=6745a930-2e41-4d8d-a25c-bbc390382d8d func=job_orchestration.executor.compress.spider_compress.compress fetch_input_start=495582237 fetch_input_end=495582238 fetch_input_duration_ms=1
[2026-02-02 21:05:40.031] [info] [spider.worker] [TIMING] task_id=6745a930-2e41-4d8d-a25c-bbc390382d8d func=job_orchestration.executor.compress.spider_compress.compress input_send_start=495582239 input_send_end=495582239 input_send_duration_ms=0 bytes=750
[2026-02-02 21:05:40.031] [info] [spider.worker] [TIMING] task_id=6745a930-2e41-4d8d-a25c-bbc390382d8d func=job_orchestration.executor.compress.spider_compress.compress spawn_start=495582238 spawn_end=495582239 spawn_duration_ms=0
[2026-02-02 21:06:56.587] [info] [spider.worker] [TIMING] task_id=6745a930-2e41-4d8d-a25c-bbc390382d8d func=job_orchestration.executor.compress.spider_compress.compress execution_start=495582239 execution_end=495658795 execution_duration_ms=76555
[2026-02-02 21:06:56.594] [info] [spider.worker] [TIMING] task_id=6745a930-2e41-4d8d-a25c-bbc390382d8d func=job_orchestration.executor.compress.spider_compress.compress submit_output_start=495658797 submit_output_end=495658803 submit_output_duration_ms=5
[2026-02-02 21:06:56.605] [info] [spider.worker] [TIMING] task_id=fd8c0767-16bc-4e7d-a631-9ef6cc6a1413 func=job_orchestration.executor.compress.spider_compress.compress fetch_input_start=495658813 fetch_input_end=495658814 fetch_input_d