[2026-02-02 22:02:49.590] [warning] [spider.worker] Prefer using `SPIDER_STORAGE_URL` environment variable over `--storage_url` argument.
[2026-02-02 22:03:32.252] [info] [spider.worker] [TIMING] task_id=09880051-aa29-4ee3-b6d4-29ae3b0e657f func=job_orchestration.executor.query.spider_search_task.search_without_channel fetch_input_start=499054459 fetch_input_end=499054461 fetch_input_duration_ms=1
[2026-02-02 22:03:32.253] [info] [spider.worker] [TIMING] task_id=09880051-aa29-4ee3-b6d4-29ae3b0e657f func=job_orchestration.executor.query.spider_search_task.search_without_channel input_send_start=499054461 input_send_end=499054461 input_send_duration_ms=0 bytes=612
[2026-02-02 22:03:32.253] [info] [spider.worker] [TIMING] task_id=09880051-aa29-4ee3-b6d4-29ae3b0e657f func=job_orchestration.executor.query.spider_search_task.search_without_channel spawn_start=499054461 spawn_end=499054462 spawn_duration_ms=0
[2026-02-02 22:03:33.815] [info] [spider.worker] [TIMING] task_id=09880051-aa29-4ee3-b6d4-29ae3b0e657f func=job_orchestration.executor.query.spider_search_task.search_without_channel execution_start=499054462 execution_end=499056023 execution_duration_ms=1561
[2026-02-02 22:03:33.909] [info] [spider.worker] [TIMING] task_id=09880051-aa29-4ee3-b6d4-29ae3b0e657f func=job_orchestration.executor.query.spider_search_task.search_without_channel submit_output_start=499056025 submit_output_end=499056117 submit_output_duration_ms=92
[2026-02-02 22:03:33.940] [info] [spider.worker] [TIMING] task_id=2531dedf-125c-493c-aab6-f4fff347058f func=job_orchestration.executor.query.spider_search_task.search_without_channel fetch_input_start=499056147 fetch_input_end=499056148 fetch_input_duration_ms=1
[2026-02-02 22:03:33.940] [info] [spider.worker] [TIMING] task_id=2531dedf-125c-493c-aab6-f4fff347058f func=job_orchestration.executor.query.spider_search_task.search_without_channel input_send_start=499056149 input_send_end=499056149 input_send_duration_ms=0 bytes=612
[2026-02-02 22:03:33.941] [info] [spider.worker] [TIMING] task_id=2531dedf-125c-493c-aab6-f4fff347058f func=job_orchestration.executor.query.spider_search_task.search_without_channel spawn_start=499056148 spawn_end=499056149 spawn_duration_ms=0
[2026-02-02 22:03:35.262] [info] [spider.worker] [TIMING] task_id=2531dedf-125c-493c-aab6-f4fff347058f func=job_orchestration.executor.query.spider_search_task.search_without_channel execution_start=499056149 execution_end=499057471 execution_duration_ms=1321
[2026-02-02 22:03:35.295] [info] [spider.worker] [TIMING] task_id=2531dedf-125c-493c-aab6-f4fff347058f func=job_orchestration.executor.query.spider_search_task.search_without_channel submit_output_start=499057473 submit_output_end=499057503 submit_output_duration_ms=30
[2026-02-02 22:03:35.315] [info] [spider.worker] [TIMING] task_id=5d0bfb57-3c38-487e-a31d-8060a245f666 func=job_orchestration.executor.query.spider_search_task.search_without_channel fetch_input_start=499057522 fetch_input_end=499057523 fetch_input_duration_ms=0
[2026-02-02 22:03:35.315] [info] [spider.worker] [TIMING] task_id=5d0bfb57-3c38-487e-a31d-8060a245f666 func=job_orchestration.executor.query.spider_search_task.search_without_channel input_send_start=499057524 input_send_end=499057524 input_send_duration_ms=0 bytes=610
[2026-02-02 22:03:35.315] [info] [spider.worker] [TIMING] task_id=5d0bfb57-3c38-487e-a31d-8060a245f666 func=job_orchestration.executor.query.spider_search_task.search_without_channel spawn_start=499057523 spawn_end=499057524 spawn_duration_ms=0
[2026-02-02 22:03:36.608] [info] [spider.worker] [TIMING] task_id=5d0bfb57-3c38-487e-a31d-8060a245f666 func=job_orchestration.executor.query.spider_search_task.search_without_channel execution_start=499057524 execution_end=499058816 execution_duration_ms=1292
[2026-02-02 22:03:36.647] [info] [spider.worker] [TIMING] task_id=5d0bfb57-3c38-487e-a31d-8060a245f666 func=job_orchestration.executor.query.spider_search_task.search_without_channel submit_output_start=499058823 submit_output_end=499058856 submit_output_duration_ms=32
[2026-02-02 22:03:36.666] [info] [spider.worker] [TIMING] task_id=993249c4-4c8a-41df-a368-8eeea6675cbf func=job_orchestration.executor.query.spider_search_task.search_without_channel fetch_input_start=499058873 fetch_input_end=499058875 fetch_input_duration_ms=1
[2026-02-02 22:03:36.667] [info] [spider.worker] [TIMING] task_id=993249c4-4c8a-41df-a368-8eeea6675cbf func=job_orchestration.executor.query.spider_search_task.search_without_channel input_send_start=499058875 input_send_end=499058875 input_send_duration_ms=0 bytes=612
[2026-02-02 22:03:36.667] [info] [spider.worker] [TIMING] task_id=993249c4-4c8a-41df-a368-8eeea6675cbf func=job_orchestration.executor.query.spider_search_task.search_without_channel spawn_start=499058875 spawn_end=499058875 spawn_duration_ms=0
[2026-02-02 22:03:37.918] [info] [spider.worker] [TIMING] task_id=993249c4-4c8a-41df-a368-8eeea6675cbf func=job_orchestration.executor.query.spider_search_task.search_without_channel execution_start=499058875 execution_end=499060126 execution_duration_ms=1251
[2026-02-02 22:03:37.958] [info] [spider.worker] [TIMING] task_id=993249c4-4c8a-41df-a368-8eeea6675cbf func=job_orchestration.executor.query.spider_search_task.search_without_channel submit_output_start=499060128 submit_output_end=499060166 submit_output_duration_ms=38
[2026-02-02 22:03:38.002] [info] [spider.worker] [TIMING] task_id=4feeba83-bb49-43d6-8d9c-bb5a707dfa13 func=job_orchestration.executor.query.spider_search_task.search_without_channel fetch_input_start=499060210 fetch_input_end=499060211 fetch_input_duration_ms=0
[2026-02-02 22:03:38.003] [info] [spider.worker] [TIMING] task_id=4feeba83-bb49-43d6-8d9c-bb5a707dfa13 func=job_orchestration.executor.query.spider_search_task.search_without_channel input_send_start=499060211 input_send_end=499060211 input_send_duration_ms=0 bytes=612
[2026-02-02 22:03:38.003] [info] [spider.worker] [TIMING] task_id=4feeba83-bb49-43d6-8d9c-bb5a707dfa13 func=job_orchestration.executor.query.spider_search_task.search_without_channel spawn_start=499060211 spawn_end=499060211 spawn_duration_ms=0
[2026-02-02 22:03:39.203] [info] [spider.worker] [TIMING] task_id=4feeba83-bb49-43d6-8d9c-bb5a707dfa13 func=job_orchestration.executor.query.spider_search_task.search_without_channel execution_start=499060211 execution_end=499061412 execution_duration_ms=1200
[2026-02-02 22:03:39.369] [info] [spider.worker] [TIMING] task_id=4feeba83-bb49-43d6-8d9c-bb5a707dfa13 func=job_orchestration.executor.query.spider_search_task.search_without_channel submit_output_start=499061413 submit_output_end=499061578 submit_output_duration_ms=164
[2026-02-02 22:03:39.521] [info] [spider.worker] [TIMING] task_id=49483558-4e49-4b48-b82d-97a0ac552fb3 func=job_orchestration.executor.query.spider_search_task.search_without_channel fetch_input_start=499061729 fetch_input_end=499061730 fetch_input_duration_ms=0
[2026-02-02 22:03:39.522] [info] [spider.worker] [TIMING] task_id=49483558-4e49-4b48-b82d-97a0ac552fb3 func=job_orchestration.executor.query.spider_search_task.search_without_channel input_send_start=499061730 input_send_end=499061730 input_send_duration_ms=0 bytes=612
[2026-02-02 22:03:39.522] [info] [spider.worker] [TIMING] task_id=49483558-4e49-4b48-b82d-97a0ac552fb3 func=job_orchestration.executor.query.spider_search_task.search_without_channel spawn_start=499061730 spawn_end=499061730 spawn_duration_ms=0
[2026-02-02 22:03:40.644] [info] [spider.worker] [TIMING] task_id=49483558-4e49-4b48-b82d-97a0ac552fb3 func=job_orchestration.executor.query.spider_search_task.search_without_channel execution_start=499061730 execution_end=499062852 execution_duration_ms=1122
[2026-02-02 22:03:40.721] [info] [spider.worker] [TIMING] task_id=49483558-4e49-4b48-b82d-97a0ac552fb3 func=job_orchestration.executor.query.spider_search_task.search_without_channel submit_output_start=499062854 submit_output_end=499062930 submit_output_duration_ms=75
[2026-02-02 22:03:40.774] [info] [spider.worker] [TIMING] task_id=15f30d2a-fb82-41c9-a04f-37c7f72f329e func=job_orchestration.executor.query.spider_search_task.search_without_channel fetch_input_start=499062982 fetch_input_end=499062983 fetch_input_duration_ms=0
[2026-02-02 22:03:40.775] [info] [spider.worker] [TIMING] task_id=15f30d2a-fb82-41c9-a04f-37c7f72f329e func=job_orchestration.executor.query.spider_search_task.search_without_channel input_send_start=499062983 input_send_end=499062983 input_send_duration_ms=0 bytes=610
[2026-02-02 22:03:40.775] [info] [spider.worker] [TIMING] task_id=15f30d2a-fb82-41c9-a04f-37c7f72f329e func=job_orchestration.executor.query.spider_search_task.search_without_channel spawn_start=499062983 spawn_end=499062983 spawn_duration_ms=0
[2026-02-02 22:03:42.020] [info] [spider.worker] [TIMING] task_id=15f30d2a-fb82-41c9-a04f-37c7f72f329e func=job_orchestration.executor.query.spider_search_task.search_without_channel execution_start=499062983 execution_end=499064228 execution_duration_ms=1244
[2026-02-02 22:03:42.065] [info] [spider.worker] [TIMING] task_id=15f30d2a-fb82-41c9-a04f-37c7f72f329e func=job_orchestration.executor.query.spider_search_task.search_without_channel submit_output_start=499064230 submit_output_end=499064274 submit_output_duration_ms=43
[2026-02-02 22:03:42.100] [info] [spider.worker] [TIMING] task_id=cabfa190-bc8d-4b93-8e91-6d462f7dcbc8 func=job_orchestration.executor.query.spider_search_task.search_without_channel fetch_input_start=499064308 fetch_input_end=499064309 fetch_input_duration_ms=1
[2026-02-02 22:03:42.101] [info] [spider.worker] [TIMING] task_id=cabfa190-bc8d-4b93-8e91-6d462f7dcbc8 func=job_orchestration.executor.query.spider_search_task.search_without_channel input_send_start=499064309 input_send_end=499064309 input_send_duration_ms=0 bytes=612
[2026-02-02 22:03:42.101] [info] [spider.worker] [TIMING] task_id=cabfa190-bc8d-4b93-8e91-6d462f7dcbc8 func=job_orchestration.executor.query.spider_search_task.search_without_channel spawn_start=499064309 spawn_end=499064309 spawn_duration_ms=0
[2026-02-02 22:03:43.387] [info] [spider.worker] [TIMING] task_id=cabfa190-bc8d-4b93-8e91-6d462f7dcbc8 func=job_orchestration.executor.query.spider_search_task.search_without_channel execution_start=499064309 execution_end=499065595 execution_duration_ms=1286
[2026-02-02 22:03:43.446] [info] [spider.worker] [TIMING] task_id=cabfa190-bc8d-4b93-8e91-6d462f7dcbc8 func=job_orchestration.executor.query.spider_search_task.search_without_channel submit_output_start=499065597 submit_output_end=499065654 submit_output_duration_ms=56
[2026-02-02 22:03:43.515] [info] [spider.worker] [TIMING] task_id=203ec52c-cc0e-42aa-ba78-fd33a635835b func=job_orchestration.executor.query.spider_search_task.search_without_channel fetch_input_start=499065723 fetch_input_end=499065724 fetch_input_duration_ms=0
[2026-02-02 22:03:43.516] [info] [spider.worker] [TIMING] task_id=203ec52c-cc0e-42aa-ba78-fd33a635835b func=job_orchestration.executor.query.spider_search_task.search_without_channel input_send_start=499065724 input_send_end=499065724 input_send_duration_ms=0 bytes=612
[2026-02-02 22:03:43.516] [info] [spider.worker] [TIMING] task_id=203ec52c-cc0e-42aa-ba78-fd33a635835b func=job_orchestration.executor.query.spider_search_task.search_without_channel spawn_start=499065724 spawn_end=499065724 spawn_duration_ms=0
[2026-02-02 22:03:44.792] [info] [spider.worker] [TIMING] task_id=203ec52c-cc0e-42aa-ba78-fd33a635835b func=job_orchestration.executor.query.spider_search_task.search_without_channel execution_start=499065724 execution_end=499067000 execution_duration_ms=1275
[2026-02-02 22:03:44.807] [info] [spider.worker] [TIMING] task_id=203ec52c-cc0e-42aa-ba78-fd33a635835b func=job_orchestration.executor.query.spider_search_task.search_without_channel submit_output_start=499067002 submit_output_end=499067016 submit_output_duration_ms=14
[2026-02-02 22:03:44.861] [info] [spider.worker] [TIMING] task_id=4534cb3f-7237-4c20-ae13-f2a2138c8dc7 func=job_orchestration.executor.query.spider_search_task.search_without_channel fetch_input_start=499067068 fetch_input_end=499067069 fetch_input_duration_ms=0
[2026-02-02 22:03:44.861] [info] [spider.worker] [TIMING] task_id=4534cb3f-7237-4c20-ae13-f2a2138c8dc7 func=job_orchestration.executor.query.spider_search_task.search_without_channel input_send_start=499067069 input_send_end=499067069 input_send_duration_ms=0 bytes=612
[2026-02-02 22:03:44.861] [info] [spider.worker] [TIMING] task_id=4534cb3f-7237-4c20-ae13-f2a2138c8dc7 func=job_orchestration.executor.query.spider_search_task.search_without_channel spawn_start=499067069 spawn_end=499067069 spawn_duration_ms=0
[2026-02-02 22:03:46.226] [info] [spider.worker] [TIMING] task_id=4534cb3f-7237-4c20-ae13-f2a2138c8dc7 func=job_orchestration.executor.query.spider_search_task.search_without_channel execution_start=499067070 execution_end=499068434 execution_duration_ms=1364
[2026-02-02 22:03:46.299] [info] [spider.worker] [TIMING] task_id=4534cb3f-7237-4c20-ae13-f2a2138c8dc7 func=job_orchestration.executor.query.spider_search_task.search_without_channel submit_output_start=499068436 submit_output_end=499068507 submit_output_duration_ms=71
[2026-02-02 22:03:46.394] [info] [spider.worker] [TIMING] task_id=dd2afff4-33ac-4b50-803f-245779fc7407 func=job_orchestration.executor.query.spider_search_task.search_without_channel fetch_input_start=499068601 fetch_input_end=499068602 fetch_input_duration_ms=1
[2026-02-02 22:03:46.394] [info] [spider.worker] [TIMING] task_id=dd2afff4-33ac-4b50-803f-245779fc7407 func=job_orchestration.executor.query.spider_search_task.search_without_channel input_send_start=499068603 input_send_end=499068603 input_send_duration_ms=0 bytes=612
[2026-02-02 22:03:46.394] [info] [spider.worker] [TIMING] task_id=dd2afff4-33ac-4b50-803f-245779fc7407 func=job_orchestration.executor.query.spider_search_task.search_without_channel spawn_start=499068602 spawn_end=499068603 spawn_duration_ms=0
[2026-02-02 22:03:47.831] [info] [spider.worker] [TIMING] task_id=dd2afff4-33ac-4b50-803f-245779fc7407 func=job_orchestration.executor.query.spider_search_task.search_without_channel execution_start=499068603 execution_end=499070040 execution_duration_ms=1436
[2026-02-02 22:03:47.849] [info] [spider.worker] [TIMING] task_id=dd2afff4-33ac-4b50-803f-245779fc7407 func=job_orchestration.executor.query.spider_search_task.search_without_channel submit_output_start=499070041 submit_output_end=499070058 submit_output_duration_ms=16
[2026-02-02 22:03:47.894] [info] [spider.worker] [TIMING] task_id=d4efe25e-d7b1-4229-a4e3-f6a150cc2dbd func=job_orchestration.executor.query.spider_search_task.search_without_channel fetch_input_start=499070101 fetch_input_end=499070102 fetch_input_duration_ms=0
[2026-02-02 22:03:47.894] [info] [spider.worker] [TIMING] task_id=d4efe25e-d7b1-4229-a4e3-f6a150cc2dbd func=job_orchestration.executor.query.spider_search_task.search_without_channel input_send_start=499070103 input_send_end=499070103 input_send_duration_ms=0 bytes=610
[2026-02-02 22:03:47.894] [info] [spider.worker] [TIMING] task_id=d4efe25e-d7b1-4229-a4e3-f6a150cc2dbd func=job_orchestration.executor.query.spider_search_task.search_without_channel spawn_start=499070102 spawn_end=499070103 spawn_duration_ms=0
[2026-02-02 22:03:49.193] [info] [spider.worker] [TIMING] task_id=d4efe25e-d7b1-4229-a4e3-f6a150cc2dbd func=job_orchestration.executor.query.spider_search_task.search_without_channel execution_start=499070103 execution_end=499071402 execution_duration_ms=1299
[2026-02-02 22:03:49.225] [info] [spider.worker] [TIMING] task_id=d4efe25e-d7b1-4229-a4e3-f6a150cc2dbd func=job_orchestration.executor.query.spider_search_task.search_without_channel submit_output_start=499071403 submit_output_end=499071433 submit_output_duration_ms=30
[2026-02-02 22:03:49.246] [info] [spider.worker] [TIMING] task_id=4009f022-93c6-4b2d-b57f-80f7ad5ff59f func=job_orchestration.executor.query.spider_search_task.search_without_channel fetch_input_start=499071452 fetch_input_end=499071454 fetch_input_duration_ms=1
[2026-02-02 22:03:49.246] [info] [spider.worker] [TIMING] task_id=4009f022-93c6-4b2d-b57f-80f7ad5ff59f func=job_orchestration.executor.query.spider_search_task.search_without_channel input_send_start=499071455 input_send_end=499071455 input_send_duration_ms=0 bytes=612
[2026-02-02 22:03:49.246] [info] [spider.worker] [TIMING] task_id=4009f022-93c6-4b2d-b57f-80f7ad5ff59f func=job_orchestration.executor.query.spider_search_task.search_without_channel spawn_start=499071454 spawn_end=499071455 spawn_duration_ms=0
[2026-02-02 22:03:50.636] [info] [spider.worker] [TIMING] task_id=4009f022-93c6-4b2d-b57f-80f7ad5ff59f func=job_orchestration.executor.query.spider_search_task.search_without_channel execution_start=499071455 execution_end=499072845 execution_duration_ms=1389
[2026-02-02 22:03:50.650] [info] [spider.worker] [TIMING] task_id=4009f022-93c6-4b2d-b57f-80f7ad5ff59f func=job_orchestration.executor.query.spider_search_task.search_without_channel submit_output_start=499072847 submit_output_end=499072859 submit_output_duration_ms=12
[2026-02-02 22:03:50.712] [info] [spider.worker] [TIMING] task_id=816ceb67-05f2-4bcd-be8c-314f0185cafc func=job_orchestration.executor.query.spider_search_task.search_without_channel fetch_input_start=499072919 fetch_input_end=499072921 fetch_input_duration_ms=1
[2026-02-02 22:03:50.713] [info] [spider.worker] [TIMING] task_id=816ceb67-05f2-4bcd-be8c-314f0185cafc func=job_orchestration.executor.query.spider_search_task.search_without_channel input_send_start=499072921 input_send_end=499072921 input_send_duration_ms=0 bytes=612
[2026-02-02 22:03:50.713] [info] [spider.worker] [TIMING] task_id=816ceb67-05f2-4bcd-be8c-314f0185cafc func=job_orchestration.executor.query.spider_search_task.search_without_channel spawn_start=499072921 spawn_end=499072921 spawn_duration_ms=0
[2026-02-02 22:03:51.995] [info] [spider.worker] [TIMING] task_id=816ceb67-05f2-4bcd-be8c-314f0185cafc func=job_orchestration.executor.query.spider_search_task.search_without_channel execution_start=499072921 execution_end=499074204 execution_duration_ms=1282
[2026-02-02 22:03:52.009] [info] [spider.worker] [TIMING] task_id=816ceb67-05f2-4bcd-be8c-314f0185cafc func=job_orchestration.executor.query.spider_search_task.search_without_channel submit_output_start=499074205 submit_output_end=499074218 submit_output_duration_ms=12
[2026-02-02 22:03:52.046] [info] [spider.worker] [TIMING] task_id=6780b178-4cd3-4ae7-8604-c1794645338b func=job_orchestration.executor.query.spider_search_task.search_without_channel fetch_input_start=499074253 fetch_input_end=499074254 fetch_input_duration_ms=1
[2026-02-02 22:03:52.046] [info] [spider.worker] [TIMING] task_id=6780b178-4cd3-4ae7-8604-c1794645338b func=job_orchestration.executor.query.spider_search_task.search_without_channel input_send_start=499074255 input_send_end=499074255 input_send_duration_ms=0 bytes=612
[2026-02-02 22:03:52.046] [info] [spider.worker] [TIMING] task_id=6780b178-4cd3-4ae7-8604-c1794645338b func=job_orchestration.executor.query.spider_search_task.search_without_channel spawn_start=499074254 spawn_end=499074255 spawn_duration_ms=0
[2026-02-02 22:03:53.304] [info] [spider.worker] [TIMING] task_id=6780b178-4cd3-4ae7-8604-c1794645338b func=job_orchestration.executor.query.spider_search_task.search_without_channel execution_start=499074255 execution_end=499075513 execution_duration_ms=1257
[2026-02-02 22:03:53.364] [info] [spider.worker] [TIMING] task_id=6780b178-4cd3-4ae7-8604-c1794645338b func=job_orchestration.executor.query.spider_search_task.search_without_channel submit_output_start=499075514 submit_output_end=499075573 submit_output_duration_ms=58
[2026-02-02 22:03:53.388] [info] [spider.worker] [TIMING] task_id=d1c9b0f5-cd57-4277-aac2-22b8ee5feee1 func=job_orchestration.executor.query.spider_search_task.search_without_channel fetch_input_start=499075595 fetch_input_end=499075596 fetch_input_duration_ms=1
[2026-02-02 22:03:53.388] [info] [spider.worker] [TIMING] task_id=d1c9b0f5-cd57-4277-aac2-22b8ee5feee1 func=job_orchestration.executor.query.spider_search_task.search_without_channel input_send_start=499075597 input_send_end=499075597 input_send_duration_ms=0 bytes=612
[2026-02-02 22:03:53.388] [info] [spider.worker] [TIMING] task_id=d1c9b0f5-cd57-4277-aac2-22b8ee5feee1 func=job_orchestration.executor.query.spider_search_task.search_without_channel spawn_start=499075596 spawn_end=499075597 spawn_duration_ms=0
[2026-02-02 22:03:54.652] [info] [spider.worker] [TIMING] task_id=d1c9b0f5-cd57-4277-aac2-22b8ee5feee1 func=job_orchestration.executor.query.spider_search_task.search_without_channel execution_start=499075597 execution_end=499076860 execution_duration_ms=1263
[2026-02-02 22:03:54.718] [info] [spider.worker] [TIMING] task_id=d1c9b0f5-cd57-4277-aac2-22b8ee5feee1 func=job_orchestration.executor.query.spider_search_task.search_without_channel submit_output_start=499076862 submit_output_end=499076926 submit_output_duration_ms=64
[2026-02-02 22:03:54.771] [info] [spider.worker] [TIMING] task_id=c6046475-6e83-4c5e-aa05-6a578ab129cf func=job_orchestration.executor.query.spider_search_task.search_without_channel fetch_input_start=499076979 fetch_input_end=499076980 fetch_input_duration_ms=1
[2026-02-02 22:03:54.772] [info] [spider.worker] [TIMING] task_id=c6046475-6e83-4c5e-aa05-6a578ab129cf func=job_orchestration.executor.query.spider_search_task.search_without_channel input_send_start=499076980 input_send_end=499076980 input_send_duration_ms=0 bytes=611
[2026-02-02 22:03:54.772] [info] [spider.worker] [TIMING] task_id=c6046475-6e83-4c5e-aa05-6a578ab129cf func=job_orchestration.executor.query.spider_search_task.search_without_channel spawn_start=499076980 spawn_end=499076980 spawn_duration_ms=0
[2026-02-02 22:03:56.048] [info] [spider.worker] [TIMING] task_id=c6046475-6e83-4c5e-aa05-6a578ab129cf func=job_orchestration.executor.query.spider_search_task.search_without_channel execution_start=499076980 execution_end=499078256 execution_duration_ms=1275
[2026-02-02 22:03:56.106] [info] [spider.worker] [TIMING] task_id=c6046475-6e83-4c5e-aa05-6a578ab129cf func=job_orchestration.executor.query.spider_search_task.search_without_channel submit_output_start=499078258 submit_output_end=499078314 submit_output_duration_ms=56
[2026-02-02 22:03:56.138] [info] [spider.worker] [TIMING] task_id=356d6328-c10f-4b9f-b8d4-00bb59da1dd8 func=job_orchestration.executor.query.spider_search_task.search_without_channel fetch_input_start=499078346 fetch_input_end=499078346 fetch_input_duration_ms=0
[2026-02-02 22:03:56.139] [info] [spider.worker] [TIMING] task_id=356d6328-c10f-4b9f-b8d4-00bb59da1dd8 func=job_orchestration.executor.query.spider_search_task.search_without_channel input_send_start=499078347 input_send_end=499078347 input_send_duration_ms=0 bytes=610
[2026-02-02 22:03:56.139] [info] [spider.worker] [TIMING] task_id=356d6328-c10f-4b9f-b8d4-00bb59da1dd8 func=job_orchestration.executor.query.spider_search_task.search_without_channel spawn_start=499078346 spawn_end=499078347 spawn_duration_ms=0
[2026-02-02 22:03:57.425] [info] [spider.worker] [TIMING] task_id=356d6328-c10f-4b9f-b8d4-00bb59da1dd8 func=job_orchestration.executor.query.spider_search_task.search_without_channel execution_start=499078347 execution_end=499079633 execution_duration_ms=1285
[2026-02-02 22:03:57.452] [info] [spider.worker] [TIMING] task_id=356d6328-c10f-4b9f-b8d4-00bb59da1dd8 func=job_orchestration.executor.query.spider_search_task.search_without_channel submit_output_start=499079635 submit_output_end=499079661 submit_output_duration_ms=26
[2026-02-02 22:03:57.503] [info] [spider.worker] [TIMING] task_id=886a36d3-7459-4dcd-847f-5d45a4413796 func=job_orchestration.executor.query.spider_search_task.search_without_channel fetch_input_start=499079711 fetch_input_end=499079711 fetch_input_duration_ms=0
[2026-02-02 22:03:57.503] [info] [spider.worker] [TIMING] task_id=886a36d3-7459-4dcd-847f-5d45a4413796 func=job_orchestration.executor.query.spider_search_task.search_without_channel input_send_start=499079712 input_send_end=499079712 input_send_duration_ms=0 bytes=612
[2026-02-02 22:03:57.503] [info] [spider.worker] [TIMING] task_id=886a36d3-7459-4dcd-847f-5d45a4413796 func=job_orchestration.executor.query.spider_search_task.search_without_channel spawn_start=499079711 spawn_end=499079712 spawn_duration_ms=0
[2026-02-02 22:03:58.758] [info] [spider.worker] [TIMING] task_id=886a36d3-7459-4dcd-847f-5d45a4413796 func=job_orchestration.executor.query.spider_search_task.search_without_channel execution_start=499079712 execution_end=499080966 execution_duration_ms=1254
[2026-02-02 22:03:58.777] [info] [spider.worker] [TIMING] task_id=886a36d3-7459-4dcd-847f-5d45a4413796 func=job_orchestration.executor.query.spider_search_task.search_without_channel submit_output_start=499080968 submit_output_end=499080986 submit_output_duration_ms=17
[2026-02-02 22:03:58.822] [info] [spider.worker] [TIMING] task_id=9c1bd596-bddf-4398-b09a-6fb0ad8b90d0 func=job_orchestration.executor.query.spider_search_task.search_without_channel fetch_input_start=499081029 fetch_input_end=499081030 fetch_input_duration_ms=1
[2026-02-02 22:03:58.822] [info] [spider.worker] [TIMING] task_id=9c1bd596-bddf-4398-b09a-6fb0ad8b90d0 func=job_orchestration.executor.query.spider_search_task.search_without_channel input_send_start=499081031 input_send_end=499081031 input_send_duration_ms=0 bytes=612
[2026-02-02 22:03:58.822] [info] [spider.worker] [TIMING] task_id=9c1bd596-bddf-4398-b09a-6fb0ad8b90d0 func=job_orchestration.executor.query.spider_search_task.search_without_channel spawn_start=499081030 spawn_end=499081031 spawn_duration_ms=0
[2026-02-02 22:04:00.131] [info] [spider.worker] [TIMING] task_id=9c1bd596-bddf-4398-b09a-6fb0ad8b90d0 func=job_orchestration.executor.query.spider_search_task.search_without_channel execution_start=499081031 execution_end=499082339 execution_duration_ms=1308
[2026-02-02 22:04:00.166] [info] [spider.worker] [TIMING] task_id=9c1bd596-bddf-4398-b09a-6fb0ad8b90d0 func=job_orchestration.executor.query.spider_search_task.search_without_channel submit_output_start=499082341 submit_output_end=499082374 submit_output_duration_ms=33
[2026-02-02 22:04:00.239] [info] [spider.worker] [TIMING] task_id=af060a02-2247-475b-8b04-5e60a6a0c363 func=job_orchestration.executor.query.spider_search_task.search_without_channel fetch_input_start=499082446 fetch_input_end=499082447 fetch_input_duration_ms=0
[2026-02-02 22:04:00.239] [info] [spider.worker] [TIMING] task_id=af060a02-2247-475b-8b04-5e60a6a0c363 func=job_orchestration.executor.query.spider_search_task.search_without_channel input_send_start=499082448 input_send_end=499082448 input_send_duration_ms=0 bytes=612
[2026-02-02 22:04:00.239] [info] [spider.worker] [TIMING] task_id=af060a02-2247-475b-8b04-5e60a6a0c363 func=job_orchestration.executor.query.spider_search_task.search_without_channel spawn_start=499082447 spawn_end=499082448 spawn_duration_ms=0
[2026-02-02 22:04:01.663] [info] [spider.worker] [TIMING] task_id=af060a02-2247-475b-8b04-5e60a6a0c363 func=job_orchestration.executor.query.spider_search_task.search_without_channel execution_start=499082448 execution_end=499083871 execution_duration_ms=1422
[2026-02-02 22:04:01.703] [info] [spider.worker] [TIMING] task_id=af060a02-2247-475b-8b04-5e60a6a0c363 func=job_orchestration.executor.query.spider_search_task.search_without_channel submit_output_start=499083872 submit_output_end=499083912 submit_output_duration_ms=39
[2026-02-02 22:04:01.739] [info] [spider.worker] [TIMING] task_id=ff658cf1-6fce-47dd-ada4-5c079bf756cf func=job_orchestration.executor.query.spider_search_task.search_without_channel fetch_input_start=499083947 fetch_input_end=499083947 fetch_input_duration_ms=0
[2026-02-02 22:04:01.740] [info] [spider.worker] [TIMING] task_id=ff658cf1-6fce-47dd-ada4-5c079bf756cf func=job_orchestration.executor.query.spider_search_task.search_without_channel input_send_start=499083948 input_send_end=499083948 input_send_duration_ms=0 bytes=612
[2026-02-02 22:04:01.740] [info] [spider.worker] [TIMING] task_id=ff658cf1-6fce-47dd-ada4-5c079bf756cf func=job_orchestration.executor.query.spider_search_task.search_without_channel spawn_start=499083947 spawn_end=499083948 spawn_duration_ms=0
[2026-02-02 22:04:02.956] [info] [spider.worker] [TIMING] task_id=ff658cf1-6fce-47dd-ada4-5c079bf756cf func=job_orchestration.executor.query.spider_search_task.search_without_channel execution_start=499083948 execution_end=499085164 execution_duration_ms=1215
[2026-02-02 22:04:02.991] [info] [spider.worker] [TIMING] task_id=ff658cf1-6fce-47dd-ada4-5c079bf756cf func=job_orchestration.executor.query.spider_search_task.search_without_channel submit_output_start=499085165 submit_output_end=499085200 submit_output_duration_ms=34
[2026-02-02 22:04:03.036] [info] [spider.worker] [TIMING] task_id=3dca2746-1f8b-45b2-9d08-6e154ca116e3 func=job_orchestration.executor.query.spider_search_task.search_without_channel fetch_input_start=499085244 fetch_input_end=499085244 fetch_input_duration_ms=0
[2026-02-02 22:04:03.037] [info] [spider.worker] [TIMING] task_id=3dca2746-1f8b-45b2-9d08-6e154ca116e3 func=job_orchestration.executor.query.spider_search_task.search_without_channel input_send_start=499085245 input_send_end=499085245 input_send_duration_ms=0 bytes=612
[2026-02-02 22:04:03.037] [info] [spider.worker] [TIMING] task_id=3dca2746-1f8b-45b2-9d08-6e154ca116e3 func=job_orchestration.executor.query.spider_search_task.search_without_channel spawn_start=499085245 spawn_end=499085245 spawn_duration_ms=0
[2026-02-02 22:04:04.302] [info] [spider.worker] [TIMING] task_id=3dca2746-1f8b-45b2-9d08-6e154ca116e3 func=job_orchestration.executor.query.spider_search_task.search_without_channel execution_start=499085245 execution_end=499086510 execution_duration_ms=1264
[2026-02-02 22:04:04.337] [info] [spider.worker] [TIMING] task_id=3dca2746-1f8b-45b2-9d08-6e154ca116e3 func=job_orchestration.executor.query.spider_search_task.search_without_channel submit_output_start=499086512 submit_output_end=499086546 submit_output_duration_ms=34
[2026-02-02 22:04:04.357] [info] [spider.worker] [TIMING] task_id=2d73d714-faea-4af6-ac11-d736c8c168ba func=job_orchestration.executor.query.spider_search_task.search_without_channel fetch_input_start=499086564 fetch_input_end=499086565 fetch_input_duration_ms=1
[2026-02-02 22:04:04.357] [info] [spider.worker] [TIMING] task_id=2d73d714-faea-4af6-ac11-d736c8c168ba func=job_orchestration.executor.query.spider_search_task.search_without_channel input_send_start=499086566 input_send_end=499086566 input_send_duration_ms=0 bytes=612
[2026-02-02 22:04:04.357] [info] [spider.worker] [TIMING] task_id=2d73d714-faea-4af6-ac11-d736c8c168ba func=job_orchestration.executor.query.spider_search_task.search_without_channel spawn_start=499086565 spawn_end=499086566 spawn_duration_ms=0
[2026-02-02 22:04:05.810] [info] [spider.worker] [TIMING] task_id=2d73d714-faea-4af6-ac11-d736c8c168ba func=job_orchestration.executor.query.spider_search_task.search_without_channel execution_start=499086566 execution_end=499088018 execution_duration_ms=1452
[2026-02-02 22:04:05.871] [info] [spider.worker] [TIMING] task_id=2d73d714-faea-4af6-ac11-d736c8c168ba func=job_orchestration.executor.query.spider_search_task.search_without_channel submit_output_start=499088020 submit_output_end=499088079 submit_output_duration_ms=59
[2026-02-02 22:04:05.890] [info] [spider.worker] [TIMING] task_id=c63a7838-4dce-4c22-95aa-23fc75ed8cfe func=job_orchestration.executor.query.spider_search_task.search_without_channel fetch_input_start=499088097 fetch_input_end=499088098 fetch_input_duration_ms=0
[2026-02-02 22:04:05.890] [info] [spider.worker] [TIMING] task_id=c63a7838-4dce-4c22-95aa-23fc75ed8cfe func=job_orchestration.executor.query.spider_search_task.search_without_channel input_send_start=499088099 input_send_end=499088099 input_send_duration_ms=0 bytes=612
[2026-02-02 22:04:05.890] [info] [spider.worker] [TIMING] task_id=c63a7838-4dce-4c22-95aa-23fc75ed8cfe func=job_orchestration.executor.query.spider_search_task.search_without_channel spawn_start=499088098 spawn_end=499088099 spawn_duration_ms=0
[2026-02-02 22:04:07.206] [info] [spider.worker] [TIMING] task_id=c63a7838-4dce-4c22-95aa-23fc75ed8cfe func=job_orchestration.executor.query.spider_search_task.search_without_channel execution_start=499088099 execution_end=499089415 execution_duration_ms=1315
[2026-02-02 22:04:07.230] [info] [spider.worker] [TIMING] task_id=c63a7838-4dce-4c22-95aa-23fc75ed8cfe func=job_orchestration.executor.query.spider_search_task.search_without_channel submit_output_start=499089416 submit_output_end=499089438 submit_output_duration_ms=22
[2026-02-02 22:04:07.333] [info] [spider.worker] [TIMING] task_id=7d2aa4b7-a475-48ea-a571-b42f7da6c8d6 func=job_orchestration.executor.query.spider_search_task.search_without_channel fetch_input_start=499089540 fetch_input_end=499089541 fetch_input_duration_ms=0
[2026-02-02 22:04:07.333] [info] [spider.worker] [TIMING] task_id=7d2aa4b7-a475-48ea-a571-b42f7da6c8d6 func=job_orchestration.executor.query.spider_search_task.search_without_channel input_send_start=499089542 input_send_end=499089542 input_send_duration_ms=0 bytes=610
[2026-02-02 22:04:07.333] [info] [spider.worker] [TIMING] task_id=7d2aa4b7-a475-48ea-a571-b42f7da6c8d6 func=job_orchestration.executor.query.spider_search_task.search_without_channel spawn_start=499089541 spawn_end=499089542 spawn_duration_ms=0
[2026-02-02 22:04:08.698] [info] [spider.worker] [TIMING] task_id=7d2aa4b7-a475-48ea-a571-b42f7da6c8d6 func=job_orchestration.executor.query.spider_search_task.search_without_channel execution_start=499089542 execution_end=499090907 execution_duration_ms=1364
[2026-02-02 22:04:08.714] [info] [spider.worker] [TIMING] task_id=7d2aa4b7-a475-48ea-a571-b42f7da6c8d6 func=job_orchestration.executor.query.spider_search_task.search_without_channel submit_output_start=499090909 submit_output_end=499090922 submit_output_duration_ms=13
[2026-02-02 22:04:08.732] [info] [spider.worker] [TIMING] task_id=11364468-f999-410f-b879-1ece29df0a5c func=job_orchestration.executor.query.spider_search_task.search_without_channel fetch_input_start=499090940 fetch_input_end=499090941 fetch_input_duration_ms=0
[2026-02-02 22:04:08.733] [info] [spider.worker] [TIMING] task_id=11364468-f999-410f-b879-1ece29df0a5c func=job_orchestration.executor.query.spider_search_task.search_without_channel input_send_start=499090941 input_send_end=499090941 input_send_duration_ms=0 bytes=612
[2026-02-02 22:04:08.733] [info] [spider.worker] [TIMING] task_id=11364468-f999-410f-b879-1ece29df0a5c func=job_orchestration.executor.query.spider_search_task.search_without_channel spawn_start=499090941 spawn_end=499090941 spawn_duration_ms=0
[2026-02-02 22:04:10.049] [info] [spider.worker] [TIMING] task_id=11364468-f999-410f-b879-1ece29df0a5c func=job_orchestration.executor.query.spider_search_task.search_without_channel execution_start=499090942 execution_end=499092257 execution_duration_ms=1315
[2026-02-02 22:04:10.073] [info] [spider.worker] [TIMING] task_id=11364468-f999-410f-b879-1ece29df0a5c func=job_orchestration.executor.query.spider_search_task.search_without_channel submit_output_start=499092259 submit_output_end=499092281 submit_output_duration_ms=22
[2026-02-02 22:04:10.101] [info] [spider.worker] [TIMING] task_id=da6d0b79-c204-4c43-9435-391da3f5d296 func=job_orchestration.executor.query.spider_search_task.search_without_channel fetch_input_start=499092308 fetch_input_end=499092309 fetch_input_duration_ms=1
[2026-02-02 22:04:10.101] [info] [spider.worker] [TIMING] task_id=da6d0b79-c204-4c43-9435-391da3f5d296 func=job_orchestration.executor.query.spider_search_task.search_without_channel input_send_start=499092310 input_send_end=499092310 input_send_duration_ms=0 bytes=612
[2026-02-02 22:04:10.101] [info] [spider.worker] [TIMING] task_id=da6d0b79-c204-4c43-9435-391da3f5d296 func=job_orchestration.executor.query.spider_search_task.search_without_channel spawn_start=499092309 spawn_end=499092310 spawn_duration_ms=0
[2026-02-02 22:04:11.361] [info] [spider.worker] [TIMING] task_id=da6d0b79-c204-4c43-9435-391da3f5d296 func=job_orchestration.executor.query.spider_search_task.search_without_channel execution_start=499092310 execution_end=499093569 execution_duration_ms=1259
[2026-02-02 22:04:11.433] [info] [spider.worker] [TIMING] task_id=da6d0b79-c204-4c43-9435-391da3f5d296 func=job_orchestration.executor.query.spider_search_task.search_without_channel submit_output_start=499093571 submit_output_end=499093642 submit_output_duration_ms=70
[2026-02-02 22:04:11.459] [info] [spider.worker] [TIMING] task_id=bec478cb-4ff4-4759-91fc-9e31e2c87eab func=job_orchestration.executor.query.spider_search_task.search_without_channel fetch_input_start=499093666 fetch_input_end=499093667 fetch_input_duration_ms=1
[2026-02-02 22:04:11.460] [info] [spider.worker] [TIMING] task_id=bec478cb-4ff4-4759-91fc-9e31e2c87eab func=job_orchestration.executor.query.spider_search_task.search_without_channel input_send_start=499093668 input_send_end=499093668 input_send_duration_ms=0 bytes=612
[2026-02-02 22:04:11.460] [info] [spider.worker] [TIMING] task_id=bec478cb-4ff4-4759-91fc-9e31e2c87eab func=job_orchestration.executor.query.spider_search_task.search_without_channel spawn_start=499093667 spawn_end=499093668 spawn_duration_ms=0
[2026-02-02 22:04:12.710] [info] [spider.worker] [TIMING] task_id=bec478cb-4ff4-4759-91fc-9e31e2c87eab func=job_orchestration.executor.query.spider_search_task.search_without_channel execution_start=499093668 execution_end=499094918 execution_duration_ms=1250
[2026-02-02 22:04:12.731] [info] [spider.worker] [TIMING] task_id=bec478cb-4ff4-4759-91fc-9e31e2c87eab func=job_orchestration.executor.query.spider_search_task.search_without_channel submit_output_start=499094921 submit_output_end=499094939 submit_output_duration_ms=18
[2026-02-02 22:04:12.751] [info] [spider.worker] [TIMING] task_id=17084f86-1285-473d-b427-ead539cdf75a func=job_orchestration.executor.query.spider_search_task.search_without_channel fetch_input_start=499094958 fetch_input_end=499094959 fetch_input_duration_ms=1
[2026-02-02 22:04:12.752] [info] [spider.worker] [TIMING] task_id=17084f86-1285-473d-b427-ead539cdf75a func=job_orchestration.executor.query.spider_search_task.search_without_channel input_send_start=499094960 input_send_end=499094960 input_send_duration_ms=0 bytes=612
[2026-02-02 22:04:12.752] [info] [spider.worker] [TIMING] task_id=17084f86-1285-473d-b427-ead539cdf75a func=job_orchestration.executor.query.spider_search_task.search_without_channel spawn_start=499094959 spawn_end=499094960 spawn_duration_ms=0
[2026-02-02 22:04:14.234] [info] [spider.worker] [TIMING] task_id=17084f86-1285-473d-b427-ead539cdf75a func=job_orchestration.executor.query.spider_search_task.search_without_channel execution_start=499094960 execution_end=499096442 execution_duration_ms=1481
[2026-02-02 22:04:14.267] [info] [spider.worker] [TIMING] task_id=17084f86-1285-473d-b427-ead539cdf75a func=job_orchestration.executor.query.spider_search_task.search_without_channel submit_output_start=499096444 submit_output_end=499096475 submit_output_duration_ms=31
[2026-02-02 22:04:14.284] [info] [spider.worker] [TIMING] task_id=a84a712a-b9d8-4dad-84fe-442febf7a9c1 func=job_orchestration.executor.query.spider_search_task.search_without_channel fetch_input_start=499096491 fetch_input_end=499096492 fetch_input_duration_ms=0
[2026-02-02 22:04:14.284] [info] [spider.worker] [TIMING] task_id=a84a712a-b9d8-4dad-84fe-442febf7a9c1 func=job_orchestration.executor.query.spider_search_task.search_without_channel input_send_start=499096493 input_send_end=499096493 input_send_duration_ms=0 bytes=612
[2026-02-02 22:04:14.284] [info] [spider.worker] [TIMING] task_id=a84a712a-b9d8-4dad-84fe-442febf7a9c1 func=job_orchestration.executor.query.spider_search_task.search_without_channel spawn_start=499096492 spawn_end=499096493 spawn_duration_ms=0
[2026-02-02 22:04:15.646] [info] [spider.worker] [TIMING] task_id=a84a712a-b9d8-4dad-84fe-442febf7a9c1 func=job_orchestration.executor.query.spider_search_task.search_without_channel execution_start=499096493 execution_end=499097854 execution_duration_ms=1361
[2026-02-02 22:04:15.739] [info] [spider.worker] [TIMING] task_id=a84a712a-b9d8-4dad-84fe-442febf7a9c1 func=job_orchestration.executor.query.spider_search_task.search_without_channel submit_output_start=499097856 submit_output_end=499097947 submit_output_duration_ms=91
[2026-02-02 22:04:15.816] [info] [spider.worker] [TIMING] task_id=4a97e862-f3e2-4b05-abbf-365e34711f20 func=job_orchestration.executor.query.spider_search_task.search_without_channel fetch_input_start=499098024 fetch_input_end=499098025 fetch_input_duration_ms=0
[2026-02-02 22:04:15.817] [info] [spider.worker] [TIMING] task_id=4a97e862-f3e2-4b05-abbf-365e34711f20 func=job_orchestration.executor.query.spider_search_task.search_without_channel input_send_start=499098025 input_send_end=499098025 input_send_duration_ms=0 bytes=610
[2026-02-02 22:04:15.817] [info] [spider.worker] [TIMING] task_id=4a97e862-f3e2-4b05-abbf-365e34711f20 func=job_orchestration.executor.query.spider_search_task.search_without_channel spawn_start=499098025 spawn_end=499098025 spawn_duration_ms=0
[2026-02-02 22:04:16.941] [info] [spider.worker] [TIMING] task_id=4a97e862-f3e2-4b05-abbf-365e34711f20 func=job_orchestration.executor.query.spider_search_task.search_without_channel execution_start=499098025 execution_end=499099149 execution_duration_ms=1123
[2026-02-02 22:04:17.010] [info] [spider.worker] [TIMING] task_id=4a97e862-f3e2-4b05-abbf-365e34711f20 func=job_orchestration.executor.query.spider_search_task.search_without_channel submit_output_start=499099151 submit_output_end=499099218 submit_output_duration_ms=67
[2026-02-02 22:04:17.078] [info] [spider.worker] [TIMING] task_id=55920879-9f1b-4990-a11f-3431f561687a func=job_orchestration.executor.query.spider_search_task.search_without_channel fetch_input_start=499099285 fetch_input_end=499099286 fetch_input_duration_ms=1
[2026-02-02 22:04:17.078] [info] [spider.worker] [TIMING] task_id=55920879-9f1b-4990-a11f-3431f561687a func=job_orchestration.executor.query.spider_search_task.search_without_channel input_send_start=499099286 input_send_end=499099286 input_send_duration_ms=0 bytes=612
[2026-02-02 22:04:17.078] [info] [spider.worker] [TIMING] task_id=55920879-9f1b-4990-a11f-3431f561687a func=job_orchestration.executor.query.spider_search_task.search_without_channel spawn_start=499099286 spawn_end=499099286 spawn_duration_ms=0
[2026-02-02 22:04:18.459] [info] [spider.worker] [TIMING] task_id=55920879-9f1b-4990-a11f-3431f561687a func=job_orchestration.executor.query.spider_search_task.search_without_channel execution_start=499099287 execution_end=499100667 execution_duration_ms=1380
[2026-02-02 22:04:18.549] [info] [spider.worker] [TIMING] task_id=55920879-9f1b-4990-a11f-3431f561687a func=job_orchestration.executor.query.spider_search_task.search_without_channel submit_output_start=499100668 submit_output_end=499100757 submit_output_duration_ms=89
[2026-02-02 22:04:18.578] [info] [spider.worker] [TIMING] task_id=5a406d2b-fe30-4d84-9dda-05ee2661b00c func=job_orchestration.executor.query.spider_search_task.search_without_channel fetch_input_start=499100785 fetch_input_end=499100786 fetch_input_duration_ms=0
[2026-02-02 22:04:18.578] [info] [spider.worker] [TIMING] task_id=5a406d2b-fe30-4d84-9dda-05ee2661b00c func=job_orchestration.executor.query.spider_search_task.search_without_channel input_send_start=499100787 input_send_end=499100787 input_send_duration_ms=0 bytes=612
[2026-02-02 22:04:18.578] [info] [spider.worker] [TIMING] task_id=5a406d2b-fe30-4d84-9dda-05ee2661b00c func=job_orchestration.executor.query.spider_search_task.search_without_channel spawn_start=499100786 spawn_end=499100787 spawn_duration_ms=0
[2026-02-02 22:04:19.907] [info] [spider.worker] [TIMING] task_id=5a406d2b-fe30-4d84-9dda-05ee2661b00c func=job_orchestration.executor.query.spider_search_task.search_without_channel execution_start=499100787 execution_end=499102115 execution_duration_ms=1328
[2026-02-02 22:04:19.942] [info] [spider.worker] [TIMING] task_id=5a406d2b-fe30-4d84-9dda-05ee2661b00c func=job_orchestration.executor.query.spider_search_task.search_without_channel submit_output_start=499102117 submit_output_end=499102151 submit_output_duration_ms=33
[2026-02-02 22:04:20.047] [info] [spider.worker] [TIMING] task_id=1d10fe24-222e-451b-87e5-d787410c82cc func=job_orchestration.executor.query.spider_search_task.search_without_channel fetch_input_start=499102254 fetch_input_end=499102255 fetch_input_duration_ms=1
[2026-02-02 22:04:20.047] [info] [spider.worker] [TIMING] task_id=1d10fe24-222e-451b-87e5-d787410c82cc func=job_orchestration.executor.query.spider_search_task.search_without_channel input_send_start=499102255 input_send_end=499102255 input_send_duration_ms=0 bytes=612
[2026-02-02 22:04:20.047] [info] [spider.worker] [TIMING] task_id=1d10fe24-222e-451b-87e5-d787410c82cc func=job_orchestration.executor.query.spider_search_task.search_without_channel spawn_start=499102255 spawn_end=499102255 spawn_duration_ms=0
[2026-02-02 22:04:21.400] [info] [spider.worker] [TIMING] task_id=1d10fe24-222e-451b-87e5-d787410c82cc func=job_orchestration.executor.query.spider_search_task.search_without_channel execution_start=499102256 execution_end=499103608 execution_duration_ms=1352
[2026-02-02 22:04:21.442] [info] [spider.worker] [TIMING] task_id=1d10fe24-222e-451b-87e5-d787410c82cc func=job_orchestration.executor.query.spider_search_task.search_without_channel submit_output_start=499103610 submit_output_end=499103650 submit_output_duration_ms=40
[2026-02-02 22:04:21.503] [info] [spider.worker] [TIMING] task_id=dc7981ee-65b6-4ae3-b2e7-6dbfdd1014ae func=job_orchestration.executor.query.spider_search_task.search_without_channel fetch_input_start=499103711 fetch_input_end=499103712 fetch_input_duration_ms=0
[2026-02-02 22:04:21.504] [info] [spider.worker] [TIMING] task_id=dc7981ee-65b6-4ae3-b2e7-6dbfdd1014ae func=job_orchestration.executor.query.spider_search_task.search_without_channel input_send_start=499103712 input_send_end=499103712 input_send_duration_ms=0 bytes=612
[2026-02-02 22:04:21.504] [info] [spider.worker] [TIMING] task_id=dc7981ee-65b6-4ae3-b2e7-6dbfdd1014ae func=job_orchestration.executor.query.spider_search_task.search_without_channel spawn_start=499103712 spawn_end=499103712 spawn_duration_ms=0
[2026-02-02 22:04:22.776] [info] [spider.worker] [TIMING] task_id=dc7981ee-65b6-4ae3-b2e7-6dbfdd1014ae func=job_orchestration.executor.query.spider_search_task.search_without_channel execution_start=499103712 execution_end=499104984 execution_duration_ms=1271
[2026-02-02 22:04:22.830] [info] [spider.worker] [TIMING] task_id=dc7981ee-65b6-4ae3-b2e7-6dbfdd1014ae func=job_orchestration.executor.query.spider_search_task.search_without_channel submit_output_start=499104986 submit_output_end=499105038 submit_output_duration_ms=52
[2026-02-02 22:04:22.862] [info] [spider.worker] [TIMING] task_id=99328016-1f14-44f6-9911-bbeb493d2536 func=job_orchestration.executor.query.spider_search_task.search_without_channel fetch_input_start=499105070 fetch_input_end=499105071 fetch_input_duration_ms=0
[2026-02-02 22:04:22.863] [info] [spider.worker] [TIMING] task_id=99328016-1f14-44f6-9911-bbeb493d2536 func=job_orchestration.executor.query.spider_search_task.search_without_channel input_send_start=499105071 input_send_end=499105071 input_send_duration_ms=0 bytes=612
[2026-02-02 22:04:22.863] [info] [spider.worker] [TIMING] task_id=99328016-1f14-44f6-9911-bbeb493d2536 func=job_orchestration.executor.query.spider_search_task.search_without_channel spawn_start=499105071 spawn_end=499105071 spawn_duration_ms=0
[2026-02-02 22:04:24.093] [info] [spider.worker] [TIMING] task_id=99328016-1f14-44f6-9911-bbeb493d2536 func=job_orchestration.executor.query.spider_search_task.search_without_channel execution_start=499105071 execution_end=499106301 execution_duration_ms=1229
[2026-02-02 22:04:24.118] [info] [spider.worker] [TIMING] task_id=99328016-1f14-44f6-9911-bbeb493d2536 func=job_orchestration.executor.query.spider_search_task.search_without_channel submit_output_start=499106303 submit_output_end=499106327 submit_output_duration_ms=23
[2026-02-02 22:04:24.137] [info] [spider.worker] [TIMING] task_id=dda28d3d-d78d-4193-8aa6-736370001d2e func=job_orchestration.executor.query.spider_search_task.search_without_channel fetch_input_start=499106345 fetch_input_end=499106346 fetch_input_duration_ms=0
[2026-02-02 22:04:24.138] [info] [spider.worker] [TIMING] task_id=dda28d3d-d78d-4193-8aa6-736370001d2e func=job_orchestration.executor.query.spider_search_task.search_without_channel input_send_start=499106346 input_send_end=499106346 input_send_duration_ms=0 bytes=612
[2026-02-02 22:04:24.138] [info] [spider.worker] [TIMING] task_id=dda28d3d-d78d-4193-8aa6-736370001d2e func=job_orchestration.executor.query.spider_search_task.search_without_channel spawn_start=499106346 spawn_end=499106346 spawn_duration_ms=0
[2026-02-02 22:04:25.282] [info] [spider.worker] [TIMING] task_id=dda28d3d-d78d-4193-8aa6-736370001d2e func=job_orchestration.executor.query.spider_search_task.search_without_channel execution_start=499106347 execution_end=499107491 execution_duration_ms=1143
[2026-02-02 22:04:25.293] [info] [spider.worker] [TIMING] task_id=dda28d3d-d78d-4193-8aa6-736370001d2e func=job_orchestration.executor.query.spider_search_task.search_without_channel submit_output_start=499107492 submit_output_end=499107502 submit_output_duration_ms=9
[2026-02-02 22:04:25.313] [info] [spider.worker] [TIMING] task_id=bd0ce930-c129-48ed-a1a5-38102c6aa18b func=job_orchestration.executor.query.spider_search_task.search_without_channel fetch_input_start=499107520 fetch_input_end=499107522 fetch_input_duration_ms=1
[2026-02-02 22:04:25.314] [info] [spider.worker] [TIMING] task_id=bd0ce930-c129-48ed-a1a5-38102c6aa18b func=job_orchestration.executor.query.spider_search_task.search_without_channel input_send_start=499107522 input_send_end=499107522 input_send_duration_ms=0 bytes=612
[2026-02-02 22:04:25.314] [info] [spider.worker] [TIMING] task_id=bd0ce930-c129-48ed-a1a5-38102c6aa18b func=job_orchestration.executor.query.spider_search_task.search_without_channel spawn_start=499107522 spawn_end=499107522 spawn_duration_ms=0
[2026-02-02 22:04:26.675] [info] [spider.worker] [TIMING] task_id=bd0ce930-c129-48ed-a1a5-38102c6aa18b func=job_orchestration.executor.query.spider_search_task.search_without_channel execution_start=499107523 execution_end=499108883 execution_duration_ms=1360
[2026-02-02 22:04:26.685] [info] [spider.worker] [TIMING] task_id=bd0ce930-c129-48ed-a1a5-38102c6aa18b func=job_orchestration.executor.query.spider_search_task.search_without_channel submit_output_start=499108885 submit_output_end=499108893 submit_output_duration_ms=8
[2026-02-02 22:04:26.705] [info] [spider.worker] [TIMING] task_id=f3af8c7a-cd5a-4f39-ad3f-208c63f14306 func=job_orchestration.executor.query.spider_search_task.search_without_channel fetch_input_start=499108912 fetch_input_end=499108913 fetch_input_duration_ms=0
[2026-02-02 22:04:26.705] [info] [spider.worker] [TIMING] task_id=f3af8c7a-cd5a-4f39-ad3f-208c63f14306 func=job_orchestration.executor.query.spider_search_task.search_without_channel input_send_start=499108913 input_send_end=499108914 input_send_duration_ms=0 bytes=611
[2026-02-02 22:04:26.705] [info] [spider.worker] [TIMING] task_id=f3af8c7a-cd5a-4f39-ad3f-208c63f14306 func=job_orchestration.executor.query.spider_search_task.search_without_channel spawn_start=499108913 spawn_end=499108914 spawn_duration_ms=0
[2026-02-02 22:04:28.108] [info] [spider.worker] [TIMING] task_id=f3af8c7a-cd5a-4f39-ad3f-208c63f14306 func=job_orchestration.executor.query.spider_search_task.search_without_channel execution_start=499108914 execution_end=499110317 execution_duration_ms=1403
[2026-02-02 22:04:28.137] [info] [spider.worker] [TIMING] task_id=f3af8c7a-cd5a-4f39-ad3f-208c63f14306 func=job_orchestration.executor.query.spider_search_task.search_without_channel submit_output_start=499110319 submit_output_end=499110345 submit_output_duration_ms=26
[2026-02-02 22:04:28.155] [info] [spider.worker] [TIMING] task_id=33bdbf2a-58c1-46e1-ad92-458024f2c93c func=job_orchestration.executor.query.spider_search_task.search_without_channel fetch_input_start=499110362 fetch_input_end=499110363 fetch_input_duration_ms=1
[2026-02-02 22:04:28.155] [info] [spider.worker] [TIMING] task_id=33bdbf2a-58c1-46e1-ad92-458024f2c93c func=job_orchestration.executor.query.spider_search_task.search_without_channel input_send_start=499110364 input_send_end=499110364 input_send_duration_ms=0 bytes=612
[2026-02-02 22:04:28.156] [info] [spider.worker] [TIMING] task_id=33bdbf2a-58c1-46e1-ad92-458024f2c93c func=job_orchestration.executor.query.spider_search_task.search_without_channel spawn_start=499110363 spawn_end=499110364 spawn_duration_ms=0
[2026-02-02 22:04:29.484] [info] [spider.worker] [TIMING] task_id=33bdbf2a-58c1-46e1-ad92-458024f2c93c func=job_orchestration.executor.query.spider_search_task.search_without_channel execution_start=499110364 execution_end=499111692 execution_duration_ms=1328
[2026-02-02 22:04:29.502] [info] [spider.worker] [TIMING] task_id=33bdbf2a-58c1-46e1-ad92-458024f2c93c func=job_orchestration.executor.query.spider_search_task.search_without_channel submit_output_start=499111694 submit_output_end=499111711 submit_output_duration_ms=16
[2026-02-02 22:04:29.513] [info] [spider.worker] [TIMING] task_id=85edf2f9-484d-4d9b-b3b1-305e66208017 func=job_orchestration.executor.query.spider_search_task.search_without_channel fetch_input_start=499111721 fetch_input_end=499111722 fetch_input_duration_ms=0
[2026-02-02 22:04:29.514] [info] [spider.worker] [TIMING] task_id=85edf2f9-484d-4d9b-b3b1-305e66208017 func=job_orchestration.executor.query.spider_search_task.search_without_channel input_send_start=499111722 input_send_end=499111722 input_send_duration_ms=0 bytes=612
[2026-02-02 22:04:29.514] [info] [spider.worker] [TIMING] task_id=85edf2f9-484d-4d9b-b3b1-305e66208017 func=job_orchestration.executor.query.spider_search_task.search_without_channel spawn_start=499111722 spawn_end=499111722 spawn_duration_ms=0
[2026-02-02 22:04:30.819] [info] [spider.worker] [TIMING] task_id=85edf2f9-484d-4d9b-b3b1-305e66208017 func=job_orchestration.executor.query.spider_search_task.search_without_channel execution_start=499111723 execution_end=499113028 execution_duration_ms=1305
[2026-02-02 22:04:30.845] [info] [spider.worker] [TIMING] task_id=85edf2f9-484d-4d9b-b3b1-305e66208017 func=job_orchestration.executor.query.spider_search_task.search_without_channel submit_output_start=499113030 submit_output_end=499113053 submit_output_duration_ms=23
[2026-02-02 22:04:30.864] [info] [spider.worker] [TIMING] task_id=1fba479c-5e9f-45db-b1cc-9875f0a14ecb func=job_orchestration.executor.query.spider_search_task.search_without_channel fetch_input_start=499113071 fetch_input_end=499113072 fetch_input_duration_ms=1
[2026-02-02 22:04:30.865] [info] [spider.worker] [TIMING] task_id=1fba479c-5e9f-45db-b1cc-9875f0a14ecb func=job_orchestration.executor.query.spider_search_task.search_without_channel input_send_start=499113073 input_send_end=499113073 input_send_duration_ms=0 bytes=612
[2026-02-02 22:04:30.865] [info] [spider.worker] [TIMING] task_id=1fba479c-5e9f-45db-b1cc-9875f0a14ecb func=job_orchestration.executor.query.spider_search_task.search_without_channel spawn_start=499113072 spawn_end=499113073 spawn_duration_ms=0
[2026-02-02 22:04:32.065] [info] [spider.worker] [TIMING] task_id=1fba479c-5e9f-45db-b1cc-9875f0a14ecb func=job_orchestration.executor.query.spider_search_task.search_without_channel execution_start=499113073 execution_end=499114273 execution_duration_ms=1200
[2026-02-02 22:04:32.098] [info] [spider.worker] [TIMING] task_id=1fba479c-5e9f-45db-b1cc-9875f0a14ecb func=job_orchestration.executor.query.spider_search_task.search_without_channel submit_output_start=499114275 submit_output_end=499114307 submit_output_duration_ms=31
[2026-02-02 22:04:32.115] [info] [spider.worker] [TIMING] task_id=0035daa0-2117-43b1-94b3-753841a59f73 func=job_orchestration.executor.query.spider_search_task.search_without_channel fetch_input_start=499114322 fetch_input_end=499114323 fetch_input_duration_ms=1
[2026-02-02 22:04:32.115] [info] [spider.worker] [TIMING] task_id=0035daa0-2117-43b1-94b3-753841a59f73 func=job_orchestration.executor.query.spider_search_task.search_without_channel input_send_start=499114324 input_send_end=499114324 input_send_duration_ms=0 bytes=612
[2026-02-02 22:04:32.115] [info] [spider.worker] [TIMING] task_id=0035daa0-2117-43b1-94b3-753841a59f73 func=job_orchestration.executor.query.spider_search_task.search_without_channel spawn_start=499114323 spawn_end=499114324 spawn_duration_ms=0
[2026-02-02 22:04:33.599] [info] [spider.worker] [TIMING] task_id=0035daa0-2117-43b1-94b3-753841a59f73 func=job_orchestration.executor.query.spider_search_task.search_without_channel execution_start=499114324 execution_end=499115807 execution_duration_ms=1483
[2026-02-02 22:04:33.612] [info] [spider.worker] [TIMING] task_id=0035daa0-2117-43b1-94b3-753841a59f73 func=job_orchestration.executor.query.spider_search_task.search_without_channel submit_output_start=499115809 submit_output_end=499115820 submit_output_duration_ms=11
[2026-02-02 22:04:33.630] [info] [spider.worker] [TIMING] task_id=6faabd0b-10c2-4735-b693-2dbfefe8e1cc func=job_orchestration.executor.query.spider_search_task.search_without_channel fetch_input_start=499115838 fetch_input_end=499115839 fetch_input_duration_ms=0
[2026-02-02 22:04:33.631] [info] [spider.worker] [TIMING] task_id=6faabd0b-10c2-4735-b693-2dbfefe8e1cc func=job_orchestration.executor.query.spider_search_task.search_without_channel input_send_start=499115839 input_send_end=499115839 input_send_duration_ms=0 bytes=612
[2026-02-02 22:04:33.631] [info] [spider.worker] [TIMING] task_id=6faabd0b-10c2-4735-b693-2dbfefe8e1cc func=job_orchestration.executor.query.spider_search_task.search_without_channel spawn_start=499115839 spawn_end=499115839 spawn_duration_ms=0
[2026-02-02 22:04:35.027] [info] [spider.worker] [TIMING] task_id=6faabd0b-10c2-4735-b693-2dbfefe8e1cc func=job_orchestration.executor.query.spider_search_task.search_without_channel execution_start=499115839 execution_end=499117235 execution_duration_ms=1395
[2026-02-02 22:04:35.091] [info] [spider.worker] [TIMING] task_id=6faabd0b-10c2-4735-b693-2dbfefe8e1cc func=job_orchestration.executor.query.spider_search_task.search_without_channel submit_output_start=499117236 submit_output_end=499117300 submit_output_duration_ms=63
[2026-02-02 22:04:35.174] [info] [spider.worker] [TIMING] task_id=1e683c89-1a67-4a95-ac61-494e57df2171 func=job_orchestration.executor.query.spider_search_task.search_without_channel fetch_input_start=499117381 fetch_input_end=499117382 fetch_input_duration_ms=1
[2026-02-02 22:04:35.174] [info] [spider.worker] [TIMING] task_id=1e683c89-1a67-4a95-ac61-494e57df2171 func=job_orchestration.executor.query.spider_search_task.search_without_channel input_send_start=499117383 input_send_end=499117383 input_send_duration_ms=0 bytes=612
[2026-02-02 22:04:35.174] [info] [spider.worker] [TIMING] task_id=1e683c89-1a67-4a95-ac61-494e57df2171 func=job_orchestration.executor.query.spider_search_task.search_without_channel spawn_start=499117382 spawn_end=499117383 spawn_duration_ms=0
[2026-02-02 22:04:36.714] [info] [spider.worker] [TIMING] task_id=1e683c89-1a67-4a95-ac61-494e57df2171 func=job_orchestration.executor.query.spider_search_task.search_without_channel execution_start=499117383 execution_end=499118922 execution_duration_ms=1539
[2026-02-02 22:04:36.771] [info] [spider.worker] [TIMING] task_id=1e683c89-1a67-4a95-ac61-494e57df2171 func=job_orchestration.executor.query.spider_search_task.search_without_channel submit_output_start=499118924 submit_output_end=499118979 submit_output_duration_ms=55
[2026-02-02 22:04:36.849] [info] [spider.worker] [TIMING] task_id=15bfb969-bea9-45e6-8d38-9369d895e625 func=job_orchestration.executor.query.spider_search_task.search_without_channel fetch_input_start=499119056 fetch_input_end=499119057 fetch_input_duration_ms=1
[2026-02-02 22:04:36.849] [info] [spider.worker] [TIMING] task_id=15bfb969-bea9-45e6-8d38-9369d895e625 func=job_orchestration.executor.query.spider_search_task.search_without_channel input_send_start=499119058 input_send_end=499119058 input_send_duration_ms=0 bytes=612
[2026-02-02 22:04:36.849] [info] [spider.worker] [TIMING] task_id=15bfb969-bea9-45e6-8d38-9369d895e625 func=job_orchestration.executor.query.spider_search_task.search_without_channel spawn_start=499119057 spawn_end=499119058 spawn_duration_ms=0
[2026-02-02 22:04:38.209] [info] [spider.worker] [TIMING] task_id=15bfb969-bea9-45e6-8d38-9369d895e625 func=job_orchestration.executor.query.spider_search_task.search_without_channel execution_start=499119058 execution_end=499120417 execution_duration_ms=1359
[2026-02-02 22:04:38.292] [info] [spider.worker] [TIMING] task_id=15bfb969-bea9-45e6-8d38-9369d895e625 func=job_orchestration.executor.query.spider_search_task.search_without_channel submit_output_start=499120418 submit_output_end=499120500 submit_output_duration_ms=82
[2026-02-02 22:04:38.349] [info] [spider.worker] [TIMING] task_id=4956f5cc-e0e1-4081-9484-f725771a8e10 func=job_orchestration.executor.query.spider_search_task.search_without_channel fetch_input_start=499120556 fetch_input_end=499120557 fetch_input_duration_ms=0
[2026-02-02 22:04:38.349] [info] [spider.worker] [TIMING] task_id=4956f5cc-e0e1-4081-9484-f725771a8e10 func=job_orchestration.executor.query.spider_search_task.search_without_channel input_send_start=499120558 input_send_end=499120558 input_send_duration_ms=0 bytes=612
[2026-02-02 22:04:38.349] [info] [spider.worker] [TIMING] task_id=4956f5cc-e0e1-4081-9484-f725771a8e10 func=job_orchestration.executor.query.spider_search_task.search_without_channel spawn_start=499120557 spawn_end=499120558 spawn_duration_ms=0
[2026-02-02 22:04:39.513] [info] [spider.worker] [TIMING] task_id=4956f5cc-e0e1-4081-9484-f725771a8e10 func=job_orchestration.executor.query.spider_search_task.search_without_channel execution_start=499120558 execution_end=499121721 execution_duration_ms=1163
[2026-02-02 22:04:39.522] [info] [spider.worker] [TIMING] task_id=4956f5cc-e0e1-4081-9484-f725771a8e10 func=job_orchestration.executor.query.spider_search_task.search_without_channel submit_output_start=499121723 submit_output_end=499121730 submit_output_duration_ms=7
[2026-02-02 22:04:39.558] [info] [spider.worker] [TIMING] task_id=66d59b68-a614-44b3-9340-89920cd71779 func=job_orchestration.executor.query.spider_search_task.search_without_channel fetch_input_start=499121765 fetch_input_end=499121766 fetch_input_duration_ms=1
[2026-02-02 22:04:39.558] [info] [spider.worker] [TIMING] task_id=66d59b68-a614-44b3-9340-89920cd71779 func=job_orchestration.executor.query.spider_search_task.search_without_channel input_send_start=499121767 input_send_end=499121767 input_send_duration_ms=0 bytes=610
[2026-02-02 22:04:39.558] [info] [spider.worker] [TIMING] task_id=66d59b68-a614-44b3-9340-89920cd71779 func=job_orchestration.executor.query.spider_search_task.search_without_channel spawn_start=499121766 spawn_end=499121767 spawn_duration_ms=0
[2026-02-02 22:04:41.026] [info] [spider.worker] [TIMING] task_id=66d59b68-a614-44b3-9340-89920cd71779 func=job_orchestration.executor.query.spider_search_task.search_without_channel execution_start=499121767 execution_end=499123234 execution_duration_ms=1467
[2026-02-02 22:04:41.063] [info] [spider.worker] [TIMING] task_id=66d59b68-a614-44b3-9340-89920cd71779 func=job_orchestration.executor.query.spider_search_task.search_without_channel submit_output_start=499123236 submit_output_end=499123272 submit_output_duration_ms=35
[2026-02-02 22:04:41.083] [info] [spider.worker] [TIMING] task_id=d09db582-348b-44e1-88be-be67bfc0c741 func=job_orchestration.executor.query.spider_search_task.search_without_channel fetch_input_start=499123290 fetch_input_end=499123292 fetch_input_duration_ms=1
[2026-02-02 22:04:41.084] [info] [spider.worker] [TIMING] task_id=d09db582-348b-44e1-88be-be67bfc0c741 func=job_orchestration.executor.query.spider_search_task.search_without_channel input_send_start=499123292 input_send_end=499123292 input_send_duration_ms=0 bytes=612
[2026-02-02 22:04:41.084] [info] [spider.worker] [TIMING] task_id=d09db582-348b-44e1-88be-be67bfc0c741 func=job_orchestration.executor.query.spider_search_task.search_without_channel spawn_start=499123292 spawn_end=499123292 spawn_duration_ms=0
[2026-02-02 22:04:42.337] [info] [spider.worker] [TIMING] task_id=d09db582-348b-44e1-88be-be67bfc0c741 func=job_orchestration.executor.query.spider_search_task.search_without_channel execution_start=499123293 execution_end=499124545 execution_duration_ms=1252
[2026-02-02 22:04:42.355] [info] [spider.worker] [TIMING] task_id=d09db582-348b-44e1-88be-be67bfc0c741 func=job_orchestration.executor.query.spider_search_task.search_without_channel submit_output_start=499124547 submit_output_end=499124564 submit_output_duration_ms=16
[2026-02-02 22:04:42.401] [info] [spider.worker] [TIMING] task_id=c1bd01e2-1632-483e-8d74-9435f31bf1c6 func=job_orchestration.executor.query.spider_search_task.search_without_channel fetch_input_start=499124609 fetch_input_end=499124610 fetch_input_duration_ms=0
[2026-02-02 22:04:42.402] [info] [spider.worker] [TIMING] task_id=c1bd01e2-1632-483e-8d74-9435f31bf1c6 func=job_orchestration.executor.query.spider_search_task.search_without_channel input_send_start=499124610 input_send_end=499124610 input_send_duration_ms=0 bytes=612
[2026-02-02 22:04:42.402] [info] [spider.worker] [TIMING] task_id=c1bd01e2-1632-483e-8d74-9435f31bf1c6 func=job_orchestration.executor.query.spider_search_task.search_without_channel spawn_start=499124610 spawn_end=499124610 spawn_duration_ms=0
[2026-02-02 22:04:43.649] [info] [spider.worker] [TIMING] task_id=c1bd01e2-1632-483e-8d74-9435f31bf1c6 func=job_orchestration.executor.query.spider_search_task.search_without_channel execution_start=499124610 execution_end=499125858 execution_duration_ms=1247
[2026-02-02 22:04:43.698] [info] [spider.worker] [TIMING] task_id=c1bd01e2-1632-483e-8d74-9435f31bf1c6 func=job_orchestration.executor.query.spider_search_task.search_without_channel submit_output_start=499125863 submit_output_end=499125907 submit_output_duration_ms=43
[2026-02-02 22:04:43.726] [info] [spider.worker] [TIMING] task_id=e507cf4c-3a43-4e21-aaed-7da593cdc8ac func=job_orchestration.executor.query.spider_search_task.search_without_channel fetch_input_start=499125934 fetch_input_end=499125935 fetch_input_duration_ms=1
[2026-02-02 22:04:43.727] [info] [spider.worker] [TIMING] task_id=e507cf4c-3a43-4e21-aaed-7da593cdc8ac func=job_orchestration.executor.query.spider_search_task.search_without_channel input_send_start=499125935 input_send_end=499125935 input_send_duration_ms=0 bytes=612
[2026-02-02 22:04:43.727] [info] [spider.worker] [TIMING] task_id=e507cf4c-3a43-4e21-aaed-7da593cdc8ac func=job_orchestration.executor.query.spider_search_task.search_without_channel spawn_start=499125935 spawn_end=499125935 spawn_duration_ms=0
[2026-02-02 22:04:45.117] [info] [spider.worker] [TIMING] task_id=e507cf4c-3a43-4e21-aaed-7da593cdc8ac func=job_orchestration.executor.query.spider_search_task.search_without_channel execution_start=499125936 execution_end=499127326 execution_duration_ms=1389
[2026-02-02 22:04:45.149] [info] [spider.worker] [TIMING] task_id=e507cf4c-3a43-4e21-aaed-7da593cdc8ac func=job_orchestration.executor.query.spider_search_task.search_without_channel submit_output_start=499127327 submit_output_end=499127357 submit_output_duration_ms=29
[2026-02-02 22:04:45.168] [info] [spider.worker] [TIMING] task_id=7aef76c7-a985-4215-bd6d-dd3666f43679 func=job_orchestration.executor.query.spider_search_task.search_without_channel fetch_input_start=499127375 fetch_input_end=499127376 fetch_input_duration_ms=1
[2026-02-02 22:04:45.168] [info] [spider.worker] [TIMING] task_id=7aef76c7-a985-4215-bd6d-dd3666f43679 func=job_orchestration.executor.query.spider_search_task.search_without_channel input_send_start=499127377 input_send_end=499127377 input_send_duration_ms=0 bytes=610
[2026-02-02 22:04:45.168] [info] [spider.worker] [TIMING] task_id=7aef76c7-a985-4215-bd6d-dd3666f43679 func=job_orchestration.executor.query.spider_search_task.search_without_channel spawn_start=499127376 spawn_end=499127377 spawn_duration_ms=0
[2026-02-02 22:04:46.775] [info] [spider.worker] [TIMING] task_id=7aef76c7-a985-4215-bd6d-dd3666f43679 func=job_orchestration.executor.query.spider_search_task.search_without_channel execution_start=499127377 execution_end=499128983 execution_duration_ms=1606
[2026-02-02 22:04:46.859] [info] [spider.worker] [TIMING] task_id=7aef76c7-a985-4215-bd6d-dd3666f43679 func=job_orchestration.executor.query.spider_search_task.search_without_channel submit_output_start=499128985 submit_output_end=499129068 submit_output_duration_ms=82
[2026-02-02 22:04:46.922] [info] [spider.worker] [TIMING] task_id=cb8097df-f09a-4258-8e62-6a06b44a528c func=job_orchestration.executor.query.spider_search_task.search_without_channel fetch_input_start=499129129 fetch_input_end=499129130 fetch_input_duration_ms=1
[2026-02-02 22:04:46.922] [info] [spider.worker] [TIMING] task_id=cb8097df-f09a-4258-8e62-6a06b44a528c func=job_orchestration.executor.query.spider_search_task.search_without_channel input_send_start=499129130 input_send_end=499129131 input_send_duration_ms=0 bytes=612
[2026-02-02 22:04:46.922] [info] [spider.worker] [TIMING] task_id=cb8097df-f09a-4258-8e62-6a06b44a528c func=job_orchestration.executor.query.spider_search_task.search_without_channel spawn_start=499129130 spawn_end=499129131 spawn_duration_ms=0
[2026-02-02 22:04:48.445] [info] [spider.worker] [TIMING] task_id=cb8097df-f09a-4258-8e62-6a06b44a528c func=job_orchestration.executor.query.spider_search_task.search_without_channel execution_start=499129131 execution_end=499130653 execution_duration_ms=1522
[2026-02-02 22:04:48.474] [info] [spider.worker] [TIMING] task_id=cb8097df-f09a-4258-8e62-6a06b44a528c func=job_orchestration.executor.query.spider_search_task.search_without_channel submit_output_start=499130655 submit_output_end=499130683 submit_output_duration_ms=27
[2026-02-02 22:04:48.494] [info] [spider.worker] [TIMING] task_id=0e95bd22-c35f-4849-9fbd-178ab4d47586 func=job_orchestration.executor.query.spider_search_task.search_without_channel fetch_input_start=499130701 fetch_input_end=499130702 fetch_input_duration_ms=1
[2026-02-02 22:04:48.494] [info] [spider.worker] [TIMING] task_id=0e95bd22-c35f-4849-9fbd-178ab4d47586 func=job_orchestration.executor.query.spider_search_task.search_without_channel input_send_start=499130703 input_send_end=499130703 input_send_duration_ms=0 bytes=610
[2026-02-02 22:04:48.494] [info] [spider.worker] [TIMING] task_id=0e95bd22-c35f-4849-9fbd-178ab4d47586 func=job_orchestration.executor.query.spider_search_task.search_without_channel spawn_start=499130702 spawn_end=499130703 spawn_duration_ms=0
[2026-02-02 22:04:49.895] [info] [spider.worker] [TIMING] task_id=0e95bd22-c35f-4849-9fbd-178ab4d47586 func=job_orchestration.executor.query.spider_search_task.search_without_channel execution_start=499130703 execution_end=499132103 execution_duration_ms=1400
[2026-02-02 22:04:50.063] [info] [spider.worker] [TIMING] task_id=0e95bd22-c35f-4849-9fbd-178ab4d47586 func=job_orchestration.executor.query.spider_search_task.search_without_channel submit_output_start=499132105 submit_output_end=499132271 submit_output_duration_ms=165
[2026-02-02 22:04:50.103] [info] [spider.worker] [TIMING] task_id=38719344-fcf5-4f23-acb1-15d4121cd614 func=job_orchestration.executor.query.spider_search_task.search_without_channel fetch_input_start=499132310 fetch_input_end=499132311 fetch_input_duration_ms=0
[2026-02-02 22:04:50.103] [info] [spider.worker] [TIMING] task_id=38719344-fcf5-4f23-acb1-15d4121cd614 func=job_orchestration.executor.query.spider_search_task.search_without_channel input_send_start=499132312 input_send_end=499132312 input_send_duration_ms=0 bytes=612
[2026-02-02 22:04:50.103] [info] [spider.worker] [TIMING] task_id=38719344-fcf5-4f23-acb1-15d4121cd614 func=job_orchestration.executor.query.spider_search_task.search_without_channel spawn_start=499132311 spawn_end=499132312 spawn_duration_ms=0
[2026-02-02 22:04:51.225] [info] [spider.worker] [TIMING] task_id=38719344-fcf5-4f23-acb1-15d4121cd614 func=job_orchestration.executor.query.spider_search_task.search_without_channel execution_start=499132312 execution_end=499133433 execution_duration_ms=1121
[2026-02-02 22:04:51.258] [info] [spider.worker] [TIMING] task_id=38719344-fcf5-4f23-acb1-15d4121cd614 func=job_orchestration.executor.query.spider_search_task.search_without_channel submit_output_start=499133435 submit_output_end=499133467 submit_output_duration_ms=31
[2026-02-02 22:04:51.277] [info] [spider.worker] [TIMING] task_id=3ccd7d1a-1fe9-4ffe-a903-949eba393c36 func=job_orchestration.executor.query.spider_search_task.search_without_channel fetch_input_start=499133485 fetch_input_end=499133486 fetch_input_duration_ms=0
[2026-02-02 22:04:51.278] [info] [spider.worker] [TIMING] task_id=3ccd7d1a-1fe9-4ffe-a903-949eba393c36 func=job_orchestration.executor.query.spider_search_task.search_without_channel input_send_start=499133486 input_se