[2026-02-02 19:46:00.937] [warning] [spider.worker] Prefer using `SPIDER_STORAGE_URL` environment variable over `--storage_url` argument.
[2026-02-02 19:47:06.574] [info] [spider.worker] [TIMING] task_id=ab5622af-d629-412f-b484-8d5228e90808 func=job_orchestration.executor.compress.spider_compress.compress fetch_input_start=490868780 fetch_input_end=490868782 fetch_input_duration_ms=1
[2026-02-02 19:47:06.574] [info] [spider.worker] [TIMING] task_id=ab5622af-d629-412f-b484-8d5228e90808 func=job_orchestration.executor.compress.spider_compress.compress input_send_start=490868783 input_send_end=490868783 input_send_duration_ms=0 bytes=751
[2026-02-02 19:47:06.574] [info] [spider.worker] [TIMING] task_id=ab5622af-d629-412f-b484-8d5228e90808 func=job_orchestration.executor.compress.spider_compress.compress spawn_start=490868782 spawn_end=490868783 spawn_duration_ms=0
[2026-02-02 19:48:17.323] [info] [spider.worker] [TIMING] task_id=ab5622af-d629-412f-b484-8d5228e90808 func=job_orchestration.executor.compress.spider_compress.compress execution_start=490868783 execution_end=490939531 execution_duration_ms=70748
[2026-02-02 19:48:17.333] [info] [spider.worker] [TIMING] task_id=ab5622af-d629-412f-b484-8d5228e90808 func=job_orchestration.executor.compress.spider_compress.compress submit_output_start=490939534 submit_output_end=490939541 submit_output_duration_ms=7
[2026-02-02 19:48:17.352] [info] [spider.worker] [TIMING] task_id=773cb20d-fa34-41f2-b1a8-137909f7382c func=job_orchestration.executor.compress.spider_compress.compress fetch_input_start=490939560 fetch_input_end=490939561 fetch_input_duration_ms=1
[2026-02-02 19:48:17.353] [info] [spider.worker] [TIMING] task_id=773cb20d-fa34-41f2-b1a8-137909f7382c func=job_orchestration.executor.compress.spider_compress.compress input_send_start=490939561 input_send_end=490939561 input_send_duration_ms=0 bytes=751
[2026-02-02 19:48:17.353] [info] [spider.worker] [TIMING] task_id=773cb20d-fa34-41f2-b1a8-137909f7382c func=job_orchestration.executor.compress.spider_compress.compress spawn_start=490939561 spawn_end=490939561 spawn_duration_ms=0
[2026-02-02 19:48:34.103] [info] [spider.worker] [TIMING] task_id=773cb20d-fa34-41f2-b1a8-137909f7382c func=job_orchestration.executor.compress.spider_compress.compress execution_start=490939562 execution_end=490956312 execution_duration_ms=16750
[2026-02-02 19:48:34.148] [info] [spider.worker] [TIMING] task_id=773cb20d-fa34-41f2-b1a8-137909f7382c func=job_orchestration.executor.compress.spider_compress.compress submit_output_start=490956314 submit_output_end=490956356 submit_output_duration_ms=42
[2026-02-02 19:48:34.168] [info] [spider.worker] [TIMING] task_id=5905f1fe-5d90-4131-9c8d-8366c8fd9368 func=job_orchestration.executor.compress.spider_compress.compress fetch_input_start=490956374 fetch_input_end=490956376 fetch_input_duration_ms=1
[2026-02-02 19:48:34.168] [info] [spider.worker] [TIMING] task_id=5905f1fe-5d90-4131-9c8d-8366c8fd9368 func=job_orchestration.executor.compress.spider_compress.compress input_send_start=490956377 input_send_end=490956377 input_send_duration_ms=0 bytes=752
[2026-02-02 19:48:34.168] [info] [spider.worker] [TIMING] task_id=5905f1fe-5d90-4131-9c8d-8366c8fd9368 func=job_orchestration.executor.compress.spider_compress.compress spawn_start=490956376 spawn_end=490956377 spawn_duration_ms=0
[2026-02-02 19:52:08.152] [info] [spider.worker] [TIMING] task_id=5905f1fe-5d90-4131-9c8d-8366c8fd9368 func=job_orchestration.executor.compress.spider_compress.compress execution_start=490956377 execution_end=491170360 execution_duration_ms=213983
[2026-02-02 19:52:08.161] [info] [spider.worker] [TIMING] task_id=5905f1fe-5d90-4131-9c8d-8366c8fd9368 func=job_orchestration.executor.compress.spider_compress.compress submit_output_start=491170362 submit_output_end=491170369 submit_output_duration_ms=6
[2026-02-02 19:52:08.180] [info] [spider.worker] [TIMING] task_id=d5ff8aa0-dd5b-4ecb-baf3-7a1bd3cfd66e func=job_orchestration.executor.compress.spider_compress.compress fetch_input_start=491170387 fetch_input_end=491170388 fetch_input_duration_ms=1
[2026-02-02 19:52:08.180] [info] [spider.worker] [TIMING] task_id=d5ff8aa0-dd5b-4ecb-baf3-7a1bd3cfd66e func=job_orchestration.executor.compress.spider_compress.compress input_send_start=491170389 input_send_end=491170389 input_send_duration_ms=0 bytes=752
[2026-02-02 19:52:08.181] [info] [spider.worker] [TIMING] task_id=d5ff8aa0-dd5b-4ecb-baf3-7a1bd3cfd66e func=job_orchestration.executor.compress.spider_compress.compress spawn_start=491170389 spawn_end=491170389 spawn_duration_ms=0
[2026-02-02 19:53:16.439] [info] [spider.worker] [TIMING] task_id=d5ff8aa0-dd5b-4ecb-baf3-7a1bd3cfd66e func=job_orchestration.executor.compress.spider_compress.compress execution_start=491170389 execution_end=491238648 execution_duration_ms=68258
[2026-02-02 19:53:16.474] [info] [spider.worker] [TIMING] task_id=d5ff8aa0-dd5b-4ecb-baf3-7a1bd3cfd66e func=job_orchestration.executor.compress.spider_compress.compress submit_output_start=491238650 submit_output_end=491238682 submit_output_duration_ms=32
[2026-02-02 19:53:16.490] [info] [spider.worker] [TIMING] task_id=69bc4f1c-40a8-40e5-952a-67cc36448cb6 func=job_orchestration.executor.compress.spider_compress.compress fetch_input_start=491238697 fetch_input_end=491238698 fetch_input_duration_ms=0
[2026-02-02 19:53:16.490] [info] [spider.worker] [TIMING] task_id=69bc4f1c-40a8-40e5-952a-67cc36448cb6 func=job_orchestration.executor.compress.spider_compress.compress input_send_start=491238699 input_send_end=491238699 input_send_duration_ms=0 bytes=748
[2026-02-02 19:53:16.490] [info] [spider.worker] [TIMING] task_id=69bc4f1c-40a8-40e5-952a-67cc36448cb6 func=job_orchestration.executor.compress.spider_compress.compress spawn_start=491238698 spawn_end=491238699 spawn_duration_ms=0
[2026-02-02 19:55:14.559] [info] [spider.worker] [TIMING] task_id=69bc4f1c-40a8-40e5-952a-67cc36448cb6 func=job_orchestration.executor.compress.spider_compress.compress execution_start=491238699 execution_end=491356767 execution_duration_ms=118068
[2026-02-02 19:55:14.568] [info] [spider.worker] [TIMING] task_id=69bc4f1c-40a8-40e5-952a-67cc36448cb6 func=job_orchestration.executor.compress.spider_compress.compress submit_output_start=491356769 submit_output_end=491356776 submit_output_duration_ms=7
[2026-02-02 19:55:14.579] [info] [spider.worker] [TIMING] task_id=e2185647-4b5f-41db-b78e-c1ece45481e4 func=job_orchestration.executor.compress.spider_compress.compress fetch_input_start=491356787 fetch_input_end=491356788 fetch_input_duration_ms=1
[2026-02-02 19:55:14.580] [info] [spider.worker] [TIMING] task_id=e2185647-4b5f-41db-b78e-c1ece45481e4 func=job_orchestration.executor.compress.spider_compress.compress input_send_start=491356788 input_send_end=491356788 input_send_duration_ms=0 bytes=751
[2026-02-02 19:55:14.580] [info] [spider.worker] [TIMING] task_id=e2185647-4b5f-41db-b78e-c1ece45481e4 func=job_orchestration.executor.compress.spider_compress.compress spawn_start=491356788 spawn_end=491356788 spawn_duration_ms=0
[2026-02-02 19:56:33.630] [info] [spider.worker] [TIMING] task_id=e2185647-4b5f-41db-b78e-c1ece45481e4 func=job_orchestration.executor.compress.spider_compress.compress execution_start=491356789 execution_end=491435838 execution_duration_ms=79049
[2026-02-02 19:56:33.644] [info] [spider.worker] [TIMING] task_id=e2185647-4b5f-41db-b78e-c1ece45481e4 func=job_orchestration.executor.compress.spider_compress.compress submit_output_start=491435841 submit_output_end=491435852 submit_output_duration_ms=11
[2026-02-02 19:56:33.663] [info] [spider.worker] [TIMING] task_id=4c03f4de-429e-4cb6-97c1-bb41541c0d14 func=job_orchestration.executor.compress.spider_compress.compress fetch_input_start=491435870 fetch_input_end=491435871 fetch_input_duration_ms=0
[2026-02-02 19:56:33.663] [info] [spider.worker] [TIMING] task_id=4c03f4de-429e-4cb6-97c1-bb41541c0d14 func=job_orchestration.executor.compress.spider_compress.compress input_send_start=491435872 input_send_end=491435872 input_send_duration_ms=0 bytes=747
[2026-02-02 19:56:33.663] [info] [spider.worker] [TIMING] task_id=4c03f4de-429e-4cb6-97c1-bb41541c0d14 func=job_orchestration.executor.compress.spider_compress.compress spawn_start=491435871 spawn_end=491435872 spawn_duration_ms=0
[2026-02-02 19:58:34.979] [info] [spider.worker] [TIMING] task_id=4c03f4de-429e-4cb6-97c1-bb41541c0d14 func=job_orchestration.executor.compress.spider_compress.compress execution_start=491435872 execution_end=491557188 execution_duration_ms=121315
[2026-02-02 19:58:35.015] [info] [spider.worker] [TIMING] task_id=4c03f4de-429e-4cb6-97c1-bb41541c0d14 func=job_orchestration.executor.compress.spider_compress.compress submit_output_start=491557190 submit_output_end=491557223 submit_output_duration_ms=33
[2026-02-02 19:58:35.061] [info] [spider.worker] [TIMING] task_id=f7d52fe0-608b-49fc-8c48-ffc8417626c4 func=job_orchestration.executor.compress.spider_compress.compress fetch_input_start=491557269 fetch_input_end=491557270 fetch_input_duration_ms=0
[2026-02-02 19:58:35.062] [info] [spider.worker] [TIMING] task_id=f7d52fe0-608b-49fc-8c48-ffc8417626c4 func=job_orchestration.executor.compress.spider_compress.compress input_send_start=491557270 input_send_end=491557270 input_send_duration_ms=0 bytes=748
[2026-02-02 19:58:35.062] [info] [spider.worker] [TIMING] task_id=f7d52fe0-608b-49fc-8c48-ffc8417626c4 func=job_orchestration.executor.compress.spider_compress.compress spawn_start=491557270 spawn_end=491557270 spawn_duration_ms=0
[2026-02-02 20:00:40.071] [info] [spider.worker] [TIMING] task_id=f7d52fe0-608b-49fc-8c48-ffc8417626c4 func=job_orchestration.executor.compress.spider_compress.compress execution_start=491557271 execution_end=491682280 execution_duration_ms=125008
[2026-02-02 20:00:40.088] [info] [spider.worker] [TIMING] task_id=f7d52fe0-608b-49fc-8c48-ffc8417626c4 func=job_orchestration.executor.compress.spider_compress.compress submit_output_start=491682282 submit_output_end=491682296 submit_output_duration_ms=14
[2026-02-02 20:00:40.107] [info] [spider.worker] [TIMING] task_id=7fa30dcd-1350-42fe-ac6a-e4f264e915fe func=job_orchestration.executor.compress.spider_compress.compress fetch_input_start=491682314 fetch_input_end=491682316 fetch_input_duration_ms=1
[2026-02-02 20:00:40.108] [info] [spider.worker] [TIMING] task_id=7fa30dcd-1350-42fe-ac6a-e4f264e915fe func=job_orchestration.executor.compress.spider_compress.compress input_send_start=491682316 input_send_end=491682316 input_send_duration_ms=0 bytes=752
[2026-02-02 20:00:40.108] [info] [spider.worker] [TIMING] task_id=7fa30dcd-1350-42fe-ac6a-e4f264e915fe func=job_orchestration.executor.compress.spider_compress.compress spawn_start=491682316 spawn_end=491682316 spawn_duration_ms=0
[2026-02-02 20:04:00.201] [info] [spider.worker] [TIMING] task_id=7fa30dcd-1350-42fe-ac6a-e4f264e915fe func=job_orchestration.executor.compress.spider_compress.compress execution_start=491682317 execution_end=491882410 execution_duration_ms=200092
[2026-02-02 20:04:00.870] [info] [spider.worker] [TIMING] task_id=7fa30dcd-1350-42fe-ac6a-e4f264e915fe func=job_orchestration.executor.compress.spider_compress.compress submit_output_start=491882412 submit_output_end=491883078 submit_output_duration_ms=666
[2026-02-02 20:04:01.113] [info] [spider.worker] [TIMING] task_id=9c0c25a9-04a5-41a5-91b4-0466f0352bf4 func=job_orchestration.executor.compress.spider_compress.compress fetch_input_start=491883320 fetch_input_end=491883321 fetch_input_duration_ms=1
[2026-02-02 20:04:01.114] [info] [spider.worker] [TIMING] task_id=9c0c25a9-04a5-41a5-91b4-0466f0352bf4 func=job_orchestration.executor.compress.spider_compress.compress input_send_start=491883322 input_send_end=491883322 input_send_duration_ms=0 bytes=749
[2026-02-02 20:04:01.114] [info] [spider.worker] [TIMING] task_id=9c0c25a9-04a5-41a5-91b4-0466f0352bf4 func=job_orchestration.executor.compress.spider_compress.compress spawn_start=491883321 spawn_end=491883322 spawn_duration_ms=0
[2026-02-02 20:04:21.857] [info] [spider.worker] [TIMING] task_id=9c0c25a9-04a5-41a5-91b4-0466f0352bf4 func=job_orchestration.executor.compress.spider_compress.compress execution_start=491883322 execution_end=491904065 execution_duration_ms=20742
[2026-02-02 20:04:22.274] [info] [spider.worker] [TIMING] task_id=9c0c25a9-04a5-41a5-91b4-0466f0352bf4 func=job_orchestration.executor.compress.spider_compress.compress submit_output_start=491904136 submit_output_end=491904482 submit_output_duration_ms=346
[2026-02-02 20:04:22.353] [info] [spider.worker] [TIMING] task_id=8a91681a-16b9-4ff7-ba63-a7195e4873dc func=job_orchestration.executor.compress.spider_compress.compress fetch_input_start=491904560 fetch_input_end=491904561 fetch_input_duration_ms=1
[2026-02-02 20:04:22.353] [info] [spider.worker] [TIMING] task_id=8a91681a-16b9-4ff7-ba63-a7195e4873dc func=job_orchestration.executor.compress.spider_compress.compress input_send_start=491904562 input_send_end=491904562 input_send_duration_ms=0 bytes=852
[2026-02-02 20:04:22.353] [info] [spider.worker] [TIMING] task_id=8a91681a-16b9-4ff7-ba63-a7195e4873dc func=job_orchestration.executor.compress.spider_compress.compress spawn_start=491904561 spawn_end=491904562 spawn_duration_ms=0
[2026-02-02 20:09:12.752] [info] [spider.worker] [TIMING] task_id=8a91681a-16b9-4ff7-ba63-a7195e4873dc func=job_orchestration.executor.compress.spider_compress.compress execution_start=491904562 execution_end=492194960 execution_duration_ms=290398
[2026-02-02 20:09:12.787] [info] [spider.worker] [TIMING] task_id=8a91681a-16b9-4ff7-ba63-a7195e4873dc func=job_orchestration.executor.compress.spider_compress.compress submit_output_start=492194963 submit_output_end=492194995 submit_output_duration_ms=32
[2026-02-02 20:09:12.807] [info] [spider.worker] [TIMING] task_id=668c880b-fa69-4c0a-b2bb-5fd4143fa5f9 func=job_orchestration.executor.compress.spider_compress.compress fetch_input_start=492195015 fetch_input_end=492195015 fetch_input_duration_ms=0
[2026-02-02 20:09:12.808] [info] [spider.worker] [TIMING] task_id=668c880b-fa69-4c0a-b2bb-5fd4143fa5f9 func=job_orchestration.executor.compress.spider_compress.compress input_send_start=492195016 input_send_end=492195016 input_send_duration_ms=0 bytes=840
[2026-02-02 20:09:12.808] [info] [spider.worker] [TIMING] task_id=668c880b-fa69-4c0a-b2bb-5fd4143fa5f9 func=job_orchestration.executor.compress.spider_compress.compress spawn_start=492195016 spawn_end=492195016 spawn_duration_ms=0
[2026-02-02 20:10:42.737] [info] [spider.worker] [TIMING] task_id=668c880b-fa69-4c0a-b2bb-5fd4143fa5f9 func=job_orchestration.executor.compress.spider_compress.compress execution_start=492195016 execution_end=492284946 execution_duration_ms=89929
[2026-02-02 20:10:42.746] [info] [spider.worker] [TIMING] task_id=668c880b-fa69-4c0a-b2bb-5fd4143fa5f9 func=job_orchestration.executor.compress.spider_compress.compress submit_output_start=492284948 submit_output_end=492284954 submit_output_duration_ms=6
[2026-02-02 20:10:42.787] [info] [spider.worker] [TIMING] task_id=a52a94d5-c40f-493b-abf5-5873cb2c2961 func=job_orchestration.executor.compress.spider_compress.compress fetch_input_start=492284994 fetch_input_end=492284995 fetch_input_duration_ms=1
[2026-02-02 20:10:42.787] [info] [spider.worker] [TIMING] task_id=a52a94d5-c40f-493b-abf5-5873cb2c2961 func=job_orchestration.executor.compress.spider_compress.compress input_send_start=492284996 input_send_end=492284996 input_send_duration_ms=0 bytes=751
[2026-02-02 20:10:42.787] [info] [spider.worker] [TIMING] task_id=a52a94d5-c40f-493b-abf5-5873cb2c2961 func=job_orchestration.executor.compress.spider_compress.compress spawn_start=492284995 spawn_end=492284996 spawn_duration_ms=0
[2026-02-02 20:11:29.166] [info] [spider.worker] [TIMING] task_id=a52a94d5-c40f-493b-abf5-5873cb2c2961 func=job_orchestration.executor.compress.spider_compress.compress execution_start=492284996 execution_end=492331374 execution_duration_ms=46378
[2026-02-02 20:11:29.175] [info] [spider.worker] [TIMING] task_id=a52a94d5-c40f-493b-abf5-5873cb2c2961 func=job_orchestration.executor.compress.spider_compress.compress submit_output_start=492331377 submit_output_end=492331383 submit_output_duration_ms=6
[2026-02-02 20:11:29.230] [info] [spider.worker] [TIMING] task_id=ae4e0a49-fbaf-481c-958f-9cc028376869 func=job_orchestration.executor.compress.spider_compress.compress fetch_input_start=492331437 fetch_input_end=492331438 fetch_input_duration_ms=1
[2026-02-02 20:11:29.231] [info] [spider.worker] [TIMING] task_id=ae4e0a49-fbaf-481c-958f-9cc028376869 func=job_orchestration.executor.compress.spider_compress.compress input_send_start=492331439 input_send_end=492331439 input_send_duration_ms=0 bytes=754
[2026-02-02 20:11:29.231] [info] [spider.worker] [TIMING] task_id=ae4e0a49-fbaf-481c-958f-9cc028376869 func=job_orchestration.executor.compress.spider_compress.compress spawn_start=492331438 spawn_end=492331439 spawn_duration_ms=0
[2026-02-02 20:14:07.719] [info] [spider.worker] [TIMING] task_id=ae4e0a49-fbaf-481c-958f-9cc028376869 func=job_orchestration.executor.compress.spider_compress.compress execution_start=492331439 execution_end=492489927 execution_duration_ms=158487
[2026-02-02 20:14:07.768] [info] [spider.worker] [TIMING] task_id=ae4e0a49-fbaf-481c-958f-9cc028376869 func=job_orchestration.executor.compress.spider_compress.compress submit_output_start=492489929 submit_output_end=492489977 submit_output_duration_ms=47
[2026-02-02 20:14:07.789] [info] [spider.worker] [TIMING] task_id=2dfbff92-a1d5-4c98-ad0a-dc3a354c6ffd func=job_orchestration.executor.compress.spider_compress.compress fetch_input_start=492489996 fetch_input_end=492489997 fetch_input_duration_ms=1
[2026-02-02 20:14:07.789] [info] [spider.worker] [TIMING] task_id=2dfbff92-a1d5-4c98-ad0a-dc3a354c6ffd func=job_orchestration.executor.compress.spider_compress.compress input_send_start=492489998 input_send_end=492489998 input_send_duration_ms=0 bytes=751
[2026-02-02 20:14:07.789] [info] [spider.worker] [TIMING] task_id=2dfbff92-a1d5-4c98-ad0a-dc3a354c6ffd func=job_orchestration.executor.compress.spider_compress.compress spawn_start=492489997 spawn_end=492489998 spawn_duration_ms=0
[2026-02-02 20:14:26.980] [info] [spider.worker] [TIMING] task_id=2dfbff92-a1d5-4c98-ad0a-dc3a354c6ffd func=job_orchestration.executor.compress.spider_compress.compress execution_start=492489998 execution_end=492509189 execution_duration_ms=19190
[2026-02-02 20:14:26.993] [info] [spider.worker] [TIMING] task_id=2dfbff92-a1d5-4c98-ad0a-dc3a354c6ffd func=job_orchestration.executor.compress.spider_compress.compress submit_output_start=492509191 submit_output_end=492509201 submit_output_duration_ms=10
[2026-02-02 20:14:27.355] [info] [spider.worker] [TIMING] task_id=72ab6458-b90b-4f71-841e-5a087655072f func=job_orchestration.executor.compress.spider_compress.compress fetch_input_start=492509562 fetch_input_end=492509563 fetch_input_duration_ms=1
[2026-02-02 20:14:27.356] [info] [spider.worker] [TIMING] task_id=72ab6458-b90b-4f71-841e-5a087655072f func=job_orchestration.executor.compress.spider_compress.compress input_send_start=492509564 input_send_end=492509564 input_send_duration_ms=0 bytes=751
[2026-02-02 20:14:27.356] [info] [spider.worker] [TIMING] task_id=72ab6458-b90b-4f71-841e-5a087655072f func=job_orchestration.executor.compress.spider_compress.compress spawn_start=492509563 spawn_end=492509564 spawn_duration_ms=0
[2026-02-02 20:14:47.332] [info] [spider.worker] [TIMING] task_id=72ab6458-b90b-4f71-841e-5a087655072f func=job_orchestration.executor.compress.spider_compress.compress execution_start=492509564 execution_end=492529541 execution_duration_ms=19976
[2026-02-02 20:14:47.360] [info] [spider.worker] [TIMING] task_id=72ab6458-b90b-4f71-841e-5a087655072f func=job_orchestration.executor.compress.spider_compress.compress submit_output_start=492529543 submit_output_end=492529568 submit_output_duration_ms=25
[2026-02-02 20:14:47.377] [info] [spider.worker] [TIMING] task_id=7f34fce1-f3cf-43a9-80e5-21f63c6ad4e7 func=job_orchestration.executor.compress.spider_compress.compress fetch_input_start=492529584 fetch_input_end=492529585 fetch_input_duration_ms=1
[2026-02-02 20:14:47.377] [info] [spider.worker] [TIMING] task_id=7f34fce1-f3cf-43a9-80e5-21f63c6ad4e7 func=job_orchestration.executor.compress.spider_compress.compress input_send_start=492529585 input_send_end=492529585 input_send_duration_ms=0 bytes=751
[2026-02-02 20:14:47.377] [info] [spider.worker] [TIMING] task_id=7f34fce1-f3cf-43a9-80e5-21f63c6ad4e7 func=job_orchestration.executor.compress.spider_compress.compress spawn_start=492529585 spawn_end=492529585 spawn_duration_ms=0
[2026-02-02 20:15:53.274] [info] [spider.worker] [TIMING] task_id=7f34fce1-f3cf-43a9-80e5-21f63c6ad4e7 func=job_orchestration.executor.compress.spider_compress.compress execution_start=492529586 execution_end=492595482 execution_duration_ms=65896
[2026-02-02 20:15:53.308] [info] [spider.worker] [TIMING] task_id=7f34fce1-f3cf-43a9-80e5-21f63c6ad4e7 func=job_orchestration.executor.compress.spider_compress.compress submit_output_start=492595484 submit_output_end=492595517 submit_output_duration_ms=32
[2026-02-02 20:15:53.330] [info] [spider.worker] [TIMING] task_id=316e99bb-1626-4c06-a81c-b54e8af02656 func=job_orchestration.executor.compress.spider_compress.compress fetch_input_start=492595537 fetch_input_end=492595538 fetch_input_duration_ms=1
[2026-02-02 20:15:53.331] [info] [spider.worker] [TIMING] task_id=316e99bb-1626-4c06-a81c-b54e8af02656 func=job_orchestration.executor.compress.spider_compress.compress input_send_start=492595539 input_send_end=492595539 input_send_duration_ms=0 bytes=751
[2026-02-02 20:15:53.331] [info] [spider.worker] [TIMING] task_id=316e99bb-1626-4c06-a81c-b54e8af02656 func=job_orchestration.executor.compress.spider_compress.compress spawn_start=492595539 spawn_end=492595539 spawn_duration_ms=0
[2026-02-02 20:17:55.367] [info] [spider.worker] [TIMING] task_id=316e99bb-1626-4c06-a81c-b54e8af02656 func=job_orchestration.executor.compress.spider_compress.compress execution_start=492595539 execution_end=492717576 execution_duration_ms=122036
[2026-02-02 20:17:55.382] [info] [spider.worker] [TIMING] task_id=316e99bb-1626-4c06-a81c-b54e8af02656 func=job_orchestration.executor.compress.spider_compress.compress submit_output_start=492717578 submit_output_end=492717590 submit_output_duration_ms=12
[2026-02-02 20:17:55.402] [info] [spider.worker] [TIMING] task_id=fbd89af9-ab83-4bc5-a2b6-59ec10350d9b func=job_orchestration.executor.compress.spider_compress.compress fetch_input_start=492717609 fetch_input_end=492717610 fetch_input_duration_ms=1
[2026-02-02 20:17:55.402] [info] [spider.worker] [TIMING] task_id=fbd89af9-ab83-4bc5-a2b6-59ec10350d9b func=job_orchestration.executor.compress.spider_compress.compress input_send_start=492717610 input_send_end=492717610 input_send_duration_ms=0 bytes=752
[2026-02-02 20:17:55.402] [info] [spider.worker] [TIMING] task_id=fbd89af9-ab83-4bc5-a2b6-59ec10350d9b func=job_orchestration.executor.compress.spider_compress.compress spawn_start=492717610 spawn_end=492717610 spawn_duration_ms=0
[2026-02-02 20:20:23.696] [info] [spider.worker] [TIMING] task_id=fbd89af9-ab83-4bc5-a2b6-59ec10350d9b func=job_orchestration.executor.compress.spider_compress.compress execution_start=492717610 execution_end=492865904 execution_duration_ms=148293
[2026-02-02 20:20:23.711] [info] [spider.worker] [TIMING] task_id=fbd89af9-ab83-4bc5-a2b6-59ec10350d9b func=job_orchestration.executor.compress.spider_compress.compress submit_output_start=492865906 submit_output_end=492865919 submit_output_duration_ms=13
[2026-02-02 20:20:23.730] [info] [spider.worker] [TIMING] task_id=97e6425e-7275-413b-817e-15f29c510626 func=job_orchestration.executor.compress.spider_compress.compress fetch_input_start=492865937 fetch_input_end=492865938 fetch_input_duration_ms=0
[2026-02-02 20:20:23.730] [info] [spider.worker] [TIMING] task_id=97e6425e-7275-413b-817e-15f29c510626 func=job_orchestration.executor.compress.spider_compress.compress input_send_start=492865939 input_send_end=492865939 input_send_duration_ms=0 bytes=750
[2026-02-02 20:20:23.730] [info] [spider.worker] [TIMING] task_id=97e6425e-7275-413b-817e-15f29c510626 func=job_orchestration.executor.compress.spider_compress.compress spawn_start=492865938 spawn_end=492865939 spawn_duration_ms=0
[2026-02-02 20:22:16.850] [info] [spider.worker] [TIMING] task_id=97e6425e-7275-413b-817e-15f29c510626 func=job_orchestration.executor.compress.spider_compress.compress execution_start=492865939 execution_end=492979059 execution_duration_ms=113119
[2026-02-02 20:22:16.880] [info] [spider.worker] [TIMING] task_id=97e6425e-7275-413b-817e-15f29c510626 func=job_orchestration.executor.compress.spider_compress.compress submit_output_start=492979061 submit_output_end=492979088 submit_output_duration_ms=27
[2026-02-02 20:22:16.905] [info] [spider.worker] [TIMING] task_id=eb62cdd3-d4b5-4f1d-a4af-fae91d375221 func=job_orchestration.executor.compress.spider_compress.compress fetch_input_start=492979111 fetch_input_end=492979113 fetch_input_duration_ms=1
[2026-02-02 20:22:16.905] [info] [spider.worker] [TIMING] task_id=eb62cdd3-d4b5-4f1d-a4af-fae91d375221 func=job_orchestration.executor.compress.spider_compress.compress input_send_start=492979114 input_send_end=492979114 input_send_duration_ms=0 bytes=751
[2026-02-02 20:22:16.905] [info] [spider.worker] [TIMING] task_id=eb62cdd3-d4b5-4f1d-a4af-fae91d375221 func=job_orchestration.executor.compress.spider_compress.compress spawn_start=492979113 spawn_end=492979114 spawn_duration_ms=0
[2026-02-02 20:24:27.496] [info] [spider.worker] [TIMING] task_id=eb62cdd3-d4b5-4f1d-a4af-fae91d375221 func=job_orchestration.executor.compress.spider_compress.compress execution_start=492979114 execution_end=493109704 execution_duration_ms=130590
[2026-02-02 20:24:28.167] [info] [spider.worker] [TIMING] task_id=eb62cdd3-d4b5-4f1d-a4af-fae91d375221 func=job_orchestration.executor.compress.spider_compress.compress submit_output_start=493109846 submit_output_end=493110376 submit_output_duration_ms=529
[2026-02-02 20:24:28.227] [info] [spider.worker] [TIMING] task_id=a314bfa4-caef-47c0-a7de-6ed5d3d90d77 func=job_orchestration.executor.compress.spider_compress.compress fetch_input_start=493110434 fetch_input_end=493110435 fetch_input_duration_ms=1
[2026-02-02 20:24:28.228] [info] [spider.worker] [TIMING] task_id=a314bfa4-caef-47c0-a7de-6ed5d3d90d77 func=job_orchestration.executor.compress.spider_compress.compress input_send_start=493110436 input_send_end=493110436 input_send_duration_ms=0 bytes=751
[2026-02-02 20:24:28.228] [info] [spider.worker] [TIMING] task_id=a314bfa4-caef-47c0-a7de-6ed5d3d90d77 func=job_orchestration.executor.compress.spider_compress.compress spawn_start=493110435 spawn_end=493110436 spawn_duration_ms=0
[2026-02-02 20:24:46.080] [info] [spider.worker] [TIMING] task_id=a314bfa4-caef-47c0-a7de-6ed5d3d90d77 func=job_orchestration.executor.compress.spider_compress.compress execution_start=493110436 execution_end=493128288 execution_duration_ms=17852
[2026-02-02 20:24:46.097] [info] [spider.worker] [TIMING] task_id=a314bfa4-caef-47c0-a7de-6ed5d3d90d77 func=job_orchestration.executor.compress.spider_compress.compress submit_output_start=493128290 submit_output_end=493128305 submit_output_duration_ms=14
[2026-02-02 20:24:46.115] [info] [spider.worker] [TIMING] task_id=2890c5b5-df7d-4d0a-8445-c42822cc3f13 func=job_orchestration.executor.compress.spider_compress.compress fetch_input_start=493128323 fetch_input_end=493128324 fetch_input_duration_ms=0
[2026-02-02 20:24:46.116] [info] [spider.worker] [TIMING] task_id=2890c5b5-df7d-4d0a-8445-c42822cc3f13 func=job_orchestration.executor.compress.spider_compress.compress input_send_start=493128324 input_send_end=493128324 input_send_duration_ms=0 bytes=840
[2026-02-02 20:24:46.116] [info] [spider.worker] [TIMING] task_id=2890c5b5-df7d-4d0a-8445-c42822cc3f13 func=job_orchestration.executor.compress.spider_compress.compress spawn_start=493128324 spawn_end=493128324 spawn_duration_ms=0
[2026-02-02 20:25:29.438] [info] [spider.worker] [TIMING] task_id=2890c5b5-df7d-4d0a-8445-c42822cc3f13 func=job_orchestration.executor.compress.spider_compress.compress execution_start=493128324 execution_end=493171646 execution_duration_ms=43321
[2026-02-02 20:25:29.451] [info] [spider.worker] [TIMING] task_id=2890c5b5-df7d-4d0a-8445-c42822cc3f13 func=job_orchestration.executor.compress.spider_compress.compress submit_output_start=493171648 submit_output_end=493171659 submit_output_duration_ms=10
[2026-02-02 20:25:29.492] [info] [spider.worker] [TIMING] task_id=4041688e-bc29-4cca-a19f-669cbdba9229 func=job_orchestration.executor.compress.spider_compress.compress fetch_input_start=493171700 fetch_input_end=493171701 fetch_input_duration_ms=0
[2026-02-02 20:25:29.493] [info] [spider.worker] [TIMING] task_id=4041688e-bc29-4cca-a19f-669cbdba9229 func=job_orchestration.executor.compress.spider_compress.compress input_send_start=493171701 input_send_end=493171701 input_send_duration_ms=0 bytes=751
[2026-02-02 20:25:29.493] [info] [spider.worker] [TIMING] task_id=4041688e-bc29-4cca-a19f-669cbdba9229 func=job_orchestration.executor.compress.spider_compress.compress spawn_start=493171701 spawn_end=493171701 spawn_duration_ms=0
[2026-02-02 20:27:00.830] [info] [spider.worker] [TIMING] task_id=4041688e-bc29-4cca-a19f-669cbdba9229 func=job_orchestration.executor.compress.spider_compress.compress execution_start=493171701 execution_end=493263039 execution_duration_ms=91337
[2026-02-02 20:27:00.871] [info] [spider.worker] [TIMING] task_id=4041688e-bc29-4cca-a19f-669cbdba9229 func=job_orchestration.executor.compress.spider_compress.compress submit_output_start=493263041 submit_output_end=493263079 submit_output_duration_ms=38
[2026-02-02 20:27:00.895] [info] [spider.worker] [TIMING] task_id=2017a688-e5f7-43cc-814e-b9c7ed52a92c func=job_orchestration.executor.compress.spider_compress.compress fetch_input_start=493263103 fetch_input_end=493263104 fetch_input_duration_ms=0
[2026-02-02 20:27:00.896] [info] [spider.worker] [TIMING] task_id=2017a688-e5f7-43cc-814e-b9c7ed52a92c func=job_orchestration.executor.compress.spider_compress.compress input_send_start=493263104 input_send_end=493263105 input_send_duration_ms=0 bytes=751
[2026-02-02 20:27:00.896] [info] [spider.worker] [TIMING] task_id=2017a688-e5f7-43cc-814e-b9c7ed52a92c func=job_orchestration.executor.compress.spider_compress.compress spawn_start=493263104 spawn_end=493263105 spawn_duration_ms=0
[2026-02-02 20:28:15.288] [info] [spider.worker] [TIMING] task_id=2017a688-e5f7-43cc-814e-b9c7ed52a92c func=job_orchestration.executor.compress.spider_compress.compress execution_start=493263105 execution_end=493337497 execution_duration_ms=74391
[2026-02-02 20:28:15.502] [info] [spider.worker] [TIMING] task_id=2017a688-e5f7-43cc-814e-b9c7ed52a92c func=job_orchestration.executor.compress.spider_compress.compress submit_output_start=493337499 submit_output_end=493337710 submit_output_duration_ms=211
[2026-02-02 20:28:15.547] [info] [spider.worker] [TIMING] task_id=ed2a6ff9-63d9-43f4-a18c-da14520cd644 func=job_orchestration.executor.compress.spider_compress.compress fetch_input_start=493337754 fetch_input_end=493337755 fetch_input_duration_ms=1
[2026-02-02 20:28:15.547] [info] [spider.worker] [TIMING] task_id=ed2a6ff9-63d9-43f4-a18c-da14520cd644 func=job_orchestration.executor.compress.spider_compress.compress input_send_start=493337755 input_send_end=493337755 input_send_duration_ms=0 bytes=749
[2026-02-02 20:28:15.547] [info] [spider.worker] [TIMING] task_id=ed2a6ff9-63d9-43f4-a18c-da14520cd644 func=job_orchestration.executor.compress.spider_compress.compress spawn_start=493337755 spawn_end=493337756 spawn_duration_ms=0
[2026-02-02 20:29:15.320] [info] [spider.worker] [TIMING] task_id=ed2a6ff9-63d9-43f4-a18c-da14520cd644 func=job_orchestration.executor.compress.spider_compress.compress execution_start=493337756 execution_end=493397529 execution_duration_ms=59773
[2026-02-02 20:29:15.329] [info] [spider.worker] [TIMING] task_id=ed2a6ff9-63d9-43f4-a18c-da14520cd644 func=job_orchestration.executor.compress.spider_compress.compress submit_output_start=493397531 submit_output_end=493397538 submit_output_duration_ms=6
[2026-02-02 20:29:15.349] [info] [spider.worker] [TIMING] task_id=ca5f5dcf-072b-4dee-9851-6c3280f768b9 func=job_orchestration.executor.compress.spider_compress.compress fetch_input_start=493397556 fetch_input_end=493397557 fetch_input_duration_ms=1
[2026-02-02 20:29:15.350] [info] [spider.worker] [TIMING] task_id=ca5f5dcf-072b-4dee-9851-6c3280f768b9 func=job_orchestration.executor.compress.spider_compress.compress input_send_start=493397558 input_send_end=493397558 input_send_duration_ms=0 bytes=751
[2026-02-02 20:29:15.350] [info] [spider.worker] [TIMING] task_id=ca5f5dcf-072b-4dee-9851-6c3280f768b9 func=job_orchestration.executor.compress.spider_compress.compress spawn_start=493397557 spawn_end=493397558 spawn_duration_ms=0
[2026-02-02 20:31:48.739] [info] [spider.worker] [TIMING] task_id=ca5f5dcf-072b-4dee-9851-6c3280f768b9 func=job_orchestration.executor.compress.spider_compress.compress execution_start=493397559 execution_end=493550947 execution_duration_ms=153387
[2026-02-02 20:31:48.748] [info] [spider.worker] [TIMING] task_id=ca5f5dcf-072b-4dee-9851-6c3280f768b9 func=job_orchestration.executor.compress.spider_compress.compress submit_output_start=493550948 submit_output_end=493550956 submit_output_duration_ms=8
[2026-02-02 20:31:48.768] [info] [spider.worker] [TIMING] task_id=c8bd0c3c-408d-48fe-a3b7-2adeb3f65b70 func=job_orchestration.executor.compress.spider_compress.compress fetch_input_start=493550975 fetch_input_end=493550976 fetch_input_duration_ms=0
[2026-02-02 20:31:48.768] [info] [spider.worker] [TIMING] task_id=c8bd0c3c-408d-48fe-a3b7-2adeb3f65b70 func=job_orchestration.executor.compress.spider_compress.compress input_send_start=493550977 input_send_end=493550977 input_send_duration_ms=0 bytes=750
[2026-02-02 20:31:48.768] [info] [spider.worker] [TIMING] task_id=c8bd0c3c-408d-48fe-a3b7-2adeb3f65b70 func=job_orchestration.executor.compress.spider_compress.compress spawn_start=493550976 spawn_end=493550977 spawn_duration_ms=0
[2026-02-02 20:33:34.344] [info] [spider.worker] [TIMING] task_id=c8bd0c3c-408d-48fe-a3b7-2adeb3f65b70 func=job_orchestration.executor.compress.spider_compress.compress execution_start=493550977 execution_end=493656553 execution_duration_ms=105575
[2026-02-02 20:33:34.363] [info] [spider.worker] [TIMING] task_id=c8bd0c3c-408d-48fe-a3b7-2adeb3f65b70 func=job_orchestration.executor.compress.spider_compress.compress submit_output_start=493656555 submit_output_end=493656571 submit_output_duration_ms=16
[2026-02-02 20:33:34.383] [info] [spider.worker] [TIMING] task_id=e0dc19c3-397c-4a3e-bc45-7dd4fcfb5875 func=job_orchestration.executor.compress.spider_compress.compress fetch_input_start=493656590 fetch_input_end=493656591 fetch_input_duration_ms=1
[2026-02-02 20:33:34.383] [info] [spider.worker] [TIMING] task_id=e0dc19c3-397c-4a3e-bc45-7dd4fcfb5875 func=job_orchestration.executor.compress.spider_compress.compress input_send_start=493656592 input_send_end=493656592 input_send_duration_ms=0 bytes=755
[2026-02-02 20:33:34.383] [info] [spider.worker] [TIMING] task_id=e0dc19c3-397c-4a3e-bc45-7dd4fcfb5875 func=job_orchestration.executor.compress.spider_compress.compress spawn_start=493656591 spawn_end=493656592 spawn_duration_ms=0
[2026-02-02 20:35:53.584] [info] [spider.worker] [TIMING] task_id=e0dc19c3-397c-4a3e-bc45-7dd4fcfb5875 func=job_orchestration.executor.compress.spider_compress.compress execution_start=493656592 execution_end=493795792 execution_duration_ms=139200
[2026-02-02 20:35:53.599] [info] [spider.worker] [TIMING] task_id=e0dc19c3-397c-4a3e-bc45-7dd4fcfb5875 func=job_orchestration.executor.compress.spider_compress.compress submit_output_start=493795794 submit_output_end=493795808 submit_output_duration_ms=13
[2026-02-02 20:35:53.630] [info] [spider.worker] [TIMING] task_id=a941c7a6-0f25-4774-b0d7-650c17566a4d func=job_orchestration.executor.compress.spider_compress.compress fetch_input_start=493795837 fetch_input_end=493795839 fetch_input_duration_ms=1
[2026-02-02 20:35:53.631] [info] [spider.worker] [TIMING] task_id=a941c7a6-0f25-4774-b0d7-650c17566a4d func=job_orchestration.executor.compress.spider_compress.compress input_send_start=493795839 input_send_end=493795839 input_send_duration_ms=0 bytes=748
[2026-02-02 20:35:53.631] [info] [spider.worker] [TIMING] task_id=a941c7a6-0f25-4774-b0d7-650c17566a4d func=job_orchestration.executor.compress.spider_compress.compress spawn_start=493795839 spawn_end=493795839 spawn_duration_ms=0
[2026-02-02 20:38:34.679] [info] [spider.worker] [TIMING] task_id=a941c7a6-0f25-4774-b0d7-650c17566a4d func=job_orchestration.executor.compress.spider_compress.compress execution_start=493795840 execution_end=493956888 execution_duration_ms=161047
[2026-02-02 20:38:34.716] [info] [spider.worker] [TIMING] task_id=a941c7a6-0f25-4774-b0d7-650c17566a4d func=job_orchestration.executor.compress.spider_compress.compress submit_output_start=493956890 submit_output_end=493956925 submit_output_duration_ms=34
[2026-02-02 20:38:34.737] [info] [spider.worker] [TIMING] task_id=56ba7a7a-f32a-47d9-8c17-11eeba594a24 func=job_orchestration.executor.compress.spider_compress.compress fetch_input_start=493956944 fetch_input_end=493956945 fetch_input_duration_ms=1
[2026-02-02 20:38:34.737] [info] [spider.worker] [TIMING] task_id=56ba7a7a-f32a-47d9-8c17-11eeba594a24 func=job_orchestration.executor.compress.spider_compress.compress input_send_start=493956945 input_send_end=493956945 input_send_duration_ms=0 bytes=754
[2026-02-02 20:38:34.737] [info] [spider.worker] [TIMING] task_id=56ba7a7a-f32a-47d9-8c17-11eeba594a24 func=job_orchestration.executor.compress.spider_compress.compress spawn_start=493956945 spawn_end=493956945 spawn_duration_ms=0
[2026-02-02 20:39:02.346] [info] [spider.worker] [TIMING] task_id=56ba7a7a-f32a-47d9-8c17-11eeba594a24 func=job_orchestration.executor.compress.spider_compress.compress execution_start=493956945 execution_end=493984554 execution_duration_ms=27608
[2026-02-02 20:39:02.356] [info] [spider.worker] [TIMING] task_id=56ba7a7a-f32a-47d9-8c17-11eeba594a24 func=job_orchestration.executor.compress.spider_compress.compress submit_output_start=493984556 submit_output_end=493984564 submit_output_duration_ms=8
[2026-02-02 20:39:02.366] [info] [spider.worker] [TIMING] task_id=e74d5637-e2aa-4f40-b282-cde402432280 func=job_orchestration.executor.compress.spider_compress.compress fetch_input_start=493984574 fetch_input_end=493984575 fetch_input_duration_ms=0
[2026-02-02 20:39:02.367] [info] [spider.worker] [TIMING] task_id=e74d5637-e2aa-4f40-b282-cde402432280 func=job_orchestration.executor.compress.spider_compress.compress input_send_start=493984575 input_send_end=493984575 input_send_duration_ms=0 bytes=755
[2026-02-02 20:39:02.367] [info] [spider.worker] [TIMING] task_id=e74d5637-e2aa-4f40-b282-cde402432280 func=job_orchestration.executor.compress.spider_compress.compress spawn_start=493984575 spawn_end=493984575 spawn_duration_ms=0
[2026-02-02 20:41:24.351] [info] [spider.worker] [TIMING] task_id=e74d5637-e2aa-4f40-b282-cde402432280 func=job_orchestration.executor.compress.spider_compress.compress execution_start=493984575 execution_end=494126560 execution_duration_ms=141984
[2026-02-02 20:41:24.359] [info] [spider.worker] [TIMING] task_id=e74d5637-e2aa-4f40-b282-cde402432280 func=job_orchestration.executor.compress.spider_compress.compress submit_output_start=494126562 submit_output_end=494126567 submit_output_duration_ms=5
[2026-02-02 20:41:24.379] [info] [spider.worker] [TIMING] task_id=cd917362-0c1d-4853-8456-096c26991120 func=job_orchestration.executor.compress.spider_compress.compress fetch_input_start=494126586 fetch_input_end=494126588 fetch_input_duration_ms=1
[2026-02-02 20:41:24.406] [info] [spider.worker] [TIMING] task_id=cd917362-0c1d-4853-8456-096c26991120 func=job_orchestration.executor.compress.spider_compress.compress input_send_start=494126588 input_send_end=494126614 input_send_duration_ms=25 bytes=756
[2026-02-02 20:41:24.406] [info] [spider.worker] [TIMING] task_id=cd917362-0c1d-4853-8456-096c26991120 func=job_orchestration.executor.compress.spider_compress.compress spawn_start=494126588 spawn_end=494126614 spawn_duration_ms=26
[2026-02-02 20:45:11.827] [info] [spider.worker] [TIMING] task_id=cd917362-0c1d-4853-8456-096c26991120 func=job_orchestration.executor.compress.spider_compress.compress execution_start=494126614 execution_end=494354035 execution_duration_ms=227420
[2026-02-02 20:45:11.853] [info] [spider.worker] [TIMING] task_id=cd917362-0c1d-4853-8456-096c26991120 func=job_orchestration.executor.compress.spider_compress.compress submit_output_start=494354048 submit_output_end=494354062 submit_output_duration_ms=13
[2026-02-02 20:45:11.873] [info] [spider.worker] [TIMING] task_id=ab77f353-4b1d-4623-b8f4-ee2ba22ec3dc func=job_orchestration.executor.compress.spider_compress.compress fetch_input_start=494354080 fetch_input_end=494354081 fetch_input_duration_ms=0
[2026-02-02 20:45:11.874] [info] [spider.worker] [TIMING] task_id=ab77f353-4b1d-4623-b8f4-ee2ba22ec3dc func=job_orchestration.executor.compress.spider_compress.compress input_send_start=494354082 input_send_end=494354082 input_send_duration_ms=0 bytes=751
[2026-02-02 20:45:11.874] [info] [spider.worker] [TIMING] task_id=ab77f353-4b1d-4623-b8f4-ee2ba22ec3dc func=job_orchestration.executor.compress.spider_compress.compress spawn_start=494354081 spawn_end=494354082 spawn_duration_ms=0
[2026-02-02 20:45:41.245] [info] [spider.worker] [TIMING] task_id=ab77f353-4b1d-4623-b8f4-ee2ba22ec3dc func=job_orchestration.executor.compress.spider_compress.compress execution_start=494354082 execution_end=494383454 execution_duration_ms=29371
[2026-02-02 20:45:41.280] [info] [spider.worker] [TIMING] task_id=ab77f353-4b1d-4623-b8f4-ee2ba22ec3dc func=job_orchestration.executor.compress.spider_compress.compress submit_output_start=494383456 submit_output_end=494383488 submit_output_duration_ms=32
[2026-02-02 20:45:41.305] [info] [spider.worker] [TIMING] task_id=b4fd64c9-a4eb-448f-b074-810d787454e3 func=job_orchestration.executor.compress.spider_compress.compress fetch_input_start=494383511 fetch_input_end=494383513 fetch_input_duration_ms=1
[2026-02-02 20:45:41.305] [info] [spider.worker] [TIMING] task_id=b4fd64c9-a4eb-448f-b074-810d787454e3 func=job_orchestration.executor.compress.spider_compress.compress input_send_start=494383514 input_send_end=494383514 input_send_duration_ms=0 bytes=754
[2026-02-02 20:45:41.305] [info] [spider.worker] [TIMING] task_id=b4fd64c9-a4eb-448f-b074-810d787454e3 func=job_orchestration.executor.compress.spider_compress.compress spawn_start=494383513 spawn_end=494383514 spawn_duration_ms=0
[2026-02-02 20:45:57.135] [info] [spider.worker] [TIMING] task_id=b4fd64c9-a4eb-448f-b074-810d787454e3 func=job_orchestration.executor.compress.spider_compress.compress execution_start=494383514 execution_end=494399343 execution_duration_ms=15829
[2026-02-02 20:45:57.169] [info] [spider.worker] [TIMING] task_id=b4fd64c9-a4eb-448f-b074-810d787454e3 func=job_orchestration.executor.compress.spider_compress.compress submit_output_start=494399345 submit_output_end=494399378 submit_output_duration_ms=32
[2026-02-02 20:45:57.194] [info] [spider.worker] [TIMING] task_id=d94fe126-2c42-474c-9734-33c838f382d2 func=job_orchestration.executor.compress.spider_compress.compress fetch_input_start=494399401 fetch_input_end=494399402 fetch_input_duration_ms=1
[2026-02-02 20:45:57.210] [info] [spider.worker] [TIMING] task_id=d94fe126-2c42-474c-9734-33c838f382d2 func=job_orchestration.executor.compress.spider_compress.compress input_send_start=494399403 input_send_end=494399418 input_send_duration_ms=15 bytes=848
[2026-02-02 20:45:57.210] [info] [spider.worker] [TIMING] task_id=d94fe126-2c42-474c-9734-33c838f382d2 func=job_orchestration.executor.compress.spider_compress.compress spawn_start=494399403 spawn_end=494399418 spawn_duration_ms=15
[2026-02-02 20:46:19.584] [info] [spider.worker] [TIMING] task_id=d94fe126-2c42-474c-9734-33c838f382d2 func=job_orchestration.executor.compress.spider_compress.compress execution_start=494399419 execution_end=494421793 execution_duration_ms=22374
[2026-02-02 20:46:19.630] [info] [spider.worker] [TIMING] task_id=d94fe126-2c42-474c-9734-33c838f382d2 func=job_orchestration.executor.compress.spider_compress.compress submit_output_start=494421794 submit_output_end=494421839 submit_output_duration_ms=44
[2026-02-02 20:46:19.666] [info] [spider.worker] [TIMING] task_id=393f4d68-71c7-4815-94aa-086c6e0fb0e8 func=job_orchestration.executor.compress.spider_compress.compress fetch_input_start=494421874 fetch_input_end=494421875 fetch_input_duration_ms=0
[2026-02-02 20:46:19.667] [info] [spider.worker] [TIMING] task_id=393f4d68-71c7-4815-94aa-086c6e0fb0e8 func=job_orchestration.executor.compress.spider_compress.compress input_send_start=494421875 input_send_end=494421875 input_send_duration_ms=0 bytes=751
[2026-02-02 20:46:19.667] [info] [spider.worker] [TIMING] task_id=393f4d68-71c7-4815-94aa-086c6e0fb0e8 func=job_orchestration.executor.compress.spider_compress.compress spawn_start=494421875 spawn_end=494421875 spawn_duration_ms=0
[2026-02-02 20:47:18.785] [info] [spider.worker] [TIMING] task_id=393f4d68-71c7-4815-94aa-086c6e0fb0e8 func=job_orchestration.executor.compress.spider_compress.compress execution_start=494421875 execution_end=494480993 execution_duration_ms=59117
[2026-02-02 20:47:18.836] [info] [spider.worker] [TIMING] task_id=393f4d68-71c7-4815-94aa-086c6e0fb0e8 func=job_orchestration.executor.compress.spider_compress.compress submit_output_start=494481003 submit_output_end=494481044 submit_output_duration_ms=41
[2026-02-02 20:47:18.861] [info] [spider.worker] [TIMING] task_id=190388e4-e091-4ab7-97f3-eb2549595e28 func=job_orchestration.executor.compress.spider_compress.compress fetch_input_start=494481068 fetch_input_end=494481070 fetch_input_duration_ms=1
[2026-02-02 20:47:18.862] [info] [spider.worker] [TIMING] task_id=190388e4-e091-4ab7-97f3-eb2549595e28 func=job_orchestration.executor.compress.spider_compress.compress input_send_start=494481070 input_send_end=494481071 input_send_duration_ms=0 bytes=751
[2026-02-02 20:47:18.862] [info] [spider.worker] [TIMING] task_id=190388e4-e091-4ab7-97f3-eb2549595e28 func=job_orchestration.executor.compress.spider_compress.compress spawn_start=494481070 spawn_end=494481071 spawn_duration_ms=0
[2026-02-02 20:50:14.784] [info] [spider.worker] [TIMING] task_id=190388e4-e091-4ab7-97f3-eb2549595e28 func=job_orchestration.executor.compress.spider_compress.compress execution_start=494481071 execution_end=494656992 execution_duration_ms=175921
[2026-02-02 20:50:14.790] [info] [spider.worker] [TIMING] task_id=190388e4-e091-4ab7-97f3-eb2549595e28 func=job_orchestration.executor.compress.spider_compress.compress submit_output_start=494656994 submit_output_end=494656999 submit_output_duration_ms=5
[2026-02-02 20:50:14.801] [info] [spider.worker] [TIMING] task_id=2af2f5e4-896b-4695-ac42-ad95cff15108 func=job_orchestration.executor.compress.spider_compress.compress fetch_input_start=494657008 fetch_input_end=494657009 fetch_input_duration_ms=0
[2026-02-02 20:50:14.801] [info] [spider.worker] [TIMING] task_id=2af2f5e4-896b-4695-ac42-ad95cff15108 func=job_orchestration.executor.compress.spider_compress.compress input_send_start=494657010 input_send_end=494657010 input_send_duration_ms=0 bytes=755
[2026-02-02 20:50:14.801] [info] [spider.worker] [TIMING] task_id=2af2f5e4-896b-4695-ac42-ad95cff15108 func=job_orchestration.executor.compress.spider_compress.compress spawn_start=494657009 spawn_end=494657010 spawn_duration_ms=0
[2026-02-02 20:51:29.284] [info] [spider.worker] [TIMING] task_id=2af2f5e4-896b-4695-ac42-ad95cff15108 func=job_orchestration.executor.compress.spider_compress.compress execution_start=494657010 execution_end=494731493 execution_duration_ms=74483
[2026-02-02 20:51:29.300] [info] [spider.worker] [TIMING] task_id=2af2f5e4-896b-4695-ac42-ad95cff15108 func=job_orchestration.executor.compress.spider_compress.compress submit_output_start=494731495 submit_output_end=494731508 submit_output_duration_ms=13
[2026-02-02 20:51:29.321] [info] [spider.worker] [TIMING] task_id=2153b4ad-c51a-42db-b02b-0e268d31ee55 func=job_orchestration.executor.compress.spider_compress.compress fetch_input_start=494731528 fetch_input_end=494731529 fetch_input_duration_ms=1
[2026-02-02 20:51:29.321] [info] [spider.worker] [TIMING] task_id=2153b4ad-c51a-42db-b02b-0e268d31ee55 func=job_orchestration.executor.compress.spider_compress.compress input_send_start=494731530 input_send_end=494731530 input_send_duration_ms=0 bytes=748
[2026-02-02 20:51:29.321] [info] [spider.worker] [TIMING] task_id=2153b4ad-c51a-42db-b02b-0e268d31ee55 func=job_orchestration.executor.compress.spider_compress.compress spawn_start=494731529 spawn_end=494731530 spawn_duration_ms=0
[2026-02-02 20:51:49.466] [info] [spider.worker] [TIMING] task_id=2153b4ad-c51a-42db-b02b-0e268d31ee55 func=job_orchestration.executor.compress.spider_compress.compress execution_start=494731530 execution_end=494751675 execution_duration_ms=20144
[2026-02-02 20:51:49.490] [info] [spider.worker] [TIMING] task_id=2153b4ad-c51a-42db-b02b-0e268d31ee55 func=job_orchestration.executor.compress.spider_compress.compress submit_output_start=494751677 submit_output_end=494751699 submit_output_duration_ms=21
[2026-02-02 20:51:49.535] [info] [spider.worker] [TIMING] task_id=09250804-2b49-47e8-a7fc-335eff56c83f func=job_orchestration.executor.compress.spider_compress.compress fetch_input_start=494751741 fetch_input_end=494751743 fetch_input_duration_ms=1
[2026-02-02 20:51:49.535] [info] [spider.worker] [TIMING] task_id=09250804-2b49-47e8-a7fc-335eff56c83f func=job_orchestration.executor.compress.spider_compress.compress input_send_start=494751744 input_send_end=494751744 input_send_duration_ms=0 bytes=748
[2026-02-02 20:51:49.535] [info] [spider.worker] [TIMING] task_id=09250804-2b49-47e8-a7fc-335eff56c83f func=job_orchestration.executor.compress.spider_compress.compress spawn_start=494751743 spawn_end=494751744 spawn_duration_ms=0
[2026-02-02 20:54:15.003] [info] [spider.worker] [TIMING] task_id=09250804-2b49-47e8-a7fc-335eff56c83f func=job_orchestration.executor.compress.spider_compress.compress execution_start=494751744 execution_end=494897211 execution_duration_ms=145467
[2026-02-02 20:54:15.025] [info] [spider.worker] [TIMING] task_id=09250804-2b49-47e8-a7fc-335eff56c83f func=job_orchestration.executor.compress.spider_compress.compress submit_output_start=494897213 submit_output_end=494897234 submit_output_duration_ms=20
[2026-02-02 20:54:15.095] [info] [spider.worker] [TIMING] task_id=3fab48b9-7b2f-42f4-b207-3cd3948048e5 func=job_orchestration.executor.compress.spider_compress.compress fetch_input_start=494897302 fetch_input_end=494897304 fetch_input_duration_ms=1
[2026-02-02 20:54:15.096] [info] [spider.worker] [TIMING] task_id=3fab48b9-7b2f-42f4-b207-3cd3948048e5 func=job_orchestration.executor.compress.spider_compress.compress input_send_start=494897304 input_send_end=494897304 input_send_duration_ms=0 bytes=755
[2026-02-02 20:54:15.096] [info] [spider.worker] [TIMING] task_id=3fab48b9-7b2f-42f4-b207-3cd3948048e5 func=job_orchestration.executor.compress.spider_compress.compress spawn_start=494897304 spawn_end=494897304 spawn_duration_ms=0
[2026-02-02 20:56:23.622] [info] [spider.worker] [TIMING] task_id=3fab48b9-7b2f-42f4-b207-3cd3948048e5 func=job_orchestration.executor.compress.spider_compress.compress execution_start=494897305 execution_end=495025830 execution_duration_ms=128525
[2026-02-02 20:56:23.638] [info] [spider.worker] [TIMING] task_id=3fab48b9-7b2f-42f4-b207-3cd3948048e5 func=job_orchestration.executor.compress.spider_compress.compress submit_output_start=495025832 submit_output_end=495025846 submit_output_duration_ms=13
[2026-02-02 20:56:23.649] [info] [spider.worker] [TIMING] task_id=4dfabf6f-7fc8-4f24-b1ca-01174cbdc2de func=job_orchestration.executor.compress.spider_compress.compress fetch_input_start=495025856 fetch_input_end=495025857 fetch_input_duration_ms=1
[2026-02-02 20:56:23.649] [info] [spider.worker] [TIMING] task_id=4dfabf6f-7fc8-4f24-b1ca-01174cbdc2de func=job_orchestration.executor.compress.spider_compress.compress input_send_start=495025858 input_send_end=495025858 input_send_duration_ms=0 bytes=751
[2026-02-02 20:56:23.650] [info] [spider.worker] [TIMING] task_id=4dfabf6f-7fc8-4f24-b1ca-01174cbdc2de func=job_orchestration.executor.compress.spider_compress.compress spawn_start=495025857 spawn_end=495025858 spawn_duration_ms=0
[2026-02-02 20:57:32.301] [info] [spider.worker] [TIMING] task_id=4dfabf6f-7fc8-4f24-b1ca-01174cbdc2de func=job_orchestration.executor.compress.spider_compress.compress execution_start=495025858 execution_end=495094509 execution_duration_ms=68650
[2026-02-02 20:57:32.370] [info] [spider.worker] [TIMING] task_id=4dfabf6f-7fc8-4f24-b1ca-01174cbdc2de func=job_orchestration.executor.compress.spider_compress.compress submit_output_start=495094511 submit_output_end=495094578 submit_output_duration_ms=67
[2026-02-02 20:57:32.392] [info] [spider.worker] [TIMING] task_id=6cf23872-9e4d-4330-bbb3-76470e63ca77 func=job_orchestration.executor.compress.spider_compress.compress fetch_input_start=495094600 fetch_input_end=495094600 fetch_input_duration_ms=0
[2026-02-02 20:57:32.393] [info] [spider.worker] [TIMING] task_id=6cf23872-9e4d-4330-bbb3-76470e63ca77 func=job_orchestration.executor.compress.spider_compress.compress input_send_start=495094601 input_send_end=495094601 input_send_duration_ms=0 bytes=751
[2026-02-02 20:57:32.393] [info] [spider.worker] [TIMING] task_id=6cf23872-9e4d-4330-bbb3-76470e63ca77 func=job_orchestration.executor.compress.spider_compress.compress spawn_start=495094601 spawn_end=495094601 spawn_duration_ms=0
[2026-02-02 20:57:45.442] [info] [spider.worker] [TIMING] task_id=6cf23872-9e4d-4330-bbb3-76470e63ca77 func=job_orchestration.executor.compress.spider_compress.compress execution_start=495094601 execution_end=495107650 execution_duration_ms=13049
[2026-02-02 20:57:45.455] [info] [spider.worker] [TIMING] task_id=6cf23872-9e4d-4330-bbb3-76470e63ca77 func=job_orchestration.executor.compress.spider_compress.compress submit_output_start=495107652 submit_output_end=495107663 submit_output_duration_ms=11
[2026-02-02 20:57:45.465] [info] [spider.worker] [TIMING] task_id=748cec2b-7c4a-4d74-aaff-dc8921a8ddbe func=job_orchestration.executor.compress.spider_compress.compress fetch_input_start=495107673 fetch_input_end=495107674 fetch_input_duration_ms=0
[2026-02-02 20:57:45.466] [info] [spider.worker] [TIMING] task_id=748cec2b-7c4a-4d74-aaff-dc8921a8ddbe func=job_orchestration.executor.compress.spider_compress.compress input_send_start=495107674 input_send_end=495107674 input_send_duration_ms=0 bytes=750
[2026-02-02 20:57:45.466] [info] [spider.worker] [TIMING] task_id=748cec2b-7c4a-4d74-aaff-dc8921a8ddbe func=job_orchestration.executor.compress.spider_compress.compress spawn_start=495107674 spawn_end=495107674 spawn_duration_ms=0
[2026-02-02 20:58:27.383] [info] [spider.worker] [TIMING] task_id=748cec2b-7c4a-4d74-aaff-dc8921a8ddbe func=job_orchestration.executor.compress.spider_compress.compress execution_start=495107675 execution_end=495149592 execution_duration_ms=41917
[2026-02-02 20:58:27.401] [info] [spider.worker] [TIMING] task_id=748cec2b-7c4a-4d74-aaff-dc8921a8ddbe func=job_orchestration.executor.compress.spider_compress.compress submit_output_start=495149595 submit_output_end=495149609 submit_output_duration_ms=14
[2026-02-02 20:58:27.412] [info] [spider.worker] [TIMING] task_id=8e216fe9-91d5-496a-9691-2b2cb41dabeb func=job_orchestration.executor.compress.spider_compress.compress fetch_input_start=495149619 fetch_input_end=495149620 fetch_input_duration_ms=0
[2026-02-02 20:58:27.412] [info] [spider.worker] [TIMING] task_id=8e216fe9-91d5-496a-9691-2b2cb41dabeb func=job_orchestration.executor.compress.spider_compress.compress input_send_start=495149620 input_send_end=495149620 input_send_duration_ms=0 bytes=844
[2026-02-02 20:58:27.412] [info] [spider.worker] [TIMING] task_id=8e216fe9-91d5-496a-9691-2b2cb41dabeb func=job_orchestration.executor.compress.spider_compress.compress spawn_start=495149620 spawn_end=495149620 spawn_duration_ms=0
[2026-02-02 20:59:12.157] [info] [spider.worker] [TIMING] task_id=8e216fe9-91d5-496a-9691-2b2cb41dabeb func=job_orchestration.executor.compress.spider_compress.compress execution_start=495149621 execution_end=495194365 execution_duration_ms=44744
[2026-02-02 20:59:12.172] [info] [spider.worker] [TIMING] task_id=8e216fe9-91d5-496a-9691-2b2cb41dabeb func=job_orchestration.executor.compress.spider_compress.compress submit_output_start=495194367 submit_output_end=495194380 submit_output_duration_ms=13
[2026-02-02 20:59:12.192] [info] [spider.worker] [TIMING] task_id=ef41a404-38c9-4c5c-b792-702bd317b515 func=job_orchestration.executor.compress.spider_compress.compress fetch_input_start=495194399 fetch_input_end=495194400 fetch_input_duration_ms=1
[2026-02-02 20:59:12.193] [info] [spider.worker] [TIMING] task_id=ef41a404-38c9-4c5c-b792-702bd317b515 func=job_orchestration.executor.compress.spider_compress.compress input_send_start=495194401 input_send_end=495194401 input_send_duration_ms=0 bytes=749
[2026-02-02 20:59:12.193] [info] [spider.worker] [TIMING] task_id=ef41a404-38c9-4c5c-b792-702bd317b515 func=job_orchestration.executor.compress.spider_compress.compress spawn_start=495194400 spawn_end=495194401 spawn_duration_ms=0
[2026-02-02 21:01:55.646] [info] [spider.worker] [TIMING] task_id=ef41a404-38c9-4c5c-b792-702bd317b515 func=job_orchestration.executor.compress.spider_compress.compress execution_start=495194401 execution_end=495357855 execution_duration_ms=163453
[2026-02-02 21:01:55.665] [info] [spider.worker] [TIMING] task_id=ef41a404-38c9-4c5c-b792-702bd317b515 func=job_orchestration.executor.compress.spider_compress.compress submit_output_start=495357857 submit_output_end=495357873 submit_output_duration_ms=16
[2026-02-02 21:01:55.684] [info] [spider.worker] [TIMING] task_id=e4867961-ba2e-4e91-bf2a-325c73849a6d func=job_orchestration.executor.compress.spider_compress.compress fetch_input_start=495357892 fetch_input_end=495357893 fetch_input_duration_ms=0
[2026-02-02 21:01:55.685] [info] [spider.worker] [TIMING] task_id=e4867961-ba2e-4e91-bf2a-325c73849a6d func=job_orchestration.executor.compress.spider_compress.compress input_send_start=495357893 input_send_end=495357893 input_send_duration_ms=0 bytes=751
[2026-02-02 21:01:55.685] [info] [spider.worker] [TIMING] task_id=e4867961-ba2e-4e91-bf2a-325c73849a6d func=job_orchestration.executor.compress.spider_compress.compress spawn_start=495357893 spawn_end=495357893 spawn_duration_ms=0
[2026-02-02 21:02:55.486] [info] [spider.worker] [TIMING] task_id=e4867961-ba2e-4e91-bf2a-325c73849a6d func=job_orchestration.executor.compress.spider_compress.compress execution_start=495357894 execution_end=495417694 execution_duration_ms=59800
[2026-02-02 21:02:55.501] [info] [spider.worker] [TIMING] task_id=e4867961-ba2e-4e91-bf2a-325c73849a6d func=job_orchestration.executor.compress.spider_compress.compress submit_output_start=495417695 submit_output_end=495417709 submit_output_duration_ms=13
[2026-02-02 21:02:55.520] [info] [spider.worker] [TIMING] task_id=94c063c6-99ec-4090-8337-5cb0e427a1d2 func=job_orchestration.executor.compress.spider_compress.compress fetch_input_start=495417727 fetch_input_end=495417728 fetch_input_duration_ms=0
[2026-02-02 21:02:55.520] [info] [spider.worker] [TIMING] task_id=94c063c6-99ec-4090-8337-5cb0e427a1d2 func=job_orchestration.executor.compress.spider_compress.compress input_send_start=495417729 input_send_end=495417729 input_send_duration_ms=0 bytes=844
[2026-02-02 21:02:55.520] [info] [spider.worker] [TIMING] task_id=94c063c6-99ec-4090-8337-5cb0e427a1d2 func=job_orchestration.executor.compress.spider_compress.compress spawn_start=495417728 spawn_end=495417729 spawn_duration_ms=0
[2026-02-02 21:03:51.673] [info] [spider.worker] [TIMING] task_id=94c063c6-99ec-4090-8337-5cb0e427a1d2 func=job_orchestration.executor.compress.spider_compress.compress execution_start=495417729 execution_end=495473882 execution_duration_ms=56152
[2026-02-02 21:03:51.695] [info] [spider.worker] [TIMING] task_id=94c063c6-99ec-4090-8337-5cb0e427a1d2 func=job_orchestration.executor.compress.spider_compress.compress submit_output_start=495473884 submit_output_end=495473904 submit_output_duration_ms=19
[2026-02-02 21:03:51.715] [info] [spider.worker] [TIMING] task_id=fd0e21d9-22fa-4fa8-b21a-d540b7d9d6a1 func=job_orchestration.executor.compress.spider_compress.compress fetch_input_start=495473922 fetch_input_end=495473923 fetch_input_duration_ms=0
[2026-02-02 21:03:51.715] [info] [spider.worker] [TIMING] task_id=fd0e21d9-22fa-4fa8-b21a-d540b7d9d6a1 func=job_orchestration.executor.compress.spider_compress.compress input_send_start=495473924 input_send_end=495473924 input_send_duration_ms=0 bytes=756
[2026-02-02 21:03:51.715] [info] [spider.worker] [TIMING] task_id=fd0e21d9-22fa-4fa8-b21a-d540b7d9d6a1 func=job_orchestration.executor.compress.spider_compress.compress spawn_start=495473923 spawn_end=4954