[2026-02-02 22:02:49.591] [warning] [spider.worker] Prefer using `SPIDER_STORAGE_URL` environment variable over `--storage_url` argument.
[2026-02-02 22:03:32.253] [info] [spider.worker] [TIMING] task_id=7f3528d2-082e-4778-9554-82023734dfe8 func=job_orchestration.executor.query.spider_search_task.search_without_channel fetch_input_start=499054460 fetch_input_end=499054462 fetch_input_duration_ms=1
[2026-02-02 22:03:32.254] [info] [spider.worker] [TIMING] task_id=7f3528d2-082e-4778-9554-82023734dfe8 func=job_orchestration.executor.query.spider_search_task.search_without_channel input_send_start=499054462 input_send_end=499054462 input_send_duration_ms=0 bytes=611
[2026-02-02 22:03:32.254] [info] [spider.worker] [TIMING] task_id=7f3528d2-082e-4778-9554-82023734dfe8 func=job_orchestration.executor.query.spider_search_task.search_without_channel spawn_start=499054462 spawn_end=499054462 spawn_duration_ms=0
[2026-02-02 22:03:33.774] [info] [spider.worker] [TIMING] task_id=7f3528d2-082e-4778-9554-82023734dfe8 func=job_orchestration.executor.query.spider_search_task.search_without_channel execution_start=499054462 execution_end=499055982 execution_duration_ms=1519
[2026-02-02 22:03:33.804] [info] [spider.worker] [TIMING] task_id=7f3528d2-082e-4778-9554-82023734dfe8 func=job_orchestration.executor.query.spider_search_task.search_without_channel submit_output_start=499055992 submit_output_end=499056012 submit_output_duration_ms=19
[2026-02-02 22:03:33.844] [info] [spider.worker] [TIMING] task_id=f0e50e85-1c18-4a8a-9bce-8cd31d54090a func=job_orchestration.executor.query.spider_search_task.search_without_channel fetch_input_start=499056052 fetch_input_end=499056053 fetch_input_duration_ms=0
[2026-02-02 22:03:33.845] [info] [spider.worker] [TIMING] task_id=f0e50e85-1c18-4a8a-9bce-8cd31d54090a func=job_orchestration.executor.query.spider_search_task.search_without_channel input_send_start=499056053 input_send_end=499056053 input_send_duration_ms=0 bytes=612
[2026-02-02 22:03:33.845] [info] [spider.worker] [TIMING] task_id=f0e50e85-1c18-4a8a-9bce-8cd31d54090a func=job_orchestration.executor.query.spider_search_task.search_without_channel spawn_start=499056053 spawn_end=499056053 spawn_duration_ms=0
[2026-02-02 22:03:35.351] [info] [spider.worker] [TIMING] task_id=f0e50e85-1c18-4a8a-9bce-8cd31d54090a func=job_orchestration.executor.query.spider_search_task.search_without_channel execution_start=499056053 execution_end=499057559 execution_duration_ms=1505
[2026-02-02 22:03:35.363] [info] [spider.worker] [TIMING] task_id=f0e50e85-1c18-4a8a-9bce-8cd31d54090a func=job_orchestration.executor.query.spider_search_task.search_without_channel submit_output_start=499057561 submit_output_end=499057571 submit_output_duration_ms=9
[2026-02-02 22:03:35.373] [info] [spider.worker] [TIMING] task_id=15ad7b91-e6c9-4bd4-a7b7-1ce715acb23a func=job_orchestration.executor.query.spider_search_task.search_without_channel fetch_input_start=499057581 fetch_input_end=499057581 fetch_input_duration_ms=0
[2026-02-02 22:03:35.374] [info] [spider.worker] [TIMING] task_id=15ad7b91-e6c9-4bd4-a7b7-1ce715acb23a func=job_orchestration.executor.query.spider_search_task.search_without_channel input_send_start=499057582 input_send_end=499057582 input_send_duration_ms=0 bytes=611
[2026-02-02 22:03:35.374] [info] [spider.worker] [TIMING] task_id=15ad7b91-e6c9-4bd4-a7b7-1ce715acb23a func=job_orchestration.executor.query.spider_search_task.search_without_channel spawn_start=499057581 spawn_end=499057582 spawn_duration_ms=0
[2026-02-02 22:03:36.669] [info] [spider.worker] [TIMING] task_id=15ad7b91-e6c9-4bd4-a7b7-1ce715acb23a func=job_orchestration.executor.query.spider_search_task.search_without_channel execution_start=499057582 execution_end=499058877 execution_duration_ms=1295
[2026-02-02 22:03:36.697] [info] [spider.worker] [TIMING] task_id=15ad7b91-e6c9-4bd4-a7b7-1ce715acb23a func=job_orchestration.executor.query.spider_search_task.search_without_channel submit_output_start=499058879 submit_output_end=499058906 submit_output_duration_ms=26
[2026-02-02 22:03:36.716] [info] [spider.worker] [TIMING] task_id=316c2391-8fa8-4c20-8e21-6e728118890c func=job_orchestration.executor.query.spider_search_task.search_without_channel fetch_input_start=499058923 fetch_input_end=499058924 fetch_input_duration_ms=0
[2026-02-02 22:03:36.716] [info] [spider.worker] [TIMING] task_id=316c2391-8fa8-4c20-8e21-6e728118890c func=job_orchestration.executor.query.spider_search_task.search_without_channel input_send_start=499058924 input_send_end=499058924 input_send_duration_ms=0 bytes=611
[2026-02-02 22:03:36.716] [info] [spider.worker] [TIMING] task_id=316c2391-8fa8-4c20-8e21-6e728118890c func=job_orchestration.executor.query.spider_search_task.search_without_channel spawn_start=499058924 spawn_end=499058924 spawn_duration_ms=0
[2026-02-02 22:03:38.144] [info] [spider.worker] [TIMING] task_id=316c2391-8fa8-4c20-8e21-6e728118890c func=job_orchestration.executor.query.spider_search_task.search_without_channel execution_start=499058925 execution_end=499060352 execution_duration_ms=1427
[2026-02-02 22:03:38.164] [info] [spider.worker] [TIMING] task_id=316c2391-8fa8-4c20-8e21-6e728118890c func=job_orchestration.executor.query.spider_search_task.search_without_channel submit_output_start=499060354 submit_output_end=499060372 submit_output_duration_ms=17
[2026-02-02 22:03:38.208] [info] [spider.worker] [TIMING] task_id=0da816b9-f100-48ce-99cd-f121ca6ebd46 func=job_orchestration.executor.query.spider_search_task.search_without_channel fetch_input_start=499060416 fetch_input_end=499060417 fetch_input_duration_ms=1
[2026-02-02 22:03:38.209] [info] [spider.worker] [TIMING] task_id=0da816b9-f100-48ce-99cd-f121ca6ebd46 func=job_orchestration.executor.query.spider_search_task.search_without_channel input_send_start=499060417 input_send_end=499060417 input_send_duration_ms=0 bytes=612
[2026-02-02 22:03:38.209] [info] [spider.worker] [TIMING] task_id=0da816b9-f100-48ce-99cd-f121ca6ebd46 func=job_orchestration.executor.query.spider_search_task.search_without_channel spawn_start=499060417 spawn_end=499060417 spawn_duration_ms=0
[2026-02-02 22:03:39.430] [info] [spider.worker] [TIMING] task_id=0da816b9-f100-48ce-99cd-f121ca6ebd46 func=job_orchestration.executor.query.spider_search_task.search_without_channel execution_start=499060417 execution_end=499061639 execution_duration_ms=1221
[2026-02-02 22:03:39.519] [info] [spider.worker] [TIMING] task_id=0da816b9-f100-48ce-99cd-f121ca6ebd46 func=job_orchestration.executor.query.spider_search_task.search_without_channel submit_output_start=499061645 submit_output_end=499061728 submit_output_duration_ms=82
[2026-02-02 22:03:39.589] [info] [spider.worker] [TIMING] task_id=c3d02bbc-f265-4ce9-a90e-54480026fe90 func=job_orchestration.executor.query.spider_search_task.search_without_channel fetch_input_start=499061796 fetch_input_end=499061797 fetch_input_duration_ms=0
[2026-02-02 22:03:39.589] [info] [spider.worker] [TIMING] task_id=c3d02bbc-f265-4ce9-a90e-54480026fe90 func=job_orchestration.executor.query.spider_search_task.search_without_channel input_send_start=499061798 input_send_end=499061798 input_send_duration_ms=0 bytes=612
[2026-02-02 22:03:39.589] [info] [spider.worker] [TIMING] task_id=c3d02bbc-f265-4ce9-a90e-54480026fe90 func=job_orchestration.executor.query.spider_search_task.search_without_channel spawn_start=499061797 spawn_end=499061798 spawn_duration_ms=0
[2026-02-02 22:03:41.092] [info] [spider.worker] [TIMING] task_id=c3d02bbc-f265-4ce9-a90e-54480026fe90 func=job_orchestration.executor.query.spider_search_task.search_without_channel execution_start=499061798 execution_end=499063301 execution_duration_ms=1503
[2026-02-02 22:03:41.231] [info] [spider.worker] [TIMING] task_id=c3d02bbc-f265-4ce9-a90e-54480026fe90 func=job_orchestration.executor.query.spider_search_task.search_without_channel submit_output_start=499063303 submit_output_end=499063440 submit_output_duration_ms=137
[2026-02-02 22:03:41.251] [info] [spider.worker] [TIMING] task_id=04b03436-75fc-43a0-8cd9-9e5337a59dbe func=job_orchestration.executor.query.spider_search_task.search_without_channel fetch_input_start=499063458 fetch_input_end=499063459 fetch_input_duration_ms=1
[2026-02-02 22:03:41.252] [info] [spider.worker] [TIMING] task_id=04b03436-75fc-43a0-8cd9-9e5337a59dbe func=job_orchestration.executor.query.spider_search_task.search_without_channel input_send_start=499063460 input_send_end=499063460 input_send_duration_ms=0 bytes=612
[2026-02-02 22:03:41.252] [info] [spider.worker] [TIMING] task_id=04b03436-75fc-43a0-8cd9-9e5337a59dbe func=job_orchestration.executor.query.spider_search_task.search_without_channel spawn_start=499063460 spawn_end=499063460 spawn_duration_ms=0
[2026-02-02 22:03:42.798] [info] [spider.worker] [TIMING] task_id=04b03436-75fc-43a0-8cd9-9e5337a59dbe func=job_orchestration.executor.query.spider_search_task.search_without_channel execution_start=499063460 execution_end=499065006 execution_duration_ms=1545
[2026-02-02 22:03:42.824] [info] [spider.worker] [TIMING] task_id=04b03436-75fc-43a0-8cd9-9e5337a59dbe func=job_orchestration.executor.query.spider_search_task.search_without_channel submit_output_start=499065008 submit_output_end=499065032 submit_output_duration_ms=23
[2026-02-02 22:03:42.893] [info] [spider.worker] [TIMING] task_id=0677dbdb-5a13-4647-9b3a-7488d2fa7b89 func=job_orchestration.executor.query.spider_search_task.search_without_channel fetch_input_start=499065100 fetch_input_end=499065101 fetch_input_duration_ms=0
[2026-02-02 22:03:42.893] [info] [spider.worker] [TIMING] task_id=0677dbdb-5a13-4647-9b3a-7488d2fa7b89 func=job_orchestration.executor.query.spider_search_task.search_without_channel input_send_start=499065101 input_send_end=499065102 input_send_duration_ms=0 bytes=612
[2026-02-02 22:03:42.893] [info] [spider.worker] [TIMING] task_id=0677dbdb-5a13-4647-9b3a-7488d2fa7b89 func=job_orchestration.executor.query.spider_search_task.search_without_channel spawn_start=499065101 spawn_end=499065102 spawn_duration_ms=0
[2026-02-02 22:03:44.183] [info] [spider.worker] [TIMING] task_id=0677dbdb-5a13-4647-9b3a-7488d2fa7b89 func=job_orchestration.executor.query.spider_search_task.search_without_channel execution_start=499065102 execution_end=499066392 execution_duration_ms=1289
[2026-02-02 22:03:44.199] [info] [spider.worker] [TIMING] task_id=0677dbdb-5a13-4647-9b3a-7488d2fa7b89 func=job_orchestration.executor.query.spider_search_task.search_without_channel submit_output_start=499066393 submit_output_end=499066407 submit_output_duration_ms=14
[2026-02-02 22:03:44.210] [info] [spider.worker] [TIMING] task_id=d1e2bcaa-951d-4c86-a4d0-1b85d36717e0 func=job_orchestration.executor.query.spider_search_task.search_without_channel fetch_input_start=499066417 fetch_input_end=499066418 fetch_input_duration_ms=1
[2026-02-02 22:03:44.211] [info] [spider.worker] [TIMING] task_id=d1e2bcaa-951d-4c86-a4d0-1b85d36717e0 func=job_orchestration.executor.query.spider_search_task.search_without_channel input_send_start=499066419 input_send_end=499066419 input_send_duration_ms=0 bytes=610
[2026-02-02 22:03:44.211] [info] [spider.worker] [TIMING] task_id=d1e2bcaa-951d-4c86-a4d0-1b85d36717e0 func=job_orchestration.executor.query.spider_search_task.search_without_channel spawn_start=499066418 spawn_end=499066419 spawn_duration_ms=0
[2026-02-02 22:03:45.554] [info] [spider.worker] [TIMING] task_id=d1e2bcaa-951d-4c86-a4d0-1b85d36717e0 func=job_orchestration.executor.query.spider_search_task.search_without_channel execution_start=499066419 execution_end=499067762 execution_duration_ms=1343
[2026-02-02 22:03:45.663] [info] [spider.worker] [TIMING] task_id=d1e2bcaa-951d-4c86-a4d0-1b85d36717e0 func=job_orchestration.executor.query.spider_search_task.search_without_channel submit_output_start=499067764 submit_output_end=499067872 submit_output_duration_ms=107
[2026-02-02 22:03:45.752] [info] [spider.worker] [TIMING] task_id=4c64e3eb-0ec6-4740-843d-130fea70ddaa func=job_orchestration.executor.query.spider_search_task.search_without_channel fetch_input_start=499067960 fetch_input_end=499067961 fetch_input_duration_ms=0
[2026-02-02 22:03:45.753] [info] [spider.worker] [TIMING] task_id=4c64e3eb-0ec6-4740-843d-130fea70ddaa func=job_orchestration.executor.query.spider_search_task.search_without_channel input_send_start=499067961 input_send_end=499067961 input_send_duration_ms=0 bytes=612
[2026-02-02 22:03:45.753] [info] [spider.worker] [TIMING] task_id=4c64e3eb-0ec6-4740-843d-130fea70ddaa func=job_orchestration.executor.query.spider_search_task.search_without_channel spawn_start=499067961 spawn_end=499067961 spawn_duration_ms=0
[2026-02-02 22:03:47.148] [info] [spider.worker] [TIMING] task_id=4c64e3eb-0ec6-4740-843d-130fea70ddaa func=job_orchestration.executor.query.spider_search_task.search_without_channel execution_start=499067962 execution_end=499069356 execution_duration_ms=1394
[2026-02-02 22:03:47.176] [info] [spider.worker] [TIMING] task_id=4c64e3eb-0ec6-4740-843d-130fea70ddaa func=job_orchestration.executor.query.spider_search_task.search_without_channel submit_output_start=499069357 submit_output_end=499069385 submit_output_duration_ms=27
[2026-02-02 22:03:47.194] [info] [spider.worker] [TIMING] task_id=4d1ebdd3-47dd-4e5a-ab42-b11fbaa51697 func=job_orchestration.executor.query.spider_search_task.search_without_channel fetch_input_start=499069401 fetch_input_end=499069402 fetch_input_duration_ms=1
[2026-02-02 22:03:47.195] [info] [spider.worker] [TIMING] task_id=4d1ebdd3-47dd-4e5a-ab42-b11fbaa51697 func=job_orchestration.executor.query.spider_search_task.search_without_channel input_send_start=499069403 input_send_end=499069403 input_send_duration_ms=0 bytes=612
[2026-02-02 22:03:47.195] [info] [spider.worker] [TIMING] task_id=4d1ebdd3-47dd-4e5a-ab42-b11fbaa51697 func=job_orchestration.executor.query.spider_search_task.search_without_channel spawn_start=499069402 spawn_end=499069403 spawn_duration_ms=0
[2026-02-02 22:03:48.494] [info] [spider.worker] [TIMING] task_id=4d1ebdd3-47dd-4e5a-ab42-b11fbaa51697 func=job_orchestration.executor.query.spider_search_task.search_without_channel execution_start=499069403 execution_end=499070702 execution_duration_ms=1299
[2026-02-02 22:03:48.575] [info] [spider.worker] [TIMING] task_id=4d1ebdd3-47dd-4e5a-ab42-b11fbaa51697 func=job_orchestration.executor.query.spider_search_task.search_without_channel submit_output_start=499070704 submit_output_end=499070783 submit_output_duration_ms=78
[2026-02-02 22:03:48.636] [info] [spider.worker] [TIMING] task_id=91edcc79-8cee-429f-afc3-2e7d60e2deab func=job_orchestration.executor.query.spider_search_task.search_without_channel fetch_input_start=499070844 fetch_input_end=499070845 fetch_input_duration_ms=0
[2026-02-02 22:03:48.637] [info] [spider.worker] [TIMING] task_id=91edcc79-8cee-429f-afc3-2e7d60e2deab func=job_orchestration.executor.query.spider_search_task.search_without_channel input_send_start=499070845 input_send_end=499070845 input_send_duration_ms=0 bytes=612
[2026-02-02 22:03:48.637] [info] [spider.worker] [TIMING] task_id=91edcc79-8cee-429f-afc3-2e7d60e2deab func=job_orchestration.executor.query.spider_search_task.search_without_channel spawn_start=499070845 spawn_end=499070845 spawn_duration_ms=0
[2026-02-02 22:03:50.035] [info] [spider.worker] [TIMING] task_id=91edcc79-8cee-429f-afc3-2e7d60e2deab func=job_orchestration.executor.query.spider_search_task.search_without_channel execution_start=499070845 execution_end=499072243 execution_duration_ms=1398
[2026-02-02 22:03:50.061] [info] [spider.worker] [TIMING] task_id=91edcc79-8cee-429f-afc3-2e7d60e2deab func=job_orchestration.executor.query.spider_search_task.search_without_channel submit_output_start=499072245 submit_output_end=499072270 submit_output_duration_ms=24
[2026-02-02 22:03:50.078] [info] [spider.worker] [TIMING] task_id=718dcc33-49d0-4fa7-9479-0f59baba8035 func=job_orchestration.executor.query.spider_search_task.search_without_channel fetch_input_start=499072285 fetch_input_end=499072286 fetch_input_duration_ms=0
[2026-02-02 22:03:50.078] [info] [spider.worker] [TIMING] task_id=718dcc33-49d0-4fa7-9479-0f59baba8035 func=job_orchestration.executor.query.spider_search_task.search_without_channel input_send_start=499072287 input_send_end=499072287 input_send_duration_ms=0 bytes=612
[2026-02-02 22:03:50.078] [info] [spider.worker] [TIMING] task_id=718dcc33-49d0-4fa7-9479-0f59baba8035 func=job_orchestration.executor.query.spider_search_task.search_without_channel spawn_start=499072286 spawn_end=499072287 spawn_duration_ms=0
[2026-02-02 22:03:51.272] [info] [spider.worker] [TIMING] task_id=718dcc33-49d0-4fa7-9479-0f59baba8035 func=job_orchestration.executor.query.spider_search_task.search_without_channel execution_start=499072287 execution_end=499073481 execution_duration_ms=1193
[2026-02-02 22:03:51.349] [info] [spider.worker] [TIMING] task_id=718dcc33-49d0-4fa7-9479-0f59baba8035 func=job_orchestration.executor.query.spider_search_task.search_without_channel submit_output_start=499073491 submit_output_end=499073557 submit_output_duration_ms=66
[2026-02-02 22:03:51.468] [info] [spider.worker] [TIMING] task_id=6dd4f697-fb5a-4ad3-848a-7a955c44e997 func=job_orchestration.executor.query.spider_search_task.search_without_channel fetch_input_start=499073676 fetch_input_end=499073677 fetch_input_duration_ms=0
[2026-02-02 22:03:51.469] [info] [spider.worker] [TIMING] task_id=6dd4f697-fb5a-4ad3-848a-7a955c44e997 func=job_orchestration.executor.query.spider_search_task.search_without_channel input_send_start=499073677 input_send_end=499073677 input_send_duration_ms=0 bytes=612
[2026-02-02 22:03:51.469] [info] [spider.worker] [TIMING] task_id=6dd4f697-fb5a-4ad3-848a-7a955c44e997 func=job_orchestration.executor.query.spider_search_task.search_without_channel spawn_start=499073677 spawn_end=499073677 spawn_duration_ms=0
[2026-02-02 22:03:52.726] [info] [spider.worker] [TIMING] task_id=6dd4f697-fb5a-4ad3-848a-7a955c44e997 func=job_orchestration.executor.query.spider_search_task.search_without_channel execution_start=499073677 execution_end=499074935 execution_duration_ms=1257
[2026-02-02 22:03:52.795] [info] [spider.worker] [TIMING] task_id=6dd4f697-fb5a-4ad3-848a-7a955c44e997 func=job_orchestration.executor.query.spider_search_task.search_without_channel submit_output_start=499074945 submit_output_end=499075004 submit_output_duration_ms=58
[2026-02-02 22:03:52.940] [info] [spider.worker] [TIMING] task_id=12558491-65e2-4f10-85a0-6cfd5c88c6b6 func=job_orchestration.executor.query.spider_search_task.search_without_channel fetch_input_start=499075147 fetch_input_end=499075148 fetch_input_duration_ms=1
[2026-02-02 22:03:52.941] [info] [spider.worker] [TIMING] task_id=12558491-65e2-4f10-85a0-6cfd5c88c6b6 func=job_orchestration.executor.query.spider_search_task.search_without_channel input_send_start=499075149 input_send_end=499075149 input_send_duration_ms=0 bytes=612
[2026-02-02 22:03:52.941] [info] [spider.worker] [TIMING] task_id=12558491-65e2-4f10-85a0-6cfd5c88c6b6 func=job_orchestration.executor.query.spider_search_task.search_without_channel spawn_start=499075149 spawn_end=499075149 spawn_duration_ms=0
[2026-02-02 22:03:54.378] [info] [spider.worker] [TIMING] task_id=12558491-65e2-4f10-85a0-6cfd5c88c6b6 func=job_orchestration.executor.query.spider_search_task.search_without_channel execution_start=499075149 execution_end=499076587 execution_duration_ms=1437
[2026-02-02 22:03:54.427] [info] [spider.worker] [TIMING] task_id=12558491-65e2-4f10-85a0-6cfd5c88c6b6 func=job_orchestration.executor.query.spider_search_task.search_without_channel submit_output_start=499076588 submit_output_end=499076635 submit_output_duration_ms=47
[2026-02-02 22:03:54.471] [info] [spider.worker] [TIMING] task_id=e5b28b43-5e11-4ace-b5bc-a315f288ada2 func=job_orchestration.executor.query.spider_search_task.search_without_channel fetch_input_start=499076678 fetch_input_end=499076679 fetch_input_duration_ms=0
[2026-02-02 22:03:54.471] [info] [spider.worker] [TIMING] task_id=e5b28b43-5e11-4ace-b5bc-a315f288ada2 func=job_orchestration.executor.query.spider_search_task.search_without_channel input_send_start=499076680 input_send_end=499076680 input_send_duration_ms=0 bytes=611
[2026-02-02 22:03:54.471] [info] [spider.worker] [TIMING] task_id=e5b28b43-5e11-4ace-b5bc-a315f288ada2 func=job_orchestration.executor.query.spider_search_task.search_without_channel spawn_start=499076679 spawn_end=499076680 spawn_duration_ms=0
[2026-02-02 22:03:55.905] [info] [spider.worker] [TIMING] task_id=e5b28b43-5e11-4ace-b5bc-a315f288ada2 func=job_orchestration.executor.query.spider_search_task.search_without_channel execution_start=499076680 execution_end=499078113 execution_duration_ms=1433
[2026-02-02 22:03:55.947] [info] [spider.worker] [TIMING] task_id=e5b28b43-5e11-4ace-b5bc-a315f288ada2 func=job_orchestration.executor.query.spider_search_task.search_without_channel submit_output_start=499078115 submit_output_end=499078155 submit_output_duration_ms=40
[2026-02-02 22:03:56.055] [info] [spider.worker] [TIMING] task_id=25fbd53f-fc59-4d04-b21e-0b914e066dd9 func=job_orchestration.executor.query.spider_search_task.search_without_channel fetch_input_start=499078262 fetch_input_end=499078263 fetch_input_duration_ms=0
[2026-02-02 22:03:56.055] [info] [spider.worker] [TIMING] task_id=25fbd53f-fc59-4d04-b21e-0b914e066dd9 func=job_orchestration.executor.query.spider_search_task.search_without_channel input_send_start=499078263 input_send_end=499078263 input_send_duration_ms=0 bytes=610
[2026-02-02 22:03:56.055] [info] [spider.worker] [TIMING] task_id=25fbd53f-fc59-4d04-b21e-0b914e066dd9 func=job_orchestration.executor.query.spider_search_task.search_without_channel spawn_start=499078263 spawn_end=499078263 spawn_duration_ms=0
[2026-02-02 22:03:57.452] [info] [spider.worker] [TIMING] task_id=25fbd53f-fc59-4d04-b21e-0b914e066dd9 func=job_orchestration.executor.query.spider_search_task.search_without_channel execution_start=499078264 execution_end=499079661 execution_duration_ms=1397
[2026-02-02 22:03:57.501] [info] [spider.worker] [TIMING] task_id=25fbd53f-fc59-4d04-b21e-0b914e066dd9 func=job_orchestration.executor.query.spider_search_task.search_without_channel submit_output_start=499079662 submit_output_end=499079709 submit_output_duration_ms=46
[2026-02-02 22:03:57.521] [info] [spider.worker] [TIMING] task_id=1297d304-b3cc-482c-b433-0676d9dd5783 func=job_orchestration.executor.query.spider_search_task.search_without_channel fetch_input_start=499079729 fetch_input_end=499079730 fetch_input_duration_ms=0
[2026-02-02 22:03:57.522] [info] [spider.worker] [TIMING] task_id=1297d304-b3cc-482c-b433-0676d9dd5783 func=job_orchestration.executor.query.spider_search_task.search_without_channel input_send_start=499079730 input_send_end=499079730 input_send_duration_ms=0 bytes=610
[2026-02-02 22:03:57.522] [info] [spider.worker] [TIMING] task_id=1297d304-b3cc-482c-b433-0676d9dd5783 func=job_orchestration.executor.query.spider_search_task.search_without_channel spawn_start=499079730 spawn_end=499079730 spawn_duration_ms=0
[2026-02-02 22:03:58.897] [info] [spider.worker] [TIMING] task_id=1297d304-b3cc-482c-b433-0676d9dd5783 func=job_orchestration.executor.query.spider_search_task.search_without_channel execution_start=499079730 execution_end=499081105 execution_duration_ms=1374
[2026-02-02 22:03:58.944] [info] [spider.worker] [TIMING] task_id=1297d304-b3cc-482c-b433-0676d9dd5783 func=job_orchestration.executor.query.spider_search_task.search_without_channel submit_output_start=499081131 submit_output_end=499081153 submit_output_duration_ms=22
[2026-02-02 22:03:59.005] [info] [spider.worker] [TIMING] task_id=46ccbe54-1238-44e4-8dd5-4564b58fe817 func=job_orchestration.executor.query.spider_search_task.search_without_channel fetch_input_start=499081213 fetch_input_end=499081214 fetch_input_duration_ms=1
[2026-02-02 22:03:59.006] [info] [spider.worker] [TIMING] task_id=46ccbe54-1238-44e4-8dd5-4564b58fe817 func=job_orchestration.executor.query.spider_search_task.search_without_channel input_send_start=499081214 input_send_end=499081214 input_send_duration_ms=0 bytes=612
[2026-02-02 22:03:59.006] [info] [spider.worker] [TIMING] task_id=46ccbe54-1238-44e4-8dd5-4564b58fe817 func=job_orchestration.executor.query.spider_search_task.search_without_channel spawn_start=499081214 spawn_end=499081215 spawn_duration_ms=0
[2026-02-02 22:04:00.460] [info] [spider.worker] [TIMING] task_id=46ccbe54-1238-44e4-8dd5-4564b58fe817 func=job_orchestration.executor.query.spider_search_task.search_without_channel execution_start=499081215 execution_end=499082668 execution_duration_ms=1453
[2026-02-02 22:04:00.501] [info] [spider.worker] [TIMING] task_id=46ccbe54-1238-44e4-8dd5-4564b58fe817 func=job_orchestration.executor.query.spider_search_task.search_without_channel submit_output_start=499082670 submit_output_end=499082709 submit_output_duration_ms=39
[2026-02-02 22:04:00.523] [info] [spider.worker] [TIMING] task_id=2011e581-bd61-4950-8672-737dd9a05172 func=job_orchestration.executor.query.spider_search_task.search_without_channel fetch_input_start=499082730 fetch_input_end=499082731 fetch_input_duration_ms=1
[2026-02-02 22:04:00.524] [info] [spider.worker] [TIMING] task_id=2011e581-bd61-4950-8672-737dd9a05172 func=job_orchestration.executor.query.spider_search_task.search_without_channel input_send_start=499082732 input_send_end=499082732 input_send_duration_ms=0 bytes=612
[2026-02-02 22:04:00.524] [info] [spider.worker] [TIMING] task_id=2011e581-bd61-4950-8672-737dd9a05172 func=job_orchestration.executor.query.spider_search_task.search_without_channel spawn_start=499082731 spawn_end=499082732 spawn_duration_ms=0
[2026-02-02 22:04:01.785] [info] [spider.worker] [TIMING] task_id=2011e581-bd61-4950-8672-737dd9a05172 func=job_orchestration.executor.query.spider_search_task.search_without_channel execution_start=499082732 execution_end=499083993 execution_duration_ms=1260
[2026-02-02 22:04:01.795] [info] [spider.worker] [TIMING] task_id=2011e581-bd61-4950-8672-737dd9a05172 func=job_orchestration.executor.query.spider_search_task.search_without_channel submit_output_start=499083995 submit_output_end=499084003 submit_output_duration_ms=8
[2026-02-02 22:04:01.832] [info] [spider.worker] [TIMING] task_id=21b55469-9afd-4a26-84cb-8fcba7885da9 func=job_orchestration.executor.query.spider_search_task.search_without_channel fetch_input_start=499084039 fetch_input_end=499084041 fetch_input_duration_ms=1
[2026-02-02 22:04:01.833] [info] [spider.worker] [TIMING] task_id=21b55469-9afd-4a26-84cb-8fcba7885da9 func=job_orchestration.executor.query.spider_search_task.search_without_channel input_send_start=499084041 input_send_end=499084041 input_send_duration_ms=0 bytes=612
[2026-02-02 22:04:01.833] [info] [spider.worker] [TIMING] task_id=21b55469-9afd-4a26-84cb-8fcba7885da9 func=job_orchestration.executor.query.spider_search_task.search_without_channel spawn_start=499084041 spawn_end=499084041 spawn_duration_ms=0
[2026-02-02 22:04:02.949] [info] [spider.worker] [TIMING] task_id=21b55469-9afd-4a26-84cb-8fcba7885da9 func=job_orchestration.executor.query.spider_search_task.search_without_channel execution_start=499084042 execution_end=499085157 execution_duration_ms=1115
[2026-02-02 22:04:02.991] [info] [spider.worker] [TIMING] task_id=21b55469-9afd-4a26-84cb-8fcba7885da9 func=job_orchestration.executor.query.spider_search_task.search_without_channel submit_output_start=499085159 submit_output_end=499085200 submit_output_duration_ms=41
[2026-02-02 22:04:03.036] [info] [spider.worker] [TIMING] task_id=9c90ddf8-cbd7-4928-8f3c-c80d9160f73c func=job_orchestration.executor.query.spider_search_task.search_without_channel fetch_input_start=499085244 fetch_input_end=499085245 fetch_input_duration_ms=0
[2026-02-02 22:04:03.037] [info] [spider.worker] [TIMING] task_id=9c90ddf8-cbd7-4928-8f3c-c80d9160f73c func=job_orchestration.executor.query.spider_search_task.search_without_channel input_send_start=499085245 input_send_end=499085245 input_send_duration_ms=0 bytes=612
[2026-02-02 22:04:03.037] [info] [spider.worker] [TIMING] task_id=9c90ddf8-cbd7-4928-8f3c-c80d9160f73c func=job_orchestration.executor.query.spider_search_task.search_without_channel spawn_start=499085245 spawn_end=499085245 spawn_duration_ms=0
[2026-02-02 22:04:04.260] [info] [spider.worker] [TIMING] task_id=9c90ddf8-cbd7-4928-8f3c-c80d9160f73c func=job_orchestration.executor.query.spider_search_task.search_without_channel execution_start=499085245 execution_end=499086468 execution_duration_ms=1222
[2026-02-02 22:04:04.313] [info] [spider.worker] [TIMING] task_id=9c90ddf8-cbd7-4928-8f3c-c80d9160f73c func=job_orchestration.executor.query.spider_search_task.search_without_channel submit_output_start=499086488 submit_output_end=499086521 submit_output_duration_ms=33
[2026-02-02 22:04:04.348] [info] [spider.worker] [TIMING] task_id=1f5063f8-7a8b-43c7-9c68-143f699a6b11 func=job_orchestration.executor.query.spider_search_task.search_without_channel fetch_input_start=499086556 fetch_input_end=499086557 fetch_input_duration_ms=0
[2026-02-02 22:04:04.349] [info] [spider.worker] [TIMING] task_id=1f5063f8-7a8b-43c7-9c68-143f699a6b11 func=job_orchestration.executor.query.spider_search_task.search_without_channel input_send_start=499086557 input_send_end=499086557 input_send_duration_ms=0 bytes=610
[2026-02-02 22:04:04.349] [info] [spider.worker] [TIMING] task_id=1f5063f8-7a8b-43c7-9c68-143f699a6b11 func=job_orchestration.executor.query.spider_search_task.search_without_channel spawn_start=499086557 spawn_end=499086557 spawn_duration_ms=0
[2026-02-02 22:04:05.599] [info] [spider.worker] [TIMING] task_id=1f5063f8-7a8b-43c7-9c68-143f699a6b11 func=job_orchestration.executor.query.spider_search_task.search_without_channel execution_start=499086557 execution_end=499087808 execution_duration_ms=1250
[2026-02-02 22:04:05.724] [info] [spider.worker] [TIMING] task_id=1f5063f8-7a8b-43c7-9c68-143f699a6b11 func=job_orchestration.executor.query.spider_search_task.search_without_channel submit_output_start=499087809 submit_output_end=499087933 submit_output_duration_ms=123
[2026-02-02 22:04:05.803] [info] [spider.worker] [TIMING] task_id=87f4fa21-e984-4c4c-a706-75c8bdcfb9f9 func=job_orchestration.executor.query.spider_search_task.search_without_channel fetch_input_start=499088010 fetch_input_end=499088011 fetch_input_duration_ms=1
[2026-02-02 22:04:05.803] [info] [spider.worker] [TIMING] task_id=87f4fa21-e984-4c4c-a706-75c8bdcfb9f9 func=job_orchestration.executor.query.spider_search_task.search_without_channel input_send_start=499088011 input_send_end=499088011 input_send_duration_ms=0 bytes=612
[2026-02-02 22:04:05.803] [info] [spider.worker] [TIMING] task_id=87f4fa21-e984-4c4c-a706-75c8bdcfb9f9 func=job_orchestration.executor.query.spider_search_task.search_without_channel spawn_start=499088011 spawn_end=499088011 spawn_duration_ms=0
[2026-02-02 22:04:07.011] [info] [spider.worker] [TIMING] task_id=87f4fa21-e984-4c4c-a706-75c8bdcfb9f9 func=job_orchestration.executor.query.spider_search_task.search_without_channel execution_start=499088012 execution_end=499089219 execution_duration_ms=1207
[2026-02-02 22:04:07.046] [info] [spider.worker] [TIMING] task_id=87f4fa21-e984-4c4c-a706-75c8bdcfb9f9 func=job_orchestration.executor.query.spider_search_task.search_without_channel submit_output_start=499089221 submit_output_end=499089254 submit_output_duration_ms=33
[2026-02-02 22:04:07.082] [info] [spider.worker] [TIMING] task_id=f3507c67-911d-4f4b-bf12-f7d79801c5c6 func=job_orchestration.executor.query.spider_search_task.search_without_channel fetch_input_start=499089290 fetch_input_end=499089290 fetch_input_duration_ms=0
[2026-02-02 22:04:07.083] [info] [spider.worker] [TIMING] task_id=f3507c67-911d-4f4b-bf12-f7d79801c5c6 func=job_orchestration.executor.query.spider_search_task.search_without_channel input_send_start=499089291 input_send_end=499089291 input_send_duration_ms=0 bytes=612
[2026-02-02 22:04:07.083] [info] [spider.worker] [TIMING] task_id=f3507c67-911d-4f4b-bf12-f7d79801c5c6 func=job_orchestration.executor.query.spider_search_task.search_without_channel spawn_start=499089290 spawn_end=499089291 spawn_duration_ms=0
[2026-02-02 22:04:08.273] [info] [spider.worker] [TIMING] task_id=f3507c67-911d-4f4b-bf12-f7d79801c5c6 func=job_orchestration.executor.query.spider_search_task.search_without_channel execution_start=499089291 execution_end=499090481 execution_duration_ms=1190
[2026-02-02 22:04:08.299] [info] [spider.worker] [TIMING] task_id=f3507c67-911d-4f4b-bf12-f7d79801c5c6 func=job_orchestration.executor.query.spider_search_task.search_without_channel submit_output_start=499090483 submit_output_end=499090508 submit_output_duration_ms=24
[2026-02-02 22:04:08.361] [info] [spider.worker] [TIMING] task_id=20827dab-d834-4eb3-9d23-93ea5d08cb61 func=job_orchestration.executor.query.spider_search_task.search_without_channel fetch_input_start=499090568 fetch_input_end=499090569 fetch_input_duration_ms=0
[2026-02-02 22:04:08.361] [info] [spider.worker] [TIMING] task_id=20827dab-d834-4eb3-9d23-93ea5d08cb61 func=job_orchestration.executor.query.spider_search_task.search_without_channel input_send_start=499090569 input_send_end=499090569 input_send_duration_ms=0 bytes=612
[2026-02-02 22:04:08.361] [info] [spider.worker] [TIMING] task_id=20827dab-d834-4eb3-9d23-93ea5d08cb61 func=job_orchestration.executor.query.spider_search_task.search_without_channel spawn_start=499090569 spawn_end=499090569 spawn_duration_ms=0
[2026-02-02 22:04:09.630] [info] [spider.worker] [TIMING] task_id=20827dab-d834-4eb3-9d23-93ea5d08cb61 func=job_orchestration.executor.query.spider_search_task.search_without_channel execution_start=499090570 execution_end=499091838 execution_duration_ms=1268
[2026-02-02 22:04:09.647] [info] [spider.worker] [TIMING] task_id=20827dab-d834-4eb3-9d23-93ea5d08cb61 func=job_orchestration.executor.query.spider_search_task.search_without_channel submit_output_start=499091840 submit_output_end=499091855 submit_output_duration_ms=15
[2026-02-02 22:04:09.667] [info] [spider.worker] [TIMING] task_id=11d09921-c002-4cd0-84cc-f06d620f4b8f func=job_orchestration.executor.query.spider_search_task.search_without_channel fetch_input_start=499091874 fetch_input_end=499091875 fetch_input_duration_ms=1
[2026-02-02 22:04:09.667] [info] [spider.worker] [TIMING] task_id=11d09921-c002-4cd0-84cc-f06d620f4b8f func=job_orchestration.executor.query.spider_search_task.search_without_channel input_send_start=499091876 input_send_end=499091876 input_send_duration_ms=0 bytes=612
[2026-02-02 22:04:09.667] [info] [spider.worker] [TIMING] task_id=11d09921-c002-4cd0-84cc-f06d620f4b8f func=job_orchestration.executor.query.spider_search_task.search_without_channel spawn_start=499091875 spawn_end=499091876 spawn_duration_ms=0
[2026-02-02 22:04:10.894] [info] [spider.worker] [TIMING] task_id=11d09921-c002-4cd0-84cc-f06d620f4b8f func=job_orchestration.executor.query.spider_search_task.search_without_channel execution_start=499091876 execution_end=499093102 execution_duration_ms=1226
[2026-02-02 22:04:10.914] [info] [spider.worker] [TIMING] task_id=11d09921-c002-4cd0-84cc-f06d620f4b8f func=job_orchestration.executor.query.spider_search_task.search_without_channel submit_output_start=499093104 submit_output_end=499093123 submit_output_duration_ms=19
[2026-02-02 22:04:10.942] [info] [spider.worker] [TIMING] task_id=408d930b-6422-4816-b4ac-9720eed5a6a5 func=job_orchestration.executor.query.spider_search_task.search_without_channel fetch_input_start=499093150 fetch_input_end=499093151 fetch_input_duration_ms=0
[2026-02-02 22:04:10.943] [info] [spider.worker] [TIMING] task_id=408d930b-6422-4816-b4ac-9720eed5a6a5 func=job_orchestration.executor.query.spider_search_task.search_without_channel input_send_start=499093151 input_send_end=499093151 input_send_duration_ms=0 bytes=612
[2026-02-02 22:04:10.943] [info] [spider.worker] [TIMING] task_id=408d930b-6422-4816-b4ac-9720eed5a6a5 func=job_orchestration.executor.query.spider_search_task.search_without_channel spawn_start=499093151 spawn_end=499093151 spawn_duration_ms=0
[2026-02-02 22:04:12.212] [info] [spider.worker] [TIMING] task_id=408d930b-6422-4816-b4ac-9720eed5a6a5 func=job_orchestration.executor.query.spider_search_task.search_without_channel execution_start=499093151 execution_end=499094420 execution_duration_ms=1268
[2026-02-02 22:04:12.248] [info] [spider.worker] [TIMING] task_id=408d930b-6422-4816-b4ac-9720eed5a6a5 func=job_orchestration.executor.query.spider_search_task.search_without_channel submit_output_start=499094427 submit_output_end=499094456 submit_output_duration_ms=28
[2026-02-02 22:04:12.285] [info] [spider.worker] [TIMING] task_id=593ec1c5-0ee1-4beb-ae35-2a8f4c86acf0 func=job_orchestration.executor.query.spider_search_task.search_without_channel fetch_input_start=499094492 fetch_input_end=499094493 fetch_input_duration_ms=1
[2026-02-02 22:04:12.285] [info] [spider.worker] [TIMING] task_id=593ec1c5-0ee1-4beb-ae35-2a8f4c86acf0 func=job_orchestration.executor.query.spider_search_task.search_without_channel input_send_start=499094493 input_send_end=499094494 input_send_duration_ms=0 bytes=612
[2026-02-02 22:04:12.285] [info] [spider.worker] [TIMING] task_id=593ec1c5-0ee1-4beb-ae35-2a8f4c86acf0 func=job_orchestration.executor.query.spider_search_task.search_without_channel spawn_start=499094493 spawn_end=499094494 spawn_duration_ms=0
[2026-02-02 22:04:13.516] [info] [spider.worker] [TIMING] task_id=593ec1c5-0ee1-4beb-ae35-2a8f4c86acf0 func=job_orchestration.executor.query.spider_search_task.search_without_channel execution_start=499094494 execution_end=499095724 execution_duration_ms=1230
[2026-02-02 22:04:13.548] [info] [spider.worker] [TIMING] task_id=593ec1c5-0ee1-4beb-ae35-2a8f4c86acf0 func=job_orchestration.executor.query.spider_search_task.search_without_channel submit_output_start=499095726 submit_output_end=499095756 submit_output_duration_ms=30
[2026-02-02 22:04:13.568] [info] [spider.worker] [TIMING] task_id=865b3ccc-3b2c-40d1-bec5-22ca07a53246 func=job_orchestration.executor.query.spider_search_task.search_without_channel fetch_input_start=499095775 fetch_input_end=499095776 fetch_input_duration_ms=0
[2026-02-02 22:04:13.568] [info] [spider.worker] [TIMING] task_id=865b3ccc-3b2c-40d1-bec5-22ca07a53246 func=job_orchestration.executor.query.spider_search_task.search_without_channel input_send_start=499095776 input_send_end=499095776 input_send_duration_ms=0 bytes=612
[2026-02-02 22:04:13.568] [info] [spider.worker] [TIMING] task_id=865b3ccc-3b2c-40d1-bec5-22ca07a53246 func=job_orchestration.executor.query.spider_search_task.search_without_channel spawn_start=499095776 spawn_end=499095776 spawn_duration_ms=0
[2026-02-02 22:04:14.770] [info] [spider.worker] [TIMING] task_id=865b3ccc-3b2c-40d1-bec5-22ca07a53246 func=job_orchestration.executor.query.spider_search_task.search_without_channel execution_start=499095777 execution_end=499096978 execution_duration_ms=1201
[2026-02-02 22:04:14.819] [info] [spider.worker] [TIMING] task_id=865b3ccc-3b2c-40d1-bec5-22ca07a53246 func=job_orchestration.executor.query.spider_search_task.search_without_channel submit_output_start=499096980 submit_output_end=499097027 submit_output_duration_ms=47
[2026-02-02 22:04:14.844] [info] [spider.worker] [TIMING] task_id=03ee4f08-db8e-4871-a02f-10814cd42f6e func=job_orchestration.executor.query.spider_search_task.search_without_channel fetch_input_start=499097050 fetch_input_end=499097052 fetch_input_duration_ms=1
[2026-02-02 22:04:14.844] [info] [spider.worker] [TIMING] task_id=03ee4f08-db8e-4871-a02f-10814cd42f6e func=job_orchestration.executor.query.spider_search_task.search_without_channel input_send_start=499097052 input_send_end=499097053 input_send_duration_ms=0 bytes=612
[2026-02-02 22:04:14.844] [info] [spider.worker] [TIMING] task_id=03ee4f08-db8e-4871-a02f-10814cd42f6e func=job_orchestration.executor.query.spider_search_task.search_without_channel spawn_start=499097052 spawn_end=499097053 spawn_duration_ms=0
[2026-02-02 22:04:16.157] [info] [spider.worker] [TIMING] task_id=03ee4f08-db8e-4871-a02f-10814cd42f6e func=job_orchestration.executor.query.spider_search_task.search_without_channel execution_start=499097053 execution_end=499098366 execution_duration_ms=1312
[2026-02-02 22:04:16.316] [info] [spider.worker] [TIMING] task_id=03ee4f08-db8e-4871-a02f-10814cd42f6e func=job_orchestration.executor.query.spider_search_task.search_without_channel submit_output_start=499098367 submit_output_end=499098524 submit_output_duration_ms=157
[2026-02-02 22:04:16.344] [info] [spider.worker] [TIMING] task_id=8afc1834-e649-4326-a994-4ccd56101ac2 func=job_orchestration.executor.query.spider_search_task.search_without_channel fetch_input_start=499098551 fetch_input_end=499098552 fetch_input_duration_ms=1
[2026-02-02 22:04:16.345] [info] [spider.worker] [TIMING] task_id=8afc1834-e649-4326-a994-4ccd56101ac2 func=job_orchestration.executor.query.spider_search_task.search_without_channel input_send_start=499098553 input_send_end=499098553 input_send_duration_ms=0 bytes=612
[2026-02-02 22:04:16.345] [info] [spider.worker] [TIMING] task_id=8afc1834-e649-4326-a994-4ccd56101ac2 func=job_orchestration.executor.query.spider_search_task.search_without_channel spawn_start=499098553 spawn_end=499098553 spawn_duration_ms=0
[2026-02-02 22:04:17.649] [info] [spider.worker] [TIMING] task_id=8afc1834-e649-4326-a994-4ccd56101ac2 func=job_orchestration.executor.query.spider_search_task.search_without_channel execution_start=499098553 execution_end=499099858 execution_duration_ms=1304
[2026-02-02 22:04:17.680] [info] [spider.worker] [TIMING] task_id=8afc1834-e649-4326-a994-4ccd56101ac2 func=job_orchestration.executor.query.spider_search_task.search_without_channel submit_output_start=499099859 submit_output_end=499099888 submit_output_duration_ms=28
[2026-02-02 22:04:17.727] [info] [spider.worker] [TIMING] task_id=b462a6cc-72d6-43d6-a7a9-ef1faa83d389 func=job_orchestration.executor.query.spider_search_task.search_without_channel fetch_input_start=499099935 fetch_input_end=499099936 fetch_input_duration_ms=0
[2026-02-02 22:04:17.728] [info] [spider.worker] [TIMING] task_id=b462a6cc-72d6-43d6-a7a9-ef1faa83d389 func=job_orchestration.executor.query.spider_search_task.search_without_channel input_send_start=499099936 input_send_end=499099936 input_send_duration_ms=0 bytes=612
[2026-02-02 22:04:17.728] [info] [spider.worker] [TIMING] task_id=b462a6cc-72d6-43d6-a7a9-ef1faa83d389 func=job_orchestration.executor.query.spider_search_task.search_without_channel spawn_start=499099936 spawn_end=499099936 spawn_duration_ms=0
[2026-02-02 22:04:19.107] [info] [spider.worker] [TIMING] task_id=b462a6cc-72d6-43d6-a7a9-ef1faa83d389 func=job_orchestration.executor.query.spider_search_task.search_without_channel execution_start=499099936 execution_end=499101316 execution_duration_ms=1379
[2026-02-02 22:04:19.125] [info] [spider.worker] [TIMING] task_id=b462a6cc-72d6-43d6-a7a9-ef1faa83d389 func=job_orchestration.executor.query.spider_search_task.search_without_channel submit_output_start=499101317 submit_output_end=499101334 submit_output_duration_ms=16
[2026-02-02 22:04:19.136] [info] [spider.worker] [TIMING] task_id=8c10151b-8869-4e52-a414-980376a12f6e func=job_orchestration.executor.query.spider_search_task.search_without_channel fetch_input_start=499101343 fetch_input_end=499101344 fetch_input_duration_ms=0
[2026-02-02 22:04:19.136] [info] [spider.worker] [TIMING] task_id=8c10151b-8869-4e52-a414-980376a12f6e func=job_orchestration.executor.query.spider_search_task.search_without_channel input_send_start=499101344 input_send_end=499101344 input_send_duration_ms=0 bytes=610
[2026-02-02 22:04:19.136] [info] [spider.worker] [TIMING] task_id=8c10151b-8869-4e52-a414-980376a12f6e func=job_orchestration.executor.query.spider_search_task.search_without_channel spawn_start=499101344 spawn_end=499101344 spawn_duration_ms=0
[2026-02-02 22:04:20.407] [info] [spider.worker] [TIMING] task_id=8c10151b-8869-4e52-a414-980376a12f6e func=job_orchestration.executor.query.spider_search_task.search_without_channel execution_start=499101345 execution_end=499102615 execution_duration_ms=1270
[2026-02-02 22:04:20.459] [info] [spider.worker] [TIMING] task_id=8c10151b-8869-4e52-a414-980376a12f6e func=job_orchestration.executor.query.spider_search_task.search_without_channel submit_output_start=499102617 submit_output_end=499102668 submit_output_duration_ms=51
[2026-02-02 22:04:20.526] [info] [spider.worker] [TIMING] task_id=9783c782-dba7-49ef-866e-e4c5c5a7b051 func=job_orchestration.executor.query.spider_search_task.search_without_channel fetch_input_start=499102734 fetch_input_end=499102734 fetch_input_duration_ms=0
[2026-02-02 22:04:20.527] [info] [spider.worker] [TIMING] task_id=9783c782-dba7-49ef-866e-e4c5c5a7b051 func=job_orchestration.executor.query.spider_search_task.search_without_channel input_send_start=499102735 input_send_end=499102735 input_send_duration_ms=0 bytes=612
[2026-02-02 22:04:20.527] [info] [spider.worker] [TIMING] task_id=9783c782-dba7-49ef-866e-e4c5c5a7b051 func=job_orchestration.executor.query.spider_search_task.search_without_channel spawn_start=499102735 spawn_end=499102735 spawn_duration_ms=0
[2026-02-02 22:04:21.859] [info] [spider.worker] [TIMING] task_id=9783c782-dba7-49ef-866e-e4c5c5a7b051 func=job_orchestration.executor.query.spider_search_task.search_without_channel execution_start=499102735 execution_end=499104068 execution_duration_ms=1332
[2026-02-02 22:04:21.911] [info] [spider.worker] [TIMING] task_id=9783c782-dba7-49ef-866e-e4c5c5a7b051 func=job_orchestration.executor.query.spider_search_task.search_without_channel submit_output_start=499104070 submit_output_end=499104119 submit_output_duration_ms=49
[2026-02-02 22:04:21.928] [info] [spider.worker] [TIMING] task_id=22390b24-0a46-4291-9266-c005cd09a122 func=job_orchestration.executor.query.spider_search_task.search_without_channel fetch_input_start=499104136 fetch_input_end=499104137 fetch_input_duration_ms=0
[2026-02-02 22:04:21.929] [info] [spider.worker] [TIMING] task_id=22390b24-0a46-4291-9266-c005cd09a122 func=job_orchestration.executor.query.spider_search_task.search_without_channel input_send_start=499104137 input_send_end=499104137 input_send_duration_ms=0 bytes=612
[2026-02-02 22:04:21.929] [info] [spider.worker] [TIMING] task_id=22390b24-0a46-4291-9266-c005cd09a122 func=job_orchestration.executor.query.spider_search_task.search_without_channel spawn_start=499104137 spawn_end=499104137 spawn_duration_ms=0
[2026-02-02 22:04:23.417] [info] [spider.worker] [TIMING] task_id=22390b24-0a46-4291-9266-c005cd09a122 func=job_orchestration.executor.query.spider_search_task.search_without_channel execution_start=499104138 execution_end=499105626 execution_duration_ms=1488
[2026-02-02 22:04:23.435] [info] [spider.worker] [TIMING] task_id=22390b24-0a46-4291-9266-c005cd09a122 func=job_orchestration.executor.query.spider_search_task.search_without_channel submit_output_start=499105628 submit_output_end=499105643 submit_output_duration_ms=15
[2026-02-02 22:04:23.454] [info] [spider.worker] [TIMING] task_id=8909a037-2404-4e03-806b-60e6d2a0cf1f func=job_orchestration.executor.query.spider_search_task.search_without_channel fetch_input_start=499105661 fetch_input_end=499105662 fetch_input_duration_ms=0
[2026-02-02 22:04:23.454] [info] [spider.worker] [TIMING] task_id=8909a037-2404-4e03-806b-60e6d2a0cf1f func=job_orchestration.executor.query.spider_search_task.search_without_channel input_send_start=499105663 input_send_end=499105663 input_send_duration_ms=0 bytes=612
[2026-02-02 22:04:23.454] [info] [spider.worker] [TIMING] task_id=8909a037-2404-4e03-806b-60e6d2a0cf1f func=job_orchestration.executor.query.spider_search_task.search_without_channel spawn_start=499105662 spawn_end=499105663 spawn_duration_ms=0
[2026-02-02 22:04:24.723] [info] [spider.worker] [TIMING] task_id=8909a037-2404-4e03-806b-60e6d2a0cf1f func=job_orchestration.executor.query.spider_search_task.search_without_channel execution_start=499105663 execution_end=499106931 execution_duration_ms=1268
[2026-02-02 22:04:24.752] [info] [spider.worker] [TIMING] task_id=8909a037-2404-4e03-806b-60e6d2a0cf1f func=job_orchestration.executor.query.spider_search_task.search_without_channel submit_output_start=499106933 submit_output_end=499106961 submit_output_duration_ms=28
[2026-02-02 22:04:24.771] [info] [spider.worker] [TIMING] task_id=080fcd6e-c22d-4ad3-8407-3cbb12371a10 func=job_orchestration.executor.query.spider_search_task.search_without_channel fetch_input_start=499106978 fetch_input_end=499106979 fetch_input_duration_ms=0
[2026-02-02 22:04:24.771] [info] [spider.worker] [TIMING] task_id=080fcd6e-c22d-4ad3-8407-3cbb12371a10 func=job_orchestration.executor.query.spider_search_task.search_without_channel input_send_start=499106980 input_send_end=499106980 input_send_duration_ms=0 bytes=611
[2026-02-02 22:04:24.771] [info] [spider.worker] [TIMING] task_id=080fcd6e-c22d-4ad3-8407-3cbb12371a10 func=job_orchestration.executor.query.spider_search_task.search_without_channel spawn_start=499106979 spawn_end=499106980 spawn_duration_ms=0
[2026-02-02 22:04:26.374] [info] [spider.worker] [TIMING] task_id=080fcd6e-c22d-4ad3-8407-3cbb12371a10 func=job_orchestration.executor.query.spider_search_task.search_without_channel execution_start=499106980 execution_end=499108582 execution_duration_ms=1602
[2026-02-02 22:04:26.394] [info] [spider.worker] [TIMING] task_id=080fcd6e-c22d-4ad3-8407-3cbb12371a10 func=job_orchestration.executor.query.spider_search_task.search_without_channel submit_output_start=499108584 submit_output_end=499108602 submit_output_duration_ms=18
[2026-02-02 22:04:26.413] [info] [spider.worker] [TIMING] task_id=71fd3ca5-cfc1-4209-b4d9-5a14e681e2f6 func=job_orchestration.executor.query.spider_search_task.search_without_channel fetch_input_start=499108620 fetch_input_end=499108622 fetch_input_duration_ms=1
[2026-02-02 22:04:26.414] [info] [spider.worker] [TIMING] task_id=71fd3ca5-cfc1-4209-b4d9-5a14e681e2f6 func=job_orchestration.executor.query.spider_search_task.search_without_channel input_send_start=499108622 input_send_end=499108622 input_send_duration_ms=0 bytes=610
[2026-02-02 22:04:26.414] [info] [spider.worker] [TIMING] task_id=71fd3ca5-cfc1-4209-b4d9-5a14e681e2f6 func=job_orchestration.executor.query.spider_search_task.search_without_channel spawn_start=499108622 spawn_end=499108622 spawn_duration_ms=0
[2026-02-02 22:04:27.691] [info] [spider.worker] [TIMING] task_id=71fd3ca5-cfc1-4209-b4d9-5a14e681e2f6 func=job_orchestration.executor.query.spider_search_task.search_without_channel execution_start=499108622 execution_end=499109900 execution_duration_ms=1277
[2026-02-02 22:04:27.728] [info] [spider.worker] [TIMING] task_id=71fd3ca5-cfc1-4209-b4d9-5a14e681e2f6 func=job_orchestration.executor.query.spider_search_task.search_without_channel submit_output_start=499109901 submit_output_end=499109936 submit_output_duration_ms=34
[2026-02-02 22:04:27.755] [info] [spider.worker] [TIMING] task_id=cac54ac4-0031-41b6-a6b0-c798083d4755 func=job_orchestration.executor.query.spider_search_task.search_without_channel fetch_input_start=499109963 fetch_input_end=499109964 fetch_input_duration_ms=1
[2026-02-02 22:04:27.756] [info] [spider.worker] [TIMING] task_id=cac54ac4-0031-41b6-a6b0-c798083d4755 func=job_orchestration.executor.query.spider_search_task.search_without_channel input_send_start=499109964 input_send_end=499109964 input_send_duration_ms=0 bytes=612
[2026-02-02 22:04:27.756] [info] [spider.worker] [TIMING] task_id=cac54ac4-0031-41b6-a6b0-c798083d4755 func=job_orchestration.executor.query.spider_search_task.search_without_channel spawn_start=499109964 spawn_end=499109964 spawn_duration_ms=0
[2026-02-02 22:04:29.088] [info] [spider.worker] [TIMING] task_id=cac54ac4-0031-41b6-a6b0-c798083d4755 func=job_orchestration.executor.query.spider_search_task.search_without_channel execution_start=499109964 execution_end=499111296 execution_duration_ms=1331
[2026-02-02 22:04:29.111] [info] [spider.worker] [TIMING] task_id=cac54ac4-0031-41b6-a6b0-c798083d4755 func=job_orchestration.executor.query.spider_search_task.search_without_channel submit_output_start=499111298 submit_output_end=499111320 submit_output_duration_ms=21
[2026-02-02 22:04:29.139] [info] [spider.worker] [TIMING] task_id=4d5f3d06-0476-47b9-8e1b-f903f988bfd9 func=job_orchestration.executor.query.spider_search_task.search_without_channel fetch_input_start=499111346 fetch_input_end=499111348 fetch_input_duration_ms=1
[2026-02-02 22:04:29.140] [info] [spider.worker] [TIMING] task_id=4d5f3d06-0476-47b9-8e1b-f903f988bfd9 func=job_orchestration.executor.query.spider_search_task.search_without_channel input_send_start=499111348 input_send_end=499111348 input_send_duration_ms=0 bytes=612
[2026-02-02 22:04:29.140] [info] [spider.worker] [TIMING] task_id=4d5f3d06-0476-47b9-8e1b-f903f988bfd9 func=job_orchestration.executor.query.spider_search_task.search_without_channel spawn_start=499111348 spawn_end=499111348 spawn_duration_ms=0
[2026-02-02 22:04:30.313] [info] [spider.worker] [TIMING] task_id=4d5f3d06-0476-47b9-8e1b-f903f988bfd9 func=job_orchestration.executor.query.spider_search_task.search_without_channel execution_start=499111348 execution_end=499112521 execution_duration_ms=1172
[2026-02-02 22:04:30.343] [info] [spider.worker] [TIMING] task_id=4d5f3d06-0476-47b9-8e1b-f903f988bfd9 func=job_orchestration.executor.query.spider_search_task.search_without_channel submit_output_start=499112523 submit_output_end=499112552 submit_output_duration_ms=28
[2026-02-02 22:04:30.388] [info] [spider.worker] [TIMING] task_id=c53ea2f2-b5d1-4480-8169-ab0ab06c9e67 func=job_orchestration.executor.query.spider_search_task.search_without_channel fetch_input_start=499112596 fetch_input_end=499112596 fetch_input_duration_ms=0
[2026-02-02 22:04:30.388] [info] [spider.worker] [TIMING] task_id=c53ea2f2-b5d1-4480-8169-ab0ab06c9e67 func=job_orchestration.executor.query.spider_search_task.search_without_channel input_send_start=499112597 input_send_end=499112597 input_send_duration_ms=0 bytes=610
[2026-02-02 22:04:30.388] [info] [spider.worker] [TIMING] task_id=c53ea2f2-b5d1-4480-8169-ab0ab06c9e67 func=job_orchestration.executor.query.spider_search_task.search_without_channel spawn_start=499112596 spawn_end=499112597 spawn_duration_ms=0
[2026-02-02 22:04:31.715] [info] [spider.worker] [TIMING] task_id=c53ea2f2-b5d1-4480-8169-ab0ab06c9e67 func=job_orchestration.executor.query.spider_search_task.search_without_channel execution_start=499112597 execution_end=499113924 execution_duration_ms=1326
[2026-02-02 22:04:31.764] [info] [spider.worker] [TIMING] task_id=c53ea2f2-b5d1-4480-8169-ab0ab06c9e67 func=job_orchestration.executor.query.spider_search_task.search_without_channel submit_output_start=499113925 submit_output_end=499113973 submit_output_duration_ms=47
[2026-02-02 22:04:31.789] [info] [spider.worker] [TIMING] task_id=8ee13cb4-33d6-4bd5-966c-633090bfa9ee func=job_orchestration.executor.query.spider_search_task.search_without_channel fetch_input_start=499113996 fetch_input_end=499113997 fetch_input_duration_ms=0
[2026-02-02 22:04:31.789] [info] [spider.worker] [TIMING] task_id=8ee13cb4-33d6-4bd5-966c-633090bfa9ee func=job_orchestration.executor.query.spider_search_task.search_without_channel input_send_start=499113998 input_send_end=499113998 input_send_duration_ms=0 bytes=612
[2026-02-02 22:04:31.789] [info] [spider.worker] [TIMING] task_id=8ee13cb4-33d6-4bd5-966c-633090bfa9ee func=job_orchestration.executor.query.spider_search_task.search_without_channel spawn_start=499113997 spawn_end=499113998 spawn_duration_ms=0
[2026-02-02 22:04:33.111] [info] [spider.worker] [TIMING] task_id=8ee13cb4-33d6-4bd5-966c-633090bfa9ee func=job_orchestration.executor.query.spider_search_task.search_without_channel execution_start=499113998 execution_end=499115319 execution_duration_ms=1321
[2026-02-02 22:04:33.160] [info] [spider.worker] [TIMING] task_id=8ee13cb4-33d6-4bd5-966c-633090bfa9ee func=job_orchestration.executor.query.spider_search_task.search_without_channel submit_output_start=499115327 submit_output_end=499115368 submit_output_duration_ms=41
[2026-02-02 22:04:33.231] [info] [spider.worker] [TIMING] task_id=33d6718c-97f0-4fe6-a321-ef7d7b2646d9 func=job_orchestration.executor.query.spider_search_task.search_without_channel fetch_input_start=499115439 fetch_input_end=499115439 fetch_input_duration_ms=0
[2026-02-02 22:04:33.232] [info] [spider.worker] [TIMING] task_id=33d6718c-97f0-4fe6-a321-ef7d7b2646d9 func=job_orchestration.executor.query.spider_search_task.search_without_channel input_send_start=499115440 input_send_end=499115440 input_send_duration_ms=0 bytes=612
[2026-02-02 22:04:33.232] [info] [spider.worker] [TIMING] task_id=33d6718c-97f0-4fe6-a321-ef7d7b2646d9 func=job_orchestration.executor.query.spider_search_task.search_without_channel spawn_start=499115440 spawn_end=499115440 spawn_duration_ms=0
[2026-02-02 22:04:34.594] [info] [spider.worker] [TIMING] task_id=33d6718c-97f0-4fe6-a321-ef7d7b2646d9 func=job_orchestration.executor.query.spider_search_task.search_without_channel execution_start=499115440 execution_end=499116802 execution_duration_ms=1361
[2026-02-02 22:04:34.629] [info] [spider.worker] [TIMING] task_id=33d6718c-97f0-4fe6-a321-ef7d7b2646d9 func=job_orchestration.executor.query.spider_search_task.search_without_channel submit_output_start=499116803 submit_output_end=499116837 submit_output_duration_ms=33
[2026-02-02 22:04:34.707] [info] [spider.worker] [TIMING] task_id=32270a8a-e4df-46cd-9aa6-432b7191f42d func=job_orchestration.executor.query.spider_search_task.search_without_channel fetch_input_start=499116914 fetch_input_end=499116915 fetch_input_duration_ms=0
[2026-02-02 22:04:34.707] [info] [spider.worker] [TIMING] task_id=32270a8a-e4df-46cd-9aa6-432b7191f42d func=job_orchestration.executor.query.spider_search_task.search_without_channel input_send_start=499116915 input_send_end=499116915 input_send_duration_ms=0 bytes=612
[2026-02-02 22:04:34.707] [info] [spider.worker] [TIMING] task_id=32270a8a-e4df-46cd-9aa6-432b7191f42d func=job_orchestration.executor.query.spider_search_task.search_without_channel spawn_start=499116915 spawn_end=499116916 spawn_duration_ms=0
[2026-02-02 22:04:35.892] [info] [spider.worker] [TIMING] task_id=32270a8a-e4df-46cd-9aa6-432b7191f42d func=job_orchestration.executor.query.spider_search_task.search_without_channel execution_start=499116916 execution_end=499118101 execution_duration_ms=1185
[2026-02-02 22:04:35.946] [info] [spider.worker] [TIMING] task_id=32270a8a-e4df-46cd-9aa6-432b7191f42d func=job_orchestration.executor.query.spider_search_task.search_without_channel submit_output_start=499118102 submit_output_end=499118154 submit_output_duration_ms=52
[2026-02-02 22:04:36.104] [info] [spider.worker] [TIMING] task_id=e2fb0210-b5c7-40c3-a29d-711c5baa0861 func=job_orchestration.executor.query.spider_search_task.search_without_channel fetch_input_start=499118304 fetch_input_end=499118312 fetch_input_duration_ms=8
[2026-02-02 22:04:36.105] [info] [spider.worker] [TIMING] task_id=e2fb0210-b5c7-40c3-a29d-711c5baa0861 func=job_orchestration.executor.query.spider_search_task.search_without_channel input_send_start=499118313 input_send_end=499118313 input_send_duration_ms=0 bytes=610
[2026-02-02 22:04:36.105] [info] [spider.worker] [TIMING] task_id=e2fb0210-b5c7-40c3-a29d-711c5baa0861 func=job_orchestration.executor.query.spider_search_task.search_without_channel spawn_start=499118313 spawn_end=499118313 spawn_duration_ms=0
[2026-02-02 22:04:37.348] [info] [spider.worker] [TIMING] task_id=e2fb0210-b5c7-40c3-a29d-711c5baa0861 func=job_orchestration.executor.query.spider_search_task.search_without_channel execution_start=499118313 execution_end=499119557 execution_duration_ms=1243
[2026-02-02 22:04:37.456] [info] [spider.worker] [TIMING] task_id=e2fb0210-b5c7-40c3-a29d-711c5baa0861 func=job_orchestration.executor.query.spider_search_task.search_without_channel submit_output_start=499119558 submit_output_end=499119665 submit_output_duration_ms=106
[2026-02-02 22:04:37.526] [info] [spider.worker] [TIMING] task_id=56d48076-0e55-4c07-a358-7d00982447dd func=job_orchestration.executor.query.spider_search_task.search_without_channel fetch_input_start=499119733 fetch_input_end=499119734 fetch_input_duration_ms=1
[2026-02-02 22:04:37.526] [info] [spider.worker] [TIMING] task_id=56d48076-0e55-4c07-a358-7d00982447dd func=job_orchestration.executor.query.spider_search_task.search_without_channel input_send_start=499119735 input_send_end=499119735 input_send_duration_ms=0 bytes=612
[2026-02-02 22:04:37.526] [info] [spider.worker] [TIMING] task_id=56d48076-0e55-4c07-a358-7d00982447dd func=job_orchestration.executor.query.spider_search_task.search_without_channel spawn_start=499119734 spawn_end=499119735 spawn_duration_ms=0
[2026-02-02 22:04:38.822] [info] [spider.worker] [TIMING] task_id=56d48076-0e55-4c07-a358-7d00982447dd func=job_orchestration.executor.query.spider_search_task.search_without_channel execution_start=499119735 execution_end=499121030 execution_duration_ms=1295
[2026-02-02 22:04:38.838] [info] [spider.worker] [TIMING] task_id=56d48076-0e55-4c07-a358-7d00982447dd func=job_orchestration.executor.query.spider_search_task.search_without_channel submit_output_start=499121032 submit_output_end=499121046 submit_output_duration_ms=14
[2026-02-02 22:04:38.857] [info] [spider.worker] [TIMING] task_id=da3e6373-73f3-4624-bfd1-279db962759d func=job_orchestration.executor.query.spider_search_task.search_without_channel fetch_input_start=499121065 fetch_input_end=499121065 fetch_input_duration_ms=0
[2026-02-02 22:04:38.858] [info] [spider.worker] [TIMING] task_id=da3e6373-73f3-4624-bfd1-279db962759d func=job_orchestration.executor.query.spider_search_task.search_without_channel input_send_start=499121066 input_send_end=499121066 input_send_duration_ms=0 bytes=612
[2026-02-02 22:04:38.858] [info] [spider.worker] [TIMING] task_id=da3e6373-73f3-4624-bfd1-279db962759d func=job_orchestration.executor.query.spider_search_task.search_without_channel spawn_start=499121066 spawn_end=499121066 spawn_duration_ms=0
[2026-02-02 22:04:40.047] [info] [spider.worker] [TIMING] task_id=da3e6373-73f3-4624-bfd1-279db962759d func=job_orchestration.executor.query.spider_search_task.search_without_channel execution_start=499121066 execution_end=499122255 execution_duration_ms=1189
[2026-02-02 22:04:40.197] [info] [spider.worker] [TIMING] task_id=da3e6373-73f3-4624-bfd1-279db962759d func=job_orchestration.executor.query.spider_search_task.search_without_channel submit_output_start=499122257 submit_output_end=499122405 submit_output_duration_ms=147
[2026-02-02 22:04:40.232] [info] [spider.worker] [TIMING] task_id=cee58096-c1ef-452c-89a5-1b78b0914907 func=job_orchestration.executor.query.spider_search_task.search_without_channel fetch_input_start=499122440 fetch_input_end=499122440 fetch_input_duration_ms=0
[2026-02-02 22:04:40.233] [info] [spider.worker] [TIMING] task_id=cee58096-c1ef-452c-89a5-1b78b0914907 func=job_orchestration.executor.query.spider_search_task.search_without_channel input_send_start=499122441 input_send_end=499122441 input_send_duration_ms=0 bytes=612
[2026-02-02 22:04:40.233] [info] [spider.worker] [TIMING] task_id=cee58096-c1ef-452c-89a5-1b78b0914907 func=job_orchestration.executor.query.spider_search_task.search_without_channel spawn_start=499122441 spawn_end=499122441 spawn_duration_ms=0
[2026-02-02 22:04:41.567] [info] [spider.worker] [TIMING] task_id=cee58096-c1ef-452c-89a5-1b78b0914907 func=job_orchestration.executor.query.spider_search_task.search_without_channel execution_start=499122441 execution_end=499123775 execution_duration_ms=1333
[2026-02-02 22:04:41.605] [info] [spider.worker] [TIMING] task_id=cee58096-c1ef-452c-89a5-1b78b0914907 func=job_orchestration.executor.query.spider_search_task.search_without_channel submit_output_start=499123777 submit_output_end=499123813 submit_output_duration_ms=36
[2026-02-02 22:04:41.624] [info] [spider.worker] [TIMING] task_id=ff43b0db-1620-4182-bfe8-7dc4bbf78497 func=job_orchestration.executor.query.spider_search_task.search_without_channel fetch_input_start=499123832 fetch_input_end=499123833 fetch_input_duration_ms=0
[2026-02-02 22:04:41.625] [info] [spider.worker] [TIMING] task_id=ff43b0db-1620-4182-bfe8-7dc4bbf78497 func=job_orchestration.executor.query.spider_search_task.search_without_channel input_send_start=499123833 input_send_end=499123833 input_send_duration_ms=0 bytes=612
[2026-02-02 22:04:41.625] [info] [spider.worker] [TIMING] task_id=ff43b0db-1620-4182-bfe8-7dc4bbf78497 func=job_orchestration.executor.query.spider_search_task.search_without_channel spawn_start=499123833 spawn_end=499123833 spawn_duration_ms=0
[2026-02-02 22:04:43.328] [info] [spider.worker] [TIMING] task_id=ff43b0db-1620-4182-bfe8-7dc4bbf78497 func=job_orchestration.executor.query.spider_search_task.search_without_channel execution_start=499123833 execution_end=499125536 execution_duration_ms=1702
[2026-02-02 22:04:43.420] [info] [spider.worker] [TIMING] task_id=ff43b0db-1620-4182-bfe8-7dc4bbf78497 func=job_orchestration.executor.query.spider_search_task.search_without_channel submit_output_start=499125545 submit_output_end=499125629 submit_output_duration_ms=83
[2026-02-02 22:04:43.601] [info] [spider.worker] [TIMING] task_id=5ff4c687-b7db-455c-9057-35499816ccfc func=job_orchestration.executor.query.spider_search_task.search_without_channel fetch_input_start=499125808 fetch_input_end=499125809 fetch_input_duration_ms=1
[2026-02-02 22:04:43.602] [info] [spider.worker] [TIMING] task_id=5ff4c687-b7db-455c-9057-35499816ccfc func=job_orchestration.executor.query.spider_search_task.search_without_channel input_send_start=499125810 input_send_end=499125810 input_send_duration_ms=0 bytes=612
[2026-02-02 22:04:43.602] [info] [spider.worker] [TIMING] task_id=5ff4c687-b7db-455c-9057-35499816ccfc func=job_orchestration.executor.query.spider_search_task.search_without_channel spawn_start=499125810 spawn_end=499125810 spawn_duration_ms=0
[2026-02-02 22:04:44.977] [info] [spider.worker] [TIMING] task_id=5ff4c687-b7db-455c-9057-35499816ccfc func=job_orchestration.executor.query.spider_search_task.search_without_channel execution_start=499125810 execution_end=499127186 execution_duration_ms=1375
[2026-02-02 22:04:45.015] [info] [spider.worker] [TIMING] task_id=5ff4c687-b7db-455c-9057-35499816ccfc func=job_orchestration.executor.query.spider_search_task.search_without_channel submit_output_start=499127187 submit_output_end=499127223 submit_output_duration_ms=36
[2026-02-02 22:04:45.026] [info] [spider.worker] [TIMING] task_id=02bdecb4-9cee-4f7e-9cb6-2466b44b9a0d func=job_orchestration.executor.query.spider_search_task.search_without_channel fetch_input_start=499127233 fetch_input_end=499127234 fetch_input_duration_ms=0
[2026-02-02 22:04:45.026] [info] [spider.worker] [TIMING] task_id=02bdecb4-9cee-4f7e-9cb6-2466b44b9a0d func=job_orchestration.executor.query.spider_search_task.search_without_channel input_send_start=499127235 input_send_end=499127235 input_send_duration_ms=0 bytes=612
[2026-02-02 22:04:45.026] [info] [spider.worker] [TIMING] task_id=02bdecb4-9cee-4f7e-9cb6-2466b44b9a0d func=job_orchestration.executor.query.spider_search_task.search_without_channel spawn_start=499127234 spawn_end=499127235 spawn_duration_ms=0
[2026-02-02 22:04:46.482] [info] [spider.worker] [TIMING] task_id=02bdecb4-9cee-4f7e-9cb6-2466b44b9a0d func=job_orchestration.executor.query.spider_search_task.search_without_channel execution_start=499127235 execution_end=499128690 execution_duration_ms=1455
[2026-02-02 22:04:46.583] [info] [spider.worker] [TIMING] task_id=02bdecb4-9cee-4f7e-9cb6-2466b44b9a0d func=job_orchestration.executor.query.spider_search_task.search_without_channel submit_output_start=499128692 submit_output_end=499128792 submit_output_duration_ms=100
[2026-02-02 22:04:46.651] [info] [spider.worker] [TIMING] task_id=84c1a5d3-b58f-4249-8828-92828939367c func=job_orchestration.executor.query.spider_search_task.search_without_channel fetch_input_start=499128859 fetch_input_end=499128860 fetch_input_duration_ms=0
[2026-02-02 22:04:46.652] [info] [spider.worker] [TIMING] task_id=84c1a5d3-b58f-4249-8828-92828939367c func=job_orchestration.executor.query.spider_search_task.search_without_channel input_send_start=499128860 input_send_end=499128860 input_send_duration_ms=0 bytes=612
[2026-02-02 22:04:46.652] [info] [spider.worker] [TIMING] task_id=84c1a5d3-b58f-4249-8828-92828939367c func=job_orchestration.executor.query.spider_search_task.search_without_channel spawn_start=499128860 spawn_end=499128860 spawn_duration_ms=0
[2026-02-02 22:04:47.973] [info] [spider.worker] [TIMING] task_id=84c1a5d3-b58f-4249-8828-92828939367c func=job_orchestration.executor.query.spider_search_task.search_without_channel execution_start=499128860 execution_end=499130181 execution_duration_ms=1320
[2026-02-02 22:04:48.005] [info] [spider.worker] [TIMING] task_id=84c1a5d3-b58f-4249-8828-92828939367c func=job_orchestration.executor.query.spider_search_task.search_without_channel submit_output_start=499130183 submit_output_end=499130214 submit_output_duration_ms=30
[2026-02-02 22:04:48.092] [info] [spider.worker] [TIMING] task_id=c95c8a2f-6cf1-4ed9-a53d-b0a9024ee76d func=job_orchestration.executor.query.spider_search_task.search_without_channel fetch_input_start=499130299 fetch_input_end=499130300 fetch_input_duration_ms=0
[2026-02-02 22:04:48.092] [info] [spider.worker] [TIMING] task_id=c95c8a2f-6cf1-4ed9-a53d-b0a9024ee76d func=job_orchestration.executor.query.spider_search_task.search_without_channel input_send_start=499130301 input_send_end=499130301 input_send_duration_ms=0 bytes=612
[2026-02-02 22:04:48.092] [info] [spider.worker] [TIMING] task_id=c95c8a2f-6cf1-4ed9-a53d-b0a9024ee76d func=job_orchestration.executor.query.spider_search_task.search_without_channel spawn_start=499130300 spawn_end=499130301 spawn_duration_ms=0
[2026-02-02 22:04:49.351] [info] [spider.worker] [TIMING] task_id=c95c8a2f-6cf1-4ed9-a53d-b0a9024ee76d func=job_orchestration.executor.query.spider_search_task.search_without_channel execution_start=499130301 execution_end=499131559 execution_duration_ms=1258
[2026-02-02 22:04:49.385] [info] [spider.worker] [TIMING] task_id=c95c8a2f-6cf1-4ed9-a53d-b0a9024ee76d func=job_orchestration.executor.query.spider_search_task.search_without_channel submit_output_start=499131561 submit_output_end=499131593 submit_output_duration_ms=31
[2026-02-02 22:04:49.402] [info] [spider.worker] [TIMING] task_id=9db0ba46-ba6d-46da-a431-5992abc85afd func=job_orchestration.executor.query.spider_search_task.search_without_channel fetch_input_start=499131610 fetch_input_end=499131610 fetch_input_duration_ms=0
[2026-02-02 22:04:49.403] [info] [spider.worker] [TIMING] task_id=9db0ba46-ba6d-46da-a431-5992abc85afd func=job_orchestration.executor.query.spider_search_task.search_without_channel input_send_start=499131611 input_send_end=499131611 input_send_duration_ms=0 bytes=612
[2026-02-02 22:04:49.403] [info] [spider.worker] [TIMING] task_id=9db0ba46-ba6d-46da-a431-5992abc85afd func=job_orchestration.executor.query.spider_search_task.search_without_channel spawn_start=499131611 spawn_end=499131611 spawn_duration_ms=0
[2026-02-02 22:04:50.696] [info] [spider.worker] [TIMING] task_id=9db0ba46-ba6d-46da-a431-5992abc85afd func=job_orchestration.executor.query.spider_search_task.search_without_channel execution_start=499131611 execution_end=499132905 execution_duration_ms=1293
[2026-02-02 22:04:50.723] [info] [spider.worker] [TIMING] task_id=9db0ba46-ba6d-46da-a431-5992abc85afd func=job_orchestration.executor.query.spider_search_task.search_without_channel submit_output_start=499132906 submit_output_end=499132931 submit_output_duration_ms=25
[2026-02-02 22:04:50.744] [info] [spider.worker] [TIMING] task_id=f2e91445-ebb2-4368-898b-5f39cacd7468 func=job_orchestration.executor.query.spider_search_task.search_without_channel fetch_input_start=499132952 fetch_input_end=499132953 fetch_input_duration_ms=0
[2026-02-02 22:04:50.745] [info] [spider.worker] [TIMING] task_id=f2e91445-ebb2-4368-898b-5f39cacd7468 func=job_orchestration.executor.query.spider_search_task.search_without_channel input_send_start=499132953 input_send_end=499132953 input_send_duration_ms=0 bytes=612
[2026-02-02 22:04:50.745] [info] [spider.worker] [TIMING] task_id=f2e91445-ebb2-4368-898b-5f39cacd7468 func=job_orchestration.executor.query.spider_search_task.search_without_channel spawn_start=499132953 spawn_end=499132953 spawn_duration_ms=0
[2026-02-02 22:04:52.111] [info] [spider.worker] [TIMING] task_id=f2e91445-ebb2-4368-898b-5f39cacd7468 func=job_orchestration.executor.query.spider_search_task.search_without_channel execution_start=499132953 execution_end=499134319 execution_duration_ms=1366
[2026-02-02 22:04:52.125] [info] [spider.worker] [TIMING] task_id=f2e91445-ebb2-4368-898b-5f39cacd7468 func=job_orchestration.executor.query.spider_search_task.search_without_channel submit_output_start=499134321 submit_output_end=499134333 submit_output_duration_ms=12
[2026-02-02 22:04:52.144] [info] [spider.worker] [TIMING] task_id=292d2d54-44b3-4f86-b899-dff4b7ecfd58 func=job_orchestration.executor.query.spider_search_task.search_without_channel fetch_input_start=499134352 fetch_input_end=499134353 fetch_input_duration_ms=0
[2026-02-02 22:04:52.145] [info] [spider.worker] [TIMING] task_id=292d2d54-44b3-4f86-b899-dff4b7ecfd58 func=job_orchestration.executor.query.spider_search_task.search_without_channel input_send_start=499134353 in