[2026-02-02 22:02:49.591] [warning] [spider.worker] Prefer using `SPIDER_STORAGE_URL` environment variable over `--storage_url` argument.
[2026-02-02 22:03:32.218] [info] [spider.worker] [TIMING] task_id=e6127716-c5ca-4a23-a173-781f423fd10c func=job_orchestration.executor.query.spider_search_task.search_without_channel fetch_input_start=499054425 fetch_input_end=499054427 fetch_input_duration_ms=1
[2026-02-02 22:03:32.219] [info] [spider.worker] [TIMING] task_id=e6127716-c5ca-4a23-a173-781f423fd10c func=job_orchestration.executor.query.spider_search_task.search_without_channel input_send_start=499054427 input_send_end=499054427 input_send_duration_ms=0 bytes=612
[2026-02-02 22:03:32.219] [info] [spider.worker] [TIMING] task_id=e6127716-c5ca-4a23-a173-781f423fd10c func=job_orchestration.executor.query.spider_search_task.search_without_channel spawn_start=499054427 spawn_end=499054427 spawn_duration_ms=0
[2026-02-02 22:03:33.462] [info] [spider.worker] [TIMING] task_id=e6127716-c5ca-4a23-a173-781f423fd10c func=job_orchestration.executor.query.spider_search_task.search_without_channel execution_start=499054428 execution_end=499055670 execution_duration_ms=1242
[2026-02-02 22:03:33.583] [info] [spider.worker] [TIMING] task_id=e6127716-c5ca-4a23-a173-781f423fd10c func=job_orchestration.executor.query.spider_search_task.search_without_channel submit_output_start=499055734 submit_output_end=499055792 submit_output_duration_ms=58
[2026-02-02 22:03:33.652] [info] [spider.worker] [TIMING] task_id=09cf74d4-9f28-4077-ac53-68ef821c1088 func=job_orchestration.executor.query.spider_search_task.search_without_channel fetch_input_start=499055860 fetch_input_end=499055860 fetch_input_duration_ms=0
[2026-02-02 22:03:33.652] [info] [spider.worker] [TIMING] task_id=09cf74d4-9f28-4077-ac53-68ef821c1088 func=job_orchestration.executor.query.spider_search_task.search_without_channel input_send_start=499055861 input_send_end=499055861 input_send_duration_ms=0 bytes=612
[2026-02-02 22:03:33.652] [info] [spider.worker] [TIMING] task_id=09cf74d4-9f28-4077-ac53-68ef821c1088 func=job_orchestration.executor.query.spider_search_task.search_without_channel spawn_start=499055860 spawn_end=499055861 spawn_duration_ms=0
[2026-02-02 22:03:35.064] [info] [spider.worker] [TIMING] task_id=09cf74d4-9f28-4077-ac53-68ef821c1088 func=job_orchestration.executor.query.spider_search_task.search_without_channel execution_start=499055861 execution_end=499057273 execution_duration_ms=1411
[2026-02-02 22:03:35.136] [info] [spider.worker] [TIMING] task_id=09cf74d4-9f28-4077-ac53-68ef821c1088 func=job_orchestration.executor.query.spider_search_task.search_without_channel submit_output_start=499057304 submit_output_end=499057345 submit_output_duration_ms=40
[2026-02-02 22:03:35.173] [info] [spider.worker] [TIMING] task_id=c762c02e-1e33-4efe-91a5-b8baf5a1deb2 func=job_orchestration.executor.query.spider_search_task.search_without_channel fetch_input_start=499057381 fetch_input_end=499057382 fetch_input_duration_ms=0
[2026-02-02 22:03:35.174] [info] [spider.worker] [TIMING] task_id=c762c02e-1e33-4efe-91a5-b8baf5a1deb2 func=job_orchestration.executor.query.spider_search_task.search_without_channel input_send_start=499057382 input_send_end=499057382 input_send_duration_ms=0 bytes=612
[2026-02-02 22:03:35.174] [info] [spider.worker] [TIMING] task_id=c762c02e-1e33-4efe-91a5-b8baf5a1deb2 func=job_orchestration.executor.query.spider_search_task.search_without_channel spawn_start=499057382 spawn_end=499057382 spawn_duration_ms=0
[2026-02-02 22:03:36.334] [info] [spider.worker] [TIMING] task_id=c762c02e-1e33-4efe-91a5-b8baf5a1deb2 func=job_orchestration.executor.query.spider_search_task.search_without_channel execution_start=499057382 execution_end=499058543 execution_duration_ms=1160
[2026-02-02 22:03:36.430] [info] [spider.worker] [TIMING] task_id=c762c02e-1e33-4efe-91a5-b8baf5a1deb2 func=job_orchestration.executor.query.spider_search_task.search_without_channel submit_output_start=499058544 submit_output_end=499058638 submit_output_duration_ms=94
[2026-02-02 22:03:36.549] [info] [spider.worker] [TIMING] task_id=21b059ec-cac1-49f8-96c1-c3f293bd9da7 func=job_orchestration.executor.query.spider_search_task.search_without_channel fetch_input_start=499058757 fetch_input_end=499058758 fetch_input_duration_ms=0
[2026-02-02 22:03:36.550] [info] [spider.worker] [TIMING] task_id=21b059ec-cac1-49f8-96c1-c3f293bd9da7 func=job_orchestration.executor.query.spider_search_task.search_without_channel input_send_start=499058758 input_send_end=499058758 input_send_duration_ms=0 bytes=612
[2026-02-02 22:03:36.550] [info] [spider.worker] [TIMING] task_id=21b059ec-cac1-49f8-96c1-c3f293bd9da7 func=job_orchestration.executor.query.spider_search_task.search_without_channel spawn_start=499058758 spawn_end=499058758 spawn_duration_ms=0
[2026-02-02 22:03:37.973] [info] [spider.worker] [TIMING] task_id=21b059ec-cac1-49f8-96c1-c3f293bd9da7 func=job_orchestration.executor.query.spider_search_task.search_without_channel execution_start=499058758 execution_end=499060181 execution_duration_ms=1422
[2026-02-02 22:03:38.041] [info] [spider.worker] [TIMING] task_id=21b059ec-cac1-49f8-96c1-c3f293bd9da7 func=job_orchestration.executor.query.spider_search_task.search_without_channel submit_output_start=499060182 submit_output_end=499060250 submit_output_duration_ms=67
[2026-02-02 22:03:38.108] [info] [spider.worker] [TIMING] task_id=b536ec02-5056-4f79-aed8-1ad38d8929e4 func=job_orchestration.executor.query.spider_search_task.search_without_channel fetch_input_start=499060316 fetch_input_end=499060316 fetch_input_duration_ms=0
[2026-02-02 22:03:38.108] [info] [spider.worker] [TIMING] task_id=b536ec02-5056-4f79-aed8-1ad38d8929e4 func=job_orchestration.executor.query.spider_search_task.search_without_channel input_send_start=499060317 input_send_end=499060317 input_send_duration_ms=0 bytes=612
[2026-02-02 22:03:38.108] [info] [spider.worker] [TIMING] task_id=b536ec02-5056-4f79-aed8-1ad38d8929e4 func=job_orchestration.executor.query.spider_search_task.search_without_channel spawn_start=499060316 spawn_end=499060317 spawn_duration_ms=0
[2026-02-02 22:03:39.380] [info] [spider.worker] [TIMING] task_id=b536ec02-5056-4f79-aed8-1ad38d8929e4 func=job_orchestration.executor.query.spider_search_task.search_without_channel execution_start=499060317 execution_end=499061588 execution_duration_ms=1271
[2026-02-02 22:03:39.519] [info] [spider.worker] [TIMING] task_id=b536ec02-5056-4f79-aed8-1ad38d8929e4 func=job_orchestration.executor.query.spider_search_task.search_without_channel submit_output_start=499061590 submit_output_end=499061728 submit_output_duration_ms=137
[2026-02-02 22:03:39.590] [info] [spider.worker] [TIMING] task_id=686dd79f-3240-4c83-8b9f-b9f06635cad1 func=job_orchestration.executor.query.spider_search_task.search_without_channel fetch_input_start=499061797 fetch_input_end=499061798 fetch_input_duration_ms=1
[2026-02-02 22:03:39.591] [info] [spider.worker] [TIMING] task_id=686dd79f-3240-4c83-8b9f-b9f06635cad1 func=job_orchestration.executor.query.spider_search_task.search_without_channel input_send_start=499061799 input_send_end=499061799 input_send_duration_ms=0 bytes=612
[2026-02-02 22:03:39.591] [info] [spider.worker] [TIMING] task_id=686dd79f-3240-4c83-8b9f-b9f06635cad1 func=job_orchestration.executor.query.spider_search_task.search_without_channel spawn_start=499061798 spawn_end=499061799 spawn_duration_ms=0
[2026-02-02 22:03:40.971] [info] [spider.worker] [TIMING] task_id=686dd79f-3240-4c83-8b9f-b9f06635cad1 func=job_orchestration.executor.query.spider_search_task.search_without_channel execution_start=499061799 execution_end=499063180 execution_duration_ms=1380
[2026-02-02 22:03:41.031] [info] [spider.worker] [TIMING] task_id=686dd79f-3240-4c83-8b9f-b9f06635cad1 func=job_orchestration.executor.query.spider_search_task.search_without_channel submit_output_start=499063181 submit_output_end=499063239 submit_output_duration_ms=57
[2026-02-02 22:03:41.059] [info] [spider.worker] [TIMING] task_id=c6a39e25-87d2-4fe4-8901-92e3a4988b38 func=job_orchestration.executor.query.spider_search_task.search_without_channel fetch_input_start=499063267 fetch_input_end=499063268 fetch_input_duration_ms=1
[2026-02-02 22:03:41.060] [info] [spider.worker] [TIMING] task_id=c6a39e25-87d2-4fe4-8901-92e3a4988b38 func=job_orchestration.executor.query.spider_search_task.search_without_channel input_send_start=499063268 input_send_end=499063268 input_send_duration_ms=0 bytes=612
[2026-02-02 22:03:41.060] [info] [spider.worker] [TIMING] task_id=c6a39e25-87d2-4fe4-8901-92e3a4988b38 func=job_orchestration.executor.query.spider_search_task.search_without_channel spawn_start=499063268 spawn_end=499063268 spawn_duration_ms=0
[2026-02-02 22:03:42.244] [info] [spider.worker] [TIMING] task_id=c6a39e25-87d2-4fe4-8901-92e3a4988b38 func=job_orchestration.executor.query.spider_search_task.search_without_channel execution_start=499063268 execution_end=499064452 execution_duration_ms=1183
[2026-02-02 22:03:42.417] [info] [spider.worker] [TIMING] task_id=c6a39e25-87d2-4fe4-8901-92e3a4988b38 func=job_orchestration.executor.query.spider_search_task.search_without_channel submit_output_start=499064454 submit_output_end=499064625 submit_output_duration_ms=171
[2026-02-02 22:03:42.470] [info] [spider.worker] [TIMING] task_id=5685ccea-991a-4ae4-8b13-45204d291d72 func=job_orchestration.executor.query.spider_search_task.search_without_channel fetch_input_start=499064677 fetch_input_end=499064678 fetch_input_duration_ms=0
[2026-02-02 22:03:42.470] [info] [spider.worker] [TIMING] task_id=5685ccea-991a-4ae4-8b13-45204d291d72 func=job_orchestration.executor.query.spider_search_task.search_without_channel input_send_start=499064678 input_send_end=499064678 input_send_duration_ms=0 bytes=612
[2026-02-02 22:03:42.470] [info] [spider.worker] [TIMING] task_id=5685ccea-991a-4ae4-8b13-45204d291d72 func=job_orchestration.executor.query.spider_search_task.search_without_channel spawn_start=499064678 spawn_end=499064679 spawn_duration_ms=0
[2026-02-02 22:03:43.732] [info] [spider.worker] [TIMING] task_id=5685ccea-991a-4ae4-8b13-45204d291d72 func=job_orchestration.executor.query.spider_search_task.search_without_channel execution_start=499064679 execution_end=499065941 execution_duration_ms=1261
[2026-02-02 22:03:43.805] [info] [spider.worker] [TIMING] task_id=5685ccea-991a-4ae4-8b13-45204d291d72 func=job_orchestration.executor.query.spider_search_task.search_without_channel submit_output_start=499065942 submit_output_end=499066013 submit_output_duration_ms=70
[2026-02-02 22:03:43.852] [info] [spider.worker] [TIMING] task_id=99403db2-fa83-4b01-8294-2e67ff67cbb8 func=job_orchestration.executor.query.spider_search_task.search_without_channel fetch_input_start=499066059 fetch_input_end=499066060 fetch_input_duration_ms=1
[2026-02-02 22:03:43.852] [info] [spider.worker] [TIMING] task_id=99403db2-fa83-4b01-8294-2e67ff67cbb8 func=job_orchestration.executor.query.spider_search_task.search_without_channel input_send_start=499066061 input_send_end=499066061 input_send_duration_ms=0 bytes=612
[2026-02-02 22:03:43.852] [info] [spider.worker] [TIMING] task_id=99403db2-fa83-4b01-8294-2e67ff67cbb8 func=job_orchestration.executor.query.spider_search_task.search_without_channel spawn_start=499066060 spawn_end=499066061 spawn_duration_ms=0
[2026-02-02 22:03:45.098] [info] [spider.worker] [TIMING] task_id=99403db2-fa83-4b01-8294-2e67ff67cbb8 func=job_orchestration.executor.query.spider_search_task.search_without_channel execution_start=499066061 execution_end=499067307 execution_duration_ms=1245
[2026-02-02 22:03:45.124] [info] [spider.worker] [TIMING] task_id=99403db2-fa83-4b01-8294-2e67ff67cbb8 func=job_orchestration.executor.query.spider_search_task.search_without_channel submit_output_start=499067308 submit_output_end=499067332 submit_output_duration_ms=24
[2026-02-02 22:03:45.254] [info] [spider.worker] [TIMING] task_id=290cc8bf-e8cf-4529-84e8-3fb100c20315 func=job_orchestration.executor.query.spider_search_task.search_without_channel fetch_input_start=499067461 fetch_input_end=499067462 fetch_input_duration_ms=1
[2026-02-02 22:03:45.255] [info] [spider.worker] [TIMING] task_id=290cc8bf-e8cf-4529-84e8-3fb100c20315 func=job_orchestration.executor.query.spider_search_task.search_without_channel input_send_start=499067463 input_send_end=499067463 input_send_duration_ms=0 bytes=610
[2026-02-02 22:03:45.255] [info] [spider.worker] [TIMING] task_id=290cc8bf-e8cf-4529-84e8-3fb100c20315 func=job_orchestration.executor.query.spider_search_task.search_without_channel spawn_start=499067463 spawn_end=499067463 spawn_duration_ms=0
[2026-02-02 22:03:46.458] [info] [spider.worker] [TIMING] task_id=290cc8bf-e8cf-4529-84e8-3fb100c20315 func=job_orchestration.executor.query.spider_search_task.search_without_channel execution_start=499067463 execution_end=499068666 execution_duration_ms=1202
[2026-02-02 22:03:46.516] [info] [spider.worker] [TIMING] task_id=290cc8bf-e8cf-4529-84e8-3fb100c20315 func=job_orchestration.executor.query.spider_search_task.search_without_channel submit_output_start=499068668 submit_output_end=499068725 submit_output_duration_ms=57
[2026-02-02 22:03:46.536] [info] [spider.worker] [TIMING] task_id=adfae38e-f0c4-435b-93f5-aae25e506d6a func=job_orchestration.executor.query.spider_search_task.search_without_channel fetch_input_start=499068743 fetch_input_end=499068744 fetch_input_duration_ms=1
[2026-02-02 22:03:46.536] [info] [spider.worker] [TIMING] task_id=adfae38e-f0c4-435b-93f5-aae25e506d6a func=job_orchestration.executor.query.spider_search_task.search_without_channel input_send_start=499068745 input_send_end=499068745 input_send_duration_ms=0 bytes=612
[2026-02-02 22:03:46.536] [info] [spider.worker] [TIMING] task_id=adfae38e-f0c4-435b-93f5-aae25e506d6a func=job_orchestration.executor.query.spider_search_task.search_without_channel spawn_start=499068744 spawn_end=499068745 spawn_duration_ms=0
[2026-02-02 22:03:47.987] [info] [spider.worker] [TIMING] task_id=adfae38e-f0c4-435b-93f5-aae25e506d6a func=job_orchestration.executor.query.spider_search_task.search_without_channel execution_start=499068745 execution_end=499070195 execution_duration_ms=1450
[2026-02-02 22:03:47.999] [info] [spider.worker] [TIMING] task_id=adfae38e-f0c4-435b-93f5-aae25e506d6a func=job_orchestration.executor.query.spider_search_task.search_without_channel submit_output_start=499070197 submit_output_end=499070208 submit_output_duration_ms=10
[2026-02-02 22:03:48.058] [info] [spider.worker] [TIMING] task_id=6de9c0c7-983a-444d-ba59-c37df73d7a2a func=job_orchestration.executor.query.spider_search_task.search_without_channel fetch_input_start=499070266 fetch_input_end=499070267 fetch_input_duration_ms=0
[2026-02-02 22:03:48.059] [info] [spider.worker] [TIMING] task_id=6de9c0c7-983a-444d-ba59-c37df73d7a2a func=job_orchestration.executor.query.spider_search_task.search_without_channel input_send_start=499070267 input_send_end=499070267 input_send_duration_ms=0 bytes=612
[2026-02-02 22:03:48.059] [info] [spider.worker] [TIMING] task_id=6de9c0c7-983a-444d-ba59-c37df73d7a2a func=job_orchestration.executor.query.spider_search_task.search_without_channel spawn_start=499070267 spawn_end=499070267 spawn_duration_ms=0
[2026-02-02 22:03:49.188] [info] [spider.worker] [TIMING] task_id=6de9c0c7-983a-444d-ba59-c37df73d7a2a func=job_orchestration.executor.query.spider_search_task.search_without_channel execution_start=499070267 execution_end=499071396 execution_duration_ms=1128
[2026-02-02 22:03:49.217] [info] [spider.worker] [TIMING] task_id=6de9c0c7-983a-444d-ba59-c37df73d7a2a func=job_orchestration.executor.query.spider_search_task.search_without_channel submit_output_start=499071398 submit_output_end=499071426 submit_output_duration_ms=28
[2026-02-02 22:03:49.236] [info] [spider.worker] [TIMING] task_id=a54f0562-151e-4138-b32e-de78a152e310 func=job_orchestration.executor.query.spider_search_task.search_without_channel fetch_input_start=499071443 fetch_input_end=499071444 fetch_input_duration_ms=0
[2026-02-02 22:03:49.237] [info] [spider.worker] [TIMING] task_id=a54f0562-151e-4138-b32e-de78a152e310 func=job_orchestration.executor.query.spider_search_task.search_without_channel input_send_start=499071445 input_send_end=499071445 input_send_duration_ms=0 bytes=612
[2026-02-02 22:03:49.237] [info] [spider.worker] [TIMING] task_id=a54f0562-151e-4138-b32e-de78a152e310 func=job_orchestration.executor.query.spider_search_task.search_without_channel spawn_start=499071444 spawn_end=499071445 spawn_duration_ms=0
[2026-02-02 22:03:50.491] [info] [spider.worker] [TIMING] task_id=a54f0562-151e-4138-b32e-de78a152e310 func=job_orchestration.executor.query.spider_search_task.search_without_channel execution_start=499071445 execution_end=499072699 execution_duration_ms=1254
[2026-02-02 22:03:50.530] [info] [spider.worker] [TIMING] task_id=a54f0562-151e-4138-b32e-de78a152e310 func=job_orchestration.executor.query.spider_search_task.search_without_channel submit_output_start=499072701 submit_output_end=499072738 submit_output_duration_ms=36
[2026-02-02 22:03:50.581] [info] [spider.worker] [TIMING] task_id=780506b8-2feb-48d0-a688-8728d998366b func=job_orchestration.executor.query.spider_search_task.search_without_channel fetch_input_start=499072778 fetch_input_end=499072790 fetch_input_duration_ms=11
[2026-02-02 22:03:50.582] [info] [spider.worker] [TIMING] task_id=780506b8-2feb-48d0-a688-8728d998366b func=job_orchestration.executor.query.spider_search_task.search_without_channel input_send_start=499072790 input_send_end=499072790 input_send_duration_ms=0 bytes=612
[2026-02-02 22:03:50.582] [info] [spider.worker] [TIMING] task_id=780506b8-2feb-48d0-a688-8728d998366b func=job_orchestration.executor.query.spider_search_task.search_without_channel spawn_start=499072790 spawn_end=499072790 spawn_duration_ms=0
[2026-02-02 22:03:51.976] [info] [spider.worker] [TIMING] task_id=780506b8-2feb-48d0-a688-8728d998366b func=job_orchestration.executor.query.spider_search_task.search_without_channel execution_start=499072790 execution_end=499074185 execution_duration_ms=1394
[2026-02-02 22:03:52.009] [info] [spider.worker] [TIMING] task_id=780506b8-2feb-48d0-a688-8728d998366b func=job_orchestration.executor.query.spider_search_task.search_without_channel submit_output_start=499074187 submit_output_end=499074218 submit_output_duration_ms=31
[2026-02-02 22:03:52.037] [info] [spider.worker] [TIMING] task_id=631ee342-de72-46e7-a515-f965955eca2a func=job_orchestration.executor.query.spider_search_task.search_without_channel fetch_input_start=499074245 fetch_input_end=499074246 fetch_input_duration_ms=1
[2026-02-02 22:03:52.038] [info] [spider.worker] [TIMING] task_id=631ee342-de72-46e7-a515-f965955eca2a func=job_orchestration.executor.query.spider_search_task.search_without_channel input_send_start=499074246 input_send_end=499074246 input_send_duration_ms=0 bytes=610
[2026-02-02 22:03:52.038] [info] [spider.worker] [TIMING] task_id=631ee342-de72-46e7-a515-f965955eca2a func=job_orchestration.executor.query.spider_search_task.search_without_channel spawn_start=499074246 spawn_end=499074246 spawn_duration_ms=0
[2026-02-02 22:03:53.423] [info] [spider.worker] [TIMING] task_id=631ee342-de72-46e7-a515-f965955eca2a func=job_orchestration.executor.query.spider_search_task.search_without_channel execution_start=499074246 execution_end=499075631 execution_duration_ms=1384
[2026-02-02 22:03:53.435] [info] [spider.worker] [TIMING] task_id=631ee342-de72-46e7-a515-f965955eca2a func=job_orchestration.executor.query.spider_search_task.search_without_channel submit_output_start=499075633 submit_output_end=499075643 submit_output_duration_ms=10
[2026-02-02 22:03:53.445] [info] [spider.worker] [TIMING] task_id=8d37b11d-b467-4bc7-bf78-71dcf9f63911 func=job_orchestration.executor.query.spider_search_task.search_without_channel fetch_input_start=499075652 fetch_input_end=499075653 fetch_input_duration_ms=0
[2026-02-02 22:03:53.445] [info] [spider.worker] [TIMING] task_id=8d37b11d-b467-4bc7-bf78-71dcf9f63911 func=job_orchestration.executor.query.spider_search_task.search_without_channel input_send_start=499075654 input_send_end=499075654 input_send_duration_ms=0 bytes=612
[2026-02-02 22:03:53.445] [info] [spider.worker] [TIMING] task_id=8d37b11d-b467-4bc7-bf78-71dcf9f63911 func=job_orchestration.executor.query.spider_search_task.search_without_channel spawn_start=499075653 spawn_end=499075654 spawn_duration_ms=0
[2026-02-02 22:03:55.010] [info] [spider.worker] [TIMING] task_id=8d37b11d-b467-4bc7-bf78-71dcf9f63911 func=job_orchestration.executor.query.spider_search_task.search_without_channel execution_start=499075654 execution_end=499077218 execution_duration_ms=1564
[2026-02-02 22:03:55.018] [info] [spider.worker] [TIMING] task_id=8d37b11d-b467-4bc7-bf78-71dcf9f63911 func=job_orchestration.executor.query.spider_search_task.search_without_channel submit_output_start=499077220 submit_output_end=499077226 submit_output_duration_ms=6
[2026-02-02 22:03:55.047] [info] [spider.worker] [TIMING] task_id=e011dbb6-84af-44b2-975b-aa1a04736298 func=job_orchestration.executor.query.spider_search_task.search_without_channel fetch_input_start=499077254 fetch_input_end=499077255 fetch_input_duration_ms=1
[2026-02-02 22:03:55.047] [info] [spider.worker] [TIMING] task_id=e011dbb6-84af-44b2-975b-aa1a04736298 func=job_orchestration.executor.query.spider_search_task.search_without_channel input_send_start=499077255 input_send_end=499077255 input_send_duration_ms=0 bytes=612
[2026-02-02 22:03:55.047] [info] [spider.worker] [TIMING] task_id=e011dbb6-84af-44b2-975b-aa1a04736298 func=job_orchestration.executor.query.spider_search_task.search_without_channel spawn_start=499077255 spawn_end=499077255 spawn_duration_ms=0
[2026-02-02 22:03:56.369] [info] [spider.worker] [TIMING] task_id=e011dbb6-84af-44b2-975b-aa1a04736298 func=job_orchestration.executor.query.spider_search_task.search_without_channel execution_start=499077256 execution_end=499078577 execution_duration_ms=1321
[2026-02-02 22:03:56.377] [info] [spider.worker] [TIMING] task_id=e011dbb6-84af-44b2-975b-aa1a04736298 func=job_orchestration.executor.query.spider_search_task.search_without_channel submit_output_start=499078579 submit_output_end=499078585 submit_output_duration_ms=5
[2026-02-02 22:03:56.421] [info] [spider.worker] [TIMING] task_id=b4e3b50a-79ee-4b14-9da3-1c3d310d6677 func=job_orchestration.executor.query.spider_search_task.search_without_channel fetch_input_start=499078629 fetch_input_end=499078630 fetch_input_duration_ms=0
[2026-02-02 22:03:56.422] [info] [spider.worker] [TIMING] task_id=b4e3b50a-79ee-4b14-9da3-1c3d310d6677 func=job_orchestration.executor.query.spider_search_task.search_without_channel input_send_start=499078630 input_send_end=499078630 input_send_duration_ms=0 bytes=611
[2026-02-02 22:03:56.422] [info] [spider.worker] [TIMING] task_id=b4e3b50a-79ee-4b14-9da3-1c3d310d6677 func=job_orchestration.executor.query.spider_search_task.search_without_channel spawn_start=499078630 spawn_end=499078630 spawn_duration_ms=0
[2026-02-02 22:03:57.672] [info] [spider.worker] [TIMING] task_id=b4e3b50a-79ee-4b14-9da3-1c3d310d6677 func=job_orchestration.executor.query.spider_search_task.search_without_channel execution_start=499078631 execution_end=499079880 execution_duration_ms=1249
[2026-02-02 22:03:57.685] [info] [spider.worker] [TIMING] task_id=b4e3b50a-79ee-4b14-9da3-1c3d310d6677 func=job_orchestration.executor.query.spider_search_task.search_without_channel submit_output_start=499079882 submit_output_end=499079894 submit_output_duration_ms=11
[2026-02-02 22:03:57.705] [info] [spider.worker] [TIMING] task_id=f350ab52-4ef3-4046-ba2d-1e90148feafd func=job_orchestration.executor.query.spider_search_task.search_without_channel fetch_input_start=499079912 fetch_input_end=499079913 fetch_input_duration_ms=0
[2026-02-02 22:03:57.705] [info] [spider.worker] [TIMING] task_id=f350ab52-4ef3-4046-ba2d-1e90148feafd func=job_orchestration.executor.query.spider_search_task.search_without_channel input_send_start=499079913 input_send_end=499079913 input_send_duration_ms=0 bytes=612
[2026-02-02 22:03:57.705] [info] [spider.worker] [TIMING] task_id=f350ab52-4ef3-4046-ba2d-1e90148feafd func=job_orchestration.executor.query.spider_search_task.search_without_channel spawn_start=499079913 spawn_end=499079913 spawn_duration_ms=0
[2026-02-02 22:03:58.852] [info] [spider.worker] [TIMING] task_id=f350ab52-4ef3-4046-ba2d-1e90148feafd func=job_orchestration.executor.query.spider_search_task.search_without_channel execution_start=499079913 execution_end=499081060 execution_duration_ms=1146
[2026-02-02 22:03:58.930] [info] [spider.worker] [TIMING] task_id=f350ab52-4ef3-4046-ba2d-1e90148feafd func=job_orchestration.executor.query.spider_search_task.search_without_channel submit_output_start=499081062 submit_output_end=499081138 submit_output_duration_ms=76
[2026-02-02 22:03:58.992] [info] [spider.worker] [TIMING] task_id=a4435d6b-23c5-4ef6-8a64-f1f4d47cfabf func=job_orchestration.executor.query.spider_search_task.search_without_channel fetch_input_start=499081199 fetch_input_end=499081200 fetch_input_duration_ms=1
[2026-02-02 22:03:58.992] [info] [spider.worker] [TIMING] task_id=a4435d6b-23c5-4ef6-8a64-f1f4d47cfabf func=job_orchestration.executor.query.spider_search_task.search_without_channel input_send_start=499081200 input_send_end=499081200 input_send_duration_ms=0 bytes=612
[2026-02-02 22:03:58.992] [info] [spider.worker] [TIMING] task_id=a4435d6b-23c5-4ef6-8a64-f1f4d47cfabf func=job_orchestration.executor.query.spider_search_task.search_without_channel spawn_start=499081200 spawn_end=499081200 spawn_duration_ms=0
[2026-02-02 22:04:00.264] [info] [spider.worker] [TIMING] task_id=a4435d6b-23c5-4ef6-8a64-f1f4d47cfabf func=job_orchestration.executor.query.spider_search_task.search_without_channel execution_start=499081201 execution_end=499082472 execution_duration_ms=1271
[2026-02-02 22:04:00.309] [info] [spider.worker] [TIMING] task_id=a4435d6b-23c5-4ef6-8a64-f1f4d47cfabf func=job_orchestration.executor.query.spider_search_task.search_without_channel submit_output_start=499082474 submit_output_end=499082517 submit_output_duration_ms=43
[2026-02-02 22:04:00.354] [info] [spider.worker] [TIMING] task_id=8f457600-27ef-43b3-b476-52c8e257e421 func=job_orchestration.executor.query.spider_search_task.search_without_channel fetch_input_start=499082561 fetch_input_end=499082562 fetch_input_duration_ms=1
[2026-02-02 22:04:00.355] [info] [spider.worker] [TIMING] task_id=8f457600-27ef-43b3-b476-52c8e257e421 func=job_orchestration.executor.query.spider_search_task.search_without_channel input_send_start=499082563 input_send_end=499082563 input_send_duration_ms=0 bytes=612
[2026-02-02 22:04:00.355] [info] [spider.worker] [TIMING] task_id=8f457600-27ef-43b3-b476-52c8e257e421 func=job_orchestration.executor.query.spider_search_task.search_without_channel spawn_start=499082562 spawn_end=499082563 spawn_duration_ms=0
[2026-02-02 22:04:01.705] [info] [spider.worker] [TIMING] task_id=8f457600-27ef-43b3-b476-52c8e257e421 func=job_orchestration.executor.query.spider_search_task.search_without_channel execution_start=499082563 execution_end=499083913 execution_duration_ms=1349
[2026-02-02 22:04:01.729] [info] [spider.worker] [TIMING] task_id=8f457600-27ef-43b3-b476-52c8e257e421 func=job_orchestration.executor.query.spider_search_task.search_without_channel submit_output_start=499083914 submit_output_end=499083937 submit_output_duration_ms=23
[2026-02-02 22:04:01.748] [info] [spider.worker] [TIMING] task_id=c5b423cd-5f08-4136-97f2-cb93c4b89b88 func=job_orchestration.executor.query.spider_search_task.search_without_channel fetch_input_start=499083955 fetch_input_end=499083956 fetch_input_duration_ms=1
[2026-02-02 22:04:01.748] [info] [spider.worker] [TIMING] task_id=c5b423cd-5f08-4136-97f2-cb93c4b89b88 func=job_orchestration.executor.query.spider_search_task.search_without_channel input_send_start=499083957 input_send_end=499083957 input_send_duration_ms=0 bytes=611
[2026-02-02 22:04:01.748] [info] [spider.worker] [TIMING] task_id=c5b423cd-5f08-4136-97f2-cb93c4b89b88 func=job_orchestration.executor.query.spider_search_task.search_without_channel spawn_start=499083956 spawn_end=499083957 spawn_duration_ms=0
[2026-02-02 22:04:02.977] [info] [spider.worker] [TIMING] task_id=c5b423cd-5f08-4136-97f2-cb93c4b89b88 func=job_orchestration.executor.query.spider_search_task.search_without_channel execution_start=499083957 execution_end=499085185 execution_duration_ms=1228
[2026-02-02 22:04:03.004] [info] [spider.worker] [TIMING] task_id=c5b423cd-5f08-4136-97f2-cb93c4b89b88 func=job_orchestration.executor.query.spider_search_task.search_without_channel submit_output_start=499085192 submit_output_end=499085212 submit_output_duration_ms=20
[2026-02-02 22:04:03.049] [info] [spider.worker] [TIMING] task_id=81a58272-2132-44f6-b204-34245e8aab8c func=job_orchestration.executor.query.spider_search_task.search_without_channel fetch_input_start=499085256 fetch_input_end=499085257 fetch_input_duration_ms=1
[2026-02-02 22:04:03.049] [info] [spider.worker] [TIMING] task_id=81a58272-2132-44f6-b204-34245e8aab8c func=job_orchestration.executor.query.spider_search_task.search_without_channel input_send_start=499085258 input_send_end=499085258 input_send_duration_ms=0 bytes=610
[2026-02-02 22:04:03.049] [info] [spider.worker] [TIMING] task_id=81a58272-2132-44f6-b204-34245e8aab8c func=job_orchestration.executor.query.spider_search_task.search_without_channel spawn_start=499085257 spawn_end=499085258 spawn_duration_ms=0
[2026-02-02 22:04:04.278] [info] [spider.worker] [TIMING] task_id=81a58272-2132-44f6-b204-34245e8aab8c func=job_orchestration.executor.query.spider_search_task.search_without_channel execution_start=499085258 execution_end=499086487 execution_duration_ms=1228
[2026-02-02 22:04:04.313] [info] [spider.worker] [TIMING] task_id=81a58272-2132-44f6-b204-34245e8aab8c func=job_orchestration.executor.query.spider_search_task.search_without_channel submit_output_start=499086488 submit_output_end=499086521 submit_output_duration_ms=32
[2026-02-02 22:04:04.348] [info] [spider.worker] [TIMING] task_id=4c1dd0f0-b1a7-48d0-8925-93e5d4700a59 func=job_orchestration.executor.query.spider_search_task.search_without_channel fetch_input_start=499086556 fetch_input_end=499086557 fetch_input_duration_ms=1
[2026-02-02 22:04:04.349] [info] [spider.worker] [TIMING] task_id=4c1dd0f0-b1a7-48d0-8925-93e5d4700a59 func=job_orchestration.executor.query.spider_search_task.search_without_channel input_send_start=499086557 input_send_end=499086557 input_send_duration_ms=0 bytes=612
[2026-02-02 22:04:04.349] [info] [spider.worker] [TIMING] task_id=4c1dd0f0-b1a7-48d0-8925-93e5d4700a59 func=job_orchestration.executor.query.spider_search_task.search_without_channel spawn_start=499086557 spawn_end=499086557 spawn_duration_ms=0
[2026-02-02 22:04:05.683] [info] [spider.worker] [TIMING] task_id=4c1dd0f0-b1a7-48d0-8925-93e5d4700a59 func=job_orchestration.executor.query.spider_search_task.search_without_channel execution_start=499086557 execution_end=499087891 execution_duration_ms=1333
[2026-02-02 22:04:05.758] [info] [spider.worker] [TIMING] task_id=4c1dd0f0-b1a7-48d0-8925-93e5d4700a59 func=job_orchestration.executor.query.spider_search_task.search_without_channel submit_output_start=499087893 submit_output_end=499087966 submit_output_duration_ms=72
[2026-02-02 22:04:05.815] [info] [spider.worker] [TIMING] task_id=58ed37c9-4533-412b-9335-a6a9715483e3 func=job_orchestration.executor.query.spider_search_task.search_without_channel fetch_input_start=499088023 fetch_input_end=499088023 fetch_input_duration_ms=0
[2026-02-02 22:04:05.815] [info] [spider.worker] [TIMING] task_id=58ed37c9-4533-412b-9335-a6a9715483e3 func=job_orchestration.executor.query.spider_search_task.search_without_channel input_send_start=499088024 input_send_end=499088024 input_send_duration_ms=0 bytes=611
[2026-02-02 22:04:05.815] [info] [spider.worker] [TIMING] task_id=58ed37c9-4533-412b-9335-a6a9715483e3 func=job_orchestration.executor.query.spider_search_task.search_without_channel spawn_start=499088023 spawn_end=499088024 spawn_duration_ms=0
[2026-02-02 22:04:07.025] [info] [spider.worker] [TIMING] task_id=58ed37c9-4533-412b-9335-a6a9715483e3 func=job_orchestration.executor.query.spider_search_task.search_without_channel execution_start=499088024 execution_end=499089233 execution_duration_ms=1209
[2026-02-02 22:04:07.071] [info] [spider.worker] [TIMING] task_id=58ed37c9-4533-412b-9335-a6a9715483e3 func=job_orchestration.executor.query.spider_search_task.search_without_channel submit_output_start=499089235 submit_output_end=499089279 submit_output_duration_ms=43
[2026-02-02 22:04:07.107] [info] [spider.worker] [TIMING] task_id=eb15f497-e693-4bd0-b866-3c25d0e936af func=job_orchestration.executor.query.spider_search_task.search_without_channel fetch_input_start=499089315 fetch_input_end=499089316 fetch_input_duration_ms=0
[2026-02-02 22:04:07.108] [info] [spider.worker] [TIMING] task_id=eb15f497-e693-4bd0-b866-3c25d0e936af func=job_orchestration.executor.query.spider_search_task.search_without_channel input_send_start=499089316 input_send_end=499089316 input_send_duration_ms=0 bytes=612
[2026-02-02 22:04:07.108] [info] [spider.worker] [TIMING] task_id=eb15f497-e693-4bd0-b866-3c25d0e936af func=job_orchestration.executor.query.spider_search_task.search_without_channel spawn_start=499089316 spawn_end=499089316 spawn_duration_ms=0
[2026-02-02 22:04:08.458] [info] [spider.worker] [TIMING] task_id=eb15f497-e693-4bd0-b866-3c25d0e936af func=job_orchestration.executor.query.spider_search_task.search_without_channel execution_start=499089316 execution_end=499090666 execution_duration_ms=1349
[2026-02-02 22:04:08.550] [info] [spider.worker] [TIMING] task_id=eb15f497-e693-4bd0-b866-3c25d0e936af func=job_orchestration.executor.query.spider_search_task.search_without_channel submit_output_start=499090668 submit_output_end=499090759 submit_output_duration_ms=90
[2026-02-02 22:04:08.608] [info] [spider.worker] [TIMING] task_id=08685207-5834-490f-b686-4cd4bb52515f func=job_orchestration.executor.query.spider_search_task.search_without_channel fetch_input_start=499090816 fetch_input_end=499090817 fetch_input_duration_ms=0
[2026-02-02 22:04:08.609] [info] [spider.worker] [TIMING] task_id=08685207-5834-490f-b686-4cd4bb52515f func=job_orchestration.executor.query.spider_search_task.search_without_channel input_send_start=499090817 input_send_end=499090817 input_send_duration_ms=0 bytes=610
[2026-02-02 22:04:08.609] [info] [spider.worker] [TIMING] task_id=08685207-5834-490f-b686-4cd4bb52515f func=job_orchestration.executor.query.spider_search_task.search_without_channel spawn_start=499090817 spawn_end=499090817 spawn_duration_ms=0
[2026-02-02 22:04:09.774] [info] [spider.worker] [TIMING] task_id=08685207-5834-490f-b686-4cd4bb52515f func=job_orchestration.executor.query.spider_search_task.search_without_channel execution_start=499090817 execution_end=499091982 execution_duration_ms=1164
[2026-02-02 22:04:09.806] [info] [spider.worker] [TIMING] task_id=08685207-5834-490f-b686-4cd4bb52515f func=job_orchestration.executor.query.spider_search_task.search_without_channel submit_output_start=499091983 submit_output_end=499092014 submit_output_duration_ms=30
[2026-02-02 22:04:09.891] [info] [spider.worker] [TIMING] task_id=d06a7ea6-955a-47e3-9c18-eaf337205a33 func=job_orchestration.executor.query.spider_search_task.search_without_channel fetch_input_start=499092098 fetch_input_end=499092099 fetch_input_duration_ms=1
[2026-02-02 22:04:09.891] [info] [spider.worker] [TIMING] task_id=d06a7ea6-955a-47e3-9c18-eaf337205a33 func=job_orchestration.executor.query.spider_search_task.search_without_channel input_send_start=499092100 input_send_end=499092100 input_send_duration_ms=0 bytes=611
[2026-02-02 22:04:09.891] [info] [spider.worker] [TIMING] task_id=d06a7ea6-955a-47e3-9c18-eaf337205a33 func=job_orchestration.executor.query.spider_search_task.search_without_channel spawn_start=499092099 spawn_end=499092100 spawn_duration_ms=0
[2026-02-02 22:04:11.308] [info] [spider.worker] [TIMING] task_id=d06a7ea6-955a-47e3-9c18-eaf337205a33 func=job_orchestration.executor.query.spider_search_task.search_without_channel execution_start=499092100 execution_end=499093516 execution_duration_ms=1416
[2026-02-02 22:04:11.400] [info] [spider.worker] [TIMING] task_id=d06a7ea6-955a-47e3-9c18-eaf337205a33 func=job_orchestration.executor.query.spider_search_task.search_without_channel submit_output_start=499093542 submit_output_end=499093608 submit_output_duration_ms=66
[2026-02-02 22:04:11.450] [info] [spider.worker] [TIMING] task_id=21cdc748-cdec-46a8-bb7e-e3b6a6ccef38 func=job_orchestration.executor.query.spider_search_task.search_without_channel fetch_input_start=499093658 fetch_input_end=499093659 fetch_input_duration_ms=1
[2026-02-02 22:04:11.451] [info] [spider.worker] [TIMING] task_id=21cdc748-cdec-46a8-bb7e-e3b6a6ccef38 func=job_orchestration.executor.query.spider_search_task.search_without_channel input_send_start=499093659 input_send_end=499093659 input_send_duration_ms=0 bytes=610
[2026-02-02 22:04:11.451] [info] [spider.worker] [TIMING] task_id=21cdc748-cdec-46a8-bb7e-e3b6a6ccef38 func=job_orchestration.executor.query.spider_search_task.search_without_channel spawn_start=499093659 spawn_end=499093659 spawn_duration_ms=0
[2026-02-02 22:04:12.645] [info] [spider.worker] [TIMING] task_id=21cdc748-cdec-46a8-bb7e-e3b6a6ccef38 func=job_orchestration.executor.query.spider_search_task.search_without_channel execution_start=499093660 execution_end=499094853 execution_duration_ms=1193
[2026-02-02 22:04:12.665] [info] [spider.worker] [TIMING] task_id=21cdc748-cdec-46a8-bb7e-e3b6a6ccef38 func=job_orchestration.executor.query.spider_search_task.search_without_channel submit_output_start=499094855 submit_output_end=499094873 submit_output_duration_ms=18
[2026-02-02 22:04:12.723] [info] [spider.worker] [TIMING] task_id=299f492c-d98d-4013-9149-4b7d223667a1 func=job_orchestration.executor.query.spider_search_task.search_without_channel fetch_input_start=499094930 fetch_input_end=499094931 fetch_input_duration_ms=1
[2026-02-02 22:04:12.723] [info] [spider.worker] [TIMING] task_id=299f492c-d98d-4013-9149-4b7d223667a1 func=job_orchestration.executor.query.spider_search_task.search_without_channel input_send_start=499094932 input_send_end=499094932 input_send_duration_ms=0 bytes=612
[2026-02-02 22:04:12.723] [info] [spider.worker] [TIMING] task_id=299f492c-d98d-4013-9149-4b7d223667a1 func=job_orchestration.executor.query.spider_search_task.search_without_channel spawn_start=499094931 spawn_end=499094932 spawn_duration_ms=0
[2026-02-02 22:04:14.006] [info] [spider.worker] [TIMING] task_id=299f492c-d98d-4013-9149-4b7d223667a1 func=job_orchestration.executor.query.spider_search_task.search_without_channel execution_start=499094932 execution_end=499096214 execution_duration_ms=1282
[2026-02-02 22:04:14.073] [info] [spider.worker] [TIMING] task_id=299f492c-d98d-4013-9149-4b7d223667a1 func=job_orchestration.executor.query.spider_search_task.search_without_channel submit_output_start=499096216 submit_output_end=499096282 submit_output_duration_ms=65
[2026-02-02 22:04:14.118] [info] [spider.worker] [TIMING] task_id=79c22f51-420e-42da-9d79-cd8bc1e9c8bc func=job_orchestration.executor.query.spider_search_task.search_without_channel fetch_input_start=499096325 fetch_input_end=499096327 fetch_input_duration_ms=1
[2026-02-02 22:04:14.119] [info] [spider.worker] [TIMING] task_id=79c22f51-420e-42da-9d79-cd8bc1e9c8bc func=job_orchestration.executor.query.spider_search_task.search_without_channel input_send_start=499096327 input_send_end=499096327 input_send_duration_ms=0 bytes=612
[2026-02-02 22:04:14.119] [info] [spider.worker] [TIMING] task_id=79c22f51-420e-42da-9d79-cd8bc1e9c8bc func=job_orchestration.executor.query.spider_search_task.search_without_channel spawn_start=499096327 spawn_end=499096327 spawn_duration_ms=0
[2026-02-02 22:04:15.386] [info] [spider.worker] [TIMING] task_id=79c22f51-420e-42da-9d79-cd8bc1e9c8bc func=job_orchestration.executor.query.spider_search_task.search_without_channel execution_start=499096327 execution_end=499097595 execution_duration_ms=1267
[2026-02-02 22:04:15.420] [info] [spider.worker] [TIMING] task_id=79c22f51-420e-42da-9d79-cd8bc1e9c8bc func=job_orchestration.executor.query.spider_search_task.search_without_channel submit_output_start=499097597 submit_output_end=499097629 submit_output_duration_ms=31
[2026-02-02 22:04:15.465] [info] [spider.worker] [TIMING] task_id=c146740a-a9ef-45b1-bea4-eafed720999d func=job_orchestration.executor.query.spider_search_task.search_without_channel fetch_input_start=499097672 fetch_input_end=499097673 fetch_input_duration_ms=0
[2026-02-02 22:04:15.465] [info] [spider.worker] [TIMING] task_id=c146740a-a9ef-45b1-bea4-eafed720999d func=job_orchestration.executor.query.spider_search_task.search_without_channel input_send_start=499097674 input_send_end=499097674 input_send_duration_ms=0 bytes=612
[2026-02-02 22:04:15.465] [info] [spider.worker] [TIMING] task_id=c146740a-a9ef-45b1-bea4-eafed720999d func=job_orchestration.executor.query.spider_search_task.search_without_channel spawn_start=499097673 spawn_end=499097674 spawn_duration_ms=0
[2026-02-02 22:04:16.758] [info] [spider.worker] [TIMING] task_id=c146740a-a9ef-45b1-bea4-eafed720999d func=job_orchestration.executor.query.spider_search_task.search_without_channel execution_start=499097674 execution_end=499098967 execution_duration_ms=1292
[2026-02-02 22:04:16.783] [info] [spider.worker] [TIMING] task_id=c146740a-a9ef-45b1-bea4-eafed720999d func=job_orchestration.executor.query.spider_search_task.search_without_channel submit_output_start=499098969 submit_output_end=499098991 submit_output_duration_ms=22
[2026-02-02 22:04:16.820] [info] [spider.worker] [TIMING] task_id=bd789b70-ce77-4d4b-bccb-6f04bbfd1269 func=job_orchestration.executor.query.spider_search_task.search_without_channel fetch_input_start=499099028 fetch_input_end=499099029 fetch_input_duration_ms=0
[2026-02-02 22:04:16.821] [info] [spider.worker] [TIMING] task_id=bd789b70-ce77-4d4b-bccb-6f04bbfd1269 func=job_orchestration.executor.query.spider_search_task.search_without_channel input_send_start=499099029 input_send_end=499099029 input_send_duration_ms=0 bytes=610
[2026-02-02 22:04:16.821] [info] [spider.worker] [TIMING] task_id=bd789b70-ce77-4d4b-bccb-6f04bbfd1269 func=job_orchestration.executor.query.spider_search_task.search_without_channel spawn_start=499099029 spawn_end=499099029 spawn_duration_ms=0
[2026-02-02 22:04:18.108] [info] [spider.worker] [TIMING] task_id=bd789b70-ce77-4d4b-bccb-6f04bbfd1269 func=job_orchestration.executor.query.spider_search_task.search_without_channel execution_start=499099030 execution_end=499100316 execution_duration_ms=1286
[2026-02-02 22:04:18.156] [info] [spider.worker] [TIMING] task_id=bd789b70-ce77-4d4b-bccb-6f04bbfd1269 func=job_orchestration.executor.query.spider_search_task.search_without_channel submit_output_start=499100318 submit_output_end=499100365 submit_output_duration_ms=46
[2026-02-02 22:04:18.178] [info] [spider.worker] [TIMING] task_id=2895206c-6e4b-4821-9032-07139372aa6d func=job_orchestration.executor.query.spider_search_task.search_without_channel fetch_input_start=499100385 fetch_input_end=499100386 fetch_input_duration_ms=0
[2026-02-02 22:04:18.178] [info] [spider.worker] [TIMING] task_id=2895206c-6e4b-4821-9032-07139372aa6d func=job_orchestration.executor.query.spider_search_task.search_without_channel input_send_start=499100386 input_send_end=499100386 input_send_duration_ms=0 bytes=612
[2026-02-02 22:04:18.178] [info] [spider.worker] [TIMING] task_id=2895206c-6e4b-4821-9032-07139372aa6d func=job_orchestration.executor.query.spider_search_task.search_without_channel spawn_start=499100386 spawn_end=499100386 spawn_duration_ms=0
[2026-02-02 22:04:19.563] [info] [spider.worker] [TIMING] task_id=2895206c-6e4b-4821-9032-07139372aa6d func=job_orchestration.executor.query.spider_search_task.search_without_channel execution_start=499100387 execution_end=499101771 execution_duration_ms=1384
[2026-02-02 22:04:19.584] [info] [spider.worker] [TIMING] task_id=2895206c-6e4b-4821-9032-07139372aa6d func=job_orchestration.executor.query.spider_search_task.search_without_channel submit_output_start=499101772 submit_output_end=499101792 submit_output_duration_ms=19
[2026-02-02 22:04:19.604] [info] [spider.worker] [TIMING] task_id=ce873f33-e83c-44c6-bf0c-75b9fada11b2 func=job_orchestration.executor.query.spider_search_task.search_without_channel fetch_input_start=499101811 fetch_input_end=499101812 fetch_input_duration_ms=1
[2026-02-02 22:04:19.604] [info] [spider.worker] [TIMING] task_id=ce873f33-e83c-44c6-bf0c-75b9fada11b2 func=job_orchestration.executor.query.spider_search_task.search_without_channel input_send_start=499101813 input_send_end=499101813 input_send_duration_ms=0 bytes=612
[2026-02-02 22:04:19.604] [info] [spider.worker] [TIMING] task_id=ce873f33-e83c-44c6-bf0c-75b9fada11b2 func=job_orchestration.executor.query.spider_search_task.search_without_channel spawn_start=499101812 spawn_end=499101813 spawn_duration_ms=0
[2026-02-02 22:04:20.980] [info] [spider.worker] [TIMING] task_id=ce873f33-e83c-44c6-bf0c-75b9fada11b2 func=job_orchestration.executor.query.spider_search_task.search_without_channel execution_start=499101813 execution_end=499103189 execution_duration_ms=1375
[2026-02-02 22:04:21.032] [info] [spider.worker] [TIMING] task_id=ce873f33-e83c-44c6-bf0c-75b9fada11b2 func=job_orchestration.executor.query.spider_search_task.search_without_channel submit_output_start=499103190 submit_output_end=499103241 submit_output_duration_ms=50
[2026-02-02 22:04:21.062] [info] [spider.worker] [TIMING] task_id=e236e438-611f-42a1-9ed3-abddbb02bb1b func=job_orchestration.executor.query.spider_search_task.search_without_channel fetch_input_start=499103269 fetch_input_end=499103270 fetch_input_duration_ms=0
[2026-02-02 22:04:21.062] [info] [spider.worker] [TIMING] task_id=e236e438-611f-42a1-9ed3-abddbb02bb1b func=job_orchestration.executor.query.spider_search_task.search_without_channel input_send_start=499103270 input_send_end=499103271 input_send_duration_ms=0 bytes=612
[2026-02-02 22:04:21.062] [info] [spider.worker] [TIMING] task_id=e236e438-611f-42a1-9ed3-abddbb02bb1b func=job_orchestration.executor.query.spider_search_task.search_without_channel spawn_start=499103270 spawn_end=499103271 spawn_duration_ms=0
[2026-02-02 22:04:22.466] [info] [spider.worker] [TIMING] task_id=e236e438-611f-42a1-9ed3-abddbb02bb1b func=job_orchestration.executor.query.spider_search_task.search_without_channel execution_start=499103271 execution_end=499104674 execution_duration_ms=1403
[2026-02-02 22:04:22.485] [info] [spider.worker] [TIMING] task_id=e236e438-611f-42a1-9ed3-abddbb02bb1b func=job_orchestration.executor.query.spider_search_task.search_without_channel submit_output_start=499104676 submit_output_end=499104693 submit_output_duration_ms=17
[2026-02-02 22:04:22.504] [info] [spider.worker] [TIMING] task_id=b7603667-c32f-4955-ac2e-59c632758214 func=job_orchestration.executor.query.spider_search_task.search_without_channel fetch_input_start=499104712 fetch_input_end=499104713 fetch_input_duration_ms=1
[2026-02-02 22:04:22.505] [info] [spider.worker] [TIMING] task_id=b7603667-c32f-4955-ac2e-59c632758214 func=job_orchestration.executor.query.spider_search_task.search_without_channel input_send_start=499104713 input_send_end=499104713 input_send_duration_ms=0 bytes=612
[2026-02-02 22:04:22.505] [info] [spider.worker] [TIMING] task_id=b7603667-c32f-4955-ac2e-59c632758214 func=job_orchestration.executor.query.spider_search_task.search_without_channel spawn_start=499104713 spawn_end=499104713 spawn_duration_ms=0
[2026-02-02 22:04:23.798] [info] [spider.worker] [TIMING] task_id=b7603667-c32f-4955-ac2e-59c632758214 func=job_orchestration.executor.query.spider_search_task.search_without_channel execution_start=499104714 execution_end=499106006 execution_duration_ms=1292
[2026-02-02 22:04:23.835] [info] [spider.worker] [TIMING] task_id=b7603667-c32f-4955-ac2e-59c632758214 func=job_orchestration.executor.query.spider_search_task.search_without_channel submit_output_start=499106008 submit_output_end=499106043 submit_output_duration_ms=35
[2026-02-02 22:04:23.863] [info] [spider.worker] [TIMING] task_id=ab6521d7-07a4-430b-bd22-68399abd4223 func=job_orchestration.executor.query.spider_search_task.search_without_channel fetch_input_start=499106070 fetch_input_end=499106071 fetch_input_duration_ms=1
[2026-02-02 22:04:23.863] [info] [spider.worker] [TIMING] task_id=ab6521d7-07a4-430b-bd22-68399abd4223 func=job_orchestration.executor.query.spider_search_task.search_without_channel input_send_start=499106071 input_send_end=499106072 input_send_duration_ms=0 bytes=610
[2026-02-02 22:04:23.863] [info] [spider.worker] [TIMING] task_id=ab6521d7-07a4-430b-bd22-68399abd4223 func=job_orchestration.executor.query.spider_search_task.search_without_channel spawn_start=499106071 spawn_end=499106072 spawn_duration_ms=0
[2026-02-02 22:04:25.253] [info] [spider.worker] [TIMING] task_id=ab6521d7-07a4-430b-bd22-68399abd4223 func=job_orchestration.executor.query.spider_search_task.search_without_channel execution_start=499106072 execution_end=499107462 execution_duration_ms=1389
[2026-02-02 22:04:25.268] [info] [spider.worker] [TIMING] task_id=ab6521d7-07a4-430b-bd22-68399abd4223 func=job_orchestration.executor.query.spider_search_task.search_without_channel submit_output_start=499107463 submit_output_end=499107477 submit_output_duration_ms=13
[2026-02-02 22:04:25.279] [info] [spider.worker] [TIMING] task_id=ca55f221-d6bc-4a25-b61f-aff2a10536db func=job_orchestration.executor.query.spider_search_task.search_without_channel fetch_input_start=499107487 fetch_input_end=499107488 fetch_input_duration_ms=1
[2026-02-02 22:04:25.280] [info] [spider.worker] [TIMING] task_id=ca55f221-d6bc-4a25-b61f-aff2a10536db func=job_orchestration.executor.query.spider_search_task.search_without_channel input_send_start=499107488 input_send_end=499107488 input_send_duration_ms=0 bytes=611
[2026-02-02 22:04:25.280] [info] [spider.worker] [TIMING] task_id=ca55f221-d6bc-4a25-b61f-aff2a10536db func=job_orchestration.executor.query.spider_search_task.search_without_channel spawn_start=499107488 spawn_end=499107488 spawn_duration_ms=0
[2026-02-02 22:04:26.627] [info] [spider.worker] [TIMING] task_id=ca55f221-d6bc-4a25-b61f-aff2a10536db func=job_orchestration.executor.query.spider_search_task.search_without_channel execution_start=499107489 execution_end=499108835 execution_duration_ms=1346
[2026-02-02 22:04:26.674] [info] [spider.worker] [TIMING] task_id=ca55f221-d6bc-4a25-b61f-aff2a10536db func=job_orchestration.executor.query.spider_search_task.search_without_channel submit_output_start=499108837 submit_output_end=499108883 submit_output_duration_ms=45
[2026-02-02 22:04:26.696] [info] [spider.worker] [TIMING] task_id=3e24c40b-abc8-4bff-8f47-71717a23514c func=job_orchestration.executor.query.spider_search_task.search_without_channel fetch_input_start=499108904 fetch_input_end=499108905 fetch_input_duration_ms=0
[2026-02-02 22:04:26.697] [info] [spider.worker] [TIMING] task_id=3e24c40b-abc8-4bff-8f47-71717a23514c func=job_orchestration.executor.query.spider_search_task.search_without_channel input_send_start=499108905 input_send_end=499108905 input_send_duration_ms=0 bytes=611
[2026-02-02 22:04:26.697] [info] [spider.worker] [TIMING] task_id=3e24c40b-abc8-4bff-8f47-71717a23514c func=job_orchestration.executor.query.spider_search_task.search_without_channel spawn_start=499108905 spawn_end=499108905 spawn_duration_ms=0
[2026-02-02 22:04:28.055] [info] [spider.worker] [TIMING] task_id=3e24c40b-abc8-4bff-8f47-71717a23514c func=job_orchestration.executor.query.spider_search_task.search_without_channel execution_start=499108905 execution_end=499110263 execution_duration_ms=1358
[2026-02-02 22:04:28.069] [info] [spider.worker] [TIMING] task_id=3e24c40b-abc8-4bff-8f47-71717a23514c func=job_orchestration.executor.query.spider_search_task.search_without_channel submit_output_start=499110265 submit_output_end=499110277 submit_output_duration_ms=12
[2026-02-02 22:04:28.080] [info] [spider.worker] [TIMING] task_id=2b0d7cfe-400f-4c23-9711-dd13181e82c6 func=job_orchestration.executor.query.spider_search_task.search_without_channel fetch_input_start=499110287 fetch_input_end=499110288 fetch_input_duration_ms=1
[2026-02-02 22:04:28.081] [info] [spider.worker] [TIMING] task_id=2b0d7cfe-400f-4c23-9711-dd13181e82c6 func=job_orchestration.executor.query.spider_search_task.search_without_channel input_send_start=499110289 input_send_end=499110289 input_send_duration_ms=0 bytes=611
[2026-02-02 22:04:28.081] [info] [spider.worker] [TIMING] task_id=2b0d7cfe-400f-4c23-9711-dd13181e82c6 func=job_orchestration.executor.query.spider_search_task.search_without_channel spawn_start=499110288 spawn_end=499110289 spawn_duration_ms=0
[2026-02-02 22:04:29.422] [info] [spider.worker] [TIMING] task_id=2b0d7cfe-400f-4c23-9711-dd13181e82c6 func=job_orchestration.executor.query.spider_search_task.search_without_channel execution_start=499110289 execution_end=499111631 execution_duration_ms=1341
[2026-02-02 22:04:29.473] [info] [spider.worker] [TIMING] task_id=2b0d7cfe-400f-4c23-9711-dd13181e82c6 func=job_orchestration.executor.query.spider_search_task.search_without_channel submit_output_start=499111633 submit_output_end=499111682 submit_output_duration_ms=49
[2026-02-02 22:04:29.497] [info] [spider.worker] [TIMING] task_id=43b69ffd-cb95-4793-9af7-ead174048e76 func=job_orchestration.executor.query.spider_search_task.search_without_channel fetch_input_start=499111704 fetch_input_end=499111705 fetch_input_duration_ms=1
[2026-02-02 22:04:29.498] [info] [spider.worker] [TIMING] task_id=43b69ffd-cb95-4793-9af7-ead174048e76 func=job_orchestration.executor.query.spider_search_task.search_without_channel input_send_start=499111706 input_send_end=499111706 input_send_duration_ms=0 bytes=612
[2026-02-02 22:04:29.498] [info] [spider.worker] [TIMING] task_id=43b69ffd-cb95-4793-9af7-ead174048e76 func=job_orchestration.executor.query.spider_search_task.search_without_channel spawn_start=499111705 spawn_end=499111706 spawn_duration_ms=0
[2026-02-02 22:04:30.799] [info] [spider.worker] [TIMING] task_id=43b69ffd-cb95-4793-9af7-ead174048e76 func=job_orchestration.executor.query.spider_search_task.search_without_channel execution_start=499111706 execution_end=499113007 execution_duration_ms=1300
[2026-02-02 22:04:30.819] [info] [spider.worker] [TIMING] task_id=43b69ffd-cb95-4793-9af7-ead174048e76 func=job_orchestration.executor.query.spider_search_task.search_without_channel submit_output_start=499113009 submit_output_end=499113028 submit_output_duration_ms=19
[2026-02-02 22:04:30.855] [info] [spider.worker] [TIMING] task_id=eba47248-e952-499f-a295-5663559d99b8 func=job_orchestration.executor.query.spider_search_task.search_without_channel fetch_input_start=499113063 fetch_input_end=499113064 fetch_input_duration_ms=1
[2026-02-02 22:04:30.856] [info] [spider.worker] [TIMING] task_id=eba47248-e952-499f-a295-5663559d99b8 func=job_orchestration.executor.query.spider_search_task.search_without_channel input_send_start=499113064 input_send_end=499113064 input_send_duration_ms=0 bytes=612
[2026-02-02 22:04:30.856] [info] [spider.worker] [TIMING] task_id=eba47248-e952-499f-a295-5663559d99b8 func=job_orchestration.executor.query.spider_search_task.search_without_channel spawn_start=499113064 spawn_end=499113064 spawn_duration_ms=0
[2026-02-02 22:04:32.196] [info] [spider.worker] [TIMING] task_id=eba47248-e952-499f-a295-5663559d99b8 func=job_orchestration.executor.query.spider_search_task.search_without_channel execution_start=499113065 execution_end=499114405 execution_duration_ms=1339
[2026-02-02 22:04:32.220] [info] [spider.worker] [TIMING] task_id=eba47248-e952-499f-a295-5663559d99b8 func=job_orchestration.executor.query.spider_search_task.search_without_channel submit_output_start=499114406 submit_output_end=499114428 submit_output_duration_ms=21
[2026-02-02 22:04:32.251] [info] [spider.worker] [TIMING] task_id=ff720b79-a2d8-4e3c-8e46-6743830e444c func=job_orchestration.executor.query.spider_search_task.search_without_channel fetch_input_start=499114459 fetch_input_end=499114460 fetch_input_duration_ms=1
[2026-02-02 22:04:32.252] [info] [spider.worker] [TIMING] task_id=ff720b79-a2d8-4e3c-8e46-6743830e444c func=job_orchestration.executor.query.spider_search_task.search_without_channel input_send_start=499114460 input_send_end=499114460 input_send_duration_ms=0 bytes=612
[2026-02-02 22:04:32.252] [info] [spider.worker] [TIMING] task_id=ff720b79-a2d8-4e3c-8e46-6743830e444c func=job_orchestration.executor.query.spider_search_task.search_without_channel spawn_start=499114460 spawn_end=499114460 spawn_duration_ms=0
[2026-02-02 22:04:33.491] [info] [spider.worker] [TIMING] task_id=ff720b79-a2d8-4e3c-8e46-6743830e444c func=job_orchestration.executor.query.spider_search_task.search_without_channel execution_start=499114461 execution_end=499115699 execution_duration_ms=1238
[2026-02-02 22:04:33.520] [info] [spider.worker] [TIMING] task_id=ff720b79-a2d8-4e3c-8e46-6743830e444c func=job_orchestration.executor.query.spider_search_task.search_without_channel submit_output_start=499115701 submit_output_end=499115728 submit_output_duration_ms=27
[2026-02-02 22:04:33.556] [info] [spider.worker] [TIMING] task_id=997d5030-e19d-483e-8ba2-5da1e28dd2bf func=job_orchestration.executor.query.spider_search_task.search_without_channel fetch_input_start=499115763 fetch_input_end=499115765 fetch_input_duration_ms=1
[2026-02-02 22:04:33.557] [info] [spider.worker] [TIMING] task_id=997d5030-e19d-483e-8ba2-5da1e28dd2bf func=job_orchestration.executor.query.spider_search_task.search_without_channel input_send_start=499115765 input_send_end=499115765 input_send_duration_ms=0 bytes=610
[2026-02-02 22:04:33.557] [info] [spider.worker] [TIMING] task_id=997d5030-e19d-483e-8ba2-5da1e28dd2bf func=job_orchestration.executor.query.spider_search_task.search_without_channel spawn_start=499115765 spawn_end=499115765 spawn_duration_ms=0
[2026-02-02 22:04:34.946] [info] [spider.worker] [TIMING] task_id=997d5030-e19d-483e-8ba2-5da1e28dd2bf func=job_orchestration.executor.query.spider_search_task.search_without_channel execution_start=499115766 execution_end=499117155 execution_duration_ms=1388
[2026-02-02 22:04:34.990] [info] [spider.worker] [TIMING] task_id=997d5030-e19d-483e-8ba2-5da1e28dd2bf func=job_orchestration.executor.query.spider_search_task.search_without_channel submit_output_start=499117157 submit_output_end=499117199 submit_output_duration_ms=42
[2026-02-02 22:04:35.048] [info] [spider.worker] [TIMING] task_id=59a26213-df18-49db-986b-65681109e7e9 func=job_orchestration.executor.query.spider_search_task.search_without_channel fetch_input_start=499117256 fetch_input_end=499117256 fetch_input_duration_ms=0
[2026-02-02 22:04:35.049] [info] [spider.worker] [TIMING] task_id=59a26213-df18-49db-986b-65681109e7e9 func=job_orchestration.executor.query.spider_search_task.search_without_channel input_send_start=499117257 input_send_end=499117257 input_send_duration_ms=0 bytes=612
[2026-02-02 22:04:35.049] [info] [spider.worker] [TIMING] task_id=59a26213-df18-49db-986b-65681109e7e9 func=job_orchestration.executor.query.spider_search_task.search_without_channel spawn_start=499117257 spawn_end=499117257 spawn_duration_ms=0
[2026-02-02 22:04:36.260] [info] [spider.worker] [TIMING] task_id=59a26213-df18-49db-986b-65681109e7e9 func=job_orchestration.executor.query.spider_search_task.search_without_channel execution_start=499117257 execution_end=499118468 execution_duration_ms=1211
[2026-02-02 22:04:36.329] [info] [spider.worker] [TIMING] task_id=59a26213-df18-49db-986b-65681109e7e9 func=job_orchestration.executor.query.spider_search_task.search_without_channel submit_output_start=499118470 submit_output_end=499118537 submit_output_duration_ms=66
[2026-02-02 22:04:36.374] [info] [spider.worker] [TIMING] task_id=21d1f5f0-0f71-4202-a25f-d25a57b8dab5 func=job_orchestration.executor.query.spider_search_task.search_without_channel fetch_input_start=499118581 fetch_input_end=499118583 fetch_input_duration_ms=1
[2026-02-02 22:04:36.375] [info] [spider.worker] [TIMING] task_id=21d1f5f0-0f71-4202-a25f-d25a57b8dab5 func=job_orchestration.executor.query.spider_search_task.search_without_channel input_send_start=499118583 input_send_end=499118583 input_send_duration_ms=0 bytes=612
[2026-02-02 22:04:36.375] [info] [spider.worker] [TIMING] task_id=21d1f5f0-0f71-4202-a25f-d25a57b8dab5 func=job_orchestration.executor.query.spider_search_task.search_without_channel spawn_start=499118583 spawn_end=499118583 spawn_duration_ms=0
[2026-02-02 22:04:37.780] [info] [spider.worker] [TIMING] task_id=21d1f5f0-0f71-4202-a25f-d25a57b8dab5 func=job_orchestration.executor.query.spider_search_task.search_without_channel execution_start=499118583 execution_end=499119988 execution_duration_ms=1404
[2026-02-02 22:04:37.807] [info] [spider.worker] [TIMING] task_id=21d1f5f0-0f71-4202-a25f-d25a57b8dab5 func=job_orchestration.executor.query.spider_search_task.search_without_channel submit_output_start=499119990 submit_output_end=499120016 submit_output_duration_ms=25
[2026-02-02 22:04:37.885] [info] [spider.worker] [TIMING] task_id=ccc4b732-935b-41e0-bbd9-f024edf3315a func=job_orchestration.executor.query.spider_search_task.search_without_channel fetch_input_start=499120092 fetch_input_end=499120093 fetch_input_duration_ms=0
[2026-02-02 22:04:37.885] [info] [spider.worker] [TIMING] task_id=ccc4b732-935b-41e0-bbd9-f024edf3315a func=job_orchestration.executor.query.spider_search_task.search_without_channel input_send_start=499120094 input_send_end=499120094 input_send_duration_ms=0 bytes=612
[2026-02-02 22:04:37.885] [info] [spider.worker] [TIMING] task_id=ccc4b732-935b-41e0-bbd9-f024edf3315a func=job_orchestration.executor.query.spider_search_task.search_without_channel spawn_start=499120093 spawn_end=499120094 spawn_duration_ms=0
[2026-02-02 22:04:39.347] [info] [spider.worker] [TIMING] task_id=ccc4b732-935b-41e0-bbd9-f024edf3315a func=job_orchestration.executor.query.spider_search_task.search_without_channel execution_start=499120094 execution_end=499121555 execution_duration_ms=1461
[2026-02-02 22:04:39.437] [info] [spider.worker] [TIMING] task_id=ccc4b732-935b-41e0-bbd9-f024edf3315a func=job_orchestration.executor.query.spider_search_task.search_without_channel submit_output_start=499121579 submit_output_end=499121645 submit_output_duration_ms=65
[2026-02-02 22:04:39.457] [info] [spider.worker] [TIMING] task_id=4282598d-dc19-492c-8d9a-b19419885a7f func=job_orchestration.executor.query.spider_search_task.search_without_channel fetch_input_start=499121665 fetch_input_end=499121665 fetch_input_duration_ms=0
[2026-02-02 22:04:39.458] [info] [spider.worker] [TIMING] task_id=4282598d-dc19-492c-8d9a-b19419885a7f func=job_orchestration.executor.query.spider_search_task.search_without_channel input_send_start=499121666 input_send_end=499121666 input_send_duration_ms=0 bytes=612
[2026-02-02 22:04:39.458] [info] [spider.worker] [TIMING] task_id=4282598d-dc19-492c-8d9a-b19419885a7f func=job_orchestration.executor.query.spider_search_task.search_without_channel spawn_start=499121665 spawn_end=499121666 spawn_duration_ms=0
[2026-02-02 22:04:40.874] [info] [spider.worker] [TIMING] task_id=4282598d-dc19-492c-8d9a-b19419885a7f func=job_orchestration.executor.query.spider_search_task.search_without_channel execution_start=499121666 execution_end=499123083 execution_duration_ms=1416
[2026-02-02 22:04:40.888] [info] [spider.worker] [TIMING] task_id=4282598d-dc19-492c-8d9a-b19419885a7f func=job_orchestration.executor.query.spider_search_task.search_without_channel submit_output_start=499123084 submit_output_end=499123097 submit_output_duration_ms=12
[2026-02-02 22:04:40.899] [info] [spider.worker] [TIMING] task_id=736f9d14-1bc1-4b4b-bde0-1c17252d3e6e func=job_orchestration.executor.query.spider_search_task.search_without_channel fetch_input_start=499123106 fetch_input_end=499123107 fetch_input_duration_ms=0
[2026-02-02 22:04:40.899] [info] [spider.worker] [TIMING] task_id=736f9d14-1bc1-4b4b-bde0-1c17252d3e6e func=job_orchestration.executor.query.spider_search_task.search_without_channel input_send_start=499123108 input_send_end=499123108 input_send_duration_ms=0 bytes=612
[2026-02-02 22:04:40.899] [info] [spider.worker] [TIMING] task_id=736f9d14-1bc1-4b4b-bde0-1c17252d3e6e func=job_orchestration.executor.query.spider_search_task.search_without_channel spawn_start=499123107 spawn_end=499123108 spawn_duration_ms=0
[2026-02-02 22:04:42.236] [info] [spider.worker] [TIMING] task_id=736f9d14-1bc1-4b4b-bde0-1c17252d3e6e func=job_orchestration.executor.query.spider_search_task.search_without_channel execution_start=499123108 execution_end=499124444 execution_duration_ms=1336
[2026-02-02 22:04:42.247] [info] [spider.worker] [TIMING] task_id=736f9d14-1bc1-4b4b-bde0-1c17252d3e6e func=job_orchestration.executor.query.spider_search_task.search_without_channel submit_output_start=499124447 submit_output_end=499124455 submit_output_duration_ms=8
[2026-02-02 22:04:42.285] [info] [spider.worker] [TIMING] task_id=029a9816-c1ca-4df7-90cb-5c379cea0ebb func=job_orchestration.executor.query.spider_search_task.search_without_channel fetch_input_start=499124493 fetch_input_end=499124494 fetch_input_duration_ms=1
[2026-02-02 22:04:42.286] [info] [spider.worker] [TIMING] task_id=029a9816-c1ca-4df7-90cb-5c379cea0ebb func=job_orchestration.executor.query.spider_search_task.search_without_channel input_send_start=499124494 input_send_end=499124494 input_send_duration_ms=0 bytes=610
[2026-02-02 22:04:42.286] [info] [spider.worker] [TIMING] task_id=029a9816-c1ca-4df7-90cb-5c379cea0ebb func=job_orchestration.executor.query.spider_search_task.search_without_channel spawn_start=499124494 spawn_end=499124494 spawn_duration_ms=0
[2026-02-02 22:04:43.530] [info] [spider.worker] [TIMING] task_id=029a9816-c1ca-4df7-90cb-5c379cea0ebb func=job_orchestration.executor.query.spider_search_task.search_without_channel execution_start=499124495 execution_end=499125738 execution_duration_ms=1243
[2026-02-02 22:04:43.598] [info] [spider.worker] [TIMING] task_id=029a9816-c1ca-4df7-90cb-5c379cea0ebb func=job_orchestration.executor.query.spider_search_task.search_without_channel submit_output_start=499125739 submit_output_end=499125807 submit_output_duration_ms=67
[2026-02-02 22:04:43.681] [info] [spider.worker] [TIMING] task_id=a3a55395-10c1-4eaa-b5f1-fde35486c95e func=job_orchestration.executor.query.spider_search_task.search_without_channel fetch_input_start=499125888 fetch_input_end=499125889 fetch_input_duration_ms=1
[2026-02-02 22:04:43.681] [info] [spider.worker] [TIMING] task_id=a3a55395-10c1-4eaa-b5f1-fde35486c95e func=job_orchestration.executor.query.spider_search_task.search_without_channel input_send_start=499125890 input_send_end=499125890 input_send_duration_ms=0 bytes=612
[2026-02-02 22:04:43.681] [info] [spider.worker] [TIMING] task_id=a3a55395-10c1-4eaa-b5f1-fde35486c95e func=job_orchestration.executor.query.spider_search_task.search_without_channel spawn_start=499125889 spawn_end=499125890 spawn_duration_ms=0
[2026-02-02 22:04:44.952] [info] [spider.worker] [TIMING] task_id=a3a55395-10c1-4eaa-b5f1-fde35486c95e func=job_orchestration.executor.query.spider_search_task.search_without_channel execution_start=499125890 execution_end=499127160 execution_duration_ms=1270
[2026-02-02 22:04:44.974] [info] [spider.worker] [TIMING] task_id=a3a55395-10c1-4eaa-b5f1-fde35486c95e func=job_orchestration.executor.query.spider_search_task.search_without_channel submit_output_start=499127162 submit_output_end=499127182 submit_output_duration_ms=20
[2026-02-02 22:04:45.010] [info] [spider.worker] [TIMING] task_id=1bc6a851-9234-40a6-b802-10b74b350270 func=job_orchestration.executor.query.spider_search_task.search_without_channel fetch_input_start=499127217 fetch_input_end=499127218 fetch_input_duration_ms=1
[2026-02-02 22:04:45.010] [info] [spider.worker] [TIMING] task_id=1bc6a851-9234-40a6-b802-10b74b350270 func=job_orchestration.executor.query.spider_search_task.search_without_channel input_send_start=499127219 input_send_end=499127219 input_send_duration_ms=0 bytes=611
[2026-02-02 22:04:45.010] [info] [spider.worker] [TIMING] task_id=1bc6a851-9234-40a6-b802-10b74b350270 func=job_orchestration.executor.query.spider_search_task.search_without_channel spawn_start=499127218 spawn_end=499127219 spawn_duration_ms=0
[2026-02-02 22:04:46.252] [info] [spider.worker] [TIMING] task_id=1bc6a851-9234-40a6-b802-10b74b350270 func=job_orchestration.executor.query.spider_search_task.search_without_channel execution_start=499127219 execution_end=499128461 execution_duration_ms=1241
[2026-02-02 22:04:46.282] [info] [spider.worker] [TIMING] task_id=1bc6a851-9234-40a6-b802-10b74b350270 func=job_orchestration.executor.query.spider_search_task.search_without_channel submit_output_start=499128462 submit_output_end=499128490 submit_output_duration_ms=28
[2026-02-02 22:04:46.326] [info] [spider.worker] [TIMING] task_id=e8185895-38fb-4eaf-b349-6c5f0cf4aa48 func=job_orchestration.executor.query.spider_search_task.search_without_channel fetch_input_start=499128534 fetch_input_end=499128535 fetch_input_duration_ms=1
[2026-02-02 22:04:46.327] [info] [spider.worker] [TIMING] task_id=e8185895-38fb-4eaf-b349-6c5f0cf4aa48 func=job_orchestration.executor.query.spider_search_task.search_without_channel input_send_start=499128535 input_send_end=499128535 input_send_duration_ms=0 bytes=610
[2026-02-02 22:04:46.327] [info] [spider.worker] [TIMING] task_id=e8185895-38fb-4eaf-b349-6c5f0cf4aa48 func=job_orchestration.executor.query.spider_search_task.search_without_channel spawn_start=499128535 spawn_end=499128535 spawn_duration_ms=0
[2026-02-02 22:04:47.777] [info] [spider.worker] [TIMING] task_id=e8185895-38fb-4eaf-b349-6c5f0cf4aa48 func=job_orchestration.executor.query.spider_search_task.search_without_channel execution_start=499128535 execution_end=499129985 execution_duration_ms=1450
[2026-02-02 22:04:47.830] [info] [spider.worker] [TIMING] task_id=e8185895-38fb-4eaf-b349-6c5f0cf4aa48 func=job_orchestration.executor.query.spider_search_task.search_without_channel submit_output_start=499129997 submit_output_end=499130038 submit_output_duration_ms=40
[2026-02-02 22:04:47.851] [info] [spider.worker] [TIMING] task_id=5380bf65-5078-4fb4-8c39-914f6516c82b func=job_orchestration.executor.query.spider_search_task.search_without_channel fetch_input_start=499130059 fetch_input_end=499130060 fetch_input_duration_ms=0
[2026-02-02 22:04:47.852] [info] [spider.worker] [TIMING] task_id=5380bf65-5078-4fb4-8c39-914f6516c82b func=job_orchestration.executor.query.spider_search_task.search_without_channel input_send_start=499130060 input_send_end=499130060 input_send_duration_ms=0 bytes=612
[2026-02-02 22:04:47.852] [info] [spider.worker] [TIMING] task_id=5380bf65-5078-4fb4-8c39-914f6516c82b func=job_orchestration.executor.query.spider_search_task.search_without_channel spawn_start=499130060 spawn_end=499130060 spawn_duration_ms=0
[2026-02-02 22:04:49.239] [info] [spider.worker] [TIMING] task_id=5380bf65-5078-4fb4-8c39-914f6516c82b func=job_orchestration.executor.query.spider_search_task.search_without_channel execution_start=499130060 execution_end=499131447 execution_duration_ms=1386
[2026-02-02 22:04:49.266] [info] [spider.worker] [TIMING] task_id=5380bf65-5078-4fb4-8c39-914f6516c82b func=job_orchestration.executor.query.spider_search_task.search_without_channel submit_output_start=499131449 submit_output_end=499131475 submit_output_duration_ms=25
[2026-02-02 22:04:49.320] [info] [spider.worker] [TIMING] task_id=b701064d-e3ef-41bd-b405-888bfff1b137 func=job_orchestration.executor.query.spider_search_task.search_without_channel fetch_input_start=499131527 fetch_input_end=499131528 fetch_input_duration_ms=1
[2026-02-02 22:04:49.320] [info] [spider.worker] [TIMING] task_id=b701064d-e3ef-41bd-b405-888bfff1b137 func=job_orchestration.executor.query.spider_search_task.search_without_channel input_send_start=499131529 input_send_end=499131529 input_send_duration_ms=0 bytes=610
[2026-02-02 22:04:49.320] [info] [spider.worker] [TIMING] task_id=b701064d-e3ef-41bd-b405-888bfff1b137 func=job_orchestration.executor.query.spider_search_task.search_without_channel spawn_start=499131528 spawn_end=499131529 spawn_duration_ms=0
[2026-02-02 22:04:50.636] [info] [spider.worker] [TIMING] task_id=b701064d-e3ef-41bd-b405-888bfff1b137 func=job_orchestration.executor.query.spider_search_task.search_without_channel execution_start=499131529 execution_end=499132844 execution_duration_ms=1315
[2026-02-02 22:04:50.658] [info] [spider.worker] [TIMING] task_id=b701064d-e3ef-41bd-b405-888bfff1b137 func=job_orchestration.executor.query.spider_search_task.search_without_channel submit_output_start=499132846 submit_output_end=499132867 submit_output_duration_ms=20
[2026-02-02 22:04:50.677] [info] [spider.worker] [TIMING] task_id=3ff73f11-06b2-4a9f-ad2e-fd6f1c0aeeae func=job_orchestration.executor.query.spider_search_task.search_without_channel fetch_input_start=499132884 fetch_input_end=499132885 fetch_input_duration_ms=0
[2026-02-02 22:04:50.677] [info] [spider.worker] [TIMING] task_id=3ff73f11-06b2-4a9f-ad2e-fd6f1c0aeeae func=job_orchestration.executor.query.spider_search_task.search_without_channel input_send_start=499132885 input_s