[2026-02-02 22:02:49.591] [warning] [spider.worker] Prefer using `SPIDER_STORAGE_URL` environment variable over `--storage_url` argument.
[2026-02-02 22:03:32.253] [info] [spider.worker] [TIMING] task_id=e134f976-30fd-4c0d-a6f1-bd2a5b62f650 func=job_orchestration.executor.query.spider_search_task.search_without_channel fetch_input_start=499054459 fetch_input_end=499054461 fetch_input_duration_ms=1
[2026-02-02 22:03:32.254] [info] [spider.worker] [TIMING] task_id=e134f976-30fd-4c0d-a6f1-bd2a5b62f650 func=job_orchestration.executor.query.spider_search_task.search_without_channel input_send_start=499054462 input_send_end=499054462 input_send_duration_ms=0 bytes=612
[2026-02-02 22:03:32.254] [info] [spider.worker] [TIMING] task_id=e134f976-30fd-4c0d-a6f1-bd2a5b62f650 func=job_orchestration.executor.query.spider_search_task.search_without_channel spawn_start=499054461 spawn_end=499054462 spawn_duration_ms=0
[2026-02-02 22:03:33.760] [info] [spider.worker] [TIMING] task_id=e134f976-30fd-4c0d-a6f1-bd2a5b62f650 func=job_orchestration.executor.query.spider_search_task.search_without_channel execution_start=499054462 execution_end=499055969 execution_duration_ms=1506
[2026-02-02 22:03:33.804] [info] [spider.worker] [TIMING] task_id=e134f976-30fd-4c0d-a6f1-bd2a5b62f650 func=job_orchestration.executor.query.spider_search_task.search_without_channel submit_output_start=499055971 submit_output_end=499056012 submit_output_duration_ms=41
[2026-02-02 22:03:33.845] [info] [spider.worker] [TIMING] task_id=3d00624a-0f28-48de-a3c0-053c8cc883d7 func=job_orchestration.executor.query.spider_search_task.search_without_channel fetch_input_start=499056052 fetch_input_end=499056053 fetch_input_duration_ms=1
[2026-02-02 22:03:33.845] [info] [spider.worker] [TIMING] task_id=3d00624a-0f28-48de-a3c0-053c8cc883d7 func=job_orchestration.executor.query.spider_search_task.search_without_channel input_send_start=499056054 input_send_end=499056054 input_send_duration_ms=0 bytes=612
[2026-02-02 22:03:33.845] [info] [spider.worker] [TIMING] task_id=3d00624a-0f28-48de-a3c0-053c8cc883d7 func=job_orchestration.executor.query.spider_search_task.search_without_channel spawn_start=499056053 spawn_end=499056054 spawn_duration_ms=0
[2026-02-02 22:03:35.237] [info] [spider.worker] [TIMING] task_id=3d00624a-0f28-48de-a3c0-053c8cc883d7 func=job_orchestration.executor.query.spider_search_task.search_without_channel execution_start=499056054 execution_end=499057446 execution_duration_ms=1391
[2026-02-02 22:03:35.270] [info] [spider.worker] [TIMING] task_id=3d00624a-0f28-48de-a3c0-053c8cc883d7 func=job_orchestration.executor.query.spider_search_task.search_without_channel submit_output_start=499057447 submit_output_end=499057478 submit_output_duration_ms=30
[2026-02-02 22:03:35.306] [info] [spider.worker] [TIMING] task_id=d99a2b1f-46d3-48a3-83f6-51112a6459ab func=job_orchestration.executor.query.spider_search_task.search_without_channel fetch_input_start=499057514 fetch_input_end=499057515 fetch_input_duration_ms=0
[2026-02-02 22:03:35.307] [info] [spider.worker] [TIMING] task_id=d99a2b1f-46d3-48a3-83f6-51112a6459ab func=job_orchestration.executor.query.spider_search_task.search_without_channel input_send_start=499057515 input_send_end=499057515 input_send_duration_ms=0 bytes=612
[2026-02-02 22:03:35.307] [info] [spider.worker] [TIMING] task_id=d99a2b1f-46d3-48a3-83f6-51112a6459ab func=job_orchestration.executor.query.spider_search_task.search_without_channel spawn_start=499057515 spawn_end=499057515 spawn_duration_ms=0
[2026-02-02 22:03:36.736] [info] [spider.worker] [TIMING] task_id=d99a2b1f-46d3-48a3-83f6-51112a6459ab func=job_orchestration.executor.query.spider_search_task.search_without_channel execution_start=499057516 execution_end=499058944 execution_duration_ms=1428
[2026-02-02 22:03:36.746] [info] [spider.worker] [TIMING] task_id=d99a2b1f-46d3-48a3-83f6-51112a6459ab func=job_orchestration.executor.query.spider_search_task.search_without_channel submit_output_start=499058946 submit_output_end=499058955 submit_output_duration_ms=9
[2026-02-02 22:03:36.775] [info] [spider.worker] [TIMING] task_id=c3eb1c1f-e995-4f38-bfb3-4a1cc74b8180 func=job_orchestration.executor.query.spider_search_task.search_without_channel fetch_input_start=499058982 fetch_input_end=499058983 fetch_input_duration_ms=1
[2026-02-02 22:03:36.776] [info] [spider.worker] [TIMING] task_id=c3eb1c1f-e995-4f38-bfb3-4a1cc74b8180 func=job_orchestration.executor.query.spider_search_task.search_without_channel input_send_start=499058984 input_send_end=499058984 input_send_duration_ms=0 bytes=611
[2026-02-02 22:03:36.776] [info] [spider.worker] [TIMING] task_id=c3eb1c1f-e995-4f38-bfb3-4a1cc74b8180 func=job_orchestration.executor.query.spider_search_task.search_without_channel spawn_start=499058984 spawn_end=499058984 spawn_duration_ms=0
[2026-02-02 22:03:38.057] [info] [spider.worker] [TIMING] task_id=c3eb1c1f-e995-4f38-bfb3-4a1cc74b8180 func=job_orchestration.executor.query.spider_search_task.search_without_channel execution_start=499058984 execution_end=499060265 execution_duration_ms=1281
[2026-02-02 22:03:38.105] [info] [spider.worker] [TIMING] task_id=c3eb1c1f-e995-4f38-bfb3-4a1cc74b8180 func=job_orchestration.executor.query.spider_search_task.search_without_channel submit_output_start=499060267 submit_output_end=499060314 submit_output_duration_ms=46
[2026-02-02 22:03:38.149] [info] [spider.worker] [TIMING] task_id=ba4c4630-f4ce-4e2c-93a0-7d442fe5f208 func=job_orchestration.executor.query.spider_search_task.search_without_channel fetch_input_start=499060357 fetch_input_end=499060357 fetch_input_duration_ms=0
[2026-02-02 22:03:38.150] [info] [spider.worker] [TIMING] task_id=ba4c4630-f4ce-4e2c-93a0-7d442fe5f208 func=job_orchestration.executor.query.spider_search_task.search_without_channel input_send_start=499060358 input_send_end=499060358 input_send_duration_ms=0 bytes=610
[2026-02-02 22:03:38.150] [info] [spider.worker] [TIMING] task_id=ba4c4630-f4ce-4e2c-93a0-7d442fe5f208 func=job_orchestration.executor.query.spider_search_task.search_without_channel spawn_start=499060358 spawn_end=499060358 spawn_duration_ms=0
[2026-02-02 22:03:39.638] [info] [spider.worker] [TIMING] task_id=ba4c4630-f4ce-4e2c-93a0-7d442fe5f208 func=job_orchestration.executor.query.spider_search_task.search_without_channel execution_start=499060358 execution_end=499061846 execution_duration_ms=1488
[2026-02-02 22:03:39.656] [info] [spider.worker] [TIMING] task_id=ba4c4630-f4ce-4e2c-93a0-7d442fe5f208 func=job_orchestration.executor.query.spider_search_task.search_without_channel submit_output_start=499061848 submit_output_end=499061864 submit_output_duration_ms=15
[2026-02-02 22:03:39.700] [info] [spider.worker] [TIMING] task_id=9acb98eb-27c6-4737-8cfd-13e985c2ef7d func=job_orchestration.executor.query.spider_search_task.search_without_channel fetch_input_start=499061908 fetch_input_end=499061908 fetch_input_duration_ms=0
[2026-02-02 22:03:39.700] [info] [spider.worker] [TIMING] task_id=9acb98eb-27c6-4737-8cfd-13e985c2ef7d func=job_orchestration.executor.query.spider_search_task.search_without_channel input_send_start=499061909 input_send_end=499061909 input_send_duration_ms=0 bytes=612
[2026-02-02 22:03:39.700] [info] [spider.worker] [TIMING] task_id=9acb98eb-27c6-4737-8cfd-13e985c2ef7d func=job_orchestration.executor.query.spider_search_task.search_without_channel spawn_start=499061908 spawn_end=499061909 spawn_duration_ms=0
[2026-02-02 22:03:41.376] [info] [spider.worker] [TIMING] task_id=9acb98eb-27c6-4737-8cfd-13e985c2ef7d func=job_orchestration.executor.query.spider_search_task.search_without_channel execution_start=499061909 execution_end=499063584 execution_duration_ms=1675
[2026-02-02 22:03:41.389] [info] [spider.worker] [TIMING] task_id=9acb98eb-27c6-4737-8cfd-13e985c2ef7d func=job_orchestration.executor.query.spider_search_task.search_without_channel submit_output_start=499063586 submit_output_end=499063598 submit_output_duration_ms=12
[2026-02-02 22:03:41.426] [info] [spider.worker] [TIMING] task_id=ca6adfe5-ac09-4ad2-afa2-9e00c3d981e4 func=job_orchestration.executor.query.spider_search_task.search_without_channel fetch_input_start=499063633 fetch_input_end=499063634 fetch_input_duration_ms=1
[2026-02-02 22:03:41.426] [info] [spider.worker] [TIMING] task_id=ca6adfe5-ac09-4ad2-afa2-9e00c3d981e4 func=job_orchestration.executor.query.spider_search_task.search_without_channel input_send_start=499063635 input_send_end=499063635 input_send_duration_ms=0 bytes=611
[2026-02-02 22:03:41.426] [info] [spider.worker] [TIMING] task_id=ca6adfe5-ac09-4ad2-afa2-9e00c3d981e4 func=job_orchestration.executor.query.spider_search_task.search_without_channel spawn_start=499063634 spawn_end=499063635 spawn_duration_ms=0
[2026-02-02 22:03:42.957] [info] [spider.worker] [TIMING] task_id=ca6adfe5-ac09-4ad2-afa2-9e00c3d981e4 func=job_orchestration.executor.query.spider_search_task.search_without_channel execution_start=499063635 execution_end=499065165 execution_duration_ms=1530
[2026-02-02 22:03:43.078] [info] [spider.worker] [TIMING] task_id=ca6adfe5-ac09-4ad2-afa2-9e00c3d981e4 func=job_orchestration.executor.query.spider_search_task.search_without_channel submit_output_start=499065186 submit_output_end=499065286 submit_output_duration_ms=99
[2026-02-02 22:03:43.110] [info] [spider.worker] [TIMING] task_id=c78d9514-35dd-4483-a560-88edba166785 func=job_orchestration.executor.query.spider_search_task.search_without_channel fetch_input_start=499065317 fetch_input_end=499065318 fetch_input_duration_ms=1
[2026-02-02 22:03:43.110] [info] [spider.worker] [TIMING] task_id=c78d9514-35dd-4483-a560-88edba166785 func=job_orchestration.executor.query.spider_search_task.search_without_channel input_send_start=499065319 input_send_end=499065319 input_send_duration_ms=0 bytes=612
[2026-02-02 22:03:43.110] [info] [spider.worker] [TIMING] task_id=c78d9514-35dd-4483-a560-88edba166785 func=job_orchestration.executor.query.spider_search_task.search_without_channel spawn_start=499065318 spawn_end=499065319 spawn_duration_ms=0
[2026-02-02 22:03:44.353] [info] [spider.worker] [TIMING] task_id=c78d9514-35dd-4483-a560-88edba166785 func=job_orchestration.executor.query.spider_search_task.search_without_channel execution_start=499065319 execution_end=499066561 execution_duration_ms=1242
[2026-02-02 22:03:44.382] [info] [spider.worker] [TIMING] task_id=c78d9514-35dd-4483-a560-88edba166785 func=job_orchestration.executor.query.spider_search_task.search_without_channel submit_output_start=499066563 submit_output_end=499066590 submit_output_duration_ms=26
[2026-02-02 22:03:44.402] [info] [spider.worker] [TIMING] task_id=2b1d5626-f9a5-4b0a-88e1-b998a69db1f8 func=job_orchestration.executor.query.spider_search_task.search_without_channel fetch_input_start=499066609 fetch_input_end=499066610 fetch_input_duration_ms=1
[2026-02-02 22:03:44.402] [info] [spider.worker] [TIMING] task_id=2b1d5626-f9a5-4b0a-88e1-b998a69db1f8 func=job_orchestration.executor.query.spider_search_task.search_without_channel input_send_start=499066611 input_send_end=499066611 input_send_duration_ms=0 bytes=612
[2026-02-02 22:03:44.402] [info] [spider.worker] [TIMING] task_id=2b1d5626-f9a5-4b0a-88e1-b998a69db1f8 func=job_orchestration.executor.query.spider_search_task.search_without_channel spawn_start=499066610 spawn_end=499066611 spawn_duration_ms=0
[2026-02-02 22:03:45.707] [info] [spider.worker] [TIMING] task_id=2b1d5626-f9a5-4b0a-88e1-b998a69db1f8 func=job_orchestration.executor.query.spider_search_task.search_without_channel execution_start=499066611 execution_end=499067915 execution_duration_ms=1304
[2026-02-02 22:03:45.813] [info] [spider.worker] [TIMING] task_id=2b1d5626-f9a5-4b0a-88e1-b998a69db1f8 func=job_orchestration.executor.query.spider_search_task.search_without_channel submit_output_start=499067916 submit_output_end=499068021 submit_output_duration_ms=104
[2026-02-02 22:03:45.861] [info] [spider.worker] [TIMING] task_id=8f470772-cb74-4d2b-8147-ef4ca0b451e6 func=job_orchestration.executor.query.spider_search_task.search_without_channel fetch_input_start=499068068 fetch_input_end=499068069 fetch_input_duration_ms=1
[2026-02-02 22:03:45.861] [info] [spider.worker] [TIMING] task_id=8f470772-cb74-4d2b-8147-ef4ca0b451e6 func=job_orchestration.executor.query.spider_search_task.search_without_channel input_send_start=499068070 input_send_end=499068070 input_send_duration_ms=0 bytes=612
[2026-02-02 22:03:45.861] [info] [spider.worker] [TIMING] task_id=8f470772-cb74-4d2b-8147-ef4ca0b451e6 func=job_orchestration.executor.query.spider_search_task.search_without_channel spawn_start=499068069 spawn_end=499068070 spawn_duration_ms=0
[2026-02-02 22:03:47.223] [info] [spider.worker] [TIMING] task_id=8f470772-cb74-4d2b-8147-ef4ca0b451e6 func=job_orchestration.executor.query.spider_search_task.search_without_channel execution_start=499068070 execution_end=499069431 execution_duration_ms=1361
[2026-02-02 22:03:47.241] [info] [spider.worker] [TIMING] task_id=8f470772-cb74-4d2b-8147-ef4ca0b451e6 func=job_orchestration.executor.query.spider_search_task.search_without_channel submit_output_start=499069435 submit_output_end=499069449 submit_output_duration_ms=14
[2026-02-02 22:03:47.260] [info] [spider.worker] [TIMING] task_id=b42f426b-936c-4883-b04e-344a78805bc9 func=job_orchestration.executor.query.spider_search_task.search_without_channel fetch_input_start=499069468 fetch_input_end=499069468 fetch_input_duration_ms=0
[2026-02-02 22:03:47.261] [info] [spider.worker] [TIMING] task_id=b42f426b-936c-4883-b04e-344a78805bc9 func=job_orchestration.executor.query.spider_search_task.search_without_channel input_send_start=499069469 input_send_end=499069469 input_send_duration_ms=0 bytes=612
[2026-02-02 22:03:47.261] [info] [spider.worker] [TIMING] task_id=b42f426b-936c-4883-b04e-344a78805bc9 func=job_orchestration.executor.query.spider_search_task.search_without_channel spawn_start=499069469 spawn_end=499069469 spawn_duration_ms=0
[2026-02-02 22:03:48.728] [info] [spider.worker] [TIMING] task_id=b42f426b-936c-4883-b04e-344a78805bc9 func=job_orchestration.executor.query.spider_search_task.search_without_channel execution_start=499069469 execution_end=499070936 execution_duration_ms=1467
[2026-02-02 22:03:48.750] [info] [spider.worker] [TIMING] task_id=b42f426b-936c-4883-b04e-344a78805bc9 func=job_orchestration.executor.query.spider_search_task.search_without_channel submit_output_start=499070938 submit_output_end=499070958 submit_output_duration_ms=20
[2026-02-02 22:03:48.769] [info] [spider.worker] [TIMING] task_id=a6c11a38-1800-44ad-856e-1bca97e41209 func=job_orchestration.executor.query.spider_search_task.search_without_channel fetch_input_start=499070976 fetch_input_end=499070978 fetch_input_duration_ms=1
[2026-02-02 22:03:48.770] [info] [spider.worker] [TIMING] task_id=a6c11a38-1800-44ad-856e-1bca97e41209 func=job_orchestration.executor.query.spider_search_task.search_without_channel input_send_start=499070978 input_send_end=499070978 input_send_duration_ms=0 bytes=612
[2026-02-02 22:03:48.770] [info] [spider.worker] [TIMING] task_id=a6c11a38-1800-44ad-856e-1bca97e41209 func=job_orchestration.executor.query.spider_search_task.search_without_channel spawn_start=499070978 spawn_end=499070978 spawn_duration_ms=0
[2026-02-02 22:03:50.199] [info] [spider.worker] [TIMING] task_id=a6c11a38-1800-44ad-856e-1bca97e41209 func=job_orchestration.executor.query.spider_search_task.search_without_channel execution_start=499070978 execution_end=499072407 execution_duration_ms=1428
[2026-02-02 22:03:50.242] [info] [spider.worker] [TIMING] task_id=a6c11a38-1800-44ad-856e-1bca97e41209 func=job_orchestration.executor.query.spider_search_task.search_without_channel submit_output_start=499072408 submit_output_end=499072450 submit_output_duration_ms=41
[2026-02-02 22:03:50.324] [info] [spider.worker] [TIMING] task_id=30e609db-8db8-4dcd-939b-f97172ff16f1 func=job_orchestration.executor.query.spider_search_task.search_without_channel fetch_input_start=499072531 fetch_input_end=499072532 fetch_input_duration_ms=1
[2026-02-02 22:03:50.324] [info] [spider.worker] [TIMING] task_id=30e609db-8db8-4dcd-939b-f97172ff16f1 func=job_orchestration.executor.query.spider_search_task.search_without_channel input_send_start=499072533 input_send_end=499072533 input_send_duration_ms=0 bytes=612
[2026-02-02 22:03:50.325] [info] [spider.worker] [TIMING] task_id=30e609db-8db8-4dcd-939b-f97172ff16f1 func=job_orchestration.executor.query.spider_search_task.search_without_channel spawn_start=499072532 spawn_end=499072533 spawn_duration_ms=0
[2026-02-02 22:03:51.558] [info] [spider.worker] [TIMING] task_id=30e609db-8db8-4dcd-939b-f97172ff16f1 func=job_orchestration.executor.query.spider_search_task.search_without_channel execution_start=499072533 execution_end=499073766 execution_duration_ms=1233
[2026-02-02 22:03:51.567] [info] [spider.worker] [TIMING] task_id=30e609db-8db8-4dcd-939b-f97172ff16f1 func=job_orchestration.executor.query.spider_search_task.search_without_channel submit_output_start=499073768 submit_output_end=499073776 submit_output_duration_ms=7
[2026-02-02 22:03:51.596] [info] [spider.worker] [TIMING] task_id=53ce0743-3cbd-4d3e-8fd0-d90fb90b5f75 func=job_orchestration.executor.query.spider_search_task.search_without_channel fetch_input_start=499073803 fetch_input_end=499073804 fetch_input_duration_ms=1
[2026-02-02 22:03:51.596] [info] [spider.worker] [TIMING] task_id=53ce0743-3cbd-4d3e-8fd0-d90fb90b5f75 func=job_orchestration.executor.query.spider_search_task.search_without_channel input_send_start=499073805 input_send_end=499073805 input_send_duration_ms=0 bytes=612
[2026-02-02 22:03:51.596] [info] [spider.worker] [TIMING] task_id=53ce0743-3cbd-4d3e-8fd0-d90fb90b5f75 func=job_orchestration.executor.query.spider_search_task.search_without_channel spawn_start=499073804 spawn_end=499073805 spawn_duration_ms=0
[2026-02-02 22:03:53.080] [info] [spider.worker] [TIMING] task_id=53ce0743-3cbd-4d3e-8fd0-d90fb90b5f75 func=job_orchestration.executor.query.spider_search_task.search_without_channel execution_start=499073805 execution_end=499075289 execution_duration_ms=1483
[2026-02-02 22:03:53.139] [info] [spider.worker] [TIMING] task_id=53ce0743-3cbd-4d3e-8fd0-d90fb90b5f75 func=job_orchestration.executor.query.spider_search_task.search_without_channel submit_output_start=499075291 submit_output_end=499075347 submit_output_duration_ms=56
[2026-02-02 22:03:53.237] [info] [spider.worker] [TIMING] task_id=daf2e76f-9d31-41cd-8a2c-b88b0df61197 func=job_orchestration.executor.query.spider_search_task.search_without_channel fetch_input_start=499075445 fetch_input_end=499075445 fetch_input_duration_ms=0
[2026-02-02 22:03:53.237] [info] [spider.worker] [TIMING] task_id=daf2e76f-9d31-41cd-8a2c-b88b0df61197 func=job_orchestration.executor.query.spider_search_task.search_without_channel input_send_start=499075446 input_send_end=499075446 input_send_duration_ms=0 bytes=612
[2026-02-02 22:03:53.237] [info] [spider.worker] [TIMING] task_id=daf2e76f-9d31-41cd-8a2c-b88b0df61197 func=job_orchestration.executor.query.spider_search_task.search_without_channel spawn_start=499075445 spawn_end=499075446 spawn_duration_ms=0
[2026-02-02 22:03:54.490] [info] [spider.worker] [TIMING] task_id=daf2e76f-9d31-41cd-8a2c-b88b0df61197 func=job_orchestration.executor.query.spider_search_task.search_without_channel execution_start=499075446 execution_end=499076698 execution_duration_ms=1252
[2026-02-02 22:03:54.568] [info] [spider.worker] [TIMING] task_id=daf2e76f-9d31-41cd-8a2c-b88b0df61197 func=job_orchestration.executor.query.spider_search_task.search_without_channel submit_output_start=499076699 submit_output_end=499076776 submit_output_duration_ms=76
[2026-02-02 22:03:54.597] [info] [spider.worker] [TIMING] task_id=60cccfa6-aec6-46a0-b238-713050f77a42 func=job_orchestration.executor.query.spider_search_task.search_without_channel fetch_input_start=499076804 fetch_input_end=499076805 fetch_input_duration_ms=1
[2026-02-02 22:03:54.598] [info] [spider.worker] [TIMING] task_id=60cccfa6-aec6-46a0-b238-713050f77a42 func=job_orchestration.executor.query.spider_search_task.search_without_channel input_send_start=499076806 input_send_end=499076806 input_send_duration_ms=0 bytes=612
[2026-02-02 22:03:54.598] [info] [spider.worker] [TIMING] task_id=60cccfa6-aec6-46a0-b238-713050f77a42 func=job_orchestration.executor.query.spider_search_task.search_without_channel spawn_start=499076805 spawn_end=499076806 spawn_duration_ms=0
[2026-02-02 22:03:55.860] [info] [spider.worker] [TIMING] task_id=60cccfa6-aec6-46a0-b238-713050f77a42 func=job_orchestration.executor.query.spider_search_task.search_without_channel execution_start=499076806 execution_end=499078068 execution_duration_ms=1262
[2026-02-02 22:03:55.913] [info] [spider.worker] [TIMING] task_id=60cccfa6-aec6-46a0-b238-713050f77a42 func=job_orchestration.executor.query.spider_search_task.search_without_channel submit_output_start=499078072 submit_output_end=499078122 submit_output_duration_ms=49
[2026-02-02 22:03:56.017] [info] [spider.worker] [TIMING] task_id=37964065-013c-4d5b-a437-7ceea0ef245e func=job_orchestration.executor.query.spider_search_task.search_without_channel fetch_input_start=499078224 fetch_input_end=499078225 fetch_input_duration_ms=1
[2026-02-02 22:03:56.017] [info] [spider.worker] [TIMING] task_id=37964065-013c-4d5b-a437-7ceea0ef245e func=job_orchestration.executor.query.spider_search_task.search_without_channel input_send_start=499078226 input_send_end=499078226 input_send_duration_ms=0 bytes=612
[2026-02-02 22:03:56.017] [info] [spider.worker] [TIMING] task_id=37964065-013c-4d5b-a437-7ceea0ef245e func=job_orchestration.executor.query.spider_search_task.search_without_channel spawn_start=499078225 spawn_end=499078226 spawn_duration_ms=0
[2026-02-02 22:03:57.392] [info] [spider.worker] [TIMING] task_id=37964065-013c-4d5b-a437-7ceea0ef245e func=job_orchestration.executor.query.spider_search_task.search_without_channel execution_start=499078226 execution_end=499079600 execution_duration_ms=1374
[2026-02-02 22:03:57.426] [info] [spider.worker] [TIMING] task_id=37964065-013c-4d5b-a437-7ceea0ef245e func=job_orchestration.executor.query.spider_search_task.search_without_channel submit_output_start=499079602 submit_output_end=499079634 submit_output_duration_ms=32
[2026-02-02 22:03:57.481] [info] [spider.worker] [TIMING] task_id=10c40c5d-6765-48d4-a6ff-9e91e463daaa func=job_orchestration.executor.query.spider_search_task.search_without_channel fetch_input_start=499079688 fetch_input_end=499079689 fetch_input_duration_ms=1
[2026-02-02 22:03:57.481] [info] [spider.worker] [TIMING] task_id=10c40c5d-6765-48d4-a6ff-9e91e463daaa func=job_orchestration.executor.query.spider_search_task.search_without_channel input_send_start=499079689 input_send_end=499079689 input_send_duration_ms=0 bytes=612
[2026-02-02 22:03:57.481] [info] [spider.worker] [TIMING] task_id=10c40c5d-6765-48d4-a6ff-9e91e463daaa func=job_orchestration.executor.query.spider_search_task.search_without_channel spawn_start=499079689 spawn_end=499079690 spawn_duration_ms=0
[2026-02-02 22:03:58.838] [info] [spider.worker] [TIMING] task_id=10c40c5d-6765-48d4-a6ff-9e91e463daaa func=job_orchestration.executor.query.spider_search_task.search_without_channel execution_start=499079690 execution_end=499081046 execution_duration_ms=1356
[2026-02-02 22:03:58.878] [info] [spider.worker] [TIMING] task_id=10c40c5d-6765-48d4-a6ff-9e91e463daaa func=job_orchestration.executor.query.spider_search_task.search_without_channel submit_output_start=499081048 submit_output_end=499081086 submit_output_duration_ms=38
[2026-02-02 22:03:58.947] [info] [spider.worker] [TIMING] task_id=03c10f37-c9cb-412f-ad64-5b8013cf32e8 func=job_orchestration.executor.query.spider_search_task.search_without_channel fetch_input_start=499081154 fetch_input_end=499081155 fetch_input_duration_ms=1
[2026-02-02 22:03:58.947] [info] [spider.worker] [TIMING] task_id=03c10f37-c9cb-412f-ad64-5b8013cf32e8 func=job_orchestration.executor.query.spider_search_task.search_without_channel input_send_start=499081156 input_send_end=499081156 input_send_duration_ms=0 bytes=612
[2026-02-02 22:03:58.948] [info] [spider.worker] [TIMING] task_id=03c10f37-c9cb-412f-ad64-5b8013cf32e8 func=job_orchestration.executor.query.spider_search_task.search_without_channel spawn_start=499081155 spawn_end=499081156 spawn_duration_ms=0
[2026-02-02 22:04:00.235] [info] [spider.worker] [TIMING] task_id=03c10f37-c9cb-412f-ad64-5b8013cf32e8 func=job_orchestration.executor.query.spider_search_task.search_without_channel execution_start=499081156 execution_end=499082443 execution_duration_ms=1286
[2026-02-02 22:04:00.309] [info] [spider.worker] [TIMING] task_id=03c10f37-c9cb-412f-ad64-5b8013cf32e8 func=job_orchestration.executor.query.spider_search_task.search_without_channel submit_output_start=499082445 submit_output_end=499082517 submit_output_duration_ms=72
[2026-02-02 22:04:00.364] [info] [spider.worker] [TIMING] task_id=69ea45f5-946a-437d-92c1-074596391c57 func=job_orchestration.executor.query.spider_search_task.search_without_channel fetch_input_start=499082571 fetch_input_end=499082572 fetch_input_duration_ms=1
[2026-02-02 22:04:00.365] [info] [spider.worker] [TIMING] task_id=69ea45f5-946a-437d-92c1-074596391c57 func=job_orchestration.executor.query.spider_search_task.search_without_channel input_send_start=499082573 input_send_end=499082573 input_send_duration_ms=0 bytes=612
[2026-02-02 22:04:00.365] [info] [spider.worker] [TIMING] task_id=69ea45f5-946a-437d-92c1-074596391c57 func=job_orchestration.executor.query.spider_search_task.search_without_channel spawn_start=499082572 spawn_end=499082573 spawn_duration_ms=0
[2026-02-02 22:04:01.908] [info] [spider.worker] [TIMING] task_id=69ea45f5-946a-437d-92c1-074596391c57 func=job_orchestration.executor.query.spider_search_task.search_without_channel execution_start=499082573 execution_end=499084116 execution_duration_ms=1542
[2026-02-02 22:04:01.947] [info] [spider.worker] [TIMING] task_id=69ea45f5-946a-437d-92c1-074596391c57 func=job_orchestration.executor.query.spider_search_task.search_without_channel submit_output_start=499084118 submit_output_end=499084155 submit_output_duration_ms=37
[2026-02-02 22:04:01.973] [info] [spider.worker] [TIMING] task_id=111781ed-c1d4-4700-bbfa-3df57877b5e1 func=job_orchestration.executor.query.spider_search_task.search_without_channel fetch_input_start=499084181 fetch_input_end=499084182 fetch_input_duration_ms=1
[2026-02-02 22:04:01.974] [info] [spider.worker] [TIMING] task_id=111781ed-c1d4-4700-bbfa-3df57877b5e1 func=job_orchestration.executor.query.spider_search_task.search_without_channel input_send_start=499084182 input_send_end=499084182 input_send_duration_ms=0 bytes=612
[2026-02-02 22:04:01.974] [info] [spider.worker] [TIMING] task_id=111781ed-c1d4-4700-bbfa-3df57877b5e1 func=job_orchestration.executor.query.spider_search_task.search_without_channel spawn_start=499084182 spawn_end=499084182 spawn_duration_ms=0
[2026-02-02 22:04:03.491] [info] [spider.worker] [TIMING] task_id=111781ed-c1d4-4700-bbfa-3df57877b5e1 func=job_orchestration.executor.query.spider_search_task.search_without_channel execution_start=499084183 execution_end=499085699 execution_duration_ms=1516
[2026-02-02 22:04:03.504] [info] [spider.worker] [TIMING] task_id=111781ed-c1d4-4700-bbfa-3df57877b5e1 func=job_orchestration.executor.query.spider_search_task.search_without_channel submit_output_start=499085701 submit_output_end=499085712 submit_output_duration_ms=10
[2026-02-02 22:04:03.523] [info] [spider.worker] [TIMING] task_id=0c95fdd2-c94e-40d2-8487-eddaffd38352 func=job_orchestration.executor.query.spider_search_task.search_without_channel fetch_input_start=499085731 fetch_input_end=499085732 fetch_input_duration_ms=1
[2026-02-02 22:04:03.524] [info] [spider.worker] [TIMING] task_id=0c95fdd2-c94e-40d2-8487-eddaffd38352 func=job_orchestration.executor.query.spider_search_task.search_without_channel input_send_start=499085732 input_send_end=499085732 input_send_duration_ms=0 bytes=612
[2026-02-02 22:04:03.524] [info] [spider.worker] [TIMING] task_id=0c95fdd2-c94e-40d2-8487-eddaffd38352 func=job_orchestration.executor.query.spider_search_task.search_without_channel spawn_start=499085732 spawn_end=499085732 spawn_duration_ms=0
[2026-02-02 22:04:04.742] [info] [spider.worker] [TIMING] task_id=0c95fdd2-c94e-40d2-8487-eddaffd38352 func=job_orchestration.executor.query.spider_search_task.search_without_channel execution_start=499085733 execution_end=499086950 execution_duration_ms=1217
[2026-02-02 22:04:04.771] [info] [spider.worker] [TIMING] task_id=0c95fdd2-c94e-40d2-8487-eddaffd38352 func=job_orchestration.executor.query.spider_search_task.search_without_channel submit_output_start=499086952 submit_output_end=499086980 submit_output_duration_ms=27
[2026-02-02 22:04:04.823] [info] [spider.worker] [TIMING] task_id=8bcc2dd7-1b92-4b31-9bb7-4a173a1f6b8b func=job_orchestration.executor.query.spider_search_task.search_without_channel fetch_input_start=499087031 fetch_input_end=499087031 fetch_input_duration_ms=0
[2026-02-02 22:04:04.824] [info] [spider.worker] [TIMING] task_id=8bcc2dd7-1b92-4b31-9bb7-4a173a1f6b8b func=job_orchestration.executor.query.spider_search_task.search_without_channel input_send_start=499087032 input_send_end=499087032 input_send_duration_ms=0 bytes=612
[2026-02-02 22:04:04.824] [info] [spider.worker] [TIMING] task_id=8bcc2dd7-1b92-4b31-9bb7-4a173a1f6b8b func=job_orchestration.executor.query.spider_search_task.search_without_channel spawn_start=499087032 spawn_end=499087032 spawn_duration_ms=0
[2026-02-02 22:04:06.014] [info] [spider.worker] [TIMING] task_id=8bcc2dd7-1b92-4b31-9bb7-4a173a1f6b8b func=job_orchestration.executor.query.spider_search_task.search_without_channel execution_start=499087032 execution_end=499088223 execution_duration_ms=1190
[2026-02-02 22:04:06.110] [info] [spider.worker] [TIMING] task_id=8bcc2dd7-1b92-4b31-9bb7-4a173a1f6b8b func=job_orchestration.executor.query.spider_search_task.search_without_channel submit_output_start=499088226 submit_output_end=499088318 submit_output_duration_ms=91
[2026-02-02 22:04:06.222] [info] [spider.worker] [TIMING] task_id=33c8bdbb-fda6-4399-b675-3ab10a0e3b49 func=job_orchestration.executor.query.spider_search_task.search_without_channel fetch_input_start=499088429 fetch_input_end=499088431 fetch_input_duration_ms=1
[2026-02-02 22:04:06.223] [info] [spider.worker] [TIMING] task_id=33c8bdbb-fda6-4399-b675-3ab10a0e3b49 func=job_orchestration.executor.query.spider_search_task.search_without_channel input_send_start=499088431 input_send_end=499088431 input_send_duration_ms=0 bytes=612
[2026-02-02 22:04:06.223] [info] [spider.worker] [TIMING] task_id=33c8bdbb-fda6-4399-b675-3ab10a0e3b49 func=job_orchestration.executor.query.spider_search_task.search_without_channel spawn_start=499088431 spawn_end=499088431 spawn_duration_ms=0
[2026-02-02 22:04:07.537] [info] [spider.worker] [TIMING] task_id=33c8bdbb-fda6-4399-b675-3ab10a0e3b49 func=job_orchestration.executor.query.spider_search_task.search_without_channel execution_start=499088432 execution_end=499089745 execution_duration_ms=1313
[2026-02-02 22:04:07.555] [info] [spider.worker] [TIMING] task_id=33c8bdbb-fda6-4399-b675-3ab10a0e3b49 func=job_orchestration.executor.query.spider_search_task.search_without_channel submit_output_start=499089748 submit_output_end=499089764 submit_output_duration_ms=15
[2026-02-02 22:04:07.583] [info] [spider.worker] [TIMING] task_id=02597833-5ad6-4ad4-8e8e-9c3caaeb3393 func=job_orchestration.executor.query.spider_search_task.search_without_channel fetch_input_start=499089790 fetch_input_end=499089791 fetch_input_duration_ms=0
[2026-02-02 22:04:07.583] [info] [spider.worker] [TIMING] task_id=02597833-5ad6-4ad4-8e8e-9c3caaeb3393 func=job_orchestration.executor.query.spider_search_task.search_without_channel input_send_start=499089792 input_send_end=499089792 input_send_duration_ms=0 bytes=612
[2026-02-02 22:04:07.583] [info] [spider.worker] [TIMING] task_id=02597833-5ad6-4ad4-8e8e-9c3caaeb3393 func=job_orchestration.executor.query.spider_search_task.search_without_channel spawn_start=499089791 spawn_end=499089792 spawn_duration_ms=0
[2026-02-02 22:04:09.000] [info] [spider.worker] [TIMING] task_id=02597833-5ad6-4ad4-8e8e-9c3caaeb3393 func=job_orchestration.executor.query.spider_search_task.search_without_channel execution_start=499089792 execution_end=499091208 execution_duration_ms=1416
[2026-02-02 22:04:09.022] [info] [spider.worker] [TIMING] task_id=02597833-5ad6-4ad4-8e8e-9c3caaeb3393 func=job_orchestration.executor.query.spider_search_task.search_without_channel submit_output_start=499091210 submit_output_end=499091231 submit_output_duration_ms=20
[2026-02-02 22:04:09.032] [info] [spider.worker] [TIMING] task_id=ea3a5f5e-3307-4c2e-b613-9b119e28014d func=job_orchestration.executor.query.spider_search_task.search_without_channel fetch_input_start=499091240 fetch_input_end=499091241 fetch_input_duration_ms=0
[2026-02-02 22:04:09.033] [info] [spider.worker] [TIMING] task_id=ea3a5f5e-3307-4c2e-b613-9b119e28014d func=job_orchestration.executor.query.spider_search_task.search_without_channel input_send_start=499091241 input_send_end=499091241 input_send_duration_ms=0 bytes=612
[2026-02-02 22:04:09.033] [info] [spider.worker] [TIMING] task_id=ea3a5f5e-3307-4c2e-b613-9b119e28014d func=job_orchestration.executor.query.spider_search_task.search_without_channel spawn_start=499091241 spawn_end=499091241 spawn_duration_ms=0
[2026-02-02 22:04:10.386] [info] [spider.worker] [TIMING] task_id=ea3a5f5e-3307-4c2e-b613-9b119e28014d func=job_orchestration.executor.query.spider_search_task.search_without_channel execution_start=499091241 execution_end=499092595 execution_duration_ms=1353
[2026-02-02 22:04:10.422] [info] [spider.worker] [TIMING] task_id=ea3a5f5e-3307-4c2e-b613-9b119e28014d func=job_orchestration.executor.query.spider_search_task.search_without_channel submit_output_start=499092597 submit_output_end=499092631 submit_output_duration_ms=34
[2026-02-02 22:04:10.483] [info] [spider.worker] [TIMING] task_id=c602af98-a249-47db-8657-fb348337542e func=job_orchestration.executor.query.spider_search_task.search_without_channel fetch_input_start=499092691 fetch_input_end=499092692 fetch_input_duration_ms=0
[2026-02-02 22:04:10.484] [info] [spider.worker] [TIMING] task_id=c602af98-a249-47db-8657-fb348337542e func=job_orchestration.executor.query.spider_search_task.search_without_channel input_send_start=499092692 input_send_end=499092692 input_send_duration_ms=0 bytes=612
[2026-02-02 22:04:10.484] [info] [spider.worker] [TIMING] task_id=c602af98-a249-47db-8657-fb348337542e func=job_orchestration.executor.query.spider_search_task.search_without_channel spawn_start=499092692 spawn_end=499092692 spawn_duration_ms=0
[2026-02-02 22:04:11.780] [info] [spider.worker] [TIMING] task_id=c602af98-a249-47db-8657-fb348337542e func=job_orchestration.executor.query.spider_search_task.search_without_channel execution_start=499092693 execution_end=499093989 execution_duration_ms=1296
[2026-02-02 22:04:11.876] [info] [spider.worker] [TIMING] task_id=c602af98-a249-47db-8657-fb348337542e func=job_orchestration.executor.query.spider_search_task.search_without_channel submit_output_start=499093990 submit_output_end=499094085 submit_output_duration_ms=94
[2026-02-02 22:04:11.946] [info] [spider.worker] [TIMING] task_id=68538eed-9b9f-48ae-8621-bbae3475a9df func=job_orchestration.executor.query.spider_search_task.search_without_channel fetch_input_start=499094153 fetch_input_end=499094154 fetch_input_duration_ms=0
[2026-02-02 22:04:11.946] [info] [spider.worker] [TIMING] task_id=68538eed-9b9f-48ae-8621-bbae3475a9df func=job_orchestration.executor.query.spider_search_task.search_without_channel input_send_start=499094155 input_send_end=499094155 input_send_duration_ms=0 bytes=611
[2026-02-02 22:04:11.946] [info] [spider.worker] [TIMING] task_id=68538eed-9b9f-48ae-8621-bbae3475a9df func=job_orchestration.executor.query.spider_search_task.search_without_channel spawn_start=499094154 spawn_end=499094155 spawn_duration_ms=0
[2026-02-02 22:04:13.263] [info] [spider.worker] [TIMING] task_id=68538eed-9b9f-48ae-8621-bbae3475a9df func=job_orchestration.executor.query.spider_search_task.search_without_channel execution_start=499094155 execution_end=499095471 execution_duration_ms=1316
[2026-02-02 22:04:13.330] [info] [spider.worker] [TIMING] task_id=68538eed-9b9f-48ae-8621-bbae3475a9df func=job_orchestration.executor.query.spider_search_task.search_without_channel submit_output_start=499095473 submit_output_end=499095539 submit_output_duration_ms=65
[2026-02-02 22:04:13.384] [info] [spider.worker] [TIMING] task_id=112912e2-ec99-464e-bb5a-1146b59963df func=job_orchestration.executor.query.spider_search_task.search_without_channel fetch_input_start=499095591 fetch_input_end=499095592 fetch_input_duration_ms=0
[2026-02-02 22:04:13.384] [info] [spider.worker] [TIMING] task_id=112912e2-ec99-464e-bb5a-1146b59963df func=job_orchestration.executor.query.spider_search_task.search_without_channel input_send_start=499095593 input_send_end=499095593 input_send_duration_ms=0 bytes=611
[2026-02-02 22:04:13.384] [info] [spider.worker] [TIMING] task_id=112912e2-ec99-464e-bb5a-1146b59963df func=job_orchestration.executor.query.spider_search_task.search_without_channel spawn_start=499095592 spawn_end=499095593 spawn_duration_ms=0
[2026-02-02 22:04:14.854] [info] [spider.worker] [TIMING] task_id=112912e2-ec99-464e-bb5a-1146b59963df func=job_orchestration.executor.query.spider_search_task.search_without_channel execution_start=499095593 execution_end=499097062 execution_duration_ms=1469
[2026-02-02 22:04:14.873] [info] [spider.worker] [TIMING] task_id=112912e2-ec99-464e-bb5a-1146b59963df func=job_orchestration.executor.query.spider_search_task.search_without_channel submit_output_start=499097064 submit_output_end=499097082 submit_output_duration_ms=17
[2026-02-02 22:04:14.913] [info] [spider.worker] [TIMING] task_id=670c54c2-e03c-4234-ab96-b4ac26626f29 func=job_orchestration.executor.query.spider_search_task.search_without_channel fetch_input_start=499097120 fetch_input_end=499097121 fetch_input_duration_ms=0
[2026-02-02 22:04:14.913] [info] [spider.worker] [TIMING] task_id=670c54c2-e03c-4234-ab96-b4ac26626f29 func=job_orchestration.executor.query.spider_search_task.search_without_channel input_send_start=499097121 input_send_end=499097121 input_send_duration_ms=0 bytes=612
[2026-02-02 22:04:14.913] [info] [spider.worker] [TIMING] task_id=670c54c2-e03c-4234-ab96-b4ac26626f29 func=job_orchestration.executor.query.spider_search_task.search_without_channel spawn_start=499097121 spawn_end=499097121 spawn_duration_ms=0
[2026-02-02 22:04:16.156] [info] [spider.worker] [TIMING] task_id=670c54c2-e03c-4234-ab96-b4ac26626f29 func=job_orchestration.executor.query.spider_search_task.search_without_channel execution_start=499097121 execution_end=499098365 execution_duration_ms=1243
[2026-02-02 22:04:16.316] [info] [spider.worker] [TIMING] task_id=670c54c2-e03c-4234-ab96-b4ac26626f29 func=job_orchestration.executor.query.spider_search_task.search_without_channel submit_output_start=499098367 submit_output_end=499098524 submit_output_duration_ms=157
[2026-02-02 22:04:16.344] [info] [spider.worker] [TIMING] task_id=c46e7ea7-c7e4-4cd2-a48f-c000e82d5ab2 func=job_orchestration.executor.query.spider_search_task.search_without_channel fetch_input_start=499098551 fetch_input_end=499098553 fetch_input_duration_ms=1
[2026-02-02 22:04:16.345] [info] [spider.worker] [TIMING] task_id=c46e7ea7-c7e4-4cd2-a48f-c000e82d5ab2 func=job_orchestration.executor.query.spider_search_task.search_without_channel input_send_start=499098553 input_send_end=499098553 input_send_duration_ms=0 bytes=611
[2026-02-02 22:04:16.345] [info] [spider.worker] [TIMING] task_id=c46e7ea7-c7e4-4cd2-a48f-c000e82d5ab2 func=job_orchestration.executor.query.spider_search_task.search_without_channel spawn_start=499098553 spawn_end=499098553 spawn_duration_ms=0
[2026-02-02 22:04:17.674] [info] [spider.worker] [TIMING] task_id=c46e7ea7-c7e4-4cd2-a48f-c000e82d5ab2 func=job_orchestration.executor.query.spider_search_task.search_without_channel execution_start=499098553 execution_end=499099882 execution_duration_ms=1329
[2026-02-02 22:04:17.713] [info] [spider.worker] [TIMING] task_id=c46e7ea7-c7e4-4cd2-a48f-c000e82d5ab2 func=job_orchestration.executor.query.spider_search_task.search_without_channel submit_output_start=499099884 submit_output_end=499099922 submit_output_duration_ms=37
[2026-02-02 22:04:17.736] [info] [spider.worker] [TIMING] task_id=596f1dce-ea8f-4939-862e-2ac715f2ac0c func=job_orchestration.executor.query.spider_search_task.search_without_channel fetch_input_start=499099943 fetch_input_end=499099944 fetch_input_duration_ms=1
[2026-02-02 22:04:17.736] [info] [spider.worker] [TIMING] task_id=596f1dce-ea8f-4939-862e-2ac715f2ac0c func=job_orchestration.executor.query.spider_search_task.search_without_channel input_send_start=499099945 input_send_end=499099945 input_send_duration_ms=0 bytes=612
[2026-02-02 22:04:17.737] [info] [spider.worker] [TIMING] task_id=596f1dce-ea8f-4939-862e-2ac715f2ac0c func=job_orchestration.executor.query.spider_search_task.search_without_channel spawn_start=499099944 spawn_end=499099945 spawn_duration_ms=0
[2026-02-02 22:04:19.220] [info] [spider.worker] [TIMING] task_id=596f1dce-ea8f-4939-862e-2ac715f2ac0c func=job_orchestration.executor.query.spider_search_task.search_without_channel execution_start=499099945 execution_end=499101428 execution_duration_ms=1483
[2026-02-02 22:04:19.302] [info] [spider.worker] [TIMING] task_id=596f1dce-ea8f-4939-862e-2ac715f2ac0c func=job_orchestration.executor.query.spider_search_task.search_without_channel submit_output_start=499101430 submit_output_end=499101511 submit_output_duration_ms=80
[2026-02-02 22:04:19.328] [info] [spider.worker] [TIMING] task_id=35c854dd-35c2-4992-bd22-234c7e0a0cad func=job_orchestration.executor.query.spider_search_task.search_without_channel fetch_input_start=499101535 fetch_input_end=499101536 fetch_input_duration_ms=1
[2026-02-02 22:04:19.328] [info] [spider.worker] [TIMING] task_id=35c854dd-35c2-4992-bd22-234c7e0a0cad func=job_orchestration.executor.query.spider_search_task.search_without_channel input_send_start=499101537 input_send_end=499101537 input_send_duration_ms=0 bytes=612
[2026-02-02 22:04:19.328] [info] [spider.worker] [TIMING] task_id=35c854dd-35c2-4992-bd22-234c7e0a0cad func=job_orchestration.executor.query.spider_search_task.search_without_channel spawn_start=499101536 spawn_end=499101537 spawn_duration_ms=0
[2026-02-02 22:04:20.564] [info] [spider.worker] [TIMING] task_id=35c854dd-35c2-4992-bd22-234c7e0a0cad func=job_orchestration.executor.query.spider_search_task.search_without_channel execution_start=499101537 execution_end=499102773 execution_duration_ms=1235
[2026-02-02 22:04:20.576] [info] [spider.worker] [TIMING] task_id=35c854dd-35c2-4992-bd22-234c7e0a0cad func=job_orchestration.executor.query.spider_search_task.search_without_channel submit_output_start=499102774 submit_output_end=499102784 submit_output_duration_ms=9
[2026-02-02 22:04:20.587] [info] [spider.worker] [TIMING] task_id=a7d52406-1031-450c-a207-a4ed0d1593b2 func=job_orchestration.executor.query.spider_search_task.search_without_channel fetch_input_start=499102794 fetch_input_end=499102795 fetch_input_duration_ms=0
[2026-02-02 22:04:20.587] [info] [spider.worker] [TIMING] task_id=a7d52406-1031-450c-a207-a4ed0d1593b2 func=job_orchestration.executor.query.spider_search_task.search_without_channel input_send_start=499102795 input_send_end=499102795 input_send_duration_ms=0 bytes=612
[2026-02-02 22:04:20.587] [info] [spider.worker] [TIMING] task_id=a7d52406-1031-450c-a207-a4ed0d1593b2 func=job_orchestration.executor.query.spider_search_task.search_without_channel spawn_start=499102795 spawn_end=499102795 spawn_duration_ms=0
[2026-02-02 22:04:21.860] [info] [spider.worker] [TIMING] task_id=a7d52406-1031-450c-a207-a4ed0d1593b2 func=job_orchestration.executor.query.spider_search_task.search_without_channel execution_start=499102796 execution_end=499104068 execution_duration_ms=1272
[2026-02-02 22:04:21.911] [info] [spider.worker] [TIMING] task_id=a7d52406-1031-450c-a207-a4ed0d1593b2 func=job_orchestration.executor.query.spider_search_task.search_without_channel submit_output_start=499104070 submit_output_end=499104119 submit_output_duration_ms=49
[2026-02-02 22:04:21.929] [info] [spider.worker] [TIMING] task_id=b2a8d4ee-2591-4d92-8f6f-1e631e9d98fc func=job_orchestration.executor.query.spider_search_task.search_without_channel fetch_input_start=499104136 fetch_input_end=499104137 fetch_input_duration_ms=1
[2026-02-02 22:04:21.929] [info] [spider.worker] [TIMING] task_id=b2a8d4ee-2591-4d92-8f6f-1e631e9d98fc func=job_orchestration.executor.query.spider_search_task.search_without_channel input_send_start=499104137 input_send_end=499104137 input_send_duration_ms=0 bytes=611
[2026-02-02 22:04:21.929] [info] [spider.worker] [TIMING] task_id=b2a8d4ee-2591-4d92-8f6f-1e631e9d98fc func=job_orchestration.executor.query.spider_search_task.search_without_channel spawn_start=499104137 spawn_end=499104137 spawn_duration_ms=0
[2026-02-02 22:04:23.167] [info] [spider.worker] [TIMING] task_id=b2a8d4ee-2591-4d92-8f6f-1e631e9d98fc func=job_orchestration.executor.query.spider_search_task.search_without_channel execution_start=499104138 execution_end=499105376 execution_duration_ms=1238
[2026-02-02 22:04:23.218] [info] [spider.worker] [TIMING] task_id=b2a8d4ee-2591-4d92-8f6f-1e631e9d98fc func=job_orchestration.executor.query.spider_search_task.search_without_channel submit_output_start=499105377 submit_output_end=499105427 submit_output_duration_ms=49
[2026-02-02 22:04:23.285] [info] [spider.worker] [TIMING] task_id=0b144aae-cb8a-485f-8db2-ec79a37a3729 func=job_orchestration.executor.query.spider_search_task.search_without_channel fetch_input_start=499105492 fetch_input_end=499105493 fetch_input_duration_ms=1
[2026-02-02 22:04:23.285] [info] [spider.worker] [TIMING] task_id=0b144aae-cb8a-485f-8db2-ec79a37a3729 func=job_orchestration.executor.query.spider_search_task.search_without_channel input_send_start=499105494 input_send_end=499105494 input_send_duration_ms=0 bytes=612
[2026-02-02 22:04:23.285] [info] [spider.worker] [TIMING] task_id=0b144aae-cb8a-485f-8db2-ec79a37a3729 func=job_orchestration.executor.query.spider_search_task.search_without_channel spawn_start=499105493 spawn_end=499105494 spawn_duration_ms=0
[2026-02-02 22:04:24.679] [info] [spider.worker] [TIMING] task_id=0b144aae-cb8a-485f-8db2-ec79a37a3729 func=job_orchestration.executor.query.spider_search_task.search_without_channel execution_start=499105494 execution_end=499106887 execution_duration_ms=1393
[2026-02-02 22:04:24.693] [info] [spider.worker] [TIMING] task_id=0b144aae-cb8a-485f-8db2-ec79a37a3729 func=job_orchestration.executor.query.spider_search_task.search_without_channel submit_output_start=499106889 submit_output_end=499106901 submit_output_duration_ms=12
[2026-02-02 22:04:24.729] [info] [spider.worker] [TIMING] task_id=86cd0c8d-b888-48b5-a3fb-3af623f43901 func=job_orchestration.executor.query.spider_search_task.search_without_channel fetch_input_start=499106937 fetch_input_end=499106938 fetch_input_duration_ms=0
[2026-02-02 22:04:24.730] [info] [spider.worker] [TIMING] task_id=86cd0c8d-b888-48b5-a3fb-3af623f43901 func=job_orchestration.executor.query.spider_search_task.search_without_channel input_send_start=499106938 input_send_end=499106938 input_send_duration_ms=0 bytes=612
[2026-02-02 22:04:24.730] [info] [spider.worker] [TIMING] task_id=86cd0c8d-b888-48b5-a3fb-3af623f43901 func=job_orchestration.executor.query.spider_search_task.search_without_channel spawn_start=499106938 spawn_end=499106938 spawn_duration_ms=0
[2026-02-02 22:04:26.135] [info] [spider.worker] [TIMING] task_id=86cd0c8d-b888-48b5-a3fb-3af623f43901 func=job_orchestration.executor.query.spider_search_task.search_without_channel execution_start=499106938 execution_end=499108343 execution_duration_ms=1405
[2026-02-02 22:04:26.165] [info] [spider.worker] [TIMING] task_id=86cd0c8d-b888-48b5-a3fb-3af623f43901 func=job_orchestration.executor.query.spider_search_task.search_without_channel submit_output_start=499108345 submit_output_end=499108373 submit_output_duration_ms=28
[2026-02-02 22:04:26.179] [info] [spider.worker] [TIMING] task_id=7f637cf4-2399-4008-ac50-6ad3e708842e func=job_orchestration.executor.query.spider_search_task.search_without_channel fetch_input_start=499108387 fetch_input_end=499108388 fetch_input_duration_ms=0
[2026-02-02 22:04:26.180] [info] [spider.worker] [TIMING] task_id=7f637cf4-2399-4008-ac50-6ad3e708842e func=job_orchestration.executor.query.spider_search_task.search_without_channel input_send_start=499108388 input_send_end=499108388 input_send_duration_ms=0 bytes=612
[2026-02-02 22:04:26.180] [info] [spider.worker] [TIMING] task_id=7f637cf4-2399-4008-ac50-6ad3e708842e func=job_orchestration.executor.query.spider_search_task.search_without_channel spawn_start=499108388 spawn_end=499108388 spawn_duration_ms=0
[2026-02-02 22:04:27.548] [info] [spider.worker] [TIMING] task_id=7f637cf4-2399-4008-ac50-6ad3e708842e func=job_orchestration.executor.query.spider_search_task.search_without_channel execution_start=499108389 execution_end=499109757 execution_duration_ms=1368
[2026-02-02 22:04:27.577] [info] [spider.worker] [TIMING] task_id=7f637cf4-2399-4008-ac50-6ad3e708842e func=job_orchestration.executor.query.spider_search_task.search_without_channel submit_output_start=499109770 submit_output_end=499109785 submit_output_duration_ms=15
[2026-02-02 22:04:27.596] [info] [spider.worker] [TIMING] task_id=3ad25641-50d0-46d4-8c9c-bffa9e9f22ed func=job_orchestration.executor.query.spider_search_task.search_without_channel fetch_input_start=499109804 fetch_input_end=499109805 fetch_input_duration_ms=0
[2026-02-02 22:04:27.597] [info] [spider.worker] [TIMING] task_id=3ad25641-50d0-46d4-8c9c-bffa9e9f22ed func=job_orchestration.executor.query.spider_search_task.search_without_channel input_send_start=499109805 input_send_end=499109805 input_send_duration_ms=0 bytes=612
[2026-02-02 22:04:27.597] [info] [spider.worker] [TIMING] task_id=3ad25641-50d0-46d4-8c9c-bffa9e9f22ed func=job_orchestration.executor.query.spider_search_task.search_without_channel spawn_start=499109805 spawn_end=499109805 spawn_duration_ms=0
[2026-02-02 22:04:28.731] [info] [spider.worker] [TIMING] task_id=3ad25641-50d0-46d4-8c9c-bffa9e9f22ed func=job_orchestration.executor.query.spider_search_task.search_without_channel execution_start=499109806 execution_end=499110939 execution_duration_ms=1133
[2026-02-02 22:04:28.839] [info] [spider.worker] [TIMING] task_id=3ad25641-50d0-46d4-8c9c-bffa9e9f22ed func=job_orchestration.executor.query.spider_search_task.search_without_channel submit_output_start=499110941 submit_output_end=499111047 submit_output_duration_ms=106
[2026-02-02 22:04:28.889] [info] [spider.worker] [TIMING] task_id=2941b94a-8043-4e94-ac83-7e72a368bab2 func=job_orchestration.executor.query.spider_search_task.search_without_channel fetch_input_start=499111096 fetch_input_end=499111097 fetch_input_duration_ms=1
[2026-02-02 22:04:28.890] [info] [spider.worker] [TIMING] task_id=2941b94a-8043-4e94-ac83-7e72a368bab2 func=job_orchestration.executor.query.spider_search_task.search_without_channel input_send_start=499111098 input_send_end=499111098 input_send_duration_ms=0 bytes=612
[2026-02-02 22:04:28.890] [info] [spider.worker] [TIMING] task_id=2941b94a-8043-4e94-ac83-7e72a368bab2 func=job_orchestration.executor.query.spider_search_task.search_without_channel spawn_start=499111098 spawn_end=499111098 spawn_duration_ms=0
[2026-02-02 22:04:30.032] [info] [spider.worker] [TIMING] task_id=2941b94a-8043-4e94-ac83-7e72a368bab2 func=job_orchestration.executor.query.spider_search_task.search_without_channel execution_start=499111098 execution_end=499112240 execution_duration_ms=1141
[2026-02-02 22:04:30.084] [info] [spider.worker] [TIMING] task_id=2941b94a-8043-4e94-ac83-7e72a368bab2 func=job_orchestration.executor.query.spider_search_task.search_without_channel submit_output_start=499112242 submit_output_end=499112292 submit_output_duration_ms=50
[2026-02-02 22:04:30.114] [info] [spider.worker] [TIMING] task_id=c64abf01-b289-4189-bd0e-d4d62fbcbe37 func=job_orchestration.executor.query.spider_search_task.search_without_channel fetch_input_start=499112322 fetch_input_end=499112322 fetch_input_duration_ms=0
[2026-02-02 22:04:30.115] [info] [spider.worker] [TIMING] task_id=c64abf01-b289-4189-bd0e-d4d62fbcbe37 func=job_orchestration.executor.query.spider_search_task.search_without_channel input_send_start=499112323 input_send_end=499112323 input_send_duration_ms=0 bytes=612
[2026-02-02 22:04:30.115] [info] [spider.worker] [TIMING] task_id=c64abf01-b289-4189-bd0e-d4d62fbcbe37 func=job_orchestration.executor.query.spider_search_task.search_without_channel spawn_start=499112323 spawn_end=499112323 spawn_duration_ms=0
[2026-02-02 22:04:31.481] [info] [spider.worker] [TIMING] task_id=c64abf01-b289-4189-bd0e-d4d62fbcbe37 func=job_orchestration.executor.query.spider_search_task.search_without_channel execution_start=499112323 execution_end=499113689 execution_duration_ms=1365
[2026-02-02 22:04:31.528] [info] [spider.worker] [TIMING] task_id=c64abf01-b289-4189-bd0e-d4d62fbcbe37 func=job_orchestration.executor.query.spider_search_task.search_without_channel submit_output_start=499113706 submit_output_end=499113736 submit_output_duration_ms=30
[2026-02-02 22:04:31.581] [info] [spider.worker] [TIMING] task_id=39339ac4-0a5a-479b-a64e-4fb6a7ffb32f func=job_orchestration.executor.query.spider_search_task.search_without_channel fetch_input_start=499113788 fetch_input_end=499113789 fetch_input_duration_ms=0
[2026-02-02 22:04:31.581] [info] [spider.worker] [TIMING] task_id=39339ac4-0a5a-479b-a64e-4fb6a7ffb32f func=job_orchestration.executor.query.spider_search_task.search_without_channel input_send_start=499113790 input_send_end=499113790 input_send_duration_ms=0 bytes=610
[2026-02-02 22:04:31.581] [info] [spider.worker] [TIMING] task_id=39339ac4-0a5a-479b-a64e-4fb6a7ffb32f func=job_orchestration.executor.query.spider_search_task.search_without_channel spawn_start=499113789 spawn_end=499113790 spawn_duration_ms=0
[2026-02-02 22:04:32.843] [info] [spider.worker] [TIMING] task_id=39339ac4-0a5a-479b-a64e-4fb6a7ffb32f func=job_orchestration.executor.query.spider_search_task.search_without_channel execution_start=499113790 execution_end=499115051 execution_duration_ms=1261
[2026-02-02 22:04:32.879] [info] [spider.worker] [TIMING] task_id=39339ac4-0a5a-479b-a64e-4fb6a7ffb32f func=job_orchestration.executor.query.spider_search_task.search_without_channel submit_output_start=499115053 submit_output_end=499115087 submit_output_duration_ms=33
[2026-02-02 22:04:32.923] [info] [spider.worker] [TIMING] task_id=61560a44-d375-4eca-a0ab-d810a2d7487d func=job_orchestration.executor.query.spider_search_task.search_without_channel fetch_input_start=499115130 fetch_input_end=499115131 fetch_input_duration_ms=0
[2026-02-02 22:04:32.923] [info] [spider.worker] [TIMING] task_id=61560a44-d375-4eca-a0ab-d810a2d7487d func=job_orchestration.executor.query.spider_search_task.search_without_channel input_send_start=499115132 input_send_end=499115132 input_send_duration_ms=0 bytes=612
[2026-02-02 22:04:32.923] [info] [spider.worker] [TIMING] task_id=61560a44-d375-4eca-a0ab-d810a2d7487d func=job_orchestration.executor.query.spider_search_task.search_without_channel spawn_start=499115131 spawn_end=499115132 spawn_duration_ms=0
[2026-02-02 22:04:34.228] [info] [spider.worker] [TIMING] task_id=61560a44-d375-4eca-a0ab-d810a2d7487d func=job_orchestration.executor.query.spider_search_task.search_without_channel execution_start=499115132 execution_end=499116437 execution_duration_ms=1304
[2026-02-02 22:04:34.320] [info] [spider.worker] [TIMING] task_id=61560a44-d375-4eca-a0ab-d810a2d7487d func=job_orchestration.executor.query.spider_search_task.search_without_channel submit_output_start=499116439 submit_output_end=499116529 submit_output_duration_ms=90
[2026-02-02 22:04:34.384] [info] [spider.worker] [TIMING] task_id=727bbbd9-92b1-4394-9a04-363d7900128a func=job_orchestration.executor.query.spider_search_task.search_without_channel fetch_input_start=499116591 fetch_input_end=499116592 fetch_input_duration_ms=1
[2026-02-02 22:04:34.384] [info] [spider.worker] [TIMING] task_id=727bbbd9-92b1-4394-9a04-363d7900128a func=job_orchestration.executor.query.spider_search_task.search_without_channel input_send_start=499116592 input_send_end=499116592 input_send_duration_ms=0 bytes=612
[2026-02-02 22:04:34.384] [info] [spider.worker] [TIMING] task_id=727bbbd9-92b1-4394-9a04-363d7900128a func=job_orchestration.executor.query.spider_search_task.search_without_channel spawn_start=499116592 spawn_end=499116592 spawn_duration_ms=0
[2026-02-02 22:04:35.770] [info] [spider.worker] [TIMING] task_id=727bbbd9-92b1-4394-9a04-363d7900128a func=job_orchestration.executor.query.spider_search_task.search_without_channel execution_start=499116593 execution_end=499117978 execution_duration_ms=1385
[2026-02-02 22:04:35.804] [info] [spider.worker] [TIMING] task_id=727bbbd9-92b1-4394-9a04-363d7900128a func=job_orchestration.executor.query.spider_search_task.search_without_channel submit_output_start=499117980 submit_output_end=499118013 submit_output_duration_ms=32
[2026-02-02 22:04:35.896] [info] [spider.worker] [TIMING] task_id=70705d1b-fec7-4dbc-98fe-6e2c81327875 func=job_orchestration.executor.query.spider_search_task.search_without_channel fetch_input_start=499118103 fetch_input_end=499118104 fetch_input_duration_ms=0
[2026-02-02 22:04:35.896] [info] [spider.worker] [TIMING] task_id=70705d1b-fec7-4dbc-98fe-6e2c81327875 func=job_orchestration.executor.query.spider_search_task.search_without_channel input_send_start=499118104 input_send_end=499118104 input_send_duration_ms=0 bytes=610
[2026-02-02 22:04:35.896] [info] [spider.worker] [TIMING] task_id=70705d1b-fec7-4dbc-98fe-6e2c81327875 func=job_orchestration.executor.query.spider_search_task.search_without_channel spawn_start=499118104 spawn_end=499118104 spawn_duration_ms=0
[2026-02-02 22:04:37.114] [info] [spider.worker] [TIMING] task_id=70705d1b-fec7-4dbc-98fe-6e2c81327875 func=job_orchestration.executor.query.spider_search_task.search_without_channel execution_start=499118104 execution_end=499119322 execution_duration_ms=1218
[2026-02-02 22:04:37.146] [info] [spider.worker] [TIMING] task_id=70705d1b-fec7-4dbc-98fe-6e2c81327875 func=job_orchestration.executor.query.spider_search_task.search_without_channel submit_output_start=499119339 submit_output_end=499119355 submit_output_duration_ms=15
[2026-02-02 22:04:37.183] [info] [spider.worker] [TIMING] task_id=dd4262fd-5d1c-4578-b840-b716c754d7be func=job_orchestration.executor.query.spider_search_task.search_without_channel fetch_input_start=499119390 fetch_input_end=499119391 fetch_input_duration_ms=0
[2026-02-02 22:04:37.183] [info] [spider.worker] [TIMING] task_id=dd4262fd-5d1c-4578-b840-b716c754d7be func=job_orchestration.executor.query.spider_search_task.search_without_channel input_send_start=499119391 input_send_end=499119391 input_send_duration_ms=0 bytes=612
[2026-02-02 22:04:37.183] [info] [spider.worker] [TIMING] task_id=dd4262fd-5d1c-4578-b840-b716c754d7be func=job_orchestration.executor.query.spider_search_task.search_without_channel spawn_start=499119391 spawn_end=499119391 spawn_duration_ms=0
[2026-02-02 22:04:38.562] [info] [spider.worker] [TIMING] task_id=dd4262fd-5d1c-4578-b840-b716c754d7be func=job_orchestration.executor.query.spider_search_task.search_without_channel execution_start=499119392 execution_end=499120771 execution_duration_ms=1379
[2026-02-02 22:04:38.702] [info] [spider.worker] [TIMING] task_id=dd4262fd-5d1c-4578-b840-b716c754d7be func=job_orchestration.executor.query.spider_search_task.search_without_channel submit_output_start=499120772 submit_output_end=499120910 submit_output_duration_ms=137
[2026-02-02 22:04:38.780] [info] [spider.worker] [TIMING] task_id=302143ff-3910-4f60-bc41-2a2f2849805a func=job_orchestration.executor.query.spider_search_task.search_without_channel fetch_input_start=499120988 fetch_input_end=499120989 fetch_input_duration_ms=1
[2026-02-02 22:04:38.781] [info] [spider.worker] [TIMING] task_id=302143ff-3910-4f60-bc41-2a2f2849805a func=job_orchestration.executor.query.spider_search_task.search_without_channel input_send_start=499120989 input_send_end=499120989 input_send_duration_ms=0 bytes=610
[2026-02-02 22:04:38.781] [info] [spider.worker] [TIMING] task_id=302143ff-3910-4f60-bc41-2a2f2849805a func=job_orchestration.executor.query.spider_search_task.search_without_channel spawn_start=499120989 spawn_end=499120989 spawn_duration_ms=0
[2026-02-02 22:04:40.220] [info] [spider.worker] [TIMING] task_id=302143ff-3910-4f60-bc41-2a2f2849805a func=job_orchestration.executor.query.spider_search_task.search_without_channel execution_start=499120989 execution_end=499122428 execution_duration_ms=1438
[2026-02-02 22:04:40.238] [info] [spider.worker] [TIMING] task_id=302143ff-3910-4f60-bc41-2a2f2849805a func=job_orchestration.executor.query.spider_search_task.search_without_channel submit_output_start=499122429 submit_output_end=499122447 submit_output_duration_ms=17
[2026-02-02 22:04:40.250] [info] [spider.worker] [TIMING] task_id=429f6fb8-02b8-4451-83d5-d8dcfbdef57d func=job_orchestration.executor.query.spider_search_task.search_without_channel fetch_input_start=499122457 fetch_input_end=499122458 fetch_input_duration_ms=1
[2026-02-02 22:04:40.250] [info] [spider.worker] [TIMING] task_id=429f6fb8-02b8-4451-83d5-d8dcfbdef57d func=job_orchestration.executor.query.spider_search_task.search_without_channel input_send_start=499122458 input_send_end=499122459 input_send_duration_ms=0 bytes=612
[2026-02-02 22:04:40.250] [info] [spider.worker] [TIMING] task_id=429f6fb8-02b8-4451-83d5-d8dcfbdef57d func=job_orchestration.executor.query.spider_search_task.search_without_channel spawn_start=499122458 spawn_end=499122459 spawn_duration_ms=0
[2026-02-02 22:04:41.686] [info] [spider.worker] [TIMING] task_id=429f6fb8-02b8-4451-83d5-d8dcfbdef57d func=job_orchestration.executor.query.spider_search_task.search_without_channel execution_start=499122459 execution_end=499123895 execution_duration_ms=1435
[2026-02-02 22:04:41.731] [info] [spider.worker] [TIMING] task_id=429f6fb8-02b8-4451-83d5-d8dcfbdef57d func=job_orchestration.executor.query.spider_search_task.search_without_channel submit_output_start=499123896 submit_output_end=499123939 submit_output_duration_ms=42
[2026-02-02 22:04:41.767] [info] [spider.worker] [TIMING] task_id=8fd88f2d-5ee7-4525-adac-24d244f35ca6 func=job_orchestration.executor.query.spider_search_task.search_without_channel fetch_input_start=499123974 fetch_input_end=499123975 fetch_input_duration_ms=1
[2026-02-02 22:04:41.768] [info] [spider.worker] [TIMING] task_id=8fd88f2d-5ee7-4525-adac-24d244f35ca6 func=job_orchestration.executor.query.spider_search_task.search_without_channel input_send_start=499123976 input_send_end=499123976 input_send_duration_ms=0 bytes=612
[2026-02-02 22:04:41.768] [info] [spider.worker] [TIMING] task_id=8fd88f2d-5ee7-4525-adac-24d244f35ca6 func=job_orchestration.executor.query.spider_search_task.search_without_channel spawn_start=499123975 spawn_end=499123976 spawn_duration_ms=0
[2026-02-02 22:04:43.252] [info] [spider.worker] [TIMING] task_id=8fd88f2d-5ee7-4525-adac-24d244f35ca6 func=job_orchestration.executor.query.spider_search_task.search_without_channel execution_start=499123976 execution_end=499125461 execution_duration_ms=1484
[2026-02-02 22:04:43.370] [info] [spider.worker] [TIMING] task_id=8fd88f2d-5ee7-4525-adac-24d244f35ca6 func=job_orchestration.executor.query.spider_search_task.search_without_channel submit_output_start=499125470 submit_output_end=499125578 submit_output_duration_ms=108
[2026-02-02 22:04:43.531] [info] [spider.worker] [TIMING] task_id=987794d0-7893-48ce-b3ae-5749e6af75ff func=job_orchestration.executor.query.spider_search_task.search_without_channel fetch_input_start=499125739 fetch_input_end=499125739 fetch_input_duration_ms=0
[2026-02-02 22:04:43.532] [info] [spider.worker] [TIMING] task_id=987794d0-7893-48ce-b3ae-5749e6af75ff func=job_orchestration.executor.query.spider_search_task.search_without_channel input_send_start=499125740 input_send_end=499125740 input_send_duration_ms=0 bytes=612
[2026-02-02 22:04:43.532] [info] [spider.worker] [TIMING] task_id=987794d0-7893-48ce-b3ae-5749e6af75ff func=job_orchestration.executor.query.spider_search_task.search_without_channel spawn_start=499125740 spawn_end=499125740 spawn_duration_ms=0
[2026-02-02 22:04:45.019] [info] [spider.worker] [TIMING] task_id=987794d0-7893-48ce-b3ae-5749e6af75ff func=job_orchestration.executor.query.spider_search_task.search_without_channel execution_start=499125740 execution_end=499127227 execution_duration_ms=1486
[2026-02-02 22:04:45.031] [info] [spider.worker] [TIMING] task_id=987794d0-7893-48ce-b3ae-5749e6af75ff func=job_orchestration.executor.query.spider_search_task.search_without_channel submit_output_start=499127228 submit_output_end=499127240 submit_output_duration_ms=11
[2026-02-02 22:04:45.072] [info] [spider.worker] [TIMING] task_id=8dba2e89-62f9-4fed-ae22-b4ae1ae59af4 func=job_orchestration.executor.query.spider_search_task.search_without_channel fetch_input_start=499127279 fetch_input_end=499127280 fetch_input_duration_ms=1
[2026-02-02 22:04:45.073] [info] [spider.worker] [TIMING] task_id=8dba2e89-62f9-4fed-ae22-b4ae1ae59af4 func=job_orchestration.executor.query.spider_search_task.search_without_channel input_send_start=499127281 input_send_end=499127281 input_send_duration_ms=0 bytes=611
[2026-02-02 22:04:45.073] [info] [spider.worker] [TIMING] task_id=8dba2e89-62f9-4fed-ae22-b4ae1ae59af4 func=job_orchestration.executor.query.spider_search_task.search_without_channel spawn_start=499127280 spawn_end=499127281 spawn_duration_ms=0
[2026-02-02 22:04:46.391] [info] [spider.worker] [TIMING] task_id=8dba2e89-62f9-4fed-ae22-b4ae1ae59af4 func=job_orchestration.executor.query.spider_search_task.search_without_channel execution_start=499127281 execution_end=499128599 execution_duration_ms=1317
[2026-02-02 22:04:46.407] [info] [spider.worker] [TIMING] task_id=8dba2e89-62f9-4fed-ae22-b4ae1ae59af4 func=job_orchestration.executor.query.spider_search_task.search_without_channel submit_output_start=499128600 submit_output_end=499128616 submit_output_duration_ms=15
[2026-02-02 22:04:46.443] [info] [spider.worker] [TIMING] task_id=c9a9a5c0-d23f-457c-931e-24df19ab6664 func=job_orchestration.executor.query.spider_search_task.search_without_channel fetch_input_start=499128650 fetch_input_end=499128651 fetch_input_duration_ms=0
[2026-02-02 22:04:46.444] [info] [spider.worker] [TIMING] task_id=c9a9a5c0-d23f-457c-931e-24df19ab6664 func=job_orchestration.executor.query.spider_search_task.search_without_channel input_send_start=499128652 input_send_end=499128652 input_send_duration_ms=0 bytes=610
[2026-02-02 22:04:46.444] [info] [spider.worker] [TIMING] task_id=c9a9a5c0-d23f-457c-931e-24df19ab6664 func=job_orchestration.executor.query.spider_search_task.search_without_channel spawn_start=499128652 spawn_end=499128652 spawn_duration_ms=0
[2026-02-02 22:04:47.841] [info] [spider.worker] [TIMING] task_id=c9a9a5c0-d23f-457c-931e-24df19ab6664 func=job_orchestration.executor.query.spider_search_task.search_without_channel execution_start=499128652 execution_end=499130049 execution_duration_ms=1396
[2026-02-02 22:04:47.857] [info] [spider.worker] [TIMING] task_id=c9a9a5c0-d23f-457c-931e-24df19ab6664 func=job_orchestration.executor.query.spider_search_task.search_without_channel submit_output_start=499130050 submit_output_end=499130066 submit_output_duration_ms=15
[2026-02-02 22:04:47.877] [info] [spider.worker] [TIMING] task_id=a50f7a66-0ff2-49ae-a68d-0b26b467a50e func=job_orchestration.executor.query.spider_search_task.search_without_channel fetch_input_start=499130084 fetch_input_end=499130085 fetch_input_duration_ms=0
[2026-02-02 22:04:47.877] [info] [spider.worker] [TIMING] task_id=a50f7a66-0ff2-49ae-a68d-0b26b467a50e func=job_orchestration.executor.query.spider_search_task.search_without_channel input_send_start=499130086 input_send_end=499130086 input_send_duration_ms=0 bytes=612
[2026-02-02 22:04:47.877] [info] [spider.worker] [TIMING] task_id=a50f7a66-0ff2-49ae-a68d-0b26b467a50e func=job_orchestration.executor.query.spider_search_task.search_without_channel spawn_start=499130085 spawn_end=499130086 spawn_duration_ms=0
[2026-02-02 22:04:49.138] [info] [spider.worker] [TIMING] task_id=a50f7a66-0ff2-49ae-a68d-0b26b467a50e func=job_orchestration.executor.query.spider_search_task.search_without_channel execution_start=499130086 execution_end=499131347 execution_duration_ms=1261
[2026-02-02 22:04:49.168] [info] [spider.worker] [TIMING] task_id=a50f7a66-0ff2-49ae-a68d-0b26b467a50e func=job_orchestration.executor.query.spider_search_task.search_without_channel submit_output_start=499131348 submit_output_end=499131376 submit_output_duration_ms=28
[2026-02-02 22:04:49.203] [info] [spider.worker] [TIMING] task_id=ba333bce-9b51-49cc-b124-b4522a90440f func=job_orchestration.executor.query.spider_search_task.search_without_channel fetch_input_start=499131411 fetch_input_end=499131412 fetch_input_duration_ms=0
[2026-02-02 22:04:49.204] [info] [spider.wo