[2026-02-02 19:46:00.937] [warning] [spider.worker] Prefer using `SPIDER_STORAGE_URL` environment variable over `--storage_url` argument.
[2026-02-02 19:47:06.539] [info] [spider.worker] [TIMING] task_id=4e7f8338-5416-411f-8511-40e5a711b914 func=job_orchestration.executor.compress.spider_compress.compress fetch_input_start=490868746 fetch_input_end=490868747 fetch_input_duration_ms=1
[2026-02-02 19:47:06.539] [info] [spider.worker] [TIMING] task_id=4e7f8338-5416-411f-8511-40e5a711b914 func=job_orchestration.executor.compress.spider_compress.compress input_send_start=490868748 input_send_end=490868748 input_send_duration_ms=0 bytes=755
[2026-02-02 19:47:06.539] [info] [spider.worker] [TIMING] task_id=4e7f8338-5416-411f-8511-40e5a711b914 func=job_orchestration.executor.compress.spider_compress.compress spawn_start=490868747 spawn_end=490868748 spawn_duration_ms=0
[2026-02-02 19:47:23.527] [info] [spider.worker] [TIMING] task_id=4e7f8338-5416-411f-8511-40e5a711b914 func=job_orchestration.executor.compress.spider_compress.compress execution_start=490868748 execution_end=490885736 execution_duration_ms=16987
[2026-02-02 19:47:24.112] [info] [spider.worker] [TIMING] task_id=4e7f8338-5416-411f-8511-40e5a711b914 func=job_orchestration.executor.compress.spider_compress.compress submit_output_start=490885738 submit_output_end=490886320 submit_output_duration_ms=582
[2026-02-02 19:47:27.393] [info] [spider.worker] [TIMING] task_id=90bca454-682e-48a4-bebd-64c041c7f2de func=job_orchestration.executor.compress.spider_compress.compress fetch_input_start=490889600 fetch_input_end=490889601 fetch_input_duration_ms=1
[2026-02-02 19:47:27.394] [info] [spider.worker] [TIMING] task_id=90bca454-682e-48a4-bebd-64c041c7f2de func=job_orchestration.executor.compress.spider_compress.compress input_send_start=490889602 input_send_end=490889602 input_send_duration_ms=0 bytes=750
[2026-02-02 19:47:27.394] [info] [spider.worker] [TIMING] task_id=90bca454-682e-48a4-bebd-64c041c7f2de func=job_orchestration.executor.compress.spider_compress.compress spawn_start=490889602 spawn_end=490889602 spawn_duration_ms=0
[2026-02-02 19:47:56.125] [info] [spider.worker] [TIMING] task_id=90bca454-682e-48a4-bebd-64c041c7f2de func=job_orchestration.executor.compress.spider_compress.compress execution_start=490889602 execution_end=490918333 execution_duration_ms=28730
[2026-02-02 19:47:56.246] [info] [spider.worker] [TIMING] task_id=90bca454-682e-48a4-bebd-64c041c7f2de func=job_orchestration.executor.compress.spider_compress.compress submit_output_start=490918335 submit_output_end=490918455 submit_output_duration_ms=119
[2026-02-02 19:47:56.272] [info] [spider.worker] [TIMING] task_id=356aaacb-af4c-4c67-b70a-c506645f0622 func=job_orchestration.executor.compress.spider_compress.compress fetch_input_start=490918479 fetch_input_end=490918480 fetch_input_duration_ms=0
[2026-02-02 19:47:56.272] [info] [spider.worker] [TIMING] task_id=356aaacb-af4c-4c67-b70a-c506645f0622 func=job_orchestration.executor.compress.spider_compress.compress input_send_start=490918481 input_send_end=490918481 input_send_duration_ms=0 bytes=839
[2026-02-02 19:47:56.272] [info] [spider.worker] [TIMING] task_id=356aaacb-af4c-4c67-b70a-c506645f0622 func=job_orchestration.executor.compress.spider_compress.compress spawn_start=490918480 spawn_end=490918481 spawn_duration_ms=0
[2026-02-02 19:50:42.079] [info] [spider.worker] [TIMING] task_id=356aaacb-af4c-4c67-b70a-c506645f0622 func=job_orchestration.executor.compress.spider_compress.compress execution_start=490918481 execution_end=491084288 execution_duration_ms=165806
[2026-02-02 19:50:42.094] [info] [spider.worker] [TIMING] task_id=356aaacb-af4c-4c67-b70a-c506645f0622 func=job_orchestration.executor.compress.spider_compress.compress submit_output_start=491084290 submit_output_end=491084302 submit_output_duration_ms=12
[2026-02-02 19:50:42.114] [info] [spider.worker] [TIMING] task_id=dcd9b4df-d710-46ce-97d6-fc38785711d7 func=job_orchestration.executor.compress.spider_compress.compress fetch_input_start=491084321 fetch_input_end=491084322 fetch_input_duration_ms=1
[2026-02-02 19:50:42.114] [info] [spider.worker] [TIMING] task_id=dcd9b4df-d710-46ce-97d6-fc38785711d7 func=job_orchestration.executor.compress.spider_compress.compress input_send_start=491084323 input_send_end=491084323 input_send_duration_ms=0 bytes=755
[2026-02-02 19:50:42.129] [info] [spider.worker] [TIMING] task_id=dcd9b4df-d710-46ce-97d6-fc38785711d7 func=job_orchestration.executor.compress.spider_compress.compress spawn_start=491084322 spawn_end=491084337 spawn_duration_ms=15
[2026-02-02 19:51:52.426] [info] [spider.worker] [TIMING] task_id=dcd9b4df-d710-46ce-97d6-fc38785711d7 func=job_orchestration.executor.compress.spider_compress.compress execution_start=491084338 execution_end=491154634 execution_duration_ms=70296
[2026-02-02 19:51:52.445] [info] [spider.worker] [TIMING] task_id=dcd9b4df-d710-46ce-97d6-fc38785711d7 func=job_orchestration.executor.compress.spider_compress.compress submit_output_start=491154636 submit_output_end=491154653 submit_output_duration_ms=17
[2026-02-02 19:51:52.486] [info] [spider.worker] [TIMING] task_id=e8191439-25dc-457d-8996-ec9cf79d750a func=job_orchestration.executor.compress.spider_compress.compress fetch_input_start=491154693 fetch_input_end=491154694 fetch_input_duration_ms=1
[2026-02-02 19:51:52.486] [info] [spider.worker] [TIMING] task_id=e8191439-25dc-457d-8996-ec9cf79d750a func=job_orchestration.executor.compress.spider_compress.compress input_send_start=491154695 input_send_end=491154695 input_send_duration_ms=0 bytes=751
[2026-02-02 19:51:52.486] [info] [spider.worker] [TIMING] task_id=e8191439-25dc-457d-8996-ec9cf79d750a func=job_orchestration.executor.compress.spider_compress.compress spawn_start=491154694 spawn_end=491154695 spawn_duration_ms=0
[2026-02-02 19:53:18.837] [info] [spider.worker] [TIMING] task_id=e8191439-25dc-457d-8996-ec9cf79d750a func=job_orchestration.executor.compress.spider_compress.compress execution_start=491154695 execution_end=491241045 execution_duration_ms=86350
[2026-02-02 19:53:18.846] [info] [spider.worker] [TIMING] task_id=e8191439-25dc-457d-8996-ec9cf79d750a func=job_orchestration.executor.compress.spider_compress.compress submit_output_start=491241047 submit_output_end=491241054 submit_output_duration_ms=7
[2026-02-02 19:53:18.858] [info] [spider.worker] [TIMING] task_id=ca8e23bf-63c5-4d5e-b8f6-8fa72e6cad2d func=job_orchestration.executor.compress.spider_compress.compress fetch_input_start=491241065 fetch_input_end=491241066 fetch_input_duration_ms=1
[2026-02-02 19:53:18.858] [info] [spider.worker] [TIMING] task_id=ca8e23bf-63c5-4d5e-b8f6-8fa72e6cad2d func=job_orchestration.executor.compress.spider_compress.compress input_send_start=491241066 input_send_end=491241066 input_send_duration_ms=0 bytes=755
[2026-02-02 19:53:18.858] [info] [spider.worker] [TIMING] task_id=ca8e23bf-63c5-4d5e-b8f6-8fa72e6cad2d func=job_orchestration.executor.compress.spider_compress.compress spawn_start=491241066 spawn_end=491241066 spawn_duration_ms=0
[2026-02-02 19:55:08.085] [info] [spider.worker] [TIMING] task_id=ca8e23bf-63c5-4d5e-b8f6-8fa72e6cad2d func=job_orchestration.executor.compress.spider_compress.compress execution_start=491241067 execution_end=491350294 execution_duration_ms=109226
[2026-02-02 19:55:08.102] [info] [spider.worker] [TIMING] task_id=ca8e23bf-63c5-4d5e-b8f6-8fa72e6cad2d func=job_orchestration.executor.compress.spider_compress.compress submit_output_start=491350296 submit_output_end=491350310 submit_output_duration_ms=14
[2026-02-02 19:55:08.145] [info] [spider.worker] [TIMING] task_id=c46c35f0-cdb8-418c-9f9a-1edbaa9b8305 func=job_orchestration.executor.compress.spider_compress.compress fetch_input_start=491350352 fetch_input_end=491350353 fetch_input_duration_ms=0
[2026-02-02 19:55:08.145] [info] [spider.worker] [TIMING] task_id=c46c35f0-cdb8-418c-9f9a-1edbaa9b8305 func=job_orchestration.executor.compress.spider_compress.compress input_send_start=491350353 input_send_end=491350353 input_send_duration_ms=0 bytes=751
[2026-02-02 19:55:08.145] [info] [spider.worker] [TIMING] task_id=c46c35f0-cdb8-418c-9f9a-1edbaa9b8305 func=job_orchestration.executor.compress.spider_compress.compress spawn_start=491350353 spawn_end=491350354 spawn_duration_ms=0
[2026-02-02 19:55:22.514] [info] [spider.worker] [TIMING] task_id=c46c35f0-cdb8-418c-9f9a-1edbaa9b8305 func=job_orchestration.executor.compress.spider_compress.compress execution_start=491350354 execution_end=491364722 execution_duration_ms=14368
[2026-02-02 19:55:22.534] [info] [spider.worker] [TIMING] task_id=c46c35f0-cdb8-418c-9f9a-1edbaa9b8305 func=job_orchestration.executor.compress.spider_compress.compress submit_output_start=491364725 submit_output_end=491364742 submit_output_duration_ms=17
[2026-02-02 19:55:22.581] [info] [spider.worker] [TIMING] task_id=782a22d1-3e88-4be2-840e-302aaa96ccc2 func=job_orchestration.executor.compress.spider_compress.compress fetch_input_start=491364789 fetch_input_end=491364790 fetch_input_duration_ms=0
[2026-02-02 19:55:22.582] [info] [spider.worker] [TIMING] task_id=782a22d1-3e88-4be2-840e-302aaa96ccc2 func=job_orchestration.executor.compress.spider_compress.compress input_send_start=491364790 input_send_end=491364790 input_send_duration_ms=0 bytes=748
[2026-02-02 19:55:22.582] [info] [spider.worker] [TIMING] task_id=782a22d1-3e88-4be2-840e-302aaa96ccc2 func=job_orchestration.executor.compress.spider_compress.compress spawn_start=491364790 spawn_end=491364790 spawn_duration_ms=0
[2026-02-02 19:55:36.036] [info] [spider.worker] [TIMING] task_id=782a22d1-3e88-4be2-840e-302aaa96ccc2 func=job_orchestration.executor.compress.spider_compress.compress execution_start=491364790 execution_end=491378245 execution_duration_ms=13454
[2026-02-02 19:55:36.049] [info] [spider.worker] [TIMING] task_id=782a22d1-3e88-4be2-840e-302aaa96ccc2 func=job_orchestration.executor.compress.spider_compress.compress submit_output_start=491378246 submit_output_end=491378258 submit_output_duration_ms=11
[2026-02-02 19:55:36.095] [info] [spider.worker] [TIMING] task_id=509d8486-a374-4869-ae51-fed1c031b100 func=job_orchestration.executor.compress.spider_compress.compress fetch_input_start=491378302 fetch_input_end=491378303 fetch_input_duration_ms=1
[2026-02-02 19:55:36.096] [info] [spider.worker] [TIMING] task_id=509d8486-a374-4869-ae51-fed1c031b100 func=job_orchestration.executor.compress.spider_compress.compress input_send_start=491378304 input_send_end=491378304 input_send_duration_ms=0 bytes=752
[2026-02-02 19:55:36.096] [info] [spider.worker] [TIMING] task_id=509d8486-a374-4869-ae51-fed1c031b100 func=job_orchestration.executor.compress.spider_compress.compress spawn_start=491378303 spawn_end=491378304 spawn_duration_ms=0
[2026-02-02 19:55:49.518] [info] [spider.worker] [TIMING] task_id=509d8486-a374-4869-ae51-fed1c031b100 func=job_orchestration.executor.compress.spider_compress.compress execution_start=491378304 execution_end=491391727 execution_duration_ms=13422
[2026-02-02 19:55:49.540] [info] [spider.worker] [TIMING] task_id=509d8486-a374-4869-ae51-fed1c031b100 func=job_orchestration.executor.compress.spider_compress.compress submit_output_start=491391728 submit_output_end=491391748 submit_output_duration_ms=19
[2026-02-02 19:55:49.560] [info] [spider.worker] [TIMING] task_id=25075d77-4a83-492e-9ddd-3b7b07861d42 func=job_orchestration.executor.compress.spider_compress.compress fetch_input_start=491391767 fetch_input_end=491391768 fetch_input_duration_ms=1
[2026-02-02 19:55:49.560] [info] [spider.worker] [TIMING] task_id=25075d77-4a83-492e-9ddd-3b7b07861d42 func=job_orchestration.executor.compress.spider_compress.compress input_send_start=491391769 input_send_end=491391769 input_send_duration_ms=0 bytes=755
[2026-02-02 19:55:49.560] [info] [spider.worker] [TIMING] task_id=25075d77-4a83-492e-9ddd-3b7b07861d42 func=job_orchestration.executor.compress.spider_compress.compress spawn_start=491391768 spawn_end=491391769 spawn_duration_ms=0
[2026-02-02 19:56:25.596] [info] [spider.worker] [TIMING] task_id=25075d77-4a83-492e-9ddd-3b7b07861d42 func=job_orchestration.executor.compress.spider_compress.compress execution_start=491391769 execution_end=491427804 execution_duration_ms=36035
[2026-02-02 19:56:25.620] [info] [spider.worker] [TIMING] task_id=25075d77-4a83-492e-9ddd-3b7b07861d42 func=job_orchestration.executor.compress.spider_compress.compress submit_output_start=491427806 submit_output_end=491427828 submit_output_duration_ms=21
[2026-02-02 19:56:25.660] [info] [spider.worker] [TIMING] task_id=7b725e74-4f54-49f3-81a9-e67955da0c99 func=job_orchestration.executor.compress.spider_compress.compress fetch_input_start=491427868 fetch_input_end=491427869 fetch_input_duration_ms=1
[2026-02-02 19:56:25.661] [info] [spider.worker] [TIMING] task_id=7b725e74-4f54-49f3-81a9-e67955da0c99 func=job_orchestration.executor.compress.spider_compress.compress input_send_start=491427869 input_send_end=491427869 input_send_duration_ms=0 bytes=751
[2026-02-02 19:56:25.661] [info] [spider.worker] [TIMING] task_id=7b725e74-4f54-49f3-81a9-e67955da0c99 func=job_orchestration.executor.compress.spider_compress.compress spawn_start=491427869 spawn_end=491427869 spawn_duration_ms=0
[2026-02-02 19:56:41.440] [info] [spider.worker] [TIMING] task_id=7b725e74-4f54-49f3-81a9-e67955da0c99 func=job_orchestration.executor.compress.spider_compress.compress execution_start=491427869 execution_end=491443649 execution_duration_ms=15779
[2026-02-02 19:56:41.468] [info] [spider.worker] [TIMING] task_id=7b725e74-4f54-49f3-81a9-e67955da0c99 func=job_orchestration.executor.compress.spider_compress.compress submit_output_start=491443651 submit_output_end=491443677 submit_output_duration_ms=25
[2026-02-02 19:56:41.532] [info] [spider.worker] [TIMING] task_id=fa36b46a-e524-483a-ab06-30122afb59a2 func=job_orchestration.executor.compress.spider_compress.compress fetch_input_start=491443740 fetch_input_end=491443741 fetch_input_duration_ms=0
[2026-02-02 19:56:41.533] [info] [spider.worker] [TIMING] task_id=fa36b46a-e524-483a-ab06-30122afb59a2 func=job_orchestration.executor.compress.spider_compress.compress input_send_start=491443741 input_send_end=491443741 input_send_duration_ms=0 bytes=751
[2026-02-02 19:56:41.533] [info] [spider.worker] [TIMING] task_id=fa36b46a-e524-483a-ab06-30122afb59a2 func=job_orchestration.executor.compress.spider_compress.compress spawn_start=491443741 spawn_end=491443741 spawn_duration_ms=0
[2026-02-02 19:57:19.102] [info] [spider.worker] [TIMING] task_id=fa36b46a-e524-483a-ab06-30122afb59a2 func=job_orchestration.executor.compress.spider_compress.compress execution_start=491443742 execution_end=491481311 execution_duration_ms=37569
[2026-02-02 19:57:19.123] [info] [spider.worker] [TIMING] task_id=fa36b46a-e524-483a-ab06-30122afb59a2 func=job_orchestration.executor.compress.spider_compress.compress submit_output_start=491481313 submit_output_end=491481332 submit_output_duration_ms=18
[2026-02-02 19:57:19.150] [info] [spider.worker] [TIMING] task_id=a1673265-9fa1-4476-bfcd-85563b75d966 func=job_orchestration.executor.compress.spider_compress.compress fetch_input_start=491481357 fetch_input_end=491481358 fetch_input_duration_ms=1
[2026-02-02 19:57:19.150] [info] [spider.worker] [TIMING] task_id=a1673265-9fa1-4476-bfcd-85563b75d966 func=job_orchestration.executor.compress.spider_compress.compress input_send_start=491481359 input_send_end=491481359 input_send_duration_ms=0 bytes=751
[2026-02-02 19:57:19.150] [info] [spider.worker] [TIMING] task_id=a1673265-9fa1-4476-bfcd-85563b75d966 func=job_orchestration.executor.compress.spider_compress.compress spawn_start=491481358 spawn_end=491481359 spawn_duration_ms=0
[2026-02-02 19:57:45.642] [info] [spider.worker] [TIMING] task_id=a1673265-9fa1-4476-bfcd-85563b75d966 func=job_orchestration.executor.compress.spider_compress.compress execution_start=491481359 execution_end=491507851 execution_duration_ms=26492
[2026-02-02 19:57:45.671] [info] [spider.worker] [TIMING] task_id=a1673265-9fa1-4476-bfcd-85563b75d966 func=job_orchestration.executor.compress.spider_compress.compress submit_output_start=491507852 submit_output_end=491507879 submit_output_duration_ms=26
[2026-02-02 19:57:45.707] [info] [spider.worker] [TIMING] task_id=9e96dba2-e0c3-465a-a6ae-38c15c5847fb func=job_orchestration.executor.compress.spider_compress.compress fetch_input_start=491507914 fetch_input_end=491507915 fetch_input_duration_ms=0
[2026-02-02 19:57:45.707] [info] [spider.worker] [TIMING] task_id=9e96dba2-e0c3-465a-a6ae-38c15c5847fb func=job_orchestration.executor.compress.spider_compress.compress input_send_start=491507915 input_send_end=491507915 input_send_duration_ms=0 bytes=755
[2026-02-02 19:57:45.707] [info] [spider.worker] [TIMING] task_id=9e96dba2-e0c3-465a-a6ae-38c15c5847fb func=job_orchestration.executor.compress.spider_compress.compress spawn_start=491507915 spawn_end=491507915 spawn_duration_ms=0
[2026-02-02 19:58:35.400] [info] [spider.worker] [TIMING] task_id=9e96dba2-e0c3-465a-a6ae-38c15c5847fb func=job_orchestration.executor.compress.spider_compress.compress execution_start=491507916 execution_end=491557609 execution_duration_ms=49693
[2026-02-02 19:58:35.424] [info] [spider.worker] [TIMING] task_id=9e96dba2-e0c3-465a-a6ae-38c15c5847fb func=job_orchestration.executor.compress.spider_compress.compress submit_output_start=491557611 submit_output_end=491557633 submit_output_duration_ms=21
[2026-02-02 19:58:35.444] [info] [spider.worker] [TIMING] task_id=95625c7f-11cd-4a77-ae70-995ce21f30fc func=job_orchestration.executor.compress.spider_compress.compress fetch_input_start=491557651 fetch_input_end=491557653 fetch_input_duration_ms=1
[2026-02-02 19:58:35.445] [info] [spider.worker] [TIMING] task_id=95625c7f-11cd-4a77-ae70-995ce21f30fc func=job_orchestration.executor.compress.spider_compress.compress input_send_start=491557653 input_send_end=491557653 input_send_duration_ms=0 bytes=843
[2026-02-02 19:58:35.445] [info] [spider.worker] [TIMING] task_id=95625c7f-11cd-4a77-ae70-995ce21f30fc func=job_orchestration.executor.compress.spider_compress.compress spawn_start=491557653 spawn_end=491557653 spawn_duration_ms=0
[2026-02-02 20:02:19.141] [info] [spider.worker] [TIMING] task_id=95625c7f-11cd-4a77-ae70-995ce21f30fc func=job_orchestration.executor.compress.spider_compress.compress execution_start=491557653 execution_end=491781349 execution_duration_ms=223695
[2026-02-02 20:02:19.185] [info] [spider.worker] [TIMING] task_id=95625c7f-11cd-4a77-ae70-995ce21f30fc func=job_orchestration.executor.compress.spider_compress.compress submit_output_start=491781352 submit_output_end=491781393 submit_output_duration_ms=41
[2026-02-02 20:02:19.207] [info] [spider.worker] [TIMING] task_id=730ae0ed-1eaa-43f2-9a7f-250269e3ca95 func=job_orchestration.executor.compress.spider_compress.compress fetch_input_start=491781413 fetch_input_end=491781415 fetch_input_duration_ms=1
[2026-02-02 20:02:19.207] [info] [spider.worker] [TIMING] task_id=730ae0ed-1eaa-43f2-9a7f-250269e3ca95 func=job_orchestration.executor.compress.spider_compress.compress input_send_start=491781416 input_send_end=491781416 input_send_duration_ms=0 bytes=756
[2026-02-02 20:02:19.207] [info] [spider.worker] [TIMING] task_id=730ae0ed-1eaa-43f2-9a7f-250269e3ca95 func=job_orchestration.executor.compress.spider_compress.compress spawn_start=491781415 spawn_end=491781416 spawn_duration_ms=0
[2026-02-02 20:03:23.787] [info] [spider.worker] [TIMING] task_id=730ae0ed-1eaa-43f2-9a7f-250269e3ca95 func=job_orchestration.executor.compress.spider_compress.compress execution_start=491781416 execution_end=491845995 execution_duration_ms=64579
[2026-02-02 20:03:23.997] [info] [spider.worker] [TIMING] task_id=730ae0ed-1eaa-43f2-9a7f-250269e3ca95 func=job_orchestration.executor.compress.spider_compress.compress submit_output_start=491845997 submit_output_end=491846205 submit_output_duration_ms=207
[2026-02-02 20:03:24.630] [info] [spider.worker] [TIMING] task_id=cab6de51-5e01-4a7b-bba1-87a4ad6c60fe func=job_orchestration.executor.compress.spider_compress.compress fetch_input_start=491846837 fetch_input_end=491846838 fetch_input_duration_ms=1
[2026-02-02 20:03:24.631] [info] [spider.worker] [TIMING] task_id=cab6de51-5e01-4a7b-bba1-87a4ad6c60fe func=job_orchestration.executor.compress.spider_compress.compress input_send_start=491846839 input_send_end=491846839 input_send_duration_ms=0 bytes=754
[2026-02-02 20:03:24.631] [info] [spider.worker] [TIMING] task_id=cab6de51-5e01-4a7b-bba1-87a4ad6c60fe func=job_orchestration.executor.compress.spider_compress.compress spawn_start=491846838 spawn_end=491846839 spawn_duration_ms=0
[2026-02-02 20:04:09.288] [info] [spider.worker] [TIMING] task_id=cab6de51-5e01-4a7b-bba1-87a4ad6c60fe func=job_orchestration.executor.compress.spider_compress.compress execution_start=491846839 execution_end=491891496 execution_duration_ms=44656
[2026-02-02 20:04:09.642] [info] [spider.worker] [TIMING] task_id=cab6de51-5e01-4a7b-bba1-87a4ad6c60fe func=job_orchestration.executor.compress.spider_compress.compress submit_output_start=491891498 submit_output_end=491891850 submit_output_duration_ms=352
[2026-02-02 20:04:09.687] [info] [spider.worker] [TIMING] task_id=9886a2bf-a4cd-4350-bdc3-2f0959be3803 func=job_orchestration.executor.compress.spider_compress.compress fetch_input_start=491891894 fetch_input_end=491891895 fetch_input_duration_ms=1
[2026-02-02 20:04:09.688] [info] [spider.worker] [TIMING] task_id=9886a2bf-a4cd-4350-bdc3-2f0959be3803 func=job_orchestration.executor.compress.spider_compress.compress input_send_start=491891896 input_send_end=491891896 input_send_duration_ms=0 bytes=752
[2026-02-02 20:04:09.688] [info] [spider.worker] [TIMING] task_id=9886a2bf-a4cd-4350-bdc3-2f0959be3803 func=job_orchestration.executor.compress.spider_compress.compress spawn_start=491891895 spawn_end=491891896 spawn_duration_ms=0
[2026-02-02 20:06:13.293] [info] [spider.worker] [TIMING] task_id=9886a2bf-a4cd-4350-bdc3-2f0959be3803 func=job_orchestration.executor.compress.spider_compress.compress execution_start=491891896 execution_end=492015501 execution_duration_ms=123604
[2026-02-02 20:06:13.313] [info] [spider.worker] [TIMING] task_id=9886a2bf-a4cd-4350-bdc3-2f0959be3803 func=job_orchestration.executor.compress.spider_compress.compress submit_output_start=492015504 submit_output_end=492015521 submit_output_duration_ms=17
[2026-02-02 20:06:13.332] [info] [spider.worker] [TIMING] task_id=8a4f7d68-7be6-4606-a38b-7385b5c27ba0 func=job_orchestration.executor.compress.spider_compress.compress fetch_input_start=492015539 fetch_input_end=492015540 fetch_input_duration_ms=1
[2026-02-02 20:06:13.333] [info] [spider.worker] [TIMING] task_id=8a4f7d68-7be6-4606-a38b-7385b5c27ba0 func=job_orchestration.executor.compress.spider_compress.compress input_send_start=492015541 input_send_end=492015541 input_send_duration_ms=0 bytes=751
[2026-02-02 20:06:13.333] [info] [spider.worker] [TIMING] task_id=8a4f7d68-7be6-4606-a38b-7385b5c27ba0 func=job_orchestration.executor.compress.spider_compress.compress spawn_start=492015541 spawn_end=492015541 spawn_duration_ms=0
[2026-02-02 20:06:22.979] [info] [spider.worker] [TIMING] task_id=8a4f7d68-7be6-4606-a38b-7385b5c27ba0 func=job_orchestration.executor.compress.spider_compress.compress execution_start=492015541 execution_end=492025188 execution_duration_ms=9646
[2026-02-02 20:06:23.012] [info] [spider.worker] [TIMING] task_id=8a4f7d68-7be6-4606-a38b-7385b5c27ba0 func=job_orchestration.executor.compress.spider_compress.compress submit_output_start=492025190 submit_output_end=492025220 submit_output_duration_ms=30
[2026-02-02 20:06:23.032] [info] [spider.worker] [TIMING] task_id=ac5bc555-0ffc-4294-88f2-a4edc44db82a func=job_orchestration.executor.compress.spider_compress.compress fetch_input_start=492025239 fetch_input_end=492025240 fetch_input_duration_ms=1
[2026-02-02 20:06:23.033] [info] [spider.worker] [TIMING] task_id=ac5bc555-0ffc-4294-88f2-a4edc44db82a func=job_orchestration.executor.compress.spider_compress.compress input_send_start=492025241 input_send_end=492025241 input_send_duration_ms=0 bytes=751
[2026-02-02 20:06:23.033] [info] [spider.worker] [TIMING] task_id=ac5bc555-0ffc-4294-88f2-a4edc44db82a func=job_orchestration.executor.compress.spider_compress.compress spawn_start=492025241 spawn_end=492025241 spawn_duration_ms=0
[2026-02-02 20:06:53.864] [info] [spider.worker] [TIMING] task_id=ac5bc555-0ffc-4294-88f2-a4edc44db82a func=job_orchestration.executor.compress.spider_compress.compress execution_start=492025241 execution_end=492056073 execution_duration_ms=30831
[2026-02-02 20:06:53.893] [info] [spider.worker] [TIMING] task_id=ac5bc555-0ffc-4294-88f2-a4edc44db82a func=job_orchestration.executor.compress.spider_compress.compress submit_output_start=492056074 submit_output_end=492056101 submit_output_duration_ms=27
[2026-02-02 20:06:53.912] [info] [spider.worker] [TIMING] task_id=a43648f2-c22a-4106-b1ea-e4a461943899 func=job_orchestration.executor.compress.spider_compress.compress fetch_input_start=492056119 fetch_input_end=492056120 fetch_input_duration_ms=1
[2026-02-02 20:06:53.912] [info] [spider.worker] [TIMING] task_id=a43648f2-c22a-4106-b1ea-e4a461943899 func=job_orchestration.executor.compress.spider_compress.compress input_send_start=492056121 input_send_end=492056121 input_send_duration_ms=0 bytes=747
[2026-02-02 20:06:53.912] [info] [spider.worker] [TIMING] task_id=a43648f2-c22a-4106-b1ea-e4a461943899 func=job_orchestration.executor.compress.spider_compress.compress spawn_start=492056120 spawn_end=492056121 spawn_duration_ms=0
[2026-02-02 20:08:05.497] [info] [spider.worker] [TIMING] task_id=a43648f2-c22a-4106-b1ea-e4a461943899 func=job_orchestration.executor.compress.spider_compress.compress execution_start=492056121 execution_end=492127705 execution_duration_ms=71584
[2026-02-02 20:08:05.511] [info] [spider.worker] [TIMING] task_id=a43648f2-c22a-4106-b1ea-e4a461943899 func=job_orchestration.executor.compress.spider_compress.compress submit_output_start=492127707 submit_output_end=492127719 submit_output_duration_ms=11
[2026-02-02 20:08:05.530] [info] [spider.worker] [TIMING] task_id=85891526-a6f4-4f91-b4d9-df6a39fc3dfe func=job_orchestration.executor.compress.spider_compress.compress fetch_input_start=492127737 fetch_input_end=492127738 fetch_input_duration_ms=1
[2026-02-02 20:08:05.530] [info] [spider.worker] [TIMING] task_id=85891526-a6f4-4f91-b4d9-df6a39fc3dfe func=job_orchestration.executor.compress.spider_compress.compress input_send_start=492127739 input_send_end=492127739 input_send_duration_ms=0 bytes=754
[2026-02-02 20:08:05.530] [info] [spider.worker] [TIMING] task_id=85891526-a6f4-4f91-b4d9-df6a39fc3dfe func=job_orchestration.executor.compress.spider_compress.compress spawn_start=492127738 spawn_end=492127739 spawn_duration_ms=0
[2026-02-02 20:09:52.679] [info] [spider.worker] [TIMING] task_id=85891526-a6f4-4f91-b4d9-df6a39fc3dfe func=job_orchestration.executor.compress.spider_compress.compress execution_start=492127739 execution_end=492234887 execution_duration_ms=107148
[2026-02-02 20:09:52.692] [info] [spider.worker] [TIMING] task_id=85891526-a6f4-4f91-b4d9-df6a39fc3dfe func=job_orchestration.executor.compress.spider_compress.compress submit_output_start=492234888 submit_output_end=492234900 submit_output_duration_ms=12
[2026-02-02 20:09:52.702] [info] [spider.worker] [TIMING] task_id=3a63d2c7-45ac-4915-8ad2-42522b1b3caa func=job_orchestration.executor.compress.spider_compress.compress fetch_input_start=492234910 fetch_input_end=492234911 fetch_input_duration_ms=0
[2026-02-02 20:09:52.703] [info] [spider.worker] [TIMING] task_id=3a63d2c7-45ac-4915-8ad2-42522b1b3caa func=job_orchestration.executor.compress.spider_compress.compress input_send_start=492234911 input_send_end=492234911 input_send_duration_ms=0 bytes=752
[2026-02-02 20:09:52.703] [info] [spider.worker] [TIMING] task_id=3a63d2c7-45ac-4915-8ad2-42522b1b3caa func=job_orchestration.executor.compress.spider_compress.compress spawn_start=492234911 spawn_end=492234911 spawn_duration_ms=0
[2026-02-02 20:12:01.108] [info] [spider.worker] [TIMING] task_id=3a63d2c7-45ac-4915-8ad2-42522b1b3caa func=job_orchestration.executor.compress.spider_compress.compress execution_start=492234911 execution_end=492363316 execution_duration_ms=128404
[2026-02-02 20:12:01.122] [info] [spider.worker] [TIMING] task_id=3a63d2c7-45ac-4915-8ad2-42522b1b3caa func=job_orchestration.executor.compress.spider_compress.compress submit_output_start=492363319 submit_output_end=492363330 submit_output_duration_ms=11
[2026-02-02 20:12:01.207] [info] [spider.worker] [TIMING] task_id=07451ca5-c8e2-45b1-a8bd-6a95b66e5ee4 func=job_orchestration.executor.compress.spider_compress.compress fetch_input_start=492363414 fetch_input_end=492363415 fetch_input_duration_ms=1
[2026-02-02 20:12:01.207] [info] [spider.worker] [TIMING] task_id=07451ca5-c8e2-45b1-a8bd-6a95b66e5ee4 func=job_orchestration.executor.compress.spider_compress.compress input_send_start=492363416 input_send_end=492363416 input_send_duration_ms=0 bytes=751
[2026-02-02 20:12:01.207] [info] [spider.worker] [TIMING] task_id=07451ca5-c8e2-45b1-a8bd-6a95b66e5ee4 func=job_orchestration.executor.compress.spider_compress.compress spawn_start=492363415 spawn_end=492363416 spawn_duration_ms=0
[2026-02-02 20:14:39.559] [info] [spider.worker] [TIMING] task_id=07451ca5-c8e2-45b1-a8bd-6a95b66e5ee4 func=job_orchestration.executor.compress.spider_compress.compress execution_start=492363416 execution_end=492521767 execution_duration_ms=158351
[2026-02-02 20:14:39.597] [info] [spider.worker] [TIMING] task_id=07451ca5-c8e2-45b1-a8bd-6a95b66e5ee4 func=job_orchestration.executor.compress.spider_compress.compress submit_output_start=492521770 submit_output_end=492521805 submit_output_duration_ms=35
[2026-02-02 20:14:39.619] [info] [spider.worker] [TIMING] task_id=b1035b3b-8ac4-4469-a2cf-a822d93efc04 func=job_orchestration.executor.compress.spider_compress.compress fetch_input_start=492521827 fetch_input_end=492521827 fetch_input_duration_ms=0
[2026-02-02 20:14:39.619] [info] [spider.worker] [TIMING] task_id=b1035b3b-8ac4-4469-a2cf-a822d93efc04 func=job_orchestration.executor.compress.spider_compress.compress input_send_start=492521828 input_send_end=492521828 input_send_duration_ms=0 bytes=750
[2026-02-02 20:14:39.620] [info] [spider.worker] [TIMING] task_id=b1035b3b-8ac4-4469-a2cf-a822d93efc04 func=job_orchestration.executor.compress.spider_compress.compress spawn_start=492521827 spawn_end=492521828 spawn_duration_ms=0
[2026-02-02 20:15:02.046] [info] [spider.worker] [TIMING] task_id=b1035b3b-8ac4-4469-a2cf-a822d93efc04 func=job_orchestration.executor.compress.spider_compress.compress execution_start=492521828 execution_end=492544254 execution_duration_ms=22425
[2026-02-02 20:15:02.056] [info] [spider.worker] [TIMING] task_id=b1035b3b-8ac4-4469-a2cf-a822d93efc04 func=job_orchestration.executor.compress.spider_compress.compress submit_output_start=492544256 submit_output_end=492544265 submit_output_duration_ms=8
[2026-02-02 20:15:02.067] [info] [spider.worker] [TIMING] task_id=118e617f-4961-4816-8057-8003d4f969e6 func=job_orchestration.executor.compress.spider_compress.compress fetch_input_start=492544274 fetch_input_end=492544275 fetch_input_duration_ms=0
[2026-02-02 20:15:02.067] [info] [spider.worker] [TIMING] task_id=118e617f-4961-4816-8057-8003d4f969e6 func=job_orchestration.executor.compress.spider_compress.compress input_send_start=492544275 input_send_end=492544275 input_send_duration_ms=0 bytes=844
[2026-02-02 20:15:02.067] [info] [spider.worker] [TIMING] task_id=118e617f-4961-4816-8057-8003d4f969e6 func=job_orchestration.executor.compress.spider_compress.compress spawn_start=492544275 spawn_end=492544275 spawn_duration_ms=0
[2026-02-02 20:18:40.674] [info] [spider.worker] [TIMING] task_id=118e617f-4961-4816-8057-8003d4f969e6 func=job_orchestration.executor.compress.spider_compress.compress execution_start=492544276 execution_end=492762882 execution_duration_ms=218606
[2026-02-02 20:18:40.686] [info] [spider.worker] [TIMING] task_id=118e617f-4961-4816-8057-8003d4f969e6 func=job_orchestration.executor.compress.spider_compress.compress submit_output_start=492762884 submit_output_end=492762894 submit_output_duration_ms=10
[2026-02-02 20:18:40.707] [info] [spider.worker] [TIMING] task_id=51b2ba46-3abe-45fd-af97-ee4c5af46ba1 func=job_orchestration.executor.compress.spider_compress.compress fetch_input_start=492762914 fetch_input_end=492762915 fetch_input_duration_ms=1
[2026-02-02 20:18:40.708] [info] [spider.worker] [TIMING] task_id=51b2ba46-3abe-45fd-af97-ee4c5af46ba1 func=job_orchestration.executor.compress.spider_compress.compress input_send_start=492762916 input_send_end=492762916 input_send_duration_ms=0 bytes=843
[2026-02-02 20:18:40.708] [info] [spider.worker] [TIMING] task_id=51b2ba46-3abe-45fd-af97-ee4c5af46ba1 func=job_orchestration.executor.compress.spider_compress.compress spawn_start=492762916 spawn_end=492762916 spawn_duration_ms=0
[2026-02-02 20:20:05.331] [info] [spider.worker] [TIMING] task_id=51b2ba46-3abe-45fd-af97-ee4c5af46ba1 func=job_orchestration.executor.compress.spider_compress.compress execution_start=492762917 execution_end=492847540 execution_duration_ms=84623
[2026-02-02 20:20:05.638] [info] [spider.worker] [TIMING] task_id=51b2ba46-3abe-45fd-af97-ee4c5af46ba1 func=job_orchestration.executor.compress.spider_compress.compress submit_output_start=492847588 submit_output_end=492847847 submit_output_duration_ms=258
[2026-02-02 20:20:05.765] [info] [spider.worker] [TIMING] task_id=9c43a5f1-6149-4b30-b609-c289e03af947 func=job_orchestration.executor.compress.spider_compress.compress fetch_input_start=492847972 fetch_input_end=492847973 fetch_input_duration_ms=0
[2026-02-02 20:20:05.765] [info] [spider.worker] [TIMING] task_id=9c43a5f1-6149-4b30-b609-c289e03af947 func=job_orchestration.executor.compress.spider_compress.compress input_send_start=492847974 input_send_end=492847974 input_send_duration_ms=0 bytes=755
[2026-02-02 20:20:05.765] [info] [spider.worker] [TIMING] task_id=9c43a5f1-6149-4b30-b609-c289e03af947 func=job_orchestration.executor.compress.spider_compress.compress spawn_start=492847973 spawn_end=492847974 spawn_duration_ms=0
[2026-02-02 20:20:44.423] [info] [spider.worker] [TIMING] task_id=9c43a5f1-6149-4b30-b609-c289e03af947 func=job_orchestration.executor.compress.spider_compress.compress execution_start=492847974 execution_end=492886632 execution_duration_ms=38657
[2026-02-02 20:20:44.463] [info] [spider.worker] [TIMING] task_id=9c43a5f1-6149-4b30-b609-c289e03af947 func=job_orchestration.executor.compress.spider_compress.compress submit_output_start=492886634 submit_output_end=492886672 submit_output_duration_ms=37
[2026-02-02 20:20:44.486] [info] [spider.worker] [TIMING] task_id=6a13fb47-641a-44e9-a3b2-912767877a05 func=job_orchestration.executor.compress.spider_compress.compress fetch_input_start=492886693 fetch_input_end=492886694 fetch_input_duration_ms=0
[2026-02-02 20:20:44.486] [info] [spider.worker] [TIMING] task_id=6a13fb47-641a-44e9-a3b2-912767877a05 func=job_orchestration.executor.compress.spider_compress.compress input_send_start=492886695 input_send_end=492886695 input_send_duration_ms=0 bytes=754
[2026-02-02 20:20:44.486] [info] [spider.worker] [TIMING] task_id=6a13fb47-641a-44e9-a3b2-912767877a05 func=job_orchestration.executor.compress.spider_compress.compress spawn_start=492886694 spawn_end=492886695 spawn_duration_ms=0
[2026-02-02 20:21:20.418] [info] [spider.worker] [TIMING] task_id=6a13fb47-641a-44e9-a3b2-912767877a05 func=job_orchestration.executor.compress.spider_compress.compress execution_start=492886695 execution_end=492922626 execution_duration_ms=35931
[2026-02-02 20:21:20.457] [info] [spider.worker] [TIMING] task_id=6a13fb47-641a-44e9-a3b2-912767877a05 func=job_orchestration.executor.compress.spider_compress.compress submit_output_start=492922629 submit_output_end=492922665 submit_output_duration_ms=36
[2026-02-02 20:21:20.476] [info] [spider.worker] [TIMING] task_id=9885f1ce-2ac1-4adc-92a8-2ea753a48aec func=job_orchestration.executor.compress.spider_compress.compress fetch_input_start=492922683 fetch_input_end=492922684 fetch_input_duration_ms=1
[2026-02-02 20:21:20.477] [info] [spider.worker] [TIMING] task_id=9885f1ce-2ac1-4adc-92a8-2ea753a48aec func=job_orchestration.executor.compress.spider_compress.compress input_send_start=492922685 input_send_end=492922685 input_send_duration_ms=0 bytes=756
[2026-02-02 20:21:20.477] [info] [spider.worker] [TIMING] task_id=9885f1ce-2ac1-4adc-92a8-2ea753a48aec func=job_orchestration.executor.compress.spider_compress.compress spawn_start=492922684 spawn_end=492922685 spawn_duration_ms=0
[2026-02-02 20:22:13.593] [info] [spider.worker] [TIMING] task_id=9885f1ce-2ac1-4adc-92a8-2ea753a48aec func=job_orchestration.executor.compress.spider_compress.compress execution_start=492922685 execution_end=492975801 execution_duration_ms=53115
[2026-02-02 20:22:13.626] [info] [spider.worker] [TIMING] task_id=9885f1ce-2ac1-4adc-92a8-2ea753a48aec func=job_orchestration.executor.compress.spider_compress.compress submit_output_start=492975803 submit_output_end=492975834 submit_output_duration_ms=31
[2026-02-02 20:22:13.646] [info] [spider.worker] [TIMING] task_id=ff65b3f2-8e3d-4839-9715-826bab977891 func=job_orchestration.executor.compress.spider_compress.compress fetch_input_start=492975853 fetch_input_end=492975854 fetch_input_duration_ms=1
[2026-02-02 20:22:13.646] [info] [spider.worker] [TIMING] task_id=ff65b3f2-8e3d-4839-9715-826bab977891 func=job_orchestration.executor.compress.spider_compress.compress input_send_start=492975855 input_send_end=492975855 input_send_duration_ms=0 bytes=752
[2026-02-02 20:22:13.646] [info] [spider.worker] [TIMING] task_id=ff65b3f2-8e3d-4839-9715-826bab977891 func=job_orchestration.executor.compress.spider_compress.compress spawn_start=492975854 spawn_end=492975855 spawn_duration_ms=0
[2026-02-02 20:22:41.383] [info] [spider.worker] [TIMING] task_id=ff65b3f2-8e3d-4839-9715-826bab977891 func=job_orchestration.executor.compress.spider_compress.compress execution_start=492975855 execution_end=493003591 execution_duration_ms=27736
[2026-02-02 20:22:41.416] [info] [spider.worker] [TIMING] task_id=ff65b3f2-8e3d-4839-9715-826bab977891 func=job_orchestration.executor.compress.spider_compress.compress submit_output_start=493003594 submit_output_end=493003624 submit_output_duration_ms=30
[2026-02-02 20:22:41.536] [info] [spider.worker] [TIMING] task_id=0b0d58b0-8ff1-4a1a-a9f2-da7213fbad93 func=job_orchestration.executor.compress.spider_compress.compress fetch_input_start=493003743 fetch_input_end=493003745 fetch_input_duration_ms=1
[2026-02-02 20:22:41.537] [info] [spider.worker] [TIMING] task_id=0b0d58b0-8ff1-4a1a-a9f2-da7213fbad93 func=job_orchestration.executor.compress.spider_compress.compress input_send_start=493003745 input_send_end=493003745 input_send_duration_ms=0 bytes=751
[2026-02-02 20:22:41.537] [info] [spider.worker] [TIMING] task_id=0b0d58b0-8ff1-4a1a-a9f2-da7213fbad93 func=job_orchestration.executor.compress.spider_compress.compress spawn_start=493003745 spawn_end=493003745 spawn_duration_ms=0
[2026-02-02 20:23:55.734] [info] [spider.worker] [TIMING] task_id=0b0d58b0-8ff1-4a1a-a9f2-da7213fbad93 func=job_orchestration.executor.compress.spider_compress.compress execution_start=493003746 execution_end=493077942 execution_duration_ms=74196
[2026-02-02 20:23:56.087] [info] [spider.worker] [TIMING] task_id=0b0d58b0-8ff1-4a1a-a9f2-da7213fbad93 func=job_orchestration.executor.compress.spider_compress.compress submit_output_start=493077944 submit_output_end=493078295 submit_output_duration_ms=350
[2026-02-02 20:23:56.304] [info] [spider.worker] [TIMING] task_id=f5dad942-ff9c-4b71-977e-008912cdd16a func=job_orchestration.executor.compress.spider_compress.compress fetch_input_start=493078511 fetch_input_end=493078512 fetch_input_duration_ms=0
[2026-02-02 20:23:56.304] [info] [spider.worker] [TIMING] task_id=f5dad942-ff9c-4b71-977e-008912cdd16a func=job_orchestration.executor.compress.spider_compress.compress input_send_start=493078513 input_send_end=493078513 input_send_duration_ms=0 bytes=961
[2026-02-02 20:23:56.304] [info] [spider.worker] [TIMING] task_id=f5dad942-ff9c-4b71-977e-008912cdd16a func=job_orchestration.executor.compress.spider_compress.compress spawn_start=493078512 spawn_end=493078513 spawn_duration_ms=0
[2026-02-02 20:25:17.489] [info] [spider.worker] [TIMING] task_id=f5dad942-ff9c-4b71-977e-008912cdd16a func=job_orchestration.executor.compress.spider_compress.compress execution_start=493078513 execution_end=493159698 execution_duration_ms=81184
[2026-02-02 20:25:18.018] [info] [spider.worker] [TIMING] task_id=f5dad942-ff9c-4b71-977e-008912cdd16a func=job_orchestration.executor.compress.spider_compress.compress submit_output_start=493160080 submit_output_end=493160226 submit_output_duration_ms=146
[2026-02-02 20:25:18.038] [info] [spider.worker] [TIMING] task_id=f02646f0-f542-4f27-a71c-08e9f858e5c7 func=job_orchestration.executor.compress.spider_compress.compress fetch_input_start=493160245 fetch_input_end=493160247 fetch_input_duration_ms=1
[2026-02-02 20:25:18.039] [info] [spider.worker] [TIMING] task_id=f02646f0-f542-4f27-a71c-08e9f858e5c7 func=job_orchestration.executor.compress.spider_compress.compress input_send_start=493160247 input_send_end=493160247 input_send_duration_ms=0 bytes=748
[2026-02-02 20:25:18.039] [info] [spider.worker] [TIMING] task_id=f02646f0-f542-4f27-a71c-08e9f858e5c7 func=job_orchestration.executor.compress.spider_compress.compress spawn_start=493160247 spawn_end=493160247 spawn_duration_ms=0
[2026-02-02 20:26:02.190] [info] [spider.worker] [TIMING] task_id=f02646f0-f542-4f27-a71c-08e9f858e5c7 func=job_orchestration.executor.compress.spider_compress.compress execution_start=493160248 execution_end=493204399 execution_duration_ms=44150
[2026-02-02 20:26:02.206] [info] [spider.worker] [TIMING] task_id=f02646f0-f542-4f27-a71c-08e9f858e5c7 func=job_orchestration.executor.compress.spider_compress.compress submit_output_start=493204401 submit_output_end=493204415 submit_output_duration_ms=13
[2026-02-02 20:26:02.226] [info] [spider.worker] [TIMING] task_id=9539b07c-d08a-4a30-908e-bf9223c4e60f func=job_orchestration.executor.compress.spider_compress.compress fetch_input_start=493204433 fetch_input_end=493204434 fetch_input_duration_ms=1
[2026-02-02 20:26:02.226] [info] [spider.worker] [TIMING] task_id=9539b07c-d08a-4a30-908e-bf9223c4e60f func=job_orchestration.executor.compress.spider_compress.compress input_send_start=493204435 input_send_end=493204435 input_send_duration_ms=0 bytes=751
[2026-02-02 20:26:02.226] [info] [spider.worker] [TIMING] task_id=9539b07c-d08a-4a30-908e-bf9223c4e60f func=job_orchestration.executor.compress.spider_compress.compress spawn_start=493204434 spawn_end=493204435 spawn_duration_ms=0
[2026-02-02 20:27:59.866] [info] [spider.worker] [TIMING] task_id=9539b07c-d08a-4a30-908e-bf9223c4e60f func=job_orchestration.executor.compress.spider_compress.compress execution_start=493204435 execution_end=493322074 execution_duration_ms=117639
[2026-02-02 20:27:59.878] [info] [spider.worker] [TIMING] task_id=9539b07c-d08a-4a30-908e-bf9223c4e60f func=job_orchestration.executor.compress.spider_compress.compress submit_output_start=493322077 submit_output_end=493322087 submit_output_duration_ms=9
[2026-02-02 20:27:59.921] [info] [spider.worker] [TIMING] task_id=adda578e-eb29-469e-b4fe-76ab7c872332 func=job_orchestration.executor.compress.spider_compress.compress fetch_input_start=493322128 fetch_input_end=493322129 fetch_input_duration_ms=1
[2026-02-02 20:27:59.922] [info] [spider.worker] [TIMING] task_id=adda578e-eb29-469e-b4fe-76ab7c872332 func=job_orchestration.executor.compress.spider_compress.compress input_send_start=493322130 input_send_end=493322130 input_send_duration_ms=0 bytes=755
[2026-02-02 20:27:59.922] [info] [spider.worker] [TIMING] task_id=adda578e-eb29-469e-b4fe-76ab7c872332 func=job_orchestration.executor.compress.spider_compress.compress spawn_start=493322129 spawn_end=493322130 spawn_duration_ms=0
[2026-02-02 20:29:03.809] [info] [spider.worker] [TIMING] task_id=adda578e-eb29-469e-b4fe-76ab7c872332 func=job_orchestration.executor.compress.spider_compress.compress execution_start=493322130 execution_end=493386017 execution_duration_ms=63887
[2026-02-02 20:29:03.822] [info] [spider.worker] [TIMING] task_id=adda578e-eb29-469e-b4fe-76ab7c872332 func=job_orchestration.executor.compress.spider_compress.compress submit_output_start=493386020 submit_output_end=493386030 submit_output_duration_ms=10
[2026-02-02 20:29:03.841] [info] [spider.worker] [TIMING] task_id=4e424b43-915c-48bb-b63d-6e1a58bb3713 func=job_orchestration.executor.compress.spider_compress.compress fetch_input_start=493386049 fetch_input_end=493386049 fetch_input_duration_ms=0
[2026-02-02 20:29:03.841] [info] [spider.worker] [TIMING] task_id=4e424b43-915c-48bb-b63d-6e1a58bb3713 func=job_orchestration.executor.compress.spider_compress.compress input_send_start=493386050 input_send_end=493386050 input_send_duration_ms=0 bytes=750
[2026-02-02 20:29:03.841] [info] [spider.worker] [TIMING] task_id=4e424b43-915c-48bb-b63d-6e1a58bb3713 func=job_orchestration.executor.compress.spider_compress.compress spawn_start=493386049 spawn_end=493386050 spawn_duration_ms=0
[2026-02-02 20:30:19.495] [info] [spider.worker] [TIMING] task_id=4e424b43-915c-48bb-b63d-6e1a58bb3713 func=job_orchestration.executor.compress.spider_compress.compress execution_start=493386050 execution_end=493461703 execution_duration_ms=75653
[2026-02-02 20:30:19.515] [info] [spider.worker] [TIMING] task_id=4e424b43-915c-48bb-b63d-6e1a58bb3713 func=job_orchestration.executor.compress.spider_compress.compress submit_output_start=493461704 submit_output_end=493461723 submit_output_duration_ms=19
[2026-02-02 20:30:19.535] [info] [spider.worker] [TIMING] task_id=d85a3014-9d0e-4af4-b467-c495fd63fc02 func=job_orchestration.executor.compress.spider_compress.compress fetch_input_start=493461742 fetch_input_end=493461743 fetch_input_duration_ms=0
[2026-02-02 20:30:19.535] [info] [spider.worker] [TIMING] task_id=d85a3014-9d0e-4af4-b467-c495fd63fc02 func=job_orchestration.executor.compress.spider_compress.compress input_send_start=493461744 input_send_end=493461744 input_send_duration_ms=0 bytes=750
[2026-02-02 20:30:19.535] [info] [spider.worker] [TIMING] task_id=d85a3014-9d0e-4af4-b467-c495fd63fc02 func=job_orchestration.executor.compress.spider_compress.compress spawn_start=493461743 spawn_end=493461744 spawn_duration_ms=0
[2026-02-02 20:33:11.936] [info] [spider.worker] [TIMING] task_id=d85a3014-9d0e-4af4-b467-c495fd63fc02 func=job_orchestration.executor.compress.spider_compress.compress execution_start=493461744 execution_end=493634144 execution_duration_ms=172400
[2026-02-02 20:33:11.948] [info] [spider.worker] [TIMING] task_id=d85a3014-9d0e-4af4-b467-c495fd63fc02 func=job_orchestration.executor.compress.spider_compress.compress submit_output_start=493634146 submit_output_end=493634156 submit_output_duration_ms=10
[2026-02-02 20:33:12.127] [info] [spider.worker] [TIMING] task_id=fe18a926-67c3-43f8-a97d-b684c64f7686 func=job_orchestration.executor.compress.spider_compress.compress fetch_input_start=493634334 fetch_input_end=493634336 fetch_input_duration_ms=1
[2026-02-02 20:33:12.128] [info] [spider.worker] [TIMING] task_id=fe18a926-67c3-43f8-a97d-b684c64f7686 func=job_orchestration.executor.compress.spider_compress.compress input_send_start=493634336 input_send_end=493634336 input_send_duration_ms=0 bytes=754
[2026-02-02 20:33:12.128] [info] [spider.worker] [TIMING] task_id=fe18a926-67c3-43f8-a97d-b684c64f7686 func=job_orchestration.executor.compress.spider_compress.compress spawn_start=493634336 spawn_end=493634336 spawn_duration_ms=0
[2026-02-02 20:36:28.175] [info] [spider.worker] [TIMING] task_id=fe18a926-67c3-43f8-a97d-b684c64f7686 func=job_orchestration.executor.compress.spider_compress.compress execution_start=493634337 execution_end=493830384 execution_duration_ms=196047
[2026-02-02 20:36:28.187] [info] [spider.worker] [TIMING] task_id=fe18a926-67c3-43f8-a97d-b684c64f7686 func=job_orchestration.executor.compress.spider_compress.compress submit_output_start=493830386 submit_output_end=493830396 submit_output_duration_ms=9
[2026-02-02 20:36:28.198] [info] [spider.worker] [TIMING] task_id=f381f154-61f7-4e0f-b0ad-2660635ae00c func=job_orchestration.executor.compress.spider_compress.compress fetch_input_start=493830406 fetch_input_end=493830406 fetch_input_duration_ms=0
[2026-02-02 20:36:28.199] [info] [spider.worker] [TIMING] task_id=f381f154-61f7-4e0f-b0ad-2660635ae00c func=job_orchestration.executor.compress.spider_compress.compress input_send_start=493830407 input_send_end=493830407 input_send_duration_ms=0 bytes=750
[2026-02-02 20:36:28.199] [info] [spider.worker] [TIMING] task_id=f381f154-61f7-4e0f-b0ad-2660635ae00c func=job_orchestration.executor.compress.spider_compress.compress spawn_start=493830406 spawn_end=493830407 spawn_duration_ms=0
[2026-02-02 20:37:00.921] [info] [spider.worker] [TIMING] task_id=f381f154-61f7-4e0f-b0ad-2660635ae00c func=job_orchestration.executor.compress.spider_compress.compress execution_start=493830407 execution_end=493863129 execution_duration_ms=32721
[2026-02-02 20:37:00.943] [info] [spider.worker] [TIMING] task_id=f381f154-61f7-4e0f-b0ad-2660635ae00c func=job_orchestration.executor.compress.spider_compress.compress submit_output_start=493863131 submit_output_end=493863151 submit_output_duration_ms=19
[2026-02-02 20:37:00.962] [info] [spider.worker] [TIMING] task_id=306586f2-2b3c-40a7-8688-ce377501c624 func=job_orchestration.executor.compress.spider_compress.compress fetch_input_start=493863169 fetch_input_end=493863170 fetch_input_duration_ms=0
[2026-02-02 20:37:00.962] [info] [spider.worker] [TIMING] task_id=306586f2-2b3c-40a7-8688-ce377501c624 func=job_orchestration.executor.compress.spider_compress.compress input_send_start=493863171 input_send_end=493863171 input_send_duration_ms=0 bytes=751
[2026-02-02 20:37:00.962] [info] [spider.worker] [TIMING] task_id=306586f2-2b3c-40a7-8688-ce377501c624 func=job_orchestration.executor.compress.spider_compress.compress spawn_start=493863170 spawn_end=493863171 spawn_duration_ms=0
[2026-02-02 20:38:04.104] [info] [spider.worker] [TIMING] task_id=306586f2-2b3c-40a7-8688-ce377501c624 func=job_orchestration.executor.compress.spider_compress.compress execution_start=493863171 execution_end=493926313 execution_duration_ms=63141
[2026-02-02 20:38:04.137] [info] [spider.worker] [TIMING] task_id=306586f2-2b3c-40a7-8688-ce377501c624 func=job_orchestration.executor.compress.spider_compress.compress submit_output_start=493926325 submit_output_end=493926345 submit_output_duration_ms=20
[2026-02-02 20:38:04.156] [info] [spider.worker] [TIMING] task_id=f7882b79-1ada-4504-97ca-f52598c19925 func=job_orchestration.executor.compress.spider_compress.compress fetch_input_start=493926364 fetch_input_end=493926365 fetch_input_duration_ms=1
[2026-02-02 20:38:04.157] [info] [spider.worker] [TIMING] task_id=f7882b79-1ada-4504-97ca-f52598c19925 func=job_orchestration.executor.compress.spider_compress.compress input_send_start=493926365 input_send_end=493926365 input_send_duration_ms=0 bytes=755
[2026-02-02 20:38:04.157] [info] [spider.worker] [TIMING] task_id=f7882b79-1ada-4504-97ca-f52598c19925 func=job_orchestration.executor.compress.spider_compress.compress spawn_start=493926365 spawn_end=493926365 spawn_duration_ms=0
[2026-02-02 20:41:40.000] [info] [spider.worker] [TIMING] task_id=f7882b79-1ada-4504-97ca-f52598c19925 func=job_orchestration.executor.compress.spider_compress.compress execution_start=493926366 execution_end=494142209 execution_duration_ms=215843
[2026-02-02 20:41:40.024] [info] [spider.worker] [TIMING] task_id=f7882b79-1ada-4504-97ca-f52598c19925 func=job_orchestration.executor.compress.spider_compress.compress submit_output_start=494142211 submit_output_end=494142232 submit_output_duration_ms=21
[2026-02-02 20:41:40.043] [info] [spider.worker] [TIMING] task_id=f709445a-099f-4692-9116-4b4061db3538 func=job_orchestration.executor.compress.spider_compress.compress fetch_input_start=494142250 fetch_input_end=494142251 fetch_input_duration_ms=1
[2026-02-02 20:41:40.044] [info] [spider.worker] [TIMING] task_id=f709445a-099f-4692-9116-4b4061db3538 func=job_orchestration.executor.compress.spider_compress.compress input_send_start=494142252 input_send_end=494142252 input_send_duration_ms=0 bytes=752
[2026-02-02 20:41:40.044] [info] [spider.worker] [TIMING] task_id=f709445a-099f-4692-9116-4b4061db3538 func=job_orchestration.executor.compress.spider_compress.compress spawn_start=494142252 spawn_end=494142252 spawn_duration_ms=0
[2026-02-02 20:45:52.194] [info] [spider.worker] [TIMING] task_id=f709445a-099f-4692-9116-4b4061db3538 func=job_orchestration.executor.compress.spider_compress.compress execution_start=494142252 execution_end=494394402 execution_duration_ms=252149
[2026-02-02 20:45:52.227] [info] [spider.worker] [TIMING] task_id=f709445a-099f-4692-9116-4b4061db3538 func=job_orchestration.executor.compress.spider_compress.compress submit_output_start=494394404 submit_output_end=494394435 submit_output_duration_ms=31
[2026-02-02 20:45:52.261] [info] [spider.worker] [TIMING] task_id=afae0b27-3ac3-4b8f-818f-0646630713ca func=job_orchestration.executor.compress.spider_compress.compress fetch_input_start=494394468 fetch_input_end=494394469 fetch_input_duration_ms=1
[2026-02-02 20:45:52.261] [info] [spider.worker] [TIMING] task_id=afae0b27-3ac3-4b8f-818f-0646630713ca func=job_orchestration.executor.compress.spider_compress.compress input_send_start=494394470 input_send_end=494394470 input_send_duration_ms=0 bytes=751
[2026-02-02 20:45:52.261] [info] [spider.worker] [TIMING] task_id=afae0b27-3ac3-4b8f-818f-0646630713ca func=job_orchestration.executor.compress.spider_compress.compress spawn_start=494394469 spawn_end=494394470 spawn_duration_ms=0
[2026-02-02 20:47:37.194] [info] [spider.worker] [TIMING] task_id=afae0b27-3ac3-4b8f-818f-0646630713ca func=job_orchestration.executor.compress.spider_compress.compress execution_start=494394470 execution_end=494499402 execution_duration_ms=104932
[2026-02-02 20:47:37.206] [info] [spider.worker] [TIMING] task_id=afae0b27-3ac3-4b8f-818f-0646630713ca func=job_orchestration.executor.compress.spider_compress.compress submit_output_start=494499405 submit_output_end=494499414 submit_output_duration_ms=9
[2026-02-02 20:47:37.242] [info] [spider.worker] [TIMING] task_id=9120fe45-2fbf-423a-a87e-aa2166ce5474 func=job_orchestration.executor.compress.spider_compress.compress fetch_input_start=494499449 fetch_input_end=494499450 fetch_input_duration_ms=1
[2026-02-02 20:47:37.243] [info] [spider.worker] [TIMING] task_id=9120fe45-2fbf-423a-a87e-aa2166ce5474 func=job_orchestration.executor.compress.spider_compress.compress input_send_start=494499451 input_send_end=494499451 input_send_duration_ms=0 bytes=751
[2026-02-02 20:47:37.243] [info] [spider.worker] [TIMING] task_id=9120fe45-2fbf-423a-a87e-aa2166ce5474 func=job_orchestration.executor.compress.spider_compress.compress spawn_start=494499451 spawn_end=494499451 spawn_duration_ms=0
[2026-02-02 20:52:07.164] [info] [spider.worker] [TIMING] task_id=9120fe45-2fbf-423a-a87e-aa2166ce5474 func=job_orchestration.executor.compress.spider_compress.compress execution_start=494499451 execution_end=494769372 execution_duration_ms=269920
[2026-02-02 20:52:07.188] [info] [spider.worker] [TIMING] task_id=9120fe45-2fbf-423a-a87e-aa2166ce5474 func=job_orchestration.executor.compress.spider_compress.compress submit_output_start=494769375 submit_output_end=494769396 submit_output_duration_ms=21
[2026-02-02 20:52:07.233] [info] [spider.worker] [TIMING] task_id=fde73962-2657-4319-beec-a46f69718b97 func=job_orchestration.executor.compress.spider_compress.compress fetch_input_start=494769440 fetch_input_end=494769442 fetch_input_duration_ms=1
[2026-02-02 20:52:07.234] [info] [spider.worker] [TIMING] task_id=fde73962-2657-4319-beec-a46f69718b97 func=job_orchestration.executor.compress.spider_compress.compress input_send_start=494769442 input_send_end=494769442 input_send_duration_ms=0 bytes=844
[2026-02-02 20:52:07.234] [info] [spider.worker] [TIMING] task_id=fde73962-2657-4319-beec-a46f69718b97 func=job_orchestration.executor.compress.spider_compress.compress spawn_start=494769442 spawn_end=494769442 spawn_duration_ms=0
[2026-02-02 20:52:47.296] [info] [spider.worker] [TIMING] task_id=fde73962-2657-4319-beec-a46f69718b97 func=job_orchestration.executor.compress.spider_compress.compress execution_start=494769443 execution_end=494809504 execution_duration_ms=40061
[2026-02-02 20:52:47.309] [info] [spider.worker] [TIMING] task_id=fde73962-2657-4319-beec-a46f69718b97 func=job_orchestration.executor.compress.spider_compress.compress submit_output_start=494809507 submit_output_end=494809518 submit_output_duration_ms=11
[2026-02-02 20:52:47.345] [info] [spider.worker] [TIMING] task_id=299469a7-5b3c-4fe9-b474-886f6113bc25 func=job_orchestration.executor.compress.spider_compress.compress fetch_input_start=494809552 fetch_input_end=494809553 fetch_input_duration_ms=0
[2026-02-02 20:52:47.345] [info] [spider.worker] [TIMING] task_id=299469a7-5b3c-4fe9-b474-886f6113bc25 func=job_orchestration.executor.compress.spider_compress.compress input_send_start=494809553 input_send_end=494809553 input_send_duration_ms=0 bytes=756
[2026-02-02 20:52:47.345] [info] [spider.worker] [TIMING] task_id=299469a7-5b3c-4fe9-b474-886f6113bc25 func=job_orchestration.executor.compress.spider_compress.compress spawn_start=494809553 spawn_end=494809553 spawn_duration_ms=0
[2026-02-02 20:56:01.125] [info] [spider.worker] [TIMING] task_id=299469a7-5b3c-4fe9-b474-886f6113bc25 func=job_orchestration.executor.compress.spider_compress.compress execution_start=494809554 execution_end=495003333 execution_duration_ms=193779
[2026-02-02 20:56:01.140] [info] [spider.worker] [TIMING] task_id=299469a7-5b3c-4fe9-b474-886f6113bc25 func=job_orchestration.executor.compress.spider_compress.compress submit_output_start=495003335 submit_output_end=495003349 submit_output_duration_ms=13
[2026-02-02 20:56:01.160] [info] [spider.worker] [TIMING] task_id=df75964c-0e8e-4aab-968c-31f23c989074 func=job_orchestration.executor.compress.spider_compress.compress fetch_input_start=495003367 fetch_input_end=495003368 fetch_input_duration_ms=1
[2026-02-02 20:56:01.161] [info] [spider.worker] [TIMING] task_id=df75964c-0e8e-4aab-968c-31f23c989074 func=job_orchestration.executor.compress.spider_compress.compress input_send_start=495003369 input_send_end=495003369 input_send_duration_ms=0 bytes=750
[2026-02-02 20:56:01.161] [info] [spider.worker] [TIMING] task_id=df75964c-0e8e-4aab-968c-31f23c989074 func=job_orchestration.executor.compress.spider_compress.compress spawn_start=495003369 spawn_end=495003369 spawn_duration_ms=0
[2026-02-02 20:57:39.942] [info] [spider.worker] [TIMING] task_id=df75964c-0e8e-4aab-968c-31f23c989074 func=job_orchestration.executor.compress.spider_compress.compress execution_start=495003370 execution_end=495102150 execution_duration_ms=98780
[2026-02-02 20:57:39.956] [info] [spider.worker] [TIMING] task_id=df75964c-0e8e-4aab-968c-31f23c989074 func=job_orchestration.executor.compress.spider_compress.compress submit_output_start=495102152 submit_output_end=495102164 submit_output_duration_ms=11
[2026-02-02 20:57:40.000] [info] [spider.worker] [TIMING] task_id=880afb17-adda-483e-aaa7-4695ba09b4cc func=job_orchestration.executor.compress.spider_compress.compress fetch_input_start=495102206 fetch_input_end=495102208 fetch_input_duration_ms=1
[2026-02-02 20:57:40.000] [info] [spider.worker] [TIMING] task_id=880afb17-adda-483e-aaa7-4695ba09b4cc func=job_orchestration.executor.compress.spider_compress.compress input_send_start=495102209 input_send_end=495102209 input_send_duration_ms=0 bytes=748
[2026-02-02 20:57:40.000] [info] [spider.worker] [TIMING] task_id=880afb17-adda-483e-aaa7-4695ba09b4cc func=job_orchestration.executor.compress.spider_compress.compress spawn_start=495102208 spawn_end=495102209 spawn_duration_ms=0
[2026-02-02 20:58:33.821] [info] [spider.worker] [TIMING] task_id=880afb17-adda-483e-aaa7-4695ba09b4cc func=job_orchestration.executor.compress.spider_compress.compress execution_start=495102209 execution_end=495156029 execution_duration_ms=53820
[2026-02-02 20:58:33.858] [info] [spider.worker] [TIMING] task_id=880afb17-adda-483e-aaa7-4695ba09b4cc func=job_orchestration.executor.compress.spider_compress.compress submit_output_start=495156031 submit_output_end=495156066 submit_output_duration_ms=34
[2026-02-02 20:58:33.996] [info] [spider.worker] [TIMING] task_id=974fa7a0-9129-4920-9acd-b8f6e4e8fe0b func=job_orchestration.executor.compress.spider_compress.compress fetch_input_start=495156203 fetch_input_end=495156204 fetch_input_duration_ms=0
[2026-02-02 20:58:33.996] [info] [spider.worker] [TIMING] task_id=974fa7a0-9129-4920-9acd-b8f6e4e8fe0b func=job_orchestration.executor.compress.spider_compress.compress input_send_start=495156204 input_send_end=495156204 input_send_duration_ms=0 bytes=844
[2026-02-02 20:58:33.996] [info] [spider.worker] [TIMING] task_id=974fa7a0-9129-4920-9acd-b8f6e4e8fe0b func=job_orchestration.executor.compress.spider_compress.compress spawn_start=495156204 spawn_end=49515