[2026-02-02 19:46:00.937] [warning] [spider.worker] Prefer using `SPIDER_STORAGE_URL` environment variable over `--storage_url` argument.
[2026-02-02 19:47:06.573] [info] [spider.worker] [TIMING] task_id=bcd39410-8b96-43ab-bedf-099770ab49ae func=job_orchestration.executor.compress.spider_compress.compress fetch_input_start=490868780 fetch_input_end=490868782 fetch_input_duration_ms=1
[2026-02-02 19:47:06.574] [info] [spider.worker] [TIMING] task_id=bcd39410-8b96-43ab-bedf-099770ab49ae func=job_orchestration.executor.compress.spider_compress.compress input_send_start=490868782 input_send_end=490868782 input_send_duration_ms=0 bytes=751
[2026-02-02 19:47:06.574] [info] [spider.worker] [TIMING] task_id=bcd39410-8b96-43ab-bedf-099770ab49ae func=job_orchestration.executor.compress.spider_compress.compress spawn_start=490868782 spawn_end=490868782 spawn_duration_ms=0
[2026-02-02 19:50:13.502] [info] [spider.worker] [TIMING] task_id=bcd39410-8b96-43ab-bedf-099770ab49ae func=job_orchestration.executor.compress.spider_compress.compress execution_start=490868783 execution_end=491055710 execution_duration_ms=186927
[2026-02-02 19:50:13.521] [info] [spider.worker] [TIMING] task_id=bcd39410-8b96-43ab-bedf-099770ab49ae func=job_orchestration.executor.compress.spider_compress.compress submit_output_start=491055712 submit_output_end=491055730 submit_output_duration_ms=17
[2026-02-02 19:50:13.532] [info] [spider.worker] [TIMING] task_id=0d1498f1-de1c-40f9-9c2c-27a37dad9561 func=job_orchestration.executor.compress.spider_compress.compress fetch_input_start=491055739 fetch_input_end=491055740 fetch_input_duration_ms=1
[2026-02-02 19:50:13.532] [info] [spider.worker] [TIMING] task_id=0d1498f1-de1c-40f9-9c2c-27a37dad9561 func=job_orchestration.executor.compress.spider_compress.compress input_send_start=491055741 input_send_end=491055741 input_send_duration_ms=0 bytes=751
[2026-02-02 19:50:13.532] [info] [spider.worker] [TIMING] task_id=0d1498f1-de1c-40f9-9c2c-27a37dad9561 func=job_orchestration.executor.compress.spider_compress.compress spawn_start=491055740 spawn_end=491055741 spawn_duration_ms=0
[2026-02-02 19:50:40.099] [info] [spider.worker] [TIMING] task_id=0d1498f1-de1c-40f9-9c2c-27a37dad9561 func=job_orchestration.executor.compress.spider_compress.compress execution_start=491055741 execution_end=491082307 execution_duration_ms=26566
[2026-02-02 19:50:40.127] [info] [spider.worker] [TIMING] task_id=0d1498f1-de1c-40f9-9c2c-27a37dad9561 func=job_orchestration.executor.compress.spider_compress.compress submit_output_start=491082309 submit_output_end=491082335 submit_output_duration_ms=26
[2026-02-02 19:50:40.147] [info] [spider.worker] [TIMING] task_id=4f9f8f0e-0a22-41b5-97cd-c3fce00bd144 func=job_orchestration.executor.compress.spider_compress.compress fetch_input_start=491082354 fetch_input_end=491082355 fetch_input_duration_ms=1
[2026-02-02 19:50:40.148] [info] [spider.worker] [TIMING] task_id=4f9f8f0e-0a22-41b5-97cd-c3fce00bd144 func=job_orchestration.executor.compress.spider_compress.compress input_send_start=491082356 input_send_end=491082356 input_send_duration_ms=0 bytes=755
[2026-02-02 19:50:40.148] [info] [spider.worker] [TIMING] task_id=4f9f8f0e-0a22-41b5-97cd-c3fce00bd144 func=job_orchestration.executor.compress.spider_compress.compress spawn_start=491082355 spawn_end=491082356 spawn_duration_ms=0
[2026-02-02 19:50:58.325] [info] [spider.worker] [TIMING] task_id=4f9f8f0e-0a22-41b5-97cd-c3fce00bd144 func=job_orchestration.executor.compress.spider_compress.compress execution_start=491082356 execution_end=491100534 execution_duration_ms=18177
[2026-02-02 19:50:58.351] [info] [spider.worker] [TIMING] task_id=4f9f8f0e-0a22-41b5-97cd-c3fce00bd144 func=job_orchestration.executor.compress.spider_compress.compress submit_output_start=491100536 submit_output_end=491100559 submit_output_duration_ms=23
[2026-02-02 19:50:58.370] [info] [spider.worker] [TIMING] task_id=d6e42733-eafe-4fa2-9259-0ae36cd622f3 func=job_orchestration.executor.compress.spider_compress.compress fetch_input_start=491100577 fetch_input_end=491100579 fetch_input_duration_ms=1
[2026-02-02 19:50:58.371] [info] [spider.worker] [TIMING] task_id=d6e42733-eafe-4fa2-9259-0ae36cd622f3 func=job_orchestration.executor.compress.spider_compress.compress input_send_start=491100579 input_send_end=491100579 input_send_duration_ms=0 bytes=751
[2026-02-02 19:50:58.385] [info] [spider.worker] [TIMING] task_id=d6e42733-eafe-4fa2-9259-0ae36cd622f3 func=job_orchestration.executor.compress.spider_compress.compress spawn_start=491100579 spawn_end=491100593 spawn_duration_ms=14
[2026-02-02 19:51:36.460] [info] [spider.worker] [TIMING] task_id=d6e42733-eafe-4fa2-9259-0ae36cd622f3 func=job_orchestration.executor.compress.spider_compress.compress execution_start=491100594 execution_end=491138668 execution_duration_ms=38074
[2026-02-02 19:51:36.480] [info] [spider.worker] [TIMING] task_id=d6e42733-eafe-4fa2-9259-0ae36cd622f3 func=job_orchestration.executor.compress.spider_compress.compress submit_output_start=491138670 submit_output_end=491138688 submit_output_duration_ms=18
[2026-02-02 19:51:36.491] [info] [spider.worker] [TIMING] task_id=ce7b8ec3-46ed-4059-b05f-76e7a1090134 func=job_orchestration.executor.compress.spider_compress.compress fetch_input_start=491138698 fetch_input_end=491138699 fetch_input_duration_ms=1
[2026-02-02 19:51:36.491] [info] [spider.worker] [TIMING] task_id=ce7b8ec3-46ed-4059-b05f-76e7a1090134 func=job_orchestration.executor.compress.spider_compress.compress input_send_start=491138700 input_send_end=491138700 input_send_duration_ms=0 bytes=751
[2026-02-02 19:51:36.491] [info] [spider.worker] [TIMING] task_id=ce7b8ec3-46ed-4059-b05f-76e7a1090134 func=job_orchestration.executor.compress.spider_compress.compress spawn_start=491138699 spawn_end=491138700 spawn_duration_ms=0
[2026-02-02 19:53:24.283] [info] [spider.worker] [TIMING] task_id=ce7b8ec3-46ed-4059-b05f-76e7a1090134 func=job_orchestration.executor.compress.spider_compress.compress execution_start=491138700 execution_end=491246491 execution_duration_ms=107791
[2026-02-02 19:53:24.303] [info] [spider.worker] [TIMING] task_id=ce7b8ec3-46ed-4059-b05f-76e7a1090134 func=job_orchestration.executor.compress.spider_compress.compress submit_output_start=491246494 submit_output_end=491246512 submit_output_duration_ms=18
[2026-02-02 19:53:24.314] [info] [spider.worker] [TIMING] task_id=4e5735b8-dac1-469a-8bef-0c15829a6b82 func=job_orchestration.executor.compress.spider_compress.compress fetch_input_start=491246522 fetch_input_end=491246523 fetch_input_duration_ms=1
[2026-02-02 19:53:24.315] [info] [spider.worker] [TIMING] task_id=4e5735b8-dac1-469a-8bef-0c15829a6b82 func=job_orchestration.executor.compress.spider_compress.compress input_send_start=491246523 input_send_end=491246523 input_send_duration_ms=0 bytes=756
[2026-02-02 19:53:24.315] [info] [spider.worker] [TIMING] task_id=4e5735b8-dac1-469a-8bef-0c15829a6b82 func=job_orchestration.executor.compress.spider_compress.compress spawn_start=491246523 spawn_end=491246523 spawn_duration_ms=0
[2026-02-02 19:54:07.564] [info] [spider.worker] [TIMING] task_id=4e5735b8-dac1-469a-8bef-0c15829a6b82 func=job_orchestration.executor.compress.spider_compress.compress execution_start=491246523 execution_end=491289772 execution_duration_ms=43249
[2026-02-02 19:54:07.574] [info] [spider.worker] [TIMING] task_id=4e5735b8-dac1-469a-8bef-0c15829a6b82 func=job_orchestration.executor.compress.spider_compress.compress submit_output_start=491289774 submit_output_end=491289783 submit_output_duration_ms=8
[2026-02-02 19:54:07.585] [info] [spider.worker] [TIMING] task_id=0890d80b-4345-41bb-9a74-98a7a61bc75e func=job_orchestration.executor.compress.spider_compress.compress fetch_input_start=491289792 fetch_input_end=491289793 fetch_input_duration_ms=0
[2026-02-02 19:54:07.585] [info] [spider.worker] [TIMING] task_id=0890d80b-4345-41bb-9a74-98a7a61bc75e func=job_orchestration.executor.compress.spider_compress.compress input_send_start=491289794 input_send_end=491289794 input_send_duration_ms=0 bytes=751
[2026-02-02 19:54:07.585] [info] [spider.worker] [TIMING] task_id=0890d80b-4345-41bb-9a74-98a7a61bc75e func=job_orchestration.executor.compress.spider_compress.compress spawn_start=491289793 spawn_end=491289794 spawn_duration_ms=0
[2026-02-02 19:54:39.614] [info] [spider.worker] [TIMING] task_id=0890d80b-4345-41bb-9a74-98a7a61bc75e func=job_orchestration.executor.compress.spider_compress.compress execution_start=491289794 execution_end=491321822 execution_duration_ms=32027
[2026-02-02 19:54:39.630] [info] [spider.worker] [TIMING] task_id=0890d80b-4345-41bb-9a74-98a7a61bc75e func=job_orchestration.executor.compress.spider_compress.compress submit_output_start=491321824 submit_output_end=491321838 submit_output_duration_ms=14
[2026-02-02 19:54:39.642] [info] [spider.worker] [TIMING] task_id=38232dfc-d4be-4e01-962b-f766d56a135b func=job_orchestration.executor.compress.spider_compress.compress fetch_input_start=491321848 fetch_input_end=491321850 fetch_input_duration_ms=1
[2026-02-02 19:54:39.642] [info] [spider.worker] [TIMING] task_id=38232dfc-d4be-4e01-962b-f766d56a135b func=job_orchestration.executor.compress.spider_compress.compress input_send_start=491321851 input_send_end=491321851 input_send_duration_ms=0 bytes=755
[2026-02-02 19:54:39.642] [info] [spider.worker] [TIMING] task_id=38232dfc-d4be-4e01-962b-f766d56a135b func=job_orchestration.executor.compress.spider_compress.compress spawn_start=491321850 spawn_end=491321851 spawn_duration_ms=0
[2026-02-02 19:56:20.968] [info] [spider.worker] [TIMING] task_id=38232dfc-d4be-4e01-962b-f766d56a135b func=job_orchestration.executor.compress.spider_compress.compress execution_start=491321851 execution_end=491423176 execution_duration_ms=101325
[2026-02-02 19:56:20.978] [info] [spider.worker] [TIMING] task_id=38232dfc-d4be-4e01-962b-f766d56a135b func=job_orchestration.executor.compress.spider_compress.compress submit_output_start=491423178 submit_output_end=491423187 submit_output_duration_ms=8
[2026-02-02 19:56:20.989] [info] [spider.worker] [TIMING] task_id=5d705493-eb40-4229-a23e-a82988964667 func=job_orchestration.executor.compress.spider_compress.compress fetch_input_start=491423196 fetch_input_end=491423197 fetch_input_duration_ms=0
[2026-02-02 19:56:20.989] [info] [spider.worker] [TIMING] task_id=5d705493-eb40-4229-a23e-a82988964667 func=job_orchestration.executor.compress.spider_compress.compress input_send_start=491423198 input_send_end=491423198 input_send_duration_ms=0 bytes=849
[2026-02-02 19:56:20.989] [info] [spider.worker] [TIMING] task_id=5d705493-eb40-4229-a23e-a82988964667 func=job_orchestration.executor.compress.spider_compress.compress spawn_start=491423197 spawn_end=491423198 spawn_duration_ms=0
[2026-02-02 19:58:43.995] [info] [spider.worker] [TIMING] task_id=5d705493-eb40-4229-a23e-a82988964667 func=job_orchestration.executor.compress.spider_compress.compress execution_start=491423198 execution_end=491566203 execution_duration_ms=143005
[2026-02-02 19:58:44.007] [info] [spider.worker] [TIMING] task_id=5d705493-eb40-4229-a23e-a82988964667 func=job_orchestration.executor.compress.spider_compress.compress submit_output_start=491566206 submit_output_end=491566215 submit_output_duration_ms=9
[2026-02-02 19:58:44.045] [info] [spider.worker] [TIMING] task_id=dca913f0-2239-4012-87cb-a9edc9812c32 func=job_orchestration.executor.compress.spider_compress.compress fetch_input_start=491566252 fetch_input_end=491566253 fetch_input_duration_ms=1
[2026-02-02 19:58:44.045] [info] [spider.worker] [TIMING] task_id=dca913f0-2239-4012-87cb-a9edc9812c32 func=job_orchestration.executor.compress.spider_compress.compress input_send_start=491566254 input_send_end=491566254 input_send_duration_ms=0 bytes=751
[2026-02-02 19:58:44.045] [info] [spider.worker] [TIMING] task_id=dca913f0-2239-4012-87cb-a9edc9812c32 func=job_orchestration.executor.compress.spider_compress.compress spawn_start=491566253 spawn_end=491566254 spawn_duration_ms=0
[2026-02-02 19:59:26.025] [info] [spider.worker] [TIMING] task_id=dca913f0-2239-4012-87cb-a9edc9812c32 func=job_orchestration.executor.compress.spider_compress.compress execution_start=491566254 execution_end=491608233 execution_duration_ms=41979
[2026-02-02 19:59:26.036] [info] [spider.worker] [TIMING] task_id=dca913f0-2239-4012-87cb-a9edc9812c32 func=job_orchestration.executor.compress.spider_compress.compress submit_output_start=491608236 submit_output_end=491608245 submit_output_duration_ms=9
[2026-02-02 19:59:26.057] [info] [spider.worker] [TIMING] task_id=530d96d4-f4fa-4fa7-9a3d-8dfdf9bfef7e func=job_orchestration.executor.compress.spider_compress.compress fetch_input_start=491608264 fetch_input_end=491608265 fetch_input_duration_ms=1
[2026-02-02 19:59:26.058] [info] [spider.worker] [TIMING] task_id=530d96d4-f4fa-4fa7-9a3d-8dfdf9bfef7e func=job_orchestration.executor.compress.spider_compress.compress input_send_start=491608266 input_send_end=491608266 input_send_duration_ms=0 bytes=754
[2026-02-02 19:59:26.058] [info] [spider.worker] [TIMING] task_id=530d96d4-f4fa-4fa7-9a3d-8dfdf9bfef7e func=job_orchestration.executor.compress.spider_compress.compress spawn_start=491608265 spawn_end=491608266 spawn_duration_ms=0
[2026-02-02 20:01:14.884] [info] [spider.worker] [TIMING] task_id=530d96d4-f4fa-4fa7-9a3d-8dfdf9bfef7e func=job_orchestration.executor.compress.spider_compress.compress execution_start=491608266 execution_end=491717093 execution_duration_ms=108826
[2026-02-02 20:01:14.915] [info] [spider.worker] [TIMING] task_id=530d96d4-f4fa-4fa7-9a3d-8dfdf9bfef7e func=job_orchestration.executor.compress.spider_compress.compress submit_output_start=491717094 submit_output_end=491717123 submit_output_duration_ms=28
[2026-02-02 20:01:14.937] [info] [spider.worker] [TIMING] task_id=3a4a2ed2-4821-4a5f-b66c-3e9fc759f40f func=job_orchestration.executor.compress.spider_compress.compress fetch_input_start=491717145 fetch_input_end=491717146 fetch_input_duration_ms=1
[2026-02-02 20:01:14.938] [info] [spider.worker] [TIMING] task_id=3a4a2ed2-4821-4a5f-b66c-3e9fc759f40f func=job_orchestration.executor.compress.spider_compress.compress input_send_start=491717146 input_send_end=491717146 input_send_duration_ms=0 bytes=748
[2026-02-02 20:01:14.938] [info] [spider.worker] [TIMING] task_id=3a4a2ed2-4821-4a5f-b66c-3e9fc759f40f func=job_orchestration.executor.compress.spider_compress.compress spawn_start=491717146 spawn_end=491717146 spawn_duration_ms=0
[2026-02-02 20:01:34.781] [info] [spider.worker] [TIMING] task_id=3a4a2ed2-4821-4a5f-b66c-3e9fc759f40f func=job_orchestration.executor.compress.spider_compress.compress execution_start=491717147 execution_end=491736989 execution_duration_ms=19842
[2026-02-02 20:01:34.790] [info] [spider.worker] [TIMING] task_id=3a4a2ed2-4821-4a5f-b66c-3e9fc759f40f func=job_orchestration.executor.compress.spider_compress.compress submit_output_start=491736992 submit_output_end=491736999 submit_output_duration_ms=7
[2026-02-02 20:01:34.811] [info] [spider.worker] [TIMING] task_id=deddd80f-2b8e-496a-9d86-4267bb94fb5f func=job_orchestration.executor.compress.spider_compress.compress fetch_input_start=491737018 fetch_input_end=491737019 fetch_input_duration_ms=1
[2026-02-02 20:01:34.811] [info] [spider.worker] [TIMING] task_id=deddd80f-2b8e-496a-9d86-4267bb94fb5f func=job_orchestration.executor.compress.spider_compress.compress input_send_start=491737020 input_send_end=491737020 input_send_duration_ms=0 bytes=747
[2026-02-02 20:01:34.811] [info] [spider.worker] [TIMING] task_id=deddd80f-2b8e-496a-9d86-4267bb94fb5f func=job_orchestration.executor.compress.spider_compress.compress spawn_start=491737019 spawn_end=491737020 spawn_duration_ms=0
[2026-02-02 20:03:09.218] [info] [spider.worker] [TIMING] task_id=deddd80f-2b8e-496a-9d86-4267bb94fb5f func=job_orchestration.executor.compress.spider_compress.compress execution_start=491737020 execution_end=491831426 execution_duration_ms=94405
[2026-02-02 20:03:10.107] [info] [spider.worker] [TIMING] task_id=deddd80f-2b8e-496a-9d86-4267bb94fb5f func=job_orchestration.executor.compress.spider_compress.compress submit_output_start=491831428 submit_output_end=491832315 submit_output_duration_ms=886
[2026-02-02 20:03:10.702] [info] [spider.worker] [TIMING] task_id=0ffa09b8-75d9-4681-b202-1bddb1c553ca func=job_orchestration.executor.compress.spider_compress.compress fetch_input_start=491832909 fetch_input_end=491832910 fetch_input_duration_ms=1
[2026-02-02 20:03:10.703] [info] [spider.worker] [TIMING] task_id=0ffa09b8-75d9-4681-b202-1bddb1c553ca func=job_orchestration.executor.compress.spider_compress.compress input_send_start=491832911 input_send_end=491832911 input_send_duration_ms=0 bytes=754
[2026-02-02 20:03:10.703] [info] [spider.worker] [TIMING] task_id=0ffa09b8-75d9-4681-b202-1bddb1c553ca func=job_orchestration.executor.compress.spider_compress.compress spawn_start=491832911 spawn_end=491832911 spawn_duration_ms=0
[2026-02-02 20:06:00.629] [info] [spider.worker] [TIMING] task_id=0ffa09b8-75d9-4681-b202-1bddb1c553ca func=job_orchestration.executor.compress.spider_compress.compress execution_start=491832911 execution_end=492002837 execution_duration_ms=169925
[2026-02-02 20:06:00.655] [info] [spider.worker] [TIMING] task_id=0ffa09b8-75d9-4681-b202-1bddb1c553ca func=job_orchestration.executor.compress.spider_compress.compress submit_output_start=492002839 submit_output_end=492002864 submit_output_duration_ms=24
[2026-02-02 20:06:00.675] [info] [spider.worker] [TIMING] task_id=10091066-0ffa-4d8a-85b7-97800f4477bf func=job_orchestration.executor.compress.spider_compress.compress fetch_input_start=492002882 fetch_input_end=492002884 fetch_input_duration_ms=1
[2026-02-02 20:06:00.676] [info] [spider.worker] [TIMING] task_id=10091066-0ffa-4d8a-85b7-97800f4477bf func=job_orchestration.executor.compress.spider_compress.compress input_send_start=492002884 input_send_end=492002884 input_send_duration_ms=0 bytes=751
[2026-02-02 20:06:00.676] [info] [spider.worker] [TIMING] task_id=10091066-0ffa-4d8a-85b7-97800f4477bf func=job_orchestration.executor.compress.spider_compress.compress spawn_start=492002884 spawn_end=492002884 spawn_duration_ms=0
[2026-02-02 20:06:37.112] [info] [spider.worker] [TIMING] task_id=10091066-0ffa-4d8a-85b7-97800f4477bf func=job_orchestration.executor.compress.spider_compress.compress execution_start=492002885 execution_end=492039321 execution_duration_ms=36436
[2026-02-02 20:06:37.136] [info] [spider.worker] [TIMING] task_id=10091066-0ffa-4d8a-85b7-97800f4477bf func=job_orchestration.executor.compress.spider_compress.compress submit_output_start=492039323 submit_output_end=492039344 submit_output_duration_ms=21
[2026-02-02 20:06:37.155] [info] [spider.worker] [TIMING] task_id=a76d92ef-d741-4ea5-9084-a45f9baccf43 func=job_orchestration.executor.compress.spider_compress.compress fetch_input_start=492039362 fetch_input_end=492039364 fetch_input_duration_ms=1
[2026-02-02 20:06:37.156] [info] [spider.worker] [TIMING] task_id=a76d92ef-d741-4ea5-9084-a45f9baccf43 func=job_orchestration.executor.compress.spider_compress.compress input_send_start=492039364 input_send_end=492039364 input_send_duration_ms=0 bytes=755
[2026-02-02 20:06:37.156] [info] [spider.worker] [TIMING] task_id=a76d92ef-d741-4ea5-9084-a45f9baccf43 func=job_orchestration.executor.compress.spider_compress.compress spawn_start=492039364 spawn_end=492039364 spawn_duration_ms=0
[2026-02-02 20:07:38.070] [info] [spider.worker] [TIMING] task_id=a76d92ef-d741-4ea5-9084-a45f9baccf43 func=job_orchestration.executor.compress.spider_compress.compress execution_start=492039365 execution_end=492100278 execution_duration_ms=60913
[2026-02-02 20:07:38.109] [info] [spider.worker] [TIMING] task_id=a76d92ef-d741-4ea5-9084-a45f9baccf43 func=job_orchestration.executor.compress.spider_compress.compress submit_output_start=492100280 submit_output_end=492100318 submit_output_duration_ms=37
[2026-02-02 20:07:38.133] [info] [spider.worker] [TIMING] task_id=9ddff5fe-8784-439d-8fb4-ec87e7b19696 func=job_orchestration.executor.compress.spider_compress.compress fetch_input_start=492100341 fetch_input_end=492100342 fetch_input_duration_ms=1
[2026-02-02 20:07:38.134] [info] [spider.worker] [TIMING] task_id=9ddff5fe-8784-439d-8fb4-ec87e7b19696 func=job_orchestration.executor.compress.spider_compress.compress input_send_start=492100342 input_send_end=492100342 input_send_duration_ms=0 bytes=843
[2026-02-02 20:07:38.134] [info] [spider.worker] [TIMING] task_id=9ddff5fe-8784-439d-8fb4-ec87e7b19696 func=job_orchestration.executor.compress.spider_compress.compress spawn_start=492100342 spawn_end=492100342 spawn_duration_ms=0
[2026-02-02 20:09:24.592] [info] [spider.worker] [TIMING] task_id=9ddff5fe-8784-439d-8fb4-ec87e7b19696 func=job_orchestration.executor.compress.spider_compress.compress execution_start=492100343 execution_end=492206800 execution_duration_ms=106457
[2026-02-02 20:09:24.603] [info] [spider.worker] [TIMING] task_id=9ddff5fe-8784-439d-8fb4-ec87e7b19696 func=job_orchestration.executor.compress.spider_compress.compress submit_output_start=492206801 submit_output_end=492206811 submit_output_duration_ms=9
[2026-02-02 20:09:24.613] [info] [spider.worker] [TIMING] task_id=8b313781-bf8e-4c4e-8f70-eca87750811a func=job_orchestration.executor.compress.spider_compress.compress fetch_input_start=492206821 fetch_input_end=492206822 fetch_input_duration_ms=0
[2026-02-02 20:09:24.614] [info] [spider.worker] [TIMING] task_id=8b313781-bf8e-4c4e-8f70-eca87750811a func=job_orchestration.executor.compress.spider_compress.compress input_send_start=492206822 input_send_end=492206822 input_send_duration_ms=0 bytes=755
[2026-02-02 20:09:24.614] [info] [spider.worker] [TIMING] task_id=8b313781-bf8e-4c4e-8f70-eca87750811a func=job_orchestration.executor.compress.spider_compress.compress spawn_start=492206822 spawn_end=492206822 spawn_duration_ms=0
[2026-02-02 20:09:53.887] [info] [spider.worker] [TIMING] task_id=8b313781-bf8e-4c4e-8f70-eca87750811a func=job_orchestration.executor.compress.spider_compress.compress execution_start=492206822 execution_end=492236095 execution_duration_ms=29272
[2026-02-02 20:09:53.918] [info] [spider.worker] [TIMING] task_id=8b313781-bf8e-4c4e-8f70-eca87750811a func=job_orchestration.executor.compress.spider_compress.compress submit_output_start=492236099 submit_output_end=492236126 submit_output_duration_ms=27
[2026-02-02 20:09:53.951] [info] [spider.worker] [TIMING] task_id=17bb8920-d2b5-437d-acd8-8e46d9b29985 func=job_orchestration.executor.compress.spider_compress.compress fetch_input_start=492236158 fetch_input_end=492236159 fetch_input_duration_ms=1
[2026-02-02 20:09:53.951] [info] [spider.worker] [TIMING] task_id=17bb8920-d2b5-437d-acd8-8e46d9b29985 func=job_orchestration.executor.compress.spider_compress.compress input_send_start=492236159 input_send_end=492236159 input_send_duration_ms=0 bytes=754
[2026-02-02 20:09:53.951] [info] [spider.worker] [TIMING] task_id=17bb8920-d2b5-437d-acd8-8e46d9b29985 func=job_orchestration.executor.compress.spider_compress.compress spawn_start=492236159 spawn_end=492236159 spawn_duration_ms=0
[2026-02-02 20:10:58.816] [info] [spider.worker] [TIMING] task_id=17bb8920-d2b5-437d-acd8-8e46d9b29985 func=job_orchestration.executor.compress.spider_compress.compress execution_start=492236160 execution_end=492301024 execution_duration_ms=64864
[2026-02-02 20:10:58.878] [info] [spider.worker] [TIMING] task_id=17bb8920-d2b5-437d-acd8-8e46d9b29985 func=job_orchestration.executor.compress.spider_compress.compress submit_output_start=492301068 submit_output_end=492301086 submit_output_duration_ms=17
[2026-02-02 20:10:58.912] [info] [spider.worker] [TIMING] task_id=5cb62afa-45c4-4e98-bf4d-9a1919c44dfa func=job_orchestration.executor.compress.spider_compress.compress fetch_input_start=492301119 fetch_input_end=492301120 fetch_input_duration_ms=1
[2026-02-02 20:10:58.912] [info] [spider.worker] [TIMING] task_id=5cb62afa-45c4-4e98-bf4d-9a1919c44dfa func=job_orchestration.executor.compress.spider_compress.compress input_send_start=492301121 input_send_end=492301121 input_send_duration_ms=0 bytes=751
[2026-02-02 20:10:58.912] [info] [spider.worker] [TIMING] task_id=5cb62afa-45c4-4e98-bf4d-9a1919c44dfa func=job_orchestration.executor.compress.spider_compress.compress spawn_start=492301120 spawn_end=492301121 spawn_duration_ms=0
[2026-02-02 20:13:53.079] [info] [spider.worker] [TIMING] task_id=5cb62afa-45c4-4e98-bf4d-9a1919c44dfa func=job_orchestration.executor.compress.spider_compress.compress execution_start=492301121 execution_end=492475287 execution_duration_ms=174166
[2026-02-02 20:13:53.132] [info] [spider.worker] [TIMING] task_id=5cb62afa-45c4-4e98-bf4d-9a1919c44dfa func=job_orchestration.executor.compress.spider_compress.compress submit_output_start=492475308 submit_output_end=492475341 submit_output_duration_ms=32
[2026-02-02 20:13:53.183] [info] [spider.worker] [TIMING] task_id=c48ed353-552a-4c31-ae9e-0d54b8d0b176 func=job_orchestration.executor.compress.spider_compress.compress fetch_input_start=492475389 fetch_input_end=492475391 fetch_input_duration_ms=1
[2026-02-02 20:13:53.183] [info] [spider.worker] [TIMING] task_id=c48ed353-552a-4c31-ae9e-0d54b8d0b176 func=job_orchestration.executor.compress.spider_compress.compress input_send_start=492475392 input_send_end=492475392 input_send_duration_ms=0 bytes=751
[2026-02-02 20:13:53.183] [info] [spider.worker] [TIMING] task_id=c48ed353-552a-4c31-ae9e-0d54b8d0b176 func=job_orchestration.executor.compress.spider_compress.compress spawn_start=492475391 spawn_end=492475392 spawn_duration_ms=0
[2026-02-02 20:15:25.054] [info] [spider.worker] [TIMING] task_id=c48ed353-552a-4c31-ae9e-0d54b8d0b176 func=job_orchestration.executor.compress.spider_compress.compress execution_start=492475392 execution_end=492567262 execution_duration_ms=91870
[2026-02-02 20:15:25.094] [info] [spider.worker] [TIMING] task_id=c48ed353-552a-4c31-ae9e-0d54b8d0b176 func=job_orchestration.executor.compress.spider_compress.compress submit_output_start=492567265 submit_output_end=492567302 submit_output_duration_ms=37
[2026-02-02 20:15:25.115] [info] [spider.worker] [TIMING] task_id=9f9b53be-3195-482d-a3d7-209ee9998d75 func=job_orchestration.executor.compress.spider_compress.compress fetch_input_start=492567323 fetch_input_end=492567323 fetch_input_duration_ms=0
[2026-02-02 20:15:25.116] [info] [spider.worker] [TIMING] task_id=9f9b53be-3195-482d-a3d7-209ee9998d75 func=job_orchestration.executor.compress.spider_compress.compress input_send_start=492567324 input_send_end=492567324 input_send_duration_ms=0 bytes=865
[2026-02-02 20:15:25.116] [info] [spider.worker] [TIMING] task_id=9f9b53be-3195-482d-a3d7-209ee9998d75 func=job_orchestration.executor.compress.spider_compress.compress spawn_start=492567323 spawn_end=492567324 spawn_duration_ms=0
[2026-02-02 20:17:15.114] [info] [spider.worker] [TIMING] task_id=9f9b53be-3195-482d-a3d7-209ee9998d75 func=job_orchestration.executor.compress.spider_compress.compress execution_start=492567324 execution_end=492677323 execution_duration_ms=109998
[2026-02-02 20:17:15.311] [info] [spider.worker] [TIMING] task_id=9f9b53be-3195-482d-a3d7-209ee9998d75 func=job_orchestration.executor.compress.spider_compress.compress submit_output_start=492677325 submit_output_end=492677519 submit_output_duration_ms=194
[2026-02-02 20:17:15.457] [info] [spider.worker] [TIMING] task_id=93880c9a-8466-4f07-a623-d1e8215bd39d func=job_orchestration.executor.compress.spider_compress.compress fetch_input_start=492677664 fetch_input_end=492677665 fetch_input_duration_ms=1
[2026-02-02 20:17:15.457] [info] [spider.worker] [TIMING] task_id=93880c9a-8466-4f07-a623-d1e8215bd39d func=job_orchestration.executor.compress.spider_compress.compress input_send_start=492677666 input_send_end=492677666 input_send_duration_ms=0 bytes=747
[2026-02-02 20:17:15.457] [info] [spider.worker] [TIMING] task_id=93880c9a-8466-4f07-a623-d1e8215bd39d func=job_orchestration.executor.compress.spider_compress.compress spawn_start=492677665 spawn_end=492677666 spawn_duration_ms=0
[2026-02-02 20:17:34.778] [info] [spider.worker] [TIMING] task_id=93880c9a-8466-4f07-a623-d1e8215bd39d func=job_orchestration.executor.compress.spider_compress.compress execution_start=492677666 execution_end=492696986 execution_duration_ms=19319
[2026-02-02 20:17:34.792] [info] [spider.worker] [TIMING] task_id=93880c9a-8466-4f07-a623-d1e8215bd39d func=job_orchestration.executor.compress.spider_compress.compress submit_output_start=492696989 submit_output_end=492697001 submit_output_duration_ms=11
[2026-02-02 20:17:34.812] [info] [spider.worker] [TIMING] task_id=fce98bc5-97a1-4d66-947e-dfa848271132 func=job_orchestration.executor.compress.spider_compress.compress fetch_input_start=492697019 fetch_input_end=492697020 fetch_input_duration_ms=1
[2026-02-02 20:17:34.812] [info] [spider.worker] [TIMING] task_id=fce98bc5-97a1-4d66-947e-dfa848271132 func=job_orchestration.executor.compress.spider_compress.compress input_send_start=492697021 input_send_end=492697021 input_send_duration_ms=0 bytes=852
[2026-02-02 20:17:34.812] [info] [spider.worker] [TIMING] task_id=fce98bc5-97a1-4d66-947e-dfa848271132 func=job_orchestration.executor.compress.spider_compress.compress spawn_start=492697020 spawn_end=492697021 spawn_duration_ms=0
[2026-02-02 20:19:48.750] [info] [spider.worker] [TIMING] task_id=fce98bc5-97a1-4d66-947e-dfa848271132 func=job_orchestration.executor.compress.spider_compress.compress execution_start=492697021 execution_end=492830959 execution_duration_ms=133937
[2026-02-02 20:19:48.791] [info] [spider.worker] [TIMING] task_id=fce98bc5-97a1-4d66-947e-dfa848271132 func=job_orchestration.executor.compress.spider_compress.compress submit_output_start=492830960 submit_output_end=492831000 submit_output_duration_ms=39
[2026-02-02 20:19:48.837] [info] [spider.worker] [TIMING] task_id=528aa34c-2168-4d7d-be47-618987339f56 func=job_orchestration.executor.compress.spider_compress.compress fetch_input_start=492831044 fetch_input_end=492831045 fetch_input_duration_ms=1
[2026-02-02 20:19:48.837] [info] [spider.worker] [TIMING] task_id=528aa34c-2168-4d7d-be47-618987339f56 func=job_orchestration.executor.compress.spider_compress.compress input_send_start=492831045 input_send_end=492831045 input_send_duration_ms=0 bytes=852
[2026-02-02 20:19:48.837] [info] [spider.worker] [TIMING] task_id=528aa34c-2168-4d7d-be47-618987339f56 func=job_orchestration.executor.compress.spider_compress.compress spawn_start=492831045 spawn_end=492831045 spawn_duration_ms=0
[2026-02-02 20:22:03.828] [info] [spider.worker] [TIMING] task_id=528aa34c-2168-4d7d-be47-618987339f56 func=job_orchestration.executor.compress.spider_compress.compress execution_start=492831046 execution_end=492966036 execution_duration_ms=134990
[2026-02-02 20:22:03.952] [info] [spider.worker] [TIMING] task_id=528aa34c-2168-4d7d-be47-618987339f56 func=job_orchestration.executor.compress.spider_compress.compress submit_output_start=492966039 submit_output_end=492966161 submit_output_duration_ms=121
[2026-02-02 20:22:04.219] [info] [spider.worker] [TIMING] task_id=60ab70f6-c7af-451b-9fe8-cea18ad1a12f func=job_orchestration.executor.compress.spider_compress.compress fetch_input_start=492966426 fetch_input_end=492966427 fetch_input_duration_ms=1
[2026-02-02 20:22:04.219] [info] [spider.worker] [TIMING] task_id=60ab70f6-c7af-451b-9fe8-cea18ad1a12f func=job_orchestration.executor.compress.spider_compress.compress input_send_start=492966427 input_send_end=492966427 input_send_duration_ms=0 bytes=851
[2026-02-02 20:22:04.219] [info] [spider.worker] [TIMING] task_id=60ab70f6-c7af-451b-9fe8-cea18ad1a12f func=job_orchestration.executor.compress.spider_compress.compress spawn_start=492966427 spawn_end=492966428 spawn_duration_ms=0
[2026-02-02 20:23:55.247] [info] [spider.worker] [TIMING] task_id=60ab70f6-c7af-451b-9fe8-cea18ad1a12f func=job_orchestration.executor.compress.spider_compress.compress execution_start=492966428 execution_end=493077456 execution_duration_ms=111028
[2026-02-02 20:23:55.460] [info] [spider.worker] [TIMING] task_id=60ab70f6-c7af-451b-9fe8-cea18ad1a12f func=job_orchestration.executor.compress.spider_compress.compress submit_output_start=493077483 submit_output_end=493077668 submit_output_duration_ms=185
[2026-02-02 20:23:55.479] [info] [spider.worker] [TIMING] task_id=19e3a56b-1b4a-4f73-9532-ca5296c0f8c4 func=job_orchestration.executor.compress.spider_compress.compress fetch_input_start=493077686 fetch_input_end=493077687 fetch_input_duration_ms=0
[2026-02-02 20:23:55.480] [info] [spider.worker] [TIMING] task_id=19e3a56b-1b4a-4f73-9532-ca5296c0f8c4 func=job_orchestration.executor.compress.spider_compress.compress input_send_start=493077688 input_send_end=493077688 input_send_duration_ms=0 bytes=751
[2026-02-02 20:23:55.480] [info] [spider.worker] [TIMING] task_id=19e3a56b-1b4a-4f73-9532-ca5296c0f8c4 func=job_orchestration.executor.compress.spider_compress.compress spawn_start=493077687 spawn_end=493077688 spawn_duration_ms=0
[2026-02-02 20:24:17.565] [info] [spider.worker] [TIMING] task_id=19e3a56b-1b4a-4f73-9532-ca5296c0f8c4 func=job_orchestration.executor.compress.spider_compress.compress execution_start=493077689 execution_end=493099773 execution_duration_ms=22083
[2026-02-02 20:24:17.742] [info] [spider.worker] [TIMING] task_id=19e3a56b-1b4a-4f73-9532-ca5296c0f8c4 func=job_orchestration.executor.compress.spider_compress.compress submit_output_start=493099775 submit_output_end=493099950 submit_output_duration_ms=175
[2026-02-02 20:24:17.785] [info] [spider.worker] [TIMING] task_id=49888bce-b890-4ea7-aaa2-47c7fff7d9f3 func=job_orchestration.executor.compress.spider_compress.compress fetch_input_start=493099993 fetch_input_end=493099994 fetch_input_duration_ms=1
[2026-02-02 20:24:17.786] [info] [spider.worker] [TIMING] task_id=49888bce-b890-4ea7-aaa2-47c7fff7d9f3 func=job_orchestration.executor.compress.spider_compress.compress input_send_start=493099994 input_send_end=493099994 input_send_duration_ms=0 bytes=755
[2026-02-02 20:24:17.786] [info] [spider.worker] [TIMING] task_id=49888bce-b890-4ea7-aaa2-47c7fff7d9f3 func=job_orchestration.executor.compress.spider_compress.compress spawn_start=493099994 spawn_end=493099994 spawn_duration_ms=0
[2026-02-02 20:27:24.029] [info] [spider.worker] [TIMING] task_id=49888bce-b890-4ea7-aaa2-47c7fff7d9f3 func=job_orchestration.executor.compress.spider_compress.compress execution_start=493099994 execution_end=493286237 execution_duration_ms=186242
[2026-02-02 20:27:24.048] [info] [spider.worker] [TIMING] task_id=49888bce-b890-4ea7-aaa2-47c7fff7d9f3 func=job_orchestration.executor.compress.spider_compress.compress submit_output_start=493286239 submit_output_end=493286257 submit_output_duration_ms=17
[2026-02-02 20:27:24.085] [info] [spider.worker] [TIMING] task_id=9c9c1769-01e9-4700-899a-ebc7ba1fc9e5 func=job_orchestration.executor.compress.spider_compress.compress fetch_input_start=493286291 fetch_input_end=493286293 fetch_input_duration_ms=1
[2026-02-02 20:27:24.085] [info] [spider.worker] [TIMING] task_id=9c9c1769-01e9-4700-899a-ebc7ba1fc9e5 func=job_orchestration.executor.compress.spider_compress.compress input_send_start=493286294 input_send_end=493286294 input_send_duration_ms=0 bytes=754
[2026-02-02 20:27:24.085] [info] [spider.worker] [TIMING] task_id=9c9c1769-01e9-4700-899a-ebc7ba1fc9e5 func=job_orchestration.executor.compress.spider_compress.compress spawn_start=493286293 spawn_end=493286294 spawn_duration_ms=0
[2026-02-02 20:29:56.007] [info] [spider.worker] [TIMING] task_id=9c9c1769-01e9-4700-899a-ebc7ba1fc9e5 func=job_orchestration.executor.compress.spider_compress.compress execution_start=493286294 execution_end=493438216 execution_duration_ms=151921
[2026-02-02 20:29:56.017] [info] [spider.worker] [TIMING] task_id=9c9c1769-01e9-4700-899a-ebc7ba1fc9e5 func=job_orchestration.executor.compress.spider_compress.compress submit_output_start=493438218 submit_output_end=493438226 submit_output_duration_ms=7
[2026-02-02 20:29:56.037] [info] [spider.worker] [TIMING] task_id=10dfb05b-719b-4fcc-83f9-a862b8ce8160 func=job_orchestration.executor.compress.spider_compress.compress fetch_input_start=493438244 fetch_input_end=493438246 fetch_input_duration_ms=1
[2026-02-02 20:29:56.038] [info] [spider.worker] [TIMING] task_id=10dfb05b-719b-4fcc-83f9-a862b8ce8160 func=job_orchestration.executor.compress.spider_compress.compress input_send_start=493438247 input_send_end=493438247 input_send_duration_ms=0 bytes=755
[2026-02-02 20:29:56.038] [info] [spider.worker] [TIMING] task_id=10dfb05b-719b-4fcc-83f9-a862b8ce8160 func=job_orchestration.executor.compress.spider_compress.compress spawn_start=493438246 spawn_end=493438247 spawn_duration_ms=0
[2026-02-02 20:33:12.446] [info] [spider.worker] [TIMING] task_id=10dfb05b-719b-4fcc-83f9-a862b8ce8160 func=job_orchestration.executor.compress.spider_compress.compress execution_start=493438247 execution_end=493634654 execution_duration_ms=196406
[2026-02-02 20:33:12.844] [info] [spider.worker] [TIMING] task_id=10dfb05b-719b-4fcc-83f9-a862b8ce8160 func=job_orchestration.executor.compress.spider_compress.compress submit_output_start=493634656 submit_output_end=493635052 submit_output_duration_ms=396
[2026-02-02 20:33:12.893] [info] [spider.worker] [TIMING] task_id=cc2228c6-e31d-4a17-9358-b203b8aa3705 func=job_orchestration.executor.compress.spider_compress.compress fetch_input_start=493635100 fetch_input_end=493635101 fetch_input_duration_ms=1
[2026-02-02 20:33:12.894] [info] [spider.worker] [TIMING] task_id=cc2228c6-e31d-4a17-9358-b203b8aa3705 func=job_orchestration.executor.compress.spider_compress.compress input_send_start=493635102 input_send_end=493635102 input_send_duration_ms=0 bytes=751
[2026-02-02 20:33:12.894] [info] [spider.worker] [TIMING] task_id=cc2228c6-e31d-4a17-9358-b203b8aa3705 func=job_orchestration.executor.compress.spider_compress.compress spawn_start=493635102 spawn_end=493635102 spawn_duration_ms=0
[2026-02-02 20:34:53.563] [info] [spider.worker] [TIMING] task_id=cc2228c6-e31d-4a17-9358-b203b8aa3705 func=job_orchestration.executor.compress.spider_compress.compress execution_start=493635102 execution_end=493735772 execution_duration_ms=100669
[2026-02-02 20:34:53.580] [info] [spider.worker] [TIMING] task_id=cc2228c6-e31d-4a17-9358-b203b8aa3705 func=job_orchestration.executor.compress.spider_compress.compress submit_output_start=493735774 submit_output_end=493735788 submit_output_duration_ms=14
[2026-02-02 20:34:53.600] [info] [spider.worker] [TIMING] task_id=a2a1692b-39a8-4b00-987e-06a1cd86adb4 func=job_orchestration.executor.compress.spider_compress.compress fetch_input_start=493735807 fetch_input_end=493735809 fetch_input_duration_ms=1
[2026-02-02 20:34:53.601] [info] [spider.worker] [TIMING] task_id=a2a1692b-39a8-4b00-987e-06a1cd86adb4 func=job_orchestration.executor.compress.spider_compress.compress input_send_start=493735809 input_send_end=493735809 input_send_duration_ms=0 bytes=751
[2026-02-02 20:34:53.601] [info] [spider.worker] [TIMING] task_id=a2a1692b-39a8-4b00-987e-06a1cd86adb4 func=job_orchestration.executor.compress.spider_compress.compress spawn_start=493735809 spawn_end=493735809 spawn_duration_ms=0
[2026-02-02 20:35:12.900] [info] [spider.worker] [TIMING] task_id=a2a1692b-39a8-4b00-987e-06a1cd86adb4 func=job_orchestration.executor.compress.spider_compress.compress execution_start=493735810 execution_end=493755108 execution_duration_ms=19298
[2026-02-02 20:35:12.934] [info] [spider.worker] [TIMING] task_id=a2a1692b-39a8-4b00-987e-06a1cd86adb4 func=job_orchestration.executor.compress.spider_compress.compress submit_output_start=493755111 submit_output_end=493755142 submit_output_duration_ms=31
[2026-02-02 20:35:12.989] [info] [spider.worker] [TIMING] task_id=301b0b39-5cb4-4bf5-9f8c-875c55c86eec func=job_orchestration.executor.compress.spider_compress.compress fetch_input_start=493755195 fetch_input_end=493755197 fetch_input_duration_ms=1
[2026-02-02 20:35:12.989] [info] [spider.worker] [TIMING] task_id=301b0b39-5cb4-4bf5-9f8c-875c55c86eec func=job_orchestration.executor.compress.spider_compress.compress input_send_start=493755198 input_send_end=493755198 input_send_duration_ms=0 bytes=756
[2026-02-02 20:35:12.989] [info] [spider.worker] [TIMING] task_id=301b0b39-5cb4-4bf5-9f8c-875c55c86eec func=job_orchestration.executor.compress.spider_compress.compress spawn_start=493755197 spawn_end=493755198 spawn_duration_ms=0
[2026-02-02 20:36:25.438] [info] [spider.worker] [TIMING] task_id=301b0b39-5cb4-4bf5-9f8c-875c55c86eec func=job_orchestration.executor.compress.spider_compress.compress execution_start=493755198 execution_end=493827647 execution_duration_ms=72449
[2026-02-02 20:36:25.471] [info] [spider.worker] [TIMING] task_id=301b0b39-5cb4-4bf5-9f8c-875c55c86eec func=job_orchestration.executor.compress.spider_compress.compress submit_output_start=493827649 submit_output_end=493827679 submit_output_duration_ms=30
[2026-02-02 20:36:25.481] [info] [spider.worker] [TIMING] task_id=58ea0d28-ce9e-4b55-861e-b8586cb50039 func=job_orchestration.executor.compress.spider_compress.compress fetch_input_start=493827689 fetch_input_end=493827689 fetch_input_duration_ms=0
[2026-02-02 20:36:25.481] [info] [spider.worker] [TIMING] task_id=58ea0d28-ce9e-4b55-861e-b8586cb50039 func=job_orchestration.executor.compress.spider_compress.compress input_send_start=493827690 input_send_end=493827690 input_send_duration_ms=0 bytes=750
[2026-02-02 20:36:25.481] [info] [spider.worker] [TIMING] task_id=58ea0d28-ce9e-4b55-861e-b8586cb50039 func=job_orchestration.executor.compress.spider_compress.compress spawn_start=493827689 spawn_end=493827690 spawn_duration_ms=0
[2026-02-02 20:36:47.874] [info] [spider.worker] [TIMING] task_id=58ea0d28-ce9e-4b55-861e-b8586cb50039 func=job_orchestration.executor.compress.spider_compress.compress execution_start=493827690 execution_end=493850082 execution_duration_ms=22392
[2026-02-02 20:36:48.022] [info] [spider.worker] [TIMING] task_id=58ea0d28-ce9e-4b55-861e-b8586cb50039 func=job_orchestration.executor.compress.spider_compress.compress submit_output_start=493850084 submit_output_end=493850231 submit_output_duration_ms=147
[2026-02-02 20:36:48.056] [info] [spider.worker] [TIMING] task_id=b98bbffd-1645-405d-bcd3-86b983e6a27f func=job_orchestration.executor.compress.spider_compress.compress fetch_input_start=493850263 fetch_input_end=493850264 fetch_input_duration_ms=0
[2026-02-02 20:36:48.056] [info] [spider.worker] [TIMING] task_id=b98bbffd-1645-405d-bcd3-86b983e6a27f func=job_orchestration.executor.compress.spider_compress.compress input_send_start=493850265 input_send_end=493850265 input_send_duration_ms=0 bytes=751
[2026-02-02 20:36:48.056] [info] [spider.worker] [TIMING] task_id=b98bbffd-1645-405d-bcd3-86b983e6a27f func=job_orchestration.executor.compress.spider_compress.compress spawn_start=493850264 spawn_end=493850265 spawn_duration_ms=0
[2026-02-02 20:37:06.014] [info] [spider.worker] [TIMING] task_id=b98bbffd-1645-405d-bcd3-86b983e6a27f func=job_orchestration.executor.compress.spider_compress.compress execution_start=493850265 execution_end=493868223 execution_duration_ms=17957
[2026-02-02 20:37:06.276] [info] [spider.worker] [TIMING] task_id=b98bbffd-1645-405d-bcd3-86b983e6a27f func=job_orchestration.executor.compress.spider_compress.compress submit_output_start=493868225 submit_output_end=493868485 submit_output_duration_ms=259
[2026-02-02 20:37:06.777] [info] [spider.worker] [TIMING] task_id=26de1e6e-957b-4273-a4ca-8c6c8b678a32 func=job_orchestration.executor.compress.spider_compress.compress fetch_input_start=493868983 fetch_input_end=493868985 fetch_input_duration_ms=1
[2026-02-02 20:37:06.777] [info] [spider.worker] [TIMING] task_id=26de1e6e-957b-4273-a4ca-8c6c8b678a32 func=job_orchestration.executor.compress.spider_compress.compress input_send_start=493868986 input_send_end=493868986 input_send_duration_ms=0 bytes=752
[2026-02-02 20:37:06.777] [info] [spider.worker] [TIMING] task_id=26de1e6e-957b-4273-a4ca-8c6c8b678a32 func=job_orchestration.executor.compress.spider_compress.compress spawn_start=493868985 spawn_end=493868986 spawn_duration_ms=0
[2026-02-02 20:37:24.103] [info] [spider.worker] [TIMING] task_id=26de1e6e-957b-4273-a4ca-8c6c8b678a32 func=job_orchestration.executor.compress.spider_compress.compress execution_start=493868986 execution_end=493886311 execution_duration_ms=17325
[2026-02-02 20:37:24.124] [info] [spider.worker] [TIMING] task_id=26de1e6e-957b-4273-a4ca-8c6c8b678a32 func=job_orchestration.executor.compress.spider_compress.compress submit_output_start=493886313 submit_output_end=493886332 submit_output_duration_ms=19
[2026-02-02 20:37:24.156] [info] [spider.worker] [TIMING] task_id=918e67fd-403c-4712-b415-5a6c7606677a func=job_orchestration.executor.compress.spider_compress.compress fetch_input_start=493886364 fetch_input_end=493886365 fetch_input_duration_ms=0
[2026-02-02 20:37:24.157] [info] [spider.worker] [TIMING] task_id=918e67fd-403c-4712-b415-5a6c7606677a func=job_orchestration.executor.compress.spider_compress.compress input_send_start=493886365 input_send_end=493886365 input_send_duration_ms=0 bytes=748
[2026-02-02 20:37:24.157] [info] [spider.worker] [TIMING] task_id=918e67fd-403c-4712-b415-5a6c7606677a func=job_orchestration.executor.compress.spider_compress.compress spawn_start=493886365 spawn_end=493886365 spawn_duration_ms=0
[2026-02-02 20:37:37.738] [info] [spider.worker] [TIMING] task_id=918e67fd-403c-4712-b415-5a6c7606677a func=job_orchestration.executor.compress.spider_compress.compress execution_start=493886365 execution_end=493899946 execution_duration_ms=13580
[2026-02-02 20:37:37.748] [info] [spider.worker] [TIMING] task_id=918e67fd-403c-4712-b415-5a6c7606677a func=job_orchestration.executor.compress.spider_compress.compress submit_output_start=493899948 submit_output_end=493899956 submit_output_duration_ms=7
[2026-02-02 20:37:37.768] [info] [spider.worker] [TIMING] task_id=ae1272da-9ada-4a70-91a5-c4dbaa52f06f func=job_orchestration.executor.compress.spider_compress.compress fetch_input_start=493899975 fetch_input_end=493899977 fetch_input_duration_ms=1
[2026-02-02 20:37:37.769] [info] [spider.worker] [TIMING] task_id=ae1272da-9ada-4a70-91a5-c4dbaa52f06f func=job_orchestration.executor.compress.spider_compress.compress input_send_start=493899977 input_send_end=493899977 input_send_duration_ms=0 bytes=755
[2026-02-02 20:37:37.769] [info] [spider.worker] [TIMING] task_id=ae1272da-9ada-4a70-91a5-c4dbaa52f06f func=job_orchestration.executor.compress.spider_compress.compress spawn_start=493899977 spawn_end=493899977 spawn_duration_ms=0
[2026-02-02 20:41:08.083] [info] [spider.worker] [TIMING] task_id=ae1272da-9ada-4a70-91a5-c4dbaa52f06f func=job_orchestration.executor.compress.spider_compress.compress execution_start=493899977 execution_end=494110292 execution_duration_ms=210314
[2026-02-02 20:41:08.111] [info] [spider.worker] [TIMING] task_id=ae1272da-9ada-4a70-91a5-c4dbaa52f06f func=job_orchestration.executor.compress.spider_compress.compress submit_output_start=494110293 submit_output_end=494110319 submit_output_duration_ms=25
[2026-02-02 20:41:08.130] [info] [spider.worker] [TIMING] task_id=99542f05-27c8-4d2e-af78-d3d3aa563098 func=job_orchestration.executor.compress.spider_compress.compress fetch_input_start=494110337 fetch_input_end=494110338 fetch_input_duration_ms=0
[2026-02-02 20:41:08.130] [info] [spider.worker] [TIMING] task_id=99542f05-27c8-4d2e-af78-d3d3aa563098 func=job_orchestration.executor.compress.spider_compress.compress input_send_start=494110339 input_send_end=494110339 input_send_duration_ms=0 bytes=752
[2026-02-02 20:41:08.130] [info] [spider.worker] [TIMING] task_id=99542f05-27c8-4d2e-af78-d3d3aa563098 func=job_orchestration.executor.compress.spider_compress.compress spawn_start=494110338 spawn_end=494110339 spawn_duration_ms=0
[2026-02-02 20:42:47.034] [info] [spider.worker] [TIMING] task_id=99542f05-27c8-4d2e-af78-d3d3aa563098 func=job_orchestration.executor.compress.spider_compress.compress execution_start=494110339 execution_end=494209243 execution_duration_ms=98903
[2026-02-02 20:42:47.057] [info] [spider.worker] [TIMING] task_id=99542f05-27c8-4d2e-af78-d3d3aa563098 func=job_orchestration.executor.compress.spider_compress.compress submit_output_start=494209245 submit_output_end=494209266 submit_output_duration_ms=21
[2026-02-02 20:42:47.079] [info] [spider.worker] [TIMING] task_id=1f94d633-b3cb-4041-8eae-76a1b7743690 func=job_orchestration.executor.compress.spider_compress.compress fetch_input_start=494209286 fetch_input_end=494209287 fetch_input_duration_ms=0
[2026-02-02 20:42:47.079] [info] [spider.worker] [TIMING] task_id=1f94d633-b3cb-4041-8eae-76a1b7743690 func=job_orchestration.executor.compress.spider_compress.compress input_send_start=494209288 input_send_end=494209288 input_send_duration_ms=0 bytes=751
[2026-02-02 20:42:47.080] [info] [spider.worker] [TIMING] task_id=1f94d633-b3cb-4041-8eae-76a1b7743690 func=job_orchestration.executor.compress.spider_compress.compress spawn_start=494209287 spawn_end=494209288 spawn_duration_ms=0
[2026-02-02 20:44:51.150] [info] [spider.worker] [TIMING] task_id=1f94d633-b3cb-4041-8eae-76a1b7743690 func=job_orchestration.executor.compress.spider_compress.compress execution_start=494209288 execution_end=494333358 execution_duration_ms=124070
[2026-02-02 20:44:51.164] [info] [spider.worker] [TIMING] task_id=1f94d633-b3cb-4041-8eae-76a1b7743690 func=job_orchestration.executor.compress.spider_compress.compress submit_output_start=494333361 submit_output_end=494333372 submit_output_duration_ms=11
[2026-02-02 20:44:51.184] [info] [spider.worker] [TIMING] task_id=e29dca97-7574-4ecd-b30e-a29d96aa45d3 func=job_orchestration.executor.compress.spider_compress.compress fetch_input_start=494333391 fetch_input_end=494333392 fetch_input_duration_ms=1
[2026-02-02 20:44:51.184] [info] [spider.worker] [TIMING] task_id=e29dca97-7574-4ecd-b30e-a29d96aa45d3 func=job_orchestration.executor.compress.spider_compress.compress input_send_start=494333393 input_send_end=494333393 input_send_duration_ms=0 bytes=750
[2026-02-02 20:44:51.184] [info] [spider.worker] [TIMING] task_id=e29dca97-7574-4ecd-b30e-a29d96aa45d3 func=job_orchestration.executor.compress.spider_compress.compress spawn_start=494333392 spawn_end=494333393 spawn_duration_ms=0
[2026-02-02 20:48:19.922] [info] [spider.worker] [TIMING] task_id=e29dca97-7574-4ecd-b30e-a29d96aa45d3 func=job_orchestration.executor.compress.spider_compress.compress execution_start=494333393 execution_end=494542130 execution_duration_ms=208737
[2026-02-02 20:48:19.975] [info] [spider.worker] [TIMING] task_id=e29dca97-7574-4ecd-b30e-a29d96aa45d3 func=job_orchestration.executor.compress.spider_compress.compress submit_output_start=494542132 submit_output_end=494542184 submit_output_duration_ms=51
[2026-02-02 20:48:19.996] [info] [spider.worker] [TIMING] task_id=d9b8f582-0dda-4cff-9cb9-9ed981908700 func=job_orchestration.executor.compress.spider_compress.compress fetch_input_start=494542203 fetch_input_end=494542204 fetch_input_duration_ms=1
[2026-02-02 20:48:19.997] [info] [spider.worker] [TIMING] task_id=d9b8f582-0dda-4cff-9cb9-9ed981908700 func=job_orchestration.executor.compress.spider_compress.compress input_send_start=494542205 input_send_end=494542205 input_send_duration_ms=0 bytes=750
[2026-02-02 20:48:19.997] [info] [spider.worker] [TIMING] task_id=d9b8f582-0dda-4cff-9cb9-9ed981908700 func=job_orchestration.executor.compress.spider_compress.compress spawn_start=494542205 spawn_end=494542205 spawn_duration_ms=0
[2026-02-02 20:51:56.701] [info] [spider.worker] [TIMING] task_id=d9b8f582-0dda-4cff-9cb9-9ed981908700 func=job_orchestration.executor.compress.spider_compress.compress execution_start=494542205 execution_end=494758910 execution_duration_ms=216704
[2026-02-02 20:51:56.714] [info] [spider.worker] [TIMING] task_id=d9b8f582-0dda-4cff-9cb9-9ed981908700 func=job_orchestration.executor.compress.spider_compress.compress submit_output_start=494758912 submit_output_end=494758922 submit_output_duration_ms=10
[2026-02-02 20:51:56.763] [info] [spider.worker] [TIMING] task_id=40756764-3fff-44d6-a21d-d6e486d8990b func=job_orchestration.executor.compress.spider_compress.compress fetch_input_start=494758970 fetch_input_end=494758971 fetch_input_duration_ms=1
[2026-02-02 20:51:56.764] [info] [spider.worker] [TIMING] task_id=40756764-3fff-44d6-a21d-d6e486d8990b func=job_orchestration.executor.compress.spider_compress.compress input_send_start=494758972 input_send_end=494758972 input_send_duration_ms=0 bytes=754
[2026-02-02 20:51:56.764] [info] [spider.worker] [TIMING] task_id=40756764-3fff-44d6-a21d-d6e486d8990b func=job_orchestration.executor.compress.spider_compress.compress spawn_start=494758971 spawn_end=494758972 spawn_duration_ms=0
[2026-02-02 20:53:52.215] [info] [spider.worker] [TIMING] task_id=40756764-3fff-44d6-a21d-d6e486d8990b func=job_orchestration.executor.compress.spider_compress.compress execution_start=494758994 execution_end=494874424 execution_duration_ms=115429
[2026-02-02 20:53:52.236] [info] [spider.worker] [TIMING] task_id=40756764-3fff-44d6-a21d-d6e486d8990b func=job_orchestration.executor.compress.spider_compress.compress submit_output_start=494874426 submit_output_end=494874444 submit_output_duration_ms=18
[2026-02-02 20:53:52.247] [info] [spider.worker] [TIMING] task_id=e09eeb7f-4fdb-438c-9094-8c327fe4b386 func=job_orchestration.executor.compress.spider_compress.compress fetch_input_start=494874454 fetch_input_end=494874455 fetch_input_duration_ms=0
[2026-02-02 20:53:52.247] [info] [spider.worker] [TIMING] task_id=e09eeb7f-4fdb-438c-9094-8c327fe4b386 func=job_orchestration.executor.compress.spider_compress.compress input_send_start=494874455 input_send_end=494874455 input_send_duration_ms=0 bytes=756
[2026-02-02 20:53:52.247] [info] [spider.worker] [TIMING] task_id=e09eeb7f-4fdb-438c-9094-8c327fe4b386 func=job_orchestration.executor.compress.spider_compress.compress spawn_start=494874455 spawn_end=494874455 spawn_duration_ms=0
[2026-02-02 20:54:17.743] [info] [spider.worker] [TIMING] task_id=e09eeb7f-4fdb-438c-9094-8c327fe4b386 func=job_orchestration.executor.compress.spider_compress.compress execution_start=494874455 execution_end=494899952 execution_duration_ms=25496
[2026-02-02 20:54:17.837] [info] [spider.worker] [TIMING] task_id=e09eeb7f-4fdb-438c-9094-8c327fe4b386 func=job_orchestration.executor.compress.spider_compress.compress submit_output_start=494899963 submit_output_end=494900046 submit_output_duration_ms=83
[2026-02-02 20:54:17.871] [info] [spider.worker] [TIMING] task_id=4a5f4c45-2598-4e11-91e5-b1676fbf6f26 func=job_orchestration.executor.compress.spider_compress.compress fetch_input_start=494900078 fetch_input_end=494900079 fetch_input_duration_ms=1
[2026-02-02 20:54:17.872] [info] [spider.worker] [TIMING] task_id=4a5f4c45-2598-4e11-91e5-b1676fbf6f26 func=job_orchestration.executor.compress.spider_compress.compress input_send_start=494900080 input_send_end=494900080 input_send_duration_ms=0 bytes=748
[2026-02-02 20:54:17.872] [info] [spider.worker] [TIMING] task_id=4a5f4c45-2598-4e11-91e5-b1676fbf6f26 func=job_orchestration.executor.compress.spider_compress.compress spawn_start=494900080 spawn_end=494900080 spawn_duration_ms=0
[2026-02-02 20:54:45.683] [info] [spider.worker] [TIMING] task_id=4a5f4c45-2598-4e11-91e5-b1676fbf6f26 func=job_orchestration.executor.compress.spider_compress.compress execution_start=494900080 execution_end=494927891 execution_duration_ms=27810
[2026-02-02 20:54:45.698] [info] [spider.worker] [TIMING] task_id=4a5f4c45-2598-4e11-91e5-b1676fbf6f26 func=job_orchestration.executor.compress.spider_compress.compress submit_output_start=494927893 submit_output_end=494927906 submit_output_duration_ms=12
[2026-02-02 20:54:45.718] [info] [spider.worker] [TIMING] task_id=64bd4bb7-624d-4f03-98bf-0e977a472deb func=job_orchestration.executor.compress.spider_compress.compress fetch_input_start=494927925 fetch_input_end=494927927 fetch_input_duration_ms=1
[2026-02-02 20:54:45.719] [info] [spider.worker] [TIMING] task_id=64bd4bb7-624d-4f03-98bf-0e977a472deb func=job_orchestration.executor.compress.spider_compress.compress input_send_start=494927927 input_send_end=494927927 input_send_duration_ms=0 bytes=756
[2026-02-02 20:54:45.719] [info] [spider.worker] [TIMING] task_id=64bd4bb7-624d-4f03-98bf-0e977a472deb func=job_orchestration.executor.compress.spider_compress.compress spawn_start=494927927 spawn_end=494927927 spawn_duration_ms=0
[2026-02-02 20:55:40.176] [info] [spider.worker] [TIMING] task_id=64bd4bb7-624d-4f03-98bf-0e977a472deb func=job_orchestration.executor.compress.spider_compress.compress execution_start=494927927 execution_end=494982384 execution_duration_ms=54456
[2026-02-02 20:55:40.184] [info] [spider.worker] [TIMING] task_id=64bd4bb7-624d-4f03-98bf-0e977a472deb func=job_orchestration.executor.compress.spider_compress.compress submit_output_start=494982387 submit_output_end=494982392 submit_output_duration_ms=5
[2026-02-02 20:55:40.204] [info] [spider.worker] [TIMING] task_id=b7113133-6509-4171-aa77-f8bf72152f3b func=job_orchestration.executor.compress.spider_compress.compress fetch_input_start=494982411 fetch_input_end=494982412 fetch_input_duration_ms=1
[2026-02-02 20:55:40.204] [info] [spider.worker] [TIMING] task_id=b7113133-6509-4171-aa77-f8bf72152f3b func=job_orchestration.executor.compress.spider_compress.compress input_send_start=494982413 input_send_end=494982413 input_send_duration_ms=0 bytes=751
[2026-02-02 20:55:40.204] [info] [spider.worker] [TIMING] task_id=b7113133-6509-4171-aa77-f8bf72152f3b func=job_orchestration.executor.compress.spider_compress.compress spawn_start=494982412 spawn_end=494982413 spawn_duration_ms=0
[2026-02-02 20:57:33.926] [info] [spider.worker] [TIMING] task_id=b7113133-6509-4171-aa77-f8bf72152f3b func=job_orchestration.executor.compress.spider_compress.compress execution_start=494982413 execution_end=495096134 execution_duration_ms=113721
[2026-02-02 20:57:33.948] [info] [spider.worker] [TIMING] task_id=b7113133-6509-4171-aa77-f8bf72152f3b func=job_orchestration.executor.compress.spider_compress.compress submit_output_start=495096136 submit_output_end=495096156 submit_output_duration_ms=20
[2026-02-02 20:57:33.975] [info] [spider.worker] [TIMING] task_id=57238210-6c71-4a4e-9dce-3acf34dc6ed2 func=job_orchestration.executor.compress.spider_compress.compress fetch_input_start=495096183 fetch_input_end=495096184 fetch_input_duration_ms=0
[2026-02-02 20:57:33.976] [info] [spider.worker] [TIMING] task_id=57238210-6c71-4a4e-9dce-3acf34dc6ed2 func=job_orchestration.executor.compress.spider_compress.compress input_send_start=495096184 input_send_end=495096184 input_send_duration_ms=0 bytes=751
[2026-02-02 20:57:33.976] [info] [spider.worker] [TIMING] task_id=57238210-6c71-4a4e-9dce-3acf34dc6ed2 func=job_orchestration.executor.compress.spider_compress.compress spawn_start=495096184 spawn_end=495096184 spawn_duration_ms=0
[2026-02-02 21:00:14.223] [info] [spider.worker] [TIMING] task_id=57238210-6c71-4a4e-9dce-3acf34dc6ed2 func=job_orchestration.executor.compress.spider_compress.compress execution_start=495096184 execution_end=495256432 execution_duration_ms=160247
[2026-02-02 21:00:14.261] [info] [spider.worker] [TIMING] task_id=57238210-6c71-4a4e-9dce-3acf34dc6ed2 func=job_orchestration.executor.compress.spider_compress.compress submit_output_start=495256434 submit_output_end=495256469 submit_output_duration_ms=34
[2026-02-02 21:00:14.286] [info] [spider.worker] [TIMING] task_id=730ba4f0-260d-4025-bf23-983de8114713 func=job_orchestration.executor.compress.spider_compress.compress fetch_input_start=495256493 fetch_input_end=495256495 fetch_input_duration_ms=1
[2026-02-02 21:00:14.287] [info] [spider.worker] [TIMING] task_id=730ba4f0-260d-4025-bf23-983de8114713 func=job_orchestration.executor.compress.spider_compress.compress input_send_start=495256495 input_send_end=495256495 input_send_duration_ms=0 bytes=751
[2026-02-02 21:00:14.287] [info] [spider.worker] [TIMING] task_id=730ba4f0-260d-4025-bf23-983de8114713 func=job_orchestration.executor.compress.spider_compress.compress spawn_start=495256495 spawn_end=495256495 spawn_duration_ms=0
[2026-02-02 21:00:44.773] [info] [spider.worker] [TIMING] task_id=730ba4f0-260d-4025-bf23-983de8114713 func=job_orchestration.executor.compress.spider_compress.compress execution_start=495256495 execution_end=495286982 execution_duration_ms=30486
[2026-02-02 21:00:44.808] [info] [spider.worker] [TIMING] task_id=730ba4f0-260d-4025-bf23-983de8114713 func=job_orchestration.executor.compress.spider_compress.compress submit_output_start=495286984 submit_output_end=495287016 submit_output_duration_ms=32
[2026-02-02 21:00:44.834] [info] [spider.worker] [TIMING] task_id=58222d0d-3626-4bbe-81d5-6f5ee4f7d412 func=job_orchestration.executor.compress.spider_compress.compress fetch_input_start=495287040 fetch_input_end=495287042 fetch_input_duration_ms=1
[2026-02-02 21:00:44.834] [info] [spider.worker] [TIMING] task_id=58222d0d-3626-4bbe-81d5-6f5ee4f7d412 func=job_orchestration.executor.compress.spider_compress.compress input_send_start=495287043 input_send_end=495287043 input_send_duration_ms=0 bytes=752
[2026-02-02 21:00:44.834] [info] [spider.worker] [TIMING] task_id=58222d0d-3626-4bbe-81d5-6f5ee4f7d412 func=job_orchestration.executor.compress.spider_compress.compress spawn_start=495287042 spawn_end=495287043 spawn_duration_ms=0
[2026-02-02 21:00:58.102] [info] [spider.worker] [TIMING] task_id=58222d0d-3626-4bbe-81d5-6f5ee4f7d412 func=job_orchestration.executor.compress.spider_compress.compress execution_start=495287043 execution_end=495300311 execution_duration_ms=13267
[2026-02-02 21:00:58.128] [info] [spider.worker] [TIMING] task_id=58222d0d-3626-4bbe-81d5-6f5ee4f7d412 func=job_orchestration.executor.compress.spider_compress.compress submit_output_start=495300313 submit_output_end=495300337 submit_output_duration_ms=24
[2026-02-02 21:00:58.148] [info] [spider.worker] [TIMING] task_id=19816c06-b939-4ea7-8418-10b86c0356f4 func=job_orchestration.executor.compress.spider_compress.compress fetch_input_start=495300355 fetch_input_end=495300356 fetch_input_duration_ms=1
[2026-02-02 21:00:58.148] [info] [spider.worker] [TIMING] task_id=19816c06-b939-4ea7-8418-10b86c0356f4 func=job_orchestration.executor.compress.spider_compress.compress input_send_start=495300357 input_send_end=495300357 input_send_duration_ms=0 bytes=755
[2026-02-02 21:00:58.148] [info] [spider.worker] [TIMING] task_id=19816c06-b939-4ea7-8418-10b86c0356f4 func=job_orchestration.executor.compress.spider_compress.compress spawn_start=495300356 spawn_end=495300357 spawn_duration_ms=0
[2026-02-02 21:02:02.681] [info] [spider.worker] [TIMING] task_id=19816c06-b939-4ea7-8418-10b86c0356f4 func=job_orchestration.executor.compress.spider_compress.compress execution_start=495300357 execution_end=495364890 execution_duration_ms=64532
[2026-02-02 21:02:02.697] [info] [spider.worker] [TIMING] task_id=19816c06-b939-4ea7-8418-10b86c0356f4 func=job_orchestration.executor.compress.spider_compress.compress submit_output_start=495364892 submit_output_end=495364906 submit_output_duration_ms=13
[2026-02-02 21:02:02.741] [info] [spider.worker] [TIMING] task_id=5c2c1542-0232-4c6c-a7b3-ccbc087bf3eb func=job_orchestration.executor.compress.spider_compress.compress fetch_input_start=495364948 fetch_input_end=495364950 fetch_input_duration_ms=1
[2026-02-02 21:02:02.742] [info] [spider.worker] [TIMING] task_id=5c2c1542-0232-4c6c-a7b3-ccbc087bf3eb func=job_orchestration.executor.compress.spider_compress.compress input_send_start=495364950 input_send_end=495364950 input_send_duration_ms=0 bytes=755
[2026-02-02 21:02:02.742] [info] [spider.worker] [TIMING] task_id=5c2c1542-0232-4c6c-a7b3-ccbc087bf3eb func=job_orchestration.executor.compress.spider_compress.compress spawn_start=495364950 spawn_end=495364950 spawn_duration_ms=0
[2026-02-02 21:02:26.903] [info] [spider.worker] [TIMING] task_id=5c2c1542-0232-4c6c-a7b3-ccbc087bf3eb func=job_orchestration.executor.compress.spider_compress.compress execution_start=495364951 execution_end=495389111 execution_duration_ms=24160
[2026-02-02 21:02:26.920] [info] [spider.worker] [TIMING] task_id=5c2c1542-0232-4c6c-a7b3-ccbc087bf3eb func=job_orchestration.executor.compress.spider_compress.compress submit_output_start=495389113 submit_output_end=495389128 submit_output_duration_ms=15
[2026-02-02 21:02:26.994] [info] [spider.worker] [TIMING] task_id=d39be7a9-a85b-4b5e-92f5-020e2c33875f func=job_orchestration.executor.compress.spider_compress.compress fetch_input_start=495389201 fetch_input_end=495389202 fetch_input_duration_ms=1
[2026-02-02 21:02:26.995] [info] [spider.worker] [TIMING] task_id=d39be7a9-a85b-4b5e-92f5-020e2c33875f func=job_orchestration.executor.compress.spider_compress.compress input_send_start=495389203 input_send_end=495389203 input_send_duration_ms=0 bytes=750
[2026-02-02 21:02:26.995] [info] [spider.worker] [TIMING] task_id=d39be7a9-a85b-4b5e-92f5-020e2c33875f func=job_orchestration.executor.compress.spider_compress.compress spawn_start=495389202 spawn_end=495389203 spawn_duration_ms=0
[2026-02-02 21:05:02.307] [info] [spider.worker] [TIMING] task_id=d39be7a9-a85b-4b5e-92f5-020e2c33875f func=job_orchestration.executor.compress.spider_compress.compress execution_start=495389203 execution_end=495544516 execution_duration_ms=155312
[2026-02-02 21:05:02.331] [info] [spider.worker] [TIMING] task_id=d39be7a9-a85b-4b5e-92f5-020e2c33875f func=job_orchestration.executor.compress.spider_compress.compress submit_output_start=495544518 submit_output_end=495544539 submit_output_duration_ms=21
[2026-02-02 21:05:02.350] [info] [spider.worker] [TIMING] task_id=9ab46d86-5a13-438b-8c51-4e238b180843 func=job_orchestration.executor.compress.spider_compress.compress fetch_input_start=495544557 fetch_input_end=495544558 fetch_input_duration_ms=0
[2026-02-02 21:05:02.350] [info] [spider.worker] [TIMING] task_id=9ab46d86-5a13-438b-8c51-4e238b180843 func=job_orchestration.executor.compress.spider_compress.compress input_send_start=495544558 input_send_end=495544558 input_send_duration_ms=0 bytes=751
[2026-02-02 21:05:02.350] [info] [spider.worker] [TIMING] task_id=9ab46d86-5a13-438b-8c51-4e238b180843 func=job_orchestration.executor.compress.spider_compress.compress spawn_start=495544558 spawn_end=495544559 spawn_duration_ms=0
[2026-02-02 21:05:19.794] [info] [spider.worker] [TIMING] task_id=9ab46d86-5a13-438b-8c51-4e238b180843 func=job_orchestration.executor.compress.spider_compress.compress execution_start=495544559 execution_end=495562002 execution_duration_ms=17443
[2026-02-02 21:05:19.804] [info] [spider.worker] [TIMING] task_id=9ab46d86-5a13-438b-8c51-4e238b180843 func=job_orchestration.executor.compress.spider_compress.compress submit_output_start=495562004 submit_output_end=495562012 submit_output_duration_ms=7
[2026-02-02 21:05:19.847] [info] [spider.worker] [TIMING] task_id=3fa2698a-0bcc-4445-9890-2bf783467fc0 func=job_orchestration.executor.compress.spider_compress.compress fetch_input_start=495562054 fetch_input_end=495562055 fetch_input_duration_ms=1
[2026-02-02 21:05:19.847] [info] [spider.worker] [TIMING] task_id=3fa2698a-0bcc-4445-9890-2bf783467fc0 func=job_orchestration.executor.compress.spider_compress.compress input_send_start=495562056 input_send_end=495562056 input_send_duration_ms=0 bytes=755
[2026-02-02 21:05:19.847] [info] [spider.worker] [TIMING] task_id=3fa2698a-0bcc-4445-9890-2bf783467fc0 func=job_orchestration.executor.compress.spider_compress.compress spawn_start=495562055 spawn_end=495562056 spawn_duration_ms=0
[2026-02-02 21:06:13.380] [info] [spider.worker] [TIMING] task_id=3fa2698a-0bcc-4445-9890-2bf783467fc0 func=job_orchestration.executor.compress.spider_compress.compress execution_start=495562056 execution_end=495615589 execution_duration_ms=53532
[2026-02-02 21:06:13.390] [info] [spider.worker] [TIMING] task_id=3fa2698a-0bcc-4445-9890-2bf783467fc0 func=job_orchestration.executor.compress.spider_compress.compress submit_output_start=495615591 submit_output_end=495615599 submit_output_duration_ms=7
[2026-02-02 21:06:13.410] [info] [spider.worker] [TIMING] task_id=85a67900-7a7a-47e8-8801-e19eca0a4066 func=job_orchestration.executor.compress.spider_compress.compress fetch_input_start=495615617 fetch_input_end=495615619 fetch_input_duration_ms=1
[2026-02-02 21:06:13.411] [info] [spider.worker] [TIMING] task_id=85a67900-7a7a-47e8-8801-e19eca0a4066 func=job_orchestration.executor.compress.spider_compress.compress input_send_start=495615619 input_send_end=495615619 input_send_duration_ms=0 bytes=751
[2026-02-02 21:06:13.411] [info] [spider.worker] [TIMING] task_id=85a67900-7a7a-47e8-8801-e19eca0a4066 func=job_orchestration.executor.compress.spider_compress.compress spawn_start=495615619 spawn_end=495615619 spawn_duration_ms=0
[2026-02-02 21:06:32.915] [info] [spider.worker] [TIMING] task_id=85a67900-7a7a-47e8-8801-e19eca0a4066 func=job_orchestration.executor.compress.spider_compress.compress execution_start=495615620 execution_end=495635123 execution_duration_ms=19503
[2026-02-02 21:06:32.930] [info] [spider.worker] [TIMING] task_id=85a67900-7a7a-47e8-8801-e19eca0a4066 func=job_orchestration.executor.compress.spider_compress.compress submit_output_start=495635125 submit_output_end=495635138 submit_output_duration_ms=13
[2026-02-02 21:06:32.941] [info] [spider.worker] [TIMING] task_id=e3ebee94-c57b-4b86-8f37-1b0ec9caf7d9 func=job_orchestration.executor.compress.spider_compress.compress fetch_input_start=495635149 fetch_input_end=495635150 fet