[2026-02-02 22:02:49.590] [warning] [spider.worker] Prefer using `SPIDER_STORAGE_URL` environment variable over `--storage_url` argument.
[2026-02-02 22:03:32.254] [info] [spider.worker] [TIMING] task_id=1f5e4454-2f18-4809-991e-0528eb79cf70 func=job_orchestration.executor.query.spider_search_task.search_without_channel fetch_input_start=499054460 fetch_input_end=499054462 fetch_input_duration_ms=1
[2026-02-02 22:03:32.254] [info] [spider.worker] [TIMING] task_id=1f5e4454-2f18-4809-991e-0528eb79cf70 func=job_orchestration.executor.query.spider_search_task.search_without_channel input_send_start=499054463 input_send_end=499054463 input_send_duration_ms=0 bytes=611
[2026-02-02 22:03:32.254] [info] [spider.worker] [TIMING] task_id=1f5e4454-2f18-4809-991e-0528eb79cf70 func=job_orchestration.executor.query.spider_search_task.search_without_channel spawn_start=499054462 spawn_end=499054463 spawn_duration_ms=0
[2026-02-02 22:03:33.773] [info] [spider.worker] [TIMING] task_id=1f5e4454-2f18-4809-991e-0528eb79cf70 func=job_orchestration.executor.query.spider_search_task.search_without_channel execution_start=499054463 execution_end=499055982 execution_duration_ms=1518
[2026-02-02 22:03:33.804] [info] [spider.worker] [TIMING] task_id=1f5e4454-2f18-4809-991e-0528eb79cf70 func=job_orchestration.executor.query.spider_search_task.search_without_channel submit_output_start=499055992 submit_output_end=499056012 submit_output_duration_ms=19
[2026-02-02 22:03:33.844] [info] [spider.worker] [TIMING] task_id=c5cdf313-03cc-4c8a-9adc-c3158708b46e func=job_orchestration.executor.query.spider_search_task.search_without_channel fetch_input_start=499056052 fetch_input_end=499056053 fetch_input_duration_ms=0
[2026-02-02 22:03:33.845] [info] [spider.worker] [TIMING] task_id=c5cdf313-03cc-4c8a-9adc-c3158708b46e func=job_orchestration.executor.query.spider_search_task.search_without_channel input_send_start=499056053 input_send_end=499056053 input_send_duration_ms=0 bytes=611
[2026-02-02 22:03:33.845] [info] [spider.worker] [TIMING] task_id=c5cdf313-03cc-4c8a-9adc-c3158708b46e func=job_orchestration.executor.query.spider_search_task.search_without_channel spawn_start=499056053 spawn_end=499056053 spawn_duration_ms=0
[2026-02-02 22:03:35.119] [info] [spider.worker] [TIMING] task_id=c5cdf313-03cc-4c8a-9adc-c3158708b46e func=job_orchestration.executor.query.spider_search_task.search_without_channel execution_start=499056054 execution_end=499057327 execution_duration_ms=1273
[2026-02-02 22:03:35.161] [info] [spider.worker] [TIMING] task_id=c5cdf313-03cc-4c8a-9adc-c3158708b46e func=job_orchestration.executor.query.spider_search_task.search_without_channel submit_output_start=499057328 submit_output_end=499057370 submit_output_duration_ms=41
[2026-02-02 22:03:35.181] [info] [spider.worker] [TIMING] task_id=ee85b1ba-03a0-42b7-9e72-2bcbffb85a33 func=job_orchestration.executor.query.spider_search_task.search_without_channel fetch_input_start=499057389 fetch_input_end=499057390 fetch_input_duration_ms=0
[2026-02-02 22:03:35.182] [info] [spider.worker] [TIMING] task_id=ee85b1ba-03a0-42b7-9e72-2bcbffb85a33 func=job_orchestration.executor.query.spider_search_task.search_without_channel input_send_start=499057390 input_send_end=499057390 input_send_duration_ms=0 bytes=612
[2026-02-02 22:03:35.182] [info] [spider.worker] [TIMING] task_id=ee85b1ba-03a0-42b7-9e72-2bcbffb85a33 func=job_orchestration.executor.query.spider_search_task.search_without_channel spawn_start=499057390 spawn_end=499057390 spawn_duration_ms=0
[2026-02-02 22:03:36.465] [info] [spider.worker] [TIMING] task_id=ee85b1ba-03a0-42b7-9e72-2bcbffb85a33 func=job_orchestration.executor.query.spider_search_task.search_without_channel execution_start=499057391 execution_end=499058674 execution_duration_ms=1283
[2026-02-02 22:03:36.547] [info] [spider.worker] [TIMING] task_id=ee85b1ba-03a0-42b7-9e72-2bcbffb85a33 func=job_orchestration.executor.query.spider_search_task.search_without_channel submit_output_start=499058675 submit_output_end=499058755 submit_output_duration_ms=79
[2026-02-02 22:03:36.582] [info] [spider.worker] [TIMING] task_id=e8abb404-adef-4214-99dc-bf7d1e82ae91 func=job_orchestration.executor.query.spider_search_task.search_without_channel fetch_input_start=499058790 fetch_input_end=499058791 fetch_input_duration_ms=0
[2026-02-02 22:03:36.583] [info] [spider.worker] [TIMING] task_id=e8abb404-adef-4214-99dc-bf7d1e82ae91 func=job_orchestration.executor.query.spider_search_task.search_without_channel input_send_start=499058791 input_send_end=499058791 input_send_duration_ms=0 bytes=612
[2026-02-02 22:03:36.583] [info] [spider.worker] [TIMING] task_id=e8abb404-adef-4214-99dc-bf7d1e82ae91 func=job_orchestration.executor.query.spider_search_task.search_without_channel spawn_start=499058791 spawn_end=499058791 spawn_duration_ms=0
[2026-02-02 22:03:37.848] [info] [spider.worker] [TIMING] task_id=e8abb404-adef-4214-99dc-bf7d1e82ae91 func=job_orchestration.executor.query.spider_search_task.search_without_channel execution_start=499058791 execution_end=499060057 execution_duration_ms=1265
[2026-02-02 22:03:37.924] [info] [spider.worker] [TIMING] task_id=e8abb404-adef-4214-99dc-bf7d1e82ae91 func=job_orchestration.executor.query.spider_search_task.search_without_channel submit_output_start=499060059 submit_output_end=499060133 submit_output_duration_ms=74
[2026-02-02 22:03:37.974] [info] [spider.worker] [TIMING] task_id=98863062-ec9c-4524-8753-07a48ffc00fb func=job_orchestration.executor.query.spider_search_task.search_without_channel fetch_input_start=499060182 fetch_input_end=499060182 fetch_input_duration_ms=0
[2026-02-02 22:03:37.975] [info] [spider.worker] [TIMING] task_id=98863062-ec9c-4524-8753-07a48ffc00fb func=job_orchestration.executor.query.spider_search_task.search_without_channel input_send_start=499060183 input_send_end=499060183 input_send_duration_ms=0 bytes=612
[2026-02-02 22:03:37.975] [info] [spider.worker] [TIMING] task_id=98863062-ec9c-4524-8753-07a48ffc00fb func=job_orchestration.executor.query.spider_search_task.search_without_channel spawn_start=499060183 spawn_end=499060183 spawn_duration_ms=0
[2026-02-02 22:03:39.211] [info] [spider.worker] [TIMING] task_id=98863062-ec9c-4524-8753-07a48ffc00fb func=job_orchestration.executor.query.spider_search_task.search_without_channel execution_start=499060183 execution_end=499061419 execution_duration_ms=1235
[2026-02-02 22:03:39.369] [info] [spider.worker] [TIMING] task_id=98863062-ec9c-4524-8753-07a48ffc00fb func=job_orchestration.executor.query.spider_search_task.search_without_channel submit_output_start=499061436 submit_output_end=499061577 submit_output_duration_ms=141
[2026-02-02 22:03:39.522] [info] [spider.worker] [TIMING] task_id=c55d52bc-3742-488a-bb2f-b971b3dfff08 func=job_orchestration.executor.query.spider_search_task.search_without_channel fetch_input_start=499061729 fetch_input_end=499061730 fetch_input_duration_ms=0
[2026-02-02 22:03:39.522] [info] [spider.worker] [TIMING] task_id=c55d52bc-3742-488a-bb2f-b971b3dfff08 func=job_orchestration.executor.query.spider_search_task.search_without_channel input_send_start=499061730 input_send_end=499061730 input_send_duration_ms=0 bytes=612
[2026-02-02 22:03:39.522] [info] [spider.worker] [TIMING] task_id=c55d52bc-3742-488a-bb2f-b971b3dfff08 func=job_orchestration.executor.query.spider_search_task.search_without_channel spawn_start=499061730 spawn_end=499061730 spawn_duration_ms=0
[2026-02-02 22:03:40.738] [info] [spider.worker] [TIMING] task_id=c55d52bc-3742-488a-bb2f-b971b3dfff08 func=job_orchestration.executor.query.spider_search_task.search_without_channel execution_start=499061731 execution_end=499062947 execution_duration_ms=1216
[2026-02-02 22:03:40.815] [info] [spider.worker] [TIMING] task_id=c55d52bc-3742-488a-bb2f-b971b3dfff08 func=job_orchestration.executor.query.spider_search_task.search_without_channel submit_output_start=499062948 submit_output_end=499063023 submit_output_duration_ms=74
[2026-02-02 22:03:40.991] [info] [spider.worker] [TIMING] task_id=659a0b80-a637-4063-b268-020f9ee6c0ff func=job_orchestration.executor.query.spider_search_task.search_without_channel fetch_input_start=499063199 fetch_input_end=499063200 fetch_input_duration_ms=0
[2026-02-02 22:03:40.992] [info] [spider.worker] [TIMING] task_id=659a0b80-a637-4063-b268-020f9ee6c0ff func=job_orchestration.executor.query.spider_search_task.search_without_channel input_send_start=499063200 input_send_end=499063200 input_send_duration_ms=0 bytes=612
[2026-02-02 22:03:40.992] [info] [spider.worker] [TIMING] task_id=659a0b80-a637-4063-b268-020f9ee6c0ff func=job_orchestration.executor.query.spider_search_task.search_without_channel spawn_start=499063200 spawn_end=499063200 spawn_duration_ms=0
[2026-02-02 22:03:42.185] [info] [spider.worker] [TIMING] task_id=659a0b80-a637-4063-b268-020f9ee6c0ff func=job_orchestration.executor.query.spider_search_task.search_without_channel execution_start=499063200 execution_end=499064394 execution_duration_ms=1193
[2026-02-02 22:03:42.342] [info] [spider.worker] [TIMING] task_id=659a0b80-a637-4063-b268-020f9ee6c0ff func=job_orchestration.executor.query.spider_search_task.search_without_channel submit_output_start=499064395 submit_output_end=499064550 submit_output_duration_ms=154
[2026-02-02 22:03:42.443] [info] [spider.worker] [TIMING] task_id=b32544ab-5f10-48f3-a558-6c8219596bb4 func=job_orchestration.executor.query.spider_search_task.search_without_channel fetch_input_start=499064650 fetch_input_end=499064651 fetch_input_duration_ms=0
[2026-02-02 22:03:42.443] [info] [spider.worker] [TIMING] task_id=b32544ab-5f10-48f3-a558-6c8219596bb4 func=job_orchestration.executor.query.spider_search_task.search_without_channel input_send_start=499064651 input_send_end=499064651 input_send_duration_ms=0 bytes=612
[2026-02-02 22:03:42.443] [info] [spider.worker] [TIMING] task_id=b32544ab-5f10-48f3-a558-6c8219596bb4 func=job_orchestration.executor.query.spider_search_task.search_without_channel spawn_start=499064651 spawn_end=499064651 spawn_duration_ms=0
[2026-02-02 22:03:43.721] [info] [spider.worker] [TIMING] task_id=b32544ab-5f10-48f3-a558-6c8219596bb4 func=job_orchestration.executor.query.spider_search_task.search_without_channel execution_start=499064652 execution_end=499065929 execution_duration_ms=1277
[2026-02-02 22:03:43.805] [info] [spider.worker] [TIMING] task_id=b32544ab-5f10-48f3-a558-6c8219596bb4 func=job_orchestration.executor.query.spider_search_task.search_without_channel submit_output_start=499065931 submit_output_end=499066013 submit_output_duration_ms=82
[2026-02-02 22:03:43.841] [info] [spider.worker] [TIMING] task_id=9ed59940-e4f1-4a40-8f81-c08292f1a5da func=job_orchestration.executor.query.spider_search_task.search_without_channel fetch_input_start=499066049 fetch_input_end=499066050 fetch_input_duration_ms=1
[2026-02-02 22:03:43.842] [info] [spider.worker] [TIMING] task_id=9ed59940-e4f1-4a40-8f81-c08292f1a5da func=job_orchestration.executor.query.spider_search_task.search_without_channel input_send_start=499066050 input_send_end=499066050 input_send_duration_ms=0 bytes=611
[2026-02-02 22:03:43.842] [info] [spider.worker] [TIMING] task_id=9ed59940-e4f1-4a40-8f81-c08292f1a5da func=job_orchestration.executor.query.spider_search_task.search_without_channel spawn_start=499066050 spawn_end=499066050 spawn_duration_ms=0
[2026-02-02 22:03:45.124] [info] [spider.worker] [TIMING] task_id=9ed59940-e4f1-4a40-8f81-c08292f1a5da func=job_orchestration.executor.query.spider_search_task.search_without_channel execution_start=499066050 execution_end=499067332 execution_duration_ms=1281
[2026-02-02 22:03:45.193] [info] [spider.worker] [TIMING] task_id=9ed59940-e4f1-4a40-8f81-c08292f1a5da func=job_orchestration.executor.query.spider_search_task.search_without_channel submit_output_start=499067334 submit_output_end=499067401 submit_output_duration_ms=67
[2026-02-02 22:03:45.313] [info] [spider.worker] [TIMING] task_id=1c33bf2c-f152-4dee-bcbf-1bf49a0f3fe3 func=job_orchestration.executor.query.spider_search_task.search_without_channel fetch_input_start=499067520 fetch_input_end=499067521 fetch_input_duration_ms=1
[2026-02-02 22:03:45.313] [info] [spider.worker] [TIMING] task_id=1c33bf2c-f152-4dee-bcbf-1bf49a0f3fe3 func=job_orchestration.executor.query.spider_search_task.search_without_channel input_send_start=499067522 input_send_end=499067522 input_send_duration_ms=0 bytes=612
[2026-02-02 22:03:45.313] [info] [spider.worker] [TIMING] task_id=1c33bf2c-f152-4dee-bcbf-1bf49a0f3fe3 func=job_orchestration.executor.query.spider_search_task.search_without_channel spawn_start=499067521 spawn_end=499067522 spawn_duration_ms=0
[2026-02-02 22:03:46.639] [info] [spider.worker] [TIMING] task_id=1c33bf2c-f152-4dee-bcbf-1bf49a0f3fe3 func=job_orchestration.executor.query.spider_search_task.search_without_channel execution_start=499067522 execution_end=499068847 execution_duration_ms=1325
[2026-02-02 22:03:46.717] [info] [spider.worker] [TIMING] task_id=1c33bf2c-f152-4dee-bcbf-1bf49a0f3fe3 func=job_orchestration.executor.query.spider_search_task.search_without_channel submit_output_start=499068849 submit_output_end=499068925 submit_output_duration_ms=76
[2026-02-02 22:03:46.778] [info] [spider.worker] [TIMING] task_id=99760121-ab79-4e0e-a37c-2d1f349f503c func=job_orchestration.executor.query.spider_search_task.search_without_channel fetch_input_start=499068985 fetch_input_end=499068986 fetch_input_duration_ms=0
[2026-02-02 22:03:46.778] [info] [spider.worker] [TIMING] task_id=99760121-ab79-4e0e-a37c-2d1f349f503c func=job_orchestration.executor.query.spider_search_task.search_without_channel input_send_start=499068987 input_send_end=499068987 input_send_duration_ms=0 bytes=610
[2026-02-02 22:03:46.779] [info] [spider.worker] [TIMING] task_id=99760121-ab79-4e0e-a37c-2d1f349f503c func=job_orchestration.executor.query.spider_search_task.search_without_channel spawn_start=499068986 spawn_end=499068987 spawn_duration_ms=0
[2026-02-02 22:03:48.132] [info] [spider.worker] [TIMING] task_id=99760121-ab79-4e0e-a37c-2d1f349f503c func=job_orchestration.executor.query.spider_search_task.search_without_channel execution_start=499068987 execution_end=499070340 execution_duration_ms=1353
[2026-02-02 22:03:48.223] [info] [spider.worker] [TIMING] task_id=99760121-ab79-4e0e-a37c-2d1f349f503c func=job_orchestration.executor.query.spider_search_task.search_without_channel submit_output_start=499070342 submit_output_end=499070432 submit_output_duration_ms=89
[2026-02-02 22:03:48.276] [info] [spider.worker] [TIMING] task_id=859b8bc5-892d-4e40-ab23-92565f51a591 func=job_orchestration.executor.query.spider_search_task.search_without_channel fetch_input_start=499070483 fetch_input_end=499070484 fetch_input_duration_ms=1
[2026-02-02 22:03:48.276] [info] [spider.worker] [TIMING] task_id=859b8bc5-892d-4e40-ab23-92565f51a591 func=job_orchestration.executor.query.spider_search_task.search_without_channel input_send_start=499070485 input_send_end=499070485 input_send_duration_ms=0 bytes=612
[2026-02-02 22:03:48.276] [info] [spider.worker] [TIMING] task_id=859b8bc5-892d-4e40-ab23-92565f51a591 func=job_orchestration.executor.query.spider_search_task.search_without_channel spawn_start=499070484 spawn_end=499070485 spawn_duration_ms=0
[2026-02-02 22:03:49.583] [info] [spider.worker] [TIMING] task_id=859b8bc5-892d-4e40-ab23-92565f51a591 func=job_orchestration.executor.query.spider_search_task.search_without_channel execution_start=499070485 execution_end=499071792 execution_duration_ms=1306
[2026-02-02 22:03:49.644] [info] [spider.worker] [TIMING] task_id=859b8bc5-892d-4e40-ab23-92565f51a591 func=job_orchestration.executor.query.spider_search_task.search_without_channel submit_output_start=499071794 submit_output_end=499071852 submit_output_duration_ms=58
[2026-02-02 22:03:49.721] [info] [spider.worker] [TIMING] task_id=b0148345-0c7f-4323-b83a-bc1f703c63b3 func=job_orchestration.executor.query.spider_search_task.search_without_channel fetch_input_start=499071928 fetch_input_end=499071929 fetch_input_duration_ms=1
[2026-02-02 22:03:49.722] [info] [spider.worker] [TIMING] task_id=b0148345-0c7f-4323-b83a-bc1f703c63b3 func=job_orchestration.executor.query.spider_search_task.search_without_channel input_send_start=499071930 input_send_end=499071930 input_send_duration_ms=0 bytes=612
[2026-02-02 22:03:49.722] [info] [spider.worker] [TIMING] task_id=b0148345-0c7f-4323-b83a-bc1f703c63b3 func=job_orchestration.executor.query.spider_search_task.search_without_channel spawn_start=499071930 spawn_end=499071930 spawn_duration_ms=0
[2026-02-02 22:03:50.942] [info] [spider.worker] [TIMING] task_id=b0148345-0c7f-4323-b83a-bc1f703c63b3 func=job_orchestration.executor.query.spider_search_task.search_without_channel execution_start=499071930 execution_end=499073151 execution_duration_ms=1220
[2026-02-02 22:03:50.950] [info] [spider.worker] [TIMING] task_id=b0148345-0c7f-4323-b83a-bc1f703c63b3 func=job_orchestration.executor.query.spider_search_task.search_without_channel submit_output_start=499073152 submit_output_end=499073159 submit_output_duration_ms=6
[2026-02-02 22:03:51.001] [info] [spider.worker] [TIMING] task_id=fdaf501f-3f80-4bc8-9781-ecf5badb0bd1 func=job_orchestration.executor.query.spider_search_task.search_without_channel fetch_input_start=499073208 fetch_input_end=499073209 fetch_input_duration_ms=1
[2026-02-02 22:03:51.002] [info] [spider.worker] [TIMING] task_id=fdaf501f-3f80-4bc8-9781-ecf5badb0bd1 func=job_orchestration.executor.query.spider_search_task.search_without_channel input_send_start=499073210 input_send_end=499073210 input_send_duration_ms=0 bytes=611
[2026-02-02 22:03:51.002] [info] [spider.worker] [TIMING] task_id=fdaf501f-3f80-4bc8-9781-ecf5badb0bd1 func=job_orchestration.executor.query.spider_search_task.search_without_channel spawn_start=499073210 spawn_end=499073210 spawn_duration_ms=0
[2026-02-02 22:03:52.300] [info] [spider.worker] [TIMING] task_id=fdaf501f-3f80-4bc8-9781-ecf5badb0bd1 func=job_orchestration.executor.query.spider_search_task.search_without_channel execution_start=499073210 execution_end=499074508 execution_duration_ms=1297
[2026-02-02 22:03:52.309] [info] [spider.worker] [TIMING] task_id=fdaf501f-3f80-4bc8-9781-ecf5badb0bd1 func=job_orchestration.executor.query.spider_search_task.search_without_channel submit_output_start=499074509 submit_output_end=499074518 submit_output_duration_ms=8
[2026-02-02 22:03:52.320] [info] [spider.worker] [TIMING] task_id=48314c22-80a6-41d6-a03b-5001712d065d func=job_orchestration.executor.query.spider_search_task.search_without_channel fetch_input_start=499074528 fetch_input_end=499074529 fetch_input_duration_ms=1
[2026-02-02 22:03:52.321] [info] [spider.worker] [TIMING] task_id=48314c22-80a6-41d6-a03b-5001712d065d func=job_orchestration.executor.query.spider_search_task.search_without_channel input_send_start=499074529 input_send_end=499074529 input_send_duration_ms=0 bytes=612
[2026-02-02 22:03:52.321] [info] [spider.worker] [TIMING] task_id=48314c22-80a6-41d6-a03b-5001712d065d func=job_orchestration.executor.query.spider_search_task.search_without_channel spawn_start=499074529 spawn_end=499074529 spawn_duration_ms=0
[2026-02-02 22:03:53.622] [info] [spider.worker] [TIMING] task_id=48314c22-80a6-41d6-a03b-5001712d065d func=job_orchestration.executor.query.spider_search_task.search_without_channel execution_start=499074529 execution_end=499075830 execution_duration_ms=1301
[2026-02-02 22:03:53.635] [info] [spider.worker] [TIMING] task_id=48314c22-80a6-41d6-a03b-5001712d065d func=job_orchestration.executor.query.spider_search_task.search_without_channel submit_output_start=499075832 submit_output_end=499075843 submit_output_duration_ms=10
[2026-02-02 22:03:53.645] [info] [spider.worker] [TIMING] task_id=964444eb-a059-4ab4-aaa3-92ea0fdf6218 func=job_orchestration.executor.query.spider_search_task.search_without_channel fetch_input_start=499075852 fetch_input_end=499075853 fetch_input_duration_ms=0
[2026-02-02 22:03:53.645] [info] [spider.worker] [TIMING] task_id=964444eb-a059-4ab4-aaa3-92ea0fdf6218 func=job_orchestration.executor.query.spider_search_task.search_without_channel input_send_start=499075853 input_send_end=499075853 input_send_duration_ms=0 bytes=612
[2026-02-02 22:03:53.645] [info] [spider.worker] [TIMING] task_id=964444eb-a059-4ab4-aaa3-92ea0fdf6218 func=job_orchestration.executor.query.spider_search_task.search_without_channel spawn_start=499075853 spawn_end=499075853 spawn_duration_ms=0
[2026-02-02 22:03:54.962] [info] [spider.worker] [TIMING] task_id=964444eb-a059-4ab4-aaa3-92ea0fdf6218 func=job_orchestration.executor.query.spider_search_task.search_without_channel execution_start=499075853 execution_end=499077170 execution_duration_ms=1316
[2026-02-02 22:03:54.985] [info] [spider.worker] [TIMING] task_id=964444eb-a059-4ab4-aaa3-92ea0fdf6218 func=job_orchestration.executor.query.spider_search_task.search_without_channel submit_output_start=499077177 submit_output_end=499077193 submit_output_duration_ms=15
[2026-02-02 22:03:55.005] [info] [spider.worker] [TIMING] task_id=fa291134-0430-468b-9c20-6ed54a257b95 func=job_orchestration.executor.query.spider_search_task.search_without_channel fetch_input_start=499077212 fetch_input_end=499077213 fetch_input_duration_ms=1
[2026-02-02 22:03:55.006] [info] [spider.worker] [TIMING] task_id=fa291134-0430-468b-9c20-6ed54a257b95 func=job_orchestration.executor.query.spider_search_task.search_without_channel input_send_start=499077214 input_send_end=499077214 input_send_duration_ms=0 bytes=612
[2026-02-02 22:03:55.006] [info] [spider.worker] [TIMING] task_id=fa291134-0430-468b-9c20-6ed54a257b95 func=job_orchestration.executor.query.spider_search_task.search_without_channel spawn_start=499077213 spawn_end=499077214 spawn_duration_ms=0
[2026-02-02 22:03:56.269] [info] [spider.worker] [TIMING] task_id=fa291134-0430-468b-9c20-6ed54a257b95 func=job_orchestration.executor.query.spider_search_task.search_without_channel execution_start=499077214 execution_end=499078478 execution_duration_ms=1263
[2026-02-02 22:03:56.298] [info] [spider.worker] [TIMING] task_id=fa291134-0430-468b-9c20-6ed54a257b95 func=job_orchestration.executor.query.spider_search_task.search_without_channel submit_output_start=499078480 submit_output_end=499078506 submit_output_duration_ms=26
[2026-02-02 22:03:56.347] [info] [spider.worker] [TIMING] task_id=c2264ff0-995b-4fc5-9baa-5c1c899c6d62 func=job_orchestration.executor.query.spider_search_task.search_without_channel fetch_input_start=499078554 fetch_input_end=499078555 fetch_input_duration_ms=1
[2026-02-02 22:03:56.347] [info] [spider.worker] [TIMING] task_id=c2264ff0-995b-4fc5-9baa-5c1c899c6d62 func=job_orchestration.executor.query.spider_search_task.search_without_channel input_send_start=499078555 input_send_end=499078555 input_send_duration_ms=0 bytes=610
[2026-02-02 22:03:56.347] [info] [spider.worker] [TIMING] task_id=c2264ff0-995b-4fc5-9baa-5c1c899c6d62 func=job_orchestration.executor.query.spider_search_task.search_without_channel spawn_start=499078555 spawn_end=499078555 spawn_duration_ms=0
[2026-02-02 22:03:57.695] [info] [spider.worker] [TIMING] task_id=c2264ff0-995b-4fc5-9baa-5c1c899c6d62 func=job_orchestration.executor.query.spider_search_task.search_without_channel execution_start=499078556 execution_end=499079904 execution_duration_ms=1347
[2026-02-02 22:03:57.726] [info] [spider.worker] [TIMING] task_id=c2264ff0-995b-4fc5-9baa-5c1c899c6d62 func=job_orchestration.executor.query.spider_search_task.search_without_channel submit_output_start=499079906 submit_output_end=499079935 submit_output_duration_ms=28
[2026-02-02 22:03:57.763] [info] [spider.worker] [TIMING] task_id=72c6295d-fd26-48c6-8f54-2c5248a77a3b func=job_orchestration.executor.query.spider_search_task.search_without_channel fetch_input_start=499079971 fetch_input_end=499079972 fetch_input_duration_ms=1
[2026-02-02 22:03:57.764] [info] [spider.worker] [TIMING] task_id=72c6295d-fd26-48c6-8f54-2c5248a77a3b func=job_orchestration.executor.query.spider_search_task.search_without_channel input_send_start=499079972 input_send_end=499079972 input_send_duration_ms=0 bytes=612
[2026-02-02 22:03:57.764] [info] [spider.worker] [TIMING] task_id=72c6295d-fd26-48c6-8f54-2c5248a77a3b func=job_orchestration.executor.query.spider_search_task.search_without_channel spawn_start=499079972 spawn_end=499079972 spawn_duration_ms=0
[2026-02-02 22:03:59.099] [info] [spider.worker] [TIMING] task_id=72c6295d-fd26-48c6-8f54-2c5248a77a3b func=job_orchestration.executor.query.spider_search_task.search_without_channel execution_start=499079973 execution_end=499081307 execution_duration_ms=1334
[2026-02-02 22:03:59.130] [info] [spider.worker] [TIMING] task_id=72c6295d-fd26-48c6-8f54-2c5248a77a3b func=job_orchestration.executor.query.spider_search_task.search_without_channel submit_output_start=499081309 submit_output_end=499081339 submit_output_duration_ms=29
[2026-02-02 22:03:59.155] [info] [spider.worker] [TIMING] task_id=652aab2e-ba7b-4037-8363-2a025346802b func=job_orchestration.executor.query.spider_search_task.search_without_channel fetch_input_start=499081362 fetch_input_end=499081363 fetch_input_duration_ms=1
[2026-02-02 22:03:59.156] [info] [spider.worker] [TIMING] task_id=652aab2e-ba7b-4037-8363-2a025346802b func=job_orchestration.executor.query.spider_search_task.search_without_channel input_send_start=499081364 input_send_end=499081364 input_send_duration_ms=0 bytes=610
[2026-02-02 22:03:59.156] [info] [spider.worker] [TIMING] task_id=652aab2e-ba7b-4037-8363-2a025346802b func=job_orchestration.executor.query.spider_search_task.search_without_channel spawn_start=499081363 spawn_end=499081364 spawn_duration_ms=0
[2026-02-02 22:04:00.418] [info] [spider.worker] [TIMING] task_id=652aab2e-ba7b-4037-8363-2a025346802b func=job_orchestration.executor.query.spider_search_task.search_without_channel execution_start=499081364 execution_end=499082627 execution_duration_ms=1262
[2026-02-02 22:04:00.428] [info] [spider.worker] [TIMING] task_id=652aab2e-ba7b-4037-8363-2a025346802b func=job_orchestration.executor.query.spider_search_task.search_without_channel submit_output_start=499082628 submit_output_end=499082636 submit_output_duration_ms=7
[2026-02-02 22:04:00.439] [info] [spider.worker] [TIMING] task_id=2487595b-c808-40f9-848b-1fb34234b7db func=job_orchestration.executor.query.spider_search_task.search_without_channel fetch_input_start=499082646 fetch_input_end=499082647 fetch_input_duration_ms=1
[2026-02-02 22:04:00.440] [info] [spider.worker] [TIMING] task_id=2487595b-c808-40f9-848b-1fb34234b7db func=job_orchestration.executor.query.spider_search_task.search_without_channel input_send_start=499082648 input_send_end=499082648 input_send_duration_ms=0 bytes=612
[2026-02-02 22:04:00.440] [info] [spider.worker] [TIMING] task_id=2487595b-c808-40f9-848b-1fb34234b7db func=job_orchestration.executor.query.spider_search_task.search_without_channel spawn_start=499082648 spawn_end=499082648 spawn_duration_ms=0
[2026-02-02 22:04:01.597] [info] [spider.worker] [TIMING] task_id=2487595b-c808-40f9-848b-1fb34234b7db func=job_orchestration.executor.query.spider_search_task.search_without_channel execution_start=499082648 execution_end=499083805 execution_duration_ms=1156
[2026-02-02 22:04:01.620] [info] [spider.worker] [TIMING] task_id=2487595b-c808-40f9-848b-1fb34234b7db func=job_orchestration.executor.query.spider_search_task.search_without_channel submit_output_start=499083806 submit_output_end=499083829 submit_output_duration_ms=22
[2026-02-02 22:04:01.698] [info] [spider.worker] [TIMING] task_id=e9721ae6-9e44-4167-951f-64dc7bcf2786 func=job_orchestration.executor.query.spider_search_task.search_without_channel fetch_input_start=499083906 fetch_input_end=499083907 fetch_input_duration_ms=1
[2026-02-02 22:04:01.699] [info] [spider.worker] [TIMING] task_id=e9721ae6-9e44-4167-951f-64dc7bcf2786 func=job_orchestration.executor.query.spider_search_task.search_without_channel input_send_start=499083907 input_send_end=499083907 input_send_duration_ms=0 bytes=610
[2026-02-02 22:04:01.699] [info] [spider.worker] [TIMING] task_id=e9721ae6-9e44-4167-951f-64dc7bcf2786 func=job_orchestration.executor.query.spider_search_task.search_without_channel spawn_start=499083907 spawn_end=499083907 spawn_duration_ms=0
[2026-02-02 22:04:02.948] [info] [spider.worker] [TIMING] task_id=e9721ae6-9e44-4167-951f-64dc7bcf2786 func=job_orchestration.executor.query.spider_search_task.search_without_channel execution_start=499083908 execution_end=499085156 execution_duration_ms=1248
[2026-02-02 22:04:02.991] [info] [spider.worker] [TIMING] task_id=e9721ae6-9e44-4167-951f-64dc7bcf2786 func=job_orchestration.executor.query.spider_search_task.search_without_channel submit_output_start=499085158 submit_output_end=499085200 submit_output_duration_ms=42
[2026-02-02 22:04:03.036] [info] [spider.worker] [TIMING] task_id=6b6168f8-0584-46f1-b47d-446c4d6f1694 func=job_orchestration.executor.query.spider_search_task.search_without_channel fetch_input_start=499085244 fetch_input_end=499085244 fetch_input_duration_ms=0
[2026-02-02 22:04:03.037] [info] [spider.worker] [TIMING] task_id=6b6168f8-0584-46f1-b47d-446c4d6f1694 func=job_orchestration.executor.query.spider_search_task.search_without_channel input_send_start=499085245 input_send_end=499085245 input_send_duration_ms=0 bytes=612
[2026-02-02 22:04:03.037] [info] [spider.worker] [TIMING] task_id=6b6168f8-0584-46f1-b47d-446c4d6f1694 func=job_orchestration.executor.query.spider_search_task.search_without_channel spawn_start=499085245 spawn_end=499085245 spawn_duration_ms=0
[2026-02-02 22:04:04.351] [info] [spider.worker] [TIMING] task_id=6b6168f8-0584-46f1-b47d-446c4d6f1694 func=job_orchestration.executor.query.spider_search_task.search_without_channel execution_start=499085245 execution_end=499086560 execution_duration_ms=1314
[2026-02-02 22:04:04.388] [info] [spider.worker] [TIMING] task_id=6b6168f8-0584-46f1-b47d-446c4d6f1694 func=job_orchestration.executor.query.spider_search_task.search_without_channel submit_output_start=499086561 submit_output_end=499086596 submit_output_duration_ms=34
[2026-02-02 22:04:04.424] [info] [spider.worker] [TIMING] task_id=d016cf76-92a4-4c37-ae5a-2b769645b838 func=job_orchestration.executor.query.spider_search_task.search_without_channel fetch_input_start=499086632 fetch_input_end=499086633 fetch_input_duration_ms=1
[2026-02-02 22:04:04.425] [info] [spider.worker] [TIMING] task_id=d016cf76-92a4-4c37-ae5a-2b769645b838 func=job_orchestration.executor.query.spider_search_task.search_without_channel input_send_start=499086633 input_send_end=499086633 input_send_duration_ms=0 bytes=612
[2026-02-02 22:04:04.425] [info] [spider.worker] [TIMING] task_id=d016cf76-92a4-4c37-ae5a-2b769645b838 func=job_orchestration.executor.query.spider_search_task.search_without_channel spawn_start=499086633 spawn_end=499086633 spawn_duration_ms=0
[2026-02-02 22:04:05.876] [info] [spider.worker] [TIMING] task_id=d016cf76-92a4-4c37-ae5a-2b769645b838 func=job_orchestration.executor.query.spider_search_task.search_without_channel execution_start=499086633 execution_end=499088084 execution_duration_ms=1451
[2026-02-02 22:04:05.888] [info] [spider.worker] [TIMING] task_id=d016cf76-92a4-4c37-ae5a-2b769645b838 func=job_orchestration.executor.query.spider_search_task.search_without_channel submit_output_start=499088086 submit_output_end=499088096 submit_output_duration_ms=10
[2026-02-02 22:04:05.928] [info] [spider.worker] [TIMING] task_id=aaac7b1f-8215-4bcb-9b6f-dbe173c16228 func=job_orchestration.executor.query.spider_search_task.search_without_channel fetch_input_start=499088135 fetch_input_end=499088136 fetch_input_duration_ms=1
[2026-02-02 22:04:05.929] [info] [spider.worker] [TIMING] task_id=aaac7b1f-8215-4bcb-9b6f-dbe173c16228 func=job_orchestration.executor.query.spider_search_task.search_without_channel input_send_start=499088137 input_send_end=499088137 input_send_duration_ms=0 bytes=611
[2026-02-02 22:04:05.929] [info] [spider.worker] [TIMING] task_id=aaac7b1f-8215-4bcb-9b6f-dbe173c16228 func=job_orchestration.executor.query.spider_search_task.search_without_channel spawn_start=499088136 spawn_end=499088137 spawn_duration_ms=0
[2026-02-02 22:04:07.257] [info] [spider.worker] [TIMING] task_id=aaac7b1f-8215-4bcb-9b6f-dbe173c16228 func=job_orchestration.executor.query.spider_search_task.search_without_channel execution_start=499088137 execution_end=499089465 execution_duration_ms=1328
[2026-02-02 22:04:07.330] [info] [spider.worker] [TIMING] task_id=aaac7b1f-8215-4bcb-9b6f-dbe173c16228 func=job_orchestration.executor.query.spider_search_task.search_without_channel submit_output_start=499089467 submit_output_end=499089539 submit_output_duration_ms=71
[2026-02-02 22:04:07.391] [info] [spider.worker] [TIMING] task_id=da2678b8-605c-4d54-bb19-b207f2039419 func=job_orchestration.executor.query.spider_search_task.search_without_channel fetch_input_start=499089599 fetch_input_end=499089600 fetch_input_duration_ms=0
[2026-02-02 22:04:07.392] [info] [spider.worker] [TIMING] task_id=da2678b8-605c-4d54-bb19-b207f2039419 func=job_orchestration.executor.query.spider_search_task.search_without_channel input_send_start=499089600 input_send_end=499089600 input_send_duration_ms=0 bytes=612
[2026-02-02 22:04:07.392] [info] [spider.worker] [TIMING] task_id=da2678b8-605c-4d54-bb19-b207f2039419 func=job_orchestration.executor.query.spider_search_task.search_without_channel spawn_start=499089600 spawn_end=499089600 spawn_duration_ms=0
[2026-02-02 22:04:08.628] [info] [spider.worker] [TIMING] task_id=da2678b8-605c-4d54-bb19-b207f2039419 func=job_orchestration.executor.query.spider_search_task.search_without_channel execution_start=499089600 execution_end=499090836 execution_duration_ms=1235
[2026-02-02 22:04:08.659] [info] [spider.worker] [TIMING] task_id=da2678b8-605c-4d54-bb19-b207f2039419 func=job_orchestration.executor.query.spider_search_task.search_without_channel submit_output_start=499090838 submit_output_end=499090867 submit_output_duration_ms=29
[2026-02-02 22:04:08.675] [info] [spider.worker] [TIMING] task_id=367e826f-1604-406a-8090-f6fdaad58c4c func=job_orchestration.executor.query.spider_search_task.search_without_channel fetch_input_start=499090882 fetch_input_end=499090883 fetch_input_duration_ms=1
[2026-02-02 22:04:08.676] [info] [spider.worker] [TIMING] task_id=367e826f-1604-406a-8090-f6fdaad58c4c func=job_orchestration.executor.query.spider_search_task.search_without_channel input_send_start=499090884 input_send_end=499090884 input_send_duration_ms=0 bytes=612
[2026-02-02 22:04:08.676] [info] [spider.worker] [TIMING] task_id=367e826f-1604-406a-8090-f6fdaad58c4c func=job_orchestration.executor.query.spider_search_task.search_without_channel spawn_start=499090884 spawn_end=499090884 spawn_duration_ms=0
[2026-02-02 22:04:10.099] [info] [spider.worker] [TIMING] task_id=367e826f-1604-406a-8090-f6fdaad58c4c func=job_orchestration.executor.query.spider_search_task.search_without_channel execution_start=499090884 execution_end=499092307 execution_duration_ms=1422
[2026-02-02 22:04:10.155] [info] [spider.worker] [TIMING] task_id=367e826f-1604-406a-8090-f6fdaad58c4c func=job_orchestration.executor.query.spider_search_task.search_without_channel submit_output_start=499092309 submit_output_end=499092363 submit_output_duration_ms=54
[2026-02-02 22:04:10.175] [info] [spider.worker] [TIMING] task_id=4b4affb2-8f29-42f8-b20a-c4861ef5d6b6 func=job_orchestration.executor.query.spider_search_task.search_without_channel fetch_input_start=499092382 fetch_input_end=499092383 fetch_input_duration_ms=0
[2026-02-02 22:04:10.175] [info] [spider.worker] [TIMING] task_id=4b4affb2-8f29-42f8-b20a-c4861ef5d6b6 func=job_orchestration.executor.query.spider_search_task.search_without_channel input_send_start=499092384 input_send_end=499092384 input_send_duration_ms=0 bytes=610
[2026-02-02 22:04:10.176] [info] [spider.worker] [TIMING] task_id=4b4affb2-8f29-42f8-b20a-c4861ef5d6b6 func=job_orchestration.executor.query.spider_search_task.search_without_channel spawn_start=499092383 spawn_end=499092384 spawn_duration_ms=0
[2026-02-02 22:04:11.557] [info] [spider.worker] [TIMING] task_id=4b4affb2-8f29-42f8-b20a-c4861ef5d6b6 func=job_orchestration.executor.query.spider_search_task.search_without_channel execution_start=499092384 execution_end=499093766 execution_duration_ms=1381
[2026-02-02 22:04:11.592] [info] [spider.worker] [TIMING] task_id=4b4affb2-8f29-42f8-b20a-c4861ef5d6b6 func=job_orchestration.executor.query.spider_search_task.search_without_channel submit_output_start=499093767 submit_output_end=499093800 submit_output_duration_ms=33
[2026-02-02 22:04:11.616] [info] [spider.worker] [TIMING] task_id=3c55f375-71d7-44d4-b054-a78d9c93a62f func=job_orchestration.executor.query.spider_search_task.search_without_channel fetch_input_start=499093824 fetch_input_end=499093825 fetch_input_duration_ms=0
[2026-02-02 22:04:11.617] [info] [spider.worker] [TIMING] task_id=3c55f375-71d7-44d4-b054-a78d9c93a62f func=job_orchestration.executor.query.spider_search_task.search_without_channel input_send_start=499093825 input_send_end=499093825 input_send_duration_ms=0 bytes=612
[2026-02-02 22:04:11.617] [info] [spider.worker] [TIMING] task_id=3c55f375-71d7-44d4-b054-a78d9c93a62f func=job_orchestration.executor.query.spider_search_task.search_without_channel spawn_start=499093825 spawn_end=499093825 spawn_duration_ms=0
[2026-02-02 22:04:12.899] [info] [spider.worker] [TIMING] task_id=3c55f375-71d7-44d4-b054-a78d9c93a62f func=job_orchestration.executor.query.spider_search_task.search_without_channel execution_start=499093825 execution_end=499095108 execution_duration_ms=1282
[2026-02-02 22:04:12.923] [info] [spider.worker] [TIMING] task_id=3c55f375-71d7-44d4-b054-a78d9c93a62f func=job_orchestration.executor.query.spider_search_task.search_without_channel submit_output_start=499095113 submit_output_end=499095131 submit_output_duration_ms=18
[2026-02-02 22:04:12.943] [info] [spider.worker] [TIMING] task_id=4e3e00c3-0ce2-4007-8712-63c74a4394a1 func=job_orchestration.executor.query.spider_search_task.search_without_channel fetch_input_start=499095150 fetch_input_end=499095151 fetch_input_duration_ms=1
[2026-02-02 22:04:12.943] [info] [spider.worker] [TIMING] task_id=4e3e00c3-0ce2-4007-8712-63c74a4394a1 func=job_orchestration.executor.query.spider_search_task.search_without_channel input_send_start=499095152 input_send_end=499095152 input_send_duration_ms=0 bytes=612
[2026-02-02 22:04:12.943] [info] [spider.worker] [TIMING] task_id=4e3e00c3-0ce2-4007-8712-63c74a4394a1 func=job_orchestration.executor.query.spider_search_task.search_without_channel spawn_start=499095151 spawn_end=499095152 spawn_duration_ms=0
[2026-02-02 22:04:14.248] [info] [spider.worker] [TIMING] task_id=4e3e00c3-0ce2-4007-8712-63c74a4394a1 func=job_orchestration.executor.query.spider_search_task.search_without_channel execution_start=499095152 execution_end=499096457 execution_duration_ms=1305
[2026-02-02 22:04:14.273] [info] [spider.worker] [TIMING] task_id=4e3e00c3-0ce2-4007-8712-63c74a4394a1 func=job_orchestration.executor.query.spider_search_task.search_without_channel submit_output_start=499096467 submit_output_end=499096482 submit_output_duration_ms=14
[2026-02-02 22:04:14.293] [info] [spider.worker] [TIMING] task_id=6e88dcaf-aacf-460b-bc71-b94f3606ae5b func=job_orchestration.executor.query.spider_search_task.search_without_channel fetch_input_start=499096500 fetch_input_end=499096501 fetch_input_duration_ms=1
[2026-02-02 22:04:14.293] [info] [spider.worker] [TIMING] task_id=6e88dcaf-aacf-460b-bc71-b94f3606ae5b func=job_orchestration.executor.query.spider_search_task.search_without_channel input_send_start=499096502 input_send_end=499096502 input_send_duration_ms=0 bytes=612
[2026-02-02 22:04:14.293] [info] [spider.worker] [TIMING] task_id=6e88dcaf-aacf-460b-bc71-b94f3606ae5b func=job_orchestration.executor.query.spider_search_task.search_without_channel spawn_start=499096501 spawn_end=499096502 spawn_duration_ms=0
[2026-02-02 22:04:15.585] [info] [spider.worker] [TIMING] task_id=6e88dcaf-aacf-460b-bc71-b94f3606ae5b func=job_orchestration.executor.query.spider_search_task.search_without_channel execution_start=499096502 execution_end=499097794 execution_duration_ms=1291
[2026-02-02 22:04:15.697] [info] [spider.worker] [TIMING] task_id=6e88dcaf-aacf-460b-bc71-b94f3606ae5b func=job_orchestration.executor.query.spider_search_task.search_without_channel submit_output_start=499097805 submit_output_end=499097905 submit_output_duration_ms=100
[2026-02-02 22:04:15.753] [info] [spider.worker] [TIMING] task_id=b861dbc6-51d9-4cf7-9be0-3ed7d895a1e8 func=job_orchestration.executor.query.spider_search_task.search_without_channel fetch_input_start=499097959 fetch_input_end=499097961 fetch_input_duration_ms=1
[2026-02-02 22:04:15.753] [info] [spider.worker] [TIMING] task_id=b861dbc6-51d9-4cf7-9be0-3ed7d895a1e8 func=job_orchestration.executor.query.spider_search_task.search_without_channel input_send_start=499097961 input_send_end=499097962 input_send_duration_ms=0 bytes=610
[2026-02-02 22:04:15.753] [info] [spider.worker] [TIMING] task_id=b861dbc6-51d9-4cf7-9be0-3ed7d895a1e8 func=job_orchestration.executor.query.spider_search_task.search_without_channel spawn_start=499097961 spawn_end=499097962 spawn_duration_ms=0
[2026-02-02 22:04:17.227] [info] [spider.worker] [TIMING] task_id=b861dbc6-51d9-4cf7-9be0-3ed7d895a1e8 func=job_orchestration.executor.query.spider_search_task.search_without_channel execution_start=499097962 execution_end=499099436 execution_duration_ms=1473
[2026-02-02 22:04:17.266] [info] [spider.worker] [TIMING] task_id=b861dbc6-51d9-4cf7-9be0-3ed7d895a1e8 func=job_orchestration.executor.query.spider_search_task.search_without_channel submit_output_start=499099437 submit_output_end=499099474 submit_output_duration_ms=37
[2026-02-02 22:04:17.310] [info] [spider.worker] [TIMING] task_id=67b2dbab-8fbb-4cdd-9b54-6ceaf5d8ee8f func=job_orchestration.executor.query.spider_search_task.search_without_channel fetch_input_start=499099518 fetch_input_end=499099518 fetch_input_duration_ms=0
[2026-02-02 22:04:17.310] [info] [spider.worker] [TIMING] task_id=67b2dbab-8fbb-4cdd-9b54-6ceaf5d8ee8f func=job_orchestration.executor.query.spider_search_task.search_without_channel input_send_start=499099519 input_send_end=499099519 input_send_duration_ms=0 bytes=612
[2026-02-02 22:04:17.310] [info] [spider.worker] [TIMING] task_id=67b2dbab-8fbb-4cdd-9b54-6ceaf5d8ee8f func=job_orchestration.executor.query.spider_search_task.search_without_channel spawn_start=499099518 spawn_end=499099519 spawn_duration_ms=0
[2026-02-02 22:04:18.515] [info] [spider.worker] [TIMING] task_id=67b2dbab-8fbb-4cdd-9b54-6ceaf5d8ee8f func=job_orchestration.executor.query.spider_search_task.search_without_channel execution_start=499099519 execution_end=499100723 execution_duration_ms=1204
[2026-02-02 22:04:18.549] [info] [spider.worker] [TIMING] task_id=67b2dbab-8fbb-4cdd-9b54-6ceaf5d8ee8f func=job_orchestration.executor.query.spider_search_task.search_without_channel submit_output_start=499100724 submit_output_end=499100757 submit_output_duration_ms=33
[2026-02-02 22:04:18.570] [info] [spider.worker] [TIMING] task_id=045d9bcc-4068-49ed-9ea5-1d47cb90ab4e func=job_orchestration.executor.query.spider_search_task.search_without_channel fetch_input_start=499100777 fetch_input_end=499100778 fetch_input_duration_ms=0
[2026-02-02 22:04:18.570] [info] [spider.worker] [TIMING] task_id=045d9bcc-4068-49ed-9ea5-1d47cb90ab4e func=job_orchestration.executor.query.spider_search_task.search_without_channel input_send_start=499100778 input_send_end=499100779 input_send_duration_ms=0 bytes=612
[2026-02-02 22:04:18.570] [info] [spider.worker] [TIMING] task_id=045d9bcc-4068-49ed-9ea5-1d47cb90ab4e func=job_orchestration.executor.query.spider_search_task.search_without_channel spawn_start=499100778 spawn_end=499100779 spawn_duration_ms=0
[2026-02-02 22:04:20.059] [info] [spider.worker] [TIMING] task_id=045d9bcc-4068-49ed-9ea5-1d47cb90ab4e func=job_orchestration.executor.query.spider_search_task.search_without_channel execution_start=499100779 execution_end=499102267 execution_duration_ms=1488
[2026-02-02 22:04:20.122] [info] [spider.worker] [TIMING] task_id=045d9bcc-4068-49ed-9ea5-1d47cb90ab4e func=job_orchestration.executor.query.spider_search_task.search_without_channel submit_output_start=499102269 submit_output_end=499102330 submit_output_duration_ms=61
[2026-02-02 22:04:20.200] [info] [spider.worker] [TIMING] task_id=46337f0c-d56c-48f5-b204-3da943e95cc5 func=job_orchestration.executor.query.spider_search_task.search_without_channel fetch_input_start=499102408 fetch_input_end=499102409 fetch_input_duration_ms=0
[2026-02-02 22:04:20.201] [info] [spider.worker] [TIMING] task_id=46337f0c-d56c-48f5-b204-3da943e95cc5 func=job_orchestration.executor.query.spider_search_task.search_without_channel input_send_start=499102409 input_send_end=499102409 input_send_duration_ms=0 bytes=610
[2026-02-02 22:04:20.201] [info] [spider.worker] [TIMING] task_id=46337f0c-d56c-48f5-b204-3da943e95cc5 func=job_orchestration.executor.query.spider_search_task.search_without_channel spawn_start=499102409 spawn_end=499102409 spawn_duration_ms=0
[2026-02-02 22:04:21.524] [info] [spider.worker] [TIMING] task_id=46337f0c-d56c-48f5-b204-3da943e95cc5 func=job_orchestration.executor.query.spider_search_task.search_without_channel execution_start=499102409 execution_end=499103732 execution_duration_ms=1322
[2026-02-02 22:04:21.543] [info] [spider.worker] [TIMING] task_id=46337f0c-d56c-48f5-b204-3da943e95cc5 func=job_orchestration.executor.query.spider_search_task.search_without_channel submit_output_start=499103734 submit_output_end=499103751 submit_output_duration_ms=16
[2026-02-02 22:04:21.679] [info] [spider.worker] [TIMING] task_id=58738b63-2b5c-4d0d-b470-92ae50476ab2 func=job_orchestration.executor.query.spider_search_task.search_without_channel fetch_input_start=499103886 fetch_input_end=499103887 fetch_input_duration_ms=0
[2026-02-02 22:04:21.679] [info] [spider.worker] [TIMING] task_id=58738b63-2b5c-4d0d-b470-92ae50476ab2 func=job_orchestration.executor.query.spider_search_task.search_without_channel input_send_start=499103888 input_send_end=499103888 input_send_duration_ms=0 bytes=611
[2026-02-02 22:04:21.679] [info] [spider.worker] [TIMING] task_id=58738b63-2b5c-4d0d-b470-92ae50476ab2 func=job_orchestration.executor.query.spider_search_task.search_without_channel spawn_start=499103887 spawn_end=499103888 spawn_duration_ms=0
[2026-02-02 22:04:23.058] [info] [spider.worker] [TIMING] task_id=58738b63-2b5c-4d0d-b470-92ae50476ab2 func=job_orchestration.executor.query.spider_search_task.search_without_channel execution_start=499103888 execution_end=499105266 execution_duration_ms=1378
[2026-02-02 22:04:23.102] [info] [spider.worker] [TIMING] task_id=58738b63-2b5c-4d0d-b470-92ae50476ab2 func=job_orchestration.executor.query.spider_search_task.search_without_channel submit_output_start=499105281 submit_output_end=499105310 submit_output_duration_ms=28
[2026-02-02 22:04:23.193] [info] [spider.worker] [TIMING] task_id=3bfaf899-747d-4e1f-93d1-653b3292a9d2 func=job_orchestration.executor.query.spider_search_task.search_without_channel fetch_input_start=499105400 fetch_input_end=499105401 fetch_input_duration_ms=1
[2026-02-02 22:04:23.193] [info] [spider.worker] [TIMING] task_id=3bfaf899-747d-4e1f-93d1-653b3292a9d2 func=job_orchestration.executor.query.spider_search_task.search_without_channel input_send_start=499105402 input_send_end=499105402 input_send_duration_ms=0 bytes=611
[2026-02-02 22:04:23.193] [info] [spider.worker] [TIMING] task_id=3bfaf899-747d-4e1f-93d1-653b3292a9d2 func=job_orchestration.executor.query.spider_search_task.search_without_channel spawn_start=499105401 spawn_end=499105402 spawn_duration_ms=0
[2026-02-02 22:04:24.594] [info] [spider.worker] [TIMING] task_id=3bfaf899-747d-4e1f-93d1-653b3292a9d2 func=job_orchestration.executor.query.spider_search_task.search_without_channel execution_start=499105402 execution_end=499106802 execution_duration_ms=1400
[2026-02-02 22:04:24.660] [info] [spider.worker] [TIMING] task_id=3bfaf899-747d-4e1f-93d1-653b3292a9d2 func=job_orchestration.executor.query.spider_search_task.search_without_channel submit_output_start=499106804 submit_output_end=499106868 submit_output_duration_ms=64
[2026-02-02 22:04:24.696] [info] [spider.worker] [TIMING] task_id=afd3c90e-4b7f-45be-957d-cbed0deee99b func=job_orchestration.executor.query.spider_search_task.search_without_channel fetch_input_start=499106903 fetch_input_end=499106904 fetch_input_duration_ms=1
[2026-02-02 22:04:24.696] [info] [spider.worker] [TIMING] task_id=afd3c90e-4b7f-45be-957d-cbed0deee99b func=job_orchestration.executor.query.spider_search_task.search_without_channel input_send_start=499106904 input_send_end=499106904 input_send_duration_ms=0 bytes=612
[2026-02-02 22:04:24.696] [info] [spider.worker] [TIMING] task_id=afd3c90e-4b7f-45be-957d-cbed0deee99b func=job_orchestration.executor.query.spider_search_task.search_without_channel spawn_start=499106904 spawn_end=499106904 spawn_duration_ms=0
[2026-02-02 22:04:25.906] [info] [spider.worker] [TIMING] task_id=afd3c90e-4b7f-45be-957d-cbed0deee99b func=job_orchestration.executor.query.spider_search_task.search_without_channel execution_start=499106905 execution_end=499108114 execution_duration_ms=1209
[2026-02-02 22:04:25.918] [info] [spider.worker] [TIMING] task_id=afd3c90e-4b7f-45be-957d-cbed0deee99b func=job_orchestration.executor.query.spider_search_task.search_without_channel submit_output_start=499108116 submit_output_end=499108127 submit_output_duration_ms=11
[2026-02-02 22:04:25.958] [info] [spider.worker] [TIMING] task_id=058053a2-ac76-4da6-a5e0-44e910d4ac46 func=job_orchestration.executor.query.spider_search_task.search_without_channel fetch_input_start=499108166 fetch_input_end=499108167 fetch_input_duration_ms=0
[2026-02-02 22:04:25.959] [info] [spider.worker] [TIMING] task_id=058053a2-ac76-4da6-a5e0-44e910d4ac46 func=job_orchestration.executor.query.spider_search_task.search_without_channel input_send_start=499108167 input_send_end=499108167 input_send_duration_ms=0 bytes=610
[2026-02-02 22:04:25.959] [info] [spider.worker] [TIMING] task_id=058053a2-ac76-4da6-a5e0-44e910d4ac46 func=job_orchestration.executor.query.spider_search_task.search_without_channel spawn_start=499108167 spawn_end=499108167 spawn_duration_ms=0
[2026-02-02 22:04:27.171] [info] [spider.worker] [TIMING] task_id=058053a2-ac76-4da6-a5e0-44e910d4ac46 func=job_orchestration.executor.query.spider_search_task.search_without_channel execution_start=499108167 execution_end=499109380 execution_duration_ms=1212
[2026-02-02 22:04:27.211] [info] [spider.worker] [TIMING] task_id=058053a2-ac76-4da6-a5e0-44e910d4ac46 func=job_orchestration.executor.query.spider_search_task.search_without_channel submit_output_start=499109401 submit_output_end=499109419 submit_output_duration_ms=17
[2026-02-02 22:04:27.230] [info] [spider.worker] [TIMING] task_id=27a0d2a6-9b08-4adc-a857-3e98e4e02526 func=job_orchestration.executor.query.spider_search_task.search_without_channel fetch_input_start=499109438 fetch_input_end=499109439 fetch_input_duration_ms=1
[2026-02-02 22:04:27.231] [info] [spider.worker] [TIMING] task_id=27a0d2a6-9b08-4adc-a857-3e98e4e02526 func=job_orchestration.executor.query.spider_search_task.search_without_channel input_send_start=499109439 input_send_end=499109439 input_send_duration_ms=0 bytes=612
[2026-02-02 22:04:27.231] [info] [spider.worker] [TIMING] task_id=27a0d2a6-9b08-4adc-a857-3e98e4e02526 func=job_orchestration.executor.query.spider_search_task.search_without_channel spawn_start=499109439 spawn_end=499109439 spawn_duration_ms=0
[2026-02-02 22:04:28.564] [info] [spider.worker] [TIMING] task_id=27a0d2a6-9b08-4adc-a857-3e98e4e02526 func=job_orchestration.executor.query.spider_search_task.search_without_channel execution_start=499109440 execution_end=499110772 execution_duration_ms=1332
[2026-02-02 22:04:28.638] [info] [spider.worker] [TIMING] task_id=27a0d2a6-9b08-4adc-a857-3e98e4e02526 func=job_orchestration.executor.query.spider_search_task.search_without_channel submit_output_start=499110774 submit_output_end=499110847 submit_output_duration_ms=72
[2026-02-02 22:04:28.655] [info] [spider.worker] [TIMING] task_id=15d15867-67dd-430c-b793-9eb4a69e0aa5 func=job_orchestration.executor.query.spider_search_task.search_without_channel fetch_input_start=499110863 fetch_input_end=499110864 fetch_input_duration_ms=1
[2026-02-02 22:04:28.656] [info] [spider.worker] [TIMING] task_id=15d15867-67dd-430c-b793-9eb4a69e0aa5 func=job_orchestration.executor.query.spider_search_task.search_without_channel input_send_start=499110864 input_send_end=499110864 input_send_duration_ms=0 bytes=611
[2026-02-02 22:04:28.656] [info] [spider.worker] [TIMING] task_id=15d15867-67dd-430c-b793-9eb4a69e0aa5 func=job_orchestration.executor.query.spider_search_task.search_without_channel spawn_start=499110864 spawn_end=499110864 spawn_duration_ms=0
[2026-02-02 22:04:29.899] [info] [spider.worker] [TIMING] task_id=15d15867-67dd-430c-b793-9eb4a69e0aa5 func=job_orchestration.executor.query.spider_search_task.search_without_channel execution_start=499110864 execution_end=499112108 execution_duration_ms=1243
[2026-02-02 22:04:29.966] [info] [spider.worker] [TIMING] task_id=15d15867-67dd-430c-b793-9eb4a69e0aa5 func=job_orchestration.executor.query.spider_search_task.search_without_channel submit_output_start=499112109 submit_output_end=499112175 submit_output_duration_ms=65
[2026-02-02 22:04:30.086] [info] [spider.worker] [TIMING] task_id=8448c0bd-99e3-47ec-a9b3-0b2bdb227c5c func=job_orchestration.executor.query.spider_search_task.search_without_channel fetch_input_start=499112294 fetch_input_end=499112295 fetch_input_duration_ms=0
[2026-02-02 22:04:30.087] [info] [spider.worker] [TIMING] task_id=8448c0bd-99e3-47ec-a9b3-0b2bdb227c5c func=job_orchestration.executor.query.spider_search_task.search_without_channel input_send_start=499112295 input_send_end=499112295 input_send_duration_ms=0 bytes=612
[2026-02-02 22:04:30.087] [info] [spider.worker] [TIMING] task_id=8448c0bd-99e3-47ec-a9b3-0b2bdb227c5c func=job_orchestration.executor.query.spider_search_task.search_without_channel spawn_start=499112295 spawn_end=499112295 spawn_duration_ms=0
[2026-02-02 22:04:31.305] [info] [spider.worker] [TIMING] task_id=8448c0bd-99e3-47ec-a9b3-0b2bdb227c5c func=job_orchestration.executor.query.spider_search_task.search_without_channel execution_start=499112295 execution_end=499113514 execution_duration_ms=1218
[2026-02-02 22:04:31.328] [info] [spider.worker] [TIMING] task_id=8448c0bd-99e3-47ec-a9b3-0b2bdb227c5c func=job_orchestration.executor.query.spider_search_task.search_without_channel submit_output_start=499113521 submit_output_end=499113536 submit_output_duration_ms=15
[2026-02-02 22:04:31.366] [info] [spider.worker] [TIMING] task_id=94f13f71-7d2f-4fdb-ad31-0577a120ac3e func=job_orchestration.executor.query.spider_search_task.search_without_channel fetch_input_start=499113573 fetch_input_end=499113574 fetch_input_duration_ms=1
[2026-02-02 22:04:31.366] [info] [spider.worker] [TIMING] task_id=94f13f71-7d2f-4fdb-ad31-0577a120ac3e func=job_orchestration.executor.query.spider_search_task.search_without_channel input_send_start=499113575 input_send_end=499113575 input_send_duration_ms=0 bytes=612
[2026-02-02 22:04:31.366] [info] [spider.worker] [TIMING] task_id=94f13f71-7d2f-4fdb-ad31-0577a120ac3e func=job_orchestration.executor.query.spider_search_task.search_without_channel spawn_start=499113574 spawn_end=499113575 spawn_duration_ms=0
[2026-02-02 22:04:32.785] [info] [spider.worker] [TIMING] task_id=94f13f71-7d2f-4fdb-ad31-0577a120ac3e func=job_orchestration.executor.query.spider_search_task.search_without_channel execution_start=499113575 execution_end=499114994 execution_duration_ms=1418
[2026-02-02 22:04:32.850] [info] [spider.worker] [TIMING] task_id=94f13f71-7d2f-4fdb-ad31-0577a120ac3e func=job_orchestration.executor.query.spider_search_task.search_without_channel submit_output_start=499115009 submit_output_end=499115059 submit_output_duration_ms=49
[2026-02-02 22:04:32.911] [info] [spider.worker] [TIMING] task_id=f7f65750-adee-4fd6-a91c-74cf01eb6f4a func=job_orchestration.executor.query.spider_search_task.search_without_channel fetch_input_start=499115118 fetch_input_end=499115119 fetch_input_duration_ms=0
[2026-02-02 22:04:32.911] [info] [spider.worker] [TIMING] task_id=f7f65750-adee-4fd6-a91c-74cf01eb6f4a func=job_orchestration.executor.query.spider_search_task.search_without_channel input_send_start=499115120 input_send_end=499115120 input_send_duration_ms=0 bytes=610
[2026-02-02 22:04:32.912] [info] [spider.worker] [TIMING] task_id=f7f65750-adee-4fd6-a91c-74cf01eb6f4a func=job_orchestration.executor.query.spider_search_task.search_without_channel spawn_start=499115119 spawn_end=499115120 spawn_duration_ms=0
[2026-02-02 22:04:34.436] [info] [spider.worker] [TIMING] task_id=f7f65750-adee-4fd6-a91c-74cf01eb6f4a func=job_orchestration.executor.query.spider_search_task.search_without_channel execution_start=499115120 execution_end=499116644 execution_duration_ms=1524
[2026-02-02 22:04:34.464] [info] [spider.worker] [TIMING] task_id=f7f65750-adee-4fd6-a91c-74cf01eb6f4a func=job_orchestration.executor.query.spider_search_task.search_without_channel submit_output_start=499116646 submit_output_end=499116672 submit_output_duration_ms=26
[2026-02-02 22:04:34.481] [info] [spider.worker] [TIMING] task_id=e1002da8-acb2-4868-b5b5-ee3287d54b34 func=job_orchestration.executor.query.spider_search_task.search_without_channel fetch_input_start=499116689 fetch_input_end=499116690 fetch_input_duration_ms=0
[2026-02-02 22:04:34.482] [info] [spider.worker] [TIMING] task_id=e1002da8-acb2-4868-b5b5-ee3287d54b34 func=job_orchestration.executor.query.spider_search_task.search_without_channel input_send_start=499116690 input_send_end=499116690 input_send_duration_ms=0 bytes=612
[2026-02-02 22:04:34.482] [info] [spider.worker] [TIMING] task_id=e1002da8-acb2-4868-b5b5-ee3287d54b34 func=job_orchestration.executor.query.spider_search_task.search_without_channel spawn_start=499116690 spawn_end=499116690 spawn_duration_ms=0
[2026-02-02 22:04:35.896] [info] [spider.worker] [TIMING] task_id=e1002da8-acb2-4868-b5b5-ee3287d54b34 func=job_orchestration.executor.query.spider_search_task.search_without_channel execution_start=499116690 execution_end=499118104 execution_duration_ms=1413
[2026-02-02 22:04:35.946] [info] [spider.worker] [TIMING] task_id=e1002da8-acb2-4868-b5b5-ee3287d54b34 func=job_orchestration.executor.query.spider_search_task.search_without_channel submit_output_start=499118105 submit_output_end=499118154 submit_output_duration_ms=48
[2026-02-02 22:04:36.104] [info] [spider.worker] [TIMING] task_id=2bc2c3fd-a681-4d19-9832-6d9090d75e10 func=job_orchestration.executor.query.spider_search_task.search_without_channel fetch_input_start=499118304 fetch_input_end=499118313 fetch_input_duration_ms=8
[2026-02-02 22:04:36.105] [info] [spider.worker] [TIMING] task_id=2bc2c3fd-a681-4d19-9832-6d9090d75e10 func=job_orchestration.executor.query.spider_search_task.search_without_channel input_send_start=499118313 input_send_end=499118313 input_send_duration_ms=0 bytes=610
[2026-02-02 22:04:36.105] [info] [spider.worker] [TIMING] task_id=2bc2c3fd-a681-4d19-9832-6d9090d75e10 func=job_orchestration.executor.query.spider_search_task.search_without_channel spawn_start=499118313 spawn_end=499118313 spawn_duration_ms=0
[2026-02-02 22:04:37.538] [info] [spider.worker] [TIMING] task_id=2bc2c3fd-a681-4d19-9832-6d9090d75e10 func=job_orchestration.executor.query.spider_search_task.search_without_channel execution_start=499118313 execution_end=499119746 execution_duration_ms=1432
[2026-02-02 22:04:37.554] [info] [spider.worker] [TIMING] task_id=2bc2c3fd-a681-4d19-9832-6d9090d75e10 func=job_orchestration.executor.query.spider_search_task.search_without_channel submit_output_start=499119748 submit_output_end=499119763 submit_output_duration_ms=14
[2026-02-02 22:04:37.574] [info] [spider.worker] [TIMING] task_id=885c3781-44bf-4ec0-a4ef-38d5d3afb432 func=job_orchestration.executor.query.spider_search_task.search_without_channel fetch_input_start=499119781 fetch_input_end=499119782 fetch_input_duration_ms=1
[2026-02-02 22:04:37.575] [info] [spider.worker] [TIMING] task_id=885c3781-44bf-4ec0-a4ef-38d5d3afb432 func=job_orchestration.executor.query.spider_search_task.search_without_channel input_send_start=499119783 input_send_end=499119783 input_send_duration_ms=0 bytes=612
[2026-02-02 22:04:37.575] [info] [spider.worker] [TIMING] task_id=885c3781-44bf-4ec0-a4ef-38d5d3afb432 func=job_orchestration.executor.query.spider_search_task.search_without_channel spawn_start=499119783 spawn_end=499119783 spawn_duration_ms=0
[2026-02-02 22:04:38.991] [info] [spider.worker] [TIMING] task_id=885c3781-44bf-4ec0-a4ef-38d5d3afb432 func=job_orchestration.executor.query.spider_search_task.search_without_channel execution_start=499119783 execution_end=499121200 execution_duration_ms=1416
[2026-02-02 22:04:39.045] [info] [spider.worker] [TIMING] task_id=885c3781-44bf-4ec0-a4ef-38d5d3afb432 func=job_orchestration.executor.query.spider_search_task.search_without_channel submit_output_start=499121201 submit_output_end=499121253 submit_output_duration_ms=51
[2026-02-02 22:04:39.074] [info] [spider.worker] [TIMING] task_id=b835ebcb-7b29-43ac-b4b4-34f9ae44a69b func=job_orchestration.executor.query.spider_search_task.search_without_channel fetch_input_start=499121281 fetch_input_end=499121282 fetch_input_duration_ms=0
[2026-02-02 22:04:39.074] [info] [spider.worker] [TIMING] task_id=b835ebcb-7b29-43ac-b4b4-34f9ae44a69b func=job_orchestration.executor.query.spider_search_task.search_without_channel input_send_start=499121282 input_send_end=499121282 input_send_duration_ms=0 bytes=611
[2026-02-02 22:04:39.074] [info] [spider.worker] [TIMING] task_id=b835ebcb-7b29-43ac-b4b4-34f9ae44a69b func=job_orchestration.executor.query.spider_search_task.search_without_channel spawn_start=499121282 spawn_end=499121282 spawn_duration_ms=0
[2026-02-02 22:04:40.317] [info] [spider.worker] [TIMING] task_id=b835ebcb-7b29-43ac-b4b4-34f9ae44a69b func=job_orchestration.executor.query.spider_search_task.search_without_channel execution_start=499121283 execution_end=499122525 execution_duration_ms=1242
[2026-02-02 22:04:40.355] [info] [spider.worker] [TIMING] task_id=b835ebcb-7b29-43ac-b4b4-34f9ae44a69b func=job_orchestration.executor.query.spider_search_task.search_without_channel submit_output_start=499122527 submit_output_end=499122564 submit_output_duration_ms=36
[2026-02-02 22:04:40.374] [info] [spider.worker] [TIMING] task_id=791258b2-7b01-4b9a-be6c-b29208190b00 func=job_orchestration.executor.query.spider_search_task.search_without_channel fetch_input_start=499122582 fetch_input_end=499122583 fetch_input_duration_ms=0
[2026-02-02 22:04:40.375] [info] [spider.worker] [TIMING] task_id=791258b2-7b01-4b9a-be6c-b29208190b00 func=job_orchestration.executor.query.spider_search_task.search_without_channel input_send_start=499122583 input_send_end=499122583 input_send_duration_ms=0 bytes=612
[2026-02-02 22:04:40.375] [info] [spider.worker] [TIMING] task_id=791258b2-7b01-4b9a-be6c-b29208190b00 func=job_orchestration.executor.query.spider_search_task.search_without_channel spawn_start=499122583 spawn_end=499122583 spawn_duration_ms=0
[2026-02-02 22:04:41.834] [info] [spider.worker] [TIMING] task_id=791258b2-7b01-4b9a-be6c-b29208190b00 func=job_orchestration.executor.query.spider_search_task.search_without_channel execution_start=499122583 execution_end=499124043 execution_duration_ms=1459
[2026-02-02 22:04:41.864] [info] [spider.worker] [TIMING] task_id=791258b2-7b01-4b9a-be6c-b29208190b00 func=job_orchestration.executor.query.spider_search_task.search_without_channel submit_output_start=499124045 submit_output_end=499124073 submit_output_duration_ms=28
[2026-02-02 22:04:41.883] [info] [spider.worker] [TIMING] task_id=fa218f8e-f1d2-417c-aa21-ad662b70a55c func=job_orchestration.executor.query.spider_search_task.search_without_channel fetch_input_start=499124090 fetch_input_end=499124091 fetch_input_duration_ms=0
[2026-02-02 22:04:41.883] [info] [spider.worker] [TIMING] task_id=fa218f8e-f1d2-417c-aa21-ad662b70a55c func=job_orchestration.executor.query.spider_search_task.search_without_channel input_send_start=499124091 input_send_end=499124091 input_send_duration_ms=0 bytes=612
[2026-02-02 22:04:41.883] [info] [spider.worker] [TIMING] task_id=fa218f8e-f1d2-417c-aa21-ad662b70a55c func=job_orchestration.executor.query.spider_search_task.search_without_channel spawn_start=499124091 spawn_end=499124091 spawn_duration_ms=0
[2026-02-02 22:04:43.231] [info] [spider.worker] [TIMING] task_id=fa218f8e-f1d2-417c-aa21-ad662b70a55c func=job_orchestration.executor.query.spider_search_task.search_without_channel execution_start=499124092 execution_end=499125440 execution_duration_ms=1348
[2026-02-02 22:04:43.370] [info] [spider.worker] [TIMING] task_id=fa218f8e-f1d2-417c-aa21-ad662b70a55c func=job_orchestration.executor.query.spider_search_task.search_without_channel submit_output_start=499125470 submit_output_end=499125578 submit_output_duration_ms=108
[2026-02-02 22:04:43.531] [info] [spider.worker] [TIMING] task_id=b18514ee-6413-40c0-b290-1b61be1a6558 func=job_orchestration.executor.query.spider_search_task.search_without_channel fetch_input_start=499125739 fetch_input_end=499125740 fetch_input_duration_ms=0
[2026-02-02 22:04:43.532] [info] [spider.worker] [TIMING] task_id=b18514ee-6413-40c0-b290-1b61be1a6558 func=job_orchestration.executor.query.spider_search_task.search_without_channel input_send_start=499125740 input_send_end=499125740 input_send_duration_ms=0 bytes=610
[2026-02-02 22:04:43.532] [info] [spider.worker] [TIMING] task_id=b18514ee-6413-40c0-b290-1b61be1a6558 func=job_orchestration.executor.query.spider_search_task.search_without_channel spawn_start=499125740 spawn_end=499125740 spawn_duration_ms=0
[2026-02-02 22:04:44.786] [info] [spider.worker] [TIMING] task_id=b18514ee-6413-40c0-b290-1b61be1a6558 func=job_orchestration.executor.query.spider_search_task.search_without_channel execution_start=499125740 execution_end=499126995 execution_duration_ms=1254
[2026-02-02 22:04:44.832] [info] [spider.worker] [TIMING] task_id=b18514ee-6413-40c0-b290-1b61be1a6558 func=job_orchestration.executor.query.spider_search_task.search_without_channel submit_output_start=499127002 submit_output_end=499127040 submit_output_duration_ms=38
[2026-02-02 22:04:44.893] [info] [spider.worker] [TIMING] task_id=87bac5f2-f0ec-46c4-9b33-3a1ac39abff6 func=job_orchestration.executor.query.spider_search_task.search_without_channel fetch_input_start=499127100 fetch_input_end=499127101 fetch_input_duration_ms=1
[2026-02-02 22:04:44.893] [info] [spider.worker] [TIMING] task_id=87bac5f2-f0ec-46c4-9b33-3a1ac39abff6 func=job_orchestration.executor.query.spider_search_task.search_without_channel input_send_start=499127102 input_send_end=499127102 input_send_duration_ms=0 bytes=610
[2026-02-02 22:04:44.894] [info] [spider.worker] [TIMING] task_id=87bac5f2-f0ec-46c4-9b33-3a1ac39abff6 func=job_orchestration.executor.query.spider_search_task.search_without_channel spawn_start=499127101 spawn_end=499127102 spawn_duration_ms=0
[2026-02-02 22:04:46.283] [info] [spider.worker] [TIMING] task_id=87bac5f2-f0ec-46c4-9b33-3a1ac39abff6 func=job_orchestration.executor.query.spider_search_task.search_without_channel execution_start=499127102 execution_end=499128492 execution_duration_ms=1389
[2026-02-02 22:04:46.315] [info] [spider.worker] [TIMING] task_id=87bac5f2-f0ec-46c4-9b33-3a1ac39abff6 func=job_orchestration.executor.query.spider_search_task.search_without_channel submit_output_start=499128493 submit_output_end=499128524 submit_output_duration_ms=30
[2026-02-02 22:04:46.351] [info] [spider.worker] [TIMING] task_id=410bddc4-1ffa-43b4-91b6-180c6b7867e2 func=job_orchestration.executor.query.spider_search_task.search_without_channel fetch_input_start=499128559 fetch_input_end=499128560 fetch_input_duration_ms=0
[2026-02-02 22:04:46.352] [info] [spider.worker] [TIMING] task_id=410bddc4-1ffa-43b4-91b6-180c6b7867e2 func=job_orchestration.executor.query.spider_search_task.search_without_channel input_send_start=499128560 input_send_end=499128560 input_send_duration_ms=0 bytes=612
[2026-02-02 22:04:46.352] [info] [spider.worker] [TIMING] task_id=410bddc4-1ffa-43b4-91b6-180c6b7867e2 func=job_orchestration.executor.query.spider_search_task.search_without_channel spawn_start=499128560 spawn_end=499128560 spawn_duration_ms=0
[2026-02-02 22:04:47.735] [info] [spider.worker] [TIMING] task_id=410bddc4-1ffa-43b4-91b6-180c6b7867e2 func=job_orchestration.executor.query.spider_search_task.search_without_channel execution_start=499128560 execution_end=499129944 execution_duration_ms=1383
[2026-02-02 22:04:47.796] [info] [spider.worker] [TIMING] task_id=410bddc4-1ffa-43b4-91b6-180c6b7867e2 func=job_orchestration.executor.query.spider_search_task.search_without_channel submit_output_start=499129946 submit_output_end=499130005 submit_output_duration_ms=59
[2026-02-02 22:04:47.843] [info] [spider.worker] [TIMING] task_id=863319cf-8dd5-45ef-99fc-b03f7fd3c018 func=job_orchestration.executor.query.spider_search_task.search_without_channel fetch_input_start=499130051 fetch_input_end=499130051 fetch_input_duration_ms=0
[2026-02-02 22:04:47.844] [info] [spider.worker] [TIMING] task_id=863319cf-8dd5-45ef-99fc-b03f7fd3c018 func=job_orchestration.executor.query.spider_search_task.search_without_channel input_send_start=499130052 input_send_end=499130052 input_send_duration_ms=0 bytes=612
[2026-02-02 22:04:47.844] [info] [spider.worker] [TIMING] task_id=863319cf-8dd5-45ef-99fc-b03f7fd3c018 func=job_orchestration.executor.query.spider_search_task.search_without_channel spawn_start=499130051 spawn_end=499130052 spawn_duration_ms=0
[2026-02-02 22:04:49.200] [info] [spider.worker] [TIMING] task_id=863319cf-8dd5-45ef-99fc-b03f7fd3c018 func=job_orchestration.executor.query.spider_search_task.search_without_channel execution_start=499130052 execution_end=499131409 execution_duration_ms=1356
[2026-02-02 22:04:49.243] [info] [spider.worker] [TIMING] task_id=863319cf-8dd5-45ef-99fc-b03f7fd3c018 func=job_orchestration.executor.query.spider_search_task.search_without_channel submit_output_start=499131411 submit_output_end=499131452 submit_output_duration_ms=41
[2026-02-02 22:04:49.311] [info] [spider.worker] [TIMING] task_id=67944cdc-8d0a-418f-a30c-bb6d1b35996d func=job_orchestration.executor.query.spider_search_task.search_without_channel fetch_input_start=499131518 fetch_input_end=499131520 fetch_input_duration_ms=1
[2026-02-02 22:04:49.312] [info] [spider.worker] [TIMING] task_id=67944cdc-8d0a-418f-a30c-bb6d1b35996d func=job_orchestration.executor.query.spider_search_task.search_without_channel input_send_start=499131520 input_send_end=499131520 input_send_duration_ms=0 bytes=612
[2026-02-02 22:04:49.312] [info] [spider.worker] [TIMING] task_id=67944cdc-8d0a-418f-a30c-bb6d1b35996d func=job_orchestration.executor.query.spider_search_task.search_without_channel spawn_start=499131520 spawn_end=499131520 spawn_duration_ms=0
[2026-02-02 22:04:50.552] [info] [spider.worker] [TIMING] task_id=67944cdc-8d0a-418f-a30c-bb6d1b35996d func=job_orchestration.executor.query.spider_search_task.search_without_channel execution_start=499131520 execution_end=499132760 execution_duration_ms=1240
[2026-02-02 22:04:50.566] [info] [spider.worker] [TIMING] task_id=67944cdc-8d0a-418f-a30c-bb6d1b35996d func=job_orchestration.executor.query.spider_search_task.search_without_channel submit_output_start=499132762 submit_output_end=499132775 submit_output_duration_ms=12
[2026-02-02 22:04:50.577] [info] [spider.worker] [TIMING] task_id=b3a83039-58f6-4080-82f7-8e189ab01372 func=job_orchestration.executor.query.spider_search_task.search_without_channel fetch_input_start=499132784 fetch_input_end=499132785 fetch_input_duration_ms=0
[2026-02-02 22:04:50.577] [info] [spider.worker] [TIMING] task_id=b3a83039-58f6-4080-82f7-8e189ab01372 func=job_orchestration.executor.query.spider_search_task.search_without_channel input_send_start=499132786 input_send_end=499132786 input_send_duration_ms=0 bytes=612
[2026-02-02 22:04:50.577] [info] [spider.worker] [TIMING] task_id=b3a83039-58f6-4080-82f7-8e189ab01372 func=job_orchestration.executor.query.spider_search_task.search_without_channel spawn_start=499132785 spawn_end=499132786 spawn_duration_ms=0
[2026-02-02 22:04:51.922] [info] [spider.worker] [TIMING] task_id=b3a83039-58f6-4080-82f7-8e189ab01372 func=job_orchestration.executor.query.spider_search_task.search_without_channel execution_start=499132786 execution_end=499134130 execution_duration_ms=1344
[2026-02-02 22:04:51.953] [info] [spider.worker] [TIMING] task_id=b3a83039-58f6-4080-82f7-8e189ab01372 func=job_orchestration.executor.query.spider_search_task.search_without_channel submit_output_start=499134132 submit_output_end=499134161 submit_output_duration_ms=29
[2026-02-02 22:04:52.003] [info] [spider.worker] [TIMING] task_id=aadf90a2-3dfa-48c4-aacd-fc70191c4870 func=job_orchestration.executor.query.spider_search_task.search_without_channel fetch_input_start=499134210 fetch_input_end=499134211 fetch_input_duration_ms=1
[2026-02-02 22:04:52.003] [info] [spider.worker] [TIMING] task_id=aadf90a2-3dfa-48c4-aacd-fc70191c4870 func=job_orchestration.executor.query.spider_search_task.search_without_channel input_send_start=499134212 input_