[2026-02-02 19:46:00.937] [warning] [spider.worker] Prefer using `SPIDER_STORAGE_URL` environment variable over `--storage_url` argument.
[2026-02-02 19:47:06.472] [info] [spider.worker] [TIMING] task_id=1cb3a096-edb7-4f1d-afc4-e730ab11324f func=job_orchestration.executor.compress.spider_compress.compress fetch_input_start=490868679 fetch_input_end=490868680 fetch_input_duration_ms=1
[2026-02-02 19:47:06.473] [info] [spider.worker] [TIMING] task_id=1cb3a096-edb7-4f1d-afc4-e730ab11324f func=job_orchestration.executor.compress.spider_compress.compress input_send_start=490868681 input_send_end=490868681 input_send_duration_ms=0 bytes=750
[2026-02-02 19:47:06.473] [info] [spider.worker] [TIMING] task_id=1cb3a096-edb7-4f1d-afc4-e730ab11324f func=job_orchestration.executor.compress.spider_compress.compress spawn_start=490868681 spawn_end=490868681 spawn_duration_ms=0
[2026-02-02 19:47:24.682] [info] [spider.worker] [TIMING] task_id=1cb3a096-edb7-4f1d-afc4-e730ab11324f func=job_orchestration.executor.compress.spider_compress.compress execution_start=490868681 execution_end=490886890 execution_duration_ms=18209
[2026-02-02 19:47:27.390] [info] [spider.worker] [TIMING] task_id=1cb3a096-edb7-4f1d-afc4-e730ab11324f func=job_orchestration.executor.compress.spider_compress.compress submit_output_start=490886892 submit_output_end=490889598 submit_output_duration_ms=2705
[2026-02-02 19:47:28.552] [info] [spider.worker] [TIMING] task_id=991097a9-1675-4e7e-8818-7fc995ba4ebb func=job_orchestration.executor.compress.spider_compress.compress fetch_input_start=490890759 fetch_input_end=490890760 fetch_input_duration_ms=0
[2026-02-02 19:47:28.552] [info] [spider.worker] [TIMING] task_id=991097a9-1675-4e7e-8818-7fc995ba4ebb func=job_orchestration.executor.compress.spider_compress.compress input_send_start=490890760 input_send_end=490890760 input_send_duration_ms=0 bytes=751
[2026-02-02 19:47:28.552] [info] [spider.worker] [TIMING] task_id=991097a9-1675-4e7e-8818-7fc995ba4ebb func=job_orchestration.executor.compress.spider_compress.compress spawn_start=490890760 spawn_end=490890760 spawn_duration_ms=0
[2026-02-02 19:50:00.908] [info] [spider.worker] [TIMING] task_id=991097a9-1675-4e7e-8818-7fc995ba4ebb func=job_orchestration.executor.compress.spider_compress.compress execution_start=490890761 execution_end=491043116 execution_duration_ms=152355
[2026-02-02 19:50:00.944] [info] [spider.worker] [TIMING] task_id=991097a9-1675-4e7e-8818-7fc995ba4ebb func=job_orchestration.executor.compress.spider_compress.compress submit_output_start=491043119 submit_output_end=491043152 submit_output_duration_ms=33
[2026-02-02 19:50:00.977] [info] [spider.worker] [TIMING] task_id=9058e9ff-9053-40b7-80d1-e10afbc6726e func=job_orchestration.executor.compress.spider_compress.compress fetch_input_start=491043183 fetch_input_end=491043185 fetch_input_duration_ms=1
[2026-02-02 19:50:00.977] [info] [spider.worker] [TIMING] task_id=9058e9ff-9053-40b7-80d1-e10afbc6726e func=job_orchestration.executor.compress.spider_compress.compress input_send_start=491043186 input_send_end=491043186 input_send_duration_ms=0 bytes=755
[2026-02-02 19:50:00.977] [info] [spider.worker] [TIMING] task_id=9058e9ff-9053-40b7-80d1-e10afbc6726e func=job_orchestration.executor.compress.spider_compress.compress spawn_start=491043185 spawn_end=491043186 spawn_duration_ms=0
[2026-02-02 19:51:58.481] [info] [spider.worker] [TIMING] task_id=9058e9ff-9053-40b7-80d1-e10afbc6726e func=job_orchestration.executor.compress.spider_compress.compress execution_start=491043186 execution_end=491160690 execution_duration_ms=117503
[2026-02-02 19:51:58.532] [info] [spider.worker] [TIMING] task_id=9058e9ff-9053-40b7-80d1-e10afbc6726e func=job_orchestration.executor.compress.spider_compress.compress submit_output_start=491160692 submit_output_end=491160740 submit_output_duration_ms=47
[2026-02-02 19:51:58.557] [info] [spider.worker] [TIMING] task_id=c16300c2-d1df-4d74-9ff4-dc957a7da941 func=job_orchestration.executor.compress.spider_compress.compress fetch_input_start=491160764 fetch_input_end=491160765 fetch_input_duration_ms=0
[2026-02-02 19:51:58.557] [info] [spider.worker] [TIMING] task_id=c16300c2-d1df-4d74-9ff4-dc957a7da941 func=job_orchestration.executor.compress.spider_compress.compress input_send_start=491160766 input_send_end=491160766 input_send_duration_ms=0 bytes=752
[2026-02-02 19:51:58.569] [info] [spider.worker] [TIMING] task_id=c16300c2-d1df-4d74-9ff4-dc957a7da941 func=job_orchestration.executor.compress.spider_compress.compress spawn_start=491160765 spawn_end=491160777 spawn_duration_ms=12
[2026-02-02 19:53:59.105] [info] [spider.worker] [TIMING] task_id=c16300c2-d1df-4d74-9ff4-dc957a7da941 func=job_orchestration.executor.compress.spider_compress.compress execution_start=491160777 execution_end=491281313 execution_duration_ms=120536
[2026-02-02 19:53:59.175] [info] [spider.worker] [TIMING] task_id=c16300c2-d1df-4d74-9ff4-dc957a7da941 func=job_orchestration.executor.compress.spider_compress.compress submit_output_start=491281315 submit_output_end=491281384 submit_output_duration_ms=68
[2026-02-02 19:53:59.204] [info] [spider.worker] [TIMING] task_id=020129ab-e5b9-43de-b002-f92dea883ac2 func=job_orchestration.executor.compress.spider_compress.compress fetch_input_start=491281411 fetch_input_end=491281412 fetch_input_duration_ms=1
[2026-02-02 19:53:59.204] [info] [spider.worker] [TIMING] task_id=020129ab-e5b9-43de-b002-f92dea883ac2 func=job_orchestration.executor.compress.spider_compress.compress input_send_start=491281412 input_send_end=491281412 input_send_duration_ms=0 bytes=755
[2026-02-02 19:53:59.204] [info] [spider.worker] [TIMING] task_id=020129ab-e5b9-43de-b002-f92dea883ac2 func=job_orchestration.executor.compress.spider_compress.compress spawn_start=491281412 spawn_end=491281412 spawn_duration_ms=0
[2026-02-02 19:54:13.024] [info] [spider.worker] [TIMING] task_id=020129ab-e5b9-43de-b002-f92dea883ac2 func=job_orchestration.executor.compress.spider_compress.compress execution_start=491281413 execution_end=491295233 execution_duration_ms=13820
[2026-02-02 19:54:13.032] [info] [spider.worker] [TIMING] task_id=020129ab-e5b9-43de-b002-f92dea883ac2 func=job_orchestration.executor.compress.spider_compress.compress submit_output_start=491295235 submit_output_end=491295241 submit_output_duration_ms=5
[2026-02-02 19:54:13.043] [info] [spider.worker] [TIMING] task_id=6d14d074-08dc-41b6-881e-6569d816a030 func=job_orchestration.executor.compress.spider_compress.compress fetch_input_start=491295250 fetch_input_end=491295251 fetch_input_duration_ms=0
[2026-02-02 19:54:13.043] [info] [spider.worker] [TIMING] task_id=6d14d074-08dc-41b6-881e-6569d816a030 func=job_orchestration.executor.compress.spider_compress.compress input_send_start=491295252 input_send_end=491295252 input_send_duration_ms=0 bytes=751
[2026-02-02 19:54:13.043] [info] [spider.worker] [TIMING] task_id=6d14d074-08dc-41b6-881e-6569d816a030 func=job_orchestration.executor.compress.spider_compress.compress spawn_start=491295251 spawn_end=491295252 spawn_duration_ms=0
[2026-02-02 19:55:51.162] [info] [spider.worker] [TIMING] task_id=6d14d074-08dc-41b6-881e-6569d816a030 func=job_orchestration.executor.compress.spider_compress.compress execution_start=491295252 execution_end=491393370 execution_duration_ms=98118
[2026-02-02 19:55:51.181] [info] [spider.worker] [TIMING] task_id=6d14d074-08dc-41b6-881e-6569d816a030 func=job_orchestration.executor.compress.spider_compress.compress submit_output_start=491393372 submit_output_end=491393390 submit_output_duration_ms=17
[2026-02-02 19:55:51.192] [info] [spider.worker] [TIMING] task_id=b51b5085-1093-49f2-9b6a-e077b8745788 func=job_orchestration.executor.compress.spider_compress.compress fetch_input_start=491393399 fetch_input_end=491393400 fetch_input_duration_ms=0
[2026-02-02 19:55:51.192] [info] [spider.worker] [TIMING] task_id=b51b5085-1093-49f2-9b6a-e077b8745788 func=job_orchestration.executor.compress.spider_compress.compress input_send_start=491393400 input_send_end=491393401 input_send_duration_ms=0 bytes=839
[2026-02-02 19:55:51.192] [info] [spider.worker] [TIMING] task_id=b51b5085-1093-49f2-9b6a-e077b8745788 func=job_orchestration.executor.compress.spider_compress.compress spawn_start=491393400 spawn_end=491393401 spawn_duration_ms=0
[2026-02-02 19:57:32.431] [info] [spider.worker] [TIMING] task_id=b51b5085-1093-49f2-9b6a-e077b8745788 func=job_orchestration.executor.compress.spider_compress.compress execution_start=491393401 execution_end=491494639 execution_duration_ms=101238
[2026-02-02 19:57:32.439] [info] [spider.worker] [TIMING] task_id=b51b5085-1093-49f2-9b6a-e077b8745788 func=job_orchestration.executor.compress.spider_compress.compress submit_output_start=491494641 submit_output_end=491494647 submit_output_duration_ms=5
[2026-02-02 19:57:32.474] [info] [spider.worker] [TIMING] task_id=e662d78e-02fa-4b64-855b-2c7873618986 func=job_orchestration.executor.compress.spider_compress.compress fetch_input_start=491494681 fetch_input_end=491494683 fetch_input_duration_ms=1
[2026-02-02 19:57:32.475] [info] [spider.worker] [TIMING] task_id=e662d78e-02fa-4b64-855b-2c7873618986 func=job_orchestration.executor.compress.spider_compress.compress input_send_start=491494683 input_send_end=491494683 input_send_duration_ms=0 bytes=749
[2026-02-02 19:57:32.475] [info] [spider.worker] [TIMING] task_id=e662d78e-02fa-4b64-855b-2c7873618986 func=job_orchestration.executor.compress.spider_compress.compress spawn_start=491494683 spawn_end=491494683 spawn_duration_ms=0
[2026-02-02 19:59:17.970] [info] [spider.worker] [TIMING] task_id=e662d78e-02fa-4b64-855b-2c7873618986 func=job_orchestration.executor.compress.spider_compress.compress execution_start=491494683 execution_end=491600178 execution_duration_ms=105494
[2026-02-02 19:59:17.996] [info] [spider.worker] [TIMING] task_id=e662d78e-02fa-4b64-855b-2c7873618986 func=job_orchestration.executor.compress.spider_compress.compress submit_output_start=491600180 submit_output_end=491600204 submit_output_duration_ms=23
[2026-02-02 19:59:18.016] [info] [spider.worker] [TIMING] task_id=409786e2-5eb1-402f-8030-04f83080a70f func=job_orchestration.executor.compress.spider_compress.compress fetch_input_start=491600223 fetch_input_end=491600224 fetch_input_duration_ms=1
[2026-02-02 19:59:18.016] [info] [spider.worker] [TIMING] task_id=409786e2-5eb1-402f-8030-04f83080a70f func=job_orchestration.executor.compress.spider_compress.compress input_send_start=491600225 input_send_end=491600225 input_send_duration_ms=0 bytes=755
[2026-02-02 19:59:18.017] [info] [spider.worker] [TIMING] task_id=409786e2-5eb1-402f-8030-04f83080a70f func=job_orchestration.executor.compress.spider_compress.compress spawn_start=491600224 spawn_end=491600225 spawn_duration_ms=0
[2026-02-02 20:01:56.157] [info] [spider.worker] [TIMING] task_id=409786e2-5eb1-402f-8030-04f83080a70f func=job_orchestration.executor.compress.spider_compress.compress execution_start=491600225 execution_end=491758366 execution_duration_ms=158140
[2026-02-02 20:01:56.172] [info] [spider.worker] [TIMING] task_id=409786e2-5eb1-402f-8030-04f83080a70f func=job_orchestration.executor.compress.spider_compress.compress submit_output_start=491758368 submit_output_end=491758380 submit_output_duration_ms=12
[2026-02-02 20:01:56.192] [info] [spider.worker] [TIMING] task_id=36d91ac1-8bdf-41af-8549-a10c5d9fa4d2 func=job_orchestration.executor.compress.spider_compress.compress fetch_input_start=491758399 fetch_input_end=491758400 fetch_input_duration_ms=1
[2026-02-02 20:01:56.193] [info] [spider.worker] [TIMING] task_id=36d91ac1-8bdf-41af-8549-a10c5d9fa4d2 func=job_orchestration.executor.compress.spider_compress.compress input_send_start=491758401 input_send_end=491758401 input_send_duration_ms=0 bytes=755
[2026-02-02 20:01:56.193] [info] [spider.worker] [TIMING] task_id=36d91ac1-8bdf-41af-8549-a10c5d9fa4d2 func=job_orchestration.executor.compress.spider_compress.compress spawn_start=491758401 spawn_end=491758401 spawn_duration_ms=0
[2026-02-02 20:02:36.771] [info] [spider.worker] [TIMING] task_id=36d91ac1-8bdf-41af-8549-a10c5d9fa4d2 func=job_orchestration.executor.compress.spider_compress.compress execution_start=491758401 execution_end=491798979 execution_duration_ms=40577
[2026-02-02 20:02:36.793] [info] [spider.worker] [TIMING] task_id=36d91ac1-8bdf-41af-8549-a10c5d9fa4d2 func=job_orchestration.executor.compress.spider_compress.compress submit_output_start=491798982 submit_output_end=491799001 submit_output_duration_ms=19
[2026-02-02 20:02:36.813] [info] [spider.worker] [TIMING] task_id=8d4b7229-f43f-489f-bd25-faaac28b87c5 func=job_orchestration.executor.compress.spider_compress.compress fetch_input_start=491799020 fetch_input_end=491799021 fetch_input_duration_ms=1
[2026-02-02 20:02:36.814] [info] [spider.worker] [TIMING] task_id=8d4b7229-f43f-489f-bd25-faaac28b87c5 func=job_orchestration.executor.compress.spider_compress.compress input_send_start=491799022 input_send_end=491799022 input_send_duration_ms=0 bytes=751
[2026-02-02 20:02:36.814] [info] [spider.worker] [TIMING] task_id=8d4b7229-f43f-489f-bd25-faaac28b87c5 func=job_orchestration.executor.compress.spider_compress.compress spawn_start=491799022 spawn_end=491799022 spawn_duration_ms=0
[2026-02-02 20:03:00.081] [info] [spider.worker] [TIMING] task_id=8d4b7229-f43f-489f-bd25-faaac28b87c5 func=job_orchestration.executor.compress.spider_compress.compress execution_start=491799022 execution_end=491822289 execution_duration_ms=23266
[2026-02-02 20:03:01.241] [info] [spider.worker] [TIMING] task_id=8d4b7229-f43f-489f-bd25-faaac28b87c5 func=job_orchestration.executor.compress.spider_compress.compress submit_output_start=491822361 submit_output_end=491823450 submit_output_duration_ms=1088
[2026-02-02 20:03:01.470] [info] [spider.worker] [TIMING] task_id=c6949959-4cf4-4496-92fc-365f8a20d3a6 func=job_orchestration.executor.compress.spider_compress.compress fetch_input_start=491823677 fetch_input_end=491823679 fetch_input_duration_ms=1
[2026-02-02 20:03:01.471] [info] [spider.worker] [TIMING] task_id=c6949959-4cf4-4496-92fc-365f8a20d3a6 func=job_orchestration.executor.compress.spider_compress.compress input_send_start=491823680 input_send_end=491823680 input_send_duration_ms=0 bytes=755
[2026-02-02 20:03:01.471] [info] [spider.worker] [TIMING] task_id=c6949959-4cf4-4496-92fc-365f8a20d3a6 func=job_orchestration.executor.compress.spider_compress.compress spawn_start=491823679 spawn_end=491823680 spawn_duration_ms=0
[2026-02-02 20:03:24.021] [info] [spider.worker] [TIMING] task_id=c6949959-4cf4-4496-92fc-365f8a20d3a6 func=job_orchestration.executor.compress.spider_compress.compress execution_start=491823680 execution_end=491846230 execution_duration_ms=22549
[2026-02-02 20:03:24.953] [info] [spider.worker] [TIMING] task_id=c6949959-4cf4-4496-92fc-365f8a20d3a6 func=job_orchestration.executor.compress.spider_compress.compress submit_output_start=491846232 submit_output_end=491847161 submit_output_duration_ms=928
[2026-02-02 20:03:24.984] [info] [spider.worker] [TIMING] task_id=4470bf4a-b1fe-4e6e-83d8-57a9b1a81f68 func=job_orchestration.executor.compress.spider_compress.compress fetch_input_start=491847191 fetch_input_end=491847192 fetch_input_duration_ms=1
[2026-02-02 20:03:24.985] [info] [spider.worker] [TIMING] task_id=4470bf4a-b1fe-4e6e-83d8-57a9b1a81f68 func=job_orchestration.executor.compress.spider_compress.compress input_send_start=491847193 input_send_end=491847193 input_send_duration_ms=0 bytes=754
[2026-02-02 20:03:24.985] [info] [spider.worker] [TIMING] task_id=4470bf4a-b1fe-4e6e-83d8-57a9b1a81f68 func=job_orchestration.executor.compress.spider_compress.compress spawn_start=491847193 spawn_end=491847193 spawn_duration_ms=0
[2026-02-02 20:05:56.575] [info] [spider.worker] [TIMING] task_id=4470bf4a-b1fe-4e6e-83d8-57a9b1a81f68 func=job_orchestration.executor.compress.spider_compress.compress execution_start=491847193 execution_end=491998783 execution_duration_ms=151589
[2026-02-02 20:05:56.598] [info] [spider.worker] [TIMING] task_id=4470bf4a-b1fe-4e6e-83d8-57a9b1a81f68 func=job_orchestration.executor.compress.spider_compress.compress submit_output_start=491998786 submit_output_end=491998806 submit_output_duration_ms=20
[2026-02-02 20:05:56.618] [info] [spider.worker] [TIMING] task_id=707663b5-e9f0-4f9d-b65d-d78e5b17d43a func=job_orchestration.executor.compress.spider_compress.compress fetch_input_start=491998824 fetch_input_end=491998826 fetch_input_duration_ms=1
[2026-02-02 20:05:56.618] [info] [spider.worker] [TIMING] task_id=707663b5-e9f0-4f9d-b65d-d78e5b17d43a func=job_orchestration.executor.compress.spider_compress.compress input_send_start=491998827 input_send_end=491998827 input_send_duration_ms=0 bytes=751
[2026-02-02 20:05:56.618] [info] [spider.worker] [TIMING] task_id=707663b5-e9f0-4f9d-b65d-d78e5b17d43a func=job_orchestration.executor.compress.spider_compress.compress spawn_start=491998826 spawn_end=491998827 spawn_duration_ms=0
[2026-02-02 20:08:54.812] [info] [spider.worker] [TIMING] task_id=707663b5-e9f0-4f9d-b65d-d78e5b17d43a func=job_orchestration.executor.compress.spider_compress.compress execution_start=491998827 execution_end=492177021 execution_duration_ms=178193
[2026-02-02 20:08:54.822] [info] [spider.worker] [TIMING] task_id=707663b5-e9f0-4f9d-b65d-d78e5b17d43a func=job_orchestration.executor.compress.spider_compress.compress submit_output_start=492177023 submit_output_end=492177031 submit_output_duration_ms=7
[2026-02-02 20:08:54.842] [info] [spider.worker] [TIMING] task_id=074658e8-4537-4d2f-a0da-39021bb9de37 func=job_orchestration.executor.compress.spider_compress.compress fetch_input_start=492177049 fetch_input_end=492177051 fetch_input_duration_ms=1
[2026-02-02 20:08:54.843] [info] [spider.worker] [TIMING] task_id=074658e8-4537-4d2f-a0da-39021bb9de37 func=job_orchestration.executor.compress.spider_compress.compress input_send_start=492177051 input_send_end=492177051 input_send_duration_ms=0 bytes=752
[2026-02-02 20:08:54.843] [info] [spider.worker] [TIMING] task_id=074658e8-4537-4d2f-a0da-39021bb9de37 func=job_orchestration.executor.compress.spider_compress.compress spawn_start=492177051 spawn_end=492177051 spawn_duration_ms=0
[2026-02-02 20:09:53.117] [info] [spider.worker] [TIMING] task_id=074658e8-4537-4d2f-a0da-39021bb9de37 func=job_orchestration.executor.compress.spider_compress.compress execution_start=492177051 execution_end=492235325 execution_duration_ms=58273
[2026-02-02 20:09:53.134] [info] [spider.worker] [TIMING] task_id=074658e8-4537-4d2f-a0da-39021bb9de37 func=job_orchestration.executor.compress.spider_compress.compress submit_output_start=492235327 submit_output_end=492235343 submit_output_duration_ms=15
[2026-02-02 20:09:53.154] [info] [spider.worker] [TIMING] task_id=91ec5a4f-e889-40cd-bcc3-f4e36fafdc28 func=job_orchestration.executor.compress.spider_compress.compress fetch_input_start=492235361 fetch_input_end=492235362 fetch_input_duration_ms=1
[2026-02-02 20:09:53.154] [info] [spider.worker] [TIMING] task_id=91ec5a4f-e889-40cd-bcc3-f4e36fafdc28 func=job_orchestration.executor.compress.spider_compress.compress input_send_start=492235363 input_send_end=492235363 input_send_duration_ms=0 bytes=751
[2026-02-02 20:09:53.154] [info] [spider.worker] [TIMING] task_id=91ec5a4f-e889-40cd-bcc3-f4e36fafdc28 func=job_orchestration.executor.compress.spider_compress.compress spawn_start=492235362 spawn_end=492235363 spawn_duration_ms=0
[2026-02-02 20:12:23.824] [info] [spider.worker] [TIMING] task_id=91ec5a4f-e889-40cd-bcc3-f4e36fafdc28 func=job_orchestration.executor.compress.spider_compress.compress execution_start=492235363 execution_end=492386032 execution_duration_ms=150668
[2026-02-02 20:12:23.837] [info] [spider.worker] [TIMING] task_id=91ec5a4f-e889-40cd-bcc3-f4e36fafdc28 func=job_orchestration.executor.compress.spider_compress.compress submit_output_start=492386035 submit_output_end=492386045 submit_output_duration_ms=10
[2026-02-02 20:12:23.856] [info] [spider.worker] [TIMING] task_id=6d86f6d7-41d0-4e41-a970-a33997beceb5 func=job_orchestration.executor.compress.spider_compress.compress fetch_input_start=492386064 fetch_input_end=492386065 fetch_input_duration_ms=0
[2026-02-02 20:12:23.857] [info] [spider.worker] [TIMING] task_id=6d86f6d7-41d0-4e41-a970-a33997beceb5 func=job_orchestration.executor.compress.spider_compress.compress input_send_start=492386065 input_send_end=492386065 input_send_duration_ms=0 bytes=751
[2026-02-02 20:12:23.857] [info] [spider.worker] [TIMING] task_id=6d86f6d7-41d0-4e41-a970-a33997beceb5 func=job_orchestration.executor.compress.spider_compress.compress spawn_start=492386065 spawn_end=492386065 spawn_duration_ms=0
[2026-02-02 20:13:32.168] [info] [spider.worker] [TIMING] task_id=6d86f6d7-41d0-4e41-a970-a33997beceb5 func=job_orchestration.executor.compress.spider_compress.compress execution_start=492386065 execution_end=492454377 execution_duration_ms=68311
[2026-02-02 20:13:32.181] [info] [spider.worker] [TIMING] task_id=6d86f6d7-41d0-4e41-a970-a33997beceb5 func=job_orchestration.executor.compress.spider_compress.compress submit_output_start=492454379 submit_output_end=492454389 submit_output_duration_ms=10
[2026-02-02 20:13:32.201] [info] [spider.worker] [TIMING] task_id=cf47e08c-a88c-44fd-ab80-253b5e08e589 func=job_orchestration.executor.compress.spider_compress.compress fetch_input_start=492454408 fetch_input_end=492454409 fetch_input_duration_ms=1
[2026-02-02 20:13:32.202] [info] [spider.worker] [TIMING] task_id=cf47e08c-a88c-44fd-ab80-253b5e08e589 func=job_orchestration.executor.compress.spider_compress.compress input_send_start=492454410 input_send_end=492454410 input_send_duration_ms=0 bytes=755
[2026-02-02 20:13:32.202] [info] [spider.worker] [TIMING] task_id=cf47e08c-a88c-44fd-ab80-253b5e08e589 func=job_orchestration.executor.compress.spider_compress.compress spawn_start=492454410 spawn_end=492454410 spawn_duration_ms=0
[2026-02-02 20:15:22.819] [info] [spider.worker] [TIMING] task_id=cf47e08c-a88c-44fd-ab80-253b5e08e589 func=job_orchestration.executor.compress.spider_compress.compress execution_start=492454410 execution_end=492565028 execution_duration_ms=110617
[2026-02-02 20:15:22.897] [info] [spider.worker] [TIMING] task_id=cf47e08c-a88c-44fd-ab80-253b5e08e589 func=job_orchestration.executor.compress.spider_compress.compress submit_output_start=492565030 submit_output_end=492565105 submit_output_duration_ms=75
[2026-02-02 20:15:22.951] [info] [spider.worker] [TIMING] task_id=05826e94-94a9-4655-a57c-823cb47559a1 func=job_orchestration.executor.compress.spider_compress.compress fetch_input_start=492565158 fetch_input_end=492565159 fetch_input_duration_ms=1
[2026-02-02 20:15:22.951] [info] [spider.worker] [TIMING] task_id=05826e94-94a9-4655-a57c-823cb47559a1 func=job_orchestration.executor.compress.spider_compress.compress input_send_start=492565159 input_send_end=492565159 input_send_duration_ms=0 bytes=752
[2026-02-02 20:15:22.951] [info] [spider.worker] [TIMING] task_id=05826e94-94a9-4655-a57c-823cb47559a1 func=job_orchestration.executor.compress.spider_compress.compress spawn_start=492565159 spawn_end=492565159 spawn_duration_ms=0
[2026-02-02 20:17:20.919] [info] [spider.worker] [TIMING] task_id=05826e94-94a9-4655-a57c-823cb47559a1 func=job_orchestration.executor.compress.spider_compress.compress execution_start=492565159 execution_end=492683128 execution_duration_ms=117968
[2026-02-02 20:17:20.936] [info] [spider.worker] [TIMING] task_id=05826e94-94a9-4655-a57c-823cb47559a1 func=job_orchestration.executor.compress.spider_compress.compress submit_output_start=492683130 submit_output_end=492683144 submit_output_duration_ms=14
[2026-02-02 20:17:21.042] [info] [spider.worker] [TIMING] task_id=62b9789f-689e-49ea-97ce-0c10c142c976 func=job_orchestration.executor.compress.spider_compress.compress fetch_input_start=492683249 fetch_input_end=492683250 fetch_input_duration_ms=1
[2026-02-02 20:17:21.042] [info] [spider.worker] [TIMING] task_id=62b9789f-689e-49ea-97ce-0c10c142c976 func=job_orchestration.executor.compress.spider_compress.compress input_send_start=492683251 input_send_end=492683251 input_send_duration_ms=0 bytes=751
[2026-02-02 20:17:21.042] [info] [spider.worker] [TIMING] task_id=62b9789f-689e-49ea-97ce-0c10c142c976 func=job_orchestration.executor.compress.spider_compress.compress spawn_start=492683250 spawn_end=492683251 spawn_duration_ms=0
[2026-02-02 20:19:41.872] [info] [spider.worker] [TIMING] task_id=62b9789f-689e-49ea-97ce-0c10c142c976 func=job_orchestration.executor.compress.spider_compress.compress execution_start=492683251 execution_end=492824081 execution_duration_ms=140829
[2026-02-02 20:19:42.010] [info] [spider.worker] [TIMING] task_id=62b9789f-689e-49ea-97ce-0c10c142c976 func=job_orchestration.executor.compress.spider_compress.compress submit_output_start=492824083 submit_output_end=492824219 submit_output_duration_ms=135
[2026-02-02 20:19:42.244] [info] [spider.worker] [TIMING] task_id=df1a6240-dc5a-4404-b0a3-f1c88d06ed30 func=job_orchestration.executor.compress.spider_compress.compress fetch_input_start=492824291 fetch_input_end=492824453 fetch_input_duration_ms=161
[2026-02-02 20:19:42.245] [info] [spider.worker] [TIMING] task_id=df1a6240-dc5a-4404-b0a3-f1c88d06ed30 func=job_orchestration.executor.compress.spider_compress.compress input_send_start=492824453 input_send_end=492824453 input_send_duration_ms=0 bytes=751
[2026-02-02 20:19:42.245] [info] [spider.worker] [TIMING] task_id=df1a6240-dc5a-4404-b0a3-f1c88d06ed30 func=job_orchestration.executor.compress.spider_compress.compress spawn_start=492824453 spawn_end=492824453 spawn_duration_ms=0
[2026-02-02 20:21:25.922] [info] [spider.worker] [TIMING] task_id=df1a6240-dc5a-4404-b0a3-f1c88d06ed30 func=job_orchestration.executor.compress.spider_compress.compress execution_start=492824453 execution_end=492928130 execution_duration_ms=103676
[2026-02-02 20:21:25.955] [info] [spider.worker] [TIMING] task_id=df1a6240-dc5a-4404-b0a3-f1c88d06ed30 func=job_orchestration.executor.compress.spider_compress.compress submit_output_start=492928133 submit_output_end=492928163 submit_output_duration_ms=30
[2026-02-02 20:21:25.983] [info] [spider.worker] [TIMING] task_id=668921c3-770d-48dc-98a6-ed2531a8c264 func=job_orchestration.executor.compress.spider_compress.compress fetch_input_start=492928191 fetch_input_end=492928192 fetch_input_duration_ms=0
[2026-02-02 20:21:25.984] [info] [spider.worker] [TIMING] task_id=668921c3-770d-48dc-98a6-ed2531a8c264 func=job_orchestration.executor.compress.spider_compress.compress input_send_start=492928192 input_send_end=492928192 input_send_duration_ms=0 bytes=752
[2026-02-02 20:21:25.984] [info] [spider.worker] [TIMING] task_id=668921c3-770d-48dc-98a6-ed2531a8c264 func=job_orchestration.executor.compress.spider_compress.compress spawn_start=492928192 spawn_end=492928192 spawn_duration_ms=0
[2026-02-02 20:21:41.441] [info] [spider.worker] [TIMING] task_id=668921c3-770d-48dc-98a6-ed2531a8c264 func=job_orchestration.executor.compress.spider_compress.compress execution_start=492928192 execution_end=492943650 execution_duration_ms=15457
[2026-02-02 20:21:41.454] [info] [spider.worker] [TIMING] task_id=668921c3-770d-48dc-98a6-ed2531a8c264 func=job_orchestration.executor.compress.spider_compress.compress submit_output_start=492943651 submit_output_end=492943662 submit_output_duration_ms=11
[2026-02-02 20:21:41.474] [info] [spider.worker] [TIMING] task_id=4e03b3b0-5046-425b-a596-fed8a33b054b func=job_orchestration.executor.compress.spider_compress.compress fetch_input_start=492943681 fetch_input_end=492943682 fetch_input_duration_ms=1
[2026-02-02 20:21:41.475] [info] [spider.worker] [TIMING] task_id=4e03b3b0-5046-425b-a596-fed8a33b054b func=job_orchestration.executor.compress.spider_compress.compress input_send_start=492943683 input_send_end=492943683 input_send_duration_ms=0 bytes=865
[2026-02-02 20:21:41.475] [info] [spider.worker] [TIMING] task_id=4e03b3b0-5046-425b-a596-fed8a33b054b func=job_orchestration.executor.compress.spider_compress.compress spawn_start=492943682 spawn_end=492943683 spawn_duration_ms=0
[2026-02-02 20:23:55.261] [info] [spider.worker] [TIMING] task_id=4e03b3b0-5046-425b-a596-fed8a33b054b func=job_orchestration.executor.compress.spider_compress.compress execution_start=492943683 execution_end=493077469 execution_duration_ms=133785
[2026-02-02 20:23:55.460] [info] [spider.worker] [TIMING] task_id=4e03b3b0-5046-425b-a596-fed8a33b054b func=job_orchestration.executor.compress.spider_compress.compress submit_output_start=493077483 submit_output_end=493077668 submit_output_duration_ms=185
[2026-02-02 20:23:55.918] [info] [spider.worker] [TIMING] task_id=d4d63d2c-bba2-4424-92a8-588d8fae6d09 func=job_orchestration.executor.compress.spider_compress.compress fetch_input_start=493077703 fetch_input_end=493078126 fetch_input_duration_ms=423
[2026-02-02 20:23:55.918] [info] [spider.worker] [TIMING] task_id=d4d63d2c-bba2-4424-92a8-588d8fae6d09 func=job_orchestration.executor.compress.spider_compress.compress input_send_start=493078127 input_send_end=493078127 input_send_duration_ms=0 bytes=754
[2026-02-02 20:23:55.918] [info] [spider.worker] [TIMING] task_id=d4d63d2c-bba2-4424-92a8-588d8fae6d09 func=job_orchestration.executor.compress.spider_compress.compress spawn_start=493078126 spawn_end=493078127 spawn_duration_ms=0
[2026-02-02 20:24:19.163] [info] [spider.worker] [TIMING] task_id=d4d63d2c-bba2-4424-92a8-588d8fae6d09 func=job_orchestration.executor.compress.spider_compress.compress execution_start=493078127 execution_end=493101372 execution_duration_ms=23244
[2026-02-02 20:24:19.191] [info] [spider.worker] [TIMING] task_id=d4d63d2c-bba2-4424-92a8-588d8fae6d09 func=job_orchestration.executor.compress.spider_compress.compress submit_output_start=493101374 submit_output_end=493101399 submit_output_duration_ms=25
[2026-02-02 20:24:19.211] [info] [spider.worker] [TIMING] task_id=238b8b5e-e034-46ea-8869-06026a7ab883 func=job_orchestration.executor.compress.spider_compress.compress fetch_input_start=493101418 fetch_input_end=493101420 fetch_input_duration_ms=1
[2026-02-02 20:24:19.212] [info] [spider.worker] [TIMING] task_id=238b8b5e-e034-46ea-8869-06026a7ab883 func=job_orchestration.executor.compress.spider_compress.compress input_send_start=493101420 input_send_end=493101420 input_send_duration_ms=0 bytes=751
[2026-02-02 20:24:19.212] [info] [spider.worker] [TIMING] task_id=238b8b5e-e034-46ea-8869-06026a7ab883 func=job_orchestration.executor.compress.spider_compress.compress spawn_start=493101420 spawn_end=493101420 spawn_duration_ms=0
[2026-02-02 20:24:36.977] [info] [spider.worker] [TIMING] task_id=238b8b5e-e034-46ea-8869-06026a7ab883 func=job_orchestration.executor.compress.spider_compress.compress execution_start=493101420 execution_end=493119185 execution_duration_ms=17765
[2026-02-02 20:24:36.997] [info] [spider.worker] [TIMING] task_id=238b8b5e-e034-46ea-8869-06026a7ab883 func=job_orchestration.executor.compress.spider_compress.compress submit_output_start=493119188 submit_output_end=493119206 submit_output_duration_ms=18
[2026-02-02 20:24:37.035] [info] [spider.worker] [TIMING] task_id=187497a1-c9cc-4d79-ae0a-925c00b274a6 func=job_orchestration.executor.compress.spider_compress.compress fetch_input_start=493119242 fetch_input_end=493119243 fetch_input_duration_ms=1
[2026-02-02 20:24:37.035] [info] [spider.worker] [TIMING] task_id=187497a1-c9cc-4d79-ae0a-925c00b274a6 func=job_orchestration.executor.compress.spider_compress.compress input_send_start=493119244 input_send_end=493119244 input_send_duration_ms=0 bytes=755
[2026-02-02 20:24:37.035] [info] [spider.worker] [TIMING] task_id=187497a1-c9cc-4d79-ae0a-925c00b274a6 func=job_orchestration.executor.compress.spider_compress.compress spawn_start=493119243 spawn_end=493119244 spawn_duration_ms=0
[2026-02-02 20:26:07.626] [info] [spider.worker] [TIMING] task_id=187497a1-c9cc-4d79-ae0a-925c00b274a6 func=job_orchestration.executor.compress.spider_compress.compress execution_start=493119244 execution_end=493209834 execution_duration_ms=90590
[2026-02-02 20:26:07.639] [info] [spider.worker] [TIMING] task_id=187497a1-c9cc-4d79-ae0a-925c00b274a6 func=job_orchestration.executor.compress.spider_compress.compress submit_output_start=493209836 submit_output_end=493209847 submit_output_duration_ms=11
[2026-02-02 20:26:07.658] [info] [spider.worker] [TIMING] task_id=2d90da23-163d-4db4-b27d-1578cb319add func=job_orchestration.executor.compress.spider_compress.compress fetch_input_start=493209866 fetch_input_end=493209867 fetch_input_duration_ms=1
[2026-02-02 20:26:07.659] [info] [spider.worker] [TIMING] task_id=2d90da23-163d-4db4-b27d-1578cb319add func=job_orchestration.executor.compress.spider_compress.compress input_send_start=493209867 input_send_end=493209867 input_send_duration_ms=0 bytes=752
[2026-02-02 20:26:07.659] [info] [spider.worker] [TIMING] task_id=2d90da23-163d-4db4-b27d-1578cb319add func=job_orchestration.executor.compress.spider_compress.compress spawn_start=493209867 spawn_end=493209867 spawn_duration_ms=0
[2026-02-02 20:29:02.075] [info] [spider.worker] [TIMING] task_id=2d90da23-163d-4db4-b27d-1578cb319add func=job_orchestration.executor.compress.spider_compress.compress execution_start=493209867 execution_end=493384283 execution_duration_ms=174415
[2026-02-02 20:29:02.089] [info] [spider.worker] [TIMING] task_id=2d90da23-163d-4db4-b27d-1578cb319add func=job_orchestration.executor.compress.spider_compress.compress submit_output_start=493384285 submit_output_end=493384297 submit_output_duration_ms=12
[2026-02-02 20:29:02.124] [info] [spider.worker] [TIMING] task_id=7e7894f7-0bfe-4239-950b-a04ad39b4c41 func=job_orchestration.executor.compress.spider_compress.compress fetch_input_start=493384331 fetch_input_end=493384332 fetch_input_duration_ms=1
[2026-02-02 20:29:02.124] [info] [spider.worker] [TIMING] task_id=7e7894f7-0bfe-4239-950b-a04ad39b4c41 func=job_orchestration.executor.compress.spider_compress.compress input_send_start=493384332 input_send_end=493384332 input_send_duration_ms=0 bytes=843
[2026-02-02 20:29:02.124] [info] [spider.worker] [TIMING] task_id=7e7894f7-0bfe-4239-950b-a04ad39b4c41 func=job_orchestration.executor.compress.spider_compress.compress spawn_start=493384332 spawn_end=493384332 spawn_duration_ms=0
[2026-02-02 20:29:49.387] [info] [spider.worker] [TIMING] task_id=7e7894f7-0bfe-4239-950b-a04ad39b4c41 func=job_orchestration.executor.compress.spider_compress.compress execution_start=493384333 execution_end=493431595 execution_duration_ms=47262
[2026-02-02 20:29:49.410] [info] [spider.worker] [TIMING] task_id=7e7894f7-0bfe-4239-950b-a04ad39b4c41 func=job_orchestration.executor.compress.spider_compress.compress submit_output_start=493431597 submit_output_end=493431618 submit_output_duration_ms=20
[2026-02-02 20:29:49.641] [info] [spider.worker] [TIMING] task_id=dbf52640-bf14-41b3-b099-7e85bd13476a func=job_orchestration.executor.compress.spider_compress.compress fetch_input_start=493431848 fetch_input_end=493431849 fetch_input_duration_ms=1
[2026-02-02 20:29:49.642] [info] [spider.worker] [TIMING] task_id=dbf52640-bf14-41b3-b099-7e85bd13476a func=job_orchestration.executor.compress.spider_compress.compress input_send_start=493431850 input_send_end=493431850 input_send_duration_ms=0 bytes=755
[2026-02-02 20:29:49.642] [info] [spider.worker] [TIMING] task_id=dbf52640-bf14-41b3-b099-7e85bd13476a func=job_orchestration.executor.compress.spider_compress.compress spawn_start=493431850 spawn_end=493431850 spawn_duration_ms=0
[2026-02-02 20:30:22.426] [info] [spider.worker] [TIMING] task_id=dbf52640-bf14-41b3-b099-7e85bd13476a func=job_orchestration.executor.compress.spider_compress.compress execution_start=493431850 execution_end=493464634 execution_duration_ms=32783
[2026-02-02 20:30:22.459] [info] [spider.worker] [TIMING] task_id=dbf52640-bf14-41b3-b099-7e85bd13476a func=job_orchestration.executor.compress.spider_compress.compress submit_output_start=493464636 submit_output_end=493464667 submit_output_duration_ms=30
[2026-02-02 20:30:22.485] [info] [spider.worker] [TIMING] task_id=3e533695-90d2-4df0-ae5f-87016b8a854b func=job_orchestration.executor.compress.spider_compress.compress fetch_input_start=493464692 fetch_input_end=493464693 fetch_input_duration_ms=1
[2026-02-02 20:30:22.485] [info] [spider.worker] [TIMING] task_id=3e533695-90d2-4df0-ae5f-87016b8a854b func=job_orchestration.executor.compress.spider_compress.compress input_send_start=493464693 input_send_end=493464693 input_send_duration_ms=0 bytes=755
[2026-02-02 20:30:22.485] [info] [spider.worker] [TIMING] task_id=3e533695-90d2-4df0-ae5f-87016b8a854b func=job_orchestration.executor.compress.spider_compress.compress spawn_start=493464693 spawn_end=493464693 spawn_duration_ms=0
[2026-02-02 20:31:01.112] [info] [spider.worker] [TIMING] task_id=3e533695-90d2-4df0-ae5f-87016b8a854b func=job_orchestration.executor.compress.spider_compress.compress execution_start=493464694 execution_end=493503320 execution_duration_ms=38626
[2026-02-02 20:31:01.150] [info] [spider.worker] [TIMING] task_id=3e533695-90d2-4df0-ae5f-87016b8a854b func=job_orchestration.executor.compress.spider_compress.compress submit_output_start=493503322 submit_output_end=493503358 submit_output_duration_ms=36
[2026-02-02 20:31:01.172] [info] [spider.worker] [TIMING] task_id=67cc49f7-c333-4c76-b867-fa53985b3c15 func=job_orchestration.executor.compress.spider_compress.compress fetch_input_start=493503379 fetch_input_end=493503380 fetch_input_duration_ms=1
[2026-02-02 20:31:01.172] [info] [spider.worker] [TIMING] task_id=67cc49f7-c333-4c76-b867-fa53985b3c15 func=job_orchestration.executor.compress.spider_compress.compress input_send_start=493503381 input_send_end=493503381 input_send_duration_ms=0 bytes=751
[2026-02-02 20:31:01.172] [info] [spider.worker] [TIMING] task_id=67cc49f7-c333-4c76-b867-fa53985b3c15 func=job_orchestration.executor.compress.spider_compress.compress spawn_start=493503380 spawn_end=493503381 spawn_duration_ms=0
[2026-02-02 20:31:47.724] [info] [spider.worker] [TIMING] task_id=67cc49f7-c333-4c76-b867-fa53985b3c15 func=job_orchestration.executor.compress.spider_compress.compress execution_start=493503381 execution_end=493549932 execution_duration_ms=46551
[2026-02-02 20:31:47.740] [info] [spider.worker] [TIMING] task_id=67cc49f7-c333-4c76-b867-fa53985b3c15 func=job_orchestration.executor.compress.spider_compress.compress submit_output_start=493549934 submit_output_end=493549948 submit_output_duration_ms=14
[2026-02-02 20:31:47.751] [info] [spider.worker] [TIMING] task_id=fc4ccdde-18bc-41ab-abbd-56d2c0bc6496 func=job_orchestration.executor.compress.spider_compress.compress fetch_input_start=493549958 fetch_input_end=493549959 fetch_input_duration_ms=0
[2026-02-02 20:31:47.751] [info] [spider.worker] [TIMING] task_id=fc4ccdde-18bc-41ab-abbd-56d2c0bc6496 func=job_orchestration.executor.compress.spider_compress.compress input_send_start=493549960 input_send_end=493549960 input_send_duration_ms=0 bytes=751
[2026-02-02 20:31:47.751] [info] [spider.worker] [TIMING] task_id=fc4ccdde-18bc-41ab-abbd-56d2c0bc6496 func=job_orchestration.executor.compress.spider_compress.compress spawn_start=493549959 spawn_end=493549960 spawn_duration_ms=0
[2026-02-02 20:34:19.220] [info] [spider.worker] [TIMING] task_id=fc4ccdde-18bc-41ab-abbd-56d2c0bc6496 func=job_orchestration.executor.compress.spider_compress.compress execution_start=493549960 execution_end=493701428 execution_duration_ms=151467
[2026-02-02 20:34:19.233] [info] [spider.worker] [TIMING] task_id=fc4ccdde-18bc-41ab-abbd-56d2c0bc6496 func=job_orchestration.executor.compress.spider_compress.compress submit_output_start=493701430 submit_output_end=493701442 submit_output_duration_ms=11
[2026-02-02 20:34:19.253] [info] [spider.worker] [TIMING] task_id=e884d9a6-be63-4159-a1d7-2799439fa7ed func=job_orchestration.executor.compress.spider_compress.compress fetch_input_start=493701460 fetch_input_end=493701461 fetch_input_duration_ms=1
[2026-02-02 20:34:19.253] [info] [spider.worker] [TIMING] task_id=e884d9a6-be63-4159-a1d7-2799439fa7ed func=job_orchestration.executor.compress.spider_compress.compress input_send_start=493701462 input_send_end=493701462 input_send_duration_ms=0 bytes=751
[2026-02-02 20:34:19.253] [info] [spider.worker] [TIMING] task_id=e884d9a6-be63-4159-a1d7-2799439fa7ed func=job_orchestration.executor.compress.spider_compress.compress spawn_start=493701461 spawn_end=493701462 spawn_duration_ms=0
[2026-02-02 20:36:36.340] [info] [spider.worker] [TIMING] task_id=e884d9a6-be63-4159-a1d7-2799439fa7ed func=job_orchestration.executor.compress.spider_compress.compress execution_start=493701462 execution_end=493838549 execution_duration_ms=137086
[2026-02-02 20:36:36.370] [info] [spider.worker] [TIMING] task_id=e884d9a6-be63-4159-a1d7-2799439fa7ed func=job_orchestration.executor.compress.spider_compress.compress submit_output_start=493838551 submit_output_end=493838578 submit_output_duration_ms=27
[2026-02-02 20:36:36.390] [info] [spider.worker] [TIMING] task_id=2839b383-1bb6-462e-be63-541c95309e1a func=job_orchestration.executor.compress.spider_compress.compress fetch_input_start=493838597 fetch_input_end=493838599 fetch_input_duration_ms=1
[2026-02-02 20:36:36.391] [info] [spider.worker] [TIMING] task_id=2839b383-1bb6-462e-be63-541c95309e1a func=job_orchestration.executor.compress.spider_compress.compress input_send_start=493838599 input_send_end=493838599 input_send_duration_ms=0 bytes=751
[2026-02-02 20:36:36.391] [info] [spider.worker] [TIMING] task_id=2839b383-1bb6-462e-be63-541c95309e1a func=job_orchestration.executor.compress.spider_compress.compress spawn_start=493838599 spawn_end=493838599 spawn_duration_ms=0
[2026-02-02 20:37:15.313] [info] [spider.worker] [TIMING] task_id=2839b383-1bb6-462e-be63-541c95309e1a func=job_orchestration.executor.compress.spider_compress.compress execution_start=493838599 execution_end=493877521 execution_duration_ms=38921
[2026-02-02 20:37:15.333] [info] [spider.worker] [TIMING] task_id=2839b383-1bb6-462e-be63-541c95309e1a func=job_orchestration.executor.compress.spider_compress.compress submit_output_start=493877524 submit_output_end=493877541 submit_output_duration_ms=17
[2026-02-02 20:37:15.374] [info] [spider.worker] [TIMING] task_id=ad061b8e-a026-45e5-a5db-67319b8f350b func=job_orchestration.executor.compress.spider_compress.compress fetch_input_start=493877582 fetch_input_end=493877583 fetch_input_duration_ms=1
[2026-02-02 20:37:15.375] [info] [spider.worker] [TIMING] task_id=ad061b8e-a026-45e5-a5db-67319b8f350b func=job_orchestration.executor.compress.spider_compress.compress input_send_start=493877583 input_send_end=493877583 input_send_duration_ms=0 bytes=750
[2026-02-02 20:37:15.375] [info] [spider.worker] [TIMING] task_id=ad061b8e-a026-45e5-a5db-67319b8f350b func=job_orchestration.executor.compress.spider_compress.compress spawn_start=493877583 spawn_end=493877583 spawn_duration_ms=0
[2026-02-02 20:40:52.846] [info] [spider.worker] [TIMING] task_id=ad061b8e-a026-45e5-a5db-67319b8f350b func=job_orchestration.executor.compress.spider_compress.compress execution_start=493877584 execution_end=494095055 execution_duration_ms=217471
[2026-02-02 20:40:52.875] [info] [spider.worker] [TIMING] task_id=ad061b8e-a026-45e5-a5db-67319b8f350b func=job_orchestration.executor.compress.spider_compress.compress submit_output_start=494095057 submit_output_end=494095084 submit_output_duration_ms=26
[2026-02-02 20:40:52.898] [info] [spider.worker] [TIMING] task_id=b741c6e2-0321-4b19-a13c-e90132e63f71 func=job_orchestration.executor.compress.spider_compress.compress fetch_input_start=494095106 fetch_input_end=494095107 fetch_input_duration_ms=1
[2026-02-02 20:40:52.899] [info] [spider.worker] [TIMING] task_id=b741c6e2-0321-4b19-a13c-e90132e63f71 func=job_orchestration.executor.compress.spider_compress.compress input_send_start=494095107 input_send_end=494095107 input_send_duration_ms=0 bytes=755
[2026-02-02 20:40:52.899] [info] [spider.worker] [TIMING] task_id=b741c6e2-0321-4b19-a13c-e90132e63f71 func=job_orchestration.executor.compress.spider_compress.compress spawn_start=494095107 spawn_end=494095107 spawn_duration_ms=0
[2026-02-02 20:41:10.109] [info] [spider.worker] [TIMING] task_id=b741c6e2-0321-4b19-a13c-e90132e63f71 func=job_orchestration.executor.compress.spider_compress.compress execution_start=494095107 execution_end=494112317 execution_duration_ms=17209
[2026-02-02 20:41:10.139] [info] [spider.worker] [TIMING] task_id=b741c6e2-0321-4b19-a13c-e90132e63f71 func=job_orchestration.executor.compress.spider_compress.compress submit_output_start=494112320 submit_output_end=494112347 submit_output_duration_ms=27
[2026-02-02 20:41:10.184] [info] [spider.worker] [TIMING] task_id=8887b310-1e61-434e-8b75-fec9d8781e88 func=job_orchestration.executor.compress.spider_compress.compress fetch_input_start=494112391 fetch_input_end=494112392 fetch_input_duration_ms=1
[2026-02-02 20:41:10.184] [info] [spider.worker] [TIMING] task_id=8887b310-1e61-434e-8b75-fec9d8781e88 func=job_orchestration.executor.compress.spider_compress.compress input_send_start=494112393 input_send_end=494112393 input_send_duration_ms=0 bytes=751
[2026-02-02 20:41:10.185] [info] [spider.worker] [TIMING] task_id=8887b310-1e61-434e-8b75-fec9d8781e88 func=job_orchestration.executor.compress.spider_compress.compress spawn_start=494112392 spawn_end=494112393 spawn_duration_ms=0
[2026-02-02 20:41:40.822] [info] [spider.worker] [TIMING] task_id=8887b310-1e61-434e-8b75-fec9d8781e88 func=job_orchestration.executor.compress.spider_compress.compress execution_start=494112393 execution_end=494143031 execution_duration_ms=30637
[2026-02-02 20:41:40.832] [info] [spider.worker] [TIMING] task_id=8887b310-1e61-434e-8b75-fec9d8781e88 func=job_orchestration.executor.compress.spider_compress.compress submit_output_start=494143033 submit_output_end=494143041 submit_output_duration_ms=7
[2026-02-02 20:41:40.852] [info] [spider.worker] [TIMING] task_id=981e3d21-5cd7-403c-be8c-a56fd8a9b207 func=job_orchestration.executor.compress.spider_compress.compress fetch_input_start=494143059 fetch_input_end=494143060 fetch_input_duration_ms=1
[2026-02-02 20:41:40.853] [info] [spider.worker] [TIMING] task_id=981e3d21-5cd7-403c-be8c-a56fd8a9b207 func=job_orchestration.executor.compress.spider_compress.compress input_send_start=494143061 input_send_end=494143061 input_send_duration_ms=0 bytes=750
[2026-02-02 20:41:40.853] [info] [spider.worker] [TIMING] task_id=981e3d21-5cd7-403c-be8c-a56fd8a9b207 func=job_orchestration.executor.compress.spider_compress.compress spawn_start=494143060 spawn_end=494143061 spawn_duration_ms=0
[2026-02-02 20:43:19.057] [info] [spider.worker] [TIMING] task_id=981e3d21-5cd7-403c-be8c-a56fd8a9b207 func=job_orchestration.executor.compress.spider_compress.compress execution_start=494143061 execution_end=494241265 execution_duration_ms=98203
[2026-02-02 20:43:19.098] [info] [spider.worker] [TIMING] task_id=981e3d21-5cd7-403c-be8c-a56fd8a9b207 func=job_orchestration.executor.compress.spider_compress.compress submit_output_start=494241267 submit_output_end=494241306 submit_output_duration_ms=38
[2026-02-02 20:43:19.117] [info] [spider.worker] [TIMING] task_id=d78c6c8a-16d0-4545-bb03-1670a787cd18 func=job_orchestration.executor.compress.spider_compress.compress fetch_input_start=494241324 fetch_input_end=494241325 fetch_input_duration_ms=1
[2026-02-02 20:43:19.117] [info] [spider.worker] [TIMING] task_id=d78c6c8a-16d0-4545-bb03-1670a787cd18 func=job_orchestration.executor.compress.spider_compress.compress input_send_start=494241326 input_send_end=494241326 input_send_duration_ms=0 bytes=755
[2026-02-02 20:43:19.117] [info] [spider.worker] [TIMING] task_id=d78c6c8a-16d0-4545-bb03-1670a787cd18 func=job_orchestration.executor.compress.spider_compress.compress spawn_start=494241325 spawn_end=494241326 spawn_duration_ms=0
[2026-02-02 20:45:31.991] [info] [spider.worker] [TIMING] task_id=d78c6c8a-16d0-4545-bb03-1670a787cd18 func=job_orchestration.executor.compress.spider_compress.compress execution_start=494241326 execution_end=494374199 execution_duration_ms=132873
[2026-02-02 20:45:32.001] [info] [spider.worker] [TIMING] task_id=d78c6c8a-16d0-4545-bb03-1670a787cd18 func=job_orchestration.executor.compress.spider_compress.compress submit_output_start=494374201 submit_output_end=494374210 submit_output_duration_ms=8
[2026-02-02 20:45:32.022] [info] [spider.worker] [TIMING] task_id=7b34c0d7-1afa-4991-9865-93553aca3685 func=job_orchestration.executor.compress.spider_compress.compress fetch_input_start=494374229 fetch_input_end=494374230 fetch_input_duration_ms=1
[2026-02-02 20:45:32.023] [info] [spider.worker] [TIMING] task_id=7b34c0d7-1afa-4991-9865-93553aca3685 func=job_orchestration.executor.compress.spider_compress.compress input_send_start=494374231 input_send_end=494374231 input_send_duration_ms=0 bytes=755
[2026-02-02 20:45:32.023] [info] [spider.worker] [TIMING] task_id=7b34c0d7-1afa-4991-9865-93553aca3685 func=job_orchestration.executor.compress.spider_compress.compress spawn_start=494374230 spawn_end=494374231 spawn_duration_ms=0
[2026-02-02 20:47:50.093] [info] [spider.worker] [TIMING] task_id=7b34c0d7-1afa-4991-9865-93553aca3685 func=job_orchestration.executor.compress.spider_compress.compress execution_start=494374231 execution_end=494512301 execution_duration_ms=138069
[2026-02-02 20:47:50.105] [info] [spider.worker] [TIMING] task_id=7b34c0d7-1afa-4991-9865-93553aca3685 func=job_orchestration.executor.compress.spider_compress.compress submit_output_start=494512303 submit_output_end=494512313 submit_output_duration_ms=10
[2026-02-02 20:47:50.125] [info] [spider.worker] [TIMING] task_id=7d88e160-7ed3-486d-a293-a91c70cd666e func=job_orchestration.executor.compress.spider_compress.compress fetch_input_start=494512332 fetch_input_end=494512333 fetch_input_duration_ms=0
[2026-02-02 20:47:50.125] [info] [spider.worker] [TIMING] task_id=7d88e160-7ed3-486d-a293-a91c70cd666e func=job_orchestration.executor.compress.spider_compress.compress input_send_start=494512334 input_send_end=494512334 input_send_duration_ms=0 bytes=751
[2026-02-02 20:47:50.125] [info] [spider.worker] [TIMING] task_id=7d88e160-7ed3-486d-a293-a91c70cd666e func=job_orchestration.executor.compress.spider_compress.compress spawn_start=494512333 spawn_end=494512334 spawn_duration_ms=0
[2026-02-02 20:48:13.193] [info] [spider.worker] [TIMING] task_id=7d88e160-7ed3-486d-a293-a91c70cd666e func=job_orchestration.executor.compress.spider_compress.compress execution_start=494512334 execution_end=494535401 execution_duration_ms=23066
[2026-02-02 20:48:13.202] [info] [spider.worker] [TIMING] task_id=7d88e160-7ed3-486d-a293-a91c70cd666e func=job_orchestration.executor.compress.spider_compress.compress submit_output_start=494535403 submit_output_end=494535411 submit_output_duration_ms=7
[2026-02-02 20:48:13.242] [info] [spider.worker] [TIMING] task_id=cd469101-7348-4e9f-9950-8305798784f7 func=job_orchestration.executor.compress.spider_compress.compress fetch_input_start=494535448 fetch_input_end=494535450 fetch_input_duration_ms=1
[2026-02-02 20:48:13.242] [info] [spider.worker] [TIMING] task_id=cd469101-7348-4e9f-9950-8305798784f7 func=job_orchestration.executor.compress.spider_compress.compress input_send_start=494535451 input_send_end=494535451 input_send_duration_ms=0 bytes=751
[2026-02-02 20:48:13.242] [info] [spider.worker] [TIMING] task_id=cd469101-7348-4e9f-9950-8305798784f7 func=job_orchestration.executor.compress.spider_compress.compress spawn_start=494535450 spawn_end=494535451 spawn_duration_ms=0
[2026-02-02 20:48:38.542] [info] [spider.worker] [TIMING] task_id=cd469101-7348-4e9f-9950-8305798784f7 func=job_orchestration.executor.compress.spider_compress.compress execution_start=494535451 execution_end=494560750 execution_duration_ms=25299
[2026-02-02 20:48:38.625] [info] [spider.worker] [TIMING] task_id=cd469101-7348-4e9f-9950-8305798784f7 func=job_orchestration.executor.compress.spider_compress.compress submit_output_start=494560752 submit_output_end=494560834 submit_output_duration_ms=81
[2026-02-02 20:48:38.653] [info] [spider.worker] [TIMING] task_id=d8c93c6a-498c-4abd-bc2d-f1ea129ff197 func=job_orchestration.executor.compress.spider_compress.compress fetch_input_start=494560861 fetch_input_end=494560861 fetch_input_duration_ms=0
[2026-02-02 20:48:38.654] [info] [spider.worker] [TIMING] task_id=d8c93c6a-498c-4abd-bc2d-f1ea129ff197 func=job_orchestration.executor.compress.spider_compress.compress input_send_start=494560862 input_send_end=494560862 input_send_duration_ms=0 bytes=752
[2026-02-02 20:48:38.654] [info] [spider.worker] [TIMING] task_id=d8c93c6a-498c-4abd-bc2d-f1ea129ff197 func=job_orchestration.executor.compress.spider_compress.compress spawn_start=494560862 spawn_end=494560862 spawn_duration_ms=0
[2026-02-02 20:51:03.022] [info] [spider.worker] [TIMING] task_id=d8c93c6a-498c-4abd-bc2d-f1ea129ff197 func=job_orchestration.executor.compress.spider_compress.compress execution_start=494560862 execution_end=494705230 execution_duration_ms=144367
[2026-02-02 20:51:03.036] [info] [spider.worker] [TIMING] task_id=d8c93c6a-498c-4abd-bc2d-f1ea129ff197 func=job_orchestration.executor.compress.spider_compress.compress submit_output_start=494705232 submit_output_end=494705244 submit_output_duration_ms=11
[2026-02-02 20:51:03.046] [info] [spider.worker] [TIMING] task_id=d75b4531-5d80-4323-bf84-6687084ed335 func=job_orchestration.executor.compress.spider_compress.compress fetch_input_start=494705254 fetch_input_end=494705255 fetch_input_duration_ms=0
[2026-02-02 20:51:03.047] [info] [spider.worker] [TIMING] task_id=d75b4531-5d80-4323-bf84-6687084ed335 func=job_orchestration.executor.compress.spider_compress.compress input_send_start=494705255 input_send_end=494705255 input_send_duration_ms=0 bytes=752
[2026-02-02 20:51:03.047] [info] [spider.worker] [TIMING] task_id=d75b4531-5d80-4323-bf84-6687084ed335 func=job_orchestration.executor.compress.spider_compress.compress spawn_start=494705255 spawn_end=494705255 spawn_duration_ms=0
[2026-02-02 20:54:09.074] [info] [spider.worker] [TIMING] task_id=d75b4531-5d80-4323-bf84-6687084ed335 func=job_orchestration.executor.compress.spider_compress.compress execution_start=494705255 execution_end=494891283 execution_duration_ms=186027
[2026-02-02 20:54:09.084] [info] [spider.worker] [TIMING] task_id=d75b4531-5d80-4323-bf84-6687084ed335 func=job_orchestration.executor.compress.spider_compress.compress submit_output_start=494891285 submit_output_end=494891293 submit_output_duration_ms=7
[2026-02-02 20:54:09.104] [info] [spider.worker] [TIMING] task_id=ab8f606e-1e1e-423b-91a4-e9455855a128 func=job_orchestration.executor.compress.spider_compress.compress fetch_input_start=494891311 fetch_input_end=494891312 fetch_input_duration_ms=1
[2026-02-02 20:54:09.104] [info] [spider.worker] [TIMING] task_id=ab8f606e-1e1e-423b-91a4-e9455855a128 func=job_orchestration.executor.compress.spider_compress.compress input_send_start=494891313 input_send_end=494891313 input_send_duration_ms=0 bytes=751
[2026-02-02 20:54:09.104] [info] [spider.worker] [TIMING] task_id=ab8f606e-1e1e-423b-91a4-e9455855a128 func=job_orchestration.executor.compress.spider_compress.compress spawn_start=494891312 spawn_end=494891313 spawn_duration_ms=0
[2026-02-02 20:55:29.226] [info] [spider.worker] [TIMING] task_id=ab8f606e-1e1e-423b-91a4-e9455855a128 func=job_orchestration.executor.compress.spider_compress.compress execution_start=494891313 execution_end=494971435 execution_duration_ms=80121
[2026-02-02 20:55:29.235] [info] [spider.worker] [TIMING] task_id=ab8f606e-1e1e-423b-91a4-e9455855a128 func=job_orchestration.executor.compress.spider_compress.compress submit_output_start=494971437 submit_output_end=494971443 submit_output_duration_ms=6
[2026-02-02 20:55:29.255] [info] [spider.worker] [TIMING] task_id=bd1c17c4-a186-4873-9e44-19f640cde48e func=job_orchestration.executor.compress.spider_compress.compress fetch_input_start=494971462 fetch_input_end=494971463 fetch_input_duration_ms=1
[2026-02-02 20:55:29.255] [info] [spider.worker] [TIMING] task_id=bd1c17c4-a186-4873-9e44-19f640cde48e func=job_orchestration.executor.compress.spider_compress.compress input_send_start=494971464 input_send_end=494971464 input_send_duration_ms=0 bytes=755
[2026-02-02 20:55:29.255] [info] [spider.worker] [TIMING] task_id=bd1c17c4-a186-4873-9e44-19f640cde48e func=job_orchestration.executor.compress.spider_compress.compress spawn_start=494971463 spawn_end=494971464 spawn_duration_ms=0
[2026-02-02 20:56:07.795] [info] [spider.worker] [TIMING] task_id=bd1c17c4-a186-4873-9e44-19f640cde48e func=job_orchestration.executor.compress.spider_compress.compress execution_start=494971464 execution_end=495010004 execution_duration_ms=38539
[2026-02-02 20:56:07.888] [info] [spider.worker] [TIMING] task_id=bd1c17c4-a186-4873-9e44-19f640cde48e func=job_orchestration.executor.compress.spider_compress.compress submit_output_start=495010006 submit_output_end=495010096 submit_output_duration_ms=90
[2026-02-02 20:56:07.910] [info] [spider.worker] [TIMING] task_id=e18725d5-ae86-4586-abba-bd2801a2de52 func=job_orchestration.executor.compress.spider_compress.compress fetch_input_start=495010117 fetch_input_end=495010118 fetch_input_duration_ms=1
[2026-02-02 20:56:07.910] [info] [spider.worker] [TIMING] task_id=e18725d5-ae86-4586-abba-bd2801a2de52 func=job_orchestration.executor.compress.spider_compress.compress input_send_start=495010119 input_send_end=495010119 input_send_duration_ms=0 bytes=755
[2026-02-02 20:56:07.910] [info] [spider.worker] [TIMING] task_id=e18725d5-ae86-4586-abba-bd2801a2de52 func=job_orchestration.executor.compress.spider_compress.compress spawn_start=495010118 spawn_end=495010119 spawn_duration_ms=0
[2026-02-02 20:56:58.020] [info] [spider.worker] [TIMING] task_id=e18725d5-ae86-4586-abba-bd2801a2de52 func=job_orchestration.executor.compress.spider_compress.compress execution_start=495010119 execution_end=495060228 execution_duration_ms=50109
[2026-02-02 20:56:58.026] [info] [spider.worker] [TIMING] task_id=e18725d5-ae86-4586-abba-bd2801a2de52 func=job_orchestration.executor.compress.spider_compress.compress submit_output_start=495060230 submit_output_end=495060235 submit_output_duration_ms=4
[2026-02-02 20:56:58.037] [info] [spider.worker] [TIMING] task_id=c3082494-e548-43a9-80f6-b09459628a70 func=job_orchestration.executor.compress.spider_compress.compress fetch_input_start=495060244 fetch_input_end=495060245 fetch_input_duration_ms=0
[2026-02-02 20:56:58.037] [info] [spider.worker] [TIMING] task_id=c3082494-e548-43a9-80f6-b09459628a70 func=job_orchestration.executor.compress.spider_compress.compress input_send_start=495060246 input_send_end=495060246 input_send_duration_ms=0 bytes=750
[2026-02-02 20:56:58.037] [info] [spider.worker] [TIMING] task_id=c3082494-e548-43a9-80f6-b09459628a70 func=job_orchestration.executor.compress.spider_compress.compress spawn_start=495060245 spawn_end=495060246 spawn_duration_ms=0
[2026-02-02 20:58:00.245] [info] [spider.worker] [TIMING] task_id=c3082494-e548-43a9-80f6-b09459628a70 func=job_orchestration.executor.compress.spider_compress.compress execution_start=495060246 execution_end=495122454 execution_duration_ms=62207
[2026-02-02 20:58:00.271] [info] [spider.worker] [TIMING] task_id=c3082494-e548-43a9-80f6-b09459628a70 func=job_orchestration.executor.compress.spider_compress.compress submit_output_start=495122456 submit_output_end=495122479 submit_output_duration_ms=22
[2026-02-02 20:58:00.291] [info] [spider.worker] [TIMING] task_id=717413d8-6e23-4b44-b4ca-de0f1e8c9b51 func=job_orchestration.executor.compress.spider_compress.compress fetch_input_start=495122498 fetch_input_end=495122499 fetch_input_duration_ms=1
[2026-02-02 20:58:00.303] [info] [spider.worker] [TIMING] task_id=717413d8-6e23-4b44-b4ca-de0f1e8c9b51 func=job_orchestration.executor.compress.spider_compress.compress input_send_start=495122500 input_send_end=495122511 input_send_duration_ms=11 bytes=752
[2026-02-02 20:58:00.303] [info] [spider.worker] [TIMING] task_id=717413d8-6e23-4b44-b4ca-de0f1e8c9b51 func=job_orchestration.executor.compress.spider_compress.compress spawn_start=495122499 spawn_end=495122511 spawn_duration_ms=12
[2026-02-02 21:00:00.167] [info] [spider.worker] [TIMING] task_id=717413d8-6e23-4b44-b4ca-de0f1e8c9b51 func=job_orchestration.executor.compress.spider_compress.compress execution_start=495122511 execution_end=495242375 execution_duration_ms=119863
[2026-02-02 21:00:00.175] [info] [spider.worker] [TIMING] task_id=717413d8-6e23-4b44-b4ca-de0f1e8c9b51 func=job_orchestration.executor.compress.spider_compress.compress submit_output_start=495242378 submit_output_end=495242384 submit_output_duration_ms=5
[2026-02-02 21:00:00.196] [info] [spider.worker] [TIMING] task_id=7ceece18-2b49-4c41-914c-413fb8725e27 func=job_orchestration.executor.compress.spider_compress.compress fetch_input_start=495242402 fetch_input_end=495242404 fetch_input_duration_ms=1
[2026-02-02 21:00:00.196] [info] [spider.worker] [TIMING] task_id=7ceece18-2b49-4c41-914c-413fb8725e27 func=job_orchestration.executor.compress.spider_compress.compress input_send_start=495242405 input_send_end=495242405 input_send_duration_ms=0 bytes=751
[2026-02-02 21:00:00.196] [info] [spider.worker] [TIMING] task_id=7ceece18-2b49-4c41-914c-413fb8725e27 func=job_orchestration.executor.compress.spider_compress.compress spawn_start=495242404 spawn_end=495242405 spawn_duration_ms=0
[2026-02-02 21:00:21.989] [info] [spider.worker] [TIMING] task_id=7ceece18-2b49-4c41-914c-413fb8725e27 func=job_orchestration.executor.compress.spider_compress.compress execution_start=495242405 execution_end=495264197 execution_duration_ms=21792
[2026-02-02 21:00:22.007] [info] [spider.worker] [TIMING] task_id=7ceece18-2b49-4c41-914c-413fb8725e27 func=job_orchestration.executor.compress.spider_compress.compress submit_output_start=495264199 submit_output_end=495264215 submit_output_duration_ms=15
[2026-02-02 21:00:22.101] [info] [spider.worker] [TIMING] task_id=acfb86ed-1824-4a5f-811c-2ad84502c227 func=job_orchestration.executor.compress.spider_compress.compress fetch_input_start=495264309 fetch_input_end=495264310 fetch_input_duration_ms=1
[2026-02-02 21:00:22.102] [info] [spider.worker] [TIMING] task_id=acfb86ed-1824-4a5f-811c-2ad84502c227 func=job_orchestration.executor.compress.spider_compress.compress input_send_start=495264310 input_send_end=495264310 input_send_duration_ms=0 bytes=756
[2026-02-02 21:00:22.102] [info] [spider.worker] [TIMING] task_id=acfb86ed-1824-4a5f-811c-2ad84502c227 func=job_orchestration.executor.compress.spider_compress.compress spawn_start=495264310 spawn_end=495264310 spawn_duration_ms=0
[2026-02-02 21:00:35.527] [info] [spider.worker] [TIMING] task_id=acfb86ed-1824-4a5f-811c-2ad84502c227 func=job_orchestration.executor.compress.spider_compress.compress execution_start=495264310 execution_end=495277735 execution_duration_ms=13424
[2026-02-02 21:00:35.558] [info] [spider.worker] [TIMING] task_id=acfb86ed-1824-4a5f-811c-2ad84502c227 func=job_orchestration.executor.compress.spider_compress.compress submit_output_start=495277737 submit_output_end=495277766 submit_output_duration_ms=28
[2026-02-02 21:00:35.576] [info] [spider.worker] [TIMING] task_id=d6615d43-40c0-4556-a027-57519cdf1e6f func=job_orchestration.executor.compress.spider_compress.compress fetch_input_start=495277782 fetch_input_end=495277784 fetch_input_duration_ms=1
[2026-02-02 21:00:35.576] [info] [spider.worker] [TIMING] task_id=d6615d43-40c0-4556-a027-57519cdf1e6f func=job_orchestration.executor.compress.spider_compress.compress input_send_start=495277785 input_send_end=495277785 input_send_duration_ms=0 bytes=748
[2026-02-02 21:00:35.576] [info] [spider.worker] [TIMING] task_id=d6615d43-40c0-4556-a027-57519cdf1e6f func=job_orchestration.executor.compress.spider_compress.compress spawn_start=495277784 spawn_end=495277785 spawn_duration_ms=0
[2026-02-02 21:02:22.588] [info] [spider.worker] [TIMING] task_id=d6615d43-40c0-4556-a027-57519cdf1e6f func=job_orchestration.executor.compress.spider_compress.compress execution_start=495277785 execution_end=495384797 execution_duration_ms=107011
[2026-02-02 21:02:22.621] [info] [spider.worker] [TIMING] task_id=d6615d43-40c0-4556-a027-57519cdf1e6f func=job_orchestration.executor.compress.spider_compress.compress submit_output_start=495384798 submit_output_end=495384829 submit_output_duration_ms=30
[2026-02-02 21:02:22.640] [info] [spider.worker] [TIMING] task_id=4c6c9257-51ab-455c-8f05-ae2b4688ea7d func=job_orchestration.executor.compress.spider_compress.compress fetch_input_start=495384847 fetch_input_end=495384848 fetch_input_duration_ms=1
[2026-02-02 21:02:22.641] [info] [spider.worker] [TIMING] task_id=4c6c9257-51ab-455c-8f05-ae2b4688ea7d func=job_orchestration.executor.compress.spider_compress.compress input_send_start=495384849 input_send_end=495384849 input_send_duration_ms=0 bytes=751
[2026-02-02 21:02:22.641] [info] [spider.worker] [TIMING] task_id=4c6c9257-51ab-455c-8f05-ae2b4688ea7d func=job_orchestration.executor.compress.spider_compress.compress spawn_start=495384849 spawn_end=495384849 spawn_duration_ms=0
[2026-02-02 21:02:36.835] [info] [spider.worker] [TIMING] task_id=4c6c9257-51ab-455c-8f05-ae2b4688ea7d func=job_orchestration.executor.compress.spider_compress.compress execution_start=495384850 execution_end=495399044 execution_duration_ms=14193
[2026-02-02 21:02:36.853] [info] [spider.worker] [TIMING] task_id=4c6c9257-51ab-455c-8f05-ae2b4688ea7d func=job_orchestration.executor.compress.spider_compress.compress submit_output_start=495399046 submit_output_end=495399061 submit_output_duration_ms=15
[2026-02-02 21:02:36.873] [info] [spider.worker] [TIMING] task_id=a59fefb2-92c9-404b-8fd8-71b113ba35a2 func=job_orchestration.executor.compress.spider_compress.compress fetch_input_start=495399080 fetch_input_end=495399081 fetch_input_duration_ms=1
[2026-02-02 21:02:36.874] [info] [spider.worker] [TIMING] task_id=a59fefb2-92c9-404b-8fd8-71b113ba35a2 func=job_orchestration.executor.compress.spider_compress.compress input_send_start=495399082 input_send_end=495399082 input_send_duration_ms=0 bytes=755
[2026-02-02 21:02:36.874] [info] [spider.worker] [TIMING] task_id=a59fefb2-92c9-404b-8fd8-71b113ba35a2 func=job_orchestration.executor.compress.spider_compress.compress spawn_start=495399081 spawn_end=495399082 spawn_duration_ms=0
[2026-02-02 21:02:56.771] [info] [spider.worker] [TIMING] task_id=a59fefb2-92c9-404b-8fd8-71b113ba35a2 func=job_orchestration.executor.compress.spider_compress.compress execution_start=495399082 execution_end=495418980 execution_duration_ms=19897
[2026-02-02 21:02:56.792] [info] [spider.worker] [TIMING] task_id=a59fefb2-92c9-404b-8fd8-71b113ba35a2 func=job_orchestration.executor.compress.spider_compress.compress submit_output_start=495418982 submit_output_end=495419001 submit_output_duration_ms=18
[2026-02-02 21:02:56.811] [info] [spider.worker] [TIMING] task_id=dcb4c2f1-b870-42f7-954c-4959b65e715e func=job_orchestration.executor.compress.spider_compress.compress fetch_input_start=495419019 fetch_input_end=495419020 fetch_input_duration_ms=0
[2026-02-02 21:02:56.812] [info] [spider.worker] [TIMING] task_id=dcb4c2f1-b870-42f7-954c-4959b65e715e func=job_orchestration.executor.compress.spider_compress.compress input_send_start=495419020 input_send_end=495419020 input_send_duration_ms=0 bytes=751
[2026-02-02 21:02:56.812] [info] [spider.worker] [TIMING] task_id=dcb4c2f1-b870-42f7-954c-4959b65e715e func=job_orchestration.executor.compress.spider_compress.compress spawn_start=495419020 spawn_end=495419020 spawn_duration_ms=0
[2026-02-02 21:03:34.015] [info] [spider.worker] [TIMING] task_id=dcb4c2f1-b870-42f7-954c-4959b65e715e func=job_orchestration.executor.compress.spider_compress.compress execution_start=495419021 execution_end=495456223 execution_duration_ms=37202
[2026-02-02 21:03:34.088] [info] [spider.worker] [TIMING] task_id=dcb4c2f1-b870-42f7-954c-4959b65e715e func=job_orchestration.executor.compress.spider_compress.compress submit_output_start=495456224 submit_output_end=495456297 submit_output_duration_ms=72
[2026-02-02 21:03:34.125] [info] [spider.worker] [TIMING] task_id=6e349e65-58df-4870-ac9f-6eb06aa0a9af func=job_orchestration.executor.compress.spider_compress.compress fetch_input_start=495456333 fetch_input_end=495456333 fetch_input_duration_ms=0
[2026-02-02 21:03:34.125] [info] [spider.worker] [TIMING] task_id=6e349e65-58df-4870-ac9f-6eb06aa0a9af func=job_orchestration.executor.compress.spider_compress.compress input_send_start=495456334 input_send_end=495456334 input_send_duration_ms=0 bytes=750
[2026-02-02 21:03:34.126] [info] [spider.worker] [TIMING] task_id=6e349e65-58df-4870-ac9f-6eb06aa0a9af func=job_orchestration.executor.compress.spider_compress.compress spawn_start=495456333 spawn_end=495456334 spawn_duration_ms=0
[2026-02-02 21:03:47.907] [info] [spider.worker] [TIMING] task_id=6e349e65-58df-4870-ac9f-6eb06aa0a9af func=job_orchestration.executor.compress.spider_compress.compress execution_start=495456334 execution_end=495470116 execution_duration_ms=13781
[2026-02-02 21:03:47.944] [info] [spider.worker] [TIMING] task_id=6e349e65-58df-4870-ac9f-6eb06aa0a9af func=job_orchestration.executor.compress.spider_compress.compress submit_output_start=495470118 submit_output_end=495470152 submit_output_duration_ms=34
[2026-02-02 21:03:47.966] [info] [spider.worker] [TIMING] task_id=8b316253-19dd-4422-a172-a52385d5976f func=job_orchestration.executor.compress.spider_compress.compress fetch_input_start=495470173 fetch_input_end=4954701