[2026-02-02 22:02:49.600] [warning] [spider.worker] Prefer using `SPIDER_STORAGE_URL` environment variable over `--storage_url` argument.
[2026-02-02 22:03:32.253] [info] [spider.worker] [TIMING] task_id=9e2d1025-de11-43c7-995b-dd3e1701193e func=job_orchestration.executor.query.spider_search_task.search_without_channel fetch_input_start=499054460 fetch_input_end=499054461 fetch_input_duration_ms=1
[2026-02-02 22:03:32.254] [info] [spider.worker] [TIMING] task_id=9e2d1025-de11-43c7-995b-dd3e1701193e func=job_orchestration.executor.query.spider_search_task.search_without_channel input_send_start=499054462 input_send_end=499054462 input_send_duration_ms=0 bytes=612
[2026-02-02 22:03:32.254] [info] [spider.worker] [TIMING] task_id=9e2d1025-de11-43c7-995b-dd3e1701193e func=job_orchestration.executor.query.spider_search_task.search_without_channel spawn_start=499054461 spawn_end=499054462 spawn_duration_ms=0
[2026-02-02 22:03:33.461] [info] [spider.worker] [TIMING] task_id=9e2d1025-de11-43c7-995b-dd3e1701193e func=job_orchestration.executor.query.spider_search_task.search_without_channel execution_start=499054462 execution_end=499055670 execution_duration_ms=1207
[2026-02-02 22:03:33.583] [info] [spider.worker] [TIMING] task_id=9e2d1025-de11-43c7-995b-dd3e1701193e func=job_orchestration.executor.query.spider_search_task.search_without_channel submit_output_start=499055733 submit_output_end=499055792 submit_output_duration_ms=58
[2026-02-02 22:03:33.652] [info] [spider.worker] [TIMING] task_id=ceb5011a-69e5-4a75-b70e-a680db803d4e func=job_orchestration.executor.query.spider_search_task.search_without_channel fetch_input_start=499055860 fetch_input_end=499055860 fetch_input_duration_ms=0
[2026-02-02 22:03:33.652] [info] [spider.worker] [TIMING] task_id=ceb5011a-69e5-4a75-b70e-a680db803d4e func=job_orchestration.executor.query.spider_search_task.search_without_channel input_send_start=499055861 input_send_end=499055861 input_send_duration_ms=0 bytes=612
[2026-02-02 22:03:33.652] [info] [spider.worker] [TIMING] task_id=ceb5011a-69e5-4a75-b70e-a680db803d4e func=job_orchestration.executor.query.spider_search_task.search_without_channel spawn_start=499055860 spawn_end=499055861 spawn_duration_ms=0
[2026-02-02 22:03:34.807] [info] [spider.worker] [TIMING] task_id=ceb5011a-69e5-4a75-b70e-a680db803d4e func=job_orchestration.executor.query.spider_search_task.search_without_channel execution_start=499055861 execution_end=499057016 execution_duration_ms=1154
[2026-02-02 22:03:35.035] [info] [spider.worker] [TIMING] task_id=ceb5011a-69e5-4a75-b70e-a680db803d4e func=job_orchestration.executor.query.spider_search_task.search_without_channel submit_output_start=499057017 submit_output_end=499057244 submit_output_duration_ms=226
[2026-02-02 22:03:35.139] [info] [spider.worker] [TIMING] task_id=19b43a02-5688-42d9-a755-618281feeda3 func=job_orchestration.executor.query.spider_search_task.search_without_channel fetch_input_start=499057346 fetch_input_end=499057347 fetch_input_duration_ms=0
[2026-02-02 22:03:35.139] [info] [spider.worker] [TIMING] task_id=19b43a02-5688-42d9-a755-618281feeda3 func=job_orchestration.executor.query.spider_search_task.search_without_channel input_send_start=499057348 input_send_end=499057348 input_send_duration_ms=0 bytes=612
[2026-02-02 22:03:35.139] [info] [spider.worker] [TIMING] task_id=19b43a02-5688-42d9-a755-618281feeda3 func=job_orchestration.executor.query.spider_search_task.search_without_channel spawn_start=499057347 spawn_end=499057348 spawn_duration_ms=0
[2026-02-02 22:03:36.376] [info] [spider.worker] [TIMING] task_id=19b43a02-5688-42d9-a755-618281feeda3 func=job_orchestration.executor.query.spider_search_task.search_without_channel execution_start=499057348 execution_end=499058584 execution_duration_ms=1236
[2026-02-02 22:03:36.522] [info] [spider.worker] [TIMING] task_id=19b43a02-5688-42d9-a755-618281feeda3 func=job_orchestration.executor.query.spider_search_task.search_without_channel submit_output_start=499058606 submit_output_end=499058730 submit_output_duration_ms=124
[2026-02-02 22:03:36.575] [info] [spider.worker] [TIMING] task_id=04218745-037a-4980-b50f-a061b47bce82 func=job_orchestration.executor.query.spider_search_task.search_without_channel fetch_input_start=499058782 fetch_input_end=499058783 fetch_input_duration_ms=0
[2026-02-02 22:03:36.575] [info] [spider.worker] [TIMING] task_id=04218745-037a-4980-b50f-a061b47bce82 func=job_orchestration.executor.query.spider_search_task.search_without_channel input_send_start=499058783 input_send_end=499058783 input_send_duration_ms=0 bytes=612
[2026-02-02 22:03:36.575] [info] [spider.worker] [TIMING] task_id=04218745-037a-4980-b50f-a061b47bce82 func=job_orchestration.executor.query.spider_search_task.search_without_channel spawn_start=499058783 spawn_end=499058783 spawn_duration_ms=0
[2026-02-02 22:03:37.955] [info] [spider.worker] [TIMING] task_id=04218745-037a-4980-b50f-a061b47bce82 func=job_orchestration.executor.query.spider_search_task.search_without_channel execution_start=499058784 execution_end=499060163 execution_duration_ms=1379
[2026-02-02 22:03:38.000] [info] [spider.worker] [TIMING] task_id=04218745-037a-4980-b50f-a061b47bce82 func=job_orchestration.executor.query.spider_search_task.search_without_channel submit_output_start=499060165 submit_output_end=499060208 submit_output_duration_ms=43
[2026-02-02 22:03:38.108] [info] [spider.worker] [TIMING] task_id=53463c0d-45af-40eb-847e-7ba9f39fce84 func=job_orchestration.executor.query.spider_search_task.search_without_channel fetch_input_start=499060315 fetch_input_end=499060317 fetch_input_duration_ms=1
[2026-02-02 22:03:38.109] [info] [spider.worker] [TIMING] task_id=53463c0d-45af-40eb-847e-7ba9f39fce84 func=job_orchestration.executor.query.spider_search_task.search_without_channel input_send_start=499060317 input_send_end=499060317 input_send_duration_ms=0 bytes=611
[2026-02-02 22:03:38.109] [info] [spider.worker] [TIMING] task_id=53463c0d-45af-40eb-847e-7ba9f39fce84 func=job_orchestration.executor.query.spider_search_task.search_without_channel spawn_start=499060317 spawn_end=499060317 spawn_duration_ms=0
[2026-02-02 22:03:39.381] [info] [spider.worker] [TIMING] task_id=53463c0d-45af-40eb-847e-7ba9f39fce84 func=job_orchestration.executor.query.spider_search_task.search_without_channel execution_start=499060317 execution_end=499061590 execution_duration_ms=1272
[2026-02-02 22:03:39.519] [info] [spider.worker] [TIMING] task_id=53463c0d-45af-40eb-847e-7ba9f39fce84 func=job_orchestration.executor.query.spider_search_task.search_without_channel submit_output_start=499061591 submit_output_end=499061728 submit_output_duration_ms=136
[2026-02-02 22:03:39.631] [info] [spider.worker] [TIMING] task_id=d3643f86-1182-4024-893c-0848afe027d7 func=job_orchestration.executor.query.spider_search_task.search_without_channel fetch_input_start=499061838 fetch_input_end=499061839 fetch_input_duration_ms=0
[2026-02-02 22:03:39.631] [info] [spider.worker] [TIMING] task_id=d3643f86-1182-4024-893c-0848afe027d7 func=job_orchestration.executor.query.spider_search_task.search_without_channel input_send_start=499061839 input_send_end=499061839 input_send_duration_ms=0 bytes=610
[2026-02-02 22:03:39.631] [info] [spider.worker] [TIMING] task_id=d3643f86-1182-4024-893c-0848afe027d7 func=job_orchestration.executor.query.spider_search_task.search_without_channel spawn_start=499061839 spawn_end=499061839 spawn_duration_ms=0
[2026-02-02 22:03:41.698] [info] [spider.worker] [TIMING] task_id=d3643f86-1182-4024-893c-0848afe027d7 func=job_orchestration.executor.query.spider_search_task.search_without_channel execution_start=499061839 execution_end=499063907 execution_duration_ms=2067
[2026-02-02 22:03:41.715] [info] [spider.worker] [TIMING] task_id=d3643f86-1182-4024-893c-0848afe027d7 func=job_orchestration.executor.query.spider_search_task.search_without_channel submit_output_start=499063909 submit_output_end=499063923 submit_output_duration_ms=14
[2026-02-02 22:03:41.743] [info] [spider.worker] [TIMING] task_id=4ce46993-bc0a-4fd2-af68-cb87c4b2a9a8 func=job_orchestration.executor.query.spider_search_task.search_without_channel fetch_input_start=499063950 fetch_input_end=499063951 fetch_input_duration_ms=0
[2026-02-02 22:03:41.743] [info] [spider.worker] [TIMING] task_id=4ce46993-bc0a-4fd2-af68-cb87c4b2a9a8 func=job_orchestration.executor.query.spider_search_task.search_without_channel input_send_start=499063952 input_send_end=499063952 input_send_duration_ms=0 bytes=612
[2026-02-02 22:03:41.743] [info] [spider.worker] [TIMING] task_id=4ce46993-bc0a-4fd2-af68-cb87c4b2a9a8 func=job_orchestration.executor.query.spider_search_task.search_without_channel spawn_start=499063951 spawn_end=499063952 spawn_duration_ms=0
[2026-02-02 22:03:43.032] [info] [spider.worker] [TIMING] task_id=4ce46993-bc0a-4fd2-af68-cb87c4b2a9a8 func=job_orchestration.executor.query.spider_search_task.search_without_channel execution_start=499063952 execution_end=499065241 execution_duration_ms=1289
[2026-02-02 22:03:43.090] [info] [spider.worker] [TIMING] task_id=4ce46993-bc0a-4fd2-af68-cb87c4b2a9a8 func=job_orchestration.executor.query.spider_search_task.search_without_channel submit_output_start=499065243 submit_output_end=499065299 submit_output_duration_ms=55
[2026-02-02 22:03:43.156] [info] [spider.worker] [TIMING] task_id=f04d3497-b4fe-4f40-9936-f66efe119f00 func=job_orchestration.executor.query.spider_search_task.search_without_channel fetch_input_start=499065363 fetch_input_end=499065365 fetch_input_duration_ms=1
[2026-02-02 22:03:43.157] [info] [spider.worker] [TIMING] task_id=f04d3497-b4fe-4f40-9936-f66efe119f00 func=job_orchestration.executor.query.spider_search_task.search_without_channel input_send_start=499065365 input_send_end=499065365 input_send_duration_ms=0 bytes=612
[2026-02-02 22:03:43.157] [info] [spider.worker] [TIMING] task_id=f04d3497-b4fe-4f40-9936-f66efe119f00 func=job_orchestration.executor.query.spider_search_task.search_without_channel spawn_start=499065365 spawn_end=499065365 spawn_duration_ms=0
[2026-02-02 22:03:44.410] [info] [spider.worker] [TIMING] task_id=f04d3497-b4fe-4f40-9936-f66efe119f00 func=job_orchestration.executor.query.spider_search_task.search_without_channel execution_start=499065365 execution_end=499066618 execution_duration_ms=1253
[2026-02-02 22:03:44.424] [info] [spider.worker] [TIMING] task_id=f04d3497-b4fe-4f40-9936-f66efe119f00 func=job_orchestration.executor.query.spider_search_task.search_without_channel submit_output_start=499066620 submit_output_end=499066632 submit_output_duration_ms=12
[2026-02-02 22:03:44.435] [info] [spider.worker] [TIMING] task_id=d3084780-5bbf-4d8e-9427-d183eee5c594 func=job_orchestration.executor.query.spider_search_task.search_without_channel fetch_input_start=499066642 fetch_input_end=499066643 fetch_input_duration_ms=0
[2026-02-02 22:03:44.435] [info] [spider.worker] [TIMING] task_id=d3084780-5bbf-4d8e-9427-d183eee5c594 func=job_orchestration.executor.query.spider_search_task.search_without_channel input_send_start=499066643 input_send_end=499066643 input_send_duration_ms=0 bytes=612
[2026-02-02 22:03:44.435] [info] [spider.worker] [TIMING] task_id=d3084780-5bbf-4d8e-9427-d183eee5c594 func=job_orchestration.executor.query.spider_search_task.search_without_channel spawn_start=499066643 spawn_end=499066643 spawn_duration_ms=0
[2026-02-02 22:03:45.635] [info] [spider.worker] [TIMING] task_id=d3084780-5bbf-4d8e-9427-d183eee5c594 func=job_orchestration.executor.query.spider_search_task.search_without_channel execution_start=499066644 execution_end=499067843 execution_duration_ms=1199
[2026-02-02 22:03:45.691] [info] [spider.worker] [TIMING] task_id=d3084780-5bbf-4d8e-9427-d183eee5c594 func=job_orchestration.executor.query.spider_search_task.search_without_channel submit_output_start=499067847 submit_output_end=499067899 submit_output_duration_ms=52
[2026-02-02 22:03:45.816] [info] [spider.worker] [TIMING] task_id=ac254911-7133-475d-bc4c-925b9d5fc7e9 func=job_orchestration.executor.query.spider_search_task.search_without_channel fetch_input_start=499068023 fetch_input_end=499068024 fetch_input_duration_ms=1
[2026-02-02 22:03:45.816] [info] [spider.worker] [TIMING] task_id=ac254911-7133-475d-bc4c-925b9d5fc7e9 func=job_orchestration.executor.query.spider_search_task.search_without_channel input_send_start=499068025 input_send_end=499068025 input_send_duration_ms=0 bytes=611
[2026-02-02 22:03:45.816] [info] [spider.worker] [TIMING] task_id=ac254911-7133-475d-bc4c-925b9d5fc7e9 func=job_orchestration.executor.query.spider_search_task.search_without_channel spawn_start=499068024 spawn_end=499068025 spawn_duration_ms=0
[2026-02-02 22:03:47.072] [info] [spider.worker] [TIMING] task_id=ac254911-7133-475d-bc4c-925b9d5fc7e9 func=job_orchestration.executor.query.spider_search_task.search_without_channel execution_start=499068025 execution_end=499069280 execution_duration_ms=1255
[2026-02-02 22:03:47.099] [info] [spider.worker] [TIMING] task_id=ac254911-7133-475d-bc4c-925b9d5fc7e9 func=job_orchestration.executor.query.spider_search_task.search_without_channel submit_output_start=499069281 submit_output_end=499069308 submit_output_duration_ms=26
[2026-02-02 22:03:47.143] [info] [spider.worker] [TIMING] task_id=2d21c5a8-6cb8-47de-9879-a65d1b7a0549 func=job_orchestration.executor.query.spider_search_task.search_without_channel fetch_input_start=499069351 fetch_input_end=499069352 fetch_input_duration_ms=0
[2026-02-02 22:03:47.144] [info] [spider.worker] [TIMING] task_id=2d21c5a8-6cb8-47de-9879-a65d1b7a0549 func=job_orchestration.executor.query.spider_search_task.search_without_channel input_send_start=499069352 input_send_end=499069352 input_send_duration_ms=0 bytes=612
[2026-02-02 22:03:47.144] [info] [spider.worker] [TIMING] task_id=2d21c5a8-6cb8-47de-9879-a65d1b7a0549 func=job_orchestration.executor.query.spider_search_task.search_without_channel spawn_start=499069352 spawn_end=499069352 spawn_duration_ms=0
[2026-02-02 22:03:48.359] [info] [spider.worker] [TIMING] task_id=2d21c5a8-6cb8-47de-9879-a65d1b7a0549 func=job_orchestration.executor.query.spider_search_task.search_without_channel execution_start=499069352 execution_end=499070567 execution_duration_ms=1215
[2026-02-02 22:03:48.425] [info] [spider.worker] [TIMING] task_id=2d21c5a8-6cb8-47de-9879-a65d1b7a0549 func=job_orchestration.executor.query.spider_search_task.search_without_channel submit_output_start=499070569 submit_output_end=499070633 submit_output_duration_ms=64
[2026-02-02 22:03:48.577] [info] [spider.worker] [TIMING] task_id=0d135960-59e5-4764-80bc-1c11d2eaca32 func=job_orchestration.executor.query.spider_search_task.search_without_channel fetch_input_start=499070785 fetch_input_end=499070786 fetch_input_duration_ms=1
[2026-02-02 22:03:48.578] [info] [spider.worker] [TIMING] task_id=0d135960-59e5-4764-80bc-1c11d2eaca32 func=job_orchestration.executor.query.spider_search_task.search_without_channel input_send_start=499070786 input_send_end=499070786 input_send_duration_ms=0 bytes=612
[2026-02-02 22:03:48.578] [info] [spider.worker] [TIMING] task_id=0d135960-59e5-4764-80bc-1c11d2eaca32 func=job_orchestration.executor.query.spider_search_task.search_without_channel spawn_start=499070786 spawn_end=499070786 spawn_duration_ms=0
[2026-02-02 22:03:49.797] [info] [spider.worker] [TIMING] task_id=0d135960-59e5-4764-80bc-1c11d2eaca32 func=job_orchestration.executor.query.spider_search_task.search_without_channel execution_start=499070786 execution_end=499072005 execution_duration_ms=1218
[2026-02-02 22:03:49.850] [info] [spider.worker] [TIMING] task_id=0d135960-59e5-4764-80bc-1c11d2eaca32 func=job_orchestration.executor.query.spider_search_task.search_without_channel submit_output_start=499072007 submit_output_end=499072059 submit_output_duration_ms=51
[2026-02-02 22:03:49.972] [info] [spider.worker] [TIMING] task_id=138afcf2-8ae0-4ae7-ba59-9fce75a69d33 func=job_orchestration.executor.query.spider_search_task.search_without_channel fetch_input_start=499072179 fetch_input_end=499072180 fetch_input_duration_ms=0
[2026-02-02 22:03:49.972] [info] [spider.worker] [TIMING] task_id=138afcf2-8ae0-4ae7-ba59-9fce75a69d33 func=job_orchestration.executor.query.spider_search_task.search_without_channel input_send_start=499072181 input_send_end=499072181 input_send_duration_ms=0 bytes=612
[2026-02-02 22:03:49.972] [info] [spider.worker] [TIMING] task_id=138afcf2-8ae0-4ae7-ba59-9fce75a69d33 func=job_orchestration.executor.query.spider_search_task.search_without_channel spawn_start=499072180 spawn_end=499072181 spawn_duration_ms=0
[2026-02-02 22:03:51.415] [info] [spider.worker] [TIMING] task_id=138afcf2-8ae0-4ae7-ba59-9fce75a69d33 func=job_orchestration.executor.query.spider_search_task.search_without_channel execution_start=499072181 execution_end=499073623 execution_duration_ms=1442
[2026-02-02 22:03:51.508] [info] [spider.worker] [TIMING] task_id=138afcf2-8ae0-4ae7-ba59-9fce75a69d33 func=job_orchestration.executor.query.spider_search_task.search_without_channel submit_output_start=499073625 submit_output_end=499073716 submit_output_duration_ms=90
[2026-02-02 22:03:51.545] [info] [spider.worker] [TIMING] task_id=d77c7c42-0d22-4b09-bfec-35a280b67f77 func=job_orchestration.executor.query.spider_search_task.search_without_channel fetch_input_start=499073752 fetch_input_end=499073753 fetch_input_duration_ms=1
[2026-02-02 22:03:51.545] [info] [spider.worker] [TIMING] task_id=d77c7c42-0d22-4b09-bfec-35a280b67f77 func=job_orchestration.executor.query.spider_search_task.search_without_channel input_send_start=499073754 input_send_end=499073754 input_send_duration_ms=0 bytes=612
[2026-02-02 22:03:51.545] [info] [spider.worker] [TIMING] task_id=d77c7c42-0d22-4b09-bfec-35a280b67f77 func=job_orchestration.executor.query.spider_search_task.search_without_channel spawn_start=499073753 spawn_end=499073754 spawn_duration_ms=0
[2026-02-02 22:03:52.766] [info] [spider.worker] [TIMING] task_id=d77c7c42-0d22-4b09-bfec-35a280b67f77 func=job_orchestration.executor.query.spider_search_task.search_without_channel execution_start=499073754 execution_end=499074974 execution_duration_ms=1220
[2026-02-02 22:03:52.854] [info] [spider.worker] [TIMING] task_id=d77c7c42-0d22-4b09-bfec-35a280b67f77 func=job_orchestration.executor.query.spider_search_task.search_without_channel submit_output_start=499074976 submit_output_end=499075063 submit_output_duration_ms=86
[2026-02-02 22:03:52.975] [info] [spider.worker] [TIMING] task_id=d994c6ab-93c4-4ae1-8b85-098732d66b3d func=job_orchestration.executor.query.spider_search_task.search_without_channel fetch_input_start=499075182 fetch_input_end=499075183 fetch_input_duration_ms=0
[2026-02-02 22:03:52.975] [info] [spider.worker] [TIMING] task_id=d994c6ab-93c4-4ae1-8b85-098732d66b3d func=job_orchestration.executor.query.spider_search_task.search_without_channel input_send_start=499075183 input_send_end=499075183 input_send_duration_ms=0 bytes=612
[2026-02-02 22:03:52.975] [info] [spider.worker] [TIMING] task_id=d994c6ab-93c4-4ae1-8b85-098732d66b3d func=job_orchestration.executor.query.spider_search_task.search_without_channel spawn_start=499075183 spawn_end=499075183 spawn_duration_ms=0
[2026-02-02 22:03:54.260] [info] [spider.worker] [TIMING] task_id=d994c6ab-93c4-4ae1-8b85-098732d66b3d func=job_orchestration.executor.query.spider_search_task.search_without_channel execution_start=499075183 execution_end=499076469 execution_duration_ms=1285
[2026-02-02 22:03:54.334] [info] [spider.worker] [TIMING] task_id=d994c6ab-93c4-4ae1-8b85-098732d66b3d func=job_orchestration.executor.query.spider_search_task.search_without_channel submit_output_start=499076492 submit_output_end=499076542 submit_output_duration_ms=49
[2026-02-02 22:03:54.403] [info] [spider.worker] [TIMING] task_id=ed1ad581-0c38-4b6e-961c-50e0c4bbc1fb func=job_orchestration.executor.query.spider_search_task.search_without_channel fetch_input_start=499076610 fetch_input_end=499076611 fetch_input_duration_ms=0
[2026-02-02 22:03:54.403] [info] [spider.worker] [TIMING] task_id=ed1ad581-0c38-4b6e-961c-50e0c4bbc1fb func=job_orchestration.executor.query.spider_search_task.search_without_channel input_send_start=499076612 input_send_end=499076612 input_send_duration_ms=0 bytes=612
[2026-02-02 22:03:54.403] [info] [spider.worker] [TIMING] task_id=ed1ad581-0c38-4b6e-961c-50e0c4bbc1fb func=job_orchestration.executor.query.spider_search_task.search_without_channel spawn_start=499076611 spawn_end=499076612 spawn_duration_ms=0
[2026-02-02 22:03:55.720] [info] [spider.worker] [TIMING] task_id=ed1ad581-0c38-4b6e-961c-50e0c4bbc1fb func=job_orchestration.executor.query.spider_search_task.search_without_channel execution_start=499076612 execution_end=499077929 execution_duration_ms=1316
[2026-02-02 22:03:55.813] [info] [spider.worker] [TIMING] task_id=ed1ad581-0c38-4b6e-961c-50e0c4bbc1fb func=job_orchestration.executor.query.spider_search_task.search_without_channel submit_output_start=499077930 submit_output_end=499078021 submit_output_duration_ms=91
[2026-02-02 22:03:55.916] [info] [spider.worker] [TIMING] task_id=8608e7ea-d67a-4f68-ab26-b707096f6460 func=job_orchestration.executor.query.spider_search_task.search_without_channel fetch_input_start=499078123 fetch_input_end=499078124 fetch_input_duration_ms=1
[2026-02-02 22:03:55.917] [info] [spider.worker] [TIMING] task_id=8608e7ea-d67a-4f68-ab26-b707096f6460 func=job_orchestration.executor.query.spider_search_task.search_without_channel input_send_start=499078125 input_send_end=499078125 input_send_duration_ms=0 bytes=612
[2026-02-02 22:03:55.917] [info] [spider.worker] [TIMING] task_id=8608e7ea-d67a-4f68-ab26-b707096f6460 func=job_orchestration.executor.query.spider_search_task.search_without_channel spawn_start=499078124 spawn_end=499078125 spawn_duration_ms=0
[2026-02-02 22:03:57.175] [info] [spider.worker] [TIMING] task_id=8608e7ea-d67a-4f68-ab26-b707096f6460 func=job_orchestration.executor.query.spider_search_task.search_without_channel execution_start=499078125 execution_end=499079383 execution_duration_ms=1257
[2026-02-02 22:03:57.194] [info] [spider.worker] [TIMING] task_id=8608e7ea-d67a-4f68-ab26-b707096f6460 func=job_orchestration.executor.query.spider_search_task.search_without_channel submit_output_start=499079385 submit_output_end=499079402 submit_output_duration_ms=17
[2026-02-02 22:03:57.239] [info] [spider.worker] [TIMING] task_id=56da5da2-764d-4ab3-8fa5-561350a5987b func=job_orchestration.executor.query.spider_search_task.search_without_channel fetch_input_start=499079446 fetch_input_end=499079448 fetch_input_duration_ms=1
[2026-02-02 22:03:57.240] [info] [spider.worker] [TIMING] task_id=56da5da2-764d-4ab3-8fa5-561350a5987b func=job_orchestration.executor.query.spider_search_task.search_without_channel input_send_start=499079448 input_send_end=499079448 input_send_duration_ms=0 bytes=610
[2026-02-02 22:03:57.240] [info] [spider.worker] [TIMING] task_id=56da5da2-764d-4ab3-8fa5-561350a5987b func=job_orchestration.executor.query.spider_search_task.search_without_channel spawn_start=499079448 spawn_end=499079448 spawn_duration_ms=0
[2026-02-02 22:03:58.462] [info] [spider.worker] [TIMING] task_id=56da5da2-764d-4ab3-8fa5-561350a5987b func=job_orchestration.executor.query.spider_search_task.search_without_channel execution_start=499079448 execution_end=499080670 execution_duration_ms=1221
[2026-02-02 22:03:58.562] [info] [spider.worker] [TIMING] task_id=56da5da2-764d-4ab3-8fa5-561350a5987b func=job_orchestration.executor.query.spider_search_task.search_without_channel submit_output_start=499080672 submit_output_end=499080770 submit_output_duration_ms=98
[2026-02-02 22:03:58.596] [info] [spider.worker] [TIMING] task_id=db444578-ae9a-4356-9e4c-23104fa50da5 func=job_orchestration.executor.query.spider_search_task.search_without_channel fetch_input_start=499080804 fetch_input_end=499080805 fetch_input_duration_ms=0
[2026-02-02 22:03:58.597] [info] [spider.worker] [TIMING] task_id=db444578-ae9a-4356-9e4c-23104fa50da5 func=job_orchestration.executor.query.spider_search_task.search_without_channel input_send_start=499080805 input_send_end=499080805 input_send_duration_ms=0 bytes=612
[2026-02-02 22:03:58.597] [info] [spider.worker] [TIMING] task_id=db444578-ae9a-4356-9e4c-23104fa50da5 func=job_orchestration.executor.query.spider_search_task.search_without_channel spawn_start=499080805 spawn_end=499080805 spawn_duration_ms=0
[2026-02-02 22:04:00.185] [info] [spider.worker] [TIMING] task_id=db444578-ae9a-4356-9e4c-23104fa50da5 func=job_orchestration.executor.query.spider_search_task.search_without_channel execution_start=499080805 execution_end=499082393 execution_duration_ms=1588
[2026-02-02 22:04:00.237] [info] [spider.worker] [TIMING] task_id=db444578-ae9a-4356-9e4c-23104fa50da5 func=job_orchestration.executor.query.spider_search_task.search_without_channel submit_output_start=499082401 submit_output_end=499082445 submit_output_duration_ms=43
[2026-02-02 22:04:00.311] [info] [spider.worker] [TIMING] task_id=911f01d0-34be-4d1c-b23d-b81087b99bcb func=job_orchestration.executor.query.spider_search_task.search_without_channel fetch_input_start=499082519 fetch_input_end=499082520 fetch_input_duration_ms=0
[2026-02-02 22:04:00.312] [info] [spider.worker] [TIMING] task_id=911f01d0-34be-4d1c-b23d-b81087b99bcb func=job_orchestration.executor.query.spider_search_task.search_without_channel input_send_start=499082520 input_send_end=499082520 input_send_duration_ms=0 bytes=612
[2026-02-02 22:04:00.312] [info] [spider.worker] [TIMING] task_id=911f01d0-34be-4d1c-b23d-b81087b99bcb func=job_orchestration.executor.query.spider_search_task.search_without_channel spawn_start=499082520 spawn_end=499082520 spawn_duration_ms=0
[2026-02-02 22:04:01.528] [info] [spider.worker] [TIMING] task_id=911f01d0-34be-4d1c-b23d-b81087b99bcb func=job_orchestration.executor.query.spider_search_task.search_without_channel execution_start=499082520 execution_end=499083736 execution_duration_ms=1216
[2026-02-02 22:04:01.545] [info] [spider.worker] [TIMING] task_id=911f01d0-34be-4d1c-b23d-b81087b99bcb func=job_orchestration.executor.query.spider_search_task.search_without_channel submit_output_start=499083738 submit_output_end=499083753 submit_output_duration_ms=15
[2026-02-02 22:04:01.598] [info] [spider.worker] [TIMING] task_id=5ec3abd9-835f-47a6-a762-876fd9b9b735 func=job_orchestration.executor.query.spider_search_task.search_without_channel fetch_input_start=499083806 fetch_input_end=499083807 fetch_input_duration_ms=1
[2026-02-02 22:04:01.599] [info] [spider.worker] [TIMING] task_id=5ec3abd9-835f-47a6-a762-876fd9b9b735 func=job_orchestration.executor.query.spider_search_task.search_without_channel input_send_start=499083807 input_send_end=499083807 input_send_duration_ms=0 bytes=612
[2026-02-02 22:04:01.599] [info] [spider.worker] [TIMING] task_id=5ec3abd9-835f-47a6-a762-876fd9b9b735 func=job_orchestration.executor.query.spider_search_task.search_without_channel spawn_start=499083807 spawn_end=499083807 spawn_duration_ms=0
[2026-02-02 22:04:02.768] [info] [spider.worker] [TIMING] task_id=5ec3abd9-835f-47a6-a762-876fd9b9b735 func=job_orchestration.executor.query.spider_search_task.search_without_channel execution_start=499083808 execution_end=499084976 execution_duration_ms=1168
[2026-02-02 22:04:02.832] [info] [spider.worker] [TIMING] task_id=5ec3abd9-835f-47a6-a762-876fd9b9b735 func=job_orchestration.executor.query.spider_search_task.search_without_channel submit_output_start=499084978 submit_output_end=499085041 submit_output_duration_ms=62
[2026-02-02 22:04:02.877] [info] [spider.worker] [TIMING] task_id=786be594-884f-40ca-903e-033578d6fdeb func=job_orchestration.executor.query.spider_search_task.search_without_channel fetch_input_start=499085085 fetch_input_end=499085086 fetch_input_duration_ms=1
[2026-02-02 22:04:02.878] [info] [spider.worker] [TIMING] task_id=786be594-884f-40ca-903e-033578d6fdeb func=job_orchestration.executor.query.spider_search_task.search_without_channel input_send_start=499085086 input_send_end=499085086 input_send_duration_ms=0 bytes=612
[2026-02-02 22:04:02.878] [info] [spider.worker] [TIMING] task_id=786be594-884f-40ca-903e-033578d6fdeb func=job_orchestration.executor.query.spider_search_task.search_without_channel spawn_start=499085086 spawn_end=499085086 spawn_duration_ms=0
[2026-02-02 22:04:04.127] [info] [spider.worker] [TIMING] task_id=786be594-884f-40ca-903e-033578d6fdeb func=job_orchestration.executor.query.spider_search_task.search_without_channel execution_start=499085087 execution_end=499086335 execution_duration_ms=1248
[2026-02-02 22:04:04.287] [info] [spider.worker] [TIMING] task_id=786be594-884f-40ca-903e-033578d6fdeb func=job_orchestration.executor.query.spider_search_task.search_without_channel submit_output_start=499086337 submit_output_end=499086496 submit_output_duration_ms=158
[2026-02-02 22:04:04.340] [info] [spider.worker] [TIMING] task_id=b8753c27-55d9-42c3-8b89-73416c0491e2 func=job_orchestration.executor.query.spider_search_task.search_without_channel fetch_input_start=499086548 fetch_input_end=499086549 fetch_input_duration_ms=0
[2026-02-02 22:04:04.341] [info] [spider.worker] [TIMING] task_id=b8753c27-55d9-42c3-8b89-73416c0491e2 func=job_orchestration.executor.query.spider_search_task.search_without_channel input_send_start=499086549 input_send_end=499086549 input_send_duration_ms=0 bytes=612
[2026-02-02 22:04:04.341] [info] [spider.worker] [TIMING] task_id=b8753c27-55d9-42c3-8b89-73416c0491e2 func=job_orchestration.executor.query.spider_search_task.search_without_channel spawn_start=499086549 spawn_end=499086549 spawn_duration_ms=0
[2026-02-02 22:04:05.808] [info] [spider.worker] [TIMING] task_id=b8753c27-55d9-42c3-8b89-73416c0491e2 func=job_orchestration.executor.query.spider_search_task.search_without_channel execution_start=499086549 execution_end=499088016 execution_duration_ms=1467
[2026-02-02 22:04:05.858] [info] [spider.worker] [TIMING] task_id=b8753c27-55d9-42c3-8b89-73416c0491e2 func=job_orchestration.executor.query.spider_search_task.search_without_channel submit_output_start=499088018 submit_output_end=499088067 submit_output_duration_ms=48
[2026-02-02 22:04:05.882] [info] [spider.worker] [TIMING] task_id=c77516b0-74ba-4ffc-bd96-af3ef91aa0bc func=job_orchestration.executor.query.spider_search_task.search_without_channel fetch_input_start=499088089 fetch_input_end=499088091 fetch_input_duration_ms=1
[2026-02-02 22:04:05.883] [info] [spider.worker] [TIMING] task_id=c77516b0-74ba-4ffc-bd96-af3ef91aa0bc func=job_orchestration.executor.query.spider_search_task.search_without_channel input_send_start=499088091 input_send_end=499088091 input_send_duration_ms=0 bytes=612
[2026-02-02 22:04:05.883] [info] [spider.worker] [TIMING] task_id=c77516b0-74ba-4ffc-bd96-af3ef91aa0bc func=job_orchestration.executor.query.spider_search_task.search_without_channel spawn_start=499088091 spawn_end=499088091 spawn_duration_ms=0
[2026-02-02 22:04:07.205] [info] [spider.worker] [TIMING] task_id=c77516b0-74ba-4ffc-bd96-af3ef91aa0bc func=job_orchestration.executor.query.spider_search_task.search_without_channel execution_start=499088091 execution_end=499089413 execution_duration_ms=1321
[2026-02-02 22:04:07.221] [info] [spider.worker] [TIMING] task_id=c77516b0-74ba-4ffc-bd96-af3ef91aa0bc func=job_orchestration.executor.query.spider_search_task.search_without_channel submit_output_start=499089415 submit_output_end=499089430 submit_output_duration_ms=14
[2026-02-02 22:04:07.257] [info] [spider.worker] [TIMING] task_id=1165ce95-5b56-4e74-a933-cb043b0330fe func=job_orchestration.executor.query.spider_search_task.search_without_channel fetch_input_start=499089465 fetch_input_end=499089466 fetch_input_duration_ms=0
[2026-02-02 22:04:07.258] [info] [spider.worker] [TIMING] task_id=1165ce95-5b56-4e74-a933-cb043b0330fe func=job_orchestration.executor.query.spider_search_task.search_without_channel input_send_start=499089466 input_send_end=499089466 input_send_duration_ms=0 bytes=612
[2026-02-02 22:04:07.258] [info] [spider.worker] [TIMING] task_id=1165ce95-5b56-4e74-a933-cb043b0330fe func=job_orchestration.executor.query.spider_search_task.search_without_channel spawn_start=499089466 spawn_end=499089466 spawn_duration_ms=0
[2026-02-02 22:04:08.730] [info] [spider.worker] [TIMING] task_id=1165ce95-5b56-4e74-a933-cb043b0330fe func=job_orchestration.executor.query.spider_search_task.search_without_channel execution_start=499089466 execution_end=499090938 execution_duration_ms=1471
[2026-02-02 22:04:08.739] [info] [spider.worker] [TIMING] task_id=1165ce95-5b56-4e74-a933-cb043b0330fe func=job_orchestration.executor.query.spider_search_task.search_without_channel submit_output_start=499090940 submit_output_end=499090947 submit_output_duration_ms=7
[2026-02-02 22:04:08.749] [info] [spider.worker] [TIMING] task_id=d55d2661-b9fc-44c4-a600-2169df9d9be7 func=job_orchestration.executor.query.spider_search_task.search_without_channel fetch_input_start=499090957 fetch_input_end=499090958 fetch_input_duration_ms=1
[2026-02-02 22:04:08.750] [info] [spider.worker] [TIMING] task_id=d55d2661-b9fc-44c4-a600-2169df9d9be7 func=job_orchestration.executor.query.spider_search_task.search_without_channel input_send_start=499090958 input_send_end=499090958 input_send_duration_ms=0 bytes=612
[2026-02-02 22:04:08.750] [info] [spider.worker] [TIMING] task_id=d55d2661-b9fc-44c4-a600-2169df9d9be7 func=job_orchestration.executor.query.spider_search_task.search_without_channel spawn_start=499090958 spawn_end=499090958 spawn_duration_ms=0
[2026-02-02 22:04:09.929] [info] [spider.worker] [TIMING] task_id=d55d2661-b9fc-44c4-a600-2169df9d9be7 func=job_orchestration.executor.query.spider_search_task.search_without_channel execution_start=499090958 execution_end=499092138 execution_duration_ms=1179
[2026-02-02 22:04:10.005] [info] [spider.worker] [TIMING] task_id=d55d2661-b9fc-44c4-a600-2169df9d9be7 func=job_orchestration.executor.query.spider_search_task.search_without_channel submit_output_start=499092140 submit_output_end=499092213 submit_output_duration_ms=73
[2026-02-02 22:04:10.025] [info] [spider.worker] [TIMING] task_id=0bf8c752-d0ba-4c51-954f-be4336bcd031 func=job_orchestration.executor.query.spider_search_task.search_without_channel fetch_input_start=499092233 fetch_input_end=499092233 fetch_input_duration_ms=0
[2026-02-02 22:04:10.026] [info] [spider.worker] [TIMING] task_id=0bf8c752-d0ba-4c51-954f-be4336bcd031 func=job_orchestration.executor.query.spider_search_task.search_without_channel input_send_start=499092234 input_send_end=499092234 input_send_duration_ms=0 bytes=612
[2026-02-02 22:04:10.026] [info] [spider.worker] [TIMING] task_id=0bf8c752-d0ba-4c51-954f-be4336bcd031 func=job_orchestration.executor.query.spider_search_task.search_without_channel spawn_start=499092234 spawn_end=499092234 spawn_duration_ms=0
[2026-02-02 22:04:11.305] [info] [spider.worker] [TIMING] task_id=0bf8c752-d0ba-4c51-954f-be4336bcd031 func=job_orchestration.executor.query.spider_search_task.search_without_channel execution_start=499092234 execution_end=499093513 execution_duration_ms=1278
[2026-02-02 22:04:11.400] [info] [spider.worker] [TIMING] task_id=0bf8c752-d0ba-4c51-954f-be4336bcd031 func=job_orchestration.executor.query.spider_search_task.search_without_channel submit_output_start=499093542 submit_output_end=499093608 submit_output_duration_ms=66
[2026-02-02 22:04:11.450] [info] [spider.worker] [TIMING] task_id=da17e2f5-be19-403a-b61c-71672ba0025b func=job_orchestration.executor.query.spider_search_task.search_without_channel fetch_input_start=499093658 fetch_input_end=499093659 fetch_input_duration_ms=1
[2026-02-02 22:04:11.451] [info] [spider.worker] [TIMING] task_id=da17e2f5-be19-403a-b61c-71672ba0025b func=job_orchestration.executor.query.spider_search_task.search_without_channel input_send_start=499093659 input_send_end=499093659 input_send_duration_ms=0 bytes=610
[2026-02-02 22:04:11.451] [info] [spider.worker] [TIMING] task_id=da17e2f5-be19-403a-b61c-71672ba0025b func=job_orchestration.executor.query.spider_search_task.search_without_channel spawn_start=499093659 spawn_end=499093659 spawn_duration_ms=0
[2026-02-02 22:04:12.738] [info] [spider.worker] [TIMING] task_id=da17e2f5-be19-403a-b61c-71672ba0025b func=job_orchestration.executor.query.spider_search_task.search_without_channel execution_start=499093660 execution_end=499094946 execution_duration_ms=1286
[2026-02-02 22:04:12.756] [info] [spider.worker] [TIMING] task_id=da17e2f5-be19-403a-b61c-71672ba0025b func=job_orchestration.executor.query.spider_search_task.search_without_channel submit_output_start=499094948 submit_output_end=499094964 submit_output_duration_ms=16
[2026-02-02 22:04:12.798] [info] [spider.worker] [TIMING] task_id=c2d38a5f-b0a9-40c7-a569-96b634b7b165 func=job_orchestration.executor.query.spider_search_task.search_without_channel fetch_input_start=499095005 fetch_input_end=499095007 fetch_input_duration_ms=1
[2026-02-02 22:04:12.799] [info] [spider.worker] [TIMING] task_id=c2d38a5f-b0a9-40c7-a569-96b634b7b165 func=job_orchestration.executor.query.spider_search_task.search_without_channel input_send_start=499095007 input_send_end=499095007 input_send_duration_ms=0 bytes=610
[2026-02-02 22:04:12.799] [info] [spider.worker] [TIMING] task_id=c2d38a5f-b0a9-40c7-a569-96b634b7b165 func=job_orchestration.executor.query.spider_search_task.search_without_channel spawn_start=499095007 spawn_end=499095007 spawn_duration_ms=0
[2026-02-02 22:04:14.132] [info] [spider.worker] [TIMING] task_id=c2d38a5f-b0a9-40c7-a569-96b634b7b165 func=job_orchestration.executor.query.spider_search_task.search_without_channel execution_start=499095007 execution_end=499096340 execution_duration_ms=1333
[2026-02-02 22:04:14.192] [info] [spider.worker] [TIMING] task_id=c2d38a5f-b0a9-40c7-a569-96b634b7b165 func=job_orchestration.executor.query.spider_search_task.search_without_channel submit_output_start=499096342 submit_output_end=499096400 submit_output_duration_ms=58
[2026-02-02 22:04:14.228] [info] [spider.worker] [TIMING] task_id=0ed3c8ff-703e-4d84-a28c-6f2b90f55479 func=job_orchestration.executor.query.spider_search_task.search_without_channel fetch_input_start=499096435 fetch_input_end=499096436 fetch_input_duration_ms=1
[2026-02-02 22:04:14.228] [info] [spider.worker] [TIMING] task_id=0ed3c8ff-703e-4d84-a28c-6f2b90f55479 func=job_orchestration.executor.query.spider_search_task.search_without_channel input_send_start=499096437 input_send_end=499096437 input_send_duration_ms=0 bytes=610
[2026-02-02 22:04:14.228] [info] [spider.worker] [TIMING] task_id=0ed3c8ff-703e-4d84-a28c-6f2b90f55479 func=job_orchestration.executor.query.spider_search_task.search_without_channel spawn_start=499096436 spawn_end=499096437 spawn_duration_ms=0
[2026-02-02 22:04:15.646] [info] [spider.worker] [TIMING] task_id=0ed3c8ff-703e-4d84-a28c-6f2b90f55479 func=job_orchestration.executor.query.spider_search_task.search_without_channel execution_start=499096437 execution_end=499097854 execution_duration_ms=1417
[2026-02-02 22:04:15.739] [info] [spider.worker] [TIMING] task_id=0ed3c8ff-703e-4d84-a28c-6f2b90f55479 func=job_orchestration.executor.query.spider_search_task.search_without_channel submit_output_start=499097856 submit_output_end=499097947 submit_output_duration_ms=91
[2026-02-02 22:04:15.817] [info] [spider.worker] [TIMING] task_id=b67ed60e-df48-4480-9f0b-ba410721fc80 func=job_orchestration.executor.query.spider_search_task.search_without_channel fetch_input_start=499098024 fetch_input_end=499098025 fetch_input_duration_ms=1
[2026-02-02 22:04:15.817] [info] [spider.worker] [TIMING] task_id=b67ed60e-df48-4480-9f0b-ba410721fc80 func=job_orchestration.executor.query.spider_search_task.search_without_channel input_send_start=499098026 input_send_end=499098026 input_send_duration_ms=0 bytes=610
[2026-02-02 22:04:15.817] [info] [spider.worker] [TIMING] task_id=b67ed60e-df48-4480-9f0b-ba410721fc80 func=job_orchestration.executor.query.spider_search_task.search_without_channel spawn_start=499098025 spawn_end=499098026 spawn_duration_ms=0
[2026-02-02 22:04:17.174] [info] [spider.worker] [TIMING] task_id=b67ed60e-df48-4480-9f0b-ba410721fc80 func=job_orchestration.executor.query.spider_search_task.search_without_channel execution_start=499098026 execution_end=499099382 execution_duration_ms=1356
[2026-02-02 22:04:17.253] [info] [spider.worker] [TIMING] task_id=b67ed60e-df48-4480-9f0b-ba410721fc80 func=job_orchestration.executor.query.spider_search_task.search_without_channel submit_output_start=499099395 submit_output_end=499099461 submit_output_duration_ms=66
[2026-02-02 22:04:17.297] [info] [spider.worker] [TIMING] task_id=e8356fcc-4f83-4ad0-9234-b706b145bf9a func=job_orchestration.executor.query.spider_search_task.search_without_channel fetch_input_start=499099505 fetch_input_end=499099506 fetch_input_duration_ms=0
[2026-02-02 22:04:17.298] [info] [spider.worker] [TIMING] task_id=e8356fcc-4f83-4ad0-9234-b706b145bf9a func=job_orchestration.executor.query.spider_search_task.search_without_channel input_send_start=499099506 input_send_end=499099506 input_send_duration_ms=0 bytes=612
[2026-02-02 22:04:17.298] [info] [spider.worker] [TIMING] task_id=e8356fcc-4f83-4ad0-9234-b706b145bf9a func=job_orchestration.executor.query.spider_search_task.search_without_channel spawn_start=499099506 spawn_end=499099506 spawn_duration_ms=0
[2026-02-02 22:04:18.783] [info] [spider.worker] [TIMING] task_id=e8356fcc-4f83-4ad0-9234-b706b145bf9a func=job_orchestration.executor.query.spider_search_task.search_without_channel execution_start=499099506 execution_end=499100991 execution_duration_ms=1484
[2026-02-02 22:04:18.816] [info] [spider.worker] [TIMING] task_id=e8356fcc-4f83-4ad0-9234-b706b145bf9a func=job_orchestration.executor.query.spider_search_task.search_without_channel submit_output_start=499100993 submit_output_end=499101025 submit_output_duration_ms=31
[2026-02-02 22:04:18.869] [info] [spider.worker] [TIMING] task_id=e8eb183f-f4fc-47a2-9577-d4ce76ee0d4e func=job_orchestration.executor.query.spider_search_task.search_without_channel fetch_input_start=499101077 fetch_input_end=499101078 fetch_input_duration_ms=0
[2026-02-02 22:04:18.870] [info] [spider.worker] [TIMING] task_id=e8eb183f-f4fc-47a2-9577-d4ce76ee0d4e func=job_orchestration.executor.query.spider_search_task.search_without_channel input_send_start=499101078 input_send_end=499101078 input_send_duration_ms=0 bytes=612
[2026-02-02 22:04:18.870] [info] [spider.worker] [TIMING] task_id=e8eb183f-f4fc-47a2-9577-d4ce76ee0d4e func=job_orchestration.executor.query.spider_search_task.search_without_channel spawn_start=499101078 spawn_end=499101078 spawn_duration_ms=0
[2026-02-02 22:04:20.334] [info] [spider.worker] [TIMING] task_id=e8eb183f-f4fc-47a2-9577-d4ce76ee0d4e func=job_orchestration.executor.query.spider_search_task.search_without_channel execution_start=499101079 execution_end=499102542 execution_duration_ms=1463
[2026-02-02 22:04:20.351] [info] [spider.worker] [TIMING] task_id=e8eb183f-f4fc-47a2-9577-d4ce76ee0d4e func=job_orchestration.executor.query.spider_search_task.search_without_channel submit_output_start=499102544 submit_output_end=499102559 submit_output_duration_ms=14
[2026-02-02 22:04:20.442] [info] [spider.worker] [TIMING] task_id=a6f3949d-ea96-4599-a130-c587473738e4 func=job_orchestration.executor.query.spider_search_task.search_without_channel fetch_input_start=499102650 fetch_input_end=499102651 fetch_input_duration_ms=1
[2026-02-02 22:04:20.443] [info] [spider.worker] [TIMING] task_id=a6f3949d-ea96-4599-a130-c587473738e4 func=job_orchestration.executor.query.spider_search_task.search_without_channel input_send_start=499102652 input_send_end=499102652 input_send_duration_ms=0 bytes=610
[2026-02-02 22:04:20.443] [info] [spider.worker] [TIMING] task_id=a6f3949d-ea96-4599-a130-c587473738e4 func=job_orchestration.executor.query.spider_search_task.search_without_channel spawn_start=499102651 spawn_end=499102652 spawn_duration_ms=0
[2026-02-02 22:04:21.725] [info] [spider.worker] [TIMING] task_id=a6f3949d-ea96-4599-a130-c587473738e4 func=job_orchestration.executor.query.spider_search_task.search_without_channel execution_start=499102652 execution_end=499103934 execution_duration_ms=1282
[2026-02-02 22:04:21.760] [info] [spider.worker] [TIMING] task_id=a6f3949d-ea96-4599-a130-c587473738e4 func=job_orchestration.executor.query.spider_search_task.search_without_channel submit_output_start=499103935 submit_output_end=499103968 submit_output_duration_ms=32
[2026-02-02 22:04:21.796] [info] [spider.worker] [TIMING] task_id=1863f8ca-1206-4f88-9268-4954da167cee func=job_orchestration.executor.query.spider_search_task.search_without_channel fetch_input_start=499104003 fetch_input_end=499104004 fetch_input_duration_ms=0
[2026-02-02 22:04:21.797] [info] [spider.worker] [TIMING] task_id=1863f8ca-1206-4f88-9268-4954da167cee func=job_orchestration.executor.query.spider_search_task.search_without_channel input_send_start=499104005 input_send_end=499104005 input_send_duration_ms=0 bytes=611
[2026-02-02 22:04:21.797] [info] [spider.worker] [TIMING] task_id=1863f8ca-1206-4f88-9268-4954da167cee func=job_orchestration.executor.query.spider_search_task.search_without_channel spawn_start=499104004 spawn_end=499104005 spawn_duration_ms=0
[2026-02-02 22:04:23.177] [info] [spider.worker] [TIMING] task_id=1863f8ca-1206-4f88-9268-4954da167cee func=job_orchestration.executor.query.spider_search_task.search_without_channel execution_start=499104005 execution_end=499105385 execution_duration_ms=1380
[2026-02-02 22:04:23.218] [info] [spider.worker] [TIMING] task_id=1863f8ca-1206-4f88-9268-4954da167cee func=job_orchestration.executor.query.spider_search_task.search_without_channel submit_output_start=499105386 submit_output_end=499105427 submit_output_duration_ms=40
[2026-02-02 22:04:23.284] [info] [spider.worker] [TIMING] task_id=a08fde7f-40eb-43e3-afd7-ebca93aa7610 func=job_orchestration.executor.query.spider_search_task.search_without_channel fetch_input_start=499105492 fetch_input_end=499105493 fetch_input_duration_ms=0
[2026-02-02 22:04:23.285] [info] [spider.worker] [TIMING] task_id=a08fde7f-40eb-43e3-afd7-ebca93aa7610 func=job_orchestration.executor.query.spider_search_task.search_without_channel input_send_start=499105493 input_send_end=499105493 input_send_duration_ms=0 bytes=610
[2026-02-02 22:04:23.285] [info] [spider.worker] [TIMING] task_id=a08fde7f-40eb-43e3-afd7-ebca93aa7610 func=job_orchestration.executor.query.spider_search_task.search_without_channel spawn_start=499105493 spawn_end=499105493 spawn_duration_ms=0
[2026-02-02 22:04:24.645] [info] [spider.worker] [TIMING] task_id=a08fde7f-40eb-43e3-afd7-ebca93aa7610 func=job_orchestration.executor.query.spider_search_task.search_without_channel execution_start=499105494 execution_end=499106853 execution_duration_ms=1359
[2026-02-02 22:04:24.686] [info] [spider.worker] [TIMING] task_id=a08fde7f-40eb-43e3-afd7-ebca93aa7610 func=job_orchestration.executor.query.spider_search_task.search_without_channel submit_output_start=499106861 submit_output_end=499106894 submit_output_duration_ms=32
[2026-02-02 22:04:24.722] [info] [spider.worker] [TIMING] task_id=725d2b95-ffbb-48ad-85ad-315ae9dff9d6 func=job_orchestration.executor.query.spider_search_task.search_without_channel fetch_input_start=499106929 fetch_input_end=499106930 fetch_input_duration_ms=0
[2026-02-02 22:04:24.722] [info] [spider.worker] [TIMING] task_id=725d2b95-ffbb-48ad-85ad-315ae9dff9d6 func=job_orchestration.executor.query.spider_search_task.search_without_channel input_send_start=499106930 input_send_end=499106930 input_send_duration_ms=0 bytes=612
[2026-02-02 22:04:24.722] [info] [spider.worker] [TIMING] task_id=725d2b95-ffbb-48ad-85ad-315ae9dff9d6 func=job_orchestration.executor.query.spider_search_task.search_without_channel spawn_start=499106930 spawn_end=499106930 spawn_duration_ms=0
[2026-02-02 22:04:25.898] [info] [spider.worker] [TIMING] task_id=725d2b95-ffbb-48ad-85ad-315ae9dff9d6 func=job_orchestration.executor.query.spider_search_task.search_without_channel execution_start=499106931 execution_end=499108107 execution_duration_ms=1175
[2026-02-02 22:04:25.910] [info] [spider.worker] [TIMING] task_id=725d2b95-ffbb-48ad-85ad-315ae9dff9d6 func=job_orchestration.executor.query.spider_search_task.search_without_channel submit_output_start=499108108 submit_output_end=499108118 submit_output_duration_ms=10
[2026-02-02 22:04:25.930] [info] [spider.worker] [TIMING] task_id=984e1eac-00a7-48d2-a403-6884a221af05 func=job_orchestration.executor.query.spider_search_task.search_without_channel fetch_input_start=499108137 fetch_input_end=499108138 fetch_input_duration_ms=1
[2026-02-02 22:04:25.930] [info] [spider.worker] [TIMING] task_id=984e1eac-00a7-48d2-a403-6884a221af05 func=job_orchestration.executor.query.spider_search_task.search_without_channel input_send_start=499108139 input_send_end=499108139 input_send_duration_ms=0 bytes=610
[2026-02-02 22:04:25.930] [info] [spider.worker] [TIMING] task_id=984e1eac-00a7-48d2-a403-6884a221af05 func=job_orchestration.executor.query.spider_search_task.search_without_channel spawn_start=499108138 spawn_end=499108139 spawn_duration_ms=0
[2026-02-02 22:04:27.342] [info] [spider.worker] [TIMING] task_id=984e1eac-00a7-48d2-a403-6884a221af05 func=job_orchestration.executor.query.spider_search_task.search_without_channel execution_start=499108139 execution_end=499109550 execution_duration_ms=1411
[2026-02-02 22:04:27.385] [info] [spider.worker] [TIMING] task_id=984e1eac-00a7-48d2-a403-6884a221af05 func=job_orchestration.executor.query.spider_search_task.search_without_channel submit_output_start=499109560 submit_output_end=499109593 submit_output_duration_ms=33
[2026-02-02 22:04:27.455] [info] [spider.worker] [TIMING] task_id=baa576bf-cab4-477f-a2d9-613aa215777c func=job_orchestration.executor.query.spider_search_task.search_without_channel fetch_input_start=499109662 fetch_input_end=499109663 fetch_input_duration_ms=0
[2026-02-02 22:04:27.455] [info] [spider.worker] [TIMING] task_id=baa576bf-cab4-477f-a2d9-613aa215777c func=job_orchestration.executor.query.spider_search_task.search_without_channel input_send_start=499109664 input_send_end=499109664 input_send_duration_ms=0 bytes=612
[2026-02-02 22:04:27.455] [info] [spider.worker] [TIMING] task_id=baa576bf-cab4-477f-a2d9-613aa215777c func=job_orchestration.executor.query.spider_search_task.search_without_channel spawn_start=499109663 spawn_end=499109664 spawn_duration_ms=0
[2026-02-02 22:04:28.592] [info] [spider.worker] [TIMING] task_id=baa576bf-cab4-477f-a2d9-613aa215777c func=job_orchestration.executor.query.spider_search_task.search_without_channel execution_start=499109664 execution_end=499110801 execution_duration_ms=1136
[2026-02-02 22:04:28.638] [info] [spider.worker] [TIMING] task_id=baa576bf-cab4-477f-a2d9-613aa215777c func=job_orchestration.executor.query.spider_search_task.search_without_channel submit_output_start=499110802 submit_output_end=499110846 submit_output_duration_ms=44
[2026-02-02 22:04:28.664] [info] [spider.worker] [TIMING] task_id=1bb1aa53-9e4e-4c61-a5c6-4008dabe6a81 func=job_orchestration.executor.query.spider_search_task.search_without_channel fetch_input_start=499110871 fetch_input_end=499110873 fetch_input_duration_ms=1
[2026-02-02 22:04:28.665] [info] [spider.worker] [TIMING] task_id=1bb1aa53-9e4e-4c61-a5c6-4008dabe6a81 func=job_orchestration.executor.query.spider_search_task.search_without_channel input_send_start=499110873 input_send_end=499110873 input_send_duration_ms=0 bytes=612
[2026-02-02 22:04:28.665] [info] [spider.worker] [TIMING] task_id=1bb1aa53-9e4e-4c61-a5c6-4008dabe6a81 func=job_orchestration.executor.query.spider_search_task.search_without_channel spawn_start=499110873 spawn_end=499110873 spawn_duration_ms=0
[2026-02-02 22:04:29.987] [info] [spider.worker] [TIMING] task_id=1bb1aa53-9e4e-4c61-a5c6-4008dabe6a81 func=job_orchestration.executor.query.spider_search_task.search_without_channel execution_start=499110874 execution_end=499112195 execution_duration_ms=1321
[2026-02-02 22:04:30.084] [info] [spider.worker] [TIMING] task_id=1bb1aa53-9e4e-4c61-a5c6-4008dabe6a81 func=job_orchestration.executor.query.spider_search_task.search_without_channel submit_output_start=499112217 submit_output_end=499112292 submit_output_duration_ms=74
[2026-02-02 22:04:30.162] [info] [spider.worker] [TIMING] task_id=1622bd42-43ae-431b-881a-f85aee5844ef func=job_orchestration.executor.query.spider_search_task.search_without_channel fetch_input_start=499112370 fetch_input_end=499112371 fetch_input_duration_ms=1
[2026-02-02 22:04:30.163] [info] [spider.worker] [TIMING] task_id=1622bd42-43ae-431b-881a-f85aee5844ef func=job_orchestration.executor.query.spider_search_task.search_without_channel input_send_start=499112371 input_send_end=499112371 input_send_duration_ms=0 bytes=612
[2026-02-02 22:04:30.163] [info] [spider.worker] [TIMING] task_id=1622bd42-43ae-431b-881a-f85aee5844ef func=job_orchestration.executor.query.spider_search_task.search_without_channel spawn_start=499112371 spawn_end=499112371 spawn_duration_ms=0
[2026-02-02 22:04:31.453] [info] [spider.worker] [TIMING] task_id=1622bd42-43ae-431b-881a-f85aee5844ef func=job_orchestration.executor.query.spider_search_task.search_without_channel execution_start=499112371 execution_end=499113661 execution_duration_ms=1289
[2026-02-02 22:04:31.528] [info] [spider.worker] [TIMING] task_id=1622bd42-43ae-431b-881a-f85aee5844ef func=job_orchestration.executor.query.spider_search_task.search_without_channel submit_output_start=499113662 submit_output_end=499113736 submit_output_duration_ms=74
[2026-02-02 22:04:31.581] [info] [spider.worker] [TIMING] task_id=e59a3a57-9f80-4cb4-adcb-c4af6a90a266 func=job_orchestration.executor.query.spider_search_task.search_without_channel fetch_input_start=499113788 fetch_input_end=499113789 fetch_input_duration_ms=0
[2026-02-02 22:04:31.581] [info] [spider.worker] [TIMING] task_id=e59a3a57-9f80-4cb4-adcb-c4af6a90a266 func=job_orchestration.executor.query.spider_search_task.search_without_channel input_send_start=499113790 input_send_end=499113790 input_send_duration_ms=0 bytes=612
[2026-02-02 22:04:31.581] [info] [spider.worker] [TIMING] task_id=e59a3a57-9f80-4cb4-adcb-c4af6a90a266 func=job_orchestration.executor.query.spider_search_task.search_without_channel spawn_start=499113789 spawn_end=499113790 spawn_duration_ms=0
[2026-02-02 22:04:32.906] [info] [spider.worker] [TIMING] task_id=e59a3a57-9f80-4cb4-adcb-c4af6a90a266 func=job_orchestration.executor.query.spider_search_task.search_without_channel execution_start=499113790 execution_end=499115115 execution_duration_ms=1324
[2026-02-02 22:04:32.928] [info] [spider.worker] [TIMING] task_id=e59a3a57-9f80-4cb4-adcb-c4af6a90a266 func=job_orchestration.executor.query.spider_search_task.search_without_channel submit_output_start=499115116 submit_output_end=499115137 submit_output_duration_ms=20
[2026-02-02 22:04:32.947] [info] [spider.worker] [TIMING] task_id=daecebfa-a566-4cc7-9f66-22729728f49b func=job_orchestration.executor.query.spider_search_task.search_without_channel fetch_input_start=499115155 fetch_input_end=499115156 fetch_input_duration_ms=0
[2026-02-02 22:04:32.948] [info] [spider.worker] [TIMING] task_id=daecebfa-a566-4cc7-9f66-22729728f49b func=job_orchestration.executor.query.spider_search_task.search_without_channel input_send_start=499115156 input_send_end=499115156 input_send_duration_ms=0 bytes=610
[2026-02-02 22:04:32.948] [info] [spider.worker] [TIMING] task_id=daecebfa-a566-4cc7-9f66-22729728f49b func=job_orchestration.executor.query.spider_search_task.search_without_channel spawn_start=499115156 spawn_end=499115156 spawn_duration_ms=0
[2026-02-02 22:04:34.476] [info] [spider.worker] [TIMING] task_id=daecebfa-a566-4cc7-9f66-22729728f49b func=job_orchestration.executor.query.spider_search_task.search_without_channel execution_start=499115156 execution_end=499116685 execution_duration_ms=1528
[2026-02-02 22:04:34.495] [info] [spider.worker] [TIMING] task_id=daecebfa-a566-4cc7-9f66-22729728f49b func=job_orchestration.executor.query.spider_search_task.search_without_channel submit_output_start=499116686 submit_output_end=499116704 submit_output_duration_ms=17
[2026-02-02 22:04:34.551] [info] [spider.worker] [TIMING] task_id=4629558b-26f3-450f-9da1-3d35b9a1c432 func=job_orchestration.executor.query.spider_search_task.search_without_channel fetch_input_start=499116758 fetch_input_end=499116759 fetch_input_duration_ms=0
[2026-02-02 22:04:34.552] [info] [spider.worker] [TIMING] task_id=4629558b-26f3-450f-9da1-3d35b9a1c432 func=job_orchestration.executor.query.spider_search_task.search_without_channel input_send_start=499116760 input_send_end=499116760 input_send_duration_ms=0 bytes=612
[2026-02-02 22:04:34.552] [info] [spider.worker] [TIMING] task_id=4629558b-26f3-450f-9da1-3d35b9a1c432 func=job_orchestration.executor.query.spider_search_task.search_without_channel spawn_start=499116759 spawn_end=499116760 spawn_duration_ms=0
[2026-02-02 22:04:35.803] [info] [spider.worker] [TIMING] task_id=4629558b-26f3-450f-9da1-3d35b9a1c432 func=job_orchestration.executor.query.spider_search_task.search_without_channel execution_start=499116760 execution_end=499118011 execution_duration_ms=1251
[2026-02-02 22:04:35.846] [info] [spider.worker] [TIMING] task_id=4629558b-26f3-450f-9da1-3d35b9a1c432 func=job_orchestration.executor.query.spider_search_task.search_without_channel submit_output_start=499118013 submit_output_end=499118054 submit_output_duration_ms=41
[2026-02-02 22:04:35.938] [info] [spider.worker] [TIMING] task_id=0c90c3cb-478c-49c6-a872-8ae180198bf7 func=job_orchestration.executor.query.spider_search_task.search_without_channel fetch_input_start=499118145 fetch_input_end=499118146 fetch_input_duration_ms=1
[2026-02-02 22:04:35.938] [info] [spider.worker] [TIMING] task_id=0c90c3cb-478c-49c6-a872-8ae180198bf7 func=job_orchestration.executor.query.spider_search_task.search_without_channel input_send_start=499118147 input_send_end=499118147 input_send_duration_ms=0 bytes=612
[2026-02-02 22:04:35.939] [info] [spider.worker] [TIMING] task_id=0c90c3cb-478c-49c6-a872-8ae180198bf7 func=job_orchestration.executor.query.spider_search_task.search_without_channel spawn_start=499118146 spawn_end=499118147 spawn_duration_ms=0
[2026-02-02 22:04:37.167] [info] [spider.worker] [TIMING] task_id=0c90c3cb-478c-49c6-a872-8ae180198bf7 func=job_orchestration.executor.query.spider_search_task.search_without_channel execution_start=499118147 execution_end=499119375 execution_duration_ms=1228
[2026-02-02 22:04:37.180] [info] [spider.worker] [TIMING] task_id=0c90c3cb-478c-49c6-a872-8ae180198bf7 func=job_orchestration.executor.query.spider_search_task.search_without_channel submit_output_start=499119377 submit_output_end=499119388 submit_output_duration_ms=11
[2026-02-02 22:04:37.256] [info] [spider.worker] [TIMING] task_id=66198e3e-5b6e-437a-a77a-63d227b4a654 func=job_orchestration.executor.query.spider_search_task.search_without_channel fetch_input_start=499119456 fetch_input_end=499119464 fetch_input_duration_ms=8
[2026-02-02 22:04:37.257] [info] [spider.worker] [TIMING] task_id=66198e3e-5b6e-437a-a77a-63d227b4a654 func=job_orchestration.executor.query.spider_search_task.search_without_channel input_send_start=499119465 input_send_end=499119465 input_send_duration_ms=0 bytes=612
[2026-02-02 22:04:37.257] [info] [spider.worker] [TIMING] task_id=66198e3e-5b6e-437a-a77a-63d227b4a654 func=job_orchestration.executor.query.spider_search_task.search_without_channel spawn_start=499119465 spawn_end=499119465 spawn_duration_ms=0
[2026-02-02 22:04:38.478] [info] [spider.worker] [TIMING] task_id=66198e3e-5b6e-437a-a77a-63d227b4a654 func=job_orchestration.executor.query.spider_search_task.search_without_channel execution_start=499119465 execution_end=499120686 execution_duration_ms=1220
[2026-02-02 22:04:38.488] [info] [spider.worker] [TIMING] task_id=66198e3e-5b6e-437a-a77a-63d227b4a654 func=job_orchestration.executor.query.spider_search_task.search_without_channel submit_output_start=499120688 submit_output_end=499120696 submit_output_duration_ms=8
[2026-02-02 22:04:38.516] [info] [spider.worker] [TIMING] task_id=dfac2158-85ad-443e-a019-615400fa4c19 func=job_orchestration.executor.query.spider_search_task.search_without_channel fetch_input_start=499120723 fetch_input_end=499120724 fetch_input_duration_ms=0
[2026-02-02 22:04:38.516] [info] [spider.worker] [TIMING] task_id=dfac2158-85ad-443e-a019-615400fa4c19 func=job_orchestration.executor.query.spider_search_task.search_without_channel input_send_start=499120725 input_send_end=499120725 input_send_duration_ms=0 bytes=612
[2026-02-02 22:04:38.516] [info] [spider.worker] [TIMING] task_id=dfac2158-85ad-443e-a019-615400fa4c19 func=job_orchestration.executor.query.spider_search_task.search_without_channel spawn_start=499120724 spawn_end=499120725 spawn_duration_ms=0
[2026-02-02 22:04:39.859] [info] [spider.worker] [TIMING] task_id=dfac2158-85ad-443e-a019-615400fa4c19 func=job_orchestration.executor.query.spider_search_task.search_without_channel execution_start=499120725 execution_end=499122068 execution_duration_ms=1342
[2026-02-02 22:04:39.929] [info] [spider.worker] [TIMING] task_id=dfac2158-85ad-443e-a019-615400fa4c19 func=job_orchestration.executor.query.spider_search_task.search_without_channel submit_output_start=499122070 submit_output_end=499122138 submit_output_duration_ms=68
[2026-02-02 22:04:39.967] [info] [spider.worker] [TIMING] task_id=ef1f3a83-c73b-411b-ae4a-af8ed3621802 func=job_orchestration.executor.query.spider_search_task.search_without_channel fetch_input_start=499122174 fetch_input_end=499122175 fetch_input_duration_ms=1
[2026-02-02 22:04:39.967] [info] [spider.worker] [TIMING] task_id=ef1f3a83-c73b-411b-ae4a-af8ed3621802 func=job_orchestration.executor.query.spider_search_task.search_without_channel input_send_start=499122176 input_send_end=499122176 input_send_duration_ms=0 bytes=612
[2026-02-02 22:04:39.967] [info] [spider.worker] [TIMING] task_id=ef1f3a83-c73b-411b-ae4a-af8ed3621802 func=job_orchestration.executor.query.spider_search_task.search_without_channel spawn_start=499122175 spawn_end=499122176 spawn_duration_ms=0
[2026-02-02 22:04:41.151] [info] [spider.worker] [TIMING] task_id=ef1f3a83-c73b-411b-ae4a-af8ed3621802 func=job_orchestration.executor.query.spider_search_task.search_without_channel execution_start=499122176 execution_end=499123360 execution_duration_ms=1183
[2026-02-02 22:04:41.163] [info] [spider.worker] [TIMING] task_id=ef1f3a83-c73b-411b-ae4a-af8ed3621802 func=job_orchestration.executor.query.spider_search_task.search_without_channel submit_output_start=499123361 submit_output_end=499123372 submit_output_duration_ms=10
[2026-02-02 22:04:41.183] [info] [spider.worker] [TIMING] task_id=75cd8569-64f6-44d3-8206-cbdca6de8c1b func=job_orchestration.executor.query.spider_search_task.search_without_channel fetch_input_start=499123391 fetch_input_end=499123392 fetch_input_duration_ms=1
[2026-02-02 22:04:41.184] [info] [spider.worker] [TIMING] task_id=75cd8569-64f6-44d3-8206-cbdca6de8c1b func=job_orchestration.executor.query.spider_search_task.search_without_channel input_send_start=499123392 input_send_end=499123392 input_send_duration_ms=0 bytes=612
[2026-02-02 22:04:41.184] [info] [spider.worker] [TIMING] task_id=75cd8569-64f6-44d3-8206-cbdca6de8c1b func=job_orchestration.executor.query.spider_search_task.search_without_channel spawn_start=499123392 spawn_end=499123392 spawn_duration_ms=0
[2026-02-02 22:04:42.701] [info] [spider.worker] [TIMING] task_id=75cd8569-64f6-44d3-8206-cbdca6de8c1b func=job_orchestration.executor.query.spider_search_task.search_without_channel execution_start=499123392 execution_end=499124909 execution_duration_ms=1516
[2026-02-02 22:04:42.783] [info] [spider.worker] [TIMING] task_id=75cd8569-64f6-44d3-8206-cbdca6de8c1b func=job_orchestration.executor.query.spider_search_task.search_without_channel submit_output_start=499124911 submit_output_end=499124991 submit_output_duration_ms=80
[2026-02-02 22:04:42.894] [info] [spider.worker] [TIMING] task_id=e5c30d78-63da-4036-9f60-6f3900300f04 func=job_orchestration.executor.query.spider_search_task.search_without_channel fetch_input_start=499125102 fetch_input_end=499125103 fetch_input_duration_ms=0
[2026-02-02 22:04:42.895] [info] [spider.worker] [TIMING] task_id=e5c30d78-63da-4036-9f60-6f3900300f04 func=job_orchestration.executor.query.spider_search_task.search_without_channel input_send_start=499125103 input_send_end=499125103 input_send_duration_ms=0 bytes=612
[2026-02-02 22:04:42.895] [info] [spider.worker] [TIMING] task_id=e5c30d78-63da-4036-9f60-6f3900300f04 func=job_orchestration.executor.query.spider_search_task.search_without_channel spawn_start=499125103 spawn_end=499125103 spawn_duration_ms=0
[2026-02-02 22:04:44.132] [info] [spider.worker] [TIMING] task_id=e5c30d78-63da-4036-9f60-6f3900300f04 func=job_orchestration.executor.query.spider_search_task.search_without_channel execution_start=499125103 execution_end=499126341 execution_duration_ms=1237
[2026-02-02 22:04:44.164] [info] [spider.worker] [TIMING] task_id=e5c30d78-63da-4036-9f60-6f3900300f04 func=job_orchestration.executor.query.spider_search_task.search_without_channel submit_output_start=499126343 submit_output_end=499126373 submit_output_duration_ms=30
[2026-02-02 22:04:44.252] [info] [spider.worker] [TIMING] task_id=529dcdd2-8bfa-47ff-99b9-8b271ce95073 func=job_orchestration.executor.query.spider_search_task.search_without_channel fetch_input_start=499126459 fetch_input_end=499126460 fetch_input_duration_ms=1
[2026-02-02 22:04:44.252] [info] [spider.worker] [TIMING] task_id=529dcdd2-8bfa-47ff-99b9-8b271ce95073 func=job_orchestration.executor.query.spider_search_task.search_without_channel input_send_start=499126460 input_send_end=499126460 input_send_duration_ms=0 bytes=611
[2026-02-02 22:04:44.252] [info] [spider.worker] [TIMING] task_id=529dcdd2-8bfa-47ff-99b9-8b271ce95073 func=job_orchestration.executor.query.spider_search_task.search_without_channel spawn_start=499126460 spawn_end=499126461 spawn_duration_ms=0
[2026-02-02 22:04:45.501] [info] [spider.worker] [TIMING] task_id=529dcdd2-8bfa-47ff-99b9-8b271ce95073 func=job_orchestration.executor.query.spider_search_task.search_without_channel execution_start=499126461 execution_end=499127709 execution_duration_ms=1248
[2026-02-02 22:04:45.540] [info] [spider.worker] [TIMING] task_id=529dcdd2-8bfa-47ff-99b9-8b271ce95073 func=job_orchestration.executor.query.spider_search_task.search_without_channel submit_output_start=499127711 submit_output_end=499127748 submit_output_duration_ms=37
[2026-02-02 22:04:45.601] [info] [spider.worker] [TIMING] task_id=cb89e3b5-845e-4eb7-9af9-7b7aa73ae83b func=job_orchestration.executor.query.spider_search_task.search_without_channel fetch_input_start=499127809 fetch_input_end=499127810 fetch_input_duration_ms=0
[2026-02-02 22:04:45.602] [info] [spider.worker] [TIMING] task_id=cb89e3b5-845e-4eb7-9af9-7b7aa73ae83b func=job_orchestration.executor.query.spider_search_task.search_without_channel input_send_start=499127810 input_send_end=499127810 input_send_duration_ms=0 bytes=612
[2026-02-02 22:04:45.602] [info] [spider.worker] [TIMING] task_id=cb89e3b5-845e-4eb7-9af9-7b7aa73ae83b func=job_orchestration.executor.query.spider_search_task.search_without_channel spawn_start=499127810 spawn_end=499127810 spawn_duration_ms=0
[2026-02-02 22:04:46.943] [info] [spider.worker] [TIMING] task_id=cb89e3b5-845e-4eb7-9af9-7b7aa73ae83b func=job_orchestration.executor.query.spider_search_task.search_without_channel execution_start=499127810 execution_end=499129151 execution_duration_ms=1340
[2026-02-02 22:04:46.949] [info] [spider.worker] [TIMING] task_id=cb89e3b5-845e-4eb7-9af9-7b7aa73ae83b func=job_orchestration.executor.query.spider_search_task.search_without_channel submit_output_start=499129152 submit_output_end=499129157 submit_output_duration_ms=4
[2026-02-02 22:04:46.968] [info] [spider.worker] [TIMING] task_id=54027ff1-4b55-4bc1-9d31-7fa8a38ae776 func=job_orchestration.executor.query.spider_search_task.search_without_channel fetch_input_start=499129175 fetch_input_end=499129176 fetch_input_duration_ms=0
[2026-02-02 22:04:46.969] [info] [spider.worker] [TIMING] task_id=54027ff1-4b55-4bc1-9d31-7fa8a38ae776 func=job_orchestration.executor.query.spider_search_task.search_without_channel input_send_start=499129177 input_send_end=499129177 input_send_duration_ms=0 bytes=612
[2026-02-02 22:04:46.969] [info] [spider.worker] [TIMING] task_id=54027ff1-4b55-4bc1-9d31-7fa8a38ae776 func=job_orchestration.executor.query.spider_search_task.search_without_channel spawn_start=499129176 spawn_end=499129177 spawn_duration_ms=0
[2026-02-02 22:04:48.300] [info] [spider.worker] [TIMING] task_id=54027ff1-4b55-4bc1-9d31-7fa8a38ae776 func=job_orchestration.executor.query.spider_search_task.search_without_channel execution_start=499129177 execution_end=499130508 execution_duration_ms=1331
[2026-02-02 22:04:48.308] [info] [spider.worker] [TIMING] task_id=54027ff1-4b55-4bc1-9d31-7fa8a38ae776 func=job_orchestration.executor.query.spider_search_task.search_without_channel submit_output_start=499130510 submit_output_end=499130516 submit_output_duration_ms=5
[2026-02-02 22:04:48.328] [info] [spider.worker] [TIMING] task_id=f40c8fbf-7fea-42f1-a937-56014edb30fc func=job_orchestration.executor.query.spider_search_task.search_without_channel fetch_input_start=499130535 fetch_input_end=499130536 fetch_input_duration_ms=1
[2026-02-02 22:04:48.328] [info] [spider.worker] [TIMING] task_id=f40c8fbf-7fea-42f1-a937-56014edb30fc func=job_orchestration.executor.query.spider_search_task.search_without_channel input_send_start=499130537 input_send_end=499130537 input_send_duration_ms=0 bytes=612
[2026-02-02 22:04:48.328] [info] [spider.worker] [TIMING] task_id=f40c8fbf-7fea-42f1-a937-56014edb30fc func=job_orchestration.executor.query.spider_search_task.search_without_channel spawn_start=499130536 spawn_end=499130537 spawn_duration_ms=0
[2026-02-02 22:04:49.681] [info] [spider.worker] [TIMING] task_id=f40c8fbf-7fea-42f1-a937-56014edb30fc func=job_orchestration.executor.query.spider_search_task.search_without_channel execution_start=499130537 execution_end=499131889 execution_duration_ms=1352
[2026-02-02 22:04:49.736] [info] [spider.worker] [TIMING] task_id=f40c8fbf-7fea-42f1-a937-56014edb30fc func=job_orchestration.executor.query.spider_search_task.search_without_channel submit_output_start=499131891 submit_output_end=499131944 submit_output_duration_ms=53
[2026-02-02 22:04:49.761] [info] [spider.worker] [TIMING] task_id=7259124e-d43a-4091-9b64-eecbad6f919c func=job_orchestration.executor.query.spider_search_task.search_without_channel fetch_input_start=499131968 fetch_input_end=499131969 fetch_input_duration_ms=1
[2026-02-02 22:04:49.761] [info] [spider.worker] [TIMING] task_id=7259124e-d43a-4091-9b64-eecbad6f919c func=job_orchestration.executor.query.spider_search_task.search_without_channel input_send_start=499131970 input_send_end=499131970 input_send_duration_ms=0 bytes=611
[2026-02-02 22:04:49.761] [info] [spider.worker] [TIMING] task_id=7259124e-d43a-4091-9b64-eecbad6f919c func=job_orchestration.executor.query.spider_search_task.search_without_channel spawn_start=499131969 spawn_end=499131970 spawn_duration_ms=0
[2026-02-02 22:04:51.340] [info] [spider.worker] [TIMING] task_id=7259124e-d43a-4091-9b64-eecbad6f919c func=job_orchestration.executor.query.spider_search_task.search_without_channel execution_start=499131970 execution_end=499133549 execution_duration_ms=1578
[2026-02-02 22:04:51.350] [info] [spider.worker] [TIMING] task_id=7259124e-d43a-4091-9b64-eecbad6f919c func=job_orchestration.executor.query.spider_search_task.search_without_channel submit_output_start=499133550 submit_output_end=499133558 submit_output_duration_ms=7
[2026-02-02 22:04:51.427] [info] [spider.worker] [TIMING] task_id=6b83f731-f87e-4e8a-8be2-44a093579926 func=job_orchestration.executor.query.spider_search_task.search_without_channel fetch_input_start=499133635 fetch_input_end=499133636 fetch_input_duration_ms=0
[2026-02-02 22:04:51.428] [info] [spider.worker] [TIMING] task_id=6b83f731-f87e-4e8a-8be2-44a093579926 func=job_orchestration.executor.query.spider_search_task.search_without_channel input_send_start=499133636 input_send_end=499133636 input_send_duration_ms=0 bytes=612
[2026-02-02 22:04:51.428] [info] [spider.worker] [TIMING] task_id=6b83f731-f87e-4e8a-8be2-44a093579926 func=job_orchestration.executor.query.spider_search_task.search_without_channel spawn_start=499133636 spawn_end=499133636 spawn_duration_ms=0
[2026-02-02 22:04:52.759] [info] [spider.worker] [TIMING] task_id=6b83f731-f87e-4e8a-8be2-44a093579926 func=job_orchestration.executor.query.spider_search_task.search_without_channel execution_start=499133636 execution_end=499134968 execution_duration_ms=1331
[2026-02-02 22:04:52.767] [info] [spider.worker] [TIMING] task_id=6b83f731-f87e-4e8a-8be2-44a093579926 func=job_orchestration.executor.query.spider_search_task.search_without_channel submit_output_start=499134970 submit_output_end=499134975 submit_output_duration_ms=5
[2026-02-02 22:04:52.787] [info] [spider.worker] [TIMING] task_id=104ceb2c-00b9-4c13-9def-93de73bd61a2 func=job_orchestration.executor.query.spider_search_task.search_without_channel fetch_input_start=499134994 fetch_input_end=499134995 fetch_input_duration_ms=1
[2026-02-02 22:04:52.787] [info] [spider.worker] [TIMING] task_id=104ceb2c-00b9-4c13-9def-93de73bd61a2 func=job_orchestration.executor.query.spider_search_task.search_without_channel input_send_start=499134996 input_sen