[2026-02-02 19:46:00.937] [warning] [spider.worker] Prefer using `SPIDER_STORAGE_URL` environment variable over `--storage_url` argument.
[2026-02-02 19:47:06.573] [info] [spider.worker] [TIMING] task_id=1be76556-1091-45d0-a9c9-baabebbd9611 func=job_orchestration.executor.compress.spider_compress.compress fetch_input_start=490868780 fetch_input_end=490868782 fetch_input_duration_ms=1
[2026-02-02 19:47:06.574] [info] [spider.worker] [TIMING] task_id=1be76556-1091-45d0-a9c9-baabebbd9611 func=job_orchestration.executor.compress.spider_compress.compress input_send_start=490868782 input_send_end=490868782 input_send_duration_ms=0 bytes=756
[2026-02-02 19:47:06.574] [info] [spider.worker] [TIMING] task_id=1be76556-1091-45d0-a9c9-baabebbd9611 func=job_orchestration.executor.compress.spider_compress.compress spawn_start=490868782 spawn_end=490868782 spawn_duration_ms=0
[2026-02-02 19:47:40.221] [info] [spider.worker] [TIMING] task_id=1be76556-1091-45d0-a9c9-baabebbd9611 func=job_orchestration.executor.compress.spider_compress.compress execution_start=490868782 execution_end=490902430 execution_duration_ms=33647
[2026-02-02 19:47:40.254] [info] [spider.worker] [TIMING] task_id=1be76556-1091-45d0-a9c9-baabebbd9611 func=job_orchestration.executor.compress.spider_compress.compress submit_output_start=490902432 submit_output_end=490902462 submit_output_duration_ms=29
[2026-02-02 19:47:40.282] [info] [spider.worker] [TIMING] task_id=c7b5a174-1759-4a79-a30c-3778deef45db func=job_orchestration.executor.compress.spider_compress.compress fetch_input_start=490902489 fetch_input_end=490902490 fetch_input_duration_ms=1
[2026-02-02 19:47:40.283] [info] [spider.worker] [TIMING] task_id=c7b5a174-1759-4a79-a30c-3778deef45db func=job_orchestration.executor.compress.spider_compress.compress input_send_start=490902491 input_send_end=490902491 input_send_duration_ms=0 bytes=755
[2026-02-02 19:47:40.283] [info] [spider.worker] [TIMING] task_id=c7b5a174-1759-4a79-a30c-3778deef45db func=job_orchestration.executor.compress.spider_compress.compress spawn_start=490902490 spawn_end=490902491 spawn_duration_ms=0
[2026-02-02 19:49:48.875] [info] [spider.worker] [TIMING] task_id=c7b5a174-1759-4a79-a30c-3778deef45db func=job_orchestration.executor.compress.spider_compress.compress execution_start=490902491 execution_end=491031083 execution_duration_ms=128592
[2026-02-02 19:49:48.890] [info] [spider.worker] [TIMING] task_id=c7b5a174-1759-4a79-a30c-3778deef45db func=job_orchestration.executor.compress.spider_compress.compress submit_output_start=491031086 submit_output_end=491031099 submit_output_duration_ms=13
[2026-02-02 19:49:48.911] [info] [spider.worker] [TIMING] task_id=dbe43fe2-5f57-4409-8ca5-3ad66d63616f func=job_orchestration.executor.compress.spider_compress.compress fetch_input_start=491031118 fetch_input_end=491031119 fetch_input_duration_ms=1
[2026-02-02 19:49:48.912] [info] [spider.worker] [TIMING] task_id=dbe43fe2-5f57-4409-8ca5-3ad66d63616f func=job_orchestration.executor.compress.spider_compress.compress input_send_start=491031120 input_send_end=491031120 input_send_duration_ms=0 bytes=750
[2026-02-02 19:49:48.912] [info] [spider.worker] [TIMING] task_id=dbe43fe2-5f57-4409-8ca5-3ad66d63616f func=job_orchestration.executor.compress.spider_compress.compress spawn_start=491031119 spawn_end=491031120 spawn_duration_ms=0
[2026-02-02 19:51:06.683] [info] [spider.worker] [TIMING] task_id=dbe43fe2-5f57-4409-8ca5-3ad66d63616f func=job_orchestration.executor.compress.spider_compress.compress execution_start=491031120 execution_end=491108892 execution_duration_ms=77771
[2026-02-02 19:51:06.717] [info] [spider.worker] [TIMING] task_id=dbe43fe2-5f57-4409-8ca5-3ad66d63616f func=job_orchestration.executor.compress.spider_compress.compress submit_output_start=491108893 submit_output_end=491108925 submit_output_duration_ms=31
[2026-02-02 19:51:07.203] [info] [spider.worker] [TIMING] task_id=c1f9d6f6-f2d9-4a00-b3dc-a5677a7b0a07 func=job_orchestration.executor.compress.spider_compress.compress fetch_input_start=491109410 fetch_input_end=491109411 fetch_input_duration_ms=1
[2026-02-02 19:51:07.204] [info] [spider.worker] [TIMING] task_id=c1f9d6f6-f2d9-4a00-b3dc-a5677a7b0a07 func=job_orchestration.executor.compress.spider_compress.compress input_send_start=491109412 input_send_end=491109412 input_send_duration_ms=0 bytes=771
[2026-02-02 19:51:07.250] [info] [spider.worker] [TIMING] task_id=c1f9d6f6-f2d9-4a00-b3dc-a5677a7b0a07 func=job_orchestration.executor.compress.spider_compress.compress spawn_start=491109412 spawn_end=491109459 spawn_duration_ms=47
[2026-02-02 19:51:33.692] [info] [spider.worker] [TIMING] task_id=c1f9d6f6-f2d9-4a00-b3dc-a5677a7b0a07 func=job_orchestration.executor.compress.spider_compress.compress execution_start=491109459 execution_end=491135900 execution_duration_ms=26441
[2026-02-02 19:51:33.723] [info] [spider.worker] [TIMING] task_id=c1f9d6f6-f2d9-4a00-b3dc-a5677a7b0a07 func=job_orchestration.executor.compress.spider_compress.compress submit_output_start=491135902 submit_output_end=491135932 submit_output_duration_ms=29
[2026-02-02 19:51:33.742] [info] [spider.worker] [TIMING] task_id=7a6dea6c-5889-4d0f-af60-e34a2ea8a56b func=job_orchestration.executor.compress.spider_compress.compress fetch_input_start=491135949 fetch_input_end=491135950 fetch_input_duration_ms=1
[2026-02-02 19:51:33.742] [info] [spider.worker] [TIMING] task_id=7a6dea6c-5889-4d0f-af60-e34a2ea8a56b func=job_orchestration.executor.compress.spider_compress.compress input_send_start=491135951 input_send_end=491135951 input_send_duration_ms=0 bytes=842
[2026-02-02 19:51:33.742] [info] [spider.worker] [TIMING] task_id=7a6dea6c-5889-4d0f-af60-e34a2ea8a56b func=job_orchestration.executor.compress.spider_compress.compress spawn_start=491135950 spawn_end=491135951 spawn_duration_ms=0
[2026-02-02 19:52:08.528] [info] [spider.worker] [TIMING] task_id=7a6dea6c-5889-4d0f-af60-e34a2ea8a56b func=job_orchestration.executor.compress.spider_compress.compress execution_start=491135951 execution_end=491170737 execution_duration_ms=34785
[2026-02-02 19:52:08.569] [info] [spider.worker] [TIMING] task_id=7a6dea6c-5889-4d0f-af60-e34a2ea8a56b func=job_orchestration.executor.compress.spider_compress.compress submit_output_start=491170738 submit_output_end=491170777 submit_output_duration_ms=39
[2026-02-02 19:52:08.589] [info] [spider.worker] [TIMING] task_id=96528e1d-4c9b-4519-bcad-d01b567112af func=job_orchestration.executor.compress.spider_compress.compress fetch_input_start=491170796 fetch_input_end=491170797 fetch_input_duration_ms=1
[2026-02-02 19:52:08.589] [info] [spider.worker] [TIMING] task_id=96528e1d-4c9b-4519-bcad-d01b567112af func=job_orchestration.executor.compress.spider_compress.compress input_send_start=491170797 input_send_end=491170797 input_send_duration_ms=0 bytes=748
[2026-02-02 19:52:08.589] [info] [spider.worker] [TIMING] task_id=96528e1d-4c9b-4519-bcad-d01b567112af func=job_orchestration.executor.compress.spider_compress.compress spawn_start=491170797 spawn_end=491170797 spawn_duration_ms=0
[2026-02-02 19:52:28.868] [info] [spider.worker] [TIMING] task_id=96528e1d-4c9b-4519-bcad-d01b567112af func=job_orchestration.executor.compress.spider_compress.compress execution_start=491170797 execution_end=491191076 execution_duration_ms=20278
[2026-02-02 19:52:28.875] [info] [spider.worker] [TIMING] task_id=96528e1d-4c9b-4519-bcad-d01b567112af func=job_orchestration.executor.compress.spider_compress.compress submit_output_start=491191078 submit_output_end=491191084 submit_output_duration_ms=5
[2026-02-02 19:52:28.913] [info] [spider.worker] [TIMING] task_id=15a07d52-dfa8-453a-98d1-38be704afbb2 func=job_orchestration.executor.compress.spider_compress.compress fetch_input_start=491191121 fetch_input_end=491191122 fetch_input_duration_ms=0
[2026-02-02 19:52:28.914] [info] [spider.worker] [TIMING] task_id=15a07d52-dfa8-453a-98d1-38be704afbb2 func=job_orchestration.executor.compress.spider_compress.compress input_send_start=491191122 input_send_end=491191122 input_send_duration_ms=0 bytes=751
[2026-02-02 19:52:28.914] [info] [spider.worker] [TIMING] task_id=15a07d52-dfa8-453a-98d1-38be704afbb2 func=job_orchestration.executor.compress.spider_compress.compress spawn_start=491191122 spawn_end=491191123 spawn_duration_ms=0
[2026-02-02 19:54:48.902] [info] [spider.worker] [TIMING] task_id=15a07d52-dfa8-453a-98d1-38be704afbb2 func=job_orchestration.executor.compress.spider_compress.compress execution_start=491191123 execution_end=491331110 execution_duration_ms=139987
[2026-02-02 19:54:48.921] [info] [spider.worker] [TIMING] task_id=15a07d52-dfa8-453a-98d1-38be704afbb2 func=job_orchestration.executor.compress.spider_compress.compress submit_output_start=491331112 submit_output_end=491331129 submit_output_duration_ms=16
[2026-02-02 19:54:48.941] [info] [spider.worker] [TIMING] task_id=15012e64-db6a-40b7-9af4-e39a1a38ae1c func=job_orchestration.executor.compress.spider_compress.compress fetch_input_start=491331148 fetch_input_end=491331149 fetch_input_duration_ms=1
[2026-02-02 19:54:48.941] [info] [spider.worker] [TIMING] task_id=15012e64-db6a-40b7-9af4-e39a1a38ae1c func=job_orchestration.executor.compress.spider_compress.compress input_send_start=491331150 input_send_end=491331150 input_send_duration_ms=0 bytes=844
[2026-02-02 19:54:48.941] [info] [spider.worker] [TIMING] task_id=15012e64-db6a-40b7-9af4-e39a1a38ae1c func=job_orchestration.executor.compress.spider_compress.compress spawn_start=491331149 spawn_end=491331150 spawn_duration_ms=0
[2026-02-02 19:56:21.100] [info] [spider.worker] [TIMING] task_id=15012e64-db6a-40b7-9af4-e39a1a38ae1c func=job_orchestration.executor.compress.spider_compress.compress execution_start=491331150 execution_end=491423308 execution_duration_ms=92158
[2026-02-02 19:56:21.120] [info] [spider.worker] [TIMING] task_id=15012e64-db6a-40b7-9af4-e39a1a38ae1c func=job_orchestration.executor.compress.spider_compress.compress submit_output_start=491423310 submit_output_end=491423328 submit_output_duration_ms=18
[2026-02-02 19:56:21.140] [info] [spider.worker] [TIMING] task_id=fb293039-d46d-4104-b73f-5bd3384df9ec func=job_orchestration.executor.compress.spider_compress.compress fetch_input_start=491423347 fetch_input_end=491423348 fetch_input_duration_ms=0
[2026-02-02 19:56:21.140] [info] [spider.worker] [TIMING] task_id=fb293039-d46d-4104-b73f-5bd3384df9ec func=job_orchestration.executor.compress.spider_compress.compress input_send_start=491423348 input_send_end=491423348 input_send_duration_ms=0 bytes=752
[2026-02-02 19:56:21.140] [info] [spider.worker] [TIMING] task_id=fb293039-d46d-4104-b73f-5bd3384df9ec func=job_orchestration.executor.compress.spider_compress.compress spawn_start=491423348 spawn_end=491423348 spawn_duration_ms=0
[2026-02-02 19:58:32.360] [info] [spider.worker] [TIMING] task_id=fb293039-d46d-4104-b73f-5bd3384df9ec func=job_orchestration.executor.compress.spider_compress.compress execution_start=491423349 execution_end=491554568 execution_duration_ms=131219
[2026-02-02 19:58:32.375] [info] [spider.worker] [TIMING] task_id=fb293039-d46d-4104-b73f-5bd3384df9ec func=job_orchestration.executor.compress.spider_compress.compress submit_output_start=491554570 submit_output_end=491554583 submit_output_duration_ms=12
[2026-02-02 19:58:32.394] [info] [spider.worker] [TIMING] task_id=90a2d030-3b26-4460-8888-acc437f71ff0 func=job_orchestration.executor.compress.spider_compress.compress fetch_input_start=491554601 fetch_input_end=491554602 fetch_input_duration_ms=0
[2026-02-02 19:58:32.395] [info] [spider.worker] [TIMING] task_id=90a2d030-3b26-4460-8888-acc437f71ff0 func=job_orchestration.executor.compress.spider_compress.compress input_send_start=491554603 input_send_end=491554603 input_send_duration_ms=0 bytes=748
[2026-02-02 19:58:32.395] [info] [spider.worker] [TIMING] task_id=90a2d030-3b26-4460-8888-acc437f71ff0 func=job_orchestration.executor.compress.spider_compress.compress spawn_start=491554602 spawn_end=491554603 spawn_duration_ms=0
[2026-02-02 20:00:13.457] [info] [spider.worker] [TIMING] task_id=90a2d030-3b26-4460-8888-acc437f71ff0 func=job_orchestration.executor.compress.spider_compress.compress execution_start=491554603 execution_end=491655665 execution_duration_ms=101062
[2026-02-02 20:00:13.482] [info] [spider.worker] [TIMING] task_id=90a2d030-3b26-4460-8888-acc437f71ff0 func=job_orchestration.executor.compress.spider_compress.compress submit_output_start=491655667 submit_output_end=491655690 submit_output_duration_ms=22
[2026-02-02 20:00:13.501] [info] [spider.worker] [TIMING] task_id=cc14de4f-0d97-446d-a994-fca83abc86d6 func=job_orchestration.executor.compress.spider_compress.compress fetch_input_start=491655709 fetch_input_end=491655710 fetch_input_duration_ms=1
[2026-02-02 20:00:13.502] [info] [spider.worker] [TIMING] task_id=cc14de4f-0d97-446d-a994-fca83abc86d6 func=job_orchestration.executor.compress.spider_compress.compress input_send_start=491655710 input_send_end=491655710 input_send_duration_ms=0 bytes=748
[2026-02-02 20:00:13.502] [info] [spider.worker] [TIMING] task_id=cc14de4f-0d97-446d-a994-fca83abc86d6 func=job_orchestration.executor.compress.spider_compress.compress spawn_start=491655710 spawn_end=491655710 spawn_duration_ms=0
[2026-02-02 20:00:40.497] [info] [spider.worker] [TIMING] task_id=cc14de4f-0d97-446d-a994-fca83abc86d6 func=job_orchestration.executor.compress.spider_compress.compress execution_start=491655711 execution_end=491682706 execution_duration_ms=26995
[2026-02-02 20:00:40.537] [info] [spider.worker] [TIMING] task_id=cc14de4f-0d97-446d-a994-fca83abc86d6 func=job_orchestration.executor.compress.spider_compress.compress submit_output_start=491682708 submit_output_end=491682745 submit_output_duration_ms=37
[2026-02-02 20:00:40.557] [info] [spider.worker] [TIMING] task_id=3b16bf2f-4bad-416f-aae2-7c5d5962e096 func=job_orchestration.executor.compress.spider_compress.compress fetch_input_start=491682764 fetch_input_end=491682765 fetch_input_duration_ms=1
[2026-02-02 20:00:40.557] [info] [spider.worker] [TIMING] task_id=3b16bf2f-4bad-416f-aae2-7c5d5962e096 func=job_orchestration.executor.compress.spider_compress.compress input_send_start=491682766 input_send_end=491682766 input_send_duration_ms=0 bytes=747
[2026-02-02 20:00:40.557] [info] [spider.worker] [TIMING] task_id=3b16bf2f-4bad-416f-aae2-7c5d5962e096 func=job_orchestration.executor.compress.spider_compress.compress spawn_start=491682765 spawn_end=491682766 spawn_duration_ms=0
[2026-02-02 20:01:52.440] [info] [spider.worker] [TIMING] task_id=3b16bf2f-4bad-416f-aae2-7c5d5962e096 func=job_orchestration.executor.compress.spider_compress.compress execution_start=491682766 execution_end=491754648 execution_duration_ms=71882
[2026-02-02 20:01:52.477] [info] [spider.worker] [TIMING] task_id=3b16bf2f-4bad-416f-aae2-7c5d5962e096 func=job_orchestration.executor.compress.spider_compress.compress submit_output_start=491754650 submit_output_end=491754686 submit_output_duration_ms=35
[2026-02-02 20:01:52.522] [info] [spider.worker] [TIMING] task_id=fc343d8c-7585-4bf6-b925-ca1e5a58f923 func=job_orchestration.executor.compress.spider_compress.compress fetch_input_start=491754730 fetch_input_end=491754730 fetch_input_duration_ms=0
[2026-02-02 20:01:52.523] [info] [spider.worker] [TIMING] task_id=fc343d8c-7585-4bf6-b925-ca1e5a58f923 func=job_orchestration.executor.compress.spider_compress.compress input_send_start=491754731 input_send_end=491754731 input_send_duration_ms=0 bytes=751
[2026-02-02 20:01:52.523] [info] [spider.worker] [TIMING] task_id=fc343d8c-7585-4bf6-b925-ca1e5a58f923 func=job_orchestration.executor.compress.spider_compress.compress spawn_start=491754731 spawn_end=491754731 spawn_duration_ms=0
[2026-02-02 20:04:21.472] [info] [spider.worker] [TIMING] task_id=fc343d8c-7585-4bf6-b925-ca1e5a58f923 func=job_orchestration.executor.compress.spider_compress.compress execution_start=491754731 execution_end=491903681 execution_duration_ms=148949
[2026-02-02 20:04:22.188] [info] [spider.worker] [TIMING] task_id=fc343d8c-7585-4bf6-b925-ca1e5a58f923 func=job_orchestration.executor.compress.spider_compress.compress submit_output_start=491903729 submit_output_end=491904396 submit_output_duration_ms=666
[2026-02-02 20:04:22.311] [info] [spider.worker] [TIMING] task_id=abb4357b-25ba-4a00-82ad-3094635d3354 func=job_orchestration.executor.compress.spider_compress.compress fetch_input_start=491904518 fetch_input_end=491904519 fetch_input_duration_ms=1
[2026-02-02 20:04:22.312] [info] [spider.worker] [TIMING] task_id=abb4357b-25ba-4a00-82ad-3094635d3354 func=job_orchestration.executor.compress.spider_compress.compress input_send_start=491904520 input_send_end=491904520 input_send_duration_ms=0 bytes=747
[2026-02-02 20:04:22.312] [info] [spider.worker] [TIMING] task_id=abb4357b-25ba-4a00-82ad-3094635d3354 func=job_orchestration.executor.compress.spider_compress.compress spawn_start=491904519 spawn_end=491904520 spawn_duration_ms=0
[2026-02-02 20:06:59.095] [info] [spider.worker] [TIMING] task_id=abb4357b-25ba-4a00-82ad-3094635d3354 func=job_orchestration.executor.compress.spider_compress.compress execution_start=491904520 execution_end=492061303 execution_duration_ms=156783
[2026-02-02 20:06:59.108] [info] [spider.worker] [TIMING] task_id=abb4357b-25ba-4a00-82ad-3094635d3354 func=job_orchestration.executor.compress.spider_compress.compress submit_output_start=492061305 submit_output_end=492061317 submit_output_duration_ms=11
[2026-02-02 20:06:59.128] [info] [spider.worker] [TIMING] task_id=08b917f1-e4ba-4d79-a9f8-54001b1d1b9e func=job_orchestration.executor.compress.spider_compress.compress fetch_input_start=492061335 fetch_input_end=492061337 fetch_input_duration_ms=1
[2026-02-02 20:06:59.129] [info] [spider.worker] [TIMING] task_id=08b917f1-e4ba-4d79-a9f8-54001b1d1b9e func=job_orchestration.executor.compress.spider_compress.compress input_send_start=492061337 input_send_end=492061337 input_send_duration_ms=0 bytes=755
[2026-02-02 20:06:59.129] [info] [spider.worker] [TIMING] task_id=08b917f1-e4ba-4d79-a9f8-54001b1d1b9e func=job_orchestration.executor.compress.spider_compress.compress spawn_start=492061337 spawn_end=492061337 spawn_duration_ms=0
[2026-02-02 20:09:36.224] [info] [spider.worker] [TIMING] task_id=08b917f1-e4ba-4d79-a9f8-54001b1d1b9e func=job_orchestration.executor.compress.spider_compress.compress execution_start=492061338 execution_end=492218432 execution_duration_ms=157094
[2026-02-02 20:09:36.257] [info] [spider.worker] [TIMING] task_id=08b917f1-e4ba-4d79-a9f8-54001b1d1b9e func=job_orchestration.executor.compress.spider_compress.compress submit_output_start=492218434 submit_output_end=492218466 submit_output_duration_ms=31
[2026-02-02 20:09:36.280] [info] [spider.worker] [TIMING] task_id=bfdd6d4d-6f4a-44ce-a7cc-ce8d02bcdcae func=job_orchestration.executor.compress.spider_compress.compress fetch_input_start=492218487 fetch_input_end=492218489 fetch_input_duration_ms=1
[2026-02-02 20:09:36.281] [info] [spider.worker] [TIMING] task_id=bfdd6d4d-6f4a-44ce-a7cc-ce8d02bcdcae func=job_orchestration.executor.compress.spider_compress.compress input_send_start=492218489 input_send_end=492218489 input_send_duration_ms=0 bytes=748
[2026-02-02 20:09:36.281] [info] [spider.worker] [TIMING] task_id=bfdd6d4d-6f4a-44ce-a7cc-ce8d02bcdcae func=job_orchestration.executor.compress.spider_compress.compress spawn_start=492218489 spawn_end=492218489 spawn_duration_ms=0
[2026-02-02 20:09:55.279] [info] [spider.worker] [TIMING] task_id=bfdd6d4d-6f4a-44ce-a7cc-ce8d02bcdcae func=job_orchestration.executor.compress.spider_compress.compress execution_start=492218489 execution_end=492237487 execution_duration_ms=18997
[2026-02-02 20:09:55.312] [info] [spider.worker] [TIMING] task_id=bfdd6d4d-6f4a-44ce-a7cc-ce8d02bcdcae func=job_orchestration.executor.compress.spider_compress.compress submit_output_start=492237489 submit_output_end=492237520 submit_output_duration_ms=30
[2026-02-02 20:09:55.328] [info] [spider.worker] [TIMING] task_id=126c03cc-531e-461a-947e-83696c92c199 func=job_orchestration.executor.compress.spider_compress.compress fetch_input_start=492237535 fetch_input_end=492237536 fetch_input_duration_ms=0
[2026-02-02 20:09:55.328] [info] [spider.worker] [TIMING] task_id=126c03cc-531e-461a-947e-83696c92c199 func=job_orchestration.executor.compress.spider_compress.compress input_send_start=492237537 input_send_end=492237537 input_send_duration_ms=0 bytes=748
[2026-02-02 20:09:55.328] [info] [spider.worker] [TIMING] task_id=126c03cc-531e-461a-947e-83696c92c199 func=job_orchestration.executor.compress.spider_compress.compress spawn_start=492237536 spawn_end=492237537 spawn_duration_ms=0
[2026-02-02 20:10:54.640] [info] [spider.worker] [TIMING] task_id=126c03cc-531e-461a-947e-83696c92c199 func=job_orchestration.executor.compress.spider_compress.compress execution_start=492237537 execution_end=492296848 execution_duration_ms=59311
[2026-02-02 20:10:54.671] [info] [spider.worker] [TIMING] task_id=126c03cc-531e-461a-947e-83696c92c199 func=job_orchestration.executor.compress.spider_compress.compress submit_output_start=492296850 submit_output_end=492296879 submit_output_duration_ms=28
[2026-02-02 20:10:54.690] [info] [spider.worker] [TIMING] task_id=a6ad33f3-a2f3-4337-b4f3-c34e055fa9d4 func=job_orchestration.executor.compress.spider_compress.compress fetch_input_start=492296897 fetch_input_end=492296898 fetch_input_duration_ms=1
[2026-02-02 20:10:54.690] [info] [spider.worker] [TIMING] task_id=a6ad33f3-a2f3-4337-b4f3-c34e055fa9d4 func=job_orchestration.executor.compress.spider_compress.compress input_send_start=492296899 input_send_end=492296899 input_send_duration_ms=0 bytes=751
[2026-02-02 20:10:54.690] [info] [spider.worker] [TIMING] task_id=a6ad33f3-a2f3-4337-b4f3-c34e055fa9d4 func=job_orchestration.executor.compress.spider_compress.compress spawn_start=492296898 spawn_end=492296899 spawn_duration_ms=0
[2026-02-02 20:12:57.690] [info] [spider.worker] [TIMING] task_id=a6ad33f3-a2f3-4337-b4f3-c34e055fa9d4 func=job_orchestration.executor.compress.spider_compress.compress execution_start=492296899 execution_end=492419898 execution_duration_ms=122999
[2026-02-02 20:12:57.734] [info] [spider.worker] [TIMING] task_id=a6ad33f3-a2f3-4337-b4f3-c34e055fa9d4 func=job_orchestration.executor.compress.spider_compress.compress submit_output_start=492419900 submit_output_end=492419942 submit_output_duration_ms=42
[2026-02-02 20:12:57.754] [info] [spider.worker] [TIMING] task_id=bdc5887d-6893-4f57-95c2-63368b249ca6 func=job_orchestration.executor.compress.spider_compress.compress fetch_input_start=492419961 fetch_input_end=492419962 fetch_input_duration_ms=1
[2026-02-02 20:12:57.754] [info] [spider.worker] [TIMING] task_id=bdc5887d-6893-4f57-95c2-63368b249ca6 func=job_orchestration.executor.compress.spider_compress.compress input_send_start=492419963 input_send_end=492419963 input_send_duration_ms=0 bytes=750
[2026-02-02 20:12:57.754] [info] [spider.worker] [TIMING] task_id=bdc5887d-6893-4f57-95c2-63368b249ca6 func=job_orchestration.executor.compress.spider_compress.compress spawn_start=492419962 spawn_end=492419963 spawn_duration_ms=0
[2026-02-02 20:14:27.310] [info] [spider.worker] [TIMING] task_id=bdc5887d-6893-4f57-95c2-63368b249ca6 func=job_orchestration.executor.compress.spider_compress.compress execution_start=492419963 execution_end=492509518 execution_duration_ms=89555
[2026-02-02 20:14:27.979] [info] [spider.worker] [TIMING] task_id=bdc5887d-6893-4f57-95c2-63368b249ca6 func=job_orchestration.executor.compress.spider_compress.compress submit_output_start=492510035 submit_output_end=492510188 submit_output_duration_ms=153
[2026-02-02 20:14:28.005] [info] [spider.worker] [TIMING] task_id=05f148b9-f425-42ee-970f-922d7a06b167 func=job_orchestration.executor.compress.spider_compress.compress fetch_input_start=492510211 fetch_input_end=492510213 fetch_input_duration_ms=1
[2026-02-02 20:14:28.005] [info] [spider.worker] [TIMING] task_id=05f148b9-f425-42ee-970f-922d7a06b167 func=job_orchestration.executor.compress.spider_compress.compress input_send_start=492510214 input_send_end=492510214 input_send_duration_ms=0 bytes=751
[2026-02-02 20:14:28.005] [info] [spider.worker] [TIMING] task_id=05f148b9-f425-42ee-970f-922d7a06b167 func=job_orchestration.executor.compress.spider_compress.compress spawn_start=492510213 spawn_end=492510214 spawn_duration_ms=0
[2026-02-02 20:16:25.668] [info] [spider.worker] [TIMING] task_id=05f148b9-f425-42ee-970f-922d7a06b167 func=job_orchestration.executor.compress.spider_compress.compress execution_start=492510214 execution_end=492627876 execution_duration_ms=117662
[2026-02-02 20:16:25.682] [info] [spider.worker] [TIMING] task_id=05f148b9-f425-42ee-970f-922d7a06b167 func=job_orchestration.executor.compress.spider_compress.compress submit_output_start=492627878 submit_output_end=492627890 submit_output_duration_ms=11
[2026-02-02 20:16:25.701] [info] [spider.worker] [TIMING] task_id=1fea496c-1379-49b8-aeac-e1b09045e8dd func=job_orchestration.executor.compress.spider_compress.compress fetch_input_start=492627909 fetch_input_end=492627910 fetch_input_duration_ms=1
[2026-02-02 20:16:25.702] [info] [spider.worker] [TIMING] task_id=1fea496c-1379-49b8-aeac-e1b09045e8dd func=job_orchestration.executor.compress.spider_compress.compress input_send_start=492627910 input_send_end=492627910 input_send_duration_ms=0 bytes=755
[2026-02-02 20:16:25.702] [info] [spider.worker] [TIMING] task_id=1fea496c-1379-49b8-aeac-e1b09045e8dd func=job_orchestration.executor.compress.spider_compress.compress spawn_start=492627910 spawn_end=492627910 spawn_duration_ms=0
[2026-02-02 20:17:35.216] [info] [spider.worker] [TIMING] task_id=1fea496c-1379-49b8-aeac-e1b09045e8dd func=job_orchestration.executor.compress.spider_compress.compress execution_start=492627911 execution_end=492697424 execution_duration_ms=69513
[2026-02-02 20:17:35.234] [info] [spider.worker] [TIMING] task_id=1fea496c-1379-49b8-aeac-e1b09045e8dd func=job_orchestration.executor.compress.spider_compress.compress submit_output_start=492697426 submit_output_end=492697442 submit_output_duration_ms=16
[2026-02-02 20:17:35.253] [info] [spider.worker] [TIMING] task_id=54705c1c-04fe-40d0-9034-12da00793027 func=job_orchestration.executor.compress.spider_compress.compress fetch_input_start=492697461 fetch_input_end=492697462 fetch_input_duration_ms=0
[2026-02-02 20:17:35.254] [info] [spider.worker] [TIMING] task_id=54705c1c-04fe-40d0-9034-12da00793027 func=job_orchestration.executor.compress.spider_compress.compress input_send_start=492697462 input_send_end=492697462 input_send_duration_ms=0 bytes=751
[2026-02-02 20:17:35.254] [info] [spider.worker] [TIMING] task_id=54705c1c-04fe-40d0-9034-12da00793027 func=job_orchestration.executor.compress.spider_compress.compress spawn_start=492697462 spawn_end=492697462 spawn_duration_ms=0
[2026-02-02 20:18:28.598] [info] [spider.worker] [TIMING] task_id=54705c1c-04fe-40d0-9034-12da00793027 func=job_orchestration.executor.compress.spider_compress.compress execution_start=492697463 execution_end=492750807 execution_duration_ms=53344
[2026-02-02 20:18:28.635] [info] [spider.worker] [TIMING] task_id=54705c1c-04fe-40d0-9034-12da00793027 func=job_orchestration.executor.compress.spider_compress.compress submit_output_start=492750809 submit_output_end=492750843 submit_output_duration_ms=34
[2026-02-02 20:18:28.657] [info] [spider.worker] [TIMING] task_id=e1cd70e3-c045-44d2-b07b-18268d53c2e0 func=job_orchestration.executor.compress.spider_compress.compress fetch_input_start=492750864 fetch_input_end=492750865 fetch_input_duration_ms=1
[2026-02-02 20:18:28.658] [info] [spider.worker] [TIMING] task_id=e1cd70e3-c045-44d2-b07b-18268d53c2e0 func=job_orchestration.executor.compress.spider_compress.compress input_send_start=492750866 input_send_end=492750866 input_send_duration_ms=0 bytes=755
[2026-02-02 20:18:28.658] [info] [spider.worker] [TIMING] task_id=e1cd70e3-c045-44d2-b07b-18268d53c2e0 func=job_orchestration.executor.compress.spider_compress.compress spawn_start=492750865 spawn_end=492750866 spawn_duration_ms=0
[2026-02-02 20:19:06.843] [info] [spider.worker] [TIMING] task_id=e1cd70e3-c045-44d2-b07b-18268d53c2e0 func=job_orchestration.executor.compress.spider_compress.compress execution_start=492750866 execution_end=492789051 execution_duration_ms=38184
[2026-02-02 20:19:06.859] [info] [spider.worker] [TIMING] task_id=e1cd70e3-c045-44d2-b07b-18268d53c2e0 func=job_orchestration.executor.compress.spider_compress.compress submit_output_start=492789053 submit_output_end=492789067 submit_output_duration_ms=14
[2026-02-02 20:19:06.878] [info] [spider.worker] [TIMING] task_id=ee9a9540-c0ec-46d4-a1a0-a285e82cec4d func=job_orchestration.executor.compress.spider_compress.compress fetch_input_start=492789086 fetch_input_end=492789087 fetch_input_duration_ms=1
[2026-02-02 20:19:06.879] [info] [spider.worker] [TIMING] task_id=ee9a9540-c0ec-46d4-a1a0-a285e82cec4d func=job_orchestration.executor.compress.spider_compress.compress input_send_start=492789087 input_send_end=492789087 input_send_duration_ms=0 bytes=752
[2026-02-02 20:19:06.879] [info] [spider.worker] [TIMING] task_id=ee9a9540-c0ec-46d4-a1a0-a285e82cec4d func=job_orchestration.executor.compress.spider_compress.compress spawn_start=492789087 spawn_end=492789088 spawn_duration_ms=0
[2026-02-02 20:21:30.553] [info] [spider.worker] [TIMING] task_id=ee9a9540-c0ec-46d4-a1a0-a285e82cec4d func=job_orchestration.executor.compress.spider_compress.compress execution_start=492789088 execution_end=492932761 execution_duration_ms=143673
[2026-02-02 20:21:30.907] [info] [spider.worker] [TIMING] task_id=ee9a9540-c0ec-46d4-a1a0-a285e82cec4d func=job_orchestration.executor.compress.spider_compress.compress submit_output_start=492932763 submit_output_end=492933115 submit_output_duration_ms=352
[2026-02-02 20:21:31.125] [info] [spider.worker] [TIMING] task_id=cd65f761-326c-42f7-840b-dd753f1ea958 func=job_orchestration.executor.compress.spider_compress.compress fetch_input_start=492933332 fetch_input_end=492933334 fetch_input_duration_ms=1
[2026-02-02 20:21:31.126] [info] [spider.worker] [TIMING] task_id=cd65f761-326c-42f7-840b-dd753f1ea958 func=job_orchestration.executor.compress.spider_compress.compress input_send_start=492933334 input_send_end=492933334 input_send_duration_ms=0 bytes=755
[2026-02-02 20:21:31.126] [info] [spider.worker] [TIMING] task_id=cd65f761-326c-42f7-840b-dd753f1ea958 func=job_orchestration.executor.compress.spider_compress.compress spawn_start=492933334 spawn_end=492933334 spawn_duration_ms=0
[2026-02-02 20:23:46.103] [info] [spider.worker] [TIMING] task_id=cd65f761-326c-42f7-840b-dd753f1ea958 func=job_orchestration.executor.compress.spider_compress.compress execution_start=492933335 execution_end=493068311 execution_duration_ms=134976
[2026-02-02 20:23:46.143] [info] [spider.worker] [TIMING] task_id=cd65f761-326c-42f7-840b-dd753f1ea958 func=job_orchestration.executor.compress.spider_compress.compress submit_output_start=493068330 submit_output_end=493068352 submit_output_duration_ms=21
[2026-02-02 20:23:46.188] [info] [spider.worker] [TIMING] task_id=1919ed1d-26d3-4be9-b5ee-23904bd44630 func=job_orchestration.executor.compress.spider_compress.compress fetch_input_start=493068395 fetch_input_end=493068396 fetch_input_duration_ms=0
[2026-02-02 20:23:46.188] [info] [spider.worker] [TIMING] task_id=1919ed1d-26d3-4be9-b5ee-23904bd44630 func=job_orchestration.executor.compress.spider_compress.compress input_send_start=493068396 input_send_end=493068396 input_send_duration_ms=0 bytes=750
[2026-02-02 20:23:46.188] [info] [spider.worker] [TIMING] task_id=1919ed1d-26d3-4be9-b5ee-23904bd44630 func=job_orchestration.executor.compress.spider_compress.compress spawn_start=493068396 spawn_end=493068396 spawn_duration_ms=0
[2026-02-02 20:27:17.861] [info] [spider.worker] [TIMING] task_id=1919ed1d-26d3-4be9-b5ee-23904bd44630 func=job_orchestration.executor.compress.spider_compress.compress execution_start=493068397 execution_end=493280069 execution_duration_ms=211672
[2026-02-02 20:27:18.046] [info] [spider.worker] [TIMING] task_id=1919ed1d-26d3-4be9-b5ee-23904bd44630 func=job_orchestration.executor.compress.spider_compress.compress submit_output_start=493280071 submit_output_end=493280255 submit_output_duration_ms=184
[2026-02-02 20:27:18.070] [info] [spider.worker] [TIMING] task_id=f7524ad5-2d55-4c65-aa8c-33ece9e707cb func=job_orchestration.executor.compress.spider_compress.compress fetch_input_start=493280277 fetch_input_end=493280278 fetch_input_duration_ms=1
[2026-02-02 20:27:18.071] [info] [spider.worker] [TIMING] task_id=f7524ad5-2d55-4c65-aa8c-33ece9e707cb func=job_orchestration.executor.compress.spider_compress.compress input_send_start=493280279 input_send_end=493280279 input_send_duration_ms=0 bytes=756
[2026-02-02 20:27:18.071] [info] [spider.worker] [TIMING] task_id=f7524ad5-2d55-4c65-aa8c-33ece9e707cb func=job_orchestration.executor.compress.spider_compress.compress spawn_start=493280278 spawn_end=493280279 spawn_duration_ms=0
[2026-02-02 20:29:59.503] [info] [spider.worker] [TIMING] task_id=f7524ad5-2d55-4c65-aa8c-33ece9e707cb func=job_orchestration.executor.compress.spider_compress.compress execution_start=493280280 execution_end=493441711 execution_duration_ms=161430
[2026-02-02 20:29:59.540] [info] [spider.worker] [TIMING] task_id=f7524ad5-2d55-4c65-aa8c-33ece9e707cb func=job_orchestration.executor.compress.spider_compress.compress submit_output_start=493441714 submit_output_end=493441749 submit_output_duration_ms=34
[2026-02-02 20:29:59.561] [info] [spider.worker] [TIMING] task_id=8adbc574-7cb4-486b-bcdc-c54554c3e5e9 func=job_orchestration.executor.compress.spider_compress.compress fetch_input_start=493441768 fetch_input_end=493441769 fetch_input_duration_ms=0
[2026-02-02 20:29:59.561] [info] [spider.worker] [TIMING] task_id=8adbc574-7cb4-486b-bcdc-c54554c3e5e9 func=job_orchestration.executor.compress.spider_compress.compress input_send_start=493441769 input_send_end=493441769 input_send_duration_ms=0 bytes=751
[2026-02-02 20:29:59.561] [info] [spider.worker] [TIMING] task_id=8adbc574-7cb4-486b-bcdc-c54554c3e5e9 func=job_orchestration.executor.compress.spider_compress.compress spawn_start=493441769 spawn_end=493441769 spawn_duration_ms=0
[2026-02-02 20:31:24.393] [info] [spider.worker] [TIMING] task_id=8adbc574-7cb4-486b-bcdc-c54554c3e5e9 func=job_orchestration.executor.compress.spider_compress.compress execution_start=493441770 execution_end=493526601 execution_duration_ms=84831
[2026-02-02 20:31:24.443] [info] [spider.worker] [TIMING] task_id=8adbc574-7cb4-486b-bcdc-c54554c3e5e9 func=job_orchestration.executor.compress.spider_compress.compress submit_output_start=493526603 submit_output_end=493526652 submit_output_duration_ms=48
[2026-02-02 20:31:24.462] [info] [spider.worker] [TIMING] task_id=5c07a141-ec72-4004-baf5-dc5c7494a1fa func=job_orchestration.executor.compress.spider_compress.compress fetch_input_start=493526669 fetch_input_end=493526670 fetch_input_duration_ms=1
[2026-02-02 20:31:24.462] [info] [spider.worker] [TIMING] task_id=5c07a141-ec72-4004-baf5-dc5c7494a1fa func=job_orchestration.executor.compress.spider_compress.compress input_send_start=493526671 input_send_end=493526671 input_send_duration_ms=0 bytes=755
[2026-02-02 20:31:24.462] [info] [spider.worker] [TIMING] task_id=5c07a141-ec72-4004-baf5-dc5c7494a1fa func=job_orchestration.executor.compress.spider_compress.compress spawn_start=493526670 spawn_end=493526671 spawn_duration_ms=0
[2026-02-02 20:32:10.361] [info] [spider.worker] [TIMING] task_id=5c07a141-ec72-4004-baf5-dc5c7494a1fa func=job_orchestration.executor.compress.spider_compress.compress execution_start=493526671 execution_end=493572570 execution_duration_ms=45898
[2026-02-02 20:32:10.371] [info] [spider.worker] [TIMING] task_id=5c07a141-ec72-4004-baf5-dc5c7494a1fa func=job_orchestration.executor.compress.spider_compress.compress submit_output_start=493572572 submit_output_end=493572579 submit_output_duration_ms=7
[2026-02-02 20:32:10.391] [info] [spider.worker] [TIMING] task_id=0254cdd7-6e42-4c66-9ddf-86d516a682ba func=job_orchestration.executor.compress.spider_compress.compress fetch_input_start=493572598 fetch_input_end=493572599 fetch_input_duration_ms=1
[2026-02-02 20:32:10.392] [info] [spider.worker] [TIMING] task_id=0254cdd7-6e42-4c66-9ddf-86d516a682ba func=job_orchestration.executor.compress.spider_compress.compress input_send_start=493572600 input_send_end=493572600 input_send_duration_ms=0 bytes=750
[2026-02-02 20:32:10.392] [info] [spider.worker] [TIMING] task_id=0254cdd7-6e42-4c66-9ddf-86d516a682ba func=job_orchestration.executor.compress.spider_compress.compress spawn_start=493572599 spawn_end=493572600 spawn_duration_ms=0
[2026-02-02 20:33:33.784] [info] [spider.worker] [TIMING] task_id=0254cdd7-6e42-4c66-9ddf-86d516a682ba func=job_orchestration.executor.compress.spider_compress.compress execution_start=493572600 execution_end=493655992 execution_duration_ms=83391
[2026-02-02 20:33:33.805] [info] [spider.worker] [TIMING] task_id=0254cdd7-6e42-4c66-9ddf-86d516a682ba func=job_orchestration.executor.compress.spider_compress.compress submit_output_start=493655994 submit_output_end=493656013 submit_output_duration_ms=18
[2026-02-02 20:33:33.824] [info] [spider.worker] [TIMING] task_id=d67bbc1a-d06d-41d2-9eb4-777d82f73d52 func=job_orchestration.executor.compress.spider_compress.compress fetch_input_start=493656031 fetch_input_end=493656033 fetch_input_duration_ms=1
[2026-02-02 20:33:33.825] [info] [spider.worker] [TIMING] task_id=d67bbc1a-d06d-41d2-9eb4-777d82f73d52 func=job_orchestration.executor.compress.spider_compress.compress input_send_start=493656033 input_send_end=493656033 input_send_duration_ms=0 bytes=752
[2026-02-02 20:33:33.825] [info] [spider.worker] [TIMING] task_id=d67bbc1a-d06d-41d2-9eb4-777d82f73d52 func=job_orchestration.executor.compress.spider_compress.compress spawn_start=493656033 spawn_end=493656033 spawn_duration_ms=0
[2026-02-02 20:35:26.099] [info] [spider.worker] [TIMING] task_id=d67bbc1a-d06d-41d2-9eb4-777d82f73d52 func=job_orchestration.executor.compress.spider_compress.compress execution_start=493656033 execution_end=493768307 execution_duration_ms=112274
[2026-02-02 20:35:26.118] [info] [spider.worker] [TIMING] task_id=d67bbc1a-d06d-41d2-9eb4-777d82f73d52 func=job_orchestration.executor.compress.spider_compress.compress submit_output_start=493768310 submit_output_end=493768327 submit_output_duration_ms=17
[2026-02-02 20:35:26.160] [info] [spider.worker] [TIMING] task_id=7943d247-ba77-4d35-9c6c-7507e093443a func=job_orchestration.executor.compress.spider_compress.compress fetch_input_start=493768368 fetch_input_end=493768368 fetch_input_duration_ms=0
[2026-02-02 20:35:26.161] [info] [spider.worker] [TIMING] task_id=7943d247-ba77-4d35-9c6c-7507e093443a func=job_orchestration.executor.compress.spider_compress.compress input_send_start=493768369 input_send_end=493768369 input_send_duration_ms=0 bytes=844
[2026-02-02 20:35:26.161] [info] [spider.worker] [TIMING] task_id=7943d247-ba77-4d35-9c6c-7507e093443a func=job_orchestration.executor.compress.spider_compress.compress spawn_start=493768369 spawn_end=493768369 spawn_duration_ms=0
[2026-02-02 20:35:46.351] [info] [spider.worker] [TIMING] task_id=7943d247-ba77-4d35-9c6c-7507e093443a func=job_orchestration.executor.compress.spider_compress.compress execution_start=493768369 execution_end=493788559 execution_duration_ms=20189
[2026-02-02 20:35:46.394] [info] [spider.worker] [TIMING] task_id=7943d247-ba77-4d35-9c6c-7507e093443a func=job_orchestration.executor.compress.spider_compress.compress submit_output_start=493788569 submit_output_end=493788603 submit_output_duration_ms=33
[2026-02-02 20:35:46.431] [info] [spider.worker] [TIMING] task_id=65e6ac20-63f3-4166-962b-e27d70c01f1c func=job_orchestration.executor.compress.spider_compress.compress fetch_input_start=493788638 fetch_input_end=493788639 fetch_input_duration_ms=0
[2026-02-02 20:35:46.431] [info] [spider.worker] [TIMING] task_id=65e6ac20-63f3-4166-962b-e27d70c01f1c func=job_orchestration.executor.compress.spider_compress.compress input_send_start=493788640 input_send_end=493788640 input_send_duration_ms=0 bytes=772
[2026-02-02 20:35:46.431] [info] [spider.worker] [TIMING] task_id=65e6ac20-63f3-4166-962b-e27d70c01f1c func=job_orchestration.executor.compress.spider_compress.compress spawn_start=493788639 spawn_end=493788640 spawn_duration_ms=0
[2026-02-02 20:36:29.856] [info] [spider.worker] [TIMING] task_id=65e6ac20-63f3-4166-962b-e27d70c01f1c func=job_orchestration.executor.compress.spider_compress.compress execution_start=493788640 execution_end=493832064 execution_duration_ms=43424
[2026-02-02 20:36:29.871] [info] [spider.worker] [TIMING] task_id=65e6ac20-63f3-4166-962b-e27d70c01f1c func=job_orchestration.executor.compress.spider_compress.compress submit_output_start=493832067 submit_output_end=493832079 submit_output_duration_ms=12
[2026-02-02 20:36:29.891] [info] [spider.worker] [TIMING] task_id=b657efa6-897c-47e7-b3ec-4b7691423cf2 func=job_orchestration.executor.compress.spider_compress.compress fetch_input_start=493832098 fetch_input_end=493832099 fetch_input_duration_ms=1
[2026-02-02 20:36:29.892] [info] [spider.worker] [TIMING] task_id=b657efa6-897c-47e7-b3ec-4b7691423cf2 func=job_orchestration.executor.compress.spider_compress.compress input_send_start=493832100 input_send_end=493832100 input_send_duration_ms=0 bytes=751
[2026-02-02 20:36:29.892] [info] [spider.worker] [TIMING] task_id=b657efa6-897c-47e7-b3ec-4b7691423cf2 func=job_orchestration.executor.compress.spider_compress.compress spawn_start=493832099 spawn_end=493832100 spawn_duration_ms=0
[2026-02-02 20:36:48.186] [info] [spider.worker] [TIMING] task_id=b657efa6-897c-47e7-b3ec-4b7691423cf2 func=job_orchestration.executor.compress.spider_compress.compress execution_start=493832100 execution_end=493850394 execution_duration_ms=18293
[2026-02-02 20:36:48.203] [info] [spider.worker] [TIMING] task_id=b657efa6-897c-47e7-b3ec-4b7691423cf2 func=job_orchestration.executor.compress.spider_compress.compress submit_output_start=493850396 submit_output_end=493850411 submit_output_duration_ms=14
[2026-02-02 20:36:48.222] [info] [spider.worker] [TIMING] task_id=75035613-f9b5-4e13-991b-a8937214863f func=job_orchestration.executor.compress.spider_compress.compress fetch_input_start=493850429 fetch_input_end=493850430 fetch_input_duration_ms=0
[2026-02-02 20:36:48.222] [info] [spider.worker] [TIMING] task_id=75035613-f9b5-4e13-991b-a8937214863f func=job_orchestration.executor.compress.spider_compress.compress input_send_start=493850430 input_send_end=493850430 input_send_duration_ms=0 bytes=755
[2026-02-02 20:36:48.222] [info] [spider.worker] [TIMING] task_id=75035613-f9b5-4e13-991b-a8937214863f func=job_orchestration.executor.compress.spider_compress.compress spawn_start=493850430 spawn_end=493850431 spawn_duration_ms=0
[2026-02-02 20:39:48.344] [info] [spider.worker] [TIMING] task_id=75035613-f9b5-4e13-991b-a8937214863f func=job_orchestration.executor.compress.spider_compress.compress execution_start=493850431 execution_end=494030553 execution_duration_ms=180122
[2026-02-02 20:39:48.351] [info] [spider.worker] [TIMING] task_id=75035613-f9b5-4e13-991b-a8937214863f func=job_orchestration.executor.compress.spider_compress.compress submit_output_start=494030555 submit_output_end=494030560 submit_output_duration_ms=4
[2026-02-02 20:39:48.394] [info] [spider.worker] [TIMING] task_id=2dc8f873-7d39-42c6-bfe3-9290b036512c func=job_orchestration.executor.compress.spider_compress.compress fetch_input_start=494030602 fetch_input_end=494030603 fetch_input_duration_ms=1
[2026-02-02 20:39:48.395] [info] [spider.worker] [TIMING] task_id=2dc8f873-7d39-42c6-bfe3-9290b036512c func=job_orchestration.executor.compress.spider_compress.compress input_send_start=494030603 input_send_end=494030603 input_send_duration_ms=0 bytes=755
[2026-02-02 20:39:48.395] [info] [spider.worker] [TIMING] task_id=2dc8f873-7d39-42c6-bfe3-9290b036512c func=job_orchestration.executor.compress.spider_compress.compress spawn_start=494030603 spawn_end=494030603 spawn_duration_ms=0
[2026-02-02 20:40:08.545] [info] [spider.worker] [TIMING] task_id=2dc8f873-7d39-42c6-bfe3-9290b036512c func=job_orchestration.executor.compress.spider_compress.compress execution_start=494030604 execution_end=494050753 execution_duration_ms=20149
[2026-02-02 20:40:08.558] [info] [spider.worker] [TIMING] task_id=2dc8f873-7d39-42c6-bfe3-9290b036512c func=job_orchestration.executor.compress.spider_compress.compress submit_output_start=494050755 submit_output_end=494050766 submit_output_duration_ms=11
[2026-02-02 20:40:08.594] [info] [spider.worker] [TIMING] task_id=9a2992d7-9dc0-46f1-9e54-5e28e558509a func=job_orchestration.executor.compress.spider_compress.compress fetch_input_start=494050801 fetch_input_end=494050802 fetch_input_duration_ms=0
[2026-02-02 20:40:08.594] [info] [spider.worker] [TIMING] task_id=9a2992d7-9dc0-46f1-9e54-5e28e558509a func=job_orchestration.executor.compress.spider_compress.compress input_send_start=494050803 input_send_end=494050803 input_send_duration_ms=0 bytes=755
[2026-02-02 20:40:08.594] [info] [spider.worker] [TIMING] task_id=9a2992d7-9dc0-46f1-9e54-5e28e558509a func=job_orchestration.executor.compress.spider_compress.compress spawn_start=494050802 spawn_end=494050803 spawn_duration_ms=0
[2026-02-02 20:42:23.202] [info] [spider.worker] [TIMING] task_id=9a2992d7-9dc0-46f1-9e54-5e28e558509a func=job_orchestration.executor.compress.spider_compress.compress execution_start=494050803 execution_end=494185410 execution_duration_ms=134606
[2026-02-02 20:42:23.238] [info] [spider.worker] [TIMING] task_id=9a2992d7-9dc0-46f1-9e54-5e28e558509a func=job_orchestration.executor.compress.spider_compress.compress submit_output_start=494185412 submit_output_end=494185446 submit_output_duration_ms=33
[2026-02-02 20:42:23.264] [info] [spider.worker] [TIMING] task_id=505f060b-328f-4023-a190-0a95ce545102 func=job_orchestration.executor.compress.spider_compress.compress fetch_input_start=494185472 fetch_input_end=494185473 fetch_input_duration_ms=0
[2026-02-02 20:42:23.265] [info] [spider.worker] [TIMING] task_id=505f060b-328f-4023-a190-0a95ce545102 func=job_orchestration.executor.compress.spider_compress.compress input_send_start=494185474 input_send_end=494185474 input_send_duration_ms=0 bytes=755
[2026-02-02 20:42:23.265] [info] [spider.worker] [TIMING] task_id=505f060b-328f-4023-a190-0a95ce545102 func=job_orchestration.executor.compress.spider_compress.compress spawn_start=494185473 spawn_end=494185474 spawn_duration_ms=0
[2026-02-02 20:44:54.625] [info] [spider.worker] [TIMING] task_id=505f060b-328f-4023-a190-0a95ce545102 func=job_orchestration.executor.compress.spider_compress.compress execution_start=494185474 execution_end=494336834 execution_duration_ms=151359
[2026-02-02 20:44:54.638] [info] [spider.worker] [TIMING] task_id=505f060b-328f-4023-a190-0a95ce545102 func=job_orchestration.executor.compress.spider_compress.compress submit_output_start=494336836 submit_output_end=494336847 submit_output_duration_ms=10
[2026-02-02 20:44:54.659] [info] [spider.worker] [TIMING] task_id=65e1ab69-a1e5-44a6-87d6-05c9ff05a1b5 func=job_orchestration.executor.compress.spider_compress.compress fetch_input_start=494336866 fetch_input_end=494336867 fetch_input_duration_ms=1
[2026-02-02 20:44:54.660] [info] [spider.worker] [TIMING] task_id=65e1ab69-a1e5-44a6-87d6-05c9ff05a1b5 func=job_orchestration.executor.compress.spider_compress.compress input_send_start=494336868 input_send_end=494336868 input_send_duration_ms=0 bytes=751
[2026-02-02 20:44:54.660] [info] [spider.worker] [TIMING] task_id=65e1ab69-a1e5-44a6-87d6-05c9ff05a1b5 func=job_orchestration.executor.compress.spider_compress.compress spawn_start=494336867 spawn_end=494336868 spawn_duration_ms=0
[2026-02-02 20:45:17.286] [info] [spider.worker] [TIMING] task_id=65e1ab69-a1e5-44a6-87d6-05c9ff05a1b5 func=job_orchestration.executor.compress.spider_compress.compress execution_start=494336868 execution_end=494359494 execution_duration_ms=22626
[2026-02-02 20:45:17.294] [info] [spider.worker] [TIMING] task_id=65e1ab69-a1e5-44a6-87d6-05c9ff05a1b5 func=job_orchestration.executor.compress.spider_compress.compress submit_output_start=494359497 submit_output_end=494359503 submit_output_duration_ms=5
[2026-02-02 20:45:17.336] [info] [spider.worker] [TIMING] task_id=537fd273-a34d-4893-bd33-d67bb434d30e func=job_orchestration.executor.compress.spider_compress.compress fetch_input_start=494359543 fetch_input_end=494359544 fetch_input_duration_ms=1
[2026-02-02 20:45:17.336] [info] [spider.worker] [TIMING] task_id=537fd273-a34d-4893-bd33-d67bb434d30e func=job_orchestration.executor.compress.spider_compress.compress input_send_start=494359545 input_send_end=494359545 input_send_duration_ms=0 bytes=748
[2026-02-02 20:45:17.336] [info] [spider.worker] [TIMING] task_id=537fd273-a34d-4893-bd33-d67bb434d30e func=job_orchestration.executor.compress.spider_compress.compress spawn_start=494359544 spawn_end=494359545 spawn_duration_ms=0
[2026-02-02 20:47:42.923] [info] [spider.worker] [TIMING] task_id=537fd273-a34d-4893-bd33-d67bb434d30e func=job_orchestration.executor.compress.spider_compress.compress execution_start=494359545 execution_end=494505132 execution_duration_ms=145586
[2026-02-02 20:47:42.947] [info] [spider.worker] [TIMING] task_id=537fd273-a34d-4893-bd33-d67bb434d30e func=job_orchestration.executor.compress.spider_compress.compress submit_output_start=494505134 submit_output_end=494505156 submit_output_duration_ms=21
[2026-02-02 20:47:42.967] [info] [spider.worker] [TIMING] task_id=16f74c56-ff39-49ff-ac8e-1b4facaaaf20 func=job_orchestration.executor.compress.spider_compress.compress fetch_input_start=494505174 fetch_input_end=494505176 fetch_input_duration_ms=1
[2026-02-02 20:47:42.968] [info] [spider.worker] [TIMING] task_id=16f74c56-ff39-49ff-ac8e-1b4facaaaf20 func=job_orchestration.executor.compress.spider_compress.compress input_send_start=494505176 input_send_end=494505176 input_send_duration_ms=0 bytes=754
[2026-02-02 20:47:42.968] [info] [spider.worker] [TIMING] task_id=16f74c56-ff39-49ff-ac8e-1b4facaaaf20 func=job_orchestration.executor.compress.spider_compress.compress spawn_start=494505176 spawn_end=494505177 spawn_duration_ms=0
[2026-02-02 20:49:01.041] [info] [spider.worker] [TIMING] task_id=16f74c56-ff39-49ff-ac8e-1b4facaaaf20 func=job_orchestration.executor.compress.spider_compress.compress execution_start=494505177 execution_end=494583250 execution_duration_ms=78073
[2026-02-02 20:49:01.084] [info] [spider.worker] [TIMING] task_id=16f74c56-ff39-49ff-ac8e-1b4facaaaf20 func=job_orchestration.executor.compress.spider_compress.compress submit_output_start=494583252 submit_output_end=494583293 submit_output_duration_ms=40
[2026-02-02 20:49:01.110] [info] [spider.worker] [TIMING] task_id=df7dda22-acab-426b-a61c-6ee3493922fc func=job_orchestration.executor.compress.spider_compress.compress fetch_input_start=494583317 fetch_input_end=494583318 fetch_input_duration_ms=1
[2026-02-02 20:49:01.110] [info] [spider.worker] [TIMING] task_id=df7dda22-acab-426b-a61c-6ee3493922fc func=job_orchestration.executor.compress.spider_compress.compress input_send_start=494583319 input_send_end=494583319 input_send_duration_ms=0 bytes=755
[2026-02-02 20:49:01.110] [info] [spider.worker] [TIMING] task_id=df7dda22-acab-426b-a61c-6ee3493922fc func=job_orchestration.executor.compress.spider_compress.compress spawn_start=494583318 spawn_end=494583319 spawn_duration_ms=0
[2026-02-02 20:52:08.497] [info] [spider.worker] [TIMING] task_id=df7dda22-acab-426b-a61c-6ee3493922fc func=job_orchestration.executor.compress.spider_compress.compress execution_start=494583319 execution_end=494770706 execution_duration_ms=187386
[2026-02-02 20:52:08.513] [info] [spider.worker] [TIMING] task_id=df7dda22-acab-426b-a61c-6ee3493922fc func=job_orchestration.executor.compress.spider_compress.compress submit_output_start=494770708 submit_output_end=494770722 submit_output_duration_ms=13
[2026-02-02 20:52:08.532] [info] [spider.worker] [TIMING] task_id=3a987bf3-490e-4040-985a-34b56c572c47 func=job_orchestration.executor.compress.spider_compress.compress fetch_input_start=494770740 fetch_input_end=494770741 fetch_input_duration_ms=0
[2026-02-02 20:52:08.533] [info] [spider.worker] [TIMING] task_id=3a987bf3-490e-4040-985a-34b56c572c47 func=job_orchestration.executor.compress.spider_compress.compress input_send_start=494770741 input_send_end=494770741 input_send_duration_ms=0 bytes=748
[2026-02-02 20:52:08.533] [info] [spider.worker] [TIMING] task_id=3a987bf3-490e-4040-985a-34b56c572c47 func=job_orchestration.executor.compress.spider_compress.compress spawn_start=494770741 spawn_end=494770741 spawn_duration_ms=0
[2026-02-02 20:53:13.871] [info] [spider.worker] [TIMING] task_id=3a987bf3-490e-4040-985a-34b56c572c47 func=job_orchestration.executor.compress.spider_compress.compress execution_start=494770741 execution_end=494836079 execution_duration_ms=65337
[2026-02-02 20:53:13.882] [info] [spider.worker] [TIMING] task_id=3a987bf3-490e-4040-985a-34b56c572c47 func=job_orchestration.executor.compress.spider_compress.compress submit_output_start=494836082 submit_output_end=494836090 submit_output_duration_ms=8
[2026-02-02 20:53:13.902] [info] [spider.worker] [TIMING] task_id=5f43b9bf-c37d-411a-aaf7-833abf98a9fe func=job_orchestration.executor.compress.spider_compress.compress fetch_input_start=494836109 fetch_input_end=494836110 fetch_input_duration_ms=1
[2026-02-02 20:53:13.903] [info] [spider.worker] [TIMING] task_id=5f43b9bf-c37d-411a-aaf7-833abf98a9fe func=job_orchestration.executor.compress.spider_compress.compress input_send_start=494836111 input_send_end=494836111 input_send_duration_ms=0 bytes=751
[2026-02-02 20:53:13.903] [info] [spider.worker] [TIMING] task_id=5f43b9bf-c37d-411a-aaf7-833abf98a9fe func=job_orchestration.executor.compress.spider_compress.compress spawn_start=494836110 spawn_end=494836111 spawn_duration_ms=0
[2026-02-02 20:56:03.553] [info] [spider.worker] [TIMING] task_id=5f43b9bf-c37d-411a-aaf7-833abf98a9fe func=job_orchestration.executor.compress.spider_compress.compress execution_start=494836111 execution_end=495005762 execution_duration_ms=169650
[2026-02-02 20:56:03.582] [info] [spider.worker] [TIMING] task_id=5f43b9bf-c37d-411a-aaf7-833abf98a9fe func=job_orchestration.executor.compress.spider_compress.compress submit_output_start=495005779 submit_output_end=495005790 submit_output_duration_ms=10
[2026-02-02 20:56:03.592] [info] [spider.worker] [TIMING] task_id=1ab05029-a348-4cea-bdbf-d183941c0ba2 func=job_orchestration.executor.compress.spider_compress.compress fetch_input_start=495005799 fetch_input_end=495005800 fetch_input_duration_ms=0
[2026-02-02 20:56:03.592] [info] [spider.worker] [TIMING] task_id=1ab05029-a348-4cea-bdbf-d183941c0ba2 func=job_orchestration.executor.compress.spider_compress.compress input_send_start=495005800 input_send_end=495005800 input_send_duration_ms=0 bytes=748
[2026-02-02 20:56:03.592] [info] [spider.worker] [TIMING] task_id=1ab05029-a348-4cea-bdbf-d183941c0ba2 func=job_orchestration.executor.compress.spider_compress.compress spawn_start=495005800 spawn_end=495005800 spawn_duration_ms=0
[2026-02-02 20:59:24.040] [info] [spider.worker] [TIMING] task_id=1ab05029-a348-4cea-bdbf-d183941c0ba2 func=job_orchestration.executor.compress.spider_compress.compress execution_start=495005801 execution_end=495206248 execution_duration_ms=200447
[2026-02-02 20:59:24.090] [info] [spider.worker] [TIMING] task_id=1ab05029-a348-4cea-bdbf-d183941c0ba2 func=job_orchestration.executor.compress.spider_compress.compress submit_output_start=495206264 submit_output_end=495206298 submit_output_duration_ms=33
[2026-02-02 20:59:24.114] [info] [spider.worker] [TIMING] task_id=a8c582b4-7faa-4775-8f69-656fb78c2a54 func=job_orchestration.executor.compress.spider_compress.compress fetch_input_start=495206322 fetch_input_end=495206323 fetch_input_duration_ms=0
[2026-02-02 20:59:24.115] [info] [spider.worker] [TIMING] task_id=a8c582b4-7faa-4775-8f69-656fb78c2a54 func=job_orchestration.executor.compress.spider_compress.compress input_send_start=495206323 input_send_end=495206323 input_send_duration_ms=0 bytes=752
[2026-02-02 20:59:24.115] [info] [spider.worker] [TIMING] task_id=a8c582b4-7faa-4775-8f69-656fb78c2a54 func=job_orchestration.executor.compress.spider_compress.compress spawn_start=495206323 spawn_end=495206323 spawn_duration_ms=0
[2026-02-02 21:00:05.035] [info] [spider.worker] [TIMING] task_id=a8c582b4-7faa-4775-8f69-656fb78c2a54 func=job_orchestration.executor.compress.spider_compress.compress execution_start=495206323 execution_end=495247243 execution_duration_ms=40919
[2026-02-02 21:00:05.067] [info] [spider.worker] [TIMING] task_id=a8c582b4-7faa-4775-8f69-656fb78c2a54 func=job_orchestration.executor.compress.spider_compress.compress submit_output_start=495247246 submit_output_end=495247275 submit_output_duration_ms=29
[2026-02-02 21:00:05.103] [info] [spider.worker] [TIMING] task_id=1e4393d1-1714-428a-a28e-960e524114b5 func=job_orchestration.executor.compress.spider_compress.compress fetch_input_start=495247310 fetch_input_end=495247312 fetch_input_duration_ms=1
[2026-02-02 21:00:05.104] [info] [spider.worker] [TIMING] task_id=1e4393d1-1714-428a-a28e-960e524114b5 func=job_orchestration.executor.compress.spider_compress.compress input_send_start=495247312 input_send_end=495247312 input_send_duration_ms=0 bytes=844
[2026-02-02 21:00:05.104] [info] [spider.worker] [TIMING] task_id=1e4393d1-1714-428a-a28e-960e524114b5 func=job_orchestration.executor.compress.spider_compress.compress spawn_start=495247312 spawn_end=495247312 spawn_duration_ms=0
[2026-02-02 21:01:18.024] [info] [spider.worker] [TIMING] task_id=1e4393d1-1714-428a-a28e-960e524114b5 func=job_orchestration.executor.compress.spider_compress.compress execution_start=495247312 execution_end=495320232 execution_duration_ms=72919
[2026-02-02 21:01:18.034] [info] [spider.worker] [TIMING] task_id=1e4393d1-1714-428a-a28e-960e524114b5 func=job_orchestration.executor.compress.spider_compress.compress submit_output_start=495320234 submit_output_end=495320243 submit_output_duration_ms=8
[2026-02-02 21:01:18.101] [info] [spider.worker] [TIMING] task_id=004e2478-827c-44ea-8126-35d9d8ba59f1 func=job_orchestration.executor.compress.spider_compress.compress fetch_input_start=495320309 fetch_input_end=495320310 fetch_input_duration_ms=1
[2026-02-02 21:01:18.102] [info] [spider.worker] [TIMING] task_id=004e2478-827c-44ea-8126-35d9d8ba59f1 func=job_orchestration.executor.compress.spider_compress.compress input_send_start=495320310 input_send_end=495320310 input_send_duration_ms=0 bytes=752
[2026-02-02 21:01:18.102] [info] [spider.worker] [TIMING] task_id=004e2478-827c-44ea-8126-35d9d8ba59f1 func=job_orchestration.executor.compress.spider_compress.compress spawn_start=495320310 spawn_end=495320310 spawn_duration_ms=0
[2026-02-02 21:01:55.735] [info] [spider.worker] [TIMING] task_id=004e2478-827c-44ea-8126-35d9d8ba59f1 func=job_orchestration.executor.compress.spider_compress.compress execution_start=495320311 execution_end=495357944 execution_duration_ms=37632
[2026-02-02 21:01:55.756] [info] [spider.worker] [TIMING] task_id=004e2478-827c-44ea-8126-35d9d8ba59f1 func=job_orchestration.executor.compress.spider_compress.compress submit_output_start=495357946 submit_output_end=495357965 submit_output_duration_ms=18
[2026-02-02 21:01:55.784] [info] [spider.worker] [TIMING] task_id=07275131-6382-47c8-91ef-a089b1fd7e92 func=job_orchestration.executor.compress.spider_compress.compress fetch_input_start=495357991 fetch_input_end=495357992 fetch_input_duration_ms=1
[2026-02-02 21:01:55.785] [info] [spider.worker] [TIMING] task_id=07275131-6382-47c8-91ef-a089b1fd7e92 func=job_orchestration.executor.compress.spider_compress.compress input_send_start=495357993 input_send_end=495357993 input_send_duration_ms=0 bytes=751
[2026-02-02 21:01:55.785] [info] [spider.worker] [TIMING] task_id=07275131-6382-47c8-91ef-a089b1fd7e92 func=job_orchestration.executor.compress.spider_compress.compress spawn_start=495357992 spawn_end=495357993 spawn_duration_ms=0
[2026-02-02 21:02:13.879] [info] [spider.worker] [TIMING] task_id=07275131-6382-47c8-91ef-a089b1fd7e92 func=job_orchestration.executor.compress.spider_compress.compress execution_start=495357993 execution_end=495376087 execution_duration_ms=18093
[2026-02-02 21:02:13.910] [info] [spider.worker] [TIMING] task_id=07275131-6382-47c8-91ef-a089b1fd7e92 func=job_orchestration.executor.compress.spider_compress.compress submit_output_start=495376089 submit_output_end=495376118 submit_output_duration_ms=28
[2026-02-02 21:02:13.950] [info] [spider.worker] [TIMING] task_id=6c33b152-f5ef-4b20-a103-5e2336752e5d func=job_orchestration.executor.compress.spider_compress.compress fetch_input_start=495376157 fetch_input_end=495376158 fetch_input_duration_ms=1
[2026-02-02 21:02:13.950] [info] [spider.worker] [TIMING] task_id=6c33b152-f5ef-4b20-a103-5e2336752e5d func=job_orchestration.executor.compress.spider_compress.compress input_send_start=495376159 input_send_end=495376159 input_send_duration_ms=0 bytes=751
[2026-02-02 21:02:13.950] [info] [spider.worker] [TIMING] task_id=6c33b152-f5ef-4b20-a103-5e2336752e5d func=job_orchestration.executor.compress.spider_compress.compress spawn_start=495376158 spawn_end=495376159 spawn_duration_ms=0
[2026-02-02 21:03:43.215] [info] [spider.worker] [TIMING] task_id=6c33b152-f5ef-4b20-a103-5e2336752e5d func=job_orchestration.executor.compress.spider_compress.compress execution_start=495376159 execution_end=495465423 execution_duration_ms=89264
[2026-02-02 21:03:43.251] [info] [spider.worker] [TIMING] task_id=6c33b152-f5ef-4b20-a103-5e2336752e5d func=job_orchestration.executor.compress.spider_compress.compress submit_output_start=495465426 submit_output_end=495465460 submit_output_duration_ms=34
[2026-02-02 21:03:43.275] [info] [spider.worker] [TIMING] task_id=e6ed2894-bee2-4143-9217-8e041a014510 func=job_orchestration.executor.compress.spider_compress.compress fetch_input_start=495465482 fetch_input_end=495465483 fetch_input_duration_ms=1
[2026-02-02 21:03:43.275] [info] [spider.worker] [TIMING] task_id=e6ed2894-bee2-4143-9217-8e041a014510 func=job_orchestration.executor.compress.spider_compress.compress input_send_start=495465484 input_send_end=495465484 input_send_duration_ms=0 bytes=754
[2026-02-02 21:03:43.275] [info] [spider.worker] [TIMING] task_id=e6ed2894-bee2-4143-9217-8e041a014510 func=job_orchestration.executor.compress.spider_compress.compress spawn_start=495465483 spawn_end=495465484 spawn_duration_ms=0
[2026-02-02 21:05:51.542] [info] [spider.worker] [TIMING] task_id=e6ed2894-bee2-4143-9217-8e041a014510 func=job_orchestration.executor.compress.spider_compress.compress execution_start=495465484 execution_end=495593750 execution_duration_ms=128265
[2026-02-02 21:05:51.576] [info] [spider.worker] [TIMING] task_id=e6ed2894-bee2-4143-9217-8e041a014510 func=job_orchestration.executor.compress.spider_compress.compress submit_output_start=495593752 submit_output_end=495593784 submit_output_duration_ms=31
[2026-02-02 21:05:51.595] [info] [spider.worker] [TIMING] task_id=65f61541-6650-4b10-9c84-743bc528b7dc func=job_orchestration.executor.compress.spider_compress.compress fetch_input_start=495593803 fetch_input_end=495593804 fetch_input_duration_ms=1
[2026-02-02 21:05:51.596] [info] [spider.worker] [TIMING] task_id=65f61541-6650-4b10-9c84-743bc528b7dc func=job_orchestration.executor.compress.spider_compress.compress input_send_start=495593804 input_send_end=495593804 input_send_duration_ms=0 bytes=750
[2026-02-02 21:05:51.596] [info] [spider.worker] [TIMING] task_id=65f61541-6650-4b10-9c84-743bc528b7dc func=job_orchestration.executor.compress.spider_compress.compress spawn_start=495593804 spawn_end=495593804 spawn_duration_ms=0
[2026-02-02 21:06:12.977] [info] [spider.worker] [TIMING] task_id=65f61541-6650-4b10-9c84-743bc528b7dc func=job_orchestration.executor.compress.spider_compress.compress execution_start=495593804 execution_end=495615185 execution_duration_ms=21380
[2026-02-02 21:06:12.990] [info] [spider.worker] [TIMING] task_id=65f61541-6650-4b10-9c84-743bc528b7dc func=job_orchestration.executor.compress.spider_compress.compress submit_output_start=495615187 submit_output_end=495615199 submit_output_duration_ms=11
[2026-02-02 21:06:13.010] [info] [spider.worker] [TIMING] task_id=91034d65-8bbb-43b6-af08-c2a167cbf98d func=job_orchestration.executor.compress.spider_compress.compress fetch_input_start=495615217 fetch_input_end=495615219 fetch_input_duration_ms=1
[2026-02-02 21:06:13.011] [info] [spider.worker] [TIMING] task_id=91034d65-8bbb-43b6-af08-c2a167cbf98d func=job_orchestration.executor.compress.spider_compress.compress input_send_start=495615219 input_send_end=495615219 input_send_duration_ms=0 bytes=751
[2026-02-02 21:06:13.011] [info] [spider.worker] [TIMING] task_id=91034d65-8bbb-43b6-af08-c2a167cbf98d func=job_orchestration.executor.compress.spider_compress.compress spawn_start=495615219 spawn_end=495615220 spawn_duration_ms=0
[2026-02-02 21:06:34.492] [info] [spider.worker] [TIMING] task_id=91034d65-8bbb-43b6-af08-c2a167cbf98d func=job_orchestration.executor.compress.spider_compress.compress execution_start=495615220 execution_end=495636700 execution_duration_ms=21479
[2026-02-02 21:06:34.533] [info] [spider.worker] [TIMING] task_id=91034d65-8bbb-43b6-af08-c2a167cbf98d f