[2026-02-02 22:02:49.591] [warning] [spider.worker] Prefer using `SPIDER_STORAGE_URL` environment variable over `--storage_url` argument.
[2026-02-02 22:03:32.253] [info] [spider.worker] [TIMING] task_id=ea4ff8ea-0fc7-433e-955f-f39b3611b5ca func=job_orchestration.executor.query.spider_search_task.search_without_channel fetch_input_start=499054460 fetch_input_end=499054462 fetch_input_duration_ms=1
[2026-02-02 22:03:32.254] [info] [spider.worker] [TIMING] task_id=ea4ff8ea-0fc7-433e-955f-f39b3611b5ca func=job_orchestration.executor.query.spider_search_task.search_without_channel input_send_start=499054462 input_send_end=499054462 input_send_duration_ms=0 bytes=612
[2026-02-02 22:03:32.254] [info] [spider.worker] [TIMING] task_id=ea4ff8ea-0fc7-433e-955f-f39b3611b5ca func=job_orchestration.executor.query.spider_search_task.search_without_channel spawn_start=499054462 spawn_end=499054462 spawn_duration_ms=0
[2026-02-02 22:03:33.583] [info] [spider.worker] [TIMING] task_id=ea4ff8ea-0fc7-433e-955f-f39b3611b5ca func=job_orchestration.executor.query.spider_search_task.search_without_channel execution_start=499054463 execution_end=499055792 execution_duration_ms=1329
[2026-02-02 22:03:33.650] [info] [spider.worker] [TIMING] task_id=ea4ff8ea-0fc7-433e-955f-f39b3611b5ca func=job_orchestration.executor.query.spider_search_task.search_without_channel submit_output_start=499055793 submit_output_end=499055858 submit_output_duration_ms=65
[2026-02-02 22:03:33.719] [info] [spider.worker] [TIMING] task_id=68c116a7-0d58-4087-b230-2f45eb37bf92 func=job_orchestration.executor.query.spider_search_task.search_without_channel fetch_input_start=499055927 fetch_input_end=499055928 fetch_input_duration_ms=0
[2026-02-02 22:03:33.720] [info] [spider.worker] [TIMING] task_id=68c116a7-0d58-4087-b230-2f45eb37bf92 func=job_orchestration.executor.query.spider_search_task.search_without_channel input_send_start=499055928 input_send_end=499055928 input_send_duration_ms=0 bytes=612
[2026-02-02 22:03:33.720] [info] [spider.worker] [TIMING] task_id=68c116a7-0d58-4087-b230-2f45eb37bf92 func=job_orchestration.executor.query.spider_search_task.search_without_channel spawn_start=499055928 spawn_end=499055928 spawn_duration_ms=0
[2026-02-02 22:03:35.201] [info] [spider.worker] [TIMING] task_id=68c116a7-0d58-4087-b230-2f45eb37bf92 func=job_orchestration.executor.query.spider_search_task.search_without_channel execution_start=499055928 execution_end=499057410 execution_duration_ms=1481
[2026-02-02 22:03:35.237] [info] [spider.worker] [TIMING] task_id=68c116a7-0d58-4087-b230-2f45eb37bf92 func=job_orchestration.executor.query.spider_search_task.search_without_channel submit_output_start=499057411 submit_output_end=499057446 submit_output_duration_ms=34
[2026-02-02 22:03:35.272] [info] [spider.worker] [TIMING] task_id=43b8a968-537f-4fe1-8ac8-1d9f73cd4bdb func=job_orchestration.executor.query.spider_search_task.search_without_channel fetch_input_start=499057480 fetch_input_end=499057481 fetch_input_duration_ms=0
[2026-02-02 22:03:35.273] [info] [spider.worker] [TIMING] task_id=43b8a968-537f-4fe1-8ac8-1d9f73cd4bdb func=job_orchestration.executor.query.spider_search_task.search_without_channel input_send_start=499057481 input_send_end=499057481 input_send_duration_ms=0 bytes=612
[2026-02-02 22:03:35.273] [info] [spider.worker] [TIMING] task_id=43b8a968-537f-4fe1-8ac8-1d9f73cd4bdb func=job_orchestration.executor.query.spider_search_task.search_without_channel spawn_start=499057481 spawn_end=499057481 spawn_duration_ms=0
[2026-02-02 22:03:36.549] [info] [spider.worker] [TIMING] task_id=43b8a968-537f-4fe1-8ac8-1d9f73cd4bdb func=job_orchestration.executor.query.spider_search_task.search_without_channel execution_start=499057481 execution_end=499058757 execution_duration_ms=1275
[2026-02-02 22:03:36.580] [info] [spider.worker] [TIMING] task_id=43b8a968-537f-4fe1-8ac8-1d9f73cd4bdb func=job_orchestration.executor.query.spider_search_task.search_without_channel submit_output_start=499058758 submit_output_end=499058788 submit_output_duration_ms=29
[2026-02-02 22:03:36.590] [info] [spider.worker] [TIMING] task_id=ef2d6881-e508-4227-bd27-15d141b40c6f func=job_orchestration.executor.query.spider_search_task.search_without_channel fetch_input_start=499058798 fetch_input_end=499058798 fetch_input_duration_ms=0
[2026-02-02 22:03:36.591] [info] [spider.worker] [TIMING] task_id=ef2d6881-e508-4227-bd27-15d141b40c6f func=job_orchestration.executor.query.spider_search_task.search_without_channel input_send_start=499058799 input_send_end=499058799 input_send_duration_ms=0 bytes=612
[2026-02-02 22:03:36.591] [info] [spider.worker] [TIMING] task_id=ef2d6881-e508-4227-bd27-15d141b40c6f func=job_orchestration.executor.query.spider_search_task.search_without_channel spawn_start=499058799 spawn_end=499058799 spawn_duration_ms=0
[2026-02-02 22:03:37.877] [info] [spider.worker] [TIMING] task_id=ef2d6881-e508-4227-bd27-15d141b40c6f func=job_orchestration.executor.query.spider_search_task.search_without_channel execution_start=499058799 execution_end=499060085 execution_duration_ms=1285
[2026-02-02 22:03:37.958] [info] [spider.worker] [TIMING] task_id=ef2d6881-e508-4227-bd27-15d141b40c6f func=job_orchestration.executor.query.spider_search_task.search_without_channel submit_output_start=499060087 submit_output_end=499060166 submit_output_duration_ms=79
[2026-02-02 22:03:38.002] [info] [spider.worker] [TIMING] task_id=99c50e2f-d5a7-4107-8e10-16b952c88919 func=job_orchestration.executor.query.spider_search_task.search_without_channel fetch_input_start=499060210 fetch_input_end=499060210 fetch_input_duration_ms=0
[2026-02-02 22:03:38.002] [info] [spider.worker] [TIMING] task_id=99c50e2f-d5a7-4107-8e10-16b952c88919 func=job_orchestration.executor.query.spider_search_task.search_without_channel input_send_start=499060211 input_send_end=499060211 input_send_duration_ms=0 bytes=612
[2026-02-02 22:03:38.002] [info] [spider.worker] [TIMING] task_id=99c50e2f-d5a7-4107-8e10-16b952c88919 func=job_orchestration.executor.query.spider_search_task.search_without_channel spawn_start=499060210 spawn_end=499060211 spawn_duration_ms=0
[2026-02-02 22:03:39.333] [info] [spider.worker] [TIMING] task_id=99c50e2f-d5a7-4107-8e10-16b952c88919 func=job_orchestration.executor.query.spider_search_task.search_without_channel execution_start=499060211 execution_end=499061541 execution_duration_ms=1330
[2026-02-02 22:03:39.444] [info] [spider.worker] [TIMING] task_id=99c50e2f-d5a7-4107-8e10-16b952c88919 func=job_orchestration.executor.query.spider_search_task.search_without_channel submit_output_start=499061553 submit_output_end=499061653 submit_output_duration_ms=99
[2026-02-02 22:03:39.555] [info] [spider.worker] [TIMING] task_id=20cdf50e-0bf9-43fa-a4b4-d22f3bc92c20 func=job_orchestration.executor.query.spider_search_task.search_without_channel fetch_input_start=499061763 fetch_input_end=499061764 fetch_input_duration_ms=1
[2026-02-02 22:03:39.556] [info] [spider.worker] [TIMING] task_id=20cdf50e-0bf9-43fa-a4b4-d22f3bc92c20 func=job_orchestration.executor.query.spider_search_task.search_without_channel input_send_start=499061764 input_send_end=499061764 input_send_duration_ms=0 bytes=610
[2026-02-02 22:03:39.556] [info] [spider.worker] [TIMING] task_id=20cdf50e-0bf9-43fa-a4b4-d22f3bc92c20 func=job_orchestration.executor.query.spider_search_task.search_without_channel spawn_start=499061764 spawn_end=499061764 spawn_duration_ms=0
[2026-02-02 22:03:40.780] [info] [spider.worker] [TIMING] task_id=20cdf50e-0bf9-43fa-a4b4-d22f3bc92c20 func=job_orchestration.executor.query.spider_search_task.search_without_channel execution_start=499061764 execution_end=499062988 execution_duration_ms=1223
[2026-02-02 22:03:40.855] [info] [spider.worker] [TIMING] task_id=20cdf50e-0bf9-43fa-a4b4-d22f3bc92c20 func=job_orchestration.executor.query.spider_search_task.search_without_channel submit_output_start=499062990 submit_output_end=499063064 submit_output_duration_ms=74
[2026-02-02 22:03:41.033] [info] [spider.worker] [TIMING] task_id=f60ec9ef-72a4-497b-a4a0-272c00dcdabc func=job_orchestration.executor.query.spider_search_task.search_without_channel fetch_input_start=499063241 fetch_input_end=499063242 fetch_input_duration_ms=0
[2026-02-02 22:03:41.034] [info] [spider.worker] [TIMING] task_id=f60ec9ef-72a4-497b-a4a0-272c00dcdabc func=job_orchestration.executor.query.spider_search_task.search_without_channel input_send_start=499063242 input_send_end=499063242 input_send_duration_ms=0 bytes=612
[2026-02-02 22:03:41.034] [info] [spider.worker] [TIMING] task_id=f60ec9ef-72a4-497b-a4a0-272c00dcdabc func=job_orchestration.executor.query.spider_search_task.search_without_channel spawn_start=499063242 spawn_end=499063242 spawn_duration_ms=0
[2026-02-02 22:03:42.248] [info] [spider.worker] [TIMING] task_id=f60ec9ef-72a4-497b-a4a0-272c00dcdabc func=job_orchestration.executor.query.spider_search_task.search_without_channel execution_start=499063242 execution_end=499064456 execution_duration_ms=1213
[2026-02-02 22:03:42.417] [info] [spider.worker] [TIMING] task_id=f60ec9ef-72a4-497b-a4a0-272c00dcdabc func=job_orchestration.executor.query.spider_search_task.search_without_channel submit_output_start=499064458 submit_output_end=499064625 submit_output_duration_ms=167
[2026-02-02 22:03:42.470] [info] [spider.worker] [TIMING] task_id=0dccf9a7-305d-4473-83de-615abf06d331 func=job_orchestration.executor.query.spider_search_task.search_without_channel fetch_input_start=499064677 fetch_input_end=499064678 fetch_input_duration_ms=0
[2026-02-02 22:03:42.470] [info] [spider.worker] [TIMING] task_id=0dccf9a7-305d-4473-83de-615abf06d331 func=job_orchestration.executor.query.spider_search_task.search_without_channel input_send_start=499064678 input_send_end=499064678 input_send_duration_ms=0 bytes=612
[2026-02-02 22:03:42.470] [info] [spider.worker] [TIMING] task_id=0dccf9a7-305d-4473-83de-615abf06d331 func=job_orchestration.executor.query.spider_search_task.search_without_channel spawn_start=499064678 spawn_end=499064678 spawn_duration_ms=0
[2026-02-02 22:03:43.684] [info] [spider.worker] [TIMING] task_id=0dccf9a7-305d-4473-83de-615abf06d331 func=job_orchestration.executor.query.spider_search_task.search_without_channel execution_start=499064679 execution_end=499065893 execution_duration_ms=1214
[2026-02-02 22:03:43.715] [info] [spider.worker] [TIMING] task_id=0dccf9a7-305d-4473-83de-615abf06d331 func=job_orchestration.executor.query.spider_search_task.search_without_channel submit_output_start=499065905 submit_output_end=499065923 submit_output_duration_ms=18
[2026-02-02 22:03:43.774] [info] [spider.worker] [TIMING] task_id=9f00b9aa-7dfd-43a2-b6f4-3df81afa35d2 func=job_orchestration.executor.query.spider_search_task.search_without_channel fetch_input_start=499065981 fetch_input_end=499065982 fetch_input_duration_ms=0
[2026-02-02 22:03:43.774] [info] [spider.worker] [TIMING] task_id=9f00b9aa-7dfd-43a2-b6f4-3df81afa35d2 func=job_orchestration.executor.query.spider_search_task.search_without_channel input_send_start=499065983 input_send_end=499065983 input_send_duration_ms=0 bytes=612
[2026-02-02 22:03:43.774] [info] [spider.worker] [TIMING] task_id=9f00b9aa-7dfd-43a2-b6f4-3df81afa35d2 func=job_orchestration.executor.query.spider_search_task.search_without_channel spawn_start=499065982 spawn_end=499065983 spawn_duration_ms=0
[2026-02-02 22:03:45.016] [info] [spider.worker] [TIMING] task_id=9f00b9aa-7dfd-43a2-b6f4-3df81afa35d2 func=job_orchestration.executor.query.spider_search_task.search_without_channel execution_start=499065983 execution_end=499067224 execution_duration_ms=1241
[2026-02-02 22:03:45.032] [info] [spider.worker] [TIMING] task_id=9f00b9aa-7dfd-43a2-b6f4-3df81afa35d2 func=job_orchestration.executor.query.spider_search_task.search_without_channel submit_output_start=499067226 submit_output_end=499067241 submit_output_duration_ms=14
[2026-02-02 22:03:45.095] [info] [spider.worker] [TIMING] task_id=f66ab70f-75ea-4475-a523-ca47afbdbcbe func=job_orchestration.executor.query.spider_search_task.search_without_channel fetch_input_start=499067302 fetch_input_end=499067303 fetch_input_duration_ms=1
[2026-02-02 22:03:45.095] [info] [spider.worker] [TIMING] task_id=f66ab70f-75ea-4475-a523-ca47afbdbcbe func=job_orchestration.executor.query.spider_search_task.search_without_channel input_send_start=499067304 input_send_end=499067304 input_send_duration_ms=0 bytes=612
[2026-02-02 22:03:45.096] [info] [spider.worker] [TIMING] task_id=f66ab70f-75ea-4475-a523-ca47afbdbcbe func=job_orchestration.executor.query.spider_search_task.search_without_channel spawn_start=499067303 spawn_end=499067304 spawn_duration_ms=0
[2026-02-02 22:03:46.414] [info] [spider.worker] [TIMING] task_id=f66ab70f-75ea-4475-a523-ca47afbdbcbe func=job_orchestration.executor.query.spider_search_task.search_without_channel execution_start=499067304 execution_end=499068622 execution_duration_ms=1318
[2026-02-02 22:03:46.432] [info] [spider.worker] [TIMING] task_id=f66ab70f-75ea-4475-a523-ca47afbdbcbe func=job_orchestration.executor.query.spider_search_task.search_without_channel submit_output_start=499068624 submit_output_end=499068641 submit_output_duration_ms=16
[2026-02-02 22:03:46.452] [info] [spider.worker] [TIMING] task_id=d0cb9193-db27-442a-8e4b-18f1e3fabc11 func=job_orchestration.executor.query.spider_search_task.search_without_channel fetch_input_start=499068659 fetch_input_end=499068661 fetch_input_duration_ms=1
[2026-02-02 22:03:46.453] [info] [spider.worker] [TIMING] task_id=d0cb9193-db27-442a-8e4b-18f1e3fabc11 func=job_orchestration.executor.query.spider_search_task.search_without_channel input_send_start=499068661 input_send_end=499068661 input_send_duration_ms=0 bytes=612
[2026-02-02 22:03:46.453] [info] [spider.worker] [TIMING] task_id=d0cb9193-db27-442a-8e4b-18f1e3fabc11 func=job_orchestration.executor.query.spider_search_task.search_without_channel spawn_start=499068661 spawn_end=499068661 spawn_duration_ms=0
[2026-02-02 22:03:47.786] [info] [spider.worker] [TIMING] task_id=d0cb9193-db27-442a-8e4b-18f1e3fabc11 func=job_orchestration.executor.query.spider_search_task.search_without_channel execution_start=499068661 execution_end=499069995 execution_duration_ms=1333
[2026-02-02 22:03:47.839] [info] [spider.worker] [TIMING] task_id=d0cb9193-db27-442a-8e4b-18f1e3fabc11 func=job_orchestration.executor.query.spider_search_task.search_without_channel submit_output_start=499069996 submit_output_end=499070047 submit_output_duration_ms=50
[2026-02-02 22:03:47.883] [info] [spider.worker] [TIMING] task_id=634b389b-d7d4-4b83-9e83-ce334f65f935 func=job_orchestration.executor.query.spider_search_task.search_without_channel fetch_input_start=499070090 fetch_input_end=499070091 fetch_input_duration_ms=1
[2026-02-02 22:03:47.884] [info] [spider.worker] [TIMING] task_id=634b389b-d7d4-4b83-9e83-ce334f65f935 func=job_orchestration.executor.query.spider_search_task.search_without_channel input_send_start=499070092 input_send_end=499070092 input_send_duration_ms=0 bytes=610
[2026-02-02 22:03:47.884] [info] [spider.worker] [TIMING] task_id=634b389b-d7d4-4b83-9e83-ce334f65f935 func=job_orchestration.executor.query.spider_search_task.search_without_channel spawn_start=499070092 spawn_end=499070092 spawn_duration_ms=0
[2026-02-02 22:03:49.267] [info] [spider.worker] [TIMING] task_id=634b389b-d7d4-4b83-9e83-ce334f65f935 func=job_orchestration.executor.query.spider_search_task.search_without_channel execution_start=499070092 execution_end=499071475 execution_duration_ms=1382
[2026-02-02 22:03:49.292] [info] [spider.worker] [TIMING] task_id=634b389b-d7d4-4b83-9e83-ce334f65f935 func=job_orchestration.executor.query.spider_search_task.search_without_channel submit_output_start=499071477 submit_output_end=499071501 submit_output_duration_ms=23
[2026-02-02 22:03:49.312] [info] [spider.worker] [TIMING] task_id=a1db9fb0-94e0-4a0e-bccb-38b1198aeb8a func=job_orchestration.executor.query.spider_search_task.search_without_channel fetch_input_start=499071519 fetch_input_end=499071520 fetch_input_duration_ms=1
[2026-02-02 22:03:49.312] [info] [spider.worker] [TIMING] task_id=a1db9fb0-94e0-4a0e-bccb-38b1198aeb8a func=job_orchestration.executor.query.spider_search_task.search_without_channel input_send_start=499071520 input_send_end=499071520 input_send_duration_ms=0 bytes=612
[2026-02-02 22:03:49.312] [info] [spider.worker] [TIMING] task_id=a1db9fb0-94e0-4a0e-bccb-38b1198aeb8a func=job_orchestration.executor.query.spider_search_task.search_without_channel spawn_start=499071520 spawn_end=499071520 spawn_duration_ms=0
[2026-02-02 22:03:50.570] [info] [spider.worker] [TIMING] task_id=a1db9fb0-94e0-4a0e-bccb-38b1198aeb8a func=job_orchestration.executor.query.spider_search_task.search_without_channel execution_start=499071521 execution_end=499072778 execution_duration_ms=1257
[2026-02-02 22:03:50.592] [info] [spider.worker] [TIMING] task_id=a1db9fb0-94e0-4a0e-bccb-38b1198aeb8a func=job_orchestration.executor.query.spider_search_task.search_without_channel submit_output_start=499072780 submit_output_end=499072801 submit_output_duration_ms=20
[2026-02-02 22:03:50.633] [info] [spider.worker] [TIMING] task_id=874e8967-32f7-40f1-b2ae-b13fd241cedf func=job_orchestration.executor.query.spider_search_task.search_without_channel fetch_input_start=499072840 fetch_input_end=499072841 fetch_input_duration_ms=0
[2026-02-02 22:03:50.634] [info] [spider.worker] [TIMING] task_id=874e8967-32f7-40f1-b2ae-b13fd241cedf func=job_orchestration.executor.query.spider_search_task.search_without_channel input_send_start=499072842 input_send_end=499072842 input_send_duration_ms=0 bytes=612
[2026-02-02 22:03:50.634] [info] [spider.worker] [TIMING] task_id=874e8967-32f7-40f1-b2ae-b13fd241cedf func=job_orchestration.executor.query.spider_search_task.search_without_channel spawn_start=499072841 spawn_end=499072842 spawn_duration_ms=0
[2026-02-02 22:03:52.056] [info] [spider.worker] [TIMING] task_id=874e8967-32f7-40f1-b2ae-b13fd241cedf func=job_orchestration.executor.query.spider_search_task.search_without_channel execution_start=499072842 execution_end=499074265 execution_duration_ms=1422
[2026-02-02 22:03:52.085] [info] [spider.worker] [TIMING] task_id=874e8967-32f7-40f1-b2ae-b13fd241cedf func=job_orchestration.executor.query.spider_search_task.search_without_channel submit_output_start=499074267 submit_output_end=499074293 submit_output_duration_ms=26
[2026-02-02 22:03:52.104] [info] [spider.worker] [TIMING] task_id=d02bfcb1-46a7-4f72-ac1e-aed6e16c2836 func=job_orchestration.executor.query.spider_search_task.search_without_channel fetch_input_start=499074311 fetch_input_end=499074312 fetch_input_duration_ms=1
[2026-02-02 22:03:52.105] [info] [spider.worker] [TIMING] task_id=d02bfcb1-46a7-4f72-ac1e-aed6e16c2836 func=job_orchestration.executor.query.spider_search_task.search_without_channel input_send_start=499074313 input_send_end=499074313 input_send_duration_ms=0 bytes=612
[2026-02-02 22:03:52.105] [info] [spider.worker] [TIMING] task_id=d02bfcb1-46a7-4f72-ac1e-aed6e16c2836 func=job_orchestration.executor.query.spider_search_task.search_without_channel spawn_start=499074313 spawn_end=499074313 spawn_duration_ms=0
[2026-02-02 22:03:53.440] [info] [spider.worker] [TIMING] task_id=d02bfcb1-46a7-4f72-ac1e-aed6e16c2836 func=job_orchestration.executor.query.spider_search_task.search_without_channel execution_start=499074313 execution_end=499075649 execution_duration_ms=1335
[2026-02-02 22:03:53.451] [info] [spider.worker] [TIMING] task_id=d02bfcb1-46a7-4f72-ac1e-aed6e16c2836 func=job_orchestration.executor.query.spider_search_task.search_without_channel submit_output_start=499075650 submit_output_end=499075660 submit_output_duration_ms=9
[2026-02-02 22:03:53.493] [info] [spider.worker] [TIMING] task_id=7f9aa80d-2556-4e6a-8c23-7ad7b629ce61 func=job_orchestration.executor.query.spider_search_task.search_without_channel fetch_input_start=499075700 fetch_input_end=499075702 fetch_input_duration_ms=1
[2026-02-02 22:03:53.494] [info] [spider.worker] [TIMING] task_id=7f9aa80d-2556-4e6a-8c23-7ad7b629ce61 func=job_orchestration.executor.query.spider_search_task.search_without_channel input_send_start=499075702 input_send_end=499075702 input_send_duration_ms=0 bytes=612
[2026-02-02 22:03:53.494] [info] [spider.worker] [TIMING] task_id=7f9aa80d-2556-4e6a-8c23-7ad7b629ce61 func=job_orchestration.executor.query.spider_search_task.search_without_channel spawn_start=499075702 spawn_end=499075702 spawn_duration_ms=0
[2026-02-02 22:03:54.925] [info] [spider.worker] [TIMING] task_id=7f9aa80d-2556-4e6a-8c23-7ad7b629ce61 func=job_orchestration.executor.query.spider_search_task.search_without_channel execution_start=499075702 execution_end=499077133 execution_duration_ms=1430
[2026-02-02 22:03:54.952] [info] [spider.worker] [TIMING] task_id=7f9aa80d-2556-4e6a-8c23-7ad7b629ce61 func=job_orchestration.executor.query.spider_search_task.search_without_channel submit_output_start=499077135 submit_output_end=499077160 submit_output_duration_ms=24
[2026-02-02 22:03:54.988] [info] [spider.worker] [TIMING] task_id=9d2f3c95-ddca-4105-9e8a-25c47cfec618 func=job_orchestration.executor.query.spider_search_task.search_without_channel fetch_input_start=499077195 fetch_input_end=499077196 fetch_input_duration_ms=1
[2026-02-02 22:03:54.988] [info] [spider.worker] [TIMING] task_id=9d2f3c95-ddca-4105-9e8a-25c47cfec618 func=job_orchestration.executor.query.spider_search_task.search_without_channel input_send_start=499077197 input_send_end=499077197 input_send_duration_ms=0 bytes=612
[2026-02-02 22:03:54.988] [info] [spider.worker] [TIMING] task_id=9d2f3c95-ddca-4105-9e8a-25c47cfec618 func=job_orchestration.executor.query.spider_search_task.search_without_channel spawn_start=499077196 spawn_end=499077197 spawn_duration_ms=0
[2026-02-02 22:03:56.472] [info] [spider.worker] [TIMING] task_id=9d2f3c95-ddca-4105-9e8a-25c47cfec618 func=job_orchestration.executor.query.spider_search_task.search_without_channel execution_start=499077197 execution_end=499078680 execution_duration_ms=1483
[2026-02-02 22:03:56.485] [info] [spider.worker] [TIMING] task_id=9d2f3c95-ddca-4105-9e8a-25c47cfec618 func=job_orchestration.executor.query.spider_search_task.search_without_channel submit_output_start=499078683 submit_output_end=499078694 submit_output_duration_ms=11
[2026-02-02 22:03:56.505] [info] [spider.worker] [TIMING] task_id=ac00b641-0b2f-488c-9b5a-3d32c9a50ac1 func=job_orchestration.executor.query.spider_search_task.search_without_channel fetch_input_start=499078712 fetch_input_end=499078713 fetch_input_duration_ms=1
[2026-02-02 22:03:56.506] [info] [spider.worker] [TIMING] task_id=ac00b641-0b2f-488c-9b5a-3d32c9a50ac1 func=job_orchestration.executor.query.spider_search_task.search_without_channel input_send_start=499078714 input_send_end=499078714 input_send_duration_ms=0 bytes=610
[2026-02-02 22:03:56.506] [info] [spider.worker] [TIMING] task_id=ac00b641-0b2f-488c-9b5a-3d32c9a50ac1 func=job_orchestration.executor.query.spider_search_task.search_without_channel spawn_start=499078714 spawn_end=499078714 spawn_duration_ms=0
[2026-02-02 22:03:57.910] [info] [spider.worker] [TIMING] task_id=ac00b641-0b2f-488c-9b5a-3d32c9a50ac1 func=job_orchestration.executor.query.spider_search_task.search_without_channel execution_start=499078714 execution_end=499080119 execution_duration_ms=1404
[2026-02-02 22:03:57.919] [info] [spider.worker] [TIMING] task_id=ac00b641-0b2f-488c-9b5a-3d32c9a50ac1 func=job_orchestration.executor.query.spider_search_task.search_without_channel submit_output_start=499080120 submit_output_end=499080127 submit_output_duration_ms=6
[2026-02-02 22:03:57.930] [info] [spider.worker] [TIMING] task_id=eb824a75-a784-4a43-9afe-7bcc68b7a8a2 func=job_orchestration.executor.query.spider_search_task.search_without_channel fetch_input_start=499080137 fetch_input_end=499080138 fetch_input_duration_ms=0
[2026-02-02 22:03:57.930] [info] [spider.worker] [TIMING] task_id=eb824a75-a784-4a43-9afe-7bcc68b7a8a2 func=job_orchestration.executor.query.spider_search_task.search_without_channel input_send_start=499080139 input_send_end=499080139 input_send_duration_ms=0 bytes=611
[2026-02-02 22:03:57.930] [info] [spider.worker] [TIMING] task_id=eb824a75-a784-4a43-9afe-7bcc68b7a8a2 func=job_orchestration.executor.query.spider_search_task.search_without_channel spawn_start=499080138 spawn_end=499080139 spawn_duration_ms=0
[2026-02-02 22:03:59.142] [info] [spider.worker] [TIMING] task_id=eb824a75-a784-4a43-9afe-7bcc68b7a8a2 func=job_orchestration.executor.query.spider_search_task.search_without_channel execution_start=499080139 execution_end=499081351 execution_duration_ms=1211
[2026-02-02 22:03:59.189] [info] [spider.worker] [TIMING] task_id=eb824a75-a784-4a43-9afe-7bcc68b7a8a2 func=job_orchestration.executor.query.spider_search_task.search_without_channel submit_output_start=499081352 submit_output_end=499081397 submit_output_duration_ms=44
[2026-02-02 22:03:59.205] [info] [spider.worker] [TIMING] task_id=ac6ba0f2-38b9-4c71-b458-b03c8fcdc39e func=job_orchestration.executor.query.spider_search_task.search_without_channel fetch_input_start=499081413 fetch_input_end=499081413 fetch_input_duration_ms=0
[2026-02-02 22:03:59.206] [info] [spider.worker] [TIMING] task_id=ac6ba0f2-38b9-4c71-b458-b03c8fcdc39e func=job_orchestration.executor.query.spider_search_task.search_without_channel input_send_start=499081414 input_send_end=499081414 input_send_duration_ms=0 bytes=612
[2026-02-02 22:03:59.206] [info] [spider.worker] [TIMING] task_id=ac6ba0f2-38b9-4c71-b458-b03c8fcdc39e func=job_orchestration.executor.query.spider_search_task.search_without_channel spawn_start=499081414 spawn_end=499081414 spawn_duration_ms=0
[2026-02-02 22:04:00.513] [info] [spider.worker] [TIMING] task_id=ac6ba0f2-38b9-4c71-b458-b03c8fcdc39e func=job_orchestration.executor.query.spider_search_task.search_without_channel execution_start=499081414 execution_end=499082722 execution_duration_ms=1307
[2026-02-02 22:04:00.528] [info] [spider.worker] [TIMING] task_id=ac6ba0f2-38b9-4c71-b458-b03c8fcdc39e func=job_orchestration.executor.query.spider_search_task.search_without_channel submit_output_start=499082723 submit_output_end=499082736 submit_output_duration_ms=13
[2026-02-02 22:04:00.548] [info] [spider.worker] [TIMING] task_id=7bc82c0a-eff9-447b-93fc-810ae5f3aaae func=job_orchestration.executor.query.spider_search_task.search_without_channel fetch_input_start=499082755 fetch_input_end=499082756 fetch_input_duration_ms=1
[2026-02-02 22:04:00.548] [info] [spider.worker] [TIMING] task_id=7bc82c0a-eff9-447b-93fc-810ae5f3aaae func=job_orchestration.executor.query.spider_search_task.search_without_channel input_send_start=499082757 input_send_end=499082757 input_send_duration_ms=0 bytes=610
[2026-02-02 22:04:00.548] [info] [spider.worker] [TIMING] task_id=7bc82c0a-eff9-447b-93fc-810ae5f3aaae func=job_orchestration.executor.query.spider_search_task.search_without_channel spawn_start=499082756 spawn_end=499082757 spawn_duration_ms=0
[2026-02-02 22:04:01.904] [info] [spider.worker] [TIMING] task_id=7bc82c0a-eff9-447b-93fc-810ae5f3aaae func=job_orchestration.executor.query.spider_search_task.search_without_channel execution_start=499082757 execution_end=499084113 execution_duration_ms=1355
[2026-02-02 22:04:01.920] [info] [spider.worker] [TIMING] task_id=7bc82c0a-eff9-447b-93fc-810ae5f3aaae func=job_orchestration.executor.query.spider_search_task.search_without_channel submit_output_start=499084114 submit_output_end=499084129 submit_output_duration_ms=14
[2026-02-02 22:04:01.965] [info] [spider.worker] [TIMING] task_id=572c69a7-4a04-430f-8d4a-e4dd484564a0 func=job_orchestration.executor.query.spider_search_task.search_without_channel fetch_input_start=499084172 fetch_input_end=499084173 fetch_input_duration_ms=1
[2026-02-02 22:04:01.966] [info] [spider.worker] [TIMING] task_id=572c69a7-4a04-430f-8d4a-e4dd484564a0 func=job_orchestration.executor.query.spider_search_task.search_without_channel input_send_start=499084174 input_send_end=499084174 input_send_duration_ms=0 bytes=612
[2026-02-02 22:04:01.966] [info] [spider.worker] [TIMING] task_id=572c69a7-4a04-430f-8d4a-e4dd484564a0 func=job_orchestration.executor.query.spider_search_task.search_without_channel spawn_start=499084174 spawn_end=499084174 spawn_duration_ms=0
[2026-02-02 22:04:03.160] [info] [spider.worker] [TIMING] task_id=572c69a7-4a04-430f-8d4a-e4dd484564a0 func=job_orchestration.executor.query.spider_search_task.search_without_channel execution_start=499084174 execution_end=499085368 execution_duration_ms=1194
[2026-02-02 22:04:03.217] [info] [spider.worker] [TIMING] task_id=572c69a7-4a04-430f-8d4a-e4dd484564a0 func=job_orchestration.executor.query.spider_search_task.search_without_channel submit_output_start=499085370 submit_output_end=499085426 submit_output_duration_ms=55
[2026-02-02 22:04:03.256] [info] [spider.worker] [TIMING] task_id=7cf09f66-eefa-453c-9f1e-5404f4737fbc func=job_orchestration.executor.query.spider_search_task.search_without_channel fetch_input_start=499085464 fetch_input_end=499085465 fetch_input_duration_ms=0
[2026-02-02 22:04:03.257] [info] [spider.worker] [TIMING] task_id=7cf09f66-eefa-453c-9f1e-5404f4737fbc func=job_orchestration.executor.query.spider_search_task.search_without_channel input_send_start=499085465 input_send_end=499085465 input_send_duration_ms=0 bytes=611
[2026-02-02 22:04:03.257] [info] [spider.worker] [TIMING] task_id=7cf09f66-eefa-453c-9f1e-5404f4737fbc func=job_orchestration.executor.query.spider_search_task.search_without_channel spawn_start=499085465 spawn_end=499085465 spawn_duration_ms=0
[2026-02-02 22:04:04.541] [info] [spider.worker] [TIMING] task_id=7cf09f66-eefa-453c-9f1e-5404f4737fbc func=job_orchestration.executor.query.spider_search_task.search_without_channel execution_start=499085465 execution_end=499086749 execution_duration_ms=1283
[2026-02-02 22:04:04.554] [info] [spider.worker] [TIMING] task_id=7cf09f66-eefa-453c-9f1e-5404f4737fbc func=job_orchestration.executor.query.spider_search_task.search_without_channel submit_output_start=499086751 submit_output_end=499086762 submit_output_duration_ms=11
[2026-02-02 22:04:04.590] [info] [spider.worker] [TIMING] task_id=9fa2a756-55b1-458f-b93b-c0f5613d2f94 func=job_orchestration.executor.query.spider_search_task.search_without_channel fetch_input_start=499086797 fetch_input_end=499086798 fetch_input_duration_ms=0
[2026-02-02 22:04:04.590] [info] [spider.worker] [TIMING] task_id=9fa2a756-55b1-458f-b93b-c0f5613d2f94 func=job_orchestration.executor.query.spider_search_task.search_without_channel input_send_start=499086798 input_send_end=499086798 input_send_duration_ms=0 bytes=612
[2026-02-02 22:04:04.590] [info] [spider.worker] [TIMING] task_id=9fa2a756-55b1-458f-b93b-c0f5613d2f94 func=job_orchestration.executor.query.spider_search_task.search_without_channel spawn_start=499086798 spawn_end=499086798 spawn_duration_ms=0
[2026-02-02 22:04:06.038] [info] [spider.worker] [TIMING] task_id=9fa2a756-55b1-458f-b93b-c0f5613d2f94 func=job_orchestration.executor.query.spider_search_task.search_without_channel execution_start=499086798 execution_end=499088246 execution_duration_ms=1447
[2026-02-02 22:04:06.168] [info] [spider.worker] [TIMING] task_id=9fa2a756-55b1-458f-b93b-c0f5613d2f94 func=job_orchestration.executor.query.spider_search_task.search_without_channel submit_output_start=499088248 submit_output_end=499088377 submit_output_duration_ms=128
[2026-02-02 22:04:06.242] [info] [spider.worker] [TIMING] task_id=6720bbdf-322a-46cd-8521-1d5aca46d261 func=job_orchestration.executor.query.spider_search_task.search_without_channel fetch_input_start=499088449 fetch_input_end=499088450 fetch_input_duration_ms=1
[2026-02-02 22:04:06.242] [info] [spider.worker] [TIMING] task_id=6720bbdf-322a-46cd-8521-1d5aca46d261 func=job_orchestration.executor.query.spider_search_task.search_without_channel input_send_start=499088451 input_send_end=499088451 input_send_duration_ms=0 bytes=612
[2026-02-02 22:04:06.242] [info] [spider.worker] [TIMING] task_id=6720bbdf-322a-46cd-8521-1d5aca46d261 func=job_orchestration.executor.query.spider_search_task.search_without_channel spawn_start=499088450 spawn_end=499088451 spawn_duration_ms=0
[2026-02-02 22:04:07.771] [info] [spider.worker] [TIMING] task_id=6720bbdf-322a-46cd-8521-1d5aca46d261 func=job_orchestration.executor.query.spider_search_task.search_without_channel execution_start=499088451 execution_end=499089979 execution_duration_ms=1527
[2026-02-02 22:04:07.797] [info] [spider.worker] [TIMING] task_id=6720bbdf-322a-46cd-8521-1d5aca46d261 func=job_orchestration.executor.query.spider_search_task.search_without_channel submit_output_start=499089982 submit_output_end=499090005 submit_output_duration_ms=23
[2026-02-02 22:04:07.850] [info] [spider.worker] [TIMING] task_id=dabddd97-e8d5-4627-999b-9a43a4ce0b2e func=job_orchestration.executor.query.spider_search_task.search_without_channel fetch_input_start=499090057 fetch_input_end=499090058 fetch_input_duration_ms=0
[2026-02-02 22:04:07.850] [info] [spider.worker] [TIMING] task_id=dabddd97-e8d5-4627-999b-9a43a4ce0b2e func=job_orchestration.executor.query.spider_search_task.search_without_channel input_send_start=499090059 input_send_end=499090059 input_send_duration_ms=0 bytes=611
[2026-02-02 22:04:07.850] [info] [spider.worker] [TIMING] task_id=dabddd97-e8d5-4627-999b-9a43a4ce0b2e func=job_orchestration.executor.query.spider_search_task.search_without_channel spawn_start=499090058 spawn_end=499090059 spawn_duration_ms=0
[2026-02-02 22:04:09.256] [info] [spider.worker] [TIMING] task_id=dabddd97-e8d5-4627-999b-9a43a4ce0b2e func=job_orchestration.executor.query.spider_search_task.search_without_channel execution_start=499090059 execution_end=499091464 execution_duration_ms=1405
[2026-02-02 22:04:09.285] [info] [spider.worker] [TIMING] task_id=dabddd97-e8d5-4627-999b-9a43a4ce0b2e func=job_orchestration.executor.query.spider_search_task.search_without_channel submit_output_start=499091466 submit_output_end=499091494 submit_output_duration_ms=27
[2026-02-02 22:04:09.308] [info] [spider.worker] [TIMING] task_id=8e40e868-0728-4b7f-a4bb-fbfe7dea1965 func=job_orchestration.executor.query.spider_search_task.search_without_channel fetch_input_start=499091515 fetch_input_end=499091516 fetch_input_duration_ms=0
[2026-02-02 22:04:09.308] [info] [spider.worker] [TIMING] task_id=8e40e868-0728-4b7f-a4bb-fbfe7dea1965 func=job_orchestration.executor.query.spider_search_task.search_without_channel input_send_start=499091516 input_send_end=499091516 input_send_duration_ms=0 bytes=612
[2026-02-02 22:04:09.308] [info] [spider.worker] [TIMING] task_id=8e40e868-0728-4b7f-a4bb-fbfe7dea1965 func=job_orchestration.executor.query.spider_search_task.search_without_channel spawn_start=499091516 spawn_end=499091516 spawn_duration_ms=0
[2026-02-02 22:04:10.698] [info] [spider.worker] [TIMING] task_id=8e40e868-0728-4b7f-a4bb-fbfe7dea1965 func=job_orchestration.executor.query.spider_search_task.search_without_channel execution_start=499091517 execution_end=499092907 execution_duration_ms=1389
[2026-02-02 22:04:10.731] [info] [spider.worker] [TIMING] task_id=8e40e868-0728-4b7f-a4bb-fbfe7dea1965 func=job_orchestration.executor.query.spider_search_task.search_without_channel submit_output_start=499092908 submit_output_end=499092940 submit_output_duration_ms=31
[2026-02-02 22:04:10.750] [info] [spider.worker] [TIMING] task_id=7d1fd941-3547-452b-8445-952b49f700ce func=job_orchestration.executor.query.spider_search_task.search_without_channel fetch_input_start=499092957 fetch_input_end=499092958 fetch_input_duration_ms=0
[2026-02-02 22:04:10.750] [info] [spider.worker] [TIMING] task_id=7d1fd941-3547-452b-8445-952b49f700ce func=job_orchestration.executor.query.spider_search_task.search_without_channel input_send_start=499092959 input_send_end=499092959 input_send_duration_ms=0 bytes=612
[2026-02-02 22:04:10.750] [info] [spider.worker] [TIMING] task_id=7d1fd941-3547-452b-8445-952b49f700ce func=job_orchestration.executor.query.spider_search_task.search_without_channel spawn_start=499092958 spawn_end=499092959 spawn_duration_ms=0
[2026-02-02 22:04:12.177] [info] [spider.worker] [TIMING] task_id=7d1fd941-3547-452b-8445-952b49f700ce func=job_orchestration.executor.query.spider_search_task.search_without_channel execution_start=499092959 execution_end=499094385 execution_duration_ms=1426
[2026-02-02 22:04:12.227] [info] [spider.worker] [TIMING] task_id=7d1fd941-3547-452b-8445-952b49f700ce func=job_orchestration.executor.query.spider_search_task.search_without_channel submit_output_start=499094387 submit_output_end=499094436 submit_output_duration_ms=48
[2026-02-02 22:04:12.268] [info] [spider.worker] [TIMING] task_id=9a65a853-2691-4152-bdff-94e3f4336504 func=job_orchestration.executor.query.spider_search_task.search_without_channel fetch_input_start=499094475 fetch_input_end=499094476 fetch_input_duration_ms=1
[2026-02-02 22:04:12.268] [info] [spider.worker] [TIMING] task_id=9a65a853-2691-4152-bdff-94e3f4336504 func=job_orchestration.executor.query.spider_search_task.search_without_channel input_send_start=499094477 input_send_end=499094477 input_send_duration_ms=0 bytes=611
[2026-02-02 22:04:12.268] [info] [spider.worker] [TIMING] task_id=9a65a853-2691-4152-bdff-94e3f4336504 func=job_orchestration.executor.query.spider_search_task.search_without_channel spawn_start=499094476 spawn_end=499094477 spawn_duration_ms=0
[2026-02-02 22:04:13.591] [info] [spider.worker] [TIMING] task_id=9a65a853-2691-4152-bdff-94e3f4336504 func=job_orchestration.executor.query.spider_search_task.search_without_channel execution_start=499094477 execution_end=499095799 execution_duration_ms=1322
[2026-02-02 22:04:13.614] [info] [spider.worker] [TIMING] task_id=9a65a853-2691-4152-bdff-94e3f4336504 func=job_orchestration.executor.query.spider_search_task.search_without_channel submit_output_start=499095801 submit_output_end=499095823 submit_output_duration_ms=21
[2026-02-02 22:04:13.635] [info] [spider.worker] [TIMING] task_id=96508fff-06f4-499c-a0eb-4263f002402e func=job_orchestration.executor.query.spider_search_task.search_without_channel fetch_input_start=499095842 fetch_input_end=499095843 fetch_input_duration_ms=1
[2026-02-02 22:04:13.635] [info] [spider.worker] [TIMING] task_id=96508fff-06f4-499c-a0eb-4263f002402e func=job_orchestration.executor.query.spider_search_task.search_without_channel input_send_start=499095844 input_send_end=499095844 input_send_duration_ms=0 bytes=612
[2026-02-02 22:04:13.635] [info] [spider.worker] [TIMING] task_id=96508fff-06f4-499c-a0eb-4263f002402e func=job_orchestration.executor.query.spider_search_task.search_without_channel spawn_start=499095843 spawn_end=499095844 spawn_duration_ms=0
[2026-02-02 22:04:14.904] [info] [spider.worker] [TIMING] task_id=96508fff-06f4-499c-a0eb-4263f002402e func=job_orchestration.executor.query.spider_search_task.search_without_channel execution_start=499095844 execution_end=499097112 execution_duration_ms=1268
[2026-02-02 22:04:14.952] [info] [spider.worker] [TIMING] task_id=96508fff-06f4-499c-a0eb-4263f002402e func=job_orchestration.executor.query.spider_search_task.search_without_channel submit_output_start=499097114 submit_output_end=499097161 submit_output_duration_ms=46
[2026-02-02 22:04:14.976] [info] [spider.worker] [TIMING] task_id=7d2a34ea-33fb-41db-adf5-05824f715098 func=job_orchestration.executor.query.spider_search_task.search_without_channel fetch_input_start=499097183 fetch_input_end=499097184 fetch_input_duration_ms=0
[2026-02-02 22:04:14.976] [info] [spider.worker] [TIMING] task_id=7d2a34ea-33fb-41db-adf5-05824f715098 func=job_orchestration.executor.query.spider_search_task.search_without_channel input_send_start=499097184 input_send_end=499097184 input_send_duration_ms=0 bytes=612
[2026-02-02 22:04:14.976] [info] [spider.worker] [TIMING] task_id=7d2a34ea-33fb-41db-adf5-05824f715098 func=job_orchestration.executor.query.spider_search_task.search_without_channel spawn_start=499097184 spawn_end=499097184 spawn_duration_ms=0
[2026-02-02 22:04:16.426] [info] [spider.worker] [TIMING] task_id=7d2a34ea-33fb-41db-adf5-05824f715098 func=job_orchestration.executor.query.spider_search_task.search_without_channel execution_start=499097185 execution_end=499098634 execution_duration_ms=1449
[2026-02-02 22:04:16.433] [info] [spider.worker] [TIMING] task_id=7d2a34ea-33fb-41db-adf5-05824f715098 func=job_orchestration.executor.query.spider_search_task.search_without_channel submit_output_start=499098636 submit_output_end=499098641 submit_output_duration_ms=4
[2026-02-02 22:04:16.452] [info] [spider.worker] [TIMING] task_id=b5b7ba98-adf9-40f2-86c6-b88e44370c9e func=job_orchestration.executor.query.spider_search_task.search_without_channel fetch_input_start=499098660 fetch_input_end=499098661 fetch_input_duration_ms=1
[2026-02-02 22:04:16.453] [info] [spider.worker] [TIMING] task_id=b5b7ba98-adf9-40f2-86c6-b88e44370c9e func=job_orchestration.executor.query.spider_search_task.search_without_channel input_send_start=499098661 input_send_end=499098661 input_send_duration_ms=0 bytes=612
[2026-02-02 22:04:16.453] [info] [spider.worker] [TIMING] task_id=b5b7ba98-adf9-40f2-86c6-b88e44370c9e func=job_orchestration.executor.query.spider_search_task.search_without_channel spawn_start=499098661 spawn_end=499098661 spawn_duration_ms=0
[2026-02-02 22:04:17.913] [info] [spider.worker] [TIMING] task_id=b5b7ba98-adf9-40f2-86c6-b88e44370c9e func=job_orchestration.executor.query.spider_search_task.search_without_channel execution_start=499098662 execution_end=499100121 execution_duration_ms=1459
[2026-02-02 22:04:17.947] [info] [spider.worker] [TIMING] task_id=b5b7ba98-adf9-40f2-86c6-b88e44370c9e func=job_orchestration.executor.query.spider_search_task.search_without_channel submit_output_start=499100123 submit_output_end=499100156 submit_output_duration_ms=32
[2026-02-02 22:04:17.969] [info] [spider.worker] [TIMING] task_id=0846b652-5fd9-4811-9047-521c5fc29cc5 func=job_orchestration.executor.query.spider_search_task.search_without_channel fetch_input_start=499100177 fetch_input_end=499100177 fetch_input_duration_ms=0
[2026-02-02 22:04:17.970] [info] [spider.worker] [TIMING] task_id=0846b652-5fd9-4811-9047-521c5fc29cc5 func=job_orchestration.executor.query.spider_search_task.search_without_channel input_send_start=499100178 input_send_end=499100178 input_send_duration_ms=0 bytes=611
[2026-02-02 22:04:17.970] [info] [spider.worker] [TIMING] task_id=0846b652-5fd9-4811-9047-521c5fc29cc5 func=job_orchestration.executor.query.spider_search_task.search_without_channel spawn_start=499100178 spawn_end=499100178 spawn_duration_ms=0
[2026-02-02 22:04:19.304] [info] [spider.worker] [TIMING] task_id=0846b652-5fd9-4811-9047-521c5fc29cc5 func=job_orchestration.executor.query.spider_search_task.search_without_channel execution_start=499100178 execution_end=499101513 execution_duration_ms=1334
[2026-02-02 22:04:19.317] [info] [spider.worker] [TIMING] task_id=0846b652-5fd9-4811-9047-521c5fc29cc5 func=job_orchestration.executor.query.spider_search_task.search_without_channel submit_output_start=499101514 submit_output_end=499101525 submit_output_duration_ms=11
[2026-02-02 22:04:19.337] [info] [spider.worker] [TIMING] task_id=7e98d29c-7142-40a6-aff4-c5a03d95b594 func=job_orchestration.executor.query.spider_search_task.search_without_channel fetch_input_start=499101544 fetch_input_end=499101545 fetch_input_duration_ms=0
[2026-02-02 22:04:19.337] [info] [spider.worker] [TIMING] task_id=7e98d29c-7142-40a6-aff4-c5a03d95b594 func=job_orchestration.executor.query.spider_search_task.search_without_channel input_send_start=499101545 input_send_end=499101545 input_send_duration_ms=0 bytes=611
[2026-02-02 22:04:19.337] [info] [spider.worker] [TIMING] task_id=7e98d29c-7142-40a6-aff4-c5a03d95b594 func=job_orchestration.executor.query.spider_search_task.search_without_channel spawn_start=499101545 spawn_end=499101545 spawn_duration_ms=0
[2026-02-02 22:04:20.794] [info] [spider.worker] [TIMING] task_id=7e98d29c-7142-40a6-aff4-c5a03d95b594 func=job_orchestration.executor.query.spider_search_task.search_without_channel execution_start=499101546 execution_end=499103002 execution_duration_ms=1456
[2026-02-02 22:04:20.823] [info] [spider.worker] [TIMING] task_id=7e98d29c-7142-40a6-aff4-c5a03d95b594 func=job_orchestration.executor.query.spider_search_task.search_without_channel submit_output_start=499103004 submit_output_end=499103032 submit_output_duration_ms=27
[2026-02-02 22:04:20.846] [info] [spider.worker] [TIMING] task_id=5bdb9785-7626-4e33-9d3a-70ca46e1cb42 func=job_orchestration.executor.query.spider_search_task.search_without_channel fetch_input_start=499103053 fetch_input_end=499103054 fetch_input_duration_ms=1
[2026-02-02 22:04:20.847] [info] [spider.worker] [TIMING] task_id=5bdb9785-7626-4e33-9d3a-70ca46e1cb42 func=job_orchestration.executor.query.spider_search_task.search_without_channel input_send_start=499103055 input_send_end=499103055 input_send_duration_ms=0 bytes=612
[2026-02-02 22:04:20.847] [info] [spider.worker] [TIMING] task_id=5bdb9785-7626-4e33-9d3a-70ca46e1cb42 func=job_orchestration.executor.query.spider_search_task.search_without_channel spawn_start=499103054 spawn_end=499103055 spawn_duration_ms=0
[2026-02-02 22:04:22.036] [info] [spider.worker] [TIMING] task_id=5bdb9785-7626-4e33-9d3a-70ca46e1cb42 func=job_orchestration.executor.query.spider_search_task.search_without_channel execution_start=499103055 execution_end=499104244 execution_duration_ms=1189
[2026-02-02 22:04:22.078] [info] [spider.worker] [TIMING] task_id=5bdb9785-7626-4e33-9d3a-70ca46e1cb42 func=job_orchestration.executor.query.spider_search_task.search_without_channel submit_output_start=499104246 submit_output_end=499104286 submit_output_duration_ms=40
[2026-02-02 22:04:22.112] [info] [spider.worker] [TIMING] task_id=39bd4caa-afdd-42cd-a80b-0039299e0ba9 func=job_orchestration.executor.query.spider_search_task.search_without_channel fetch_input_start=499104320 fetch_input_end=499104321 fetch_input_duration_ms=0
[2026-02-02 22:04:22.113] [info] [spider.worker] [TIMING] task_id=39bd4caa-afdd-42cd-a80b-0039299e0ba9 func=job_orchestration.executor.query.spider_search_task.search_without_channel input_send_start=499104321 input_send_end=499104321 input_send_duration_ms=0 bytes=612
[2026-02-02 22:04:22.113] [info] [spider.worker] [TIMING] task_id=39bd4caa-afdd-42cd-a80b-0039299e0ba9 func=job_orchestration.executor.query.spider_search_task.search_without_channel spawn_start=499104321 spawn_end=499104321 spawn_duration_ms=0
[2026-02-02 22:04:23.426] [info] [spider.worker] [TIMING] task_id=39bd4caa-afdd-42cd-a80b-0039299e0ba9 func=job_orchestration.executor.query.spider_search_task.search_without_channel execution_start=499104321 execution_end=499105634 execution_duration_ms=1312
[2026-02-02 22:04:23.443] [info] [spider.worker] [TIMING] task_id=39bd4caa-afdd-42cd-a80b-0039299e0ba9 func=job_orchestration.executor.query.spider_search_task.search_without_channel submit_output_start=499105636 submit_output_end=499105651 submit_output_duration_ms=15
[2026-02-02 22:04:23.463] [info] [spider.worker] [TIMING] task_id=1e7bc167-901d-4b2b-ab71-dd971daf855b func=job_orchestration.executor.query.spider_search_task.search_without_channel fetch_input_start=499105670 fetch_input_end=499105671 fetch_input_duration_ms=1
[2026-02-02 22:04:23.463] [info] [spider.worker] [TIMING] task_id=1e7bc167-901d-4b2b-ab71-dd971daf855b func=job_orchestration.executor.query.spider_search_task.search_without_channel input_send_start=499105672 input_send_end=499105672 input_send_duration_ms=0 bytes=612
[2026-02-02 22:04:23.463] [info] [spider.worker] [TIMING] task_id=1e7bc167-901d-4b2b-ab71-dd971daf855b func=job_orchestration.executor.query.spider_search_task.search_without_channel spawn_start=499105671 spawn_end=499105672 spawn_duration_ms=0
[2026-02-02 22:04:24.699] [info] [spider.worker] [TIMING] task_id=1e7bc167-901d-4b2b-ab71-dd971daf855b func=job_orchestration.executor.query.spider_search_task.search_without_channel execution_start=499105672 execution_end=499106907 execution_duration_ms=1234
[2026-02-02 22:04:24.726] [info] [spider.worker] [TIMING] task_id=1e7bc167-901d-4b2b-ab71-dd971daf855b func=job_orchestration.executor.query.spider_search_task.search_without_channel submit_output_start=499106908 submit_output_end=499106935 submit_output_duration_ms=26
[2026-02-02 22:04:24.762] [info] [spider.worker] [TIMING] task_id=e3486c41-6df3-4137-a498-778494c568dc func=job_orchestration.executor.query.spider_search_task.search_without_channel fetch_input_start=499106970 fetch_input_end=499106971 fetch_input_duration_ms=1
[2026-02-02 22:04:24.763] [info] [spider.worker] [TIMING] task_id=e3486c41-6df3-4137-a498-778494c568dc func=job_orchestration.executor.query.spider_search_task.search_without_channel input_send_start=499106971 input_send_end=499106971 input_send_duration_ms=0 bytes=610
[2026-02-02 22:04:24.763] [info] [spider.worker] [TIMING] task_id=e3486c41-6df3-4137-a498-778494c568dc func=job_orchestration.executor.query.spider_search_task.search_without_channel spawn_start=499106971 spawn_end=499106971 spawn_duration_ms=0
[2026-02-02 22:04:26.076] [info] [spider.worker] [TIMING] task_id=e3486c41-6df3-4137-a498-778494c568dc func=job_orchestration.executor.query.spider_search_task.search_without_channel execution_start=499106972 execution_end=499108284 execution_duration_ms=1312
[2026-02-02 22:04:26.102] [info] [spider.worker] [TIMING] task_id=e3486c41-6df3-4137-a498-778494c568dc func=job_orchestration.executor.query.spider_search_task.search_without_channel submit_output_start=499108286 submit_output_end=499108311 submit_output_duration_ms=24
[2026-02-02 22:04:26.130] [info] [spider.worker] [TIMING] task_id=2f5a1b5b-c68d-4601-99a1-b31075d00f10 func=job_orchestration.executor.query.spider_search_task.search_without_channel fetch_input_start=499108337 fetch_input_end=499108338 fetch_input_duration_ms=0
[2026-02-02 22:04:26.130] [info] [spider.worker] [TIMING] task_id=2f5a1b5b-c68d-4601-99a1-b31075d00f10 func=job_orchestration.executor.query.spider_search_task.search_without_channel input_send_start=499108339 input_send_end=499108339 input_send_duration_ms=0 bytes=612
[2026-02-02 22:04:26.130] [info] [spider.worker] [TIMING] task_id=2f5a1b5b-c68d-4601-99a1-b31075d00f10 func=job_orchestration.executor.query.spider_search_task.search_without_channel spawn_start=499108338 spawn_end=499108339 spawn_duration_ms=0
[2026-02-02 22:04:27.569] [info] [spider.worker] [TIMING] task_id=2f5a1b5b-c68d-4601-99a1-b31075d00f10 func=job_orchestration.executor.query.spider_search_task.search_without_channel execution_start=499108339 execution_end=499109777 execution_duration_ms=1438
[2026-02-02 22:04:27.585] [info] [spider.worker] [TIMING] task_id=2f5a1b5b-c68d-4601-99a1-b31075d00f10 func=job_orchestration.executor.query.spider_search_task.search_without_channel submit_output_start=499109779 submit_output_end=499109794 submit_output_duration_ms=14
[2026-02-02 22:04:27.605] [info] [spider.worker] [TIMING] task_id=6d15c16a-3d8b-4581-a4cf-e9162eb48793 func=job_orchestration.executor.query.spider_search_task.search_without_channel fetch_input_start=499109812 fetch_input_end=499109813 fetch_input_duration_ms=0
[2026-02-02 22:04:27.605] [info] [spider.worker] [TIMING] task_id=6d15c16a-3d8b-4581-a4cf-e9162eb48793 func=job_orchestration.executor.query.spider_search_task.search_without_channel input_send_start=499109814 input_send_end=499109814 input_send_duration_ms=0 bytes=612
[2026-02-02 22:04:27.605] [info] [spider.worker] [TIMING] task_id=6d15c16a-3d8b-4581-a4cf-e9162eb48793 func=job_orchestration.executor.query.spider_search_task.search_without_channel spawn_start=499109813 spawn_end=499109814 spawn_duration_ms=0
[2026-02-02 22:04:28.907] [info] [spider.worker] [TIMING] task_id=6d15c16a-3d8b-4581-a4cf-e9162eb48793 func=job_orchestration.executor.query.spider_search_task.search_without_channel execution_start=499109814 execution_end=499111115 execution_duration_ms=1300
[2026-02-02 22:04:28.936] [info] [spider.worker] [TIMING] task_id=6d15c16a-3d8b-4581-a4cf-e9162eb48793 func=job_orchestration.executor.query.spider_search_task.search_without_channel submit_output_start=499111123 submit_output_end=499111144 submit_output_duration_ms=20
[2026-02-02 22:04:28.981] [info] [spider.worker] [TIMING] task_id=218ad7ae-8738-4f73-8cff-b2b5c90b7d04 func=job_orchestration.executor.query.spider_search_task.search_without_channel fetch_input_start=499111188 fetch_input_end=499111189 fetch_input_duration_ms=1
[2026-02-02 22:04:28.982] [info] [spider.worker] [TIMING] task_id=218ad7ae-8738-4f73-8cff-b2b5c90b7d04 func=job_orchestration.executor.query.spider_search_task.search_without_channel input_send_start=499111190 input_send_end=499111190 input_send_duration_ms=0 bytes=612
[2026-02-02 22:04:28.982] [info] [spider.worker] [TIMING] task_id=218ad7ae-8738-4f73-8cff-b2b5c90b7d04 func=job_orchestration.executor.query.spider_search_task.search_without_channel spawn_start=499111189 spawn_end=499111190 spawn_duration_ms=0
[2026-02-02 22:04:30.350] [info] [spider.worker] [TIMING] task_id=218ad7ae-8738-4f73-8cff-b2b5c90b7d04 func=job_orchestration.executor.query.spider_search_task.search_without_channel execution_start=499111190 execution_end=499112558 execution_duration_ms=1367
[2026-02-02 22:04:30.403] [info] [spider.worker] [TIMING] task_id=218ad7ae-8738-4f73-8cff-b2b5c90b7d04 func=job_orchestration.executor.query.spider_search_task.search_without_channel submit_output_start=499112559 submit_output_end=499112611 submit_output_duration_ms=51
[2026-02-02 22:04:30.422] [info] [spider.worker] [TIMING] task_id=da59f685-5745-4f76-ba52-d867a9971eb9 func=job_orchestration.executor.query.spider_search_task.search_without_channel fetch_input_start=499112629 fetch_input_end=499112630 fetch_input_duration_ms=1
[2026-02-02 22:04:30.423] [info] [spider.worker] [TIMING] task_id=da59f685-5745-4f76-ba52-d867a9971eb9 func=job_orchestration.executor.query.spider_search_task.search_without_channel input_send_start=499112631 input_send_end=499112631 input_send_duration_ms=0 bytes=612
[2026-02-02 22:04:30.423] [info] [spider.worker] [TIMING] task_id=da59f685-5745-4f76-ba52-d867a9971eb9 func=job_orchestration.executor.query.spider_search_task.search_without_channel spawn_start=499112631 spawn_end=499112631 spawn_duration_ms=0
[2026-02-02 22:04:31.712] [info] [spider.worker] [TIMING] task_id=da59f685-5745-4f76-ba52-d867a9971eb9 func=job_orchestration.executor.query.spider_search_task.search_without_channel execution_start=499112632 execution_end=499113920 execution_duration_ms=1288
[2026-02-02 22:04:31.764] [info] [spider.worker] [TIMING] task_id=da59f685-5745-4f76-ba52-d867a9971eb9 func=job_orchestration.executor.query.spider_search_task.search_without_channel submit_output_start=499113923 submit_output_end=499113973 submit_output_duration_ms=49
[2026-02-02 22:04:31.798] [info] [spider.worker] [TIMING] task_id=97c004a3-df12-43a2-9468-021fb370fc56 func=job_orchestration.executor.query.spider_search_task.search_without_channel fetch_input_start=499114005 fetch_input_end=499114006 fetch_input_duration_ms=1
[2026-02-02 22:04:31.798] [info] [spider.worker] [TIMING] task_id=97c004a3-df12-43a2-9468-021fb370fc56 func=job_orchestration.executor.query.spider_search_task.search_without_channel input_send_start=499114007 input_send_end=499114007 input_send_duration_ms=0 bytes=612
[2026-02-02 22:04:31.798] [info] [spider.worker] [TIMING] task_id=97c004a3-df12-43a2-9468-021fb370fc56 func=job_orchestration.executor.query.spider_search_task.search_without_channel spawn_start=499114006 spawn_end=499114007 spawn_duration_ms=0
[2026-02-02 22:04:33.094] [info] [spider.worker] [TIMING] task_id=97c004a3-df12-43a2-9468-021fb370fc56 func=job_orchestration.executor.query.spider_search_task.search_without_channel execution_start=499114007 execution_end=499115303 execution_duration_ms=1295
[2026-02-02 22:04:33.126] [info] [spider.worker] [TIMING] task_id=97c004a3-df12-43a2-9468-021fb370fc56 func=job_orchestration.executor.query.spider_search_task.search_without_channel submit_output_start=499115305 submit_output_end=499115335 submit_output_duration_ms=29
[2026-02-02 22:04:33.214] [info] [spider.worker] [TIMING] task_id=890da254-9a71-4f67-9f2b-92e3e5be871f func=job_orchestration.executor.query.spider_search_task.search_without_channel fetch_input_start=499115421 fetch_input_end=499115422 fetch_input_duration_ms=1
[2026-02-02 22:04:33.214] [info] [spider.worker] [TIMING] task_id=890da254-9a71-4f67-9f2b-92e3e5be871f func=job_orchestration.executor.query.spider_search_task.search_without_channel input_send_start=499115423 input_send_end=499115423 input_send_duration_ms=0 bytes=612
[2026-02-02 22:04:33.214] [info] [spider.worker] [TIMING] task_id=890da254-9a71-4f67-9f2b-92e3e5be871f func=job_orchestration.executor.query.spider_search_task.search_without_channel spawn_start=499115422 spawn_end=499115423 spawn_duration_ms=0
[2026-02-02 22:04:34.511] [info] [spider.worker] [TIMING] task_id=890da254-9a71-4f67-9f2b-92e3e5be871f func=job_orchestration.executor.query.spider_search_task.search_without_channel execution_start=499115423 execution_end=499116719 execution_duration_ms=1296
[2026-02-02 22:04:34.590] [info] [spider.worker] [TIMING] task_id=890da254-9a71-4f67-9f2b-92e3e5be871f func=job_orchestration.executor.query.spider_search_task.search_without_channel submit_output_start=499116732 submit_output_end=499116798 submit_output_duration_ms=66
[2026-02-02 22:04:34.623] [info] [spider.worker] [TIMING] task_id=f731739b-43ca-4f7c-849f-16ba48ae6395 func=job_orchestration.executor.query.spider_search_task.search_without_channel fetch_input_start=499116830 fetch_input_end=499116831 fetch_input_duration_ms=0
[2026-02-02 22:04:34.623] [info] [spider.worker] [TIMING] task_id=f731739b-43ca-4f7c-849f-16ba48ae6395 func=job_orchestration.executor.query.spider_search_task.search_without_channel input_send_start=499116832 input_send_end=499116832 input_send_duration_ms=0 bytes=610
[2026-02-02 22:04:34.623] [info] [spider.worker] [TIMING] task_id=f731739b-43ca-4f7c-849f-16ba48ae6395 func=job_orchestration.executor.query.spider_search_task.search_without_channel spawn_start=499116831 spawn_end=499116832 spawn_duration_ms=0
[2026-02-02 22:04:36.782] [info] [spider.worker] [TIMING] task_id=f731739b-43ca-4f7c-849f-16ba48ae6395 func=job_orchestration.executor.query.spider_search_task.search_without_channel execution_start=499116832 execution_end=499118991 execution_duration_ms=2158
[2026-02-02 22:04:36.846] [info] [spider.worker] [TIMING] task_id=f731739b-43ca-4f7c-849f-16ba48ae6395 func=job_orchestration.executor.query.spider_search_task.search_without_channel submit_output_start=499118996 submit_output_end=499119055 submit_output_duration_ms=58
[2026-02-02 22:04:36.866] [info] [spider.worker] [TIMING] task_id=379c3cd4-780f-4140-b28e-f054e769e419 func=job_orchestration.executor.query.spider_search_task.search_without_channel fetch_input_start=499119073 fetch_input_end=499119074 fetch_input_duration_ms=1
[2026-02-02 22:04:36.866] [info] [spider.worker] [TIMING] task_id=379c3cd4-780f-4140-b28e-f054e769e419 func=job_orchestration.executor.query.spider_search_task.search_without_channel input_send_start=499119075 input_send_end=499119075 input_send_duration_ms=0 bytes=612
[2026-02-02 22:04:36.866] [info] [spider.worker] [TIMING] task_id=379c3cd4-780f-4140-b28e-f054e769e419 func=job_orchestration.executor.query.spider_search_task.search_without_channel spawn_start=499119074 spawn_end=499119075 spawn_duration_ms=0
[2026-02-02 22:04:38.176] [info] [spider.worker] [TIMING] task_id=379c3cd4-780f-4140-b28e-f054e769e419 func=job_orchestration.executor.query.spider_search_task.search_without_channel execution_start=499119075 execution_end=499120384 execution_duration_ms=1309
[2026-02-02 22:04:38.205] [info] [spider.worker] [TIMING] task_id=379c3cd4-780f-4140-b28e-f054e769e419 func=job_orchestration.executor.query.spider_search_task.search_without_channel submit_output_start=499120386 submit_output_end=499120413 submit_output_duration_ms=26
[2026-02-02 22:04:38.294] [info] [spider.worker] [TIMING] task_id=ea4597de-5427-4a32-935a-5990753f50c6 func=job_orchestration.executor.query.spider_search_task.search_without_channel fetch_input_start=499120502 fetch_input_end=499120503 fetch_input_duration_ms=0
[2026-02-02 22:04:38.295] [info] [spider.worker] [TIMING] task_id=ea4597de-5427-4a32-935a-5990753f50c6 func=job_orchestration.executor.query.spider_search_task.search_without_channel input_send_start=499120503 input_send_end=499120503 input_send_duration_ms=0 bytes=610
[2026-02-02 22:04:38.295] [info] [spider.worker] [TIMING] task_id=ea4597de-5427-4a32-935a-5990753f50c6 func=job_orchestration.executor.query.spider_search_task.search_without_channel spawn_start=499120503 spawn_end=499120503 spawn_duration_ms=0
[2026-02-02 22:04:39.521] [info] [spider.worker] [TIMING] task_id=ea4597de-5427-4a32-935a-5990753f50c6 func=job_orchestration.executor.query.spider_search_task.search_without_channel execution_start=499120504 execution_end=499121730 execution_duration_ms=1226
[2026-02-02 22:04:39.545] [info] [spider.worker] [TIMING] task_id=ea4597de-5427-4a32-935a-5990753f50c6 func=job_orchestration.executor.query.spider_search_task.search_without_channel submit_output_start=499121732 submit_output_end=499121754 submit_output_duration_ms=21
[2026-02-02 22:04:39.566] [info] [spider.worker] [TIMING] task_id=06958f43-9acf-4a45-b0b1-ed529e23c4d2 func=job_orchestration.executor.query.spider_search_task.search_without_channel fetch_input_start=499121773 fetch_input_end=499121774 fetch_input_duration_ms=1
[2026-02-02 22:04:39.566] [info] [spider.worker] [TIMING] task_id=06958f43-9acf-4a45-b0b1-ed529e23c4d2 func=job_orchestration.executor.query.spider_search_task.search_without_channel input_send_start=499121775 input_send_end=499121775 input_send_duration_ms=0 bytes=612
[2026-02-02 22:04:39.566] [info] [spider.worker] [TIMING] task_id=06958f43-9acf-4a45-b0b1-ed529e23c4d2 func=job_orchestration.executor.query.spider_search_task.search_without_channel spawn_start=499121774 spawn_end=499121775 spawn_duration_ms=0
[2026-02-02 22:04:40.799] [info] [spider.worker] [TIMING] task_id=06958f43-9acf-4a45-b0b1-ed529e23c4d2 func=job_orchestration.executor.query.spider_search_task.search_without_channel execution_start=499121775 execution_end=499123007 execution_duration_ms=1232
[2026-02-02 22:04:40.813] [info] [spider.worker] [TIMING] task_id=06958f43-9acf-4a45-b0b1-ed529e23c4d2 func=job_orchestration.executor.query.spider_search_task.search_without_channel submit_output_start=499123009 submit_output_end=499123022 submit_output_duration_ms=12
[2026-02-02 22:04:40.851] [info] [spider.worker] [TIMING] task_id=0729a89b-b18f-44f0-9c5c-58b6cd3e454b func=job_orchestration.executor.query.spider_search_task.search_without_channel fetch_input_start=499123058 fetch_input_end=499123059 fetch_input_duration_ms=1
[2026-02-02 22:04:40.852] [info] [spider.worker] [TIMING] task_id=0729a89b-b18f-44f0-9c5c-58b6cd3e454b func=job_orchestration.executor.query.spider_search_task.search_without_channel input_send_start=499123060 input_send_end=499123060 input_send_duration_ms=0 bytes=612
[2026-02-02 22:04:40.852] [info] [spider.worker] [TIMING] task_id=0729a89b-b18f-44f0-9c5c-58b6cd3e454b func=job_orchestration.executor.query.spider_search_task.search_without_channel spawn_start=499123059 spawn_end=499123060 spawn_duration_ms=0
[2026-02-02 22:04:42.172] [info] [spider.worker] [TIMING] task_id=0729a89b-b18f-44f0-9c5c-58b6cd3e454b func=job_orchestration.executor.query.spider_search_task.search_without_channel execution_start=499123060 execution_end=499124381 execution_duration_ms=1320
[2026-02-02 22:04:42.207] [info] [spider.worker] [TIMING] task_id=0729a89b-b18f-44f0-9c5c-58b6cd3e454b func=job_orchestration.executor.query.spider_search_task.search_without_channel submit_output_start=499124382 submit_output_end=499124415 submit_output_duration_ms=33
[2026-02-02 22:04:42.226] [info] [spider.worker] [TIMING] task_id=8d06dd84-c4a2-4d06-9576-95c96d1438bb func=job_orchestration.executor.query.spider_search_task.search_without_channel fetch_input_start=499124433 fetch_input_end=499124434 fetch_input_duration_ms=1
[2026-02-02 22:04:42.226] [info] [spider.worker] [TIMING] task_id=8d06dd84-c4a2-4d06-9576-95c96d1438bb func=job_orchestration.executor.query.spider_search_task.search_without_channel input_send_start=499124434 input_send_end=499124434 input_send_duration_ms=0 bytes=610
[2026-02-02 22:04:42.226] [info] [spider.worker] [TIMING] task_id=8d06dd84-c4a2-4d06-9576-95c96d1438bb func=job_orchestration.executor.query.spider_search_task.search_without_channel spawn_start=499124434 spawn_end=499124434 spawn_duration_ms=0
[2026-02-02 22:04:43.393] [info] [spider.worker] [TIMING] task_id=8d06dd84-c4a2-4d06-9576-95c96d1438bb func=job_orchestration.executor.query.spider_search_task.search_without_channel execution_start=499124435 execution_end=499125602 execution_duration_ms=1167
[2026-02-02 22:04:43.529] [info] [spider.worker] [TIMING] task_id=8d06dd84-c4a2-4d06-9576-95c96d1438bb func=job_orchestration.executor.query.spider_search_task.search_without_channel submit_output_start=499125621 submit_output_end=499125737 submit_output_duration_ms=116
[2026-02-02 22:04:43.601] [info] [spider.worker] [TIMING] task_id=2cffa422-eda7-4591-94a5-831859827634 func=job_orchestration.executor.query.spider_search_task.search_without_channel fetch_input_start=499125808 fetch_input_end=499125809 fetch_input_duration_ms=0
[2026-02-02 22:04:43.601] [info] [spider.worker] [TIMING] task_id=2cffa422-eda7-4591-94a5-831859827634 func=job_orchestration.executor.query.spider_search_task.search_without_channel input_send_start=499125810 input_send_end=499125810 input_send_duration_ms=0 bytes=612
[2026-02-02 22:04:43.601] [info] [spider.worker] [TIMING] task_id=2cffa422-eda7-4591-94a5-831859827634 func=job_orchestration.executor.query.spider_search_task.search_without_channel spawn_start=499125809 spawn_end=499125810 spawn_duration_ms=0
[2026-02-02 22:04:44.875] [info] [spider.worker] [TIMING] task_id=2cffa422-eda7-4591-94a5-831859827634 func=job_orchestration.executor.query.spider_search_task.search_without_channel execution_start=499125810 execution_end=499127083 execution_duration_ms=1273
[2026-02-02 22:04:44.898] [info] [spider.worker] [TIMING] task_id=2cffa422-eda7-4591-94a5-831859827634 func=job_orchestration.executor.query.spider_search_task.search_without_channel submit_output_start=499127085 submit_output_end=499127107 submit_output_duration_ms=21
[2026-02-02 22:04:44.954] [info] [spider.worker] [TIMING] task_id=f802a8ee-13f0-412b-8873-ae34185e8bce func=job_orchestration.executor.query.spider_search_task.search_without_channel fetch_input_start=499127162 fetch_input_end=499127162 fetch_input_duration_ms=0
[2026-02-02 22:04:44.954] [info] [spider.worker] [TIMING] task_id=f802a8ee-13f0-412b-8873-ae34185e8bce func=job_orchestration.executor.query.spider_search_task.search_without_channel input_send_start=499127163 input_send_end=499127163 input_send_duration_ms=0 bytes=612
[2026-02-02 22:04:44.955] [info] [spider.worker] [TIMING] task_id=f802a8ee-13f0-412b-8873-ae34185e8bce func=job_orchestration.executor.query.spider_search_task.search_without_channel spawn_start=499127162 spawn_end=499127163 spawn_duration_ms=0
[2026-02-02 22:04:46.498] [info] [spider.worker] [TIMING] task_id=f802a8ee-13f0-412b-8873-ae34185e8bce func=job_orchestration.executor.query.spider_search_task.search_without_channel execution_start=499127163 execution_end=499128706 execution_duration_ms=1543
[2026-02-02 22:04:46.634] [info] [spider.worker] [TIMING] task_id=f802a8ee-13f0-412b-8873-ae34185e8bce func=job_orchestration.executor.query.spider_search_task.search_without_channel submit_output_start=499128725 submit_output_end=499128842 submit_output_duration_ms=116
[2026-02-02 22:04:46.744] [info] [spider.worker] [TIMING] task_id=b51a7c21-80b7-430e-984b-4de99ed9a718 func=job_orchestration.executor.query.spider_search_task.search_without_channel fetch_input_start=499128952 fetch_input_end=499128953 fetch_input_duration_ms=0
[2026-02-02 22:04:46.745] [info] [spider.worker] [TIMING] task_id=b51a7c21-80b7-430e-984b-4de99ed9a718 func=job_orchestration.executor.query.spider_search_task.search_without_channel input_send_start=499128953 input_send_end=499128953 input_send_duration_ms=0 bytes=612
[2026-02-02 22:04:46.745] [info] [spider.worker] [TIMING] task_id=b51a7c21-80b7-430e-984b-4de99ed9a718 func=job_orchestration.executor.query.spider_search_task.search_without_channel spawn_start=499128953 spawn_end=499128953 spawn_duration_ms=0
[2026-02-02 22:04:48.118] [info] [spider.worker] [TIMING] task_id=b51a7c21-80b7-430e-984b-4de99ed9a718 func=job_orchestration.executor.query.spider_search_task.search_without_channel execution_start=499128953 execution_end=499130327 execution_duration_ms=1373
[2026-02-02 22:04:48.132] [info] [spider.worker] [TIMING] task_id=b51a7c21-80b7-430e-984b-4de99ed9a718 func=job_orchestration.executor.query.spider_search_task.search_without_channel submit_output_start=499130329 submit_output_end=499130341 submit_output_duration_ms=12
[2026-02-02 22:04:48.184] [info] [spider.worker] [TIMING] task_id=da60c377-3038-43b8-951b-2b2a42707ef6 func=job_orchestration.executor.query.spider_search_task.search_without_channel fetch_input_start=499130392 fetch_input_end=499130393 fetch_input_duration_ms=0
[2026-02-02 22:04:48.185] [info] [spider.worker] [TIMING] task_id=da60c377-3038-43b8-951b-2b2a42707ef6 func=job_orchestration.executor.query.spider_search_task.search_without_channel input_send_start=499130393 input_send_end=499130393 input_send_duration_ms=0 bytes=612
[2026-02-02 22:04:48.185] [info] [spider.worker] [TIMING] task_id=da60c377-3038-43b8-951b-2b2a42707ef6 func=job_orchestration.executor.query.spider_search_task.search_without_channel spawn_start=499130393 spawn_end=499130393 spawn_duration_ms=0
[2026-02-02 22:04:49.478] [info] [spider.worker] [TIMING] task_id=da60c377-3038-43b8-951b-2b2a42707ef6 func=job_orchestration.executor.query.spider_search_task.search_without_channel execution_start=499130393 execution_end=499131686 execution_duration_ms=1293
[2026-02-02 22:04:49.491] [info] [spider.worker] [TIMING] task_id=da60c377-3038-43b8-951b-2b2a42707ef6 func=job_orchestration.executor.query.spider_search_task.search_without_channel submit_output_start=499131688 submit_output_end=499131700 submit_output_duration_ms=11
[2026-02-02 22:04:49.602] [info] [spider.worker] [TIMING] task_id=a037341e-ed0a-4161-83d4-1f7da88a61ae func=job_orchestration.executor.query.spider_search_task.search_without_channel fetch_input_start=499131809 fetch_input_end=499131810 fetch_input_duration_ms=0
[2026-02-02 22:04:49.602] [info] [spider.worker] [TIMING] task_id=a037341e-ed0a-4161-83d4-1f7da88a61ae func=job_orchestration.executor.query.spider_search_task.search_without_channel input_send_start=499131810 input_send_end=499131810 input_send_duration_ms=0 bytes=611
[2026-02-02 22:04:49.602] [info] [spider.worker] [TIMING] task_id=a037341e-ed0a-4161-83d4-1f7da88a61ae func=job_orchestration.executor.query.spider_search_task.search_without_channel spawn_start=499131810 spawn_end=499131811 spawn_duration_ms=0
[2026-02-02 22:04:50.861] [info] [spider.worker] [TIMING] task_id=a037341e-ed0a-4161-83d4-1f7da88a61ae func=job_orchestration.executor.query.spider_search_task.search_without_channel execution_start=499131811 execution_end=499133069 execution_duration_ms=1258
[2026-02-02 22:04:50.899] [info] [spider.worker] [TIMING] task_id=a037341e-ed0a-4161-83d4-1f7da88a61ae func=job_orchestration.executor.query.spider_search_task.search_without_channel submit_output_start=499133071 submit_output_end=499133107 submit_output_duration_ms=36
[2026-02-02 22:04:50.944] [info] [spider.worker] [TIMING] task_id=45f3fe94-364e-4802-bb80-5146c708134f func=job_orchestration.executor.query.spider_search_task.search_without_channel fetch_input_start=499133151 fetch_input_end=499133152 fetch_input_duration_ms=1
[2026-02-02 22:04:50.944] [info] [spider.worker] [TIMING] task_id=45f3fe94-364e-4802-bb80-5146c708134f func=job_orchestration.executor.query.spider_search_task.search_without_channel input_send_start=499133152 input_send_end=499133153 input_send_duration_ms=0 bytes=612
[2026-02-02 22:04:50.944] [info] [spider.worker] [TIMING] task_id=45f3fe94-364e-4802-bb80-5146c708134f func=job_orchestration.executor.query.spider_search_task.search_without_channel spawn_start=499133152 spawn_end=499133153 spawn_duration_ms=0
[2026-02-02 22:04:52.077] [info] [spider.worker] [TIMING] task_id=45f3fe94-364e-4802-bb80-5146c708134f func=job_orchestration.executor.query.spider_search_task.search_without_channel execution_start=499133153 execution_end=499134285 execution_duration_ms=1132
[2026-02-02 22:04:52.092] [info] [spider.worker] [TIMING] task_id=45f3fe94-364e-4802-bb80-5146c708134f func=job_orchestration.executor.query.spider_search_task.search_without_channel submit_output_start=499134286 submit_output_end=499134300 submit_output_duration_ms=13
[2026-02-02 22:04:52.103] [info] [spider.worker] [TIMING] task_id=ff00f77f-a9eb-4fd0-9c8c-f6c5a55b4176 func=job_orchestration.executor.query.spider_search_task.search_without_channel fetch_input_start=499134310 fetch_input_end=499134311 fetch_input_duration_ms=1
[2026-02-02 22:04:52.103] [info] [spider.worker] [TIMING] task_id=ff00f77f-a9eb-4fd0-9c8c-f6c5a55b4176 func=job_orchestration.executor.query.spider_search_task.search_without_channel input_send_start=499134312 input_