[2026-02-02 19:46:00.937] [warning] [spider.worker] Prefer using `SPIDER_STORAGE_URL` environment variable over `--storage_url` argument.
[2026-02-02 19:47:06.505] [info] [spider.worker] [TIMING] task_id=201fca4b-911f-42df-933f-8cf2aea6d800 func=job_orchestration.executor.compress.spider_compress.compress fetch_input_start=490868712 fetch_input_end=490868713 fetch_input_duration_ms=0
[2026-02-02 19:47:06.505] [info] [spider.worker] [TIMING] task_id=201fca4b-911f-42df-933f-8cf2aea6d800 func=job_orchestration.executor.compress.spider_compress.compress input_send_start=490868714 input_send_end=490868714 input_send_duration_ms=0 bytes=843
[2026-02-02 19:47:06.506] [info] [spider.worker] [TIMING] task_id=201fca4b-911f-42df-933f-8cf2aea6d800 func=job_orchestration.executor.compress.spider_compress.compress spawn_start=490868713 spawn_end=490868714 spawn_duration_ms=0
[2026-02-02 19:48:16.583] [info] [spider.worker] [TIMING] task_id=201fca4b-911f-42df-933f-8cf2aea6d800 func=job_orchestration.executor.compress.spider_compress.compress execution_start=490868714 execution_end=490938791 execution_duration_ms=70077
[2026-02-02 19:48:16.616] [info] [spider.worker] [TIMING] task_id=201fca4b-911f-42df-933f-8cf2aea6d800 func=job_orchestration.executor.compress.spider_compress.compress submit_output_start=490938793 submit_output_end=490938824 submit_output_duration_ms=30
[2026-02-02 19:48:16.662] [info] [spider.worker] [TIMING] task_id=e38f3105-c159-4d16-adc7-24307608ab03 func=job_orchestration.executor.compress.spider_compress.compress fetch_input_start=490938869 fetch_input_end=490938870 fetch_input_duration_ms=1
[2026-02-02 19:48:16.663] [info] [spider.worker] [TIMING] task_id=e38f3105-c159-4d16-adc7-24307608ab03 func=job_orchestration.executor.compress.spider_compress.compress input_send_start=490938871 input_send_end=490938871 input_send_duration_ms=0 bytes=852
[2026-02-02 19:48:16.663] [info] [spider.worker] [TIMING] task_id=e38f3105-c159-4d16-adc7-24307608ab03 func=job_orchestration.executor.compress.spider_compress.compress spawn_start=490938870 spawn_end=490938871 spawn_duration_ms=0
[2026-02-02 19:48:53.401] [info] [spider.worker] [TIMING] task_id=e38f3105-c159-4d16-adc7-24307608ab03 func=job_orchestration.executor.compress.spider_compress.compress execution_start=490938871 execution_end=490975609 execution_duration_ms=36738
[2026-02-02 19:48:53.438] [info] [spider.worker] [TIMING] task_id=e38f3105-c159-4d16-adc7-24307608ab03 func=job_orchestration.executor.compress.spider_compress.compress submit_output_start=490975611 submit_output_end=490975646 submit_output_duration_ms=34
[2026-02-02 19:48:53.458] [info] [spider.worker] [TIMING] task_id=05a1373d-bac5-493d-a165-8e0309aff386 func=job_orchestration.executor.compress.spider_compress.compress fetch_input_start=490975665 fetch_input_end=490975666 fetch_input_duration_ms=1
[2026-02-02 19:48:53.458] [info] [spider.worker] [TIMING] task_id=05a1373d-bac5-493d-a165-8e0309aff386 func=job_orchestration.executor.compress.spider_compress.compress input_send_start=490975667 input_send_end=490975667 input_send_duration_ms=0 bytes=748
[2026-02-02 19:48:53.458] [info] [spider.worker] [TIMING] task_id=05a1373d-bac5-493d-a165-8e0309aff386 func=job_orchestration.executor.compress.spider_compress.compress spawn_start=490975666 spawn_end=490975667 spawn_duration_ms=0
[2026-02-02 19:51:22.195] [info] [spider.worker] [TIMING] task_id=05a1373d-bac5-493d-a165-8e0309aff386 func=job_orchestration.executor.compress.spider_compress.compress execution_start=490975667 execution_end=491124404 execution_duration_ms=148736
[2026-02-02 19:51:22.237] [info] [spider.worker] [TIMING] task_id=05a1373d-bac5-493d-a165-8e0309aff386 func=job_orchestration.executor.compress.spider_compress.compress submit_output_start=491124406 submit_output_end=491124445 submit_output_duration_ms=39
[2026-02-02 19:51:22.260] [info] [spider.worker] [TIMING] task_id=1e47549d-0041-4eea-bcfa-9aef0fe05ce5 func=job_orchestration.executor.compress.spider_compress.compress fetch_input_start=491124467 fetch_input_end=491124468 fetch_input_duration_ms=1
[2026-02-02 19:51:22.260] [info] [spider.worker] [TIMING] task_id=1e47549d-0041-4eea-bcfa-9aef0fe05ce5 func=job_orchestration.executor.compress.spider_compress.compress input_send_start=491124469 input_send_end=491124469 input_send_duration_ms=0 bytes=751
[2026-02-02 19:51:22.273] [info] [spider.worker] [TIMING] task_id=1e47549d-0041-4eea-bcfa-9aef0fe05ce5 func=job_orchestration.executor.compress.spider_compress.compress spawn_start=491124468 spawn_end=491124482 spawn_duration_ms=13
[2026-02-02 19:51:39.809] [info] [spider.worker] [TIMING] task_id=1e47549d-0041-4eea-bcfa-9aef0fe05ce5 func=job_orchestration.executor.compress.spider_compress.compress execution_start=491124482 execution_end=491142018 execution_duration_ms=17535
[2026-02-02 19:51:39.830] [info] [spider.worker] [TIMING] task_id=1e47549d-0041-4eea-bcfa-9aef0fe05ce5 func=job_orchestration.executor.compress.spider_compress.compress submit_output_start=491142020 submit_output_end=491142038 submit_output_duration_ms=18
[2026-02-02 19:51:39.841] [info] [spider.worker] [TIMING] task_id=23c9cf4b-7924-40c5-9c32-b302140b9e08 func=job_orchestration.executor.compress.spider_compress.compress fetch_input_start=491142048 fetch_input_end=491142049 fetch_input_duration_ms=1
[2026-02-02 19:51:39.841] [info] [spider.worker] [TIMING] task_id=23c9cf4b-7924-40c5-9c32-b302140b9e08 func=job_orchestration.executor.compress.spider_compress.compress input_send_start=491142050 input_send_end=491142050 input_send_duration_ms=0 bytes=755
[2026-02-02 19:51:39.841] [info] [spider.worker] [TIMING] task_id=23c9cf4b-7924-40c5-9c32-b302140b9e08 func=job_orchestration.executor.compress.spider_compress.compress spawn_start=491142049 spawn_end=491142050 spawn_duration_ms=0
[2026-02-02 19:53:04.173] [info] [spider.worker] [TIMING] task_id=23c9cf4b-7924-40c5-9c32-b302140b9e08 func=job_orchestration.executor.compress.spider_compress.compress execution_start=491142050 execution_end=491226381 execution_duration_ms=84331
[2026-02-02 19:53:04.189] [info] [spider.worker] [TIMING] task_id=23c9cf4b-7924-40c5-9c32-b302140b9e08 func=job_orchestration.executor.compress.spider_compress.compress submit_output_start=491226383 submit_output_end=491226397 submit_output_duration_ms=13
[2026-02-02 19:53:04.209] [info] [spider.worker] [TIMING] task_id=aff174fc-1609-4436-9fca-1865bd488e41 func=job_orchestration.executor.compress.spider_compress.compress fetch_input_start=491226416 fetch_input_end=491226417 fetch_input_duration_ms=1
[2026-02-02 19:53:04.209] [info] [spider.worker] [TIMING] task_id=aff174fc-1609-4436-9fca-1865bd488e41 func=job_orchestration.executor.compress.spider_compress.compress input_send_start=491226417 input_send_end=491226417 input_send_duration_ms=0 bytes=750
[2026-02-02 19:53:04.209] [info] [spider.worker] [TIMING] task_id=aff174fc-1609-4436-9fca-1865bd488e41 func=job_orchestration.executor.compress.spider_compress.compress spawn_start=491226417 spawn_end=491226417 spawn_duration_ms=0
[2026-02-02 19:53:59.648] [info] [spider.worker] [TIMING] task_id=aff174fc-1609-4436-9fca-1865bd488e41 func=job_orchestration.executor.compress.spider_compress.compress execution_start=491226417 execution_end=491281856 execution_duration_ms=55438
[2026-02-02 19:53:59.684] [info] [spider.worker] [TIMING] task_id=aff174fc-1609-4436-9fca-1865bd488e41 func=job_orchestration.executor.compress.spider_compress.compress submit_output_start=491281859 submit_output_end=491281892 submit_output_duration_ms=33
[2026-02-02 19:53:59.724] [info] [spider.worker] [TIMING] task_id=a899e7e5-ef21-4f50-8dc8-bf0f553cb086 func=job_orchestration.executor.compress.spider_compress.compress fetch_input_start=491281931 fetch_input_end=491281932 fetch_input_duration_ms=1
[2026-02-02 19:53:59.724] [info] [spider.worker] [TIMING] task_id=a899e7e5-ef21-4f50-8dc8-bf0f553cb086 func=job_orchestration.executor.compress.spider_compress.compress input_send_start=491281933 input_send_end=491281933 input_send_duration_ms=0 bytes=752
[2026-02-02 19:53:59.724] [info] [spider.worker] [TIMING] task_id=a899e7e5-ef21-4f50-8dc8-bf0f553cb086 func=job_orchestration.executor.compress.spider_compress.compress spawn_start=491281932 spawn_end=491281933 spawn_duration_ms=0
[2026-02-02 19:54:15.386] [info] [spider.worker] [TIMING] task_id=a899e7e5-ef21-4f50-8dc8-bf0f553cb086 func=job_orchestration.executor.compress.spider_compress.compress execution_start=491281933 execution_end=491297594 execution_duration_ms=15661
[2026-02-02 19:54:15.428] [info] [spider.worker] [TIMING] task_id=a899e7e5-ef21-4f50-8dc8-bf0f553cb086 func=job_orchestration.executor.compress.spider_compress.compress submit_output_start=491297596 submit_output_end=491297636 submit_output_duration_ms=40
[2026-02-02 19:54:15.452] [info] [spider.worker] [TIMING] task_id=65019428-4b5c-4d77-9ea1-e750d06115cd func=job_orchestration.executor.compress.spider_compress.compress fetch_input_start=491297659 fetch_input_end=491297660 fetch_input_duration_ms=1
[2026-02-02 19:54:15.453] [info] [spider.worker] [TIMING] task_id=65019428-4b5c-4d77-9ea1-e750d06115cd func=job_orchestration.executor.compress.spider_compress.compress input_send_start=491297661 input_send_end=491297661 input_send_duration_ms=0 bytes=754
[2026-02-02 19:54:15.453] [info] [spider.worker] [TIMING] task_id=65019428-4b5c-4d77-9ea1-e750d06115cd func=job_orchestration.executor.compress.spider_compress.compress spawn_start=491297661 spawn_end=491297661 spawn_duration_ms=0
[2026-02-02 19:55:40.601] [info] [spider.worker] [TIMING] task_id=65019428-4b5c-4d77-9ea1-e750d06115cd func=job_orchestration.executor.compress.spider_compress.compress execution_start=491297661 execution_end=491382809 execution_duration_ms=85147
[2026-02-02 19:55:40.607] [info] [spider.worker] [TIMING] task_id=65019428-4b5c-4d77-9ea1-e750d06115cd func=job_orchestration.executor.compress.spider_compress.compress submit_output_start=491382811 submit_output_end=491382816 submit_output_duration_ms=4
[2026-02-02 19:55:40.627] [info] [spider.worker] [TIMING] task_id=e1fee6d9-3d0c-47d7-bc8d-db627ff505d2 func=job_orchestration.executor.compress.spider_compress.compress fetch_input_start=491382834 fetch_input_end=491382835 fetch_input_duration_ms=0
[2026-02-02 19:55:40.628] [info] [spider.worker] [TIMING] task_id=e1fee6d9-3d0c-47d7-bc8d-db627ff505d2 func=job_orchestration.executor.compress.spider_compress.compress input_send_start=491382836 input_send_end=491382836 input_send_duration_ms=0 bytes=755
[2026-02-02 19:55:40.628] [info] [spider.worker] [TIMING] task_id=e1fee6d9-3d0c-47d7-bc8d-db627ff505d2 func=job_orchestration.executor.compress.spider_compress.compress spawn_start=491382835 spawn_end=491382836 spawn_duration_ms=0
[2026-02-02 19:56:19.959] [info] [spider.worker] [TIMING] task_id=e1fee6d9-3d0c-47d7-bc8d-db627ff505d2 func=job_orchestration.executor.compress.spider_compress.compress execution_start=491382836 execution_end=491422168 execution_duration_ms=39331
[2026-02-02 19:56:19.978] [info] [spider.worker] [TIMING] task_id=e1fee6d9-3d0c-47d7-bc8d-db627ff505d2 func=job_orchestration.executor.compress.spider_compress.compress submit_output_start=491422170 submit_output_end=491422187 submit_output_duration_ms=17
[2026-02-02 19:56:20.023] [info] [spider.worker] [TIMING] task_id=bbbd2a26-1b06-4845-832b-3690f53d2a1c func=job_orchestration.executor.compress.spider_compress.compress fetch_input_start=491422230 fetch_input_end=491422231 fetch_input_duration_ms=1
[2026-02-02 19:56:20.024] [info] [spider.worker] [TIMING] task_id=bbbd2a26-1b06-4845-832b-3690f53d2a1c func=job_orchestration.executor.compress.spider_compress.compress input_send_start=491422232 input_send_end=491422232 input_send_duration_ms=0 bytes=751
[2026-02-02 19:56:20.024] [info] [spider.worker] [TIMING] task_id=bbbd2a26-1b06-4845-832b-3690f53d2a1c func=job_orchestration.executor.compress.spider_compress.compress spawn_start=491422232 spawn_end=491422232 spawn_duration_ms=0
[2026-02-02 19:58:07.925] [info] [spider.worker] [TIMING] task_id=bbbd2a26-1b06-4845-832b-3690f53d2a1c func=job_orchestration.executor.compress.spider_compress.compress execution_start=491422232 execution_end=491530133 execution_duration_ms=107900
[2026-02-02 19:58:07.935] [info] [spider.worker] [TIMING] task_id=bbbd2a26-1b06-4845-832b-3690f53d2a1c func=job_orchestration.executor.compress.spider_compress.compress submit_output_start=491530135 submit_output_end=491530144 submit_output_duration_ms=8
[2026-02-02 19:58:07.955] [info] [spider.worker] [TIMING] task_id=0dfbe7c2-769d-4c46-b7d1-aae1ff698330 func=job_orchestration.executor.compress.spider_compress.compress fetch_input_start=491530162 fetch_input_end=491530164 fetch_input_duration_ms=1
[2026-02-02 19:58:07.956] [info] [spider.worker] [TIMING] task_id=0dfbe7c2-769d-4c46-b7d1-aae1ff698330 func=job_orchestration.executor.compress.spider_compress.compress input_send_start=491530164 input_send_end=491530164 input_send_duration_ms=0 bytes=751
[2026-02-02 19:58:07.956] [info] [spider.worker] [TIMING] task_id=0dfbe7c2-769d-4c46-b7d1-aae1ff698330 func=job_orchestration.executor.compress.spider_compress.compress spawn_start=491530164 spawn_end=491530164 spawn_duration_ms=0
[2026-02-02 19:58:55.791] [info] [spider.worker] [TIMING] task_id=0dfbe7c2-769d-4c46-b7d1-aae1ff698330 func=job_orchestration.executor.compress.spider_compress.compress execution_start=491530165 execution_end=491577999 execution_duration_ms=47834
[2026-02-02 19:58:55.830] [info] [spider.worker] [TIMING] task_id=0dfbe7c2-769d-4c46-b7d1-aae1ff698330 func=job_orchestration.executor.compress.spider_compress.compress submit_output_start=491578002 submit_output_end=491578038 submit_output_duration_ms=36
[2026-02-02 19:58:55.859] [info] [spider.worker] [TIMING] task_id=c429a584-1c28-497d-a7e2-1a49c64b33e4 func=job_orchestration.executor.compress.spider_compress.compress fetch_input_start=491578066 fetch_input_end=491578068 fetch_input_duration_ms=1
[2026-02-02 19:58:55.860] [info] [spider.worker] [TIMING] task_id=c429a584-1c28-497d-a7e2-1a49c64b33e4 func=job_orchestration.executor.compress.spider_compress.compress input_send_start=491578069 input_send_end=491578069 input_send_duration_ms=0 bytes=749
[2026-02-02 19:58:55.860] [info] [spider.worker] [TIMING] task_id=c429a584-1c28-497d-a7e2-1a49c64b33e4 func=job_orchestration.executor.compress.spider_compress.compress spawn_start=491578068 spawn_end=491578069 spawn_duration_ms=0
[2026-02-02 19:59:44.635] [info] [spider.worker] [TIMING] task_id=c429a584-1c28-497d-a7e2-1a49c64b33e4 func=job_orchestration.executor.compress.spider_compress.compress execution_start=491578069 execution_end=491626843 execution_duration_ms=48774
[2026-02-02 19:59:44.643] [info] [spider.worker] [TIMING] task_id=c429a584-1c28-497d-a7e2-1a49c64b33e4 func=job_orchestration.executor.compress.spider_compress.compress submit_output_start=491626845 submit_output_end=491626851 submit_output_duration_ms=5
[2026-02-02 19:59:44.653] [info] [spider.worker] [TIMING] task_id=d4b1d1c5-c557-424e-9c2e-d139a350bfe5 func=job_orchestration.executor.compress.spider_compress.compress fetch_input_start=491626861 fetch_input_end=491626862 fetch_input_duration_ms=0
[2026-02-02 19:59:44.654] [info] [spider.worker] [TIMING] task_id=d4b1d1c5-c557-424e-9c2e-d139a350bfe5 func=job_orchestration.executor.compress.spider_compress.compress input_send_start=491626862 input_send_end=491626862 input_send_duration_ms=0 bytes=752
[2026-02-02 19:59:44.654] [info] [spider.worker] [TIMING] task_id=d4b1d1c5-c557-424e-9c2e-d139a350bfe5 func=job_orchestration.executor.compress.spider_compress.compress spawn_start=491626862 spawn_end=491626862 spawn_duration_ms=0
[2026-02-02 20:02:30.570] [info] [spider.worker] [TIMING] task_id=d4b1d1c5-c557-424e-9c2e-d139a350bfe5 func=job_orchestration.executor.compress.spider_compress.compress execution_start=491626862 execution_end=491792779 execution_duration_ms=165916
[2026-02-02 20:02:30.604] [info] [spider.worker] [TIMING] task_id=d4b1d1c5-c557-424e-9c2e-d139a350bfe5 func=job_orchestration.executor.compress.spider_compress.compress submit_output_start=491792781 submit_output_end=491792813 submit_output_duration_ms=31
[2026-02-02 20:02:30.631] [info] [spider.worker] [TIMING] task_id=24472232-0471-4328-a6ed-dc1ef6b38e7e func=job_orchestration.executor.compress.spider_compress.compress fetch_input_start=491792838 fetch_input_end=491792839 fetch_input_duration_ms=1
[2026-02-02 20:02:30.632] [info] [spider.worker] [TIMING] task_id=24472232-0471-4328-a6ed-dc1ef6b38e7e func=job_orchestration.executor.compress.spider_compress.compress input_send_start=491792840 input_send_end=491792840 input_send_duration_ms=0 bytes=755
[2026-02-02 20:02:30.632] [info] [spider.worker] [TIMING] task_id=24472232-0471-4328-a6ed-dc1ef6b38e7e func=job_orchestration.executor.compress.spider_compress.compress spawn_start=491792840 spawn_end=491792840 spawn_duration_ms=0
[2026-02-02 20:06:08.016] [info] [spider.worker] [TIMING] task_id=24472232-0471-4328-a6ed-dc1ef6b38e7e func=job_orchestration.executor.compress.spider_compress.compress execution_start=491792840 execution_end=492010224 execution_duration_ms=217383
[2026-02-02 20:06:08.055] [info] [spider.worker] [TIMING] task_id=24472232-0471-4328-a6ed-dc1ef6b38e7e func=job_orchestration.executor.compress.spider_compress.compress submit_output_start=492010226 submit_output_end=492010263 submit_output_duration_ms=37
[2026-02-02 20:06:08.074] [info] [spider.worker] [TIMING] task_id=baae4d7f-f384-4fff-831c-e901a2dbae67 func=job_orchestration.executor.compress.spider_compress.compress fetch_input_start=492010281 fetch_input_end=492010282 fetch_input_duration_ms=0
[2026-02-02 20:06:08.074] [info] [spider.worker] [TIMING] task_id=baae4d7f-f384-4fff-831c-e901a2dbae67 func=job_orchestration.executor.compress.spider_compress.compress input_send_start=492010282 input_send_end=492010282 input_send_duration_ms=0 bytes=749
[2026-02-02 20:06:08.074] [info] [spider.worker] [TIMING] task_id=baae4d7f-f384-4fff-831c-e901a2dbae67 func=job_orchestration.executor.compress.spider_compress.compress spawn_start=492010282 spawn_end=492010282 spawn_duration_ms=0
[2026-02-02 20:09:26.112] [info] [spider.worker] [TIMING] task_id=baae4d7f-f384-4fff-831c-e901a2dbae67 func=job_orchestration.executor.compress.spider_compress.compress execution_start=492010282 execution_end=492208320 execution_duration_ms=198037
[2026-02-02 20:09:26.120] [info] [spider.worker] [TIMING] task_id=baae4d7f-f384-4fff-831c-e901a2dbae67 func=job_orchestration.executor.compress.spider_compress.compress submit_output_start=492208323 submit_output_end=492208328 submit_output_duration_ms=5
[2026-02-02 20:09:26.149] [info] [spider.worker] [TIMING] task_id=3873dcfb-2872-4c75-b549-fbe52acd16e9 func=job_orchestration.executor.compress.spider_compress.compress fetch_input_start=492208356 fetch_input_end=492208357 fetch_input_duration_ms=1
[2026-02-02 20:09:26.149] [info] [spider.worker] [TIMING] task_id=3873dcfb-2872-4c75-b549-fbe52acd16e9 func=job_orchestration.executor.compress.spider_compress.compress input_send_start=492208358 input_send_end=492208358 input_send_duration_ms=0 bytes=751
[2026-02-02 20:09:26.149] [info] [spider.worker] [TIMING] task_id=3873dcfb-2872-4c75-b549-fbe52acd16e9 func=job_orchestration.executor.compress.spider_compress.compress spawn_start=492208357 spawn_end=492208358 spawn_duration_ms=0
[2026-02-02 20:12:32.818] [info] [spider.worker] [TIMING] task_id=3873dcfb-2872-4c75-b549-fbe52acd16e9 func=job_orchestration.executor.compress.spider_compress.compress execution_start=492208358 execution_end=492395026 execution_duration_ms=186668
[2026-02-02 20:12:32.828] [info] [spider.worker] [TIMING] task_id=3873dcfb-2872-4c75-b549-fbe52acd16e9 func=job_orchestration.executor.compress.spider_compress.compress submit_output_start=492395028 submit_output_end=492395036 submit_output_duration_ms=7
[2026-02-02 20:12:32.848] [info] [spider.worker] [TIMING] task_id=3a776b7e-ec8f-44a4-83b5-e10e66db244b func=job_orchestration.executor.compress.spider_compress.compress fetch_input_start=492395055 fetch_input_end=492395056 fetch_input_duration_ms=1
[2026-02-02 20:12:32.848] [info] [spider.worker] [TIMING] task_id=3a776b7e-ec8f-44a4-83b5-e10e66db244b func=job_orchestration.executor.compress.spider_compress.compress input_send_start=492395057 input_send_end=492395057 input_send_duration_ms=0 bytes=750
[2026-02-02 20:12:32.848] [info] [spider.worker] [TIMING] task_id=3a776b7e-ec8f-44a4-83b5-e10e66db244b func=job_orchestration.executor.compress.spider_compress.compress spawn_start=492395056 spawn_end=492395057 spawn_duration_ms=0
[2026-02-02 20:12:56.305] [info] [spider.worker] [TIMING] task_id=3a776b7e-ec8f-44a4-83b5-e10e66db244b func=job_orchestration.executor.compress.spider_compress.compress execution_start=492395057 execution_end=492418513 execution_duration_ms=23456
[2026-02-02 20:12:56.317] [info] [spider.worker] [TIMING] task_id=3a776b7e-ec8f-44a4-83b5-e10e66db244b func=job_orchestration.executor.compress.spider_compress.compress submit_output_start=492418515 submit_output_end=492418526 submit_output_duration_ms=10
[2026-02-02 20:12:56.336] [info] [spider.worker] [TIMING] task_id=cb79634f-907e-47ea-b09e-3d90a1f1a14b func=job_orchestration.executor.compress.spider_compress.compress fetch_input_start=492418544 fetch_input_end=492418545 fetch_input_duration_ms=0
[2026-02-02 20:12:56.337] [info] [spider.worker] [TIMING] task_id=cb79634f-907e-47ea-b09e-3d90a1f1a14b func=job_orchestration.executor.compress.spider_compress.compress input_send_start=492418545 input_send_end=492418545 input_send_duration_ms=0 bytes=752
[2026-02-02 20:12:56.337] [info] [spider.worker] [TIMING] task_id=cb79634f-907e-47ea-b09e-3d90a1f1a14b func=job_orchestration.executor.compress.spider_compress.compress spawn_start=492418545 spawn_end=492418545 spawn_duration_ms=0
[2026-02-02 20:15:31.649] [info] [spider.worker] [TIMING] task_id=cb79634f-907e-47ea-b09e-3d90a1f1a14b func=job_orchestration.executor.compress.spider_compress.compress execution_start=492418545 execution_end=492573858 execution_duration_ms=155312
[2026-02-02 20:15:31.662] [info] [spider.worker] [TIMING] task_id=cb79634f-907e-47ea-b09e-3d90a1f1a14b func=job_orchestration.executor.compress.spider_compress.compress submit_output_start=492573860 submit_output_end=492573870 submit_output_duration_ms=10
[2026-02-02 20:15:31.692] [info] [spider.worker] [TIMING] task_id=06a6fa87-08cc-4396-839f-9b0b0f1dba49 func=job_orchestration.executor.compress.spider_compress.compress fetch_input_start=492573900 fetch_input_end=492573900 fetch_input_duration_ms=0
[2026-02-02 20:15:31.693] [info] [spider.worker] [TIMING] task_id=06a6fa87-08cc-4396-839f-9b0b0f1dba49 func=job_orchestration.executor.compress.spider_compress.compress input_send_start=492573901 input_send_end=492573901 input_send_duration_ms=0 bytes=751
[2026-02-02 20:15:31.693] [info] [spider.worker] [TIMING] task_id=06a6fa87-08cc-4396-839f-9b0b0f1dba49 func=job_orchestration.executor.compress.spider_compress.compress spawn_start=492573900 spawn_end=492573901 spawn_duration_ms=0
[2026-02-02 20:17:16.470] [info] [spider.worker] [TIMING] task_id=06a6fa87-08cc-4396-839f-9b0b0f1dba49 func=job_orchestration.executor.compress.spider_compress.compress execution_start=492573901 execution_end=492678678 execution_duration_ms=104777
[2026-02-02 20:17:16.686] [info] [spider.worker] [TIMING] task_id=06a6fa87-08cc-4396-839f-9b0b0f1dba49 func=job_orchestration.executor.compress.spider_compress.compress submit_output_start=492678681 submit_output_end=492678894 submit_output_duration_ms=213
[2026-02-02 20:17:16.714] [info] [spider.worker] [TIMING] task_id=872ac91b-c605-490b-a062-55a9b888d209 func=job_orchestration.executor.compress.spider_compress.compress fetch_input_start=492678921 fetch_input_end=492678922 fetch_input_duration_ms=1
[2026-02-02 20:17:16.715] [info] [spider.worker] [TIMING] task_id=872ac91b-c605-490b-a062-55a9b888d209 func=job_orchestration.executor.compress.spider_compress.compress input_send_start=492678923 input_send_end=492678923 input_send_duration_ms=0 bytes=751
[2026-02-02 20:17:16.715] [info] [spider.worker] [TIMING] task_id=872ac91b-c605-490b-a062-55a9b888d209 func=job_orchestration.executor.compress.spider_compress.compress spawn_start=492678922 spawn_end=492678923 spawn_duration_ms=0
[2026-02-02 20:18:49.868] [info] [spider.worker] [TIMING] task_id=872ac91b-c605-490b-a062-55a9b888d209 func=job_orchestration.executor.compress.spider_compress.compress execution_start=492678923 execution_end=492772076 execution_duration_ms=93152
[2026-02-02 20:18:49.885] [info] [spider.worker] [TIMING] task_id=872ac91b-c605-490b-a062-55a9b888d209 func=job_orchestration.executor.compress.spider_compress.compress submit_output_start=492772078 submit_output_end=492772094 submit_output_duration_ms=16
[2026-02-02 20:18:49.905] [info] [spider.worker] [TIMING] task_id=e707bf77-68b3-444f-b574-558a9350e5d9 func=job_orchestration.executor.compress.spider_compress.compress fetch_input_start=492772112 fetch_input_end=492772113 fetch_input_duration_ms=1
[2026-02-02 20:18:49.905] [info] [spider.worker] [TIMING] task_id=e707bf77-68b3-444f-b574-558a9350e5d9 func=job_orchestration.executor.compress.spider_compress.compress input_send_start=492772114 input_send_end=492772114 input_send_duration_ms=0 bytes=755
[2026-02-02 20:18:49.905] [info] [spider.worker] [TIMING] task_id=e707bf77-68b3-444f-b574-558a9350e5d9 func=job_orchestration.executor.compress.spider_compress.compress spawn_start=492772113 spawn_end=492772114 spawn_duration_ms=0
[2026-02-02 20:19:47.637] [info] [spider.worker] [TIMING] task_id=e707bf77-68b3-444f-b574-558a9350e5d9 func=job_orchestration.executor.compress.spider_compress.compress execution_start=492772114 execution_end=492829846 execution_duration_ms=57731
[2026-02-02 20:19:47.980] [info] [spider.worker] [TIMING] task_id=e707bf77-68b3-444f-b574-558a9350e5d9 func=job_orchestration.executor.compress.spider_compress.compress submit_output_start=492829875 submit_output_end=492830189 submit_output_duration_ms=313
[2026-02-02 20:19:48.017] [info] [spider.worker] [TIMING] task_id=b2146ae2-db42-40e8-bd98-d70a8bb5ca7a func=job_orchestration.executor.compress.spider_compress.compress fetch_input_start=492830224 fetch_input_end=492830225 fetch_input_duration_ms=1
[2026-02-02 20:19:48.018] [info] [spider.worker] [TIMING] task_id=b2146ae2-db42-40e8-bd98-d70a8bb5ca7a func=job_orchestration.executor.compress.spider_compress.compress input_send_start=492830226 input_send_end=492830226 input_send_duration_ms=0 bytes=754
[2026-02-02 20:19:48.018] [info] [spider.worker] [TIMING] task_id=b2146ae2-db42-40e8-bd98-d70a8bb5ca7a func=job_orchestration.executor.compress.spider_compress.compress spawn_start=492830225 spawn_end=492830226 spawn_duration_ms=0
[2026-02-02 20:20:10.120] [info] [spider.worker] [TIMING] task_id=b2146ae2-db42-40e8-bd98-d70a8bb5ca7a func=job_orchestration.executor.compress.spider_compress.compress execution_start=492830226 execution_end=492852328 execution_duration_ms=22101
[2026-02-02 20:20:10.129] [info] [spider.worker] [TIMING] task_id=b2146ae2-db42-40e8-bd98-d70a8bb5ca7a func=job_orchestration.executor.compress.spider_compress.compress submit_output_start=492852330 submit_output_end=492852337 submit_output_duration_ms=7
[2026-02-02 20:20:10.149] [info] [spider.worker] [TIMING] task_id=20387b5a-a28d-4bbb-be8d-ecc19f7ff702 func=job_orchestration.executor.compress.spider_compress.compress fetch_input_start=492852356 fetch_input_end=492852357 fetch_input_duration_ms=1
[2026-02-02 20:20:10.149] [info] [spider.worker] [TIMING] task_id=20387b5a-a28d-4bbb-be8d-ecc19f7ff702 func=job_orchestration.executor.compress.spider_compress.compress input_send_start=492852358 input_send_end=492852358 input_send_duration_ms=0 bytes=751
[2026-02-02 20:20:10.149] [info] [spider.worker] [TIMING] task_id=20387b5a-a28d-4bbb-be8d-ecc19f7ff702 func=job_orchestration.executor.compress.spider_compress.compress spawn_start=492852357 spawn_end=492852358 spawn_duration_ms=0
[2026-02-02 20:20:52.750] [info] [spider.worker] [TIMING] task_id=20387b5a-a28d-4bbb-be8d-ecc19f7ff702 func=job_orchestration.executor.compress.spider_compress.compress execution_start=492852358 execution_end=492894958 execution_duration_ms=42600
[2026-02-02 20:20:52.758] [info] [spider.worker] [TIMING] task_id=20387b5a-a28d-4bbb-be8d-ecc19f7ff702 func=job_orchestration.executor.compress.spider_compress.compress submit_output_start=492894960 submit_output_end=492894966 submit_output_duration_ms=5
[2026-02-02 20:20:52.778] [info] [spider.worker] [TIMING] task_id=e6d8e0a3-aca7-47ab-8b86-07a670850e9d func=job_orchestration.executor.compress.spider_compress.compress fetch_input_start=492894985 fetch_input_end=492894987 fetch_input_duration_ms=1
[2026-02-02 20:20:52.779] [info] [spider.worker] [TIMING] task_id=e6d8e0a3-aca7-47ab-8b86-07a670850e9d func=job_orchestration.executor.compress.spider_compress.compress input_send_start=492894988 input_send_end=492894988 input_send_duration_ms=0 bytes=748
[2026-02-02 20:20:52.779] [info] [spider.worker] [TIMING] task_id=e6d8e0a3-aca7-47ab-8b86-07a670850e9d func=job_orchestration.executor.compress.spider_compress.compress spawn_start=492894987 spawn_end=492894988 spawn_duration_ms=0
[2026-02-02 20:21:28.599] [info] [spider.worker] [TIMING] task_id=e6d8e0a3-aca7-47ab-8b86-07a670850e9d func=job_orchestration.executor.compress.spider_compress.compress execution_start=492894988 execution_end=492930807 execution_duration_ms=35819
[2026-02-02 20:21:28.722] [info] [spider.worker] [TIMING] task_id=e6d8e0a3-aca7-47ab-8b86-07a670850e9d func=job_orchestration.executor.compress.spider_compress.compress submit_output_start=492930809 submit_output_end=492930930 submit_output_duration_ms=121
[2026-02-02 20:21:28.944] [info] [spider.worker] [TIMING] task_id=afe54a0b-1c80-4a2b-914e-139932ea2269 func=job_orchestration.executor.compress.spider_compress.compress fetch_input_start=492931150 fetch_input_end=492931152 fetch_input_duration_ms=1
[2026-02-02 20:21:28.944] [info] [spider.worker] [TIMING] task_id=afe54a0b-1c80-4a2b-914e-139932ea2269 func=job_orchestration.executor.compress.spider_compress.compress input_send_start=492931153 input_send_end=492931153 input_send_duration_ms=0 bytes=755
[2026-02-02 20:21:28.944] [info] [spider.worker] [TIMING] task_id=afe54a0b-1c80-4a2b-914e-139932ea2269 func=job_orchestration.executor.compress.spider_compress.compress spawn_start=492931152 spawn_end=492931153 spawn_duration_ms=0
[2026-02-02 20:23:56.895] [info] [spider.worker] [TIMING] task_id=afe54a0b-1c80-4a2b-914e-139932ea2269 func=job_orchestration.executor.compress.spider_compress.compress execution_start=492931153 execution_end=493079104 execution_duration_ms=147950
[2026-02-02 20:23:57.055] [info] [spider.worker] [TIMING] task_id=afe54a0b-1c80-4a2b-914e-139932ea2269 func=job_orchestration.executor.compress.spider_compress.compress submit_output_start=493079105 submit_output_end=493079263 submit_output_duration_ms=157
[2026-02-02 20:23:57.768] [info] [spider.worker] [TIMING] task_id=c3e74797-f3e4-4ba0-911b-8dd0b3b9e776 func=job_orchestration.executor.compress.spider_compress.compress fetch_input_start=493079975 fetch_input_end=493079976 fetch_input_duration_ms=1
[2026-02-02 20:23:57.769] [info] [spider.worker] [TIMING] task_id=c3e74797-f3e4-4ba0-911b-8dd0b3b9e776 func=job_orchestration.executor.compress.spider_compress.compress input_send_start=493079977 input_send_end=493079977 input_send_duration_ms=0 bytes=751
[2026-02-02 20:23:57.769] [info] [spider.worker] [TIMING] task_id=c3e74797-f3e4-4ba0-911b-8dd0b3b9e776 func=job_orchestration.executor.compress.spider_compress.compress spawn_start=493079976 spawn_end=493079977 spawn_duration_ms=0
[2026-02-02 20:27:26.850] [info] [spider.worker] [TIMING] task_id=c3e74797-f3e4-4ba0-911b-8dd0b3b9e776 func=job_orchestration.executor.compress.spider_compress.compress execution_start=493079977 execution_end=493289059 execution_duration_ms=209081
[2026-02-02 20:27:26.865] [info] [spider.worker] [TIMING] task_id=c3e74797-f3e4-4ba0-911b-8dd0b3b9e776 func=job_orchestration.executor.compress.spider_compress.compress submit_output_start=493289061 submit_output_end=493289073 submit_output_duration_ms=11
[2026-02-02 20:27:26.884] [info] [spider.worker] [TIMING] task_id=bfa2330b-0d69-475d-8543-2e4a9d5ed36c func=job_orchestration.executor.compress.spider_compress.compress fetch_input_start=493289091 fetch_input_end=493289092 fetch_input_duration_ms=0
[2026-02-02 20:27:26.885] [info] [spider.worker] [TIMING] task_id=bfa2330b-0d69-475d-8543-2e4a9d5ed36c func=job_orchestration.executor.compress.spider_compress.compress input_send_start=493289093 input_send_end=493289093 input_send_duration_ms=0 bytes=754
[2026-02-02 20:27:26.885] [info] [spider.worker] [TIMING] task_id=bfa2330b-0d69-475d-8543-2e4a9d5ed36c func=job_orchestration.executor.compress.spider_compress.compress spawn_start=493289092 spawn_end=493289093 spawn_duration_ms=0
[2026-02-02 20:31:40.248] [info] [spider.worker] [TIMING] task_id=bfa2330b-0d69-475d-8543-2e4a9d5ed36c func=job_orchestration.executor.compress.spider_compress.compress execution_start=493289094 execution_end=493542457 execution_duration_ms=253362
[2026-02-02 20:31:40.289] [info] [spider.worker] [TIMING] task_id=bfa2330b-0d69-475d-8543-2e4a9d5ed36c func=job_orchestration.executor.compress.spider_compress.compress submit_output_start=493542459 submit_output_end=493542497 submit_output_duration_ms=38
[2026-02-02 20:31:40.311] [info] [spider.worker] [TIMING] task_id=9f9f8f95-6262-4fbe-997f-73cf045fd23d func=job_orchestration.executor.compress.spider_compress.compress fetch_input_start=493542518 fetch_input_end=493542519 fetch_input_duration_ms=1
[2026-02-02 20:31:40.311] [info] [spider.worker] [TIMING] task_id=9f9f8f95-6262-4fbe-997f-73cf045fd23d func=job_orchestration.executor.compress.spider_compress.compress input_send_start=493542520 input_send_end=493542520 input_send_duration_ms=0 bytes=850
[2026-02-02 20:31:40.311] [info] [spider.worker] [TIMING] task_id=9f9f8f95-6262-4fbe-997f-73cf045fd23d func=job_orchestration.executor.compress.spider_compress.compress spawn_start=493542519 spawn_end=493542520 spawn_duration_ms=0
[2026-02-02 20:34:40.526] [info] [spider.worker] [TIMING] task_id=9f9f8f95-6262-4fbe-997f-73cf045fd23d func=job_orchestration.executor.compress.spider_compress.compress execution_start=493542520 execution_end=493722734 execution_duration_ms=180214
[2026-02-02 20:34:40.561] [info] [spider.worker] [TIMING] task_id=9f9f8f95-6262-4fbe-997f-73cf045fd23d func=job_orchestration.executor.compress.spider_compress.compress submit_output_start=493722737 submit_output_end=493722769 submit_output_duration_ms=32
[2026-02-02 20:34:40.626] [info] [spider.worker] [TIMING] task_id=52f93b57-aa8e-4966-8ec8-9d076720a9eb func=job_orchestration.executor.compress.spider_compress.compress fetch_input_start=493722833 fetch_input_end=493722834 fetch_input_duration_ms=1
[2026-02-02 20:34:40.627] [info] [spider.worker] [TIMING] task_id=52f93b57-aa8e-4966-8ec8-9d076720a9eb func=job_orchestration.executor.compress.spider_compress.compress input_send_start=493722835 input_send_end=493722835 input_send_duration_ms=0 bytes=754
[2026-02-02 20:34:40.627] [info] [spider.worker] [TIMING] task_id=52f93b57-aa8e-4966-8ec8-9d076720a9eb func=job_orchestration.executor.compress.spider_compress.compress spawn_start=493722834 spawn_end=493722835 spawn_duration_ms=0
[2026-02-02 20:38:27.353] [info] [spider.worker] [TIMING] task_id=52f93b57-aa8e-4966-8ec8-9d076720a9eb func=job_orchestration.executor.compress.spider_compress.compress execution_start=493722836 execution_end=493949561 execution_duration_ms=226725
[2026-02-02 20:38:27.368] [info] [spider.worker] [TIMING] task_id=52f93b57-aa8e-4966-8ec8-9d076720a9eb func=job_orchestration.executor.compress.spider_compress.compress submit_output_start=493949563 submit_output_end=493949576 submit_output_duration_ms=12
[2026-02-02 20:38:27.387] [info] [spider.worker] [TIMING] task_id=17ed3c08-4685-45d1-8218-7485bb56696f func=job_orchestration.executor.compress.spider_compress.compress fetch_input_start=493949594 fetch_input_end=493949596 fetch_input_duration_ms=1
[2026-02-02 20:38:27.388] [info] [spider.worker] [TIMING] task_id=17ed3c08-4685-45d1-8218-7485bb56696f func=job_orchestration.executor.compress.spider_compress.compress input_send_start=493949596 input_send_end=493949596 input_send_duration_ms=0 bytes=751
[2026-02-02 20:38:27.388] [info] [spider.worker] [TIMING] task_id=17ed3c08-4685-45d1-8218-7485bb56696f func=job_orchestration.executor.compress.spider_compress.compress spawn_start=493949596 spawn_end=493949596 spawn_duration_ms=0
[2026-02-02 20:39:38.443] [info] [spider.worker] [TIMING] task_id=17ed3c08-4685-45d1-8218-7485bb56696f func=job_orchestration.executor.compress.spider_compress.compress execution_start=493949597 execution_end=494020651 execution_duration_ms=71054
[2026-02-02 20:39:38.460] [info] [spider.worker] [TIMING] task_id=17ed3c08-4685-45d1-8218-7485bb56696f func=job_orchestration.executor.compress.spider_compress.compress submit_output_start=494020654 submit_output_end=494020669 submit_output_duration_ms=15
[2026-02-02 20:39:38.480] [info] [spider.worker] [TIMING] task_id=53d3d679-5e12-4eec-a1c5-aa52bc8a831f func=job_orchestration.executor.compress.spider_compress.compress fetch_input_start=494020687 fetch_input_end=494020688 fetch_input_duration_ms=1
[2026-02-02 20:39:38.480] [info] [spider.worker] [TIMING] task_id=53d3d679-5e12-4eec-a1c5-aa52bc8a831f func=job_orchestration.executor.compress.spider_compress.compress input_send_start=494020689 input_send_end=494020689 input_send_duration_ms=0 bytes=747
[2026-02-02 20:39:38.480] [info] [spider.worker] [TIMING] task_id=53d3d679-5e12-4eec-a1c5-aa52bc8a831f func=job_orchestration.executor.compress.spider_compress.compress spawn_start=494020688 spawn_end=494020689 spawn_duration_ms=0
[2026-02-02 20:40:56.490] [info] [spider.worker] [TIMING] task_id=53d3d679-5e12-4eec-a1c5-aa52bc8a831f func=job_orchestration.executor.compress.spider_compress.compress execution_start=494020689 execution_end=494098698 execution_duration_ms=78009
[2026-02-02 20:40:56.503] [info] [spider.worker] [TIMING] task_id=53d3d679-5e12-4eec-a1c5-aa52bc8a831f func=job_orchestration.executor.compress.spider_compress.compress submit_output_start=494098701 submit_output_end=494098712 submit_output_duration_ms=10
[2026-02-02 20:40:56.541] [info] [spider.worker] [TIMING] task_id=2e998e46-5d4e-49d7-a112-53bc72c576e8 func=job_orchestration.executor.compress.spider_compress.compress fetch_input_start=494098748 fetch_input_end=494098749 fetch_input_duration_ms=0
[2026-02-02 20:40:56.541] [info] [spider.worker] [TIMING] task_id=2e998e46-5d4e-49d7-a112-53bc72c576e8 func=job_orchestration.executor.compress.spider_compress.compress input_send_start=494098749 input_send_end=494098749 input_send_duration_ms=0 bytes=751
[2026-02-02 20:40:56.541] [info] [spider.worker] [TIMING] task_id=2e998e46-5d4e-49d7-a112-53bc72c576e8 func=job_orchestration.executor.compress.spider_compress.compress spawn_start=494098749 spawn_end=494098749 spawn_duration_ms=0
[2026-02-02 20:46:06.142] [info] [spider.worker] [TIMING] task_id=2e998e46-5d4e-49d7-a112-53bc72c576e8 func=job_orchestration.executor.compress.spider_compress.compress execution_start=494098750 execution_end=494408350 execution_duration_ms=309600
[2026-02-02 20:46:06.157] [info] [spider.worker] [TIMING] task_id=2e998e46-5d4e-49d7-a112-53bc72c576e8 func=job_orchestration.executor.compress.spider_compress.compress submit_output_start=494408352 submit_output_end=494408365 submit_output_duration_ms=13
[2026-02-02 20:46:06.194] [info] [spider.worker] [TIMING] task_id=903ac48e-555c-4243-8e43-bb61923ab4e3 func=job_orchestration.executor.compress.spider_compress.compress fetch_input_start=494408401 fetch_input_end=494408402 fetch_input_duration_ms=1
[2026-02-02 20:46:06.194] [info] [spider.worker] [TIMING] task_id=903ac48e-555c-4243-8e43-bb61923ab4e3 func=job_orchestration.executor.compress.spider_compress.compress input_send_start=494408403 input_send_end=494408403 input_send_duration_ms=0 bytes=755
[2026-02-02 20:46:06.194] [info] [spider.worker] [TIMING] task_id=903ac48e-555c-4243-8e43-bb61923ab4e3 func=job_orchestration.executor.compress.spider_compress.compress spawn_start=494408402 spawn_end=494408403 spawn_duration_ms=0
[2026-02-02 20:47:18.743] [info] [spider.worker] [TIMING] task_id=903ac48e-555c-4243-8e43-bb61923ab4e3 func=job_orchestration.executor.compress.spider_compress.compress execution_start=494408403 execution_end=494480952 execution_duration_ms=72548
[2026-02-02 20:47:18.802] [info] [spider.worker] [TIMING] task_id=903ac48e-555c-4243-8e43-bb61923ab4e3 func=job_orchestration.executor.compress.spider_compress.compress submit_output_start=494480968 submit_output_end=494481011 submit_output_duration_ms=42
[2026-02-02 20:47:18.853] [info] [spider.worker] [TIMING] task_id=4f9e2251-26a5-4ba9-9776-d088aa318048 func=job_orchestration.executor.compress.spider_compress.compress fetch_input_start=494481060 fetch_input_end=494481061 fetch_input_duration_ms=1
[2026-02-02 20:47:18.853] [info] [spider.worker] [TIMING] task_id=4f9e2251-26a5-4ba9-9776-d088aa318048 func=job_orchestration.executor.compress.spider_compress.compress input_send_start=494481061 input_send_end=494481061 input_send_duration_ms=0 bytes=750
[2026-02-02 20:47:18.853] [info] [spider.worker] [TIMING] task_id=4f9e2251-26a5-4ba9-9776-d088aa318048 func=job_orchestration.executor.compress.spider_compress.compress spawn_start=494481061 spawn_end=494481061 spawn_duration_ms=0
[2026-02-02 20:47:50.486] [info] [spider.worker] [TIMING] task_id=4f9e2251-26a5-4ba9-9776-d088aa318048 func=job_orchestration.executor.compress.spider_compress.compress execution_start=494481062 execution_end=494512694 execution_duration_ms=31632
[2026-02-02 20:47:50.505] [info] [spider.worker] [TIMING] task_id=4f9e2251-26a5-4ba9-9776-d088aa318048 func=job_orchestration.executor.compress.spider_compress.compress submit_output_start=494512696 submit_output_end=494512713 submit_output_duration_ms=17
[2026-02-02 20:47:50.524] [info] [spider.worker] [TIMING] task_id=3dbe1fcd-1237-4f2e-b5d0-5cf13eac897c func=job_orchestration.executor.compress.spider_compress.compress fetch_input_start=494512732 fetch_input_end=494512733 fetch_input_duration_ms=0
[2026-02-02 20:47:50.525] [info] [spider.worker] [TIMING] task_id=3dbe1fcd-1237-4f2e-b5d0-5cf13eac897c func=job_orchestration.executor.compress.spider_compress.compress input_send_start=494512733 input_send_end=494512733 input_send_duration_ms=0 bytes=750
[2026-02-02 20:47:50.525] [info] [spider.worker] [TIMING] task_id=3dbe1fcd-1237-4f2e-b5d0-5cf13eac897c func=job_orchestration.executor.compress.spider_compress.compress spawn_start=494512733 spawn_end=494512733 spawn_duration_ms=0
[2026-02-02 20:49:06.156] [info] [spider.worker] [TIMING] task_id=3dbe1fcd-1237-4f2e-b5d0-5cf13eac897c func=job_orchestration.executor.compress.spider_compress.compress execution_start=494512734 execution_end=494588364 execution_duration_ms=75630
[2026-02-02 20:49:06.181] [info] [spider.worker] [TIMING] task_id=3dbe1fcd-1237-4f2e-b5d0-5cf13eac897c func=job_orchestration.executor.compress.spider_compress.compress submit_output_start=494588366 submit_output_end=494588389 submit_output_duration_ms=22
[2026-02-02 20:49:06.192] [info] [spider.worker] [TIMING] task_id=c59dbdad-ef86-4bf1-89c7-f78c671a6fc2 func=job_orchestration.executor.compress.spider_compress.compress fetch_input_start=494588399 fetch_input_end=494588400 fetch_input_duration_ms=1
[2026-02-02 20:49:06.193] [info] [spider.worker] [TIMING] task_id=c59dbdad-ef86-4bf1-89c7-f78c671a6fc2 func=job_orchestration.executor.compress.spider_compress.compress input_send_start=494588401 input_send_end=494588401 input_send_duration_ms=0 bytes=851
[2026-02-02 20:49:06.193] [info] [spider.worker] [TIMING] task_id=c59dbdad-ef86-4bf1-89c7-f78c671a6fc2 func=job_orchestration.executor.compress.spider_compress.compress spawn_start=494588401 spawn_end=494588401 spawn_duration_ms=0
[2026-02-02 20:50:22.762] [info] [spider.worker] [TIMING] task_id=c59dbdad-ef86-4bf1-89c7-f78c671a6fc2 func=job_orchestration.executor.compress.spider_compress.compress execution_start=494588401 execution_end=494664970 execution_duration_ms=76568
[2026-02-02 20:50:22.773] [info] [spider.worker] [TIMING] task_id=c59dbdad-ef86-4bf1-89c7-f78c671a6fc2 func=job_orchestration.executor.compress.spider_compress.compress submit_output_start=494664972 submit_output_end=494664981 submit_output_duration_ms=8
[2026-02-02 20:50:22.792] [info] [spider.worker] [TIMING] task_id=ad61c8d2-ef28-4f15-9b29-25cf3181c766 func=job_orchestration.executor.compress.spider_compress.compress fetch_input_start=494665000 fetch_input_end=494665001 fetch_input_duration_ms=1
[2026-02-02 20:50:22.793] [info] [spider.worker] [TIMING] task_id=ad61c8d2-ef28-4f15-9b29-25cf3181c766 func=job_orchestration.executor.compress.spider_compress.compress input_send_start=494665001 input_send_end=494665001 input_send_duration_ms=0 bytes=748
[2026-02-02 20:50:22.793] [info] [spider.worker] [TIMING] task_id=ad61c8d2-ef28-4f15-9b29-25cf3181c766 func=job_orchestration.executor.compress.spider_compress.compress spawn_start=494665001 spawn_end=494665001 spawn_duration_ms=0
[2026-02-02 20:50:32.691] [info] [spider.worker] [TIMING] task_id=ad61c8d2-ef28-4f15-9b29-25cf3181c766 func=job_orchestration.executor.compress.spider_compress.compress execution_start=494665002 execution_end=494674899 execution_duration_ms=9897
[2026-02-02 20:50:32.723] [info] [spider.worker] [TIMING] task_id=ad61c8d2-ef28-4f15-9b29-25cf3181c766 func=job_orchestration.executor.compress.spider_compress.compress submit_output_start=494674901 submit_output_end=494674931 submit_output_duration_ms=29
[2026-02-02 20:50:32.741] [info] [spider.worker] [TIMING] task_id=62ac860e-53c1-48a5-a8a3-77fd53b4fbf8 func=job_orchestration.executor.compress.spider_compress.compress fetch_input_start=494674949 fetch_input_end=494674950 fetch_input_duration_ms=1
[2026-02-02 20:50:32.742] [info] [spider.worker] [TIMING] task_id=62ac860e-53c1-48a5-a8a3-77fd53b4fbf8 func=job_orchestration.executor.compress.spider_compress.compress input_send_start=494674950 input_send_end=494674950 input_send_duration_ms=0 bytes=751
[2026-02-02 20:50:32.742] [info] [spider.worker] [TIMING] task_id=62ac860e-53c1-48a5-a8a3-77fd53b4fbf8 func=job_orchestration.executor.compress.spider_compress.compress spawn_start=494674950 spawn_end=494674950 spawn_duration_ms=0
[2026-02-02 20:53:56.109] [info] [spider.worker] [TIMING] task_id=62ac860e-53c1-48a5-a8a3-77fd53b4fbf8 func=job_orchestration.executor.compress.spider_compress.compress execution_start=494674950 execution_end=494878317 execution_duration_ms=203367
[2026-02-02 20:53:56.136] [info] [spider.worker] [TIMING] task_id=62ac860e-53c1-48a5-a8a3-77fd53b4fbf8 func=job_orchestration.executor.compress.spider_compress.compress submit_output_start=494878324 submit_output_end=494878344 submit_output_duration_ms=20
[2026-02-02 20:53:56.155] [info] [spider.worker] [TIMING] task_id=78b64807-ea3f-4187-8250-299ed1f90e1a func=job_orchestration.executor.compress.spider_compress.compress fetch_input_start=494878362 fetch_input_end=494878363 fetch_input_duration_ms=1
[2026-02-02 20:53:56.156] [info] [spider.worker] [TIMING] task_id=78b64807-ea3f-4187-8250-299ed1f90e1a func=job_orchestration.executor.compress.spider_compress.compress input_send_start=494878364 input_send_end=494878364 input_send_duration_ms=0 bytes=754
[2026-02-02 20:53:56.156] [info] [spider.worker] [TIMING] task_id=78b64807-ea3f-4187-8250-299ed1f90e1a func=job_orchestration.executor.compress.spider_compress.compress spawn_start=494878364 spawn_end=494878364 spawn_duration_ms=0
[2026-02-02 20:54:38.909] [info] [spider.worker] [TIMING] task_id=78b64807-ea3f-4187-8250-299ed1f90e1a func=job_orchestration.executor.compress.spider_compress.compress execution_start=494878364 execution_end=494921117 execution_duration_ms=42752
[2026-02-02 20:54:38.915] [info] [spider.worker] [TIMING] task_id=78b64807-ea3f-4187-8250-299ed1f90e1a func=job_orchestration.executor.compress.spider_compress.compress submit_output_start=494921119 submit_output_end=494921123 submit_output_duration_ms=4
[2026-02-02 20:54:38.925] [info] [spider.worker] [TIMING] task_id=8a32b832-c535-4e00-9097-adaf0d2823e4 func=job_orchestration.executor.compress.spider_compress.compress fetch_input_start=494921133 fetch_input_end=494921134 fetch_input_duration_ms=0
[2026-02-02 20:54:38.926] [info] [spider.worker] [TIMING] task_id=8a32b832-c535-4e00-9097-adaf0d2823e4 func=job_orchestration.executor.compress.spider_compress.compress input_send_start=494921134 input_send_end=494921134 input_send_duration_ms=0 bytes=844
[2026-02-02 20:54:38.926] [info] [spider.worker] [TIMING] task_id=8a32b832-c535-4e00-9097-adaf0d2823e4 func=job_orchestration.executor.compress.spider_compress.compress spawn_start=494921134 spawn_end=494921134 spawn_duration_ms=0
[2026-02-02 20:55:16.571] [info] [spider.worker] [TIMING] task_id=8a32b832-c535-4e00-9097-adaf0d2823e4 func=job_orchestration.executor.compress.spider_compress.compress execution_start=494921134 execution_end=494958779 execution_duration_ms=37645
[2026-02-02 20:55:16.594] [info] [spider.worker] [TIMING] task_id=8a32b832-c535-4e00-9097-adaf0d2823e4 func=job_orchestration.executor.compress.spider_compress.compress submit_output_start=494958781 submit_output_end=494958803 submit_output_duration_ms=21
[2026-02-02 20:55:16.605] [info] [spider.worker] [TIMING] task_id=52121dee-2df7-41e1-b5fc-88275a65e39e func=job_orchestration.executor.compress.spider_compress.compress fetch_input_start=494958812 fetch_input_end=494958813 fetch_input_duration_ms=0
[2026-02-02 20:55:16.605] [info] [spider.worker] [TIMING] task_id=52121dee-2df7-41e1-b5fc-88275a65e39e func=job_orchestration.executor.compress.spider_compress.compress input_send_start=494958813 input_send_end=494958813 input_send_duration_ms=0 bytes=751
[2026-02-02 20:55:16.605] [info] [spider.worker] [TIMING] task_id=52121dee-2df7-41e1-b5fc-88275a65e39e func=job_orchestration.executor.compress.spider_compress.compress spawn_start=494958813 spawn_end=494958813 spawn_duration_ms=0
[2026-02-02 20:56:09.338] [info] [spider.worker] [TIMING] task_id=52121dee-2df7-41e1-b5fc-88275a65e39e func=job_orchestration.executor.compress.spider_compress.compress execution_start=494958813 execution_end=495011546 execution_duration_ms=52732
[2026-02-02 20:56:09.348] [info] [spider.worker] [TIMING] task_id=52121dee-2df7-41e1-b5fc-88275a65e39e func=job_orchestration.executor.compress.spider_compress.compress submit_output_start=495011548 submit_output_end=495011556 submit_output_duration_ms=7
[2026-02-02 20:56:09.368] [info] [spider.worker] [TIMING] task_id=6055c5cc-e030-4d10-a170-f69020a7ba66 func=job_orchestration.executor.compress.spider_compress.compress fetch_input_start=495011575 fetch_input_end=495011576 fetch_input_duration_ms=1
[2026-02-02 20:56:09.368] [info] [spider.worker] [TIMING] task_id=6055c5cc-e030-4d10-a170-f69020a7ba66 func=job_orchestration.executor.compress.spider_compress.compress input_send_start=495011576 input_send_end=495011576 input_send_duration_ms=0 bytes=755
[2026-02-02 20:56:09.368] [info] [spider.worker] [TIMING] task_id=6055c5cc-e030-4d10-a170-f69020a7ba66 func=job_orchestration.executor.compress.spider_compress.compress spawn_start=495011576 spawn_end=495011576 spawn_duration_ms=0
[2026-02-02 20:56:39.543] [info] [spider.worker] [TIMING] task_id=6055c5cc-e030-4d10-a170-f69020a7ba66 func=job_orchestration.executor.compress.spider_compress.compress execution_start=495011576 execution_end=495041751 execution_duration_ms=30174
[2026-02-02 20:56:39.584] [info] [spider.worker] [TIMING] task_id=6055c5cc-e030-4d10-a170-f69020a7ba66 func=job_orchestration.executor.compress.spider_compress.compress submit_output_start=495041753 submit_output_end=495041792 submit_output_duration_ms=39
[2026-02-02 20:56:39.606] [info] [spider.worker] [TIMING] task_id=380ba4fb-5899-4197-aaf4-f9a17d7ac1de func=job_orchestration.executor.compress.spider_compress.compress fetch_input_start=495041813 fetch_input_end=495041815 fetch_input_duration_ms=1
[2026-02-02 20:56:39.607] [info] [spider.worker] [TIMING] task_id=380ba4fb-5899-4197-aaf4-f9a17d7ac1de func=job_orchestration.executor.compress.spider_compress.compress input_send_start=495041815 input_send_end=495041815 input_send_duration_ms=0 bytes=752
[2026-02-02 20:56:39.607] [info] [spider.worker] [TIMING] task_id=380ba4fb-5899-4197-aaf4-f9a17d7ac1de func=job_orchestration.executor.compress.spider_compress.compress spawn_start=495041815 spawn_end=495041815 spawn_duration_ms=0
[2026-02-02 21:00:14.022] [info] [spider.worker] [TIMING] task_id=380ba4fb-5899-4197-aaf4-f9a17d7ac1de func=job_orchestration.executor.compress.spider_compress.compress execution_start=495041816 execution_end=495256230 execution_duration_ms=214414
[2026-02-02 21:00:14.032] [info] [spider.worker] [TIMING] task_id=380ba4fb-5899-4197-aaf4-f9a17d7ac1de func=job_orchestration.executor.compress.spider_compress.compress submit_output_start=495256232 submit_output_end=495256241 submit_output_duration_ms=8
[2026-02-02 21:00:14.043] [info] [spider.worker] [TIMING] task_id=18fc660c-708f-4e3b-89e1-7f74bca5f4ba func=job_orchestration.executor.compress.spider_compress.compress fetch_input_start=495256250 fetch_input_end=495256251 fetch_input_duration_ms=1
[2026-02-02 21:00:14.043] [info] [spider.worker] [TIMING] task_id=18fc660c-708f-4e3b-89e1-7f74bca5f4ba func=job_orchestration.executor.compress.spider_compress.compress input_send_start=495256251 input_send_end=495256251 input_send_duration_ms=0 bytes=752
[2026-02-02 21:00:14.043] [info] [spider.worker] [TIMING] task_id=18fc660c-708f-4e3b-89e1-7f74bca5f4ba func=job_orchestration.executor.compress.spider_compress.compress spawn_start=495256251 spawn_end=495256252 spawn_duration_ms=0
[2026-02-02 21:00:41.448] [info] [spider.worker] [TIMING] task_id=18fc660c-708f-4e3b-89e1-7f74bca5f4ba func=job_orchestration.executor.compress.spider_compress.compress execution_start=495256252 execution_end=495283657 execution_duration_ms=27405
[2026-02-02 21:00:41.454] [info] [spider.worker] [TIMING] task_id=18fc660c-708f-4e3b-89e1-7f74bca5f4ba func=job_orchestration.executor.compress.spider_compress.compress submit_output_start=495283659 submit_output_end=495283663 submit_output_duration_ms=4
[2026-02-02 21:00:41.475] [info] [spider.worker] [TIMING] task_id=c48571a6-f513-42c1-9297-417a6341440b func=job_orchestration.executor.compress.spider_compress.compress fetch_input_start=495283681 fetch_input_end=495283683 fetch_input_duration_ms=1
[2026-02-02 21:00:41.475] [info] [spider.worker] [TIMING] task_id=c48571a6-f513-42c1-9297-417a6341440b func=job_orchestration.executor.compress.spider_compress.compress input_send_start=495283684 input_send_end=495283684 input_send_duration_ms=0 bytes=751
[2026-02-02 21:00:41.475] [info] [spider.worker] [TIMING] task_id=c48571a6-f513-42c1-9297-417a6341440b func=job_orchestration.executor.compress.spider_compress.compress spawn_start=495283683 spawn_end=495283684 spawn_duration_ms=0
[2026-02-02 21:02:23.643] [info] [spider.worker] [TIMING] task_id=c48571a6-f513-42c1-9297-417a6341440b func=job_orchestration.executor.compress.spider_compress.compress execution_start=495283684 execution_end=495385852 execution_duration_ms=102167
[2026-02-02 21:02:23.662] [info] [spider.worker] [TIMING] task_id=c48571a6-f513-42c1-9297-417a6341440b func=job_orchestration.executor.compress.spider_compress.compress submit_output_start=495385854 submit_output_end=495385870 submit_output_duration_ms=16
[2026-02-02 21:02:23.697] [info] [spider.worker] [TIMING] task_id=12760c84-93a2-4fe8-93c1-f8cfcb44a13a func=job_orchestration.executor.compress.spider_compress.compress fetch_input_start=495385904 fetch_input_end=495385905 fetch_input_duration_ms=1
[2026-02-02 21:02:23.697] [info] [spider.worker] [TIMING] task_id=12760c84-93a2-4fe8-93c1-f8cfcb44a13a func=job_orchestration.executor.compress.spider_compress.compress input_send_start=495385906 input_send_end=495385906 input_send_duration_ms=0 bytes=755
[2026-02-02 21:02:23.697] [info] [spider.worker] [TIMING] task_id=12760c84-93a2-4fe8-93c1-f8cfcb44a13a func=job_orchestration.executor.compress.spider_compress.compress spawn_start=495385905 spawn_end=495385906 spawn_duration_ms=0
[2026-02-02 21:03:03.284] [info] [spider.worker] [TIMING] task_id=12760c84-93a2-4fe8-93c1-f8cfcb44a13a func=job_orchestration.executor.compress.spider_compress.compress execution_start=495385906 execution_end=495425493 execution_duration_ms=39586
[2026-02-02 21:03:03.292] [info] [spider.worker] [TIMING] task_id=12760c84-93a2-4fe8-93c1-f8cfcb44a13a func=job_orchestration.executor.compress.spider_compress.compress submit_output_start=495425495 submit_output_end=495425500 submit_output_duration_ms=5
[2026-02-02 21:03:03.303] [info] [spider.worker] [TIMING] task_id=b8b5b465-e80f-45dc-8660-a99a00e9ed63 func=job_orchestration.executor.compress.spider_compress.compress fetch_input_start=495425510 fetch_input_end=495425511 fetch_input_duration_ms=1
[2026-02-02 21:03:03.304] [info] [spider.worker] [TIMING] task_id=b8b5b465-e80f-45dc-8660-a99a00e9ed63 func=job_orchestration.executor.compress.spider_compress.compress input_send_start=495425512 input_send_end=495425512 input_send_duration_ms=0 bytes=755
[2026-02-02 21:03:03.304] [info] [spider.worker] [TIMING] task_id=b8b5b465-e80f-45dc-8660-a99a00e9ed63 func=job_orchestration.executor.compress.spider_compress.compress spawn_start=495425511 spawn_end=495425512 spawn_duration_ms=0
[2026-02-02 21:05:30.414] [info] [spider.worker] [TIMING] task_id=b8b5b465-e80f-45dc-8660-a99a00e9ed63 func=job_orchestration.executor.compress.spider_compress.compress execution_start=495425512 execution_end=495572623 execution_duration_ms=147110
[2026-02-02 21:05:30.419] [info] [spider.worker] [TIMING] task_id=b8b5b465-e80f-45dc-8660-a99a00e9ed63 func=job_orchestration.executor.compress.spider_compress.compress submit_output_start=495572624 submit_output_end=495572628 submit_output_duration_ms=3
[2026-02-02 21:05:30.438] [info] [spider.worker] [TIMING] task_id=d30abe00-8c99-4946-81dd-b8bead8f0209 func=job_orchestration.executor.compress.spider_compress.compress fetch_input_start=495572646 fetch_input_end=495572647 fetch_input_duration_ms=1
[2026-02-02 21:05:30.439] [info] [spider.worker] [TIMING] task_id=d30abe00-8c99-4946-81dd-b8bead8f0209 func=job_orchestration.executor.compress.spider_compress.compress input_send_start=495572647 input_send_end=495572647 input_send_duration_ms=0 bytes=751
[2026-02-02 21:05:30.439] [info] [spider.worker] [TIMING] task_id=d30abe00-8c99-4946-81dd-b8bead8f0209 func=job_orchestration.executor.compress.spider_compress.compress spawn_start=495572647 spawn_end=495572647 spawn_duration_ms=0
[2026-02-02 21:06:28.433] [info] [spider.worker] [TIMING] task_id=d30abe00-8c99-4946-81dd-b8bead8f0209 func=job_orchestration.executor.compress.spider_compress.compress execution_start=495572647 execution_end=495630642 execution_duration_ms=57994
[2026-02-02 21:06:28.455] [info] [spider.worker] [TIMING] task_id=d30abe00-8c99-4946-81dd-b8bead8f0209 func=job_orchestration.executor.compress.spider_compress.compress submit_output_start=495630644 submit_output_end=495630664 submit_output_duration_ms=19
[2026-02-02 21:06:28.476] [info] [spider.worker] [TIMING] task_id=e13836a7-07bf-490c-90d1-fdc6a218c2a6 func=job_orchestration.executor.compress.spider_compress.compress fetch_input_start=495630683 fetch_input_end=495630684 fetch_input_duration_ms=1
[2026-02-02 21:06:28.477] [info] [spider.worker] [TIMING] task_id=e13836a7-07bf-490c-90d1-fdc6a218c2a6 func=job_orchestration.executor.compress.spider_compress.compress input_send_start=495630685 input_send_end=495630685 input_send_duration_ms=0 bytes=751
[2026-02-02 21:06:28.477] [info] [spider.worker] [TIMING] task_id=e13836a7-07bf-490c-90d1-fdc6a218c2a6 func=job_orchestration.executor.compress.spider_compress.compress spawn_start=495630684 spawn_end=495630685 spawn_duration_ms=0
[2026-02-02 21:06:57.530] [info] [spider.worker] [TIMING] task_id=e13836a7-07bf-490c-90d1-fdc6a218c2a6 func=job_orchestration.executor.compress.spider_compress.compress execution_start=495630685 execution_end=495659738 execution_duration_ms=29053
[2026-02-02 21:06:57.564] [info] [spider.worker] [TIMING] task_id=e13836a7-07bf-490c-90d1-fdc6a218c2a6 func=job_orchestration.executor.compress.spider_compress.compress submit_output_start=495659740 submit_output_end=495659772 submit_output_duration_ms=32
[2026-02-02 21:06:57.580] [info] [spider.worker] [TIMING] task_id=0122cbed-6d0b-4140-8f70-7b2c640e76db func=job_orchestration.executor.compress.spider_compress.compress fetch_input_start=495659787 fetch_input_end=495659788 fetch_input_duration_ms=1
[2026-02-02 21:06:57.581] [info] [spider.worker] [TIMING] task_id=0122cbed-6d0b-4140-8f70-7b2c640e76db func=job_orchestration.executor.compress.spider_compress.compress input_send_start=495659789 input_send_end=495659789 input_send_duration_ms=0 bytes=750
[2026-02-02 21:06:57.581] [info] [spider.worker] [TIMING] task_id=0122cbed-6d0b-4140-8f70-7b2c640e76db func=job_orchestration.executor.compress.spider_compress.compress spawn_start=495659789 spawn_end=495659789 spawn