[2026-02-02 19:46:00.937] [warning] [spider.worker] Prefer using `SPIDER_STORAGE_URL` environment variable over `--storage_url` argument.
[2026-02-02 19:47:06.573] [info] [spider.worker] [TIMING] task_id=37d5ba1d-57bf-4c9c-bfb8-1d97bfcba6a4 func=job_orchestration.executor.compress.spider_compress.compress fetch_input_start=490868780 fetch_input_end=490868781 fetch_input_duration_ms=1
[2026-02-02 19:47:06.574] [info] [spider.worker] [TIMING] task_id=37d5ba1d-57bf-4c9c-bfb8-1d97bfcba6a4 func=job_orchestration.executor.compress.spider_compress.compress input_send_start=490868782 input_send_end=490868782 input_send_duration_ms=0 bytes=748
[2026-02-02 19:47:06.574] [info] [spider.worker] [TIMING] task_id=37d5ba1d-57bf-4c9c-bfb8-1d97bfcba6a4 func=job_orchestration.executor.compress.spider_compress.compress spawn_start=490868781 spawn_end=490868782 spawn_duration_ms=0
[2026-02-02 19:48:33.341] [info] [spider.worker] [TIMING] task_id=37d5ba1d-57bf-4c9c-bfb8-1d97bfcba6a4 func=job_orchestration.executor.compress.spider_compress.compress execution_start=490868782 execution_end=490955549 execution_duration_ms=86767
[2026-02-02 19:48:33.373] [info] [spider.worker] [TIMING] task_id=37d5ba1d-57bf-4c9c-bfb8-1d97bfcba6a4 func=job_orchestration.executor.compress.spider_compress.compress submit_output_start=490955562 submit_output_end=490955582 submit_output_duration_ms=19
[2026-02-02 19:48:33.405] [info] [spider.worker] [TIMING] task_id=c9690b0c-ee88-428d-a24a-d3bde042a3bb func=job_orchestration.executor.compress.spider_compress.compress fetch_input_start=490955612 fetch_input_end=490955613 fetch_input_duration_ms=1
[2026-02-02 19:48:33.406] [info] [spider.worker] [TIMING] task_id=c9690b0c-ee88-428d-a24a-d3bde042a3bb func=job_orchestration.executor.compress.spider_compress.compress input_send_start=490955614 input_send_end=490955614 input_send_duration_ms=0 bytes=755
[2026-02-02 19:48:33.406] [info] [spider.worker] [TIMING] task_id=c9690b0c-ee88-428d-a24a-d3bde042a3bb func=job_orchestration.executor.compress.spider_compress.compress spawn_start=490955613 spawn_end=490955614 spawn_duration_ms=0
[2026-02-02 19:49:36.853] [info] [spider.worker] [TIMING] task_id=c9690b0c-ee88-428d-a24a-d3bde042a3bb func=job_orchestration.executor.compress.spider_compress.compress execution_start=490955614 execution_end=491019062 execution_duration_ms=63447
[2026-02-02 19:49:36.889] [info] [spider.worker] [TIMING] task_id=c9690b0c-ee88-428d-a24a-d3bde042a3bb func=job_orchestration.executor.compress.spider_compress.compress submit_output_start=491019063 submit_output_end=491019097 submit_output_duration_ms=33
[2026-02-02 19:49:36.913] [info] [spider.worker] [TIMING] task_id=72005bf2-5361-49b1-8bc7-decf3910c720 func=job_orchestration.executor.compress.spider_compress.compress fetch_input_start=491019119 fetch_input_end=491019121 fetch_input_duration_ms=2
[2026-02-02 19:49:36.914] [info] [spider.worker] [TIMING] task_id=72005bf2-5361-49b1-8bc7-decf3910c720 func=job_orchestration.executor.compress.spider_compress.compress input_send_start=491019122 input_send_end=491019122 input_send_duration_ms=0 bytes=755
[2026-02-02 19:49:36.914] [info] [spider.worker] [TIMING] task_id=72005bf2-5361-49b1-8bc7-decf3910c720 func=job_orchestration.executor.compress.spider_compress.compress spawn_start=491019121 spawn_end=491019122 spawn_duration_ms=0
[2026-02-02 19:50:14.228] [info] [spider.worker] [TIMING] task_id=72005bf2-5361-49b1-8bc7-decf3910c720 func=job_orchestration.executor.compress.spider_compress.compress execution_start=491019122 execution_end=491056436 execution_duration_ms=37314
[2026-02-02 19:50:14.246] [info] [spider.worker] [TIMING] task_id=72005bf2-5361-49b1-8bc7-decf3910c720 func=job_orchestration.executor.compress.spider_compress.compress submit_output_start=491056439 submit_output_end=491056454 submit_output_duration_ms=15
[2026-02-02 19:50:14.257] [info] [spider.worker] [TIMING] task_id=22e3e0d3-66ba-4d7b-8f18-1d69271c4d28 func=job_orchestration.executor.compress.spider_compress.compress fetch_input_start=491056464 fetch_input_end=491056466 fetch_input_duration_ms=1
[2026-02-02 19:50:14.258] [info] [spider.worker] [TIMING] task_id=22e3e0d3-66ba-4d7b-8f18-1d69271c4d28 func=job_orchestration.executor.compress.spider_compress.compress input_send_start=491056466 input_send_end=491056466 input_send_duration_ms=0 bytes=755
[2026-02-02 19:50:14.258] [info] [spider.worker] [TIMING] task_id=22e3e0d3-66ba-4d7b-8f18-1d69271c4d28 func=job_orchestration.executor.compress.spider_compress.compress spawn_start=491056466 spawn_end=491056467 spawn_duration_ms=0
[2026-02-02 19:50:37.458] [info] [spider.worker] [TIMING] task_id=22e3e0d3-66ba-4d7b-8f18-1d69271c4d28 func=job_orchestration.executor.compress.spider_compress.compress execution_start=491056467 execution_end=491079666 execution_duration_ms=23199
[2026-02-02 19:50:37.478] [info] [spider.worker] [TIMING] task_id=22e3e0d3-66ba-4d7b-8f18-1d69271c4d28 func=job_orchestration.executor.compress.spider_compress.compress submit_output_start=491079669 submit_output_end=491079686 submit_output_duration_ms=17
[2026-02-02 19:50:37.515] [info] [spider.worker] [TIMING] task_id=80d9d606-6f74-4535-a13f-cd296fbdfac2 func=job_orchestration.executor.compress.spider_compress.compress fetch_input_start=491079722 fetch_input_end=491079724 fetch_input_duration_ms=1
[2026-02-02 19:50:37.516] [info] [spider.worker] [TIMING] task_id=80d9d606-6f74-4535-a13f-cd296fbdfac2 func=job_orchestration.executor.compress.spider_compress.compress input_send_start=491079724 input_send_end=491079724 input_send_duration_ms=0 bytes=751
[2026-02-02 19:50:37.516] [info] [spider.worker] [TIMING] task_id=80d9d606-6f74-4535-a13f-cd296fbdfac2 func=job_orchestration.executor.compress.spider_compress.compress spawn_start=491079724 spawn_end=491079724 spawn_duration_ms=0
[2026-02-02 19:52:57.012] [info] [spider.worker] [TIMING] task_id=80d9d606-6f74-4535-a13f-cd296fbdfac2 func=job_orchestration.executor.compress.spider_compress.compress execution_start=491079725 execution_end=491219220 execution_duration_ms=139495
[2026-02-02 19:52:57.031] [info] [spider.worker] [TIMING] task_id=80d9d606-6f74-4535-a13f-cd296fbdfac2 func=job_orchestration.executor.compress.spider_compress.compress submit_output_start=491219222 submit_output_end=491219239 submit_output_duration_ms=17
[2026-02-02 19:52:57.041] [info] [spider.worker] [TIMING] task_id=da0f2e90-38ce-4073-85b9-7eec277c1efe func=job_orchestration.executor.compress.spider_compress.compress fetch_input_start=491219249 fetch_input_end=491219250 fetch_input_duration_ms=1
[2026-02-02 19:52:57.042] [info] [spider.worker] [TIMING] task_id=da0f2e90-38ce-4073-85b9-7eec277c1efe func=job_orchestration.executor.compress.spider_compress.compress input_send_start=491219250 input_send_end=491219250 input_send_duration_ms=0 bytes=755
[2026-02-02 19:52:57.042] [info] [spider.worker] [TIMING] task_id=da0f2e90-38ce-4073-85b9-7eec277c1efe func=job_orchestration.executor.compress.spider_compress.compress spawn_start=491219250 spawn_end=491219250 spawn_duration_ms=0
[2026-02-02 19:53:56.994] [info] [spider.worker] [TIMING] task_id=da0f2e90-38ce-4073-85b9-7eec277c1efe func=job_orchestration.executor.compress.spider_compress.compress execution_start=491219250 execution_end=491279202 execution_duration_ms=59951
[2026-02-02 19:53:57.411] [info] [spider.worker] [TIMING] task_id=da0f2e90-38ce-4073-85b9-7eec277c1efe func=job_orchestration.executor.compress.spider_compress.compress submit_output_start=491279203 submit_output_end=491279620 submit_output_duration_ms=416
[2026-02-02 19:53:58.286] [info] [spider.worker] [TIMING] task_id=cb431a6f-f36e-4aa1-9a0c-8dd66af8692a func=job_orchestration.executor.compress.spider_compress.compress fetch_input_start=491280493 fetch_input_end=491280495 fetch_input_duration_ms=1
[2026-02-02 19:53:58.287] [info] [spider.worker] [TIMING] task_id=cb431a6f-f36e-4aa1-9a0c-8dd66af8692a func=job_orchestration.executor.compress.spider_compress.compress input_send_start=491280495 input_send_end=491280495 input_send_duration_ms=0 bytes=748
[2026-02-02 19:53:58.287] [info] [spider.worker] [TIMING] task_id=cb431a6f-f36e-4aa1-9a0c-8dd66af8692a func=job_orchestration.executor.compress.spider_compress.compress spawn_start=491280495 spawn_end=491280495 spawn_duration_ms=0
[2026-02-02 19:54:12.880] [info] [spider.worker] [TIMING] task_id=cb431a6f-f36e-4aa1-9a0c-8dd66af8692a func=job_orchestration.executor.compress.spider_compress.compress execution_start=491280496 execution_end=491295089 execution_duration_ms=14593
[2026-02-02 19:54:12.899] [info] [spider.worker] [TIMING] task_id=cb431a6f-f36e-4aa1-9a0c-8dd66af8692a func=job_orchestration.executor.compress.spider_compress.compress submit_output_start=491295091 submit_output_end=491295107 submit_output_duration_ms=15
[2026-02-02 19:54:12.919] [info] [spider.worker] [TIMING] task_id=9d1c8fc9-dc9b-45b3-81b4-05c7ed0d05a6 func=job_orchestration.executor.compress.spider_compress.compress fetch_input_start=491295126 fetch_input_end=491295127 fetch_input_duration_ms=1
[2026-02-02 19:54:12.919] [info] [spider.worker] [TIMING] task_id=9d1c8fc9-dc9b-45b3-81b4-05c7ed0d05a6 func=job_orchestration.executor.compress.spider_compress.compress input_send_start=491295128 input_send_end=491295128 input_send_duration_ms=0 bytes=751
[2026-02-02 19:54:12.919] [info] [spider.worker] [TIMING] task_id=9d1c8fc9-dc9b-45b3-81b4-05c7ed0d05a6 func=job_orchestration.executor.compress.spider_compress.compress spawn_start=491295127 spawn_end=491295128 spawn_duration_ms=0
[2026-02-02 19:54:44.978] [info] [spider.worker] [TIMING] task_id=9d1c8fc9-dc9b-45b3-81b4-05c7ed0d05a6 func=job_orchestration.executor.compress.spider_compress.compress execution_start=491295128 execution_end=491327186 execution_duration_ms=32058
[2026-02-02 19:54:44.996] [info] [spider.worker] [TIMING] task_id=9d1c8fc9-dc9b-45b3-81b4-05c7ed0d05a6 func=job_orchestration.executor.compress.spider_compress.compress submit_output_start=491327188 submit_output_end=491327204 submit_output_duration_ms=16
[2026-02-02 19:54:45.007] [info] [spider.worker] [TIMING] task_id=2abe5899-a25a-4487-a927-4129f6c7e7c5 func=job_orchestration.executor.compress.spider_compress.compress fetch_input_start=491327214 fetch_input_end=491327215 fetch_input_duration_ms=1
[2026-02-02 19:54:45.007] [info] [spider.worker] [TIMING] task_id=2abe5899-a25a-4487-a927-4129f6c7e7c5 func=job_orchestration.executor.compress.spider_compress.compress input_send_start=491327216 input_send_end=491327216 input_send_duration_ms=0 bytes=754
[2026-02-02 19:54:45.007] [info] [spider.worker] [TIMING] task_id=2abe5899-a25a-4487-a927-4129f6c7e7c5 func=job_orchestration.executor.compress.spider_compress.compress spawn_start=491327215 spawn_end=491327216 spawn_duration_ms=0
[2026-02-02 19:55:53.646] [info] [spider.worker] [TIMING] task_id=2abe5899-a25a-4487-a927-4129f6c7e7c5 func=job_orchestration.executor.compress.spider_compress.compress execution_start=491327216 execution_end=491395854 execution_duration_ms=68638
[2026-02-02 19:55:53.664] [info] [spider.worker] [TIMING] task_id=2abe5899-a25a-4487-a927-4129f6c7e7c5 func=job_orchestration.executor.compress.spider_compress.compress submit_output_start=491395856 submit_output_end=491395873 submit_output_duration_ms=16
[2026-02-02 19:55:53.706] [info] [spider.worker] [TIMING] task_id=b0cf0dd8-45d8-4bd0-96ab-d9109270aaea func=job_orchestration.executor.compress.spider_compress.compress fetch_input_start=491395914 fetch_input_end=491395915 fetch_input_duration_ms=0
[2026-02-02 19:55:53.707] [info] [spider.worker] [TIMING] task_id=b0cf0dd8-45d8-4bd0-96ab-d9109270aaea func=job_orchestration.executor.compress.spider_compress.compress input_send_start=491395915 input_send_end=491395915 input_send_duration_ms=0 bytes=844
[2026-02-02 19:55:53.707] [info] [spider.worker] [TIMING] task_id=b0cf0dd8-45d8-4bd0-96ab-d9109270aaea func=job_orchestration.executor.compress.spider_compress.compress spawn_start=491395915 spawn_end=491395916 spawn_duration_ms=0
[2026-02-02 19:57:56.182] [info] [spider.worker] [TIMING] task_id=b0cf0dd8-45d8-4bd0-96ab-d9109270aaea func=job_orchestration.executor.compress.spider_compress.compress execution_start=491395916 execution_end=491518390 execution_duration_ms=122474
[2026-02-02 19:57:56.195] [info] [spider.worker] [TIMING] task_id=b0cf0dd8-45d8-4bd0-96ab-d9109270aaea func=job_orchestration.executor.compress.spider_compress.compress submit_output_start=491518392 submit_output_end=491518403 submit_output_duration_ms=10
[2026-02-02 19:57:56.215] [info] [spider.worker] [TIMING] task_id=abe080e1-d2df-4e76-a21d-12ab280be21f func=job_orchestration.executor.compress.spider_compress.compress fetch_input_start=491518421 fetch_input_end=491518423 fetch_input_duration_ms=1
[2026-02-02 19:57:56.215] [info] [spider.worker] [TIMING] task_id=abe080e1-d2df-4e76-a21d-12ab280be21f func=job_orchestration.executor.compress.spider_compress.compress input_send_start=491518424 input_send_end=491518424 input_send_duration_ms=0 bytes=755
[2026-02-02 19:57:56.215] [info] [spider.worker] [TIMING] task_id=abe080e1-d2df-4e76-a21d-12ab280be21f func=job_orchestration.executor.compress.spider_compress.compress spawn_start=491518423 spawn_end=491518424 spawn_duration_ms=0
[2026-02-02 19:58:46.596] [info] [spider.worker] [TIMING] task_id=abe080e1-d2df-4e76-a21d-12ab280be21f func=job_orchestration.executor.compress.spider_compress.compress execution_start=491518424 execution_end=491568804 execution_duration_ms=50380
[2026-02-02 19:58:46.615] [info] [spider.worker] [TIMING] task_id=abe080e1-d2df-4e76-a21d-12ab280be21f func=job_orchestration.executor.compress.spider_compress.compress submit_output_start=491568806 submit_output_end=491568823 submit_output_duration_ms=17
[2026-02-02 19:58:46.635] [info] [spider.worker] [TIMING] task_id=f1bfe6e0-90e3-462e-ac7e-457e2d05387c func=job_orchestration.executor.compress.spider_compress.compress fetch_input_start=491568842 fetch_input_end=491568843 fetch_input_duration_ms=1
[2026-02-02 19:58:46.636] [info] [spider.worker] [TIMING] task_id=f1bfe6e0-90e3-462e-ac7e-457e2d05387c func=job_orchestration.executor.compress.spider_compress.compress input_send_start=491568844 input_send_end=491568844 input_send_duration_ms=0 bytes=750
[2026-02-02 19:58:46.636] [info] [spider.worker] [TIMING] task_id=f1bfe6e0-90e3-462e-ac7e-457e2d05387c func=job_orchestration.executor.compress.spider_compress.compress spawn_start=491568843 spawn_end=491568844 spawn_duration_ms=0
[2026-02-02 19:59:08.202] [info] [spider.worker] [TIMING] task_id=f1bfe6e0-90e3-462e-ac7e-457e2d05387c func=job_orchestration.executor.compress.spider_compress.compress execution_start=491568844 execution_end=491590411 execution_duration_ms=21566
[2026-02-02 19:59:08.213] [info] [spider.worker] [TIMING] task_id=f1bfe6e0-90e3-462e-ac7e-457e2d05387c func=job_orchestration.executor.compress.spider_compress.compress submit_output_start=491590413 submit_output_end=491590421 submit_output_duration_ms=8
[2026-02-02 19:59:08.233] [info] [spider.worker] [TIMING] task_id=3c095b55-7802-4be0-be67-dfc1b7dd7f62 func=job_orchestration.executor.compress.spider_compress.compress fetch_input_start=491590440 fetch_input_end=491590442 fetch_input_duration_ms=1
[2026-02-02 19:59:08.234] [info] [spider.worker] [TIMING] task_id=3c095b55-7802-4be0-be67-dfc1b7dd7f62 func=job_orchestration.executor.compress.spider_compress.compress input_send_start=491590442 input_send_end=491590442 input_send_duration_ms=0 bytes=751
[2026-02-02 19:59:08.234] [info] [spider.worker] [TIMING] task_id=3c095b55-7802-4be0-be67-dfc1b7dd7f62 func=job_orchestration.executor.compress.spider_compress.compress spawn_start=491590442 spawn_end=491590442 spawn_duration_ms=0
[2026-02-02 20:01:13.331] [info] [spider.worker] [TIMING] task_id=3c095b55-7802-4be0-be67-dfc1b7dd7f62 func=job_orchestration.executor.compress.spider_compress.compress execution_start=491590443 execution_end=491715540 execution_duration_ms=125096
[2026-02-02 20:01:13.379] [info] [spider.worker] [TIMING] task_id=3c095b55-7802-4be0-be67-dfc1b7dd7f62 func=job_orchestration.executor.compress.spider_compress.compress submit_output_start=491715542 submit_output_end=491715587 submit_output_duration_ms=45
[2026-02-02 20:01:13.404] [info] [spider.worker] [TIMING] task_id=6b89d8a2-13ec-4fd9-875b-015a81cd5902 func=job_orchestration.executor.compress.spider_compress.compress fetch_input_start=491715611 fetch_input_end=491715612 fetch_input_duration_ms=1
[2026-02-02 20:01:13.404] [info] [spider.worker] [TIMING] task_id=6b89d8a2-13ec-4fd9-875b-015a81cd5902 func=job_orchestration.executor.compress.spider_compress.compress input_send_start=491715613 input_send_end=491715613 input_send_duration_ms=0 bytes=755
[2026-02-02 20:01:13.404] [info] [spider.worker] [TIMING] task_id=6b89d8a2-13ec-4fd9-875b-015a81cd5902 func=job_orchestration.executor.compress.spider_compress.compress spawn_start=491715612 spawn_end=491715613 spawn_duration_ms=0
[2026-02-02 20:02:55.884] [info] [spider.worker] [TIMING] task_id=6b89d8a2-13ec-4fd9-875b-015a81cd5902 func=job_orchestration.executor.compress.spider_compress.compress execution_start=491715613 execution_end=491818093 execution_duration_ms=102479
[2026-02-02 20:02:55.900] [info] [spider.worker] [TIMING] task_id=6b89d8a2-13ec-4fd9-875b-015a81cd5902 func=job_orchestration.executor.compress.spider_compress.compress submit_output_start=491818095 submit_output_end=491818108 submit_output_duration_ms=12
[2026-02-02 20:02:56.213] [info] [spider.worker] [TIMING] task_id=fa1e8451-b857-4bdb-925a-bb507511a3e6 func=job_orchestration.executor.compress.spider_compress.compress fetch_input_start=491818420 fetch_input_end=491818421 fetch_input_duration_ms=1
[2026-02-02 20:02:56.213] [info] [spider.worker] [TIMING] task_id=fa1e8451-b857-4bdb-925a-bb507511a3e6 func=job_orchestration.executor.compress.spider_compress.compress input_send_start=491818422 input_send_end=491818422 input_send_duration_ms=0 bytes=865
[2026-02-02 20:02:56.213] [info] [spider.worker] [TIMING] task_id=fa1e8451-b857-4bdb-925a-bb507511a3e6 func=job_orchestration.executor.compress.spider_compress.compress spawn_start=491818421 spawn_end=491818422 spawn_duration_ms=0
[2026-02-02 20:03:15.050] [info] [spider.worker] [TIMING] task_id=fa1e8451-b857-4bdb-925a-bb507511a3e6 func=job_orchestration.executor.compress.spider_compress.compress execution_start=491818422 execution_end=491837258 execution_duration_ms=18836
[2026-02-02 20:03:15.181] [info] [spider.worker] [TIMING] task_id=fa1e8451-b857-4bdb-925a-bb507511a3e6 func=job_orchestration.executor.compress.spider_compress.compress submit_output_start=491837260 submit_output_end=491837389 submit_output_duration_ms=129
[2026-02-02 20:03:15.209] [info] [spider.worker] [TIMING] task_id=786503b8-4243-43c1-852d-fcc92691b57e func=job_orchestration.executor.compress.spider_compress.compress fetch_input_start=491837417 fetch_input_end=491837418 fetch_input_duration_ms=0
[2026-02-02 20:03:15.210] [info] [spider.worker] [TIMING] task_id=786503b8-4243-43c1-852d-fcc92691b57e func=job_orchestration.executor.compress.spider_compress.compress input_send_start=491837418 input_send_end=491837418 input_send_duration_ms=0 bytes=751
[2026-02-02 20:03:15.210] [info] [spider.worker] [TIMING] task_id=786503b8-4243-43c1-852d-fcc92691b57e func=job_orchestration.executor.compress.spider_compress.compress spawn_start=491837418 spawn_end=491837419 spawn_duration_ms=0
[2026-02-02 20:04:20.936] [info] [spider.worker] [TIMING] task_id=786503b8-4243-43c1-852d-fcc92691b57e func=job_orchestration.executor.compress.spider_compress.compress execution_start=491837419 execution_end=491903145 execution_duration_ms=65725
[2026-02-02 20:04:21.359] [info] [spider.worker] [TIMING] task_id=786503b8-4243-43c1-852d-fcc92691b57e func=job_orchestration.executor.compress.spider_compress.compress submit_output_start=491903146 submit_output_end=491903567 submit_output_duration_ms=421
[2026-02-02 20:04:22.278] [info] [spider.worker] [TIMING] task_id=79bd8b10-30c2-4184-997a-ee127b1b7a02 func=job_orchestration.executor.compress.spider_compress.compress fetch_input_start=491904485 fetch_input_end=491904486 fetch_input_duration_ms=1
[2026-02-02 20:04:22.279] [info] [spider.worker] [TIMING] task_id=79bd8b10-30c2-4184-997a-ee127b1b7a02 func=job_orchestration.executor.compress.spider_compress.compress input_send_start=491904487 input_send_end=491904487 input_send_duration_ms=0 bytes=755
[2026-02-02 20:04:22.279] [info] [spider.worker] [TIMING] task_id=79bd8b10-30c2-4184-997a-ee127b1b7a02 func=job_orchestration.executor.compress.spider_compress.compress spawn_start=491904487 spawn_end=491904487 spawn_duration_ms=0
[2026-02-02 20:05:30.222] [info] [spider.worker] [TIMING] task_id=79bd8b10-30c2-4184-997a-ee127b1b7a02 func=job_orchestration.executor.compress.spider_compress.compress execution_start=491904487 execution_end=491972430 execution_duration_ms=67943
[2026-02-02 20:05:30.266] [info] [spider.worker] [TIMING] task_id=79bd8b10-30c2-4184-997a-ee127b1b7a02 func=job_orchestration.executor.compress.spider_compress.compress submit_output_start=491972432 submit_output_end=491972474 submit_output_duration_ms=41
[2026-02-02 20:05:30.304] [info] [spider.worker] [TIMING] task_id=56f5e7a7-602e-4498-891a-81b24e2675b6 func=job_orchestration.executor.compress.spider_compress.compress fetch_input_start=491972511 fetch_input_end=491972512 fetch_input_duration_ms=1
[2026-02-02 20:05:30.304] [info] [spider.worker] [TIMING] task_id=56f5e7a7-602e-4498-891a-81b24e2675b6 func=job_orchestration.executor.compress.spider_compress.compress input_send_start=491972512 input_send_end=491972513 input_send_duration_ms=0 bytes=751
[2026-02-02 20:05:30.304] [info] [spider.worker] [TIMING] task_id=56f5e7a7-602e-4498-891a-81b24e2675b6 func=job_orchestration.executor.compress.spider_compress.compress spawn_start=491972512 spawn_end=491972513 spawn_duration_ms=0
[2026-02-02 20:05:40.182] [info] [spider.worker] [TIMING] task_id=56f5e7a7-602e-4498-891a-81b24e2675b6 func=job_orchestration.executor.compress.spider_compress.compress execution_start=491972513 execution_end=491982391 execution_duration_ms=9878
[2026-02-02 20:05:40.199] [info] [spider.worker] [TIMING] task_id=56f5e7a7-602e-4498-891a-81b24e2675b6 func=job_orchestration.executor.compress.spider_compress.compress submit_output_start=491982393 submit_output_end=491982407 submit_output_duration_ms=14
[2026-02-02 20:05:40.209] [info] [spider.worker] [TIMING] task_id=4159cd15-cb63-4dd2-9d4e-8a4a4ec9c781 func=job_orchestration.executor.compress.spider_compress.compress fetch_input_start=491982417 fetch_input_end=491982418 fetch_input_duration_ms=0
[2026-02-02 20:05:40.210] [info] [spider.worker] [TIMING] task_id=4159cd15-cb63-4dd2-9d4e-8a4a4ec9c781 func=job_orchestration.executor.compress.spider_compress.compress input_send_start=491982418 input_send_end=491982418 input_send_duration_ms=0 bytes=771
[2026-02-02 20:05:40.210] [info] [spider.worker] [TIMING] task_id=4159cd15-cb63-4dd2-9d4e-8a4a4ec9c781 func=job_orchestration.executor.compress.spider_compress.compress spawn_start=491982418 spawn_end=491982418 spawn_duration_ms=0
[2026-02-02 20:06:00.297] [info] [spider.worker] [TIMING] task_id=4159cd15-cb63-4dd2-9d4e-8a4a4ec9c781 func=job_orchestration.executor.compress.spider_compress.compress execution_start=491982418 execution_end=492002505 execution_duration_ms=20086
[2026-02-02 20:06:00.314] [info] [spider.worker] [TIMING] task_id=4159cd15-cb63-4dd2-9d4e-8a4a4ec9c781 func=job_orchestration.executor.compress.spider_compress.compress submit_output_start=492002507 submit_output_end=492002522 submit_output_duration_ms=14
[2026-02-02 20:06:00.334] [info] [spider.worker] [TIMING] task_id=b9529baf-8fa1-4140-a418-dd73dbe1d48b func=job_orchestration.executor.compress.spider_compress.compress fetch_input_start=492002541 fetch_input_end=492002542 fetch_input_duration_ms=1
[2026-02-02 20:06:00.335] [info] [spider.worker] [TIMING] task_id=b9529baf-8fa1-4140-a418-dd73dbe1d48b func=job_orchestration.executor.compress.spider_compress.compress input_send_start=492002543 input_send_end=492002543 input_send_duration_ms=0 bytes=749
[2026-02-02 20:06:00.335] [info] [spider.worker] [TIMING] task_id=b9529baf-8fa1-4140-a418-dd73dbe1d48b func=job_orchestration.executor.compress.spider_compress.compress spawn_start=492002542 spawn_end=492002543 spawn_duration_ms=0
[2026-02-02 20:08:29.475] [info] [spider.worker] [TIMING] task_id=b9529baf-8fa1-4140-a418-dd73dbe1d48b func=job_orchestration.executor.compress.spider_compress.compress execution_start=492002543 execution_end=492151683 execution_duration_ms=149140
[2026-02-02 20:08:29.503] [info] [spider.worker] [TIMING] task_id=b9529baf-8fa1-4140-a418-dd73dbe1d48b func=job_orchestration.executor.compress.spider_compress.compress submit_output_start=492151685 submit_output_end=492151711 submit_output_duration_ms=25
[2026-02-02 20:08:29.528] [info] [spider.worker] [TIMING] task_id=33e8d4de-245e-412b-aeb1-b8bd64f1d8b5 func=job_orchestration.executor.compress.spider_compress.compress fetch_input_start=492151735 fetch_input_end=492151737 fetch_input_duration_ms=1
[2026-02-02 20:08:29.529] [info] [spider.worker] [TIMING] task_id=33e8d4de-245e-412b-aeb1-b8bd64f1d8b5 func=job_orchestration.executor.compress.spider_compress.compress input_send_start=492151737 input_send_end=492151737 input_send_duration_ms=0 bytes=751
[2026-02-02 20:08:29.529] [info] [spider.worker] [TIMING] task_id=33e8d4de-245e-412b-aeb1-b8bd64f1d8b5 func=job_orchestration.executor.compress.spider_compress.compress spawn_start=492151737 spawn_end=492151737 spawn_duration_ms=0
[2026-02-02 20:11:58.365] [info] [spider.worker] [TIMING] task_id=33e8d4de-245e-412b-aeb1-b8bd64f1d8b5 func=job_orchestration.executor.compress.spider_compress.compress execution_start=492151738 execution_end=492360573 execution_duration_ms=208835
[2026-02-02 20:11:58.381] [info] [spider.worker] [TIMING] task_id=33e8d4de-245e-412b-aeb1-b8bd64f1d8b5 func=job_orchestration.executor.compress.spider_compress.compress submit_output_start=492360576 submit_output_end=492360589 submit_output_duration_ms=13
[2026-02-02 20:11:58.400] [info] [spider.worker] [TIMING] task_id=93336a8a-1b17-441f-989d-0ad14c7ae4ea func=job_orchestration.executor.compress.spider_compress.compress fetch_input_start=492360607 fetch_input_end=492360609 fetch_input_duration_ms=1
[2026-02-02 20:11:58.401] [info] [spider.worker] [TIMING] task_id=93336a8a-1b17-441f-989d-0ad14c7ae4ea func=job_orchestration.executor.compress.spider_compress.compress input_send_start=492360609 input_send_end=492360609 input_send_duration_ms=0 bytes=754
[2026-02-02 20:11:58.401] [info] [spider.worker] [TIMING] task_id=93336a8a-1b17-441f-989d-0ad14c7ae4ea func=job_orchestration.executor.compress.spider_compress.compress spawn_start=492360609 spawn_end=492360609 spawn_duration_ms=0
[2026-02-02 20:13:21.028] [info] [spider.worker] [TIMING] task_id=93336a8a-1b17-441f-989d-0ad14c7ae4ea func=job_orchestration.executor.compress.spider_compress.compress execution_start=492360609 execution_end=492443237 execution_duration_ms=82627
[2026-02-02 20:13:21.065] [info] [spider.worker] [TIMING] task_id=93336a8a-1b17-441f-989d-0ad14c7ae4ea func=job_orchestration.executor.compress.spider_compress.compress submit_output_start=492443238 submit_output_end=492443273 submit_output_duration_ms=34
[2026-02-02 20:13:21.076] [info] [spider.worker] [TIMING] task_id=99dbf694-e1b4-4442-8243-5b513fa36ac7 func=job_orchestration.executor.compress.spider_compress.compress fetch_input_start=492443283 fetch_input_end=492443284 fetch_input_duration_ms=1
[2026-02-02 20:13:21.077] [info] [spider.worker] [TIMING] task_id=99dbf694-e1b4-4442-8243-5b513fa36ac7 func=job_orchestration.executor.compress.spider_compress.compress input_send_start=492443285 input_send_end=492443285 input_send_duration_ms=0 bytes=755
[2026-02-02 20:13:21.077] [info] [spider.worker] [TIMING] task_id=99dbf694-e1b4-4442-8243-5b513fa36ac7 func=job_orchestration.executor.compress.spider_compress.compress spawn_start=492443284 spawn_end=492443285 spawn_duration_ms=0
[2026-02-02 20:13:57.805] [info] [spider.worker] [TIMING] task_id=99dbf694-e1b4-4442-8243-5b513fa36ac7 func=job_orchestration.executor.compress.spider_compress.compress execution_start=492443285 execution_end=492480013 execution_duration_ms=36728
[2026-02-02 20:13:57.858] [info] [spider.worker] [TIMING] task_id=99dbf694-e1b4-4442-8243-5b513fa36ac7 func=job_orchestration.executor.compress.spider_compress.compress submit_output_start=492480032 submit_output_end=492480067 submit_output_duration_ms=35
[2026-02-02 20:13:57.882] [info] [spider.worker] [TIMING] task_id=4051b1c0-f088-4030-bb72-c7bd75d66610 func=job_orchestration.executor.compress.spider_compress.compress fetch_input_start=492480089 fetch_input_end=492480090 fetch_input_duration_ms=1
[2026-02-02 20:13:57.882] [info] [spider.worker] [TIMING] task_id=4051b1c0-f088-4030-bb72-c7bd75d66610 func=job_orchestration.executor.compress.spider_compress.compress input_send_start=492480091 input_send_end=492480091 input_send_duration_ms=0 bytes=751
[2026-02-02 20:13:57.882] [info] [spider.worker] [TIMING] task_id=4051b1c0-f088-4030-bb72-c7bd75d66610 func=job_orchestration.executor.compress.spider_compress.compress spawn_start=492480090 spawn_end=492480091 spawn_duration_ms=0
[2026-02-02 20:14:25.980] [info] [spider.worker] [TIMING] task_id=4051b1c0-f088-4030-bb72-c7bd75d66610 func=job_orchestration.executor.compress.spider_compress.compress execution_start=492480091 execution_end=492508188 execution_duration_ms=28097
[2026-02-02 20:14:26.282] [info] [spider.worker] [TIMING] task_id=4051b1c0-f088-4030-bb72-c7bd75d66610 func=job_orchestration.executor.compress.spider_compress.compress submit_output_start=492508190 submit_output_end=492508490 submit_output_duration_ms=300
[2026-02-02 20:14:26.353] [info] [spider.worker] [TIMING] task_id=f6bb0baf-97b6-4e81-abc4-5b38ffec61cd func=job_orchestration.executor.compress.spider_compress.compress fetch_input_start=492508560 fetch_input_end=492508561 fetch_input_duration_ms=1
[2026-02-02 20:14:26.354] [info] [spider.worker] [TIMING] task_id=f6bb0baf-97b6-4e81-abc4-5b38ffec61cd func=job_orchestration.executor.compress.spider_compress.compress input_send_start=492508562 input_send_end=492508562 input_send_duration_ms=0 bytes=754
[2026-02-02 20:14:26.354] [info] [spider.worker] [TIMING] task_id=f6bb0baf-97b6-4e81-abc4-5b38ffec61cd func=job_orchestration.executor.compress.spider_compress.compress spawn_start=492508561 spawn_end=492508562 spawn_duration_ms=0
[2026-02-02 20:16:59.601] [info] [spider.worker] [TIMING] task_id=f6bb0baf-97b6-4e81-abc4-5b38ffec61cd func=job_orchestration.executor.compress.spider_compress.compress execution_start=492508562 execution_end=492661810 execution_duration_ms=153247
[2026-02-02 20:16:59.755] [info] [spider.worker] [TIMING] task_id=f6bb0baf-97b6-4e81-abc4-5b38ffec61cd func=job_orchestration.executor.compress.spider_compress.compress submit_output_start=492661812 submit_output_end=492661963 submit_output_duration_ms=150
[2026-02-02 20:16:59.799] [info] [spider.worker] [TIMING] task_id=f1930d3e-9a5a-4d01-a4bc-880bf962d2ac func=job_orchestration.executor.compress.spider_compress.compress fetch_input_start=492662006 fetch_input_end=492662007 fetch_input_duration_ms=1
[2026-02-02 20:16:59.800] [info] [spider.worker] [TIMING] task_id=f1930d3e-9a5a-4d01-a4bc-880bf962d2ac func=job_orchestration.executor.compress.spider_compress.compress input_send_start=492662008 input_send_end=492662008 input_send_duration_ms=0 bytes=751
[2026-02-02 20:16:59.800] [info] [spider.worker] [TIMING] task_id=f1930d3e-9a5a-4d01-a4bc-880bf962d2ac func=job_orchestration.executor.compress.spider_compress.compress spawn_start=492662008 spawn_end=492662008 spawn_duration_ms=0
[2026-02-02 20:17:17.840] [info] [spider.worker] [TIMING] task_id=f1930d3e-9a5a-4d01-a4bc-880bf962d2ac func=job_orchestration.executor.compress.spider_compress.compress execution_start=492662008 execution_end=492680048 execution_duration_ms=18040
[2026-02-02 20:17:18.468] [info] [spider.worker] [TIMING] task_id=f1930d3e-9a5a-4d01-a4bc-880bf962d2ac func=job_orchestration.executor.compress.spider_compress.compress submit_output_start=492680051 submit_output_end=492680677 submit_output_duration_ms=626
[2026-02-02 20:17:18.614] [info] [spider.worker] [TIMING] task_id=d906a585-69c3-4123-8c76-a18546b970bc func=job_orchestration.executor.compress.spider_compress.compress fetch_input_start=492680821 fetch_input_end=492680823 fetch_input_duration_ms=1
[2026-02-02 20:17:18.615] [info] [spider.worker] [TIMING] task_id=d906a585-69c3-4123-8c76-a18546b970bc func=job_orchestration.executor.compress.spider_compress.compress input_send_start=492680823 input_send_end=492680823 input_send_duration_ms=0 bytes=752
[2026-02-02 20:17:18.615] [info] [spider.worker] [TIMING] task_id=d906a585-69c3-4123-8c76-a18546b970bc func=job_orchestration.executor.compress.spider_compress.compress spawn_start=492680823 spawn_end=492680823 spawn_duration_ms=0
[2026-02-02 20:19:48.312] [info] [spider.worker] [TIMING] task_id=d906a585-69c3-4123-8c76-a18546b970bc func=job_orchestration.executor.compress.spider_compress.compress execution_start=492680824 execution_end=492830521 execution_duration_ms=149696
[2026-02-02 20:19:48.355] [info] [spider.worker] [TIMING] task_id=d906a585-69c3-4123-8c76-a18546b970bc func=job_orchestration.executor.compress.spider_compress.compress submit_output_start=492830544 submit_output_end=492830563 submit_output_duration_ms=19
[2026-02-02 20:19:48.367] [info] [spider.worker] [TIMING] task_id=b1002cd3-8999-4389-9d6b-9020ac92ce74 func=job_orchestration.executor.compress.spider_compress.compress fetch_input_start=492830573 fetch_input_end=492830575 fetch_input_duration_ms=1
[2026-02-02 20:19:48.367] [info] [spider.worker] [TIMING] task_id=b1002cd3-8999-4389-9d6b-9020ac92ce74 func=job_orchestration.executor.compress.spider_compress.compress input_send_start=492830575 input_send_end=492830575 input_send_duration_ms=0 bytes=755
[2026-02-02 20:19:48.367] [info] [spider.worker] [TIMING] task_id=b1002cd3-8999-4389-9d6b-9020ac92ce74 func=job_orchestration.executor.compress.spider_compress.compress spawn_start=492830575 spawn_end=492830576 spawn_duration_ms=0
[2026-02-02 20:20:10.536] [info] [spider.worker] [TIMING] task_id=b1002cd3-8999-4389-9d6b-9020ac92ce74 func=job_orchestration.executor.compress.spider_compress.compress execution_start=492830576 execution_end=492852744 execution_duration_ms=22168
[2026-02-02 20:20:10.554] [info] [spider.worker] [TIMING] task_id=b1002cd3-8999-4389-9d6b-9020ac92ce74 func=job_orchestration.executor.compress.spider_compress.compress submit_output_start=492852747 submit_output_end=492852762 submit_output_duration_ms=15
[2026-02-02 20:20:10.597] [info] [spider.worker] [TIMING] task_id=3a224a85-da34-4616-b4e6-05787a7b66cb func=job_orchestration.executor.compress.spider_compress.compress fetch_input_start=492852803 fetch_input_end=492852805 fetch_input_duration_ms=1
[2026-02-02 20:20:10.597] [info] [spider.worker] [TIMING] task_id=3a224a85-da34-4616-b4e6-05787a7b66cb func=job_orchestration.executor.compress.spider_compress.compress input_send_start=492852806 input_send_end=492852806 input_send_duration_ms=0 bytes=755
[2026-02-02 20:20:10.597] [info] [spider.worker] [TIMING] task_id=3a224a85-da34-4616-b4e6-05787a7b66cb func=job_orchestration.executor.compress.spider_compress.compress spawn_start=492852805 spawn_end=492852806 spawn_duration_ms=0
[2026-02-02 20:21:40.835] [info] [spider.worker] [TIMING] task_id=3a224a85-da34-4616-b4e6-05787a7b66cb func=job_orchestration.executor.compress.spider_compress.compress execution_start=492852806 execution_end=492943043 execution_duration_ms=90237
[2026-02-02 20:21:40.863] [info] [spider.worker] [TIMING] task_id=3a224a85-da34-4616-b4e6-05787a7b66cb func=job_orchestration.executor.compress.spider_compress.compress submit_output_start=492943054 submit_output_end=492943071 submit_output_duration_ms=16
[2026-02-02 20:21:40.891] [info] [spider.worker] [TIMING] task_id=2e3a5096-b697-4dc7-8cf2-61398e5ba197 func=job_orchestration.executor.compress.spider_compress.compress fetch_input_start=492943098 fetch_input_end=492943099 fetch_input_duration_ms=1
[2026-02-02 20:21:40.891] [info] [spider.worker] [TIMING] task_id=2e3a5096-b697-4dc7-8cf2-61398e5ba197 func=job_orchestration.executor.compress.spider_compress.compress input_send_start=492943099 input_send_end=492943099 input_send_duration_ms=0 bytes=843
[2026-02-02 20:21:40.891] [info] [spider.worker] [TIMING] task_id=2e3a5096-b697-4dc7-8cf2-61398e5ba197 func=job_orchestration.executor.compress.spider_compress.compress spawn_start=492943099 spawn_end=492943099 spawn_duration_ms=0
[2026-02-02 20:22:42.654] [info] [spider.worker] [TIMING] task_id=2e3a5096-b697-4dc7-8cf2-61398e5ba197 func=job_orchestration.executor.compress.spider_compress.compress execution_start=492943100 execution_end=493004862 execution_duration_ms=61762
[2026-02-02 20:22:42.674] [info] [spider.worker] [TIMING] task_id=2e3a5096-b697-4dc7-8cf2-61398e5ba197 func=job_orchestration.executor.compress.spider_compress.compress submit_output_start=493004865 submit_output_end=493004883 submit_output_duration_ms=17
[2026-02-02 20:22:42.814] [info] [spider.worker] [TIMING] task_id=bc91d30a-0751-4843-83b5-9fae425b9e5d func=job_orchestration.executor.compress.spider_compress.compress fetch_input_start=493005022 fetch_input_end=493005023 fetch_input_duration_ms=1
[2026-02-02 20:22:42.815] [info] [spider.worker] [TIMING] task_id=bc91d30a-0751-4843-83b5-9fae425b9e5d func=job_orchestration.executor.compress.spider_compress.compress input_send_start=493005023 input_send_end=493005023 input_send_duration_ms=0 bytes=748
[2026-02-02 20:22:42.815] [info] [spider.worker] [TIMING] task_id=bc91d30a-0751-4843-83b5-9fae425b9e5d func=job_orchestration.executor.compress.spider_compress.compress spawn_start=493005023 spawn_end=493005023 spawn_duration_ms=0
[2026-02-02 20:23:08.186] [info] [spider.worker] [TIMING] task_id=bc91d30a-0751-4843-83b5-9fae425b9e5d func=job_orchestration.executor.compress.spider_compress.compress execution_start=493005024 execution_end=493030394 execution_duration_ms=25370
[2026-02-02 20:23:08.223] [info] [spider.worker] [TIMING] task_id=bc91d30a-0751-4843-83b5-9fae425b9e5d func=job_orchestration.executor.compress.spider_compress.compress submit_output_start=493030396 submit_output_end=493030431 submit_output_duration_ms=35
[2026-02-02 20:23:08.434] [info] [spider.worker] [TIMING] task_id=d3ff6b4a-ea96-4719-af75-481a52302193 func=job_orchestration.executor.compress.spider_compress.compress fetch_input_start=493030641 fetch_input_end=493030643 fetch_input_duration_ms=1
[2026-02-02 20:23:08.435] [info] [spider.worker] [TIMING] task_id=d3ff6b4a-ea96-4719-af75-481a52302193 func=job_orchestration.executor.compress.spider_compress.compress input_send_start=493030643 input_send_end=493030643 input_send_duration_ms=0 bytes=755
[2026-02-02 20:23:08.435] [info] [spider.worker] [TIMING] task_id=d3ff6b4a-ea96-4719-af75-481a52302193 func=job_orchestration.executor.compress.spider_compress.compress spawn_start=493030643 spawn_end=493030643 spawn_duration_ms=0
[2026-02-02 20:23:49.127] [info] [spider.worker] [TIMING] task_id=d3ff6b4a-ea96-4719-af75-481a52302193 func=job_orchestration.executor.compress.spider_compress.compress execution_start=493030644 execution_end=493071336 execution_duration_ms=40691
[2026-02-02 20:23:49.143] [info] [spider.worker] [TIMING] task_id=d3ff6b4a-ea96-4719-af75-481a52302193 func=job_orchestration.executor.compress.spider_compress.compress submit_output_start=493071338 submit_output_end=493071352 submit_output_duration_ms=13
[2026-02-02 20:23:49.187] [info] [spider.worker] [TIMING] task_id=8a659efe-357c-4a9e-8b5f-035bdb1b7e01 func=job_orchestration.executor.compress.spider_compress.compress fetch_input_start=493071394 fetch_input_end=493071395 fetch_input_duration_ms=1
[2026-02-02 20:23:49.187] [info] [spider.worker] [TIMING] task_id=8a659efe-357c-4a9e-8b5f-035bdb1b7e01 func=job_orchestration.executor.compress.spider_compress.compress input_send_start=493071396 input_send_end=493071396 input_send_duration_ms=0 bytes=750
[2026-02-02 20:23:49.187] [info] [spider.worker] [TIMING] task_id=8a659efe-357c-4a9e-8b5f-035bdb1b7e01 func=job_orchestration.executor.compress.spider_compress.compress spawn_start=493071395 spawn_end=493071396 spawn_duration_ms=0
[2026-02-02 20:24:01.141] [info] [spider.worker] [TIMING] task_id=8a659efe-357c-4a9e-8b5f-035bdb1b7e01 func=job_orchestration.executor.compress.spider_compress.compress execution_start=493071396 execution_end=493083349 execution_duration_ms=11953
[2026-02-02 20:24:01.159] [info] [spider.worker] [TIMING] task_id=8a659efe-357c-4a9e-8b5f-035bdb1b7e01 func=job_orchestration.executor.compress.spider_compress.compress submit_output_start=493083352 submit_output_end=493083367 submit_output_duration_ms=15
[2026-02-02 20:24:01.179] [info] [spider.worker] [TIMING] task_id=a8d228e5-7023-423e-90e2-0538768e5907 func=job_orchestration.executor.compress.spider_compress.compress fetch_input_start=493083386 fetch_input_end=493083387 fetch_input_duration_ms=1
[2026-02-02 20:24:01.179] [info] [spider.worker] [TIMING] task_id=a8d228e5-7023-423e-90e2-0538768e5907 func=job_orchestration.executor.compress.spider_compress.compress input_send_start=493083388 input_send_end=493083388 input_send_duration_ms=0 bytes=755
[2026-02-02 20:24:01.180] [info] [spider.worker] [TIMING] task_id=a8d228e5-7023-423e-90e2-0538768e5907 func=job_orchestration.executor.compress.spider_compress.compress spawn_start=493083387 spawn_end=493083388 spawn_duration_ms=0
[2026-02-02 20:24:18.299] [info] [spider.worker] [TIMING] task_id=a8d228e5-7023-423e-90e2-0538768e5907 func=job_orchestration.executor.compress.spider_compress.compress execution_start=493083388 execution_end=493100507 execution_duration_ms=17119
[2026-02-02 20:24:18.316] [info] [spider.worker] [TIMING] task_id=a8d228e5-7023-423e-90e2-0538768e5907 func=job_orchestration.executor.compress.spider_compress.compress submit_output_start=493100509 submit_output_end=493100524 submit_output_duration_ms=15
[2026-02-02 20:24:18.344] [info] [spider.worker] [TIMING] task_id=fd674c1e-19ff-4809-b795-baa551fe0c81 func=job_orchestration.executor.compress.spider_compress.compress fetch_input_start=493100551 fetch_input_end=493100552 fetch_input_duration_ms=0
[2026-02-02 20:24:18.344] [info] [spider.worker] [TIMING] task_id=fd674c1e-19ff-4809-b795-baa551fe0c81 func=job_orchestration.executor.compress.spider_compress.compress input_send_start=493100552 input_send_end=493100553 input_send_duration_ms=0 bytes=750
[2026-02-02 20:24:18.344] [info] [spider.worker] [TIMING] task_id=fd674c1e-19ff-4809-b795-baa551fe0c81 func=job_orchestration.executor.compress.spider_compress.compress spawn_start=493100552 spawn_end=493100553 spawn_duration_ms=0
[2026-02-02 20:24:47.082] [info] [spider.worker] [TIMING] task_id=fd674c1e-19ff-4809-b795-baa551fe0c81 func=job_orchestration.executor.compress.spider_compress.compress execution_start=493100553 execution_end=493129290 execution_duration_ms=28737
[2026-02-02 20:24:47.114] [info] [spider.worker] [TIMING] task_id=fd674c1e-19ff-4809-b795-baa551fe0c81 func=job_orchestration.executor.compress.spider_compress.compress submit_output_start=493129293 submit_output_end=493129323 submit_output_duration_ms=29
[2026-02-02 20:24:47.133] [info] [spider.worker] [TIMING] task_id=ba16ab99-9808-4ce3-9c6a-11d78151c6cc func=job_orchestration.executor.compress.spider_compress.compress fetch_input_start=493129341 fetch_input_end=493129342 fetch_input_duration_ms=1
[2026-02-02 20:24:47.134] [info] [spider.worker] [TIMING] task_id=ba16ab99-9808-4ce3-9c6a-11d78151c6cc func=job_orchestration.executor.compress.spider_compress.compress input_send_start=493129342 input_send_end=493129342 input_send_duration_ms=0 bytes=755
[2026-02-02 20:24:47.134] [info] [spider.worker] [TIMING] task_id=ba16ab99-9808-4ce3-9c6a-11d78151c6cc func=job_orchestration.executor.compress.spider_compress.compress spawn_start=493129342 spawn_end=493129342 spawn_duration_ms=0
[2026-02-02 20:28:58.373] [info] [spider.worker] [TIMING] task_id=ba16ab99-9808-4ce3-9c6a-11d78151c6cc func=job_orchestration.executor.compress.spider_compress.compress execution_start=493129343 execution_end=493380581 execution_duration_ms=251238
[2026-02-02 20:28:58.590] [info] [spider.worker] [TIMING] task_id=ba16ab99-9808-4ce3-9c6a-11d78151c6cc func=job_orchestration.executor.compress.spider_compress.compress submit_output_start=493380582 submit_output_end=493380798 submit_output_duration_ms=216
[2026-02-02 20:28:58.635] [info] [spider.worker] [TIMING] task_id=8d6eeffd-5efd-492f-a50c-a658b0c80b03 func=job_orchestration.executor.compress.spider_compress.compress fetch_input_start=493380842 fetch_input_end=493380843 fetch_input_duration_ms=1
[2026-02-02 20:28:58.635] [info] [spider.worker] [TIMING] task_id=8d6eeffd-5efd-492f-a50c-a658b0c80b03 func=job_orchestration.executor.compress.spider_compress.compress input_send_start=493380844 input_send_end=493380844 input_send_duration_ms=0 bytes=752
[2026-02-02 20:28:58.635] [info] [spider.worker] [TIMING] task_id=8d6eeffd-5efd-492f-a50c-a658b0c80b03 func=job_orchestration.executor.compress.spider_compress.compress spawn_start=493380843 spawn_end=493380844 spawn_duration_ms=0
[2026-02-02 20:31:15.633] [info] [spider.worker] [TIMING] task_id=8d6eeffd-5efd-492f-a50c-a658b0c80b03 func=job_orchestration.executor.compress.spider_compress.compress execution_start=493380844 execution_end=493517842 execution_duration_ms=136997
[2026-02-02 20:31:15.643] [info] [spider.worker] [TIMING] task_id=8d6eeffd-5efd-492f-a50c-a658b0c80b03 func=job_orchestration.executor.compress.spider_compress.compress submit_output_start=493517844 submit_output_end=493517851 submit_output_duration_ms=6
[2026-02-02 20:31:15.679] [info] [spider.worker] [TIMING] task_id=6ed92c77-f9bb-494e-b24e-00f278a57d29 func=job_orchestration.executor.compress.spider_compress.compress fetch_input_start=493517886 fetch_input_end=493517888 fetch_input_duration_ms=1
[2026-02-02 20:31:15.680] [info] [spider.worker] [TIMING] task_id=6ed92c77-f9bb-494e-b24e-00f278a57d29 func=job_orchestration.executor.compress.spider_compress.compress input_send_start=493517888 input_send_end=493517888 input_send_duration_ms=0 bytes=752
[2026-02-02 20:31:15.680] [info] [spider.worker] [TIMING] task_id=6ed92c77-f9bb-494e-b24e-00f278a57d29 func=job_orchestration.executor.compress.spider_compress.compress spawn_start=493517888 spawn_end=493517888 spawn_duration_ms=0
[2026-02-02 20:35:02.460] [info] [spider.worker] [TIMING] task_id=6ed92c77-f9bb-494e-b24e-00f278a57d29 func=job_orchestration.executor.compress.spider_compress.compress execution_start=493517889 execution_end=493744668 execution_duration_ms=226779
[2026-02-02 20:35:02.470] [info] [spider.worker] [TIMING] task_id=6ed92c77-f9bb-494e-b24e-00f278a57d29 func=job_orchestration.executor.compress.spider_compress.compress submit_output_start=493744670 submit_output_end=493744679 submit_output_duration_ms=8
[2026-02-02 20:35:02.491] [info] [spider.worker] [TIMING] task_id=0dfe761a-bf96-4ce1-8a9e-0f1ae3121805 func=job_orchestration.executor.compress.spider_compress.compress fetch_input_start=493744698 fetch_input_end=493744699 fetch_input_duration_ms=1
[2026-02-02 20:35:02.491] [info] [spider.worker] [TIMING] task_id=0dfe761a-bf96-4ce1-8a9e-0f1ae3121805 func=job_orchestration.executor.compress.spider_compress.compress input_send_start=493744700 input_send_end=493744700 input_send_duration_ms=0 bytes=752
[2026-02-02 20:35:02.491] [info] [spider.worker] [TIMING] task_id=0dfe761a-bf96-4ce1-8a9e-0f1ae3121805 func=job_orchestration.executor.compress.spider_compress.compress spawn_start=493744699 spawn_end=493744700 spawn_duration_ms=0
[2026-02-02 20:37:12.452] [info] [spider.worker] [TIMING] task_id=0dfe761a-bf96-4ce1-8a9e-0f1ae3121805 func=job_orchestration.executor.compress.spider_compress.compress execution_start=493744700 execution_end=493874660 execution_duration_ms=129959
[2026-02-02 20:37:12.475] [info] [spider.worker] [TIMING] task_id=0dfe761a-bf96-4ce1-8a9e-0f1ae3121805 func=job_orchestration.executor.compress.spider_compress.compress submit_output_start=493874661 submit_output_end=493874683 submit_output_duration_ms=21
[2026-02-02 20:37:12.485] [info] [spider.worker] [TIMING] task_id=078d6263-7509-4017-8779-44ff141a17b7 func=job_orchestration.executor.compress.spider_compress.compress fetch_input_start=493874693 fetch_input_end=493874694 fetch_input_duration_ms=0
[2026-02-02 20:37:12.486] [info] [spider.worker] [TIMING] task_id=078d6263-7509-4017-8779-44ff141a17b7 func=job_orchestration.executor.compress.spider_compress.compress input_send_start=493874694 input_send_end=493874694 input_send_duration_ms=0 bytes=840
[2026-02-02 20:37:12.486] [info] [spider.worker] [TIMING] task_id=078d6263-7509-4017-8779-44ff141a17b7 func=job_orchestration.executor.compress.spider_compress.compress spawn_start=493874694 spawn_end=493874694 spawn_duration_ms=0
[2026-02-02 20:38:05.648] [info] [spider.worker] [TIMING] task_id=078d6263-7509-4017-8779-44ff141a17b7 func=job_orchestration.executor.compress.spider_compress.compress execution_start=493874695 execution_end=493927856 execution_duration_ms=53161
[2026-02-02 20:38:05.661] [info] [spider.worker] [TIMING] task_id=078d6263-7509-4017-8779-44ff141a17b7 func=job_orchestration.executor.compress.spider_compress.compress submit_output_start=493927858 submit_output_end=493927870 submit_output_duration_ms=11
[2026-02-02 20:38:05.698] [info] [spider.worker] [TIMING] task_id=bd015580-ec3c-4e37-862a-b9fedbb84d41 func=job_orchestration.executor.compress.spider_compress.compress fetch_input_start=493927905 fetch_input_end=493927906 fetch_input_duration_ms=1
[2026-02-02 20:38:05.698] [info] [spider.worker] [TIMING] task_id=bd015580-ec3c-4e37-862a-b9fedbb84d41 func=job_orchestration.executor.compress.spider_compress.compress input_send_start=493927907 input_send_end=493927907 input_send_duration_ms=0 bytes=748
[2026-02-02 20:38:05.698] [info] [spider.worker] [TIMING] task_id=bd015580-ec3c-4e37-862a-b9fedbb84d41 func=job_orchestration.executor.compress.spider_compress.compress spawn_start=493927906 spawn_end=493927907 spawn_duration_ms=0
[2026-02-02 20:41:00.326] [info] [spider.worker] [TIMING] task_id=bd015580-ec3c-4e37-862a-b9fedbb84d41 func=job_orchestration.executor.compress.spider_compress.compress execution_start=493927907 execution_end=494102535 execution_duration_ms=174627
[2026-02-02 20:41:00.359] [info] [spider.worker] [TIMING] task_id=bd015580-ec3c-4e37-862a-b9fedbb84d41 func=job_orchestration.executor.compress.spider_compress.compress submit_output_start=494102536 submit_output_end=494102568 submit_output_duration_ms=31
[2026-02-02 20:41:00.380] [info] [spider.worker] [TIMING] task_id=faff013d-1b76-4e0d-9444-f06e7fa1abe8 func=job_orchestration.executor.compress.spider_compress.compress fetch_input_start=494102588 fetch_input_end=494102588 fetch_input_duration_ms=0
[2026-02-02 20:41:00.381] [info] [spider.worker] [TIMING] task_id=faff013d-1b76-4e0d-9444-f06e7fa1abe8 func=job_orchestration.executor.compress.spider_compress.compress input_send_start=494102589 input_send_end=494102589 input_send_duration_ms=0 bytes=748
[2026-02-02 20:41:00.381] [info] [spider.worker] [TIMING] task_id=faff013d-1b76-4e0d-9444-f06e7fa1abe8 func=job_orchestration.executor.compress.spider_compress.compress spawn_start=494102589 spawn_end=494102589 spawn_duration_ms=0
[2026-02-02 20:44:06.728] [info] [spider.worker] [TIMING] task_id=faff013d-1b76-4e0d-9444-f06e7fa1abe8 func=job_orchestration.executor.compress.spider_compress.compress execution_start=494102589 execution_end=494288936 execution_duration_ms=186347
[2026-02-02 20:44:06.751] [info] [spider.worker] [TIMING] task_id=faff013d-1b76-4e0d-9444-f06e7fa1abe8 func=job_orchestration.executor.compress.spider_compress.compress submit_output_start=494288938 submit_output_end=494288960 submit_output_duration_ms=21
[2026-02-02 20:44:06.771] [info] [spider.worker] [TIMING] task_id=6705fc7f-b850-49cf-942a-056270066c89 func=job_orchestration.executor.compress.spider_compress.compress fetch_input_start=494288978 fetch_input_end=494288980 fetch_input_duration_ms=1
[2026-02-02 20:44:06.772] [info] [spider.worker] [TIMING] task_id=6705fc7f-b850-49cf-942a-056270066c89 func=job_orchestration.executor.compress.spider_compress.compress input_send_start=494288980 input_send_end=494288980 input_send_duration_ms=0 bytes=852
[2026-02-02 20:44:06.772] [info] [spider.worker] [TIMING] task_id=6705fc7f-b850-49cf-942a-056270066c89 func=job_orchestration.executor.compress.spider_compress.compress spawn_start=494288980 spawn_end=494288980 spawn_duration_ms=0
[2026-02-02 20:44:40.379] [info] [spider.worker] [TIMING] task_id=6705fc7f-b850-49cf-942a-056270066c89 func=job_orchestration.executor.compress.spider_compress.compress execution_start=494288981 execution_end=494322587 execution_duration_ms=33606
[2026-02-02 20:44:40.413] [info] [spider.worker] [TIMING] task_id=6705fc7f-b850-49cf-942a-056270066c89 func=job_orchestration.executor.compress.spider_compress.compress submit_output_start=494322589 submit_output_end=494322622 submit_output_duration_ms=32
[2026-02-02 20:44:40.434] [info] [spider.worker] [TIMING] task_id=7b35b1a0-ae1d-41d4-8d8d-ab06229b4461 func=job_orchestration.executor.compress.spider_compress.compress fetch_input_start=494322641 fetch_input_end=494322642 fetch_input_duration_ms=0
[2026-02-02 20:44:40.434] [info] [spider.worker] [TIMING] task_id=7b35b1a0-ae1d-41d4-8d8d-ab06229b4461 func=job_orchestration.executor.compress.spider_compress.compress input_send_start=494322642 input_send_end=494322642 input_send_duration_ms=0 bytes=751
[2026-02-02 20:44:40.434] [info] [spider.worker] [TIMING] task_id=7b35b1a0-ae1d-41d4-8d8d-ab06229b4461 func=job_orchestration.executor.compress.spider_compress.compress spawn_start=494322642 spawn_end=494322642 spawn_duration_ms=0
[2026-02-02 20:47:57.604] [info] [spider.worker] [TIMING] task_id=7b35b1a0-ae1d-41d4-8d8d-ab06229b4461 func=job_orchestration.executor.compress.spider_compress.compress execution_start=494322643 execution_end=494519812 execution_duration_ms=197169
[2026-02-02 20:47:57.646] [info] [spider.worker] [TIMING] task_id=7b35b1a0-ae1d-41d4-8d8d-ab06229b4461 func=job_orchestration.executor.compress.spider_compress.compress submit_output_start=494519814 submit_output_end=494519854 submit_output_duration_ms=40
[2026-02-02 20:47:57.690] [info] [spider.worker] [TIMING] task_id=fedba4dd-9088-44b7-b1ec-801d53363232 func=job_orchestration.executor.compress.spider_compress.compress fetch_input_start=494519897 fetch_input_end=494519898 fetch_input_duration_ms=0
[2026-02-02 20:47:57.690] [info] [spider.worker] [TIMING] task_id=fedba4dd-9088-44b7-b1ec-801d53363232 func=job_orchestration.executor.compress.spider_compress.compress input_send_start=494519898 input_send_end=494519898 input_send_duration_ms=0 bytes=750
[2026-02-02 20:47:57.690] [info] [spider.worker] [TIMING] task_id=fedba4dd-9088-44b7-b1ec-801d53363232 func=job_orchestration.executor.compress.spider_compress.compress spawn_start=494519898 spawn_end=494519898 spawn_duration_ms=0
[2026-02-02 20:51:55.359] [info] [spider.worker] [TIMING] task_id=fedba4dd-9088-44b7-b1ec-801d53363232 func=job_orchestration.executor.compress.spider_compress.compress execution_start=494519898 execution_end=494757568 execution_duration_ms=237669
[2026-02-02 20:51:55.372] [info] [spider.worker] [TIMING] task_id=fedba4dd-9088-44b7-b1ec-801d53363232 func=job_orchestration.executor.compress.spider_compress.compress submit_output_start=494757570 submit_output_end=494757581 submit_output_duration_ms=10
[2026-02-02 20:51:55.393] [info] [spider.worker] [TIMING] task_id=94414114-e41b-4631-886a-e422b94c8707 func=job_orchestration.executor.compress.spider_compress.compress fetch_input_start=494757600 fetch_input_end=494757601 fetch_input_duration_ms=1
[2026-02-02 20:51:55.393] [info] [spider.worker] [TIMING] task_id=94414114-e41b-4631-886a-e422b94c8707 func=job_orchestration.executor.compress.spider_compress.compress input_send_start=494757602 input_send_end=494757602 input_send_duration_ms=0 bytes=751
[2026-02-02 20:51:55.393] [info] [spider.worker] [TIMING] task_id=94414114-e41b-4631-886a-e422b94c8707 func=job_orchestration.executor.compress.spider_compress.compress spawn_start=494757601 spawn_end=494757602 spawn_duration_ms=0
[2026-02-02 20:52:28.231] [info] [spider.worker] [TIMING] task_id=94414114-e41b-4631-886a-e422b94c8707 func=job_orchestration.executor.compress.spider_compress.compress execution_start=494757602 execution_end=494790439 execution_duration_ms=32836
[2026-02-02 20:52:28.267] [info] [spider.worker] [TIMING] task_id=94414114-e41b-4631-886a-e422b94c8707 func=job_orchestration.executor.compress.spider_compress.compress submit_output_start=494790441 submit_output_end=494790475 submit_output_duration_ms=34
[2026-02-02 20:52:28.297] [info] [spider.worker] [TIMING] task_id=8d34a860-0750-42e5-8f5d-96210d58d10f func=job_orchestration.executor.compress.spider_compress.compress fetch_input_start=494790504 fetch_input_end=494790505 fetch_input_duration_ms=0
[2026-02-02 20:52:28.298] [info] [spider.worker] [TIMING] task_id=8d34a860-0750-42e5-8f5d-96210d58d10f func=job_orchestration.executor.compress.spider_compress.compress input_send_start=494790506 input_send_end=494790506 input_send_duration_ms=0 bytes=754
[2026-02-02 20:52:28.298] [info] [spider.worker] [TIMING] task_id=8d34a860-0750-42e5-8f5d-96210d58d10f func=job_orchestration.executor.compress.spider_compress.compress spawn_start=494790505 spawn_end=494790506 spawn_duration_ms=0
[2026-02-02 20:55:21.018] [info] [spider.worker] [TIMING] task_id=8d34a860-0750-42e5-8f5d-96210d58d10f func=job_orchestration.executor.compress.spider_compress.compress execution_start=494790506 execution_end=494963226 execution_duration_ms=172720
[2026-02-02 20:55:21.036] [info] [spider.worker] [TIMING] task_id=8d34a860-0750-42e5-8f5d-96210d58d10f func=job_orchestration.executor.compress.spider_compress.compress submit_output_start=494963228 submit_output_end=494963244 submit_output_duration_ms=15
[2026-02-02 20:55:21.056] [info] [spider.worker] [TIMING] task_id=1c10d036-8730-4c8d-9025-326d1cb82b56 func=job_orchestration.executor.compress.spider_compress.compress fetch_input_start=494963263 fetch_input_end=494963264 fetch_input_duration_ms=1
[2026-02-02 20:55:21.056] [info] [spider.worker] [TIMING] task_id=1c10d036-8730-4c8d-9025-326d1cb82b56 func=job_orchestration.executor.compress.spider_compress.compress input_send_start=494963265 input_send_end=494963265 input_send_duration_ms=0 bytes=750
[2026-02-02 20:55:21.056] [info] [spider.worker] [TIMING] task_id=1c10d036-8730-4c8d-9025-326d1cb82b56 func=job_orchestration.executor.compress.spider_compress.compress spawn_start=494963264 spawn_end=494963265 spawn_duration_ms=0
[2026-02-02 20:55:51.715] [info] [spider.worker] [TIMING] task_id=1c10d036-8730-4c8d-9025-326d1cb82b56 func=job_orchestration.executor.compress.spider_compress.compress execution_start=494963265 execution_end=494993924 execution_duration_ms=30658
[2026-02-02 20:55:51.752] [info] [spider.worker] [TIMING] task_id=1c10d036-8730-4c8d-9025-326d1cb82b56 func=job_orchestration.executor.compress.spider_compress.compress submit_output_start=494993926 submit_output_end=494993961 submit_output_duration_ms=34
[2026-02-02 20:55:51.769] [info] [spider.worker] [TIMING] task_id=00733d76-00c2-45ba-b809-e3efde7aadd6 func=job_orchestration.executor.compress.spider_compress.compress fetch_input_start=494993976 fetch_input_end=494993977 fetch_input_duration_ms=0
[2026-02-02 20:55:51.769] [info] [spider.worker] [TIMING] task_id=00733d76-00c2-45ba-b809-e3efde7aadd6 func=job_orchestration.executor.compress.spider_compress.compress input_send_start=494993978 input_send_end=494993978 input_send_duration_ms=0 bytes=751
[2026-02-02 20:55:51.769] [info] [spider.worker] [TIMING] task_id=00733d76-00c2-45ba-b809-e3efde7aadd6 func=job_orchestration.executor.compress.spider_compress.compress spawn_start=494993977 spawn_end=494993978 spawn_duration_ms=0
[2026-02-02 20:56:10.887] [info] [spider.worker] [TIMING] task_id=00733d76-00c2-45ba-b809-e3efde7aadd6 func=job_orchestration.executor.compress.spider_compress.compress execution_start=494993978 execution_end=495013095 execution_duration_ms=19117
[2026-02-02 20:56:10.906] [info] [spider.worker] [TIMING] task_id=00733d76-00c2-45ba-b809-e3efde7aadd6 func=job_orchestration.executor.compress.spider_compress.compress submit_output_start=495013097 submit_output_end=495013114 submit_output_duration_ms=17
[2026-02-02 20:56:10.940] [info] [spider.worker] [TIMING] task_id=baea1cce-e9c2-42d3-a8a8-697d70de9066 func=job_orchestration.executor.compress.spider_compress.compress fetch_input_start=495013147 fetch_input_end=495013149 fetch_input_duration_ms=1
[2026-02-02 20:56:10.941] [info] [spider.worker] [TIMING] task_id=baea1cce-e9c2-42d3-a8a8-697d70de9066 func=job_orchestration.executor.compress.spider_compress.compress input_send_start=495013149 input_send_end=495013149 input_send_duration_ms=0 bytes=747
[2026-02-02 20:56:10.941] [info] [spider.worker] [TIMING] task_id=baea1cce-e9c2-42d3-a8a8-697d70de9066 func=job_orchestration.executor.compress.spider_compress.compress spawn_start=495013149 spawn_end=495013150 spawn_duration_ms=0
[2026-02-02 20:56:45.910] [info] [spider.worker] [TIMING] task_id=baea1cce-e9c2-42d3-a8a8-697d70de9066 func=job_orchestration.executor.compress.spider_compress.compress execution_start=495013150 execution_end=495048118 execution_duration_ms=34968
[2026-02-02 20:56:45.957] [info] [spider.worker] [TIMING] task_id=baea1cce-e9c2-42d3-a8a8-697d70de9066 func=job_orchestration.executor.compress.spider_compress.compress submit_output_start=495048121 submit_output_end=495048166 submit_output_duration_ms=44
[2026-02-02 20:56:45.980] [info] [spider.worker] [TIMING] task_id=dd117cc0-6372-4e5f-927e-2b9d1f841581 func=job_orchestration.executor.compress.spider_compress.compress fetch_input_start=495048187 fetch_input_end=495048188 fetch_input_duration_ms=0
[2026-02-02 20:56:45.981] [info] [spider.worker] [TIMING] task_id=dd117cc0-6372-4e5f-927e-2b9d1f841581 func=job_orchestration.executor.compress.spider_compress.compress input_send_start=495048189 input_send_end=495048189 input_send_duration_ms=0 bytes=756
[2026-02-02 20:56:45.981] [info] [spider.worker] [TIMING] task_id=dd117cc0-6372-4e5f-927e-2b9d1f841581 func=job_orchestration.executor.compress.spider_compress.compress spawn_start=495048188 spawn_end=495048189 spawn_duration_ms=0
[2026-02-02 20:57:21.811] [info] [spider.worker] [TIMING] task_id=dd117cc0-6372-4e5f-927e-2b9d1f841581 func=job_orchestration.executor.compress.spider_compress.compress execution_start=495048189 execution_end=495084019 execution_duration_ms=35830
[2026-02-02 20:57:22.116] [info] [spider.worker] [TIMING] task_id=dd117cc0-6372-4e5f-927e-2b9d1f841581 func=job_orchestration.executor.compress.spider_compress.compress submit_output_start=495084021 submit_output_end=495084324 submit_output_duration_ms=303
[2026-02-02 20:57:22.337] [info] [spider.worker] [TIMING] task_id=03e0d0cf-b8a0-4e5c-bbe9-b80285259f42 func=job_orchestration.executor.compress.spider_compress.compress fetch_input_start=495084544 fetch_input_end=495084545 fetch_input_duration_ms=1
[2026-02-02 20:57:22.337] [info] [spider.worker] [TIMING] task_id=03e0d0cf-b8a0-4e5c-bbe9-b80285259f42 func=job_orchestration.executor.compress.spider_compress.compress input_send_start=495084546 input_send_end=495084546 input_send_duration_ms=0 bytes=751
[2026-02-02 20:57:22.337] [info] [spider.worker] [TIMING] task_id=03e0d0cf-b8a0-4e5c-bbe9-b80285259f42 func=job_orchestration.executor.compress.spider_compress.compress spawn_start=495084545 spawn_end=495084546 spawn_duration_ms=0
[2026-02-02 20:58:33.813] [info] [spider.worker] [TIMING] task_id=03e0d0cf-b8a0-4e5c-bbe9-b80285259f42 func=job_orchestration.executor.compress.spider_compress.compress execution_start=495084546 execution_end=495156021 execution_duration_ms=71475
[2026-02-02 20:58:33.825] [info] [spider.worker] [TIMING] task_id=03e0d0cf-b8a0-4e5c-bbe9-b80285259f42 func=job_orchestration.executor.compress.spider_compress.compress submit_output_start=495156023 submit_output_end=495156034 submit_output_duration_ms=10
[2026-02-02 20:58:33.943] [info] [spider.worker] [TIMING] task_id=f91b0f46-b4fa-45ae-aaa0-273e11eba11d func=job_orchestration.executor.compress.spider_compress.compress fetch_input_start=495156150 fetch_input_end=495156151 fetch_input_duration_ms=1
[2026-02-02 20:58:33.944] [info] [spider.worker] [TIMING] task_id=f91b0f46-b4fa-45ae-aaa0-273e11eba11d func=job_orchestration.executor.compress.spider_compress.compress input_send_start=495156152 input_send_end=495156152 input_send_duration_ms=0 bytes=755
[2026-02-02 20:58:33.944] [info] [spider.worker] [TIMING] task_id=f91b0f46-b4fa-45ae-aaa0-273e11eba11d func=job_orchestration.executor.compress.spider_compress.compress spawn_start=495156151 spawn_end=495156152 spawn_duration_ms=0
[2026-02-02 21:00:46.776] [info] [spider.worker] [TIMING] task_id=f91b0f46-b4fa-45ae-aaa0-273e11eba11d func=job_orchestration.executor.compress.spider_compress.compress execution_start=495156152 execution_end=495288984 execution_duration_ms=132831
[2026-02-02 21:00:46.796] [info] [spider.worker] [TIMING] task_id=f91b0f46-b4fa-45ae-aaa0-273e11eba11d func=job_orchestration.executor.compress.spider_compress.compress submit_output_start=495288985 submit_output_end=495289004 submit_output_duration_ms=18
[2026-02-02 21:00:46.806] [info] [spider.worker] [TIMING] task_id=7d23c909-b514-4593-9135-55f003e22b8e func=job_orchestration.executor.compress.spider_compress.compress fetch_input_start=495289013 fetch_input_end=495289014 fetch_input_duration_ms=0
[2026-02-02 21:00:46.806] [info] [spider.worker] [TIMING] task_id=7d23c909-b514-4593-9135-55f003e22b8e func=job_orchestration.executor.compress.spider_compress.compress input_send_start=495289015 input_send_end=495289015 input_send_duration_ms=0 bytes=755
[2026-02-02 21:00:46.806] [info] [spider.worker] [TIMING] task_id=7d23c909-b514-4593-9135-55f003e22b8e func=job_orchestration.executor.compress.spider_compress.compress spawn_start=495289014 spawn_end=495289015 spawn_duration_ms=0
[2026-02-02 21:01:12.948] [info] [spider.worker] [TIMING] task_id=7d23c909-b514-4593-9135-55f003e22b8e func=job_orchestration.executor.compress.spider_compress.compress execution_start=495289015 execution_end=495315156 execution_duration_ms=26141
[2026-02-02 21:01:12.985] [info] [spider.worker] [TIMING] task_id=7d23c909-b514-4593-9135-55f003e22b8e func=job_orchestration.executor.compress.spider_compress.compress submit_output_start=495315158 submit_output_end=495315193 submit_output_duration_ms=35
[2026-02-02 21:01:13.005] [info] [spider.worker] [TIMING] task_id=ebe0ef4d-ba3b-4292-b7dd-066b0ab265e7 func=job_orchestration.executor.compress.spider_compress.compress fetch_input_start=495315212 fetch_input_end=495315213 fetch_input_duration_ms=1
[2026-02-02 21:01:13.005] [info] [spider.worker] [TIMING] task_id=ebe0ef4d-ba3b-4292-b7dd-066b0ab265e7 func=job_orchestration.executor.compress.spider_compress.compress input_send_start=495315214 input_send_end=495315214 input_send_duration_ms=0 bytes=755
[2026-02-02 21:01:13.005] [info] [spider.worker] [TIMING] task_id=ebe0ef4d-ba3b-4292-b7dd-066b0ab265e7 func=job_orchestration.executor.compress.spider_compress.compress spawn_start=495315213 spawn_end=495315214 spawn_duration_ms=0
[2026-02-02 21:01:36.245] [info] [spider.worker] [TIMING] task_id=ebe0ef4d-ba3b-4292-b7dd-066b0ab265e7 func=job_orchestration.executor.compress.spider_compress.compress execution_start=495315214 execution_end=495338454 execution_duration_ms=23239
[2026-02-02 21:01:36.258] [info] [spider.worker] [TIMING] task_id=ebe0ef4d-ba3b-4292-b7dd-066b0ab265e7 func=job_orchestration.executor.compress.spider_compress.compress submit_output_start=495338456 submit_output_end=495338466 submit_output_duration_ms=10
[2026-02-02 21:01:36.277] [info] [spider.worker] [TIMING] task_id=a105935f-841e-4aff-bde2-c032155623c2 func=job_orchestration.executor.compress.spider_compress.compress fetch_input_start=495338485 fetch_input_end=495338486 fetch_input_duration_ms=1
[2026-02-02 21:01:36.278] [info] [spider.worker] [TIMING] task_id=a105935f-841e-4aff-bde2-c032155623c2 func=job_orchestration.executor.compress.spider_compress.compress input_send_start=495338486 input_send_end=495338487 input_send_duration_ms=0 bytes=844
[2026-02-02 21:01:36.278] [info] [spider.worker] [TIMING] task_id=a105935f-841e-4aff-bde2-c032155623c2 func=job_orchestration.executor.compress.spider_compress.compress spawn_start=495338486 spawn_end=495338487 spawn_duration_ms=0
[2026-02-02 21:03:40.876] [info] [spider.worker] [TIMING] task_id=a105935f-841e-4aff-bde2-c032155623c2 func=job_orchestration.executor.compress.spider_compress.compress execution_start=495338487 execution_end=495463085 execution_duration_ms=124598
[2026-02-02 21:03:40.914] [info] [spider.worker] [TIMING] task_id=a105935f-841e-4aff-bde2-c032155623c2 func=job_orchestration.executor.compress.spider_compress.compress submit_output_start=495463087 submit_output_end=495463122 submit_output_duration_ms=35
[2026-02-02 21:03:40.932] [info] [spider.worker] [TIMING] task_id=4709069e-e5b5-4659-89cf-c34f4b9f96b4 func=job_orchestration.executor.compress.spider_compress.compress fetch_input_start=495463139 fetch_input_end=495463140 fetch_input_duration_ms=1
[2026-02-02 21:03:40.932] [info] [spider.worker] [TIMING] task_id=4709069e-e5b5-4659-89cf-c34f4b9f96b4 func=job_orchestration.executor.compress.spider_compress.compress input_send_start=495463141 input_send_end=495463141 input_send_duration_ms=0 bytes=755
[2026-02-02 21:03:40.932] [info] [spider.worker] [TIMING] task_id=4709069e-e5b5-4659-89cf-c34f4b9f96b4 func=job_orchestration.executor.compress.spider_compress.compress spawn_start=495463140 spawn_end=495463141 spawn_duration_ms=0
[2026-02-02 21:03:52.569] [info] [spider.worker] [TIMING] task_id=4709069e-e5b5-4659-89cf-c34f4b9f96b4 func=job_orchestration.executor.compress.spider_compress.compress execution_start=495463141 execution_end=495474777 execution_duration_ms=11636
[2026-02-02 21:03:52.578] [info] [spider.worker] [TIMING] task_id=4709069e-e5b5-4659-89cf-c34f4b9f96b4 func=job_orchestration.executor.compress.spider_compress.compress submit_output_start=495474779 submit_output_end=495474787 submit_output_duration_ms=7
[2026-02-02 21:03:52.598] [info] [spider.worker] [TIMING] task_id=ec6c8d30-faa5-491b-af9e-c5a8e774f031 func=job_orchestration.executor.compress.spider_compress.compress fetch_input_start=495474805 fetch_input_end=495474807 fetch_input_duration_ms=1
[2026-02-02 21:03:52.599] [info] [spider.worker] [TIMING] task_id=ec6c8d30-faa5-491b-af9e-c5a8e774f031 func=job_orchestration.executor.compress.spider_compress.compress input_send_start=495474807 input_send_end=495474807 input_send_duration_ms=0 bytes=751
[2026-02-02 21:03:52.599] [info] [spider.worker] [TIMING] task_id=ec6c8d30-faa5-491b-af9e-c5a8e774f031 func=job_orchestration.executor.compress.spider_compress.compress spawn_start=495474807 spawn_end=495474807 spawn_duration_ms=0
[2026-02-02 21:04:08.387] [info] [spider.worker] [TIMING] task_id=ec6c8d30-faa5-491b-af9e-c5a8e774f031 func=job_orchestration.executor.compress.spider_compress.compress execution_start=495474808 execution_end=495490595 execution_duration_ms=15787
[2026-02-02 21:04:08.431] [info] [spider.worker] [TIMING] task_id=ec6c8d30-faa5-491b-af9e-c5a8e774f031 func=job_orchestration.executor.compress.spider_compress.compress submit_output_start=495490597 submit_output_end=495490640 submit_output_duration_ms=42
[2026-02-02 21:04:08.497] [info] [spider.worker] [TIMING] task_id=395237e3-bf82-4eab-9e31-60b2150ebf40 func=job_orchestration.executor.compress.spider_compress.compress fetch_input_start=495490704 fetch_input_end=495490706 fetch_input_duration_ms=1
[2026-02-02 21:04:08.498] [info] [spider.worker] [TIMING] task_id=395237e3-bf82-4eab-9e31-60b2150ebf40 func=job_orchestration.executor.compress.spider_compress.compress input_send_start=495490706 input_send_end=495490706 input_send_duration_ms=0 bytes=748
[2026-02-02 21:04:08.498] [info] [spider.worker] [TIMING] task_id=395237e3-bf82-4eab-9e31-60b2150ebf40 func=job_orchestration.executor.compress.spider_compress.compress spawn_start=495490706 spawn_end=495490707 spawn_duration_ms=0
[2026-02-02 21:04:21.025] [info] [spider.worker] [TIMING] task_id=395237e3-bf82-4eab-9e31-60b2150ebf40 func=job_orchestration.executor.compress.spider_compress.compress execution_start=495490707 execution_end=495503234 execution_duration_ms=12526
[2026-02-02 21:04:21.034] [info] [spider.worker] [TIMING] task_id=395237e3-bf82-4eab-9e31-60b2150ebf40 func=job_orchestration.executor.compress.spider_compress.compress submit_output_start=495503236 submit_output_end=495503242 submit_output_duration_ms=6
[2026-02-02 21:04:21.074] [info] [spider.worker] [TIMING] task_id=74e26dd1-85f7-4494-abc9-7a75983adadd func=job_orchestration.executor.compress.spider_compress.compress fetch_input_start=495503281 fetch_input_end=495503282 fetch_input_duration_ms=1
[2026-02-02 21:04:21.075] [info] [spider.worker] [TIMING] task_id=74e26dd1-85f7-4494-abc9-7a75983adadd func=job_orchestration.executor.compress.spider_compress.compress input_send_start=495503283 input_send_end=495503283 input_send_duration_ms=0 bytes=748
[2026-02-02 21:04:21.075] [info] [spider.worker] [TIMING] task_id=74e26dd1-85f7-4494-abc9-7a75983adadd func=job_orchestration.executor.compress.spider_compress.compress spawn_start=495503282 spawn_end=495503283 spawn_duration_ms=0
[2026-02-02 21:04:38.096] [info] [spider.worker] [TIMING] task_id=74e26dd1-85f7-4494-abc9-7a75983adadd func=job_orchestration.executor.compress.spider_compress.compress execution_start=495503283 execution_end=495520304 execution_duration_ms=17020
[2026-02-02 21:04:38.116] [info] [spider.worker] [TIMING] task_id=74e26dd1-85f7-4494-abc9-7a75983adadd func=job_orchestration.executor.compress.spider_compress.compress submit_output_start=495520306 submit_output_end=495520325 submit_output_duration_ms=18
[2026-02-02 21:04:38.144] [info] [spider.worker] [TIMING] task_id=9632c59c-535d-4686-bf4d-cca846508fb6 func=job_orchestration.executor.compress.spider_compress.compress fetch_input_start=495520351 fetch_input_end=495520352 fetch_input_duration_ms=1
[2026-02-02 21:04:38.144] [info] [spider.worker] [TIMING] task_id=9632c59c-535d-4686-bf4d-cca846508fb6 func=job_orchestration.executor.compress.spider_compress.compress input_send_start=495520353 input_send_end=495520353 input_send_duration_ms=0 bytes=750
[2026-02-02 21:04:38.144] [info] [spider.worker] [TIMING] task_id=9632c59c-535d-4686-bf4d-cca846508fb6 func=job_orchestration.executor.compress.spider_compress.compress spawn_start=495520352 spawn_end=495520353 spawn_duration_ms=0
[2026-02-02 21:04:56.662] [info] [spider.worker] [TIMING] task_id=9632c59c-535d-4686-bf4d-cca846508fb6 func=job_orchestration.executor.compress.spider_compress.compress execution_start=495520353 execution_end=495538871 execution_duration_ms=18517
[2026-02-02 21:04:56.697] [info] [spider.worker] [TIMING] task_id=9632c59c-535d-4686-bf4d-cca846508fb6 func=job_orchestration.executor.compress.spider_compress.compress submit_output_start=495538874 submit_output_end=495538905 submit_output_duration_ms=31
[2026-02-02 21:04:56.734] [info] [spider.worker] [TIMING] task_id=772a78f7-44e8-43a2-9c92-d2bcb1f10758 func=job_orchestration.executor.compress.spider_compress.compress fetch_input_start=495538941 fetch_input_end=495538942 fetch_input_duration_ms=1
[2026-02-02 21:04:56.735] [info] [spider.worker] [TIMING] task_id=772a78f7-44e8-43a2-9c92-d2bcb1f10758 func=job_orchestration.executor.compress.spider_compress.compress input_send_start=495538943 input_send_end=495538943 input_send_duration_ms=0 bytes=751
[2026-02-02 21:04:56.735] [info] [spider.worker] [TIMING] task_id=772a78f7-44e8-43a2-9c92-d2bcb1f10758 func=job_orchestration.executor.compress.spider_compress.compress spawn_start=495538942 spawn_end=495538943 spawn_duration_ms=0
[2026-02-02 21:05:19.118] [info] [spider.worker] [TIMING] task_id=772a78f7-44e8-43a2-9c92-d2bcb1f10758 func=job_orchestration.executor.compress.spider_compress.compress execution_start=495538943 execution_end=495561327 execution_duration_ms=22383
[2026-02-02 21:05:19.163] [info] [spider.worker] [TIMING] task_id=772a78f7-44e8-43a2-9c92-d2bcb1f10758 func=job_orchestration.executor.compress.spider_compress.compress submit_output_start=495561328 submit_output_end=495561371 submit_output_duration_ms=42
[2026-02-02 21:05:19.294] [info] [spider.worker] [TIMING] task_id=f8b5765d-2df6-47d3-9833-7112aec67ad4 func=job_orchestration.executor.compress.spider_compress.compress fetch_input_start=495561501 fetch_input_end=495561503 fetch_input_duration_ms=1
[2026-02-02 21:05:19.295] [info] [spider.worker] [TIMING] task_id=f8b5765d-2df6-47d3-9833-7112aec67ad4 func=job_orchestration.executor.compress.spider_compress.compress input_send_start=495561503 input_send_end=495561503 input_send_duration_ms=0 bytes=751
[2026-02-02 21:05:19.295] [info] [spider.worker] [TIMING] task_id=f8b5765d-2df6-47d3-9833-7112aec67ad4 func=job_orchestration.executor.compress.spider_compress.compress spawn_start=495561503 spawn_end=495561503 spawn_duration_ms=0
[2026-02-02 21:06:53.998] [info] [spider.worker] [TIMING] task_id=f8b5765d-2df6-47d3-9833-7112aec67ad4 func=job_orchestration.executor.compress.spider_compress.compress execution_start=495561504 execution_end=495656206 execution_duration_ms=94702
[2