[2026-02-02 22:02:49.590] [warning] [spider.worker] Prefer using `SPIDER_STORAGE_URL` environment variable over `--storage_url` argument.
[2026-02-02 22:03:32.253] [info] [spider.worker] [TIMING] task_id=48179788-48cb-428f-8110-36e7831983ab func=job_orchestration.executor.query.spider_search_task.search_without_channel fetch_input_start=499054460 fetch_input_end=499054461 fetch_input_duration_ms=1
[2026-02-02 22:03:32.254] [info] [spider.worker] [TIMING] task_id=48179788-48cb-428f-8110-36e7831983ab func=job_orchestration.executor.query.spider_search_task.search_without_channel input_send_start=499054462 input_send_end=499054462 input_send_duration_ms=0 bytes=612
[2026-02-02 22:03:32.254] [info] [spider.worker] [TIMING] task_id=48179788-48cb-428f-8110-36e7831983ab func=job_orchestration.executor.query.spider_search_task.search_without_channel spawn_start=499054461 spawn_end=499054462 spawn_duration_ms=0
[2026-02-02 22:03:33.638] [info] [spider.worker] [TIMING] task_id=48179788-48cb-428f-8110-36e7831983ab func=job_orchestration.executor.query.spider_search_task.search_without_channel execution_start=499054462 execution_end=499055847 execution_duration_ms=1384
[2026-02-02 22:03:33.683] [info] [spider.worker] [TIMING] task_id=48179788-48cb-428f-8110-36e7831983ab func=job_orchestration.executor.query.spider_search_task.search_without_channel submit_output_start=499055851 submit_output_end=499055892 submit_output_duration_ms=40
[2026-02-02 22:03:33.731] [info] [spider.worker] [TIMING] task_id=1ae63774-e352-4e5d-b1fe-303f6c361720 func=job_orchestration.executor.query.spider_search_task.search_without_channel fetch_input_start=499055939 fetch_input_end=499055940 fetch_input_duration_ms=1
[2026-02-02 22:03:33.732] [info] [spider.worker] [TIMING] task_id=1ae63774-e352-4e5d-b1fe-303f6c361720 func=job_orchestration.executor.query.spider_search_task.search_without_channel input_send_start=499055940 input_send_end=499055940 input_send_duration_ms=0 bytes=612
[2026-02-02 22:03:33.732] [info] [spider.worker] [TIMING] task_id=1ae63774-e352-4e5d-b1fe-303f6c361720 func=job_orchestration.executor.query.spider_search_task.search_without_channel spawn_start=499055940 spawn_end=499055940 spawn_duration_ms=0
[2026-02-02 22:03:35.213] [info] [spider.worker] [TIMING] task_id=1ae63774-e352-4e5d-b1fe-303f6c361720 func=job_orchestration.executor.query.spider_search_task.search_without_channel execution_start=499055941 execution_end=499057421 execution_duration_ms=1480
[2026-02-02 22:03:35.238] [info] [spider.worker] [TIMING] task_id=1ae63774-e352-4e5d-b1fe-303f6c361720 func=job_orchestration.executor.query.spider_search_task.search_without_channel submit_output_start=499057429 submit_output_end=499057446 submit_output_duration_ms=17
[2026-02-02 22:03:35.272] [info] [spider.worker] [TIMING] task_id=ecd373ac-6a19-4162-a0c3-8c0fd061c97f func=job_orchestration.executor.query.spider_search_task.search_without_channel fetch_input_start=499057480 fetch_input_end=499057481 fetch_input_duration_ms=0
[2026-02-02 22:03:35.273] [info] [spider.worker] [TIMING] task_id=ecd373ac-6a19-4162-a0c3-8c0fd061c97f func=job_orchestration.executor.query.spider_search_task.search_without_channel input_send_start=499057481 input_send_end=499057481 input_send_duration_ms=0 bytes=612
[2026-02-02 22:03:35.273] [info] [spider.worker] [TIMING] task_id=ecd373ac-6a19-4162-a0c3-8c0fd061c97f func=job_orchestration.executor.query.spider_search_task.search_without_channel spawn_start=499057481 spawn_end=499057481 spawn_duration_ms=0
[2026-02-02 22:03:36.639] [info] [spider.worker] [TIMING] task_id=ecd373ac-6a19-4162-a0c3-8c0fd061c97f func=job_orchestration.executor.query.spider_search_task.search_without_channel execution_start=499057481 execution_end=499058847 execution_duration_ms=1365
[2026-02-02 22:03:36.655] [info] [spider.worker] [TIMING] task_id=ecd373ac-6a19-4162-a0c3-8c0fd061c97f func=job_orchestration.executor.query.spider_search_task.search_without_channel submit_output_start=499058849 submit_output_end=499058863 submit_output_duration_ms=14
[2026-02-02 22:03:36.692] [info] [spider.worker] [TIMING] task_id=7f362936-a4e7-4672-b78f-0e923feb247c func=job_orchestration.executor.query.spider_search_task.search_without_channel fetch_input_start=499058899 fetch_input_end=499058900 fetch_input_duration_ms=1
[2026-02-02 22:03:36.693] [info] [spider.worker] [TIMING] task_id=7f362936-a4e7-4672-b78f-0e923feb247c func=job_orchestration.executor.query.spider_search_task.search_without_channel input_send_start=499058901 input_send_end=499058901 input_send_duration_ms=0 bytes=611
[2026-02-02 22:03:36.693] [info] [spider.worker] [TIMING] task_id=7f362936-a4e7-4672-b78f-0e923feb247c func=job_orchestration.executor.query.spider_search_task.search_without_channel spawn_start=499058900 spawn_end=499058901 spawn_duration_ms=0
[2026-02-02 22:03:37.942] [info] [spider.worker] [TIMING] task_id=7f362936-a4e7-4672-b78f-0e923feb247c func=job_orchestration.executor.query.spider_search_task.search_without_channel execution_start=499058901 execution_end=499060150 execution_duration_ms=1249
[2026-02-02 22:03:37.972] [info] [spider.worker] [TIMING] task_id=7f362936-a4e7-4672-b78f-0e923feb247c func=job_orchestration.executor.query.spider_search_task.search_without_channel submit_output_start=499060158 submit_output_end=499060180 submit_output_duration_ms=21
[2026-02-02 22:03:38.045] [info] [spider.worker] [TIMING] task_id=8bb1a715-3c4b-44bd-88fa-9da7a3b4d25b func=job_orchestration.executor.query.spider_search_task.search_without_channel fetch_input_start=499060252 fetch_input_end=499060253 fetch_input_duration_ms=1
[2026-02-02 22:03:38.045] [info] [spider.worker] [TIMING] task_id=8bb1a715-3c4b-44bd-88fa-9da7a3b4d25b func=job_orchestration.executor.query.spider_search_task.search_without_channel input_send_start=499060254 input_send_end=499060254 input_send_duration_ms=0 bytes=611
[2026-02-02 22:03:38.045] [info] [spider.worker] [TIMING] task_id=8bb1a715-3c4b-44bd-88fa-9da7a3b4d25b func=job_orchestration.executor.query.spider_search_task.search_without_channel spawn_start=499060253 spawn_end=499060254 spawn_duration_ms=0
[2026-02-02 22:03:39.369] [info] [spider.worker] [TIMING] task_id=8bb1a715-3c4b-44bd-88fa-9da7a3b4d25b func=job_orchestration.executor.query.spider_search_task.search_without_channel execution_start=499060254 execution_end=499061577 execution_duration_ms=1323
[2026-02-02 22:03:39.519] [info] [spider.worker] [TIMING] task_id=8bb1a715-3c4b-44bd-88fa-9da7a3b4d25b func=job_orchestration.executor.query.spider_search_task.search_without_channel submit_output_start=499061579 submit_output_end=499061728 submit_output_duration_ms=148
[2026-02-02 22:03:39.600] [info] [spider.worker] [TIMING] task_id=049d993e-2962-4b1e-975c-d26c7d3729ec func=job_orchestration.executor.query.spider_search_task.search_without_channel fetch_input_start=499061808 fetch_input_end=499061809 fetch_input_duration_ms=0
[2026-02-02 22:03:39.601] [info] [spider.worker] [TIMING] task_id=049d993e-2962-4b1e-975c-d26c7d3729ec func=job_orchestration.executor.query.spider_search_task.search_without_channel input_send_start=499061809 input_send_end=499061809 input_send_duration_ms=0 bytes=612
[2026-02-02 22:03:39.601] [info] [spider.worker] [TIMING] task_id=049d993e-2962-4b1e-975c-d26c7d3729ec func=job_orchestration.executor.query.spider_search_task.search_without_channel spawn_start=499061809 spawn_end=499061809 spawn_duration_ms=0
[2026-02-02 22:03:41.123] [info] [spider.worker] [TIMING] task_id=049d993e-2962-4b1e-975c-d26c7d3729ec func=job_orchestration.executor.query.spider_search_task.search_without_channel execution_start=499061809 execution_end=499063331 execution_duration_ms=1521
[2026-02-02 22:03:41.223] [info] [spider.worker] [TIMING] task_id=049d993e-2962-4b1e-975c-d26c7d3729ec func=job_orchestration.executor.query.spider_search_task.search_without_channel submit_output_start=499063333 submit_output_end=499063431 submit_output_duration_ms=98
[2026-02-02 22:03:41.242] [info] [spider.worker] [TIMING] task_id=9a9e202c-1ccc-451a-a968-6a084a3bd7fa func=job_orchestration.executor.query.spider_search_task.search_without_channel fetch_input_start=499063450 fetch_input_end=499063450 fetch_input_duration_ms=0
[2026-02-02 22:03:41.242] [info] [spider.worker] [TIMING] task_id=9a9e202c-1ccc-451a-a968-6a084a3bd7fa func=job_orchestration.executor.query.spider_search_task.search_without_channel input_send_start=499063451 input_send_end=499063451 input_send_duration_ms=0 bytes=612
[2026-02-02 22:03:41.243] [info] [spider.worker] [TIMING] task_id=9a9e202c-1ccc-451a-a968-6a084a3bd7fa func=job_orchestration.executor.query.spider_search_task.search_without_channel spawn_start=499063450 spawn_end=499063451 spawn_duration_ms=0
[2026-02-02 22:03:42.558] [info] [spider.worker] [TIMING] task_id=9a9e202c-1ccc-451a-a968-6a084a3bd7fa func=job_orchestration.executor.query.spider_search_task.search_without_channel execution_start=499063451 execution_end=499064766 execution_duration_ms=1315
[2026-02-02 22:03:42.659] [info] [spider.worker] [TIMING] task_id=9a9e202c-1ccc-451a-a968-6a084a3bd7fa func=job_orchestration.executor.query.spider_search_task.search_without_channel submit_output_start=499064767 submit_output_end=499064868 submit_output_duration_ms=100
[2026-02-02 22:03:42.729] [info] [spider.worker] [TIMING] task_id=653c84cb-33d4-4387-aba9-67865cd7be24 func=job_orchestration.executor.query.spider_search_task.search_without_channel fetch_input_start=499064937 fetch_input_end=499064937 fetch_input_duration_ms=0
[2026-02-02 22:03:42.730] [info] [spider.worker] [TIMING] task_id=653c84cb-33d4-4387-aba9-67865cd7be24 func=job_orchestration.executor.query.spider_search_task.search_without_channel input_send_start=499064938 input_send_end=499064938 input_send_duration_ms=0 bytes=611
[2026-02-02 22:03:42.730] [info] [spider.worker] [TIMING] task_id=653c84cb-33d4-4387-aba9-67865cd7be24 func=job_orchestration.executor.query.spider_search_task.search_without_channel spawn_start=499064937 spawn_end=499064938 spawn_duration_ms=0
[2026-02-02 22:03:43.940] [info] [spider.worker] [TIMING] task_id=653c84cb-33d4-4387-aba9-67865cd7be24 func=job_orchestration.executor.query.spider_search_task.search_without_channel execution_start=499064938 execution_end=499066148 execution_duration_ms=1209
[2026-02-02 22:03:44.023] [info] [spider.worker] [TIMING] task_id=653c84cb-33d4-4387-aba9-67865cd7be24 func=job_orchestration.executor.query.spider_search_task.search_without_channel submit_output_start=499066150 submit_output_end=499066231 submit_output_duration_ms=81
[2026-02-02 22:03:44.067] [info] [spider.worker] [TIMING] task_id=647397b4-bde3-43ea-a897-726c1fb5c0a6 func=job_orchestration.executor.query.spider_search_task.search_without_channel fetch_input_start=499066274 fetch_input_end=499066275 fetch_input_duration_ms=0
[2026-02-02 22:03:44.067] [info] [spider.worker] [TIMING] task_id=647397b4-bde3-43ea-a897-726c1fb5c0a6 func=job_orchestration.executor.query.spider_search_task.search_without_channel input_send_start=499066275 input_send_end=499066275 input_send_duration_ms=0 bytes=612
[2026-02-02 22:03:44.067] [info] [spider.worker] [TIMING] task_id=647397b4-bde3-43ea-a897-726c1fb5c0a6 func=job_orchestration.executor.query.spider_search_task.search_without_channel spawn_start=499066275 spawn_end=499066275 spawn_duration_ms=0
[2026-02-02 22:03:45.339] [info] [spider.worker] [TIMING] task_id=647397b4-bde3-43ea-a897-726c1fb5c0a6 func=job_orchestration.executor.query.spider_search_task.search_without_channel execution_start=499066276 execution_end=499067547 execution_duration_ms=1271
[2026-02-02 22:03:45.419] [info] [spider.worker] [TIMING] task_id=647397b4-bde3-43ea-a897-726c1fb5c0a6 func=job_orchestration.executor.query.spider_search_task.search_without_channel submit_output_start=499067552 submit_output_end=499067627 submit_output_duration_ms=75
[2026-02-02 22:03:45.639] [info] [spider.worker] [TIMING] task_id=036fa19f-830d-4dc9-b8ff-2aeb0e6faa33 func=job_orchestration.executor.query.spider_search_task.search_without_channel fetch_input_start=499067846 fetch_input_end=499067847 fetch_input_duration_ms=0
[2026-02-02 22:03:45.639] [info] [spider.worker] [TIMING] task_id=036fa19f-830d-4dc9-b8ff-2aeb0e6faa33 func=job_orchestration.executor.query.spider_search_task.search_without_channel input_send_start=499067848 input_send_end=499067848 input_send_duration_ms=0 bytes=612
[2026-02-02 22:03:45.639] [info] [spider.worker] [TIMING] task_id=036fa19f-830d-4dc9-b8ff-2aeb0e6faa33 func=job_orchestration.executor.query.spider_search_task.search_without_channel spawn_start=499067847 spawn_end=499067848 spawn_duration_ms=0
[2026-02-02 22:03:46.906] [info] [spider.worker] [TIMING] task_id=036fa19f-830d-4dc9-b8ff-2aeb0e6faa33 func=job_orchestration.executor.query.spider_search_task.search_without_channel execution_start=499067848 execution_end=499069115 execution_duration_ms=1266
[2026-02-02 22:03:46.925] [info] [spider.worker] [TIMING] task_id=036fa19f-830d-4dc9-b8ff-2aeb0e6faa33 func=job_orchestration.executor.query.spider_search_task.search_without_channel submit_output_start=499069117 submit_output_end=499069133 submit_output_duration_ms=16
[2026-02-02 22:03:46.944] [info] [spider.worker] [TIMING] task_id=b3ee0989-8d9f-43d2-ac08-fc67c5b6cae4 func=job_orchestration.executor.query.spider_search_task.search_without_channel fetch_input_start=499069151 fetch_input_end=499069152 fetch_input_duration_ms=0
[2026-02-02 22:03:46.944] [info] [spider.worker] [TIMING] task_id=b3ee0989-8d9f-43d2-ac08-fc67c5b6cae4 func=job_orchestration.executor.query.spider_search_task.search_without_channel input_send_start=499069152 input_send_end=499069152 input_send_duration_ms=0 bytes=612
[2026-02-02 22:03:46.944] [info] [spider.worker] [TIMING] task_id=b3ee0989-8d9f-43d2-ac08-fc67c5b6cae4 func=job_orchestration.executor.query.spider_search_task.search_without_channel spawn_start=499069152 spawn_end=499069152 spawn_duration_ms=0
[2026-02-02 22:03:48.113] [info] [spider.worker] [TIMING] task_id=b3ee0989-8d9f-43d2-ac08-fc67c5b6cae4 func=job_orchestration.executor.query.spider_search_task.search_without_channel execution_start=499069153 execution_end=499070322 execution_duration_ms=1169
[2026-02-02 22:03:48.141] [info] [spider.worker] [TIMING] task_id=b3ee0989-8d9f-43d2-ac08-fc67c5b6cae4 func=job_orchestration.executor.query.spider_search_task.search_without_channel submit_output_start=499070324 submit_output_end=499070350 submit_output_duration_ms=26
[2026-02-02 22:03:48.235] [info] [spider.worker] [TIMING] task_id=bdd8f052-a2c2-43a3-943c-10c3d5f3a26e func=job_orchestration.executor.query.spider_search_task.search_without_channel fetch_input_start=499070443 fetch_input_end=499070444 fetch_input_duration_ms=0
[2026-02-02 22:03:48.236] [info] [spider.worker] [TIMING] task_id=bdd8f052-a2c2-43a3-943c-10c3d5f3a26e func=job_orchestration.executor.query.spider_search_task.search_without_channel input_send_start=499070444 input_send_end=499070444 input_send_duration_ms=0 bytes=612
[2026-02-02 22:03:48.236] [info] [spider.worker] [TIMING] task_id=bdd8f052-a2c2-43a3-943c-10c3d5f3a26e func=job_orchestration.executor.query.spider_search_task.search_without_channel spawn_start=499070444 spawn_end=499070444 spawn_duration_ms=0
[2026-02-02 22:03:49.430] [info] [spider.worker] [TIMING] task_id=bdd8f052-a2c2-43a3-943c-10c3d5f3a26e func=job_orchestration.executor.query.spider_search_task.search_without_channel execution_start=499070444 execution_end=499071638 execution_duration_ms=1193
[2026-02-02 22:03:49.442] [info] [spider.worker] [TIMING] task_id=bdd8f052-a2c2-43a3-943c-10c3d5f3a26e func=job_orchestration.executor.query.spider_search_task.search_without_channel submit_output_start=499071640 submit_output_end=499071650 submit_output_duration_ms=10
[2026-02-02 22:03:49.452] [info] [spider.worker] [TIMING] task_id=cd51196e-bd0f-470d-8d63-4e3b6cf6b5bd func=job_orchestration.executor.query.spider_search_task.search_without_channel fetch_input_start=499071660 fetch_input_end=499071661 fetch_input_duration_ms=0
[2026-02-02 22:03:49.453] [info] [spider.worker] [TIMING] task_id=cd51196e-bd0f-470d-8d63-4e3b6cf6b5bd func=job_orchestration.executor.query.spider_search_task.search_without_channel input_send_start=499071661 input_send_end=499071661 input_send_duration_ms=0 bytes=612
[2026-02-02 22:03:49.453] [info] [spider.worker] [TIMING] task_id=cd51196e-bd0f-470d-8d63-4e3b6cf6b5bd func=job_orchestration.executor.query.spider_search_task.search_without_channel spawn_start=499071661 spawn_end=499071661 spawn_duration_ms=0
[2026-02-02 22:03:50.731] [info] [spider.worker] [TIMING] task_id=cd51196e-bd0f-470d-8d63-4e3b6cf6b5bd func=job_orchestration.executor.query.spider_search_task.search_without_channel execution_start=499071661 execution_end=499072939 execution_duration_ms=1278
[2026-02-02 22:03:50.764] [info] [spider.worker] [TIMING] task_id=cd51196e-bd0f-470d-8d63-4e3b6cf6b5bd func=job_orchestration.executor.query.spider_search_task.search_without_channel submit_output_start=499072941 submit_output_end=499072972 submit_output_duration_ms=31
[2026-02-02 22:03:50.787] [info] [spider.worker] [TIMING] task_id=d023e24e-e997-44a1-b2f1-7d2cfe34e1dd func=job_orchestration.executor.query.spider_search_task.search_without_channel fetch_input_start=499072994 fetch_input_end=499072996 fetch_input_duration_ms=1
[2026-02-02 22:03:50.788] [info] [spider.worker] [TIMING] task_id=d023e24e-e997-44a1-b2f1-7d2cfe34e1dd func=job_orchestration.executor.query.spider_search_task.search_without_channel input_send_start=499072996 input_send_end=499072996 input_send_duration_ms=0 bytes=612
[2026-02-02 22:03:50.788] [info] [spider.worker] [TIMING] task_id=d023e24e-e997-44a1-b2f1-7d2cfe34e1dd func=job_orchestration.executor.query.spider_search_task.search_without_channel spawn_start=499072996 spawn_end=499072996 spawn_duration_ms=0
[2026-02-02 22:03:52.142] [info] [spider.worker] [TIMING] task_id=d023e24e-e997-44a1-b2f1-7d2cfe34e1dd func=job_orchestration.executor.query.spider_search_task.search_without_channel execution_start=499072996 execution_end=499074350 execution_duration_ms=1353
[2026-02-02 22:03:52.151] [info] [spider.worker] [TIMING] task_id=d023e24e-e997-44a1-b2f1-7d2cfe34e1dd func=job_orchestration.executor.query.spider_search_task.search_without_channel submit_output_start=499074352 submit_output_end=499074359 submit_output_duration_ms=7
[2026-02-02 22:03:52.205] [info] [spider.worker] [TIMING] task_id=efed0ade-e21e-41dd-9184-e7f6865eab7a func=job_orchestration.executor.query.spider_search_task.search_without_channel fetch_input_start=499074412 fetch_input_end=499074413 fetch_input_duration_ms=1
[2026-02-02 22:03:52.205] [info] [spider.worker] [TIMING] task_id=efed0ade-e21e-41dd-9184-e7f6865eab7a func=job_orchestration.executor.query.spider_search_task.search_without_channel input_send_start=499074414 input_send_end=499074414 input_send_duration_ms=0 bytes=612
[2026-02-02 22:03:52.205] [info] [spider.worker] [TIMING] task_id=efed0ade-e21e-41dd-9184-e7f6865eab7a func=job_orchestration.executor.query.spider_search_task.search_without_channel spawn_start=499074413 spawn_end=499074414 spawn_duration_ms=0
[2026-02-02 22:03:53.472] [info] [spider.worker] [TIMING] task_id=efed0ade-e21e-41dd-9184-e7f6865eab7a func=job_orchestration.executor.query.spider_search_task.search_without_channel execution_start=499074414 execution_end=499075680 execution_duration_ms=1266
[2026-02-02 22:03:53.501] [info] [spider.worker] [TIMING] task_id=efed0ade-e21e-41dd-9184-e7f6865eab7a func=job_orchestration.executor.query.spider_search_task.search_without_channel submit_output_start=499075690 submit_output_end=499075710 submit_output_duration_ms=19
[2026-02-02 22:03:53.520] [info] [spider.worker] [TIMING] task_id=3a8d95f1-fb69-4ce1-96a5-71bf330113f1 func=job_orchestration.executor.query.spider_search_task.search_without_channel fetch_input_start=499075728 fetch_input_end=499075729 fetch_input_duration_ms=0
[2026-02-02 22:03:53.521] [info] [spider.worker] [TIMING] task_id=3a8d95f1-fb69-4ce1-96a5-71bf330113f1 func=job_orchestration.executor.query.spider_search_task.search_without_channel input_send_start=499075729 input_send_end=499075729 input_send_duration_ms=0 bytes=612
[2026-02-02 22:03:53.521] [info] [spider.worker] [TIMING] task_id=3a8d95f1-fb69-4ce1-96a5-71bf330113f1 func=job_orchestration.executor.query.spider_search_task.search_without_channel spawn_start=499075729 spawn_end=499075729 spawn_duration_ms=0
[2026-02-02 22:03:54.811] [info] [spider.worker] [TIMING] task_id=3a8d95f1-fb69-4ce1-96a5-71bf330113f1 func=job_orchestration.executor.query.spider_search_task.search_without_channel execution_start=499075730 execution_end=499077020 execution_duration_ms=1290
[2026-02-02 22:03:54.843] [info] [spider.worker] [TIMING] task_id=3a8d95f1-fb69-4ce1-96a5-71bf330113f1 func=job_orchestration.executor.query.spider_search_task.search_without_channel submit_output_start=499077022 submit_output_end=499077052 submit_output_duration_ms=29
[2026-02-02 22:03:54.896] [info] [spider.worker] [TIMING] task_id=3b2ca8b8-aeda-46a3-99fc-8d1634c33513 func=job_orchestration.executor.query.spider_search_task.search_without_channel fetch_input_start=499077103 fetch_input_end=499077104 fetch_input_duration_ms=0
[2026-02-02 22:03:54.896] [info] [spider.worker] [TIMING] task_id=3b2ca8b8-aeda-46a3-99fc-8d1634c33513 func=job_orchestration.executor.query.spider_search_task.search_without_channel input_send_start=499077105 input_send_end=499077105 input_send_duration_ms=0 bytes=612
[2026-02-02 22:03:54.896] [info] [spider.worker] [TIMING] task_id=3b2ca8b8-aeda-46a3-99fc-8d1634c33513 func=job_orchestration.executor.query.spider_search_task.search_without_channel spawn_start=499077104 spawn_end=499077105 spawn_duration_ms=0
[2026-02-02 22:03:56.283] [info] [spider.worker] [TIMING] task_id=3b2ca8b8-aeda-46a3-99fc-8d1634c33513 func=job_orchestration.executor.query.spider_search_task.search_without_channel execution_start=499077105 execution_end=499078492 execution_duration_ms=1386
[2026-02-02 22:03:56.331] [info] [spider.worker] [TIMING] task_id=3b2ca8b8-aeda-46a3-99fc-8d1634c33513 func=job_orchestration.executor.query.spider_search_task.search_without_channel submit_output_start=499078498 submit_output_end=499078540 submit_output_duration_ms=41
[2026-02-02 22:03:56.355] [info] [spider.worker] [TIMING] task_id=29a3aacb-d418-40f3-bb2b-90b629cefa40 func=job_orchestration.executor.query.spider_search_task.search_without_channel fetch_input_start=499078562 fetch_input_end=499078564 fetch_input_duration_ms=1
[2026-02-02 22:03:56.356] [info] [spider.worker] [TIMING] task_id=29a3aacb-d418-40f3-bb2b-90b629cefa40 func=job_orchestration.executor.query.spider_search_task.search_without_channel input_send_start=499078564 input_send_end=499078564 input_send_duration_ms=0 bytes=612
[2026-02-02 22:03:56.356] [info] [spider.worker] [TIMING] task_id=29a3aacb-d418-40f3-bb2b-90b629cefa40 func=job_orchestration.executor.query.spider_search_task.search_without_channel spawn_start=499078564 spawn_end=499078564 spawn_duration_ms=0
[2026-02-02 22:03:57.512] [info] [spider.worker] [TIMING] task_id=29a3aacb-d418-40f3-bb2b-90b629cefa40 func=job_orchestration.executor.query.spider_search_task.search_without_channel execution_start=499078564 execution_end=499079720 execution_duration_ms=1155
[2026-02-02 22:03:57.527] [info] [spider.worker] [TIMING] task_id=29a3aacb-d418-40f3-bb2b-90b629cefa40 func=job_orchestration.executor.query.spider_search_task.search_without_channel submit_output_start=499079722 submit_output_end=499079735 submit_output_duration_ms=13
[2026-02-02 22:03:57.547] [info] [spider.worker] [TIMING] task_id=0f4c5192-2c70-46ba-83d6-97dee4a99aec func=job_orchestration.executor.query.spider_search_task.search_without_channel fetch_input_start=499079754 fetch_input_end=499079755 fetch_input_duration_ms=0
[2026-02-02 22:03:57.547] [info] [spider.worker] [TIMING] task_id=0f4c5192-2c70-46ba-83d6-97dee4a99aec func=job_orchestration.executor.query.spider_search_task.search_without_channel input_send_start=499079755 input_send_end=499079755 input_send_duration_ms=0 bytes=612
[2026-02-02 22:03:57.547] [info] [spider.worker] [TIMING] task_id=0f4c5192-2c70-46ba-83d6-97dee4a99aec func=job_orchestration.executor.query.spider_search_task.search_without_channel spawn_start=499079755 spawn_end=499079755 spawn_duration_ms=0
[2026-02-02 22:03:58.755] [info] [spider.worker] [TIMING] task_id=0f4c5192-2c70-46ba-83d6-97dee4a99aec func=job_orchestration.executor.query.spider_search_task.search_without_channel execution_start=499079756 execution_end=499080963 execution_duration_ms=1207
[2026-02-02 22:03:58.769] [info] [spider.worker] [TIMING] task_id=0f4c5192-2c70-46ba-83d6-97dee4a99aec func=job_orchestration.executor.query.spider_search_task.search_without_channel submit_output_start=499080965 submit_output_end=499080977 submit_output_duration_ms=12
[2026-02-02 22:03:58.816] [info] [spider.worker] [TIMING] task_id=fedf7629-de09-44e5-aad5-df121bc76ae9 func=job_orchestration.executor.query.spider_search_task.search_without_channel fetch_input_start=499081023 fetch_input_end=499081024 fetch_input_duration_ms=1
[2026-02-02 22:03:58.816] [info] [spider.worker] [TIMING] task_id=fedf7629-de09-44e5-aad5-df121bc76ae9 func=job_orchestration.executor.query.spider_search_task.search_without_channel input_send_start=499081025 input_send_end=499081025 input_send_duration_ms=0 bytes=612
[2026-02-02 22:03:58.816] [info] [spider.worker] [TIMING] task_id=fedf7629-de09-44e5-aad5-df121bc76ae9 func=job_orchestration.executor.query.spider_search_task.search_without_channel spawn_start=499081024 spawn_end=499081025 spawn_duration_ms=0
[2026-02-02 22:04:00.034] [info] [spider.worker] [TIMING] task_id=fedf7629-de09-44e5-aad5-df121bc76ae9 func=job_orchestration.executor.query.spider_search_task.search_without_channel execution_start=499081025 execution_end=499082243 execution_duration_ms=1218
[2026-02-02 22:04:00.074] [info] [spider.worker] [TIMING] task_id=fedf7629-de09-44e5-aad5-df121bc76ae9 func=job_orchestration.executor.query.spider_search_task.search_without_channel submit_output_start=499082245 submit_output_end=499082283 submit_output_duration_ms=38
[2026-02-02 22:04:00.098] [info] [spider.worker] [TIMING] task_id=08d613eb-13b4-4f5c-8222-4122f22ba1da func=job_orchestration.executor.query.spider_search_task.search_without_channel fetch_input_start=499082304 fetch_input_end=499082306 fetch_input_duration_ms=1
[2026-02-02 22:04:00.098] [info] [spider.worker] [TIMING] task_id=08d613eb-13b4-4f5c-8222-4122f22ba1da func=job_orchestration.executor.query.spider_search_task.search_without_channel input_send_start=499082307 input_send_end=499082307 input_send_duration_ms=0 bytes=612
[2026-02-02 22:04:00.098] [info] [spider.worker] [TIMING] task_id=08d613eb-13b4-4f5c-8222-4122f22ba1da func=job_orchestration.executor.query.spider_search_task.search_without_channel spawn_start=499082306 spawn_end=499082307 spawn_duration_ms=0
[2026-02-02 22:04:01.500] [info] [spider.worker] [TIMING] task_id=08d613eb-13b4-4f5c-8222-4122f22ba1da func=job_orchestration.executor.query.spider_search_task.search_without_channel execution_start=499082307 execution_end=499083708 execution_duration_ms=1400
[2026-02-02 22:04:01.528] [info] [spider.worker] [TIMING] task_id=08d613eb-13b4-4f5c-8222-4122f22ba1da func=job_orchestration.executor.query.spider_search_task.search_without_channel submit_output_start=499083710 submit_output_end=499083737 submit_output_duration_ms=26
[2026-02-02 22:04:01.590] [info] [spider.worker] [TIMING] task_id=3bfd3442-3e07-4397-99cf-ce91625a5664 func=job_orchestration.executor.query.spider_search_task.search_without_channel fetch_input_start=499083797 fetch_input_end=499083798 fetch_input_duration_ms=0
[2026-02-02 22:04:01.590] [info] [spider.worker] [TIMING] task_id=3bfd3442-3e07-4397-99cf-ce91625a5664 func=job_orchestration.executor.query.spider_search_task.search_without_channel input_send_start=499083798 input_send_end=499083798 input_send_duration_ms=0 bytes=610
[2026-02-02 22:04:01.590] [info] [spider.worker] [TIMING] task_id=3bfd3442-3e07-4397-99cf-ce91625a5664 func=job_orchestration.executor.query.spider_search_task.search_without_channel spawn_start=499083798 spawn_end=499083798 spawn_duration_ms=0
[2026-02-02 22:04:02.906] [info] [spider.worker] [TIMING] task_id=3bfd3442-3e07-4397-99cf-ce91625a5664 func=job_orchestration.executor.query.spider_search_task.search_without_channel execution_start=499083799 execution_end=499085115 execution_duration_ms=1315
[2026-02-02 22:04:02.937] [info] [spider.worker] [TIMING] task_id=3bfd3442-3e07-4397-99cf-ce91625a5664 func=job_orchestration.executor.query.spider_search_task.search_without_channel submit_output_start=499085117 submit_output_end=499085146 submit_output_duration_ms=29
[2026-02-02 22:04:02.994] [info] [spider.worker] [TIMING] task_id=cafe9afb-3493-4b97-98de-f63c431b1f19 func=job_orchestration.executor.query.spider_search_task.search_without_channel fetch_input_start=499085201 fetch_input_end=499085202 fetch_input_duration_ms=0
[2026-02-02 22:04:02.994] [info] [spider.worker] [TIMING] task_id=cafe9afb-3493-4b97-98de-f63c431b1f19 func=job_orchestration.executor.query.spider_search_task.search_without_channel input_send_start=499085202 input_send_end=499085203 input_send_duration_ms=0 bytes=612
[2026-02-02 22:04:02.994] [info] [spider.worker] [TIMING] task_id=cafe9afb-3493-4b97-98de-f63c431b1f19 func=job_orchestration.executor.query.spider_search_task.search_without_channel spawn_start=499085202 spawn_end=499085203 spawn_duration_ms=0
[2026-02-02 22:04:04.459] [info] [spider.worker] [TIMING] task_id=cafe9afb-3493-4b97-98de-f63c431b1f19 func=job_orchestration.executor.query.spider_search_task.search_without_channel execution_start=499085203 execution_end=499086668 execution_duration_ms=1465
[2026-02-02 22:04:04.488] [info] [spider.worker] [TIMING] task_id=cafe9afb-3493-4b97-98de-f63c431b1f19 func=job_orchestration.executor.query.spider_search_task.search_without_channel submit_output_start=499086670 submit_output_end=499086696 submit_output_duration_ms=26
[2026-02-02 22:04:04.516] [info] [spider.worker] [TIMING] task_id=7188a8b4-35c4-4652-9e18-34a863d81fc2 func=job_orchestration.executor.query.spider_search_task.search_without_channel fetch_input_start=499086723 fetch_input_end=499086724 fetch_input_duration_ms=1
[2026-02-02 22:04:04.516] [info] [spider.worker] [TIMING] task_id=7188a8b4-35c4-4652-9e18-34a863d81fc2 func=job_orchestration.executor.query.spider_search_task.search_without_channel input_send_start=499086725 input_send_end=499086725 input_send_duration_ms=0 bytes=612
[2026-02-02 22:04:04.516] [info] [spider.worker] [TIMING] task_id=7188a8b4-35c4-4652-9e18-34a863d81fc2 func=job_orchestration.executor.query.spider_search_task.search_without_channel spawn_start=499086724 spawn_end=499086725 spawn_duration_ms=0
[2026-02-02 22:04:05.896] [info] [spider.worker] [TIMING] task_id=7188a8b4-35c4-4652-9e18-34a863d81fc2 func=job_orchestration.executor.query.spider_search_task.search_without_channel execution_start=499086725 execution_end=499088104 execution_duration_ms=1379
[2026-02-02 22:04:05.959] [info] [spider.worker] [TIMING] task_id=7188a8b4-35c4-4652-9e18-34a863d81fc2 func=job_orchestration.executor.query.spider_search_task.search_without_channel submit_output_start=499088106 submit_output_end=499088167 submit_output_duration_ms=61
[2026-02-02 22:04:06.029] [info] [spider.worker] [TIMING] task_id=fdae30fa-d888-4a89-b45a-993956dc4988 func=job_orchestration.executor.query.spider_search_task.search_without_channel fetch_input_start=499088236 fetch_input_end=499088238 fetch_input_duration_ms=1
[2026-02-02 22:04:06.030] [info] [spider.worker] [TIMING] task_id=fdae30fa-d888-4a89-b45a-993956dc4988 func=job_orchestration.executor.query.spider_search_task.search_without_channel input_send_start=499088238 input_send_end=499088238 input_send_duration_ms=0 bytes=612
[2026-02-02 22:04:06.030] [info] [spider.worker] [TIMING] task_id=fdae30fa-d888-4a89-b45a-993956dc4988 func=job_orchestration.executor.query.spider_search_task.search_without_channel spawn_start=499088238 spawn_end=499088238 spawn_duration_ms=0
[2026-02-02 22:04:07.431] [info] [spider.worker] [TIMING] task_id=fdae30fa-d888-4a89-b45a-993956dc4988 func=job_orchestration.executor.query.spider_search_task.search_without_channel execution_start=499088238 execution_end=499089639 execution_duration_ms=1400
[2026-02-02 22:04:07.464] [info] [spider.worker] [TIMING] task_id=fdae30fa-d888-4a89-b45a-993956dc4988 func=job_orchestration.executor.query.spider_search_task.search_without_channel submit_output_start=499089641 submit_output_end=499089672 submit_output_duration_ms=30
[2026-02-02 22:04:07.483] [info] [spider.worker] [TIMING] task_id=157784a3-24c8-4a9c-a6ab-abcab87292a2 func=job_orchestration.executor.query.spider_search_task.search_without_channel fetch_input_start=499089690 fetch_input_end=499089691 fetch_input_duration_ms=0
[2026-02-02 22:04:07.483] [info] [spider.worker] [TIMING] task_id=157784a3-24c8-4a9c-a6ab-abcab87292a2 func=job_orchestration.executor.query.spider_search_task.search_without_channel input_send_start=499089691 input_send_end=499089691 input_send_duration_ms=0 bytes=612
[2026-02-02 22:04:07.483] [info] [spider.worker] [TIMING] task_id=157784a3-24c8-4a9c-a6ab-abcab87292a2 func=job_orchestration.executor.query.spider_search_task.search_without_channel spawn_start=499089691 spawn_end=499089691 spawn_duration_ms=0
[2026-02-02 22:04:08.847] [info] [spider.worker] [TIMING] task_id=157784a3-24c8-4a9c-a6ab-abcab87292a2 func=job_orchestration.executor.query.spider_search_task.search_without_channel execution_start=499089692 execution_end=499091056 execution_duration_ms=1364
[2026-02-02 22:04:08.885] [info] [spider.worker] [TIMING] task_id=157784a3-24c8-4a9c-a6ab-abcab87292a2 func=job_orchestration.executor.query.spider_search_task.search_without_channel submit_output_start=499091058 submit_output_end=499091093 submit_output_duration_ms=35
[2026-02-02 22:04:08.917] [info] [spider.worker] [TIMING] task_id=f5fe950e-62da-401f-b473-91bf4139cf1c func=job_orchestration.executor.query.spider_search_task.search_without_channel fetch_input_start=499091124 fetch_input_end=499091125 fetch_input_duration_ms=0
[2026-02-02 22:04:08.917] [info] [spider.worker] [TIMING] task_id=f5fe950e-62da-401f-b473-91bf4139cf1c func=job_orchestration.executor.query.spider_search_task.search_without_channel input_send_start=499091126 input_send_end=499091126 input_send_duration_ms=0 bytes=612
[2026-02-02 22:04:08.917] [info] [spider.worker] [TIMING] task_id=f5fe950e-62da-401f-b473-91bf4139cf1c func=job_orchestration.executor.query.spider_search_task.search_without_channel spawn_start=499091125 spawn_end=499091126 spawn_duration_ms=0
[2026-02-02 22:04:10.253] [info] [spider.worker] [TIMING] task_id=f5fe950e-62da-401f-b473-91bf4139cf1c func=job_orchestration.executor.query.spider_search_task.search_without_channel execution_start=499091126 execution_end=499092462 execution_duration_ms=1335
[2026-02-02 22:04:10.272] [info] [spider.worker] [TIMING] task_id=f5fe950e-62da-401f-b473-91bf4139cf1c func=job_orchestration.executor.query.spider_search_task.search_without_channel submit_output_start=499092464 submit_output_end=499092481 submit_output_duration_ms=16
[2026-02-02 22:04:10.283] [info] [spider.worker] [TIMING] task_id=e75c469a-df29-401d-9567-e0b896d36441 func=job_orchestration.executor.query.spider_search_task.search_without_channel fetch_input_start=499092490 fetch_input_end=499092491 fetch_input_duration_ms=0
[2026-02-02 22:04:10.283] [info] [spider.worker] [TIMING] task_id=e75c469a-df29-401d-9567-e0b896d36441 func=job_orchestration.executor.query.spider_search_task.search_without_channel input_send_start=499092492 input_send_end=499092492 input_send_duration_ms=0 bytes=612
[2026-02-02 22:04:10.283] [info] [spider.worker] [TIMING] task_id=e75c469a-df29-401d-9567-e0b896d36441 func=job_orchestration.executor.query.spider_search_task.search_without_channel spawn_start=499092491 spawn_end=499092492 spawn_duration_ms=0
[2026-02-02 22:04:11.689] [info] [spider.worker] [TIMING] task_id=e75c469a-df29-401d-9567-e0b896d36441 func=job_orchestration.executor.query.spider_search_task.search_without_channel execution_start=499092492 execution_end=499093897 execution_duration_ms=1405
[2026-02-02 22:04:11.876] [info] [spider.worker] [TIMING] task_id=e75c469a-df29-401d-9567-e0b896d36441 func=job_orchestration.executor.query.spider_search_task.search_without_channel submit_output_start=499093899 submit_output_end=499094085 submit_output_duration_ms=186
[2026-02-02 22:04:11.901] [info] [spider.worker] [TIMING] task_id=91b1d057-9bd2-4969-8902-630b5ed60b2a func=job_orchestration.executor.query.spider_search_task.search_without_channel fetch_input_start=499094108 fetch_input_end=499094109 fetch_input_duration_ms=1
[2026-02-02 22:04:11.901] [info] [spider.worker] [TIMING] task_id=91b1d057-9bd2-4969-8902-630b5ed60b2a func=job_orchestration.executor.query.spider_search_task.search_without_channel input_send_start=499094109 input_send_end=499094109 input_send_duration_ms=0 bytes=610
[2026-02-02 22:04:11.901] [info] [spider.worker] [TIMING] task_id=91b1d057-9bd2-4969-8902-630b5ed60b2a func=job_orchestration.executor.query.spider_search_task.search_without_channel spawn_start=499094109 spawn_end=499094109 spawn_duration_ms=0
[2026-02-02 22:04:13.131] [info] [spider.worker] [TIMING] task_id=91b1d057-9bd2-4969-8902-630b5ed60b2a func=job_orchestration.executor.query.spider_search_task.search_without_channel execution_start=499094110 execution_end=499095339 execution_duration_ms=1229
[2026-02-02 22:04:13.155] [info] [spider.worker] [TIMING] task_id=91b1d057-9bd2-4969-8902-630b5ed60b2a func=job_orchestration.executor.query.spider_search_task.search_without_channel submit_output_start=499095341 submit_output_end=499095363 submit_output_duration_ms=21
[2026-02-02 22:04:13.176] [info] [spider.worker] [TIMING] task_id=ac6b52d1-f32e-4fe0-bdc4-b9616d8ca80e func=job_orchestration.executor.query.spider_search_task.search_without_channel fetch_input_start=499095383 fetch_input_end=499095385 fetch_input_duration_ms=1
[2026-02-02 22:04:13.177] [info] [spider.worker] [TIMING] task_id=ac6b52d1-f32e-4fe0-bdc4-b9616d8ca80e func=job_orchestration.executor.query.spider_search_task.search_without_channel input_send_start=499095385 input_send_end=499095385 input_send_duration_ms=0 bytes=612
[2026-02-02 22:04:13.177] [info] [spider.worker] [TIMING] task_id=ac6b52d1-f32e-4fe0-bdc4-b9616d8ca80e func=job_orchestration.executor.query.spider_search_task.search_without_channel spawn_start=499095385 spawn_end=499095385 spawn_duration_ms=0
[2026-02-02 22:04:14.521] [info] [spider.worker] [TIMING] task_id=ac6b52d1-f32e-4fe0-bdc4-b9616d8ca80e func=job_orchestration.executor.query.spider_search_task.search_without_channel execution_start=499095386 execution_end=499096730 execution_duration_ms=1343
[2026-02-02 22:04:14.565] [info] [spider.worker] [TIMING] task_id=ac6b52d1-f32e-4fe0-bdc4-b9616d8ca80e func=job_orchestration.executor.query.spider_search_task.search_without_channel submit_output_start=499096731 submit_output_end=499096774 submit_output_duration_ms=42
[2026-02-02 22:04:14.584] [info] [spider.worker] [TIMING] task_id=97925c28-8b39-48be-93d8-ae4f2577f134 func=job_orchestration.executor.query.spider_search_task.search_without_channel fetch_input_start=499096792 fetch_input_end=499096793 fetch_input_duration_ms=0
[2026-02-02 22:04:14.585] [info] [spider.worker] [TIMING] task_id=97925c28-8b39-48be-93d8-ae4f2577f134 func=job_orchestration.executor.query.spider_search_task.search_without_channel input_send_start=499096793 input_send_end=499096793 input_send_duration_ms=0 bytes=612
[2026-02-02 22:04:14.585] [info] [spider.worker] [TIMING] task_id=97925c28-8b39-48be-93d8-ae4f2577f134 func=job_orchestration.executor.query.spider_search_task.search_without_channel spawn_start=499096793 spawn_end=499096793 spawn_duration_ms=0
[2026-02-02 22:04:15.851] [info] [spider.worker] [TIMING] task_id=97925c28-8b39-48be-93d8-ae4f2577f134 func=job_orchestration.executor.query.spider_search_task.search_without_channel execution_start=499096793 execution_end=499098060 execution_duration_ms=1266
[2026-02-02 22:04:15.866] [info] [spider.worker] [TIMING] task_id=97925c28-8b39-48be-93d8-ae4f2577f134 func=job_orchestration.executor.query.spider_search_task.search_without_channel submit_output_start=499098062 submit_output_end=499098074 submit_output_duration_ms=12
[2026-02-02 22:04:15.885] [info] [spider.worker] [TIMING] task_id=dac85dac-994a-4178-8053-aefaa081129c func=job_orchestration.executor.query.spider_search_task.search_without_channel fetch_input_start=499098093 fetch_input_end=499098093 fetch_input_duration_ms=0
[2026-02-02 22:04:15.886] [info] [spider.worker] [TIMING] task_id=dac85dac-994a-4178-8053-aefaa081129c func=job_orchestration.executor.query.spider_search_task.search_without_channel input_send_start=499098094 input_send_end=499098094 input_send_duration_ms=0 bytes=612
[2026-02-02 22:04:15.886] [info] [spider.worker] [TIMING] task_id=dac85dac-994a-4178-8053-aefaa081129c func=job_orchestration.executor.query.spider_search_task.search_without_channel spawn_start=499098093 spawn_end=499098094 spawn_duration_ms=0
[2026-02-02 22:04:17.213] [info] [spider.worker] [TIMING] task_id=dac85dac-994a-4178-8053-aefaa081129c func=job_orchestration.executor.query.spider_search_task.search_without_channel execution_start=499098094 execution_end=499099421 execution_duration_ms=1326
[2026-02-02 22:04:17.253] [info] [spider.worker] [TIMING] task_id=dac85dac-994a-4178-8053-aefaa081129c func=job_orchestration.executor.query.spider_search_task.search_without_channel submit_output_start=499099423 submit_output_end=499099461 submit_output_duration_ms=38
[2026-02-02 22:04:17.297] [info] [spider.worker] [TIMING] task_id=567349c1-d9a8-4193-94bf-eb23bfc2a7fa func=job_orchestration.executor.query.spider_search_task.search_without_channel fetch_input_start=499099505 fetch_input_end=499099506 fetch_input_duration_ms=0
[2026-02-02 22:04:17.298] [info] [spider.worker] [TIMING] task_id=567349c1-d9a8-4193-94bf-eb23bfc2a7fa func=job_orchestration.executor.query.spider_search_task.search_without_channel input_send_start=499099506 input_send_end=499099506 input_send_duration_ms=0 bytes=612
[2026-02-02 22:04:17.298] [info] [spider.worker] [TIMING] task_id=567349c1-d9a8-4193-94bf-eb23bfc2a7fa func=job_orchestration.executor.query.spider_search_task.search_without_channel spawn_start=499099506 spawn_end=499099506 spawn_duration_ms=0
[2026-02-02 22:04:18.607] [info] [spider.worker] [TIMING] task_id=567349c1-d9a8-4193-94bf-eb23bfc2a7fa func=job_orchestration.executor.query.spider_search_task.search_without_channel execution_start=499099506 execution_end=499100816 execution_duration_ms=1309
[2026-02-02 22:04:18.641] [info] [spider.worker] [TIMING] task_id=567349c1-d9a8-4193-94bf-eb23bfc2a7fa func=job_orchestration.executor.query.spider_search_task.search_without_channel submit_output_start=499100818 submit_output_end=499100849 submit_output_duration_ms=31
[2026-02-02 22:04:18.677] [info] [spider.worker] [TIMING] task_id=ad417965-e318-43da-bec7-8c1699b807a1 func=job_orchestration.executor.query.spider_search_task.search_without_channel fetch_input_start=499100885 fetch_input_end=499100886 fetch_input_duration_ms=0
[2026-02-02 22:04:18.678] [info] [spider.worker] [TIMING] task_id=ad417965-e318-43da-bec7-8c1699b807a1 func=job_orchestration.executor.query.spider_search_task.search_without_channel input_send_start=499100886 input_send_end=499100886 input_send_duration_ms=0 bytes=612
[2026-02-02 22:04:18.678] [info] [spider.worker] [TIMING] task_id=ad417965-e318-43da-bec7-8c1699b807a1 func=job_orchestration.executor.query.spider_search_task.search_without_channel spawn_start=499100886 spawn_end=499100886 spawn_duration_ms=0
[2026-02-02 22:04:20.261] [info] [spider.worker] [TIMING] task_id=ad417965-e318-43da-bec7-8c1699b807a1 func=job_orchestration.executor.query.spider_search_task.search_without_channel execution_start=499100886 execution_end=499102469 execution_duration_ms=1583
[2026-02-02 22:04:20.289] [info] [spider.worker] [TIMING] task_id=ad417965-e318-43da-bec7-8c1699b807a1 func=job_orchestration.executor.query.spider_search_task.search_without_channel submit_output_start=499102471 submit_output_end=499102497 submit_output_duration_ms=25
[2026-02-02 22:04:20.312] [info] [spider.worker] [TIMING] task_id=1e5804f3-d8ac-4761-a282-fde869b9327e func=job_orchestration.executor.query.spider_search_task.search_without_channel fetch_input_start=499102519 fetch_input_end=499102520 fetch_input_duration_ms=1
[2026-02-02 22:04:20.313] [info] [spider.worker] [TIMING] task_id=1e5804f3-d8ac-4761-a282-fde869b9327e func=job_orchestration.executor.query.spider_search_task.search_without_channel input_send_start=499102521 input_send_end=499102521 input_send_duration_ms=0 bytes=612
[2026-02-02 22:04:20.313] [info] [spider.worker] [TIMING] task_id=1e5804f3-d8ac-4761-a282-fde869b9327e func=job_orchestration.executor.query.spider_search_task.search_without_channel spawn_start=499102520 spawn_end=499102521 spawn_duration_ms=0
[2026-02-02 22:04:21.870] [info] [spider.worker] [TIMING] task_id=1e5804f3-d8ac-4761-a282-fde869b9327e func=job_orchestration.executor.query.spider_search_task.search_without_channel execution_start=499102521 execution_end=499104079 execution_duration_ms=1557
[2026-02-02 22:04:21.918] [info] [spider.worker] [TIMING] task_id=1e5804f3-d8ac-4761-a282-fde869b9327e func=job_orchestration.executor.query.spider_search_task.search_without_channel submit_output_start=499104080 submit_output_end=499104126 submit_output_duration_ms=46
[2026-02-02 22:04:21.937] [info] [spider.worker] [TIMING] task_id=6c115384-c5ff-4eab-b73e-923ad852ce74 func=job_orchestration.executor.query.spider_search_task.search_without_channel fetch_input_start=499104144 fetch_input_end=499104145 fetch_input_duration_ms=0
[2026-02-02 22:04:21.937] [info] [spider.worker] [TIMING] task_id=6c115384-c5ff-4eab-b73e-923ad852ce74 func=job_orchestration.executor.query.spider_search_task.search_without_channel input_send_start=499104146 input_send_end=499104146 input_send_duration_ms=0 bytes=612
[2026-02-02 22:04:21.937] [info] [spider.worker] [TIMING] task_id=6c115384-c5ff-4eab-b73e-923ad852ce74 func=job_orchestration.executor.query.spider_search_task.search_without_channel spawn_start=499104145 spawn_end=499104146 spawn_duration_ms=0
[2026-02-02 22:04:23.316] [info] [spider.worker] [TIMING] task_id=6c115384-c5ff-4eab-b73e-923ad852ce74 func=job_orchestration.executor.query.spider_search_task.search_without_channel execution_start=499104146 execution_end=499105525 execution_duration_ms=1378
[2026-02-02 22:04:23.360] [info] [spider.worker] [TIMING] task_id=6c115384-c5ff-4eab-b73e-923ad852ce74 func=job_orchestration.executor.query.spider_search_task.search_without_channel submit_output_start=499105540 submit_output_end=499105568 submit_output_duration_ms=27
[2026-02-02 22:04:23.402] [info] [spider.worker] [TIMING] task_id=e8384b73-1c06-4dd2-b165-c58a31abe6e9 func=job_orchestration.executor.query.spider_search_task.search_without_channel fetch_input_start=499105609 fetch_input_end=499105610 fetch_input_duration_ms=0
[2026-02-02 22:04:23.402] [info] [spider.worker] [TIMING] task_id=e8384b73-1c06-4dd2-b165-c58a31abe6e9 func=job_orchestration.executor.query.spider_search_task.search_without_channel input_send_start=499105611 input_send_end=499105611 input_send_duration_ms=0 bytes=612
[2026-02-02 22:04:23.402] [info] [spider.worker] [TIMING] task_id=e8384b73-1c06-4dd2-b165-c58a31abe6e9 func=job_orchestration.executor.query.spider_search_task.search_without_channel spawn_start=499105610 spawn_end=499105611 spawn_duration_ms=0
[2026-02-02 22:04:24.942] [info] [spider.worker] [TIMING] task_id=e8384b73-1c06-4dd2-b165-c58a31abe6e9 func=job_orchestration.executor.query.spider_search_task.search_without_channel execution_start=499105611 execution_end=499107151 execution_duration_ms=1539
[2026-02-02 22:04:24.952] [info] [spider.worker] [TIMING] task_id=e8384b73-1c06-4dd2-b165-c58a31abe6e9 func=job_orchestration.executor.query.spider_search_task.search_without_channel submit_output_start=499107153 submit_output_end=499107160 submit_output_duration_ms=7
[2026-02-02 22:04:24.971] [info] [spider.worker] [TIMING] task_id=578e2573-16c5-45fa-9698-e14535705826 func=job_orchestration.executor.query.spider_search_task.search_without_channel fetch_input_start=499107179 fetch_input_end=499107180 fetch_input_duration_ms=1
[2026-02-02 22:04:24.972] [info] [spider.worker] [TIMING] task_id=578e2573-16c5-45fa-9698-e14535705826 func=job_orchestration.executor.query.spider_search_task.search_without_channel input_send_start=499107180 input_send_end=499107180 input_send_duration_ms=0 bytes=612
[2026-02-02 22:04:24.972] [info] [spider.worker] [TIMING] task_id=578e2573-16c5-45fa-9698-e14535705826 func=job_orchestration.executor.query.spider_search_task.search_without_channel spawn_start=499107180 spawn_end=499107180 spawn_duration_ms=0
[2026-02-02 22:04:26.215] [info] [spider.worker] [TIMING] task_id=578e2573-16c5-45fa-9698-e14535705826 func=job_orchestration.executor.query.spider_search_task.search_without_channel execution_start=499107181 execution_end=499108424 execution_duration_ms=1243
[2026-02-02 22:04:26.257] [info] [spider.worker] [TIMING] task_id=578e2573-16c5-45fa-9698-e14535705826 func=job_orchestration.executor.query.spider_search_task.search_without_channel submit_output_start=499108425 submit_output_end=499108466 submit_output_duration_ms=40
[2026-02-02 22:04:26.271] [info] [spider.worker] [TIMING] task_id=432a7433-35aa-4be8-bef0-044cbc45a5d3 func=job_orchestration.executor.query.spider_search_task.search_without_channel fetch_input_start=499108479 fetch_input_end=499108480 fetch_input_duration_ms=0
[2026-02-02 22:04:26.272] [info] [spider.worker] [TIMING] task_id=432a7433-35aa-4be8-bef0-044cbc45a5d3 func=job_orchestration.executor.query.spider_search_task.search_without_channel input_send_start=499108480 input_send_end=499108480 input_send_duration_ms=0 bytes=612
[2026-02-02 22:04:26.272] [info] [spider.worker] [TIMING] task_id=432a7433-35aa-4be8-bef0-044cbc45a5d3 func=job_orchestration.executor.query.spider_search_task.search_without_channel spawn_start=499108480 spawn_end=499108480 spawn_duration_ms=0
[2026-02-02 22:04:27.609] [info] [spider.worker] [TIMING] task_id=432a7433-35aa-4be8-bef0-044cbc45a5d3 func=job_orchestration.executor.query.spider_search_task.search_without_channel execution_start=499108480 execution_end=499109818 execution_duration_ms=1337
[2026-02-02 22:04:27.636] [info] [spider.worker] [TIMING] task_id=432a7433-35aa-4be8-bef0-044cbc45a5d3 func=job_orchestration.executor.query.spider_search_task.search_without_channel submit_output_start=499109819 submit_output_end=499109844 submit_output_duration_ms=24
[2026-02-02 22:04:27.655] [info] [spider.worker] [TIMING] task_id=578ae51f-3fa5-4147-b4b7-4b00b95de58b func=job_orchestration.executor.query.spider_search_task.search_without_channel fetch_input_start=499109862 fetch_input_end=499109863 fetch_input_duration_ms=0
[2026-02-02 22:04:27.655] [info] [spider.worker] [TIMING] task_id=578ae51f-3fa5-4147-b4b7-4b00b95de58b func=job_orchestration.executor.query.spider_search_task.search_without_channel input_send_start=499109864 input_send_end=499109864 input_send_duration_ms=0 bytes=612
[2026-02-02 22:04:27.655] [info] [spider.worker] [TIMING] task_id=578ae51f-3fa5-4147-b4b7-4b00b95de58b func=job_orchestration.executor.query.spider_search_task.search_without_channel spawn_start=499109863 spawn_end=499109864 spawn_duration_ms=0
[2026-02-02 22:04:28.868] [info] [spider.worker] [TIMING] task_id=578ae51f-3fa5-4147-b4b7-4b00b95de58b func=job_orchestration.executor.query.spider_search_task.search_without_channel execution_start=499109864 execution_end=499111076 execution_duration_ms=1212
[2026-02-02 22:04:28.922] [info] [spider.worker] [TIMING] task_id=578ae51f-3fa5-4147-b4b7-4b00b95de58b func=job_orchestration.executor.query.spider_search_task.search_without_channel submit_output_start=499111078 submit_output_end=499111131 submit_output_duration_ms=52
[2026-02-02 22:04:28.967] [info] [spider.worker] [TIMING] task_id=21df7605-c242-4aa5-9c03-172bde3d920f func=job_orchestration.executor.query.spider_search_task.search_without_channel fetch_input_start=499111175 fetch_input_end=499111176 fetch_input_duration_ms=1
[2026-02-02 22:04:28.968] [info] [spider.worker] [TIMING] task_id=21df7605-c242-4aa5-9c03-172bde3d920f func=job_orchestration.executor.query.spider_search_task.search_without_channel input_send_start=499111176 input_send_end=499111176 input_send_duration_ms=0 bytes=612
[2026-02-02 22:04:28.968] [info] [spider.worker] [TIMING] task_id=21df7605-c242-4aa5-9c03-172bde3d920f func=job_orchestration.executor.query.spider_search_task.search_without_channel spawn_start=499111176 spawn_end=499111176 spawn_duration_ms=0
[2026-02-02 22:04:30.229] [info] [spider.worker] [TIMING] task_id=21df7605-c242-4aa5-9c03-172bde3d920f func=job_orchestration.executor.query.spider_search_task.search_without_channel execution_start=499111177 execution_end=499112437 execution_duration_ms=1260
[2026-02-02 22:04:30.251] [info] [spider.worker] [TIMING] task_id=21df7605-c242-4aa5-9c03-172bde3d920f func=job_orchestration.executor.query.spider_search_task.search_without_channel submit_output_start=499112439 submit_output_end=499112460 submit_output_duration_ms=20
[2026-02-02 22:04:30.272] [info] [spider.worker] [TIMING] task_id=cdb89c54-0182-4659-aaad-ebafb4efa749 func=job_orchestration.executor.query.spider_search_task.search_without_channel fetch_input_start=499112480 fetch_input_end=499112481 fetch_input_duration_ms=0
[2026-02-02 22:04:30.273] [info] [spider.worker] [TIMING] task_id=cdb89c54-0182-4659-aaad-ebafb4efa749 func=job_orchestration.executor.query.spider_search_task.search_without_channel input_send_start=499112481 input_send_end=499112481 input_send_duration_ms=0 bytes=611
[2026-02-02 22:04:30.273] [info] [spider.worker] [TIMING] task_id=cdb89c54-0182-4659-aaad-ebafb4efa749 func=job_orchestration.executor.query.spider_search_task.search_without_channel spawn_start=499112481 spawn_end=499112481 spawn_duration_ms=0
[2026-02-02 22:04:31.493] [info] [spider.worker] [TIMING] task_id=cdb89c54-0182-4659-aaad-ebafb4efa749 func=job_orchestration.executor.query.spider_search_task.search_without_channel execution_start=499112482 execution_end=499113702 execution_duration_ms=1220
[2026-02-02 22:04:31.528] [info] [spider.worker] [TIMING] task_id=cdb89c54-0182-4659-aaad-ebafb4efa749 func=job_orchestration.executor.query.spider_search_task.search_without_channel submit_output_start=499113705 submit_output_end=499113736 submit_output_duration_ms=31
[2026-02-02 22:04:31.581] [info] [spider.worker] [TIMING] task_id=956deb09-2aa5-48bf-b778-31bc8bdd45d3 func=job_orchestration.executor.query.spider_search_task.search_without_channel fetch_input_start=499113788 fetch_input_end=499113789 fetch_input_duration_ms=0
[2026-02-02 22:04:31.581] [info] [spider.worker] [TIMING] task_id=956deb09-2aa5-48bf-b778-31bc8bdd45d3 func=job_orchestration.executor.query.spider_search_task.search_without_channel input_send_start=499113790 input_send_end=499113790 input_send_duration_ms=0 bytes=611
[2026-02-02 22:04:31.581] [info] [spider.worker] [TIMING] task_id=956deb09-2aa5-48bf-b778-31bc8bdd45d3 func=job_orchestration.executor.query.spider_search_task.search_without_channel spawn_start=499113789 spawn_end=499113790 spawn_duration_ms=0
[2026-02-02 22:04:32.869] [info] [spider.worker] [TIMING] task_id=956deb09-2aa5-48bf-b778-31bc8bdd45d3 func=job_orchestration.executor.query.spider_search_task.search_without_channel execution_start=499113790 execution_end=499115077 execution_duration_ms=1287
[2026-02-02 22:04:32.908] [info] [spider.worker] [TIMING] task_id=956deb09-2aa5-48bf-b778-31bc8bdd45d3 func=job_orchestration.executor.query.spider_search_task.search_without_channel submit_output_start=499115079 submit_output_end=499115117 submit_output_duration_ms=37
[2026-02-02 22:04:32.931] [info] [spider.worker] [TIMING] task_id=1a1a475a-5677-4b90-af9c-51c18903cef5 func=job_orchestration.executor.query.spider_search_task.search_without_channel fetch_input_start=499115138 fetch_input_end=499115139 fetch_input_duration_ms=0
[2026-02-02 22:04:32.931] [info] [spider.worker] [TIMING] task_id=1a1a475a-5677-4b90-af9c-51c18903cef5 func=job_orchestration.executor.query.spider_search_task.search_without_channel input_send_start=499115140 input_send_end=499115140 input_send_duration_ms=0 bytes=612
[2026-02-02 22:04:32.931] [info] [spider.worker] [TIMING] task_id=1a1a475a-5677-4b90-af9c-51c18903cef5 func=job_orchestration.executor.query.spider_search_task.search_without_channel spawn_start=499115139 spawn_end=499115140 spawn_duration_ms=0
[2026-02-02 22:04:34.430] [info] [spider.worker] [TIMING] task_id=1a1a475a-5677-4b90-af9c-51c18903cef5 func=job_orchestration.executor.query.spider_search_task.search_without_channel execution_start=499115140 execution_end=499116638 execution_duration_ms=1498
[2026-02-02 22:04:34.437] [info] [spider.worker] [TIMING] task_id=1a1a475a-5677-4b90-af9c-51c18903cef5 func=job_orchestration.executor.query.spider_search_task.search_without_channel submit_output_start=499116639 submit_output_end=499116645 submit_output_duration_ms=5
[2026-02-02 22:04:34.473] [info] [spider.worker] [TIMING] task_id=f17df3b4-4708-449e-91fe-8b6a0e797a6d func=job_orchestration.executor.query.spider_search_task.search_without_channel fetch_input_start=499116680 fetch_input_end=499116681 fetch_input_duration_ms=1
[2026-02-02 22:04:34.473] [info] [spider.worker] [TIMING] task_id=f17df3b4-4708-449e-91fe-8b6a0e797a6d func=job_orchestration.executor.query.spider_search_task.search_without_channel input_send_start=499116681 input_send_end=499116681 input_send_duration_ms=0 bytes=612
[2026-02-02 22:04:34.473] [info] [spider.worker] [TIMING] task_id=f17df3b4-4708-449e-91fe-8b6a0e797a6d func=job_orchestration.executor.query.spider_search_task.search_without_channel spawn_start=499116681 spawn_end=499116681 spawn_duration_ms=0
[2026-02-02 22:04:35.836] [info] [spider.worker] [TIMING] task_id=f17df3b4-4708-449e-91fe-8b6a0e797a6d func=job_orchestration.executor.query.spider_search_task.search_without_channel execution_start=499116682 execution_end=499118044 execution_duration_ms=1362
[2026-02-02 22:04:35.894] [info] [spider.worker] [TIMING] task_id=f17df3b4-4708-449e-91fe-8b6a0e797a6d func=job_orchestration.executor.query.spider_search_task.search_without_channel submit_output_start=499118045 submit_output_end=499118102 submit_output_duration_ms=56
[2026-02-02 22:04:35.948] [info] [spider.worker] [TIMING] task_id=5b56e219-8f23-49a9-b82d-63b72bab021d func=job_orchestration.executor.query.spider_search_task.search_without_channel fetch_input_start=499118156 fetch_input_end=499118157 fetch_input_duration_ms=0
[2026-02-02 22:04:35.949] [info] [spider.worker] [TIMING] task_id=5b56e219-8f23-49a9-b82d-63b72bab021d func=job_orchestration.executor.query.spider_search_task.search_without_channel input_send_start=499118157 input_send_end=499118157 input_send_duration_ms=0 bytes=612
[2026-02-02 22:04:35.949] [info] [spider.worker] [TIMING] task_id=5b56e219-8f23-49a9-b82d-63b72bab021d func=job_orchestration.executor.query.spider_search_task.search_without_channel spawn_start=499118157 spawn_end=499118157 spawn_duration_ms=0
[2026-02-02 22:04:37.293] [info] [spider.worker] [TIMING] task_id=5b56e219-8f23-49a9-b82d-63b72bab021d func=job_orchestration.executor.query.spider_search_task.search_without_channel execution_start=499118157 execution_end=499119502 execution_duration_ms=1344
[2026-02-02 22:04:37.396] [info] [spider.worker] [TIMING] task_id=5b56e219-8f23-49a9-b82d-63b72bab021d func=job_orchestration.executor.query.spider_search_task.search_without_channel submit_output_start=499119503 submit_output_end=499119605 submit_output_duration_ms=101
[2026-02-02 22:04:37.499] [info] [spider.worker] [TIMING] task_id=c7c686d9-31e0-4410-9774-06a8ad17eb30 func=job_orchestration.executor.query.spider_search_task.search_without_channel fetch_input_start=499119706 fetch_input_end=499119708 fetch_input_duration_ms=1
[2026-02-02 22:04:37.500] [info] [spider.worker] [TIMING] task_id=c7c686d9-31e0-4410-9774-06a8ad17eb30 func=job_orchestration.executor.query.spider_search_task.search_without_channel input_send_start=499119708 input_send_end=499119708 input_send_duration_ms=0 bytes=611
[2026-02-02 22:04:37.500] [info] [spider.worker] [TIMING] task_id=c7c686d9-31e0-4410-9774-06a8ad17eb30 func=job_orchestration.executor.query.spider_search_task.search_without_channel spawn_start=499119708 spawn_end=499119708 spawn_duration_ms=0
[2026-02-02 22:04:38.882] [info] [spider.worker] [TIMING] task_id=c7c686d9-31e0-4410-9774-06a8ad17eb30 func=job_orchestration.executor.query.spider_search_task.search_without_channel execution_start=499119708 execution_end=499121090 execution_duration_ms=1381
[2026-02-02 22:04:38.905] [info] [spider.worker] [TIMING] task_id=c7c686d9-31e0-4410-9774-06a8ad17eb30 func=job_orchestration.executor.query.spider_search_task.search_without_channel submit_output_start=499121094 submit_output_end=499121113 submit_output_duration_ms=18
[2026-02-02 22:04:38.946] [info] [spider.worker] [TIMING] task_id=a6945fd2-f8e6-4747-8a10-ccaf4737ec9e func=job_orchestration.executor.query.spider_search_task.search_without_channel fetch_input_start=499121154 fetch_input_end=499121155 fetch_input_duration_ms=0
[2026-02-02 22:04:38.947] [info] [spider.worker] [TIMING] task_id=a6945fd2-f8e6-4747-8a10-ccaf4737ec9e func=job_orchestration.executor.query.spider_search_task.search_without_channel input_send_start=499121155 input_send_end=499121155 input_send_duration_ms=0 bytes=612
[2026-02-02 22:04:38.947] [info] [spider.worker] [TIMING] task_id=a6945fd2-f8e6-4747-8a10-ccaf4737ec9e func=job_orchestration.executor.query.spider_search_task.search_without_channel spawn_start=499121155 spawn_end=499121155 spawn_duration_ms=0
[2026-02-02 22:04:40.361] [info] [spider.worker] [TIMING] task_id=a6945fd2-f8e6-4747-8a10-ccaf4737ec9e func=job_orchestration.executor.query.spider_search_task.search_without_channel execution_start=499121155 execution_end=499122569 execution_duration_ms=1413
[2026-02-02 22:04:40.380] [info] [spider.worker] [TIMING] task_id=a6945fd2-f8e6-4747-8a10-ccaf4737ec9e func=job_orchestration.executor.query.spider_search_task.search_without_channel submit_output_start=499122571 submit_output_end=499122588 submit_output_duration_ms=17
[2026-02-02 22:04:40.399] [info] [spider.worker] [TIMING] task_id=59a5209b-2390-431d-9f18-ee3242e8ad1b func=job_orchestration.executor.query.spider_search_task.search_without_channel fetch_input_start=499122607 fetch_input_end=499122608 fetch_input_duration_ms=0
[2026-02-02 22:04:40.400] [info] [spider.worker] [TIMING] task_id=59a5209b-2390-431d-9f18-ee3242e8ad1b func=job_orchestration.executor.query.spider_search_task.search_without_channel input_send_start=499122608 input_send_end=499122608 input_send_duration_ms=0 bytes=611
[2026-02-02 22:04:40.400] [info] [spider.worker] [TIMING] task_id=59a5209b-2390-431d-9f18-ee3242e8ad1b func=job_orchestration.executor.query.spider_search_task.search_without_channel spawn_start=499122608 spawn_end=499122608 spawn_duration_ms=0
[2026-02-02 22:04:41.851] [info] [spider.worker] [TIMING] task_id=59a5209b-2390-431d-9f18-ee3242e8ad1b func=job_orchestration.executor.query.spider_search_task.search_without_channel execution_start=499122608 execution_end=499124059 execution_duration_ms=1450
[2026-02-02 22:04:41.872] [info] [spider.worker] [TIMING] task_id=59a5209b-2390-431d-9f18-ee3242e8ad1b func=job_orchestration.executor.query.spider_search_task.search_without_channel submit_output_start=499124065 submit_output_end=499124080 submit_output_duration_ms=15
[2026-02-02 22:04:41.891] [info] [spider.worker] [TIMING] task_id=71942309-301b-442e-9db2-8d41948a0af4 func=job_orchestration.executor.query.spider_search_task.search_without_channel fetch_input_start=499124099 fetch_input_end=499124100 fetch_input_duration_ms=0
[2026-02-02 22:04:41.892] [info] [spider.worker] [TIMING] task_id=71942309-301b-442e-9db2-8d41948a0af4 func=job_orchestration.executor.query.spider_search_task.search_without_channel input_send_start=499124100 input_send_end=499124100 input_send_duration_ms=0 bytes=612
[2026-02-02 22:04:41.892] [info] [spider.worker] [TIMING] task_id=71942309-301b-442e-9db2-8d41948a0af4 func=job_orchestration.executor.query.spider_search_task.search_without_channel spawn_start=499124100 spawn_end=499124100 spawn_duration_ms=0
[2026-02-02 22:04:43.199] [info] [spider.worker] [TIMING] task_id=71942309-301b-442e-9db2-8d41948a0af4 func=job_orchestration.executor.query.spider_search_task.search_without_channel execution_start=499124101 execution_end=499125407 execution_duration_ms=1306
[2026-02-02 22:04:43.223] [info] [spider.worker] [TIMING] task_id=71942309-301b-442e-9db2-8d41948a0af4 func=job_orchestration.executor.query.spider_search_task.search_without_channel submit_output_start=499125409 submit_output_end=499125431 submit_output_duration_ms=22
[2026-02-02 22:04:43.372] [info] [spider.worker] [TIMING] task_id=be48def4-9bdb-44bd-a74b-63aed209ff38 func=job_orchestration.executor.query.spider_search_task.search_without_channel fetch_input_start=499125580 fetch_input_end=499125581 fetch_input_duration_ms=0
[2026-02-02 22:04:43.373] [info] [spider.worker] [TIMING] task_id=be48def4-9bdb-44bd-a74b-63aed209ff38 func=job_orchestration.executor.query.spider_search_task.search_without_channel input_send_start=499125581 input_send_end=499125581 input_send_duration_ms=0 bytes=612
[2026-02-02 22:04:43.373] [info] [spider.worker] [TIMING] task_id=be48def4-9bdb-44bd-a74b-63aed209ff38 func=job_orchestration.executor.query.spider_search_task.search_without_channel spawn_start=499125581 spawn_end=499125581 spawn_duration_ms=0
[2026-02-02 22:04:44.800] [info] [spider.worker] [TIMING] task_id=be48def4-9bdb-44bd-a74b-63aed209ff38 func=job_orchestration.executor.query.spider_search_task.search_without_channel execution_start=499125581 execution_end=499127009 execution_duration_ms=1427
[2026-02-02 22:04:44.876] [info] [spider.worker] [TIMING] task_id=be48def4-9bdb-44bd-a74b-63aed209ff38 func=job_orchestration.executor.query.spider_search_task.search_without_channel submit_output_start=499127010 submit_output_end=499127085 submit_output_duration_ms=74
[2026-02-02 22:04:44.901] [info] [spider.worker] [TIMING] task_id=94389b50-f51b-45e3-89b6-1636ef7bdbc4 func=job_orchestration.executor.query.spider_search_task.search_without_channel fetch_input_start=499127108 fetch_input_end=499127109 fetch_input_duration_ms=0
[2026-02-02 22:04:44.901] [info] [spider.worker] [TIMING] task_id=94389b50-f51b-45e3-89b6-1636ef7bdbc4 func=job_orchestration.executor.query.spider_search_task.search_without_channel input_send_start=499127110 input_send_end=499127110 input_send_duration_ms=0 bytes=612
[2026-02-02 22:04:44.901] [info] [spider.worker] [TIMING] task_id=94389b50-f51b-45e3-89b6-1636ef7bdbc4 func=job_orchestration.executor.query.spider_search_task.search_without_channel spawn_start=499127109 spawn_end=499127110 spawn_duration_ms=0
[2026-02-02 22:04:46.176] [info] [spider.worker] [TIMING] task_id=94389b50-f51b-45e3-89b6-1636ef7bdbc4 func=job_orchestration.executor.query.spider_search_task.search_without_channel execution_start=499127110 execution_end=499128385 execution_duration_ms=1274
[2026-02-02 22:04:46.199] [info] [spider.worker] [TIMING] task_id=94389b50-f51b-45e3-89b6-1636ef7bdbc4 func=job_orchestration.executor.query.spider_search_task.search_without_channel submit_output_start=499128391 submit_output_end=499128407 submit_output_duration_ms=16
[2026-02-02 22:04:46.252] [info] [spider.worker] [TIMING] task_id=ff55b40c-4f39-4044-91eb-b2d3005f2b8b func=job_orchestration.executor.query.spider_search_task.search_without_channel fetch_input_start=499128459 fetch_input_end=499128460 fetch_input_duration_ms=1
[2026-02-02 22:04:46.252] [info] [spider.worker] [TIMING] task_id=ff55b40c-4f39-4044-91eb-b2d3005f2b8b func=job_orchestration.executor.query.spider_search_task.search_without_channel input_send_start=499128461 input_send_end=499128461 input_send_duration_ms=0 bytes=612
[2026-02-02 22:04:46.252] [info] [spider.worker] [TIMING] task_id=ff55b40c-4f39-4044-91eb-b2d3005f2b8b func=job_orchestration.executor.query.spider_search_task.search_without_channel spawn_start=499128460 spawn_end=499128461 spawn_duration_ms=0
[2026-02-02 22:04:47.431] [info] [spider.worker] [TIMING] task_id=ff55b40c-4f39-4044-91eb-b2d3005f2b8b func=job_orchestration.executor.query.spider_search_task.search_without_channel execution_start=499128461 execution_end=499129639 execution_duration_ms=1178
[2026-02-02 22:04:47.449] [info] [spider.worker] [TIMING] task_id=ff55b40c-4f39-4044-91eb-b2d3005f2b8b func=job_orchestration.executor.query.spider_search_task.search_without_channel submit_output_start=499129641 submit_output_end=499129657 submit_output_duration_ms=15
[2026-02-02 22:04:47.469] [info] [spider.worker] [TIMING] task_id=c6788a35-c4a3-4431-8142-a11eda24aa14 func=job_orchestration.executor.query.spider_search_task.search_without_channel fetch_input_start=499129676 fetch_input_end=499129677 fetch_input_duration_ms=1
[2026-02-02 22:04:47.469] [info] [spider.worker] [TIMING] task_id=c6788a35-c4a3-4431-8142-a11eda24aa14 func=job_orchestration.executor.query.spider_search_task.search_without_channel input_send_start=499129678 input_send_end=499129678 input_send_duration_ms=0 bytes=612
[2026-02-02 22:04:47.469] [info] [spider.worker] [TIMING] task_id=c6788a35-c4a3-4431-8142-a11eda24aa14 func=job_orchestration.executor.query.spider_search_task.search_without_channel spawn_start=499129677 spawn_end=499129678 spawn_duration_ms=0
[2026-02-02 22:04:48.654] [info] [spider.worker] [TIMING] task_id=c6788a35-c4a3-4431-8142-a11eda24aa14 func=job_orchestration.executor.query.spider_search_task.search_without_channel execution_start=499129678 execution_end=499130862 execution_duration_ms=1184
[2026-02-02 22:04:48.691] [info] [spider.worker] [TIMING] task_id=c6788a35-c4a3-4431-8142-a11eda24aa14 func=job_orchestration.executor.query.spider_search_task.search_without_channel submit_output_start=499130864 submit_output_end=499130900 submit_output_duration_ms=35
[2026-02-02 22:04:48.728] [info] [spider.worker] [TIMING] task_id=659b771e-4a6c-4671-bb8a-65400d111bdd func=job_orchestration.executor.query.spider_search_task.search_without_channel fetch_input_start=499130935 fetch_input_end=499130936 fetch_input_duration_ms=1
[2026-02-02 22:04:48.728] [info] [spider.worker] [TIMING] task_id=659b771e-4a6c-4671-bb8a-65400d111bdd func=job_orchestration.executor.query.spider_search_task.search_without_channel input_send_start=499130937 input_send_end=499130937 input_send_duration_ms=0 bytes=612
[2026-02-02 22:04:48.728] [info] [spider.worker] [TIMING] task_id=659b771e-4a6c-4671-bb8a-65400d111bdd func=job_orchestration.executor.query.spider_search_task.search_without_channel spawn_start=499130936 spawn_end=499130937 spawn_duration_ms=0
[2026-02-02 22:04:50.315] [info] [spider.worker] [TIMING] task_id=659b771e-4a6c-4671-bb8a-65400d111bdd func=job_orchestration.executor.query.spider_search_task.search_without_channel execution_start=499130937 execution_end=499132523 execution_duration_ms=1585
[2026-02-02 22:04:50.367] [info] [spider.worker] [TIMING] task_id=659b771e-4a6c-4671-bb8a-65400d111bdd func=job_orchestration.executor.query.spider_search_task.search_without_channel submit_output_start=499132525 submit_output_end=499132575 submit_output_duration_ms=50
[2026-02-02 22:04:50.441] [info] [spider.worker] [TIMING] task_id=7cd07cc0-fc1c-4ab9-b7c8-e1e424deb7cc func=job_orchestration.executor.query.spider_search_task.search_without_channel fetch_input_start=499132649 fetch_input_end=499132649 fetch_input_duration_ms=0
[2026-02-02 22:04:50.442] [info] [spider.worker] [TIMING] task_id=7cd07cc0-fc1c-4ab9-b7c8-e1e424deb7cc func=job_orchestration.executor.query.spider_search_task.search_without_channel input_send_start=499132650 input_send_end=499132650 input_send_duration_ms=0 bytes=610
[2026-02-02 22:04:50.442] [info] [spider.worker] [TIMING] task_id=7cd07cc0-fc1c-4ab9-b7c8-e1e424deb7cc func=job_orchestration.executor.query.spider_search_task.search_without_channel spawn_start=499132650 spawn_end=499132650 spawn_duration_ms=0
[2026-02-02 22:04:51.830] [info] [spider.worker] [TIMING] task_id=7cd07cc0-fc1c-4ab9-b7c8-e1e424deb7cc func=job_orchestration.executor.query.spider_search_task.search_without_channel execution_start=499132650 execution_end=499134039 execution_duration_ms=1388
[2026-02-02 22:04:51.861] [info] [spider.worker] [TIMING] task_id=7cd07cc0-fc1c-4ab9-b7c8-e1e424deb7cc func=job_orchestration.executor.query.spider_search_task.search_without_channel submit_output_start=499134041 submit_output_end=499134069 submit_output_duration_ms=28
[2026-02-02 22:04:51.878] [info] [spider.worker] [TIMING] task_id=406a91cf-c722-4af2-8efc-9e378cd70a03 func=job_orchestration.executor.query.spider_search_task.search_without_channel fetch_input_start=499134085 fetch_input_end=499134086 fetch_input_duration_ms=1
[2026-02-02 22:04:51.878] [info] [spider.worker] [TIMING] task_id=406a91cf-c722-4af2-8efc-9e378cd70a03 func=job_orchestration.executor.query.spider_search_task.search_without_channel input_send_start=499134087 input_