[2026-02-02 19:46:00.937] [warning] [spider.worker] Prefer using `SPIDER_STORAGE_URL` environment variable over `--storage_url` argument.
[2026-02-02 19:47:06.573] [info] [spider.worker] [TIMING] task_id=24dcc31c-5a32-4921-a1f6-8e1952ce992c func=job_orchestration.executor.compress.spider_compress.compress fetch_input_start=490868780 fetch_input_end=490868782 fetch_input_duration_ms=1
[2026-02-02 19:47:06.574] [info] [spider.worker] [TIMING] task_id=24dcc31c-5a32-4921-a1f6-8e1952ce992c func=job_orchestration.executor.compress.spider_compress.compress input_send_start=490868782 input_send_end=490868782 input_send_duration_ms=0 bytes=754
[2026-02-02 19:47:06.574] [info] [spider.worker] [TIMING] task_id=24dcc31c-5a32-4921-a1f6-8e1952ce992c func=job_orchestration.executor.compress.spider_compress.compress spawn_start=490868782 spawn_end=490868782 spawn_duration_ms=0
[2026-02-02 19:49:28.579] [info] [spider.worker] [TIMING] task_id=24dcc31c-5a32-4921-a1f6-8e1952ce992c func=job_orchestration.executor.compress.spider_compress.compress execution_start=490868783 execution_end=491010787 execution_duration_ms=142004
[2026-02-02 19:49:28.592] [info] [spider.worker] [TIMING] task_id=24dcc31c-5a32-4921-a1f6-8e1952ce992c func=job_orchestration.executor.compress.spider_compress.compress submit_output_start=491010789 submit_output_end=491010801 submit_output_duration_ms=11
[2026-02-02 19:49:28.604] [info] [spider.worker] [TIMING] task_id=eeb02af9-6f97-441d-a879-9c817ff47946 func=job_orchestration.executor.compress.spider_compress.compress fetch_input_start=491010811 fetch_input_end=491010812 fetch_input_duration_ms=1
[2026-02-02 19:49:28.604] [info] [spider.worker] [TIMING] task_id=eeb02af9-6f97-441d-a879-9c817ff47946 func=job_orchestration.executor.compress.spider_compress.compress input_send_start=491010813 input_send_end=491010813 input_send_duration_ms=0 bytes=751
[2026-02-02 19:49:28.604] [info] [spider.worker] [TIMING] task_id=eeb02af9-6f97-441d-a879-9c817ff47946 func=job_orchestration.executor.compress.spider_compress.compress spawn_start=491010812 spawn_end=491010813 spawn_duration_ms=0
[2026-02-02 19:50:27.833] [info] [spider.worker] [TIMING] task_id=eeb02af9-6f97-441d-a879-9c817ff47946 func=job_orchestration.executor.compress.spider_compress.compress execution_start=491010813 execution_end=491070041 execution_duration_ms=59228
[2026-02-02 19:50:27.853] [info] [spider.worker] [TIMING] task_id=eeb02af9-6f97-441d-a879-9c817ff47946 func=job_orchestration.executor.compress.spider_compress.compress submit_output_start=491070043 submit_output_end=491070061 submit_output_duration_ms=18
[2026-02-02 19:50:27.873] [info] [spider.worker] [TIMING] task_id=0667bc78-f8e6-4537-833b-bd3aba8dd888 func=job_orchestration.executor.compress.spider_compress.compress fetch_input_start=491070080 fetch_input_end=491070081 fetch_input_duration_ms=1
[2026-02-02 19:50:27.874] [info] [spider.worker] [TIMING] task_id=0667bc78-f8e6-4537-833b-bd3aba8dd888 func=job_orchestration.executor.compress.spider_compress.compress input_send_start=491070082 input_send_end=491070082 input_send_duration_ms=0 bytes=771
[2026-02-02 19:50:27.874] [info] [spider.worker] [TIMING] task_id=0667bc78-f8e6-4537-833b-bd3aba8dd888 func=job_orchestration.executor.compress.spider_compress.compress spawn_start=491070081 spawn_end=491070082 spawn_duration_ms=0
[2026-02-02 19:50:37.862] [info] [spider.worker] [TIMING] task_id=0667bc78-f8e6-4537-833b-bd3aba8dd888 func=job_orchestration.executor.compress.spider_compress.compress execution_start=491070082 execution_end=491080070 execution_duration_ms=9987
[2026-02-02 19:50:37.905] [info] [spider.worker] [TIMING] task_id=0667bc78-f8e6-4537-833b-bd3aba8dd888 func=job_orchestration.executor.compress.spider_compress.compress submit_output_start=491080073 submit_output_end=491080113 submit_output_duration_ms=40
[2026-02-02 19:50:37.950] [info] [spider.worker] [TIMING] task_id=35fb2bf9-f6e6-46cc-8251-e4b41dccd93b func=job_orchestration.executor.compress.spider_compress.compress fetch_input_start=491080157 fetch_input_end=491080158 fetch_input_duration_ms=1
[2026-02-02 19:50:37.950] [info] [spider.worker] [TIMING] task_id=35fb2bf9-f6e6-46cc-8251-e4b41dccd93b func=job_orchestration.executor.compress.spider_compress.compress input_send_start=491080158 input_send_end=491080158 input_send_duration_ms=0 bytes=771
[2026-02-02 19:50:37.971] [info] [spider.worker] [TIMING] task_id=35fb2bf9-f6e6-46cc-8251-e4b41dccd93b func=job_orchestration.executor.compress.spider_compress.compress spawn_start=491080158 spawn_end=491080180 spawn_duration_ms=21
[2026-02-02 19:50:48.760] [info] [spider.worker] [TIMING] task_id=35fb2bf9-f6e6-46cc-8251-e4b41dccd93b func=job_orchestration.executor.compress.spider_compress.compress execution_start=491080180 execution_end=491090968 execution_duration_ms=10788
[2026-02-02 19:50:48.785] [info] [spider.worker] [TIMING] task_id=35fb2bf9-f6e6-46cc-8251-e4b41dccd93b func=job_orchestration.executor.compress.spider_compress.compress submit_output_start=491090970 submit_output_end=491090993 submit_output_duration_ms=23
[2026-02-02 19:50:48.805] [info] [spider.worker] [TIMING] task_id=e21ce437-7f2f-41f5-acc7-aee3b5b6847e func=job_orchestration.executor.compress.spider_compress.compress fetch_input_start=491091012 fetch_input_end=491091013 fetch_input_duration_ms=1
[2026-02-02 19:50:48.805] [info] [spider.worker] [TIMING] task_id=e21ce437-7f2f-41f5-acc7-aee3b5b6847e func=job_orchestration.executor.compress.spider_compress.compress input_send_start=491091014 input_send_end=491091014 input_send_duration_ms=0 bytes=752
[2026-02-02 19:50:48.805] [info] [spider.worker] [TIMING] task_id=e21ce437-7f2f-41f5-acc7-aee3b5b6847e func=job_orchestration.executor.compress.spider_compress.compress spawn_start=491091013 spawn_end=491091014 spawn_duration_ms=0
[2026-02-02 19:51:16.346] [info] [spider.worker] [TIMING] task_id=e21ce437-7f2f-41f5-acc7-aee3b5b6847e func=job_orchestration.executor.compress.spider_compress.compress execution_start=491091014 execution_end=491118554 execution_duration_ms=27540
[2026-02-02 19:51:16.533] [info] [spider.worker] [TIMING] task_id=e21ce437-7f2f-41f5-acc7-aee3b5b6847e func=job_orchestration.executor.compress.spider_compress.compress submit_output_start=491118556 submit_output_end=491118741 submit_output_duration_ms=184
[2026-02-02 19:51:16.654] [info] [spider.worker] [TIMING] task_id=ae9b6aea-bd86-4533-b452-f41b57c527a9 func=job_orchestration.executor.compress.spider_compress.compress fetch_input_start=491118861 fetch_input_end=491118863 fetch_input_duration_ms=1
[2026-02-02 19:51:16.655] [info] [spider.worker] [TIMING] task_id=ae9b6aea-bd86-4533-b452-f41b57c527a9 func=job_orchestration.executor.compress.spider_compress.compress input_send_start=491118863 input_send_end=491118863 input_send_duration_ms=0 bytes=852
[2026-02-02 19:51:16.655] [info] [spider.worker] [TIMING] task_id=ae9b6aea-bd86-4533-b452-f41b57c527a9 func=job_orchestration.executor.compress.spider_compress.compress spawn_start=491118863 spawn_end=491118863 spawn_duration_ms=0
[2026-02-02 19:53:10.862] [info] [spider.worker] [TIMING] task_id=ae9b6aea-bd86-4533-b452-f41b57c527a9 func=job_orchestration.executor.compress.spider_compress.compress execution_start=491118863 execution_end=491233071 execution_duration_ms=114207
[2026-02-02 19:53:10.880] [info] [spider.worker] [TIMING] task_id=ae9b6aea-bd86-4533-b452-f41b57c527a9 func=job_orchestration.executor.compress.spider_compress.compress submit_output_start=491233072 submit_output_end=491233088 submit_output_duration_ms=15
[2026-02-02 19:53:10.899] [info] [spider.worker] [TIMING] task_id=da579f6f-1fe7-43ff-9355-0d60622a2421 func=job_orchestration.executor.compress.spider_compress.compress fetch_input_start=491233106 fetch_input_end=491233108 fetch_input_duration_ms=1
[2026-02-02 19:53:10.900] [info] [spider.worker] [TIMING] task_id=da579f6f-1fe7-43ff-9355-0d60622a2421 func=job_orchestration.executor.compress.spider_compress.compress input_send_start=491233108 input_send_end=491233108 input_send_duration_ms=0 bytes=751
[2026-02-02 19:53:10.900] [info] [spider.worker] [TIMING] task_id=da579f6f-1fe7-43ff-9355-0d60622a2421 func=job_orchestration.executor.compress.spider_compress.compress spawn_start=491233108 spawn_end=491233109 spawn_duration_ms=0
[2026-02-02 19:53:21.867] [info] [spider.worker] [TIMING] task_id=da579f6f-1fe7-43ff-9355-0d60622a2421 func=job_orchestration.executor.compress.spider_compress.compress execution_start=491233109 execution_end=491244076 execution_duration_ms=10967
[2026-02-02 19:53:21.879] [info] [spider.worker] [TIMING] task_id=da579f6f-1fe7-43ff-9355-0d60622a2421 func=job_orchestration.executor.compress.spider_compress.compress submit_output_start=491244078 submit_output_end=491244087 submit_output_duration_ms=9
[2026-02-02 19:53:21.917] [info] [spider.worker] [TIMING] task_id=6665e4d5-d840-4688-8693-fecd1aa8163e func=job_orchestration.executor.compress.spider_compress.compress fetch_input_start=491244124 fetch_input_end=491244125 fetch_input_duration_ms=0
[2026-02-02 19:53:21.917] [info] [spider.worker] [TIMING] task_id=6665e4d5-d840-4688-8693-fecd1aa8163e func=job_orchestration.executor.compress.spider_compress.compress input_send_start=491244126 input_send_end=491244126 input_send_duration_ms=0 bytes=747
[2026-02-02 19:53:21.917] [info] [spider.worker] [TIMING] task_id=6665e4d5-d840-4688-8693-fecd1aa8163e func=job_orchestration.executor.compress.spider_compress.compress spawn_start=491244125 spawn_end=491244126 spawn_duration_ms=0
[2026-02-02 19:54:58.219] [info] [spider.worker] [TIMING] task_id=6665e4d5-d840-4688-8693-fecd1aa8163e func=job_orchestration.executor.compress.spider_compress.compress execution_start=491244126 execution_end=491340427 execution_duration_ms=96301
[2026-02-02 19:54:58.257] [info] [spider.worker] [TIMING] task_id=6665e4d5-d840-4688-8693-fecd1aa8163e func=job_orchestration.executor.compress.spider_compress.compress submit_output_start=491340429 submit_output_end=491340466 submit_output_duration_ms=36
[2026-02-02 19:54:58.281] [info] [spider.worker] [TIMING] task_id=886a8d7e-5f1d-4fb4-842d-9bbeb5f7bf58 func=job_orchestration.executor.compress.spider_compress.compress fetch_input_start=491340488 fetch_input_end=491340489 fetch_input_duration_ms=1
[2026-02-02 19:54:58.281] [info] [spider.worker] [TIMING] task_id=886a8d7e-5f1d-4fb4-842d-9bbeb5f7bf58 func=job_orchestration.executor.compress.spider_compress.compress input_send_start=491340490 input_send_end=491340490 input_send_duration_ms=0 bytes=754
[2026-02-02 19:54:58.281] [info] [spider.worker] [TIMING] task_id=886a8d7e-5f1d-4fb4-842d-9bbeb5f7bf58 func=job_orchestration.executor.compress.spider_compress.compress spawn_start=491340489 spawn_end=491340490 spawn_duration_ms=0
[2026-02-02 19:56:51.185] [info] [spider.worker] [TIMING] task_id=886a8d7e-5f1d-4fb4-842d-9bbeb5f7bf58 func=job_orchestration.executor.compress.spider_compress.compress execution_start=491340490 execution_end=491453393 execution_duration_ms=112902
[2026-02-02 19:56:51.201] [info] [spider.worker] [TIMING] task_id=886a8d7e-5f1d-4fb4-842d-9bbeb5f7bf58 func=job_orchestration.executor.compress.spider_compress.compress submit_output_start=491453395 submit_output_end=491453409 submit_output_duration_ms=14
[2026-02-02 19:56:51.237] [info] [spider.worker] [TIMING] task_id=e9b8a740-3e1c-4ec7-a35f-03c14f3124b3 func=job_orchestration.executor.compress.spider_compress.compress fetch_input_start=491453445 fetch_input_end=491453446 fetch_input_duration_ms=0
[2026-02-02 19:56:51.238] [info] [spider.worker] [TIMING] task_id=e9b8a740-3e1c-4ec7-a35f-03c14f3124b3 func=job_orchestration.executor.compress.spider_compress.compress input_send_start=491453446 input_send_end=491453446 input_send_duration_ms=0 bytes=748
[2026-02-02 19:56:51.238] [info] [spider.worker] [TIMING] task_id=e9b8a740-3e1c-4ec7-a35f-03c14f3124b3 func=job_orchestration.executor.compress.spider_compress.compress spawn_start=491453446 spawn_end=491453446 spawn_duration_ms=0
[2026-02-02 19:57:18.561] [info] [spider.worker] [TIMING] task_id=e9b8a740-3e1c-4ec7-a35f-03c14f3124b3 func=job_orchestration.executor.compress.spider_compress.compress execution_start=491453447 execution_end=491480770 execution_duration_ms=27322
[2026-02-02 19:57:18.581] [info] [spider.worker] [TIMING] task_id=e9b8a740-3e1c-4ec7-a35f-03c14f3124b3 func=job_orchestration.executor.compress.spider_compress.compress submit_output_start=491480773 submit_output_end=491480790 submit_output_duration_ms=17
[2026-02-02 19:57:18.593] [info] [spider.worker] [TIMING] task_id=4166acee-df4d-4c2b-a8c7-a2010276f146 func=job_orchestration.executor.compress.spider_compress.compress fetch_input_start=491480800 fetch_input_end=491480801 fetch_input_duration_ms=1
[2026-02-02 19:57:18.593] [info] [spider.worker] [TIMING] task_id=4166acee-df4d-4c2b-a8c7-a2010276f146 func=job_orchestration.executor.compress.spider_compress.compress input_send_start=491480801 input_send_end=491480801 input_send_duration_ms=0 bytes=751
[2026-02-02 19:57:18.593] [info] [spider.worker] [TIMING] task_id=4166acee-df4d-4c2b-a8c7-a2010276f146 func=job_orchestration.executor.compress.spider_compress.compress spawn_start=491480801 spawn_end=491480801 spawn_duration_ms=0
[2026-02-02 19:58:18.242] [info] [spider.worker] [TIMING] task_id=4166acee-df4d-4c2b-a8c7-a2010276f146 func=job_orchestration.executor.compress.spider_compress.compress execution_start=491480802 execution_end=491540450 execution_duration_ms=59648
[2026-02-02 19:58:18.251] [info] [spider.worker] [TIMING] task_id=4166acee-df4d-4c2b-a8c7-a2010276f146 func=job_orchestration.executor.compress.spider_compress.compress submit_output_start=491540452 submit_output_end=491540459 submit_output_duration_ms=7
[2026-02-02 19:58:18.290] [info] [spider.worker] [TIMING] task_id=375bbd21-a14a-4f51-8df0-7dacafd4e84f func=job_orchestration.executor.compress.spider_compress.compress fetch_input_start=491540497 fetch_input_end=491540499 fetch_input_duration_ms=1
[2026-02-02 19:58:18.291] [info] [spider.worker] [TIMING] task_id=375bbd21-a14a-4f51-8df0-7dacafd4e84f func=job_orchestration.executor.compress.spider_compress.compress input_send_start=491540499 input_send_end=491540499 input_send_duration_ms=0 bytes=754
[2026-02-02 19:58:18.291] [info] [spider.worker] [TIMING] task_id=375bbd21-a14a-4f51-8df0-7dacafd4e84f func=job_orchestration.executor.compress.spider_compress.compress spawn_start=491540499 spawn_end=491540500 spawn_duration_ms=0
[2026-02-02 19:58:31.158] [info] [spider.worker] [TIMING] task_id=375bbd21-a14a-4f51-8df0-7dacafd4e84f func=job_orchestration.executor.compress.spider_compress.compress execution_start=491540500 execution_end=491553366 execution_duration_ms=12866
[2026-02-02 19:58:31.188] [info] [spider.worker] [TIMING] task_id=375bbd21-a14a-4f51-8df0-7dacafd4e84f func=job_orchestration.executor.compress.spider_compress.compress submit_output_start=491553368 submit_output_end=491553396 submit_output_duration_ms=28
[2026-02-02 19:58:31.210] [info] [spider.worker] [TIMING] task_id=1d9ca8e3-6ab9-4698-b1cf-a4e98b6122ba func=job_orchestration.executor.compress.spider_compress.compress fetch_input_start=491553418 fetch_input_end=491553418 fetch_input_duration_ms=0
[2026-02-02 19:58:31.210] [info] [spider.worker] [TIMING] task_id=1d9ca8e3-6ab9-4698-b1cf-a4e98b6122ba func=job_orchestration.executor.compress.spider_compress.compress input_send_start=491553419 input_send_end=491553419 input_send_duration_ms=0 bytes=751
[2026-02-02 19:58:31.210] [info] [spider.worker] [TIMING] task_id=1d9ca8e3-6ab9-4698-b1cf-a4e98b6122ba func=job_orchestration.executor.compress.spider_compress.compress spawn_start=491553418 spawn_end=491553419 spawn_duration_ms=0
[2026-02-02 20:00:42.586] [info] [spider.worker] [TIMING] task_id=1d9ca8e3-6ab9-4698-b1cf-a4e98b6122ba func=job_orchestration.executor.compress.spider_compress.compress execution_start=491553419 execution_end=491684794 execution_duration_ms=131375
[2026-02-02 20:00:42.621] [info] [spider.worker] [TIMING] task_id=1d9ca8e3-6ab9-4698-b1cf-a4e98b6122ba func=job_orchestration.executor.compress.spider_compress.compress submit_output_start=491684797 submit_output_end=491684829 submit_output_duration_ms=32
[2026-02-02 20:00:42.650] [info] [spider.worker] [TIMING] task_id=9ff5aba4-9fac-47aa-b850-9f756e09ce89 func=job_orchestration.executor.compress.spider_compress.compress fetch_input_start=491684857 fetch_input_end=491684858 fetch_input_duration_ms=1
[2026-02-02 20:00:42.651] [info] [spider.worker] [TIMING] task_id=9ff5aba4-9fac-47aa-b850-9f756e09ce89 func=job_orchestration.executor.compress.spider_compress.compress input_send_start=491684859 input_send_end=491684859 input_send_duration_ms=0 bytes=755
[2026-02-02 20:00:42.651] [info] [spider.worker] [TIMING] task_id=9ff5aba4-9fac-47aa-b850-9f756e09ce89 func=job_orchestration.executor.compress.spider_compress.compress spawn_start=491684859 spawn_end=491684859 spawn_duration_ms=0
[2026-02-02 20:01:03.468] [info] [spider.worker] [TIMING] task_id=9ff5aba4-9fac-47aa-b850-9f756e09ce89 func=job_orchestration.executor.compress.spider_compress.compress execution_start=491684859 execution_end=491705677 execution_duration_ms=20817
[2026-02-02 20:01:03.514] [info] [spider.worker] [TIMING] task_id=9ff5aba4-9fac-47aa-b850-9f756e09ce89 func=job_orchestration.executor.compress.spider_compress.compress submit_output_start=491705679 submit_output_end=491705722 submit_output_duration_ms=43
[2026-02-02 20:01:03.538] [info] [spider.worker] [TIMING] task_id=43daa145-99fa-4f17-9a2d-b9283c862653 func=job_orchestration.executor.compress.spider_compress.compress fetch_input_start=491705745 fetch_input_end=491705747 fetch_input_duration_ms=1
[2026-02-02 20:01:03.539] [info] [spider.worker] [TIMING] task_id=43daa145-99fa-4f17-9a2d-b9283c862653 func=job_orchestration.executor.compress.spider_compress.compress input_send_start=491705747 input_send_end=491705747 input_send_duration_ms=0 bytes=850
[2026-02-02 20:01:03.539] [info] [spider.worker] [TIMING] task_id=43daa145-99fa-4f17-9a2d-b9283c862653 func=job_orchestration.executor.compress.spider_compress.compress spawn_start=491705747 spawn_end=491705747 spawn_duration_ms=0
[2026-02-02 20:06:14.752] [info] [spider.worker] [TIMING] task_id=43daa145-99fa-4f17-9a2d-b9283c862653 func=job_orchestration.executor.compress.spider_compress.compress execution_start=491705747 execution_end=492016960 execution_duration_ms=311212
[2026-02-02 20:06:14.794] [info] [spider.worker] [TIMING] task_id=43daa145-99fa-4f17-9a2d-b9283c862653 func=job_orchestration.executor.compress.spider_compress.compress submit_output_start=492016962 submit_output_end=492017002 submit_output_duration_ms=39
[2026-02-02 20:06:14.815] [info] [spider.worker] [TIMING] task_id=25990712-477d-47f3-aee8-80af6384d868 func=job_orchestration.executor.compress.spider_compress.compress fetch_input_start=492017023 fetch_input_end=492017023 fetch_input_duration_ms=0
[2026-02-02 20:06:14.816] [info] [spider.worker] [TIMING] task_id=25990712-477d-47f3-aee8-80af6384d868 func=job_orchestration.executor.compress.spider_compress.compress input_send_start=492017024 input_send_end=492017024 input_send_duration_ms=0 bytes=751
[2026-02-02 20:06:14.816] [info] [spider.worker] [TIMING] task_id=25990712-477d-47f3-aee8-80af6384d868 func=job_orchestration.executor.compress.spider_compress.compress spawn_start=492017023 spawn_end=492017024 spawn_duration_ms=0
[2026-02-02 20:06:28.981] [info] [spider.worker] [TIMING] task_id=25990712-477d-47f3-aee8-80af6384d868 func=job_orchestration.executor.compress.spider_compress.compress execution_start=492017024 execution_end=492031189 execution_duration_ms=14165
[2026-02-02 20:06:28.995] [info] [spider.worker] [TIMING] task_id=25990712-477d-47f3-aee8-80af6384d868 func=job_orchestration.executor.compress.spider_compress.compress submit_output_start=492031192 submit_output_end=492031203 submit_output_duration_ms=11
[2026-02-02 20:06:29.005] [info] [spider.worker] [TIMING] task_id=636357dd-ab99-4c96-bb30-b8bda2b862ff func=job_orchestration.executor.compress.spider_compress.compress fetch_input_start=492031213 fetch_input_end=492031214 fetch_input_duration_ms=0
[2026-02-02 20:06:29.006] [info] [spider.worker] [TIMING] task_id=636357dd-ab99-4c96-bb30-b8bda2b862ff func=job_orchestration.executor.compress.spider_compress.compress input_send_start=492031214 input_send_end=492031214 input_send_duration_ms=0 bytes=754
[2026-02-02 20:06:29.006] [info] [spider.worker] [TIMING] task_id=636357dd-ab99-4c96-bb30-b8bda2b862ff func=job_orchestration.executor.compress.spider_compress.compress spawn_start=492031214 spawn_end=492031214 spawn_duration_ms=0
[2026-02-02 20:07:21.051] [info] [spider.worker] [TIMING] task_id=636357dd-ab99-4c96-bb30-b8bda2b862ff func=job_orchestration.executor.compress.spider_compress.compress execution_start=492031215 execution_end=492083259 execution_duration_ms=52044
[2026-02-02 20:07:21.081] [info] [spider.worker] [TIMING] task_id=636357dd-ab99-4c96-bb30-b8bda2b862ff func=job_orchestration.executor.compress.spider_compress.compress submit_output_start=492083274 submit_output_end=492083290 submit_output_duration_ms=15
[2026-02-02 20:07:21.122] [info] [spider.worker] [TIMING] task_id=4d4f59e1-784c-4069-a812-97d9cb18b7f0 func=job_orchestration.executor.compress.spider_compress.compress fetch_input_start=492083329 fetch_input_end=492083331 fetch_input_duration_ms=1
[2026-02-02 20:07:21.123] [info] [spider.worker] [TIMING] task_id=4d4f59e1-784c-4069-a812-97d9cb18b7f0 func=job_orchestration.executor.compress.spider_compress.compress input_send_start=492083331 input_send_end=492083331 input_send_duration_ms=0 bytes=751
[2026-02-02 20:07:21.123] [info] [spider.worker] [TIMING] task_id=4d4f59e1-784c-4069-a812-97d9cb18b7f0 func=job_orchestration.executor.compress.spider_compress.compress spawn_start=492083331 spawn_end=492083331 spawn_duration_ms=0
[2026-02-02 20:07:52.839] [info] [spider.worker] [TIMING] task_id=4d4f59e1-784c-4069-a812-97d9cb18b7f0 func=job_orchestration.executor.compress.spider_compress.compress execution_start=492083331 execution_end=492115048 execution_duration_ms=31716
[2026-02-02 20:07:52.946] [info] [spider.worker] [TIMING] task_id=4d4f59e1-784c-4069-a812-97d9cb18b7f0 func=job_orchestration.executor.compress.spider_compress.compress submit_output_start=492115096 submit_output_end=492115154 submit_output_duration_ms=58
[2026-02-02 20:07:52.973] [info] [spider.worker] [TIMING] task_id=da81a87f-1e8c-4d32-be96-63b4e5b0f3f3 func=job_orchestration.executor.compress.spider_compress.compress fetch_input_start=492115181 fetch_input_end=492115182 fetch_input_duration_ms=0
[2026-02-02 20:07:52.974] [info] [spider.worker] [TIMING] task_id=da81a87f-1e8c-4d32-be96-63b4e5b0f3f3 func=job_orchestration.executor.compress.spider_compress.compress input_send_start=492115182 input_send_end=492115182 input_send_duration_ms=0 bytes=751
[2026-02-02 20:07:52.974] [info] [spider.worker] [TIMING] task_id=da81a87f-1e8c-4d32-be96-63b4e5b0f3f3 func=job_orchestration.executor.compress.spider_compress.compress spawn_start=492115182 spawn_end=492115182 spawn_duration_ms=0
[2026-02-02 20:10:20.227] [info] [spider.worker] [TIMING] task_id=da81a87f-1e8c-4d32-be96-63b4e5b0f3f3 func=job_orchestration.executor.compress.spider_compress.compress execution_start=492115183 execution_end=492262436 execution_duration_ms=147253
[2026-02-02 20:10:20.248] [info] [spider.worker] [TIMING] task_id=da81a87f-1e8c-4d32-be96-63b4e5b0f3f3 func=job_orchestration.executor.compress.spider_compress.compress submit_output_start=492262440 submit_output_end=492262456 submit_output_duration_ms=16
[2026-02-02 20:10:20.258] [info] [spider.worker] [TIMING] task_id=d58a51c8-b824-48e1-9c5a-bb20fb5e7f2f func=job_orchestration.executor.compress.spider_compress.compress fetch_input_start=492262466 fetch_input_end=492262466 fetch_input_duration_ms=0
[2026-02-02 20:10:20.258] [info] [spider.worker] [TIMING] task_id=d58a51c8-b824-48e1-9c5a-bb20fb5e7f2f func=job_orchestration.executor.compress.spider_compress.compress input_send_start=492262467 input_send_end=492262467 input_send_duration_ms=0 bytes=752
[2026-02-02 20:10:20.258] [info] [spider.worker] [TIMING] task_id=d58a51c8-b824-48e1-9c5a-bb20fb5e7f2f func=job_orchestration.executor.compress.spider_compress.compress spawn_start=492262466 spawn_end=492262467 spawn_duration_ms=0
[2026-02-02 20:12:46.339] [info] [spider.worker] [TIMING] task_id=d58a51c8-b824-48e1-9c5a-bb20fb5e7f2f func=job_orchestration.executor.compress.spider_compress.compress execution_start=492262467 execution_end=492408547 execution_duration_ms=146079
[2026-02-02 20:12:46.351] [info] [spider.worker] [TIMING] task_id=d58a51c8-b824-48e1-9c5a-bb20fb5e7f2f func=job_orchestration.executor.compress.spider_compress.compress submit_output_start=492408549 submit_output_end=492408560 submit_output_duration_ms=10
[2026-02-02 20:12:46.391] [info] [spider.worker] [TIMING] task_id=ff223e7e-bdb7-47c1-bb15-214f8657764b func=job_orchestration.executor.compress.spider_compress.compress fetch_input_start=492408599 fetch_input_end=492408600 fetch_input_duration_ms=0
[2026-02-02 20:12:46.392] [info] [spider.worker] [TIMING] task_id=ff223e7e-bdb7-47c1-bb15-214f8657764b func=job_orchestration.executor.compress.spider_compress.compress input_send_start=492408600 input_send_end=492408600 input_send_duration_ms=0 bytes=751
[2026-02-02 20:12:46.392] [info] [spider.worker] [TIMING] task_id=ff223e7e-bdb7-47c1-bb15-214f8657764b func=job_orchestration.executor.compress.spider_compress.compress spawn_start=492408600 spawn_end=492408600 spawn_duration_ms=0
[2026-02-02 20:13:01.400] [info] [spider.worker] [TIMING] task_id=ff223e7e-bdb7-47c1-bb15-214f8657764b func=job_orchestration.executor.compress.spider_compress.compress execution_start=492408601 execution_end=492423609 execution_duration_ms=15008
[2026-02-02 20:13:01.408] [info] [spider.worker] [TIMING] task_id=ff223e7e-bdb7-47c1-bb15-214f8657764b func=job_orchestration.executor.compress.spider_compress.compress submit_output_start=492423610 submit_output_end=492423617 submit_output_duration_ms=6
[2026-02-02 20:13:01.435] [info] [spider.worker] [TIMING] task_id=27029cdb-6d0e-4f96-a812-fb267b9ad58d func=job_orchestration.executor.compress.spider_compress.compress fetch_input_start=492423643 fetch_input_end=492423644 fetch_input_duration_ms=0
[2026-02-02 20:13:01.436] [info] [spider.worker] [TIMING] task_id=27029cdb-6d0e-4f96-a812-fb267b9ad58d func=job_orchestration.executor.compress.spider_compress.compress input_send_start=492423644 input_send_end=492423644 input_send_duration_ms=0 bytes=748
[2026-02-02 20:13:01.436] [info] [spider.worker] [TIMING] task_id=27029cdb-6d0e-4f96-a812-fb267b9ad58d func=job_orchestration.executor.compress.spider_compress.compress spawn_start=492423644 spawn_end=492423644 spawn_duration_ms=0
[2026-02-02 20:15:22.537] [info] [spider.worker] [TIMING] task_id=27029cdb-6d0e-4f96-a812-fb267b9ad58d func=job_orchestration.executor.compress.spider_compress.compress execution_start=492423644 execution_end=492564745 execution_duration_ms=141101
[2026-02-02 20:15:22.570] [info] [spider.worker] [TIMING] task_id=27029cdb-6d0e-4f96-a812-fb267b9ad58d func=job_orchestration.executor.compress.spider_compress.compress submit_output_start=492564748 submit_output_end=492564779 submit_output_duration_ms=31
[2026-02-02 20:15:22.590] [info] [spider.worker] [TIMING] task_id=a07d0c4f-ea39-4649-b63c-ed39259af3ed func=job_orchestration.executor.compress.spider_compress.compress fetch_input_start=492564798 fetch_input_end=492564799 fetch_input_duration_ms=0
[2026-02-02 20:15:22.591] [info] [spider.worker] [TIMING] task_id=a07d0c4f-ea39-4649-b63c-ed39259af3ed func=job_orchestration.executor.compress.spider_compress.compress input_send_start=492564799 input_send_end=492564799 input_send_duration_ms=0 bytes=755
[2026-02-02 20:15:22.591] [info] [spider.worker] [TIMING] task_id=a07d0c4f-ea39-4649-b63c-ed39259af3ed func=job_orchestration.executor.compress.spider_compress.compress spawn_start=492564799 spawn_end=492564799 spawn_duration_ms=0
[2026-02-02 20:16:24.537] [info] [spider.worker] [TIMING] task_id=a07d0c4f-ea39-4649-b63c-ed39259af3ed func=job_orchestration.executor.compress.spider_compress.compress execution_start=492564799 execution_end=492626745 execution_duration_ms=61946
[2026-02-02 20:16:24.548] [info] [spider.worker] [TIMING] task_id=a07d0c4f-ea39-4649-b63c-ed39259af3ed func=job_orchestration.executor.compress.spider_compress.compress submit_output_start=492626747 submit_output_end=492626757 submit_output_duration_ms=9
[2026-02-02 20:16:24.586] [info] [spider.worker] [TIMING] task_id=3f655c11-147c-4049-b85b-e4aed6863a9c func=job_orchestration.executor.compress.spider_compress.compress fetch_input_start=492626793 fetch_input_end=492626794 fetch_input_duration_ms=1
[2026-02-02 20:16:24.587] [info] [spider.worker] [TIMING] task_id=3f655c11-147c-4049-b85b-e4aed6863a9c func=job_orchestration.executor.compress.spider_compress.compress input_send_start=492626795 input_send_end=492626795 input_send_duration_ms=0 bytes=752
[2026-02-02 20:16:24.587] [info] [spider.worker] [TIMING] task_id=3f655c11-147c-4049-b85b-e4aed6863a9c func=job_orchestration.executor.compress.spider_compress.compress spawn_start=492626795 spawn_end=492626795 spawn_duration_ms=0
[2026-02-02 20:18:35.451] [info] [spider.worker] [TIMING] task_id=3f655c11-147c-4049-b85b-e4aed6863a9c func=job_orchestration.executor.compress.spider_compress.compress execution_start=492626795 execution_end=492757659 execution_duration_ms=130863
[2026-02-02 20:18:35.462] [info] [spider.worker] [TIMING] task_id=3f655c11-147c-4049-b85b-e4aed6863a9c func=job_orchestration.executor.compress.spider_compress.compress submit_output_start=492757662 submit_output_end=492757670 submit_output_duration_ms=8
[2026-02-02 20:18:35.482] [info] [spider.worker] [TIMING] task_id=2d384102-0377-4692-9a73-6f1a1a57f63d func=job_orchestration.executor.compress.spider_compress.compress fetch_input_start=492757689 fetch_input_end=492757690 fetch_input_duration_ms=1
[2026-02-02 20:18:35.482] [info] [spider.worker] [TIMING] task_id=2d384102-0377-4692-9a73-6f1a1a57f63d func=job_orchestration.executor.compress.spider_compress.compress input_send_start=492757691 input_send_end=492757691 input_send_duration_ms=0 bytes=748
[2026-02-02 20:18:35.482] [info] [spider.worker] [TIMING] task_id=2d384102-0377-4692-9a73-6f1a1a57f63d func=job_orchestration.executor.compress.spider_compress.compress spawn_start=492757690 spawn_end=492757691 spawn_duration_ms=0
[2026-02-02 20:19:04.946] [info] [spider.worker] [TIMING] task_id=2d384102-0377-4692-9a73-6f1a1a57f63d func=job_orchestration.executor.compress.spider_compress.compress execution_start=492757691 execution_end=492787154 execution_duration_ms=29463
[2026-02-02 20:19:04.959] [info] [spider.worker] [TIMING] task_id=2d384102-0377-4692-9a73-6f1a1a57f63d func=job_orchestration.executor.compress.spider_compress.compress submit_output_start=492787156 submit_output_end=492787167 submit_output_duration_ms=11
[2026-02-02 20:19:04.970] [info] [spider.worker] [TIMING] task_id=6816d03d-1fae-4f84-9034-73c1ee69686c func=job_orchestration.executor.compress.spider_compress.compress fetch_input_start=492787177 fetch_input_end=492787178 fetch_input_duration_ms=1
[2026-02-02 20:19:04.970] [info] [spider.worker] [TIMING] task_id=6816d03d-1fae-4f84-9034-73c1ee69686c func=job_orchestration.executor.compress.spider_compress.compress input_send_start=492787179 input_send_end=492787179 input_send_duration_ms=0 bytes=843
[2026-02-02 20:19:04.970] [info] [spider.worker] [TIMING] task_id=6816d03d-1fae-4f84-9034-73c1ee69686c func=job_orchestration.executor.compress.spider_compress.compress spawn_start=492787178 spawn_end=492787179 spawn_duration_ms=0
[2026-02-02 20:19:54.498] [info] [spider.worker] [TIMING] task_id=6816d03d-1fae-4f84-9034-73c1ee69686c func=job_orchestration.executor.compress.spider_compress.compress execution_start=492787179 execution_end=492836706 execution_duration_ms=49526
[2026-02-02 20:19:54.531] [info] [spider.worker] [TIMING] task_id=6816d03d-1fae-4f84-9034-73c1ee69686c func=job_orchestration.executor.compress.spider_compress.compress submit_output_start=492836708 submit_output_end=492836739 submit_output_duration_ms=31
[2026-02-02 20:19:54.549] [info] [spider.worker] [TIMING] task_id=3c7b844d-f29b-4549-a9cf-1d8b5d2f88a8 func=job_orchestration.executor.compress.spider_compress.compress fetch_input_start=492836756 fetch_input_end=492836757 fetch_input_duration_ms=1
[2026-02-02 20:19:54.549] [info] [spider.worker] [TIMING] task_id=3c7b844d-f29b-4549-a9cf-1d8b5d2f88a8 func=job_orchestration.executor.compress.spider_compress.compress input_send_start=492836758 input_send_end=492836758 input_send_duration_ms=0 bytes=755
[2026-02-02 20:19:54.549] [info] [spider.worker] [TIMING] task_id=3c7b844d-f29b-4549-a9cf-1d8b5d2f88a8 func=job_orchestration.executor.compress.spider_compress.compress spawn_start=492836757 spawn_end=492836758 spawn_duration_ms=0
[2026-02-02 20:20:07.761] [info] [spider.worker] [TIMING] task_id=3c7b844d-f29b-4549-a9cf-1d8b5d2f88a8 func=job_orchestration.executor.compress.spider_compress.compress execution_start=492836758 execution_end=492849969 execution_duration_ms=13211
[2026-02-02 20:20:07.919] [info] [spider.worker] [TIMING] task_id=3c7b844d-f29b-4549-a9cf-1d8b5d2f88a8 func=job_orchestration.executor.compress.spider_compress.compress submit_output_start=492850010 submit_output_end=492850127 submit_output_duration_ms=116
[2026-02-02 20:20:07.941] [info] [spider.worker] [TIMING] task_id=46d3894b-d626-49a0-95d5-dc1348e55d9a func=job_orchestration.executor.compress.spider_compress.compress fetch_input_start=492850148 fetch_input_end=492850149 fetch_input_duration_ms=1
[2026-02-02 20:20:07.942] [info] [spider.worker] [TIMING] task_id=46d3894b-d626-49a0-95d5-dc1348e55d9a func=job_orchestration.executor.compress.spider_compress.compress input_send_start=492850150 input_send_end=492850150 input_send_duration_ms=0 bytes=750
[2026-02-02 20:20:07.942] [info] [spider.worker] [TIMING] task_id=46d3894b-d626-49a0-95d5-dc1348e55d9a func=job_orchestration.executor.compress.spider_compress.compress spawn_start=492850150 spawn_end=492850150 spawn_duration_ms=0
[2026-02-02 20:21:33.626] [info] [spider.worker] [TIMING] task_id=46d3894b-d626-49a0-95d5-dc1348e55d9a func=job_orchestration.executor.compress.spider_compress.compress execution_start=492850150 execution_end=492935835 execution_duration_ms=85684
[2026-02-02 20:21:33.646] [info] [spider.worker] [TIMING] task_id=46d3894b-d626-49a0-95d5-dc1348e55d9a func=job_orchestration.executor.compress.spider_compress.compress submit_output_start=492935837 submit_output_end=492935855 submit_output_duration_ms=17
[2026-02-02 20:21:33.667] [info] [spider.worker] [TIMING] task_id=4f1987a5-25ac-423d-9fbe-98973ec9436b func=job_orchestration.executor.compress.spider_compress.compress fetch_input_start=492935874 fetch_input_end=492935875 fetch_input_duration_ms=1
[2026-02-02 20:21:33.667] [info] [spider.worker] [TIMING] task_id=4f1987a5-25ac-423d-9fbe-98973ec9436b func=job_orchestration.executor.compress.spider_compress.compress input_send_start=492935876 input_send_end=492935876 input_send_duration_ms=0 bytes=754
[2026-02-02 20:21:33.667] [info] [spider.worker] [TIMING] task_id=4f1987a5-25ac-423d-9fbe-98973ec9436b func=job_orchestration.executor.compress.spider_compress.compress spawn_start=492935875 spawn_end=492935876 spawn_duration_ms=0
[2026-02-02 20:23:34.974] [info] [spider.worker] [TIMING] task_id=4f1987a5-25ac-423d-9fbe-98973ec9436b func=job_orchestration.executor.compress.spider_compress.compress execution_start=492935876 execution_end=493057183 execution_duration_ms=121306
[2026-02-02 20:23:35.095] [info] [spider.worker] [TIMING] task_id=4f1987a5-25ac-423d-9fbe-98973ec9436b func=job_orchestration.executor.compress.spider_compress.compress submit_output_start=493057185 submit_output_end=493057303 submit_output_duration_ms=117
[2026-02-02 20:23:35.115] [info] [spider.worker] [TIMING] task_id=b0be8055-0242-4e47-bdc3-dfa9195cbd1d func=job_orchestration.executor.compress.spider_compress.compress fetch_input_start=493057322 fetch_input_end=493057323 fetch_input_duration_ms=1
[2026-02-02 20:23:35.116] [info] [spider.worker] [TIMING] task_id=b0be8055-0242-4e47-bdc3-dfa9195cbd1d func=job_orchestration.executor.compress.spider_compress.compress input_send_start=493057324 input_send_end=493057324 input_send_duration_ms=0 bytes=754
[2026-02-02 20:23:35.116] [info] [spider.worker] [TIMING] task_id=b0be8055-0242-4e47-bdc3-dfa9195cbd1d func=job_orchestration.executor.compress.spider_compress.compress spawn_start=493057323 spawn_end=493057324 spawn_duration_ms=0
[2026-02-02 20:25:08.750] [info] [spider.worker] [TIMING] task_id=b0be8055-0242-4e47-bdc3-dfa9195cbd1d func=job_orchestration.executor.compress.spider_compress.compress execution_start=493057324 execution_end=493150958 execution_duration_ms=93633
[2026-02-02 20:25:08.787] [info] [spider.worker] [TIMING] task_id=b0be8055-0242-4e47-bdc3-dfa9195cbd1d func=job_orchestration.executor.compress.spider_compress.compress submit_output_start=493150960 submit_output_end=493150996 submit_output_duration_ms=35
[2026-02-02 20:25:08.805] [info] [spider.worker] [TIMING] task_id=929949fd-2664-4714-b866-666e41ceccbb func=job_orchestration.executor.compress.spider_compress.compress fetch_input_start=493151013 fetch_input_end=493151014 fetch_input_duration_ms=1
[2026-02-02 20:25:08.806] [info] [spider.worker] [TIMING] task_id=929949fd-2664-4714-b866-666e41ceccbb func=job_orchestration.executor.compress.spider_compress.compress input_send_start=493151014 input_send_end=493151014 input_send_duration_ms=0 bytes=752
[2026-02-02 20:25:08.806] [info] [spider.worker] [TIMING] task_id=929949fd-2664-4714-b866-666e41ceccbb func=job_orchestration.executor.compress.spider_compress.compress spawn_start=493151014 spawn_end=493151014 spawn_duration_ms=0
[2026-02-02 20:25:38.482] [info] [spider.worker] [TIMING] task_id=929949fd-2664-4714-b866-666e41ceccbb func=job_orchestration.executor.compress.spider_compress.compress execution_start=493151015 execution_end=493180691 execution_duration_ms=29675
[2026-02-02 20:25:38.532] [info] [spider.worker] [TIMING] task_id=929949fd-2664-4714-b866-666e41ceccbb func=job_orchestration.executor.compress.spider_compress.compress submit_output_start=493180704 submit_output_end=493180740 submit_output_duration_ms=35
[2026-02-02 20:25:38.553] [info] [spider.worker] [TIMING] task_id=af58e273-b0ae-4b02-8e22-2ad1317057d4 func=job_orchestration.executor.compress.spider_compress.compress fetch_input_start=493180760 fetch_input_end=493180761 fetch_input_duration_ms=1
[2026-02-02 20:25:38.554] [info] [spider.worker] [TIMING] task_id=af58e273-b0ae-4b02-8e22-2ad1317057d4 func=job_orchestration.executor.compress.spider_compress.compress input_send_start=493180762 input_send_end=493180762 input_send_duration_ms=0 bytes=754
[2026-02-02 20:25:38.554] [info] [spider.worker] [TIMING] task_id=af58e273-b0ae-4b02-8e22-2ad1317057d4 func=job_orchestration.executor.compress.spider_compress.compress spawn_start=493180762 spawn_end=493180762 spawn_duration_ms=0
[2026-02-02 20:27:25.055] [info] [spider.worker] [TIMING] task_id=af58e273-b0ae-4b02-8e22-2ad1317057d4 func=job_orchestration.executor.compress.spider_compress.compress execution_start=493180762 execution_end=493287263 execution_duration_ms=106501
[2026-02-02 20:27:25.109] [info] [spider.worker] [TIMING] task_id=af58e273-b0ae-4b02-8e22-2ad1317057d4 func=job_orchestration.executor.compress.spider_compress.compress submit_output_start=493287265 submit_output_end=493287318 submit_output_duration_ms=52
[2026-02-02 20:27:25.126] [info] [spider.worker] [TIMING] task_id=ed51d048-592c-45d2-af7b-de70769c74bf func=job_orchestration.executor.compress.spider_compress.compress fetch_input_start=493287333 fetch_input_end=493287334 fetch_input_duration_ms=0
[2026-02-02 20:27:25.126] [info] [spider.worker] [TIMING] task_id=ed51d048-592c-45d2-af7b-de70769c74bf func=job_orchestration.executor.compress.spider_compress.compress input_send_start=493287335 input_send_end=493287335 input_send_duration_ms=0 bytes=755
[2026-02-02 20:27:25.126] [info] [spider.worker] [TIMING] task_id=ed51d048-592c-45d2-af7b-de70769c74bf func=job_orchestration.executor.compress.spider_compress.compress spawn_start=493287334 spawn_end=493287335 spawn_duration_ms=0
[2026-02-02 20:28:42.220] [info] [spider.worker] [TIMING] task_id=ed51d048-592c-45d2-af7b-de70769c74bf func=job_orchestration.executor.compress.spider_compress.compress execution_start=493287335 execution_end=493364429 execution_duration_ms=77094
[2026-02-02 20:28:42.491] [info] [spider.worker] [TIMING] task_id=ed51d048-592c-45d2-af7b-de70769c74bf func=job_orchestration.executor.compress.spider_compress.compress submit_output_start=493364616 submit_output_end=493364699 submit_output_duration_ms=83
[2026-02-02 20:28:42.510] [info] [spider.worker] [TIMING] task_id=31b9a16f-9e3c-4906-95a0-67b43293a77d func=job_orchestration.executor.compress.spider_compress.compress fetch_input_start=493364717 fetch_input_end=493364718 fetch_input_duration_ms=0
[2026-02-02 20:28:42.510] [info] [spider.worker] [TIMING] task_id=31b9a16f-9e3c-4906-95a0-67b43293a77d func=job_orchestration.executor.compress.spider_compress.compress input_send_start=493364719 input_send_end=493364719 input_send_duration_ms=0 bytes=750
[2026-02-02 20:28:42.510] [info] [spider.worker] [TIMING] task_id=31b9a16f-9e3c-4906-95a0-67b43293a77d func=job_orchestration.executor.compress.spider_compress.compress spawn_start=493364718 spawn_end=493364719 spawn_duration_ms=0
[2026-02-02 20:31:34.015] [info] [spider.worker] [TIMING] task_id=31b9a16f-9e3c-4906-95a0-67b43293a77d func=job_orchestration.executor.compress.spider_compress.compress execution_start=493364719 execution_end=493536223 execution_duration_ms=171503
[2026-02-02 20:31:34.024] [info] [spider.worker] [TIMING] task_id=31b9a16f-9e3c-4906-95a0-67b43293a77d func=job_orchestration.executor.compress.spider_compress.compress submit_output_start=493536225 submit_output_end=493536233 submit_output_duration_ms=7
[2026-02-02 20:31:34.061] [info] [spider.worker] [TIMING] task_id=b7355a9a-b2d5-4cbb-88e8-7bff575cb8d6 func=job_orchestration.executor.compress.spider_compress.compress fetch_input_start=493536267 fetch_input_end=493536269 fetch_input_duration_ms=1
[2026-02-02 20:31:34.061] [info] [spider.worker] [TIMING] task_id=b7355a9a-b2d5-4cbb-88e8-7bff575cb8d6 func=job_orchestration.executor.compress.spider_compress.compress input_send_start=493536270 input_send_end=493536270 input_send_duration_ms=0 bytes=755
[2026-02-02 20:31:34.061] [info] [spider.worker] [TIMING] task_id=b7355a9a-b2d5-4cbb-88e8-7bff575cb8d6 func=job_orchestration.executor.compress.spider_compress.compress spawn_start=493536269 spawn_end=493536270 spawn_duration_ms=0
[2026-02-02 20:31:47.879] [info] [spider.worker] [TIMING] task_id=b7355a9a-b2d5-4cbb-88e8-7bff575cb8d6 func=job_orchestration.executor.compress.spider_compress.compress execution_start=493536270 execution_end=493550087 execution_duration_ms=13817
[2026-02-02 20:31:47.912] [info] [spider.worker] [TIMING] task_id=b7355a9a-b2d5-4cbb-88e8-7bff575cb8d6 func=job_orchestration.executor.compress.spider_compress.compress submit_output_start=493550089 submit_output_end=493550120 submit_output_duration_ms=30
[2026-02-02 20:31:47.985] [info] [spider.worker] [TIMING] task_id=626d3af8-cebb-45e6-8743-2a137dbd4c5a func=job_orchestration.executor.compress.spider_compress.compress fetch_input_start=493550192 fetch_input_end=493550193 fetch_input_duration_ms=0
[2026-02-02 20:31:47.985] [info] [spider.worker] [TIMING] task_id=626d3af8-cebb-45e6-8743-2a137dbd4c5a func=job_orchestration.executor.compress.spider_compress.compress input_send_start=493550194 input_send_end=493550194 input_send_duration_ms=0 bytes=750
[2026-02-02 20:31:47.985] [info] [spider.worker] [TIMING] task_id=626d3af8-cebb-45e6-8743-2a137dbd4c5a func=job_orchestration.executor.compress.spider_compress.compress spawn_start=493550193 spawn_end=493550194 spawn_duration_ms=0
[2026-02-02 20:34:40.138] [info] [spider.worker] [TIMING] task_id=626d3af8-cebb-45e6-8743-2a137dbd4c5a func=job_orchestration.executor.compress.spider_compress.compress execution_start=493550194 execution_end=493722346 execution_duration_ms=172152
[2026-02-02 20:34:40.156] [info] [spider.worker] [TIMING] task_id=626d3af8-cebb-45e6-8743-2a137dbd4c5a func=job_orchestration.executor.compress.spider_compress.compress submit_output_start=493722349 submit_output_end=493722364 submit_output_duration_ms=15
[2026-02-02 20:34:40.213] [info] [spider.worker] [TIMING] task_id=b4425048-8f48-4ab7-9ca4-b6763ce3483c func=job_orchestration.executor.compress.spider_compress.compress fetch_input_start=493722421 fetch_input_end=493722422 fetch_input_duration_ms=1
[2026-02-02 20:34:40.214] [info] [spider.worker] [TIMING] task_id=b4425048-8f48-4ab7-9ca4-b6763ce3483c func=job_orchestration.executor.compress.spider_compress.compress input_send_start=493722422 input_send_end=493722422 input_send_duration_ms=0 bytes=751
[2026-02-02 20:34:40.214] [info] [spider.worker] [TIMING] task_id=b4425048-8f48-4ab7-9ca4-b6763ce3483c func=job_orchestration.executor.compress.spider_compress.compress spawn_start=493722422 spawn_end=493722422 spawn_duration_ms=0
[2026-02-02 20:35:39.342] [info] [spider.worker] [TIMING] task_id=b4425048-8f48-4ab7-9ca4-b6763ce3483c func=job_orchestration.executor.compress.spider_compress.compress execution_start=493722423 execution_end=493781550 execution_duration_ms=59127
[2026-02-02 20:35:39.386] [info] [spider.worker] [TIMING] task_id=b4425048-8f48-4ab7-9ca4-b6763ce3483c func=job_orchestration.executor.compress.spider_compress.compress submit_output_start=493781552 submit_output_end=493781595 submit_output_duration_ms=42
[2026-02-02 20:35:39.404] [info] [spider.worker] [TIMING] task_id=1d58fca9-7e67-411e-8584-9b7cf18242cb func=job_orchestration.executor.compress.spider_compress.compress fetch_input_start=493781611 fetch_input_end=493781612 fetch_input_duration_ms=1
[2026-02-02 20:35:39.404] [info] [spider.worker] [TIMING] task_id=1d58fca9-7e67-411e-8584-9b7cf18242cb func=job_orchestration.executor.compress.spider_compress.compress input_send_start=493781612 input_send_end=493781612 input_send_duration_ms=0 bytes=751
[2026-02-02 20:35:39.404] [info] [spider.worker] [TIMING] task_id=1d58fca9-7e67-411e-8584-9b7cf18242cb func=job_orchestration.executor.compress.spider_compress.compress spawn_start=493781612 spawn_end=493781612 spawn_duration_ms=0
[2026-02-02 20:36:53.119] [info] [spider.worker] [TIMING] task_id=1d58fca9-7e67-411e-8584-9b7cf18242cb func=job_orchestration.executor.compress.spider_compress.compress execution_start=493781613 execution_end=493855328 execution_duration_ms=73715
[2026-02-02 20:36:53.160] [info] [spider.worker] [TIMING] task_id=1d58fca9-7e67-411e-8584-9b7cf18242cb func=job_orchestration.executor.compress.spider_compress.compress submit_output_start=493855329 submit_output_end=493855369 submit_output_duration_ms=39
[2026-02-02 20:36:53.334] [info] [spider.worker] [TIMING] task_id=142efcb1-9b3c-42a7-b31f-7f7bcfa54f92 func=job_orchestration.executor.compress.spider_compress.compress fetch_input_start=493855542 fetch_input_end=493855543 fetch_input_duration_ms=0
[2026-02-02 20:36:53.335] [info] [spider.worker] [TIMING] task_id=142efcb1-9b3c-42a7-b31f-7f7bcfa54f92 func=job_orchestration.executor.compress.spider_compress.compress input_send_start=493855543 input_send_end=493855543 input_send_duration_ms=0 bytes=751
[2026-02-02 20:36:53.335] [info] [spider.worker] [TIMING] task_id=142efcb1-9b3c-42a7-b31f-7f7bcfa54f92 func=job_orchestration.executor.compress.spider_compress.compress spawn_start=493855543 spawn_end=493855543 spawn_duration_ms=0
[2026-02-02 20:37:11.053] [info] [spider.worker] [TIMING] task_id=142efcb1-9b3c-42a7-b31f-7f7bcfa54f92 func=job_orchestration.executor.compress.spider_compress.compress execution_start=493855544 execution_end=493873261 execution_duration_ms=17717
[2026-02-02 20:37:11.314] [info] [spider.worker] [TIMING] task_id=142efcb1-9b3c-42a7-b31f-7f7bcfa54f92 func=job_orchestration.executor.compress.spider_compress.compress submit_output_start=493873273 submit_output_end=493873522 submit_output_duration_ms=249
[2026-02-02 20:37:11.362] [info] [spider.worker] [TIMING] task_id=4ea5a0e4-de8c-4f5b-940b-7d727794bbec func=job_orchestration.executor.compress.spider_compress.compress fetch_input_start=493873569 fetch_input_end=493873570 fetch_input_duration_ms=1
[2026-02-02 20:37:11.362] [info] [spider.worker] [TIMING] task_id=4ea5a0e4-de8c-4f5b-940b-7d727794bbec func=job_orchestration.executor.compress.spider_compress.compress input_send_start=493873571 input_send_end=493873571 input_send_duration_ms=0 bytes=751
[2026-02-02 20:37:11.362] [info] [spider.worker] [TIMING] task_id=4ea5a0e4-de8c-4f5b-940b-7d727794bbec func=job_orchestration.executor.compress.spider_compress.compress spawn_start=493873570 spawn_end=493873571 spawn_duration_ms=0
[2026-02-02 20:37:34.310] [info] [spider.worker] [TIMING] task_id=4ea5a0e4-de8c-4f5b-940b-7d727794bbec func=job_orchestration.executor.compress.spider_compress.compress execution_start=493873571 execution_end=493896519 execution_duration_ms=22947
[2026-02-02 20:37:34.354] [info] [spider.worker] [TIMING] task_id=4ea5a0e4-de8c-4f5b-940b-7d727794bbec func=job_orchestration.executor.compress.spider_compress.compress submit_output_start=493896520 submit_output_end=493896562 submit_output_duration_ms=41
[2026-02-02 20:37:34.376] [info] [spider.worker] [TIMING] task_id=ca1195fb-b18a-43d4-8534-0e9ce90ab926 func=job_orchestration.executor.compress.spider_compress.compress fetch_input_start=493896583 fetch_input_end=493896584 fetch_input_duration_ms=1
[2026-02-02 20:37:34.376] [info] [spider.worker] [TIMING] task_id=ca1195fb-b18a-43d4-8534-0e9ce90ab926 func=job_orchestration.executor.compress.spider_compress.compress input_send_start=493896585 input_send_end=493896585 input_send_duration_ms=0 bytes=752
[2026-02-02 20:37:34.376] [info] [spider.worker] [TIMING] task_id=ca1195fb-b18a-43d4-8534-0e9ce90ab926 func=job_orchestration.executor.compress.spider_compress.compress spawn_start=493896584 spawn_end=493896585 spawn_duration_ms=0
[2026-02-02 20:39:41.887] [info] [spider.worker] [TIMING] task_id=ca1195fb-b18a-43d4-8534-0e9ce90ab926 func=job_orchestration.executor.compress.spider_compress.compress execution_start=493896585 execution_end=494024095 execution_duration_ms=127510
[2026-02-02 20:39:41.893] [info] [spider.worker] [TIMING] task_id=ca1195fb-b18a-43d4-8534-0e9ce90ab926 func=job_orchestration.executor.compress.spider_compress.compress submit_output_start=494024097 submit_output_end=494024102 submit_output_duration_ms=4
[2026-02-02 20:39:41.914] [info] [spider.worker] [TIMING] task_id=d2475e7f-7281-4fa1-82c3-d70d29b545f9 func=job_orchestration.executor.compress.spider_compress.compress fetch_input_start=494024121 fetch_input_end=494024123 fetch_input_duration_ms=1
[2026-02-02 20:39:41.915] [info] [spider.worker] [TIMING] task_id=d2475e7f-7281-4fa1-82c3-d70d29b545f9 func=job_orchestration.executor.compress.spider_compress.compress input_send_start=494024123 input_send_end=494024123 input_send_duration_ms=0 bytes=755
[2026-02-02 20:39:41.915] [info] [spider.worker] [TIMING] task_id=d2475e7f-7281-4fa1-82c3-d70d29b545f9 func=job_orchestration.executor.compress.spider_compress.compress spawn_start=494024123 spawn_end=494024123 spawn_duration_ms=0
[2026-02-02 20:39:57.159] [info] [spider.worker] [TIMING] task_id=d2475e7f-7281-4fa1-82c3-d70d29b545f9 func=job_orchestration.executor.compress.spider_compress.compress execution_start=494024124 execution_end=494039367 execution_duration_ms=15243
[2026-02-02 20:39:57.190] [info] [spider.worker] [TIMING] task_id=d2475e7f-7281-4fa1-82c3-d70d29b545f9 func=job_orchestration.executor.compress.spider_compress.compress submit_output_start=494039369 submit_output_end=494039398 submit_output_duration_ms=29
[2026-02-02 20:39:57.212] [info] [spider.worker] [TIMING] task_id=fce196b7-030c-4e11-b1e9-16fad237061a func=job_orchestration.executor.compress.spider_compress.compress fetch_input_start=494039419 fetch_input_end=494039420 fetch_input_duration_ms=1
[2026-02-02 20:39:57.212] [info] [spider.worker] [TIMING] task_id=fce196b7-030c-4e11-b1e9-16fad237061a func=job_orchestration.executor.compress.spider_compress.compress input_send_start=494039421 input_send_end=494039421 input_send_duration_ms=0 bytes=751
[2026-02-02 20:39:57.212] [info] [spider.worker] [TIMING] task_id=fce196b7-030c-4e11-b1e9-16fad237061a func=job_orchestration.executor.compress.spider_compress.compress spawn_start=494039420 spawn_end=494039421 spawn_duration_ms=0
[2026-02-02 20:40:25.659] [info] [spider.worker] [TIMING] task_id=fce196b7-030c-4e11-b1e9-16fad237061a func=job_orchestration.executor.compress.spider_compress.compress execution_start=494039421 execution_end=494067867 execution_duration_ms=28446
[2026-02-02 20:40:25.681] [info] [spider.worker] [TIMING] task_id=fce196b7-030c-4e11-b1e9-16fad237061a func=job_orchestration.executor.compress.spider_compress.compress submit_output_start=494067870 submit_output_end=494067890 submit_output_duration_ms=19
[2026-02-02 20:40:25.701] [info] [spider.worker] [TIMING] task_id=a5868693-ca15-42e6-9b56-5463ad2229de func=job_orchestration.executor.compress.spider_compress.compress fetch_input_start=494067908 fetch_input_end=494067910 fetch_input_duration_ms=1
[2026-02-02 20:40:25.702] [info] [spider.worker] [TIMING] task_id=a5868693-ca15-42e6-9b56-5463ad2229de func=job_orchestration.executor.compress.spider_compress.compress input_send_start=494067910 input_send_end=494067910 input_send_duration_ms=0 bytes=756
[2026-02-02 20:40:25.702] [info] [spider.worker] [TIMING] task_id=a5868693-ca15-42e6-9b56-5463ad2229de func=job_orchestration.executor.compress.spider_compress.compress spawn_start=494067910 spawn_end=494067910 spawn_duration_ms=0
[2026-02-02 20:42:38.307] [info] [spider.worker] [TIMING] task_id=a5868693-ca15-42e6-9b56-5463ad2229de func=job_orchestration.executor.compress.spider_compress.compress execution_start=494067911 execution_end=494200515 execution_duration_ms=132604
[2026-02-02 20:42:38.327] [info] [spider.worker] [TIMING] task_id=a5868693-ca15-42e6-9b56-5463ad2229de func=job_orchestration.executor.compress.spider_compress.compress submit_output_start=494200518 submit_output_end=494200535 submit_output_duration_ms=17
[2026-02-02 20:42:38.375] [info] [spider.worker] [TIMING] task_id=f3b4feff-1f81-432a-b2c9-32c29e7be72e func=job_orchestration.executor.compress.spider_compress.compress fetch_input_start=494200582 fetch_input_end=494200583 fetch_input_duration_ms=1
[2026-02-02 20:42:38.375] [info] [spider.worker] [TIMING] task_id=f3b4feff-1f81-432a-b2c9-32c29e7be72e func=job_orchestration.executor.compress.spider_compress.compress input_send_start=494200583 input_send_end=494200583 input_send_duration_ms=0 bytes=755
[2026-02-02 20:42:38.375] [info] [spider.worker] [TIMING] task_id=f3b4feff-1f81-432a-b2c9-32c29e7be72e func=job_orchestration.executor.compress.spider_compress.compress spawn_start=494200583 spawn_end=494200583 spawn_duration_ms=0
[2026-02-02 20:43:08.398] [info] [spider.worker] [TIMING] task_id=f3b4feff-1f81-432a-b2c9-32c29e7be72e func=job_orchestration.executor.compress.spider_compress.compress execution_start=494200584 execution_end=494230606 execution_duration_ms=30022
[2026-02-02 20:43:08.407] [info] [spider.worker] [TIMING] task_id=f3b4feff-1f81-432a-b2c9-32c29e7be72e func=job_orchestration.executor.compress.spider_compress.compress submit_output_start=494230609 submit_output_end=494230615 submit_output_duration_ms=6
[2026-02-02 20:43:08.461] [info] [spider.worker] [TIMING] task_id=dbc064d0-c7e5-44e0-8ba8-e2052fbb77ff func=job_orchestration.executor.compress.spider_compress.compress fetch_input_start=494230669 fetch_input_end=494230670 fetch_input_duration_ms=1
[2026-02-02 20:43:08.462] [info] [spider.worker] [TIMING] task_id=dbc064d0-c7e5-44e0-8ba8-e2052fbb77ff func=job_orchestration.executor.compress.spider_compress.compress input_send_start=494230670 input_send_end=494230670 input_send_duration_ms=0 bytes=748
[2026-02-02 20:43:08.462] [info] [spider.worker] [TIMING] task_id=dbc064d0-c7e5-44e0-8ba8-e2052fbb77ff func=job_orchestration.executor.compress.spider_compress.compress spawn_start=494230670 spawn_end=494230670 spawn_duration_ms=0
[2026-02-02 20:43:54.202] [info] [spider.worker] [TIMING] task_id=dbc064d0-c7e5-44e0-8ba8-e2052fbb77ff func=job_orchestration.executor.compress.spider_compress.compress execution_start=494230671 execution_end=494276410 execution_duration_ms=45739
[2026-02-02 20:43:54.231] [info] [spider.worker] [TIMING] task_id=dbc064d0-c7e5-44e0-8ba8-e2052fbb77ff func=job_orchestration.executor.compress.spider_compress.compress submit_output_start=494276413 submit_output_end=494276439 submit_output_duration_ms=26
[2026-02-02 20:43:54.248] [info] [spider.worker] [TIMING] task_id=9233e554-73a2-451b-8a67-9b645810ddd2 func=job_orchestration.executor.compress.spider_compress.compress fetch_input_start=494276455 fetch_input_end=494276456 fetch_input_duration_ms=1
[2026-02-02 20:43:54.248] [info] [spider.worker] [TIMING] task_id=9233e554-73a2-451b-8a67-9b645810ddd2 func=job_orchestration.executor.compress.spider_compress.compress input_send_start=494276457 input_send_end=494276457 input_send_duration_ms=0 bytes=754
[2026-02-02 20:43:54.248] [info] [spider.worker] [TIMING] task_id=9233e554-73a2-451b-8a67-9b645810ddd2 func=job_orchestration.executor.compress.spider_compress.compress spawn_start=494276456 spawn_end=494276457 spawn_duration_ms=0
[2026-02-02 20:45:21.683] [info] [spider.worker] [TIMING] task_id=9233e554-73a2-451b-8a67-9b645810ddd2 func=job_orchestration.executor.compress.spider_compress.compress execution_start=494276457 execution_end=494363891 execution_duration_ms=87434
[2026-02-02 20:45:21.715] [info] [spider.worker] [TIMING] task_id=9233e554-73a2-451b-8a67-9b645810ddd2 func=job_orchestration.executor.compress.spider_compress.compress submit_output_start=494363894 submit_output_end=494363924 submit_output_duration_ms=29
[2026-02-02 20:45:21.740] [info] [spider.worker] [TIMING] task_id=424b5cec-98f6-4ab2-96b9-6caab40948b4 func=job_orchestration.executor.compress.spider_compress.compress fetch_input_start=494363947 fetch_input_end=494363948 fetch_input_duration_ms=1
[2026-02-02 20:45:21.740] [info] [spider.worker] [TIMING] task_id=424b5cec-98f6-4ab2-96b9-6caab40948b4 func=job_orchestration.executor.compress.spider_compress.compress input_send_start=494363949 input_send_end=494363949 input_send_duration_ms=0 bytes=750
[2026-02-02 20:45:21.740] [info] [spider.worker] [TIMING] task_id=424b5cec-98f6-4ab2-96b9-6caab40948b4 func=job_orchestration.executor.compress.spider_compress.compress spawn_start=494363948 spawn_end=494363949 spawn_duration_ms=0
[2026-02-02 20:45:55.417] [info] [spider.worker] [TIMING] task_id=424b5cec-98f6-4ab2-96b9-6caab40948b4 func=job_orchestration.executor.compress.spider_compress.compress execution_start=494363949 execution_end=494397626 execution_duration_ms=33676
[2026-02-02 20:45:55.424] [info] [spider.worker] [TIMING] task_id=424b5cec-98f6-4ab2-96b9-6caab40948b4 func=job_orchestration.executor.compress.spider_compress.compress submit_output_start=494397628 submit_output_end=494397632 submit_output_duration_ms=4
[2026-02-02 20:45:55.453] [info] [spider.worker] [TIMING] task_id=ba1e0517-9da4-4f62-9d66-ad7703a5e491 func=job_orchestration.executor.compress.spider_compress.compress fetch_input_start=494397660 fetch_input_end=494397662 fetch_input_duration_ms=1
[2026-02-02 20:45:55.454] [info] [spider.worker] [TIMING] task_id=ba1e0517-9da4-4f62-9d66-ad7703a5e491 func=job_orchestration.executor.compress.spider_compress.compress input_send_start=494397662 input_send_end=494397662 input_send_duration_ms=0 bytes=751
[2026-02-02 20:45:55.454] [info] [spider.worker] [TIMING] task_id=ba1e0517-9da4-4f62-9d66-ad7703a5e491 func=job_orchestration.executor.compress.spider_compress.compress spawn_start=494397662 spawn_end=494397662 spawn_duration_ms=0
[2026-02-02 20:46:41.306] [info] [spider.worker] [TIMING] task_id=ba1e0517-9da4-4f62-9d66-ad7703a5e491 func=job_orchestration.executor.compress.spider_compress.compress execution_start=494397663 execution_end=494443515 execution_duration_ms=45852
[2026-02-02 20:46:41.328] [info] [spider.worker] [TIMING] task_id=ba1e0517-9da4-4f62-9d66-ad7703a5e491 func=job_orchestration.executor.compress.spider_compress.compress submit_output_start=494443517 submit_output_end=494443536 submit_output_duration_ms=19
[2026-02-02 20:46:41.348] [info] [spider.worker] [TIMING] task_id=ca95d9a0-1d12-4ecf-9211-12c1af7e126e func=job_orchestration.executor.compress.spider_compress.compress fetch_input_start=494443555 fetch_input_end=494443556 fetch_input_duration_ms=1
[2026-02-02 20:46:41.348] [info] [spider.worker] [TIMING] task_id=ca95d9a0-1d12-4ecf-9211-12c1af7e126e func=job_orchestration.executor.compress.spider_compress.compress input_send_start=494443557 input_send_end=494443557 input_send_duration_ms=0 bytes=751
[2026-02-02 20:46:41.348] [info] [spider.worker] [TIMING] task_id=ca95d9a0-1d12-4ecf-9211-12c1af7e126e func=job_orchestration.executor.compress.spider_compress.compress spawn_start=494443556 spawn_end=494443557 spawn_duration_ms=0
[2026-02-02 20:47:15.533] [info] [spider.worker] [TIMING] task_id=ca95d9a0-1d12-4ecf-9211-12c1af7e126e func=job_orchestration.executor.compress.spider_compress.compress execution_start=494443557 execution_end=494477741 execution_duration_ms=34184
[2026-02-02 20:47:15.549] [info] [spider.worker] [TIMING] task_id=ca95d9a0-1d12-4ecf-9211-12c1af7e126e func=job_orchestration.executor.compress.spider_compress.compress submit_output_start=494477743 submit_output_end=494477758 submit_output_duration_ms=14
[2026-02-02 20:47:15.570] [info] [spider.worker] [TIMING] task_id=bfd0d44b-f1eb-4069-a005-8c29c48129aa func=job_orchestration.executor.compress.spider_compress.compress fetch_input_start=494477777 fetch_input_end=494477778 fetch_input_duration_ms=1
[2026-02-02 20:47:15.571] [info] [spider.worker] [TIMING] task_id=bfd0d44b-f1eb-4069-a005-8c29c48129aa func=job_orchestration.executor.compress.spider_compress.compress input_send_start=494477779 input_send_end=494477779 input_send_duration_ms=0 bytes=754
[2026-02-02 20:47:15.571] [info] [spider.worker] [TIMING] task_id=bfd0d44b-f1eb-4069-a005-8c29c48129aa func=job_orchestration.executor.compress.spider_compress.compress spawn_start=494477779 spawn_end=494477779 spawn_duration_ms=0
[2026-02-02 20:48:53.083] [info] [spider.worker] [TIMING] task_id=bfd0d44b-f1eb-4069-a005-8c29c48129aa func=job_orchestration.executor.compress.spider_compress.compress execution_start=494477779 execution_end=494575291 execution_duration_ms=97511
[2026-02-02 20:48:53.274] [info] [spider.worker] [TIMING] task_id=bfd0d44b-f1eb-4069-a005-8c29c48129aa func=job_orchestration.executor.compress.spider_compress.compress submit_output_start=494575293 submit_output_end=494575482 submit_output_duration_ms=189
[2026-02-02 20:48:53.311] [info] [spider.worker] [TIMING] task_id=937b6b4b-80a3-4971-988a-20f88684c74f func=job_orchestration.executor.compress.spider_compress.compress fetch_input_start=494575518 fetch_input_end=494575519 fetch_input_duration_ms=1
[2026-02-02 20:48:53.311] [info] [spider.worker] [TIMING] task_id=937b6b4b-80a3-4971-988a-20f88684c74f func=job_orchestration.executor.compress.spider_compress.compress input_send_start=494575519 input_send_end=494575519 input_send_duration_ms=0 bytes=749
[2026-02-02 20:48:53.311] [info] [spider.worker] [TIMING] task_id=937b6b4b-80a3-4971-988a-20f88684c74f func=job_orchestration.executor.compress.spider_compress.compress spawn_start=494575519 spawn_end=494575519 spawn_duration_ms=0
[2026-02-02 20:49:06.539] [info] [spider.worker] [TIMING] task_id=937b6b4b-80a3-4971-988a-20f88684c74f func=job_orchestration.executor.compress.spider_compress.compress execution_start=494575520 execution_end=494588747 execution_duration_ms=13227
[2026-02-02 20:49:06.595] [info] [spider.worker] [TIMING] task_id=937b6b4b-80a3-4971-988a-20f88684c74f func=job_orchestration.executor.compress.spider_compress.compress submit_output_start=494588762 submit_output_end=494588803 submit_output_duration_ms=41
[2026-02-02 20:49:06.617] [info] [spider.worker] [TIMING] task_id=f01e9c4c-9f33-48ba-990d-c9e807def69e func=job_orchestration.executor.compress.spider_compress.compress fetch_input_start=494588824 fetch_input_end=494588826 fetch_input_duration_ms=1
[2026-02-02 20:49:06.618] [info] [spider.worker] [TIMING] task_id=f01e9c4c-9f33-48ba-990d-c9e807def69e func=job_orchestration.executor.compress.spider_compress.compress input_send_start=494588826 input_send_end=494588826 input_send_duration_ms=0 bytes=750
[2026-02-02 20:49:06.618] [info] [spider.worker] [TIMING] task_id=f01e9c4c-9f33-48ba-990d-c9e807def69e func=job_orchestration.executor.compress.spider_compress.compress spawn_start=494588826 spawn_end=494588826 spawn_duration_ms=0
[2026-02-02 20:49:43.295] [info] [spider.worker] [TIMING] task_id=f01e9c4c-9f33-48ba-990d-c9e807def69e func=job_orchestration.executor.compress.spider_compress.compress execution_start=494588827 execution_end=494625503 execution_duration_ms=36676
[2026-02-02 20:49:43.302] [info] [spider.worker] [TIMING] task_id=f01e9c4c-9f33-48ba-990d-c9e807def69e func=job_orchestration.executor.compress.spider_compress.compress submit_output_start=494625505 submit_output_end=494625510 submit_output_duration_ms=5
[2026-02-02 20:49:43.334] [info] [spider.worker] [TIMING] task_id=7f1f485f-c283-4c2f-9e99-c752e8df7039 func=job_orchestration.executor.compress.spider_compress.compress fetch_input_start=494625542 fetch_input_end=494625543 fetch_input_duration_ms=0
[2026-02-02 20:49:43.335] [info] [spider.worker] [TIMING] task_id=7f1f485f-c283-4c2f-9e99-c752e8df7039 func=job_orchestration.executor.compress.spider_compress.compress input_send_start=494625543 input_send_end=494625543 input_send_duration_ms=0 bytes=750
[2026-02-02 20:49:43.335] [info] [spider.worker] [TIMING] task_id=7f1f485f-c283-4c2f-9e99-c752e8df7039 func=job_orchestration.executor.compress.spider_compress.compress spawn_start=494625543 spawn_end=494625543 spawn_duration_ms=0
[2026-02-02 20:50:17.987] [info] [spider.worker] [TIMING] task_id=7f1f485f-c283-4c2f-9e99-c752e8df7039 func=job_orchestration.executor.compress.spider_compress.compress execution_start=494625543 execution_end=494660195 execution_duration_ms=34651
[2026-02-02 20:50:18.026] [info] [spider.worker] [TIMING] task_id=7f1f485f-c283-4c2f-9e99-c752e8df7039 func=job_orchestration.executor.compress.spider_compress.compress submit_output_start=494660198 submit_output_end=494660234 submit_output_duration_ms=36
[2026-02-02 20:50:18.043] [info] [spider.worker] [TIMING] task_id=6d60937b-df20-4ba6-bb12-57d8bff4fd00 func=job_orchestration.executor.compress.spider_compress.compress fetch_input_start=494660250 fetch_input_end=494660252 fetch_input_duration_ms=1
[2026-02-02 20:50:18.044] [info] [spider.worker] [TIMING] task_id=6d60937b-df20-4ba6-bb12-57d8bff4fd00 func=job_orchestration.executor.compress.spider_compress.compress input_send_start=494660252 input_send_end=494660252 input_send_duration_ms=0 bytes=752
[2026-02-02 20:50:18.044] [info] [spider.worker] [TIMING] task_id=6d60937b-df20-4ba6-bb12-57d8bff4fd00 func=job_orchestration.executor.compress.spider_compress.compress spawn_start=494660252 spawn_end=494660252 spawn_duration_ms=0
[2026-02-02 20:51:50.213] [info] [spider.worker] [TIMING] task_id=6d60937b-df20-4ba6-bb12-57d8bff4fd00 func=job_orchestration.executor.compress.spider_compress.compress execution_start=494660253 execution_end=494752421 execution_duration_ms=92168
[2026-02-02 20:51:50.231] [info] [spider.worker] [TIMING] task_id=6d60937b-df20-4ba6-bb12-57d8bff4fd00 func=job_orchestration.executor.compress.spider_compress.compress submit_output_start=494752423 submit_output_end=494752440 submit_output_duration_ms=16
[2026-02-02 20:51:50.270] [info] [spider.worker] [TIMING] task_id=f4bdb451-8ae8-4e5e-babf-3f8ee4f02c76 func=job_orchestration.executor.compress.spider_compress.compress fetch_input_start=494752478 fetch_input_end=494752479 fetch_input_duration_ms=1
[2026-02-02 20:51:50.271] [info] [spider.worker] [TIMING] task_id=f4bdb451-8ae8-4e5e-babf-3f8ee4f02c76 func=job_orchestration.executor.compress.spider_compress.compress input_send_start=494752479 input_send_end=494752479 input_send_duration_ms=0 bytes=748
[2026-02-02 20:51:50.271] [info] [spider.worker] [TIMING] task_id=f4bdb451-8ae8-4e5e-babf-3f8ee4f02c76 func=job_orchestration.executor.compress.spider_compress.compress spawn_start=494752479 spawn_end=494752479 spawn_duration_ms=0
[2026-02-02 20:52:22.259] [info] [spider.worker] [TIMING] task_id=f4bdb451-8ae8-4e5e-babf-3f8ee4f02c76 func=job_orchestration.executor.compress.spider_compress.compress execution_start=494752480 execution_end=494784467 execution_duration_ms=31987
[2026-02-02 20:52:22.270] [info] [spider.worker] [TIMING] task_id=f4bdb451-8ae8-4e5e-babf-3f8ee4f02c76 func=job_orchestration.executor.compress.spider_compress.compress submit_output_start=494784469 submit_output_end=494784478 submit_output_duration_ms=9
[2026-02-02 20:52:22.290] [info] [spider.worker] [TIMING] task_id=f0ae8704-538d-4349-9fd8-49bdd2cac5d7 func=job_orchestration.executor.compress.spider_compress.compress fetch_input_start=494784497 fetch_input_end=494784499 fetch_input_duration_ms=1
[2026-02-02 20:52:22.291] [info] [spider.worker] [TIMING] task_id=f0ae8704-538d-4349-9fd8-49bdd2cac5d7 func=job_orchestration.executor.compress.spider_compress.compress input_send_start=494784499 input_send_end=494784499 input_send_duration_ms=0 bytes=752
[2026-02-02 20:52:22.291] [info] [spider.worker] [TIMING] task_id=f0ae8704-538d-4349-9fd8-49bdd2cac5d7 func=job_orchestration.executor.compress.spider_compress.compress spawn_start=494784499 spawn_end=494784499 spawn_duration_ms=0
[2026-02-02 20:52:38.462] [info] [spider.worker] [TIMING] task_id=f0ae8704-538d-4349-9fd8-49bdd2cac5d7 func=job_orchestration.executor.compress.spider_compress.compress execution_start=494784500 execution_end=494800671 execution_duration_ms=16171
[2026-02-02 20:52:38.477] [info] [spider.worker] [TIMING] task_id=f0ae8704-538d-4349-9fd8-49bdd2cac5d7 func=job_orchestration.executor.compress.spider_compress.compress submit_output_start=494800673 submit_output_end=494800685 submit_output_duration_ms=12
[2026-02-02 20:52:38.490] [info] [spider.worker] [TIMING] task_id=376cb867-1629-4f5a-81b2-2baec625940d func=job_orchestration.executor.compress.spider_compress.compress fetch_input_start=494800697 fetch_input_end=494800698 fetch_input_duration_ms=1
[2026-02-02 20:52:38.490] [info] [spider.worker] [TIMING] task_id=376cb867-1629-4f5a-81b2-2baec625940d func=job_orchestration.executor.compress.spider_compress.compress input_send_start=494800699 input_send_end=494800699 input_send_duration_ms=0 bytes=755
[2026-02-02 20:52:38.490] [info] [spider.worker] [TIMING] task_id=376cb867-1629-4f5a-81b2-2baec625940d func=job_orchestration.executor.compress.spider_compress.compress spawn_start=494800698 spawn_end=494800699 spawn_duration_ms=0
[2026-02-02 20:53:56.376] [info] [spider.worker] [TIMING] task_id=376cb867-1629-4f5a-81b2-2baec625940d func=job_orchestration.executor.compress.spider_compress.compress execution_start=494800699 execution_end=494878585 execution_duration_ms=77885
[2026-02-02 20:53:56.394] [info] [spider.worker] [TIMING] task_id=376cb867-1629-4f5a-81b2-2baec625940d func=job_orchestration.executor.compress.spider_compress.compress submit_output_start=494878587 submit_output_end=494878602 submit_output_duration_ms=15
[2026-02-02 20:53:56.414] [info] [spider.worker] [TIMING] task_id=e90d47a8-d62a-4713-8a34-fd293ed2af6d func=job_orchestration.executor.compress.spider_compress.compress fetch_input_start=494878621 fetch_input_end=494878622 fetch_input_duration_ms=1
[2026-02-02 20:53:56.415] [info] [spider.worker] [TIMING] task_id=e90d47a8-d62a-4713-8a34-fd293ed2af6d func=job_orchestration.executor.compress.spider_compress.compress input_send_start=494878623 input_send_end=494878623 input_send_duration_ms=0 bytes=755
[2026-02-02 20:53:56.415] [info] [spider.worker] [TIMING] task_id=e90d47a8-d62a-4713-8a34-fd293ed2af6d func=job_orchestration.executor.compress.spider_compress.compress spawn_start=494878622 spawn_end=494878623 spawn_duration_ms=0
[2026-02-02 20:54:15.019] [info] [spider.worker] [TIMING] task_id=e90d47a8-d62a-4713-8a34-fd293ed2af6d func=job_orchestration.executor.compress.spider_compress.compress execution_start=494878623 execution_end=494897227 execution_duration_ms=18604
[2026-02-02 20:54:15.081] [info] [spider.worker] [TIMING] task_id=e90d47a8-d62a-4713-8a34-fd293ed2af6d func=job_orchestration.executor.compress.spider_compress.compress submit_output_start=494897230 submit_output_end=494897290 submit_output_duration_ms=60
[2026-02-02 20:54:15.104] [info] [spider.worker] [TIMING] task_id=de1b336e-22ba-48b9-bd7a-9c29c0a1397b func=job_orchestration.executor.compress.spider_compress.compress fetch_input_start=494897311 fetch_input_end=494897312 fetch_input_duration_ms=1
[2026-02-02 20:54:15.104] [info] [spider.worker] [TIMING] task_id=de1b336e-22ba-48b9-bd7a-9c29c0a1397b func=job_orchestration.executor.compress.spider_compress.compress input_send_start=494897313 input_send_end=494897313 input_send_duration_ms=0 bytes=755
[2026-02-02 20:54:15.105] [info] [spider.worker] [TIMING] task_id=de1b336e-22ba-48b9-bd7a-9c29c0a1397b func=job_orchestration.executor.compress.spider_compress.compress spawn_start=494897312 spawn_end=494897313 spawn_duration_ms=0
[2026-02-02 20:57:41.186] [info] [spider.worker] [TIMING] task_id=de1b336e-22ba-48b9-bd7a-9c29c0a1397b func=job_orchestration.executor.compress.spider_compress.compress execution_start=494897313 execution_end=495103394 execution_duration_ms=206081
[2026-02-02 20:57:41.214] [info] [spider.worker] [TIMING] task_id=de1b336e-22ba-48b9-bd7a-9c29c0a1397b func=job_orchestration.executor.compress.spider_compress.compress submit_output_start=495103406 submit_output_end=495103422 submit_output_duration_ms=15
[2026-02-02 20:57:41.234] [info] [spider.worker] [TIMING] task_id=41b10ce3-3b76-403a-b1ba-763d81e72027 func=job_orchestration.executor.compress.spider_compress.compress fetch_input_start=495103441 fetch_input_end=495103442 fetch_input_duration_ms=1
[2026-02-02 20:57:41.234] [info] [spider.worker] [TIMING] task_id=41b10ce3-3b76-403a-b1ba-763d81e72027 func=job_orchestration.executor.compress.spider_compress.compress input_send_start=495103442 input_send_end=495103442 input_send_duration_ms=0 bytes=751
[2026-02-02 20:57:41.234] [info] [spider.worker] [TIMING] task_id=41b10ce3-3b76-403a-b1ba-763d81e72027 func=job_orchestration.executor.compress.spider_compress.compress spawn_start=495103442 spawn_end=495103443 spawn_duration_ms=0
[2026-02-02 21:01:01.550] [info] [spider.worker] [TIMING] task_id=41b10ce3-3b76-403a-b1ba-763d81e72027 func=job_orchestration.executor.compress.spider_compress.compress execution_start=495103443 execution_end=495303759 execution_duration_ms=200315
[2026-02-02 21:01:01.561] [info] [spider.worker] [TIMING] task_id=41b10ce3-3b76-403a-b1ba-763d81e72027 func=job_orchestration.executor.compress.spider_compress.compress submit_output_start=495303761 submit_output_end=495303769 submit_output_duration_ms=8
[2026-02-02 21:01:01.580] [info] [spider.worker] [TIMING] task_id=4e279137-a0e6-40d2-b3c0-c67741c7af99 func=job_orchestration.executor.compress.spider_compress.compress fetch_input_start=495303788 fetch_input_end=495303789 fetch_input_duration_ms=0
[2026-02-02 21:01:01.581] [info] [spider.worker] [TIMING] task_id=4e279137-a0e6-40d2-b3c0-c67741c7af99 func=job_orchestration.executor.compress.spider_compress.compress input_send_start=495303789 input_send_end=495303789 input_send_duration_ms=0 bytes=748
[2026-02-02 21:01:01.581] [info] [spider.worker] [TIMING] task_id=4e279137-a0e6-40d2-b3c0-c67741c7af99 func=job_orchestration.executor.compress.spider_compress.compress spawn_start=495303789 spawn_end=495303789 spawn_duration_ms=0
[2026-02-02 21:03:10.131] [info] [spider.worker] [TIMING] task_id=4e279137-a0e6-40d2-b3c0-c67741c7af99 func=job_orchestration.executor.compress.spider_compress.compress execution_start=495303790 execution_end=495432340 execution_duration_ms=128550
[2026-02-02 21:03:10.149] [info] [spider.worker] [TIMING] task_id=4e279137-a0e6-40d2-b3c0-c67741c7af99 func=job_orchestration.executor.compress.spider_compress.compress submit_output_start=495432342 submit_output_end=495432358 submit_output_duration_ms=15
[2026-02-02 21:03:10.169] [info] [spider.worker] [TIMING] task_id=bc7239c8-462e-4dd8-9292-013075151546 func=job_orchestration.executor.compress.spider_compress.compress fetch_input_start=495432376 fetch_input_end=495432377 fetch_input_duration_ms=0
[2026-02-02 21:03:10.169] [info] [spider.worker] [TIMING] task_id=bc7239c8-462e-4dd8-9292-013075151546 func=job_orchestration.executor.compress.spider_compress.compress input_send_start=495432378 input_send_end=495432378 input_send_duration_ms=0 bytes=843
[2026-02-02 21:03:10.169] [info] [spider.worker] [TIMING] task_id=bc7239c8-462e-4dd8-9292-013075151546 func=job_orchestration.executor.compress.spider_compress.compress spawn_start=495432377 spawn_end=495432378 spawn_duration_ms=0
[2026-02-02 21:03:38.926] [info] [spider.worker] [TIMING] task_id=bc7239c8-462e-4dd8-9292-013075151546 func=job_orchestration.executor.compress.spider_compress.compress execution_start=495432378 execution_end=495461134 execution_duration_ms=28756
[2026-02-02 21:03:38.959] [info] [spider.worker] [TIMING] task_id=bc7239c8-462e-4dd8-9292-013075151546 func=job_orchestration.executor.compress.spider_compress.compress submit_output_start=495461137 submit_output_end=495461168 submit_output_duration_ms=30
[2026-02-02 21:03:38.982] [info] [spider.worker] [TIMING] task_id=eaf8cde7-04a1-4e19-978d-a0636a992193 func=job_orchestration.executor.compress.spider_compress.compress fetch_input_start=495461189 fetch_input_end=495461190 fetch_input_duration_ms=0
[2026-02-02 21:03:38.982] [info] [spider.worker] [TIMING] task_id=eaf8cde7-04a1-4e19-978d-a0636a992193 func=job_orchestration.executor.compress.spider_compress.compress input_send_start=495461190 input_send_end=495461190 input_send_duration_ms=0 bytes=755
[2026-02-02 21:03:38.982] [info] [spider.worker] [TIMING] task_id=eaf8cde7-04a1-4e19-978d-a0636a992193 func=job_orchestration.executor.compress.spider_compress.compress spawn_start=495461190 spawn_end=495461190 spawn_duration_ms=0
[2026-02-02 21:03:48.924] [info] [spider.worker] [TIMING] task_id=eaf8cde7-04a1-4e19-978d-a0636a992193 func=job_orchestration.executor.compress.spider_compress.compress execution_start=495461190 execution_end=495471132 execution_duration_ms=9941
[2026-02-02 21:03:48.937] [info] [spider.worker] [TIMING] task_id=eaf8cde7-04a1-4e19-978d-a0636a992193 func=job_orchestration.executor.compress.spider_compress.compress submit_output_start=495471135 submit_output_end=495471145 submit_output_duration_ms=10
[2026-02-02 21:03:48.948] [info] [spider.worker] [TIMING] task_id=67f51d38-4d85-4a45-bf78-ed474da534cb func=job_orchestration.executor.compress.spider_compress.compress fetch_input_start=495471155 fetch_input_end=495471156 fetch_input_duration_ms=0
[2026-02-02 21:03:48.949] [info] [spider.worker] [TIMING] task_id=67f51d38-4d85-4a45-bf78-ed474da534cb func=job_orchestration.executor.compress.spider_compress.compress input_send_start=495471157 input_send_end=495471157 input_send_duration_ms=0 bytes=755
[2026-02-02 21:03:48.949] [info] [spider.worker] [TIMING] task_id=67f51d38-4d85-4a45-bf78-ed474da534cb func=job_orchestration.executor.compress.spider_compress.compress spawn_start=495471156 spawn_end=495471157 spawn_duration_ms=0
[2026-02-02 21:04:20.275] [info] [spider.worker] [TIMING] task_id=67f51d38-4d85-4a45-bf78-ed474da534cb func=job_orchestration.executor.compress.spider_compress.compress execution_start=495471157 execution_end=495502484 execution_duration_ms=31326
[2026-02-02 21:04:20.284] [info] [spider.worker] [TIMING] task_id=67f51d38-4d85-4a45-bf78-ed474da534cb func=job_orchestration.executor.compress.spider_compress.compress submit_output_start=495502486 submit_output_end=495502493 submit_output_duration_ms=6
[2026-02-02 21:04:20.304] [info] [spider.worker] [TIMING] task_id=e39534da-ee43-445c-8700-b812dacd5454 func=job_orchestration.executor.compress.spider_compress.compress fetch_input_start=495502511 fetch_input_end=495502513 fetch_input_duration_ms=1
[2026-02-02 21:04:20.305] [info] [spider.worker] [TIMING] task_id=e39534da-ee43-445c-8700-b812dacd5454 func=job_orchestration.executor.compress.spider_compress.compress input_send_start=495502513 input_send_end=495502513 input_send_duration_ms=0 bytes=751
[2026-02-02 21:04:20.305] [info] [spider.worker] [TIMING] task_id=e39534da-ee43-445c-8700-b812dacd5454 func=job_orchestration.executor.compress.spider_compress.compress spawn_start=495502513 spawn_end=495502513 spawn_duration_ms=0
[2026-02-02 21:04:36.202] [info] [spider.worker] [TIMING] task_id=e39534da-ee43-445c-8700-b812dacd5454 func=job_orchestration.executor.compress.spider_compress.compress execution_start=495502514 execution_end=495518410 execution_duration_ms=15896
[2026-02-02 21:04:36.239] [info] [spider.worker] [TIMING] task_id=e39534da-ee43-445c-8700-b812dacd5454 func=job_orchestration.executor.compress.spider_compress.compress submit_output_start=495518411 submit_output_end=495518447 submit_output_duration_ms=35
[2026-02-02 21:04:36.260] [info] [spider.worker] [TIMING] task_id=c3df933c-421e-4402-a22b-1ac0f82092f3 func=job_orchestration.executor.co