[2026-02-02 22:02:49.590] [warning] [spider.worker] Prefer using `SPIDER_STORAGE_URL` environment variable over `--storage_url` argument.
[2026-02-02 22:03:32.253] [info] [spider.worker] [TIMING] task_id=eaa3b250-aa91-4c2a-b692-b64e8816eb37 func=job_orchestration.executor.query.spider_search_task.search_without_channel fetch_input_start=499054460 fetch_input_end=499054462 fetch_input_duration_ms=1
[2026-02-02 22:03:32.254] [info] [spider.worker] [TIMING] task_id=eaa3b250-aa91-4c2a-b692-b64e8816eb37 func=job_orchestration.executor.query.spider_search_task.search_without_channel input_send_start=499054462 input_send_end=499054462 input_send_duration_ms=0 bytes=611
[2026-02-02 22:03:32.254] [info] [spider.worker] [TIMING] task_id=eaa3b250-aa91-4c2a-b692-b64e8816eb37 func=job_orchestration.executor.query.spider_search_task.search_without_channel spawn_start=499054462 spawn_end=499054463 spawn_duration_ms=0
[2026-02-02 22:03:33.410] [info] [spider.worker] [TIMING] task_id=eaa3b250-aa91-4c2a-b692-b64e8816eb37 func=job_orchestration.executor.query.spider_search_task.search_without_channel execution_start=499054463 execution_end=499055619 execution_duration_ms=1155
[2026-02-02 22:03:33.550] [info] [spider.worker] [TIMING] task_id=eaa3b250-aa91-4c2a-b692-b64e8816eb37 func=job_orchestration.executor.query.spider_search_task.search_without_channel submit_output_start=499055621 submit_output_end=499055758 submit_output_duration_ms=137
[2026-02-02 22:03:33.606] [info] [spider.worker] [TIMING] task_id=f2f2e67c-2fe5-49c9-b3f8-12b3b89700e4 func=job_orchestration.executor.query.spider_search_task.search_without_channel fetch_input_start=499055814 fetch_input_end=499055815 fetch_input_duration_ms=0
[2026-02-02 22:03:33.607] [info] [spider.worker] [TIMING] task_id=f2f2e67c-2fe5-49c9-b3f8-12b3b89700e4 func=job_orchestration.executor.query.spider_search_task.search_without_channel input_send_start=499055815 input_send_end=499055815 input_send_duration_ms=0 bytes=611
[2026-02-02 22:03:33.607] [info] [spider.worker] [TIMING] task_id=f2f2e67c-2fe5-49c9-b3f8-12b3b89700e4 func=job_orchestration.executor.query.spider_search_task.search_without_channel spawn_start=499055815 spawn_end=499055815 spawn_duration_ms=0
[2026-02-02 22:03:34.836] [info] [spider.worker] [TIMING] task_id=f2f2e67c-2fe5-49c9-b3f8-12b3b89700e4 func=job_orchestration.executor.query.spider_search_task.search_without_channel execution_start=499055816 execution_end=499057044 execution_duration_ms=1228
[2026-02-02 22:03:35.035] [info] [spider.worker] [TIMING] task_id=f2f2e67c-2fe5-49c9-b3f8-12b3b89700e4 func=job_orchestration.executor.query.spider_search_task.search_without_channel submit_output_start=499057046 submit_output_end=499057244 submit_output_duration_ms=197
[2026-02-02 22:03:35.139] [info] [spider.worker] [TIMING] task_id=1be1331f-6257-4e5b-9b42-f2cfeb8504a2 func=job_orchestration.executor.query.spider_search_task.search_without_channel fetch_input_start=499057346 fetch_input_end=499057347 fetch_input_duration_ms=0
[2026-02-02 22:03:35.139] [info] [spider.worker] [TIMING] task_id=1be1331f-6257-4e5b-9b42-f2cfeb8504a2 func=job_orchestration.executor.query.spider_search_task.search_without_channel input_send_start=499057348 input_send_end=499057348 input_send_duration_ms=0 bytes=612
[2026-02-02 22:03:35.139] [info] [spider.worker] [TIMING] task_id=1be1331f-6257-4e5b-9b42-f2cfeb8504a2 func=job_orchestration.executor.query.spider_search_task.search_without_channel spawn_start=499057347 spawn_end=499057348 spawn_duration_ms=0
[2026-02-02 22:03:36.601] [info] [spider.worker] [TIMING] task_id=1be1331f-6257-4e5b-9b42-f2cfeb8504a2 func=job_orchestration.executor.query.spider_search_task.search_without_channel execution_start=499057348 execution_end=499058810 execution_duration_ms=1461
[2026-02-02 22:03:36.647] [info] [spider.worker] [TIMING] task_id=1be1331f-6257-4e5b-9b42-f2cfeb8504a2 func=job_orchestration.executor.query.spider_search_task.search_without_channel submit_output_start=499058811 submit_output_end=499058856 submit_output_duration_ms=44
[2026-02-02 22:03:36.666] [info] [spider.worker] [TIMING] task_id=8977893a-c0c9-484b-a2cb-d6d73801290d func=job_orchestration.executor.query.spider_search_task.search_without_channel fetch_input_start=499058874 fetch_input_end=499058875 fetch_input_duration_ms=1
[2026-02-02 22:03:36.667] [info] [spider.worker] [TIMING] task_id=8977893a-c0c9-484b-a2cb-d6d73801290d func=job_orchestration.executor.query.spider_search_task.search_without_channel input_send_start=499058875 input_send_end=499058875 input_send_duration_ms=0 bytes=612
[2026-02-02 22:03:36.667] [info] [spider.worker] [TIMING] task_id=8977893a-c0c9-484b-a2cb-d6d73801290d func=job_orchestration.executor.query.spider_search_task.search_without_channel spawn_start=499058875 spawn_end=499058875 spawn_duration_ms=0
[2026-02-02 22:03:37.882] [info] [spider.worker] [TIMING] task_id=8977893a-c0c9-484b-a2cb-d6d73801290d func=job_orchestration.executor.query.spider_search_task.search_without_channel execution_start=499058875 execution_end=499060090 execution_duration_ms=1214
[2026-02-02 22:03:37.958] [info] [spider.worker] [TIMING] task_id=8977893a-c0c9-484b-a2cb-d6d73801290d func=job_orchestration.executor.query.spider_search_task.search_without_channel submit_output_start=499060092 submit_output_end=499060166 submit_output_duration_ms=74
[2026-02-02 22:03:38.002] [info] [spider.worker] [TIMING] task_id=9d984288-5d8e-495a-ba8a-0c4d4cc313bd func=job_orchestration.executor.query.spider_search_task.search_without_channel fetch_input_start=499060210 fetch_input_end=499060210 fetch_input_duration_ms=0
[2026-02-02 22:03:38.002] [info] [spider.worker] [TIMING] task_id=9d984288-5d8e-495a-ba8a-0c4d4cc313bd func=job_orchestration.executor.query.spider_search_task.search_without_channel input_send_start=499060211 input_send_end=499060211 input_send_duration_ms=0 bytes=611
[2026-02-02 22:03:38.002] [info] [spider.worker] [TIMING] task_id=9d984288-5d8e-495a-ba8a-0c4d4cc313bd func=job_orchestration.executor.query.spider_search_task.search_without_channel spawn_start=499060210 spawn_end=499060211 spawn_duration_ms=0
[2026-02-02 22:03:39.549] [info] [spider.worker] [TIMING] task_id=9d984288-5d8e-495a-ba8a-0c4d4cc313bd func=job_orchestration.executor.query.spider_search_task.search_without_channel execution_start=499060211 execution_end=499061758 execution_duration_ms=1546
[2026-02-02 22:03:39.647] [info] [spider.worker] [TIMING] task_id=9d984288-5d8e-495a-ba8a-0c4d4cc313bd func=job_orchestration.executor.query.spider_search_task.search_without_channel submit_output_start=499061759 submit_output_end=499061856 submit_output_duration_ms=96
[2026-02-02 22:03:39.689] [info] [spider.worker] [TIMING] task_id=0cb6e1e0-b075-4579-a754-123b26374366 func=job_orchestration.executor.query.spider_search_task.search_without_channel fetch_input_start=499061896 fetch_input_end=499061897 fetch_input_duration_ms=0
[2026-02-02 22:03:39.689] [info] [spider.worker] [TIMING] task_id=0cb6e1e0-b075-4579-a754-123b26374366 func=job_orchestration.executor.query.spider_search_task.search_without_channel input_send_start=499061897 input_send_end=499061897 input_send_duration_ms=0 bytes=612
[2026-02-02 22:03:39.689] [info] [spider.worker] [TIMING] task_id=0cb6e1e0-b075-4579-a754-123b26374366 func=job_orchestration.executor.query.spider_search_task.search_without_channel spawn_start=499061897 spawn_end=499061897 spawn_duration_ms=0
[2026-02-02 22:03:40.894] [info] [spider.worker] [TIMING] task_id=0cb6e1e0-b075-4579-a754-123b26374366 func=job_orchestration.executor.query.spider_search_task.search_without_channel execution_start=499061898 execution_end=499063102 execution_duration_ms=1204
[2026-02-02 22:03:41.031] [info] [spider.worker] [TIMING] task_id=0cb6e1e0-b075-4579-a754-123b26374366 func=job_orchestration.executor.query.spider_search_task.search_without_channel submit_output_start=499063156 submit_output_end=499063239 submit_output_duration_ms=83
[2026-02-02 22:03:41.059] [info] [spider.worker] [TIMING] task_id=29c4d758-06c2-44f5-907d-2424c26ab5b0 func=job_orchestration.executor.query.spider_search_task.search_without_channel fetch_input_start=499063266 fetch_input_end=499063267 fetch_input_duration_ms=0
[2026-02-02 22:03:41.059] [info] [spider.worker] [TIMING] task_id=29c4d758-06c2-44f5-907d-2424c26ab5b0 func=job_orchestration.executor.query.spider_search_task.search_without_channel input_send_start=499063267 input_send_end=499063267 input_send_duration_ms=0 bytes=611
[2026-02-02 22:03:41.059] [info] [spider.worker] [TIMING] task_id=29c4d758-06c2-44f5-907d-2424c26ab5b0 func=job_orchestration.executor.query.spider_search_task.search_without_channel spawn_start=499063267 spawn_end=499063268 spawn_duration_ms=0
[2026-02-02 22:03:42.536] [info] [spider.worker] [TIMING] task_id=29c4d758-06c2-44f5-907d-2424c26ab5b0 func=job_orchestration.executor.query.spider_search_task.search_without_channel execution_start=499063268 execution_end=499064744 execution_duration_ms=1476
[2026-02-02 22:03:42.557] [info] [spider.worker] [TIMING] task_id=29c4d758-06c2-44f5-907d-2424c26ab5b0 func=job_orchestration.executor.query.spider_search_task.search_without_channel submit_output_start=499064746 submit_output_end=499064765 submit_output_duration_ms=19
[2026-02-02 22:03:42.662] [info] [spider.worker] [TIMING] task_id=8e72d8aa-a290-4477-87c1-b159d386fa7b func=job_orchestration.executor.query.spider_search_task.search_without_channel fetch_input_start=499064869 fetch_input_end=499064870 fetch_input_duration_ms=0
[2026-02-02 22:03:42.662] [info] [spider.worker] [TIMING] task_id=8e72d8aa-a290-4477-87c1-b159d386fa7b func=job_orchestration.executor.query.spider_search_task.search_without_channel input_send_start=499064870 input_send_end=499064870 input_send_duration_ms=0 bytes=612
[2026-02-02 22:03:42.662] [info] [spider.worker] [TIMING] task_id=8e72d8aa-a290-4477-87c1-b159d386fa7b func=job_orchestration.executor.query.spider_search_task.search_without_channel spawn_start=499064870 spawn_end=499064870 spawn_duration_ms=0
[2026-02-02 22:03:43.841] [info] [spider.worker] [TIMING] task_id=8e72d8aa-a290-4477-87c1-b159d386fa7b func=job_orchestration.executor.query.spider_search_task.search_without_channel execution_start=499064871 execution_end=499066049 execution_duration_ms=1178
[2026-02-02 22:03:43.872] [info] [spider.worker] [TIMING] task_id=8e72d8aa-a290-4477-87c1-b159d386fa7b func=job_orchestration.executor.query.spider_search_task.search_without_channel submit_output_start=499066051 submit_output_end=499066080 submit_output_duration_ms=29
[2026-02-02 22:03:43.893] [info] [spider.worker] [TIMING] task_id=53b99879-5c42-427f-a4f9-6682901d07aa func=job_orchestration.executor.query.spider_search_task.search_without_channel fetch_input_start=499066101 fetch_input_end=499066102 fetch_input_duration_ms=1
[2026-02-02 22:03:43.894] [info] [spider.worker] [TIMING] task_id=53b99879-5c42-427f-a4f9-6682901d07aa func=job_orchestration.executor.query.spider_search_task.search_without_channel input_send_start=499066102 input_send_end=499066102 input_send_duration_ms=0 bytes=612
[2026-02-02 22:03:43.894] [info] [spider.worker] [TIMING] task_id=53b99879-5c42-427f-a4f9-6682901d07aa func=job_orchestration.executor.query.spider_search_task.search_without_channel spawn_start=499066102 spawn_end=499066102 spawn_duration_ms=0
[2026-02-02 22:03:45.334] [info] [spider.worker] [TIMING] task_id=53b99879-5c42-427f-a4f9-6682901d07aa func=job_orchestration.executor.query.spider_search_task.search_without_channel execution_start=499066102 execution_end=499067543 execution_duration_ms=1440
[2026-02-02 22:03:45.419] [info] [spider.worker] [TIMING] task_id=53b99879-5c42-427f-a4f9-6682901d07aa func=job_orchestration.executor.query.spider_search_task.search_without_channel submit_output_start=499067552 submit_output_end=499067627 submit_output_duration_ms=75
[2026-02-02 22:03:45.639] [info] [spider.worker] [TIMING] task_id=9ee881d1-ea5a-4624-8a47-e76829f1b9bc func=job_orchestration.executor.query.spider_search_task.search_without_channel fetch_input_start=499067846 fetch_input_end=499067848 fetch_input_duration_ms=1
[2026-02-02 22:03:45.640] [info] [spider.worker] [TIMING] task_id=9ee881d1-ea5a-4624-8a47-e76829f1b9bc func=job_orchestration.executor.query.spider_search_task.search_without_channel input_send_start=499067848 input_send_end=499067848 input_send_duration_ms=0 bytes=612
[2026-02-02 22:03:45.640] [info] [spider.worker] [TIMING] task_id=9ee881d1-ea5a-4624-8a47-e76829f1b9bc func=job_orchestration.executor.query.spider_search_task.search_without_channel spawn_start=499067848 spawn_end=499067848 spawn_duration_ms=0
[2026-02-02 22:03:46.934] [info] [spider.worker] [TIMING] task_id=9ee881d1-ea5a-4624-8a47-e76829f1b9bc func=job_orchestration.executor.query.spider_search_task.search_without_channel execution_start=499067848 execution_end=499069142 execution_duration_ms=1294
[2026-02-02 22:03:46.968] [info] [spider.worker] [TIMING] task_id=9ee881d1-ea5a-4624-8a47-e76829f1b9bc func=job_orchestration.executor.query.spider_search_task.search_without_channel submit_output_start=499069144 submit_output_end=499069176 submit_output_duration_ms=32
[2026-02-02 22:03:46.986] [info] [spider.worker] [TIMING] task_id=12b477dd-c7d1-4866-a390-e24fa0447d8f func=job_orchestration.executor.query.spider_search_task.search_without_channel fetch_input_start=499069193 fetch_input_end=499069194 fetch_input_duration_ms=0
[2026-02-02 22:03:46.986] [info] [spider.worker] [TIMING] task_id=12b477dd-c7d1-4866-a390-e24fa0447d8f func=job_orchestration.executor.query.spider_search_task.search_without_channel input_send_start=499069194 input_send_end=499069194 input_send_duration_ms=0 bytes=612
[2026-02-02 22:03:46.986] [info] [spider.worker] [TIMING] task_id=12b477dd-c7d1-4866-a390-e24fa0447d8f func=job_orchestration.executor.query.spider_search_task.search_without_channel spawn_start=499069194 spawn_end=499069194 spawn_duration_ms=0
[2026-02-02 22:03:48.440] [info] [spider.worker] [TIMING] task_id=12b477dd-c7d1-4866-a390-e24fa0447d8f func=job_orchestration.executor.query.spider_search_task.search_without_channel execution_start=499069195 execution_end=499070648 execution_duration_ms=1453
[2026-02-02 22:03:48.550] [info] [spider.worker] [TIMING] task_id=12b477dd-c7d1-4866-a390-e24fa0447d8f func=job_orchestration.executor.query.spider_search_task.search_without_channel submit_output_start=499070649 submit_output_end=499070758 submit_output_duration_ms=108
[2026-02-02 22:03:48.602] [info] [spider.worker] [TIMING] task_id=4e2febae-f2fe-41d4-bd50-550a8be43d19 func=job_orchestration.executor.query.spider_search_task.search_without_channel fetch_input_start=499070810 fetch_input_end=499070811 fetch_input_duration_ms=0
[2026-02-02 22:03:48.603] [info] [spider.worker] [TIMING] task_id=4e2febae-f2fe-41d4-bd50-550a8be43d19 func=job_orchestration.executor.query.spider_search_task.search_without_channel input_send_start=499070811 input_send_end=499070811 input_send_duration_ms=0 bytes=612
[2026-02-02 22:03:48.603] [info] [spider.worker] [TIMING] task_id=4e2febae-f2fe-41d4-bd50-550a8be43d19 func=job_orchestration.executor.query.spider_search_task.search_without_channel spawn_start=499070811 spawn_end=499070811 spawn_duration_ms=0
[2026-02-02 22:03:49.944] [info] [spider.worker] [TIMING] task_id=4e2febae-f2fe-41d4-bd50-550a8be43d19 func=job_orchestration.executor.query.spider_search_task.search_without_channel execution_start=499070811 execution_end=499072153 execution_duration_ms=1341
[2026-02-02 22:03:50.003] [info] [spider.worker] [TIMING] task_id=4e2febae-f2fe-41d4-bd50-550a8be43d19 func=job_orchestration.executor.query.spider_search_task.search_without_channel submit_output_start=499072154 submit_output_end=499072211 submit_output_duration_ms=56
[2026-02-02 22:03:50.028] [info] [spider.worker] [TIMING] task_id=c4ca7d3a-9db1-4920-8e2d-a4123f867184 func=job_orchestration.executor.query.spider_search_task.search_without_channel fetch_input_start=499072235 fetch_input_end=499072236 fetch_input_duration_ms=0
[2026-02-02 22:03:50.028] [info] [spider.worker] [TIMING] task_id=c4ca7d3a-9db1-4920-8e2d-a4123f867184 func=job_orchestration.executor.query.spider_search_task.search_without_channel input_send_start=499072237 input_send_end=499072237 input_send_duration_ms=0 bytes=611
[2026-02-02 22:03:50.028] [info] [spider.worker] [TIMING] task_id=c4ca7d3a-9db1-4920-8e2d-a4123f867184 func=job_orchestration.executor.query.spider_search_task.search_without_channel spawn_start=499072236 spawn_end=499072237 spawn_duration_ms=0
[2026-02-02 22:03:51.246] [info] [spider.worker] [TIMING] task_id=c4ca7d3a-9db1-4920-8e2d-a4123f867184 func=job_orchestration.executor.query.spider_search_task.search_without_channel execution_start=499072237 execution_end=499073454 execution_duration_ms=1217
[2026-02-02 22:03:51.290] [info] [spider.worker] [TIMING] task_id=c4ca7d3a-9db1-4920-8e2d-a4123f867184 func=job_orchestration.executor.query.spider_search_task.search_without_channel submit_output_start=499073456 submit_output_end=499073499 submit_output_duration_ms=43
[2026-02-02 22:03:51.409] [info] [spider.worker] [TIMING] task_id=025568bb-badc-43be-8343-f34f1277febc func=job_orchestration.executor.query.spider_search_task.search_without_channel fetch_input_start=499073617 fetch_input_end=499073618 fetch_input_duration_ms=0
[2026-02-02 22:03:51.410] [info] [spider.worker] [TIMING] task_id=025568bb-badc-43be-8343-f34f1277febc func=job_orchestration.executor.query.spider_search_task.search_without_channel input_send_start=499073618 input_send_end=499073618 input_send_duration_ms=0 bytes=612
[2026-02-02 22:03:51.410] [info] [spider.worker] [TIMING] task_id=025568bb-badc-43be-8343-f34f1277febc func=job_orchestration.executor.query.spider_search_task.search_without_channel spawn_start=499073618 spawn_end=499073618 spawn_duration_ms=0
[2026-02-02 22:03:52.838] [info] [spider.worker] [TIMING] task_id=025568bb-badc-43be-8343-f34f1277febc func=job_orchestration.executor.query.spider_search_task.search_without_channel execution_start=499073618 execution_end=499075046 execution_duration_ms=1427
[2026-02-02 22:03:52.938] [info] [spider.worker] [TIMING] task_id=025568bb-badc-43be-8343-f34f1277febc func=job_orchestration.executor.query.spider_search_task.search_without_channel submit_output_start=499075055 submit_output_end=499075146 submit_output_duration_ms=90
[2026-02-02 22:03:52.996] [info] [spider.worker] [TIMING] task_id=9946cb79-fce3-4ce3-a7c2-772a3e527733 func=job_orchestration.executor.query.spider_search_task.search_without_channel fetch_input_start=499075203 fetch_input_end=499075204 fetch_input_duration_ms=0
[2026-02-02 22:03:52.996] [info] [spider.worker] [TIMING] task_id=9946cb79-fce3-4ce3-a7c2-772a3e527733 func=job_orchestration.executor.query.spider_search_task.search_without_channel input_send_start=499075205 input_send_end=499075205 input_send_duration_ms=0 bytes=612
[2026-02-02 22:03:52.996] [info] [spider.worker] [TIMING] task_id=9946cb79-fce3-4ce3-a7c2-772a3e527733 func=job_orchestration.executor.query.spider_search_task.search_without_channel spawn_start=499075204 spawn_end=499075205 spawn_duration_ms=0
[2026-02-02 22:03:54.305] [info] [spider.worker] [TIMING] task_id=9946cb79-fce3-4ce3-a7c2-772a3e527733 func=job_orchestration.executor.query.spider_search_task.search_without_channel execution_start=499075205 execution_end=499076513 execution_duration_ms=1308
[2026-02-02 22:03:54.343] [info] [spider.worker] [TIMING] task_id=9946cb79-fce3-4ce3-a7c2-772a3e527733 func=job_orchestration.executor.query.spider_search_task.search_without_channel submit_output_start=499076534 submit_output_end=499076552 submit_output_duration_ms=17
[2026-02-02 22:03:54.429] [info] [spider.worker] [TIMING] task_id=eb1dcec9-4e2d-4e16-94cd-4b0c1d100680 func=job_orchestration.executor.query.spider_search_task.search_without_channel fetch_input_start=499076637 fetch_input_end=499076638 fetch_input_duration_ms=0
[2026-02-02 22:03:54.430] [info] [spider.worker] [TIMING] task_id=eb1dcec9-4e2d-4e16-94cd-4b0c1d100680 func=job_orchestration.executor.query.spider_search_task.search_without_channel input_send_start=499076638 input_send_end=499076638 input_send_duration_ms=0 bytes=612
[2026-02-02 22:03:54.430] [info] [spider.worker] [TIMING] task_id=eb1dcec9-4e2d-4e16-94cd-4b0c1d100680 func=job_orchestration.executor.query.spider_search_task.search_without_channel spawn_start=499076638 spawn_end=499076638 spawn_duration_ms=0
[2026-02-02 22:03:55.713] [info] [spider.worker] [TIMING] task_id=eb1dcec9-4e2d-4e16-94cd-4b0c1d100680 func=job_orchestration.executor.query.spider_search_task.search_without_channel execution_start=499076638 execution_end=499077921 execution_duration_ms=1282
[2026-02-02 22:03:55.746] [info] [spider.worker] [TIMING] task_id=eb1dcec9-4e2d-4e16-94cd-4b0c1d100680 func=job_orchestration.executor.query.spider_search_task.search_without_channel submit_output_start=499077922 submit_output_end=499077954 submit_output_duration_ms=32
[2026-02-02 22:03:55.916] [info] [spider.worker] [TIMING] task_id=42078fdb-a554-4496-8dfc-13694695d687 func=job_orchestration.executor.query.spider_search_task.search_without_channel fetch_input_start=499078123 fetch_input_end=499078124 fetch_input_duration_ms=1
[2026-02-02 22:03:55.916] [info] [spider.worker] [TIMING] task_id=42078fdb-a554-4496-8dfc-13694695d687 func=job_orchestration.executor.query.spider_search_task.search_without_channel input_send_start=499078125 input_send_end=499078125 input_send_duration_ms=0 bytes=612
[2026-02-02 22:03:55.916] [info] [spider.worker] [TIMING] task_id=42078fdb-a554-4496-8dfc-13694695d687 func=job_orchestration.executor.query.spider_search_task.search_without_channel spawn_start=499078124 spawn_end=499078125 spawn_duration_ms=0
[2026-02-02 22:03:57.173] [info] [spider.worker] [TIMING] task_id=42078fdb-a554-4496-8dfc-13694695d687 func=job_orchestration.executor.query.spider_search_task.search_without_channel execution_start=499078125 execution_end=499079382 execution_duration_ms=1256
[2026-02-02 22:03:57.186] [info] [spider.worker] [TIMING] task_id=42078fdb-a554-4496-8dfc-13694695d687 func=job_orchestration.executor.query.spider_search_task.search_without_channel submit_output_start=499079384 submit_output_end=499079394 submit_output_duration_ms=10
[2026-02-02 22:03:57.228] [info] [spider.worker] [TIMING] task_id=052d4387-2966-448a-acf5-853cf58b9500 func=job_orchestration.executor.query.spider_search_task.search_without_channel fetch_input_start=499079436 fetch_input_end=499079437 fetch_input_duration_ms=1
[2026-02-02 22:03:57.229] [info] [spider.worker] [TIMING] task_id=052d4387-2966-448a-acf5-853cf58b9500 func=job_orchestration.executor.query.spider_search_task.search_without_channel input_send_start=499079437 input_send_end=499079437 input_send_duration_ms=0 bytes=612
[2026-02-02 22:03:57.229] [info] [spider.worker] [TIMING] task_id=052d4387-2966-448a-acf5-853cf58b9500 func=job_orchestration.executor.query.spider_search_task.search_without_channel spawn_start=499079437 spawn_end=499079437 spawn_duration_ms=0
[2026-02-02 22:03:58.356] [info] [spider.worker] [TIMING] task_id=052d4387-2966-448a-acf5-853cf58b9500 func=job_orchestration.executor.query.spider_search_task.search_without_channel execution_start=499079437 execution_end=499080564 execution_duration_ms=1126
[2026-02-02 22:03:58.386] [info] [spider.worker] [TIMING] task_id=052d4387-2966-448a-acf5-853cf58b9500 func=job_orchestration.executor.query.spider_search_task.search_without_channel submit_output_start=499080565 submit_output_end=499080594 submit_output_duration_ms=29
[2026-02-02 22:03:58.405] [info] [spider.worker] [TIMING] task_id=f02a688d-1985-4235-9163-f1f47c3e71f4 func=job_orchestration.executor.query.spider_search_task.search_without_channel fetch_input_start=499080613 fetch_input_end=499080614 fetch_input_duration_ms=1
[2026-02-02 22:03:58.406] [info] [spider.worker] [TIMING] task_id=f02a688d-1985-4235-9163-f1f47c3e71f4 func=job_orchestration.executor.query.spider_search_task.search_without_channel input_send_start=499080614 input_send_end=499080614 input_send_duration_ms=0 bytes=610
[2026-02-02 22:03:58.406] [info] [spider.worker] [TIMING] task_id=f02a688d-1985-4235-9163-f1f47c3e71f4 func=job_orchestration.executor.query.spider_search_task.search_without_channel spawn_start=499080614 spawn_end=499080614 spawn_duration_ms=0
[2026-02-02 22:03:59.691] [info] [spider.worker] [TIMING] task_id=f02a688d-1985-4235-9163-f1f47c3e71f4 func=job_orchestration.executor.query.spider_search_task.search_without_channel execution_start=499080614 execution_end=499081899 execution_duration_ms=1284
[2026-02-02 22:03:59.711] [info] [spider.worker] [TIMING] task_id=f02a688d-1985-4235-9163-f1f47c3e71f4 func=job_orchestration.executor.query.spider_search_task.search_without_channel submit_output_start=499081901 submit_output_end=499081920 submit_output_duration_ms=18
[2026-02-02 22:03:59.772] [info] [spider.worker] [TIMING] task_id=2afdb2b0-3c2d-4843-9bfb-a208e33f88ac func=job_orchestration.executor.query.spider_search_task.search_without_channel fetch_input_start=499081979 fetch_input_end=499081980 fetch_input_duration_ms=0
[2026-02-02 22:03:59.772] [info] [spider.worker] [TIMING] task_id=2afdb2b0-3c2d-4843-9bfb-a208e33f88ac func=job_orchestration.executor.query.spider_search_task.search_without_channel input_send_start=499081981 input_send_end=499081981 input_send_duration_ms=0 bytes=612
[2026-02-02 22:03:59.772] [info] [spider.worker] [TIMING] task_id=2afdb2b0-3c2d-4843-9bfb-a208e33f88ac func=job_orchestration.executor.query.spider_search_task.search_without_channel spawn_start=499081980 spawn_end=499081981 spawn_duration_ms=0
[2026-02-02 22:04:01.029] [info] [spider.worker] [TIMING] task_id=2afdb2b0-3c2d-4843-9bfb-a208e33f88ac func=job_orchestration.executor.query.spider_search_task.search_without_channel execution_start=499081981 execution_end=499083237 execution_duration_ms=1256
[2026-02-02 22:04:01.053] [info] [spider.worker] [TIMING] task_id=2afdb2b0-3c2d-4843-9bfb-a208e33f88ac func=job_orchestration.executor.query.spider_search_task.search_without_channel submit_output_start=499083239 submit_output_end=499083262 submit_output_duration_ms=22
[2026-02-02 22:04:01.105] [info] [spider.worker] [TIMING] task_id=9530ac2f-90f5-46d8-bde4-eb2e9811a606 func=job_orchestration.executor.query.spider_search_task.search_without_channel fetch_input_start=499083313 fetch_input_end=499083314 fetch_input_duration_ms=0
[2026-02-02 22:04:01.106] [info] [spider.worker] [TIMING] task_id=9530ac2f-90f5-46d8-bde4-eb2e9811a606 func=job_orchestration.executor.query.spider_search_task.search_without_channel input_send_start=499083314 input_send_end=499083314 input_send_duration_ms=0 bytes=610
[2026-02-02 22:04:01.106] [info] [spider.worker] [TIMING] task_id=9530ac2f-90f5-46d8-bde4-eb2e9811a606 func=job_orchestration.executor.query.spider_search_task.search_without_channel spawn_start=499083314 spawn_end=499083314 spawn_duration_ms=0
[2026-02-02 22:04:02.326] [info] [spider.worker] [TIMING] task_id=9530ac2f-90f5-46d8-bde4-eb2e9811a606 func=job_orchestration.executor.query.spider_search_task.search_without_channel execution_start=499083314 execution_end=499084534 execution_duration_ms=1220
[2026-02-02 22:04:02.337] [info] [spider.worker] [TIMING] task_id=9530ac2f-90f5-46d8-bde4-eb2e9811a606 func=job_orchestration.executor.query.spider_search_task.search_without_channel submit_output_start=499084536 submit_output_end=499084545 submit_output_duration_ms=9
[2026-02-02 22:04:02.357] [info] [spider.worker] [TIMING] task_id=945d28b3-ca01-406c-b28b-49faeac51a97 func=job_orchestration.executor.query.spider_search_task.search_without_channel fetch_input_start=499084564 fetch_input_end=499084565 fetch_input_duration_ms=1
[2026-02-02 22:04:02.357] [info] [spider.worker] [TIMING] task_id=945d28b3-ca01-406c-b28b-49faeac51a97 func=job_orchestration.executor.query.spider_search_task.search_without_channel input_send_start=499084566 input_send_end=499084566 input_send_duration_ms=0 bytes=610
[2026-02-02 22:04:02.357] [info] [spider.worker] [TIMING] task_id=945d28b3-ca01-406c-b28b-49faeac51a97 func=job_orchestration.executor.query.spider_search_task.search_without_channel spawn_start=499084565 spawn_end=499084566 spawn_duration_ms=0
[2026-02-02 22:04:03.599] [info] [spider.worker] [TIMING] task_id=945d28b3-ca01-406c-b28b-49faeac51a97 func=job_orchestration.executor.query.spider_search_task.search_without_channel execution_start=499084566 execution_end=499085808 execution_duration_ms=1241
[2026-02-02 22:04:03.737] [info] [spider.worker] [TIMING] task_id=945d28b3-ca01-406c-b28b-49faeac51a97 func=job_orchestration.executor.query.spider_search_task.search_without_channel submit_output_start=499085809 submit_output_end=499085946 submit_output_duration_ms=136
[2026-02-02 22:04:03.756] [info] [spider.worker] [TIMING] task_id=efd6df4f-d4be-4df1-abd7-4db5e9a26f5a func=job_orchestration.executor.query.spider_search_task.search_without_channel fetch_input_start=499085963 fetch_input_end=499085964 fetch_input_duration_ms=0
[2026-02-02 22:04:03.756] [info] [spider.worker] [TIMING] task_id=efd6df4f-d4be-4df1-abd7-4db5e9a26f5a func=job_orchestration.executor.query.spider_search_task.search_without_channel input_send_start=499085965 input_send_end=499085965 input_send_duration_ms=0 bytes=612
[2026-02-02 22:04:03.756] [info] [spider.worker] [TIMING] task_id=efd6df4f-d4be-4df1-abd7-4db5e9a26f5a func=job_orchestration.executor.query.spider_search_task.search_without_channel spawn_start=499085964 spawn_end=499085965 spawn_duration_ms=0
[2026-02-02 22:04:04.968] [info] [spider.worker] [TIMING] task_id=efd6df4f-d4be-4df1-abd7-4db5e9a26f5a func=job_orchestration.executor.query.spider_search_task.search_without_channel execution_start=499085965 execution_end=499087176 execution_duration_ms=1211
[2026-02-02 22:04:04.997] [info] [spider.worker] [TIMING] task_id=efd6df4f-d4be-4df1-abd7-4db5e9a26f5a func=job_orchestration.executor.query.spider_search_task.search_without_channel submit_output_start=499087178 submit_output_end=499087205 submit_output_duration_ms=27
[2026-02-02 22:04:05.015] [info] [spider.worker] [TIMING] task_id=22b80660-bd16-4e75-904c-4d0f75047d3a func=job_orchestration.executor.query.spider_search_task.search_without_channel fetch_input_start=499087223 fetch_input_end=499087224 fetch_input_duration_ms=1
[2026-02-02 22:04:05.016] [info] [spider.worker] [TIMING] task_id=22b80660-bd16-4e75-904c-4d0f75047d3a func=job_orchestration.executor.query.spider_search_task.search_without_channel input_send_start=499087224 input_send_end=499087224 input_send_duration_ms=0 bytes=612
[2026-02-02 22:04:05.016] [info] [spider.worker] [TIMING] task_id=22b80660-bd16-4e75-904c-4d0f75047d3a func=job_orchestration.executor.query.spider_search_task.search_without_channel spawn_start=499087224 spawn_end=499087224 spawn_duration_ms=0
[2026-02-02 22:04:06.321] [info] [spider.worker] [TIMING] task_id=22b80660-bd16-4e75-904c-4d0f75047d3a func=job_orchestration.executor.query.spider_search_task.search_without_channel execution_start=499087225 execution_end=499088529 execution_duration_ms=1304
[2026-02-02 22:04:06.338] [info] [spider.worker] [TIMING] task_id=22b80660-bd16-4e75-904c-4d0f75047d3a func=job_orchestration.executor.query.spider_search_task.search_without_channel submit_output_start=499088531 submit_output_end=499088546 submit_output_duration_ms=14
[2026-02-02 22:04:06.370] [info] [spider.worker] [TIMING] task_id=e7b85830-d984-4f0d-882d-e534606971af func=job_orchestration.executor.query.spider_search_task.search_without_channel fetch_input_start=499088577 fetch_input_end=499088579 fetch_input_duration_ms=1
[2026-02-02 22:04:06.371] [info] [spider.worker] [TIMING] task_id=e7b85830-d984-4f0d-882d-e534606971af func=job_orchestration.executor.query.spider_search_task.search_without_channel input_send_start=499088579 input_send_end=499088579 input_send_duration_ms=0 bytes=612
[2026-02-02 22:04:06.371] [info] [spider.worker] [TIMING] task_id=e7b85830-d984-4f0d-882d-e534606971af func=job_orchestration.executor.query.spider_search_task.search_without_channel spawn_start=499088579 spawn_end=499088579 spawn_duration_ms=0
[2026-02-02 22:04:07.709] [info] [spider.worker] [TIMING] task_id=e7b85830-d984-4f0d-882d-e534606971af func=job_orchestration.executor.query.spider_search_task.search_without_channel execution_start=499088579 execution_end=499089917 execution_duration_ms=1338
[2026-02-02 22:04:07.748] [info] [spider.worker] [TIMING] task_id=e7b85830-d984-4f0d-882d-e534606971af func=job_orchestration.executor.query.spider_search_task.search_without_channel submit_output_start=499089919 submit_output_end=499089956 submit_output_duration_ms=36
[2026-02-02 22:04:07.783] [info] [spider.worker] [TIMING] task_id=00f4ff26-7754-47fd-83f1-8ca2a85b90cc func=job_orchestration.executor.query.spider_search_task.search_without_channel fetch_input_start=499089991 fetch_input_end=499089992 fetch_input_duration_ms=1
[2026-02-02 22:04:07.784] [info] [spider.worker] [TIMING] task_id=00f4ff26-7754-47fd-83f1-8ca2a85b90cc func=job_orchestration.executor.query.spider_search_task.search_without_channel input_send_start=499089992 input_send_end=499089992 input_send_duration_ms=0 bytes=612
[2026-02-02 22:04:07.784] [info] [spider.worker] [TIMING] task_id=00f4ff26-7754-47fd-83f1-8ca2a85b90cc func=job_orchestration.executor.query.spider_search_task.search_without_channel spawn_start=499089992 spawn_end=499089992 spawn_duration_ms=0
[2026-02-02 22:04:09.129] [info] [spider.worker] [TIMING] task_id=00f4ff26-7754-47fd-83f1-8ca2a85b90cc func=job_orchestration.executor.query.spider_search_task.search_without_channel execution_start=499089992 execution_end=499091337 execution_duration_ms=1344
[2026-02-02 22:04:09.160] [info] [spider.worker] [TIMING] task_id=00f4ff26-7754-47fd-83f1-8ca2a85b90cc func=job_orchestration.executor.query.spider_search_task.search_without_channel submit_output_start=499091339 submit_output_end=499091368 submit_output_duration_ms=29
[2026-02-02 22:04:09.175] [info] [spider.worker] [TIMING] task_id=ac88a684-d605-4a74-a518-02f70701bd6e func=job_orchestration.executor.query.spider_search_task.search_without_channel fetch_input_start=499091382 fetch_input_end=499091384 fetch_input_duration_ms=1
[2026-02-02 22:04:09.176] [info] [spider.worker] [TIMING] task_id=ac88a684-d605-4a74-a518-02f70701bd6e func=job_orchestration.executor.query.spider_search_task.search_without_channel input_send_start=499091384 input_send_end=499091384 input_send_duration_ms=0 bytes=611
[2026-02-02 22:04:09.176] [info] [spider.worker] [TIMING] task_id=ac88a684-d605-4a74-a518-02f70701bd6e func=job_orchestration.executor.query.spider_search_task.search_without_channel spawn_start=499091384 spawn_end=499091384 spawn_duration_ms=0
[2026-02-02 22:04:10.530] [info] [spider.worker] [TIMING] task_id=ac88a684-d605-4a74-a518-02f70701bd6e func=job_orchestration.executor.query.spider_search_task.search_without_channel execution_start=499091384 execution_end=499092739 execution_duration_ms=1354
[2026-02-02 22:04:10.539] [info] [spider.worker] [TIMING] task_id=ac88a684-d605-4a74-a518-02f70701bd6e func=job_orchestration.executor.query.spider_search_task.search_without_channel submit_output_start=499092740 submit_output_end=499092747 submit_output_duration_ms=6
[2026-02-02 22:04:10.576] [info] [spider.worker] [TIMING] task_id=63d69449-cf77-4fe3-8c6d-d2ea74667d88 func=job_orchestration.executor.query.spider_search_task.search_without_channel fetch_input_start=499092783 fetch_input_end=499092784 fetch_input_duration_ms=1
[2026-02-02 22:04:10.577] [info] [spider.worker] [TIMING] task_id=63d69449-cf77-4fe3-8c6d-d2ea74667d88 func=job_orchestration.executor.query.spider_search_task.search_without_channel input_send_start=499092785 input_send_end=499092785 input_send_duration_ms=0 bytes=611
[2026-02-02 22:04:10.577] [info] [spider.worker] [TIMING] task_id=63d69449-cf77-4fe3-8c6d-d2ea74667d88 func=job_orchestration.executor.query.spider_search_task.search_without_channel spawn_start=499092785 spawn_end=499092785 spawn_duration_ms=0
[2026-02-02 22:04:12.006] [info] [spider.worker] [TIMING] task_id=63d69449-cf77-4fe3-8c6d-d2ea74667d88 func=job_orchestration.executor.query.spider_search_task.search_without_channel execution_start=499092785 execution_end=499094214 execution_duration_ms=1428
[2026-02-02 22:04:12.014] [info] [spider.worker] [TIMING] task_id=63d69449-cf77-4fe3-8c6d-d2ea74667d88 func=job_orchestration.executor.query.spider_search_task.search_without_channel submit_output_start=499094216 submit_output_end=499094223 submit_output_duration_ms=6
[2026-02-02 22:04:12.046] [info] [spider.worker] [TIMING] task_id=0001d27a-c78e-4b07-928e-1e1f77d95296 func=job_orchestration.executor.query.spider_search_task.search_without_channel fetch_input_start=499094254 fetch_input_end=499094255 fetch_input_duration_ms=1
[2026-02-02 22:04:12.047] [info] [spider.worker] [TIMING] task_id=0001d27a-c78e-4b07-928e-1e1f77d95296 func=job_orchestration.executor.query.spider_search_task.search_without_channel input_send_start=499094255 input_send_end=499094255 input_send_duration_ms=0 bytes=610
[2026-02-02 22:04:12.047] [info] [spider.worker] [TIMING] task_id=0001d27a-c78e-4b07-928e-1e1f77d95296 func=job_orchestration.executor.query.spider_search_task.search_without_channel spawn_start=499094255 spawn_end=499094255 spawn_duration_ms=0
[2026-02-02 22:04:13.370] [info] [spider.worker] [TIMING] task_id=0001d27a-c78e-4b07-928e-1e1f77d95296 func=job_orchestration.executor.query.spider_search_task.search_without_channel execution_start=499094255 execution_end=499095579 execution_duration_ms=1323
[2026-02-02 22:04:13.405] [info] [spider.worker] [TIMING] task_id=0001d27a-c78e-4b07-928e-1e1f77d95296 func=job_orchestration.executor.query.spider_search_task.search_without_channel submit_output_start=499095580 submit_output_end=499095614 submit_output_duration_ms=33
[2026-02-02 22:04:13.426] [info] [spider.worker] [TIMING] task_id=793c2c6e-1bc8-47e2-b1b7-37abf2182635 func=job_orchestration.executor.query.spider_search_task.search_without_channel fetch_input_start=499095633 fetch_input_end=499095635 fetch_input_duration_ms=1
[2026-02-02 22:04:13.427] [info] [spider.worker] [TIMING] task_id=793c2c6e-1bc8-47e2-b1b7-37abf2182635 func=job_orchestration.executor.query.spider_search_task.search_without_channel input_send_start=499095635 input_send_end=499095635 input_send_duration_ms=0 bytes=612
[2026-02-02 22:04:13.427] [info] [spider.worker] [TIMING] task_id=793c2c6e-1bc8-47e2-b1b7-37abf2182635 func=job_orchestration.executor.query.spider_search_task.search_without_channel spawn_start=499095635 spawn_end=499095635 spawn_duration_ms=0
[2026-02-02 22:04:14.754] [info] [spider.worker] [TIMING] task_id=793c2c6e-1bc8-47e2-b1b7-37abf2182635 func=job_orchestration.executor.query.spider_search_task.search_without_channel execution_start=499095635 execution_end=499096962 execution_duration_ms=1326
[2026-02-02 22:04:14.773] [info] [spider.worker] [TIMING] task_id=793c2c6e-1bc8-47e2-b1b7-37abf2182635 func=job_orchestration.executor.query.spider_search_task.search_without_channel submit_output_start=499096964 submit_output_end=499096982 submit_output_duration_ms=17
[2026-02-02 22:04:14.835] [info] [spider.worker] [TIMING] task_id=44388e1f-c837-451c-9a80-1a5d9496e155 func=job_orchestration.executor.query.spider_search_task.search_without_channel fetch_input_start=499097042 fetch_input_end=499097043 fetch_input_duration_ms=1
[2026-02-02 22:04:14.835] [info] [spider.worker] [TIMING] task_id=44388e1f-c837-451c-9a80-1a5d9496e155 func=job_orchestration.executor.query.spider_search_task.search_without_channel input_send_start=499097043 input_send_end=499097043 input_send_duration_ms=0 bytes=612
[2026-02-02 22:04:14.835] [info] [spider.worker] [TIMING] task_id=44388e1f-c837-451c-9a80-1a5d9496e155 func=job_orchestration.executor.query.spider_search_task.search_without_channel spawn_start=499097043 spawn_end=499097043 spawn_duration_ms=0
[2026-02-02 22:04:16.053] [info] [spider.worker] [TIMING] task_id=44388e1f-c837-451c-9a80-1a5d9496e155 func=job_orchestration.executor.query.spider_search_task.search_without_channel execution_start=499097044 execution_end=499098262 execution_duration_ms=1217
[2026-02-02 22:04:16.090] [info] [spider.worker] [TIMING] task_id=44388e1f-c837-451c-9a80-1a5d9496e155 func=job_orchestration.executor.query.spider_search_task.search_without_channel submit_output_start=499098264 submit_output_end=499098298 submit_output_duration_ms=34
[2026-02-02 22:04:16.127] [info] [spider.worker] [TIMING] task_id=cefacc66-2533-4e01-8ee9-918d308a5588 func=job_orchestration.executor.query.spider_search_task.search_without_channel fetch_input_start=499098334 fetch_input_end=499098335 fetch_input_duration_ms=0
[2026-02-02 22:04:16.127] [info] [spider.worker] [TIMING] task_id=cefacc66-2533-4e01-8ee9-918d308a5588 func=job_orchestration.executor.query.spider_search_task.search_without_channel input_send_start=499098336 input_send_end=499098336 input_send_duration_ms=0 bytes=612
[2026-02-02 22:04:16.127] [info] [spider.worker] [TIMING] task_id=cefacc66-2533-4e01-8ee9-918d308a5588 func=job_orchestration.executor.query.spider_search_task.search_without_channel spawn_start=499098335 spawn_end=499098336 spawn_duration_ms=0
[2026-02-02 22:04:17.449] [info] [spider.worker] [TIMING] task_id=cefacc66-2533-4e01-8ee9-918d308a5588 func=job_orchestration.executor.query.spider_search_task.search_without_channel execution_start=499098336 execution_end=499099657 execution_duration_ms=1321
[2026-02-02 22:04:17.466] [info] [spider.worker] [TIMING] task_id=cefacc66-2533-4e01-8ee9-918d308a5588 func=job_orchestration.executor.query.spider_search_task.search_without_channel submit_output_start=499099659 submit_output_end=499099674 submit_output_duration_ms=15
[2026-02-02 22:04:17.519] [info] [spider.worker] [TIMING] task_id=d523728f-5148-47b2-a6ae-8cfa4439b499 func=job_orchestration.executor.query.spider_search_task.search_without_channel fetch_input_start=499099727 fetch_input_end=499099727 fetch_input_duration_ms=0
[2026-02-02 22:04:17.520] [info] [spider.worker] [TIMING] task_id=d523728f-5148-47b2-a6ae-8cfa4439b499 func=job_orchestration.executor.query.spider_search_task.search_without_channel input_send_start=499099728 input_send_end=499099728 input_send_duration_ms=0 bytes=610
[2026-02-02 22:04:17.520] [info] [spider.worker] [TIMING] task_id=d523728f-5148-47b2-a6ae-8cfa4439b499 func=job_orchestration.executor.query.spider_search_task.search_without_channel spawn_start=499099728 spawn_end=499099728 spawn_duration_ms=0
[2026-02-02 22:04:18.846] [info] [spider.worker] [TIMING] task_id=d523728f-5148-47b2-a6ae-8cfa4439b499 func=job_orchestration.executor.query.spider_search_task.search_without_channel execution_start=499099728 execution_end=499101054 execution_duration_ms=1326
[2026-02-02 22:04:18.867] [info] [spider.worker] [TIMING] task_id=d523728f-5148-47b2-a6ae-8cfa4439b499 func=job_orchestration.executor.query.spider_search_task.search_without_channel submit_output_start=499101056 submit_output_end=499101075 submit_output_duration_ms=19
[2026-02-02 22:04:18.937] [info] [spider.worker] [TIMING] task_id=b18da256-3635-4eae-8736-5903ac4d0d63 func=job_orchestration.executor.query.spider_search_task.search_without_channel fetch_input_start=499101144 fetch_input_end=499101145 fetch_input_duration_ms=1
[2026-02-02 22:04:18.937] [info] [spider.worker] [TIMING] task_id=b18da256-3635-4eae-8736-5903ac4d0d63 func=job_orchestration.executor.query.spider_search_task.search_without_channel input_send_start=499101146 input_send_end=499101146 input_send_duration_ms=0 bytes=612
[2026-02-02 22:04:18.937] [info] [spider.worker] [TIMING] task_id=b18da256-3635-4eae-8736-5903ac4d0d63 func=job_orchestration.executor.query.spider_search_task.search_without_channel spawn_start=499101145 spawn_end=499101146 spawn_duration_ms=0
[2026-02-02 22:04:20.162] [info] [spider.worker] [TIMING] task_id=b18da256-3635-4eae-8736-5903ac4d0d63 func=job_orchestration.executor.query.spider_search_task.search_without_channel execution_start=499101146 execution_end=499102370 execution_duration_ms=1224
[2026-02-02 22:04:20.217] [info] [spider.worker] [TIMING] task_id=b18da256-3635-4eae-8736-5903ac4d0d63 func=job_orchestration.executor.query.spider_search_task.search_without_channel submit_output_start=499102389 submit_output_end=499102426 submit_output_duration_ms=36
[2026-02-02 22:04:20.228] [info] [spider.worker] [TIMING] task_id=43c727a5-9d95-4203-a47d-eebb0e114b60 func=job_orchestration.executor.query.spider_search_task.search_without_channel fetch_input_start=499102435 fetch_input_end=499102436 fetch_input_duration_ms=0
[2026-02-02 22:04:20.228] [info] [spider.worker] [TIMING] task_id=43c727a5-9d95-4203-a47d-eebb0e114b60 func=job_orchestration.executor.query.spider_search_task.search_without_channel input_send_start=499102437 input_send_end=499102437 input_send_duration_ms=0 bytes=610
[2026-02-02 22:04:20.228] [info] [spider.worker] [TIMING] task_id=43c727a5-9d95-4203-a47d-eebb0e114b60 func=job_orchestration.executor.query.spider_search_task.search_without_channel spawn_start=499102436 spawn_end=499102437 spawn_duration_ms=0
[2026-02-02 22:04:21.522] [info] [spider.worker] [TIMING] task_id=43c727a5-9d95-4203-a47d-eebb0e114b60 func=job_orchestration.executor.query.spider_search_task.search_without_channel execution_start=499102437 execution_end=499103731 execution_duration_ms=1293
[2026-02-02 22:04:21.543] [info] [spider.worker] [TIMING] task_id=43c727a5-9d95-4203-a47d-eebb0e114b60 func=job_orchestration.executor.query.spider_search_task.search_without_channel submit_output_start=499103734 submit_output_end=499103751 submit_output_duration_ms=16
[2026-02-02 22:04:21.612] [info] [spider.worker] [TIMING] task_id=d70c8aca-d2c1-48ab-9255-ecfcfa87462e func=job_orchestration.executor.query.spider_search_task.search_without_channel fetch_input_start=499103819 fetch_input_end=499103820 fetch_input_duration_ms=0
[2026-02-02 22:04:21.612] [info] [spider.worker] [TIMING] task_id=d70c8aca-d2c1-48ab-9255-ecfcfa87462e func=job_orchestration.executor.query.spider_search_task.search_without_channel input_send_start=499103821 input_send_end=499103821 input_send_duration_ms=0 bytes=612
[2026-02-02 22:04:21.612] [info] [spider.worker] [TIMING] task_id=d70c8aca-d2c1-48ab-9255-ecfcfa87462e func=job_orchestration.executor.query.spider_search_task.search_without_channel spawn_start=499103820 spawn_end=499103821 spawn_duration_ms=0
[2026-02-02 22:04:22.851] [info] [spider.worker] [TIMING] task_id=d70c8aca-d2c1-48ab-9255-ecfcfa87462e func=job_orchestration.executor.query.spider_search_task.search_without_channel execution_start=499103821 execution_end=499105059 execution_duration_ms=1238
[2026-02-02 22:04:22.905] [info] [spider.worker] [TIMING] task_id=d70c8aca-d2c1-48ab-9255-ecfcfa87462e func=job_orchestration.executor.query.spider_search_task.search_without_channel submit_output_start=499105062 submit_output_end=499105114 submit_output_duration_ms=51
[2026-02-02 22:04:22.929] [info] [spider.worker] [TIMING] task_id=f4c565f7-37b7-4972-b647-0804de2be2dc func=job_orchestration.executor.query.spider_search_task.search_without_channel fetch_input_start=499105136 fetch_input_end=499105137 fetch_input_duration_ms=0
[2026-02-02 22:04:22.929] [info] [spider.worker] [TIMING] task_id=f4c565f7-37b7-4972-b647-0804de2be2dc func=job_orchestration.executor.query.spider_search_task.search_without_channel input_send_start=499105137 input_send_end=499105137 input_send_duration_ms=0 bytes=610
[2026-02-02 22:04:22.929] [info] [spider.worker] [TIMING] task_id=f4c565f7-37b7-4972-b647-0804de2be2dc func=job_orchestration.executor.query.spider_search_task.search_without_channel spawn_start=499105137 spawn_end=499105137 spawn_duration_ms=0
[2026-02-02 22:04:24.218] [info] [spider.worker] [TIMING] task_id=f4c565f7-37b7-4972-b647-0804de2be2dc func=job_orchestration.executor.query.spider_search_task.search_without_channel execution_start=499105137 execution_end=499106426 execution_duration_ms=1288
[2026-02-02 22:04:24.401] [info] [spider.worker] [TIMING] task_id=f4c565f7-37b7-4972-b647-0804de2be2dc func=job_orchestration.executor.query.spider_search_task.search_without_channel submit_output_start=499106428 submit_output_end=499106609 submit_output_duration_ms=181
[2026-02-02 22:04:24.446] [info] [spider.worker] [TIMING] task_id=b7338346-f0e5-407e-9ca9-76344eb4bf59 func=job_orchestration.executor.query.spider_search_task.search_without_channel fetch_input_start=499106653 fetch_input_end=499106654 fetch_input_duration_ms=1
[2026-02-02 22:04:24.447] [info] [spider.worker] [TIMING] task_id=b7338346-f0e5-407e-9ca9-76344eb4bf59 func=job_orchestration.executor.query.spider_search_task.search_without_channel input_send_start=499106655 input_send_end=499106655 input_send_duration_ms=0 bytes=612
[2026-02-02 22:04:24.447] [info] [spider.worker] [TIMING] task_id=b7338346-f0e5-407e-9ca9-76344eb4bf59 func=job_orchestration.executor.query.spider_search_task.search_without_channel spawn_start=499106654 spawn_end=499106655 spawn_duration_ms=0
[2026-02-02 22:04:25.653] [info] [spider.worker] [TIMING] task_id=b7338346-f0e5-407e-9ca9-76344eb4bf59 func=job_orchestration.executor.query.spider_search_task.search_without_channel execution_start=499106655 execution_end=499107861 execution_duration_ms=1206
[2026-02-02 22:04:25.755] [info] [spider.worker] [TIMING] task_id=b7338346-f0e5-407e-9ca9-76344eb4bf59 func=job_orchestration.executor.query.spider_search_task.search_without_channel submit_output_start=499107863 submit_output_end=499107964 submit_output_duration_ms=100
[2026-02-02 22:04:25.850] [info] [spider.worker] [TIMING] task_id=eface16d-32ae-47dc-9e42-a3d067a577e4 func=job_orchestration.executor.query.spider_search_task.search_without_channel fetch_input_start=499108057 fetch_input_end=499108058 fetch_input_duration_ms=1
[2026-02-02 22:04:25.851] [info] [spider.worker] [TIMING] task_id=eface16d-32ae-47dc-9e42-a3d067a577e4 func=job_orchestration.executor.query.spider_search_task.search_without_channel input_send_start=499108059 input_send_end=499108059 input_send_duration_ms=0 bytes=612
[2026-02-02 22:04:25.851] [info] [spider.worker] [TIMING] task_id=eface16d-32ae-47dc-9e42-a3d067a577e4 func=job_orchestration.executor.query.spider_search_task.search_without_channel spawn_start=499108058 spawn_end=499108059 spawn_duration_ms=0
[2026-02-02 22:04:27.079] [info] [spider.worker] [TIMING] task_id=eface16d-32ae-47dc-9e42-a3d067a577e4 func=job_orchestration.executor.query.spider_search_task.search_without_channel execution_start=499108059 execution_end=499109287 execution_duration_ms=1227
[2026-02-02 22:04:27.102] [info] [spider.worker] [TIMING] task_id=eface16d-32ae-47dc-9e42-a3d067a577e4 func=job_orchestration.executor.query.spider_search_task.search_without_channel submit_output_start=499109289 submit_output_end=499109311 submit_output_duration_ms=21
[2026-02-02 22:04:27.131] [info] [spider.worker] [TIMING] task_id=34ee8126-0ab3-4877-ac01-5ee515626e7b func=job_orchestration.executor.query.spider_search_task.search_without_channel fetch_input_start=499109338 fetch_input_end=499109339 fetch_input_duration_ms=1
[2026-02-02 22:04:27.131] [info] [spider.worker] [TIMING] task_id=34ee8126-0ab3-4877-ac01-5ee515626e7b func=job_orchestration.executor.query.spider_search_task.search_without_channel input_send_start=499109339 input_send_end=499109340 input_send_duration_ms=0 bytes=611
[2026-02-02 22:04:27.131] [info] [spider.worker] [TIMING] task_id=34ee8126-0ab3-4877-ac01-5ee515626e7b func=job_orchestration.executor.query.spider_search_task.search_without_channel spawn_start=499109339 spawn_end=499109340 spawn_duration_ms=0
[2026-02-02 22:04:28.494] [info] [spider.worker] [TIMING] task_id=34ee8126-0ab3-4877-ac01-5ee515626e7b func=job_orchestration.executor.query.spider_search_task.search_without_channel execution_start=499109340 execution_end=499110702 execution_duration_ms=1362
[2026-02-02 22:04:28.521] [info] [spider.worker] [TIMING] task_id=34ee8126-0ab3-4877-ac01-5ee515626e7b func=job_orchestration.executor.query.spider_search_task.search_without_channel submit_output_start=499110704 submit_output_end=499110729 submit_output_duration_ms=25
[2026-02-02 22:04:28.608] [info] [spider.worker] [TIMING] task_id=60b0820e-1b00-4805-861d-3796e630ee19 func=job_orchestration.executor.query.spider_search_task.search_without_channel fetch_input_start=499110815 fetch_input_end=499110816 fetch_input_duration_ms=0
[2026-02-02 22:04:28.608] [info] [spider.worker] [TIMING] task_id=60b0820e-1b00-4805-861d-3796e630ee19 func=job_orchestration.executor.query.spider_search_task.search_without_channel input_send_start=499110816 input_send_end=499110816 input_send_duration_ms=0 bytes=612
[2026-02-02 22:04:28.608] [info] [spider.worker] [TIMING] task_id=60b0820e-1b00-4805-861d-3796e630ee19 func=job_orchestration.executor.query.spider_search_task.search_without_channel spawn_start=499110816 spawn_end=499110816 spawn_duration_ms=0
[2026-02-02 22:04:29.976] [info] [spider.worker] [TIMING] task_id=60b0820e-1b00-4805-861d-3796e630ee19 func=job_orchestration.executor.query.spider_search_task.search_without_channel execution_start=499110816 execution_end=499112185 execution_duration_ms=1368
[2026-02-02 22:04:30.084] [info] [spider.worker] [TIMING] task_id=60b0820e-1b00-4805-861d-3796e630ee19 func=job_orchestration.executor.query.spider_search_task.search_without_channel submit_output_start=499112187 submit_output_end=499112292 submit_output_duration_ms=105
[2026-02-02 22:04:30.162] [info] [spider.worker] [TIMING] task_id=dbb32ef2-6132-451f-ad0e-6dfb2192b5ee func=job_orchestration.executor.query.spider_search_task.search_without_channel fetch_input_start=499112370 fetch_input_end=499112371 fetch_input_duration_ms=1
[2026-02-02 22:04:30.163] [info] [spider.worker] [TIMING] task_id=dbb32ef2-6132-451f-ad0e-6dfb2192b5ee func=job_orchestration.executor.query.spider_search_task.search_without_channel input_send_start=499112371 input_send_end=499112371 input_send_duration_ms=0 bytes=612
[2026-02-02 22:04:30.163] [info] [spider.worker] [TIMING] task_id=dbb32ef2-6132-451f-ad0e-6dfb2192b5ee func=job_orchestration.executor.query.spider_search_task.search_without_channel spawn_start=499112371 spawn_end=499112371 spawn_duration_ms=0
[2026-02-02 22:04:31.370] [info] [spider.worker] [TIMING] task_id=dbb32ef2-6132-451f-ad0e-6dfb2192b5ee func=job_orchestration.executor.query.spider_search_task.search_without_channel execution_start=499112371 execution_end=499113578 execution_duration_ms=1206
[2026-02-02 22:04:31.378] [info] [spider.worker] [TIMING] task_id=dbb32ef2-6132-451f-ad0e-6dfb2192b5ee func=job_orchestration.executor.query.spider_search_task.search_without_channel submit_output_start=499113580 submit_output_end=499113586 submit_output_duration_ms=6
[2026-02-02 22:04:31.397] [info] [spider.worker] [TIMING] task_id=3da35014-81b2-450e-a23c-61c041fcb98c func=job_orchestration.executor.query.spider_search_task.search_without_channel fetch_input_start=499113605 fetch_input_end=499113606 fetch_input_duration_ms=0
[2026-02-02 22:04:31.398] [info] [spider.worker] [TIMING] task_id=3da35014-81b2-450e-a23c-61c041fcb98c func=job_orchestration.executor.query.spider_search_task.search_without_channel input_send_start=499113606 input_send_end=499113606 input_send_duration_ms=0 bytes=612
[2026-02-02 22:04:31.398] [info] [spider.worker] [TIMING] task_id=3da35014-81b2-450e-a23c-61c041fcb98c func=job_orchestration.executor.query.spider_search_task.search_without_channel spawn_start=499113606 spawn_end=499113606 spawn_duration_ms=0
[2026-02-02 22:04:32.608] [info] [spider.worker] [TIMING] task_id=3da35014-81b2-450e-a23c-61c041fcb98c func=job_orchestration.executor.query.spider_search_task.search_without_channel execution_start=499113606 execution_end=499114816 execution_duration_ms=1210
[2026-02-02 22:04:32.653] [info] [spider.worker] [TIMING] task_id=3da35014-81b2-450e-a23c-61c041fcb98c func=job_orchestration.executor.query.spider_search_task.search_without_channel submit_output_start=499114818 submit_output_end=499114862 submit_output_duration_ms=44
[2026-02-02 22:04:32.753] [info] [spider.worker] [TIMING] task_id=f8ceee71-3714-4185-8322-af00f65c819a func=job_orchestration.executor.query.spider_search_task.search_without_channel fetch_input_start=499114960 fetch_input_end=499114961 fetch_input_duration_ms=1
[2026-02-02 22:04:32.753] [info] [spider.worker] [TIMING] task_id=f8ceee71-3714-4185-8322-af00f65c819a func=job_orchestration.executor.query.spider_search_task.search_without_channel input_send_start=499114962 input_send_end=499114962 input_send_duration_ms=0 bytes=612
[2026-02-02 22:04:32.753] [info] [spider.worker] [TIMING] task_id=f8ceee71-3714-4185-8322-af00f65c819a func=job_orchestration.executor.query.spider_search_task.search_without_channel spawn_start=499114961 spawn_end=499114962 spawn_duration_ms=0
[2026-02-02 22:04:33.908] [info] [spider.worker] [TIMING] task_id=f8ceee71-3714-4185-8322-af00f65c819a func=job_orchestration.executor.query.spider_search_task.search_without_channel execution_start=499114962 execution_end=499116116 execution_duration_ms=1154
[2026-02-02 22:04:33.920] [info] [spider.worker] [TIMING] task_id=f8ceee71-3714-4185-8322-af00f65c819a func=job_orchestration.executor.query.spider_search_task.search_without_channel submit_output_start=499116118 submit_output_end=499116128 submit_output_duration_ms=10
[2026-02-02 22:04:34.032] [info] [spider.worker] [TIMING] task_id=43529be7-01ac-4d45-8022-38e593839c71 func=job_orchestration.executor.query.spider_search_task.search_without_channel fetch_input_start=499116239 fetch_input_end=499116241 fetch_input_duration_ms=1
[2026-02-02 22:04:34.033] [info] [spider.worker] [TIMING] task_id=43529be7-01ac-4d45-8022-38e593839c71 func=job_orchestration.executor.query.spider_search_task.search_without_channel input_send_start=499116241 input_send_end=499116241 input_send_duration_ms=0 bytes=611
[2026-02-02 22:04:34.033] [info] [spider.worker] [TIMING] task_id=43529be7-01ac-4d45-8022-38e593839c71 func=job_orchestration.executor.query.spider_search_task.search_without_channel spawn_start=499116241 spawn_end=499116241 spawn_duration_ms=0
[2026-02-02 22:04:35.384] [info] [spider.worker] [TIMING] task_id=43529be7-01ac-4d45-8022-38e593839c71 func=job_orchestration.executor.query.spider_search_task.search_without_channel execution_start=499116241 execution_end=499117592 execution_duration_ms=1350
[2026-02-02 22:04:35.417] [info] [spider.worker] [TIMING] task_id=43529be7-01ac-4d45-8022-38e593839c71 func=job_orchestration.executor.query.spider_search_task.search_without_channel submit_output_start=499117594 submit_output_end=499117625 submit_output_duration_ms=31
[2026-02-02 22:04:35.473] [info] [spider.worker] [TIMING] task_id=46d7bbda-a9e8-44b2-8321-09e2ed753701 func=job_orchestration.executor.query.spider_search_task.search_without_channel fetch_input_start=499117681 fetch_input_end=499117682 fetch_input_duration_ms=0
[2026-02-02 22:04:35.474] [info] [spider.worker] [TIMING] task_id=46d7bbda-a9e8-44b2-8321-09e2ed753701 func=job_orchestration.executor.query.spider_search_task.search_without_channel input_send_start=499117682 input_send_end=499117682 input_send_duration_ms=0 bytes=612
[2026-02-02 22:04:35.474] [info] [spider.worker] [TIMING] task_id=46d7bbda-a9e8-44b2-8321-09e2ed753701 func=job_orchestration.executor.query.spider_search_task.search_without_channel spawn_start=499117682 spawn_end=499117682 spawn_duration_ms=0
[2026-02-02 22:04:36.741] [info] [spider.worker] [TIMING] task_id=46d7bbda-a9e8-44b2-8321-09e2ed753701 func=job_orchestration.executor.query.spider_search_task.search_without_channel execution_start=499117683 execution_end=499118950 execution_duration_ms=1267
[2026-02-02 22:04:36.821] [info] [spider.worker] [TIMING] task_id=46d7bbda-a9e8-44b2-8321-09e2ed753701 func=job_orchestration.executor.query.spider_search_task.search_without_channel submit_output_start=499118955 submit_output_end=499119029 submit_output_duration_ms=74
[2026-02-02 22:04:36.857] [info] [spider.worker] [TIMING] task_id=57e607d6-6df2-490b-9b55-6880d4783b04 func=job_orchestration.executor.query.spider_search_task.search_without_channel fetch_input_start=499119064 fetch_input_end=499119065 fetch_input_duration_ms=0
[2026-02-02 22:04:36.857] [info] [spider.worker] [TIMING] task_id=57e607d6-6df2-490b-9b55-6880d4783b04 func=job_orchestration.executor.query.spider_search_task.search_without_channel input_send_start=499119066 input_send_end=499119066 input_send_duration_ms=0 bytes=612
[2026-02-02 22:04:36.857] [info] [spider.worker] [TIMING] task_id=57e607d6-6df2-490b-9b55-6880d4783b04 func=job_orchestration.executor.query.spider_search_task.search_without_channel spawn_start=499119065 spawn_end=499119066 spawn_duration_ms=0
[2026-02-02 22:04:38.177] [info] [spider.worker] [TIMING] task_id=57e607d6-6df2-490b-9b55-6880d4783b04 func=job_orchestration.executor.query.spider_search_task.search_without_channel execution_start=499119066 execution_end=499120385 execution_duration_ms=1319
[2026-02-02 22:04:38.196] [info] [spider.worker] [TIMING] task_id=57e607d6-6df2-490b-9b55-6880d4783b04 func=job_orchestration.executor.query.spider_search_task.search_without_channel submit_output_start=499120386 submit_output_end=499120405 submit_output_duration_ms=18
[2026-02-02 22:04:38.235] [info] [spider.worker] [TIMING] task_id=4c6e1d22-a899-40f0-860a-fc9b10b1f5c2 func=job_orchestration.executor.query.spider_search_task.search_without_channel fetch_input_start=499120443 fetch_input_end=499120444 fetch_input_duration_ms=0
[2026-02-02 22:04:38.236] [info] [spider.worker] [TIMING] task_id=4c6e1d22-a899-40f0-860a-fc9b10b1f5c2 func=job_orchestration.executor.query.spider_search_task.search_without_channel input_send_start=499120444 input_send_end=499120444 input_send_duration_ms=0 bytes=612
[2026-02-02 22:04:38.236] [info] [spider.worker] [TIMING] task_id=4c6e1d22-a899-40f0-860a-fc9b10b1f5c2 func=job_orchestration.executor.query.spider_search_task.search_without_channel spawn_start=499120444 spawn_end=499120444 spawn_duration_ms=0
[2026-02-02 22:04:39.428] [info] [spider.worker] [TIMING] task_id=4c6e1d22-a899-40f0-860a-fc9b10b1f5c2 func=job_orchestration.executor.query.spider_search_task.search_without_channel execution_start=499120444 execution_end=499121636 execution_duration_ms=1191
[2026-02-02 22:04:39.446] [info] [spider.worker] [TIMING] task_id=4c6e1d22-a899-40f0-860a-fc9b10b1f5c2 func=job_orchestration.executor.query.spider_search_task.search_without_channel submit_output_start=499121638 submit_output_end=499121655 submit_output_duration_ms=16
[2026-02-02 22:04:39.466] [info] [spider.worker] [TIMING] task_id=89762356-ae14-4ecd-b1a7-2afdad5b7fdf func=job_orchestration.executor.query.spider_search_task.search_without_channel fetch_input_start=499121673 fetch_input_end=499121674 fetch_input_duration_ms=0
[2026-02-02 22:04:39.466] [info] [spider.worker] [TIMING] task_id=89762356-ae14-4ecd-b1a7-2afdad5b7fdf func=job_orchestration.executor.query.spider_search_task.search_without_channel input_send_start=499121675 input_send_end=499121675 input_send_duration_ms=0 bytes=612
[2026-02-02 22:04:39.466] [info] [spider.worker] [TIMING] task_id=89762356-ae14-4ecd-b1a7-2afdad5b7fdf func=job_orchestration.executor.query.spider_search_task.search_without_channel spawn_start=499121674 spawn_end=499121675 spawn_duration_ms=0
[2026-02-02 22:04:40.700] [info] [spider.worker] [TIMING] task_id=89762356-ae14-4ecd-b1a7-2afdad5b7fdf func=job_orchestration.executor.query.spider_search_task.search_without_channel execution_start=499121675 execution_end=499122909 execution_duration_ms=1233
[2026-02-02 22:04:40.714] [info] [spider.worker] [TIMING] task_id=89762356-ae14-4ecd-b1a7-2afdad5b7fdf func=job_orchestration.executor.query.spider_search_task.search_without_channel submit_output_start=499122910 submit_output_end=499122922 submit_output_duration_ms=11
[2026-02-02 22:04:40.733] [info] [spider.worker] [TIMING] task_id=99bc7f31-5c9a-4b39-822a-270a8ad4d241 func=job_orchestration.executor.query.spider_search_task.search_without_channel fetch_input_start=499122941 fetch_input_end=499122942 fetch_input_duration_ms=0
[2026-02-02 22:04:40.734] [info] [spider.worker] [TIMING] task_id=99bc7f31-5c9a-4b39-822a-270a8ad4d241 func=job_orchestration.executor.query.spider_search_task.search_without_channel input_send_start=499122942 input_send_end=499122942 input_send_duration_ms=0 bytes=612
[2026-02-02 22:04:40.734] [info] [spider.worker] [TIMING] task_id=99bc7f31-5c9a-4b39-822a-270a8ad4d241 func=job_orchestration.executor.query.spider_search_task.search_without_channel spawn_start=499122942 spawn_end=499122942 spawn_duration_ms=0
[2026-02-02 22:04:41.973] [info] [spider.worker] [TIMING] task_id=99bc7f31-5c9a-4b39-822a-270a8ad4d241 func=job_orchestration.executor.query.spider_search_task.search_without_channel execution_start=499122942 execution_end=499124181 execution_duration_ms=1239
[2026-02-02 22:04:42.007] [info] [spider.worker] [TIMING] task_id=99bc7f31-5c9a-4b39-822a-270a8ad4d241 func=job_orchestration.executor.query.spider_search_task.search_without_channel submit_output_start=499124183 submit_output_end=499124215 submit_output_duration_ms=31
[2026-02-02 22:04:42.025] [info] [spider.worker] [TIMING] task_id=eddc5d24-d8c7-4924-986c-bf2e84baf127 func=job_orchestration.executor.query.spider_search_task.search_without_channel fetch_input_start=499124232 fetch_input_end=499124233 fetch_input_duration_ms=1
[2026-02-02 22:04:42.026] [info] [spider.worker] [TIMING] task_id=eddc5d24-d8c7-4924-986c-bf2e84baf127 func=job_orchestration.executor.query.spider_search_task.search_without_channel input_send_start=499124234 input_send_end=499124234 input_send_duration_ms=0 bytes=612
[2026-02-02 22:04:42.026] [info] [spider.worker] [TIMING] task_id=eddc5d24-d8c7-4924-986c-bf2e84baf127 func=job_orchestration.executor.query.spider_search_task.search_without_channel spawn_start=499124234 spawn_end=499124234 spawn_duration_ms=0
[2026-02-02 22:04:43.213] [info] [spider.worker] [TIMING] task_id=eddc5d24-d8c7-4924-986c-bf2e84baf127 func=job_orchestration.executor.query.spider_search_task.search_without_channel execution_start=499124234 execution_end=499125421 execution_duration_ms=1187
[2026-02-02 22:04:43.286] [info] [spider.worker] [TIMING] task_id=eddc5d24-d8c7-4924-986c-bf2e84baf127 func=job_orchestration.executor.query.spider_search_task.search_without_channel submit_output_start=499125423 submit_output_end=499125494 submit_output_duration_ms=71
[2026-02-02 22:04:43.422] [info] [spider.worker] [TIMING] task_id=ad734e82-3b49-4389-bb36-e927b9d9250e func=job_orchestration.executor.query.spider_search_task.search_without_channel fetch_input_start=499125630 fetch_input_end=499125631 fetch_input_duration_ms=0
[2026-02-02 22:04:43.423] [info] [spider.worker] [TIMING] task_id=ad734e82-3b49-4389-bb36-e927b9d9250e func=job_orchestration.executor.query.spider_search_task.search_without_channel input_send_start=499125631 input_send_end=499125631 input_send_duration_ms=0 bytes=611
[2026-02-02 22:04:43.423] [info] [spider.worker] [TIMING] task_id=ad734e82-3b49-4389-bb36-e927b9d9250e func=job_orchestration.executor.query.spider_search_task.search_without_channel spawn_start=499125631 spawn_end=499125631 spawn_duration_ms=0
[2026-02-02 22:04:44.725] [info] [spider.worker] [TIMING] task_id=ad734e82-3b49-4389-bb36-e927b9d9250e func=job_orchestration.executor.query.spider_search_task.search_without_channel execution_start=499125631 execution_end=499126933 execution_duration_ms=1301
[2026-02-02 22:04:44.801] [info] [spider.worker] [TIMING] task_id=ad734e82-3b49-4389-bb36-e927b9d9250e func=job_orchestration.executor.query.spider_search_task.search_without_channel submit_output_start=499126935 submit_output_end=499127010 submit_output_duration_ms=74
[2026-02-02 22:04:44.879] [info] [spider.worker] [TIMING] task_id=a1e97691-2718-490f-abaf-44244aabffdb func=job_orchestration.executor.query.spider_search_task.search_without_channel fetch_input_start=499127087 fetch_input_end=499127087 fetch_input_duration_ms=0
[2026-02-02 22:04:44.880] [info] [spider.worker] [TIMING] task_id=a1e97691-2718-490f-abaf-44244aabffdb func=job_orchestration.executor.query.spider_search_task.search_without_channel input_send_start=499127088 input_send_end=499127088 input_send_duration_ms=0 bytes=612
[2026-02-02 22:04:44.880] [info] [spider.worker] [TIMING] task_id=a1e97691-2718-490f-abaf-44244aabffdb func=job_orchestration.executor.query.spider_search_task.search_without_channel spawn_start=499127088 spawn_end=499127088 spawn_duration_ms=0
[2026-02-02 22:04:46.096] [info] [spider.worker] [TIMING] task_id=a1e97691-2718-490f-abaf-44244aabffdb func=job_orchestration.executor.query.spider_search_task.search_without_channel execution_start=499127088 execution_end=499128305 execution_duration_ms=1216
[2026-02-02 22:04:46.115] [info] [spider.worker] [TIMING] task_id=a1e97691-2718-490f-abaf-44244aabffdb func=job_orchestration.executor.query.spider_search_task.search_without_channel submit_output_start=499128306 submit_output_end=499128323 submit_output_duration_ms=17
[2026-02-02 22:04:46.159] [info] [spider.worker] [TIMING] task_id=0c477c5e-b099-44ee-ad13-a4882811f89d func=job_orchestration.executor.query.spider_search_task.search_without_channel fetch_input_start=499128367 fetch_input_end=499128368 fetch_input_duration_ms=0
[2026-02-02 22:04:46.160] [info] [spider.worker] [TIMING] task_id=0c477c5e-b099-44ee-ad13-a4882811f89d func=job_orchestration.executor.query.spider_search_task.search_without_channel input_send_start=499128368 input_send_end=499128368 input_send_duration_ms=0 bytes=611
[2026-02-02 22:04:46.160] [info] [spider.worker] [TIMING] task_id=0c477c5e-b099-44ee-ad13-a4882811f89d func=job_orchestration.executor.query.spider_search_task.search_without_channel spawn_start=499128368 spawn_end=499128368 spawn_duration_ms=0
[2026-02-02 22:04:47.330] [info] [spider.worker] [TIMING] task_id=0c477c5e-b099-44ee-ad13-a4882811f89d func=job_orchestration.executor.query.spider_search_task.search_without_channel execution_start=499128368 execution_end=499129539 execution_duration_ms=1170
[2026-02-02 22:04:47.378] [info] [spider.worker] [TIMING] task_id=0c477c5e-b099-44ee-ad13-a4882811f89d func=job_orchestration.executor.query.spider_search_task.search_without_channel submit_output_start=499129541 submit_output_end=499129586 submit_output_duration_ms=45
[2026-02-02 22:04:47.439] [info] [spider.worker] [TIMING] task_id=0d0cadb0-e22c-4e9c-a94c-63a94901541d func=job_orchestration.executor.query.spider_search_task.search_without_channel fetch_input_start=499129646 fetch_input_end=499129647 fetch_input_duration_ms=0
[2026-02-02 22:04:47.439] [info] [spider.worker] [TIMING] task_id=0d0cadb0-e22c-4e9c-a94c-63a94901541d func=job_orchestration.executor.query.spider_search_task.search_without_channel input_send_start=499129648 input_send_end=499129648 input_send_duration_ms=0 bytes=612
[2026-02-02 22:04:47.439] [info] [spider.worker] [TIMING] task_id=0d0cadb0-e22c-4e9c-a94c-63a94901541d func=job_orchestration.executor.query.spider_search_task.search_without_channel spawn_start=499129647 spawn_end=499129648 spawn_duration_ms=0
[2026-02-02 22:04:48.876] [info] [spider.worker] [TIMING] task_id=0d0cadb0-e22c-4e9c-a94c-63a94901541d func=job_orchestration.executor.query.spider_search_task.search_without_channel execution_start=499129648 execution_end=499131084 execution_duration_ms=1436
[2026-02-02 22:04:48.958] [info] [spider.worker] [TIMING] task_id=0d0cadb0-e22c-4e9c-a94c-63a94901541d func=job_orchestration.executor.query.spider_search_task.search_without_channel submit_output_start=499131093 submit_output_end=499131166 submit_output_duration_ms=73
[2026-02-02 22:04:48.978] [info] [spider.worker] [TIMING] task_id=f28ef9c9-bfe7-4dde-8608-a012bbcacf30 func=job_orchestration.executor.query.spider_search_task.search_without_channel fetch_input_start=499131185 fetch_input_end=499131186 fetch_input_duration_ms=1
[2026-02-02 22:04:48.978] [info] [spider.worker] [TIMING] task_id=f28ef9c9-bfe7-4dde-8608-a012bbcacf30 func=job_orchestration.executor.query.spider_search_task.search_without_channel input_send_start=499131187 input_send_end=499131187 input_send_duration_ms=0 bytes=612
[2026-02-02 22:04:48.978] [info] [spider.worker] [TIMING] task_id=f28ef9c9-bfe7-4dde-8608-a012bbcacf30 func=job_orchestration.executor.query.spider_search_task.search_without_channel spawn_start=499131186 spawn_end=499131187 spawn_duration_ms=0
[2026-02-02 22:04:50.296] [info] [spider.worker] [TIMING] task_id=f28ef9c9-bfe7-4dde-8608-a012bbcacf30 func=job_orchestration.executor.query.spider_search_task.search_without_channel execution_start=499131187 execution_end=499132504 execution_duration_ms=1317
[2026-02-02 22:04:50.355] [info] [spider.worker] [TIMING] task_id=f28ef9c9-bfe7-4dde-8608-a012bbcacf30 func=job_orchestration.executor.query.spider_search_task.search_without_channel submit_output_start=499132506 submit_output_end=499132563 submit_output_duration_ms=57
[2026-02-02 22:04:50.394] [info] [spider.worker] [TIMING] task_id=0208c55e-77bd-46ed-b932-36a58453d4d0 func=job_orchestration.executor.query.spider_search_task.search_without_channel fetch_input_start=499132602 fetch_input_end=499132603 fetch_input_duration_ms=0
[2026-02-02 22:04:50.395] [info] [spider.worker] [TIMING] task_id=0208c55e-77bd-46ed-b932-36a58453d4d0 func=job_orchestration.executor.query.spider_search_task.search_without_channel input_send_start=499132603 inpu