[2026-02-02 22:02:49.591] [warning] [spider.worker] Prefer using `SPIDER_STORAGE_URL` environment variable over `--storage_url` argument.
[2026-02-02 22:03:32.254] [info] [spider.worker] [TIMING] task_id=3085f996-531e-43ea-acef-eff9f84b22ac func=job_orchestration.executor.query.spider_search_task.search_without_channel fetch_input_start=499054460 fetch_input_end=499054462 fetch_input_duration_ms=1
[2026-02-02 22:03:32.255] [info] [spider.worker] [TIMING] task_id=3085f996-531e-43ea-acef-eff9f84b22ac func=job_orchestration.executor.query.spider_search_task.search_without_channel input_send_start=499054463 input_send_end=499054463 input_send_duration_ms=0 bytes=611
[2026-02-02 22:03:32.255] [info] [spider.worker] [TIMING] task_id=3085f996-531e-43ea-acef-eff9f84b22ac func=job_orchestration.executor.query.spider_search_task.search_without_channel spawn_start=499054462 spawn_end=499054463 spawn_duration_ms=0
[2026-02-02 22:03:33.667] [info] [spider.worker] [TIMING] task_id=3085f996-531e-43ea-acef-eff9f84b22ac func=job_orchestration.executor.query.spider_search_task.search_without_channel execution_start=499054463 execution_end=499055876 execution_duration_ms=1412
[2026-02-02 22:03:33.717] [info] [spider.worker] [TIMING] task_id=3085f996-531e-43ea-acef-eff9f84b22ac func=job_orchestration.executor.query.spider_search_task.search_without_channel submit_output_start=499055884 submit_output_end=499055925 submit_output_duration_ms=41
[2026-02-02 22:03:33.762] [info] [spider.worker] [TIMING] task_id=3b3af1d1-a375-4479-a0b9-aaee7796b9ed func=job_orchestration.executor.query.spider_search_task.search_without_channel fetch_input_start=499055969 fetch_input_end=499055970 fetch_input_duration_ms=1
[2026-02-02 22:03:33.762] [info] [spider.worker] [TIMING] task_id=3b3af1d1-a375-4479-a0b9-aaee7796b9ed func=job_orchestration.executor.query.spider_search_task.search_without_channel input_send_start=499055971 input_send_end=499055971 input_send_duration_ms=0 bytes=612
[2026-02-02 22:03:33.762] [info] [spider.worker] [TIMING] task_id=3b3af1d1-a375-4479-a0b9-aaee7796b9ed func=job_orchestration.executor.query.spider_search_task.search_without_channel spawn_start=499055970 spawn_end=499055971 spawn_duration_ms=0
[2026-02-02 22:03:35.309] [info] [spider.worker] [TIMING] task_id=3b3af1d1-a375-4479-a0b9-aaee7796b9ed func=job_orchestration.executor.query.spider_search_task.search_without_channel execution_start=499055971 execution_end=499057517 execution_duration_ms=1546
[2026-02-02 22:03:35.321] [info] [spider.worker] [TIMING] task_id=3b3af1d1-a375-4479-a0b9-aaee7796b9ed func=job_orchestration.executor.query.spider_search_task.search_without_channel submit_output_start=499057519 submit_output_end=499057529 submit_output_duration_ms=10
[2026-02-02 22:03:35.348] [info] [spider.worker] [TIMING] task_id=cbb68d0d-bdea-4e2f-9439-17b7b105a950 func=job_orchestration.executor.query.spider_search_task.search_without_channel fetch_input_start=499057555 fetch_input_end=499057556 fetch_input_duration_ms=1
[2026-02-02 22:03:35.349] [info] [spider.worker] [TIMING] task_id=cbb68d0d-bdea-4e2f-9439-17b7b105a950 func=job_orchestration.executor.query.spider_search_task.search_without_channel input_send_start=499057557 input_send_end=499057557 input_send_duration_ms=0 bytes=610
[2026-02-02 22:03:35.349] [info] [spider.worker] [TIMING] task_id=cbb68d0d-bdea-4e2f-9439-17b7b105a950 func=job_orchestration.executor.query.spider_search_task.search_without_channel spawn_start=499057556 spawn_end=499057557 spawn_duration_ms=0
[2026-02-02 22:03:36.587] [info] [spider.worker] [TIMING] task_id=cbb68d0d-bdea-4e2f-9439-17b7b105a950 func=job_orchestration.executor.query.spider_search_task.search_without_channel execution_start=499057557 execution_end=499058796 execution_duration_ms=1238
[2026-02-02 22:03:36.622] [info] [spider.worker] [TIMING] task_id=cbb68d0d-bdea-4e2f-9439-17b7b105a950 func=job_orchestration.executor.query.spider_search_task.search_without_channel submit_output_start=499058797 submit_output_end=499058831 submit_output_duration_ms=33
[2026-02-02 22:03:36.657] [info] [spider.worker] [TIMING] task_id=ee5ed8bb-06d8-4b5f-b84f-624301ed1b15 func=job_orchestration.executor.query.spider_search_task.search_without_channel fetch_input_start=499058865 fetch_input_end=499058865 fetch_input_duration_ms=0
[2026-02-02 22:03:36.658] [info] [spider.worker] [TIMING] task_id=ee5ed8bb-06d8-4b5f-b84f-624301ed1b15 func=job_orchestration.executor.query.spider_search_task.search_without_channel input_send_start=499058866 input_send_end=499058866 input_send_duration_ms=0 bytes=612
[2026-02-02 22:03:36.658] [info] [spider.worker] [TIMING] task_id=ee5ed8bb-06d8-4b5f-b84f-624301ed1b15 func=job_orchestration.executor.query.spider_search_task.search_without_channel spawn_start=499058865 spawn_end=499058866 spawn_duration_ms=0
[2026-02-02 22:03:38.165] [info] [spider.worker] [TIMING] task_id=ee5ed8bb-06d8-4b5f-b84f-624301ed1b15 func=job_orchestration.executor.query.spider_search_task.search_without_channel execution_start=499058866 execution_end=499060373 execution_duration_ms=1506
[2026-02-02 22:03:38.192] [info] [spider.worker] [TIMING] task_id=ee5ed8bb-06d8-4b5f-b84f-624301ed1b15 func=job_orchestration.executor.query.spider_search_task.search_without_channel submit_output_start=499060375 submit_output_end=499060400 submit_output_duration_ms=25
[2026-02-02 22:03:38.217] [info] [spider.worker] [TIMING] task_id=eb89ecf8-5f52-429b-8001-e5bda2477ec8 func=job_orchestration.executor.query.spider_search_task.search_without_channel fetch_input_start=499060424 fetch_input_end=499060425 fetch_input_duration_ms=0
[2026-02-02 22:03:38.217] [info] [spider.worker] [TIMING] task_id=eb89ecf8-5f52-429b-8001-e5bda2477ec8 func=job_orchestration.executor.query.spider_search_task.search_without_channel input_send_start=499060425 input_send_end=499060425 input_send_duration_ms=0 bytes=612
[2026-02-02 22:03:38.217] [info] [spider.worker] [TIMING] task_id=eb89ecf8-5f52-429b-8001-e5bda2477ec8 func=job_orchestration.executor.query.spider_search_task.search_without_channel spawn_start=499060425 spawn_end=499060425 spawn_duration_ms=0
[2026-02-02 22:03:39.616] [info] [spider.worker] [TIMING] task_id=eb89ecf8-5f52-429b-8001-e5bda2477ec8 func=job_orchestration.executor.query.spider_search_task.search_without_channel execution_start=499060426 execution_end=499061824 execution_duration_ms=1398
[2026-02-02 22:03:39.647] [info] [spider.worker] [TIMING] task_id=eb89ecf8-5f52-429b-8001-e5bda2477ec8 func=job_orchestration.executor.query.spider_search_task.search_without_channel submit_output_start=499061829 submit_output_end=499061856 submit_output_duration_ms=27
[2026-02-02 22:03:39.689] [info] [spider.worker] [TIMING] task_id=c8457fd4-0ddd-436c-947c-c5acc2c65712 func=job_orchestration.executor.query.spider_search_task.search_without_channel fetch_input_start=499061897 fetch_input_end=499061897 fetch_input_duration_ms=0
[2026-02-02 22:03:39.690] [info] [spider.worker] [TIMING] task_id=c8457fd4-0ddd-436c-947c-c5acc2c65712 func=job_orchestration.executor.query.spider_search_task.search_without_channel input_send_start=499061898 input_send_end=499061898 input_send_duration_ms=0 bytes=611
[2026-02-02 22:03:39.690] [info] [spider.worker] [TIMING] task_id=c8457fd4-0ddd-436c-947c-c5acc2c65712 func=job_orchestration.executor.query.spider_search_task.search_without_channel spawn_start=499061898 spawn_end=499061898 spawn_duration_ms=0
[2026-02-02 22:03:41.192] [info] [spider.worker] [TIMING] task_id=c8457fd4-0ddd-436c-947c-c5acc2c65712 func=job_orchestration.executor.query.spider_search_task.search_without_channel execution_start=499061898 execution_end=499063401 execution_duration_ms=1502
[2026-02-02 22:03:41.231] [info] [spider.worker] [TIMING] task_id=c8457fd4-0ddd-436c-947c-c5acc2c65712 func=job_orchestration.executor.query.spider_search_task.search_without_channel submit_output_start=499063403 submit_output_end=499063440 submit_output_duration_ms=37
[2026-02-02 22:03:41.251] [info] [spider.worker] [TIMING] task_id=25e59e72-1c21-4387-824c-e27742097559 func=job_orchestration.executor.query.spider_search_task.search_without_channel fetch_input_start=499063458 fetch_input_end=499063459 fetch_input_duration_ms=1
[2026-02-02 22:03:41.252] [info] [spider.worker] [TIMING] task_id=25e59e72-1c21-4387-824c-e27742097559 func=job_orchestration.executor.query.spider_search_task.search_without_channel input_send_start=499063460 input_send_end=499063460 input_send_duration_ms=0 bytes=612
[2026-02-02 22:03:41.252] [info] [spider.worker] [TIMING] task_id=25e59e72-1c21-4387-824c-e27742097559 func=job_orchestration.executor.query.spider_search_task.search_without_channel spawn_start=499063460 spawn_end=499063460 spawn_duration_ms=0
[2026-02-02 22:03:42.538] [info] [spider.worker] [TIMING] task_id=25e59e72-1c21-4387-824c-e27742097559 func=job_orchestration.executor.query.spider_search_task.search_without_channel execution_start=499063460 execution_end=499064747 execution_duration_ms=1286
[2026-02-02 22:03:42.618] [info] [spider.worker] [TIMING] task_id=25e59e72-1c21-4387-824c-e27742097559 func=job_orchestration.executor.query.spider_search_task.search_without_channel submit_output_start=499064748 submit_output_end=499064826 submit_output_duration_ms=77
[2026-02-02 22:03:42.684] [info] [spider.worker] [TIMING] task_id=acdd59fc-4c94-48f8-8d8b-6d372291d5d6 func=job_orchestration.executor.query.spider_search_task.search_without_channel fetch_input_start=499064892 fetch_input_end=499064893 fetch_input_duration_ms=0
[2026-02-02 22:03:42.685] [info] [spider.worker] [TIMING] task_id=acdd59fc-4c94-48f8-8d8b-6d372291d5d6 func=job_orchestration.executor.query.spider_search_task.search_without_channel input_send_start=499064893 input_send_end=499064893 input_send_duration_ms=0 bytes=612
[2026-02-02 22:03:42.685] [info] [spider.worker] [TIMING] task_id=acdd59fc-4c94-48f8-8d8b-6d372291d5d6 func=job_orchestration.executor.query.spider_search_task.search_without_channel spawn_start=499064893 spawn_end=499064893 spawn_duration_ms=0
[2026-02-02 22:03:43.936] [info] [spider.worker] [TIMING] task_id=acdd59fc-4c94-48f8-8d8b-6d372291d5d6 func=job_orchestration.executor.query.spider_search_task.search_without_channel execution_start=499064894 execution_end=499066145 execution_duration_ms=1251
[2026-02-02 22:03:43.989] [info] [spider.worker] [TIMING] task_id=acdd59fc-4c94-48f8-8d8b-6d372291d5d6 func=job_orchestration.executor.query.spider_search_task.search_without_channel submit_output_start=499066147 submit_output_end=499066197 submit_output_duration_ms=50
[2026-02-02 22:03:44.044] [info] [spider.worker] [TIMING] task_id=569c1fdb-5aa1-47c0-9f39-c554540c025f func=job_orchestration.executor.query.spider_search_task.search_without_channel fetch_input_start=499066251 fetch_input_end=499066252 fetch_input_duration_ms=1
[2026-02-02 22:03:44.044] [info] [spider.worker] [TIMING] task_id=569c1fdb-5aa1-47c0-9f39-c554540c025f func=job_orchestration.executor.query.spider_search_task.search_without_channel input_send_start=499066252 input_send_end=499066252 input_send_duration_ms=0 bytes=611
[2026-02-02 22:03:44.044] [info] [spider.worker] [TIMING] task_id=569c1fdb-5aa1-47c0-9f39-c554540c025f func=job_orchestration.executor.query.spider_search_task.search_without_channel spawn_start=499066252 spawn_end=499066252 spawn_duration_ms=0
[2026-02-02 22:03:45.350] [info] [spider.worker] [TIMING] task_id=569c1fdb-5aa1-47c0-9f39-c554540c025f func=job_orchestration.executor.query.spider_search_task.search_without_channel execution_start=499066253 execution_end=499067558 execution_duration_ms=1305
[2026-02-02 22:03:45.478] [info] [spider.worker] [TIMING] task_id=569c1fdb-5aa1-47c0-9f39-c554540c025f func=job_orchestration.executor.query.spider_search_task.search_without_channel submit_output_start=499067560 submit_output_end=499067686 submit_output_duration_ms=126
[2026-02-02 22:03:45.666] [info] [spider.worker] [TIMING] task_id=27da9680-637c-4cba-b5b0-9b0fa9883b3c func=job_orchestration.executor.query.spider_search_task.search_without_channel fetch_input_start=499067873 fetch_input_end=499067874 fetch_input_duration_ms=1
[2026-02-02 22:03:45.666] [info] [spider.worker] [TIMING] task_id=27da9680-637c-4cba-b5b0-9b0fa9883b3c func=job_orchestration.executor.query.spider_search_task.search_without_channel input_send_start=499067875 input_send_end=499067875 input_send_duration_ms=0 bytes=612
[2026-02-02 22:03:45.666] [info] [spider.worker] [TIMING] task_id=27da9680-637c-4cba-b5b0-9b0fa9883b3c func=job_orchestration.executor.query.spider_search_task.search_without_channel spawn_start=499067874 spawn_end=499067875 spawn_duration_ms=0
[2026-02-02 22:03:47.125] [info] [spider.worker] [TIMING] task_id=27da9680-637c-4cba-b5b0-9b0fa9883b3c func=job_orchestration.executor.query.spider_search_task.search_without_channel execution_start=499067875 execution_end=499069333 execution_duration_ms=1458
[2026-02-02 22:03:47.149] [info] [spider.worker] [TIMING] task_id=27da9680-637c-4cba-b5b0-9b0fa9883b3c func=job_orchestration.executor.query.spider_search_task.search_without_channel submit_output_start=499069335 submit_output_end=499069358 submit_output_duration_ms=22
[2026-02-02 22:03:47.185] [info] [spider.worker] [TIMING] task_id=4c3ea621-841f-44dc-aae2-e570e3d1ce88 func=job_orchestration.executor.query.spider_search_task.search_without_channel fetch_input_start=499069393 fetch_input_end=499069394 fetch_input_duration_ms=1
[2026-02-02 22:03:47.186] [info] [spider.worker] [TIMING] task_id=4c3ea621-841f-44dc-aae2-e570e3d1ce88 func=job_orchestration.executor.query.spider_search_task.search_without_channel input_send_start=499069394 input_send_end=499069394 input_send_duration_ms=0 bytes=612
[2026-02-02 22:03:47.186] [info] [spider.worker] [TIMING] task_id=4c3ea621-841f-44dc-aae2-e570e3d1ce88 func=job_orchestration.executor.query.spider_search_task.search_without_channel spawn_start=499069394 spawn_end=499069394 spawn_duration_ms=0
[2026-02-02 22:03:48.438] [info] [spider.worker] [TIMING] task_id=4c3ea621-841f-44dc-aae2-e570e3d1ce88 func=job_orchestration.executor.query.spider_search_task.search_without_channel execution_start=499069394 execution_end=499070646 execution_duration_ms=1251
[2026-02-02 22:03:48.550] [info] [spider.worker] [TIMING] task_id=4c3ea621-841f-44dc-aae2-e570e3d1ce88 func=job_orchestration.executor.query.spider_search_task.search_without_channel submit_output_start=499070648 submit_output_end=499070758 submit_output_duration_ms=109
[2026-02-02 22:03:48.602] [info] [spider.worker] [TIMING] task_id=71858cf7-caba-4d7e-bcbd-bed59a6a7d49 func=job_orchestration.executor.query.spider_search_task.search_without_channel fetch_input_start=499070810 fetch_input_end=499070810 fetch_input_duration_ms=0
[2026-02-02 22:03:48.602] [info] [spider.worker] [TIMING] task_id=71858cf7-caba-4d7e-bcbd-bed59a6a7d49 func=job_orchestration.executor.query.spider_search_task.search_without_channel input_send_start=499070811 input_send_end=499070811 input_send_duration_ms=0 bytes=612
[2026-02-02 22:03:48.602] [info] [spider.worker] [TIMING] task_id=71858cf7-caba-4d7e-bcbd-bed59a6a7d49 func=job_orchestration.executor.query.spider_search_task.search_without_channel spawn_start=499070810 spawn_end=499070811 spawn_duration_ms=0
[2026-02-02 22:03:49.852] [info] [spider.worker] [TIMING] task_id=71858cf7-caba-4d7e-bcbd-bed59a6a7d49 func=job_orchestration.executor.query.spider_search_task.search_without_channel execution_start=499070811 execution_end=499072060 execution_duration_ms=1249
[2026-02-02 22:03:49.942] [info] [spider.worker] [TIMING] task_id=71858cf7-caba-4d7e-bcbd-bed59a6a7d49 func=job_orchestration.executor.query.spider_search_task.search_without_channel submit_output_start=499072061 submit_output_end=499072150 submit_output_duration_ms=88
[2026-02-02 22:03:50.006] [info] [spider.worker] [TIMING] task_id=651912c3-058c-45e1-bff0-05ed5839fae4 func=job_orchestration.executor.query.spider_search_task.search_without_channel fetch_input_start=499072213 fetch_input_end=499072214 fetch_input_duration_ms=1
[2026-02-02 22:03:50.006] [info] [spider.worker] [TIMING] task_id=651912c3-058c-45e1-bff0-05ed5839fae4 func=job_orchestration.executor.query.spider_search_task.search_without_channel input_send_start=499072214 input_send_end=499072215 input_send_duration_ms=0 bytes=612
[2026-02-02 22:03:50.006] [info] [spider.worker] [TIMING] task_id=651912c3-058c-45e1-bff0-05ed5839fae4 func=job_orchestration.executor.query.spider_search_task.search_without_channel spawn_start=499072214 spawn_end=499072215 spawn_duration_ms=0
[2026-02-02 22:03:51.387] [info] [spider.worker] [TIMING] task_id=651912c3-058c-45e1-bff0-05ed5839fae4 func=job_orchestration.executor.query.spider_search_task.search_without_channel execution_start=499072215 execution_end=499073596 execution_duration_ms=1381
[2026-02-02 22:03:51.466] [info] [spider.worker] [TIMING] task_id=651912c3-058c-45e1-bff0-05ed5839fae4 func=job_orchestration.executor.query.spider_search_task.search_without_channel submit_output_start=499073608 submit_output_end=499073674 submit_output_duration_ms=66
[2026-02-02 22:03:51.520] [info] [spider.worker] [TIMING] task_id=2bb7679c-5d4a-484e-a42e-e969e243c018 func=job_orchestration.executor.query.spider_search_task.search_without_channel fetch_input_start=499073727 fetch_input_end=499073729 fetch_input_duration_ms=1
[2026-02-02 22:03:51.521] [info] [spider.worker] [TIMING] task_id=2bb7679c-5d4a-484e-a42e-e969e243c018 func=job_orchestration.executor.query.spider_search_task.search_without_channel input_send_start=499073729 input_send_end=499073729 input_send_duration_ms=0 bytes=611
[2026-02-02 22:03:51.521] [info] [spider.worker] [TIMING] task_id=2bb7679c-5d4a-484e-a42e-e969e243c018 func=job_orchestration.executor.query.spider_search_task.search_without_channel spawn_start=499073729 spawn_end=499073729 spawn_duration_ms=0
[2026-02-02 22:03:52.931] [info] [spider.worker] [TIMING] task_id=2bb7679c-5d4a-484e-a42e-e969e243c018 func=job_orchestration.executor.query.spider_search_task.search_without_channel execution_start=499073729 execution_end=499075140 execution_duration_ms=1410
[2026-02-02 22:03:52.972] [info] [spider.worker] [TIMING] task_id=2bb7679c-5d4a-484e-a42e-e969e243c018 func=job_orchestration.executor.query.spider_search_task.search_without_channel submit_output_start=499075141 submit_output_end=499075180 submit_output_duration_ms=39
[2026-02-02 22:03:53.004] [info] [spider.worker] [TIMING] task_id=940adcd6-d128-4337-a880-634658952e59 func=job_orchestration.executor.query.spider_search_task.search_without_channel fetch_input_start=499075212 fetch_input_end=499075213 fetch_input_duration_ms=0
[2026-02-02 22:03:53.005] [info] [spider.worker] [TIMING] task_id=940adcd6-d128-4337-a880-634658952e59 func=job_orchestration.executor.query.spider_search_task.search_without_channel input_send_start=499075213 input_send_end=499075213 input_send_duration_ms=0 bytes=612
[2026-02-02 22:03:53.005] [info] [spider.worker] [TIMING] task_id=940adcd6-d128-4337-a880-634658952e59 func=job_orchestration.executor.query.spider_search_task.search_without_channel spawn_start=499075213 spawn_end=499075213 spawn_duration_ms=0
[2026-02-02 22:03:54.412] [info] [spider.worker] [TIMING] task_id=940adcd6-d128-4337-a880-634658952e59 func=job_orchestration.executor.query.spider_search_task.search_without_channel execution_start=499075214 execution_end=499076620 execution_duration_ms=1406
[2026-02-02 22:03:54.459] [info] [spider.worker] [TIMING] task_id=940adcd6-d128-4337-a880-634658952e59 func=job_orchestration.executor.query.spider_search_task.search_without_channel submit_output_start=499076622 submit_output_end=499076668 submit_output_duration_ms=45
[2026-02-02 22:03:54.480] [info] [spider.worker] [TIMING] task_id=454c0054-9ff7-4288-91a9-b12b018dfe10 func=job_orchestration.executor.query.spider_search_task.search_without_channel fetch_input_start=499076687 fetch_input_end=499076688 fetch_input_duration_ms=1
[2026-02-02 22:03:54.480] [info] [spider.worker] [TIMING] task_id=454c0054-9ff7-4288-91a9-b12b018dfe10 func=job_orchestration.executor.query.spider_search_task.search_without_channel input_send_start=499076689 input_send_end=499076689 input_send_duration_ms=0 bytes=610
[2026-02-02 22:03:54.480] [info] [spider.worker] [TIMING] task_id=454c0054-9ff7-4288-91a9-b12b018dfe10 func=job_orchestration.executor.query.spider_search_task.search_without_channel spawn_start=499076688 spawn_end=499076689 spawn_duration_ms=0
[2026-02-02 22:03:55.686] [info] [spider.worker] [TIMING] task_id=454c0054-9ff7-4288-91a9-b12b018dfe10 func=job_orchestration.executor.query.spider_search_task.search_without_channel execution_start=499076689 execution_end=499077894 execution_duration_ms=1205
[2026-02-02 22:03:55.701] [info] [spider.worker] [TIMING] task_id=454c0054-9ff7-4288-91a9-b12b018dfe10 func=job_orchestration.executor.query.spider_search_task.search_without_channel submit_output_start=499077896 submit_output_end=499077910 submit_output_duration_ms=13
[2026-02-02 22:03:55.721] [info] [spider.worker] [TIMING] task_id=01c141a5-f7f2-4dc6-914e-c6e3a2e1f069 func=job_orchestration.executor.query.spider_search_task.search_without_channel fetch_input_start=499077929 fetch_input_end=499077929 fetch_input_duration_ms=0
[2026-02-02 22:03:55.722] [info] [spider.worker] [TIMING] task_id=01c141a5-f7f2-4dc6-914e-c6e3a2e1f069 func=job_orchestration.executor.query.spider_search_task.search_without_channel input_send_start=499077930 input_send_end=499077930 input_send_duration_ms=0 bytes=612
[2026-02-02 22:03:55.722] [info] [spider.worker] [TIMING] task_id=01c141a5-f7f2-4dc6-914e-c6e3a2e1f069 func=job_orchestration.executor.query.spider_search_task.search_without_channel spawn_start=499077930 spawn_end=499077930 spawn_duration_ms=0
[2026-02-02 22:03:57.009] [info] [spider.worker] [TIMING] task_id=01c141a5-f7f2-4dc6-914e-c6e3a2e1f069 func=job_orchestration.executor.query.spider_search_task.search_without_channel execution_start=499077930 execution_end=499079217 execution_duration_ms=1286
[2026-02-02 22:03:57.092] [info] [spider.worker] [TIMING] task_id=01c141a5-f7f2-4dc6-914e-c6e3a2e1f069 func=job_orchestration.executor.query.spider_search_task.search_without_channel submit_output_start=499079218 submit_output_end=499079300 submit_output_duration_ms=81
[2026-02-02 22:03:57.170] [info] [spider.worker] [TIMING] task_id=3e586472-02de-464d-8d97-88ce3d7da11f func=job_orchestration.executor.query.spider_search_task.search_without_channel fetch_input_start=499079377 fetch_input_end=499079378 fetch_input_duration_ms=1
[2026-02-02 22:03:57.170] [info] [spider.worker] [TIMING] task_id=3e586472-02de-464d-8d97-88ce3d7da11f func=job_orchestration.executor.query.spider_search_task.search_without_channel input_send_start=499079379 input_send_end=499079379 input_send_duration_ms=0 bytes=611
[2026-02-02 22:03:57.170] [info] [spider.worker] [TIMING] task_id=3e586472-02de-464d-8d97-88ce3d7da11f func=job_orchestration.executor.query.spider_search_task.search_without_channel spawn_start=499079378 spawn_end=499079379 spawn_duration_ms=0
[2026-02-02 22:03:58.333] [info] [spider.worker] [TIMING] task_id=3e586472-02de-464d-8d97-88ce3d7da11f func=job_orchestration.executor.query.spider_search_task.search_without_channel execution_start=499079379 execution_end=499080542 execution_duration_ms=1162
[2026-02-02 22:03:58.353] [info] [spider.worker] [TIMING] task_id=3e586472-02de-464d-8d97-88ce3d7da11f func=job_orchestration.executor.query.spider_search_task.search_without_channel submit_output_start=499080543 submit_output_end=499080561 submit_output_duration_ms=17
[2026-02-02 22:03:58.396] [info] [spider.worker] [TIMING] task_id=f2a5a0df-9e8e-424a-bbe5-c6e5c19ba959 func=job_orchestration.executor.query.spider_search_task.search_without_channel fetch_input_start=499080604 fetch_input_end=499080605 fetch_input_duration_ms=0
[2026-02-02 22:03:58.397] [info] [spider.worker] [TIMING] task_id=f2a5a0df-9e8e-424a-bbe5-c6e5c19ba959 func=job_orchestration.executor.query.spider_search_task.search_without_channel input_send_start=499080605 input_send_end=499080605 input_send_duration_ms=0 bytes=610
[2026-02-02 22:03:58.397] [info] [spider.worker] [TIMING] task_id=f2a5a0df-9e8e-424a-bbe5-c6e5c19ba959 func=job_orchestration.executor.query.spider_search_task.search_without_channel spawn_start=499080605 spawn_end=499080605 spawn_duration_ms=0
[2026-02-02 22:03:59.635] [info] [spider.worker] [TIMING] task_id=f2a5a0df-9e8e-424a-bbe5-c6e5c19ba959 func=job_orchestration.executor.query.spider_search_task.search_without_channel execution_start=499080606 execution_end=499081843 execution_duration_ms=1237
[2026-02-02 22:03:59.681] [info] [spider.worker] [TIMING] task_id=f2a5a0df-9e8e-424a-bbe5-c6e5c19ba959 func=job_orchestration.executor.query.spider_search_task.search_without_channel submit_output_start=499081845 submit_output_end=499081890 submit_output_duration_ms=44
[2026-02-02 22:03:59.714] [info] [spider.worker] [TIMING] task_id=fbaa0e5b-0b50-4de2-b68b-45cbc8920a5c func=job_orchestration.executor.query.spider_search_task.search_without_channel fetch_input_start=499081922 fetch_input_end=499081923 fetch_input_duration_ms=1
[2026-02-02 22:03:59.715] [info] [spider.worker] [TIMING] task_id=fbaa0e5b-0b50-4de2-b68b-45cbc8920a5c func=job_orchestration.executor.query.spider_search_task.search_without_channel input_send_start=499081923 input_send_end=499081923 input_send_duration_ms=0 bytes=612
[2026-02-02 22:03:59.715] [info] [spider.worker] [TIMING] task_id=fbaa0e5b-0b50-4de2-b68b-45cbc8920a5c func=job_orchestration.executor.query.spider_search_task.search_without_channel spawn_start=499081923 spawn_end=499081923 spawn_duration_ms=0
[2026-02-02 22:04:00.876] [info] [spider.worker] [TIMING] task_id=fbaa0e5b-0b50-4de2-b68b-45cbc8920a5c func=job_orchestration.executor.query.spider_search_task.search_without_channel execution_start=499081924 execution_end=499083084 execution_duration_ms=1160
[2026-02-02 22:04:00.895] [info] [spider.worker] [TIMING] task_id=fbaa0e5b-0b50-4de2-b68b-45cbc8920a5c func=job_orchestration.executor.query.spider_search_task.search_without_channel submit_output_start=499083086 submit_output_end=499083103 submit_output_duration_ms=16
[2026-02-02 22:04:00.929] [info] [spider.worker] [TIMING] task_id=f08282d3-6961-4427-b7f3-15f1745d5628 func=job_orchestration.executor.query.spider_search_task.search_without_channel fetch_input_start=499083137 fetch_input_end=499083138 fetch_input_duration_ms=1
[2026-02-02 22:04:00.930] [info] [spider.worker] [TIMING] task_id=f08282d3-6961-4427-b7f3-15f1745d5628 func=job_orchestration.executor.query.spider_search_task.search_without_channel input_send_start=499083138 input_send_end=499083138 input_send_duration_ms=0 bytes=611
[2026-02-02 22:04:00.930] [info] [spider.worker] [TIMING] task_id=f08282d3-6961-4427-b7f3-15f1745d5628 func=job_orchestration.executor.query.spider_search_task.search_without_channel spawn_start=499083138 spawn_end=499083138 spawn_duration_ms=0
[2026-02-02 22:04:02.277] [info] [spider.worker] [TIMING] task_id=f08282d3-6961-4427-b7f3-15f1745d5628 func=job_orchestration.executor.query.spider_search_task.search_without_channel execution_start=499083138 execution_end=499084485 execution_duration_ms=1346
[2026-02-02 22:04:02.305] [info] [spider.worker] [TIMING] task_id=f08282d3-6961-4427-b7f3-15f1745d5628 func=job_orchestration.executor.query.spider_search_task.search_without_channel submit_output_start=499084487 submit_output_end=499084514 submit_output_duration_ms=27
[2026-02-02 22:04:02.339] [info] [spider.worker] [TIMING] task_id=17ffb231-0922-4cf9-bf39-66067124c3a5 func=job_orchestration.executor.query.spider_search_task.search_without_channel fetch_input_start=499084547 fetch_input_end=499084548 fetch_input_duration_ms=0
[2026-02-02 22:04:02.340] [info] [spider.worker] [TIMING] task_id=17ffb231-0922-4cf9-bf39-66067124c3a5 func=job_orchestration.executor.query.spider_search_task.search_without_channel input_send_start=499084548 input_send_end=499084548 input_send_duration_ms=0 bytes=610
[2026-02-02 22:04:02.340] [info] [spider.worker] [TIMING] task_id=17ffb231-0922-4cf9-bf39-66067124c3a5 func=job_orchestration.executor.query.spider_search_task.search_without_channel spawn_start=499084548 spawn_end=499084548 spawn_duration_ms=0
[2026-02-02 22:04:03.544] [info] [spider.worker] [TIMING] task_id=17ffb231-0922-4cf9-bf39-66067124c3a5 func=job_orchestration.executor.query.spider_search_task.search_without_channel execution_start=499084548 execution_end=499085753 execution_duration_ms=1204
[2026-02-02 22:04:03.554] [info] [spider.worker] [TIMING] task_id=17ffb231-0922-4cf9-bf39-66067124c3a5 func=job_orchestration.executor.query.spider_search_task.search_without_channel submit_output_start=499085755 submit_output_end=499085762 submit_output_duration_ms=7
[2026-02-02 22:04:03.596] [info] [spider.worker] [TIMING] task_id=e1b7fd26-028c-4f23-ba21-5a519cfe5347 func=job_orchestration.executor.query.spider_search_task.search_without_channel fetch_input_start=499085803 fetch_input_end=499085805 fetch_input_duration_ms=1
[2026-02-02 22:04:03.597] [info] [spider.worker] [TIMING] task_id=e1b7fd26-028c-4f23-ba21-5a519cfe5347 func=job_orchestration.executor.query.spider_search_task.search_without_channel input_send_start=499085805 input_send_end=499085805 input_send_duration_ms=0 bytes=612
[2026-02-02 22:04:03.597] [info] [spider.worker] [TIMING] task_id=e1b7fd26-028c-4f23-ba21-5a519cfe5347 func=job_orchestration.executor.query.spider_search_task.search_without_channel spawn_start=499085805 spawn_end=499085805 spawn_duration_ms=0
[2026-02-02 22:04:04.934] [info] [spider.worker] [TIMING] task_id=e1b7fd26-028c-4f23-ba21-5a519cfe5347 func=job_orchestration.executor.query.spider_search_task.search_without_channel execution_start=499085805 execution_end=499087143 execution_duration_ms=1337
[2026-02-02 22:04:04.946] [info] [spider.worker] [TIMING] task_id=e1b7fd26-028c-4f23-ba21-5a519cfe5347 func=job_orchestration.executor.query.spider_search_task.search_without_channel submit_output_start=499087145 submit_output_end=499087154 submit_output_duration_ms=9
[2026-02-02 22:04:04.965] [info] [spider.worker] [TIMING] task_id=ae99e3f6-ce7b-4ea1-a207-cbe004e85c3e func=job_orchestration.executor.query.spider_search_task.search_without_channel fetch_input_start=499087173 fetch_input_end=499087174 fetch_input_duration_ms=1
[2026-02-02 22:04:04.966] [info] [spider.worker] [TIMING] task_id=ae99e3f6-ce7b-4ea1-a207-cbe004e85c3e func=job_orchestration.executor.query.spider_search_task.search_without_channel input_send_start=499087174 input_send_end=499087174 input_send_duration_ms=0 bytes=610
[2026-02-02 22:04:04.966] [info] [spider.worker] [TIMING] task_id=ae99e3f6-ce7b-4ea1-a207-cbe004e85c3e func=job_orchestration.executor.query.spider_search_task.search_without_channel spawn_start=499087174 spawn_end=499087174 spawn_duration_ms=0
[2026-02-02 22:04:06.336] [info] [spider.worker] [TIMING] task_id=ae99e3f6-ce7b-4ea1-a207-cbe004e85c3e func=job_orchestration.executor.query.spider_search_task.search_without_channel execution_start=499087174 execution_end=499088544 execution_duration_ms=1370
[2026-02-02 22:04:06.346] [info] [spider.worker] [TIMING] task_id=ae99e3f6-ce7b-4ea1-a207-cbe004e85c3e func=job_orchestration.executor.query.spider_search_task.search_without_channel submit_output_start=499088546 submit_output_end=499088555 submit_output_duration_ms=8
[2026-02-02 22:04:06.413] [info] [spider.worker] [TIMING] task_id=d2f67835-a442-40fe-b82f-64456239e78f func=job_orchestration.executor.query.spider_search_task.search_without_channel fetch_input_start=499088621 fetch_input_end=499088622 fetch_input_duration_ms=1
[2026-02-02 22:04:06.414] [info] [spider.worker] [TIMING] task_id=d2f67835-a442-40fe-b82f-64456239e78f func=job_orchestration.executor.query.spider_search_task.search_without_channel input_send_start=499088622 input_send_end=499088622 input_send_duration_ms=0 bytes=612
[2026-02-02 22:04:06.414] [info] [spider.worker] [TIMING] task_id=d2f67835-a442-40fe-b82f-64456239e78f func=job_orchestration.executor.query.spider_search_task.search_without_channel spawn_start=499088622 spawn_end=499088622 spawn_duration_ms=0
[2026-02-02 22:04:07.786] [info] [spider.worker] [TIMING] task_id=d2f67835-a442-40fe-b82f-64456239e78f func=job_orchestration.executor.query.spider_search_task.search_without_channel execution_start=499088623 execution_end=499089994 execution_duration_ms=1371
[2026-02-02 22:04:07.823] [info] [spider.worker] [TIMING] task_id=d2f67835-a442-40fe-b82f-64456239e78f func=job_orchestration.executor.query.spider_search_task.search_without_channel submit_output_start=499089996 submit_output_end=499090032 submit_output_duration_ms=35
[2026-02-02 22:04:07.858] [info] [spider.worker] [TIMING] task_id=91372e0c-b162-4a8d-81bb-a309f5967c8b func=job_orchestration.executor.query.spider_search_task.search_without_channel fetch_input_start=499090066 fetch_input_end=499090067 fetch_input_duration_ms=1
[2026-02-02 22:04:07.859] [info] [spider.worker] [TIMING] task_id=91372e0c-b162-4a8d-81bb-a309f5967c8b func=job_orchestration.executor.query.spider_search_task.search_without_channel input_send_start=499090067 input_send_end=499090067 input_send_duration_ms=0 bytes=610
[2026-02-02 22:04:07.859] [info] [spider.worker] [TIMING] task_id=91372e0c-b162-4a8d-81bb-a309f5967c8b func=job_orchestration.executor.query.spider_search_task.search_without_channel spawn_start=499090067 spawn_end=499090067 spawn_duration_ms=0
[2026-02-02 22:04:09.202] [info] [spider.worker] [TIMING] task_id=91372e0c-b162-4a8d-81bb-a309f5967c8b func=job_orchestration.executor.query.spider_search_task.search_without_channel execution_start=499090067 execution_end=499091410 execution_duration_ms=1343
[2026-02-02 22:04:09.222] [info] [spider.worker] [TIMING] task_id=91372e0c-b162-4a8d-81bb-a309f5967c8b func=job_orchestration.executor.query.spider_search_task.search_without_channel submit_output_start=499091412 submit_output_end=499091430 submit_output_duration_ms=18
[2026-02-02 22:04:09.233] [info] [spider.worker] [TIMING] task_id=160a6ee1-1d93-46a0-ab45-19253a9585fb func=job_orchestration.executor.query.spider_search_task.search_without_channel fetch_input_start=499091440 fetch_input_end=499091441 fetch_input_duration_ms=1
[2026-02-02 22:04:09.234] [info] [spider.worker] [TIMING] task_id=160a6ee1-1d93-46a0-ab45-19253a9585fb func=job_orchestration.executor.query.spider_search_task.search_without_channel input_send_start=499091442 input_send_end=499091442 input_send_duration_ms=0 bytes=612
[2026-02-02 22:04:09.234] [info] [spider.worker] [TIMING] task_id=160a6ee1-1d93-46a0-ab45-19253a9585fb func=job_orchestration.executor.query.spider_search_task.search_without_channel spawn_start=499091441 spawn_end=499091442 spawn_duration_ms=0
[2026-02-02 22:04:10.430] [info] [spider.worker] [TIMING] task_id=160a6ee1-1d93-46a0-ab45-19253a9585fb func=job_orchestration.executor.query.spider_search_task.search_without_channel execution_start=499091442 execution_end=499092639 execution_duration_ms=1196
[2026-02-02 22:04:10.514] [info] [spider.worker] [TIMING] task_id=160a6ee1-1d93-46a0-ab45-19253a9585fb func=job_orchestration.executor.query.spider_search_task.search_without_channel submit_output_start=499092640 submit_output_end=499092723 submit_output_duration_ms=82
[2026-02-02 22:04:10.525] [info] [spider.worker] [TIMING] task_id=e0183b5d-1aa9-4d66-8b05-641a37f19939 func=job_orchestration.executor.query.spider_search_task.search_without_channel fetch_input_start=499092732 fetch_input_end=499092733 fetch_input_duration_ms=0
[2026-02-02 22:04:10.525] [info] [spider.worker] [TIMING] task_id=e0183b5d-1aa9-4d66-8b05-641a37f19939 func=job_orchestration.executor.query.spider_search_task.search_without_channel input_send_start=499092733 input_send_end=499092733 input_send_duration_ms=0 bytes=612
[2026-02-02 22:04:10.525] [info] [spider.worker] [TIMING] task_id=e0183b5d-1aa9-4d66-8b05-641a37f19939 func=job_orchestration.executor.query.spider_search_task.search_without_channel spawn_start=499092733 spawn_end=499092733 spawn_duration_ms=0
[2026-02-02 22:04:11.745] [info] [spider.worker] [TIMING] task_id=e0183b5d-1aa9-4d66-8b05-641a37f19939 func=job_orchestration.executor.query.spider_search_task.search_without_channel execution_start=499092734 execution_end=499093953 execution_duration_ms=1219
[2026-02-02 22:04:11.876] [info] [spider.worker] [TIMING] task_id=e0183b5d-1aa9-4d66-8b05-641a37f19939 func=job_orchestration.executor.query.spider_search_task.search_without_channel submit_output_start=499093955 submit_output_end=499094085 submit_output_duration_ms=129
[2026-02-02 22:04:11.946] [info] [spider.worker] [TIMING] task_id=2ff65fc7-1fe6-4fa2-a014-458c7d2f36ba func=job_orchestration.executor.query.spider_search_task.search_without_channel fetch_input_start=499094153 fetch_input_end=499094154 fetch_input_duration_ms=1
[2026-02-02 22:04:11.947] [info] [spider.worker] [TIMING] task_id=2ff65fc7-1fe6-4fa2-a014-458c7d2f36ba func=job_orchestration.executor.query.spider_search_task.search_without_channel input_send_start=499094155 input_send_end=499094155 input_send_duration_ms=0 bytes=610
[2026-02-02 22:04:11.947] [info] [spider.worker] [TIMING] task_id=2ff65fc7-1fe6-4fa2-a014-458c7d2f36ba func=job_orchestration.executor.query.spider_search_task.search_without_channel spawn_start=499094155 spawn_end=499094155 spawn_duration_ms=0
[2026-02-02 22:04:13.224] [info] [spider.worker] [TIMING] task_id=2ff65fc7-1fe6-4fa2-a014-458c7d2f36ba func=job_orchestration.executor.query.spider_search_task.search_without_channel execution_start=499094155 execution_end=499095432 execution_duration_ms=1277
[2026-02-02 22:04:13.231] [info] [spider.worker] [TIMING] task_id=2ff65fc7-1fe6-4fa2-a014-458c7d2f36ba func=job_orchestration.executor.query.spider_search_task.search_without_channel submit_output_start=499095434 submit_output_end=499095439 submit_output_duration_ms=5
[2026-02-02 22:04:13.242] [info] [spider.worker] [TIMING] task_id=13302a94-5011-4fd7-9949-a6e8da043558 func=job_orchestration.executor.query.spider_search_task.search_without_channel fetch_input_start=499095449 fetch_input_end=499095450 fetch_input_duration_ms=0
[2026-02-02 22:04:13.242] [info] [spider.worker] [TIMING] task_id=13302a94-5011-4fd7-9949-a6e8da043558 func=job_orchestration.executor.query.spider_search_task.search_without_channel input_send_start=499095450 input_send_end=499095450 input_send_duration_ms=0 bytes=612
[2026-02-02 22:04:13.242] [info] [spider.worker] [TIMING] task_id=13302a94-5011-4fd7-9949-a6e8da043558 func=job_orchestration.executor.query.spider_search_task.search_without_channel spawn_start=499095450 spawn_end=499095450 spawn_duration_ms=0
[2026-02-02 22:04:14.441] [info] [spider.worker] [TIMING] task_id=13302a94-5011-4fd7-9949-a6e8da043558 func=job_orchestration.executor.query.spider_search_task.search_without_channel execution_start=499095451 execution_end=499096649 execution_duration_ms=1198
[2026-02-02 22:04:14.493] [info] [spider.worker] [TIMING] task_id=13302a94-5011-4fd7-9949-a6e8da043558 func=job_orchestration.executor.query.spider_search_task.search_without_channel submit_output_start=499096651 submit_output_end=499096701 submit_output_duration_ms=49
[2026-02-02 22:04:14.568] [info] [spider.worker] [TIMING] task_id=aba2113a-216c-4575-a4dd-6ce821ae8ba0 func=job_orchestration.executor.query.spider_search_task.search_without_channel fetch_input_start=499096775 fetch_input_end=499096776 fetch_input_duration_ms=0
[2026-02-02 22:04:14.569] [info] [spider.worker] [TIMING] task_id=aba2113a-216c-4575-a4dd-6ce821ae8ba0 func=job_orchestration.executor.query.spider_search_task.search_without_channel input_send_start=499096777 input_send_end=499096777 input_send_duration_ms=0 bytes=612
[2026-02-02 22:04:14.569] [info] [spider.worker] [TIMING] task_id=aba2113a-216c-4575-a4dd-6ce821ae8ba0 func=job_orchestration.executor.query.spider_search_task.search_without_channel spawn_start=499096777 spawn_end=499096777 spawn_duration_ms=0
[2026-02-02 22:04:15.773] [info] [spider.worker] [TIMING] task_id=aba2113a-216c-4575-a4dd-6ce821ae8ba0 func=job_orchestration.executor.query.spider_search_task.search_without_channel execution_start=499096777 execution_end=499097981 execution_duration_ms=1204
[2026-02-02 22:04:15.824] [info] [spider.worker] [TIMING] task_id=aba2113a-216c-4575-a4dd-6ce821ae8ba0 func=job_orchestration.executor.query.spider_search_task.search_without_channel submit_output_start=499097983 submit_output_end=499098032 submit_output_duration_ms=49
[2026-02-02 22:04:15.850] [info] [spider.worker] [TIMING] task_id=6b9a648a-e739-4288-aca7-c1ed2685265b func=job_orchestration.executor.query.spider_search_task.search_without_channel fetch_input_start=499098058 fetch_input_end=499098058 fetch_input_duration_ms=0
[2026-02-02 22:04:15.850] [info] [spider.worker] [TIMING] task_id=6b9a648a-e739-4288-aca7-c1ed2685265b func=job_orchestration.executor.query.spider_search_task.search_without_channel input_send_start=499098059 input_send_end=499098059 input_send_duration_ms=0 bytes=612
[2026-02-02 22:04:15.850] [info] [spider.worker] [TIMING] task_id=6b9a648a-e739-4288-aca7-c1ed2685265b func=job_orchestration.executor.query.spider_search_task.search_without_channel spawn_start=499098058 spawn_end=499098059 spawn_duration_ms=0
[2026-02-02 22:04:17.133] [info] [spider.worker] [TIMING] task_id=6b9a648a-e739-4288-aca7-c1ed2685265b func=job_orchestration.executor.query.spider_search_task.search_without_channel execution_start=499098059 execution_end=499099341 execution_duration_ms=1282
[2026-02-02 22:04:17.220] [info] [spider.worker] [TIMING] task_id=6b9a648a-e739-4288-aca7-c1ed2685265b func=job_orchestration.executor.query.spider_search_task.search_without_channel submit_output_start=499099343 submit_output_end=499099428 submit_output_duration_ms=85
[2026-02-02 22:04:17.269] [info] [spider.worker] [TIMING] task_id=7b549ad0-64f1-4e41-88fd-e7fcffdf404b func=job_orchestration.executor.query.spider_search_task.search_without_channel fetch_input_start=499099477 fetch_input_end=499099477 fetch_input_duration_ms=0
[2026-02-02 22:04:17.270] [info] [spider.worker] [TIMING] task_id=7b549ad0-64f1-4e41-88fd-e7fcffdf404b func=job_orchestration.executor.query.spider_search_task.search_without_channel input_send_start=499099478 input_send_end=499099478 input_send_duration_ms=0 bytes=610
[2026-02-02 22:04:17.270] [info] [spider.worker] [TIMING] task_id=7b549ad0-64f1-4e41-88fd-e7fcffdf404b func=job_orchestration.executor.query.spider_search_task.search_without_channel spawn_start=499099478 spawn_end=499099478 spawn_duration_ms=0
[2026-02-02 22:04:18.500] [info] [spider.worker] [TIMING] task_id=7b549ad0-64f1-4e41-88fd-e7fcffdf404b func=job_orchestration.executor.query.spider_search_task.search_without_channel execution_start=499099478 execution_end=499100708 execution_duration_ms=1229
[2026-02-02 22:04:18.549] [info] [spider.worker] [TIMING] task_id=7b549ad0-64f1-4e41-88fd-e7fcffdf404b func=job_orchestration.executor.query.spider_search_task.search_without_channel submit_output_start=499100724 submit_output_end=499100757 submit_output_duration_ms=33
[2026-02-02 22:04:18.578] [info] [spider.worker] [TIMING] task_id=8b091366-3f6e-43e8-b82b-9a86969df456 func=job_orchestration.executor.query.spider_search_task.search_without_channel fetch_input_start=499100785 fetch_input_end=499100786 fetch_input_duration_ms=0
[2026-02-02 22:04:18.578] [info] [spider.worker] [TIMING] task_id=8b091366-3f6e-43e8-b82b-9a86969df456 func=job_orchestration.executor.query.spider_search_task.search_without_channel input_send_start=499100787 input_send_end=499100787 input_send_duration_ms=0 bytes=612
[2026-02-02 22:04:18.578] [info] [spider.worker] [TIMING] task_id=8b091366-3f6e-43e8-b82b-9a86969df456 func=job_orchestration.executor.query.spider_search_task.search_without_channel spawn_start=499100786 spawn_end=499100787 spawn_duration_ms=0
[2026-02-02 22:04:19.949] [info] [spider.worker] [TIMING] task_id=8b091366-3f6e-43e8-b82b-9a86969df456 func=job_orchestration.executor.query.spider_search_task.search_without_channel execution_start=499100787 execution_end=499102158 execution_duration_ms=1370
[2026-02-02 22:04:20.043] [info] [spider.worker] [TIMING] task_id=8b091366-3f6e-43e8-b82b-9a86969df456 func=job_orchestration.executor.query.spider_search_task.search_without_channel submit_output_start=499102159 submit_output_end=499102251 submit_output_duration_ms=91
[2026-02-02 22:04:20.069] [info] [spider.worker] [TIMING] task_id=7a62ab43-8c01-4d17-b555-438d72efad83 func=job_orchestration.executor.query.spider_search_task.search_without_channel fetch_input_start=499102277 fetch_input_end=499102278 fetch_input_duration_ms=0
[2026-02-02 22:04:20.070] [info] [spider.worker] [TIMING] task_id=7a62ab43-8c01-4d17-b555-438d72efad83 func=job_orchestration.executor.query.spider_search_task.search_without_channel input_send_start=499102278 input_send_end=499102278 input_send_duration_ms=0 bytes=612
[2026-02-02 22:04:20.070] [info] [spider.worker] [TIMING] task_id=7a62ab43-8c01-4d17-b555-438d72efad83 func=job_orchestration.executor.query.spider_search_task.search_without_channel spawn_start=499102278 spawn_end=499102278 spawn_duration_ms=0
[2026-02-02 22:04:21.321] [info] [spider.worker] [TIMING] task_id=7a62ab43-8c01-4d17-b555-438d72efad83 func=job_orchestration.executor.query.spider_search_task.search_without_channel execution_start=499102278 execution_end=499103529 execution_duration_ms=1251
[2026-02-02 22:04:21.383] [info] [spider.worker] [TIMING] task_id=7a62ab43-8c01-4d17-b555-438d72efad83 func=job_orchestration.executor.query.spider_search_task.search_without_channel submit_output_start=499103531 submit_output_end=499103592 submit_output_duration_ms=60
[2026-02-02 22:04:21.413] [info] [spider.worker] [TIMING] task_id=d26da870-d1ac-4cf6-9a3f-75a7d24f6c6d func=job_orchestration.executor.query.spider_search_task.search_without_channel fetch_input_start=499103620 fetch_input_end=499103621 fetch_input_duration_ms=0
[2026-02-02 22:04:21.413] [info] [spider.worker] [TIMING] task_id=d26da870-d1ac-4cf6-9a3f-75a7d24f6c6d func=job_orchestration.executor.query.spider_search_task.search_without_channel input_send_start=499103622 input_send_end=499103622 input_send_duration_ms=0 bytes=612
[2026-02-02 22:04:21.413] [info] [spider.worker] [TIMING] task_id=d26da870-d1ac-4cf6-9a3f-75a7d24f6c6d func=job_orchestration.executor.query.spider_search_task.search_without_channel spawn_start=499103621 spawn_end=499103622 spawn_duration_ms=0
[2026-02-02 22:04:22.669] [info] [spider.worker] [TIMING] task_id=d26da870-d1ac-4cf6-9a3f-75a7d24f6c6d func=job_orchestration.executor.query.spider_search_task.search_without_channel execution_start=499103622 execution_end=499104878 execution_duration_ms=1256
[2026-02-02 22:04:22.713] [info] [spider.worker] [TIMING] task_id=d26da870-d1ac-4cf6-9a3f-75a7d24f6c6d func=job_orchestration.executor.query.spider_search_task.search_without_channel submit_output_start=499104880 submit_output_end=499104921 submit_output_duration_ms=41
[2026-02-02 22:04:22.757] [info] [spider.worker] [TIMING] task_id=8bb08a16-755c-4f3d-af7f-8e94a8ddffcd func=job_orchestration.executor.query.spider_search_task.search_without_channel fetch_input_start=499104965 fetch_input_end=499104966 fetch_input_duration_ms=0
[2026-02-02 22:04:22.758] [info] [spider.worker] [TIMING] task_id=8bb08a16-755c-4f3d-af7f-8e94a8ddffcd func=job_orchestration.executor.query.spider_search_task.search_without_channel input_send_start=499104966 input_send_end=499104966 input_send_duration_ms=0 bytes=612
[2026-02-02 22:04:22.758] [info] [spider.worker] [TIMING] task_id=8bb08a16-755c-4f3d-af7f-8e94a8ddffcd func=job_orchestration.executor.query.spider_search_task.search_without_channel spawn_start=499104966 spawn_end=499104966 spawn_duration_ms=0
[2026-02-02 22:04:23.950] [info] [spider.worker] [TIMING] task_id=8bb08a16-755c-4f3d-af7f-8e94a8ddffcd func=job_orchestration.executor.query.spider_search_task.search_without_channel execution_start=499104967 execution_end=499106159 execution_duration_ms=1192
[2026-02-02 22:04:23.975] [info] [spider.worker] [TIMING] task_id=8bb08a16-755c-4f3d-af7f-8e94a8ddffcd func=job_orchestration.executor.query.spider_search_task.search_without_channel submit_output_start=499106161 submit_output_end=499106184 submit_output_duration_ms=23
[2026-02-02 22:04:24.004] [info] [spider.worker] [TIMING] task_id=5194ba46-030e-43ac-946c-979b7ea912b1 func=job_orchestration.executor.query.spider_search_task.search_without_channel fetch_input_start=499106212 fetch_input_end=499106213 fetch_input_duration_ms=0
[2026-02-02 22:04:24.005] [info] [spider.worker] [TIMING] task_id=5194ba46-030e-43ac-946c-979b7ea912b1 func=job_orchestration.executor.query.spider_search_task.search_without_channel input_send_start=499106213 input_send_end=499106213 input_send_duration_ms=0 bytes=612
[2026-02-02 22:04:24.005] [info] [spider.worker] [TIMING] task_id=5194ba46-030e-43ac-946c-979b7ea912b1 func=job_orchestration.executor.query.spider_search_task.search_without_channel spawn_start=499106213 spawn_end=499106213 spawn_duration_ms=0
[2026-02-02 22:04:25.220] [info] [spider.worker] [TIMING] task_id=5194ba46-030e-43ac-946c-979b7ea912b1 func=job_orchestration.executor.query.spider_search_task.search_without_channel execution_start=499106214 execution_end=499107429 execution_duration_ms=1215
[2026-02-02 22:04:25.246] [info] [spider.worker] [TIMING] task_id=5194ba46-030e-43ac-946c-979b7ea912b1 func=job_orchestration.executor.query.spider_search_task.search_without_channel submit_output_start=499107430 submit_output_end=499107454 submit_output_duration_ms=23
[2026-02-02 22:04:25.262] [info] [spider.worker] [TIMING] task_id=ebfd2820-554b-4119-8ad2-37bf5ef1ca53 func=job_orchestration.executor.query.spider_search_task.search_without_channel fetch_input_start=499107470 fetch_input_end=499107470 fetch_input_duration_ms=0
[2026-02-02 22:04:25.262] [info] [spider.worker] [TIMING] task_id=ebfd2820-554b-4119-8ad2-37bf5ef1ca53 func=job_orchestration.executor.query.spider_search_task.search_without_channel input_send_start=499107471 input_send_end=499107471 input_send_duration_ms=0 bytes=612
[2026-02-02 22:04:25.262] [info] [spider.worker] [TIMING] task_id=ebfd2820-554b-4119-8ad2-37bf5ef1ca53 func=job_orchestration.executor.query.spider_search_task.search_without_channel spawn_start=499107470 spawn_end=499107471 spawn_duration_ms=0
[2026-02-02 22:04:26.453] [info] [spider.worker] [TIMING] task_id=ebfd2820-554b-4119-8ad2-37bf5ef1ca53 func=job_orchestration.executor.query.spider_search_task.search_without_channel execution_start=499107471 execution_end=499108661 execution_duration_ms=1190
[2026-02-02 22:04:26.494] [info] [spider.worker] [TIMING] task_id=ebfd2820-554b-4119-8ad2-37bf5ef1ca53 func=job_orchestration.executor.query.spider_search_task.search_without_channel submit_output_start=499108663 submit_output_end=499108702 submit_output_duration_ms=38
[2026-02-02 22:04:26.504] [info] [spider.worker] [TIMING] task_id=6eadb0b2-b77d-4002-aa41-53eb2825b2ba func=job_orchestration.executor.query.spider_search_task.search_without_channel fetch_input_start=499108712 fetch_input_end=499108713 fetch_input_duration_ms=0
[2026-02-02 22:04:26.505] [info] [spider.worker] [TIMING] task_id=6eadb0b2-b77d-4002-aa41-53eb2825b2ba func=job_orchestration.executor.query.spider_search_task.search_without_channel input_send_start=499108713 input_send_end=499108713 input_send_duration_ms=0 bytes=611
[2026-02-02 22:04:26.505] [info] [spider.worker] [TIMING] task_id=6eadb0b2-b77d-4002-aa41-53eb2825b2ba func=job_orchestration.executor.query.spider_search_task.search_without_channel spawn_start=499108713 spawn_end=499108713 spawn_duration_ms=0
[2026-02-02 22:04:27.755] [info] [spider.worker] [TIMING] task_id=6eadb0b2-b77d-4002-aa41-53eb2825b2ba func=job_orchestration.executor.query.spider_search_task.search_without_channel execution_start=499108714 execution_end=499109963 execution_duration_ms=1249
[2026-02-02 22:04:27.769] [info] [spider.worker] [TIMING] task_id=6eadb0b2-b77d-4002-aa41-53eb2825b2ba func=job_orchestration.executor.query.spider_search_task.search_without_channel submit_output_start=499109965 submit_output_end=499109978 submit_output_duration_ms=12
[2026-02-02 22:04:27.831] [info] [spider.worker] [TIMING] task_id=b9a00837-7f52-4851-825e-9bc48f1eaeef func=job_orchestration.executor.query.spider_search_task.search_without_channel fetch_input_start=499110038 fetch_input_end=499110039 fetch_input_duration_ms=0
[2026-02-02 22:04:27.831] [info] [spider.worker] [TIMING] task_id=b9a00837-7f52-4851-825e-9bc48f1eaeef func=job_orchestration.executor.query.spider_search_task.search_without_channel input_send_start=499110039 input_send_end=499110040 input_send_duration_ms=0 bytes=612
[2026-02-02 22:04:27.831] [info] [spider.worker] [TIMING] task_id=b9a00837-7f52-4851-825e-9bc48f1eaeef func=job_orchestration.executor.query.spider_search_task.search_without_channel spawn_start=499110039 spawn_end=499110040 spawn_duration_ms=0
[2026-02-02 22:04:29.313] [info] [spider.worker] [TIMING] task_id=b9a00837-7f52-4851-825e-9bc48f1eaeef func=job_orchestration.executor.query.spider_search_task.search_without_channel execution_start=499110040 execution_end=499111521 execution_duration_ms=1481
[2026-02-02 22:04:29.328] [info] [spider.worker] [TIMING] task_id=b9a00837-7f52-4851-825e-9bc48f1eaeef func=job_orchestration.executor.query.spider_search_task.search_without_channel submit_output_start=499111523 submit_output_end=499111536 submit_output_duration_ms=12
[2026-02-02 22:04:29.347] [info] [spider.worker] [TIMING] task_id=2e695b68-ac62-46d8-a485-8d4920ae1fd0 func=job_orchestration.executor.query.spider_search_task.search_without_channel fetch_input_start=499111554 fetch_input_end=499111555 fetch_input_duration_ms=0
[2026-02-02 22:04:29.348] [info] [spider.worker] [TIMING] task_id=2e695b68-ac62-46d8-a485-8d4920ae1fd0 func=job_orchestration.executor.query.spider_search_task.search_without_channel input_send_start=499111556 input_send_end=499111556 input_send_duration_ms=0 bytes=612
[2026-02-02 22:04:29.348] [info] [spider.worker] [TIMING] task_id=2e695b68-ac62-46d8-a485-8d4920ae1fd0 func=job_orchestration.executor.query.spider_search_task.search_without_channel spawn_start=499111555 spawn_end=499111556 spawn_duration_ms=0
[2026-02-02 22:04:30.530] [info] [spider.worker] [TIMING] task_id=2e695b68-ac62-46d8-a485-8d4920ae1fd0 func=job_orchestration.executor.query.spider_search_task.search_without_channel execution_start=499111556 execution_end=499112738 execution_duration_ms=1182
[2026-02-02 22:04:30.578] [info] [spider.worker] [TIMING] task_id=2e695b68-ac62-46d8-a485-8d4920ae1fd0 func=job_orchestration.executor.query.spider_search_task.search_without_channel submit_output_start=499112741 submit_output_end=499112786 submit_output_duration_ms=45
[2026-02-02 22:04:30.631] [info] [spider.worker] [TIMING] task_id=402752a3-920a-4e39-b0e7-73afd379f588 func=job_orchestration.executor.query.spider_search_task.search_without_channel fetch_input_start=499112838 fetch_input_end=499112840 fetch_input_duration_ms=1
[2026-02-02 22:04:30.632] [info] [spider.worker] [TIMING] task_id=402752a3-920a-4e39-b0e7-73afd379f588 func=job_orchestration.executor.query.spider_search_task.search_without_channel input_send_start=499112840 input_send_end=499112840 input_send_duration_ms=0 bytes=610
[2026-02-02 22:04:30.632] [info] [spider.worker] [TIMING] task_id=402752a3-920a-4e39-b0e7-73afd379f588 func=job_orchestration.executor.query.spider_search_task.search_without_channel spawn_start=499112840 spawn_end=499112840 spawn_duration_ms=0
[2026-02-02 22:04:31.969] [info] [spider.worker] [TIMING] task_id=402752a3-920a-4e39-b0e7-73afd379f588 func=job_orchestration.executor.query.spider_search_task.search_without_channel execution_start=499112840 execution_end=499114178 execution_duration_ms=1337
[2026-02-02 22:04:31.998] [info] [spider.worker] [TIMING] task_id=402752a3-920a-4e39-b0e7-73afd379f588 func=job_orchestration.executor.query.spider_search_task.search_without_channel submit_output_start=499114180 submit_output_end=499114206 submit_output_duration_ms=26
[2026-02-02 22:04:32.034] [info] [spider.worker] [TIMING] task_id=73590159-f494-42b0-8160-75348c23d16d func=job_orchestration.executor.query.spider_search_task.search_without_channel fetch_input_start=499114241 fetch_input_end=499114242 fetch_input_duration_ms=0
[2026-02-02 22:04:32.035] [info] [spider.worker] [TIMING] task_id=73590159-f494-42b0-8160-75348c23d16d func=job_orchestration.executor.query.spider_search_task.search_without_channel input_send_start=499114243 input_send_end=499114243 input_send_duration_ms=0 bytes=612
[2026-02-02 22:04:32.035] [info] [spider.worker] [TIMING] task_id=73590159-f494-42b0-8160-75348c23d16d func=job_orchestration.executor.query.spider_search_task.search_without_channel spawn_start=499114243 spawn_end=499114243 spawn_duration_ms=0
[2026-02-02 22:04:33.439] [info] [spider.worker] [TIMING] task_id=73590159-f494-42b0-8160-75348c23d16d func=job_orchestration.executor.query.spider_search_task.search_without_channel execution_start=499114243 execution_end=499115648 execution_duration_ms=1404
[2026-02-02 22:04:33.462] [info] [spider.worker] [TIMING] task_id=73590159-f494-42b0-8160-75348c23d16d func=job_orchestration.executor.query.spider_search_task.search_without_channel submit_output_start=499115649 submit_output_end=499115670 submit_output_duration_ms=20
[2026-02-02 22:04:33.514] [info] [spider.worker] [TIMING] task_id=3df211fd-640d-4912-a467-d161a107680c func=job_orchestration.executor.query.spider_search_task.search_without_channel fetch_input_start=499115721 fetch_input_end=499115722 fetch_input_duration_ms=0
[2026-02-02 22:04:33.514] [info] [spider.worker] [TIMING] task_id=3df211fd-640d-4912-a467-d161a107680c func=job_orchestration.executor.query.spider_search_task.search_without_channel input_send_start=499115723 input_send_end=499115723 input_send_duration_ms=0 bytes=612
[2026-02-02 22:04:33.515] [info] [spider.worker] [TIMING] task_id=3df211fd-640d-4912-a467-d161a107680c func=job_orchestration.executor.query.spider_search_task.search_without_channel spawn_start=499115722 spawn_end=499115723 spawn_duration_ms=0
[2026-02-02 22:04:34.786] [info] [spider.worker] [TIMING] task_id=3df211fd-640d-4912-a467-d161a107680c func=job_orchestration.executor.query.spider_search_task.search_without_channel execution_start=499115723 execution_end=499116995 execution_duration_ms=1271
[2026-02-02 22:04:34.804] [info] [spider.worker] [TIMING] task_id=3df211fd-640d-4912-a467-d161a107680c func=job_orchestration.executor.query.spider_search_task.search_without_channel submit_output_start=499116997 submit_output_end=499117012 submit_output_duration_ms=15
[2026-02-02 22:04:34.835] [info] [spider.worker] [TIMING] task_id=89b3c913-dc96-4614-acf8-06133d3fd739 func=job_orchestration.executor.query.spider_search_task.search_without_channel fetch_input_start=499117042 fetch_input_end=499117043 fetch_input_duration_ms=1
[2026-02-02 22:04:34.836] [info] [spider.worker] [TIMING] task_id=89b3c913-dc96-4614-acf8-06133d3fd739 func=job_orchestration.executor.query.spider_search_task.search_without_channel input_send_start=499117044 input_send_end=499117044 input_send_duration_ms=0 bytes=612
[2026-02-02 22:04:34.836] [info] [spider.worker] [TIMING] task_id=89b3c913-dc96-4614-acf8-06133d3fd739 func=job_orchestration.executor.query.spider_search_task.search_without_channel spawn_start=499117043 spawn_end=499117044 spawn_duration_ms=0
[2026-02-02 22:04:36.067] [info] [spider.worker] [TIMING] task_id=89b3c913-dc96-4614-acf8-06133d3fd739 func=job_orchestration.executor.query.spider_search_task.search_without_channel execution_start=499117044 execution_end=499118275 execution_duration_ms=1231
[2026-02-02 22:04:36.212] [info] [spider.worker] [TIMING] task_id=89b3c913-dc96-4614-acf8-06133d3fd739 func=job_orchestration.executor.query.spider_search_task.search_without_channel submit_output_start=499118278 submit_output_end=499118420 submit_output_duration_ms=142
[2026-02-02 22:04:36.266] [info] [spider.worker] [TIMING] task_id=f56da41e-b9e2-4578-8a14-66bf20d90d91 func=job_orchestration.executor.query.spider_search_task.search_without_channel fetch_input_start=499118473 fetch_input_end=499118474 fetch_input_duration_ms=1
[2026-02-02 22:04:36.266] [info] [spider.worker] [TIMING] task_id=f56da41e-b9e2-4578-8a14-66bf20d90d91 func=job_orchestration.executor.query.spider_search_task.search_without_channel input_send_start=499118475 input_send_end=499118475 input_send_duration_ms=0 bytes=612
[2026-02-02 22:04:36.266] [info] [spider.worker] [TIMING] task_id=f56da41e-b9e2-4578-8a14-66bf20d90d91 func=job_orchestration.executor.query.spider_search_task.search_without_channel spawn_start=499118474 spawn_end=499118475 spawn_duration_ms=0
[2026-02-02 22:04:37.713] [info] [spider.worker] [TIMING] task_id=f56da41e-b9e2-4578-8a14-66bf20d90d91 func=job_orchestration.executor.query.spider_search_task.search_without_channel execution_start=499118475 execution_end=499119921 execution_duration_ms=1446
[2026-02-02 22:04:37.721] [info] [spider.worker] [TIMING] task_id=f56da41e-b9e2-4578-8a14-66bf20d90d91 func=job_orchestration.executor.query.spider_search_task.search_without_channel submit_output_start=499119923 submit_output_end=499119929 submit_output_duration_ms=5
[2026-02-02 22:04:37.765] [info] [spider.worker] [TIMING] task_id=cee52437-720d-41d0-824f-865356d5109a func=job_orchestration.executor.query.spider_search_task.search_without_channel fetch_input_start=499119973 fetch_input_end=499119974 fetch_input_duration_ms=0
[2026-02-02 22:04:37.766] [info] [spider.worker] [TIMING] task_id=cee52437-720d-41d0-824f-865356d5109a func=job_orchestration.executor.query.spider_search_task.search_without_channel input_send_start=499119974 input_send_end=499119974 input_send_duration_ms=0 bytes=611
[2026-02-02 22:04:37.766] [info] [spider.worker] [TIMING] task_id=cee52437-720d-41d0-824f-865356d5109a func=job_orchestration.executor.query.spider_search_task.search_without_channel spawn_start=499119974 spawn_end=499119974 spawn_duration_ms=0
[2026-02-02 22:04:38.907] [info] [spider.worker] [TIMING] task_id=cee52437-720d-41d0-824f-865356d5109a func=job_orchestration.executor.query.spider_search_task.search_without_channel execution_start=499119974 execution_end=499121115 execution_duration_ms=1141
[2026-02-02 22:04:38.944] [info] [spider.worker] [TIMING] task_id=cee52437-720d-41d0-824f-865356d5109a func=job_orchestration.executor.query.spider_search_task.search_without_channel submit_output_start=499121117 submit_output_end=499121152 submit_output_duration_ms=35
[2026-02-02 22:04:38.988] [info] [spider.worker] [TIMING] task_id=c6f43324-b338-4791-b380-903dee1d38e1 func=job_orchestration.executor.query.spider_search_task.search_without_channel fetch_input_start=499121196 fetch_input_end=499121197 fetch_input_duration_ms=0
[2026-02-02 22:04:38.989] [info] [spider.worker] [TIMING] task_id=c6f43324-b338-4791-b380-903dee1d38e1 func=job_orchestration.executor.query.spider_search_task.search_without_channel input_send_start=499121197 input_send_end=499121197 input_send_duration_ms=0 bytes=612
[2026-02-02 22:04:38.989] [info] [spider.worker] [TIMING] task_id=c6f43324-b338-4791-b380-903dee1d38e1 func=job_orchestration.executor.query.spider_search_task.search_without_channel spawn_start=499121197 spawn_end=499121197 spawn_duration_ms=0
[2026-02-02 22:04:40.162] [info] [spider.worker] [TIMING] task_id=c6f43324-b338-4791-b380-903dee1d38e1 func=job_orchestration.executor.query.spider_search_task.search_without_channel execution_start=499121198 execution_end=499122371 execution_duration_ms=1172
[2026-02-02 22:04:40.222] [info] [spider.worker] [TIMING] task_id=c6f43324-b338-4791-b380-903dee1d38e1 func=job_orchestration.executor.query.spider_search_task.search_without_channel submit_output_start=499122372 submit_output_end=499122430 submit_output_duration_ms=57
[2026-02-02 22:04:40.241] [info] [spider.worker] [TIMING] task_id=04304a0f-b3e9-4c7a-9e04-2b6bb0f0b8fa func=job_orchestration.executor.query.spider_search_task.search_without_channel fetch_input_start=499122449 fetch_input_end=499122450 fetch_input_duration_ms=1
[2026-02-02 22:04:40.242] [info] [spider.worker] [TIMING] task_id=04304a0f-b3e9-4c7a-9e04-2b6bb0f0b8fa func=job_orchestration.executor.query.spider_search_task.search_without_channel input_send_start=499122450 input_send_end=499122450 input_send_duration_ms=0 bytes=610
[2026-02-02 22:04:40.242] [info] [spider.worker] [TIMING] task_id=04304a0f-b3e9-4c7a-9e04-2b6bb0f0b8fa func=job_orchestration.executor.query.spider_search_task.search_without_channel spawn_start=499122450 spawn_end=499122450 spawn_duration_ms=0
[2026-02-02 22:04:41.533] [info] [spider.worker] [TIMING] task_id=04304a0f-b3e9-4c7a-9e04-2b6bb0f0b8fa func=job_orchestration.executor.query.spider_search_task.search_without_channel execution_start=499122451 execution_end=499123742 execution_duration_ms=1290
[2026-02-02 22:04:41.564] [info] [spider.worker] [TIMING] task_id=04304a0f-b3e9-4c7a-9e04-2b6bb0f0b8fa func=job_orchestration.executor.query.spider_search_task.search_without_channel submit_output_start=499123743 submit_output_end=499123772 submit_output_duration_ms=28
[2026-02-02 22:04:41.600] [info] [spider.worker] [TIMING] task_id=06843520-b754-41e6-ac9d-29f5da229147 func=job_orchestration.executor.query.spider_search_task.search_without_channel fetch_input_start=499123807 fetch_input_end=499123809 fetch_input_duration_ms=1
[2026-02-02 22:04:41.601] [info] [spider.worker] [TIMING] task_id=06843520-b754-41e6-ac9d-29f5da229147 func=job_orchestration.executor.query.spider_search_task.search_without_channel input_send_start=499123809 input_send_end=499123809 input_send_duration_ms=0 bytes=611
[2026-02-02 22:04:41.601] [info] [spider.worker] [TIMING] task_id=06843520-b754-41e6-ac9d-29f5da229147 func=job_orchestration.executor.query.spider_search_task.search_without_channel spawn_start=499123809 spawn_end=499123809 spawn_duration_ms=0
[2026-02-02 22:04:43.032] [info] [spider.worker] [TIMING] task_id=06843520-b754-41e6-ac9d-29f5da229147 func=job_orchestration.executor.query.spider_search_task.search_without_channel execution_start=499123810 execution_end=499125241 execution_duration_ms=1431
[2026-02-02 22:04:43.126] [info] [spider.worker] [TIMING] task_id=06843520-b754-41e6-ac9d-29f5da229147 func=job_orchestration.executor.query.spider_search_task.search_without_channel submit_output_start=499125277 submit_output_end=499125335 submit_output_duration_ms=57
[2026-02-02 22:04:43.175] [info] [spider.worker] [TIMING] task_id=c030fb78-a2c3-4c14-97f0-18d84eef9315 func=job_orchestration.executor.query.spider_search_task.search_without_channel fetch_input_start=499125383 fetch_input_end=499125384 fetch_input_duration_ms=0
[2026-02-02 22:04:43.176] [info] [spider.worker] [TIMING] task_id=c030fb78-a2c3-4c14-97f0-18d84eef9315 func=job_orchestration.executor.query.spider_search_task.search_without_channel input_send_start=499125384 input_send_end=499125384 input_send_duration_ms=0 bytes=612
[2026-02-02 22:04:43.176] [info] [spider.worker] [TIMING] task_id=c030fb78-a2c3-4c14-97f0-18d84eef9315 func=job_orchestration.executor.query.spider_search_task.search_without_channel spawn_start=499125384 spawn_end=499125384 spawn_duration_ms=0
[2026-02-02 22:04:44.540] [info] [spider.worker] [TIMING] task_id=c030fb78-a2c3-4c14-97f0-18d84eef9315 func=job_orchestration.executor.query.spider_search_task.search_without_channel execution_start=499125385 execution_end=499126748 execution_duration_ms=1363
[2026-02-02 22:04:44.565] [info] [spider.worker] [TIMING] task_id=c030fb78-a2c3-4c14-97f0-18d84eef9315 func=job_orchestration.executor.query.spider_search_task.search_without_channel submit_output_start=499126750 submit_output_end=499126773 submit_output_duration_ms=23
[2026-02-02 22:04:44.601] [info] [spider.worker] [TIMING] task_id=c2f03063-83b6-4094-85b5-d51074e53de6 func=job_orchestration.executor.query.spider_search_task.search_without_channel fetch_input_start=499126808 fetch_input_end=499126809 fetch_input_duration_ms=0
[2026-02-02 22:04:44.601] [info] [spider.worker] [TIMING] task_id=c2f03063-83b6-4094-85b5-d51074e53de6 func=job_orchestration.executor.query.spider_search_task.search_without_channel input_send_start=499126810 input_send_end=499126810 input_send_duration_ms=0 bytes=610
[2026-02-02 22:04:44.601] [info] [spider.worker] [TIMING] task_id=c2f03063-83b6-4094-85b5-d51074e53de6 func=job_orchestration.executor.query.spider_search_task.search_without_channel spawn_start=499126809 spawn_end=499126810 spawn_duration_ms=0
[2026-02-02 22:04:45.990] [info] [spider.worker] [TIMING] task_id=c2f03063-83b6-4094-85b5-d51074e53de6 func=job_orchestration.executor.query.spider_search_task.search_without_channel execution_start=499126810 execution_end=499128199 execution_duration_ms=1388
[2026-02-02 22:04:46.072] [info] [spider.worker] [TIMING] task_id=c2f03063-83b6-4094-85b5-d51074e53de6 func=job_orchestration.executor.query.spider_search_task.search_without_channel submit_output_start=499128223 submit_output_end=499128281 submit_output_duration_ms=58
[2026-02-02 22:04:46.110] [info] [spider.worker] [TIMING] task_id=766c68a5-44e5-444a-8fe2-85422c310211 func=job_orchestration.executor.query.spider_search_task.search_without_channel fetch_input_start=499128317 fetch_input_end=499128318 fetch_input_duration_ms=0
[2026-02-02 22:04:46.110] [info] [spider.worker] [TIMING] task_id=766c68a5-44e5-444a-8fe2-85422c310211 func=job_orchestration.executor.query.spider_search_task.search_without_channel input_send_start=499128318 input_send_end=499128318 input_send_duration_ms=0 bytes=612
[2026-02-02 22:04:46.110] [info] [spider.worker] [TIMING] task_id=766c68a5-44e5-444a-8fe2-85422c310211 func=job_orchestration.executor.query.spider_search_task.search_without_channel spawn_start=499128318 spawn_end=499128318 spawn_duration_ms=0
[2026-02-02 22:04:47.514] [info] [spider.worker] [TIMING] task_id=766c68a5-44e5-444a-8fe2-85422c310211 func=job_orchestration.executor.query.spider_search_task.search_without_channel execution_start=499128319 execution_end=499129722 execution_duration_ms=1403
[2026-02-02 22:04:47.545] [info] [spider.worker] [TIMING] task_id=766c68a5-44e5-444a-8fe2-85422c310211 func=job_orchestration.executor.query.spider_search_task.search_without_channel submit_output_start=499129724 submit_output_end=499129754 submit_output_duration_ms=29
[2026-02-02 22:04:47.560] [info] [spider.worker] [TIMING] task_id=5621f49e-df83-4e14-bab7-dfaa4188fb9d func=job_orchestration.executor.query.spider_search_task.search_without_channel fetch_input_start=499129768 fetch_input_end=499129769 fetch_input_duration_ms=1
[2026-02-02 22:04:47.561] [info] [spider.worker] [TIMING] task_id=5621f49e-df83-4e14-bab7-dfaa4188fb9d func=job_orchestration.executor.query.spider_search_task.search_without_channel input_send_start=499129769 input_send_end=499129769 input_send_duration_ms=0 bytes=612
[2026-02-02 22:04:47.561] [info] [spider.worker] [TIMING] task_id=5621f49e-df83-4e14-bab7-dfaa4188fb9d func=job_orchestration.executor.query.spider_search_task.search_without_channel spawn_start=499129769 spawn_end=499129769 spawn_duration_ms=0
[2026-02-02 22:04:48.828] [info] [spider.worker] [TIMING] task_id=5621f49e-df83-4e14-bab7-dfaa4188fb9d func=job_orchestration.executor.query.spider_search_task.search_without_channel execution_start=499129770 execution_end=499131036 execution_duration_ms=1266
[2026-02-02 22:04:48.858] [info] [spider.worker] [TIMING] task_id=5621f49e-df83-4e14-bab7-dfaa4188fb9d func=job_orchestration.executor.query.spider_search_task.search_without_channel submit_output_start=499131038 submit_output_end=499131067 submit_output_duration_ms=28
[2026-02-02 22:04:48.942] [info] [spider.worker] [TIMING] task_id=416a2f5a-d5ee-4af1-88f3-3fe2aeae0b7f func=job_orchestration.executor.query.spider_search_task.search_without_channel fetch_input_start=499131143 fetch_input_end=499131151 fetch_input_duration_ms=7
[2026-02-02 22:04:48.943] [info] [spider.worker] [TIMING] task_id=416a2f5a-d5ee-4af1-88f3-3fe2aeae0b7f func=job_orchestration.executor.query.spider_search_task.search_without_channel input_send_start=499131151 input_send_end=499131151 input_send_duration_ms=0 bytes=612
[2026-02-02 22:04:48.943] [info] [spider.worker] [TIMING] task_id=416a2f5a-d5ee-4af1-88f3-3fe2aeae0b7f func=job_orchestration.executor.query.spider_search_task.search_without_channel spawn_start=499131151 spawn_end=499131151 spawn_duration_ms=0
[2026-02-02 22:04:50.310] [info] [spider.worker] [TIMING] task_id=416a2f5a-d5ee-4af1-88f3-3fe2aeae0b7f func=job_orchestration.executor.query.spider_search_task.search_without_channel execution_start=499131151 execution_end=499132518 execution_duration_ms=1366
[2026-02-02 22:04:50.367] [info] [spider.worker] [TIMING] task_id=416a2f5a-d5ee-4af1-88f3-3fe2aeae0b7f func=job_orchestration.executor.query.spider_search_task.search_without_channel submit_output_start=499132520 submit_output_end=499132575 submit_output_duration_ms=55
[2026-02-02 22:04:50.441] [info] [spider.worker] [TIMING] task_id=34035987-6812-4bfa-b645-207e270f59a0 func=job_orchestration.executor.query.spider_search_task.search_without_channel fetch_input_start=499132649 fetch_input_end=499132650 fetch_input_duration_ms=1
[2026-02-02 22:04:50.442] [info] [spider.worker] [TIMING] task_id=34035987-6812-4bfa-b645-207e270f59a0 func=job_orchestration.executor.query.spider_search_task.search_without_channel input_send_start=499132650 input_se