[2026-02-02 22:02:49.591] [warning] [spider.worker] Prefer using `SPIDER_STORAGE_URL` environment variable over `--storage_url` argument.
[2026-02-02 22:03:32.253] [info] [spider.worker] [TIMING] task_id=594b7b33-22c9-4219-b6b5-e577fa006afd func=job_orchestration.executor.query.spider_search_task.search_without_channel fetch_input_start=499054460 fetch_input_end=499054462 fetch_input_duration_ms=1
[2026-02-02 22:03:32.254] [info] [spider.worker] [TIMING] task_id=594b7b33-22c9-4219-b6b5-e577fa006afd func=job_orchestration.executor.query.spider_search_task.search_without_channel input_send_start=499054463 input_send_end=499054463 input_send_duration_ms=0 bytes=612
[2026-02-02 22:03:32.254] [info] [spider.worker] [TIMING] task_id=594b7b33-22c9-4219-b6b5-e577fa006afd func=job_orchestration.executor.query.spider_search_task.search_without_channel spawn_start=499054462 spawn_end=499054463 spawn_duration_ms=0
[2026-02-02 22:03:33.481] [info] [spider.worker] [TIMING] task_id=594b7b33-22c9-4219-b6b5-e577fa006afd func=job_orchestration.executor.query.spider_search_task.search_without_channel execution_start=499054463 execution_end=499055689 execution_duration_ms=1226
[2026-02-02 22:03:33.583] [info] [spider.worker] [TIMING] task_id=594b7b33-22c9-4219-b6b5-e577fa006afd func=job_orchestration.executor.query.spider_search_task.search_without_channel submit_output_start=499055734 submit_output_end=499055792 submit_output_duration_ms=58
[2026-02-02 22:03:33.652] [info] [spider.worker] [TIMING] task_id=e123b9ea-2d85-4fe4-921f-a2d378d07627 func=job_orchestration.executor.query.spider_search_task.search_without_channel fetch_input_start=499055860 fetch_input_end=499055861 fetch_input_duration_ms=0
[2026-02-02 22:03:33.653] [info] [spider.worker] [TIMING] task_id=e123b9ea-2d85-4fe4-921f-a2d378d07627 func=job_orchestration.executor.query.spider_search_task.search_without_channel input_send_start=499055861 input_send_end=499055861 input_send_duration_ms=0 bytes=612
[2026-02-02 22:03:33.653] [info] [spider.worker] [TIMING] task_id=e123b9ea-2d85-4fe4-921f-a2d378d07627 func=job_orchestration.executor.query.spider_search_task.search_without_channel spawn_start=499055861 spawn_end=499055861 spawn_duration_ms=0
[2026-02-02 22:03:34.798] [info] [spider.worker] [TIMING] task_id=e123b9ea-2d85-4fe4-921f-a2d378d07627 func=job_orchestration.executor.query.spider_search_task.search_without_channel execution_start=499055861 execution_end=499057006 execution_duration_ms=1145
[2026-02-02 22:03:35.035] [info] [spider.worker] [TIMING] task_id=e123b9ea-2d85-4fe4-921f-a2d378d07627 func=job_orchestration.executor.query.spider_search_task.search_without_channel submit_output_start=499057008 submit_output_end=499057244 submit_output_duration_ms=235
[2026-02-02 22:03:35.139] [info] [spider.worker] [TIMING] task_id=6db4ee2c-24ce-41fc-b489-69b2f3245af0 func=job_orchestration.executor.query.spider_search_task.search_without_channel fetch_input_start=499057346 fetch_input_end=499057347 fetch_input_duration_ms=0
[2026-02-02 22:03:35.139] [info] [spider.worker] [TIMING] task_id=6db4ee2c-24ce-41fc-b489-69b2f3245af0 func=job_orchestration.executor.query.spider_search_task.search_without_channel input_send_start=499057348 input_send_end=499057348 input_send_duration_ms=0 bytes=612
[2026-02-02 22:03:35.139] [info] [spider.worker] [TIMING] task_id=6db4ee2c-24ce-41fc-b489-69b2f3245af0 func=job_orchestration.executor.query.spider_search_task.search_without_channel spawn_start=499057347 spawn_end=499057348 spawn_duration_ms=0
[2026-02-02 22:03:36.684] [info] [spider.worker] [TIMING] task_id=6db4ee2c-24ce-41fc-b489-69b2f3245af0 func=job_orchestration.executor.query.spider_search_task.search_without_channel execution_start=499057348 execution_end=499058892 execution_duration_ms=1544
[2026-02-02 22:03:36.696] [info] [spider.worker] [TIMING] task_id=6db4ee2c-24ce-41fc-b489-69b2f3245af0 func=job_orchestration.executor.query.spider_search_task.search_without_channel submit_output_start=499058894 submit_output_end=499058905 submit_output_duration_ms=10
[2026-02-02 22:03:36.716] [info] [spider.worker] [TIMING] task_id=03c811d3-59b6-499e-88c1-b7f83279f9e4 func=job_orchestration.executor.query.spider_search_task.search_without_channel fetch_input_start=499058923 fetch_input_end=499058924 fetch_input_duration_ms=1
[2026-02-02 22:03:36.716] [info] [spider.worker] [TIMING] task_id=03c811d3-59b6-499e-88c1-b7f83279f9e4 func=job_orchestration.executor.query.spider_search_task.search_without_channel input_send_start=499058925 input_send_end=499058925 input_send_duration_ms=0 bytes=612
[2026-02-02 22:03:36.716] [info] [spider.worker] [TIMING] task_id=03c811d3-59b6-499e-88c1-b7f83279f9e4 func=job_orchestration.executor.query.spider_search_task.search_without_channel spawn_start=499058924 spawn_end=499058925 spawn_duration_ms=0
[2026-02-02 22:03:37.974] [info] [spider.worker] [TIMING] task_id=03c811d3-59b6-499e-88c1-b7f83279f9e4 func=job_orchestration.executor.query.spider_search_task.search_without_channel execution_start=499058925 execution_end=499060182 execution_duration_ms=1257
[2026-02-02 22:03:38.041] [info] [spider.worker] [TIMING] task_id=03c811d3-59b6-499e-88c1-b7f83279f9e4 func=job_orchestration.executor.query.spider_search_task.search_without_channel submit_output_start=499060184 submit_output_end=499060250 submit_output_duration_ms=66
[2026-02-02 22:03:38.108] [info] [spider.worker] [TIMING] task_id=0a187e4e-97db-4eae-958f-cbfab5739b32 func=job_orchestration.executor.query.spider_search_task.search_without_channel fetch_input_start=499060315 fetch_input_end=499060316 fetch_input_duration_ms=1
[2026-02-02 22:03:38.109] [info] [spider.worker] [TIMING] task_id=0a187e4e-97db-4eae-958f-cbfab5739b32 func=job_orchestration.executor.query.spider_search_task.search_without_channel input_send_start=499060317 input_send_end=499060317 input_send_duration_ms=0 bytes=612
[2026-02-02 22:03:38.109] [info] [spider.worker] [TIMING] task_id=0a187e4e-97db-4eae-958f-cbfab5739b32 func=job_orchestration.executor.query.spider_search_task.search_without_channel spawn_start=499060317 spawn_end=499060317 spawn_duration_ms=0
[2026-02-02 22:03:39.656] [info] [spider.worker] [TIMING] task_id=0a187e4e-97db-4eae-958f-cbfab5739b32 func=job_orchestration.executor.query.spider_search_task.search_without_channel execution_start=499060318 execution_end=499061864 execution_duration_ms=1546
[2026-02-02 22:03:39.697] [info] [spider.worker] [TIMING] task_id=0a187e4e-97db-4eae-958f-cbfab5739b32 func=job_orchestration.executor.query.spider_search_task.search_without_channel submit_output_start=499061866 submit_output_end=499061906 submit_output_duration_ms=39
[2026-02-02 22:03:39.742] [info] [spider.worker] [TIMING] task_id=a17074a5-3cca-4dbc-880b-5111ce8098b3 func=job_orchestration.executor.query.spider_search_task.search_without_channel fetch_input_start=499061949 fetch_input_end=499061950 fetch_input_duration_ms=0
[2026-02-02 22:03:39.743] [info] [spider.worker] [TIMING] task_id=a17074a5-3cca-4dbc-880b-5111ce8098b3 func=job_orchestration.executor.query.spider_search_task.search_without_channel input_send_start=499061951 input_send_end=499061951 input_send_duration_ms=0 bytes=611
[2026-02-02 22:03:39.743] [info] [spider.worker] [TIMING] task_id=a17074a5-3cca-4dbc-880b-5111ce8098b3 func=job_orchestration.executor.query.spider_search_task.search_without_channel spawn_start=499061950 spawn_end=499061951 spawn_duration_ms=0
[2026-02-02 22:03:40.979] [info] [spider.worker] [TIMING] task_id=a17074a5-3cca-4dbc-880b-5111ce8098b3 func=job_orchestration.executor.query.spider_search_task.search_without_channel execution_start=499061951 execution_end=499063187 execution_duration_ms=1235
[2026-02-02 22:03:41.031] [info] [spider.worker] [TIMING] task_id=a17074a5-3cca-4dbc-880b-5111ce8098b3 func=job_orchestration.executor.query.spider_search_task.search_without_channel submit_output_start=499063188 submit_output_end=499063239 submit_output_duration_ms=50
[2026-02-02 22:03:41.059] [info] [spider.worker] [TIMING] task_id=575e2226-c200-4d07-af0a-8b2f6630297b func=job_orchestration.executor.query.spider_search_task.search_without_channel fetch_input_start=499063266 fetch_input_end=499063267 fetch_input_duration_ms=0
[2026-02-02 22:03:41.059] [info] [spider.worker] [TIMING] task_id=575e2226-c200-4d07-af0a-8b2f6630297b func=job_orchestration.executor.query.spider_search_task.search_without_channel input_send_start=499063268 input_send_end=499063268 input_send_duration_ms=0 bytes=612
[2026-02-02 22:03:41.059] [info] [spider.worker] [TIMING] task_id=575e2226-c200-4d07-af0a-8b2f6630297b func=job_orchestration.executor.query.spider_search_task.search_without_channel spawn_start=499063267 spawn_end=499063268 spawn_duration_ms=0
[2026-02-02 22:03:42.316] [info] [spider.worker] [TIMING] task_id=575e2226-c200-4d07-af0a-8b2f6630297b func=job_orchestration.executor.query.spider_search_task.search_without_channel execution_start=499063268 execution_end=499064524 execution_duration_ms=1256
[2026-02-02 22:03:42.417] [info] [spider.worker] [TIMING] task_id=575e2226-c200-4d07-af0a-8b2f6630297b func=job_orchestration.executor.query.spider_search_task.search_without_channel submit_output_start=499064525 submit_output_end=499064625 submit_output_duration_ms=100
[2026-02-02 22:03:42.470] [info] [spider.worker] [TIMING] task_id=19b87137-cdb3-4326-99e2-87ae14283f5d func=job_orchestration.executor.query.spider_search_task.search_without_channel fetch_input_start=499064677 fetch_input_end=499064678 fetch_input_duration_ms=0
[2026-02-02 22:03:42.471] [info] [spider.worker] [TIMING] task_id=19b87137-cdb3-4326-99e2-87ae14283f5d func=job_orchestration.executor.query.spider_search_task.search_without_channel input_send_start=499064679 input_send_end=499064679 input_send_duration_ms=0 bytes=612
[2026-02-02 22:03:42.471] [info] [spider.worker] [TIMING] task_id=19b87137-cdb3-4326-99e2-87ae14283f5d func=job_orchestration.executor.query.spider_search_task.search_without_channel spawn_start=499064678 spawn_end=499064679 spawn_duration_ms=0
[2026-02-02 22:03:43.876] [info] [spider.worker] [TIMING] task_id=19b87137-cdb3-4326-99e2-87ae14283f5d func=job_orchestration.executor.query.spider_search_task.search_without_channel execution_start=499064679 execution_end=499066085 execution_duration_ms=1405
[2026-02-02 22:03:43.890] [info] [spider.worker] [TIMING] task_id=19b87137-cdb3-4326-99e2-87ae14283f5d func=job_orchestration.executor.query.spider_search_task.search_without_channel submit_output_start=499066086 submit_output_end=499066099 submit_output_duration_ms=12
[2026-02-02 22:03:43.910] [info] [spider.worker] [TIMING] task_id=060c120e-a77d-4c84-87f3-f99816edaa61 func=job_orchestration.executor.query.spider_search_task.search_without_channel fetch_input_start=499066117 fetch_input_end=499066118 fetch_input_duration_ms=1
[2026-02-02 22:03:43.911] [info] [spider.worker] [TIMING] task_id=060c120e-a77d-4c84-87f3-f99816edaa61 func=job_orchestration.executor.query.spider_search_task.search_without_channel input_send_start=499066119 input_send_end=499066119 input_send_duration_ms=0 bytes=610
[2026-02-02 22:03:43.911] [info] [spider.worker] [TIMING] task_id=060c120e-a77d-4c84-87f3-f99816edaa61 func=job_orchestration.executor.query.spider_search_task.search_without_channel spawn_start=499066118 spawn_end=499066119 spawn_duration_ms=0
[2026-02-02 22:03:45.037] [info] [spider.worker] [TIMING] task_id=060c120e-a77d-4c84-87f3-f99816edaa61 func=job_orchestration.executor.query.spider_search_task.search_without_channel execution_start=499066119 execution_end=499067245 execution_duration_ms=1126
[2026-02-02 22:03:45.092] [info] [spider.worker] [TIMING] task_id=060c120e-a77d-4c84-87f3-f99816edaa61 func=job_orchestration.executor.query.spider_search_task.search_without_channel submit_output_start=499067247 submit_output_end=499067301 submit_output_duration_ms=53
[2026-02-02 22:03:45.119] [info] [spider.worker] [TIMING] task_id=a072985a-be09-4a96-9bd9-25cd12e0a2f1 func=job_orchestration.executor.query.spider_search_task.search_without_channel fetch_input_start=499067326 fetch_input_end=499067327 fetch_input_duration_ms=1
[2026-02-02 22:03:45.119] [info] [spider.worker] [TIMING] task_id=a072985a-be09-4a96-9bd9-25cd12e0a2f1 func=job_orchestration.executor.query.spider_search_task.search_without_channel input_send_start=499067328 input_send_end=499067328 input_send_duration_ms=0 bytes=611
[2026-02-02 22:03:45.119] [info] [spider.worker] [TIMING] task_id=a072985a-be09-4a96-9bd9-25cd12e0a2f1 func=job_orchestration.executor.query.spider_search_task.search_without_channel spawn_start=499067327 spawn_end=499067328 spawn_duration_ms=0
[2026-02-02 22:03:46.282] [info] [spider.worker] [TIMING] task_id=a072985a-be09-4a96-9bd9-25cd12e0a2f1 func=job_orchestration.executor.query.spider_search_task.search_without_channel execution_start=499067328 execution_end=499068491 execution_duration_ms=1162
[2026-02-02 22:03:46.316] [info] [spider.worker] [TIMING] task_id=a072985a-be09-4a96-9bd9-25cd12e0a2f1 func=job_orchestration.executor.query.spider_search_task.search_without_channel submit_output_start=499068499 submit_output_end=499068524 submit_output_duration_ms=25
[2026-02-02 22:03:46.394] [info] [spider.worker] [TIMING] task_id=1be82152-4789-448f-a0d0-ddccd0f69c01 func=job_orchestration.executor.query.spider_search_task.search_without_channel fetch_input_start=499068601 fetch_input_end=499068602 fetch_input_duration_ms=1
[2026-02-02 22:03:46.394] [info] [spider.worker] [TIMING] task_id=1be82152-4789-448f-a0d0-ddccd0f69c01 func=job_orchestration.executor.query.spider_search_task.search_without_channel input_send_start=499068603 input_send_end=499068603 input_send_duration_ms=0 bytes=612
[2026-02-02 22:03:46.394] [info] [spider.worker] [TIMING] task_id=1be82152-4789-448f-a0d0-ddccd0f69c01 func=job_orchestration.executor.query.spider_search_task.search_without_channel spawn_start=499068602 spawn_end=499068603 spawn_duration_ms=0
[2026-02-02 22:03:47.802] [info] [spider.worker] [TIMING] task_id=1be82152-4789-448f-a0d0-ddccd0f69c01 func=job_orchestration.executor.query.spider_search_task.search_without_channel execution_start=499068603 execution_end=499070011 execution_duration_ms=1407
[2026-02-02 22:03:47.849] [info] [spider.worker] [TIMING] task_id=1be82152-4789-448f-a0d0-ddccd0f69c01 func=job_orchestration.executor.query.spider_search_task.search_without_channel submit_output_start=499070023 submit_output_end=499070058 submit_output_duration_ms=35
[2026-02-02 22:03:47.894] [info] [spider.worker] [TIMING] task_id=804841fa-7b7e-4310-8972-009d649874a2 func=job_orchestration.executor.query.spider_search_task.search_without_channel fetch_input_start=499070101 fetch_input_end=499070102 fetch_input_duration_ms=0
[2026-02-02 22:03:47.894] [info] [spider.worker] [TIMING] task_id=804841fa-7b7e-4310-8972-009d649874a2 func=job_orchestration.executor.query.spider_search_task.search_without_channel input_send_start=499070102 input_send_end=499070102 input_send_duration_ms=0 bytes=610
[2026-02-02 22:03:47.894] [info] [spider.worker] [TIMING] task_id=804841fa-7b7e-4310-8972-009d649874a2 func=job_orchestration.executor.query.spider_search_task.search_without_channel spawn_start=499070102 spawn_end=499070102 spawn_duration_ms=0
[2026-02-02 22:03:49.145] [info] [spider.worker] [TIMING] task_id=804841fa-7b7e-4310-8972-009d649874a2 func=job_orchestration.executor.query.spider_search_task.search_without_channel execution_start=499070103 execution_end=499071354 execution_duration_ms=1251
[2026-02-02 22:03:49.175] [info] [spider.worker] [TIMING] task_id=804841fa-7b7e-4310-8972-009d649874a2 func=job_orchestration.executor.query.spider_search_task.search_without_channel submit_output_start=499071356 submit_output_end=499071384 submit_output_duration_ms=28
[2026-02-02 22:03:49.194] [info] [spider.worker] [TIMING] task_id=9adb6c8e-6d2b-478c-bf9c-79cb1723ee2f func=job_orchestration.executor.query.spider_search_task.search_without_channel fetch_input_start=499071401 fetch_input_end=499071402 fetch_input_duration_ms=0
[2026-02-02 22:03:49.194] [info] [spider.worker] [TIMING] task_id=9adb6c8e-6d2b-478c-bf9c-79cb1723ee2f func=job_orchestration.executor.query.spider_search_task.search_without_channel input_send_start=499071403 input_send_end=499071403 input_send_duration_ms=0 bytes=610
[2026-02-02 22:03:49.195] [info] [spider.worker] [TIMING] task_id=9adb6c8e-6d2b-478c-bf9c-79cb1723ee2f func=job_orchestration.executor.query.spider_search_task.search_without_channel spawn_start=499071402 spawn_end=499071403 spawn_duration_ms=0
[2026-02-02 22:03:50.386] [info] [spider.worker] [TIMING] task_id=9adb6c8e-6d2b-478c-bf9c-79cb1723ee2f func=job_orchestration.executor.query.spider_search_task.search_without_channel execution_start=499071403 execution_end=499072595 execution_duration_ms=1191
[2026-02-02 22:03:50.438] [info] [spider.worker] [TIMING] task_id=9adb6c8e-6d2b-478c-bf9c-79cb1723ee2f func=job_orchestration.executor.query.spider_search_task.search_without_channel submit_output_start=499072596 submit_output_end=499072646 submit_output_duration_ms=50
[2026-02-02 22:03:50.469] [info] [spider.worker] [TIMING] task_id=23953295-a1eb-45fd-aacc-27b0a9e36d62 func=job_orchestration.executor.query.spider_search_task.search_without_channel fetch_input_start=499072677 fetch_input_end=499072678 fetch_input_duration_ms=0
[2026-02-02 22:03:50.470] [info] [spider.worker] [TIMING] task_id=23953295-a1eb-45fd-aacc-27b0a9e36d62 func=job_orchestration.executor.query.spider_search_task.search_without_channel input_send_start=499072678 input_send_end=499072678 input_send_duration_ms=0 bytes=612
[2026-02-02 22:03:50.470] [info] [spider.worker] [TIMING] task_id=23953295-a1eb-45fd-aacc-27b0a9e36d62 func=job_orchestration.executor.query.spider_search_task.search_without_channel spawn_start=499072678 spawn_end=499072678 spawn_duration_ms=0
[2026-02-02 22:03:51.785] [info] [spider.worker] [TIMING] task_id=23953295-a1eb-45fd-aacc-27b0a9e36d62 func=job_orchestration.executor.query.spider_search_task.search_without_channel execution_start=499072678 execution_end=499073993 execution_duration_ms=1314
[2026-02-02 22:03:51.817] [info] [spider.worker] [TIMING] task_id=23953295-a1eb-45fd-aacc-27b0a9e36d62 func=job_orchestration.executor.query.spider_search_task.search_without_channel submit_output_start=499073995 submit_output_end=499074026 submit_output_duration_ms=30
[2026-02-02 22:03:51.837] [info] [spider.worker] [TIMING] task_id=716a57fb-c9d0-4376-ba9e-6e4ba63378d6 func=job_orchestration.executor.query.spider_search_task.search_without_channel fetch_input_start=499074044 fetch_input_end=499074045 fetch_input_duration_ms=0
[2026-02-02 22:03:51.837] [info] [spider.worker] [TIMING] task_id=716a57fb-c9d0-4376-ba9e-6e4ba63378d6 func=job_orchestration.executor.query.spider_search_task.search_without_channel input_send_start=499074046 input_send_end=499074046 input_send_duration_ms=0 bytes=612
[2026-02-02 22:03:51.837] [info] [spider.worker] [TIMING] task_id=716a57fb-c9d0-4376-ba9e-6e4ba63378d6 func=job_orchestration.executor.query.spider_search_task.search_without_channel spawn_start=499074045 spawn_end=499074046 spawn_duration_ms=0
[2026-02-02 22:03:53.082] [info] [spider.worker] [TIMING] task_id=716a57fb-c9d0-4376-ba9e-6e4ba63378d6 func=job_orchestration.executor.query.spider_search_task.search_without_channel execution_start=499074046 execution_end=499075290 execution_duration_ms=1244
[2026-02-02 22:03:53.160] [info] [spider.worker] [TIMING] task_id=716a57fb-c9d0-4376-ba9e-6e4ba63378d6 func=job_orchestration.executor.query.spider_search_task.search_without_channel submit_output_start=499075292 submit_output_end=499075368 submit_output_duration_ms=76
[2026-02-02 22:03:53.266] [info] [spider.worker] [TIMING] task_id=c0b9f217-8fca-4db4-af40-f7effc598a23 func=job_orchestration.executor.query.spider_search_task.search_without_channel fetch_input_start=499075474 fetch_input_end=499075475 fetch_input_duration_ms=0
[2026-02-02 22:03:53.267] [info] [spider.worker] [TIMING] task_id=c0b9f217-8fca-4db4-af40-f7effc598a23 func=job_orchestration.executor.query.spider_search_task.search_without_channel input_send_start=499075475 input_send_end=499075475 input_send_duration_ms=0 bytes=611
[2026-02-02 22:03:53.267] [info] [spider.worker] [TIMING] task_id=c0b9f217-8fca-4db4-af40-f7effc598a23 func=job_orchestration.executor.query.spider_search_task.search_without_channel spawn_start=499075475 spawn_end=499075475 spawn_duration_ms=0
[2026-02-02 22:03:54.466] [info] [spider.worker] [TIMING] task_id=c0b9f217-8fca-4db4-af40-f7effc598a23 func=job_orchestration.executor.query.spider_search_task.search_without_channel execution_start=499075475 execution_end=499076674 execution_duration_ms=1198
[2026-02-02 22:03:54.485] [info] [spider.worker] [TIMING] task_id=c0b9f217-8fca-4db4-af40-f7effc598a23 func=job_orchestration.executor.query.spider_search_task.search_without_channel submit_output_start=499076675 submit_output_end=499076694 submit_output_duration_ms=18
[2026-02-02 22:03:54.530] [info] [spider.worker] [TIMING] task_id=9e1f36b4-f3f0-4ad8-a0eb-ff3f4c88b5cd func=job_orchestration.executor.query.spider_search_task.search_without_channel fetch_input_start=499076737 fetch_input_end=499076738 fetch_input_duration_ms=1
[2026-02-02 22:03:54.530] [info] [spider.worker] [TIMING] task_id=9e1f36b4-f3f0-4ad8-a0eb-ff3f4c88b5cd func=job_orchestration.executor.query.spider_search_task.search_without_channel input_send_start=499076739 input_send_end=499076739 input_send_duration_ms=0 bytes=612
[2026-02-02 22:03:54.530] [info] [spider.worker] [TIMING] task_id=9e1f36b4-f3f0-4ad8-a0eb-ff3f4c88b5cd func=job_orchestration.executor.query.spider_search_task.search_without_channel spawn_start=499076738 spawn_end=499076739 spawn_duration_ms=0
[2026-02-02 22:03:55.780] [info] [spider.worker] [TIMING] task_id=9e1f36b4-f3f0-4ad8-a0eb-ff3f4c88b5cd func=job_orchestration.executor.query.spider_search_task.search_without_channel execution_start=499076739 execution_end=499077989 execution_duration_ms=1250
[2026-02-02 22:03:55.880] [info] [spider.worker] [TIMING] task_id=9e1f36b4-f3f0-4ad8-a0eb-ff3f4c88b5cd func=job_orchestration.executor.query.spider_search_task.search_without_channel submit_output_start=499078005 submit_output_end=499078088 submit_output_duration_ms=83
[2026-02-02 22:03:55.950] [info] [spider.worker] [TIMING] task_id=07585ea4-19cb-4f56-83fe-de1649e8a565 func=job_orchestration.executor.query.spider_search_task.search_without_channel fetch_input_start=499078157 fetch_input_end=499078158 fetch_input_duration_ms=1
[2026-02-02 22:03:55.950] [info] [spider.worker] [TIMING] task_id=07585ea4-19cb-4f56-83fe-de1649e8a565 func=job_orchestration.executor.query.spider_search_task.search_without_channel input_send_start=499078159 input_send_end=499078159 input_send_duration_ms=0 bytes=612
[2026-02-02 22:03:55.950] [info] [spider.worker] [TIMING] task_id=07585ea4-19cb-4f56-83fe-de1649e8a565 func=job_orchestration.executor.query.spider_search_task.search_without_channel spawn_start=499078158 spawn_end=499078159 spawn_duration_ms=0
[2026-02-02 22:03:57.271] [info] [spider.worker] [TIMING] task_id=07585ea4-19cb-4f56-83fe-de1649e8a565 func=job_orchestration.executor.query.spider_search_task.search_without_channel execution_start=499078159 execution_end=499079479 execution_duration_ms=1320
[2026-02-02 22:03:57.285] [info] [spider.worker] [TIMING] task_id=07585ea4-19cb-4f56-83fe-de1649e8a565 func=job_orchestration.executor.query.spider_search_task.search_without_channel submit_output_start=499079481 submit_output_end=499079494 submit_output_duration_ms=13
[2026-02-02 22:03:57.322] [info] [spider.worker] [TIMING] task_id=497fc079-4e70-4d35-9ddb-13666cc85088 func=job_orchestration.executor.query.spider_search_task.search_without_channel fetch_input_start=499079529 fetch_input_end=499079530 fetch_input_duration_ms=1
[2026-02-02 22:03:57.323] [info] [spider.worker] [TIMING] task_id=497fc079-4e70-4d35-9ddb-13666cc85088 func=job_orchestration.executor.query.spider_search_task.search_without_channel input_send_start=499079531 input_send_end=499079531 input_send_duration_ms=0 bytes=612
[2026-02-02 22:03:57.323] [info] [spider.worker] [TIMING] task_id=497fc079-4e70-4d35-9ddb-13666cc85088 func=job_orchestration.executor.query.spider_search_task.search_without_channel spawn_start=499079530 spawn_end=499079531 spawn_duration_ms=0
[2026-02-02 22:03:58.812] [info] [spider.worker] [TIMING] task_id=497fc079-4e70-4d35-9ddb-13666cc85088 func=job_orchestration.executor.query.spider_search_task.search_without_channel execution_start=499079531 execution_end=499081020 execution_duration_ms=1488
[2026-02-02 22:03:58.828] [info] [spider.worker] [TIMING] task_id=497fc079-4e70-4d35-9ddb-13666cc85088 func=job_orchestration.executor.query.spider_search_task.search_without_channel submit_output_start=499081022 submit_output_end=499081036 submit_output_duration_ms=14
[2026-02-02 22:03:58.855] [info] [spider.worker] [TIMING] task_id=9745caef-079e-40ed-b65d-6deb81b29056 func=job_orchestration.executor.query.spider_search_task.search_without_channel fetch_input_start=499081063 fetch_input_end=499081064 fetch_input_duration_ms=1
[2026-02-02 22:03:58.856] [info] [spider.worker] [TIMING] task_id=9745caef-079e-40ed-b65d-6deb81b29056 func=job_orchestration.executor.query.spider_search_task.search_without_channel input_send_start=499081064 input_send_end=499081064 input_send_duration_ms=0 bytes=612
[2026-02-02 22:03:58.856] [info] [spider.worker] [TIMING] task_id=9745caef-079e-40ed-b65d-6deb81b29056 func=job_orchestration.executor.query.spider_search_task.search_without_channel spawn_start=499081064 spawn_end=499081064 spawn_duration_ms=0
[2026-02-02 22:04:00.068] [info] [spider.worker] [TIMING] task_id=9745caef-079e-40ed-b65d-6deb81b29056 func=job_orchestration.executor.query.spider_search_task.search_without_channel execution_start=499081064 execution_end=499082277 execution_duration_ms=1212
[2026-02-02 22:04:00.086] [info] [spider.worker] [TIMING] task_id=9745caef-079e-40ed-b65d-6deb81b29056 func=job_orchestration.executor.query.spider_search_task.search_without_channel submit_output_start=499082278 submit_output_end=499082295 submit_output_duration_ms=16
[2026-02-02 22:04:00.106] [info] [spider.worker] [TIMING] task_id=bb9f4762-fdb7-4573-8fe3-a6fd2e6667c4 func=job_orchestration.executor.query.spider_search_task.search_without_channel fetch_input_start=499082313 fetch_input_end=499082314 fetch_input_duration_ms=0
[2026-02-02 22:04:00.106] [info] [spider.worker] [TIMING] task_id=bb9f4762-fdb7-4573-8fe3-a6fd2e6667c4 func=job_orchestration.executor.query.spider_search_task.search_without_channel input_send_start=499082315 input_send_end=499082315 input_send_duration_ms=0 bytes=612
[2026-02-02 22:04:00.106] [info] [spider.worker] [TIMING] task_id=bb9f4762-fdb7-4573-8fe3-a6fd2e6667c4 func=job_orchestration.executor.query.spider_search_task.search_without_channel spawn_start=499082314 spawn_end=499082315 spawn_duration_ms=0
[2026-02-02 22:04:01.419] [info] [spider.worker] [TIMING] task_id=bb9f4762-fdb7-4573-8fe3-a6fd2e6667c4 func=job_orchestration.executor.query.spider_search_task.search_without_channel execution_start=499082315 execution_end=499083628 execution_duration_ms=1312
[2026-02-02 22:04:01.461] [info] [spider.worker] [TIMING] task_id=bb9f4762-fdb7-4573-8fe3-a6fd2e6667c4 func=job_orchestration.executor.query.spider_search_task.search_without_channel submit_output_start=499083629 submit_output_end=499083669 submit_output_duration_ms=40
[2026-02-02 22:04:01.506] [info] [spider.worker] [TIMING] task_id=7a48dc7a-ce0d-4b47-a9dd-fb08f0f69976 func=job_orchestration.executor.query.spider_search_task.search_without_channel fetch_input_start=499083713 fetch_input_end=499083714 fetch_input_duration_ms=1
[2026-02-02 22:04:01.507] [info] [spider.worker] [TIMING] task_id=7a48dc7a-ce0d-4b47-a9dd-fb08f0f69976 func=job_orchestration.executor.query.spider_search_task.search_without_channel input_send_start=499083715 input_send_end=499083715 input_send_duration_ms=0 bytes=612
[2026-02-02 22:04:01.507] [info] [spider.worker] [TIMING] task_id=7a48dc7a-ce0d-4b47-a9dd-fb08f0f69976 func=job_orchestration.executor.query.spider_search_task.search_without_channel spawn_start=499083714 spawn_end=499083715 spawn_duration_ms=0
[2026-02-02 22:04:02.760] [info] [spider.worker] [TIMING] task_id=7a48dc7a-ce0d-4b47-a9dd-fb08f0f69976 func=job_orchestration.executor.query.spider_search_task.search_without_channel execution_start=499083715 execution_end=499084968 execution_duration_ms=1252
[2026-02-02 22:04:02.799] [info] [spider.worker] [TIMING] task_id=7a48dc7a-ce0d-4b47-a9dd-fb08f0f69976 func=job_orchestration.executor.query.spider_search_task.search_without_channel submit_output_start=499084970 submit_output_end=499085007 submit_output_duration_ms=37
[2026-02-02 22:04:02.848] [info] [spider.worker] [TIMING] task_id=9cf98c1f-09eb-4024-9a15-712d0ce3ac38 func=job_orchestration.executor.query.spider_search_task.search_without_channel fetch_input_start=499085055 fetch_input_end=499085056 fetch_input_duration_ms=1
[2026-02-02 22:04:02.848] [info] [spider.worker] [TIMING] task_id=9cf98c1f-09eb-4024-9a15-712d0ce3ac38 func=job_orchestration.executor.query.spider_search_task.search_without_channel input_send_start=499085056 input_send_end=499085056 input_send_duration_ms=0 bytes=611
[2026-02-02 22:04:02.848] [info] [spider.worker] [TIMING] task_id=9cf98c1f-09eb-4024-9a15-712d0ce3ac38 func=job_orchestration.executor.query.spider_search_task.search_without_channel spawn_start=499085056 spawn_end=499085056 spawn_duration_ms=0
[2026-02-02 22:04:04.036] [info] [spider.worker] [TIMING] task_id=9cf98c1f-09eb-4024-9a15-712d0ce3ac38 func=job_orchestration.executor.query.spider_search_task.search_without_channel execution_start=499085057 execution_end=499086244 execution_duration_ms=1187
[2026-02-02 22:04:04.179] [info] [spider.worker] [TIMING] task_id=9cf98c1f-09eb-4024-9a15-712d0ce3ac38 func=job_orchestration.executor.query.spider_search_task.search_without_channel submit_output_start=499086246 submit_output_end=499086387 submit_output_duration_ms=141
[2026-02-02 22:04:04.290] [info] [spider.worker] [TIMING] task_id=c54a204f-c386-4b93-823a-e0db0d403359 func=job_orchestration.executor.query.spider_search_task.search_without_channel fetch_input_start=499086497 fetch_input_end=499086498 fetch_input_duration_ms=0
[2026-02-02 22:04:04.290] [info] [spider.worker] [TIMING] task_id=c54a204f-c386-4b93-823a-e0db0d403359 func=job_orchestration.executor.query.spider_search_task.search_without_channel input_send_start=499086499 input_send_end=499086499 input_send_duration_ms=0 bytes=612
[2026-02-02 22:04:04.290] [info] [spider.worker] [TIMING] task_id=c54a204f-c386-4b93-823a-e0db0d403359 func=job_orchestration.executor.query.spider_search_task.search_without_channel spawn_start=499086498 spawn_end=499086499 spawn_duration_ms=0
[2026-02-02 22:04:05.698] [info] [spider.worker] [TIMING] task_id=c54a204f-c386-4b93-823a-e0db0d403359 func=job_orchestration.executor.query.spider_search_task.search_without_channel execution_start=499086499 execution_end=499087907 execution_duration_ms=1407
[2026-02-02 22:04:05.758] [info] [spider.worker] [TIMING] task_id=c54a204f-c386-4b93-823a-e0db0d403359 func=job_orchestration.executor.query.spider_search_task.search_without_channel submit_output_start=499087925 submit_output_end=499087966 submit_output_duration_ms=40
[2026-02-02 22:04:05.815] [info] [spider.worker] [TIMING] task_id=c55ef844-293f-4f7d-b8b1-f4bf928973c0 func=job_orchestration.executor.query.spider_search_task.search_without_channel fetch_input_start=499088023 fetch_input_end=499088023 fetch_input_duration_ms=0
[2026-02-02 22:04:05.815] [info] [spider.worker] [TIMING] task_id=c55ef844-293f-4f7d-b8b1-f4bf928973c0 func=job_orchestration.executor.query.spider_search_task.search_without_channel input_send_start=499088024 input_send_end=499088024 input_send_duration_ms=0 bytes=612
[2026-02-02 22:04:05.815] [info] [spider.worker] [TIMING] task_id=c55ef844-293f-4f7d-b8b1-f4bf928973c0 func=job_orchestration.executor.query.spider_search_task.search_without_channel spawn_start=499088023 spawn_end=499088024 spawn_duration_ms=0
[2026-02-02 22:04:07.038] [info] [spider.worker] [TIMING] task_id=c55ef844-293f-4f7d-b8b1-f4bf928973c0 func=job_orchestration.executor.query.spider_search_task.search_without_channel execution_start=499088024 execution_end=499089246 execution_duration_ms=1222
[2026-02-02 22:04:07.071] [info] [spider.worker] [TIMING] task_id=c55ef844-293f-4f7d-b8b1-f4bf928973c0 func=job_orchestration.executor.query.spider_search_task.search_without_channel submit_output_start=499089248 submit_output_end=499089279 submit_output_duration_ms=30
[2026-02-02 22:04:07.107] [info] [spider.worker] [TIMING] task_id=f824cbee-73d0-450c-8c86-f7b3224cad2f func=job_orchestration.executor.query.spider_search_task.search_without_channel fetch_input_start=499089315 fetch_input_end=499089315 fetch_input_duration_ms=0
[2026-02-02 22:04:07.108] [info] [spider.worker] [TIMING] task_id=f824cbee-73d0-450c-8c86-f7b3224cad2f func=job_orchestration.executor.query.spider_search_task.search_without_channel input_send_start=499089316 input_send_end=499089316 input_send_duration_ms=0 bytes=611
[2026-02-02 22:04:07.108] [info] [spider.worker] [TIMING] task_id=f824cbee-73d0-450c-8c86-f7b3224cad2f func=job_orchestration.executor.query.spider_search_task.search_without_channel spawn_start=499089316 spawn_end=499089316 spawn_duration_ms=0
[2026-02-02 22:04:08.409] [info] [spider.worker] [TIMING] task_id=f824cbee-73d0-450c-8c86-f7b3224cad2f func=job_orchestration.executor.query.spider_search_task.search_without_channel execution_start=499089316 execution_end=499090618 execution_duration_ms=1301
[2026-02-02 22:04:08.430] [info] [spider.worker] [TIMING] task_id=f824cbee-73d0-450c-8c86-f7b3224cad2f func=job_orchestration.executor.query.spider_search_task.search_without_channel submit_output_start=499090619 submit_output_end=499090639 submit_output_duration_ms=19
[2026-02-02 22:04:08.503] [info] [spider.worker] [TIMING] task_id=b9568e57-1d53-4534-9d4e-b0ef0aacc4d1 func=job_orchestration.executor.query.spider_search_task.search_without_channel fetch_input_start=499090710 fetch_input_end=499090711 fetch_input_duration_ms=0
[2026-02-02 22:04:08.503] [info] [spider.worker] [TIMING] task_id=b9568e57-1d53-4534-9d4e-b0ef0aacc4d1 func=job_orchestration.executor.query.spider_search_task.search_without_channel input_send_start=499090711 input_send_end=499090711 input_send_duration_ms=0 bytes=612
[2026-02-02 22:04:08.503] [info] [spider.worker] [TIMING] task_id=b9568e57-1d53-4534-9d4e-b0ef0aacc4d1 func=job_orchestration.executor.query.spider_search_task.search_without_channel spawn_start=499090711 spawn_end=499090711 spawn_duration_ms=0
[2026-02-02 22:04:09.697] [info] [spider.worker] [TIMING] task_id=b9568e57-1d53-4534-9d4e-b0ef0aacc4d1 func=job_orchestration.executor.query.spider_search_task.search_without_channel execution_start=499090712 execution_end=499091906 execution_duration_ms=1194
[2026-02-02 22:04:09.745] [info] [spider.worker] [TIMING] task_id=b9568e57-1d53-4534-9d4e-b0ef0aacc4d1 func=job_orchestration.executor.query.spider_search_task.search_without_channel submit_output_start=499091907 submit_output_end=499091953 submit_output_duration_ms=45
[2026-02-02 22:04:09.801] [info] [spider.worker] [TIMING] task_id=113d5b39-71ff-45e0-a3ea-2d6ed580479e func=job_orchestration.executor.query.spider_search_task.search_without_channel fetch_input_start=499092008 fetch_input_end=499092009 fetch_input_duration_ms=1
[2026-02-02 22:04:09.801] [info] [spider.worker] [TIMING] task_id=113d5b39-71ff-45e0-a3ea-2d6ed580479e func=job_orchestration.executor.query.spider_search_task.search_without_channel input_send_start=499092009 input_send_end=499092009 input_send_duration_ms=0 bytes=611
[2026-02-02 22:04:09.801] [info] [spider.worker] [TIMING] task_id=113d5b39-71ff-45e0-a3ea-2d6ed580479e func=job_orchestration.executor.query.spider_search_task.search_without_channel spawn_start=499092009 spawn_end=499092010 spawn_duration_ms=0
[2026-02-02 22:04:11.027] [info] [spider.worker] [TIMING] task_id=113d5b39-71ff-45e0-a3ea-2d6ed580479e func=job_orchestration.executor.query.spider_search_task.search_without_channel execution_start=499092010 execution_end=499093236 execution_duration_ms=1226
[2026-02-02 22:04:11.132] [info] [spider.worker] [TIMING] task_id=113d5b39-71ff-45e0-a3ea-2d6ed580479e func=job_orchestration.executor.query.spider_search_task.search_without_channel submit_output_start=499093237 submit_output_end=499093341 submit_output_duration_ms=103
[2026-02-02 22:04:11.150] [info] [spider.worker] [TIMING] task_id=39422830-0685-4f77-a790-d2573cf2b770 func=job_orchestration.executor.query.spider_search_task.search_without_channel fetch_input_start=499093358 fetch_input_end=499093359 fetch_input_duration_ms=1
[2026-02-02 22:04:11.151] [info] [spider.worker] [TIMING] task_id=39422830-0685-4f77-a790-d2573cf2b770 func=job_orchestration.executor.query.spider_search_task.search_without_channel input_send_start=499093359 input_send_end=499093359 input_send_duration_ms=0 bytes=612
[2026-02-02 22:04:11.151] [info] [spider.worker] [TIMING] task_id=39422830-0685-4f77-a790-d2573cf2b770 func=job_orchestration.executor.query.spider_search_task.search_without_channel spawn_start=499093359 spawn_end=499093359 spawn_duration_ms=0
[2026-02-02 22:04:12.532] [info] [spider.worker] [TIMING] task_id=39422830-0685-4f77-a790-d2573cf2b770 func=job_orchestration.executor.query.spider_search_task.search_without_channel execution_start=499093359 execution_end=499094740 execution_duration_ms=1381
[2026-02-02 22:04:12.595] [info] [spider.worker] [TIMING] task_id=39422830-0685-4f77-a790-d2573cf2b770 func=job_orchestration.executor.query.spider_search_task.search_without_channel submit_output_start=499094742 submit_output_end=499094803 submit_output_duration_ms=60
[2026-02-02 22:04:12.618] [info] [spider.worker] [TIMING] task_id=87d66d9d-2575-4c17-9b18-619832feb5c7 func=job_orchestration.executor.query.spider_search_task.search_without_channel fetch_input_start=499094825 fetch_input_end=499094826 fetch_input_duration_ms=1
[2026-02-02 22:04:12.618] [info] [spider.worker] [TIMING] task_id=87d66d9d-2575-4c17-9b18-619832feb5c7 func=job_orchestration.executor.query.spider_search_task.search_without_channel input_send_start=499094826 input_send_end=499094826 input_send_duration_ms=0 bytes=611
[2026-02-02 22:04:12.618] [info] [spider.worker] [TIMING] task_id=87d66d9d-2575-4c17-9b18-619832feb5c7 func=job_orchestration.executor.query.spider_search_task.search_without_channel spawn_start=499094826 spawn_end=499094826 spawn_duration_ms=0
[2026-02-02 22:04:14.137] [info] [spider.worker] [TIMING] task_id=87d66d9d-2575-4c17-9b18-619832feb5c7 func=job_orchestration.executor.query.spider_search_task.search_without_channel execution_start=499094827 execution_end=499096345 execution_duration_ms=1518
[2026-02-02 22:04:14.192] [info] [spider.worker] [TIMING] task_id=87d66d9d-2575-4c17-9b18-619832feb5c7 func=job_orchestration.executor.query.spider_search_task.search_without_channel submit_output_start=499096347 submit_output_end=499096400 submit_output_duration_ms=53
[2026-02-02 22:04:14.228] [info] [spider.worker] [TIMING] task_id=6bcad720-d22d-4795-97ea-fb3be4bd76e8 func=job_orchestration.executor.query.spider_search_task.search_without_channel fetch_input_start=499096435 fetch_input_end=499096436 fetch_input_duration_ms=0
[2026-02-02 22:04:14.228] [info] [spider.worker] [TIMING] task_id=6bcad720-d22d-4795-97ea-fb3be4bd76e8 func=job_orchestration.executor.query.spider_search_task.search_without_channel input_send_start=499096437 input_send_end=499096437 input_send_duration_ms=0 bytes=612
[2026-02-02 22:04:14.228] [info] [spider.worker] [TIMING] task_id=6bcad720-d22d-4795-97ea-fb3be4bd76e8 func=job_orchestration.executor.query.spider_search_task.search_without_channel spawn_start=499096436 spawn_end=499096437 spawn_duration_ms=0
[2026-02-02 22:04:15.581] [info] [spider.worker] [TIMING] task_id=6bcad720-d22d-4795-97ea-fb3be4bd76e8 func=job_orchestration.executor.query.spider_search_task.search_without_channel execution_start=499096437 execution_end=499097789 execution_duration_ms=1352
[2026-02-02 22:04:15.697] [info] [spider.worker] [TIMING] task_id=6bcad720-d22d-4795-97ea-fb3be4bd76e8 func=job_orchestration.executor.query.spider_search_task.search_without_channel submit_output_start=499097805 submit_output_end=499097905 submit_output_duration_ms=100
[2026-02-02 22:04:15.752] [info] [spider.worker] [TIMING] task_id=212a6984-2deb-45ed-8a4b-db2a86e667a4 func=job_orchestration.executor.query.spider_search_task.search_without_channel fetch_input_start=499097959 fetch_input_end=499097960 fetch_input_duration_ms=0
[2026-02-02 22:04:15.752] [info] [spider.worker] [TIMING] task_id=212a6984-2deb-45ed-8a4b-db2a86e667a4 func=job_orchestration.executor.query.spider_search_task.search_without_channel input_send_start=499097961 input_send_end=499097961 input_send_duration_ms=0 bytes=612
[2026-02-02 22:04:15.752] [info] [spider.worker] [TIMING] task_id=212a6984-2deb-45ed-8a4b-db2a86e667a4 func=job_orchestration.executor.query.spider_search_task.search_without_channel spawn_start=499097960 spawn_end=499097961 spawn_duration_ms=0
[2026-02-02 22:04:17.043] [info] [spider.worker] [TIMING] task_id=212a6984-2deb-45ed-8a4b-db2a86e667a4 func=job_orchestration.executor.query.spider_search_task.search_without_channel execution_start=499097961 execution_end=499099251 execution_duration_ms=1290
[2026-02-02 22:04:17.075] [info] [spider.worker] [TIMING] task_id=212a6984-2deb-45ed-8a4b-db2a86e667a4 func=job_orchestration.executor.query.spider_search_task.search_without_channel submit_output_start=499099253 submit_output_end=499099283 submit_output_duration_ms=29
[2026-02-02 22:04:17.105] [info] [spider.worker] [TIMING] task_id=0ba80056-5863-4e86-add7-83c52723bfc1 func=job_orchestration.executor.query.spider_search_task.search_without_channel fetch_input_start=499099312 fetch_input_end=499099313 fetch_input_duration_ms=1
[2026-02-02 22:04:17.105] [info] [spider.worker] [TIMING] task_id=0ba80056-5863-4e86-add7-83c52723bfc1 func=job_orchestration.executor.query.spider_search_task.search_without_channel input_send_start=499099314 input_send_end=499099314 input_send_duration_ms=0 bytes=612
[2026-02-02 22:04:17.105] [info] [spider.worker] [TIMING] task_id=0ba80056-5863-4e86-add7-83c52723bfc1 func=job_orchestration.executor.query.spider_search_task.search_without_channel spawn_start=499099313 spawn_end=499099314 spawn_duration_ms=0
[2026-02-02 22:04:18.486] [info] [spider.worker] [TIMING] task_id=0ba80056-5863-4e86-add7-83c52723bfc1 func=job_orchestration.executor.query.spider_search_task.search_without_channel execution_start=499099314 execution_end=499100695 execution_duration_ms=1380
[2026-02-02 22:04:18.549] [info] [spider.worker] [TIMING] task_id=0ba80056-5863-4e86-add7-83c52723bfc1 func=job_orchestration.executor.query.spider_search_task.search_without_channel submit_output_start=499100724 submit_output_end=499100757 submit_output_duration_ms=33
[2026-02-02 22:04:18.578] [info] [spider.worker] [TIMING] task_id=84620612-7ed5-4a77-bd46-56054b5e248c func=job_orchestration.executor.query.spider_search_task.search_without_channel fetch_input_start=499100785 fetch_input_end=499100786 fetch_input_duration_ms=0
[2026-02-02 22:04:18.578] [info] [spider.worker] [TIMING] task_id=84620612-7ed5-4a77-bd46-56054b5e248c func=job_orchestration.executor.query.spider_search_task.search_without_channel input_send_start=499100786 input_send_end=499100786 input_send_duration_ms=0 bytes=612
[2026-02-02 22:04:18.578] [info] [spider.worker] [TIMING] task_id=84620612-7ed5-4a77-bd46-56054b5e248c func=job_orchestration.executor.query.spider_search_task.search_without_channel spawn_start=499100786 spawn_end=499100786 spawn_duration_ms=0
[2026-02-02 22:04:19.813] [info] [spider.worker] [TIMING] task_id=84620612-7ed5-4a77-bd46-56054b5e248c func=job_orchestration.executor.query.spider_search_task.search_without_channel execution_start=499100787 execution_end=499102022 execution_duration_ms=1234
[2026-02-02 22:04:19.896] [info] [spider.worker] [TIMING] task_id=84620612-7ed5-4a77-bd46-56054b5e248c func=job_orchestration.executor.query.spider_search_task.search_without_channel submit_output_start=499102023 submit_output_end=499102104 submit_output_duration_ms=81
[2026-02-02 22:04:19.920] [info] [spider.worker] [TIMING] task_id=af7211b8-f430-458a-a330-bbc961ee6c00 func=job_orchestration.executor.query.spider_search_task.search_without_channel fetch_input_start=499102127 fetch_input_end=499102128 fetch_input_duration_ms=1
[2026-02-02 22:04:19.921] [info] [spider.worker] [TIMING] task_id=af7211b8-f430-458a-a330-bbc961ee6c00 func=job_orchestration.executor.query.spider_search_task.search_without_channel input_send_start=499102129 input_send_end=499102129 input_send_duration_ms=0 bytes=612
[2026-02-02 22:04:19.921] [info] [spider.worker] [TIMING] task_id=af7211b8-f430-458a-a330-bbc961ee6c00 func=job_orchestration.executor.query.spider_search_task.search_without_channel spawn_start=499102129 spawn_end=499102129 spawn_duration_ms=0
[2026-02-02 22:04:21.178] [info] [spider.worker] [TIMING] task_id=af7211b8-f430-458a-a330-bbc961ee6c00 func=job_orchestration.executor.query.spider_search_task.search_without_channel execution_start=499102129 execution_end=499103387 execution_duration_ms=1257
[2026-02-02 22:04:21.192] [info] [spider.worker] [TIMING] task_id=af7211b8-f430-458a-a330-bbc961ee6c00 func=job_orchestration.executor.query.spider_search_task.search_without_channel submit_output_start=499103388 submit_output_end=499103401 submit_output_duration_ms=12
[2026-02-02 22:04:21.204] [info] [spider.worker] [TIMING] task_id=24c71636-a34b-45ef-8286-178f9586b639 func=job_orchestration.executor.query.spider_search_task.search_without_channel fetch_input_start=499103411 fetch_input_end=499103412 fetch_input_duration_ms=1
[2026-02-02 22:04:21.204] [info] [spider.worker] [TIMING] task_id=24c71636-a34b-45ef-8286-178f9586b639 func=job_orchestration.executor.query.spider_search_task.search_without_channel input_send_start=499103412 input_send_end=499103412 input_send_duration_ms=0 bytes=610
[2026-02-02 22:04:21.204] [info] [spider.worker] [TIMING] task_id=24c71636-a34b-45ef-8286-178f9586b639 func=job_orchestration.executor.query.spider_search_task.search_without_channel spawn_start=499103412 spawn_end=499103412 spawn_duration_ms=0
[2026-02-02 22:04:22.390] [info] [spider.worker] [TIMING] task_id=24c71636-a34b-45ef-8286-178f9586b639 func=job_orchestration.executor.query.spider_search_task.search_without_channel execution_start=499103413 execution_end=499104598 execution_duration_ms=1185
[2026-02-02 22:04:22.437] [info] [spider.worker] [TIMING] task_id=24c71636-a34b-45ef-8286-178f9586b639 func=job_orchestration.executor.query.spider_search_task.search_without_channel submit_output_start=499104600 submit_output_end=499104645 submit_output_duration_ms=45
[2026-02-02 22:04:22.463] [info] [spider.worker] [TIMING] task_id=e86171f3-0dc8-4960-aed1-588c6236d89b func=job_orchestration.executor.query.spider_search_task.search_without_channel fetch_input_start=499104670 fetch_input_end=499104671 fetch_input_duration_ms=1
[2026-02-02 22:04:22.463] [info] [spider.worker] [TIMING] task_id=e86171f3-0dc8-4960-aed1-588c6236d89b func=job_orchestration.executor.query.spider_search_task.search_without_channel input_send_start=499104671 input_send_end=499104671 input_send_duration_ms=0 bytes=612
[2026-02-02 22:04:22.463] [info] [spider.worker] [TIMING] task_id=e86171f3-0dc8-4960-aed1-588c6236d89b func=job_orchestration.executor.query.spider_search_task.search_without_channel spawn_start=499104671 spawn_end=499104671 spawn_duration_ms=0
[2026-02-02 22:04:23.733] [info] [spider.worker] [TIMING] task_id=e86171f3-0dc8-4960-aed1-588c6236d89b func=job_orchestration.executor.query.spider_search_task.search_without_channel execution_start=499104672 execution_end=499105941 execution_duration_ms=1269
[2026-02-02 22:04:23.791] [info] [spider.worker] [TIMING] task_id=e86171f3-0dc8-4960-aed1-588c6236d89b func=job_orchestration.executor.query.spider_search_task.search_without_channel submit_output_start=499105943 submit_output_end=499105999 submit_output_duration_ms=56
[2026-02-02 22:04:23.828] [info] [spider.worker] [TIMING] task_id=c6b3d052-6779-4326-b166-273f4148a9d2 func=job_orchestration.executor.query.spider_search_task.search_without_channel fetch_input_start=499106035 fetch_input_end=499106036 fetch_input_duration_ms=1
[2026-02-02 22:04:23.828] [info] [spider.worker] [TIMING] task_id=c6b3d052-6779-4326-b166-273f4148a9d2 func=job_orchestration.executor.query.spider_search_task.search_without_channel input_send_start=499106036 input_send_end=499106036 input_send_duration_ms=0 bytes=612
[2026-02-02 22:04:23.828] [info] [spider.worker] [TIMING] task_id=c6b3d052-6779-4326-b166-273f4148a9d2 func=job_orchestration.executor.query.spider_search_task.search_without_channel spawn_start=499106036 spawn_end=499106036 spawn_duration_ms=0
[2026-02-02 22:04:25.156] [info] [spider.worker] [TIMING] task_id=c6b3d052-6779-4326-b166-273f4148a9d2 func=job_orchestration.executor.query.spider_search_task.search_without_channel execution_start=499106037 execution_end=499107365 execution_duration_ms=1328
[2026-02-02 22:04:25.185] [info] [spider.worker] [TIMING] task_id=c6b3d052-6779-4326-b166-273f4148a9d2 func=job_orchestration.executor.query.spider_search_task.search_without_channel submit_output_start=499107367 submit_output_end=499107393 submit_output_duration_ms=26
[2026-02-02 22:04:25.204] [info] [spider.worker] [TIMING] task_id=d9bd3f2b-61e3-4b29-9c78-f5ab490ba324 func=job_orchestration.executor.query.spider_search_task.search_without_channel fetch_input_start=499107412 fetch_input_end=499107413 fetch_input_duration_ms=1
[2026-02-02 22:04:25.205] [info] [spider.worker] [TIMING] task_id=d9bd3f2b-61e3-4b29-9c78-f5ab490ba324 func=job_orchestration.executor.query.spider_search_task.search_without_channel input_send_start=499107413 input_send_end=499107413 input_send_duration_ms=0 bytes=612
[2026-02-02 22:04:25.205] [info] [spider.worker] [TIMING] task_id=d9bd3f2b-61e3-4b29-9c78-f5ab490ba324 func=job_orchestration.executor.query.spider_search_task.search_without_channel spawn_start=499107413 spawn_end=499107413 spawn_duration_ms=0
[2026-02-02 22:04:26.515] [info] [spider.worker] [TIMING] task_id=d9bd3f2b-61e3-4b29-9c78-f5ab490ba324 func=job_orchestration.executor.query.spider_search_task.search_without_channel execution_start=499107413 execution_end=499108723 execution_duration_ms=1310
[2026-02-02 22:04:26.527] [info] [spider.worker] [TIMING] task_id=d9bd3f2b-61e3-4b29-9c78-f5ab490ba324 func=job_orchestration.executor.query.spider_search_task.search_without_channel submit_output_start=499108725 submit_output_end=499108735 submit_output_duration_ms=9
[2026-02-02 22:04:26.537] [info] [spider.worker] [TIMING] task_id=32d65852-7540-49c8-9f8a-ee2e4bb42d73 func=job_orchestration.executor.query.spider_search_task.search_without_channel fetch_input_start=499108745 fetch_input_end=499108746 fetch_input_duration_ms=0
[2026-02-02 22:04:26.538] [info] [spider.worker] [TIMING] task_id=32d65852-7540-49c8-9f8a-ee2e4bb42d73 func=job_orchestration.executor.query.spider_search_task.search_without_channel input_send_start=499108746 input_send_end=499108746 input_send_duration_ms=0 bytes=610
[2026-02-02 22:04:26.538] [info] [spider.worker] [TIMING] task_id=32d65852-7540-49c8-9f8a-ee2e4bb42d73 func=job_orchestration.executor.query.spider_search_task.search_without_channel spawn_start=499108746 spawn_end=499108746 spawn_duration_ms=0
[2026-02-02 22:04:27.766] [info] [spider.worker] [TIMING] task_id=32d65852-7540-49c8-9f8a-ee2e4bb42d73 func=job_orchestration.executor.query.spider_search_task.search_without_channel execution_start=499108746 execution_end=499109974 execution_duration_ms=1227
[2026-02-02 22:04:27.794] [info] [spider.worker] [TIMING] task_id=32d65852-7540-49c8-9f8a-ee2e4bb42d73 func=job_orchestration.executor.query.spider_search_task.search_without_channel submit_output_start=499109976 submit_output_end=499110003 submit_output_duration_ms=26
[2026-02-02 22:04:27.839] [info] [spider.worker] [TIMING] task_id=8abb92b4-b086-4879-a70d-cc8be37c767f func=job_orchestration.executor.query.spider_search_task.search_without_channel fetch_input_start=499110046 fetch_input_end=499110047 fetch_input_duration_ms=0
[2026-02-02 22:04:27.839] [info] [spider.worker] [TIMING] task_id=8abb92b4-b086-4879-a70d-cc8be37c767f func=job_orchestration.executor.query.spider_search_task.search_without_channel input_send_start=499110047 input_send_end=499110047 input_send_duration_ms=0 bytes=611
[2026-02-02 22:04:27.839] [info] [spider.worker] [TIMING] task_id=8abb92b4-b086-4879-a70d-cc8be37c767f func=job_orchestration.executor.query.spider_search_task.search_without_channel spawn_start=499110047 spawn_end=499110047 spawn_duration_ms=0
[2026-02-02 22:04:29.009] [info] [spider.worker] [TIMING] task_id=8abb92b4-b086-4879-a70d-cc8be37c767f func=job_orchestration.executor.query.spider_search_task.search_without_channel execution_start=499110048 execution_end=499111217 execution_duration_ms=1169
[2026-02-02 22:04:29.039] [info] [spider.worker] [TIMING] task_id=8abb92b4-b086-4879-a70d-cc8be37c767f func=job_orchestration.executor.query.spider_search_task.search_without_channel submit_output_start=499111219 submit_output_end=499111248 submit_output_duration_ms=28
[2026-02-02 22:04:29.105] [info] [spider.worker] [TIMING] task_id=56f0aeb7-7feb-4230-877d-518bf2ed6c0b func=job_orchestration.executor.query.spider_search_task.search_without_channel fetch_input_start=499111313 fetch_input_end=499111314 fetch_input_duration_ms=0
[2026-02-02 22:04:29.106] [info] [spider.worker] [TIMING] task_id=56f0aeb7-7feb-4230-877d-518bf2ed6c0b func=job_orchestration.executor.query.spider_search_task.search_without_channel input_send_start=499111314 input_send_end=499111314 input_send_duration_ms=0 bytes=612
[2026-02-02 22:04:29.106] [info] [spider.worker] [TIMING] task_id=56f0aeb7-7feb-4230-877d-518bf2ed6c0b func=job_orchestration.executor.query.spider_search_task.search_without_channel spawn_start=499111314 spawn_end=499111314 spawn_duration_ms=0
[2026-02-02 22:04:30.343] [info] [spider.worker] [TIMING] task_id=56f0aeb7-7feb-4230-877d-518bf2ed6c0b func=job_orchestration.executor.query.spider_search_task.search_without_channel execution_start=499111315 execution_end=499112552 execution_duration_ms=1237
[2026-02-02 22:04:30.353] [info] [spider.worker] [TIMING] task_id=56f0aeb7-7feb-4230-877d-518bf2ed6c0b func=job_orchestration.executor.query.spider_search_task.search_without_channel submit_output_start=499112553 submit_output_end=499112561 submit_output_duration_ms=7
[2026-02-02 22:04:30.397] [info] [spider.worker] [TIMING] task_id=ecd3b92a-0d85-4e9c-b1a8-2389bf1ddd61 func=job_orchestration.executor.query.spider_search_task.search_without_channel fetch_input_start=499112605 fetch_input_end=499112606 fetch_input_duration_ms=1
[2026-02-02 22:04:30.398] [info] [spider.worker] [TIMING] task_id=ecd3b92a-0d85-4e9c-b1a8-2389bf1ddd61 func=job_orchestration.executor.query.spider_search_task.search_without_channel input_send_start=499112606 input_send_end=499112606 input_send_duration_ms=0 bytes=612
[2026-02-02 22:04:30.398] [info] [spider.worker] [TIMING] task_id=ecd3b92a-0d85-4e9c-b1a8-2389bf1ddd61 func=job_orchestration.executor.query.spider_search_task.search_without_channel spawn_start=499112606 spawn_end=499112606 spawn_duration_ms=0
[2026-02-02 22:04:31.601] [info] [spider.worker] [TIMING] task_id=ecd3b92a-0d85-4e9c-b1a8-2389bf1ddd61 func=job_orchestration.executor.query.spider_search_task.search_without_channel execution_start=499112607 execution_end=499113810 execution_duration_ms=1202
[2026-02-02 22:04:31.645] [info] [spider.worker] [TIMING] task_id=ecd3b92a-0d85-4e9c-b1a8-2389bf1ddd61 func=job_orchestration.executor.query.spider_search_task.search_without_channel submit_output_start=499113811 submit_output_end=499113853 submit_output_duration_ms=41
[2026-02-02 22:04:31.664] [info] [spider.worker] [TIMING] task_id=64db76f5-ae3b-49f6-bb52-58aeeddcfb3b func=job_orchestration.executor.query.spider_search_task.search_without_channel fetch_input_start=499113872 fetch_input_end=499113873 fetch_input_duration_ms=1
[2026-02-02 22:04:31.665] [info] [spider.worker] [TIMING] task_id=64db76f5-ae3b-49f6-bb52-58aeeddcfb3b func=job_orchestration.executor.query.spider_search_task.search_without_channel input_send_start=499113873 input_send_end=499113873 input_send_duration_ms=0 bytes=612
[2026-02-02 22:04:31.665] [info] [spider.worker] [TIMING] task_id=64db76f5-ae3b-49f6-bb52-58aeeddcfb3b func=job_orchestration.executor.query.spider_search_task.search_without_channel spawn_start=499113873 spawn_end=499113873 spawn_duration_ms=0
[2026-02-02 22:04:32.988] [info] [spider.worker] [TIMING] task_id=64db76f5-ae3b-49f6-bb52-58aeeddcfb3b func=job_orchestration.executor.query.spider_search_task.search_without_channel execution_start=499113874 execution_end=499115196 execution_duration_ms=1322
[2026-02-02 22:04:33.020] [info] [spider.worker] [TIMING] task_id=64db76f5-ae3b-49f6-bb52-58aeeddcfb3b func=job_orchestration.executor.query.spider_search_task.search_without_channel submit_output_start=499115209 submit_output_end=499115228 submit_output_duration_ms=18
[2026-02-02 22:04:33.065] [info] [spider.worker] [TIMING] task_id=b39a5e5d-1dbc-400f-89dd-ca875752e19c func=job_orchestration.executor.query.spider_search_task.search_without_channel fetch_input_start=499115272 fetch_input_end=499115273 fetch_input_duration_ms=1
[2026-02-02 22:04:33.065] [info] [spider.worker] [TIMING] task_id=b39a5e5d-1dbc-400f-89dd-ca875752e19c func=job_orchestration.executor.query.spider_search_task.search_without_channel input_send_start=499115274 input_send_end=499115274 input_send_duration_ms=0 bytes=612
[2026-02-02 22:04:33.065] [info] [spider.worker] [TIMING] task_id=b39a5e5d-1dbc-400f-89dd-ca875752e19c func=job_orchestration.executor.query.spider_search_task.search_without_channel spawn_start=499115273 spawn_end=499115274 spawn_duration_ms=0
[2026-02-02 22:04:34.491] [info] [spider.worker] [TIMING] task_id=b39a5e5d-1dbc-400f-89dd-ca875752e19c func=job_orchestration.executor.query.spider_search_task.search_without_channel execution_start=499115274 execution_end=499116699 execution_duration_ms=1425
[2026-02-02 22:04:34.504] [info] [spider.worker] [TIMING] task_id=b39a5e5d-1dbc-400f-89dd-ca875752e19c func=job_orchestration.executor.query.spider_search_task.search_without_channel submit_output_start=499116701 submit_output_end=499116712 submit_output_duration_ms=11
[2026-02-02 22:04:34.593] [info] [spider.worker] [TIMING] task_id=cc1b587c-cb7e-4f50-a2b4-0a964c969e00 func=job_orchestration.executor.query.spider_search_task.search_without_channel fetch_input_start=499116800 fetch_input_end=499116801 fetch_input_duration_ms=1
[2026-02-02 22:04:34.593] [info] [spider.worker] [TIMING] task_id=cc1b587c-cb7e-4f50-a2b4-0a964c969e00 func=job_orchestration.executor.query.spider_search_task.search_without_channel input_send_start=499116801 input_send_end=499116801 input_send_duration_ms=0 bytes=612
[2026-02-02 22:04:34.593] [info] [spider.worker] [TIMING] task_id=cc1b587c-cb7e-4f50-a2b4-0a964c969e00 func=job_orchestration.executor.query.spider_search_task.search_without_channel spawn_start=499116801 spawn_end=499116802 spawn_duration_ms=0
[2026-02-02 22:04:35.818] [info] [spider.worker] [TIMING] task_id=cc1b587c-cb7e-4f50-a2b4-0a964c969e00 func=job_orchestration.executor.query.spider_search_task.search_without_channel execution_start=499116802 execution_end=499118027 execution_duration_ms=1225
[2026-02-02 22:04:35.894] [info] [spider.worker] [TIMING] task_id=cc1b587c-cb7e-4f50-a2b4-0a964c969e00 func=job_orchestration.executor.query.spider_search_task.search_without_channel submit_output_start=499118029 submit_output_end=499118102 submit_output_duration_ms=73
[2026-02-02 22:04:35.948] [info] [spider.worker] [TIMING] task_id=21820525-303c-47e5-8121-c68ba5c2e4c1 func=job_orchestration.executor.query.spider_search_task.search_without_channel fetch_input_start=499118156 fetch_input_end=499118157 fetch_input_duration_ms=0
[2026-02-02 22:04:35.949] [info] [spider.worker] [TIMING] task_id=21820525-303c-47e5-8121-c68ba5c2e4c1 func=job_orchestration.executor.query.spider_search_task.search_without_channel input_send_start=499118157 input_send_end=499118157 input_send_duration_ms=0 bytes=612
[2026-02-02 22:04:35.949] [info] [spider.worker] [TIMING] task_id=21820525-303c-47e5-8121-c68ba5c2e4c1 func=job_orchestration.executor.query.spider_search_task.search_without_channel spawn_start=499118157 spawn_end=499118157 spawn_duration_ms=0
[2026-02-02 22:04:37.223] [info] [spider.worker] [TIMING] task_id=21820525-303c-47e5-8121-c68ba5c2e4c1 func=job_orchestration.executor.query.spider_search_task.search_without_channel execution_start=499118157 execution_end=499119432 execution_duration_ms=1274
[2026-02-02 22:04:37.331] [info] [spider.worker] [TIMING] task_id=21820525-303c-47e5-8121-c68ba5c2e4c1 func=job_orchestration.executor.query.spider_search_task.search_without_channel submit_output_start=499119440 submit_output_end=499119539 submit_output_duration_ms=99
[2026-02-02 22:04:37.459] [info] [spider.worker] [TIMING] task_id=32d7687e-2258-427f-bb9f-65d69b8e451c func=job_orchestration.executor.query.spider_search_task.search_without_channel fetch_input_start=499119666 fetch_input_end=499119667 fetch_input_duration_ms=0
[2026-02-02 22:04:37.459] [info] [spider.worker] [TIMING] task_id=32d7687e-2258-427f-bb9f-65d69b8e451c func=job_orchestration.executor.query.spider_search_task.search_without_channel input_send_start=499119668 input_send_end=499119668 input_send_duration_ms=0 bytes=611
[2026-02-02 22:04:37.459] [info] [spider.worker] [TIMING] task_id=32d7687e-2258-427f-bb9f-65d69b8e451c func=job_orchestration.executor.query.spider_search_task.search_without_channel spawn_start=499119667 spawn_end=499119668 spawn_duration_ms=0
[2026-02-02 22:04:38.887] [info] [spider.worker] [TIMING] task_id=32d7687e-2258-427f-bb9f-65d69b8e451c func=job_orchestration.executor.query.spider_search_task.search_without_channel execution_start=499119668 execution_end=499121095 execution_duration_ms=1427
[2026-02-02 22:04:38.905] [info] [spider.worker] [TIMING] task_id=32d7687e-2258-427f-bb9f-65d69b8e451c func=job_orchestration.executor.query.spider_search_task.search_without_channel submit_output_start=499121096 submit_output_end=499121113 submit_output_duration_ms=16
[2026-02-02 22:04:38.947] [info] [spider.worker] [TIMING] task_id=41992f57-2de1-4f47-aba9-f319a3ef7ddb func=job_orchestration.executor.query.spider_search_task.search_without_channel fetch_input_start=499121154 fetch_input_end=499121155 fetch_input_duration_ms=0
[2026-02-02 22:04:38.947] [info] [spider.worker] [TIMING] task_id=41992f57-2de1-4f47-aba9-f319a3ef7ddb func=job_orchestration.executor.query.spider_search_task.search_without_channel input_send_start=499121155 input_send_end=499121155 input_send_duration_ms=0 bytes=612
[2026-02-02 22:04:38.947] [info] [spider.worker] [TIMING] task_id=41992f57-2de1-4f47-aba9-f319a3ef7ddb func=job_orchestration.executor.query.spider_search_task.search_without_channel spawn_start=499121155 spawn_end=499121155 spawn_duration_ms=0
[2026-02-02 22:04:40.370] [info] [spider.worker] [TIMING] task_id=41992f57-2de1-4f47-aba9-f319a3ef7ddb func=job_orchestration.executor.query.spider_search_task.search_without_channel execution_start=499121156 execution_end=499122578 execution_duration_ms=1422
[2026-02-02 22:04:40.388] [info] [spider.worker] [TIMING] task_id=41992f57-2de1-4f47-aba9-f319a3ef7ddb func=job_orchestration.executor.query.spider_search_task.search_without_channel submit_output_start=499122579 submit_output_end=499122597 submit_output_duration_ms=17
[2026-02-02 22:04:40.433] [info] [spider.worker] [TIMING] task_id=48039b88-c47a-4494-9e0f-5ab3b23ba68e func=job_orchestration.executor.query.spider_search_task.search_without_channel fetch_input_start=499122640 fetch_input_end=499122641 fetch_input_duration_ms=0
[2026-02-02 22:04:40.433] [info] [spider.worker] [TIMING] task_id=48039b88-c47a-4494-9e0f-5ab3b23ba68e func=job_orchestration.executor.query.spider_search_task.search_without_channel input_send_start=499122642 input_send_end=499122642 input_send_duration_ms=0 bytes=612
[2026-02-02 22:04:40.433] [info] [spider.worker] [TIMING] task_id=48039b88-c47a-4494-9e0f-5ab3b23ba68e func=job_orchestration.executor.query.spider_search_task.search_without_channel spawn_start=499122641 spawn_end=499122642 spawn_duration_ms=0
[2026-02-02 22:04:41.645] [info] [spider.worker] [TIMING] task_id=48039b88-c47a-4494-9e0f-5ab3b23ba68e func=job_orchestration.executor.query.spider_search_task.search_without_channel execution_start=499122642 execution_end=499123854 execution_duration_ms=1211
[2026-02-02 22:04:41.663] [info] [spider.worker] [TIMING] task_id=48039b88-c47a-4494-9e0f-5ab3b23ba68e func=job_orchestration.executor.query.spider_search_task.search_without_channel submit_output_start=499123855 submit_output_end=499123872 submit_output_duration_ms=16
[2026-02-02 22:04:41.683] [info] [spider.worker] [TIMING] task_id=3d05d42b-a262-4846-8cdc-b589d93127d5 func=job_orchestration.executor.query.spider_search_task.search_without_channel fetch_input_start=499123890 fetch_input_end=499123891 fetch_input_duration_ms=1
[2026-02-02 22:04:41.684] [info] [spider.worker] [TIMING] task_id=3d05d42b-a262-4846-8cdc-b589d93127d5 func=job_orchestration.executor.query.spider_search_task.search_without_channel input_send_start=499123892 input_send_end=499123892 input_send_duration_ms=0 bytes=612
[2026-02-02 22:04:41.684] [info] [spider.worker] [TIMING] task_id=3d05d42b-a262-4846-8cdc-b589d93127d5 func=job_orchestration.executor.query.spider_search_task.search_without_channel spawn_start=499123892 spawn_end=499123892 spawn_duration_ms=0
[2026-02-02 22:04:42.986] [info] [spider.worker] [TIMING] task_id=3d05d42b-a262-4846-8cdc-b589d93127d5 func=job_orchestration.executor.query.spider_search_task.search_without_channel execution_start=499123892 execution_end=499125194 execution_duration_ms=1302
[2026-02-02 22:04:43.076] [info] [spider.worker] [TIMING] task_id=3d05d42b-a262-4846-8cdc-b589d93127d5 func=job_orchestration.executor.query.spider_search_task.search_without_channel submit_output_start=499125196 submit_output_end=499125284 submit_output_duration_ms=88
[2026-02-02 22:04:43.163] [info] [spider.worker] [TIMING] task_id=9826b8ee-f835-49e0-83ff-ff02e296e230 func=job_orchestration.executor.query.spider_search_task.search_without_channel fetch_input_start=499125370 fetch_input_end=499125371 fetch_input_duration_ms=0
[2026-02-02 22:04:43.163] [info] [spider.worker] [TIMING] task_id=9826b8ee-f835-49e0-83ff-ff02e296e230 func=job_orchestration.executor.query.spider_search_task.search_without_channel input_send_start=499125371 input_send_end=499125371 input_send_duration_ms=0 bytes=612
[2026-02-02 22:04:43.163] [info] [spider.worker] [TIMING] task_id=9826b8ee-f835-49e0-83ff-ff02e296e230 func=job_orchestration.executor.query.spider_search_task.search_without_channel spawn_start=499125371 spawn_end=499125372 spawn_duration_ms=0
[2026-02-02 22:04:44.305] [info] [spider.worker] [TIMING] task_id=9826b8ee-f835-49e0-83ff-ff02e296e230 func=job_orchestration.executor.query.spider_search_task.search_without_channel execution_start=499125372 execution_end=499126513 execution_duration_ms=1141
[2026-02-02 22:04:44.340] [info] [spider.worker] [TIMING] task_id=9826b8ee-f835-49e0-83ff-ff02e296e230 func=job_orchestration.executor.query.spider_search_task.search_without_channel submit_output_start=499126515 submit_output_end=499126548 submit_output_duration_ms=33
[2026-02-02 22:04:44.359] [info] [spider.worker] [TIMING] task_id=9258b718-1562-429b-87a5-3bcb715aacda func=job_orchestration.executor.query.spider_search_task.search_without_channel fetch_input_start=499126566 fetch_input_end=499126567 fetch_input_duration_ms=0
[2026-02-02 22:04:44.359] [info] [spider.worker] [TIMING] task_id=9258b718-1562-429b-87a5-3bcb715aacda func=job_orchestration.executor.query.spider_search_task.search_without_channel input_send_start=499126567 input_send_end=499126567 input_send_duration_ms=0 bytes=612
[2026-02-02 22:04:44.359] [info] [spider.worker] [TIMING] task_id=9258b718-1562-429b-87a5-3bcb715aacda func=job_orchestration.executor.query.spider_search_task.search_without_channel spawn_start=499126567 spawn_end=499126567 spawn_duration_ms=0
[2026-02-02 22:04:45.509] [info] [spider.worker] [TIMING] task_id=9258b718-1562-429b-87a5-3bcb715aacda func=job_orchestration.executor.query.spider_search_task.search_without_channel execution_start=499126567 execution_end=499127717 execution_duration_ms=1149
[2026-02-02 22:04:45.540] [info] [spider.worker] [TIMING] task_id=9258b718-1562-429b-87a5-3bcb715aacda func=job_orchestration.executor.query.spider_search_task.search_without_channel submit_output_start=499127729 submit_output_end=499127748 submit_output_duration_ms=19
[2026-02-02 22:04:45.574] [info] [spider.worker] [TIMING] task_id=9bc6393a-b419-44de-a6fc-f6748afcc30a func=job_orchestration.executor.query.spider_search_task.search_without_channel fetch_input_start=499127781 fetch_input_end=499127782 fetch_input_duration_ms=1
[2026-02-02 22:04:45.574] [info] [spider.worker] [TIMING] task_id=9bc6393a-b419-44de-a6fc-f6748afcc30a func=job_orchestration.executor.query.spider_search_task.search_without_channel input_send_start=499127783 input_send_end=499127783 input_send_duration_ms=0 bytes=612
[2026-02-02 22:04:45.574] [info] [spider.worker] [TIMING] task_id=9bc6393a-b419-44de-a6fc-f6748afcc30a func=job_orchestration.executor.query.spider_search_task.search_without_channel spawn_start=499127782 spawn_end=499127783 spawn_duration_ms=0
[2026-02-02 22:04:46.942] [info] [spider.worker] [TIMING] task_id=9bc6393a-b419-44de-a6fc-f6748afcc30a func=job_orchestration.executor.query.spider_search_task.search_without_channel execution_start=499127783 execution_end=499129150 execution_duration_ms=1367
[2026-02-02 22:04:46.957] [info] [spider.worker] [TIMING] task_id=9bc6393a-b419-44de-a6fc-f6748afcc30a func=job_orchestration.executor.query.spider_search_task.search_without_channel submit_output_start=499129152 submit_output_end=499129165 submit_output_duration_ms=13
[2026-02-02 22:04:46.977] [info] [spider.worker] [TIMING] task_id=04a9497d-3176-424f-a127-61b682d8a4b4 func=job_orchestration.executor.query.spider_search_task.search_without_channel fetch_input_start=499129184 fetch_input_end=499129185 fetch_input_duration_ms=1
[2026-02-02 22:04:46.977] [info] [spider.worker] [TIMING] task_id=04a9497d-3176-424f-a127-61b682d8a4b4 func=job_orchestration.executor.query.spider_search_task.search_without_channel input_send_start=499129186 input_send_end=499129186 input_send_duration_ms=0 bytes=612
[2026-02-02 22:04:46.977] [info] [spider.worker] [TIMING] task_id=04a9497d-3176-424f-a127-61b682d8a4b4 func=job_orchestration.executor.query.spider_search_task.search_without_channel spawn_start=499129185 spawn_end=499129186 spawn_duration_ms=0
[2026-02-02 22:04:48.349] [info] [spider.worker] [TIMING] task_id=04a9497d-3176-424f-a127-61b682d8a4b4 func=job_orchestration.executor.query.spider_search_task.search_without_channel execution_start=499129186 execution_end=499130557 execution_duration_ms=1371
[2026-02-02 22:04:48.374] [info] [spider.worker] [TIMING] task_id=04a9497d-3176-424f-a127-61b682d8a4b4 func=job_orchestration.executor.query.spider_search_task.search_without_channel submit_output_start=499130559 submit_output_end=499130582 submit_output_duration_ms=22
[2026-02-02 22:04:48.394] [info] [spider.worker] [TIMING] task_id=f31f788c-d820-4964-96d2-9e1d29682037 func=job_orchestration.executor.query.spider_search_task.search_without_channel fetch_input_start=499130601 fetch_input_end=499130602 fetch_input_duration_ms=1
[2026-02-02 22:04:48.395] [info] [spider.worker] [TIMING] task_id=f31f788c-d820-4964-96d2-9e1d29682037 func=job_orchestration.executor.query.spider_search_task.search_without_channel input_send_start=499130603 input_send_end=499130603 input_send_duration_ms=0 bytes=612
[2026-02-02 22:04:48.395] [info] [spider.worker] [TIMING] task_id=f31f788c-d820-4964-96d2-9e1d29682037 func=job_orchestration.executor.query.spider_search_task.search_without_channel spawn_start=499130602 spawn_end=499130603 spawn_duration_ms=0
[2026-02-02 22:04:49.808] [info] [spider.worker] [TIMING] task_id=f31f788c-d820-4964-96d2-9e1d29682037 func=job_orchestration.executor.query.spider_search_task.search_without_channel execution_start=499130603 execution_end=499132016 execution_duration_ms=1412
[2026-02-02 22:04:49.836] [info] [spider.worker] [TIMING] task_id=f31f788c-d820-4964-96d2-9e1d29682037 func=job_orchestration.executor.query.spider_search_task.search_without_channel submit_output_start=499132018 submit_output_end=499132044 submit_output_duration_ms=26
[2026-02-02 22:04:49.860] [info] [spider.worker] [TIMING] task_id=9f2b166b-79ae-4ee6-8437-12f2d681b399 func=job_orchestration.executor.query.spider_search_task.search_without_channel fetch_input_start=499132068 fetch_input_end=499132069 fetch_input_duration_ms=0
[2026-02-02 22:04:49.861] [info] [spider.worker] [TIMING] task_id=9f2b166b-79ae-4ee6-8437-12f2d681b399 func=job_orchestration.executor.query.spider_search_task.search_without_channel input_send_start=499132069 inpu