[2026-02-02 19:46:00.937] [warning] [spider.worker] Prefer using `SPIDER_STORAGE_URL` environment variable over `--storage_url` argument.
[2026-02-02 19:47:06.506] [info] [spider.worker] [TIMING] task_id=7a8e8b92-dfaa-445c-a886-55b7306969f5 func=job_orchestration.executor.compress.spider_compress.compress fetch_input_start=490868713 fetch_input_end=490868714 fetch_input_duration_ms=1
[2026-02-02 19:47:06.506] [info] [spider.worker] [TIMING] task_id=7a8e8b92-dfaa-445c-a886-55b7306969f5 func=job_orchestration.executor.compress.spider_compress.compress input_send_start=490868715 input_send_end=490868715 input_send_duration_ms=0 bytes=755
[2026-02-02 19:47:06.506] [info] [spider.worker] [TIMING] task_id=7a8e8b92-dfaa-445c-a886-55b7306969f5 func=job_orchestration.executor.compress.spider_compress.compress spawn_start=490868714 spawn_end=490868715 spawn_duration_ms=0
[2026-02-02 19:48:43.349] [info] [spider.worker] [TIMING] task_id=7a8e8b92-dfaa-445c-a886-55b7306969f5 func=job_orchestration.executor.compress.spider_compress.compress execution_start=490868715 execution_end=490965557 execution_duration_ms=96841
[2026-02-02 19:48:43.372] [info] [spider.worker] [TIMING] task_id=7a8e8b92-dfaa-445c-a886-55b7306969f5 func=job_orchestration.executor.compress.spider_compress.compress submit_output_start=490965559 submit_output_end=490965580 submit_output_duration_ms=21
[2026-02-02 19:48:43.416] [info] [spider.worker] [TIMING] task_id=7041c040-28ad-4471-b91f-2a9d3f911a5c func=job_orchestration.executor.compress.spider_compress.compress fetch_input_start=490965624 fetch_input_end=490965625 fetch_input_duration_ms=0
[2026-02-02 19:48:43.417] [info] [spider.worker] [TIMING] task_id=7041c040-28ad-4471-b91f-2a9d3f911a5c func=job_orchestration.executor.compress.spider_compress.compress input_send_start=490965625 input_send_end=490965625 input_send_duration_ms=0 bytes=748
[2026-02-02 19:48:43.417] [info] [spider.worker] [TIMING] task_id=7041c040-28ad-4471-b91f-2a9d3f911a5c func=job_orchestration.executor.compress.spider_compress.compress spawn_start=490965625 spawn_end=490965625 spawn_duration_ms=0
[2026-02-02 19:48:56.889] [info] [spider.worker] [TIMING] task_id=7041c040-28ad-4471-b91f-2a9d3f911a5c func=job_orchestration.executor.compress.spider_compress.compress execution_start=490965626 execution_end=490979098 execution_duration_ms=13472
[2026-02-02 19:48:56.904] [info] [spider.worker] [TIMING] task_id=7041c040-28ad-4471-b91f-2a9d3f911a5c func=job_orchestration.executor.compress.spider_compress.compress submit_output_start=490979100 submit_output_end=490979112 submit_output_duration_ms=12
[2026-02-02 19:48:56.916] [info] [spider.worker] [TIMING] task_id=394667d6-6671-4f04-8d6c-c025453fc2fe func=job_orchestration.executor.compress.spider_compress.compress fetch_input_start=490979122 fetch_input_end=490979124 fetch_input_duration_ms=1
[2026-02-02 19:48:56.916] [info] [spider.worker] [TIMING] task_id=394667d6-6671-4f04-8d6c-c025453fc2fe func=job_orchestration.executor.compress.spider_compress.compress input_send_start=490979125 input_send_end=490979125 input_send_duration_ms=0 bytes=750
[2026-02-02 19:48:56.916] [info] [spider.worker] [TIMING] task_id=394667d6-6671-4f04-8d6c-c025453fc2fe func=job_orchestration.executor.compress.spider_compress.compress spawn_start=490979124 spawn_end=490979125 spawn_duration_ms=0
[2026-02-02 19:49:06.227] [info] [spider.worker] [TIMING] task_id=394667d6-6671-4f04-8d6c-c025453fc2fe func=job_orchestration.executor.compress.spider_compress.compress execution_start=490979125 execution_end=490988435 execution_duration_ms=9310
[2026-02-02 19:49:06.252] [info] [spider.worker] [TIMING] task_id=394667d6-6671-4f04-8d6c-c025453fc2fe func=job_orchestration.executor.compress.spider_compress.compress submit_output_start=490988437 submit_output_end=490988460 submit_output_duration_ms=22
[2026-02-02 19:49:06.273] [info] [spider.worker] [TIMING] task_id=0294ddb9-d42d-4466-9ffc-8563410a0205 func=job_orchestration.executor.compress.spider_compress.compress fetch_input_start=490988480 fetch_input_end=490988481 fetch_input_duration_ms=1
[2026-02-02 19:49:06.273] [info] [spider.worker] [TIMING] task_id=0294ddb9-d42d-4466-9ffc-8563410a0205 func=job_orchestration.executor.compress.spider_compress.compress input_send_start=490988482 input_send_end=490988482 input_send_duration_ms=0 bytes=755
[2026-02-02 19:49:06.284] [info] [spider.worker] [TIMING] task_id=0294ddb9-d42d-4466-9ffc-8563410a0205 func=job_orchestration.executor.compress.spider_compress.compress spawn_start=490988481 spawn_end=490988492 spawn_duration_ms=10
[2026-02-02 19:51:59.880] [info] [spider.worker] [TIMING] task_id=0294ddb9-d42d-4466-9ffc-8563410a0205 func=job_orchestration.executor.compress.spider_compress.compress execution_start=490988492 execution_end=491162088 execution_duration_ms=173596
[2026-02-02 19:51:59.903] [info] [spider.worker] [TIMING] task_id=0294ddb9-d42d-4466-9ffc-8563410a0205 func=job_orchestration.executor.compress.spider_compress.compress submit_output_start=491162090 submit_output_end=491162111 submit_output_duration_ms=20
[2026-02-02 19:51:59.923] [info] [spider.worker] [TIMING] task_id=b4cb7a7a-c798-4faf-b56b-0790c70a3dea func=job_orchestration.executor.compress.spider_compress.compress fetch_input_start=491162130 fetch_input_end=491162131 fetch_input_duration_ms=1
[2026-02-02 19:51:59.923] [info] [spider.worker] [TIMING] task_id=b4cb7a7a-c798-4faf-b56b-0790c70a3dea func=job_orchestration.executor.compress.spider_compress.compress input_send_start=491162132 input_send_end=491162132 input_send_duration_ms=0 bytes=748
[2026-02-02 19:51:59.923] [info] [spider.worker] [TIMING] task_id=b4cb7a7a-c798-4faf-b56b-0790c70a3dea func=job_orchestration.executor.compress.spider_compress.compress spawn_start=491162131 spawn_end=491162132 spawn_duration_ms=0
[2026-02-02 19:52:24.143] [info] [spider.worker] [TIMING] task_id=b4cb7a7a-c798-4faf-b56b-0790c70a3dea func=job_orchestration.executor.compress.spider_compress.compress execution_start=491162132 execution_end=491186352 execution_duration_ms=24219
[2026-02-02 19:52:24.159] [info] [spider.worker] [TIMING] task_id=b4cb7a7a-c798-4faf-b56b-0790c70a3dea func=job_orchestration.executor.compress.spider_compress.compress submit_output_start=491186354 submit_output_end=491186368 submit_output_duration_ms=13
[2026-02-02 19:52:24.179] [info] [spider.worker] [TIMING] task_id=f76fb425-ce18-45d1-9534-4b20b89b3b75 func=job_orchestration.executor.compress.spider_compress.compress fetch_input_start=491186386 fetch_input_end=491186387 fetch_input_duration_ms=1
[2026-02-02 19:52:24.180] [info] [spider.worker] [TIMING] task_id=f76fb425-ce18-45d1-9534-4b20b89b3b75 func=job_orchestration.executor.compress.spider_compress.compress input_send_start=491186388 input_send_end=491186388 input_send_duration_ms=0 bytes=749
[2026-02-02 19:52:24.180] [info] [spider.worker] [TIMING] task_id=f76fb425-ce18-45d1-9534-4b20b89b3b75 func=job_orchestration.executor.compress.spider_compress.compress spawn_start=491186387 spawn_end=491186388 spawn_duration_ms=0
[2026-02-02 19:52:36.049] [info] [spider.worker] [TIMING] task_id=f76fb425-ce18-45d1-9534-4b20b89b3b75 func=job_orchestration.executor.compress.spider_compress.compress execution_start=491186388 execution_end=491198257 execution_duration_ms=11869
[2026-02-02 19:52:36.077] [info] [spider.worker] [TIMING] task_id=f76fb425-ce18-45d1-9534-4b20b89b3b75 func=job_orchestration.executor.compress.spider_compress.compress submit_output_start=491198259 submit_output_end=491198285 submit_output_duration_ms=26
[2026-02-02 19:52:36.094] [info] [spider.worker] [TIMING] task_id=681d32d7-b2e9-45b2-ab8f-36c62564383c func=job_orchestration.executor.compress.spider_compress.compress fetch_input_start=491198301 fetch_input_end=491198302 fetch_input_duration_ms=1
[2026-02-02 19:52:36.094] [info] [spider.worker] [TIMING] task_id=681d32d7-b2e9-45b2-ab8f-36c62564383c func=job_orchestration.executor.compress.spider_compress.compress input_send_start=491198303 input_send_end=491198303 input_send_duration_ms=0 bytes=751
[2026-02-02 19:52:36.094] [info] [spider.worker] [TIMING] task_id=681d32d7-b2e9-45b2-ab8f-36c62564383c func=job_orchestration.executor.compress.spider_compress.compress spawn_start=491198302 spawn_end=491198303 spawn_duration_ms=0
[2026-02-02 19:53:36.224] [info] [spider.worker] [TIMING] task_id=681d32d7-b2e9-45b2-ab8f-36c62564383c func=job_orchestration.executor.compress.spider_compress.compress execution_start=491198303 execution_end=491258432 execution_duration_ms=60129
[2026-02-02 19:53:36.235] [info] [spider.worker] [TIMING] task_id=681d32d7-b2e9-45b2-ab8f-36c62564383c func=job_orchestration.executor.compress.spider_compress.compress submit_output_start=491258434 submit_output_end=491258444 submit_output_duration_ms=9
[2026-02-02 19:53:36.246] [info] [spider.worker] [TIMING] task_id=4d05f1d9-2a96-4ec1-a861-2b43261bef34 func=job_orchestration.executor.compress.spider_compress.compress fetch_input_start=491258453 fetch_input_end=491258455 fetch_input_duration_ms=1
[2026-02-02 19:53:36.247] [info] [spider.worker] [TIMING] task_id=4d05f1d9-2a96-4ec1-a861-2b43261bef34 func=job_orchestration.executor.compress.spider_compress.compress input_send_start=491258455 input_send_end=491258455 input_send_duration_ms=0 bytes=754
[2026-02-02 19:53:36.247] [info] [spider.worker] [TIMING] task_id=4d05f1d9-2a96-4ec1-a861-2b43261bef34 func=job_orchestration.executor.compress.spider_compress.compress spawn_start=491258455 spawn_end=491258455 spawn_duration_ms=0
[2026-02-02 19:53:57.003] [info] [spider.worker] [TIMING] task_id=4d05f1d9-2a96-4ec1-a861-2b43261bef34 func=job_orchestration.executor.compress.spider_compress.compress execution_start=491258455 execution_end=491279211 execution_duration_ms=20755
[2026-02-02 19:53:57.411] [info] [spider.worker] [TIMING] task_id=4d05f1d9-2a96-4ec1-a861-2b43261bef34 func=job_orchestration.executor.compress.spider_compress.compress submit_output_start=491279212 submit_output_end=491279620 submit_output_duration_ms=407
[2026-02-02 19:53:58.286] [info] [spider.worker] [TIMING] task_id=40f26f60-5e8d-4b27-aea0-8fd686b46458 func=job_orchestration.executor.compress.spider_compress.compress fetch_input_start=491280493 fetch_input_end=491280495 fetch_input_duration_ms=1
[2026-02-02 19:53:58.287] [info] [spider.worker] [TIMING] task_id=40f26f60-5e8d-4b27-aea0-8fd686b46458 func=job_orchestration.executor.compress.spider_compress.compress input_send_start=491280495 input_send_end=491280495 input_send_duration_ms=0 bytes=755
[2026-02-02 19:53:58.287] [info] [spider.worker] [TIMING] task_id=40f26f60-5e8d-4b27-aea0-8fd686b46458 func=job_orchestration.executor.compress.spider_compress.compress spawn_start=491280495 spawn_end=491280495 spawn_duration_ms=0
[2026-02-02 19:54:25.725] [info] [spider.worker] [TIMING] task_id=40f26f60-5e8d-4b27-aea0-8fd686b46458 func=job_orchestration.executor.compress.spider_compress.compress execution_start=491280496 execution_end=491307933 execution_duration_ms=27437
[2026-02-02 19:54:25.739] [info] [spider.worker] [TIMING] task_id=40f26f60-5e8d-4b27-aea0-8fd686b46458 func=job_orchestration.executor.compress.spider_compress.compress submit_output_start=491307936 submit_output_end=491307948 submit_output_duration_ms=12
[2026-02-02 19:54:25.791] [info] [spider.worker] [TIMING] task_id=d8eaa220-d340-48c8-b552-969ce0a8614a func=job_orchestration.executor.compress.spider_compress.compress fetch_input_start=491307998 fetch_input_end=491307999 fetch_input_duration_ms=1
[2026-02-02 19:54:25.791] [info] [spider.worker] [TIMING] task_id=d8eaa220-d340-48c8-b552-969ce0a8614a func=job_orchestration.executor.compress.spider_compress.compress input_send_start=491308000 input_send_end=491308000 input_send_duration_ms=0 bytes=751
[2026-02-02 19:54:25.791] [info] [spider.worker] [TIMING] task_id=d8eaa220-d340-48c8-b552-969ce0a8614a func=job_orchestration.executor.compress.spider_compress.compress spawn_start=491307999 spawn_end=491308000 spawn_duration_ms=0
[2026-02-02 19:55:14.984] [info] [spider.worker] [TIMING] task_id=d8eaa220-d340-48c8-b552-969ce0a8614a func=job_orchestration.executor.compress.spider_compress.compress execution_start=491308000 execution_end=491357193 execution_duration_ms=49193
[2026-02-02 19:55:15.018] [info] [spider.worker] [TIMING] task_id=d8eaa220-d340-48c8-b552-969ce0a8614a func=job_orchestration.executor.compress.spider_compress.compress submit_output_start=491357208 submit_output_end=491357227 submit_output_duration_ms=18
[2026-02-02 19:55:15.102] [info] [spider.worker] [TIMING] task_id=865a67ca-557f-41f2-97b4-5126b5fdc12f func=job_orchestration.executor.compress.spider_compress.compress fetch_input_start=491357309 fetch_input_end=491357311 fetch_input_duration_ms=1
[2026-02-02 19:55:15.103] [info] [spider.worker] [TIMING] task_id=865a67ca-557f-41f2-97b4-5126b5fdc12f func=job_orchestration.executor.compress.spider_compress.compress input_send_start=491357311 input_send_end=491357311 input_send_duration_ms=0 bytes=755
[2026-02-02 19:55:15.103] [info] [spider.worker] [TIMING] task_id=865a67ca-557f-41f2-97b4-5126b5fdc12f func=job_orchestration.executor.compress.spider_compress.compress spawn_start=491357311 spawn_end=491357311 spawn_duration_ms=0
[2026-02-02 19:55:25.078] [info] [spider.worker] [TIMING] task_id=865a67ca-557f-41f2-97b4-5126b5fdc12f func=job_orchestration.executor.compress.spider_compress.compress execution_start=491357312 execution_end=491367286 execution_duration_ms=9974
[2026-02-02 19:55:25.084] [info] [spider.worker] [TIMING] task_id=865a67ca-557f-41f2-97b4-5126b5fdc12f func=job_orchestration.executor.compress.spider_compress.compress submit_output_start=491367288 submit_output_end=491367292 submit_output_duration_ms=4
[2026-02-02 19:55:25.115] [info] [spider.worker] [TIMING] task_id=76f3e613-fab9-4aa2-9677-d44eecdf490c func=job_orchestration.executor.compress.spider_compress.compress fetch_input_start=491367322 fetch_input_end=491367323 fetch_input_duration_ms=0
[2026-02-02 19:55:25.115] [info] [spider.worker] [TIMING] task_id=76f3e613-fab9-4aa2-9677-d44eecdf490c func=job_orchestration.executor.compress.spider_compress.compress input_send_start=491367323 input_send_end=491367323 input_send_duration_ms=0 bytes=751
[2026-02-02 19:55:25.115] [info] [spider.worker] [TIMING] task_id=76f3e613-fab9-4aa2-9677-d44eecdf490c func=job_orchestration.executor.compress.spider_compress.compress spawn_start=491367323 spawn_end=491367323 spawn_duration_ms=0
[2026-02-02 19:57:09.690] [info] [spider.worker] [TIMING] task_id=76f3e613-fab9-4aa2-9677-d44eecdf490c func=job_orchestration.executor.compress.spider_compress.compress execution_start=491367324 execution_end=491471898 execution_duration_ms=104574
[2026-02-02 19:57:09.707] [info] [spider.worker] [TIMING] task_id=76f3e613-fab9-4aa2-9677-d44eecdf490c func=job_orchestration.executor.compress.spider_compress.compress submit_output_start=491471900 submit_output_end=491471915 submit_output_duration_ms=14
[2026-02-02 19:57:09.718] [info] [spider.worker] [TIMING] task_id=8efb6f48-c7ba-4579-9c41-1063fa69f640 func=job_orchestration.executor.compress.spider_compress.compress fetch_input_start=491471925 fetch_input_end=491471927 fetch_input_duration_ms=1
[2026-02-02 19:57:09.719] [info] [spider.worker] [TIMING] task_id=8efb6f48-c7ba-4579-9c41-1063fa69f640 func=job_orchestration.executor.compress.spider_compress.compress input_send_start=491471928 input_send_end=491471928 input_send_duration_ms=0 bytes=755
[2026-02-02 19:57:09.719] [info] [spider.worker] [TIMING] task_id=8efb6f48-c7ba-4579-9c41-1063fa69f640 func=job_orchestration.executor.compress.spider_compress.compress spawn_start=491471927 spawn_end=491471928 spawn_duration_ms=0
[2026-02-02 19:59:31.486] [info] [spider.worker] [TIMING] task_id=8efb6f48-c7ba-4579-9c41-1063fa69f640 func=job_orchestration.executor.compress.spider_compress.compress execution_start=491471928 execution_end=491613694 execution_duration_ms=141766
[2026-02-02 19:59:31.503] [info] [spider.worker] [TIMING] task_id=8efb6f48-c7ba-4579-9c41-1063fa69f640 func=job_orchestration.executor.compress.spider_compress.compress submit_output_start=491613696 submit_output_end=491613711 submit_output_duration_ms=14
[2026-02-02 19:59:31.523] [info] [spider.worker] [TIMING] task_id=bad472fe-50de-44d7-9737-e498bdb7f4a5 func=job_orchestration.executor.compress.spider_compress.compress fetch_input_start=491613730 fetch_input_end=491613731 fetch_input_duration_ms=1
[2026-02-02 19:59:31.524] [info] [spider.worker] [TIMING] task_id=bad472fe-50de-44d7-9737-e498bdb7f4a5 func=job_orchestration.executor.compress.spider_compress.compress input_send_start=491613732 input_send_end=491613732 input_send_duration_ms=0 bytes=751
[2026-02-02 19:59:31.524] [info] [spider.worker] [TIMING] task_id=bad472fe-50de-44d7-9737-e498bdb7f4a5 func=job_orchestration.executor.compress.spider_compress.compress spawn_start=491613732 spawn_end=491613732 spawn_duration_ms=0
[2026-02-02 20:00:35.859] [info] [spider.worker] [TIMING] task_id=bad472fe-50de-44d7-9737-e498bdb7f4a5 func=job_orchestration.executor.compress.spider_compress.compress execution_start=491613732 execution_end=491678067 execution_duration_ms=64334
[2026-02-02 20:00:35.880] [info] [spider.worker] [TIMING] task_id=bad472fe-50de-44d7-9737-e498bdb7f4a5 func=job_orchestration.executor.compress.spider_compress.compress submit_output_start=491678069 submit_output_end=491678088 submit_output_duration_ms=19
[2026-02-02 20:00:35.899] [info] [spider.worker] [TIMING] task_id=9f5baf48-0e5b-4f0e-a473-a86a48f2eade func=job_orchestration.executor.compress.spider_compress.compress fetch_input_start=491678106 fetch_input_end=491678108 fetch_input_duration_ms=1
[2026-02-02 20:00:35.900] [info] [spider.worker] [TIMING] task_id=9f5baf48-0e5b-4f0e-a473-a86a48f2eade func=job_orchestration.executor.compress.spider_compress.compress input_send_start=491678108 input_send_end=491678108 input_send_duration_ms=0 bytes=752
[2026-02-02 20:00:35.900] [info] [spider.worker] [TIMING] task_id=9f5baf48-0e5b-4f0e-a473-a86a48f2eade func=job_orchestration.executor.compress.spider_compress.compress spawn_start=491678108 spawn_end=491678109 spawn_duration_ms=0
[2026-02-02 20:01:28.462] [info] [spider.worker] [TIMING] task_id=9f5baf48-0e5b-4f0e-a473-a86a48f2eade func=job_orchestration.executor.compress.spider_compress.compress execution_start=491678109 execution_end=491730671 execution_duration_ms=52561
[2026-02-02 20:01:28.496] [info] [spider.worker] [TIMING] task_id=9f5baf48-0e5b-4f0e-a473-a86a48f2eade func=job_orchestration.executor.compress.spider_compress.compress submit_output_start=491730673 submit_output_end=491730704 submit_output_duration_ms=31
[2026-02-02 20:01:28.511] [info] [spider.worker] [TIMING] task_id=1d77f798-4050-4acf-8829-6adebb907d6a func=job_orchestration.executor.compress.spider_compress.compress fetch_input_start=491730718 fetch_input_end=491730719 fetch_input_duration_ms=1
[2026-02-02 20:01:28.511] [info] [spider.worker] [TIMING] task_id=1d77f798-4050-4acf-8829-6adebb907d6a func=job_orchestration.executor.compress.spider_compress.compress input_send_start=491730720 input_send_end=491730720 input_send_duration_ms=0 bytes=748
[2026-02-02 20:01:28.511] [info] [spider.worker] [TIMING] task_id=1d77f798-4050-4acf-8829-6adebb907d6a func=job_orchestration.executor.compress.spider_compress.compress spawn_start=491730719 spawn_end=491730720 spawn_duration_ms=0
[2026-02-02 20:03:13.188] [info] [spider.worker] [TIMING] task_id=1d77f798-4050-4acf-8829-6adebb907d6a func=job_orchestration.executor.compress.spider_compress.compress execution_start=491730720 execution_end=491835396 execution_duration_ms=104676
[2026-02-02 20:03:13.425] [info] [spider.worker] [TIMING] task_id=1d77f798-4050-4acf-8829-6adebb907d6a func=job_orchestration.executor.compress.spider_compress.compress submit_output_start=491835398 submit_output_end=491835633 submit_output_duration_ms=235
[2026-02-02 20:03:13.668] [info] [spider.worker] [TIMING] task_id=37446e14-c11c-4363-a6db-ce0b8ea20e12 func=job_orchestration.executor.compress.spider_compress.compress fetch_input_start=491835875 fetch_input_end=491835876 fetch_input_duration_ms=1
[2026-02-02 20:03:13.669] [info] [spider.worker] [TIMING] task_id=37446e14-c11c-4363-a6db-ce0b8ea20e12 func=job_orchestration.executor.compress.spider_compress.compress input_send_start=491835877 input_send_end=491835877 input_send_duration_ms=0 bytes=752
[2026-02-02 20:03:13.669] [info] [spider.worker] [TIMING] task_id=37446e14-c11c-4363-a6db-ce0b8ea20e12 func=job_orchestration.executor.compress.spider_compress.compress spawn_start=491835876 spawn_end=491835877 spawn_duration_ms=0
[2026-02-02 20:05:39.371] [info] [spider.worker] [TIMING] task_id=37446e14-c11c-4363-a6db-ce0b8ea20e12 func=job_orchestration.executor.compress.spider_compress.compress execution_start=491835877 execution_end=491981579 execution_duration_ms=145701
[2026-02-02 20:05:39.382] [info] [spider.worker] [TIMING] task_id=37446e14-c11c-4363-a6db-ce0b8ea20e12 func=job_orchestration.executor.compress.spider_compress.compress submit_output_start=491981581 submit_output_end=491981590 submit_output_duration_ms=9
[2026-02-02 20:05:39.401] [info] [spider.worker] [TIMING] task_id=097d4e8b-edf7-4a97-922d-d33ea3076be1 func=job_orchestration.executor.compress.spider_compress.compress fetch_input_start=491981609 fetch_input_end=491981610 fetch_input_duration_ms=0
[2026-02-02 20:05:39.402] [info] [spider.worker] [TIMING] task_id=097d4e8b-edf7-4a97-922d-d33ea3076be1 func=job_orchestration.executor.compress.spider_compress.compress input_send_start=491981610 input_send_end=491981610 input_send_duration_ms=0 bytes=751
[2026-02-02 20:05:39.402] [info] [spider.worker] [TIMING] task_id=097d4e8b-edf7-4a97-922d-d33ea3076be1 func=job_orchestration.executor.compress.spider_compress.compress spawn_start=491981610 spawn_end=491981610 spawn_duration_ms=0
[2026-02-02 20:07:49.394] [info] [spider.worker] [TIMING] task_id=097d4e8b-edf7-4a97-922d-d33ea3076be1 func=job_orchestration.executor.compress.spider_compress.compress execution_start=491981611 execution_end=492111603 execution_duration_ms=129991
[2026-02-02 20:07:49.446] [info] [spider.worker] [TIMING] task_id=097d4e8b-edf7-4a97-922d-d33ea3076be1 func=job_orchestration.executor.compress.spider_compress.compress submit_output_start=492111620 submit_output_end=492111654 submit_output_duration_ms=34
[2026-02-02 20:07:49.465] [info] [spider.worker] [TIMING] task_id=549765c0-fc63-4545-ae20-d75b68836867 func=job_orchestration.executor.compress.spider_compress.compress fetch_input_start=492111672 fetch_input_end=492111673 fetch_input_duration_ms=1
[2026-02-02 20:07:49.465] [info] [spider.worker] [TIMING] task_id=549765c0-fc63-4545-ae20-d75b68836867 func=job_orchestration.executor.compress.spider_compress.compress input_send_start=492111674 input_send_end=492111674 input_send_duration_ms=0 bytes=750
[2026-02-02 20:07:49.465] [info] [spider.worker] [TIMING] task_id=549765c0-fc63-4545-ae20-d75b68836867 func=job_orchestration.executor.compress.spider_compress.compress spawn_start=492111673 spawn_end=492111674 spawn_duration_ms=0
[2026-02-02 20:10:15.868] [info] [spider.worker] [TIMING] task_id=549765c0-fc63-4545-ae20-d75b68836867 func=job_orchestration.executor.compress.spider_compress.compress execution_start=492111674 execution_end=492258076 execution_duration_ms=146402
[2026-02-02 20:10:15.882] [info] [spider.worker] [TIMING] task_id=549765c0-fc63-4545-ae20-d75b68836867 func=job_orchestration.executor.compress.spider_compress.compress submit_output_start=492258078 submit_output_end=492258090 submit_output_duration_ms=11
[2026-02-02 20:10:15.901] [info] [spider.worker] [TIMING] task_id=d69d3b82-cf73-4d9a-825b-f2f14849bac2 func=job_orchestration.executor.compress.spider_compress.compress fetch_input_start=492258108 fetch_input_end=492258109 fetch_input_duration_ms=0
[2026-02-02 20:10:15.901] [info] [spider.worker] [TIMING] task_id=d69d3b82-cf73-4d9a-825b-f2f14849bac2 func=job_orchestration.executor.compress.spider_compress.compress input_send_start=492258110 input_send_end=492258110 input_send_duration_ms=0 bytes=748
[2026-02-02 20:10:15.901] [info] [spider.worker] [TIMING] task_id=d69d3b82-cf73-4d9a-825b-f2f14849bac2 func=job_orchestration.executor.compress.spider_compress.compress spawn_start=492258109 spawn_end=492258110 spawn_duration_ms=0
[2026-02-02 20:10:30.283] [info] [spider.worker] [TIMING] task_id=d69d3b82-cf73-4d9a-825b-f2f14849bac2 func=job_orchestration.executor.compress.spider_compress.compress execution_start=492258110 execution_end=492272492 execution_duration_ms=14381
[2026-02-02 20:10:30.318] [info] [spider.worker] [TIMING] task_id=d69d3b82-cf73-4d9a-825b-f2f14849bac2 func=job_orchestration.executor.compress.spider_compress.compress submit_output_start=492272494 submit_output_end=492272526 submit_output_duration_ms=32
[2026-02-02 20:10:30.342] [info] [spider.worker] [TIMING] task_id=7b44783f-30be-4bcd-93ad-c2dcee46272f func=job_orchestration.executor.compress.spider_compress.compress fetch_input_start=492272549 fetch_input_end=492272551 fetch_input_duration_ms=1
[2026-02-02 20:10:30.343] [info] [spider.worker] [TIMING] task_id=7b44783f-30be-4bcd-93ad-c2dcee46272f func=job_orchestration.executor.compress.spider_compress.compress input_send_start=492272551 input_send_end=492272551 input_send_duration_ms=0 bytes=754
[2026-02-02 20:10:30.343] [info] [spider.worker] [TIMING] task_id=7b44783f-30be-4bcd-93ad-c2dcee46272f func=job_orchestration.executor.compress.spider_compress.compress spawn_start=492272551 spawn_end=492272551 spawn_duration_ms=0
[2026-02-02 20:11:49.455] [info] [spider.worker] [TIMING] task_id=7b44783f-30be-4bcd-93ad-c2dcee46272f func=job_orchestration.executor.compress.spider_compress.compress execution_start=492272552 execution_end=492351664 execution_duration_ms=79112
[2026-02-02 20:11:49.504] [info] [spider.worker] [TIMING] task_id=7b44783f-30be-4bcd-93ad-c2dcee46272f func=job_orchestration.executor.compress.spider_compress.compress submit_output_start=492351677 submit_output_end=492351712 submit_output_duration_ms=35
[2026-02-02 20:11:49.549] [info] [spider.worker] [TIMING] task_id=5a32e120-030a-4826-8cd1-7afba78d8abf func=job_orchestration.executor.compress.spider_compress.compress fetch_input_start=492351756 fetch_input_end=492351758 fetch_input_duration_ms=1
[2026-02-02 20:11:49.550] [info] [spider.worker] [TIMING] task_id=5a32e120-030a-4826-8cd1-7afba78d8abf func=job_orchestration.executor.compress.spider_compress.compress input_send_start=492351758 input_send_end=492351758 input_send_duration_ms=0 bytes=755
[2026-02-02 20:11:49.550] [info] [spider.worker] [TIMING] task_id=5a32e120-030a-4826-8cd1-7afba78d8abf func=job_orchestration.executor.compress.spider_compress.compress spawn_start=492351758 spawn_end=492351758 spawn_duration_ms=0
[2026-02-02 20:13:23.152] [info] [spider.worker] [TIMING] task_id=5a32e120-030a-4826-8cd1-7afba78d8abf func=job_orchestration.executor.compress.spider_compress.compress execution_start=492351758 execution_end=492445360 execution_duration_ms=93602
[2026-02-02 20:13:23.186] [info] [spider.worker] [TIMING] task_id=5a32e120-030a-4826-8cd1-7afba78d8abf func=job_orchestration.executor.compress.spider_compress.compress submit_output_start=492445363 submit_output_end=492445395 submit_output_duration_ms=32
[2026-02-02 20:13:23.210] [info] [spider.worker] [TIMING] task_id=b2004aa6-ecf0-4b9d-a390-a76cf7ef9869 func=job_orchestration.executor.compress.spider_compress.compress fetch_input_start=492445417 fetch_input_end=492445418 fetch_input_duration_ms=1
[2026-02-02 20:13:23.210] [info] [spider.worker] [TIMING] task_id=b2004aa6-ecf0-4b9d-a390-a76cf7ef9869 func=job_orchestration.executor.compress.spider_compress.compress input_send_start=492445419 input_send_end=492445419 input_send_duration_ms=0 bytes=752
[2026-02-02 20:13:23.210] [info] [spider.worker] [TIMING] task_id=b2004aa6-ecf0-4b9d-a390-a76cf7ef9869 func=job_orchestration.executor.compress.spider_compress.compress spawn_start=492445418 spawn_end=492445419 spawn_duration_ms=0
[2026-02-02 20:15:22.861] [info] [spider.worker] [TIMING] task_id=b2004aa6-ecf0-4b9d-a390-a76cf7ef9869 func=job_orchestration.executor.compress.spider_compress.compress execution_start=492445419 execution_end=492565070 execution_duration_ms=119650
[2026-02-02 20:15:22.913] [info] [spider.worker] [TIMING] task_id=b2004aa6-ecf0-4b9d-a390-a76cf7ef9869 func=job_orchestration.executor.compress.spider_compress.compress submit_output_start=492565071 submit_output_end=492565121 submit_output_duration_ms=49
[2026-02-02 20:15:22.957] [info] [spider.worker] [TIMING] task_id=a820847e-d278-413a-94c2-da8adbe37310 func=job_orchestration.executor.compress.spider_compress.compress fetch_input_start=492565164 fetch_input_end=492565165 fetch_input_duration_ms=1
[2026-02-02 20:15:22.958] [info] [spider.worker] [TIMING] task_id=a820847e-d278-413a-94c2-da8adbe37310 func=job_orchestration.executor.compress.spider_compress.compress input_send_start=492565166 input_send_end=492565166 input_send_duration_ms=0 bytes=755
[2026-02-02 20:15:22.958] [info] [spider.worker] [TIMING] task_id=a820847e-d278-413a-94c2-da8adbe37310 func=job_orchestration.executor.compress.spider_compress.compress spawn_start=492565166 spawn_end=492565166 spawn_duration_ms=0
[2026-02-02 20:18:18.495] [info] [spider.worker] [TIMING] task_id=a820847e-d278-413a-94c2-da8adbe37310 func=job_orchestration.executor.compress.spider_compress.compress execution_start=492565166 execution_end=492740703 execution_duration_ms=175537
[2026-02-02 20:18:18.755] [info] [spider.worker] [TIMING] task_id=a820847e-d278-413a-94c2-da8adbe37310 func=job_orchestration.executor.compress.spider_compress.compress submit_output_start=492740722 submit_output_end=492740963 submit_output_duration_ms=241
[2026-02-02 20:18:18.825] [info] [spider.worker] [TIMING] task_id=0e4cca12-eefa-4ca8-ac0a-dad67d512274 func=job_orchestration.executor.compress.spider_compress.compress fetch_input_start=492741032 fetch_input_end=492741034 fetch_input_duration_ms=1
[2026-02-02 20:18:18.826] [info] [spider.worker] [TIMING] task_id=0e4cca12-eefa-4ca8-ac0a-dad67d512274 func=job_orchestration.executor.compress.spider_compress.compress input_send_start=492741034 input_send_end=492741034 input_send_duration_ms=0 bytes=755
[2026-02-02 20:18:18.826] [info] [spider.worker] [TIMING] task_id=0e4cca12-eefa-4ca8-ac0a-dad67d512274 func=job_orchestration.executor.compress.spider_compress.compress spawn_start=492741034 spawn_end=492741034 spawn_duration_ms=0
[2026-02-02 20:21:14.166] [info] [spider.worker] [TIMING] task_id=0e4cca12-eefa-4ca8-ac0a-dad67d512274 func=job_orchestration.executor.compress.spider_compress.compress execution_start=492741035 execution_end=492916374 execution_duration_ms=175339
[2026-02-02 20:21:14.206] [info] [spider.worker] [TIMING] task_id=0e4cca12-eefa-4ca8-ac0a-dad67d512274 func=job_orchestration.executor.compress.spider_compress.compress submit_output_start=492916391 submit_output_end=492916414 submit_output_duration_ms=23
[2026-02-02 20:21:14.225] [info] [spider.worker] [TIMING] task_id=6cb72279-cd78-451d-beae-787d9cc4a9b7 func=job_orchestration.executor.compress.spider_compress.compress fetch_input_start=492916433 fetch_input_end=492916434 fetch_input_duration_ms=0
[2026-02-02 20:21:14.226] [info] [spider.worker] [TIMING] task_id=6cb72279-cd78-451d-beae-787d9cc4a9b7 func=job_orchestration.executor.compress.spider_compress.compress input_send_start=492916434 input_send_end=492916434 input_send_duration_ms=0 bytes=754
[2026-02-02 20:21:14.226] [info] [spider.worker] [TIMING] task_id=6cb72279-cd78-451d-beae-787d9cc4a9b7 func=job_orchestration.executor.compress.spider_compress.compress spawn_start=492916434 spawn_end=492916434 spawn_duration_ms=0
[2026-02-02 20:22:23.361] [info] [spider.worker] [TIMING] task_id=6cb72279-cd78-451d-beae-787d9cc4a9b7 func=job_orchestration.executor.compress.spider_compress.compress execution_start=492916435 execution_end=492985570 execution_duration_ms=69135
[2026-02-02 20:22:23.375] [info] [spider.worker] [TIMING] task_id=6cb72279-cd78-451d-beae-787d9cc4a9b7 func=job_orchestration.executor.compress.spider_compress.compress submit_output_start=492985572 submit_output_end=492985584 submit_output_duration_ms=11
[2026-02-02 20:22:23.396] [info] [spider.worker] [TIMING] task_id=3425653b-b460-468c-97dc-89356a93f171 func=job_orchestration.executor.compress.spider_compress.compress fetch_input_start=492985603 fetch_input_end=492985604 fetch_input_duration_ms=1
[2026-02-02 20:22:23.397] [info] [spider.worker] [TIMING] task_id=3425653b-b460-468c-97dc-89356a93f171 func=job_orchestration.executor.compress.spider_compress.compress input_send_start=492985605 input_send_end=492985605 input_send_duration_ms=0 bytes=754
[2026-02-02 20:22:23.397] [info] [spider.worker] [TIMING] task_id=3425653b-b460-468c-97dc-89356a93f171 func=job_orchestration.executor.compress.spider_compress.compress spawn_start=492985605 spawn_end=492985605 spawn_duration_ms=0
[2026-02-02 20:24:40.835] [info] [spider.worker] [TIMING] task_id=3425653b-b460-468c-97dc-89356a93f171 func=job_orchestration.executor.compress.spider_compress.compress execution_start=492985605 execution_end=493123044 execution_duration_ms=137438
[2026-02-02 20:24:40.881] [info] [spider.worker] [TIMING] task_id=3425653b-b460-468c-97dc-89356a93f171 func=job_orchestration.executor.compress.spider_compress.compress submit_output_start=493123046 submit_output_end=493123089 submit_output_duration_ms=43
[2026-02-02 20:24:40.900] [info] [spider.worker] [TIMING] task_id=a8caa5a9-b505-488b-9f61-d6b06b44f634 func=job_orchestration.executor.compress.spider_compress.compress fetch_input_start=493123107 fetch_input_end=493123109 fetch_input_duration_ms=1
[2026-02-02 20:24:40.901] [info] [spider.worker] [TIMING] task_id=a8caa5a9-b505-488b-9f61-d6b06b44f634 func=job_orchestration.executor.compress.spider_compress.compress input_send_start=493123109 input_send_end=493123109 input_send_duration_ms=0 bytes=838
[2026-02-02 20:24:40.901] [info] [spider.worker] [TIMING] task_id=a8caa5a9-b505-488b-9f61-d6b06b44f634 func=job_orchestration.executor.compress.spider_compress.compress spawn_start=493123109 spawn_end=493123109 spawn_duration_ms=0
[2026-02-02 20:26:14.669] [info] [spider.worker] [TIMING] task_id=a8caa5a9-b505-488b-9f61-d6b06b44f634 func=job_orchestration.executor.compress.spider_compress.compress execution_start=493123110 execution_end=493216877 execution_duration_ms=93767
[2026-02-02 20:26:14.864] [info] [spider.worker] [TIMING] task_id=a8caa5a9-b505-488b-9f61-d6b06b44f634 func=job_orchestration.executor.compress.spider_compress.compress submit_output_start=493216880 submit_output_end=493217072 submit_output_duration_ms=192
[2026-02-02 20:26:15.084] [info] [spider.worker] [TIMING] task_id=bae70ad5-c621-428f-8fcc-2eb79e8eb944 func=job_orchestration.executor.compress.spider_compress.compress fetch_input_start=493217291 fetch_input_end=493217293 fetch_input_duration_ms=1
[2026-02-02 20:26:15.085] [info] [spider.worker] [TIMING] task_id=bae70ad5-c621-428f-8fcc-2eb79e8eb944 func=job_orchestration.executor.compress.spider_compress.compress input_send_start=493217293 input_send_end=493217293 input_send_duration_ms=0 bytes=751
[2026-02-02 20:26:15.085] [info] [spider.worker] [TIMING] task_id=bae70ad5-c621-428f-8fcc-2eb79e8eb944 func=job_orchestration.executor.compress.spider_compress.compress spawn_start=493217293 spawn_end=493217293 spawn_duration_ms=0
[2026-02-02 20:29:19.659] [info] [spider.worker] [TIMING] task_id=bae70ad5-c621-428f-8fcc-2eb79e8eb944 func=job_orchestration.executor.compress.spider_compress.compress execution_start=493217294 execution_end=493401867 execution_duration_ms=184573
[2026-02-02 20:29:19.688] [info] [spider.worker] [TIMING] task_id=bae70ad5-c621-428f-8fcc-2eb79e8eb944 func=job_orchestration.executor.compress.spider_compress.compress submit_output_start=493401869 submit_output_end=493401896 submit_output_duration_ms=27
[2026-02-02 20:29:19.707] [info] [spider.worker] [TIMING] task_id=0c0a0277-a6b5-4712-ae8c-e4abe192b0f3 func=job_orchestration.executor.compress.spider_compress.compress fetch_input_start=493401914 fetch_input_end=493401915 fetch_input_duration_ms=0
[2026-02-02 20:29:19.707] [info] [spider.worker] [TIMING] task_id=0c0a0277-a6b5-4712-ae8c-e4abe192b0f3 func=job_orchestration.executor.compress.spider_compress.compress input_send_start=493401915 input_send_end=493401915 input_send_duration_ms=0 bytes=755
[2026-02-02 20:29:19.707] [info] [spider.worker] [TIMING] task_id=0c0a0277-a6b5-4712-ae8c-e4abe192b0f3 func=job_orchestration.executor.compress.spider_compress.compress spawn_start=493401915 spawn_end=493401915 spawn_duration_ms=0
[2026-02-02 20:29:30.710] [info] [spider.worker] [TIMING] task_id=0c0a0277-a6b5-4712-ae8c-e4abe192b0f3 func=job_orchestration.executor.compress.spider_compress.compress execution_start=493401916 execution_end=493412918 execution_duration_ms=11002
[2026-02-02 20:29:30.729] [info] [spider.worker] [TIMING] task_id=0c0a0277-a6b5-4712-ae8c-e4abe192b0f3 func=job_orchestration.executor.compress.spider_compress.compress submit_output_start=493412920 submit_output_end=493412937 submit_output_duration_ms=16
[2026-02-02 20:29:30.749] [info] [spider.worker] [TIMING] task_id=c33e8f37-1be7-485e-832e-7c9eb0b06656 func=job_orchestration.executor.compress.spider_compress.compress fetch_input_start=493412956 fetch_input_end=493412957 fetch_input_duration_ms=0
[2026-02-02 20:29:30.749] [info] [spider.worker] [TIMING] task_id=c33e8f37-1be7-485e-832e-7c9eb0b06656 func=job_orchestration.executor.compress.spider_compress.compress input_send_start=493412957 input_send_end=493412957 input_send_duration_ms=0 bytes=755
[2026-02-02 20:29:30.749] [info] [spider.worker] [TIMING] task_id=c33e8f37-1be7-485e-832e-7c9eb0b06656 func=job_orchestration.executor.compress.spider_compress.compress spawn_start=493412957 spawn_end=493412957 spawn_duration_ms=0
[2026-02-02 20:30:19.584] [info] [spider.worker] [TIMING] task_id=c33e8f37-1be7-485e-832e-7c9eb0b06656 func=job_orchestration.executor.compress.spider_compress.compress execution_start=493412957 execution_end=493461793 execution_duration_ms=48835
[2026-02-02 20:30:19.622] [info] [spider.worker] [TIMING] task_id=c33e8f37-1be7-485e-832e-7c9eb0b06656 func=job_orchestration.executor.compress.spider_compress.compress submit_output_start=493461794 submit_output_end=493461830 submit_output_duration_ms=35
[2026-02-02 20:30:19.643] [info] [spider.worker] [TIMING] task_id=00f34c2e-ad91-480b-86e0-07a1ac70c995 func=job_orchestration.executor.compress.spider_compress.compress fetch_input_start=493461850 fetch_input_end=493461851 fetch_input_duration_ms=0
[2026-02-02 20:30:19.643] [info] [spider.worker] [TIMING] task_id=00f34c2e-ad91-480b-86e0-07a1ac70c995 func=job_orchestration.executor.compress.spider_compress.compress input_send_start=493461852 input_send_end=493461852 input_send_duration_ms=0 bytes=755
[2026-02-02 20:30:19.643] [info] [spider.worker] [TIMING] task_id=00f34c2e-ad91-480b-86e0-07a1ac70c995 func=job_orchestration.executor.compress.spider_compress.compress spawn_start=493461851 spawn_end=493461852 spawn_duration_ms=0
[2026-02-02 20:31:25.904] [info] [spider.worker] [TIMING] task_id=00f34c2e-ad91-480b-86e0-07a1ac70c995 func=job_orchestration.executor.compress.spider_compress.compress execution_start=493461852 execution_end=493528113 execution_duration_ms=66260
[2026-02-02 20:31:25.939] [info] [spider.worker] [TIMING] task_id=00f34c2e-ad91-480b-86e0-07a1ac70c995 func=job_orchestration.executor.compress.spider_compress.compress submit_output_start=493528114 submit_output_end=493528147 submit_output_duration_ms=33
[2026-02-02 20:31:25.995] [info] [spider.worker] [TIMING] task_id=9091f78b-2626-4817-b027-883611a69b4a func=job_orchestration.executor.compress.spider_compress.compress fetch_input_start=493528202 fetch_input_end=493528204 fetch_input_duration_ms=1
[2026-02-02 20:31:25.996] [info] [spider.worker] [TIMING] task_id=9091f78b-2626-4817-b027-883611a69b4a func=job_orchestration.executor.compress.spider_compress.compress input_send_start=493528204 input_send_end=493528204 input_send_duration_ms=0 bytes=751
[2026-02-02 20:31:25.996] [info] [spider.worker] [TIMING] task_id=9091f78b-2626-4817-b027-883611a69b4a func=job_orchestration.executor.compress.spider_compress.compress spawn_start=493528204 spawn_end=493528204 spawn_duration_ms=0
[2026-02-02 20:35:23.255] [info] [spider.worker] [TIMING] task_id=9091f78b-2626-4817-b027-883611a69b4a func=job_orchestration.executor.compress.spider_compress.compress execution_start=493528205 execution_end=493765463 execution_duration_ms=237258
[2026-02-02 20:35:23.269] [info] [spider.worker] [TIMING] task_id=9091f78b-2626-4817-b027-883611a69b4a func=job_orchestration.executor.compress.spider_compress.compress submit_output_start=493765465 submit_output_end=493765477 submit_output_duration_ms=11
[2026-02-02 20:35:23.288] [info] [spider.worker] [TIMING] task_id=1f10e7fa-d544-40fe-aad4-907c8ed973dc func=job_orchestration.executor.compress.spider_compress.compress fetch_input_start=493765496 fetch_input_end=493765497 fetch_input_duration_ms=0
[2026-02-02 20:35:23.289] [info] [spider.worker] [TIMING] task_id=1f10e7fa-d544-40fe-aad4-907c8ed973dc func=job_orchestration.executor.compress.spider_compress.compress input_send_start=493765497 input_send_end=493765497 input_send_duration_ms=0 bytes=850
[2026-02-02 20:35:23.289] [info] [spider.worker] [TIMING] task_id=1f10e7fa-d544-40fe-aad4-907c8ed973dc func=job_orchestration.executor.compress.spider_compress.compress spawn_start=493765497 spawn_end=493765497 spawn_duration_ms=0
[2026-02-02 20:35:48.748] [info] [spider.worker] [TIMING] task_id=1f10e7fa-d544-40fe-aad4-907c8ed973dc func=job_orchestration.executor.compress.spider_compress.compress execution_start=493765497 execution_end=493790956 execution_duration_ms=25458
[2026-02-02 20:35:48.783] [info] [spider.worker] [TIMING] task_id=1f10e7fa-d544-40fe-aad4-907c8ed973dc func=job_orchestration.executor.compress.spider_compress.compress submit_output_start=493790958 submit_output_end=493790991 submit_output_duration_ms=33
[2026-02-02 20:35:48.802] [info] [spider.worker] [TIMING] task_id=d739ad54-6342-481f-8720-2f8e424fa262 func=job_orchestration.executor.compress.spider_compress.compress fetch_input_start=493791010 fetch_input_end=493791011 fetch_input_duration_ms=1
[2026-02-02 20:35:48.803] [info] [spider.worker] [TIMING] task_id=d739ad54-6342-481f-8720-2f8e424fa262 func=job_orchestration.executor.compress.spider_compress.compress input_send_start=493791011 input_send_end=493791011 input_send_duration_ms=0 bytes=752
[2026-02-02 20:35:48.803] [info] [spider.worker] [TIMING] task_id=d739ad54-6342-481f-8720-2f8e424fa262 func=job_orchestration.executor.compress.spider_compress.compress spawn_start=493791011 spawn_end=493791011 spawn_duration_ms=0
[2026-02-02 20:37:08.313] [info] [spider.worker] [TIMING] task_id=d739ad54-6342-481f-8720-2f8e424fa262 func=job_orchestration.executor.compress.spider_compress.compress execution_start=493791011 execution_end=493870521 execution_duration_ms=79509
[2026-02-02 20:37:08.392] [info] [spider.worker] [TIMING] task_id=d739ad54-6342-481f-8720-2f8e424fa262 func=job_orchestration.executor.compress.spider_compress.compress submit_output_start=493870523 submit_output_end=493870601 submit_output_duration_ms=77
[2026-02-02 20:37:08.593] [info] [spider.worker] [TIMING] task_id=a2085ae7-a26a-42e2-817d-6d7442aab675 func=job_orchestration.executor.compress.spider_compress.compress fetch_input_start=493870800 fetch_input_end=493870801 fetch_input_duration_ms=1
[2026-02-02 20:37:08.594] [info] [spider.worker] [TIMING] task_id=a2085ae7-a26a-42e2-817d-6d7442aab675 func=job_orchestration.executor.compress.spider_compress.compress input_send_start=493870802 input_send_end=493870802 input_send_duration_ms=0 bytes=755
[2026-02-02 20:37:08.594] [info] [spider.worker] [TIMING] task_id=a2085ae7-a26a-42e2-817d-6d7442aab675 func=job_orchestration.executor.compress.spider_compress.compress spawn_start=493870801 spawn_end=493870802 spawn_duration_ms=0
[2026-02-02 20:37:25.378] [info] [spider.worker] [TIMING] task_id=a2085ae7-a26a-42e2-817d-6d7442aab675 func=job_orchestration.executor.compress.spider_compress.compress execution_start=493870802 execution_end=493887586 execution_duration_ms=16783
[2026-02-02 20:37:25.408] [info] [spider.worker] [TIMING] task_id=a2085ae7-a26a-42e2-817d-6d7442aab675 func=job_orchestration.executor.compress.spider_compress.compress submit_output_start=493887588 submit_output_end=493887616 submit_output_duration_ms=28
[2026-02-02 20:37:25.426] [info] [spider.worker] [TIMING] task_id=2de4b2b2-b3d3-451e-9b6e-7e887897ab6a func=job_orchestration.executor.compress.spider_compress.compress fetch_input_start=493887634 fetch_input_end=493887634 fetch_input_duration_ms=0
[2026-02-02 20:37:25.426] [info] [spider.worker] [TIMING] task_id=2de4b2b2-b3d3-451e-9b6e-7e887897ab6a func=job_orchestration.executor.compress.spider_compress.compress input_send_start=493887635 input_send_end=493887635 input_send_duration_ms=0 bytes=751
[2026-02-02 20:37:25.426] [info] [spider.worker] [TIMING] task_id=2de4b2b2-b3d3-451e-9b6e-7e887897ab6a func=job_orchestration.executor.compress.spider_compress.compress spawn_start=493887634 spawn_end=493887635 spawn_duration_ms=0
[2026-02-02 20:38:49.439] [info] [spider.worker] [TIMING] task_id=2de4b2b2-b3d3-451e-9b6e-7e887897ab6a func=job_orchestration.executor.compress.spider_compress.compress execution_start=493887635 execution_end=493971648 execution_duration_ms=84013
[2026-02-02 20:38:49.449] [info] [spider.worker] [TIMING] task_id=2de4b2b2-b3d3-451e-9b6e-7e887897ab6a func=job_orchestration.executor.compress.spider_compress.compress submit_output_start=493971649 submit_output_end=493971657 submit_output_duration_ms=8
[2026-02-02 20:38:49.469] [info] [spider.worker] [TIMING] task_id=234859d1-adf3-402c-9699-9c2a053484cf func=job_orchestration.executor.compress.spider_compress.compress fetch_input_start=493971676 fetch_input_end=493971677 fetch_input_duration_ms=1
[2026-02-02 20:38:49.469] [info] [spider.worker] [TIMING] task_id=234859d1-adf3-402c-9699-9c2a053484cf func=job_orchestration.executor.compress.spider_compress.compress input_send_start=493971678 input_send_end=493971678 input_send_duration_ms=0 bytes=750
[2026-02-02 20:38:49.469] [info] [spider.worker] [TIMING] task_id=234859d1-adf3-402c-9699-9c2a053484cf func=job_orchestration.executor.compress.spider_compress.compress spawn_start=493971677 spawn_end=493971678 spawn_duration_ms=0
[2026-02-02 20:41:16.685] [info] [spider.worker] [TIMING] task_id=234859d1-adf3-402c-9699-9c2a053484cf func=job_orchestration.executor.compress.spider_compress.compress execution_start=493971678 execution_end=494118894 execution_duration_ms=147215
[2026-02-02 20:41:16.718] [info] [spider.worker] [TIMING] task_id=234859d1-adf3-402c-9699-9c2a053484cf func=job_orchestration.executor.compress.spider_compress.compress submit_output_start=494118895 submit_output_end=494118926 submit_output_duration_ms=31
[2026-02-02 20:41:16.738] [info] [spider.worker] [TIMING] task_id=b95376fe-c626-4225-97a7-876b4e92eafb func=job_orchestration.executor.compress.spider_compress.compress fetch_input_start=494118945 fetch_input_end=494118946 fetch_input_duration_ms=1
[2026-02-02 20:41:16.739] [info] [spider.worker] [TIMING] task_id=b95376fe-c626-4225-97a7-876b4e92eafb func=job_orchestration.executor.compress.spider_compress.compress input_send_start=494118947 input_send_end=494118947 input_send_duration_ms=0 bytes=751
[2026-02-02 20:41:16.739] [info] [spider.worker] [TIMING] task_id=b95376fe-c626-4225-97a7-876b4e92eafb func=job_orchestration.executor.compress.spider_compress.compress spawn_start=494118946 spawn_end=494118947 spawn_duration_ms=0
[2026-02-02 20:42:09.575] [info] [spider.worker] [TIMING] task_id=b95376fe-c626-4225-97a7-876b4e92eafb func=job_orchestration.executor.compress.spider_compress.compress execution_start=494118947 execution_end=494171784 execution_duration_ms=52836
[2026-02-02 20:42:09.608] [info] [spider.worker] [TIMING] task_id=b95376fe-c626-4225-97a7-876b4e92eafb func=job_orchestration.executor.compress.spider_compress.compress submit_output_start=494171786 submit_output_end=494171816 submit_output_duration_ms=30
[2026-02-02 20:42:09.633] [info] [spider.worker] [TIMING] task_id=15ea754a-00cc-4388-a376-ed87475bce9e func=job_orchestration.executor.compress.spider_compress.compress fetch_input_start=494171840 fetch_input_end=494171842 fetch_input_duration_ms=1
[2026-02-02 20:42:09.634] [info] [spider.worker] [TIMING] task_id=15ea754a-00cc-4388-a376-ed87475bce9e func=job_orchestration.executor.compress.spider_compress.compress input_send_start=494171842 input_send_end=494171842 input_send_duration_ms=0 bytes=755
[2026-02-02 20:42:09.634] [info] [spider.worker] [TIMING] task_id=15ea754a-00cc-4388-a376-ed87475bce9e func=job_orchestration.executor.compress.spider_compress.compress spawn_start=494171842 spawn_end=494171843 spawn_duration_ms=0
[2026-02-02 20:45:38.365] [info] [spider.worker] [TIMING] task_id=15ea754a-00cc-4388-a376-ed87475bce9e func=job_orchestration.executor.compress.spider_compress.compress execution_start=494171843 execution_end=494380573 execution_duration_ms=208730
[2026-02-02 20:45:38.408] [info] [spider.worker] [TIMING] task_id=15ea754a-00cc-4388-a376-ed87475bce9e func=job_orchestration.executor.compress.spider_compress.compress submit_output_start=494380575 submit_output_end=494380616 submit_output_duration_ms=41
[2026-02-02 20:45:38.429] [info] [spider.worker] [TIMING] task_id=e5864d9f-9d8b-4842-83a5-402d385aacee func=job_orchestration.executor.compress.spider_compress.compress fetch_input_start=494380636 fetch_input_end=494380637 fetch_input_duration_ms=0
[2026-02-02 20:45:38.429] [info] [spider.worker] [TIMING] task_id=e5864d9f-9d8b-4842-83a5-402d385aacee func=job_orchestration.executor.compress.spider_compress.compress input_send_start=494380638 input_send_end=494380638 input_send_duration_ms=0 bytes=751
[2026-02-02 20:45:38.429] [info] [spider.worker] [TIMING] task_id=e5864d9f-9d8b-4842-83a5-402d385aacee func=job_orchestration.executor.compress.spider_compress.compress spawn_start=494380637 spawn_end=494380638 spawn_duration_ms=0
[2026-02-02 20:45:58.086] [info] [spider.worker] [TIMING] task_id=e5864d9f-9d8b-4842-83a5-402d385aacee func=job_orchestration.executor.compress.spider_compress.compress execution_start=494380638 execution_end=494400294 execution_duration_ms=19655
[2026-02-02 20:45:58.099] [info] [spider.worker] [TIMING] task_id=e5864d9f-9d8b-4842-83a5-402d385aacee func=job_orchestration.executor.compress.spider_compress.compress submit_output_start=494400295 submit_output_end=494400307 submit_output_duration_ms=11
[2026-02-02 20:45:58.110] [info] [spider.worker] [TIMING] task_id=9f6b3bb4-7011-44ba-8737-403133819888 func=job_orchestration.executor.compress.spider_compress.compress fetch_input_start=494400317 fetch_input_end=494400318 fetch_input_duration_ms=0
[2026-02-02 20:45:58.110] [info] [spider.worker] [TIMING] task_id=9f6b3bb4-7011-44ba-8737-403133819888 func=job_orchestration.executor.compress.spider_compress.compress input_send_start=494400318 input_send_end=494400319 input_send_duration_ms=0 bytes=754
[2026-02-02 20:45:58.110] [info] [spider.worker] [TIMING] task_id=9f6b3bb4-7011-44ba-8737-403133819888 func=job_orchestration.executor.compress.spider_compress.compress spawn_start=494400318 spawn_end=494400319 spawn_duration_ms=0
[2026-02-02 20:46:19.962] [info] [spider.worker] [TIMING] task_id=9f6b3bb4-7011-44ba-8737-403133819888 func=job_orchestration.executor.compress.spider_compress.compress execution_start=494400319 execution_end=494422170 execution_duration_ms=21851
[2026-02-02 20:46:20.018] [info] [spider.worker] [TIMING] task_id=9f6b3bb4-7011-44ba-8737-403133819888 func=job_orchestration.executor.compress.spider_compress.compress submit_output_start=494422172 submit_output_end=494422226 submit_output_duration_ms=54
[2026-02-02 20:46:20.042] [info] [spider.worker] [TIMING] task_id=3fe35ec8-9bfc-480a-8c39-582be5e79002 func=job_orchestration.executor.compress.spider_compress.compress fetch_input_start=494422249 fetch_input_end=494422250 fetch_input_duration_ms=1
[2026-02-02 20:46:20.042] [info] [spider.worker] [TIMING] task_id=3fe35ec8-9bfc-480a-8c39-582be5e79002 func=job_orchestration.executor.compress.spider_compress.compress input_send_start=494422251 input_send_end=494422251 input_send_duration_ms=0 bytes=748
[2026-02-02 20:46:20.042] [info] [spider.worker] [TIMING] task_id=3fe35ec8-9bfc-480a-8c39-582be5e79002 func=job_orchestration.executor.compress.spider_compress.compress spawn_start=494422250 spawn_end=494422251 spawn_duration_ms=0
[2026-02-02 20:47:10.678] [info] [spider.worker] [TIMING] task_id=3fe35ec8-9bfc-480a-8c39-582be5e79002 func=job_orchestration.executor.compress.spider_compress.compress execution_start=494422251 execution_end=494472886 execution_duration_ms=50635
[2026-02-02 20:47:10.700] [info] [spider.worker] [TIMING] task_id=3fe35ec8-9bfc-480a-8c39-582be5e79002 func=job_orchestration.executor.compress.spider_compress.compress submit_output_start=494472889 submit_output_end=494472908 submit_output_duration_ms=19
[2026-02-02 20:47:10.719] [info] [spider.worker] [TIMING] task_id=b9f711bc-ef17-4268-9a9b-7077eef01e21 func=job_orchestration.executor.compress.spider_compress.compress fetch_input_start=494472927 fetch_input_end=494472928 fetch_input_duration_ms=0
[2026-02-02 20:47:10.720] [info] [spider.worker] [TIMING] task_id=b9f711bc-ef17-4268-9a9b-7077eef01e21 func=job_orchestration.executor.compress.spider_compress.compress input_send_start=494472928 input_send_end=494472928 input_send_duration_ms=0 bytes=750
[2026-02-02 20:47:10.720] [info] [spider.worker] [TIMING] task_id=b9f711bc-ef17-4268-9a9b-7077eef01e21 func=job_orchestration.executor.compress.spider_compress.compress spawn_start=494472928 spawn_end=494472928 spawn_duration_ms=0
[2026-02-02 20:48:15.965] [info] [spider.worker] [TIMING] task_id=b9f711bc-ef17-4268-9a9b-7077eef01e21 func=job_orchestration.executor.compress.spider_compress.compress execution_start=494472928 execution_end=494538173 execution_duration_ms=65244
[2026-02-02 20:48:15.986] [info] [spider.worker] [TIMING] task_id=b9f711bc-ef17-4268-9a9b-7077eef01e21 func=job_orchestration.executor.compress.spider_compress.compress submit_output_start=494538175 submit_output_end=494538194 submit_output_duration_ms=18
[2026-02-02 20:48:16.006] [info] [spider.worker] [TIMING] task_id=5ab83465-50f2-4819-8a21-a894a74e3946 func=job_orchestration.executor.compress.spider_compress.compress fetch_input_start=494538213 fetch_input_end=494538214 fetch_input_duration_ms=1
[2026-02-02 20:48:16.007] [info] [spider.worker] [TIMING] task_id=5ab83465-50f2-4819-8a21-a894a74e3946 func=job_orchestration.executor.compress.spider_compress.compress input_send_start=494538215 input_send_end=494538215 input_send_duration_ms=0 bytes=755
[2026-02-02 20:48:16.007] [info] [spider.worker] [TIMING] task_id=5ab83465-50f2-4819-8a21-a894a74e3946 func=job_orchestration.executor.compress.spider_compress.compress spawn_start=494538214 spawn_end=494538215 spawn_duration_ms=0
[2026-02-02 20:48:33.718] [info] [spider.worker] [TIMING] task_id=5ab83465-50f2-4819-8a21-a894a74e3946 func=job_orchestration.executor.compress.spider_compress.compress execution_start=494538215 execution_end=494555926 execution_duration_ms=17710
[2026-02-02 20:48:33.751] [info] [spider.worker] [TIMING] task_id=5ab83465-50f2-4819-8a21-a894a74e3946 func=job_orchestration.executor.compress.spider_compress.compress submit_output_start=494555929 submit_output_end=494555959 submit_output_duration_ms=30
[2026-02-02 20:48:33.848] [info] [spider.worker] [TIMING] task_id=218838b8-5804-404e-8d08-d6c068505565 func=job_orchestration.executor.compress.spider_compress.compress fetch_input_start=494556056 fetch_input_end=494556057 fetch_input_duration_ms=1
[2026-02-02 20:48:33.849] [info] [spider.worker] [TIMING] task_id=218838b8-5804-404e-8d08-d6c068505565 func=job_orchestration.executor.compress.spider_compress.compress input_send_start=494556057 input_send_end=494556057 input_send_duration_ms=0 bytes=755
[2026-02-02 20:48:33.849] [info] [spider.worker] [TIMING] task_id=218838b8-5804-404e-8d08-d6c068505565 func=job_orchestration.executor.compress.spider_compress.compress spawn_start=494556057 spawn_end=494556057 spawn_duration_ms=0
[2026-02-02 20:48:52.788] [info] [spider.worker] [TIMING] task_id=218838b8-5804-404e-8d08-d6c068505565 func=job_orchestration.executor.compress.spider_compress.compress execution_start=494556057 execution_end=494574996 execution_duration_ms=18938
[2026-02-02 20:48:53.240] [info] [spider.worker] [TIMING] task_id=218838b8-5804-404e-8d08-d6c068505565 func=job_orchestration.executor.compress.spider_compress.compress submit_output_start=494574998 submit_output_end=494575449 submit_output_duration_ms=450
[2026-02-02 20:48:53.303] [info] [spider.worker] [TIMING] task_id=e8bf4a74-789b-45d3-a06b-fbb2b57c984b func=job_orchestration.executor.compress.spider_compress.compress fetch_input_start=494575509 fetch_input_end=494575511 fetch_input_duration_ms=1
[2026-02-02 20:48:53.303] [info] [spider.worker] [TIMING] task_id=e8bf4a74-789b-45d3-a06b-fbb2b57c984b func=job_orchestration.executor.compress.spider_compress.compress input_send_start=494575512 input_send_end=494575512 input_send_duration_ms=0 bytes=754
[2026-02-02 20:48:53.304] [info] [spider.worker] [TIMING] task_id=e8bf4a74-789b-45d3-a06b-fbb2b57c984b func=job_orchestration.executor.compress.spider_compress.compress spawn_start=494575511 spawn_end=494575512 spawn_duration_ms=0
[2026-02-02 20:49:21.246] [info] [spider.worker] [TIMING] task_id=e8bf4a74-789b-45d3-a06b-fbb2b57c984b func=job_orchestration.executor.compress.spider_compress.compress execution_start=494575512 execution_end=494603455 execution_duration_ms=27942
[2026-02-02 20:49:21.262] [info] [spider.worker] [TIMING] task_id=e8bf4a74-789b-45d3-a06b-fbb2b57c984b func=job_orchestration.executor.compress.spider_compress.compress submit_output_start=494603457 submit_output_end=494603471 submit_output_duration_ms=13
[2026-02-02 20:49:21.282] [info] [spider.worker] [TIMING] task_id=094f0caa-639a-45fa-9be9-6cfb9f0d8032 func=job_orchestration.executor.compress.spider_compress.compress fetch_input_start=494603489 fetch_input_end=494603490 fetch_input_duration_ms=0
[2026-02-02 20:49:21.282] [info] [spider.worker] [TIMING] task_id=094f0caa-639a-45fa-9be9-6cfb9f0d8032 func=job_orchestration.executor.compress.spider_compress.compress input_send_start=494603490 input_send_end=494603490 input_send_duration_ms=0 bytes=851
[2026-02-02 20:49:21.282] [info] [spider.worker] [TIMING] task_id=094f0caa-639a-45fa-9be9-6cfb9f0d8032 func=job_orchestration.executor.compress.spider_compress.compress spawn_start=494603490 spawn_end=494603490 spawn_duration_ms=0
[2026-02-02 20:50:12.310] [info] [spider.worker] [TIMING] task_id=094f0caa-639a-45fa-9be9-6cfb9f0d8032 func=job_orchestration.executor.compress.spider_compress.compress execution_start=494603490 execution_end=494654518 execution_duration_ms=51027
[2026-02-02 20:50:12.324] [info] [spider.worker] [TIMING] task_id=094f0caa-639a-45fa-9be9-6cfb9f0d8032 func=job_orchestration.executor.compress.spider_compress.compress submit_output_start=494654520 submit_output_end=494654532 submit_output_duration_ms=12
[2026-02-02 20:50:12.344] [info] [spider.worker] [TIMING] task_id=447e2004-7574-4523-b0f6-d9c3d88304b7 func=job_orchestration.executor.compress.spider_compress.compress fetch_input_start=494654551 fetch_input_end=494654552 fetch_input_duration_ms=1
[2026-02-02 20:50:12.344] [info] [spider.worker] [TIMING] task_id=447e2004-7574-4523-b0f6-d9c3d88304b7 func=job_orchestration.executor.compress.spider_compress.compress input_send_start=494654552 input_send_end=494654552 input_send_duration_ms=0 bytes=751
[2026-02-02 20:50:12.344] [info] [spider.worker] [TIMING] task_id=447e2004-7574-4523-b0f6-d9c3d88304b7 func=job_orchestration.executor.compress.spider_compress.compress spawn_start=494654552 spawn_end=494654553 spawn_duration_ms=0
[2026-02-02 20:50:28.110] [info] [spider.worker] [TIMING] task_id=447e2004-7574-4523-b0f6-d9c3d88304b7 func=job_orchestration.executor.compress.spider_compress.compress execution_start=494654553 execution_end=494670318 execution_duration_ms=15765
[2026-02-02 20:50:28.122] [info] [spider.worker] [TIMING] task_id=447e2004-7574-4523-b0f6-d9c3d88304b7 func=job_orchestration.executor.compress.spider_compress.compress submit_output_start=494670320 submit_output_end=494670331 submit_output_duration_ms=10
[2026-02-02 20:50:28.134] [info] [spider.worker] [TIMING] task_id=93f8b700-ded1-49aa-83fd-5dd6dd07e1e1 func=job_orchestration.executor.compress.spider_compress.compress fetch_input_start=494670341 fetch_input_end=494670343 fetch_input_duration_ms=1
[2026-02-02 20:50:28.135] [info] [spider.worker] [TIMING] task_id=93f8b700-ded1-49aa-83fd-5dd6dd07e1e1 func=job_orchestration.executor.compress.spider_compress.compress input_send_start=494670343 input_send_end=494670343 input_send_duration_ms=0 bytes=752
[2026-02-02 20:50:28.135] [info] [spider.worker] [TIMING] task_id=93f8b700-ded1-49aa-83fd-5dd6dd07e1e1 func=job_orchestration.executor.compress.spider_compress.compress spawn_start=494670343 spawn_end=494670343 spawn_duration_ms=0
[2026-02-02 20:51:45.836] [info] [spider.worker] [TIMING] task_id=93f8b700-ded1-49aa-83fd-5dd6dd07e1e1 func=job_orchestration.executor.compress.spider_compress.compress execution_start=494670343 execution_end=494748045 execution_duration_ms=77701
[2026-02-02 20:51:45.869] [info] [spider.worker] [TIMING] task_id=93f8b700-ded1-49aa-83fd-5dd6dd07e1e1 func=job_orchestration.executor.compress.spider_compress.compress submit_output_start=494748046 submit_output_end=494748078 submit_output_duration_ms=31
[2026-02-02 20:51:45.905] [info] [spider.worker] [TIMING] task_id=c9f09813-7ef0-42c1-be70-b66971945087 func=job_orchestration.executor.compress.spider_compress.compress fetch_input_start=494748112 fetch_input_end=494748113 fetch_input_duration_ms=0
[2026-02-02 20:51:45.905] [info] [spider.worker] [TIMING] task_id=c9f09813-7ef0-42c1-be70-b66971945087 func=job_orchestration.executor.compress.spider_compress.compress input_send_start=494748114 input_send_end=494748114 input_send_duration_ms=0 bytes=751
[2026-02-02 20:51:45.905] [info] [spider.worker] [TIMING] task_id=c9f09813-7ef0-42c1-be70-b66971945087 func=job_orchestration.executor.compress.spider_compress.compress spawn_start=494748113 spawn_end=494748114 spawn_duration_ms=0
[2026-02-02 20:52:54.109] [info] [spider.worker] [TIMING] task_id=c9f09813-7ef0-42c1-be70-b66971945087 func=job_orchestration.executor.compress.spider_compress.compress execution_start=494748114 execution_end=494816317 execution_duration_ms=68203
[2026-02-02 20:52:54.134] [info] [spider.worker] [TIMING] task_id=c9f09813-7ef0-42c1-be70-b66971945087 func=job_orchestration.executor.compress.spider_compress.compress submit_output_start=494816319 submit_output_end=494816342 submit_output_duration_ms=22
[2026-02-02 20:52:54.169] [info] [spider.worker] [TIMING] task_id=a5155abd-d0d3-422c-873c-677b3dbadee2 func=job_orchestration.executor.compress.spider_compress.compress fetch_input_start=494816376 fetch_input_end=494816378 fetch_input_duration_ms=1
[2026-02-02 20:52:54.170] [info] [spider.worker] [TIMING] task_id=a5155abd-d0d3-422c-873c-677b3dbadee2 func=job_orchestration.executor.compress.spider_compress.compress input_send_start=494816378 input_send_end=494816378 input_send_duration_ms=0 bytes=751
[2026-02-02 20:52:54.170] [info] [spider.worker] [TIMING] task_id=a5155abd-d0d3-422c-873c-677b3dbadee2 func=job_orchestration.executor.compress.spider_compress.compress spawn_start=494816378 spawn_end=494816378 spawn_duration_ms=0
[2026-02-02 20:54:07.911] [info] [spider.worker] [TIMING] task_id=a5155abd-d0d3-422c-873c-677b3dbadee2 func=job_orchestration.executor.compress.spider_compress.compress execution_start=494816378 execution_end=494890119 execution_duration_ms=73740
[2026-02-02 20:54:07.926] [info] [spider.worker] [TIMING] task_id=a5155abd-d0d3-422c-873c-677b3dbadee2 func=job_orchestration.executor.compress.spider_compress.compress submit_output_start=494890121 submit_output_end=494890135 submit_output_duration_ms=13
[2026-02-02 20:54:07.981] [info] [spider.worker] [TIMING] task_id=b70c9487-eab0-40eb-8385-c0c790fc6cb4 func=job_orchestration.executor.compress.spider_compress.compress fetch_input_start=494890188 fetch_input_end=494890190 fetch_input_duration_ms=1
[2026-02-02 20:54:07.982] [info] [spider.worker] [TIMING] task_id=b70c9487-eab0-40eb-8385-c0c790fc6cb4 func=job_orchestration.executor.compress.spider_compress.compress input_send_start=494890190 input_send_end=494890190 input_send_duration_ms=0 bytes=755
[2026-02-02 20:54:07.982] [info] [spider.worker] [TIMING] task_id=b70c9487-eab0-40eb-8385-c0c790fc6cb4 func=job_orchestration.executor.compress.spider_compress.compress spawn_start=494890190 spawn_end=494890190 spawn_duration_ms=0
[2026-02-02 20:56:48.364] [info] [spider.worker] [TIMING] task_id=b70c9487-eab0-40eb-8385-c0c790fc6cb4 func=job_orchestration.executor.compress.spider_compress.compress execution_start=494890190 execution_end=495050573 execution_duration_ms=160382
[2026-02-02 20:56:48.377] [info] [spider.worker] [TIMING] task_id=b70c9487-eab0-40eb-8385-c0c790fc6cb4 func=job_orchestration.executor.compress.spider_compress.compress submit_output_start=495050575 submit_output_end=495050586 submit_output_duration_ms=11
[2026-02-02 20:56:48.397] [info] [spider.worker] [TIMING] task_id=ded8256d-5767-42c8-a57a-53415249f134 func=job_orchestration.executor.compress.spider_compress.compress fetch_input_start=495050604 fetch_input_end=495050605 fetch_input_duration_ms=1
[2026-02-02 20:56:48.398] [info] [spider.worker] [TIMING] task_id=ded8256d-5767-42c8-a57a-53415249f134 func=job_orchestration.executor.compress.spider_compress.compress input_send_start=495050606 input_send_end=495050606 input_send_duration_ms=0 bytes=751
[2026-02-02 20:56:48.398] [info] [spider.worker] [TIMING] task_id=ded8256d-5767-42c8-a57a-53415249f134 func=job_orchestration.executor.compress.spider_compress.compress spawn_start=495050605 spawn_end=495050606 spawn_duration_ms=0
[2026-02-02 20:57:42.252] [info] [spider.worker] [TIMING] task_id=ded8256d-5767-42c8-a57a-53415249f134 func=job_orchestration.executor.compress.spider_compress.compress execution_start=495050606 execution_end=495104460 execution_duration_ms=53854
[2026-02-02 20:57:42.272] [info] [spider.worker] [TIMING] task_id=ded8256d-5767-42c8-a57a-53415249f134 func=job_orchestration.executor.compress.spider_compress.compress submit_output_start=495104462 submit_output_end=495104480 submit_output_duration_ms=17
[2026-02-02 20:57:42.314] [info] [spider.worker] [TIMING] task_id=36fe338a-2a71-4c14-8dbb-cfb806f21dff func=job_orchestration.executor.compress.spider_compress.compress fetch_input_start=495104521 fetch_input_end=495104522 fetch_input_duration_ms=1
[2026-02-02 20:57:42.315] [info] [spider.worker] [TIMING] task_id=36fe338a-2a71-4c14-8dbb-cfb806f21dff func=job_orchestration.executor.compress.spider_compress.compress input_send_start=495104523 input_send_end=495104523 input_send_duration_ms=0 bytes=755
[2026-02-02 20:57:42.315] [info] [spider.worker] [TIMING] task_id=36fe338a-2a71-4c14-8dbb-cfb806f21dff func=job_orchestration.executor.compress.spider_compress.compress spawn_start=495104522 spawn_end=495104523 spawn_duration_ms=0
[2026-02-02 20:59:23.499] [info] [spider.worker] [TIMING] task_id=36fe338a-2a71-4c14-8dbb-cfb806f21dff func=job_orchestration.executor.compress.spider_compress.compress execution_start=495104523 execution_end=495205708 execution_duration_ms=101184
[2026-02-02 20:59:23.531] [info] [spider.worker] [TIMING] task_id=36fe338a-2a71-4c14-8dbb-cfb806f21dff func=job_orchestration.executor.compress.spider_compress.compress submit_output_start=495205710 submit_output_end=495205739 submit_output_duration_ms=29
[2026-02-02 20:59:23.549] [info] [spider.worker] [TIMING] task_id=874e6934-40ac-4683-874c-ebfcdd1cb1a0 func=job_orchestration.executor.compress.spider_compress.compress fetch_input_start=495205756 fetch_input_end=495205757 fetch_input_duration_ms=1
[2026-02-02 20:59:23.549] [info] [spider.worker] [TIMING] task_id=874e6934-40ac-4683-874c-ebfcdd1cb1a0 func=job_orchestration.executor.compress.spider_compress.compress input_send_start=495205758 input_send_end=495205758 input_send_duration_ms=0 bytes=752
[2026-02-02 20:59:23.549] [info] [spider.worker] [TIMING] task_id=874e6934-40ac-4683-874c-ebfcdd1cb1a0 func=job_orchestration.executor.compress.spider_compress.compress spawn_start=495205757 spawn_end=495205758 spawn_duration_ms=0
[2026-02-02 21:00:58.754] [info] [spider.worker] [TIMING] task_id=874e6934-40ac-4683-874c-ebfcdd1cb1a0 func=job_orchestration.executor.compress.spider_compress.compress execution_start=495205758 execution_end=495300962 execution_duration_ms=95203
[2026-02-02 21:00:58.761] [info] [spider.worker] [TIMING] task_id=874e6934-40ac-4683-874c-ebfcdd1cb1a0 func=job_orchestration.executor.compress.spider_compress.compress submit_output_start=495300964 submit_output_end=495300970 submit_output_duration_ms=5
[2026-02-02 21:00:58.790] [info] [spider.worker] [TIMING] task_id=d8d45127-6498-46a1-903e-bb4bc67e1700 func=job_orchestration.executor.compress.spider_compress.compress fetch_input_start=495300997 fetch_input_end=495300998 fetch_input_duration_ms=1
[2026-02-02 21:00:58.791] [info] [spider.worker] [TIMING] task_id=d8d45127-6498-46a1-903e-bb4bc67e1700 func=job_orchestration.executor.compress.spider_compress.compress input_send_start=495300999 input_send_end=495300999 input_send_duration_ms=0 bytes=756
[2026-02-02 21:00:58.791] [info] [spider.worker] [TIMING] task_id=d8d45127-6498-46a1-903e-bb4bc67e1700 func=job_orchestration.executor.compress.spider_compress.compress spawn_start=495300999 spawn_end=495300999 spawn_duration_ms=0
[2026-02-02 21:01:44.437] [info] [spider.worker] [TIMING] task_id=d8d45127-6498-46a1-903e-bb4bc67e1700 func=job_orchestration.executor.compress.spider_compress.compress execution_start=495300999 execution_end=495346645 execution_duration_ms=45645
[2026-02-02 21:01:44.466] [info] [spider.worker] [TIMING] task_id=d8d45127-6498-46a1-903e-bb4bc67e1700 func=job_orchestration.executor.compress.spider_compress.compress submit_output_start=495346657 submit_output_end=495346674 submit_output_duration_ms=17
[2026-02-02 21:01:44.496] [info] [spider.worker] [TIMING] task_id=791d3382-574c-45fd-ac98-02dd1b4abe02 func=job_orchestration.executor.compress.spider_compress.compress fetch_input_start=495346704 fetch_input_end=495346705 fetch_input_duration_ms=0
[2026-02-02 21:01:44.497] [info] [spider.worker] [TIMING] task_id=791d3382-574c-45fd-ac98-02dd1b4abe02 func=job_orchestration.executor.compress.spider_compress.compress input_send_start=495346705 input_send_end=495346705 input_send_duration_ms=0 bytes=748
[2026-02-02 21:01:44.497] [info] [spider.worker] [TIMING] task_id=791d3382-574c-45fd-ac98-02dd1b4abe02 func=job_orchestration.executor.compress.spider_compress.compress spawn_start=495346705 spawn_end=495346705 spawn_duration_ms=0
[2026-02-02 21:03:46.228] [info] [spider.worker] [TIMING] task_id=791d3382-574c-45fd-ac98-02dd1b4abe02 func=job_orchestration.executor.compress.spider_compress.compress execution_start=495346705 execution_end=495468436 execution_duration_ms=121730
[2026-02-02 21:03:46.256] [info] [spider.worker] [TIMING] task_id=791d3382-574c-45fd-ac98-02dd1b4abe02 func=job_orchestration.executor.compress.spider_compress.compress submit_output_start=495468438 submit_output_end=495468464 submit_output_duration_ms=25
[2026-02-02 21:03:46.307] [info] [spider.worker] [TIMING] task_id=055d0a92-e8f2-4800-b022-78220fef48fe func=job_orchestration.executor.compress.spider_compress.compress fetch_input_start=495468514 fetch_input_end=495468515 fetch_input_duration_ms=0
[2026-02-02 21:03:46.308] [info] [spider.worker] [TIMING] task_id=055d0a92-e8f2-4800-b022-78220fef48fe func=job_orchestration.executor.compress.spider_compress.compress input_send_start=495468516 input_send_end=495468516 input_send_duration_ms=0 bytes=748
[2026-02-02 21:03:46.308] [info] [spider.worker] [TIMING] task_id=055d0a92-e8f2-4800-b022-78220fef48fe func=job_orchestration.executor.compress.spider_compress.compress spawn_start=495468515 spawn_end=495468516 spawn_duration_ms=0
[2026-02-02 21:03:58.712] [info] [spider.worker] [TIMING] task_id=055d0a92-e8f2-4800-b022-78220fef48fe func=job_orchestration.executor.compress.spider_compress.compress execution_start=495468516 execution_end=495480920 execution_duration_ms=12403
[2026-02-02 21:03:58.735] [info] [spider.worker] [TIMING] task_id=055d0a92-e8f2-4800-b022-78220fef48fe func=job_orchestration.executor.compress.spider_compress.compress submit_output_start=495480922 submit_output_end=495480943 submit_output_duration_ms=21
[2026-02-02 21:03:58.772] [info] [spider.worker] [TIMING] task_id=d4f64188-58ba-4160-8bfd-d37e39cef7bc func=job_orchestration.executor.compress.spider_compress.compress fetch_input_start=495480979 fetch_input_end=495480980 fetch_input_duration_ms=1
[2026-02-02 21:03:58.773] [info] [spider.worker] [TIMING] task_id=d4f64188-58ba-4160-8bfd-d37e39cef7bc func=job_orchestration.executor.compress.spider_compress.compress input_send_start=495480981 input_send_end=495480981 input_send_duration_ms=0 bytes=749
[2026-02-02 21:03:58.773] [info] [spider.worker] [TIMING] task_id=d4f64188-58ba-4160-8bfd-d37e39cef7bc func=job_orchestration.executor.compress.spider_compress.compress spawn_start=495480981 spawn_end=495480981 spawn_duration_ms=0
[2026-02-02 21:04:10.805] [info] [spider.worker] [TIMING] task_id=d4f64188-58ba-4160-8bfd-d37e39cef7bc func=job_orchestration.executor.compress.spider_compress.compress execution_start=495480981 execution_end=495493013 execution_duration_ms=12032
[2026-02-02 21:04:10.827] [info] [spider.worker] [TIMING] task_id=d4f64188-58ba-4160-8bfd-d37e39cef7bc func=job_orchestration.executor.compress.spider_compress.compress submit_output_start=495493015 submit_output_end=495493035 submit_output_duration_ms=19
[2026-02-02 21:04:10.846] [info] [spider.worker] [TIMING] task_id=1bb97840-8b1c-464a-a9d3-c876aa7d4279 func=job_orchestration.executor.compress.spider_compress.compress fetch_input_start=495493054 fetch_input_end=495493055 fetch_input_duration_ms=0
[2026-02-02 21:04:10.847] [info] [spider.worker] [TIMING] task_id=1bb97840-8b1c-464a-a9d3-c876aa7d4279 func=job_orchestration.executor.compress.spider_compress.compress input_send_start=495493055 input_send_end=495493055 input_send_duration_ms=0 bytes=755
[2026-02-02 21:04:10.847] [info] [spider.worker] [TIMING] task_id=1bb97840-8b1c-464a-a9d3-c876aa7d4279 func=job_orchestration.executor.compress.spider_compress.compress spawn_start=495493055 spawn_end=495493055 spawn_duration_ms=0
[2026-02-02 21:04:39.371] [info] [spider.worker] [TIMING] task_id=1bb97840-8b1c-464a-a9d3-c876aa7d4279 func=job_orchestration.executor.compress.spider_compress.compress execution_start=495493056 execution_end=495521580 execution_duration_ms=28524
[2026-02-02 21:04:39.391] [info] [spider.worker] [TIMING] task_id=1bb97840-8b1c-464a-a9d3-c876aa7d4279 func=job_orchestration.executor.compress.spider_compress.compress submit_output_start=495521582 submit_output_end=495521599 submit_output_duration_ms=17
[2026-02-02 21:04:39.410] [info] [spider.worker] [TIMING] task_id=36688d6c-5431-490e-b02b-44499a32872b func=job_orchestration.executor.compress.spider_compress.compress fetch_input_start=495521618 fetch_input_end=495521618 fetch_input_duration_ms=0
[2026-02-02 21:04:39.411] [info] [spider.worker] [TIMING] task_id=36688d6c-5431-490e-b02b-44499a32872b func=job_orchestration.executor.compress.spider_compress.compress input_send_start=495521619 input_send_end=495521619 input_send_duration_ms=0 bytes=755
[2026-02-02 21:04:39.411] [info] [spider.worker] [TIMING] task_id=36688d6c-5431-490e-b02b-44499a32872b func=job_orchestration.executor.compress.spider_compress.compress spawn_start=495521618 spawn_end=495521619 spawn_duration_ms=0
[2026-02-02 21:05:04.999] [info] [spider.worker] [TIMING] task_id=36688d6c-5431-490e-b02b-44499a32872b func=job_orchestration.executor.compress.spider_compress.compress execution_start=495521619 execution_end=495547207 execution_duration_ms=25587
[2026-02-02 21:05:05.005] [info] [spider.worker] [TIMING] task_id=36688d6c-5431-490e-b02b-44499a32872b func=job_orchestration.executor.compress.spider_compress.compress submit_output_start=495547209 submit_output_end=495547214 submit_output_duration_ms=4
[2026-02-02 21:05:05.016] [info] [spider.worker] [TIMING] task_id=316380a1-47f4-436a-8f43-d2532a16f8be func=job_orchestration.executor.compress.spider_compress.compress fetch_input_start=495547224 fetch_input_end=495547225 fetch_input_duration_ms=1
[2026-02-02 21:05:05.017] [info] [spider.worker] [TIMING] task_id=316380a1-47f4-436a-8f43-d2532a16f8be func=job_orchestration.executor.compress.spider_compress.compress input_send_start=495547225 input_send_end=495547225 input_send_duration_ms=0 bytes=749
[2026-02-02 21:05:05.017] [info] [spider.worker] [TIMING] task_id=316380a1-47f4-436a-8f43-d2532a16f8be func=job_orchestration.executor.compress.spider_compress.compress spawn_start=495547225 spawn_end=495547226 spawn_duration_ms=0
[2026-02-02 21:05:21.162] [info] [spider.worker] [TIMING] task_id=316380a1-47f4-436a-8f43-d2532a16f8be func=job_orchestration.executor.compress.spider_compress.compress execution_start=495547226 execution_end=495563370 execution_duration_ms=16144
[2026-0