[2026-02-02 19:46:00.937] [warning] [spider.worker] Prefer using `SPIDER_STORAGE_URL` environment variable over `--storage_url` argument.
[2026-02-02 19:47:06.573] [info] [spider.worker] [TIMING] task_id=cda5e4bb-61b9-4167-a5ea-34a4c97bf50a func=job_orchestration.executor.compress.spider_compress.compress fetch_input_start=490868780 fetch_input_end=490868782 fetch_input_duration_ms=1
[2026-02-02 19:47:06.574] [info] [spider.worker] [TIMING] task_id=cda5e4bb-61b9-4167-a5ea-34a4c97bf50a func=job_orchestration.executor.compress.spider_compress.compress input_send_start=490868782 input_send_end=490868782 input_send_duration_ms=0 bytes=843
[2026-02-02 19:47:06.574] [info] [spider.worker] [TIMING] task_id=cda5e4bb-61b9-4167-a5ea-34a4c97bf50a func=job_orchestration.executor.compress.spider_compress.compress spawn_start=490868782 spawn_end=490868782 spawn_duration_ms=0
[2026-02-02 19:48:55.271] [info] [spider.worker] [TIMING] task_id=cda5e4bb-61b9-4167-a5ea-34a4c97bf50a func=job_orchestration.executor.compress.spider_compress.compress execution_start=490868782 execution_end=490977479 execution_duration_ms=108696
[2026-02-02 19:48:55.315] [info] [spider.worker] [TIMING] task_id=cda5e4bb-61b9-4167-a5ea-34a4c97bf50a func=job_orchestration.executor.compress.spider_compress.compress submit_output_start=490977481 submit_output_end=490977523 submit_output_duration_ms=41
[2026-02-02 19:48:55.348] [info] [spider.worker] [TIMING] task_id=603fb57d-d27d-4f53-bf5f-1706987de1b5 func=job_orchestration.executor.compress.spider_compress.compress fetch_input_start=490977556 fetch_input_end=490977557 fetch_input_duration_ms=1
[2026-02-02 19:48:55.349] [info] [spider.worker] [TIMING] task_id=603fb57d-d27d-4f53-bf5f-1706987de1b5 func=job_orchestration.executor.compress.spider_compress.compress input_send_start=490977557 input_send_end=490977557 input_send_duration_ms=0 bytes=755
[2026-02-02 19:48:55.349] [info] [spider.worker] [TIMING] task_id=603fb57d-d27d-4f53-bf5f-1706987de1b5 func=job_orchestration.executor.compress.spider_compress.compress spawn_start=490977557 spawn_end=490977557 spawn_duration_ms=0
[2026-02-02 19:52:01.365] [info] [spider.worker] [TIMING] task_id=603fb57d-d27d-4f53-bf5f-1706987de1b5 func=job_orchestration.executor.compress.spider_compress.compress execution_start=490977558 execution_end=491163573 execution_duration_ms=186015
[2026-02-02 19:52:01.406] [info] [spider.worker] [TIMING] task_id=603fb57d-d27d-4f53-bf5f-1706987de1b5 func=job_orchestration.executor.compress.spider_compress.compress submit_output_start=491163576 submit_output_end=491163615 submit_output_duration_ms=38
[2026-02-02 19:52:01.430] [info] [spider.worker] [TIMING] task_id=746103cc-77a8-4d69-8bf9-455fb0181df2 func=job_orchestration.executor.compress.spider_compress.compress fetch_input_start=491163638 fetch_input_end=491163638 fetch_input_duration_ms=0
[2026-02-02 19:52:01.431] [info] [spider.worker] [TIMING] task_id=746103cc-77a8-4d69-8bf9-455fb0181df2 func=job_orchestration.executor.compress.spider_compress.compress input_send_start=491163639 input_send_end=491163639 input_send_duration_ms=0 bytes=750
[2026-02-02 19:52:01.431] [info] [spider.worker] [TIMING] task_id=746103cc-77a8-4d69-8bf9-455fb0181df2 func=job_orchestration.executor.compress.spider_compress.compress spawn_start=491163638 spawn_end=491163639 spawn_duration_ms=0
[2026-02-02 19:52:13.917] [info] [spider.worker] [TIMING] task_id=746103cc-77a8-4d69-8bf9-455fb0181df2 func=job_orchestration.executor.compress.spider_compress.compress execution_start=491163639 execution_end=491176125 execution_duration_ms=12485
[2026-02-02 19:52:13.935] [info] [spider.worker] [TIMING] task_id=746103cc-77a8-4d69-8bf9-455fb0181df2 func=job_orchestration.executor.compress.spider_compress.compress submit_output_start=491176127 submit_output_end=491176144 submit_output_duration_ms=16
[2026-02-02 19:52:13.955] [info] [spider.worker] [TIMING] task_id=623e0ce9-3611-440d-aea9-3e2b21e966c1 func=job_orchestration.executor.compress.spider_compress.compress fetch_input_start=491176162 fetch_input_end=491176163 fetch_input_duration_ms=1
[2026-02-02 19:52:13.956] [info] [spider.worker] [TIMING] task_id=623e0ce9-3611-440d-aea9-3e2b21e966c1 func=job_orchestration.executor.compress.spider_compress.compress input_send_start=491176164 input_send_end=491176164 input_send_duration_ms=0 bytes=754
[2026-02-02 19:52:13.956] [info] [spider.worker] [TIMING] task_id=623e0ce9-3611-440d-aea9-3e2b21e966c1 func=job_orchestration.executor.compress.spider_compress.compress spawn_start=491176164 spawn_end=491176165 spawn_duration_ms=1
[2026-02-02 19:52:25.101] [info] [spider.worker] [TIMING] task_id=623e0ce9-3611-440d-aea9-3e2b21e966c1 func=job_orchestration.executor.compress.spider_compress.compress execution_start=491176165 execution_end=491187310 execution_duration_ms=11144
[2026-02-02 19:52:25.126] [info] [spider.worker] [TIMING] task_id=623e0ce9-3611-440d-aea9-3e2b21e966c1 func=job_orchestration.executor.compress.spider_compress.compress submit_output_start=491187312 submit_output_end=491187334 submit_output_duration_ms=22
[2026-02-02 19:52:25.145] [info] [spider.worker] [TIMING] task_id=0d58ecd9-8ed8-487f-84f8-92e3ba05fbf2 func=job_orchestration.executor.compress.spider_compress.compress fetch_input_start=491187353 fetch_input_end=491187354 fetch_input_duration_ms=1
[2026-02-02 19:52:25.146] [info] [spider.worker] [TIMING] task_id=0d58ecd9-8ed8-487f-84f8-92e3ba05fbf2 func=job_orchestration.executor.compress.spider_compress.compress input_send_start=491187354 input_send_end=491187354 input_send_duration_ms=0 bytes=751
[2026-02-02 19:52:25.146] [info] [spider.worker] [TIMING] task_id=0d58ecd9-8ed8-487f-84f8-92e3ba05fbf2 func=job_orchestration.executor.compress.spider_compress.compress spawn_start=491187354 spawn_end=491187354 spawn_duration_ms=0
[2026-02-02 19:53:07.609] [info] [spider.worker] [TIMING] task_id=0d58ecd9-8ed8-487f-84f8-92e3ba05fbf2 func=job_orchestration.executor.compress.spider_compress.compress execution_start=491187355 execution_end=491229817 execution_duration_ms=42462
[2026-02-02 19:53:07.649] [info] [spider.worker] [TIMING] task_id=0d58ecd9-8ed8-487f-84f8-92e3ba05fbf2 func=job_orchestration.executor.compress.spider_compress.compress submit_output_start=491229819 submit_output_end=491229857 submit_output_duration_ms=38
[2026-02-02 19:53:07.682] [info] [spider.worker] [TIMING] task_id=c719fbf1-94d7-4fd1-9433-0b4ecc5465db func=job_orchestration.executor.compress.spider_compress.compress fetch_input_start=491229890 fetch_input_end=491229891 fetch_input_duration_ms=0
[2026-02-02 19:53:07.683] [info] [spider.worker] [TIMING] task_id=c719fbf1-94d7-4fd1-9433-0b4ecc5465db func=job_orchestration.executor.compress.spider_compress.compress input_send_start=491229891 input_send_end=491229891 input_send_duration_ms=0 bytes=751
[2026-02-02 19:53:07.683] [info] [spider.worker] [TIMING] task_id=c719fbf1-94d7-4fd1-9433-0b4ecc5465db func=job_orchestration.executor.compress.spider_compress.compress spawn_start=491229891 spawn_end=491229891 spawn_duration_ms=0
[2026-02-02 19:53:59.730] [info] [spider.worker] [TIMING] task_id=c719fbf1-94d7-4fd1-9433-0b4ecc5465db func=job_orchestration.executor.compress.spider_compress.compress execution_start=491229891 execution_end=491281938 execution_duration_ms=52046
[2026-02-02 19:53:59.759] [info] [spider.worker] [TIMING] task_id=c719fbf1-94d7-4fd1-9433-0b4ecc5465db func=job_orchestration.executor.compress.spider_compress.compress submit_output_start=491281940 submit_output_end=491281967 submit_output_duration_ms=27
[2026-02-02 19:53:59.786] [info] [spider.worker] [TIMING] task_id=15c94a29-cb9e-484d-bd51-ce7083521fc1 func=job_orchestration.executor.compress.spider_compress.compress fetch_input_start=491281994 fetch_input_end=491281995 fetch_input_duration_ms=0
[2026-02-02 19:53:59.787] [info] [spider.worker] [TIMING] task_id=15c94a29-cb9e-484d-bd51-ce7083521fc1 func=job_orchestration.executor.compress.spider_compress.compress input_send_start=491281995 input_send_end=491281995 input_send_duration_ms=0 bytes=751
[2026-02-02 19:53:59.787] [info] [spider.worker] [TIMING] task_id=15c94a29-cb9e-484d-bd51-ce7083521fc1 func=job_orchestration.executor.compress.spider_compress.compress spawn_start=491281995 spawn_end=491281995 spawn_duration_ms=0
[2026-02-02 19:55:42.377] [info] [spider.worker] [TIMING] task_id=15c94a29-cb9e-484d-bd51-ce7083521fc1 func=job_orchestration.executor.compress.spider_compress.compress execution_start=491281995 execution_end=491384585 execution_duration_ms=102590
[2026-02-02 19:55:42.410] [info] [spider.worker] [TIMING] task_id=15c94a29-cb9e-484d-bd51-ce7083521fc1 func=job_orchestration.executor.compress.spider_compress.compress submit_output_start=491384588 submit_output_end=491384619 submit_output_duration_ms=31
[2026-02-02 19:55:42.436] [info] [spider.worker] [TIMING] task_id=fcebf766-a913-4fe3-8d6e-9e6b45e26138 func=job_orchestration.executor.compress.spider_compress.compress fetch_input_start=491384643 fetch_input_end=491384644 fetch_input_duration_ms=1
[2026-02-02 19:55:42.436] [info] [spider.worker] [TIMING] task_id=fcebf766-a913-4fe3-8d6e-9e6b45e26138 func=job_orchestration.executor.compress.spider_compress.compress input_send_start=491384645 input_send_end=491384645 input_send_duration_ms=0 bytes=751
[2026-02-02 19:55:42.437] [info] [spider.worker] [TIMING] task_id=fcebf766-a913-4fe3-8d6e-9e6b45e26138 func=job_orchestration.executor.compress.spider_compress.compress spawn_start=491384644 spawn_end=491384645 spawn_duration_ms=0
[2026-02-02 19:57:01.512] [info] [spider.worker] [TIMING] task_id=fcebf766-a913-4fe3-8d6e-9e6b45e26138 func=job_orchestration.executor.compress.spider_compress.compress execution_start=491384645 execution_end=491463720 execution_duration_ms=79075
[2026-02-02 19:57:01.553] [info] [spider.worker] [TIMING] task_id=fcebf766-a913-4fe3-8d6e-9e6b45e26138 func=job_orchestration.executor.compress.spider_compress.compress submit_output_start=491463723 submit_output_end=491463762 submit_output_duration_ms=38
[2026-02-02 19:57:01.587] [info] [spider.worker] [TIMING] task_id=3fef7c77-ebeb-456a-bf0c-59af82b084e5 func=job_orchestration.executor.compress.spider_compress.compress fetch_input_start=491463793 fetch_input_end=491463795 fetch_input_duration_ms=1
[2026-02-02 19:57:01.587] [info] [spider.worker] [TIMING] task_id=3fef7c77-ebeb-456a-bf0c-59af82b084e5 func=job_orchestration.executor.compress.spider_compress.compress input_send_start=491463795 input_send_end=491463795 input_send_duration_ms=0 bytes=755
[2026-02-02 19:57:01.587] [info] [spider.worker] [TIMING] task_id=3fef7c77-ebeb-456a-bf0c-59af82b084e5 func=job_orchestration.executor.compress.spider_compress.compress spawn_start=491463795 spawn_end=491463795 spawn_duration_ms=0
[2026-02-02 19:58:24.398] [info] [spider.worker] [TIMING] task_id=3fef7c77-ebeb-456a-bf0c-59af82b084e5 func=job_orchestration.executor.compress.spider_compress.compress execution_start=491463796 execution_end=491546606 execution_duration_ms=82810
[2026-02-02 19:58:24.409] [info] [spider.worker] [TIMING] task_id=3fef7c77-ebeb-456a-bf0c-59af82b084e5 func=job_orchestration.executor.compress.spider_compress.compress submit_output_start=491546609 submit_output_end=491546617 submit_output_duration_ms=8
[2026-02-02 19:58:24.420] [info] [spider.worker] [TIMING] task_id=2d32ec09-cfb7-46f7-9896-2ed74f477144 func=job_orchestration.executor.compress.spider_compress.compress fetch_input_start=491546627 fetch_input_end=491546628 fetch_input_duration_ms=0
[2026-02-02 19:58:24.420] [info] [spider.worker] [TIMING] task_id=2d32ec09-cfb7-46f7-9896-2ed74f477144 func=job_orchestration.executor.compress.spider_compress.compress input_send_start=491546629 input_send_end=491546629 input_send_duration_ms=0 bytes=755
[2026-02-02 19:58:24.420] [info] [spider.worker] [TIMING] task_id=2d32ec09-cfb7-46f7-9896-2ed74f477144 func=job_orchestration.executor.compress.spider_compress.compress spawn_start=491546628 spawn_end=491546629 spawn_duration_ms=0
[2026-02-02 19:58:34.919] [info] [spider.worker] [TIMING] task_id=2d32ec09-cfb7-46f7-9896-2ed74f477144 func=job_orchestration.executor.compress.spider_compress.compress execution_start=491546629 execution_end=491557127 execution_duration_ms=10497
[2026-02-02 19:58:34.933] [info] [spider.worker] [TIMING] task_id=2d32ec09-cfb7-46f7-9896-2ed74f477144 func=job_orchestration.executor.compress.spider_compress.compress submit_output_start=491557129 submit_output_end=491557141 submit_output_duration_ms=11
[2026-02-02 19:58:34.953] [info] [spider.worker] [TIMING] task_id=767ea0a5-5396-4066-a8c3-b2199b989ae2 func=job_orchestration.executor.compress.spider_compress.compress fetch_input_start=491557160 fetch_input_end=491557161 fetch_input_duration_ms=1
[2026-02-02 19:58:34.953] [info] [spider.worker] [TIMING] task_id=767ea0a5-5396-4066-a8c3-b2199b989ae2 func=job_orchestration.executor.compress.spider_compress.compress input_send_start=491557162 input_send_end=491557162 input_send_duration_ms=0 bytes=748
[2026-02-02 19:58:34.953] [info] [spider.worker] [TIMING] task_id=767ea0a5-5396-4066-a8c3-b2199b989ae2 func=job_orchestration.executor.compress.spider_compress.compress spawn_start=491557161 spawn_end=491557162 spawn_duration_ms=0
[2026-02-02 20:00:05.571] [info] [spider.worker] [TIMING] task_id=767ea0a5-5396-4066-a8c3-b2199b989ae2 func=job_orchestration.executor.compress.spider_compress.compress execution_start=491557162 execution_end=491647779 execution_duration_ms=90617
[2026-02-02 20:00:05.582] [info] [spider.worker] [TIMING] task_id=767ea0a5-5396-4066-a8c3-b2199b989ae2 func=job_orchestration.executor.compress.spider_compress.compress submit_output_start=491647782 submit_output_end=491647791 submit_output_duration_ms=9
[2026-02-02 20:00:05.593] [info] [spider.worker] [TIMING] task_id=0679d939-8a27-426b-bd0f-95fb253c6167 func=job_orchestration.executor.compress.spider_compress.compress fetch_input_start=491647800 fetch_input_end=491647801 fetch_input_duration_ms=0
[2026-02-02 20:00:05.593] [info] [spider.worker] [TIMING] task_id=0679d939-8a27-426b-bd0f-95fb253c6167 func=job_orchestration.executor.compress.spider_compress.compress input_send_start=491647802 input_send_end=491647802 input_send_duration_ms=0 bytes=844
[2026-02-02 20:00:05.593] [info] [spider.worker] [TIMING] task_id=0679d939-8a27-426b-bd0f-95fb253c6167 func=job_orchestration.executor.compress.spider_compress.compress spawn_start=491647801 spawn_end=491647802 spawn_duration_ms=0
[2026-02-02 20:03:02.552] [info] [spider.worker] [TIMING] task_id=0679d939-8a27-426b-bd0f-95fb253c6167 func=job_orchestration.executor.compress.spider_compress.compress execution_start=491647802 execution_end=491824760 execution_duration_ms=176958
[2026-02-02 20:03:02.699] [info] [spider.worker] [TIMING] task_id=0679d939-8a27-426b-bd0f-95fb253c6167 func=job_orchestration.executor.compress.spider_compress.compress submit_output_start=491824762 submit_output_end=491824907 submit_output_duration_ms=145
[2026-02-02 20:03:02.995] [info] [spider.worker] [TIMING] task_id=27e9de71-13b4-41d5-b939-2f8974f0bee8 func=job_orchestration.executor.compress.spider_compress.compress fetch_input_start=491825201 fetch_input_end=491825203 fetch_input_duration_ms=1
[2026-02-02 20:03:02.995] [info] [spider.worker] [TIMING] task_id=27e9de71-13b4-41d5-b939-2f8974f0bee8 func=job_orchestration.executor.compress.spider_compress.compress input_send_start=491825204 input_send_end=491825204 input_send_duration_ms=0 bytes=751
[2026-02-02 20:03:02.995] [info] [spider.worker] [TIMING] task_id=27e9de71-13b4-41d5-b939-2f8974f0bee8 func=job_orchestration.executor.compress.spider_compress.compress spawn_start=491825203 spawn_end=491825204 spawn_duration_ms=0
[2026-02-02 20:03:20.707] [info] [spider.worker] [TIMING] task_id=27e9de71-13b4-41d5-b939-2f8974f0bee8 func=job_orchestration.executor.compress.spider_compress.compress execution_start=491825204 execution_end=491842915 execution_duration_ms=17711
[2026-02-02 20:03:22.711] [info] [spider.worker] [TIMING] task_id=27e9de71-13b4-41d5-b939-2f8974f0bee8 func=job_orchestration.executor.compress.spider_compress.compress submit_output_start=491843049 submit_output_end=491844920 submit_output_duration_ms=1870
[2026-02-02 20:03:23.500] [info] [spider.worker] [TIMING] task_id=9239a09d-e977-44f2-9f61-47decba9ebaa func=job_orchestration.executor.compress.spider_compress.compress fetch_input_start=491845707 fetch_input_end=491845709 fetch_input_duration_ms=1
[2026-02-02 20:03:23.501] [info] [spider.worker] [TIMING] task_id=9239a09d-e977-44f2-9f61-47decba9ebaa func=job_orchestration.executor.compress.spider_compress.compress input_send_start=491845709 input_send_end=491845709 input_send_duration_ms=0 bytes=754
[2026-02-02 20:03:23.501] [info] [spider.worker] [TIMING] task_id=9239a09d-e977-44f2-9f61-47decba9ebaa func=job_orchestration.executor.compress.spider_compress.compress spawn_start=491845709 spawn_end=491845709 spawn_duration_ms=0
[2026-02-02 20:04:16.950] [info] [spider.worker] [TIMING] task_id=9239a09d-e977-44f2-9f61-47decba9ebaa func=job_orchestration.executor.compress.spider_compress.compress execution_start=491845709 execution_end=491899158 execution_duration_ms=53449
[2026-02-02 20:04:17.611] [info] [spider.worker] [TIMING] task_id=9239a09d-e977-44f2-9f61-47decba9ebaa func=job_orchestration.executor.compress.spider_compress.compress submit_output_start=491899160 submit_output_end=491899819 submit_output_duration_ms=658
[2026-02-02 20:04:18.644] [info] [spider.worker] [TIMING] task_id=2e788882-06ea-4c50-a893-0dbe480cb075 func=job_orchestration.executor.compress.spider_compress.compress fetch_input_start=491900851 fetch_input_end=491900853 fetch_input_duration_ms=1
[2026-02-02 20:04:18.645] [info] [spider.worker] [TIMING] task_id=2e788882-06ea-4c50-a893-0dbe480cb075 func=job_orchestration.executor.compress.spider_compress.compress input_send_start=491900853 input_send_end=491900853 input_send_duration_ms=0 bytes=852
[2026-02-02 20:04:18.645] [info] [spider.worker] [TIMING] task_id=2e788882-06ea-4c50-a893-0dbe480cb075 func=job_orchestration.executor.compress.spider_compress.compress spawn_start=491900853 spawn_end=491900853 spawn_duration_ms=0
[2026-02-02 20:06:26.059] [info] [spider.worker] [TIMING] task_id=2e788882-06ea-4c50-a893-0dbe480cb075 func=job_orchestration.executor.compress.spider_compress.compress execution_start=491900854 execution_end=492028268 execution_duration_ms=127413
[2026-02-02 20:06:26.100] [info] [spider.worker] [TIMING] task_id=2e788882-06ea-4c50-a893-0dbe480cb075 func=job_orchestration.executor.compress.spider_compress.compress submit_output_start=492028270 submit_output_end=492028308 submit_output_duration_ms=38
[2026-02-02 20:06:26.123] [info] [spider.worker] [TIMING] task_id=5c1cb250-b52f-4293-babb-bb4dc746c755 func=job_orchestration.executor.compress.spider_compress.compress fetch_input_start=492028330 fetch_input_end=492028332 fetch_input_duration_ms=1
[2026-02-02 20:06:26.124] [info] [spider.worker] [TIMING] task_id=5c1cb250-b52f-4293-babb-bb4dc746c755 func=job_orchestration.executor.compress.spider_compress.compress input_send_start=492028332 input_send_end=492028332 input_send_duration_ms=0 bytes=752
[2026-02-02 20:06:26.124] [info] [spider.worker] [TIMING] task_id=5c1cb250-b52f-4293-babb-bb4dc746c755 func=job_orchestration.executor.compress.spider_compress.compress spawn_start=492028332 spawn_end=492028332 spawn_duration_ms=0
[2026-02-02 20:08:26.473] [info] [spider.worker] [TIMING] task_id=5c1cb250-b52f-4293-babb-bb4dc746c755 func=job_orchestration.executor.compress.spider_compress.compress execution_start=492028333 execution_end=492148682 execution_duration_ms=120349
[2026-02-02 20:08:26.492] [info] [spider.worker] [TIMING] task_id=5c1cb250-b52f-4293-babb-bb4dc746c755 func=job_orchestration.executor.compress.spider_compress.compress submit_output_start=492148683 submit_output_end=492148700 submit_output_duration_ms=16
[2026-02-02 20:08:26.502] [info] [spider.worker] [TIMING] task_id=97dee570-0bf0-4818-9ac6-3406502b7f2b func=job_orchestration.executor.compress.spider_compress.compress fetch_input_start=492148710 fetch_input_end=492148711 fetch_input_duration_ms=1
[2026-02-02 20:08:26.503] [info] [spider.worker] [TIMING] task_id=97dee570-0bf0-4818-9ac6-3406502b7f2b func=job_orchestration.executor.compress.spider_compress.compress input_send_start=492148711 input_send_end=492148711 input_send_duration_ms=0 bytes=750
[2026-02-02 20:08:26.503] [info] [spider.worker] [TIMING] task_id=97dee570-0bf0-4818-9ac6-3406502b7f2b func=job_orchestration.executor.compress.spider_compress.compress spawn_start=492148711 spawn_end=492148711 spawn_duration_ms=0
[2026-02-02 20:09:38.362] [info] [spider.worker] [TIMING] task_id=97dee570-0bf0-4818-9ac6-3406502b7f2b func=job_orchestration.executor.compress.spider_compress.compress execution_start=492148712 execution_end=492220571 execution_duration_ms=71858
[2026-02-02 20:09:38.368] [info] [spider.worker] [TIMING] task_id=97dee570-0bf0-4818-9ac6-3406502b7f2b func=job_orchestration.executor.compress.spider_compress.compress submit_output_start=492220573 submit_output_end=492220577 submit_output_duration_ms=4
[2026-02-02 20:09:38.404] [info] [spider.worker] [TIMING] task_id=dc40c25c-68dd-40c4-89a0-65c2a467b621 func=job_orchestration.executor.compress.spider_compress.compress fetch_input_start=492220611 fetch_input_end=492220612 fetch_input_duration_ms=0
[2026-02-02 20:09:38.404] [info] [spider.worker] [TIMING] task_id=dc40c25c-68dd-40c4-89a0-65c2a467b621 func=job_orchestration.executor.compress.spider_compress.compress input_send_start=492220613 input_send_end=492220613 input_send_duration_ms=0 bytes=755
[2026-02-02 20:09:38.404] [info] [spider.worker] [TIMING] task_id=dc40c25c-68dd-40c4-89a0-65c2a467b621 func=job_orchestration.executor.compress.spider_compress.compress spawn_start=492220612 spawn_end=492220613 spawn_duration_ms=0
[2026-02-02 20:10:13.421] [info] [spider.worker] [TIMING] task_id=dc40c25c-68dd-40c4-89a0-65c2a467b621 func=job_orchestration.executor.compress.spider_compress.compress execution_start=492220613 execution_end=492255630 execution_duration_ms=35016
[2026-02-02 20:10:13.432] [info] [spider.worker] [TIMING] task_id=dc40c25c-68dd-40c4-89a0-65c2a467b621 func=job_orchestration.executor.compress.spider_compress.compress submit_output_start=492255632 submit_output_end=492255640 submit_output_duration_ms=8
[2026-02-02 20:10:13.451] [info] [spider.worker] [TIMING] task_id=555fd307-6b87-4031-a983-9adff4a32e93 func=job_orchestration.executor.compress.spider_compress.compress fetch_input_start=492255658 fetch_input_end=492255659 fetch_input_duration_ms=0
[2026-02-02 20:10:13.461] [info] [spider.worker] [TIMING] task_id=555fd307-6b87-4031-a983-9adff4a32e93 func=job_orchestration.executor.compress.spider_compress.compress input_send_start=492255660 input_send_end=492255670 input_send_duration_ms=9 bytes=771
[2026-02-02 20:10:13.461] [info] [spider.worker] [TIMING] task_id=555fd307-6b87-4031-a983-9adff4a32e93 func=job_orchestration.executor.compress.spider_compress.compress spawn_start=492255659 spawn_end=492255670 spawn_duration_ms=10
[2026-02-02 20:10:30.361] [info] [spider.worker] [TIMING] task_id=555fd307-6b87-4031-a983-9adff4a32e93 func=job_orchestration.executor.compress.spider_compress.compress execution_start=492255670 execution_end=492272569 execution_duration_ms=16899
[2026-02-02 20:10:30.452] [info] [spider.worker] [TIMING] task_id=555fd307-6b87-4031-a983-9adff4a32e93 func=job_orchestration.executor.compress.spider_compress.compress submit_output_start=492272572 submit_output_end=492272660 submit_output_duration_ms=88
[2026-02-02 20:10:30.475] [info] [spider.worker] [TIMING] task_id=550aff69-41b4-40d5-ac6f-b55b5f28b588 func=job_orchestration.executor.compress.spider_compress.compress fetch_input_start=492272682 fetch_input_end=492272683 fetch_input_duration_ms=1
[2026-02-02 20:10:30.476] [info] [spider.worker] [TIMING] task_id=550aff69-41b4-40d5-ac6f-b55b5f28b588 func=job_orchestration.executor.compress.spider_compress.compress input_send_start=492272684 input_send_end=492272684 input_send_duration_ms=0 bytes=751
[2026-02-02 20:10:30.476] [info] [spider.worker] [TIMING] task_id=550aff69-41b4-40d5-ac6f-b55b5f28b588 func=job_orchestration.executor.compress.spider_compress.compress spawn_start=492272683 spawn_end=492272684 spawn_duration_ms=0
[2026-02-02 20:12:22.048] [info] [spider.worker] [TIMING] task_id=550aff69-41b4-40d5-ac6f-b55b5f28b588 func=job_orchestration.executor.compress.spider_compress.compress execution_start=492272684 execution_end=492384257 execution_duration_ms=111572
[2026-02-02 20:12:22.083] [info] [spider.worker] [TIMING] task_id=550aff69-41b4-40d5-ac6f-b55b5f28b588 func=job_orchestration.executor.compress.spider_compress.compress submit_output_start=492384259 submit_output_end=492384291 submit_output_duration_ms=32
[2026-02-02 20:12:22.107] [info] [spider.worker] [TIMING] task_id=7580423e-62e7-4abb-8522-75ca9f34cf7e func=job_orchestration.executor.compress.spider_compress.compress fetch_input_start=492384314 fetch_input_end=492384315 fetch_input_duration_ms=1
[2026-02-02 20:12:22.108] [info] [spider.worker] [TIMING] task_id=7580423e-62e7-4abb-8522-75ca9f34cf7e func=job_orchestration.executor.compress.spider_compress.compress input_send_start=492384316 input_send_end=492384316 input_send_duration_ms=0 bytes=852
[2026-02-02 20:12:22.108] [info] [spider.worker] [TIMING] task_id=7580423e-62e7-4abb-8522-75ca9f34cf7e func=job_orchestration.executor.compress.spider_compress.compress spawn_start=492384315 spawn_end=492384316 spawn_duration_ms=0
[2026-02-02 20:15:26.697] [info] [spider.worker] [TIMING] task_id=7580423e-62e7-4abb-8522-75ca9f34cf7e func=job_orchestration.executor.compress.spider_compress.compress execution_start=492384316 execution_end=492568905 execution_duration_ms=184588
[2026-02-02 20:15:26.734] [info] [spider.worker] [TIMING] task_id=7580423e-62e7-4abb-8522-75ca9f34cf7e func=job_orchestration.executor.compress.spider_compress.compress submit_output_start=492568907 submit_output_end=492568942 submit_output_duration_ms=34
[2026-02-02 20:15:26.758] [info] [spider.worker] [TIMING] task_id=80b5bda4-6714-4627-b8bb-672dc9ca983f func=job_orchestration.executor.compress.spider_compress.compress fetch_input_start=492568965 fetch_input_end=492568966 fetch_input_duration_ms=1
[2026-02-02 20:15:26.759] [info] [spider.worker] [TIMING] task_id=80b5bda4-6714-4627-b8bb-672dc9ca983f func=job_orchestration.executor.compress.spider_compress.compress input_send_start=492568968 input_send_end=492568968 input_send_duration_ms=0 bytes=750
[2026-02-02 20:15:26.759] [info] [spider.worker] [TIMING] task_id=80b5bda4-6714-4627-b8bb-672dc9ca983f func=job_orchestration.executor.compress.spider_compress.compress spawn_start=492568967 spawn_end=492568968 spawn_duration_ms=1
[2026-02-02 20:18:40.772] [info] [spider.worker] [TIMING] task_id=80b5bda4-6714-4627-b8bb-672dc9ca983f func=job_orchestration.executor.compress.spider_compress.compress execution_start=492568968 execution_end=492762980 execution_duration_ms=194012
[2026-02-02 20:18:40.794] [info] [spider.worker] [TIMING] task_id=80b5bda4-6714-4627-b8bb-672dc9ca983f func=job_orchestration.executor.compress.spider_compress.compress submit_output_start=492762983 submit_output_end=492763003 submit_output_duration_ms=20
[2026-02-02 20:18:40.839] [info] [spider.worker] [TIMING] task_id=4b7cd1b1-400d-4a2b-8023-f05e61e54e4f func=job_orchestration.executor.compress.spider_compress.compress fetch_input_start=492763046 fetch_input_end=492763047 fetch_input_duration_ms=0
[2026-02-02 20:18:40.839] [info] [spider.worker] [TIMING] task_id=4b7cd1b1-400d-4a2b-8023-f05e61e54e4f func=job_orchestration.executor.compress.spider_compress.compress input_send_start=492763048 input_send_end=492763048 input_send_duration_ms=0 bytes=851
[2026-02-02 20:18:40.839] [info] [spider.worker] [TIMING] task_id=4b7cd1b1-400d-4a2b-8023-f05e61e54e4f func=job_orchestration.executor.compress.spider_compress.compress spawn_start=492763047 spawn_end=492763048 spawn_duration_ms=0
[2026-02-02 20:19:48.519] [info] [spider.worker] [TIMING] task_id=4b7cd1b1-400d-4a2b-8023-f05e61e54e4f func=job_orchestration.executor.compress.spider_compress.compress execution_start=492763048 execution_end=492830728 execution_duration_ms=67679
[2026-02-02 20:19:48.557] [info] [spider.worker] [TIMING] task_id=4b7cd1b1-400d-4a2b-8023-f05e61e54e4f func=job_orchestration.executor.compress.spider_compress.compress submit_output_start=492830730 submit_output_end=492830766 submit_output_duration_ms=35
[2026-02-02 20:19:48.583] [info] [spider.worker] [TIMING] task_id=88d4a27a-da05-43de-bc90-3adbffa1014c func=job_orchestration.executor.compress.spider_compress.compress fetch_input_start=492830790 fetch_input_end=492830791 fetch_input_duration_ms=1
[2026-02-02 20:19:48.584] [info] [spider.worker] [TIMING] task_id=88d4a27a-da05-43de-bc90-3adbffa1014c func=job_orchestration.executor.compress.spider_compress.compress input_send_start=492830792 input_send_end=492830792 input_send_duration_ms=0 bytes=748
[2026-02-02 20:19:48.584] [info] [spider.worker] [TIMING] task_id=88d4a27a-da05-43de-bc90-3adbffa1014c func=job_orchestration.executor.compress.spider_compress.compress spawn_start=492830792 spawn_end=492830792 spawn_duration_ms=0
[2026-02-02 20:20:10.546] [info] [spider.worker] [TIMING] task_id=88d4a27a-da05-43de-bc90-3adbffa1014c func=job_orchestration.executor.compress.spider_compress.compress execution_start=492830792 execution_end=492852755 execution_duration_ms=21962
[2026-02-02 20:20:10.562] [info] [spider.worker] [TIMING] task_id=88d4a27a-da05-43de-bc90-3adbffa1014c func=job_orchestration.executor.compress.spider_compress.compress submit_output_start=492852757 submit_output_end=492852770 submit_output_duration_ms=13
[2026-02-02 20:20:10.607] [info] [spider.worker] [TIMING] task_id=a5f7544f-047e-46f9-af3a-7e8e8c40517d func=job_orchestration.executor.compress.spider_compress.compress fetch_input_start=492852814 fetch_input_end=492852816 fetch_input_duration_ms=1
[2026-02-02 20:20:10.608] [info] [spider.worker] [TIMING] task_id=a5f7544f-047e-46f9-af3a-7e8e8c40517d func=job_orchestration.executor.compress.spider_compress.compress input_send_start=492852816 input_send_end=492852816 input_send_duration_ms=0 bytes=752
[2026-02-02 20:20:10.608] [info] [spider.worker] [TIMING] task_id=a5f7544f-047e-46f9-af3a-7e8e8c40517d func=job_orchestration.executor.compress.spider_compress.compress spawn_start=492852816 spawn_end=492852816 spawn_duration_ms=0
[2026-02-02 20:20:33.973] [info] [spider.worker] [TIMING] task_id=a5f7544f-047e-46f9-af3a-7e8e8c40517d func=job_orchestration.executor.compress.spider_compress.compress execution_start=492852817 execution_end=492876181 execution_duration_ms=23364
[2026-02-02 20:20:34.014] [info] [spider.worker] [TIMING] task_id=a5f7544f-047e-46f9-af3a-7e8e8c40517d func=job_orchestration.executor.compress.spider_compress.compress submit_output_start=492876183 submit_output_end=492876222 submit_output_duration_ms=39
[2026-02-02 20:20:34.038] [info] [spider.worker] [TIMING] task_id=f0c9a929-425b-4b32-8691-8184b146fb6f func=job_orchestration.executor.compress.spider_compress.compress fetch_input_start=492876245 fetch_input_end=492876247 fetch_input_duration_ms=1
[2026-02-02 20:20:34.039] [info] [spider.worker] [TIMING] task_id=f0c9a929-425b-4b32-8691-8184b146fb6f func=job_orchestration.executor.compress.spider_compress.compress input_send_start=492876247 input_send_end=492876247 input_send_duration_ms=0 bytes=755
[2026-02-02 20:20:34.039] [info] [spider.worker] [TIMING] task_id=f0c9a929-425b-4b32-8691-8184b146fb6f func=job_orchestration.executor.compress.spider_compress.compress spawn_start=492876247 spawn_end=492876247 spawn_duration_ms=0
[2026-02-02 20:20:59.135] [info] [spider.worker] [TIMING] task_id=f0c9a929-425b-4b32-8691-8184b146fb6f func=job_orchestration.executor.compress.spider_compress.compress execution_start=492876248 execution_end=492901343 execution_duration_ms=25095
[2026-02-02 20:20:59.181] [info] [spider.worker] [TIMING] task_id=f0c9a929-425b-4b32-8691-8184b146fb6f func=job_orchestration.executor.compress.spider_compress.compress submit_output_start=492901346 submit_output_end=492901389 submit_output_duration_ms=43
[2026-02-02 20:20:59.202] [info] [spider.worker] [TIMING] task_id=11988b03-9bad-4af6-a7c9-6b15d2789ae5 func=job_orchestration.executor.compress.spider_compress.compress fetch_input_start=492901409 fetch_input_end=492901411 fetch_input_duration_ms=1
[2026-02-02 20:20:59.203] [info] [spider.worker] [TIMING] task_id=11988b03-9bad-4af6-a7c9-6b15d2789ae5 func=job_orchestration.executor.compress.spider_compress.compress input_send_start=492901411 input_send_end=492901411 input_send_duration_ms=0 bytes=752
[2026-02-02 20:20:59.203] [info] [spider.worker] [TIMING] task_id=11988b03-9bad-4af6-a7c9-6b15d2789ae5 func=job_orchestration.executor.compress.spider_compress.compress spawn_start=492901411 spawn_end=492901411 spawn_duration_ms=0
[2026-02-02 20:22:12.645] [info] [spider.worker] [TIMING] task_id=11988b03-9bad-4af6-a7c9-6b15d2789ae5 func=job_orchestration.executor.compress.spider_compress.compress execution_start=492901412 execution_end=492974853 execution_duration_ms=73441
[2026-02-02 20:22:12.659] [info] [spider.worker] [TIMING] task_id=11988b03-9bad-4af6-a7c9-6b15d2789ae5 func=job_orchestration.executor.compress.spider_compress.compress submit_output_start=492974855 submit_output_end=492974868 submit_output_duration_ms=12
[2026-02-02 20:22:12.679] [info] [spider.worker] [TIMING] task_id=c55a7007-09a9-4e10-8fda-28a80a3e7ec1 func=job_orchestration.executor.compress.spider_compress.compress fetch_input_start=492974886 fetch_input_end=492974888 fetch_input_duration_ms=1
[2026-02-02 20:22:12.680] [info] [spider.worker] [TIMING] task_id=c55a7007-09a9-4e10-8fda-28a80a3e7ec1 func=job_orchestration.executor.compress.spider_compress.compress input_send_start=492974888 input_send_end=492974888 input_send_duration_ms=0 bytes=751
[2026-02-02 20:22:12.680] [info] [spider.worker] [TIMING] task_id=c55a7007-09a9-4e10-8fda-28a80a3e7ec1 func=job_orchestration.executor.compress.spider_compress.compress spawn_start=492974888 spawn_end=492974888 spawn_duration_ms=0
[2026-02-02 20:23:59.226] [info] [spider.worker] [TIMING] task_id=c55a7007-09a9-4e10-8fda-28a80a3e7ec1 func=job_orchestration.executor.compress.spider_compress.compress execution_start=492974889 execution_end=493081434 execution_duration_ms=106545
[2026-02-02 20:23:59.251] [info] [spider.worker] [TIMING] task_id=c55a7007-09a9-4e10-8fda-28a80a3e7ec1 func=job_orchestration.executor.compress.spider_compress.compress submit_output_start=493081436 submit_output_end=493081459 submit_output_duration_ms=22
[2026-02-02 20:23:59.538] [info] [spider.worker] [TIMING] task_id=aed3d201-d38d-482d-b59b-77ee45cba723 func=job_orchestration.executor.compress.spider_compress.compress fetch_input_start=493081745 fetch_input_end=493081746 fetch_input_duration_ms=1
[2026-02-02 20:23:59.539] [info] [spider.worker] [TIMING] task_id=aed3d201-d38d-482d-b59b-77ee45cba723 func=job_orchestration.executor.compress.spider_compress.compress input_send_start=493081747 input_send_end=493081747 input_send_duration_ms=0 bytes=752
[2026-02-02 20:23:59.539] [info] [spider.worker] [TIMING] task_id=aed3d201-d38d-482d-b59b-77ee45cba723 func=job_orchestration.executor.compress.spider_compress.compress spawn_start=493081746 spawn_end=493081747 spawn_duration_ms=0
[2026-02-02 20:25:52.605] [info] [spider.worker] [TIMING] task_id=aed3d201-d38d-482d-b59b-77ee45cba723 func=job_orchestration.executor.compress.spider_compress.compress execution_start=493081747 execution_end=493194814 execution_duration_ms=113066
[2026-02-02 20:25:52.632] [info] [spider.worker] [TIMING] task_id=aed3d201-d38d-482d-b59b-77ee45cba723 func=job_orchestration.executor.compress.spider_compress.compress submit_output_start=493194816 submit_output_end=493194840 submit_output_duration_ms=24
[2026-02-02 20:25:52.668] [info] [spider.worker] [TIMING] task_id=a259fc17-0031-43da-952f-245a5c9ccd52 func=job_orchestration.executor.compress.spider_compress.compress fetch_input_start=493194875 fetch_input_end=493194876 fetch_input_duration_ms=1
[2026-02-02 20:25:52.669] [info] [spider.worker] [TIMING] task_id=a259fc17-0031-43da-952f-245a5c9ccd52 func=job_orchestration.executor.compress.spider_compress.compress input_send_start=493194877 input_send_end=493194877 input_send_duration_ms=0 bytes=748
[2026-02-02 20:25:52.681] [info] [spider.worker] [TIMING] task_id=a259fc17-0031-43da-952f-245a5c9ccd52 func=job_orchestration.executor.compress.spider_compress.compress spawn_start=493194877 spawn_end=493194889 spawn_duration_ms=12
[2026-02-02 20:26:25.622] [info] [spider.worker] [TIMING] task_id=a259fc17-0031-43da-952f-245a5c9ccd52 func=job_orchestration.executor.compress.spider_compress.compress execution_start=493194890 execution_end=493227830 execution_duration_ms=32940
[2026-02-02 20:26:25.637] [info] [spider.worker] [TIMING] task_id=a259fc17-0031-43da-952f-245a5c9ccd52 func=job_orchestration.executor.compress.spider_compress.compress submit_output_start=493227832 submit_output_end=493227846 submit_output_duration_ms=13
[2026-02-02 20:26:25.658] [info] [spider.worker] [TIMING] task_id=7621c7cb-6a3d-4edf-a08b-42bee031f707 func=job_orchestration.executor.compress.spider_compress.compress fetch_input_start=493227865 fetch_input_end=493227866 fetch_input_duration_ms=1
[2026-02-02 20:26:25.658] [info] [spider.worker] [TIMING] task_id=7621c7cb-6a3d-4edf-a08b-42bee031f707 func=job_orchestration.executor.compress.spider_compress.compress input_send_start=493227867 input_send_end=493227867 input_send_duration_ms=0 bytes=754
[2026-02-02 20:26:25.658] [info] [spider.worker] [TIMING] task_id=7621c7cb-6a3d-4edf-a08b-42bee031f707 func=job_orchestration.executor.compress.spider_compress.compress spawn_start=493227866 spawn_end=493227867 spawn_duration_ms=0
[2026-02-02 20:26:56.359] [info] [spider.worker] [TIMING] task_id=7621c7cb-6a3d-4edf-a08b-42bee031f707 func=job_orchestration.executor.compress.spider_compress.compress execution_start=493227867 execution_end=493258567 execution_duration_ms=30700
[2026-02-02 20:26:56.368] [info] [spider.worker] [TIMING] task_id=7621c7cb-6a3d-4edf-a08b-42bee031f707 func=job_orchestration.executor.compress.spider_compress.compress submit_output_start=493258569 submit_output_end=493258576 submit_output_duration_ms=6
[2026-02-02 20:26:56.397] [info] [spider.worker] [TIMING] task_id=698cde1e-e689-440c-8418-445860318f70 func=job_orchestration.executor.compress.spider_compress.compress fetch_input_start=493258604 fetch_input_end=493258605 fetch_input_duration_ms=0
[2026-02-02 20:26:56.398] [info] [spider.worker] [TIMING] task_id=698cde1e-e689-440c-8418-445860318f70 func=job_orchestration.executor.compress.spider_compress.compress input_send_start=493258606 input_send_end=493258606 input_send_duration_ms=0 bytes=755
[2026-02-02 20:26:56.398] [info] [spider.worker] [TIMING] task_id=698cde1e-e689-440c-8418-445860318f70 func=job_orchestration.executor.compress.spider_compress.compress spawn_start=493258605 spawn_end=493258606 spawn_duration_ms=0
[2026-02-02 20:27:45.469] [info] [spider.worker] [TIMING] task_id=698cde1e-e689-440c-8418-445860318f70 func=job_orchestration.executor.compress.spider_compress.compress execution_start=493258606 execution_end=493307677 execution_duration_ms=49071
[2026-02-02 20:27:45.499] [info] [spider.worker] [TIMING] task_id=698cde1e-e689-440c-8418-445860318f70 func=job_orchestration.executor.compress.spider_compress.compress submit_output_start=493307679 submit_output_end=493307708 submit_output_duration_ms=28
[2026-02-02 20:27:45.515] [info] [spider.worker] [TIMING] task_id=a07cff01-d461-47d2-934e-9f1210785ca2 func=job_orchestration.executor.compress.spider_compress.compress fetch_input_start=493307723 fetch_input_end=493307723 fetch_input_duration_ms=0
[2026-02-02 20:27:45.516] [info] [spider.worker] [TIMING] task_id=a07cff01-d461-47d2-934e-9f1210785ca2 func=job_orchestration.executor.compress.spider_compress.compress input_send_start=493307724 input_send_end=493307724 input_send_duration_ms=0 bytes=751
[2026-02-02 20:27:45.516] [info] [spider.worker] [TIMING] task_id=a07cff01-d461-47d2-934e-9f1210785ca2 func=job_orchestration.executor.compress.spider_compress.compress spawn_start=493307724 spawn_end=493307724 spawn_duration_ms=0
[2026-02-02 20:28:21.643] [info] [spider.worker] [TIMING] task_id=a07cff01-d461-47d2-934e-9f1210785ca2 func=job_orchestration.executor.compress.spider_compress.compress execution_start=493307724 execution_end=493343852 execution_duration_ms=36127
[2026-02-02 20:28:21.699] [info] [spider.worker] [TIMING] task_id=a07cff01-d461-47d2-934e-9f1210785ca2 func=job_orchestration.executor.compress.spider_compress.compress submit_output_start=493343854 submit_output_end=493343907 submit_output_duration_ms=53
[2026-02-02 20:28:21.721] [info] [spider.worker] [TIMING] task_id=3fc87c2d-c711-45f6-b5a3-a96211c505c9 func=job_orchestration.executor.compress.spider_compress.compress fetch_input_start=493343928 fetch_input_end=493343930 fetch_input_duration_ms=1
[2026-02-02 20:28:21.722] [info] [spider.worker] [TIMING] task_id=3fc87c2d-c711-45f6-b5a3-a96211c505c9 func=job_orchestration.executor.compress.spider_compress.compress input_send_start=493343930 input_send_end=493343930 input_send_duration_ms=0 bytes=752
[2026-02-02 20:28:21.722] [info] [spider.worker] [TIMING] task_id=3fc87c2d-c711-45f6-b5a3-a96211c505c9 func=job_orchestration.executor.compress.spider_compress.compress spawn_start=493343930 spawn_end=493343930 spawn_duration_ms=0
[2026-02-02 20:28:58.361] [info] [spider.worker] [TIMING] task_id=3fc87c2d-c711-45f6-b5a3-a96211c505c9 func=job_orchestration.executor.compress.spider_compress.compress execution_start=493343930 execution_end=493380569 execution_duration_ms=36638
[2026-02-02 20:28:58.590] [info] [spider.worker] [TIMING] task_id=3fc87c2d-c711-45f6-b5a3-a96211c505c9 func=job_orchestration.executor.compress.spider_compress.compress submit_output_start=493380570 submit_output_end=493380798 submit_output_duration_ms=227
[2026-02-02 20:28:58.626] [info] [spider.worker] [TIMING] task_id=f177adbf-32f5-4315-a42e-cc92da1b951a func=job_orchestration.executor.compress.spider_compress.compress fetch_input_start=493380833 fetch_input_end=493380835 fetch_input_duration_ms=1
[2026-02-02 20:28:58.627] [info] [spider.worker] [TIMING] task_id=f177adbf-32f5-4315-a42e-cc92da1b951a func=job_orchestration.executor.compress.spider_compress.compress input_send_start=493380835 input_send_end=493380835 input_send_duration_ms=0 bytes=755
[2026-02-02 20:28:58.627] [info] [spider.worker] [TIMING] task_id=f177adbf-32f5-4315-a42e-cc92da1b951a func=job_orchestration.executor.compress.spider_compress.compress spawn_start=493380835 spawn_end=493380835 spawn_duration_ms=0
[2026-02-02 20:31:47.925] [info] [spider.worker] [TIMING] task_id=f177adbf-32f5-4315-a42e-cc92da1b951a func=job_orchestration.executor.compress.spider_compress.compress execution_start=493380835 execution_end=493550133 execution_duration_ms=169297
[2026-02-02 20:31:47.982] [info] [spider.worker] [TIMING] task_id=f177adbf-32f5-4315-a42e-cc92da1b951a func=job_orchestration.executor.compress.spider_compress.compress submit_output_start=493550146 submit_output_end=493550191 submit_output_duration_ms=44
[2026-02-02 20:31:48.035] [info] [spider.worker] [TIMING] task_id=948336df-6deb-4a59-95cd-b9d15a69f669 func=job_orchestration.executor.compress.spider_compress.compress fetch_input_start=493550242 fetch_input_end=493550243 fetch_input_duration_ms=0
[2026-02-02 20:31:48.036] [info] [spider.worker] [TIMING] task_id=948336df-6deb-4a59-95cd-b9d15a69f669 func=job_orchestration.executor.compress.spider_compress.compress input_send_start=493550244 input_send_end=493550244 input_send_duration_ms=0 bytes=755
[2026-02-02 20:31:48.036] [info] [spider.worker] [TIMING] task_id=948336df-6deb-4a59-95cd-b9d15a69f669 func=job_orchestration.executor.compress.spider_compress.compress spawn_start=493550243 spawn_end=493550244 spawn_duration_ms=0
[2026-02-02 20:32:23.714] [info] [spider.worker] [TIMING] task_id=948336df-6deb-4a59-95cd-b9d15a69f669 func=job_orchestration.executor.compress.spider_compress.compress execution_start=493550244 execution_end=493585922 execution_duration_ms=35678
[2026-02-02 20:32:23.720] [info] [spider.worker] [TIMING] task_id=948336df-6deb-4a59-95cd-b9d15a69f669 func=job_orchestration.executor.compress.spider_compress.compress submit_output_start=493585924 submit_output_end=493585928 submit_output_duration_ms=3
[2026-02-02 20:32:23.788] [info] [spider.worker] [TIMING] task_id=de4152bd-e8ec-445a-aad6-9df7fb91ac87 func=job_orchestration.executor.compress.spider_compress.compress fetch_input_start=493585996 fetch_input_end=493585997 fetch_input_duration_ms=0
[2026-02-02 20:32:23.789] [info] [spider.worker] [TIMING] task_id=de4152bd-e8ec-445a-aad6-9df7fb91ac87 func=job_orchestration.executor.compress.spider_compress.compress input_send_start=493585997 input_send_end=493585997 input_send_duration_ms=0 bytes=751
[2026-02-02 20:32:23.789] [info] [spider.worker] [TIMING] task_id=de4152bd-e8ec-445a-aad6-9df7fb91ac87 func=job_orchestration.executor.compress.spider_compress.compress spawn_start=493585997 spawn_end=493585997 spawn_duration_ms=0
[2026-02-02 20:33:03.227] [info] [spider.worker] [TIMING] task_id=de4152bd-e8ec-445a-aad6-9df7fb91ac87 func=job_orchestration.executor.compress.spider_compress.compress execution_start=493585997 execution_end=493625435 execution_duration_ms=39438
[2026-02-02 20:33:03.692] [info] [spider.worker] [TIMING] task_id=de4152bd-e8ec-445a-aad6-9df7fb91ac87 func=job_orchestration.executor.compress.spider_compress.compress submit_output_start=493625521 submit_output_end=493625900 submit_output_duration_ms=379
[2026-02-02 20:33:04.119] [info] [spider.worker] [TIMING] task_id=ad9028ce-d74e-4620-b0af-7f4bec4c3217 func=job_orchestration.executor.compress.spider_compress.compress fetch_input_start=493626326 fetch_input_end=493626327 fetch_input_duration_ms=1
[2026-02-02 20:33:04.119] [info] [spider.worker] [TIMING] task_id=ad9028ce-d74e-4620-b0af-7f4bec4c3217 func=job_orchestration.executor.compress.spider_compress.compress input_send_start=493626328 input_send_end=493626328 input_send_duration_ms=0 bytes=748
[2026-02-02 20:33:04.120] [info] [spider.worker] [TIMING] task_id=ad9028ce-d74e-4620-b0af-7f4bec4c3217 func=job_orchestration.executor.compress.spider_compress.compress spawn_start=493626327 spawn_end=493626328 spawn_duration_ms=0
[2026-02-02 20:33:27.959] [info] [spider.worker] [TIMING] task_id=ad9028ce-d74e-4620-b0af-7f4bec4c3217 func=job_orchestration.executor.compress.spider_compress.compress execution_start=493626328 execution_end=493650167 execution_duration_ms=23838
[2026-02-02 20:33:27.997] [info] [spider.worker] [TIMING] task_id=ad9028ce-d74e-4620-b0af-7f4bec4c3217 func=job_orchestration.executor.compress.spider_compress.compress submit_output_start=493650169 submit_output_end=493650205 submit_output_duration_ms=36
[2026-02-02 20:33:28.038] [info] [spider.worker] [TIMING] task_id=d3e2207b-3d57-44e0-98bc-40477350e31a func=job_orchestration.executor.compress.spider_compress.compress fetch_input_start=493650245 fetch_input_end=493650246 fetch_input_duration_ms=1
[2026-02-02 20:33:28.038] [info] [spider.worker] [TIMING] task_id=d3e2207b-3d57-44e0-98bc-40477350e31a func=job_orchestration.executor.compress.spider_compress.compress input_send_start=493650246 input_send_end=493650246 input_send_duration_ms=0 bytes=747
[2026-02-02 20:33:28.038] [info] [spider.worker] [TIMING] task_id=d3e2207b-3d57-44e0-98bc-40477350e31a func=job_orchestration.executor.compress.spider_compress.compress spawn_start=493650246 spawn_end=493650247 spawn_duration_ms=0
[2026-02-02 20:37:35.319] [info] [spider.worker] [TIMING] task_id=d3e2207b-3d57-44e0-98bc-40477350e31a func=job_orchestration.executor.compress.spider_compress.compress execution_start=493650247 execution_end=493897527 execution_duration_ms=247280
[2026-02-02 20:37:35.331] [info] [spider.worker] [TIMING] task_id=d3e2207b-3d57-44e0-98bc-40477350e31a func=job_orchestration.executor.compress.spider_compress.compress submit_output_start=493897529 submit_output_end=493897540 submit_output_duration_ms=10
[2026-02-02 20:37:35.352] [info] [spider.worker] [TIMING] task_id=a213ae2d-5a4d-48d1-b97a-5cc2e5591edf func=job_orchestration.executor.compress.spider_compress.compress fetch_input_start=493897559 fetch_input_end=493897560 fetch_input_duration_ms=1
[2026-02-02 20:37:35.352] [info] [spider.worker] [TIMING] task_id=a213ae2d-5a4d-48d1-b97a-5cc2e5591edf func=job_orchestration.executor.compress.spider_compress.compress input_send_start=493897561 input_send_end=493897561 input_send_duration_ms=0 bytes=752
[2026-02-02 20:37:35.352] [info] [spider.worker] [TIMING] task_id=a213ae2d-5a4d-48d1-b97a-5cc2e5591edf func=job_orchestration.executor.compress.spider_compress.compress spawn_start=493897560 spawn_end=493897561 spawn_duration_ms=0
[2026-02-02 20:41:22.079] [info] [spider.worker] [TIMING] task_id=a213ae2d-5a4d-48d1-b97a-5cc2e5591edf func=job_orchestration.executor.compress.spider_compress.compress execution_start=493897561 execution_end=494124288 execution_duration_ms=226726
[2026-02-02 20:41:22.118] [info] [spider.worker] [TIMING] task_id=a213ae2d-5a4d-48d1-b97a-5cc2e5591edf func=job_orchestration.executor.compress.spider_compress.compress submit_output_start=494124291 submit_output_end=494124326 submit_output_duration_ms=35
[2026-02-02 20:41:22.155] [info] [spider.worker] [TIMING] task_id=d0e57563-5602-4c9e-8d69-2a0d0ad8b5c8 func=job_orchestration.executor.compress.spider_compress.compress fetch_input_start=494124362 fetch_input_end=494124363 fetch_input_duration_ms=1
[2026-02-02 20:41:22.155] [info] [spider.worker] [TIMING] task_id=d0e57563-5602-4c9e-8d69-2a0d0ad8b5c8 func=job_orchestration.executor.compress.spider_compress.compress input_send_start=494124363 input_send_end=494124363 input_send_duration_ms=0 bytes=755
[2026-02-02 20:41:22.155] [info] [spider.worker] [TIMING] task_id=d0e57563-5602-4c9e-8d69-2a0d0ad8b5c8 func=job_orchestration.executor.compress.spider_compress.compress spawn_start=494124363 spawn_end=494124363 spawn_duration_ms=0
[2026-02-02 20:41:35.052] [info] [spider.worker] [TIMING] task_id=d0e57563-5602-4c9e-8d69-2a0d0ad8b5c8 func=job_orchestration.executor.compress.spider_compress.compress execution_start=494124363 execution_end=494137260 execution_duration_ms=12896
[2026-02-02 20:41:35.102] [info] [spider.worker] [TIMING] task_id=d0e57563-5602-4c9e-8d69-2a0d0ad8b5c8 func=job_orchestration.executor.compress.spider_compress.compress submit_output_start=494137262 submit_output_end=494137311 submit_output_duration_ms=48
[2026-02-02 20:41:35.119] [info] [spider.worker] [TIMING] task_id=460a8079-5b20-4b1e-abc3-ce4d237fe44a func=job_orchestration.executor.compress.spider_compress.compress fetch_input_start=494137326 fetch_input_end=494137328 fetch_input_duration_ms=1
[2026-02-02 20:41:35.120] [info] [spider.worker] [TIMING] task_id=460a8079-5b20-4b1e-abc3-ce4d237fe44a func=job_orchestration.executor.compress.spider_compress.compress input_send_start=494137328 input_send_end=494137328 input_send_duration_ms=0 bytes=755
[2026-02-02 20:41:35.120] [info] [spider.worker] [TIMING] task_id=460a8079-5b20-4b1e-abc3-ce4d237fe44a func=job_orchestration.executor.compress.spider_compress.compress spawn_start=494137328 spawn_end=494137328 spawn_duration_ms=0
[2026-02-02 20:43:24.433] [info] [spider.worker] [TIMING] task_id=460a8079-5b20-4b1e-abc3-ce4d237fe44a func=job_orchestration.executor.compress.spider_compress.compress execution_start=494137329 execution_end=494246642 execution_duration_ms=109313
[2026-02-02 20:43:24.447] [info] [spider.worker] [TIMING] task_id=460a8079-5b20-4b1e-abc3-ce4d237fe44a func=job_orchestration.executor.compress.spider_compress.compress submit_output_start=494246644 submit_output_end=494246655 submit_output_duration_ms=11
[2026-02-02 20:43:24.458] [info] [spider.worker] [TIMING] task_id=50d50d08-bc8a-4431-b2f3-ad63ed2edccf func=job_orchestration.executor.compress.spider_compress.compress fetch_input_start=494246665 fetch_input_end=494246666 fetch_input_duration_ms=1
[2026-02-02 20:43:24.458] [info] [spider.worker] [TIMING] task_id=50d50d08-bc8a-4431-b2f3-ad63ed2edccf func=job_orchestration.executor.compress.spider_compress.compress input_send_start=494246666 input_send_end=494246666 input_send_duration_ms=0 bytes=748
[2026-02-02 20:43:24.458] [info] [spider.worker] [TIMING] task_id=50d50d08-bc8a-4431-b2f3-ad63ed2edccf func=job_orchestration.executor.compress.spider_compress.compress spawn_start=494246666 spawn_end=494246666 spawn_duration_ms=0
[2026-02-02 20:44:07.943] [info] [spider.worker] [TIMING] task_id=50d50d08-bc8a-4431-b2f3-ad63ed2edccf func=job_orchestration.executor.compress.spider_compress.compress execution_start=494246667 execution_end=494290152 execution_duration_ms=43485
[2026-02-02 20:44:07.960] [info] [spider.worker] [TIMING] task_id=50d50d08-bc8a-4431-b2f3-ad63ed2edccf func=job_orchestration.executor.compress.spider_compress.compress submit_output_start=494290154 submit_output_end=494290168 submit_output_duration_ms=13
[2026-02-02 20:44:08.002] [info] [spider.worker] [TIMING] task_id=4d7ed9da-0697-4f64-807f-129451e9840d func=job_orchestration.executor.compress.spider_compress.compress fetch_input_start=494290209 fetch_input_end=494290210 fetch_input_duration_ms=0
[2026-02-02 20:44:08.002] [info] [spider.worker] [TIMING] task_id=4d7ed9da-0697-4f64-807f-129451e9840d func=job_orchestration.executor.compress.spider_compress.compress input_send_start=494290211 input_send_end=494290211 input_send_duration_ms=0 bytes=752
[2026-02-02 20:44:08.002] [info] [spider.worker] [TIMING] task_id=4d7ed9da-0697-4f64-807f-129451e9840d func=job_orchestration.executor.compress.spider_compress.compress spawn_start=494290210 spawn_end=494290211 spawn_duration_ms=0
[2026-02-02 20:44:33.637] [info] [spider.worker] [TIMING] task_id=4d7ed9da-0697-4f64-807f-129451e9840d func=job_orchestration.executor.compress.spider_compress.compress execution_start=494290211 execution_end=494315845 execution_duration_ms=25634
[2026-02-02 20:44:33.649] [info] [spider.worker] [TIMING] task_id=4d7ed9da-0697-4f64-807f-129451e9840d func=job_orchestration.executor.compress.spider_compress.compress submit_output_start=494315847 submit_output_end=494315857 submit_output_duration_ms=9
[2026-02-02 20:44:33.690] [info] [spider.worker] [TIMING] task_id=f8053f0d-fd83-43db-87e9-ba8893484a9d func=job_orchestration.executor.compress.spider_compress.compress fetch_input_start=494315897 fetch_input_end=494315898 fetch_input_duration_ms=1
[2026-02-02 20:44:33.691] [info] [spider.worker] [TIMING] task_id=f8053f0d-fd83-43db-87e9-ba8893484a9d func=job_orchestration.executor.compress.spider_compress.compress input_send_start=494315899 input_send_end=494315899 input_send_duration_ms=0 bytes=750
[2026-02-02 20:44:33.691] [info] [spider.worker] [TIMING] task_id=f8053f0d-fd83-43db-87e9-ba8893484a9d func=job_orchestration.executor.compress.spider_compress.compress spawn_start=494315898 spawn_end=494315899 spawn_duration_ms=0
[2026-02-02 20:49:01.794] [info] [spider.worker] [TIMING] task_id=f8053f0d-fd83-43db-87e9-ba8893484a9d func=job_orchestration.executor.compress.spider_compress.compress execution_start=494315899 execution_end=494584002 execution_duration_ms=268103
[2026-02-02 20:49:01.806] [info] [spider.worker] [TIMING] task_id=f8053f0d-fd83-43db-87e9-ba8893484a9d func=job_orchestration.executor.compress.spider_compress.compress submit_output_start=494584005 submit_output_end=494584014 submit_output_duration_ms=9
[2026-02-02 20:49:01.825] [info] [spider.worker] [TIMING] task_id=cb3f6ada-0d6b-43bd-bf0b-be624cdb1f71 func=job_orchestration.executor.compress.spider_compress.compress fetch_input_start=494584032 fetch_input_end=494584034 fetch_input_duration_ms=1
[2026-02-02 20:49:01.826] [info] [spider.worker] [TIMING] task_id=cb3f6ada-0d6b-43bd-bf0b-be624cdb1f71 func=job_orchestration.executor.compress.spider_compress.compress input_send_start=494584034 input_send_end=494584034 input_send_duration_ms=0 bytes=751
[2026-02-02 20:49:01.826] [info] [spider.worker] [TIMING] task_id=cb3f6ada-0d6b-43bd-bf0b-be624cdb1f71 func=job_orchestration.executor.compress.spider_compress.compress spawn_start=494584034 spawn_end=494584034 spawn_duration_ms=0
[2026-02-02 20:49:20.069] [info] [spider.worker] [TIMING] task_id=cb3f6ada-0d6b-43bd-bf0b-be624cdb1f71 func=job_orchestration.executor.compress.spider_compress.compress execution_start=494584034 execution_end=494602278 execution_duration_ms=18243
[2026-02-02 20:49:20.131] [info] [spider.worker] [TIMING] task_id=cb3f6ada-0d6b-43bd-bf0b-be624cdb1f71 func=job_orchestration.executor.compress.spider_compress.compress submit_output_start=494602300 submit_output_end=494602339 submit_output_duration_ms=38
[2026-02-02 20:49:20.167] [info] [spider.worker] [TIMING] task_id=da5f4615-23ca-4dd8-81ef-8525e8742b45 func=job_orchestration.executor.compress.spider_compress.compress fetch_input_start=494602375 fetch_input_end=494602375 fetch_input_duration_ms=0
[2026-02-02 20:49:20.167] [info] [spider.worker] [TIMING] task_id=da5f4615-23ca-4dd8-81ef-8525e8742b45 func=job_orchestration.executor.compress.spider_compress.compress input_send_start=494602376 input_send_end=494602376 input_send_duration_ms=0 bytes=843
[2026-02-02 20:49:20.167] [info] [spider.worker] [TIMING] task_id=da5f4615-23ca-4dd8-81ef-8525e8742b45 func=job_orchestration.executor.compress.spider_compress.compress spawn_start=494602375 spawn_end=494602376 spawn_duration_ms=0
[2026-02-02 20:50:05.968] [info] [spider.worker] [TIMING] task_id=da5f4615-23ca-4dd8-81ef-8525e8742b45 func=job_orchestration.executor.compress.spider_compress.compress execution_start=494602376 execution_end=494648176 execution_duration_ms=45800
[2026-02-02 20:50:05.983] [info] [spider.worker] [TIMING] task_id=da5f4615-23ca-4dd8-81ef-8525e8742b45 func=job_orchestration.executor.compress.spider_compress.compress submit_output_start=494648178 submit_output_end=494648191 submit_output_duration_ms=12
[2026-02-02 20:50:06.019] [info] [spider.worker] [TIMING] task_id=044738b6-73fd-4524-8e30-888e60dc8442 func=job_orchestration.executor.compress.spider_compress.compress fetch_input_start=494648226 fetch_input_end=494648227 fetch_input_duration_ms=1
[2026-02-02 20:50:06.020] [info] [spider.worker] [TIMING] task_id=044738b6-73fd-4524-8e30-888e60dc8442 func=job_orchestration.executor.compress.spider_compress.compress input_send_start=494648228 input_send_end=494648228 input_send_duration_ms=0 bytes=755
[2026-02-02 20:50:06.020] [info] [spider.worker] [TIMING] task_id=044738b6-73fd-4524-8e30-888e60dc8442 func=job_orchestration.executor.compress.spider_compress.compress spawn_start=494648228 spawn_end=494648228 spawn_duration_ms=0
[2026-02-02 20:50:19.108] [info] [spider.worker] [TIMING] task_id=044738b6-73fd-4524-8e30-888e60dc8442 func=job_orchestration.executor.compress.spider_compress.compress execution_start=494648228 execution_end=494661317 execution_duration_ms=13088
[2026-02-02 20:50:19.123] [info] [spider.worker] [TIMING] task_id=044738b6-73fd-4524-8e30-888e60dc8442 func=job_orchestration.executor.compress.spider_compress.compress submit_output_start=494661319 submit_output_end=494661332 submit_output_duration_ms=12
[2026-02-02 20:50:19.143] [info] [spider.worker] [TIMING] task_id=7e68ee5d-9e26-45e0-a3ab-503a2b02bbf2 func=job_orchestration.executor.compress.spider_compress.compress fetch_input_start=494661350 fetch_input_end=494661351 fetch_input_duration_ms=1
[2026-02-02 20:50:19.144] [info] [spider.worker] [TIMING] task_id=7e68ee5d-9e26-45e0-a3ab-503a2b02bbf2 func=job_orchestration.executor.compress.spider_compress.compress input_send_start=494661352 input_send_end=494661352 input_send_duration_ms=0 bytes=852
[2026-02-02 20:50:19.144] [info] [spider.worker] [TIMING] task_id=7e68ee5d-9e26-45e0-a3ab-503a2b02bbf2 func=job_orchestration.executor.compress.spider_compress.compress spawn_start=494661351 spawn_end=494661352 spawn_duration_ms=0
[2026-02-02 20:51:32.064] [info] [spider.worker] [TIMING] task_id=7e68ee5d-9e26-45e0-a3ab-503a2b02bbf2 func=job_orchestration.executor.compress.spider_compress.compress execution_start=494661352 execution_end=494734272 execution_duration_ms=72919
[2026-02-02 20:51:32.075] [info] [spider.worker] [TIMING] task_id=7e68ee5d-9e26-45e0-a3ab-503a2b02bbf2 func=job_orchestration.executor.compress.spider_compress.compress submit_output_start=494734275 submit_output_end=494734283 submit_output_duration_ms=8
[2026-02-02 20:51:32.095] [info] [spider.worker] [TIMING] task_id=2f2c3032-cd8b-4c9f-b7ff-54c8fc50fa71 func=job_orchestration.executor.compress.spider_compress.compress fetch_input_start=494734302 fetch_input_end=494734303 fetch_input_duration_ms=1
[2026-02-02 20:51:32.096] [info] [spider.worker] [TIMING] task_id=2f2c3032-cd8b-4c9f-b7ff-54c8fc50fa71 func=job_orchestration.executor.compress.spider_compress.compress input_send_start=494734304 input_send_end=494734304 input_send_duration_ms=0 bytes=752
[2026-02-02 20:51:32.096] [info] [spider.worker] [TIMING] task_id=2f2c3032-cd8b-4c9f-b7ff-54c8fc50fa71 func=job_orchestration.executor.compress.spider_compress.compress spawn_start=494734303 spawn_end=494734304 spawn_duration_ms=0
[2026-02-02 20:52:24.484] [info] [spider.worker] [TIMING] task_id=2f2c3032-cd8b-4c9f-b7ff-54c8fc50fa71 func=job_orchestration.executor.compress.spider_compress.compress execution_start=494734304 execution_end=494786692 execution_duration_ms=52387
[2026-02-02 20:52:24.529] [info] [spider.worker] [TIMING] task_id=2f2c3032-cd8b-4c9f-b7ff-54c8fc50fa71 func=job_orchestration.executor.compress.spider_compress.compress submit_output_start=494786695 submit_output_end=494786737 submit_output_duration_ms=42
[2026-02-02 20:52:24.556] [info] [spider.worker] [TIMING] task_id=e4162526-9094-4723-b09d-32734c3af6e0 func=job_orchestration.executor.compress.spider_compress.compress fetch_input_start=494786764 fetch_input_end=494786765 fetch_input_duration_ms=0
[2026-02-02 20:52:24.557] [info] [spider.worker] [TIMING] task_id=e4162526-9094-4723-b09d-32734c3af6e0 func=job_orchestration.executor.compress.spider_compress.compress input_send_start=494786765 input_send_end=494786765 input_send_duration_ms=0 bytes=754
[2026-02-02 20:52:24.557] [info] [spider.worker] [TIMING] task_id=e4162526-9094-4723-b09d-32734c3af6e0 func=job_orchestration.executor.compress.spider_compress.compress spawn_start=494786765 spawn_end=494786765 spawn_duration_ms=0
[2026-02-02 20:53:10.337] [info] [spider.worker] [TIMING] task_id=e4162526-9094-4723-b09d-32734c3af6e0 func=job_orchestration.executor.compress.spider_compress.compress execution_start=494786765 execution_end=494832545 execution_duration_ms=45779
[2026-02-02 20:53:10.392] [info] [spider.worker] [TIMING] task_id=e4162526-9094-4723-b09d-32734c3af6e0 func=job_orchestration.executor.compress.spider_compress.compress submit_output_start=494832547 submit_output_end=494832600 submit_output_duration_ms=53
[2026-02-02 20:53:10.410] [info] [spider.worker] [TIMING] task_id=614b4d40-3428-4e05-b96c-4c49481cd0fc func=job_orchestration.executor.compress.spider_compress.compress fetch_input_start=494832617 fetch_input_end=494832619 fetch_input_duration_ms=1
[2026-02-02 20:53:10.411] [info] [spider.worker] [TIMING] task_id=614b4d40-3428-4e05-b96c-4c49481cd0fc func=job_orchestration.executor.compress.spider_compress.compress input_send_start=494832619 input_send_end=494832619 input_send_duration_ms=0 bytes=839
[2026-02-02 20:53:10.411] [info] [spider.worker] [TIMING] task_id=614b4d40-3428-4e05-b96c-4c49481cd0fc func=job_orchestration.executor.compress.spider_compress.compress spawn_start=494832619 spawn_end=494832619 spawn_duration_ms=0
[2026-02-02 20:54:49.412] [info] [spider.worker] [TIMING] task_id=614b4d40-3428-4e05-b96c-4c49481cd0fc func=job_orchestration.executor.compress.spider_compress.compress execution_start=494832619 execution_end=494931620 execution_duration_ms=99000
[2026-02-02 20:54:49.422] [info] [spider.worker] [TIMING] task_id=614b4d40-3428-4e05-b96c-4c49481cd0fc func=job_orchestration.executor.compress.spider_compress.compress submit_output_start=494931622 submit_output_end=494931631 submit_output_duration_ms=8
[2026-02-02 20:54:49.465] [info] [spider.worker] [TIMING] task_id=7865d791-22c0-4326-92bc-98dcf42cd018 func=job_orchestration.executor.compress.spider_compress.compress fetch_input_start=494931672 fetch_input_end=494931673 fetch_input_duration_ms=1
[2026-02-02 20:54:49.465] [info] [spider.worker] [TIMING] task_id=7865d791-22c0-4326-92bc-98dcf42cd018 func=job_orchestration.executor.compress.spider_compress.compress input_send_start=494931674 input_send_end=494931674 input_send_duration_ms=0 bytes=754
[2026-02-02 20:54:49.465] [info] [spider.worker] [TIMING] task_id=7865d791-22c0-4326-92bc-98dcf42cd018 func=job_orchestration.executor.compress.spider_compress.compress spawn_start=494931673 spawn_end=494931674 spawn_duration_ms=0
[2026-02-02 20:55:30.325] [info] [spider.worker] [TIMING] task_id=7865d791-22c0-4326-92bc-98dcf42cd018 func=job_orchestration.executor.compress.spider_compress.compress execution_start=494931674 execution_end=494972534 execution_duration_ms=40860
[2026-02-02 20:55:30.343] [info] [spider.worker] [TIMING] task_id=7865d791-22c0-4326-92bc-98dcf42cd018 func=job_orchestration.executor.compress.spider_compress.compress submit_output_start=494972536 submit_output_end=494972552 submit_output_duration_ms=15
[2026-02-02 20:55:30.363] [info] [spider.worker] [TIMING] task_id=59dccefe-d0b5-4278-ba08-b8b4d32cd557 func=job_orchestration.executor.compress.spider_compress.compress fetch_input_start=494972570 fetch_input_end=494972572 fetch_input_duration_ms=1
[2026-02-02 20:55:30.364] [info] [spider.worker] [TIMING] task_id=59dccefe-d0b5-4278-ba08-b8b4d32cd557 func=job_orchestration.executor.compress.spider_compress.compress input_send_start=494972573 input_send_end=494972573 input_send_duration_ms=0 bytes=751
[2026-02-02 20:55:30.364] [info] [spider.worker] [TIMING] task_id=59dccefe-d0b5-4278-ba08-b8b4d32cd557 func=job_orchestration.executor.compress.spider_compress.compress spawn_start=494972572 spawn_end=494972573 spawn_duration_ms=0
[2026-02-02 20:56:08.444] [info] [spider.worker] [TIMING] task_id=59dccefe-d0b5-4278-ba08-b8b4d32cd557 func=job_orchestration.executor.compress.spider_compress.compress execution_start=494972573 execution_end=495010652 execution_duration_ms=38078
[2026-02-02 20:56:08.456] [info] [spider.worker] [TIMING] task_id=59dccefe-d0b5-4278-ba08-b8b4d32cd557 func=job_orchestration.executor.compress.spider_compress.compress submit_output_start=495010655 submit_output_end=495010664 submit_output_duration_ms=9
[2026-02-02 20:56:08.467] [info] [spider.worker] [TIMING] task_id=e057b90d-1098-463a-b561-c676668b3fb7 func=job_orchestration.executor.compress.spider_compress.compress fetch_input_start=495010674 fetch_input_end=495010675 fetch_input_duration_ms=0
[2026-02-02 20:56:08.468] [info] [spider.worker] [TIMING] task_id=e057b90d-1098-463a-b561-c676668b3fb7 func=job_orchestration.executor.compress.spider_compress.compress input_send_start=495010676 input_send_end=495010676 input_send_duration_ms=0 bytes=748
[2026-02-02 20:56:08.468] [info] [spider.worker] [TIMING] task_id=e057b90d-1098-463a-b561-c676668b3fb7 func=job_orchestration.executor.compress.spider_compress.compress spawn_start=495010676 spawn_end=495010676 spawn_duration_ms=0
[2026-02-02 20:56:28.902] [info] [spider.worker] [TIMING] task_id=e057b90d-1098-463a-b561-c676668b3fb7 func=job_orchestration.executor.compress.spider_compress.compress execution_start=495010676 execution_end=495031111 execution_duration_ms=20434
[2026-02-02 20:56:28.937] [info] [spider.worker] [TIMING] task_id=e057b90d-1098-463a-b561-c676668b3fb7 func=job_orchestration.executor.compress.spider_compress.compress submit_output_start=495031113 submit_output_end=495031145 submit_output_duration_ms=32
[2026-02-02 20:56:28.957] [info] [spider.worker] [TIMING] task_id=13807398-5e25-46a9-a0bc-56482971785d func=job_orchestration.executor.compress.spider_compress.compress fetch_input_start=495031164 fetch_input_end=495031165 fetch_input_duration_ms=1
[2026-02-02 20:56:28.958] [info] [spider.worker] [TIMING] task_id=13807398-5e25-46a9-a0bc-56482971785d func=job_orchestration.executor.compress.spider_compress.compress input_send_start=495031166 input_send_end=495031166 input_send_duration_ms=0 bytes=749
[2026-02-02 20:56:28.958] [info] [spider.worker] [TIMING] task_id=13807398-5e25-46a9-a0bc-56482971785d func=job_orchestration.executor.compress.spider_compress.compress spawn_start=495031166 spawn_end=495031166 spawn_duration_ms=0
[2026-02-02 20:57:00.321] [info] [spider.worker] [TIMING] task_id=13807398-5e25-46a9-a0bc-56482971785d func=job_orchestration.executor.compress.spider_compress.compress execution_start=495031166 execution_end=495062529 execution_duration_ms=31362
[2026-02-02 20:57:00.334] [info] [spider.worker] [TIMING] task_id=13807398-5e25-46a9-a0bc-56482971785d func=job_orchestration.executor.compress.spider_compress.compress submit_output_start=495062531 submit_output_end=495062543 submit_output_duration_ms=11
[2026-02-02 20:57:00.373] [info] [spider.worker] [TIMING] task_id=273c8e0b-0f17-4fa4-8bd6-a227b5861bf1 func=job_orchestration.executor.compress.spider_compress.compress fetch_input_start=495062580 fetch_input_end=495062581 fetch_input_duration_ms=1
[2026-02-02 20:57:00.374] [info] [spider.worker] [TIMING] task_id=273c8e0b-0f17-4fa4-8bd6-a227b5861bf1 func=job_orchestration.executor.compress.spider_compress.compress input_send_start=495062582 input_send_end=495062582 input_send_duration_ms=0 bytes=750
[2026-02-02 20:57:00.374] [info] [spider.worker] [TIMING] task_id=273c8e0b-0f17-4fa4-8bd6-a227b5861bf1 func=job_orchestration.executor.compress.spider_compress.compress spawn_start=495062582 spawn_end=495062582 spawn_duration_ms=0
[2026-02-02 20:59:06.926] [info] [spider.worker] [TIMING] task_id=273c8e0b-0f17-4fa4-8bd6-a227b5861bf1 func=job_orchestration.executor.compress.spider_compress.compress execution_start=495062583 execution_end=495189135 execution_duration_ms=126552
[2026-02-02 20:59:06.939] [info] [spider.worker] [TIMING] task_id=273c8e0b-0f17-4fa4-8bd6-a227b5861bf1 func=job_orchestration.executor.compress.spider_compress.compress submit_output_start=495189137 submit_output_end=495189147 submit_output_duration_ms=10
[2026-02-02 20:59:06.970] [info] [spider.worker] [TIMING] task_id=85685b5f-0d01-4ab0-bd7a-10079bf4be5c func=job_orchestration.executor.compress.spider_compress.compress fetch_input_start=495189177 fetch_input_end=495189178 fetch_input_duration_ms=1
[2026-02-02 20:59:06.971] [info] [spider.worker] [TIMING] task_id=85685b5f-0d01-4ab0-bd7a-10079bf4be5c func=job_orchestration.executor.compress.spider_compress.compress input_send_start=495189179 input_send_end=495189179 input_send_duration_ms=0 bytes=749
[2026-02-02 20:59:06.971] [info] [spider.worker] [TIMING] task_id=85685b5f-0d01-4ab0-bd7a-10079bf4be5c func=job_orchestration.executor.compress.spider_compress.compress spawn_start=495189178 spawn_end=495189179 spawn_duration_ms=0
[2026-02-02 20:59:36.724] [info] [spider.worker] [TIMING] task_id=85685b5f-0d01-4ab0-bd7a-10079bf4be5c func=job_orchestration.executor.compress.spider_compress.compress execution_start=495189179 execution_end=495218933 execution_duration_ms=29753
[2026-02-02 20:59:36.760] [info] [spider.worker] [TIMING] task_id=85685b5f-0d01-4ab0-bd7a-10079bf4be5c func=job_orchestration.executor.compress.spider_compress.compress submit_output_start=495218935 submit_output_end=495218968 submit_output_duration_ms=33
[2026-02-02 20:59:36.781] [info] [spider.worker] [TIMING] task_id=ca37ede0-1dfb-48ee-b333-627935a1f01b func=job_orchestration.executor.compress.spider_compress.compress fetch_input_start=495218988 fetch_input_end=495218990 fetch_input_duration_ms=1
[2026-02-02 20:59:36.782] [info] [spider.worker] [TIMING] task_id=ca37ede0-1dfb-48ee-b333-627935a1f01b func=job_orchestration.executor.compress.spider_compress.compress input_send_start=495218990 input_send_end=495218990 input_send_duration_ms=0 bytes=842
[2026-02-02 20:59:36.782] [info] [spider.worker] [TIMING] task_id=ca37ede0-1dfb-48ee-b333-627935a1f01b func=job_orchestration.executor.compress.spider_compress.compress spawn_start=495218990 spawn_end=495218990 spawn_duration_ms=0
[2026-02-02 21:01:54.969] [info] [spider.worker] [TIMING] task_id=ca37ede0-1dfb-48ee-b333-627935a1f01b func=job_orchestration.executor.compress.spider_compress.compress execution_start=495218990 execution_end=495357177 execution_duration_ms=138186
[2026-02-02 21:01:55.045] [info] [spider.worker] [TIMING] task_id=ca37ede0-1dfb-48ee-b333-627935a1f01b func=job_orchestration.executor.compress.spider_compress.compress submit_output_start=495357179 submit_output_end=495357254 submit_output_duration_ms=74
[2026-02-02 21:01:55.077] [info] [spider.worker] [TIMING] task_id=e7e253ce-8079-4d3f-9d95-57ef1d657a2a func=job_orchestration.executor.compress.spider_compress.compress fetch_input_start=495357284 fetch_input_end=495357285 fetch_input_duration_ms=1
[2026-02-02 21:01:55.096] [info] [spider.worker] [TIMING] task_id=e7e253ce-8079-4d3f-9d95-57ef1d657a2a func=job_orchestration.executor.compress.spider_compress.compress input_send_start=495357304 input_send_end=495357304 input_send_duration_ms=0 bytes=751
[2026-02-02 21:01:55.096] [info] [spider.worker] [TIMING] task_id=e7e253ce-8079-4d3f-9d95-57ef1d657a2a func=job_orchestration.executor.compress.spider_compress.compress spawn_start=495357304 spawn_end=495357304 spawn_duration_ms=0
[2026-02-02 21:02:18.672] [info] [spider.worker] [TIMING] task_id=e7e253ce-8079-4d3f-9d95-57ef1d657a2a func=job_orchestration.executor.compress.spider_compress.compress execution_start=495357305 execution_end=495380880 execution_duration_ms=23575
[2026-02-02 21:02:18.696] [info] [spider.worker] [TIMING] task_id=e7e253ce-8079-4d3f-9d95-57ef1d657a2a func=job_orchestration.executor.compress.spider_compress.compress submit_output_start=495380883 submit_output_end=495380904 submit_output_duration_ms=20
[2026-02-02 21:02:18.715] [info] [spider.worker] [TIMING] task_id=77c9e3cf-9ef2-4a62-99d0-b737476bbdf5 func=job_orchestration.executor.compress.spider_compress.compress fetch_input_start=495380923 fetch_input_end=495380923 fetch_input_duration_ms=0
[2026-02-02 21:02:18.716] [info] [spider.worker] [TIMING] task_id=77c9e3cf-9ef2-4a62-99d0-b737476bbdf5 func=job_orchestration.executor.compress.spider_compress.compress input_send_start=495380924 input_send_end=495380924 input_send_duration_ms=0 bytes=751
[2026-02-02 21:02:18.716] [info] [spider.worker] [TIMING] task_id=77c9e3cf-9ef2-4a62-99d0-b737476bbdf5 func=job_orchestration.executor.compress.spider_compress.compress spawn_start=495380923 spawn_end=495380924 spawn_duration_ms=0
[2026-02-02 21:03:29.773] [info] [spider.worker] [TIMING] task_id=77c9e3cf-9ef2-4a62-99d0-b737476bbdf5 func=job_orchestration.executor.compress.spider_compress.compress execution_start=495380924 execution_end=495451981 execution_duration_ms=71057
[2026-02-02 21:03:29.839] [info] [spider.worker] [TIMING] task_id=77c9e3cf-9ef2-4a62-99d0-b737476bbdf5 func=job_orchestration.executor.compress.spider_compress.compress submit_output_start=495451984 submit_output_end=495452047 submit_output_duration_ms=63
[2026-02-02 21:03:30.084] [info] [spider.worker] [TIMING] task_id=70012128-c5e6-44fe-a71e-826baf623491 func=job_orchestration.executor.compress.spider_compress.compress fetch_input_start=495452292 fetch_input_end=495452293 fetch_input_duration_ms=1
[2026-02-02 21:03:30.085] [info] [spider.worker] [TIMING] task_id=70012128-c5e6-44fe-a71e-826baf623491 func=job_orchestration.executor.compress.spider_compress.compress input_send_start=495452293 input_send_end=495452293 input_send_duration_ms=0 bytes=751
[2026-02-02 21:03:30.085] [info] [spider.worker] [TIMING] task_id=70012128-c5e6-44fe-a71e-826baf623491 func=job_orchestration.executor.compress.spider_compress.compress spawn_start=495452293 spawn_end=495452293 spawn_duration_ms=0
[2026-02-02 21:04:45.729] [info] [spider.worker] [TIMING] task_id=70012128-c5e6-44fe-a71e-826baf623491 func=job_orchestration.executor.compress.spider_compress.compress execution_start=495452294 execution_end=495527937 execution_duration_ms=75643
[2026-02-02 21:04:45.774] [info] [spider.worker] [TIMING] task_id=70012128-c5e6-44fe-a71e-826baf623491 func=job_orchestration.executor.compress.spider_compress.compress submit_output_start=495527939 submit_output_end=495527983 submit_output_duration_ms=43
[2026-02-02 21:04:45.793] [info] [spider.worker] [TIMING] task_id=03c90ae6-1f42-4f7f-a908-fed64e32d29b func=job_orchestration.executor.compress.spider_compress.compress fetch_input_start=495528001 fetch_input_end=495528002 fetch_input_duration_ms=1
[2026-02-02 21:04:45.794] [info] [spider.worker] [TIMING] task_id=03c90ae6-1f42-4f7f-a908-fed64e32d29b func=job_orchestration.executor.compress.spider_compress.compress input_send_start=495528002 input_send_end=495528002 input_send_duration_ms=0 bytes=844
[2026-02-02 21:04:45.794] [info] [spider.worker] [TIMING] task_id=03c90ae6-1f42-4f7f-a908-fed64e32d29b func=job_orchestration.executor.compress.spider_compress.compress spawn_start=495528002 spawn_end=495528002 spawn_duration_ms=0
[2026-02-02 21:08:28.607] [info] [spider.worker] [TIMING] task_id=03c90ae6-1f42-4f7f-a908-fed64e32d29b func=job_orchestration.executor.compress.spider_compress.compress execution_start=495528002 execution_end=495750815 execution_duration_ms=222812
[2026-0