2026-01-30 02:18:38,485 search-job-handler [INFO] Query scheduler using Spider.
2026-01-30 02:18:38,488 search-job-handler [INFO] Connected to archive database.
2026-01-30 02:18:38,488 search-job-handler [INFO] Query scheduler started.
2026-01-30 02:30:44,088 search-job-handler [INFO] Submitting Spider job 1 at 2026-01-30T02:30:44.088543 with 923 search tasks, aggregation=False
2026-01-30 02:30:45,943 search-job-handler [INFO] Submitted Spider job 1 at 2026-01-30T02:30:45.943112, submission took 1.855s
2026-01-30 02:30:45,953 search-job-handler [INFO] Dispatched search job 1 at 2026-01-30T02:30:45.947088 with 923 tasks.
2026-01-30 02:32:01,098 search-job-handler [INFO] Search task succeeded.
2026-01-30 02:32:01,098 search-job-handler [INFO] Search task succeeded.
2026-01-30 02:32:01,098 search-job-handler [INFO] Search task succeeded.
2026-01-30 02:32:01,098 search-job-handler [INFO] Search task succeeded.
2026-01-30 02:32:01,098 search-job-handler [INFO] Search task succeeded.
2026-01-30 02:32:01,098 search-job-handler [INFO] Search task succeeded.
2026-01-30 02:32:01,098 search-job-handler [INFO] Search task succeeded.
2026-01-30 02:32:01,099 search-job-handler [INFO] Search task succeeded.
2026-01-30 02:32:01,099 search-job-handler [INFO] Search task succeeded.
2026-01-30 02:32:01,099 search-job-handler [INFO] Search task succeeded.
2026-01-30 02:32:01,099 search-job-handler [INFO] Search task succeeded.
2026-01-30 02:32:01,099 search-job-handler [INFO] Search task succeeded.
2026-01-30 02:32:01,099 search-job-handler [INFO] Search task succeeded.
2026-01-30 02:32:01,099 search-job-handler [INFO] Search task succeeded.
2026-01-30 02:32:01,099 search-job-handler [INFO] Search task succeeded.
2026-01-30 02:32:01,099 search-job-handler [INFO] Search task succeeded.
2026-01-30 02:32:01,099 search-job-handler [INFO] Search task succeeded.
2026-01-30 02:32:01,099 search-job-handler [INFO] Search task succeeded.
2026-01-30 02:32:01,099 search-job-handler [INFO] Search task succeeded.
2026-01-30 02:32:01,099 search-job-handler [INFO] Search task succeeded.
2026-01-30 02:32:01,100 search-job-handler [INFO] Search task succeeded.
2026-01-30 02:32:01,100 search-job-handler [INFO] Search task succeeded.
2026-01-30 02:32:01,100 search-job-handler [INFO] Search task succeeded.
2026-01-30 02:32:01,100 search-job-handler [INFO] Search task succeeded.
2026-01-30 02:32:01,100 search-job-handler [INFO] Search task succeeded.
2026-01-30 02:32:01,100 search-job-handler [INFO] Search task succeeded.
2026-01-30 02:32:01,100 search-job-handler [INFO] Search task succeeded.
2026-01-30 02:32:01,100 search-job-handler [INFO] Search task succeeded.
2026-01-30 02:32:01,100 search-job-handler [INFO] Search task succeeded.
2026-01-30 02:32:01,100 search-job-handler [INFO] Search task succeeded.
2026-01-30 02:32:01,100 search-job-handler [INFO] Search task succeeded.
2026-01-30 02:32:01,100 search-job-handler [INFO] Search task succeeded.
2026-01-30 02:32:01,100 search-job-handler [INFO] Search task succeeded.
2026-01-30 02:32:01,100 search-job-handler [INFO] Search task succeeded.
2026-01-30 02:32:01,100 search-job-handler [INFO] Search task succeeded.
2026-01-30 02:32:01,101 search-job-handler [INFO] Search task succeeded.
2026-01-30 02:32:01,101 search-job-handler [INFO] Search task succeeded.
2026-01-30 02:32:01,101 search-job-handler [INFO] Search task succeeded.
2026-01-30 02:32:01,101 search-job-handler [INFO] Search task succeeded.
2026-01-30 02:32:01,101 search-job-handler [INFO] Search task succeeded.
2026-01-30 02:32:01,101 search-job-handler [INFO] Search task succeeded.
2026-01-30 02:32:01,101 search-job-handler [INFO] Search task succeeded.
2026-01-30 02:32:01,101 search-job-handler [INFO] Search task succeeded.
2026-01-30 02:32:01,101 search-job-handler [INFO] Search task succeeded.
2026-01-30 02:32:01,101 search-job-handler [INFO] Search task succeeded.
2026-01-30 02:32:01,101 search-job-handler [INFO] Search task succeeded.
2026-01-30 02:32:01,101 search-job-handler [INFO] Search task succeeded.
2026-01-30 02:32:01,101 search-job-handler [INFO] Search task succeeded.
2026-01-30 02:32:01,101 search-job-handler [INFO] Search task succeeded.
2026-01-30 02:32:01,101 search-job-handler [INFO] Search task succeeded.
2026-01-30 02:32:01,102 search-job-handler [INFO] Search task succeeded.
2026-01-30 02:32:01,102 search-job-handler [INFO] Search task succeeded.
2026-01-30 02:32:01,102 search-job-handler [INFO] Search task succeeded.
2026-01-30 02:32:01,102 search-job-handler [INFO] Search task succeeded.
2026-01-30 02:32:01,102 search-job-handler [INFO] Search task succeeded.
2026-01-30 02:32:01,102 search-job-handler [INFO] Search task succeeded.
2026-01-30 02:32:01,102 search-job-handler [INFO] Search task succeeded.
2026-01-30 02:32:01,102 search-job-handler [INFO] Search task succeeded.
2026-01-30 02:32:01,102 search-job-handler [INFO] Search task succeeded.
2026-01-30 02:32:01,102 search-job-handler [INFO] Search task succeeded.
2026-01-30 02:32:01,102 search-job-handler [INFO] Search task succeeded.
2026-01-30 02:32:01,102 search-job-handler [INFO] Search task succeeded.
2026-01-30 02:32:01,102 search-job-handler [INFO] Search task succeeded.
2026-01-30 02:32:01,102 search-job-handler [INFO] Search task succeeded.
2026-01-30 02:32:01,103 search-job-handler [INFO] Search task succeeded.
2026-01-30 02:32:01,103 search-job-handler [INFO] Search task succeeded.
2026-01-30 02:32:01,103 search-job-handler [INFO] Search task succeeded.
2026-01-30 02:32:01,103 search-job-handler [INFO] Search task succeeded.
2026-01-30 02:32:01,103 search-job-handler [INFO] Search task succeeded.
2026-01-30 02:32:01,103 search-job-handler [INFO] Search task succeeded.
2026-01-30 02:32:01,103 search-job-handler [INFO] Search task succeeded.
2026-01-30 02:32:01,103 search-job-handler [INFO] Search task succeeded.
2026-01-30 02:32:01,103 search-job-handler [INFO] Search task succeeded.
2026-01-30 02:32:01,103 search-job-handler [INFO] Search task succeeded.
2026-01-30 02:32:01,103 search-job-handler [INFO] Search task succeeded.
2026-01-30 02:32:01,103 search-job-handler [INFO] Search task succeeded.
2026-01-30 02:32:01,103 search-job-handler [INFO] Search task succeeded.
2026-01-30 02:32:01,103 search-job-handler [INFO] Search task succeeded.
2026-01-30 02:32:01,103 search-job-handler [INFO] Search task succeeded.
2026-01-30 02:32:01,104 search-job-handler [INFO] Search task succeeded.
2026-01-30 02:32:01,104 search-job-handler [INFO] Search task succeeded.
2026-01-30 02:32:01,104 search-job-handler [INFO] Search task succeeded.
2026-01-30 02:32:01,104 search-job-handler [INFO] Search task succeeded.
2026-01-30 02:32:01,104 search-job-handler [INFO] Search task succeeded.
2026-01-30 02:32:01,104 search-job-handler [INFO] Search task succeeded.
2026-01-30 02:32:01,104 search-job-handler [INFO] Search task succeeded.
2026-01-30 02:32:01,104 search-job-handler [INFO] Search task succeeded.
2026-01-30 02:32:01,104 search-job-handler [INFO] Search task succeeded.
2026-01-30 02:32:01,104 search-job-handler [INFO] Search task succeeded.
2026-01-30 02:32:01,104 search-job-handler [INFO] Search task succeeded.
2026-01-30 02:32:01,104 search-job-handler [INFO] Search task succeeded.
2026-01-30 02:32:01,104 search-job-handler [INFO] Search task succeeded.
2026-01-30 02:32:01,104 search-job-handler [INFO] Search task succeeded.
2026-01-30 02:32:01,105 search-job-handler [INFO] Search task succeeded.
2026-01-30 02:32:01,105 search-job-handler [INFO] Search task succeeded.
2026-01-30 02:32:01,105 search-job-handler [INFO] Search task succeeded.
2026-01-30 02:32:01,105 search-job-handler [INFO] Search task succeeded.
2026-01-30 02:32:01,105 search-job-handler [INFO] Search task succeeded.
2026-01-30 02:32:01,105 search-job-handler [INFO] Search task succeeded.
2026-01-30 02:32:01,105 search-job-handler [INFO] Search task succeeded.
2026-01-30 02:32:01,105 search-job-handler [INFO] Search task succeeded.
2026-01-30 02:32:01,105 search-job-handler [INFO] Search task succeeded.
2026-01-30 02:32:01,105 search-job-handler [INFO] Search task succeeded.
2026-01-30 02:32:01,105 search-job-handler [INFO] Search task succeeded.
2026-01-30 02:32:01,105 search-job-handler [INFO] Search task succeeded.
2026-01-30 02:32:01,105 search-job-handler [INFO] Search task succeeded.
2026-01-30 02:32:01,105 search-job-handler [INFO] Search task succeeded.
2026-01-30 02:32:01,106 search-job-handler [INFO] Search task succeeded.
2026-01-30 02:32:01,106 search-job-handler [INFO] Search task succeeded.
2026-01-30 02:32:01,106 search-job-handler [INFO] Search task succeeded.
2026-01-30 02:32:01,106 search-job-handler [INFO] Search task succeeded.
2026-01-30 02:32:01,106 search-job-handler [INFO] Search task succeeded.
2026-01-30 02:32:01,106 search-job-handler [INFO] Search task succeeded.
2026-01-30 02:32:01,106 search-job-handler [INFO] Search task succeeded.
2026-01-30 02:32:01,106 search-job-handler [INFO] Search task succeeded.
2026-01-30 02:32:01,106 search-job-handler [INFO] Search task succeeded.
2026-01-30 02:32:01,106 search-job-handler [INFO] Search task succeeded.
2026-01-30 02:32:01,106 search-job-handler [INFO] Search task succeeded.
2026-01-30 02:32:01,106 search-job-handler [INFO] Search task succeeded.
2026-01-30 02:32:01,106 search-job-handler [INFO] Search task succeeded.
2026-01-30 02:32:01,106 search-job-handler [INFO] Search task succeeded.
2026-01-30 02:32:01,107 search-job-handler [INFO] Search task succeeded.
2026-01-30 02:32:01,107 search-job-handler [INFO] Search task succeeded.
2026-01-30 02:32:01,107 search-job-handler [INFO] Search task succeeded.
2026-01-30 02:32:01,107 search-job-handler [INFO] Search task succeeded.
2026-01-30 02:32:01,107 search-job-handler [INFO] Search task succeeded.
2026-01-30 02:32:01,107 search-job-handler [INFO] Search task succeeded.
2026-01-30 02:32:01,107 search-job-handler [INFO] Search task succeeded.
2026-01-30 02:32:01,107 search-job-handler [INFO] Search task succeeded.
2026-01-30 02:32:01,107 search-job-handler [INFO] Search task succeeded.
2026-01-30 02:32:01,107 search-job-handler [INFO] Search task succeeded.
2026-01-30 02:32:01,107 search-job-handler [INFO] Search task succeeded.
2026-01-30 02:32:01,107 search-job-handler [INFO] Search task succeeded.
2026-01-30 02:32:01,107 search-job-handler [INFO] Search task succeeded.
2026-01-30 02:32:01,107 search-job-handler [INFO] Search task succeeded.
2026-01-30 02:32:01,108 search-job-handler [INFO] Search task succeeded.
2026-01-30 02:32:01,108 search-job-handler [INFO] Search task succeeded.
2026-01-30 02:32:01,108 search-job-handler [INFO] Search task succeeded.
2026-01-30 02:32:01,108 search-job-handler [INFO] Search task succeeded.
2026-01-30 02:32:01,108 search-job-handler [INFO] Search task succeeded.
2026-01-30 02:32:01,108 search-job-handler [INFO] Search task succeeded.
2026-01-30 02:32:01,108 search-job-handler [INFO] Search task succeeded.
2026-01-30 02:32:01,108 search-job-handler [INFO] Search task succeeded.
2026-01-30 02:32:01,108 search-job-handler [INFO] Search task succeeded.
2026-01-30 02:32:01,108 search-job-handler [INFO] Search task succeeded.
2026-01-30 02:32:01,108 search-job-handler [INFO] Search task succeeded.
2026-01-30 02:32:01,108 search-job-handler [INFO] Search task succeeded.
2026-01-30 02:32:01,108 search-job-handler [INFO] Search task succeeded.
2026-01-30 02:32:01,108 search-job-handler [INFO] Search task succeeded.
2026-01-30 02:32:01,108 search-job-handler [INFO] Search task succeeded.
2026-01-30 02:32:01,109 search-job-handler [INFO] Search task succeeded.
2026-01-30 02:32:01,109 search-job-handler [INFO] Search task succeeded.
2026-01-30 02:32:01,109 search-job-handler [INFO] Search task succeeded.
2026-01-30 02:32:01,109 search-job-handler [INFO] Search task succeeded.
2026-01-30 02:32:01,109 search-job-handler [INFO] Search task succeeded.
2026-01-30 02:32:01,109 search-job-handler [INFO] Search task succeeded.
2026-01-30 02:32:01,109 search-job-handler [INFO] Search task succeeded.
2026-01-30 02:32:01,109 search-job-handler [INFO] Search task succeeded.
2026-01-30 02:32:01,109 search-job-handler [INFO] Search task succeeded.
2026-01-30 02:32:01,109 search-job-handler [INFO] Search task succeeded.
2026-01-30 02:32:01,109 search-job-handler [INFO] Search task succeeded.
2026-01-30 02:32:01,109 search-job-handler [INFO] Search task succeeded.
2026-01-30 02:32:01,109 search-job-handler [INFO] Search task succeeded.
2026-01-30 02:32:01,110 search-job-handler [INFO] Search task succeeded.
2026-01-30 02:32:01,110 search-job-handler [INFO] Search task succeeded.
2026-01-30 02:32:01,110 search-job-handler [INFO] Search task succeeded.
2026-01-30 02:32:01,110 search-job-handler [INFO] Search task succeeded.
2026-01-30 02:32:01,110 search-job-handler [INFO] Search task succeeded.
2026-01-30 02:32:01,110 search-job-handler [INFO] Search task succeeded.
2026-01-30 02:32:01,110 search-job-handler [INFO] Search task succeeded.
2026-01-30 02:32:01,110 search-job-handler [INFO] Search task succeeded.
2026-01-30 02:32:01,110 search-job-handler [INFO] Search task succeeded.
2026-01-30 02:32:01,110 search-job-handler [INFO] Search task succeeded.
2026-01-30 02:32:01,110 search-job-handler [INFO] Search task succeeded.
2026-01-30 02:32:01,110 search-job-handler [INFO] Search task succeeded.
2026-01-30 02:32:01,110 search-job-handler [INFO] Search task succeeded.
2026-01-30 02:32:01,110 search-job-handler [INFO] Search task succeeded.
2026-01-30 02:32:01,110 search-job-handler [INFO] Search task succeeded.
2026-01-30 02:32:01,111 search-job-handler [INFO] Search task succeeded.
2026-01-30 02:32:01,111 search-job-handler [INFO] Search task succeeded.
2026-01-30 02:32:01,111 search-job-handler [INFO] Search task succeeded.
2026-01-30 02:32:01,111 search-job-handler [INFO] Search task succeeded.
2026-01-30 02:32:01,111 search-job-handler [INFO] Search task succeeded.
2026-01-30 02:32:01,111 search-job-handler [INFO] Search task succeeded.
2026-01-30 02:32:01,111 search-job-handler [INFO] Search task succeeded.
2026-01-30 02:32:01,111 search-job-handler [INFO] Search task succeeded.
2026-01-30 02:32:01,111 search-job-handler [INFO] Search task succeeded.
2026-01-30 02:32:01,111 search-job-handler [INFO] Search task succeeded.
2026-01-30 02:32:01,111 search-job-handler [INFO] Search task succeeded.
2026-01-30 02:32:01,111 search-job-handler [INFO] Search task succeeded.
2026-01-30 02:32:01,111 search-job-handler [INFO] Search task succeeded.
2026-01-30 02:32:01,112 search-job-handler [INFO] Search task succeeded.
2026-01-30 02:32:01,112 search-job-handler [INFO] Search task succeeded.
2026-01-30 02:32:01,112 search-job-handler [INFO] Search task succeeded.
2026-01-30 02:32:01,112 search-job-handler [INFO] Search task succeeded.
2026-01-30 02:32:01,112 search-job-handler [INFO] Search task succeeded.
2026-01-30 02:32:01,112 search-job-handler [INFO] Search task succeeded.
2026-01-30 02:32:01,112 search-job-handler [INFO] Search task succeeded.
2026-01-30 02:32:01,112 search-job-handler [INFO] Search task succeeded.
2026-01-30 02:32:01,112 search-job-handler [INFO] Search task succeeded.
2026-01-30 02:32:01,112 search-job-handler [INFO] Search task succeeded.
2026-01-30 02:32:01,112 search-job-handler [INFO] Search task succeeded.
2026-01-30 02:32:01,112 search-job-handler [INFO] Search task succeeded.
2026-01-30 02:32:01,112 search-job-handler [INFO] Search task succeeded.
2026-01-30 02:32:01,112 search-job-handler [INFO] Search task succeeded.
2026-01-30 02:32:01,112 search-job-handler [INFO] Search task succeeded.
2026-01-30 02:32:01,113 search-job-handler [INFO] Search task succeeded.
2026-01-30 02:32:01,113 search-job-handler [INFO] Search task succeeded.
2026-01-30 02:32:01,113 search-job-handler [INFO] Search task succeeded.
2026-01-30 02:32:01,113 search-job-handler [INFO] Search task succeeded.
2026-01-30 02:32:01,113 search-job-handler [INFO] Search task succeeded.
2026-01-30 02:32:01,113 search-job-handler [INFO] Search task succeeded.
2026-01-30 02:32:01,113 search-job-handler [INFO] Search task succeeded.
2026-01-30 02:32:01,113 search-job-handler [INFO] Search task succeeded.
2026-01-30 02:32:01,113 search-job-handler [INFO] Search task succeeded.
2026-01-30 02:32:01,113 search-job-handler [INFO] Search task succeeded.
2026-01-30 02:32:01,113 search-job-handler [INFO] Search task succeeded.
2026-01-30 02:32:01,113 search-job-handler [INFO] Search task succeeded.
2026-01-30 02:32:01,113 search-job-handler [INFO] Search task succeeded.
2026-01-30 02:32:01,113 search-job-handler [INFO] Search task succeeded.
2026-01-30 02:32:01,114 search-job-handler [INFO] Search task succeeded.
2026-01-30 02:32:01,114 search-job-handler [INFO] Search task succeeded.
2026-01-30 02:32:01,114 search-job-handler [INFO] Search task succeeded.
2026-01-30 02:32:01,114 search-job-handler [INFO] Search task succeeded.
2026-01-30 02:32:01,114 search-job-handler [INFO] Search task succeeded.
2026-01-30 02:32:01,114 search-job-handler [INFO] Search task succeeded.
2026-01-30 02:32:01,114 search-job-handler [INFO] Search task succeeded.
2026-01-30 02:32:01,114 search-job-handler [INFO] Search task succeeded.
2026-01-30 02:32:01,114 search-job-handler [INFO] Search task succeeded.
2026-01-30 02:32:01,114 search-job-handler [INFO] Search task succeeded.
2026-01-30 02:32:01,114 search-job-handler [INFO] Search task succeeded.
2026-01-30 02:32:01,114 search-job-handler [INFO] Search task succeeded.
2026-01-30 02:32:01,114 search-job-handler [INFO] Search task succeeded.
2026-01-30 02:32:01,114 search-job-handler [INFO] Search task succeeded.
2026-01-30 02:32:01,115 search-job-handler [INFO] Search task succeeded.
2026-01-30 02:32:01,115 search-job-handler [INFO] Search task succeeded.
2026-01-30 02:32:01,115 search-job-handler [INFO] Search task succeeded.
2026-01-30 02:32:01,115 search-job-handler [INFO] Search task succeeded.
2026-01-30 02:32:01,115 search-job-handler [INFO] Search task succeeded.
2026-01-30 02:32:01,115 search-job-handler [INFO] Search task succeeded.
2026-01-30 02:32:01,115 search-job-handler [INFO] Search task succeeded.
2026-01-30 02:32:01,115 search-job-handler [INFO] Search task succeeded.
2026-01-30 02:32:01,115 search-job-handler [INFO] Search task succeeded.
2026-01-30 02:32:01,115 search-job-handler [INFO] Search task succeeded.
2026-01-30 02:32:01,115 search-job-handler [INFO] Search task succeeded.
2026-01-30 02:32:01,115 search-job-handler [INFO] Search task succeeded.
2026-01-30 02:32:01,115 search-job-handler [INFO] Search task succeeded.
2026-01-30 02:32:01,115 search-job-handler [INFO] Search task succeeded.
2026-01-30 02:32:01,116 search-job-handler [INFO] Search task succeeded.
2026-01-30 02:32:01,116 search-job-handler [INFO] Search task succeeded.
2026-01-30 02:32:01,116 search-job-handler [INFO] Search task succeeded.
2026-01-30 02:32:01,116 search-job-handler [INFO] Search task succeeded.
2026-01-30 02:32:01,116 search-job-handler [INFO] Search task succeeded.
2026-01-30 02:32:01,116 search-job-handler [INFO] Search task succeeded.
2026-01-30 02:32:01,116 search-job-handler [INFO] Search task succeeded.
2026-01-30 02:32:01,116 search-job-handler [INFO] Search task succeeded.
2026-01-30 02:32:01,116 search-job-handler [INFO] Search task succeeded.
2026-01-30 02:32:01,116 search-job-handler [INFO] Search task succeeded.
2026-01-30 02:32:01,116 search-job-handler [INFO] Search task succeeded.
2026-01-30 02:32:01,116 search-job-handler [INFO] Search task succeeded.
2026-01-30 02:32:01,116 search-job-handler [INFO] Search task succeeded.
2026-01-30 02:32:01,116 search-job-handler [INFO] Search task succeeded.
2026-01-30 02:32:01,116 search-job-handler [INFO] Search task succeeded.
2026-01-30 02:32:01,116 search-job-handler [INFO] Search task succeeded.
2026-01-30 02:32:01,117 search-job-handler [INFO] Search task succeeded.
2026-01-30 02:32:01,117 search-job-handler [INFO] Search task succeeded.
2026-01-30 02:32:01,117 search-job-handler [INFO] Search task succeeded.
2026-01-30 02:32:01,117 search-job-handler [INFO] Search task succeeded.
2026-01-30 02:32:01,117 search-job-handler [INFO] Search task succeeded.
2026-01-30 02:32:01,117 search-job-handler [INFO] Search task succeeded.
2026-01-30 02:32:01,117 search-job-handler [INFO] Search task succeeded.
2026-01-30 02:32:01,117 search-job-handler [INFO] Search task succeeded.
2026-01-30 02:32:01,117 search-job-handler [INFO] Search task succeeded.
2026-01-30 02:32:01,117 search-job-handler [INFO] Search task succeeded.
2026-01-30 02:32:01,117 search-job-handler [INFO] Search task succeeded.
2026-01-30 02:32:01,117 search-job-handler [INFO] Search task succeeded.
2026-01-30 02:32:01,117 search-job-handler [INFO] Search task succeeded.
2026-01-30 02:32:01,117 search-job-handler [INFO] Search task succeeded.
2026-01-30 02:32:01,117 search-job-handler [INFO] Search task succeeded.
2026-01-30 02:32:01,117 search-job-handler [INFO] Search task succeeded.
2026-01-30 02:32:01,117 search-job-handler [INFO] Search task succeeded.
2026-01-30 02:32:01,118 search-job-handler [INFO] Search task succeeded.
2026-01-30 02:32:01,118 search-job-handler [INFO] Search task succeeded.
2026-01-30 02:32:01,118 search-job-handler [INFO] Search task succeeded.
2026-01-30 02:32:01,118 search-job-handler [INFO] Search task succeeded.
2026-01-30 02:32:01,118 search-job-handler [INFO] Search task succeeded.
2026-01-30 02:32:01,118 search-job-handler [INFO] Search task succeeded.
2026-01-30 02:32:01,118 search-job-handler [INFO] Search task succeeded.
2026-01-30 02:32:01,118 search-job-handler [INFO] Search task succeeded.
2026-01-30 02:32:01,118 search-job-handler [INFO] Search task succeeded.
2026-01-30 02:32:01,118 search-job-handler [INFO] Search task succeeded.
2026-01-30 02:32:01,118 search-job-handler [INFO] Search task succeeded.
2026-01-30 02:32:01,118 search-job-handler [INFO] Search task succeeded.
2026-01-30 02:32:01,118 search-job-handler [INFO] Search task succeeded.
2026-01-30 02:32:01,118 search-job-handler [INFO] Search task succeeded.
2026-01-30 02:32:01,118 search-job-handler [INFO] Search task succeeded.
2026-01-30 02:32:01,118 search-job-handler [INFO] Search task succeeded.
2026-01-30 02:32:01,119 search-job-handler [INFO] Search task succeeded.
2026-01-30 02:32:01,119 search-job-handler [INFO] Search task succeeded.
2026-01-30 02:32:01,119 search-job-handler [INFO] Search task succeeded.
2026-01-30 02:32:01,119 search-job-handler [INFO] Search task succeeded.
2026-01-30 02:32:01,119 search-job-handler [INFO] Search task succeeded.
2026-01-30 02:32:01,119 search-job-handler [INFO] Search task succeeded.
2026-01-30 02:32:01,119 search-job-handler [INFO] Search task succeeded.
2026-01-30 02:32:01,119 search-job-handler [INFO] Search task succeeded.
2026-01-30 02:32:01,119 search-job-handler [INFO] Search task succeeded.
2026-01-30 02:32:01,119 search-job-handler [INFO] Search task succeeded.
2026-01-30 02:32:01,119 search-job-handler [INFO] Search task succeeded.
2026-01-30 02:32:01,119 search-job-handler [INFO] Search task succeeded.
2026-01-30 02:32:01,119 search-job-handler [INFO] Search task succeeded.
2026-01-30 02:32:01,119 search-job-handler [INFO] Search task succeeded.
2026-01-30 02:32:01,119 search-job-handler [INFO] Search task succeeded.
2026-01-30 02:32:01,119 search-job-handler [INFO] Search task succeeded.
2026-01-30 02:32:01,120 search-job-handler [INFO] Search task succeeded.
2026-01-30 02:32:01,120 search-job-handler [INFO] Search task succeeded.
2026-01-30 02:32:01,120 search-job-handler [INFO] Search task succeeded.
2026-01-30 02:32:01,120 search-job-handler [INFO] Search task succeeded.
2026-01-30 02:32:01,120 search-job-handler [INFO] Search task succeeded.
2026-01-30 02:32:01,120 search-job-handler [INFO] Search task succeeded.
2026-01-30 02:32:01,120 search-job-handler [INFO] Search task succeeded.
2026-01-30 02:32:01,120 search-job-handler [INFO] Search task succeeded.
2026-01-30 02:32:01,120 search-job-handler [INFO] Search task succeeded.
2026-01-30 02:32:01,120 search-job-handler [INFO] Search task succeeded.
2026-01-30 02:32:01,120 search-job-handler [INFO] Search task succeeded.
2026-01-30 02:32:01,120 search-job-handler [INFO] Search task succeeded.
2026-01-30 02:32:01,120 search-job-handler [INFO] Search task succeeded.
2026-01-30 02:32:01,120 search-job-handler [INFO] Search task succeeded.
2026-01-30 02:32:01,120 search-job-handler [INFO] Search task succeeded.
2026-01-30 02:32:01,120 search-job-handler [INFO] Search task succeeded.
2026-01-30 02:32:01,120 search-job-handler [INFO] Search task succeeded.
2026-01-30 02:32:01,121 search-job-handler [INFO] Search task succeeded.
2026-01-30 02:32:01,121 search-job-handler [INFO] Search task succeeded.
2026-01-30 02:32:01,121 search-job-handler [INFO] Search task succeeded.
2026-01-30 02:32:01,121 search-job-handler [INFO] Search task succeeded.
2026-01-30 02:32:01,121 search-job-handler [INFO] Search task succeeded.
2026-01-30 02:32:01,121 search-job-handler [INFO] Search task succeeded.
2026-01-30 02:32:01,121 search-job-handler [INFO] Search task succeeded.
2026-01-30 02:32:01,121 search-job-handler [INFO] Search task succeeded.
2026-01-30 02:32:01,121 search-job-handler [INFO] Search task succeeded.
2026-01-30 02:32:01,121 search-job-handler [INFO] Search task succeeded.
2026-01-30 02:32:01,121 search-job-handler [INFO] Search task succeeded.
2026-01-30 02:32:01,121 search-job-handler [INFO] Search task succeeded.
2026-01-30 02:32:01,121 search-job-handler [INFO] Search task succeeded.
2026-01-30 02:32:01,121 search-job-handler [INFO] Search task succeeded.
2026-01-30 02:32:01,121 search-job-handler [INFO] Search task succeeded.
2026-01-30 02:32:01,121 search-job-handler [INFO] Search task succeeded.
2026-01-30 02:32:01,122 search-job-handler [INFO] Search task succeeded.
2026-01-30 02:32:01,122 search-job-handler [INFO] Search task succeeded.
2026-01-30 02:32:01,122 search-job-handler [INFO] Search task succeeded.
2026-01-30 02:32:01,122 search-job-handler [INFO] Search task succeeded.
2026-01-30 02:32:01,122 search-job-handler [INFO] Search task succeeded.
2026-01-30 02:32:01,122 search-job-handler [INFO] Search task succeeded.
2026-01-30 02:32:01,122 search-job-handler [INFO] Search task succeeded.
2026-01-30 02:32:01,122 search-job-handler [INFO] Search task succeeded.
2026-01-30 02:32:01,122 search-job-handler [INFO] Search task succeeded.
2026-01-30 02:32:01,122 search-job-handler [INFO] Search task succeeded.
2026-01-30 02:32:01,122 search-job-handler [INFO] Search task succeeded.
2026-01-30 02:32:01,122 search-job-handler [INFO] Search task succeeded.
2026-01-30 02:32:01,122 search-job-handler [INFO] Search task succeeded.
2026-01-30 02:32:01,122 search-job-handler [INFO] Search task succeeded.
2026-01-30 02:32:01,122 search-job-handler [INFO] Search task succeeded.
2026-01-30 02:32:01,122 search-job-handler [INFO] Search task succeeded.
2026-01-30 02:32:01,123 search-job-handler [INFO] Search task succeeded.
2026-01-30 02:32:01,123 search-job-handler [INFO] Search task succeeded.
2026-01-30 02:32:01,123 search-job-handler [INFO] Search task succeeded.
2026-01-30 02:32:01,123 search-job-handler [INFO] Search task succeeded.
2026-01-30 02:32:01,123 search-job-handler [INFO] Search task succeeded.
2026-01-30 02:32:01,123 search-job-handler [INFO] Search task succeeded.
2026-01-30 02:32:01,123 search-job-handler [INFO] Search task succeeded.
2026-01-30 02:32:01,123 search-job-handler [INFO] Search task succeeded.
2026-01-30 02:32:01,123 search-job-handler [INFO] Search task succeeded.
2026-01-30 02:32:01,123 search-job-handler [INFO] Search task succeeded.
2026-01-30 02:32:01,123 search-job-handler [INFO] Search task succeeded.
2026-01-30 02:32:01,123 search-job-handler [INFO] Search task succeeded.
2026-01-30 02:32:01,123 search-job-handler [INFO] Search task succeeded.
2026-01-30 02:32:01,123 search-job-handler [INFO] Search task succeeded.
2026-01-30 02:32:01,123 search-job-handler [INFO] Search task succeeded.
2026-01-30 02:32:01,123 search-job-handler [INFO] Search task succeeded.
2026-01-30 02:32:01,123 search-job-handler [INFO] Search task succeeded.
2026-01-30 02:32:01,124 search-job-handler [INFO] Search task succeeded.
2026-01-30 02:32:01,124 search-job-handler [INFO] Search task succeeded.
2026-01-30 02:32:01,124 search-job-handler [INFO] Search task succeeded.
2026-01-30 02:32:01,124 search-job-handler [INFO] Search task succeeded.
2026-01-30 02:32:01,124 search-job-handler [INFO] Search task succeeded.
2026-01-30 02:32:01,124 search-job-handler [INFO] Search task succeeded.
2026-01-30 02:32:01,124 search-job-handler [INFO] Search task succeeded.
2026-01-30 02:32:01,124 search-job-handler [INFO] Search task succeeded.
2026-01-30 02:32:01,124 search-job-handler [INFO] Search task succeeded.
2026-01-30 02:32:01,124 search-job-handler [INFO] Search task succeeded.
2026-01-30 02:32:01,124 search-job-handler [INFO] Search task succeeded.
2026-01-30 02:32:01,124 search-job-handler [INFO] Search task succeeded.
2026-01-30 02:32:01,124 search-job-handler [INFO] Search task succeeded.
2026-01-30 02:32:01,124 search-job-handler [INFO] Search task succeeded.
2026-01-30 02:32:01,124 search-job-handler [INFO] Search task succeeded.
2026-01-30 02:32:01,124 search-job-handler [INFO] Search task succeeded.
2026-01-30 02:32:01,125 search-job-handler [INFO] Search task succeeded.
2026-01-30 02:32:01,125 search-job-handler [INFO] Search task succeeded.
2026-01-30 02:32:01,125 search-job-handler [INFO] Search task succeeded.
2026-01-30 02:32:01,125 search-job-handler [INFO] Search task succeeded.
2026-01-30 02:32:01,125 search-job-handler [INFO] Search task succeeded.
2026-01-30 02:32:01,125 search-job-handler [INFO] Search task succeeded.
2026-01-30 02:32:01,125 search-job-handler [INFO] Search task succeeded.
2026-01-30 02:32:01,125 search-job-handler [INFO] Search task succeeded.
2026-01-30 02:32:01,125 search-job-handler [INFO] Search task succeeded.
2026-01-30 02:32:01,125 search-job-handler [INFO] Search task succeeded.
2026-01-30 02:32:01,125 search-job-handler [INFO] Search task succeeded.
2026-01-30 02:32:01,125 search-job-handler [INFO] Search task succeeded.
2026-01-30 02:32:01,125 search-job-handler [INFO] Search task succeeded.
2026-01-30 02:32:01,125 search-job-handler [INFO] Search task succeeded.
2026-01-30 02:32:01,125 search-job-handler [INFO] Search task succeeded.
2026-01-30 02:32:01,125 search-job-handler [INFO] Search task succeeded.
2026-01-30 02:32:01,125 search-job-handler [INFO] Search task succeeded.
2026-01-30 02:32:01,126 search-job-handler [INFO] Search task succeeded.
2026-01-30 02:32:01,126 search-job-handler [INFO] Search task succeeded.
2026-01-30 02:32:01,126 search-job-handler [INFO] Search task succeeded.
2026-01-30 02:32:01,126 search-job-handler [INFO] Search task succeeded.
2026-01-30 02:32:01,126 search-job-handler [INFO] Search task succeeded.
2026-01-30 02:32:01,126 search-job-handler [INFO] Search task succeeded.
2026-01-30 02:32:01,126 search-job-handler [INFO] Search task succeeded.
2026-01-30 02:32:01,126 search-job-handler [INFO] Search task succeeded.
2026-01-30 02:32:01,126 search-job-handler [INFO] Search task succeeded.
2026-01-30 02:32:01,126 search-job-handler [INFO] Search task succeeded.
2026-01-30 02:32:01,126 search-job-handler [INFO] Search task succeeded.
2026-01-30 02:32:01,126 search-job-handler [INFO] Search task succeeded.
2026-01-30 02:32:01,126 search-job-handler [INFO] Search task succeeded.
2026-01-30 02:32:01,126 search-job-handler [INFO] Search task succeeded.
2026-01-30 02:32:01,126 search-job-handler [INFO] Search task succeeded.
2026-01-30 02:32:01,126 search-job-handler [INFO] Search task succeeded.
2026-01-30 02:32:01,126 search-job-handler [INFO] Search task succeeded.
2026-01-30 02:32:01,127 search-job-handler [INFO] Search task succeeded.
2026-01-30 02:32:01,127 search-job-handler [INFO] Search task succeeded.
2026-01-30 02:32:01,127 search-job-handler [INFO] Search task succeeded.
2026-01-30 02:32:01,127 search-job-handler [INFO] Search task succeeded.
2026-01-30 02:32:01,127 search-job-handler [INFO] Search task succeeded.
2026-01-30 02:32:01,127 search-job-handler [INFO] Search task succeeded.
2026-01-30 02:32:01,127 search-job-handler [INFO] Search task succeeded.
2026-01-30 02:32:01,127 search-job-handler [INFO] Search task succeeded.
2026-01-30 02:32:01,127 search-job-handler [INFO] Search task succeeded.
2026-01-30 02:32:01,127 search-job-handler [INFO] Search task succeeded.
2026-01-30 02:32:01,127 search-job-handler [INFO] Search task succeeded.
2026-01-30 02:32:01,127 search-job-handler [INFO] Search task succeeded.
2026-01-30 02:32:01,127 search-job-handler [INFO] Search task succeeded.
2026-01-30 02:32:01,127 search-job-handler [INFO] Search task succeeded.
2026-01-30 02:32:01,127 search-job-handler [INFO] Search task succeeded.
2026-01-30 02:32:01,127 search-job-handler [INFO] Search task succeeded.
2026-01-30 02:32:01,128 search-job-handler [INFO] Search task succeeded.
2026-01-30 02:32:01,128 search-job-handler [INFO] Search task succeeded.
2026-01-30 02:32:01,128 search-job-handler [INFO] Search task succeeded.
2026-01-30 02:32:01,128 search-job-handler [INFO] Search task succeeded.
2026-01-30 02:32:01,128 search-job-handler [INFO] Search task succeeded.
2026-01-30 02:32:01,128 search-job-handler [INFO] Search task succeeded.
2026-01-30 02:32:01,128 search-job-handler [INFO] Search task succeeded.
2026-01-30 02:32:01,128 search-job-handler [INFO] Search task succeeded.
2026-01-30 02:32:01,128 search-job-handler [INFO] Search task succeeded.
2026-01-30 02:32:01,128 search-job-handler [INFO] Search task succeeded.
2026-01-30 02:32:01,128 search-job-handler [INFO] Search task succeeded.
2026-01-30 02:32:01,128 search-job-handler [INFO] Search task succeeded.
2026-01-30 02:32:01,128 search-job-handler [INFO] Search task succeeded.
2026-01-30 02:32:01,128 search-job-handler [INFO] Search task succeeded.
2026-01-30 02:32:01,128 search-job-handler [INFO] Search task succeeded.
2026-01-30 02:32:01,128 search-job-handler [INFO] Search task succeeded.
2026-01-30 02:32:01,128 search-job-handler [INFO] Search task succeeded.
2026-01-30 02:32:01,129 search-job-handler [INFO] Search task succeeded.
2026-01-30 02:32:01,129 search-job-handler [INFO] Search task succeeded.
2026-01-30 02:32:01,129 search-job-handler [INFO] Search task succeeded.
2026-01-30 02:32:01,129 search-job-handler [INFO] Search task succeeded.
2026-01-30 02:32:01,129 search-job-handler [INFO] Search task succeeded.
2026-01-30 02:32:01,129 search-job-handler [INFO] Search task succeeded.
2026-01-30 02:32:01,129 search-job-handler [INFO] Search task succeeded.
2026-01-30 02:32:01,129 search-job-handler [INFO] Search task succeeded.
2026-01-30 02:32:01,129 search-job-handler [INFO] Search task succeeded.
2026-01-30 02:32:01,129 search-job-handler [INFO] Search task succeeded.
2026-01-30 02:32:01,129 search-job-handler [INFO] Search task succeeded.
2026-01-30 02:32:01,129 search-job-handler [INFO] Search task succeeded.
2026-01-30 02:32:01,129 search-job-handler [INFO] Search task succeeded.
2026-01-30 02:32:01,129 search-job-handler [INFO] Search task succeeded.
2026-01-30 02:32:01,129 search-job-handler [INFO] Search task succeeded.
2026-01-30 02:32:01,129 search-job-handler [INFO] Search task succeeded.
2026-01-30 02:32:01,129 search-job-handler [INFO] Search task succeeded.
2026-01-30 02:32:01,130 search-job-handler [INFO] Search task succeeded.
2026-01-30 02:32:01,130 search-job-handler [INFO] Search task succeeded.
2026-01-30 02:32:01,130 search-job-handler [INFO] Search task succeeded.
2026-01-30 02:32:01,130 search-job-handler [INFO] Search task succeeded.
2026-01-30 02:32:01,130 search-job-handler [INFO] Search task succeeded.
2026-01-30 02:32:01,130 search-job-handler [INFO] Search task succeeded.
2026-01-30 02:32:01,130 search-job-handler [INFO] Search task succeeded.
2026-01-30 02:32:01,130 search-job-handler [INFO] Search task succeeded.
2026-01-30 02:32:01,130 search-job-handler [INFO] Search task succeeded.
2026-01-30 02:32:01,130 search-job-handler [INFO] Search task succeeded.
2026-01-30 02:32:01,130 search-job-handler [INFO] Search task succeeded.
2026-01-30 02:32:01,130 search-job-handler [INFO] Search task succeeded.
2026-01-30 02:32:01,130 search-job-handler [INFO] Search task succeeded.
2026-01-30 02:32:01,130 search-job-handler [INFO] Search task succeeded.
2026-01-30 02:32:01,130 search-job-handler [INFO] Search task succeeded.
2026-01-30 02:32:01,130 search-job-handler [INFO] Search task succeeded.
2026-01-30 02:32:01,130 search-job-handler [INFO] Search task succeeded.
2026-01-30 02:32:01,131 search-job-handler [INFO] Search task succeeded.
2026-01-30 02:32:01,131 search-job-handler [INFO] Search task succeeded.
2026-01-30 02:32:01,131 search-job-handler [INFO] Search task succeeded.
2026-01-30 02:32:01,131 search-job-handler [INFO] Search task succeeded.
2026-01-30 02:32:01,131 search-job-handler [INFO] Search task succeeded.
2026-01-30 02:32:01,131 search-job-handler [INFO] Search task succeeded.
2026-01-30 02:32:01,131 search-job-handler [INFO] Search task succeeded.
2026-01-30 02:32:01,131 search-job-handler [INFO] Search task succeeded.
2026-01-30 02:32:01,131 search-job-handler [INFO] Search task succeeded.
2026-01-30 02:32:01,131 search-job-handler [INFO] Search task succeeded.
2026-01-30 02:32:01,131 search-job-handler [INFO] Search task succeeded.
2026-01-30 02:32:01,131 search-job-handler [INFO] Search task succeeded.
2026-01-30 02:32:01,131 search-job-handler [INFO] Search task succeeded.
2026-01-30 02:32:01,131 search-job-handler [INFO] Search task succeeded.
2026-01-30 02:32:01,131 search-job-handler [INFO] Search task succeeded.
2026-01-30 02:32:01,131 search-job-handler [INFO] Search task succeeded.
2026-01-30 02:32:01,131 search-job-handler [INFO] Search task succeeded.
2026-01-30 02:32:01,132 search-job-handler [INFO] Search task succeeded.
2026-01-30 02:32:01,132 search-job-handler [INFO] Search task succeeded.
2026-01-30 02:32:01,132 search-job-handler [INFO] Search task succeeded.
2026-01-30 02:32:01,132 search-job-handler [INFO] Search task succeeded.
2026-01-30 02:32:01,132 search-job-handler [INFO] Search task succeeded.
2026-01-30 02:32:01,132 search-job-handler [INFO] Search task succeeded.
2026-01-30 02:32:01,132 search-job-handler [INFO] Search task succeeded.
2026-01-30 02:32:01,132 search-job-handler [INFO] Search task succeeded.
2026-01-30 02:32:01,132 search-job-handler [INFO] Search task succeeded.
2026-01-30 02:32:01,132 search-job-handler [INFO] Search task succeeded.
2026-01-30 02:32:01,132 search-job-handler [INFO] Search task succeeded.
2026-01-30 02:32:01,132 search-job-handler [INFO] Search task succeeded.
2026-01-30 02:32:01,132 search-job-handler [INFO] Search task succeeded.
2026-01-30 02:32:01,132 search-job-handler [INFO] Search task succeeded.
2026-01-30 02:32:01,132 search-job-handler [INFO] Search task succeeded.
2026-01-30 02:32:01,132 search-job-handler [INFO] Search task succeeded.
2026-01-30 02:32:01,133 search-job-handler [INFO] Search task succeeded.
2026-01-30 02:32:01,133 search-job-handler [INFO] Search task succeeded.
2026-01-30 02:32:01,133 search-job-handler [INFO] Search task succeeded.
2026-01-30 02:32:01,133 search-job-handler [INFO] Search task succeeded.
2026-01-30 02:32:01,133 search-job-handler [INFO] Search task succeeded.
2026-01-30 02:32:01,133 search-job-handler [INFO] Search task succeeded.
2026-01-30 02:32:01,133 search-job-handler [INFO] Search task succeeded.
2026-01-30 02:32:01,133 search-job-handler [INFO] Search task succeeded.
2026-01-30 02:32:01,133 search-job-handler [INFO] Search task succeeded.
2026-01-30 02:32:01,133 search-job-handler [INFO] Search task succeeded.
2026-01-30 02:32:01,133 search-job-handler [INFO] Search task succeeded.
2026-01-30 02:32:01,133 search-job-handler [INFO] Search task succeeded.
2026-01-30 02:32:01,133 search-job-handler [INFO] Search task succeeded.
2026-01-30 02:32:01,133 search-job-handler [INFO] Search task succeeded.
2026-01-30 02:32:01,133 search-job-handler [INFO] Search task succeeded.
2026-01-30 02:32:01,133 search-job-handler [INFO] Search task succeeded.
2026-01-30 02:32:01,133 search-job-handler [INFO] Search task succeeded.
2026-01-30 02:32:01,134 search-job-handler [INFO] Search task succeeded.
2026-01-30 02:32:01,134 search-job-handler [INFO] Search task succeeded.
2026-01-30 02:32:01,134 search-job-handler [INFO] Search task succeeded.
2026-01-30 02:32:01,134 search-job-handler [INFO] Search task succeeded.
2026-01-30 02:32:01,134 search-job-handler [INFO] Search task succeeded.
2026-01-30 02:32:01,134 search-job-handler [INFO] Search task succeeded.
2026-01-30 02:32:01,134 search-job-handler [INFO] Search task succeeded.
2026-01-30 02:32:01,134 search-job-handler [INFO] Search task succeeded.
2026-01-30 02:32:01,134 search-job-handler [INFO] Search task succeeded.
2026-01-30 02:32:01,134 search-job-handler [INFO] Search task succeeded.
2026-01-30 02:32:01,134 search-job-handler [INFO] Search task succeeded.
2026-01-30 02:32:01,134 search-job-handler [INFO] Search task succeeded.
2026-01-30 02:32:01,134 search-job-handler [INFO] Search task succeeded.
2026-01-30 02:32:01,134 search-job-handler [INFO] Search task succeeded.
2026-01-30 02:32:01,134 search-job-handler [INFO] Search task succeeded.
2026-01-30 02:32:01,134 search-job-handler [INFO] Search task succeeded.
2026-01-30 02:32:01,134 search-job-handler [INFO] Search task succeeded.
2026-01-30 02:32:01,135 search-job-handler [INFO] Search task succeeded.
2026-01-30 02:32:01,135 search-job-handler [INFO] Search task succeeded.
2026-01-30 02:32:01,135 search-job-handler [INFO] Search task succeeded.
2026-01-30 02:32:01,135 search-job-handler [INFO] Search task succeeded.
2026-01-30 02:32:01,135 search-job-handler [INFO] Search task succeeded.
2026-01-30 02:32:01,135 search-job-handler [INFO] Search task succeeded.
2026-01-30 02:32:01,135 search-job-handler [INFO] Search task succeeded.
2026-01-30 02:32:01,135 search-job-handler [INFO] Search task succeeded.
2026-01-30 02:32:01,135 search-job-handler [INFO] Search task succeeded.
2026-01-30 02:32:01,135 search-job-handler [INFO] Search task succeeded.
2026-01-30 02:32:01,135 search-job-handler [INFO] Search task succeeded.
2026-01-30 02:32:01,136 search-job-handler [INFO] Search task succeeded.
2026-01-30 02:32:01,136 search-job-handler [INFO] Search task succeeded.
2026-01-30 02:32:01,136 search-job-handler [INFO] Search task succeeded.
2026-01-30 02:32:01,136 search-job-handler [INFO] Search task succeeded.
2026-01-30 02:32:01,136 search-job-handler [INFO] Search task succeeded.
2026-01-30 02:32:01,136 search-job-handler [INFO] Search task succeeded.
2026-01-30 02:32:01,136 search-job-handler [INFO] Search task succeeded.
2026-01-30 02:32:01,136 search-job-handler [INFO] Search task succeeded.
2026-01-30 02:32:01,136 search-job-handler [INFO] Search task succeeded.
2026-01-30 02:32:01,136 search-job-handler [INFO] Search task succeeded.
2026-01-30 02:32:01,136 search-job-handler [INFO] Search task succeeded.
2026-01-30 02:32:01,136 search-job-handler [INFO] Search task succeeded.
2026-01-30 02:32:01,136 search-job-handler [INFO] Search task succeeded.
2026-01-30 02:32:01,136 search-job-handler [INFO] Search task succeeded.
2026-01-30 02:32:01,136 search-job-handler [INFO] Search task succeeded.
2026-01-30 02:32:01,136 search-job-handler [INFO] Search task succeeded.
2026-01-30 02:32:01,136 search-job-handler [INFO] Search task succeeded.
2026-01-30 02:32:01,137 search-job-handler [INFO] Search task succeeded.
2026-01-30 02:32:01,137 search-job-handler [INFO] Search task succeeded.
2026-01-30 02:32:01,137 search-job-handler [INFO] Search task succeeded.
2026-01-30 02:32:01,137 search-job-handler [INFO] Search task succeeded.
2026-01-30 02:32:01,137 search-job-handler [INFO] Search task succeeded.
2026-01-30 02:32:01,137 search-job-handler [INFO] Search task succeeded.
2026-01-30 02:32:01,137 search-job-handler [INFO] Search task succeeded.
2026-01-30 02:32:01,137 search-job-handler [INFO] Search task succeeded.
2026-01-30 02:32:01,137 search-job-handler [INFO] Search task succeeded.
2026-01-30 02:32:01,137 search-job-handler [INFO] Search task succeeded.
2026-01-30 02:32:01,137 search-job-handler [INFO] Search task succeeded.
2026-01-30 02:32:01,137 search-job-handler [INFO] Search task succeeded.
2026-01-30 02:32:01,137 search-job-handler [INFO] Search task succeeded.
2026-01-30 02:32:01,137 search-job-handler [INFO] Search task succeeded.
2026-01-30 02:32:01,137 search-job-handler [INFO] Search task succeeded.
2026-01-30 02:32:01,137 search-job-handler [INFO] Search task succeeded.
2026-01-30 02:32:01,137 search-job-handler [INFO] Search task succeeded.
2026-01-30 02:32:01,138 search-job-handler [INFO] Search task succeeded.
2026-01-30 02:32:01,138 search-job-handler [INFO] Search task succeeded.
2026-01-30 02:32:01,138 search-job-handler [INFO] Search task succeeded.
2026-01-30 02:32:01,138 search-job-handler [INFO] Search task succeeded.
2026-01-30 02:32:01,138 search-job-handler [INFO] Search task succeeded.
2026-01-30 02:32:01,138 search-job-handler [INFO] Search task succeeded.
2026-01-30 02:32:01,138 search-job-handler [INFO] Search task succeeded.
2026-01-30 02:32:01,138 search-job-handler [INFO] Search task succeeded.
2026-01-30 02:32:01,138 search-job-handler [INFO] Search task succeeded.
2026-01-30 02:32:01,138 search-job-handler [INFO] Search task succeeded.
2026-01-30 02:32:01,138 search-job-handler [INFO] Search task succeeded.
2026-01-30 02:32:01,138 search-job-handler [INFO] Search task succeeded.
2026-01-30 02:32:01,138 search-job-handler [INFO] Search task succeeded.
2026-01-30 02:32:01,138 search-job-handler [INFO] Search task succeeded.
2026-01-30 02:32:01,138 search-job-handler [INFO] Search task succeeded.
2026-01-30 02:32:01,138 search-job-handler [INFO] Search task succeeded.
2026-01-30 02:32:01,139 search-job-handler [INFO] Search task succeeded.
2026-01-30 02:32:01,139 search-job-handler [INFO] Search task succeeded.
2026-01-30 02:32:01,139 search-job-handler [INFO] Search task succeeded.
2026-01-30 02:32:01,139 search-job-handler [INFO] Search task succeeded.
2026-01-30 02:32:01,139 search-job-handler [INFO] Search task succeeded.
2026-01-30 02:32:01,139 search-job-handler [INFO] Search task succeeded.
2026-01-30 02:32:01,139 search-job-handler [INFO] Search task succeeded.
2026-01-30 02:32:01,139 search-job-handler [INFO] Search task succeeded.
2026-01-30 02:32:01,139 search-job-handler [INFO] Search task succeeded.
2026-01-30 02:32:01,139 search-job-handler [INFO] Search task succeeded.
2026-01-30 02:32:01,139 search-job-handler [INFO] Search task succeeded.
2026-01-30 02:32:01,139 search-job-handler [INFO] Search task succeeded.
2026-01-30 02:32:01,139 search-job-handler [INFO] Search task succeeded.
2026-01-30 02:32:01,139 search-job-handler [INFO] Search task succeeded.
2026-01-30 02:32:01,139 search-job-handler [INFO] Search task succeeded.
2026-01-30 02:32:01,139 search-job-handler [INFO] Search task succeeded.
2026-01-30 02:32:01,139 search-job-handler [INFO] Search task succeeded.
2026-01-30 02:32:01,140 search-job-handler [INFO] Search task succeeded.
2026-01-30 02:32:01,140 search-job-handler [INFO] Search task succeeded.
2026-01-30 02:32:01,140 search-job-handler [INFO] Search task succeeded.
2026-01-30 02:32:01,140 search-job-handler [INFO] Search task succeeded.
2026-01-30 02:32:01,140 search-job-handler [INFO] Search task succeeded.
2026-01-30 02:32:01,140 search-job-handler [INFO] Search task succeeded.
2026-01-30 02:32:01,140 search-job-handler [INFO] Search task succeeded.
2026-01-30 02:32:01,140 search-job-handler [INFO] Search task succeeded.
2026-01-30 02:32:01,140 search-job-handler [INFO] Search task succeeded.
2026-01-30 02:32:01,140 search-job-handler [INFO] Search task succeeded.
2026-01-30 02:32:01,140 search-job-handler [INFO] Search task succeeded.
2026-01-30 02:32:01,140 search-job-handler [INFO] Search task succeeded.
2026-01-30 02:32:01,140 search-job-handler [INFO] Search task succeeded.
2026-01-30 02:32:01,140 search-job-handler [INFO] Search task succeeded.
2026-01-30 02:32:01,140 search-job-handler [INFO] Search task succeeded.
2026-01-30 02:32:01,140 search-job-handler [INFO] Search task succeeded.
2026-01-30 02:32:01,140 search-job-handler [INFO] Search task succeeded.
2026-01-30 02:32:01,141 search-job-handler [INFO] Search task succeeded.
2026-01-30 02:32:01,141 search-job-handler [INFO] Search task succeeded.
2026-01-30 02:32:01,141 search-job-handler [INFO] Search task succeeded.
2026-01-30 02:32:01,141 search-job-handler [INFO] Search task succeeded.
2026-01-30 02:32:01,141 search-job-handler [INFO] Search task succeeded.
2026-01-30 02:32:01,141 search-job-handler [INFO] Search task succeeded.
2026-01-30 02:32:01,141 search-job-handler [INFO] Search task succeeded.
2026-01-30 02:32:01,141 search-job-handler [INFO] Search task succeeded.
2026-01-30 02:32:01,141 search-job-handler [INFO] Search task succeeded.
2026-01-30 02:32:01,141 search-job-handler [INFO] Search task succeeded.
2026-01-30 02:32:01,141 search-job-handler [INFO] Search task succeeded.
2026-01-30 02:32:01,141 search-job-handler [INFO] Search task succeeded.
2026-01-30 02:32:01,141 search-job-handler [INFO] Search task succeeded.
2026-01-30 02:32:01,141 search-job-handler [INFO] Search task succeeded.
2026-01-30 02:32:01,141 search-job-handler [INFO] Search task succeeded.
2026-01-30 02:32:01,141 search-job-handler [INFO] Search task succeeded.
2026-01-30 02:32:01,141 search-job-handler [INFO] Search task succeeded.
2026-01-30 02:32:01,142 search-job-handler [INFO] Search task succeeded.
2026-01-30 02:32:01,142 search-job-handler [INFO] Search task succeeded.
2026-01-30 02:32:01,142 search-job-handler [INFO] Search task succeeded.
2026-01-30 02:32:01,142 search-job-handler [INFO] Search task succeeded.
2026-01-30 02:32:01,142 search-job-handler [INFO] Search task succeeded.
2026-01-30 02:32:01,142 search-job-handler [INFO] Search task succeeded.
2026-01-30 02:32:01,142 search-job-handler [INFO] Search task succeeded.
2026-01-30 02:32:01,142 search-job-handler [INFO] Search task succeeded.
2026-01-30 02:32:01,142 search-job-handler [INFO] Search task succeeded.
2026-01-30 02:32:01,142 search-job-handler [INFO] Search task succeeded.
2026-01-30 02:32:01,142 search-job-handler [INFO] Search task succeeded.
2026-01-30 02:32:01,142 search-job-handler [INFO] Search task succeeded.
2026-01-30 02:32:01,142 search-job-handler [INFO] Search task succeeded.
2026-01-30 02:32:01,142 search-job-handler [INFO] Search task succeeded.
2026-01-30 02:32:01,142 search-job-handler [INFO] Search task succeeded.
2026-01-30 02:32:01,142 search-job-handler [INFO] Search task succeeded.
2026-01-30 02:32:01,142 search-job-handler [INFO] Search task succeeded.
2026-01-30 02:32:01,143 search-job-handler [INFO] Search task succeeded.
2026-01-30 02:32:01,143 search-job-handler [INFO] Search task succeeded.
2026-01-30 02:32:01,143 search-job-handler [INFO] Search task succeeded.
2026-01-30 02:32:01,143 search-job-handler [INFO] Search task succeeded.
2026-01-30 02:32:01,143 search-job-handler [INFO] Search task succeeded.
2026-01-30 02:32:01,143 search-job-handler [INFO] Search task succeeded.
2026-01-30 02:32:01,143 search-job-handler [INFO] Search task succeeded.
2026-01-30 02:32:01,143 search-job-handler [INFO] Search task succeeded.
2026-01-30 02:32:01,143 search-job-handler [INFO] Search task succeeded.
2026-01-30 02:32:01,143 search-job-handler [INFO] Search task succeeded.
2026-01-30 02:32:01,143 search-job-handler [INFO] Search task succeeded.
2026-01-30 02:32:01,143 search-job-handler [INFO] Search task succeeded.
2026-01-30 02:32:01,143 search-job-handler [INFO] Search task succeeded.
2026-01-30 02:32:01,143 search-job-handler [INFO] Search task succeeded.
2026-01-30 02:32:01,143 search-job-handler [INFO] Search task succeeded.
2026-01-30 02:32:01,143 search-job-handler [INFO] Search task succeeded.
2026-01-30 02:32:01,143 search-job-handler [INFO] Search task succeeded.
2026-01-30 02:32:01,144 search-job-handler [INFO] Search task succeeded.
2026-01-30 02:32:01,144 search-job-handler [INFO] Search task succeeded.
2026-01-30 02:32:01,144 search-job-handler [INFO] Search task succeeded.
2026-01-30 02:32:01,144 search-job-handler [INFO] Search task succeeded.
2026-01-30 02:32:01,144 search-job-handler [INFO] Search task succeeded.
2026-01-30 02:32:01,144 search-job-handler [INFO] Search task succeeded.
2026-01-30 02:32:01,144 search-job-handler [INFO] Search task succeeded.
2026-01-30 02:32:01,144 search-job-handler [INFO] Search task succeeded.
2026-01-30 02:32:01,144 search-job-handler [INFO] Search task succeeded.
2026-01-30 02:32:01,144 search-job-handler [INFO] Search task succeeded.
2026-01-30 02:32:01,144 search-job-handler [INFO] Search task succeeded.
2026-01-30 02:32:01,144 search-job-handler [INFO] Search task succeeded.
2026-01-30 02:32:01,144 search-job-handler [INFO] Search task succeeded.
2026-01-30 02:32:01,144 search-job-handler [INFO] Search task succeeded.
2026-01-30 02:32:01,144 search-job-handler [INFO] Search task succeeded.
2026-01-30 02:32:01,144 search-job-handler [INFO] Search task succeeded.
2026-01-30 02:32:01,145 search-job-handler [INFO] Search task succeeded.
2026-01-30 02:32:01,145 search-job-handler [INFO] Search task succeeded.
2026-01-30 02:32:01,145 search-job-handler [INFO] Search task succeeded.
2026-01-30 02:32:01,145 search-job-handler [INFO] Search task succeeded.
2026-01-30 02:32:01,145 search-job-handler [INFO] Search task succeeded.
2026-01-30 02:32:01,145 search-job-handler [INFO] Search task succeeded.
2026-01-30 02:32:01,145 search-job-handler [INFO] Search task succeeded.
2026-01-30 02:32:01,145 search-job-handler [INFO] Search task succeeded.
2026-01-30 02:32:01,145 search-job-handler [INFO] Search task succeeded.
2026-01-30 02:32:01,145 search-job-handler [INFO] Search task succeeded.
2026-01-30 02:32:01,145 search-job-handler [INFO] Search task succeeded.
2026-01-30 02:32:01,145 search-job-handler [INFO] Search task succeeded.
2026-01-30 02:32:01,145 search-job-handler [INFO] Search task succeeded.
2026-01-30 02:32:01,145 search-job-handler [INFO] Search task succeeded.
2026-01-30 02:32:01,145 search-job-handler [INFO] Search task succeeded.
2026-01-30 02:32:01,145 search-job-handler [INFO] Search task succeeded.
2026-01-30 02:32:01,145 search-job-handler [INFO] Search task succeeded.
2026-01-30 02:32:01,146 search-job-handler [INFO] Search task succeeded.
2026-01-30 02:32:01,146 search-job-handler [INFO] Search task succeeded.
2026-01-30 02:32:01,146 search-job-handler [INFO] Search task succeeded.
2026-01-30 02:32:01,146 search-job-handler [INFO] Search task succeeded.
2026-01-30 02:32:01,146 search-job-handler [INFO] Search task succeeded.
2026-01-30 02:32:01,146 search-job-handler [INFO] Search task succeeded.
2026-01-30 02:32:01,146 search-job-handler [INFO] Search task succeeded.
2026-01-30 02:32:01,146 search-job-handler [INFO] Search task succeeded.
2026-01-30 02:32:01,146 search-job-handler [INFO] Search task succeeded.
2026-01-30 02:32:01,146 search-job-handler [INFO] Search task succeeded.
2026-01-30 02:32:01,146 search-job-handler [INFO] Search task succeeded.
2026-01-30 02:32:01,146 search-job-handler [INFO] Search task succeeded.
2026-01-30 02:32:01,146 search-job-handler [INFO] Search task succeeded.
2026-01-30 02:32:01,146 search-job-handler [INFO] Search task succeeded.
2026-01-30 02:32:01,146 search-job-handler [INFO] Search task succeeded.
2026-01-30 02:32:01,146 search-job-handler [INFO] Search task succeeded.
2026-01-30 02:32:01,146 search-job-handler [INFO] Search task succeeded.
2026-01-30 02:32:01,147 search-job-handler [INFO] Search task succeeded.
2026-01-30 02:32:01,147 search-job-handler [INFO] Search task succeeded.
2026-01-30 02:32:01,147 search-job-handler [INFO] Search task succeeded.
2026-01-30 02:32:01,147 search-job-handler [INFO] Search task succeeded.
2026-01-30 02:32:01,147 search-job-handler [INFO] Search task succeeded.
2026-01-30 02:32:01,147 search-job-handler [INFO] Search task succeeded.
2026-01-30 02:32:01,147 search-job-handler [INFO] Search task succeeded.
2026-01-30 02:32:01,147 search-job-handler [INFO] Search task succeeded.
2026-01-30 02:32:01,147 search-job-handler [INFO] Search task succeeded.
2026-01-30 02:32:01,147 search-job-handler [INFO] Search task succeeded.
2026-01-30 02:32:01,147 search-job-handler [INFO] Search task succeeded.
2026-01-30 02:32:01,147 search-job-handler [INFO] Search task succeeded.
2026-01-30 02:32:01,147 search-job-handler [INFO] Search task succeeded.
2026-01-30 02:32:01,147 search-job-handler [INFO] Search task succeeded.
2026-01-30 02:32:01,147 search-job-handler [INFO] Search task succeeded.
2026-01-30 02:32:01,148 search-job-handler [INFO] Search task succeeded.
2026-01-30 02:32:01,148 search-job-handler [INFO] Search task succeeded.
2026-01-30 02:32:01,148 search-job-handler [INFO] Search task succeeded.
2026-01-30 02:32:01,148 search-job-handler [INFO] Search task succeeded.
2026-01-30 02:32:01,148 search-job-handler [INFO] Search task succeeded.
2026-01-30 02:32:01,148 search-job-handler [INFO] Search task succeeded.
2026-01-30 02:32:01,148 search-job-handler [INFO] Search task succeeded.
2026-01-30 02:32:01,148 search-job-handler [INFO] Search task succeeded.
2026-01-30 02:32:01,148 search-job-handler [INFO] Search task succeeded.
2026-01-30 02:32:01,149 search-job-handler [INFO] Search task succeeded.
2026-01-30 02:32:01,149 search-job-handler [INFO] Search task succeeded.
2026-01-30 02:32:01,149 search-job-handler [INFO] Search task succeeded.
2026-01-30 02:32:01,149 search-job-handler [INFO] Search task succeeded.
2026-01-30 02:32:01,149 search-job-handler [INFO] Search task succeeded.
2026-01-30 02:32:01,149 search-job-handler [INFO] Search task succeeded.
2026-01-30 02:32:01,149 search-job-handler [INFO] Search task succeeded.
2026-01-30 02:32:01,149 search-job-handler [INFO] Search task succeeded.
2026-01-30 02:32:01,149 search-job-handler [INFO] Search task succeeded.
2026-01-30 02:32:01,149 search-job-handler [INFO] Search task succeeded.
2026-01-30 02:32:01,149 search-job-handler [INFO] Search task succeeded.
2026-01-30 02:32:01,149 search-job-handler [INFO] Search task succeeded.
2026-01-30 02:32:01,149 search-job-handler [INFO] Search task succeeded.
2026-01-30 02:32:01,149 search-job-handler [INFO] Search task succeeded.
2026-01-30 02:32:01,149 search-job-handler [INFO] Search task succeeded.
2026-01-30 02:32:01,149 search-job-handler [INFO] Search task succeeded.
2026-01-30 02:32:01,149 search-job-handler [INFO] Search task succeeded.
2026-01-30 02:32:01,150 search-job-handler [INFO] Search task succeeded.
2026-01-30 02:32:01,150 search-job-handler [INFO] Search task succeeded.
2026-01-30 02:32:01,150 search-job-handler [INFO] Search task succeeded.
2026-01-30 02:32:01,150 search-job-handler [INFO] Search task succeeded.
2026-01-30 02:32:01,150 search-job-handler [INFO] Search task succeeded.
2026-01-30 02:32:01,150 search-job-handler [INFO] Search task succeeded.
2026-01-30 02:32:01,150 search-job-handler [INFO] Search task succeeded.
2026-01-30 02:32:01,150 search-job-handler [INFO] Search task succeeded.
2026-01-30 02:32:01,150 search-job-handler [INFO] Search task succeeded.
2026-01-30 02:32:01,150 search-job-handler [INFO] Search task succeeded.
2026-01-30 02:32:01,150 search-job-handler [INFO] Search task succeeded.
2026-01-30 02:32:01,150 search-job-handler [INFO] Search task succeeded.
2026-01-30 02:32:01,150 search-job-handler [INFO] Search task succeeded.
2026-01-30 02:32:01,150 search-job-handler [INFO] Search task succeeded.
2026-01-30 02:32:01,150 search-job-handler [INFO] Search task succeeded.
2026-01-30 02:32:01,150 search-job-handler [INFO] Search task succeeded.
2026-01-30 02:32:01,150 search-job-handler [INFO] Search task succeeded.
2026-01-30 02:32:01,151 search-job-handler [INFO] Search task succeeded.
2026-01-30 02:32:01,151 search-job-handler [INFO] Search task succeeded.
2026-01-30 02:32:01,151 search-job-handler [INFO] Search task succeeded.
2026-01-30 02:32:01,151 search-job-handler [INFO] Search task succeeded.
2026-01-30 02:32:01,151 search-job-handler [INFO] Search task succeeded.
2026-01-30 02:32:01,151 search-job-handler [INFO] Search task succeeded.
2026-01-30 02:32:01,151 search-job-handler [INFO] Search task succeeded.
2026-01-30 02:32:01,151 search-job-handler [INFO] Search task succeeded.
2026-01-30 02:32:01,151 search-job-handler [INFO] Search task succeeded.
2026-01-30 02:32:01,151 search-job-handler [INFO] Search task succeeded.
2026-01-30 02:32:01,151 search-job-handler [INFO] Search task succeeded.
2026-01-30 02:32:01,151 search-job-handler [INFO] Search task succeeded.
2026-01-30 02:32:01,151 search-job-handler [INFO] Search task succeeded.
2026-01-30 02:32:01,151 search-job-handler [INFO] Search task succeeded.
2026-01-30 02:32:01,151 search-job-handler [INFO] Search task succeeded.
2026-01-30 02:32:01,151 search-job-handler [INFO] Search task succeeded.
2026-01-30 02:32:01,152 search-job-handler [INFO] Search task succeeded.
2026-01-30 02:32:01,152 search-job-handler [INFO] Search task succeeded.
2026-01-30 02:32:01,152 search-job-handler [INFO] Search task succeeded.
2026-01-30 02:32:01,152 search-job-handler [INFO] Search task succeeded.
2026-01-30 02:32:01,152 search-job-handler [INFO] Search task succeeded.
2026-01-30 02:32:01,152 search-job-handler [INFO] Search task succeeded.
2026-01-30 02:32:01,152 search-job-handler [INFO] Search task succeeded.
2026-01-30 02:32:01,152 search-job-handler [INFO] Search task succeeded.
2026-01-30 02:32:01,152 search-job-handler [INFO] Search task succeeded.
2026-01-30 02:32:01,152 search-job-handler [INFO] Search task succeeded.
2026-01-30 02:32:01,152 search-job-handler [INFO] Search task succeeded.
2026-01-30 02:32:01,152 search-job-handler [INFO] Search task succeeded.
2026-01-30 02:32:01,152 search-job-handler [INFO] Search task succeeded.
2026-01-30 02:32:01,152 search-job-handler [INFO] Search task succeeded.
2026-01-30 02:32:01,152 search-job-handler [INFO] Search task succeeded.
2026-01-30 02:32:01,152 search-job-handler [INFO] Search task succeeded.
2026-01-30 02:32:01,152 search-job-handler [INFO] Search task succeeded.
2026-01-30 02:32:01,153 search-job-handler [INFO] Search task succeeded.
2026-01-30 02:32:01,153 search-job-handler [INFO] Search task succeeded.
2026-01-30 02:32:01,153 search-job-handler [INFO] Search task succeeded.
2026-01-30 02:32:01,153 search-job-handler [INFO] Search task succeeded.
2026-01-30 02:32:01,153 search-job-handler [INFO] Search task succeeded.
2026-01-30 02:32:01,153 search-job-handler [INFO] Search task succeeded.
2026-01-30 02:32:01,153 search-job-handler [INFO] Search task succeeded.
2026-01-30 02:32:01,153 search-job-handler [INFO] Search task succeeded.
2026-01-30 02:32:01,153 search-job-handler [INFO] Search task succeeded.
2026-01-30 02:32:01,153 search-job-handler [INFO] Search task succeeded.
2026-01-30 02:32:01,153 search-job-handler [INFO] Search task succeeded.
2026-01-30 02:32:01,153 search-job-handler [INFO] Search task succeeded.
2026-01-30 02:32:01,153 search-job-handler [INFO] Search task succeeded.
2026-01-30 02:32:01,153 search-job-handler [INFO] Search task succeeded.
2026-01-30 02:32:01,153 search-job-handler [INFO] Search task succeeded.
2026-01-30 02:32:01,153 search-job-handler [INFO] Search task succeeded.
2026-01-30 02:32:01,153 search-job-handler [INFO] Search task succeeded.
2026-01-30 02:32:01,154 search-job-handler [INFO] Search task succeeded.
2026-01-30 02:32:01,154 search-job-handler [INFO] Search task succeeded.
2026-01-30 02:32:01,154 search-job-handler [INFO] Search task succeeded.
2026-01-30 02:32:01,154 search-job-handler [INFO] Search task succeeded.
2026-01-30 02:32:01,154 search-job-handler [INFO] Search task succeeded.
2026-01-30 02:32:01,154 search-job-handler [INFO] Search task succeeded.
2026-01-30 02:32:01,154 search-job-handler [INFO] Search task succeeded.
2026-01-30 02:32:01,154 search-job-handler [INFO] Search task succeeded.
2026-01-30 02:32:01,154 search-job-handler [INFO] Search task succeeded.
2026-01-30 02:32:01,154 search-job-handler [INFO] Search task succeeded.
2026-01-30 02:32:01,154 search-job-handler [INFO] Search task succeeded.
2026-01-30 02:32:01,154 search-job-handler [INFO] Search task succeeded.
2026-01-30 02:32:01,154 search-job-handler [INFO] Search task succeeded.
2026-01-30 02:32:01,154 search-job-handler [INFO] Search task succeeded.
2026-01-30 02:32:01,154 search-job-handler [INFO] Search task succeeded.
2026-01-30 02:32:01,154 search-job-handler [INFO] Search task succeeded.
2026-01-30 02:32:01,154 search-job-handler [INFO] Search task succeeded.
2026-01-30 02:32:01,155 search-job-handler [INFO] Search task succeeded.
2026-01-30 02:32:01,155 search-job-handler [INFO] Search task succeeded.
2026-01-30 02:32:01,155 search-job-handler [INFO] Search task succeeded.
2026-01-30 02:32:01,155 search-job-handler [INFO] Search task succeeded.
2026-01-30 02:32:01,155 search-job-handler [INFO] Search task succeeded.
2026-01-30 02:32:01,155 search-job-handler [INFO] Search task succeeded.
2026-01-30 02:32:01,155 search-job-handler [INFO] Search task succeeded.
2026-01-30 02:32:01,155 search-job-handler [INFO] Search task succeeded.
2026-01-30 02:32:01,155 search-job-handler [INFO] Search task succeeded.
2026-01-30 02:32:01,155 search-job-handler [INFO] Search task succeeded.
2026-01-30 02:32:01,155 search-job-handler [INFO] Search task succeeded.
2026-01-30 02:32:01,155 search-job-handler [INFO] Search task succeeded.
2026-01-30 02:32:01,155 search-job-handler [INFO] Search task succeeded.
2026-01-30 02:32:01,155 search-job-handler [INFO] Search task succeeded.
2026-01-30 02:32:01,155 search-job-handler [INFO] Search task succeeded.
2026-01-30 02:32:01,155 search-job-handler [INFO] Search task succeeded.
2026-01-30 02:32:01,155 search-job-handler [INFO] Search task succeeded.
2026-01-30 02:32:01,156 search-job-handler [INFO] Search task succeeded.
2026-01-30 02:32:01,156 search-job-handler [INFO] Search task succeeded.
2026-01-30 02:32:01,156 search-job-handler [INFO] Search task succeeded.
2026-01-30 02:32:01,156 search-job-handler [INFO] Search task succeeded.
2026-01-30 02:32:01,156 search-job-handler [INFO] Search task succeeded.
2026-01-30 02:32:01,156 search-job-handler [INFO] Search task succeeded.
2026-01-30 02:32:01,156 search-job-handler [INFO] Search task succeeded.
2026-01-30 02:32:01,156 search-job-handler [INFO] Search task succeeded.
2026-01-30 02:32:01,156 search-job-handler [INFO] Search task succeeded.
2026-01-30 02:32:01,156 search-job-handler [INFO] Search task succeeded.
2026-01-30 02:32:01,156 search-job-handler [INFO] Search task succeeded.
2026-01-30 02:32:01,156 search-job-handler [INFO] Search task succeeded.
2026-01-30 02:32:01,156 search-job-handler [INFO] Search task succeeded.
2026-01-30 02:32:01,156 search-job-handler [INFO] Search task succeeded.
2026-01-30 02:32:01,156 search-job-handler [INFO] Search task succeeded.
2026-01-30 02:32:01,156 search-job-handler [INFO] Search task succeeded.
2026-01-30 02:32:01,157 search-job-handler [INFO] Search task succeeded.
2026-01-30 02:32:01,157 search-job-handler [INFO] Search task succeeded.
2026-01-30 02:32:01,157 search-job-handler [INFO] Search task succeeded.
2026-01-30 02:32:01,157 search-job-handler [INFO] Search task succeeded.
2026-01-30 02:32:01,157 search-job-handler [INFO] Search task succeeded.
2026-01-30 02:32:01,157 search-job-handler [INFO] Search task succeeded.
2026-01-30 02:32:01,169 search-job-handler [INFO] Completed job 1 at 2026-01-30T02:32:01.157357, total duration=75.21s.
