[2026-01-30 19:54:16.412] [warning] [spider.worker] Prefer using `SPIDER_STORAGE_URL` environment variable over `--storage_url` argument.
[2026-01-30 19:55:08.644] [info] [spider.worker] [TIMING] task_id=ec4a8be3-d426-4a6b-a0bc-dd7175f36508 func=job_orchestration.executor.query.spider_search_task.search_without_channel fetch_input_start=232150850 fetch_input_end=232150852 fetch_input_duration_ms=1
[2026-01-30 19:55:08.645] [info] [spider.worker] [TIMING] task_id=ec4a8be3-d426-4a6b-a0bc-dd7175f36508 func=job_orchestration.executor.query.spider_search_task.search_without_channel input_send_start=232150853 input_send_end=232150853 input_send_duration_ms=0 bytes=626
[2026-01-30 19:55:08.645] [info] [spider.worker] [TIMING] task_id=ec4a8be3-d426-4a6b-a0bc-dd7175f36508 func=job_orchestration.executor.query.spider_search_task.search_without_channel spawn_start=232150852 spawn_end=232150853 spawn_duration_ms=0
[2026-01-30 19:55:09.962] [info] [spider.worker] [TIMING] task_id=ec4a8be3-d426-4a6b-a0bc-dd7175f36508 func=job_orchestration.executor.query.spider_search_task.search_without_channel execution_start=232150853 execution_end=232152171 execution_duration_ms=1317
[2026-01-30 19:55:10.031] [info] [spider.worker] [TIMING] task_id=ec4a8be3-d426-4a6b-a0bc-dd7175f36508 func=job_orchestration.executor.query.spider_search_task.search_without_channel submit_output_start=232152172 submit_output_end=232152240 submit_output_duration_ms=67
[2026-01-30 19:55:10.075] [info] [spider.worker] [TIMING] task_id=478bb595-31f8-4989-af41-e4dc26d52856 func=job_orchestration.executor.query.spider_search_task.search_without_channel fetch_input_start=232152283 fetch_input_end=232152284 fetch_input_duration_ms=0
[2026-01-30 19:55:10.076] [info] [spider.worker] [TIMING] task_id=478bb595-31f8-4989-af41-e4dc26d52856 func=job_orchestration.executor.query.spider_search_task.search_without_channel input_send_start=232152284 input_send_end=232152284 input_send_duration_ms=0 bytes=626
[2026-01-30 19:55:10.076] [info] [spider.worker] [TIMING] task_id=478bb595-31f8-4989-af41-e4dc26d52856 func=job_orchestration.executor.query.spider_search_task.search_without_channel spawn_start=232152284 spawn_end=232152284 spawn_duration_ms=0
[2026-01-30 19:55:11.273] [info] [spider.worker] [TIMING] task_id=478bb595-31f8-4989-af41-e4dc26d52856 func=job_orchestration.executor.query.spider_search_task.search_without_channel execution_start=232152284 execution_end=232153482 execution_duration_ms=1197
[2026-01-30 19:55:11.297] [info] [spider.worker] [TIMING] task_id=478bb595-31f8-4989-af41-e4dc26d52856 func=job_orchestration.executor.query.spider_search_task.search_without_channel submit_output_start=232153483 submit_output_end=232153505 submit_output_duration_ms=21
[2026-01-30 19:55:11.336] [info] [spider.worker] [TIMING] task_id=ef360bd4-9ac4-4223-ac43-b652bea45e7c func=job_orchestration.executor.query.spider_search_task.search_without_channel fetch_input_start=232153543 fetch_input_end=232153544 fetch_input_duration_ms=0
[2026-01-30 19:55:11.336] [info] [spider.worker] [TIMING] task_id=ef360bd4-9ac4-4223-ac43-b652bea45e7c func=job_orchestration.executor.query.spider_search_task.search_without_channel input_send_start=232153545 input_send_end=232153545 input_send_duration_ms=0 bytes=626
[2026-01-30 19:55:11.336] [info] [spider.worker] [TIMING] task_id=ef360bd4-9ac4-4223-ac43-b652bea45e7c func=job_orchestration.executor.query.spider_search_task.search_without_channel spawn_start=232153544 spawn_end=232153545 spawn_duration_ms=0
[2026-01-30 19:55:12.558] [info] [spider.worker] [TIMING] task_id=ef360bd4-9ac4-4223-ac43-b652bea45e7c func=job_orchestration.executor.query.spider_search_task.search_without_channel execution_start=232153545 execution_end=232154767 execution_duration_ms=1221
[2026-01-30 19:55:12.589] [info] [spider.worker] [TIMING] task_id=ef360bd4-9ac4-4223-ac43-b652bea45e7c func=job_orchestration.executor.query.spider_search_task.search_without_channel submit_output_start=232154768 submit_output_end=232154797 submit_output_duration_ms=28
[2026-01-30 19:55:12.608] [info] [spider.worker] [TIMING] task_id=0fdfedb7-00cb-4183-bd88-8def9ea2e3e8 func=job_orchestration.executor.query.spider_search_task.search_without_channel fetch_input_start=232154815 fetch_input_end=232154816 fetch_input_duration_ms=1
[2026-01-30 19:55:12.609] [info] [spider.worker] [TIMING] task_id=0fdfedb7-00cb-4183-bd88-8def9ea2e3e8 func=job_orchestration.executor.query.spider_search_task.search_without_channel input_send_start=232154817 input_send_end=232154817 input_send_duration_ms=0 bytes=626
[2026-01-30 19:55:12.609] [info] [spider.worker] [TIMING] task_id=0fdfedb7-00cb-4183-bd88-8def9ea2e3e8 func=job_orchestration.executor.query.spider_search_task.search_without_channel spawn_start=232154817 spawn_end=232154817 spawn_duration_ms=0
[2026-01-30 19:55:13.729] [info] [spider.worker] [TIMING] task_id=0fdfedb7-00cb-4183-bd88-8def9ea2e3e8 func=job_orchestration.executor.query.spider_search_task.search_without_channel execution_start=232154817 execution_end=232155937 execution_duration_ms=1120
[2026-01-30 19:55:13.747] [info] [spider.worker] [TIMING] task_id=0fdfedb7-00cb-4183-bd88-8def9ea2e3e8 func=job_orchestration.executor.query.spider_search_task.search_without_channel submit_output_start=232155940 submit_output_end=232155955 submit_output_duration_ms=15
[2026-01-30 19:55:13.783] [info] [spider.worker] [TIMING] task_id=1998884b-a469-40c8-a29b-c37c33387f2b func=job_orchestration.executor.query.spider_search_task.search_without_channel fetch_input_start=232155991 fetch_input_end=232155992 fetch_input_duration_ms=1
[2026-01-30 19:55:13.784] [info] [spider.worker] [TIMING] task_id=1998884b-a469-40c8-a29b-c37c33387f2b func=job_orchestration.executor.query.spider_search_task.search_without_channel input_send_start=232155992 input_send_end=232155992 input_send_duration_ms=0 bytes=626
[2026-01-30 19:55:13.784] [info] [spider.worker] [TIMING] task_id=1998884b-a469-40c8-a29b-c37c33387f2b func=job_orchestration.executor.query.spider_search_task.search_without_channel spawn_start=232155992 spawn_end=232155992 spawn_duration_ms=0
[2026-01-30 19:55:14.941] [info] [spider.worker] [TIMING] task_id=1998884b-a469-40c8-a29b-c37c33387f2b func=job_orchestration.executor.query.spider_search_task.search_without_channel execution_start=232155993 execution_end=232157150 execution_duration_ms=1157
[2026-01-30 19:55:14.947] [info] [spider.worker] [TIMING] task_id=1998884b-a469-40c8-a29b-c37c33387f2b func=job_orchestration.executor.query.spider_search_task.search_without_channel submit_output_start=232157151 submit_output_end=232157156 submit_output_duration_ms=4
[2026-01-30 19:55:14.992] [info] [spider.worker] [TIMING] task_id=546b668b-59c6-4ce0-a6b2-d01600d767ce func=job_orchestration.executor.query.spider_search_task.search_without_channel fetch_input_start=232157199 fetch_input_end=232157201 fetch_input_duration_ms=1
[2026-01-30 19:55:14.993] [info] [spider.worker] [TIMING] task_id=546b668b-59c6-4ce0-a6b2-d01600d767ce func=job_orchestration.executor.query.spider_search_task.search_without_channel input_send_start=232157201 input_send_end=232157201 input_send_duration_ms=0 bytes=626
[2026-01-30 19:55:14.993] [info] [spider.worker] [TIMING] task_id=546b668b-59c6-4ce0-a6b2-d01600d767ce func=job_orchestration.executor.query.spider_search_task.search_without_channel spawn_start=232157201 spawn_end=232157201 spawn_duration_ms=0
[2026-01-30 19:55:16.117] [info] [spider.worker] [TIMING] task_id=546b668b-59c6-4ce0-a6b2-d01600d767ce func=job_orchestration.executor.query.spider_search_task.search_without_channel execution_start=232157202 execution_end=232158326 execution_duration_ms=1124
[2026-01-30 19:55:16.131] [info] [spider.worker] [TIMING] task_id=546b668b-59c6-4ce0-a6b2-d01600d767ce func=job_orchestration.executor.query.spider_search_task.search_without_channel submit_output_start=232158328 submit_output_end=232158339 submit_output_duration_ms=11
[2026-01-30 19:55:16.173] [info] [spider.worker] [TIMING] task_id=4c50364c-4a8c-4721-9cf8-fb25e8d5eeab func=job_orchestration.executor.query.spider_search_task.search_without_channel fetch_input_start=232158381 fetch_input_end=232158382 fetch_input_duration_ms=1
[2026-01-30 19:55:16.174] [info] [spider.worker] [TIMING] task_id=4c50364c-4a8c-4721-9cf8-fb25e8d5eeab func=job_orchestration.executor.query.spider_search_task.search_without_channel input_send_start=232158382 input_send_end=232158382 input_send_duration_ms=0 bytes=626
[2026-01-30 19:55:16.174] [info] [spider.worker] [TIMING] task_id=4c50364c-4a8c-4721-9cf8-fb25e8d5eeab func=job_orchestration.executor.query.spider_search_task.search_without_channel spawn_start=232158382 spawn_end=232158382 spawn_duration_ms=0
[2026-01-30 19:55:17.544] [info] [spider.worker] [TIMING] task_id=4c50364c-4a8c-4721-9cf8-fb25e8d5eeab func=job_orchestration.executor.query.spider_search_task.search_without_channel execution_start=232158383 execution_end=232159752 execution_duration_ms=1369
[2026-01-30 19:55:17.616] [info] [spider.worker] [TIMING] task_id=4c50364c-4a8c-4721-9cf8-fb25e8d5eeab func=job_orchestration.executor.query.spider_search_task.search_without_channel submit_output_start=232159753 submit_output_end=232159824 submit_output_duration_ms=70
[2026-01-30 19:55:17.633] [info] [spider.worker] [TIMING] task_id=22795172-699b-4c76-8345-32303e1de76a func=job_orchestration.executor.query.spider_search_task.search_without_channel fetch_input_start=232159841 fetch_input_end=232159842 fetch_input_duration_ms=0
[2026-01-30 19:55:17.634] [info] [spider.worker] [TIMING] task_id=22795172-699b-4c76-8345-32303e1de76a func=job_orchestration.executor.query.spider_search_task.search_without_channel input_send_start=232159842 input_send_end=232159842 input_send_duration_ms=0 bytes=626
[2026-01-30 19:55:17.634] [info] [spider.worker] [TIMING] task_id=22795172-699b-4c76-8345-32303e1de76a func=job_orchestration.executor.query.spider_search_task.search_without_channel spawn_start=232159842 spawn_end=232159842 spawn_duration_ms=0
[2026-01-30 19:55:18.961] [info] [spider.worker] [TIMING] task_id=22795172-699b-4c76-8345-32303e1de76a func=job_orchestration.executor.query.spider_search_task.search_without_channel execution_start=232159843 execution_end=232161169 execution_duration_ms=1326
[2026-01-30 19:55:18.982] [info] [spider.worker] [TIMING] task_id=22795172-699b-4c76-8345-32303e1de76a func=job_orchestration.executor.query.spider_search_task.search_without_channel submit_output_start=232161171 submit_output_end=232161190 submit_output_duration_ms=19
[2026-01-30 19:55:18.992] [info] [spider.worker] [TIMING] task_id=2240dfd1-0722-4a27-8955-6ed63e092fcb func=job_orchestration.executor.query.spider_search_task.search_without_channel fetch_input_start=232161200 fetch_input_end=232161200 fetch_input_duration_ms=0
[2026-01-30 19:55:18.993] [info] [spider.worker] [TIMING] task_id=2240dfd1-0722-4a27-8955-6ed63e092fcb func=job_orchestration.executor.query.spider_search_task.search_without_channel input_send_start=232161201 input_send_end=232161201 input_send_duration_ms=0 bytes=626
[2026-01-30 19:55:18.993] [info] [spider.worker] [TIMING] task_id=2240dfd1-0722-4a27-8955-6ed63e092fcb func=job_orchestration.executor.query.spider_search_task.search_without_channel spawn_start=232161201 spawn_end=232161201 spawn_duration_ms=0
[2026-01-30 19:55:20.319] [info] [spider.worker] [TIMING] task_id=2240dfd1-0722-4a27-8955-6ed63e092fcb func=job_orchestration.executor.query.spider_search_task.search_without_channel execution_start=232161201 execution_end=232162527 execution_duration_ms=1325
[2026-01-30 19:55:20.357] [info] [spider.worker] [TIMING] task_id=2240dfd1-0722-4a27-8955-6ed63e092fcb func=job_orchestration.executor.query.spider_search_task.search_without_channel submit_output_start=232162529 submit_output_end=232162565 submit_output_duration_ms=36
[2026-01-30 19:55:20.376] [info] [spider.worker] [TIMING] task_id=6a5aa493-f766-4ade-b0ae-e473afec5a43 func=job_orchestration.executor.query.spider_search_task.search_without_channel fetch_input_start=232162583 fetch_input_end=232162584 fetch_input_duration_ms=0
[2026-01-30 19:55:20.376] [info] [spider.worker] [TIMING] task_id=6a5aa493-f766-4ade-b0ae-e473afec5a43 func=job_orchestration.executor.query.spider_search_task.search_without_channel input_send_start=232162585 input_send_end=232162585 input_send_duration_ms=0 bytes=626
[2026-01-30 19:55:20.377] [info] [spider.worker] [TIMING] task_id=6a5aa493-f766-4ade-b0ae-e473afec5a43 func=job_orchestration.executor.query.spider_search_task.search_without_channel spawn_start=232162584 spawn_end=232162585 spawn_duration_ms=0
[2026-01-30 19:55:21.758] [info] [spider.worker] [TIMING] task_id=6a5aa493-f766-4ade-b0ae-e473afec5a43 func=job_orchestration.executor.query.spider_search_task.search_without_channel execution_start=232162585 execution_end=232163967 execution_duration_ms=1381
[2026-01-30 19:55:21.766] [info] [spider.worker] [TIMING] task_id=6a5aa493-f766-4ade-b0ae-e473afec5a43 func=job_orchestration.executor.query.spider_search_task.search_without_channel submit_output_start=232163968 submit_output_end=232163974 submit_output_duration_ms=6
[2026-01-30 19:55:21.785] [info] [spider.worker] [TIMING] task_id=39a838ed-7204-4bf2-9d48-555fa1964c76 func=job_orchestration.executor.query.spider_search_task.search_without_channel fetch_input_start=232163993 fetch_input_end=232163994 fetch_input_duration_ms=1
[2026-01-30 19:55:21.786] [info] [spider.worker] [TIMING] task_id=39a838ed-7204-4bf2-9d48-555fa1964c76 func=job_orchestration.executor.query.spider_search_task.search_without_channel input_send_start=232163994 input_send_end=232163994 input_send_duration_ms=0 bytes=626
[2026-01-30 19:55:21.786] [info] [spider.worker] [TIMING] task_id=39a838ed-7204-4bf2-9d48-555fa1964c76 func=job_orchestration.executor.query.spider_search_task.search_without_channel spawn_start=232163994 spawn_end=232163994 spawn_duration_ms=0
[2026-01-30 19:55:23.082] [info] [spider.worker] [TIMING] task_id=39a838ed-7204-4bf2-9d48-555fa1964c76 func=job_orchestration.executor.query.spider_search_task.search_without_channel execution_start=232163994 execution_end=232165290 execution_duration_ms=1295
[2026-01-30 19:55:23.144] [info] [spider.worker] [TIMING] task_id=39a838ed-7204-4bf2-9d48-555fa1964c76 func=job_orchestration.executor.query.spider_search_task.search_without_channel submit_output_start=232165291 submit_output_end=232165352 submit_output_duration_ms=60
[2026-01-30 19:55:23.168] [info] [spider.worker] [TIMING] task_id=57d58947-9a86-4adb-bc5b-6cfe51cc7a90 func=job_orchestration.executor.query.spider_search_task.search_without_channel fetch_input_start=232165376 fetch_input_end=232165377 fetch_input_duration_ms=0
[2026-01-30 19:55:23.169] [info] [spider.worker] [TIMING] task_id=57d58947-9a86-4adb-bc5b-6cfe51cc7a90 func=job_orchestration.executor.query.spider_search_task.search_without_channel input_send_start=232165377 input_send_end=232165377 input_send_duration_ms=0 bytes=626
[2026-01-30 19:55:23.169] [info] [spider.worker] [TIMING] task_id=57d58947-9a86-4adb-bc5b-6cfe51cc7a90 func=job_orchestration.executor.query.spider_search_task.search_without_channel spawn_start=232165377 spawn_end=232165377 spawn_duration_ms=0
[2026-01-30 19:55:24.319] [info] [spider.worker] [TIMING] task_id=57d58947-9a86-4adb-bc5b-6cfe51cc7a90 func=job_orchestration.executor.query.spider_search_task.search_without_channel execution_start=232165377 execution_end=232166528 execution_duration_ms=1150
[2026-01-30 19:55:24.380] [info] [spider.worker] [TIMING] task_id=57d58947-9a86-4adb-bc5b-6cfe51cc7a90 func=job_orchestration.executor.query.spider_search_task.search_without_channel submit_output_start=232166529 submit_output_end=232166589 submit_output_duration_ms=59
[2026-01-30 19:55:24.424] [info] [spider.worker] [TIMING] task_id=61a7707d-3413-4fc1-bbcd-fd57cf55ee1b func=job_orchestration.executor.query.spider_search_task.search_without_channel fetch_input_start=232166632 fetch_input_end=232166633 fetch_input_duration_ms=0
[2026-01-30 19:55:24.425] [info] [spider.worker] [TIMING] task_id=61a7707d-3413-4fc1-bbcd-fd57cf55ee1b func=job_orchestration.executor.query.spider_search_task.search_without_channel input_send_start=232166633 input_send_end=232166633 input_send_duration_ms=0 bytes=626
[2026-01-30 19:55:24.425] [info] [spider.worker] [TIMING] task_id=61a7707d-3413-4fc1-bbcd-fd57cf55ee1b func=job_orchestration.executor.query.spider_search_task.search_without_channel spawn_start=232166633 spawn_end=232166633 spawn_duration_ms=0
[2026-01-30 19:55:25.658] [info] [spider.worker] [TIMING] task_id=61a7707d-3413-4fc1-bbcd-fd57cf55ee1b func=job_orchestration.executor.query.spider_search_task.search_without_channel execution_start=232166633 execution_end=232167867 execution_duration_ms=1233
[2026-01-30 19:55:25.699] [info] [spider.worker] [TIMING] task_id=61a7707d-3413-4fc1-bbcd-fd57cf55ee1b func=job_orchestration.executor.query.spider_search_task.search_without_channel submit_output_start=232167868 submit_output_end=232167908 submit_output_duration_ms=39
[2026-01-30 19:55:25.735] [info] [spider.worker] [TIMING] task_id=273345be-b80f-4b3e-8036-cdcde469e419 func=job_orchestration.executor.query.spider_search_task.search_without_channel fetch_input_start=232167943 fetch_input_end=232167943 fetch_input_duration_ms=0
[2026-01-30 19:55:25.736] [info] [spider.worker] [TIMING] task_id=273345be-b80f-4b3e-8036-cdcde469e419 func=job_orchestration.executor.query.spider_search_task.search_without_channel input_send_start=232167944 input_send_end=232167944 input_send_duration_ms=0 bytes=626
[2026-01-30 19:55:25.736] [info] [spider.worker] [TIMING] task_id=273345be-b80f-4b3e-8036-cdcde469e419 func=job_orchestration.executor.query.spider_search_task.search_without_channel spawn_start=232167943 spawn_end=232167944 spawn_duration_ms=0
[2026-01-30 19:55:26.926] [info] [spider.worker] [TIMING] task_id=273345be-b80f-4b3e-8036-cdcde469e419 func=job_orchestration.executor.query.spider_search_task.search_without_channel execution_start=232167944 execution_end=232169135 execution_duration_ms=1190
[2026-01-30 19:55:26.950] [info] [spider.worker] [TIMING] task_id=273345be-b80f-4b3e-8036-cdcde469e419 func=job_orchestration.executor.query.spider_search_task.search_without_channel submit_output_start=232169136 submit_output_end=232169159 submit_output_duration_ms=22
[2026-01-30 19:55:27.061] [info] [spider.worker] [TIMING] task_id=2d68cb04-a462-4414-ab6a-2a785dd959de func=job_orchestration.executor.query.spider_search_task.search_without_channel fetch_input_start=232169268 fetch_input_end=232169269 fetch_input_duration_ms=0
[2026-01-30 19:55:27.061] [info] [spider.worker] [TIMING] task_id=2d68cb04-a462-4414-ab6a-2a785dd959de func=job_orchestration.executor.query.spider_search_task.search_without_channel input_send_start=232169270 input_send_end=232169270 input_send_duration_ms=0 bytes=626
[2026-01-30 19:55:27.061] [info] [spider.worker] [TIMING] task_id=2d68cb04-a462-4414-ab6a-2a785dd959de func=job_orchestration.executor.query.spider_search_task.search_without_channel spawn_start=232169269 spawn_end=232169270 spawn_duration_ms=0
[2026-01-30 19:55:28.270] [info] [spider.worker] [TIMING] task_id=2d68cb04-a462-4414-ab6a-2a785dd959de func=job_orchestration.executor.query.spider_search_task.search_without_channel execution_start=232169270 execution_end=232170479 execution_duration_ms=1208
[2026-01-30 19:55:28.305] [info] [spider.worker] [TIMING] task_id=2d68cb04-a462-4414-ab6a-2a785dd959de func=job_orchestration.executor.query.spider_search_task.search_without_channel submit_output_start=232170481 submit_output_end=232170513 submit_output_duration_ms=32
[2026-01-30 19:55:28.328] [info] [spider.worker] [TIMING] task_id=dc20156e-8eaf-4853-87ee-7089dea712ec func=job_orchestration.executor.query.spider_search_task.search_without_channel fetch_input_start=232170536 fetch_input_end=232170536 fetch_input_duration_ms=0
[2026-01-30 19:55:28.329] [info] [spider.worker] [TIMING] task_id=dc20156e-8eaf-4853-87ee-7089dea712ec func=job_orchestration.executor.query.spider_search_task.search_without_channel input_send_start=232170537 input_send_end=232170537 input_send_duration_ms=0 bytes=626
[2026-01-30 19:55:28.329] [info] [spider.worker] [TIMING] task_id=dc20156e-8eaf-4853-87ee-7089dea712ec func=job_orchestration.executor.query.spider_search_task.search_without_channel spawn_start=232170537 spawn_end=232170537 spawn_duration_ms=0
[2026-01-30 19:55:29.682] [info] [spider.worker] [TIMING] task_id=dc20156e-8eaf-4853-87ee-7089dea712ec func=job_orchestration.executor.query.spider_search_task.search_without_channel execution_start=232170537 execution_end=232171890 execution_duration_ms=1353
[2026-01-30 19:55:29.701] [info] [spider.worker] [TIMING] task_id=dc20156e-8eaf-4853-87ee-7089dea712ec func=job_orchestration.executor.query.spider_search_task.search_without_channel submit_output_start=232171892 submit_output_end=232171909 submit_output_duration_ms=16
[2026-01-30 19:55:29.720] [info] [spider.worker] [TIMING] task_id=915a787f-2e8b-4a75-a9c3-b4368ebbc470 func=job_orchestration.executor.query.spider_search_task.search_without_channel fetch_input_start=232171927 fetch_input_end=232171928 fetch_input_duration_ms=0
[2026-01-30 19:55:29.720] [info] [spider.worker] [TIMING] task_id=915a787f-2e8b-4a75-a9c3-b4368ebbc470 func=job_orchestration.executor.query.spider_search_task.search_without_channel input_send_start=232171929 input_send_end=232171929 input_send_duration_ms=0 bytes=626
[2026-01-30 19:55:29.720] [info] [spider.worker] [TIMING] task_id=915a787f-2e8b-4a75-a9c3-b4368ebbc470 func=job_orchestration.executor.query.spider_search_task.search_without_channel spawn_start=232171928 spawn_end=232171929 spawn_duration_ms=0
[2026-01-30 19:55:31.251] [info] [spider.worker] [TIMING] task_id=915a787f-2e8b-4a75-a9c3-b4368ebbc470 func=job_orchestration.executor.query.spider_search_task.search_without_channel execution_start=232171929 execution_end=232173460 execution_duration_ms=1530
[2026-01-30 19:55:31.267] [info] [spider.worker] [TIMING] task_id=915a787f-2e8b-4a75-a9c3-b4368ebbc470 func=job_orchestration.executor.query.spider_search_task.search_without_channel submit_output_start=232173462 submit_output_end=232173476 submit_output_duration_ms=14
[2026-01-30 19:55:31.287] [info] [spider.worker] [TIMING] task_id=841a2a79-0dfd-4df7-a082-d714516e32d8 func=job_orchestration.executor.query.spider_search_task.search_without_channel fetch_input_start=232173495 fetch_input_end=232173496 fetch_input_duration_ms=0
[2026-01-30 19:55:31.288] [info] [spider.worker] [TIMING] task_id=841a2a79-0dfd-4df7-a082-d714516e32d8 func=job_orchestration.executor.query.spider_search_task.search_without_channel input_send_start=232173496 input_send_end=232173496 input_send_duration_ms=0 bytes=626
[2026-01-30 19:55:31.288] [info] [spider.worker] [TIMING] task_id=841a2a79-0dfd-4df7-a082-d714516e32d8 func=job_orchestration.executor.query.spider_search_task.search_without_channel spawn_start=232173496 spawn_end=232173496 spawn_duration_ms=0
[2026-01-30 19:55:32.715] [info] [spider.worker] [TIMING] task_id=841a2a79-0dfd-4df7-a082-d714516e32d8 func=job_orchestration.executor.query.spider_search_task.search_without_channel execution_start=232173497 execution_end=232174923 execution_duration_ms=1426
[2026-01-30 19:55:32.756] [info] [spider.worker] [TIMING] task_id=841a2a79-0dfd-4df7-a082-d714516e32d8 func=job_orchestration.executor.query.spider_search_task.search_without_channel submit_output_start=232174925 submit_output_end=232174964 submit_output_duration_ms=39
[2026-01-30 19:55:32.779] [info] [spider.worker] [TIMING] task_id=ac36e686-6c33-4094-8560-aae6fecb30f7 func=job_orchestration.executor.query.spider_search_task.search_without_channel fetch_input_start=232174986 fetch_input_end=232174987 fetch_input_duration_ms=1
[2026-01-30 19:55:32.780] [info] [spider.worker] [TIMING] task_id=ac36e686-6c33-4094-8560-aae6fecb30f7 func=job_orchestration.executor.query.spider_search_task.search_without_channel input_send_start=232174988 input_send_end=232174988 input_send_duration_ms=0 bytes=626
[2026-01-30 19:55:32.780] [info] [spider.worker] [TIMING] task_id=ac36e686-6c33-4094-8560-aae6fecb30f7 func=job_orchestration.executor.query.spider_search_task.search_without_channel spawn_start=232174987 spawn_end=232174988 spawn_duration_ms=0
[2026-01-30 19:55:34.049] [info] [spider.worker] [TIMING] task_id=ac36e686-6c33-4094-8560-aae6fecb30f7 func=job_orchestration.executor.query.spider_search_task.search_without_channel execution_start=232174988 execution_end=232176258 execution_duration_ms=1269
[2026-01-30 19:55:34.068] [info] [spider.worker] [TIMING] task_id=ac36e686-6c33-4094-8560-aae6fecb30f7 func=job_orchestration.executor.query.spider_search_task.search_without_channel submit_output_start=232176259 submit_output_end=232176276 submit_output_duration_ms=17
[2026-01-30 19:55:34.094] [info] [spider.worker] [TIMING] task_id=63fc6eb4-3937-400c-b7d0-967551c16a8d func=job_orchestration.executor.query.spider_search_task.search_without_channel fetch_input_start=232176302 fetch_input_end=232176303 fetch_input_duration_ms=0
[2026-01-30 19:55:34.095] [info] [spider.worker] [TIMING] task_id=63fc6eb4-3937-400c-b7d0-967551c16a8d func=job_orchestration.executor.query.spider_search_task.search_without_channel input_send_start=232176303 input_send_end=232176303 input_send_duration_ms=0 bytes=626
[2026-01-30 19:55:34.095] [info] [spider.worker] [TIMING] task_id=63fc6eb4-3937-400c-b7d0-967551c16a8d func=job_orchestration.executor.query.spider_search_task.search_without_channel spawn_start=232176303 spawn_end=232176303 spawn_duration_ms=0
[2026-01-30 19:55:35.329] [info] [spider.worker] [TIMING] task_id=63fc6eb4-3937-400c-b7d0-967551c16a8d func=job_orchestration.executor.query.spider_search_task.search_without_channel execution_start=232176303 execution_end=232177538 execution_duration_ms=1234
[2026-01-30 19:55:35.352] [info] [spider.worker] [TIMING] task_id=63fc6eb4-3937-400c-b7d0-967551c16a8d func=job_orchestration.executor.query.spider_search_task.search_without_channel submit_output_start=232177539 submit_output_end=232177560 submit_output_duration_ms=20
[2026-01-30 19:55:35.362] [info] [spider.worker] [TIMING] task_id=91fc4cf0-c459-49b4-980a-72383f851065 func=job_orchestration.executor.query.spider_search_task.search_without_channel fetch_input_start=232177570 fetch_input_end=232177570 fetch_input_duration_ms=0
[2026-01-30 19:55:35.362] [info] [spider.worker] [TIMING] task_id=91fc4cf0-c459-49b4-980a-72383f851065 func=job_orchestration.executor.query.spider_search_task.search_without_channel input_send_start=232177571 input_send_end=232177571 input_send_duration_ms=0 bytes=626
[2026-01-30 19:55:35.362] [info] [spider.worker] [TIMING] task_id=91fc4cf0-c459-49b4-980a-72383f851065 func=job_orchestration.executor.query.spider_search_task.search_without_channel spawn_start=232177570 spawn_end=232177571 spawn_duration_ms=0
[2026-01-30 19:55:36.857] [info] [spider.worker] [TIMING] task_id=91fc4cf0-c459-49b4-980a-72383f851065 func=job_orchestration.executor.query.spider_search_task.search_without_channel execution_start=232177571 execution_end=232179065 execution_duration_ms=1494
[2026-01-30 19:55:36.898] [info] [spider.worker] [TIMING] task_id=91fc4cf0-c459-49b4-980a-72383f851065 func=job_orchestration.executor.query.spider_search_task.search_without_channel submit_output_start=232179068 submit_output_end=232179106 submit_output_duration_ms=38
[2026-01-30 19:55:36.921] [info] [spider.worker] [TIMING] task_id=5de0afdd-29d8-4285-916d-3e8f4672fa0f func=job_orchestration.executor.query.spider_search_task.search_without_channel fetch_input_start=232179129 fetch_input_end=232179129 fetch_input_duration_ms=0
[2026-01-30 19:55:36.922] [info] [spider.worker] [TIMING] task_id=5de0afdd-29d8-4285-916d-3e8f4672fa0f func=job_orchestration.executor.query.spider_search_task.search_without_channel input_send_start=232179130 input_send_end=232179130 input_send_duration_ms=0 bytes=626
[2026-01-30 19:55:36.922] [info] [spider.worker] [TIMING] task_id=5de0afdd-29d8-4285-916d-3e8f4672fa0f func=job_orchestration.executor.query.spider_search_task.search_without_channel spawn_start=232179130 spawn_end=232179130 spawn_duration_ms=0
[2026-01-30 19:55:38.118] [info] [spider.worker] [TIMING] task_id=5de0afdd-29d8-4285-916d-3e8f4672fa0f func=job_orchestration.executor.query.spider_search_task.search_without_channel execution_start=232179130 execution_end=232180327 execution_duration_ms=1196
[2026-01-30 19:55:38.136] [info] [spider.worker] [TIMING] task_id=5de0afdd-29d8-4285-916d-3e8f4672fa0f func=job_orchestration.executor.query.spider_search_task.search_without_channel submit_output_start=232180328 submit_output_end=232180344 submit_output_duration_ms=15
[2026-01-30 19:55:38.146] [info] [spider.worker] [TIMING] task_id=b8b442c3-7eb1-4bf5-90de-d02d148f1256 func=job_orchestration.executor.query.spider_search_task.search_without_channel fetch_input_start=232180354 fetch_input_end=232180355 fetch_input_duration_ms=0
[2026-01-30 19:55:38.147] [info] [spider.worker] [TIMING] task_id=b8b442c3-7eb1-4bf5-90de-d02d148f1256 func=job_orchestration.executor.query.spider_search_task.search_without_channel input_send_start=232180355 input_send_end=232180355 input_send_duration_ms=0 bytes=626
[2026-01-30 19:55:38.147] [info] [spider.worker] [TIMING] task_id=b8b442c3-7eb1-4bf5-90de-d02d148f1256 func=job_orchestration.executor.query.spider_search_task.search_without_channel spawn_start=232180355 spawn_end=232180355 spawn_duration_ms=0
[2026-01-30 19:55:39.405] [info] [spider.worker] [TIMING] task_id=b8b442c3-7eb1-4bf5-90de-d02d148f1256 func=job_orchestration.executor.query.spider_search_task.search_without_channel execution_start=232180355 execution_end=232181613 execution_duration_ms=1258
[2026-01-30 19:55:39.419] [info] [spider.worker] [TIMING] task_id=b8b442c3-7eb1-4bf5-90de-d02d148f1256 func=job_orchestration.executor.query.spider_search_task.search_without_channel submit_output_start=232181615 submit_output_end=232181628 submit_output_duration_ms=12
[2026-01-30 19:55:39.458] [info] [spider.worker] [TIMING] task_id=e35d0d2e-1b7d-4918-ae75-b0d7b788bc67 func=job_orchestration.executor.query.spider_search_task.search_without_channel fetch_input_start=232181665 fetch_input_end=232181666 fetch_input_duration_ms=1
[2026-01-30 19:55:39.458] [info] [spider.worker] [TIMING] task_id=e35d0d2e-1b7d-4918-ae75-b0d7b788bc67 func=job_orchestration.executor.query.spider_search_task.search_without_channel input_send_start=232181667 input_send_end=232181667 input_send_duration_ms=0 bytes=626
[2026-01-30 19:55:39.458] [info] [spider.worker] [TIMING] task_id=e35d0d2e-1b7d-4918-ae75-b0d7b788bc67 func=job_orchestration.executor.query.spider_search_task.search_without_channel spawn_start=232181666 spawn_end=232181667 spawn_duration_ms=0
[2026-01-30 19:55:40.775] [info] [spider.worker] [TIMING] task_id=e35d0d2e-1b7d-4918-ae75-b0d7b788bc67 func=job_orchestration.executor.query.spider_search_task.search_without_channel execution_start=232181667 execution_end=232182983 execution_duration_ms=1316
[2026-01-30 19:55:40.816] [info] [spider.worker] [TIMING] task_id=e35d0d2e-1b7d-4918-ae75-b0d7b788bc67 func=job_orchestration.executor.query.spider_search_task.search_without_channel submit_output_start=232182985 submit_output_end=232183025 submit_output_duration_ms=39
[2026-01-30 19:55:40.838] [info] [spider.worker] [TIMING] task_id=baa0a2d7-b537-4e74-acb1-6b728d293fd7 func=job_orchestration.executor.query.spider_search_task.search_without_channel fetch_input_start=232183046 fetch_input_end=232183046 fetch_input_duration_ms=0
[2026-01-30 19:55:40.839] [info] [spider.worker] [TIMING] task_id=baa0a2d7-b537-4e74-acb1-6b728d293fd7 func=job_orchestration.executor.query.spider_search_task.search_without_channel input_send_start=232183047 input_send_end=232183047 input_send_duration_ms=0 bytes=626
[2026-01-30 19:55:40.839] [info] [spider.worker] [TIMING] task_id=baa0a2d7-b537-4e74-acb1-6b728d293fd7 func=job_orchestration.executor.query.spider_search_task.search_without_channel spawn_start=232183047 spawn_end=232183047 spawn_duration_ms=0
[2026-01-30 19:55:42.001] [info] [spider.worker] [TIMING] task_id=baa0a2d7-b537-4e74-acb1-6b728d293fd7 func=job_orchestration.executor.query.spider_search_task.search_without_channel execution_start=232183047 execution_end=232184210 execution_duration_ms=1162
[2026-01-30 19:55:42.027] [info] [spider.worker] [TIMING] task_id=baa0a2d7-b537-4e74-acb1-6b728d293fd7 func=job_orchestration.executor.query.spider_search_task.search_without_channel submit_output_start=232184212 submit_output_end=232184236 submit_output_duration_ms=23
[2026-01-30 19:55:42.072] [info] [spider.worker] [TIMING] task_id=b016d619-88f9-4aac-87d0-e8d85fa15949 func=job_orchestration.executor.query.spider_search_task.search_without_channel fetch_input_start=232184279 fetch_input_end=232184280 fetch_input_duration_ms=0
[2026-01-30 19:55:42.072] [info] [spider.worker] [TIMING] task_id=b016d619-88f9-4aac-87d0-e8d85fa15949 func=job_orchestration.executor.query.spider_search_task.search_without_channel input_send_start=232184280 input_send_end=232184280 input_send_duration_ms=0 bytes=626
[2026-01-30 19:55:42.072] [info] [spider.worker] [TIMING] task_id=b016d619-88f9-4aac-87d0-e8d85fa15949 func=job_orchestration.executor.query.spider_search_task.search_without_channel spawn_start=232184280 spawn_end=232184280 spawn_duration_ms=0
[2026-01-30 19:55:43.309] [info] [spider.worker] [TIMING] task_id=b016d619-88f9-4aac-87d0-e8d85fa15949 func=job_orchestration.executor.query.spider_search_task.search_without_channel execution_start=232184281 execution_end=232185517 execution_duration_ms=1236
[2026-01-30 19:55:43.320] [info] [spider.worker] [TIMING] task_id=b016d619-88f9-4aac-87d0-e8d85fa15949 func=job_orchestration.executor.query.spider_search_task.search_without_channel submit_output_start=232185519 submit_output_end=232185528 submit_output_duration_ms=9
[2026-01-30 19:55:43.340] [info] [spider.worker] [TIMING] task_id=ed68cbb9-28cd-4171-959a-19bab0ae6e04 func=job_orchestration.executor.query.spider_search_task.search_without_channel fetch_input_start=232185547 fetch_input_end=232185548 fetch_input_duration_ms=1
[2026-01-30 19:55:43.340] [info] [spider.worker] [TIMING] task_id=ed68cbb9-28cd-4171-959a-19bab0ae6e04 func=job_orchestration.executor.query.spider_search_task.search_without_channel input_send_start=232185548 input_send_end=232185548 input_send_duration_ms=0 bytes=626
[2026-01-30 19:55:43.340] [info] [spider.worker] [TIMING] task_id=ed68cbb9-28cd-4171-959a-19bab0ae6e04 func=job_orchestration.executor.query.spider_search_task.search_without_channel spawn_start=232185548 spawn_end=232185548 spawn_duration_ms=0
[2026-01-30 19:55:44.638] [info] [spider.worker] [TIMING] task_id=ed68cbb9-28cd-4171-959a-19bab0ae6e04 func=job_orchestration.executor.query.spider_search_task.search_without_channel execution_start=232185549 execution_end=232186846 execution_duration_ms=1297
[2026-01-30 19:55:44.675] [info] [spider.worker] [TIMING] task_id=ed68cbb9-28cd-4171-959a-19bab0ae6e04 func=job_orchestration.executor.query.spider_search_task.search_without_channel submit_output_start=232186848 submit_output_end=232186884 submit_output_duration_ms=35
[2026-01-30 19:55:44.698] [info] [spider.worker] [TIMING] task_id=efb1f8e3-e1fa-4106-8e9b-32131cc3aaa5 func=job_orchestration.executor.query.spider_search_task.search_without_channel fetch_input_start=232186905 fetch_input_end=232186906 fetch_input_duration_ms=1
[2026-01-30 19:55:44.699] [info] [spider.worker] [TIMING] task_id=efb1f8e3-e1fa-4106-8e9b-32131cc3aaa5 func=job_orchestration.executor.query.spider_search_task.search_without_channel input_send_start=232186907 input_send_end=232186907 input_send_duration_ms=0 bytes=626
[2026-01-30 19:55:44.699] [info] [spider.worker] [TIMING] task_id=efb1f8e3-e1fa-4106-8e9b-32131cc3aaa5 func=job_orchestration.executor.query.spider_search_task.search_without_channel spawn_start=232186907 spawn_end=232186907 spawn_duration_ms=0
[2026-01-30 19:55:45.944] [info] [spider.worker] [TIMING] task_id=efb1f8e3-e1fa-4106-8e9b-32131cc3aaa5 func=job_orchestration.executor.query.spider_search_task.search_without_channel execution_start=232186907 execution_end=232188152 execution_duration_ms=1245
[2026-01-30 19:55:45.962] [info] [spider.worker] [TIMING] task_id=efb1f8e3-e1fa-4106-8e9b-32131cc3aaa5 func=job_orchestration.executor.query.spider_search_task.search_without_channel submit_output_start=232188154 submit_output_end=232188170 submit_output_duration_ms=16
[2026-01-30 19:55:46.024] [info] [spider.worker] [TIMING] task_id=43e8cb23-5a07-4439-a204-1eda26b5639b func=job_orchestration.executor.query.spider_search_task.search_without_channel fetch_input_start=232188231 fetch_input_end=232188232 fetch_input_duration_ms=1
[2026-01-30 19:55:46.025] [info] [spider.worker] [TIMING] task_id=43e8cb23-5a07-4439-a204-1eda26b5639b func=job_orchestration.executor.query.spider_search_task.search_without_channel input_send_start=232188233 input_send_end=232188233 input_send_duration_ms=0 bytes=626
[2026-01-30 19:55:46.025] [info] [spider.worker] [TIMING] task_id=43e8cb23-5a07-4439-a204-1eda26b5639b func=job_orchestration.executor.query.spider_search_task.search_without_channel spawn_start=232188232 spawn_end=232188233 spawn_duration_ms=0
[2026-01-30 19:55:47.181] [info] [spider.worker] [TIMING] task_id=43e8cb23-5a07-4439-a204-1eda26b5639b func=job_orchestration.executor.query.spider_search_task.search_without_channel execution_start=232188233 execution_end=232189389 execution_duration_ms=1156
[2026-01-30 19:55:47.216] [info] [spider.worker] [TIMING] task_id=43e8cb23-5a07-4439-a204-1eda26b5639b func=job_orchestration.executor.query.spider_search_task.search_without_channel submit_output_start=232189391 submit_output_end=232189424 submit_output_duration_ms=32
[2026-01-30 19:55:47.239] [info] [spider.worker] [TIMING] task_id=2d7f816c-1911-4136-95db-44098012e6d9 func=job_orchestration.executor.query.spider_search_task.search_without_channel fetch_input_start=232189447 fetch_input_end=232189447 fetch_input_duration_ms=0
[2026-01-30 19:55:47.240] [info] [spider.worker] [TIMING] task_id=2d7f816c-1911-4136-95db-44098012e6d9 func=job_orchestration.executor.query.spider_search_task.search_without_channel input_send_start=232189448 input_send_end=232189448 input_send_duration_ms=0 bytes=626
[2026-01-30 19:55:47.240] [info] [spider.worker] [TIMING] task_id=2d7f816c-1911-4136-95db-44098012e6d9 func=job_orchestration.executor.query.spider_search_task.search_without_channel spawn_start=232189447 spawn_end=232189448 spawn_duration_ms=0
[2026-01-30 19:55:48.461] [info] [spider.worker] [TIMING] task_id=2d7f816c-1911-4136-95db-44098012e6d9 func=job_orchestration.executor.query.spider_search_task.search_without_channel execution_start=232189448 execution_end=232190670 execution_duration_ms=1221
[2026-01-30 19:55:48.479] [info] [spider.worker] [TIMING] task_id=2d7f816c-1911-4136-95db-44098012e6d9 func=job_orchestration.executor.query.spider_search_task.search_without_channel submit_output_start=232190672 submit_output_end=232190687 submit_output_duration_ms=15
[2026-01-30 19:55:48.547] [info] [spider.worker] [TIMING] task_id=11d9e2ee-3e72-49ac-8f68-b75b5c895e86 func=job_orchestration.executor.query.spider_search_task.search_without_channel fetch_input_start=232190754 fetch_input_end=232190755 fetch_input_duration_ms=1
[2026-01-30 19:55:48.547] [info] [spider.worker] [TIMING] task_id=11d9e2ee-3e72-49ac-8f68-b75b5c895e86 func=job_orchestration.executor.query.spider_search_task.search_without_channel input_send_start=232190756 input_send_end=232190756 input_send_duration_ms=0 bytes=626
[2026-01-30 19:55:48.547] [info] [spider.worker] [TIMING] task_id=11d9e2ee-3e72-49ac-8f68-b75b5c895e86 func=job_orchestration.executor.query.spider_search_task.search_without_channel spawn_start=232190755 spawn_end=232190756 spawn_duration_ms=0
[2026-01-30 19:55:49.698] [info] [spider.worker] [TIMING] task_id=11d9e2ee-3e72-49ac-8f68-b75b5c895e86 func=job_orchestration.executor.query.spider_search_task.search_without_channel execution_start=232190756 execution_end=232191906 execution_duration_ms=1150
[2026-01-30 19:55:49.713] [info] [spider.worker] [TIMING] task_id=11d9e2ee-3e72-49ac-8f68-b75b5c895e86 func=job_orchestration.executor.query.spider_search_task.search_without_channel submit_output_start=232191907 submit_output_end=232191921 submit_output_duration_ms=13
[2026-01-30 19:55:49.749] [info] [spider.worker] [TIMING] task_id=c7b55791-d280-4c0b-b216-11ae53e98c16 func=job_orchestration.executor.query.spider_search_task.search_without_channel fetch_input_start=232191956 fetch_input_end=232191957 fetch_input_duration_ms=0
[2026-01-30 19:55:49.749] [info] [spider.worker] [TIMING] task_id=c7b55791-d280-4c0b-b216-11ae53e98c16 func=job_orchestration.executor.query.spider_search_task.search_without_channel input_send_start=232191958 input_send_end=232191958 input_send_duration_ms=0 bytes=626
[2026-01-30 19:55:49.749] [info] [spider.worker] [TIMING] task_id=c7b55791-d280-4c0b-b216-11ae53e98c16 func=job_orchestration.executor.query.spider_search_task.search_without_channel spawn_start=232191957 spawn_end=232191958 spawn_duration_ms=0
[2026-01-30 19:55:50.953] [info] [spider.worker] [TIMING] task_id=c7b55791-d280-4c0b-b216-11ae53e98c16 func=job_orchestration.executor.query.spider_search_task.search_without_channel execution_start=232191958 execution_end=232193162 execution_duration_ms=1203
[2026-01-30 19:55:50.971] [info] [spider.worker] [TIMING] task_id=c7b55791-d280-4c0b-b216-11ae53e98c16 func=job_orchestration.executor.query.spider_search_task.search_without_channel submit_output_start=232193164 submit_output_end=232193180 submit_output_duration_ms=16
[2026-01-30 19:55:50.991] [info] [spider.worker] [TIMING] task_id=dac40cd8-5c7b-434d-ba66-718e373a6f93 func=job_orchestration.executor.query.spider_search_task.search_without_channel fetch_input_start=232193198 fetch_input_end=232193199 fetch_input_duration_ms=0
[2026-01-30 19:55:50.991] [info] [spider.worker] [TIMING] task_id=dac40cd8-5c7b-434d-ba66-718e373a6f93 func=job_orchestration.executor.query.spider_search_task.search_without_channel input_send_start=232193199 input_send_end=232193199 input_send_duration_ms=0 bytes=626
[2026-01-30 19:55:50.991] [info] [spider.worker] [TIMING] task_id=dac40cd8-5c7b-434d-ba66-718e373a6f93 func=job_orchestration.executor.query.spider_search_task.search_without_channel spawn_start=232193199 spawn_end=232193200 spawn_duration_ms=0
[2026-01-30 19:55:52.210] [info] [spider.worker] [TIMING] task_id=dac40cd8-5c7b-434d-ba66-718e373a6f93 func=job_orchestration.executor.query.spider_search_task.search_without_channel execution_start=232193200 execution_end=232194418 execution_duration_ms=1218
[2026-01-30 19:55:52.243] [info] [spider.worker] [TIMING] task_id=dac40cd8-5c7b-434d-ba66-718e373a6f93 func=job_orchestration.executor.query.spider_search_task.search_without_channel submit_output_start=232194420 submit_output_end=232194451 submit_output_duration_ms=31
[2026-01-30 19:55:52.265] [info] [spider.worker] [TIMING] task_id=cbec2afd-3870-4285-b055-36586157eb62 func=job_orchestration.executor.query.spider_search_task.search_without_channel fetch_input_start=232194473 fetch_input_end=232194473 fetch_input_duration_ms=0
[2026-01-30 19:55:52.265] [info] [spider.worker] [TIMING] task_id=cbec2afd-3870-4285-b055-36586157eb62 func=job_orchestration.executor.query.spider_search_task.search_without_channel input_send_start=232194474 input_send_end=232194474 input_send_duration_ms=0 bytes=626
[2026-01-30 19:55:52.265] [info] [spider.worker] [TIMING] task_id=cbec2afd-3870-4285-b055-36586157eb62 func=job_orchestration.executor.query.spider_search_task.search_without_channel spawn_start=232194473 spawn_end=232194474 spawn_duration_ms=0
[2026-01-30 19:55:53.462] [info] [spider.worker] [TIMING] task_id=cbec2afd-3870-4285-b055-36586157eb62 func=job_orchestration.executor.query.spider_search_task.search_without_channel execution_start=232194474 execution_end=232195671 execution_duration_ms=1196
[2026-01-30 19:55:53.505] [info] [spider.worker] [TIMING] task_id=cbec2afd-3870-4285-b055-36586157eb62 func=job_orchestration.executor.query.spider_search_task.search_without_channel submit_output_start=232195672 submit_output_end=232195714 submit_output_duration_ms=41
[2026-01-30 19:55:53.549] [info] [spider.worker] [TIMING] task_id=f00a4894-6329-460f-9f06-b9e62661c184 func=job_orchestration.executor.query.spider_search_task.search_without_channel fetch_input_start=232195756 fetch_input_end=232195757 fetch_input_duration_ms=0
[2026-01-30 19:55:53.550] [info] [spider.worker] [TIMING] task_id=f00a4894-6329-460f-9f06-b9e62661c184 func=job_orchestration.executor.query.spider_search_task.search_without_channel input_send_start=232195758 input_send_end=232195758 input_send_duration_ms=0 bytes=626
[2026-01-30 19:55:53.550] [info] [spider.worker] [TIMING] task_id=f00a4894-6329-460f-9f06-b9e62661c184 func=job_orchestration.executor.query.spider_search_task.search_without_channel spawn_start=232195757 spawn_end=232195758 spawn_duration_ms=0
[2026-01-30 19:55:54.715] [info] [spider.worker] [TIMING] task_id=f00a4894-6329-460f-9f06-b9e62661c184 func=job_orchestration.executor.query.spider_search_task.search_without_channel execution_start=232195758 execution_end=232196923 execution_duration_ms=1164
[2026-01-30 19:55:54.740] [info] [spider.worker] [TIMING] task_id=f00a4894-6329-460f-9f06-b9e62661c184 func=job_orchestration.executor.query.spider_search_task.search_without_channel submit_output_start=232196925 submit_output_end=232196948 submit_output_duration_ms=23
[2026-01-30 19:55:54.758] [info] [spider.worker] [TIMING] task_id=7b77d993-02a4-40ff-bafe-c8b3880309d7 func=job_orchestration.executor.query.spider_search_task.search_without_channel fetch_input_start=232196966 fetch_input_end=232196967 fetch_input_duration_ms=0
[2026-01-30 19:55:54.759] [info] [spider.worker] [TIMING] task_id=7b77d993-02a4-40ff-bafe-c8b3880309d7 func=job_orchestration.executor.query.spider_search_task.search_without_channel input_send_start=232196967 input_send_end=232196967 input_send_duration_ms=0 bytes=626
[2026-01-30 19:55:54.759] [info] [spider.worker] [TIMING] task_id=7b77d993-02a4-40ff-bafe-c8b3880309d7 func=job_orchestration.executor.query.spider_search_task.search_without_channel spawn_start=232196967 spawn_end=232196967 spawn_duration_ms=0
[2026-01-30 19:55:56.031] [info] [spider.worker] [TIMING] task_id=7b77d993-02a4-40ff-bafe-c8b3880309d7 func=job_orchestration.executor.query.spider_search_task.search_without_channel execution_start=232196968 execution_end=232198239 execution_duration_ms=1271
[2026-01-30 19:55:56.040] [info] [spider.worker] [TIMING] task_id=7b77d993-02a4-40ff-bafe-c8b3880309d7 func=job_orchestration.executor.query.spider_search_task.search_without_channel submit_output_start=232198241 submit_output_end=232198248 submit_output_duration_ms=6
[2026-01-30 19:55:56.084] [info] [spider.worker] [TIMING] task_id=94cf7069-a3f9-4196-b197-62a88566ce95 func=job_orchestration.executor.query.spider_search_task.search_without_channel fetch_input_start=232198291 fetch_input_end=232198292 fetch_input_duration_ms=0
[2026-01-30 19:55:56.084] [info] [spider.worker] [TIMING] task_id=94cf7069-a3f9-4196-b197-62a88566ce95 func=job_orchestration.executor.query.spider_search_task.search_without_channel input_send_start=232198293 input_send_end=232198293 input_send_duration_ms=0 bytes=626
[2026-01-30 19:55:56.084] [info] [spider.worker] [TIMING] task_id=94cf7069-a3f9-4196-b197-62a88566ce95 func=job_orchestration.executor.query.spider_search_task.search_without_channel spawn_start=232198292 spawn_end=232198293 spawn_duration_ms=0
[2026-01-30 19:55:57.333] [info] [spider.worker] [TIMING] task_id=94cf7069-a3f9-4196-b197-62a88566ce95 func=job_orchestration.executor.query.spider_search_task.search_without_channel execution_start=232198293 execution_end=232199542 execution_duration_ms=1248
[2026-01-30 19:55:57.371] [info] [spider.worker] [TIMING] task_id=94cf7069-a3f9-4196-b197-62a88566ce95 func=job_orchestration.executor.query.spider_search_task.search_without_channel submit_output_start=232199543 submit_output_end=232199579 submit_output_duration_ms=36
[2026-01-30 19:55:57.392] [info] [spider.worker] [TIMING] task_id=79622541-2ce9-47cc-b059-29fbafd4bbd5 func=job_orchestration.executor.query.spider_search_task.search_without_channel fetch_input_start=232199600 fetch_input_end=232199601 fetch_input_duration_ms=0
[2026-01-30 19:55:57.393] [info] [spider.worker] [TIMING] task_id=79622541-2ce9-47cc-b059-29fbafd4bbd5 func=job_orchestration.executor.query.spider_search_task.search_without_channel input_send_start=232199601 input_send_end=232199601 input_send_duration_ms=0 bytes=626
[2026-01-30 19:55:57.393] [info] [spider.worker] [TIMING] task_id=79622541-2ce9-47cc-b059-29fbafd4bbd5 func=job_orchestration.executor.query.spider_search_task.search_without_channel spawn_start=232199601 spawn_end=232199601 spawn_duration_ms=0
[2026-01-30 19:55:58.602] [info] [spider.worker] [TIMING] task_id=79622541-2ce9-47cc-b059-29fbafd4bbd5 func=job_orchestration.executor.query.spider_search_task.search_without_channel execution_start=232199602 execution_end=232200810 execution_duration_ms=1208
[2026-01-30 19:55:58.615] [info] [spider.worker] [TIMING] task_id=79622541-2ce9-47cc-b059-29fbafd4bbd5 func=job_orchestration.executor.query.spider_search_task.search_without_channel submit_output_start=232200812 submit_output_end=232200824 submit_output_duration_ms=11
[2026-01-30 19:55:58.653] [info] [spider.worker] [TIMING] task_id=f11cf58b-241a-4cb9-8a18-fc5b136a2dc2 func=job_orchestration.executor.query.spider_search_task.search_without_channel fetch_input_start=232200860 fetch_input_end=232200861 fetch_input_duration_ms=1
[2026-01-30 19:55:58.653] [info] [spider.worker] [TIMING] task_id=f11cf58b-241a-4cb9-8a18-fc5b136a2dc2 func=job_orchestration.executor.query.spider_search_task.search_without_channel input_send_start=232200862 input_send_end=232200862 input_send_duration_ms=0 bytes=626
[2026-01-30 19:55:58.653] [info] [spider.worker] [TIMING] task_id=f11cf58b-241a-4cb9-8a18-fc5b136a2dc2 func=job_orchestration.executor.query.spider_search_task.search_without_channel spawn_start=232200861 spawn_end=232200862 spawn_duration_ms=0
[2026-01-30 19:55:59.849] [info] [spider.worker] [TIMING] task_id=f11cf58b-241a-4cb9-8a18-fc5b136a2dc2 func=job_orchestration.executor.query.spider_search_task.search_without_channel execution_start=232200862 execution_end=232202057 execution_duration_ms=1195
[2026-01-30 19:55:59.894] [info] [spider.worker] [TIMING] task_id=f11cf58b-241a-4cb9-8a18-fc5b136a2dc2 func=job_orchestration.executor.query.spider_search_task.search_without_channel submit_output_start=232202061 submit_output_end=232202102 submit_output_duration_ms=41
[2026-01-30 19:55:59.910] [info] [spider.worker] [TIMING] task_id=1baf4fcb-5b0f-467c-adad-41201829f246 func=job_orchestration.executor.query.spider_search_task.search_without_channel fetch_input_start=232202117 fetch_input_end=232202119 fetch_input_duration_ms=1
[2026-01-30 19:55:59.911] [info] [spider.worker] [TIMING] task_id=1baf4fcb-5b0f-467c-adad-41201829f246 func=job_orchestration.executor.query.spider_search_task.search_without_channel input_send_start=232202119 input_send_end=232202119 input_send_duration_ms=0 bytes=626
[2026-01-30 19:55:59.911] [info] [spider.worker] [TIMING] task_id=1baf4fcb-5b0f-467c-adad-41201829f246 func=job_orchestration.executor.query.spider_search_task.search_without_channel spawn_start=232202119 spawn_end=232202119 spawn_duration_ms=0
[2026-01-30 19:56:01.016] [info] [spider.worker] [TIMING] task_id=1baf4fcb-5b0f-467c-adad-41201829f246 func=job_orchestration.executor.query.spider_search_task.search_without_channel execution_start=232202119 execution_end=232203224 execution_duration_ms=1105
[2026-01-30 19:56:01.046] [info] [spider.worker] [TIMING] task_id=1baf4fcb-5b0f-467c-adad-41201829f246 func=job_orchestration.executor.query.spider_search_task.search_without_channel submit_output_start=232203226 submit_output_end=232203255 submit_output_duration_ms=28
[2026-01-30 19:56:01.069] [info] [spider.worker] [TIMING] task_id=7f36b404-3294-4177-bc58-08d7b19c651e func=job_orchestration.executor.query.spider_search_task.search_without_channel fetch_input_start=232203276 fetch_input_end=232203277 fetch_input_duration_ms=0
[2026-01-30 19:56:01.069] [info] [spider.worker] [TIMING] task_id=7f36b404-3294-4177-bc58-08d7b19c651e func=job_orchestration.executor.query.spider_search_task.search_without_channel input_send_start=232203278 input_send_end=232203278 input_send_duration_ms=0 bytes=626
[2026-01-30 19:56:01.069] [info] [spider.worker] [TIMING] task_id=7f36b404-3294-4177-bc58-08d7b19c651e func=job_orchestration.executor.query.spider_search_task.search_without_channel spawn_start=232203277 spawn_end=232203278 spawn_duration_ms=0
[2026-01-30 19:56:02.311] [info] [spider.worker] [TIMING] task_id=7f36b404-3294-4177-bc58-08d7b19c651e func=job_orchestration.executor.query.spider_search_task.search_without_channel execution_start=232203278 execution_end=232204519 execution_duration_ms=1241
[2026-01-30 19:56:02.350] [info] [spider.worker] [TIMING] task_id=7f36b404-3294-4177-bc58-08d7b19c651e func=job_orchestration.executor.query.spider_search_task.search_without_channel submit_output_start=232204521 submit_output_end=232204559 submit_output_duration_ms=37
[2026-01-30 19:56:02.369] [info] [spider.worker] [TIMING] task_id=58164e9d-9ca3-4011-b85e-0136bfe2d9d5 func=job_orchestration.executor.query.spider_search_task.search_without_channel fetch_input_start=232204576 fetch_input_end=232204577 fetch_input_duration_ms=0
[2026-01-30 19:56:02.369] [info] [spider.worker] [TIMING] task_id=58164e9d-9ca3-4011-b85e-0136bfe2d9d5 func=job_orchestration.executor.query.spider_search_task.search_without_channel input_send_start=232204577 input_send_end=232204577 input_send_duration_ms=0 bytes=626
[2026-01-30 19:56:02.369] [info] [spider.worker] [TIMING] task_id=58164e9d-9ca3-4011-b85e-0136bfe2d9d5 func=job_orchestration.executor.query.spider_search_task.search_without_channel spawn_start=232204577 spawn_end=232204577 spawn_duration_ms=0
[2026-01-30 19:56:03.456] [info] [spider.worker] [TIMING] task_id=58164e9d-9ca3-4011-b85e-0136bfe2d9d5 func=job_orchestration.executor.query.spider_search_task.search_without_channel execution_start=232204578 execution_end=232205664 execution_duration_ms=1086
[2026-01-30 19:56:03.486] [info] [spider.worker] [TIMING] task_id=58164e9d-9ca3-4011-b85e-0136bfe2d9d5 func=job_orchestration.executor.query.spider_search_task.search_without_channel submit_output_start=232205666 submit_output_end=232205695 submit_output_duration_ms=28
[2026-01-30 19:56:03.511] [info] [spider.worker] [TIMING] task_id=ec079cee-6149-400b-89b0-b6d3fb0a0739 func=job_orchestration.executor.query.spider_search_task.search_without_channel fetch_input_start=232205718 fetch_input_end=232205719 fetch_input_duration_ms=0
[2026-01-30 19:56:03.512] [info] [spider.worker] [TIMING] task_id=ec079cee-6149-400b-89b0-b6d3fb0a0739 func=job_orchestration.executor.query.spider_search_task.search_without_channel input_send_start=232205720 input_send_end=232205720 input_send_duration_ms=0 bytes=626
[2026-01-30 19:56:03.512] [info] [spider.worker] [TIMING] task_id=ec079cee-6149-400b-89b0-b6d3fb0a0739 func=job_orchestration.executor.query.spider_search_task.search_without_channel spawn_start=232205719 spawn_end=232205720 spawn_duration_ms=0
[2026-01-30 19:56:04.656] [info] [spider.worker] [TIMING] task_id=ec079cee-6149-400b-89b0-b6d3fb0a0739 func=job_orchestration.executor.query.spider_search_task.search_without_channel execution_start=232205720 execution_end=232206864 execution_duration_ms=1143
[2026-01-30 19:56:04.675] [info] [spider.worker] [TIMING] task_id=ec079cee-6149-400b-89b0-b6d3fb0a0739 func=job_orchestration.executor.query.spider_search_task.search_without_channel submit_output_start=232206866 submit_output_end=232206884 submit_output_duration_ms=17
[2026-01-30 19:56:04.694] [info] [spider.worker] [TIMING] task_id=c38fe78f-13a5-443a-b6a0-1d2a6b1366a8 func=job_orchestration.executor.query.spider_search_task.search_without_channel fetch_input_start=232206902 fetch_input_end=232206903 fetch_input_duration_ms=0
[2026-01-30 19:56:04.695] [info] [spider.worker] [TIMING] task_id=c38fe78f-13a5-443a-b6a0-1d2a6b1366a8 func=job_orchestration.executor.query.spider_search_task.search_without_channel input_send_start=232206903 input_send_end=232206903 input_send_duration_ms=0 bytes=626
[2026-01-30 19:56:04.695] [info] [spider.worker] [TIMING] task_id=c38fe78f-13a5-443a-b6a0-1d2a6b1366a8 func=job_orchestration.executor.query.spider_search_task.search_without_channel spawn_start=232206903 spawn_end=232206903 spawn_duration_ms=0
[2026-01-30 19:56:05.868] [info] [spider.worker] [TIMING] task_id=c38fe78f-13a5-443a-b6a0-1d2a6b1366a8 func=job_orchestration.executor.query.spider_search_task.search_without_channel execution_start=232206903 execution_end=232208076 execution_duration_ms=1172
[2026-01-30 19:56:05.901] [info] [spider.worker] [TIMING] task_id=c38fe78f-13a5-443a-b6a0-1d2a6b1366a8 func=job_orchestration.executor.query.spider_search_task.search_without_channel submit_output_start=232208078 submit_output_end=232208109 submit_output_duration_ms=31
[2026-01-30 19:56:05.979] [info] [spider.worker] [TIMING] task_id=dd1880fc-946e-43cb-abe7-c87182a5002a func=job_orchestration.executor.query.spider_search_task.search_without_channel fetch_input_start=232208186 fetch_input_end=232208187 fetch_input_duration_ms=1
[2026-01-30 19:56:05.979] [info] [spider.worker] [TIMING] task_id=dd1880fc-946e-43cb-abe7-c87182a5002a func=job_orchestration.executor.query.spider_search_task.search_without_channel input_send_start=232208188 input_send_end=232208188 input_send_duration_ms=0 bytes=626
[2026-01-30 19:56:05.979] [info] [spider.worker] [TIMING] task_id=dd1880fc-946e-43cb-abe7-c87182a5002a func=job_orchestration.executor.query.spider_search_task.search_without_channel spawn_start=232208187 spawn_end=232208188 spawn_duration_ms=0
[2026-01-30 19:56:07.205] [info] [spider.worker] [TIMING] task_id=dd1880fc-946e-43cb-abe7-c87182a5002a func=job_orchestration.executor.query.spider_search_task.search_without_channel execution_start=232208188 execution_end=232209413 execution_duration_ms=1225
[2026-01-30 19:56:07.888] [info] [spider.worker] [TIMING] task_id=dd1880fc-946e-43cb-abe7-c87182a5002a func=job_orchestration.executor.query.spider_search_task.search_without_channel submit_output_start=232209597 submit_output_end=232210097 submit_output_duration_ms=499
[2026-01-30 19:56:08.025] [info] [spider.worker] [TIMING] task_id=35728b33-b775-46b8-be92-bc9dcf77e5aa func=job_orchestration.executor.query.spider_search_task.search_without_channel fetch_input_start=232210232 fetch_input_end=232210233 fetch_input_duration_ms=0
[2026-01-30 19:56:08.025] [info] [spider.worker] [TIMING] task_id=35728b33-b775-46b8-be92-bc9dcf77e5aa func=job_orchestration.executor.query.spider_search_task.search_without_channel input_send_start=232210233 input_send_end=232210233 input_send_duration_ms=0 bytes=626
[2026-01-30 19:56:08.025] [info] [spider.worker] [TIMING] task_id=35728b33-b775-46b8-be92-bc9dcf77e5aa func=job_orchestration.executor.query.spider_search_task.search_without_channel spawn_start=232210233 spawn_end=232210233 spawn_duration_ms=0
[2026-01-30 19:56:09.227] [info] [spider.worker] [TIMING] task_id=35728b33-b775-46b8-be92-bc9dcf77e5aa func=job_orchestration.executor.query.spider_search_task.search_without_channel execution_start=232210234 execution_end=232211435 execution_duration_ms=1201
[2026-01-30 19:56:09.268] [info] [spider.worker] [TIMING] task_id=35728b33-b775-46b8-be92-bc9dcf77e5aa func=job_orchestration.executor.query.spider_search_task.search_without_channel submit_output_start=232211437 submit_output_end=232211476 submit_output_duration_ms=39
[2026-01-30 19:56:09.312] [info] [spider.worker] [TIMING] task_id=0bbfe3ff-1d3f-4ac4-8c53-6b7f765b94c0 func=job_orchestration.executor.query.spider_search_task.search_without_channel fetch_input_start=232211519 fetch_input_end=232211520 fetch_input_duration_ms=0
[2026-01-30 19:56:09.312] [info] [spider.worker] [TIMING] task_id=0bbfe3ff-1d3f-4ac4-8c53-6b7f765b94c0 func=job_orchestration.executor.query.spider_search_task.search_without_channel input_send_start=232211521 input_send_end=232211521 input_send_duration_ms=0 bytes=626
[2026-01-30 19:56:09.312] [info] [spider.worker] [TIMING] task_id=0bbfe3ff-1d3f-4ac4-8c53-6b7f765b94c0 func=job_orchestration.executor.query.spider_search_task.search_without_channel spawn_start=232211520 spawn_end=232211521 spawn_duration_ms=0
[2026-01-30 19:56:10.424] [info] [spider.worker] [TIMING] task_id=0bbfe3ff-1d3f-4ac4-8c53-6b7f765b94c0 func=job_orchestration.executor.query.spider_search_task.search_without_channel execution_start=232211521 execution_end=232212632 execution_duration_ms=1111
[2026-01-30 19:56:10.443] [info] [spider.worker] [TIMING] task_id=0bbfe3ff-1d3f-4ac4-8c53-6b7f765b94c0 func=job_orchestration.executor.query.spider_search_task.search_without_channel submit_output_start=232212634 submit_output_end=232212652 submit_output_duration_ms=17
[2026-01-30 19:56:10.463] [info] [spider.worker] [TIMING] task_id=1871df16-cf8b-4934-86b7-60425ffbfac3 func=job_orchestration.executor.query.spider_search_task.search_without_channel fetch_input_start=232212670 fetch_input_end=232212671 fetch_input_duration_ms=1
[2026-01-30 19:56:10.464] [info] [spider.worker] [TIMING] task_id=1871df16-cf8b-4934-86b7-60425ffbfac3 func=job_orchestration.executor.query.spider_search_task.search_without_channel input_send_start=232212672 input_send_end=232212672 input_send_duration_ms=0 bytes=626
[2026-01-30 19:56:10.464] [info] [spider.worker] [TIMING] task_id=1871df16-cf8b-4934-86b7-60425ffbfac3 func=job_orchestration.executor.query.spider_search_task.search_without_channel spawn_start=232212671 spawn_end=232212672 spawn_duration_ms=0
[2026-01-30 19:56:11.586] [info] [spider.worker] [TIMING] task_id=1871df16-cf8b-4934-86b7-60425ffbfac3 func=job_orchestration.executor.query.spider_search_task.search_without_channel execution_start=232212672 execution_end=232213794 execution_duration_ms=1121
[2026-01-30 19:56:11.611] [info] [spider.worker] [TIMING] task_id=1871df16-cf8b-4934-86b7-60425ffbfac3 func=job_orchestration.executor.query.spider_search_task.search_without_channel submit_output_start=232213796 submit_output_end=232213819 submit_output_duration_ms=22
[2026-01-30 19:56:11.647] [info] [spider.worker] [TIMING] task_id=f67f8d30-18cc-4d4f-8a93-5c5d2e352e1c func=job_orchestration.executor.query.spider_search_task.search_without_channel fetch_input_start=232213854 fetch_input_end=232213855 fetch_input_duration_ms=0
[2026-01-30 19:56:11.647] [info] [spider.worker] [TIMING] task_id=f67f8d30-18cc-4d4f-8a93-5c5d2e352e1c func=job_orchestration.executor.query.spider_search_task.search_without_channel input_send_start=232213855 input_send_end=232213855 input_send_duration_ms=0 bytes=626
[2026-01-30 19:56:11.647] [info] [spider.worker] [TIMING] task_id=f67f8d30-18cc-4d4f-8a93-5c5d2e352e1c func=job_orchestration.executor.query.spider_search_task.search_without_channel spawn_start=232213855 spawn_end=232213855 spawn_duration_ms=0
[2026-01-30 19:56:12.845] [info] [spider.worker] [TIMING] task_id=f67f8d30-18cc-4d4f-8a93-5c5d2e352e1c func=job_orchestration.executor.query.spider_search_task.search_without_channel execution_start=232213856 execution_end=232215054 execution_duration_ms=1198
[2026-01-30 19:56:12.868] [info] [spider.worker] [TIMING] task_id=f67f8d30-18cc-4d4f-8a93-5c5d2e352e1c func=job_orchestration.executor.query.spider_search_task.search_without_channel submit_output_start=232215056 submit_output_end=232215077 submit_output_duration_ms=20
[2026-01-30 19:56:12.910] [info] [spider.worker] [TIMING] task_id=237af0b1-1863-4cd8-a5ef-747309b4421c func=job_orchestration.executor.query.spider_search_task.search_without_channel fetch_input_start=232215117 fetch_input_end=232215119 fetch_input_duration_ms=1
[2026-01-30 19:56:12.911] [info] [spider.worker] [TIMING] task_id=237af0b1-1863-4cd8-a5ef-747309b4421c func=job_orchestration.executor.query.spider_search_task.search_without_channel input_send_start=232215119 input_send_end=232215119 input_send_duration_ms=0 bytes=626
[2026-01-30 19:56:12.911] [info] [spider.worker] [TIMING] task_id=237af0b1-1863-4cd8-a5ef-747309b4421c func=job_orchestration.executor.query.spider_search_task.search_without_channel spawn_start=232215119 spawn_end=232215119 spawn_duration_ms=0
[2026-01-30 19:56:14.225] [info] [spider.worker] [TIMING] task_id=237af0b1-1863-4cd8-a5ef-747309b4421c func=job_orchestration.executor.query.spider_search_task.search_without_channel execution_start=232215120 execution_end=232216433 execution_duration_ms=1313
[2026-01-30 19:56:14.244] [info] [spider.worker] [TIMING] task_id=237af0b1-1863-4cd8-a5ef-747309b4421c func=job_orchestration.executor.query.spider_search_task.search_without_channel submit_output_start=232216435 submit_output_end=232216452 submit_output_duration_ms=17
[2026-01-30 19:56:14.280] [info] [spider.worker] [TIMING] task_id=f05c97c3-45fb-409d-aa06-f4d985ea796e func=job_orchestration.executor.query.spider_search_task.search_without_channel fetch_input_start=232216487 fetch_input_end=232216488 fetch_input_duration_ms=0
[2026-01-30 19:56:14.280] [info] [spider.worker] [TIMING] task_id=f05c97c3-45fb-409d-aa06-f4d985ea796e func=job_orchestration.executor.query.spider_search_task.search_without_channel input_send_start=232216489 input_send_end=232216489 input_send_duration_ms=0 bytes=626
[2026-01-30 19:56:14.280] [info] [spider.worker] [TIMING] task_id=f05c97c3-45fb-409d-aa06-f4d985ea796e func=job_orchestration.executor.query.spider_search_task.search_without_channel spawn_start=232216488 spawn_end=232216489 spawn_duration_ms=0
[2026-01-30 19:56:15.714] [info] [spider.worker] [TIMING] task_id=f05c97c3-45fb-409d-aa06-f4d985ea796e func=job_orchestration.executor.query.spider_search_task.search_without_channel execution_start=232216489 execution_end=232217922 execution_duration_ms=1433
[2026-01-30 19:56:15.761] [info] [spider.worker] [TIMING] task_id=f05c97c3-45fb-409d-aa06-f4d985ea796e func=job_orchestration.executor.query.spider_search_task.search_without_channel submit_output_start=232217924 submit_output_end=232217970 submit_output_duration_ms=45
[2026-01-30 19:56:15.824] [info] [spider.worker] [TIMING] task_id=20a34d77-b464-4b64-9311-92bf2294193b func=job_orchestration.executor.query.spider_search_task.search_without_channel fetch_input_start=232218031 fetch_input_end=232218032 fetch_input_duration_ms=0
[2026-01-30 19:56:15.824] [info] [spider.worker] [TIMING] task_id=20a34d77-b464-4b64-9311-92bf2294193b func=job_orchestration.executor.query.spider_search_task.search_without_channel input_send_start=232218033 input_send_end=232218033 input_send_duration_ms=0 bytes=626
[2026-01-30 19:56:15.825] [info] [spider.worker] [TIMING] task_id=20a34d77-b464-4b64-9311-92bf2294193b func=job_orchestration.executor.query.spider_search_task.search_without_channel spawn_start=232218032 spawn_end=232218033 spawn_duration_ms=0
[2026-01-30 19:56:17.001] [info] [spider.worker] [TIMING] task_id=20a34d77-b464-4b64-9311-92bf2294193b func=job_orchestration.executor.query.spider_search_task.search_without_channel execution_start=232218033 execution_end=232219209 execution_duration_ms=1175
[2026-01-30 19:56:17.029] [info] [spider.worker] [TIMING] task_id=20a34d77-b464-4b64-9311-92bf2294193b func=job_orchestration.executor.query.spider_search_task.search_without_channel submit_output_start=232219216 submit_output_end=232219237 submit_output_duration_ms=20
[2026-01-30 19:56:17.049] [info] [spider.worker] [TIMING] task_id=111c168a-ec18-4dfb-887f-ba25edc2f3e5 func=job_orchestration.executor.query.spider_search_task.search_without_channel fetch_input_start=232219256 fetch_input_end=232219257 fetch_input_duration_ms=1
[2026-01-30 19:56:17.049] [info] [spider.worker] [TIMING] task_id=111c168a-ec18-4dfb-887f-ba25edc2f3e5 func=job_orchestration.executor.query.spider_search_task.search_without_channel input_send_start=232219257 input_send_end=232219257 input_send_duration_ms=0 bytes=626
[2026-01-30 19:56:17.049] [info] [spider.worker] [TIMING] task_id=111c168a-ec18-4dfb-887f-ba25edc2f3e5 func=job_orchestration.executor.query.spider_search_task.search_without_channel spawn_start=232219257 spawn_end=232219258 spawn_duration_ms=0
[2026-01-30 19:56:18.504] [info] [spider.worker] [TIMING] task_id=111c168a-ec18-4dfb-887f-ba25edc2f3e5 func=job_orchestration.executor.query.spider_search_task.search_without_channel execution_start=232219258 execution_end=232220713 execution_duration_ms=1454
[2026-01-30 19:56:18.537] [info] [spider.worker] [TIMING] task_id=111c168a-ec18-4dfb-887f-ba25edc2f3e5 func=job_orchestration.executor.query.spider_search_task.search_without_channel submit_output_start=232220714 submit_output_end=232220746 submit_output_duration_ms=31
[2026-01-30 19:56:18.557] [info] [spider.worker] [TIMING] task_id=ff4c74e1-8d64-4fa4-8d74-2968e5010031 func=job_orchestration.executor.query.spider_search_task.search_without_channel fetch_input_start=232220764 fetch_input_end=232220765 fetch_input_duration_ms=0
[2026-01-30 19:56:18.557] [info] [spider.worker] [TIMING] task_id=ff4c74e1-8d64-4fa4-8d74-2968e5010031 func=job_orchestration.executor.query.spider_search_task.search_without_channel input_send_start=232220766 input_send_end=232220766 input_send_duration_ms=0 bytes=626
[2026-01-30 19:56:18.557] [info] [spider.worker] [TIMING] task_id=ff4c74e1-8d64-4fa4-8d74-2968e5010031 func=job_orchestration.executor.query.spider_search_task.search_without_channel spawn_start=232220765 spawn_end=232220766 spawn_duration_ms=0
[2026-01-30 19:56:19.769] [info] [spider.worker] [TIMING] task_id=ff4c74e1-8d64-4fa4-8d74-2968e5010031 func=job_orchestration.executor.query.spider_search_task.search_without_channel execution_start=232220766 execution_end=232221977 execution_duration_ms=1211
[2026-01-30 19:56:19.823] [info] [spider.worker] [TIMING] task_id=ff4c74e1-8d64-4fa4-8d74-2968e5010031 func=job_orchestration.executor.query.spider_search_task.search_without_channel submit_output_start=232221990 submit_output_end=232222032 submit_output_duration_ms=41
[2026-01-30 19:56:19.882] [info] [spider.worker] [TIMING] task_id=357d7eec-be18-445e-b7e1-e193063b036d func=job_orchestration.executor.query.spider_search_task.search_without_channel fetch_input_start=232222090 fetch_input_end=232222090 fetch_input_duration_ms=0
[2026-01-30 19:56:19.882] [info] [spider.worker] [TIMING] task_id=357d7eec-be18-445e-b7e1-e193063b036d func=job_orchestration.executor.query.spider_search_task.search_without_channel input_send_start=232222091 input_send_end=232222091 input_send_duration_ms=0 bytes=626
[2026-01-30 19:56:19.882] [info] [spider.worker] [TIMING] task_id=357d7eec-be18-445e-b7e1-e193063b036d func=job_orchestration.executor.query.spider_search_task.search_without_channel spawn_start=232222090 spawn_end=232222091 spawn_duration_ms=0
[2026-01-30 19:56:21.008] [info] [spider.worker] [TIMING] task_id=357d7eec-be18-445e-b7e1-e193063b036d func=job_orchestration.executor.query.spider_search_task.search_without_channel execution_start=232222091 execution_end=232223216 execution_duration_ms=1124
[2026-01-30 19:56:21.046] [info] [spider.worker] [TIMING] task_id=357d7eec-be18-445e-b7e1-e193063b036d func=job_orchestration.executor.query.spider_search_task.search_without_channel submit_output_start=232223218 submit_output_end=232223254 submit_output_duration_ms=36
[2026-01-30 19:56:21.083] [info] [spider.worker] [TIMING] task_id=7b1c701b-c6f8-4a8f-a0ce-df73541a391c func=job_orchestration.executor.query.spider_search_task.search_without_channel fetch_input_start=232223290 fetch_input_end=232223291 fetch_input_duration_ms=1
[2026-01-30 19:56:21.083] [info] [spider.worker] [TIMING] task_id=7b1c701b-c6f8-4a8f-a0ce-df73541a391c func=job_orchestration.executor.query.spider_search_task.search_without_channel input_send_start=232223292 input_send_end=232223292 input_send_duration_ms=0 bytes=626
[2026-01-30 19:56:21.083] [info] [spider.worker] [TIMING] task_id=7b1c701b-c6f8-4a8f-a0ce-df73541a391c func=job_orchestration.executor.query.spider_search_task.search_without_channel spawn_start=232223291 spawn_end=232223292 spawn_duration_ms=0
[2026-01-30 19:56:22.195] [info] [spider.worker] [TIMING] task_id=7b1c701b-c6f8-4a8f-a0ce-df73541a391c func=job_orchestration.executor.query.spider_search_task.search_without_channel execution_start=232223292 execution_end=232224403 execution_duration_ms=1111
[2026-01-30 19:56:22.205] [info] [spider.worker] [TIMING] task_id=7b1c701b-c6f8-4a8f-a0ce-df73541a391c func=job_orchestration.executor.query.spider_search_task.search_without_channel submit_output_start=232224405 submit_output_end=232224413 submit_output_duration_ms=7
[2026-01-30 19:56:22.215] [info] [spider.worker] [TIMING] task_id=16e5cdbc-48e9-43b8-97cc-0ed9a22d9962 func=job_orchestration.executor.query.spider_search_task.search_without_channel fetch_input_start=232224423 fetch_input_end=232224424 fetch_input_duration_ms=0
[2026-01-30 19:56:22.216] [info] [spider.worker] [TIMING] task_id=16e5cdbc-48e9-43b8-97cc-0ed9a22d9962 func=job_orchestration.executor.query.spider_search_task.search_without_channel input_send_start=232224424 input_send_