[2026-01-30 19:54:16.415] [warning] [spider.worker] Prefer using `SPIDER_STORAGE_URL` environment variable over `--storage_url` argument.
[2026-01-30 19:55:08.643] [info] [spider.worker] [TIMING] task_id=b073b3f8-a107-4abf-9d00-a0a00dbfdf5a func=job_orchestration.executor.query.spider_search_task.search_without_channel fetch_input_start=232150850 fetch_input_end=232150852 fetch_input_duration_ms=2
[2026-01-30 19:55:08.644] [info] [spider.worker] [TIMING] task_id=b073b3f8-a107-4abf-9d00-a0a00dbfdf5a func=job_orchestration.executor.query.spider_search_task.search_without_channel input_send_start=232150853 input_send_end=232150853 input_send_duration_ms=0 bytes=626
[2026-01-30 19:55:08.644] [info] [spider.worker] [TIMING] task_id=b073b3f8-a107-4abf-9d00-a0a00dbfdf5a func=job_orchestration.executor.query.spider_search_task.search_without_channel spawn_start=232150852 spawn_end=232150853 spawn_duration_ms=0
[2026-01-30 19:55:09.800] [info] [spider.worker] [TIMING] task_id=b073b3f8-a107-4abf-9d00-a0a00dbfdf5a func=job_orchestration.executor.query.spider_search_task.search_without_channel execution_start=232150853 execution_end=232152009 execution_duration_ms=1155
[2026-01-30 19:55:09.821] [info] [spider.worker] [TIMING] task_id=b073b3f8-a107-4abf-9d00-a0a00dbfdf5a func=job_orchestration.executor.query.spider_search_task.search_without_channel submit_output_start=232152010 submit_output_end=232152029 submit_output_duration_ms=19
[2026-01-30 19:55:09.841] [info] [spider.worker] [TIMING] task_id=0efcb62d-46a7-4b73-8114-c3b8ff5bb3da func=job_orchestration.executor.query.spider_search_task.search_without_channel fetch_input_start=232152048 fetch_input_end=232152049 fetch_input_duration_ms=1
[2026-01-30 19:55:09.841] [info] [spider.worker] [TIMING] task_id=0efcb62d-46a7-4b73-8114-c3b8ff5bb3da func=job_orchestration.executor.query.spider_search_task.search_without_channel input_send_start=232152050 input_send_end=232152050 input_send_duration_ms=0 bytes=626
[2026-01-30 19:55:09.842] [info] [spider.worker] [TIMING] task_id=0efcb62d-46a7-4b73-8114-c3b8ff5bb3da func=job_orchestration.executor.query.spider_search_task.search_without_channel spawn_start=232152049 spawn_end=232152050 spawn_duration_ms=0
[2026-01-30 19:55:11.050] [info] [spider.worker] [TIMING] task_id=0efcb62d-46a7-4b73-8114-c3b8ff5bb3da func=job_orchestration.executor.query.spider_search_task.search_without_channel execution_start=232152050 execution_end=232153258 execution_duration_ms=1207
[2026-01-30 19:55:11.088] [info] [spider.worker] [TIMING] task_id=0efcb62d-46a7-4b73-8114-c3b8ff5bb3da func=job_orchestration.executor.query.spider_search_task.search_without_channel submit_output_start=232153260 submit_output_end=232153296 submit_output_duration_ms=36
[2026-01-30 19:55:11.128] [info] [spider.worker] [TIMING] task_id=16a64fb3-b837-4746-a857-22e114880de2 func=job_orchestration.executor.query.spider_search_task.search_without_channel fetch_input_start=232153335 fetch_input_end=232153336 fetch_input_duration_ms=1
[2026-01-30 19:55:11.128] [info] [spider.worker] [TIMING] task_id=16a64fb3-b837-4746-a857-22e114880de2 func=job_orchestration.executor.query.spider_search_task.search_without_channel input_send_start=232153337 input_send_end=232153337 input_send_duration_ms=0 bytes=626
[2026-01-30 19:55:11.128] [info] [spider.worker] [TIMING] task_id=16a64fb3-b837-4746-a857-22e114880de2 func=job_orchestration.executor.query.spider_search_task.search_without_channel spawn_start=232153336 spawn_end=232153337 spawn_duration_ms=0
[2026-01-30 19:55:12.620] [info] [spider.worker] [TIMING] task_id=16a64fb3-b837-4746-a857-22e114880de2 func=job_orchestration.executor.query.spider_search_task.search_without_channel execution_start=232153337 execution_end=232154828 execution_duration_ms=1491
[2026-01-30 19:55:12.647] [info] [spider.worker] [TIMING] task_id=16a64fb3-b837-4746-a857-22e114880de2 func=job_orchestration.executor.query.spider_search_task.search_without_channel submit_output_start=232154830 submit_output_end=232154855 submit_output_duration_ms=25
[2026-01-30 19:55:12.666] [info] [spider.worker] [TIMING] task_id=e4eeea54-8571-4eb4-8c0d-ca8740c7fa1c func=job_orchestration.executor.query.spider_search_task.search_without_channel fetch_input_start=232154874 fetch_input_end=232154875 fetch_input_duration_ms=0
[2026-01-30 19:55:12.667] [info] [spider.worker] [TIMING] task_id=e4eeea54-8571-4eb4-8c0d-ca8740c7fa1c func=job_orchestration.executor.query.spider_search_task.search_without_channel input_send_start=232154875 input_send_end=232154875 input_send_duration_ms=0 bytes=626
[2026-01-30 19:55:12.667] [info] [spider.worker] [TIMING] task_id=e4eeea54-8571-4eb4-8c0d-ca8740c7fa1c func=job_orchestration.executor.query.spider_search_task.search_without_channel spawn_start=232154875 spawn_end=232154875 spawn_duration_ms=0
[2026-01-30 19:55:13.949] [info] [spider.worker] [TIMING] task_id=e4eeea54-8571-4eb4-8c0d-ca8740c7fa1c func=job_orchestration.executor.query.spider_search_task.search_without_channel execution_start=232154875 execution_end=232156158 execution_duration_ms=1282
[2026-01-30 19:55:13.964] [info] [spider.worker] [TIMING] task_id=e4eeea54-8571-4eb4-8c0d-ca8740c7fa1c func=job_orchestration.executor.query.spider_search_task.search_without_channel submit_output_start=232156159 submit_output_end=232156172 submit_output_duration_ms=13
[2026-01-30 19:55:13.983] [info] [spider.worker] [TIMING] task_id=de93f62b-1f45-4cd9-94d3-d419d817ad95 func=job_orchestration.executor.query.spider_search_task.search_without_channel fetch_input_start=232156191 fetch_input_end=232156192 fetch_input_duration_ms=0
[2026-01-30 19:55:13.984] [info] [spider.worker] [TIMING] task_id=de93f62b-1f45-4cd9-94d3-d419d817ad95 func=job_orchestration.executor.query.spider_search_task.search_without_channel input_send_start=232156192 input_send_end=232156192 input_send_duration_ms=0 bytes=626
[2026-01-30 19:55:13.984] [info] [spider.worker] [TIMING] task_id=de93f62b-1f45-4cd9-94d3-d419d817ad95 func=job_orchestration.executor.query.spider_search_task.search_without_channel spawn_start=232156192 spawn_end=232156192 spawn_duration_ms=0
[2026-01-30 19:55:15.430] [info] [spider.worker] [TIMING] task_id=de93f62b-1f45-4cd9-94d3-d419d817ad95 func=job_orchestration.executor.query.spider_search_task.search_without_channel execution_start=232156192 execution_end=232157639 execution_duration_ms=1446
[2026-01-30 19:55:15.469] [info] [spider.worker] [TIMING] task_id=de93f62b-1f45-4cd9-94d3-d419d817ad95 func=job_orchestration.executor.query.spider_search_task.search_without_channel submit_output_start=232157640 submit_output_end=232157678 submit_output_duration_ms=37
[2026-01-30 19:55:15.492] [info] [spider.worker] [TIMING] task_id=c2fe8bd3-b2b0-465c-925e-76857ebe3525 func=job_orchestration.executor.query.spider_search_task.search_without_channel fetch_input_start=232157699 fetch_input_end=232157700 fetch_input_duration_ms=1
[2026-01-30 19:55:15.492] [info] [spider.worker] [TIMING] task_id=c2fe8bd3-b2b0-465c-925e-76857ebe3525 func=job_orchestration.executor.query.spider_search_task.search_without_channel input_send_start=232157701 input_send_end=232157701 input_send_duration_ms=0 bytes=626
[2026-01-30 19:55:15.492] [info] [spider.worker] [TIMING] task_id=c2fe8bd3-b2b0-465c-925e-76857ebe3525 func=job_orchestration.executor.query.spider_search_task.search_without_channel spawn_start=232157700 spawn_end=232157701 spawn_duration_ms=0
[2026-01-30 19:55:16.685] [info] [spider.worker] [TIMING] task_id=c2fe8bd3-b2b0-465c-925e-76857ebe3525 func=job_orchestration.executor.query.spider_search_task.search_without_channel execution_start=232157701 execution_end=232158894 execution_duration_ms=1192
[2026-01-30 19:55:16.714] [info] [spider.worker] [TIMING] task_id=c2fe8bd3-b2b0-465c-925e-76857ebe3525 func=job_orchestration.executor.query.spider_search_task.search_without_channel submit_output_start=232158895 submit_output_end=232158923 submit_output_duration_ms=27
[2026-01-30 19:55:16.751] [info] [spider.worker] [TIMING] task_id=217e49ba-3a8d-4604-933e-e6b0848f52ce func=job_orchestration.executor.query.spider_search_task.search_without_channel fetch_input_start=232158958 fetch_input_end=232158959 fetch_input_duration_ms=0
[2026-01-30 19:55:16.751] [info] [spider.worker] [TIMING] task_id=217e49ba-3a8d-4604-933e-e6b0848f52ce func=job_orchestration.executor.query.spider_search_task.search_without_channel input_send_start=232158959 input_send_end=232158959 input_send_duration_ms=0 bytes=626
[2026-01-30 19:55:16.751] [info] [spider.worker] [TIMING] task_id=217e49ba-3a8d-4604-933e-e6b0848f52ce func=job_orchestration.executor.query.spider_search_task.search_without_channel spawn_start=232158959 spawn_end=232158959 spawn_duration_ms=0
[2026-01-30 19:55:18.053] [info] [spider.worker] [TIMING] task_id=217e49ba-3a8d-4604-933e-e6b0848f52ce func=job_orchestration.executor.query.spider_search_task.search_without_channel execution_start=232158960 execution_end=232160261 execution_duration_ms=1301
[2026-01-30 19:55:18.065] [info] [spider.worker] [TIMING] task_id=217e49ba-3a8d-4604-933e-e6b0848f52ce func=job_orchestration.executor.query.spider_search_task.search_without_channel submit_output_start=232160263 submit_output_end=232160273 submit_output_duration_ms=10
[2026-01-30 19:55:18.084] [info] [spider.worker] [TIMING] task_id=760a715c-f209-4f91-8444-004c34b5add1 func=job_orchestration.executor.query.spider_search_task.search_without_channel fetch_input_start=232160292 fetch_input_end=232160292 fetch_input_duration_ms=0
[2026-01-30 19:55:18.085] [info] [spider.worker] [TIMING] task_id=760a715c-f209-4f91-8444-004c34b5add1 func=job_orchestration.executor.query.spider_search_task.search_without_channel input_send_start=232160293 input_send_end=232160293 input_send_duration_ms=0 bytes=626
[2026-01-30 19:55:18.085] [info] [spider.worker] [TIMING] task_id=760a715c-f209-4f91-8444-004c34b5add1 func=job_orchestration.executor.query.spider_search_task.search_without_channel spawn_start=232160293 spawn_end=232160293 spawn_duration_ms=0
[2026-01-30 19:55:19.336] [info] [spider.worker] [TIMING] task_id=760a715c-f209-4f91-8444-004c34b5add1 func=job_orchestration.executor.query.spider_search_task.search_without_channel execution_start=232160293 execution_end=232161544 execution_duration_ms=1250
[2026-01-30 19:55:19.349] [info] [spider.worker] [TIMING] task_id=760a715c-f209-4f91-8444-004c34b5add1 func=job_orchestration.executor.query.spider_search_task.search_without_channel submit_output_start=232161546 submit_output_end=232161557 submit_output_duration_ms=10
[2026-01-30 19:55:19.368] [info] [spider.worker] [TIMING] task_id=e100f12e-1501-4e03-b62d-79a259b66b8e func=job_orchestration.executor.query.spider_search_task.search_without_channel fetch_input_start=232161575 fetch_input_end=232161576 fetch_input_duration_ms=0
[2026-01-30 19:55:19.368] [info] [spider.worker] [TIMING] task_id=e100f12e-1501-4e03-b62d-79a259b66b8e func=job_orchestration.executor.query.spider_search_task.search_without_channel input_send_start=232161577 input_send_end=232161577 input_send_duration_ms=0 bytes=626
[2026-01-30 19:55:19.369] [info] [spider.worker] [TIMING] task_id=e100f12e-1501-4e03-b62d-79a259b66b8e func=job_orchestration.executor.query.spider_search_task.search_without_channel spawn_start=232161576 spawn_end=232161577 spawn_duration_ms=0
[2026-01-30 19:55:20.544] [info] [spider.worker] [TIMING] task_id=e100f12e-1501-4e03-b62d-79a259b66b8e func=job_orchestration.executor.query.spider_search_task.search_without_channel execution_start=232161577 execution_end=232162752 execution_duration_ms=1175
[2026-01-30 19:55:20.574] [info] [spider.worker] [TIMING] task_id=e100f12e-1501-4e03-b62d-79a259b66b8e func=job_orchestration.executor.query.spider_search_task.search_without_channel submit_output_start=232162754 submit_output_end=232162782 submit_output_duration_ms=28
[2026-01-30 19:55:20.616] [info] [spider.worker] [TIMING] task_id=83d4ff98-e177-4d98-9d34-110dfd510853 func=job_orchestration.executor.query.spider_search_task.search_without_channel fetch_input_start=232162824 fetch_input_end=232162825 fetch_input_duration_ms=0
[2026-01-30 19:55:20.617] [info] [spider.worker] [TIMING] task_id=83d4ff98-e177-4d98-9d34-110dfd510853 func=job_orchestration.executor.query.spider_search_task.search_without_channel input_send_start=232162825 input_send_end=232162825 input_send_duration_ms=0 bytes=626
[2026-01-30 19:55:20.617] [info] [spider.worker] [TIMING] task_id=83d4ff98-e177-4d98-9d34-110dfd510853 func=job_orchestration.executor.query.spider_search_task.search_without_channel spawn_start=232162825 spawn_end=232162825 spawn_duration_ms=0
[2026-01-30 19:55:21.793] [info] [spider.worker] [TIMING] task_id=83d4ff98-e177-4d98-9d34-110dfd510853 func=job_orchestration.executor.query.spider_search_task.search_without_channel execution_start=232162825 execution_end=232164001 execution_duration_ms=1175
[2026-01-30 19:55:21.833] [info] [spider.worker] [TIMING] task_id=83d4ff98-e177-4d98-9d34-110dfd510853 func=job_orchestration.executor.query.spider_search_task.search_without_channel submit_output_start=232164008 submit_output_end=232164041 submit_output_duration_ms=32
[2026-01-30 19:55:21.869] [info] [spider.worker] [TIMING] task_id=e383297b-8f83-4797-aa56-f7a0c7414bd2 func=job_orchestration.executor.query.spider_search_task.search_without_channel fetch_input_start=232164076 fetch_input_end=232164077 fetch_input_duration_ms=0
[2026-01-30 19:55:21.869] [info] [spider.worker] [TIMING] task_id=e383297b-8f83-4797-aa56-f7a0c7414bd2 func=job_orchestration.executor.query.spider_search_task.search_without_channel input_send_start=232164077 input_send_end=232164077 input_send_duration_ms=0 bytes=626
[2026-01-30 19:55:21.869] [info] [spider.worker] [TIMING] task_id=e383297b-8f83-4797-aa56-f7a0c7414bd2 func=job_orchestration.executor.query.spider_search_task.search_without_channel spawn_start=232164077 spawn_end=232164078 spawn_duration_ms=0
[2026-01-30 19:55:23.068] [info] [spider.worker] [TIMING] task_id=e383297b-8f83-4797-aa56-f7a0c7414bd2 func=job_orchestration.executor.query.spider_search_task.search_without_channel execution_start=232164078 execution_end=232165276 execution_duration_ms=1198
[2026-01-30 19:55:23.074] [info] [spider.worker] [TIMING] task_id=e383297b-8f83-4797-aa56-f7a0c7414bd2 func=job_orchestration.executor.query.spider_search_task.search_without_channel submit_output_start=232165278 submit_output_end=232165283 submit_output_duration_ms=4
[2026-01-30 19:55:23.113] [info] [spider.worker] [TIMING] task_id=f4ac0012-4bad-4934-845f-60d14e5e6a4d func=job_orchestration.executor.query.spider_search_task.search_without_channel fetch_input_start=232165321 fetch_input_end=232165322 fetch_input_duration_ms=0
[2026-01-30 19:55:23.114] [info] [spider.worker] [TIMING] task_id=f4ac0012-4bad-4934-845f-60d14e5e6a4d func=job_orchestration.executor.query.spider_search_task.search_without_channel input_send_start=232165322 input_send_end=232165322 input_send_duration_ms=0 bytes=626
[2026-01-30 19:55:23.114] [info] [spider.worker] [TIMING] task_id=f4ac0012-4bad-4934-845f-60d14e5e6a4d func=job_orchestration.executor.query.spider_search_task.search_without_channel spawn_start=232165322 spawn_end=232165322 spawn_duration_ms=0
[2026-01-30 19:55:24.307] [info] [spider.worker] [TIMING] task_id=f4ac0012-4bad-4934-845f-60d14e5e6a4d func=job_orchestration.executor.query.spider_search_task.search_without_channel execution_start=232165322 execution_end=232166515 execution_duration_ms=1192
[2026-01-30 19:55:24.347] [info] [spider.worker] [TIMING] task_id=f4ac0012-4bad-4934-845f-60d14e5e6a4d func=job_orchestration.executor.query.spider_search_task.search_without_channel submit_output_start=232166516 submit_output_end=232166555 submit_output_duration_ms=38
[2026-01-30 19:55:24.393] [info] [spider.worker] [TIMING] task_id=24550521-7d68-445e-9fd3-66988153a1db func=job_orchestration.executor.query.spider_search_task.search_without_channel fetch_input_start=232166601 fetch_input_end=232166602 fetch_input_duration_ms=0
[2026-01-30 19:55:24.394] [info] [spider.worker] [TIMING] task_id=24550521-7d68-445e-9fd3-66988153a1db func=job_orchestration.executor.query.spider_search_task.search_without_channel input_send_start=232166602 input_send_end=232166602 input_send_duration_ms=0 bytes=626
[2026-01-30 19:55:24.394] [info] [spider.worker] [TIMING] task_id=24550521-7d68-445e-9fd3-66988153a1db func=job_orchestration.executor.query.spider_search_task.search_without_channel spawn_start=232166602 spawn_end=232166602 spawn_duration_ms=0
[2026-01-30 19:55:25.635] [info] [spider.worker] [TIMING] task_id=24550521-7d68-445e-9fd3-66988153a1db func=job_orchestration.executor.query.spider_search_task.search_without_channel execution_start=232166603 execution_end=232167843 execution_duration_ms=1240
[2026-01-30 19:55:25.699] [info] [spider.worker] [TIMING] task_id=24550521-7d68-445e-9fd3-66988153a1db func=job_orchestration.executor.query.spider_search_task.search_without_channel submit_output_start=232167858 submit_output_end=232167908 submit_output_duration_ms=49
[2026-01-30 19:55:25.735] [info] [spider.worker] [TIMING] task_id=355e01f9-3a60-419a-a34d-deb487bb25af func=job_orchestration.executor.query.spider_search_task.search_without_channel fetch_input_start=232167942 fetch_input_end=232167943 fetch_input_duration_ms=0
[2026-01-30 19:55:25.735] [info] [spider.worker] [TIMING] task_id=355e01f9-3a60-419a-a34d-deb487bb25af func=job_orchestration.executor.query.spider_search_task.search_without_channel input_send_start=232167944 input_send_end=232167944 input_send_duration_ms=0 bytes=626
[2026-01-30 19:55:25.735] [info] [spider.worker] [TIMING] task_id=355e01f9-3a60-419a-a34d-deb487bb25af func=job_orchestration.executor.query.spider_search_task.search_without_channel spawn_start=232167943 spawn_end=232167944 spawn_duration_ms=0
[2026-01-30 19:55:27.075] [info] [spider.worker] [TIMING] task_id=355e01f9-3a60-419a-a34d-deb487bb25af func=job_orchestration.executor.query.spider_search_task.search_without_channel execution_start=232167944 execution_end=232169284 execution_duration_ms=1339
[2026-01-30 19:55:27.100] [info] [spider.worker] [TIMING] task_id=355e01f9-3a60-419a-a34d-deb487bb25af func=job_orchestration.executor.query.spider_search_task.search_without_channel submit_output_start=232169286 submit_output_end=232169309 submit_output_duration_ms=22
[2026-01-30 19:55:27.137] [info] [spider.worker] [TIMING] task_id=7bb8c30b-e88b-4c02-8551-f8d217d69889 func=job_orchestration.executor.query.spider_search_task.search_without_channel fetch_input_start=232169345 fetch_input_end=232169346 fetch_input_duration_ms=0
[2026-01-30 19:55:27.138] [info] [spider.worker] [TIMING] task_id=7bb8c30b-e88b-4c02-8551-f8d217d69889 func=job_orchestration.executor.query.spider_search_task.search_without_channel input_send_start=232169346 input_send_end=232169346 input_send_duration_ms=0 bytes=626
[2026-01-30 19:55:27.138] [info] [spider.worker] [TIMING] task_id=7bb8c30b-e88b-4c02-8551-f8d217d69889 func=job_orchestration.executor.query.spider_search_task.search_without_channel spawn_start=232169346 spawn_end=232169346 spawn_duration_ms=0
[2026-01-30 19:55:28.370] [info] [spider.worker] [TIMING] task_id=7bb8c30b-e88b-4c02-8551-f8d217d69889 func=job_orchestration.executor.query.spider_search_task.search_without_channel execution_start=232169346 execution_end=232170578 execution_duration_ms=1231
[2026-01-30 19:55:28.384] [info] [spider.worker] [TIMING] task_id=7bb8c30b-e88b-4c02-8551-f8d217d69889 func=job_orchestration.executor.query.spider_search_task.search_without_channel submit_output_start=232170580 submit_output_end=232170592 submit_output_duration_ms=12
[2026-01-30 19:55:28.425] [info] [spider.worker] [TIMING] task_id=026c0380-7bcb-4359-9768-90ccc4b56f52 func=job_orchestration.executor.query.spider_search_task.search_without_channel fetch_input_start=232170632 fetch_input_end=232170633 fetch_input_duration_ms=1
[2026-01-30 19:55:28.425] [info] [spider.worker] [TIMING] task_id=026c0380-7bcb-4359-9768-90ccc4b56f52 func=job_orchestration.executor.query.spider_search_task.search_without_channel input_send_start=232170634 input_send_end=232170634 input_send_duration_ms=0 bytes=626
[2026-01-30 19:55:28.425] [info] [spider.worker] [TIMING] task_id=026c0380-7bcb-4359-9768-90ccc4b56f52 func=job_orchestration.executor.query.spider_search_task.search_without_channel spawn_start=232170633 spawn_end=232170634 spawn_duration_ms=0
[2026-01-30 19:55:29.713] [info] [spider.worker] [TIMING] task_id=026c0380-7bcb-4359-9768-90ccc4b56f52 func=job_orchestration.executor.query.spider_search_task.search_without_channel execution_start=232170634 execution_end=232171922 execution_duration_ms=1287
[2026-01-30 19:55:29.742] [info] [spider.worker] [TIMING] task_id=026c0380-7bcb-4359-9768-90ccc4b56f52 func=job_orchestration.executor.query.spider_search_task.search_without_channel submit_output_start=232171923 submit_output_end=232171950 submit_output_duration_ms=26
[2026-01-30 19:55:29.761] [info] [spider.worker] [TIMING] task_id=4845628e-43e2-427c-94b1-da6743829af6 func=job_orchestration.executor.query.spider_search_task.search_without_channel fetch_input_start=232171969 fetch_input_end=232171970 fetch_input_duration_ms=0
[2026-01-30 19:55:29.762] [info] [spider.worker] [TIMING] task_id=4845628e-43e2-427c-94b1-da6743829af6 func=job_orchestration.executor.query.spider_search_task.search_without_channel input_send_start=232171970 input_send_end=232171970 input_send_duration_ms=0 bytes=626
[2026-01-30 19:55:29.762] [info] [spider.worker] [TIMING] task_id=4845628e-43e2-427c-94b1-da6743829af6 func=job_orchestration.executor.query.spider_search_task.search_without_channel spawn_start=232171970 spawn_end=232171970 spawn_duration_ms=0
[2026-01-30 19:55:30.900] [info] [spider.worker] [TIMING] task_id=4845628e-43e2-427c-94b1-da6743829af6 func=job_orchestration.executor.query.spider_search_task.search_without_channel execution_start=232171970 execution_end=232173108 execution_duration_ms=1137
[2026-01-30 19:55:30.952] [info] [spider.worker] [TIMING] task_id=4845628e-43e2-427c-94b1-da6743829af6 func=job_orchestration.executor.query.spider_search_task.search_without_channel submit_output_start=232173109 submit_output_end=232173160 submit_output_duration_ms=50
[2026-01-30 19:55:30.970] [info] [spider.worker] [TIMING] task_id=37f498ee-cd98-4774-a675-42c6d1f680ec func=job_orchestration.executor.query.spider_search_task.search_without_channel fetch_input_start=232173178 fetch_input_end=232173179 fetch_input_duration_ms=0
[2026-01-30 19:55:30.971] [info] [spider.worker] [TIMING] task_id=37f498ee-cd98-4774-a675-42c6d1f680ec func=job_orchestration.executor.query.spider_search_task.search_without_channel input_send_start=232173179 input_send_end=232173179 input_send_duration_ms=0 bytes=626
[2026-01-30 19:55:30.971] [info] [spider.worker] [TIMING] task_id=37f498ee-cd98-4774-a675-42c6d1f680ec func=job_orchestration.executor.query.spider_search_task.search_without_channel spawn_start=232173179 spawn_end=232173179 spawn_duration_ms=0
[2026-01-30 19:55:32.251] [info] [spider.worker] [TIMING] task_id=37f498ee-cd98-4774-a675-42c6d1f680ec func=job_orchestration.executor.query.spider_search_task.search_without_channel execution_start=232173179 execution_end=232174459 execution_duration_ms=1279
[2026-01-30 19:55:32.268] [info] [spider.worker] [TIMING] task_id=37f498ee-cd98-4774-a675-42c6d1f680ec func=job_orchestration.executor.query.spider_search_task.search_without_channel submit_output_start=232174461 submit_output_end=232174476 submit_output_duration_ms=15
[2026-01-30 19:55:32.307] [info] [spider.worker] [TIMING] task_id=7f22d621-f527-434d-bc7f-431570b93585 func=job_orchestration.executor.query.spider_search_task.search_without_channel fetch_input_start=232174514 fetch_input_end=232174515 fetch_input_duration_ms=0
[2026-01-30 19:55:32.307] [info] [spider.worker] [TIMING] task_id=7f22d621-f527-434d-bc7f-431570b93585 func=job_orchestration.executor.query.spider_search_task.search_without_channel input_send_start=232174515 input_send_end=232174516 input_send_duration_ms=0 bytes=626
[2026-01-30 19:55:32.307] [info] [spider.worker] [TIMING] task_id=7f22d621-f527-434d-bc7f-431570b93585 func=job_orchestration.executor.query.spider_search_task.search_without_channel spawn_start=232174515 spawn_end=232174516 spawn_duration_ms=0
[2026-01-30 19:55:33.489] [info] [spider.worker] [TIMING] task_id=7f22d621-f527-434d-bc7f-431570b93585 func=job_orchestration.executor.query.spider_search_task.search_without_channel execution_start=232174516 execution_end=232175698 execution_duration_ms=1181
[2026-01-30 19:55:33.524] [info] [spider.worker] [TIMING] task_id=7f22d621-f527-434d-bc7f-431570b93585 func=job_orchestration.executor.query.spider_search_task.search_without_channel submit_output_start=232175699 submit_output_end=232175732 submit_output_duration_ms=32
[2026-01-30 19:55:33.545] [info] [spider.worker] [TIMING] task_id=f0080643-d785-47d9-8e11-2151de5b49dd func=job_orchestration.executor.query.spider_search_task.search_without_channel fetch_input_start=232175753 fetch_input_end=232175753 fetch_input_duration_ms=0
[2026-01-30 19:55:33.546] [info] [spider.worker] [TIMING] task_id=f0080643-d785-47d9-8e11-2151de5b49dd func=job_orchestration.executor.query.spider_search_task.search_without_channel input_send_start=232175754 input_send_end=232175754 input_send_duration_ms=0 bytes=626
[2026-01-30 19:55:33.546] [info] [spider.worker] [TIMING] task_id=f0080643-d785-47d9-8e11-2151de5b49dd func=job_orchestration.executor.query.spider_search_task.search_without_channel spawn_start=232175754 spawn_end=232175754 spawn_duration_ms=0
[2026-01-30 19:55:34.840] [info] [spider.worker] [TIMING] task_id=f0080643-d785-47d9-8e11-2151de5b49dd func=job_orchestration.executor.query.spider_search_task.search_without_channel execution_start=232175754 execution_end=232177049 execution_duration_ms=1294
[2026-01-30 19:55:34.868] [info] [spider.worker] [TIMING] task_id=f0080643-d785-47d9-8e11-2151de5b49dd func=job_orchestration.executor.query.spider_search_task.search_without_channel submit_output_start=232177051 submit_output_end=232177076 submit_output_duration_ms=25
[2026-01-30 19:55:34.904] [info] [spider.worker] [TIMING] task_id=4aeec714-aeeb-4f2c-bef9-c3e633311843 func=job_orchestration.executor.query.spider_search_task.search_without_channel fetch_input_start=232177112 fetch_input_end=232177113 fetch_input_duration_ms=1
[2026-01-30 19:55:34.905] [info] [spider.worker] [TIMING] task_id=4aeec714-aeeb-4f2c-bef9-c3e633311843 func=job_orchestration.executor.query.spider_search_task.search_without_channel input_send_start=232177113 input_send_end=232177113 input_send_duration_ms=0 bytes=626
[2026-01-30 19:55:34.905] [info] [spider.worker] [TIMING] task_id=4aeec714-aeeb-4f2c-bef9-c3e633311843 func=job_orchestration.executor.query.spider_search_task.search_without_channel spawn_start=232177113 spawn_end=232177113 spawn_duration_ms=0
[2026-01-30 19:55:36.144] [info] [spider.worker] [TIMING] task_id=4aeec714-aeeb-4f2c-bef9-c3e633311843 func=job_orchestration.executor.query.spider_search_task.search_without_channel execution_start=232177113 execution_end=232178352 execution_duration_ms=1238
[2026-01-30 19:55:36.180] [info] [spider.worker] [TIMING] task_id=4aeec714-aeeb-4f2c-bef9-c3e633311843 func=job_orchestration.executor.query.spider_search_task.search_without_channel submit_output_start=232178354 submit_output_end=232178388 submit_output_duration_ms=33
[2026-01-30 19:55:36.204] [info] [spider.worker] [TIMING] task_id=4460208c-4dc1-492f-b133-195b8066b70d func=job_orchestration.executor.query.spider_search_task.search_without_channel fetch_input_start=232178412 fetch_input_end=232178413 fetch_input_duration_ms=0
[2026-01-30 19:55:36.205] [info] [spider.worker] [TIMING] task_id=4460208c-4dc1-492f-b133-195b8066b70d func=job_orchestration.executor.query.spider_search_task.search_without_channel input_send_start=232178413 input_send_end=232178413 input_send_duration_ms=0 bytes=626
[2026-01-30 19:55:36.205] [info] [spider.worker] [TIMING] task_id=4460208c-4dc1-492f-b133-195b8066b70d func=job_orchestration.executor.query.spider_search_task.search_without_channel spawn_start=232178413 spawn_end=232178413 spawn_duration_ms=0
[2026-01-30 19:55:37.310] [info] [spider.worker] [TIMING] task_id=4460208c-4dc1-492f-b133-195b8066b70d func=job_orchestration.executor.query.spider_search_task.search_without_channel execution_start=232178413 execution_end=232179519 execution_duration_ms=1105
[2026-01-30 19:55:37.319] [info] [spider.worker] [TIMING] task_id=4460208c-4dc1-492f-b133-195b8066b70d func=job_orchestration.executor.query.spider_search_task.search_without_channel submit_output_start=232179520 submit_output_end=232179527 submit_output_duration_ms=6
[2026-01-30 19:55:37.337] [info] [spider.worker] [TIMING] task_id=c4085692-7596-45ea-9349-8083e2e0470d func=job_orchestration.executor.query.spider_search_task.search_without_channel fetch_input_start=232179545 fetch_input_end=232179546 fetch_input_duration_ms=0
[2026-01-30 19:55:37.338] [info] [spider.worker] [TIMING] task_id=c4085692-7596-45ea-9349-8083e2e0470d func=job_orchestration.executor.query.spider_search_task.search_without_channel input_send_start=232179546 input_send_end=232179546 input_send_duration_ms=0 bytes=626
[2026-01-30 19:55:37.338] [info] [spider.worker] [TIMING] task_id=c4085692-7596-45ea-9349-8083e2e0470d func=job_orchestration.executor.query.spider_search_task.search_without_channel spawn_start=232179546 spawn_end=232179546 spawn_duration_ms=0
[2026-01-30 19:55:38.584] [info] [spider.worker] [TIMING] task_id=c4085692-7596-45ea-9349-8083e2e0470d func=job_orchestration.executor.query.spider_search_task.search_without_channel execution_start=232179546 execution_end=232180793 execution_duration_ms=1246
[2026-01-30 19:55:38.602] [info] [spider.worker] [TIMING] task_id=c4085692-7596-45ea-9349-8083e2e0470d func=job_orchestration.executor.query.spider_search_task.search_without_channel submit_output_start=232180794 submit_output_end=232180811 submit_output_duration_ms=16
[2026-01-30 19:55:38.639] [info] [spider.worker] [TIMING] task_id=3677d360-dd91-4690-bc17-76d3d45f1e97 func=job_orchestration.executor.query.spider_search_task.search_without_channel fetch_input_start=232180846 fetch_input_end=232180848 fetch_input_duration_ms=1
[2026-01-30 19:55:38.640] [info] [spider.worker] [TIMING] task_id=3677d360-dd91-4690-bc17-76d3d45f1e97 func=job_orchestration.executor.query.spider_search_task.search_without_channel input_send_start=232180848 input_send_end=232180848 input_send_duration_ms=0 bytes=626
[2026-01-30 19:55:38.640] [info] [spider.worker] [TIMING] task_id=3677d360-dd91-4690-bc17-76d3d45f1e97 func=job_orchestration.executor.query.spider_search_task.search_without_channel spawn_start=232180848 spawn_end=232180848 spawn_duration_ms=0
[2026-01-30 19:55:39.997] [info] [spider.worker] [TIMING] task_id=3677d360-dd91-4690-bc17-76d3d45f1e97 func=job_orchestration.executor.query.spider_search_task.search_without_channel execution_start=232180849 execution_end=232182206 execution_duration_ms=1357
[2026-01-30 19:55:40.011] [info] [spider.worker] [TIMING] task_id=3677d360-dd91-4690-bc17-76d3d45f1e97 func=job_orchestration.executor.query.spider_search_task.search_without_channel submit_output_start=232182207 submit_output_end=232182219 submit_output_duration_ms=11
[2026-01-30 19:55:40.050] [info] [spider.worker] [TIMING] task_id=5b6d2566-d38a-4753-a4d6-6f4b7dbceaac func=job_orchestration.executor.query.spider_search_task.search_without_channel fetch_input_start=232182257 fetch_input_end=232182258 fetch_input_duration_ms=0
[2026-01-30 19:55:40.050] [info] [spider.worker] [TIMING] task_id=5b6d2566-d38a-4753-a4d6-6f4b7dbceaac func=job_orchestration.executor.query.spider_search_task.search_without_channel input_send_start=232182259 input_send_end=232182259 input_send_duration_ms=0 bytes=626
[2026-01-30 19:55:40.050] [info] [spider.worker] [TIMING] task_id=5b6d2566-d38a-4753-a4d6-6f4b7dbceaac func=job_orchestration.executor.query.spider_search_task.search_without_channel spawn_start=232182258 spawn_end=232182259 spawn_duration_ms=0
[2026-01-30 19:55:41.298] [info] [spider.worker] [TIMING] task_id=5b6d2566-d38a-4753-a4d6-6f4b7dbceaac func=job_orchestration.executor.query.spider_search_task.search_without_channel execution_start=232182259 execution_end=232183507 execution_duration_ms=1247
[2026-01-30 19:55:41.344] [info] [spider.worker] [TIMING] task_id=5b6d2566-d38a-4753-a4d6-6f4b7dbceaac func=job_orchestration.executor.query.spider_search_task.search_without_channel submit_output_start=232183509 submit_output_end=232183553 submit_output_duration_ms=44
[2026-01-30 19:55:41.363] [info] [spider.worker] [TIMING] task_id=4c61bc53-b1b3-4d3a-b9da-832e5126efd0 func=job_orchestration.executor.query.spider_search_task.search_without_channel fetch_input_start=232183571 fetch_input_end=232183572 fetch_input_duration_ms=0
[2026-01-30 19:55:41.364] [info] [spider.worker] [TIMING] task_id=4c61bc53-b1b3-4d3a-b9da-832e5126efd0 func=job_orchestration.executor.query.spider_search_task.search_without_channel input_send_start=232183572 input_send_end=232183572 input_send_duration_ms=0 bytes=626
[2026-01-30 19:55:41.364] [info] [spider.worker] [TIMING] task_id=4c61bc53-b1b3-4d3a-b9da-832e5126efd0 func=job_orchestration.executor.query.spider_search_task.search_without_channel spawn_start=232183572 spawn_end=232183572 spawn_duration_ms=0
[2026-01-30 19:55:42.508] [info] [spider.worker] [TIMING] task_id=4c61bc53-b1b3-4d3a-b9da-832e5126efd0 func=job_orchestration.executor.query.spider_search_task.search_without_channel execution_start=232183572 execution_end=232184716 execution_duration_ms=1144
[2026-01-30 19:55:42.537] [info] [spider.worker] [TIMING] task_id=4c61bc53-b1b3-4d3a-b9da-832e5126efd0 func=job_orchestration.executor.query.spider_search_task.search_without_channel submit_output_start=232184718 submit_output_end=232184745 submit_output_duration_ms=27
[2026-01-30 19:55:42.556] [info] [spider.worker] [TIMING] task_id=c759a562-f7ac-4e77-8e10-984bff9fd4c6 func=job_orchestration.executor.query.spider_search_task.search_without_channel fetch_input_start=232184763 fetch_input_end=232184764 fetch_input_duration_ms=1
[2026-01-30 19:55:42.556] [info] [spider.worker] [TIMING] task_id=c759a562-f7ac-4e77-8e10-984bff9fd4c6 func=job_orchestration.executor.query.spider_search_task.search_without_channel input_send_start=232184765 input_send_end=232184765 input_send_duration_ms=0 bytes=626
[2026-01-30 19:55:42.556] [info] [spider.worker] [TIMING] task_id=c759a562-f7ac-4e77-8e10-984bff9fd4c6 func=job_orchestration.executor.query.spider_search_task.search_without_channel spawn_start=232184764 spawn_end=232184765 spawn_duration_ms=0
[2026-01-30 19:55:43.750] [info] [spider.worker] [TIMING] task_id=c759a562-f7ac-4e77-8e10-984bff9fd4c6 func=job_orchestration.executor.query.spider_search_task.search_without_channel execution_start=232184765 execution_end=232185958 execution_duration_ms=1193
[2026-01-30 19:55:43.761] [info] [spider.worker] [TIMING] task_id=c759a562-f7ac-4e77-8e10-984bff9fd4c6 func=job_orchestration.executor.query.spider_search_task.search_without_channel submit_output_start=232185960 submit_output_end=232185970 submit_output_duration_ms=9
[2026-01-30 19:55:43.782] [info] [spider.worker] [TIMING] task_id=3973e168-c4e8-443a-9dee-6591934b14e5 func=job_orchestration.executor.query.spider_search_task.search_without_channel fetch_input_start=232185989 fetch_input_end=232185990 fetch_input_duration_ms=1
[2026-01-30 19:55:43.782] [info] [spider.worker] [TIMING] task_id=3973e168-c4e8-443a-9dee-6591934b14e5 func=job_orchestration.executor.query.spider_search_task.search_without_channel input_send_start=232185991 input_send_end=232185991 input_send_duration_ms=0 bytes=626
[2026-01-30 19:55:43.782] [info] [spider.worker] [TIMING] task_id=3973e168-c4e8-443a-9dee-6591934b14e5 func=job_orchestration.executor.query.spider_search_task.search_without_channel spawn_start=232185990 spawn_end=232185991 spawn_duration_ms=0
[2026-01-30 19:55:44.970] [info] [spider.worker] [TIMING] task_id=3973e168-c4e8-443a-9dee-6591934b14e5 func=job_orchestration.executor.query.spider_search_task.search_without_channel execution_start=232185991 execution_end=232187178 execution_duration_ms=1186
[2026-01-30 19:55:45.009] [info] [spider.worker] [TIMING] task_id=3973e168-c4e8-443a-9dee-6591934b14e5 func=job_orchestration.executor.query.spider_search_task.search_without_channel submit_output_start=232187180 submit_output_end=232187217 submit_output_duration_ms=37
[2026-01-30 19:55:45.032] [info] [spider.worker] [TIMING] task_id=98162a76-d342-4674-be84-3952786cd4e9 func=job_orchestration.executor.query.spider_search_task.search_without_channel fetch_input_start=232187239 fetch_input_end=232187240 fetch_input_duration_ms=1
[2026-01-30 19:55:45.032] [info] [spider.worker] [TIMING] task_id=98162a76-d342-4674-be84-3952786cd4e9 func=job_orchestration.executor.query.spider_search_task.search_without_channel input_send_start=232187241 input_send_end=232187241 input_send_duration_ms=0 bytes=626
[2026-01-30 19:55:45.032] [info] [spider.worker] [TIMING] task_id=98162a76-d342-4674-be84-3952786cd4e9 func=job_orchestration.executor.query.spider_search_task.search_without_channel spawn_start=232187240 spawn_end=232187241 spawn_duration_ms=0
[2026-01-30 19:55:46.198] [info] [spider.worker] [TIMING] task_id=98162a76-d342-4674-be84-3952786cd4e9 func=job_orchestration.executor.query.spider_search_task.search_without_channel execution_start=232187241 execution_end=232188406 execution_duration_ms=1165
[2026-01-30 19:55:46.212] [info] [spider.worker] [TIMING] task_id=98162a76-d342-4674-be84-3952786cd4e9 func=job_orchestration.executor.query.spider_search_task.search_without_channel submit_output_start=232188408 submit_output_end=232188420 submit_output_duration_ms=11
[2026-01-30 19:55:46.232] [info] [spider.worker] [TIMING] task_id=7c3ba7f6-5887-4ee4-877f-a2abc7e17b56 func=job_orchestration.executor.query.spider_search_task.search_without_channel fetch_input_start=232188439 fetch_input_end=232188440 fetch_input_duration_ms=0
[2026-01-30 19:55:46.232] [info] [spider.worker] [TIMING] task_id=7c3ba7f6-5887-4ee4-877f-a2abc7e17b56 func=job_orchestration.executor.query.spider_search_task.search_without_channel input_send_start=232188441 input_send_end=232188441 input_send_duration_ms=0 bytes=626
[2026-01-30 19:55:46.232] [info] [spider.worker] [TIMING] task_id=7c3ba7f6-5887-4ee4-877f-a2abc7e17b56 func=job_orchestration.executor.query.spider_search_task.search_without_channel spawn_start=232188440 spawn_end=232188441 spawn_duration_ms=0
[2026-01-30 19:55:47.533] [info] [spider.worker] [TIMING] task_id=7c3ba7f6-5887-4ee4-877f-a2abc7e17b56 func=job_orchestration.executor.query.spider_search_task.search_without_channel execution_start=232188441 execution_end=232189741 execution_duration_ms=1300
[2026-01-30 19:55:47.554] [info] [spider.worker] [TIMING] task_id=7c3ba7f6-5887-4ee4-877f-a2abc7e17b56 func=job_orchestration.executor.query.spider_search_task.search_without_channel submit_output_start=232189743 submit_output_end=232189762 submit_output_duration_ms=19
[2026-01-30 19:55:47.565] [info] [spider.worker] [TIMING] task_id=3146e967-541c-48ac-b708-a938bbbcfbe2 func=job_orchestration.executor.query.spider_search_task.search_without_channel fetch_input_start=232189772 fetch_input_end=232189773 fetch_input_duration_ms=0
[2026-01-30 19:55:47.565] [info] [spider.worker] [TIMING] task_id=3146e967-541c-48ac-b708-a938bbbcfbe2 func=job_orchestration.executor.query.spider_search_task.search_without_channel input_send_start=232189773 input_send_end=232189773 input_send_duration_ms=0 bytes=626
[2026-01-30 19:55:47.565] [info] [spider.worker] [TIMING] task_id=3146e967-541c-48ac-b708-a938bbbcfbe2 func=job_orchestration.executor.query.spider_search_task.search_without_channel spawn_start=232189773 spawn_end=232189773 spawn_duration_ms=0
[2026-01-30 19:55:48.902] [info] [spider.worker] [TIMING] task_id=3146e967-541c-48ac-b708-a938bbbcfbe2 func=job_orchestration.executor.query.spider_search_task.search_without_channel execution_start=232189773 execution_end=232191110 execution_duration_ms=1336
[2026-01-30 19:55:48.913] [info] [spider.worker] [TIMING] task_id=3146e967-541c-48ac-b708-a938bbbcfbe2 func=job_orchestration.executor.query.spider_search_task.search_without_channel submit_output_start=232191112 submit_output_end=232191121 submit_output_duration_ms=8
[2026-01-30 19:55:48.932] [info] [spider.worker] [TIMING] task_id=63305802-e74c-4d05-88f8-38f9faba2369 func=job_orchestration.executor.query.spider_search_task.search_without_channel fetch_input_start=232191140 fetch_input_end=232191141 fetch_input_duration_ms=0
[2026-01-30 19:55:48.933] [info] [spider.worker] [TIMING] task_id=63305802-e74c-4d05-88f8-38f9faba2369 func=job_orchestration.executor.query.spider_search_task.search_without_channel input_send_start=232191141 input_send_end=232191141 input_send_duration_ms=0 bytes=626
[2026-01-30 19:55:48.933] [info] [spider.worker] [TIMING] task_id=63305802-e74c-4d05-88f8-38f9faba2369 func=job_orchestration.executor.query.spider_search_task.search_without_channel spawn_start=232191141 spawn_end=232191141 spawn_duration_ms=0
[2026-01-30 19:55:50.053] [info] [spider.worker] [TIMING] task_id=63305802-e74c-4d05-88f8-38f9faba2369 func=job_orchestration.executor.query.spider_search_task.search_without_channel execution_start=232191141 execution_end=232192262 execution_duration_ms=1120
[2026-01-30 19:55:50.063] [info] [spider.worker] [TIMING] task_id=63305802-e74c-4d05-88f8-38f9faba2369 func=job_orchestration.executor.query.spider_search_task.search_without_channel submit_output_start=232192263 submit_output_end=232192271 submit_output_duration_ms=8
[2026-01-30 19:55:50.124] [info] [spider.worker] [TIMING] task_id=59c97336-c9e1-434e-a2e5-1f85c124dde6 func=job_orchestration.executor.query.spider_search_task.search_without_channel fetch_input_start=232192332 fetch_input_end=232192333 fetch_input_duration_ms=0
[2026-01-30 19:55:50.125] [info] [spider.worker] [TIMING] task_id=59c97336-c9e1-434e-a2e5-1f85c124dde6 func=job_orchestration.executor.query.spider_search_task.search_without_channel input_send_start=232192333 input_send_end=232192333 input_send_duration_ms=0 bytes=626
[2026-01-30 19:55:50.125] [info] [spider.worker] [TIMING] task_id=59c97336-c9e1-434e-a2e5-1f85c124dde6 func=job_orchestration.executor.query.spider_search_task.search_without_channel spawn_start=232192333 spawn_end=232192333 spawn_duration_ms=0
[2026-01-30 19:55:51.326] [info] [spider.worker] [TIMING] task_id=59c97336-c9e1-434e-a2e5-1f85c124dde6 func=job_orchestration.executor.query.spider_search_task.search_without_channel execution_start=232192333 execution_end=232193535 execution_duration_ms=1201
[2026-01-30 19:55:51.338] [info] [spider.worker] [TIMING] task_id=59c97336-c9e1-434e-a2e5-1f85c124dde6 func=job_orchestration.executor.query.spider_search_task.search_without_channel submit_output_start=232193536 submit_output_end=232193547 submit_output_duration_ms=10
[2026-01-30 19:55:51.377] [info] [spider.worker] [TIMING] task_id=c9bdaf05-0054-47f0-8cd5-1d2d76eca569 func=job_orchestration.executor.query.spider_search_task.search_without_channel fetch_input_start=232193585 fetch_input_end=232193586 fetch_input_duration_ms=1
[2026-01-30 19:55:51.378] [info] [spider.worker] [TIMING] task_id=c9bdaf05-0054-47f0-8cd5-1d2d76eca569 func=job_orchestration.executor.query.spider_search_task.search_without_channel input_send_start=232193586 input_send_end=232193586 input_send_duration_ms=0 bytes=626
[2026-01-30 19:55:51.378] [info] [spider.worker] [TIMING] task_id=c9bdaf05-0054-47f0-8cd5-1d2d76eca569 func=job_orchestration.executor.query.spider_search_task.search_without_channel spawn_start=232193586 spawn_end=232193586 spawn_duration_ms=0
[2026-01-30 19:55:52.700] [info] [spider.worker] [TIMING] task_id=c9bdaf05-0054-47f0-8cd5-1d2d76eca569 func=job_orchestration.executor.query.spider_search_task.search_without_channel execution_start=232193586 execution_end=232194908 execution_duration_ms=1321
[2026-01-30 19:55:52.722] [info] [spider.worker] [TIMING] task_id=c9bdaf05-0054-47f0-8cd5-1d2d76eca569 func=job_orchestration.executor.query.spider_search_task.search_without_channel submit_output_start=232194913 submit_output_end=232194930 submit_output_duration_ms=17
[2026-01-30 19:55:52.764] [info] [spider.worker] [TIMING] task_id=69d751e2-952d-4392-8420-18ae8ac10078 func=job_orchestration.executor.query.spider_search_task.search_without_channel fetch_input_start=232194971 fetch_input_end=232194972 fetch_input_duration_ms=0
[2026-01-30 19:55:52.764] [info] [spider.worker] [TIMING] task_id=69d751e2-952d-4392-8420-18ae8ac10078 func=job_orchestration.executor.query.spider_search_task.search_without_channel input_send_start=232194973 input_send_end=232194973 input_send_duration_ms=0 bytes=626
[2026-01-30 19:55:52.764] [info] [spider.worker] [TIMING] task_id=69d751e2-952d-4392-8420-18ae8ac10078 func=job_orchestration.executor.query.spider_search_task.search_without_channel spawn_start=232194972 spawn_end=232194973 spawn_duration_ms=0
[2026-01-30 19:55:53.863] [info] [spider.worker] [TIMING] task_id=69d751e2-952d-4392-8420-18ae8ac10078 func=job_orchestration.executor.query.spider_search_task.search_without_channel execution_start=232194973 execution_end=232196071 execution_duration_ms=1098
[2026-01-30 19:55:53.872] [info] [spider.worker] [TIMING] task_id=69d751e2-952d-4392-8420-18ae8ac10078 func=job_orchestration.executor.query.spider_search_task.search_without_channel submit_output_start=232196073 submit_output_end=232196081 submit_output_duration_ms=7
[2026-01-30 19:55:53.908] [info] [spider.worker] [TIMING] task_id=e6975c53-4c36-460f-8c18-49b44c15c4d5 func=job_orchestration.executor.query.spider_search_task.search_without_channel fetch_input_start=232196116 fetch_input_end=232196117 fetch_input_duration_ms=1
[2026-01-30 19:55:53.909] [info] [spider.worker] [TIMING] task_id=e6975c53-4c36-460f-8c18-49b44c15c4d5 func=job_orchestration.executor.query.spider_search_task.search_without_channel input_send_start=232196117 input_send_end=232196117 input_send_duration_ms=0 bytes=626
[2026-01-30 19:55:53.909] [info] [spider.worker] [TIMING] task_id=e6975c53-4c36-460f-8c18-49b44c15c4d5 func=job_orchestration.executor.query.spider_search_task.search_without_channel spawn_start=232196117 spawn_end=232196117 spawn_duration_ms=0
[2026-01-30 19:55:55.061] [info] [spider.worker] [TIMING] task_id=e6975c53-4c36-460f-8c18-49b44c15c4d5 func=job_orchestration.executor.query.spider_search_task.search_without_channel execution_start=232196117 execution_end=232197270 execution_duration_ms=1152
[2026-01-30 19:55:55.100] [info] [spider.worker] [TIMING] task_id=e6975c53-4c36-460f-8c18-49b44c15c4d5 func=job_orchestration.executor.query.spider_search_task.search_without_channel submit_output_start=232197271 submit_output_end=232197308 submit_output_duration_ms=36
[2026-01-30 19:55:55.117] [info] [spider.worker] [TIMING] task_id=0819f9ef-19fa-486d-bee1-a4d2b5dc635e func=job_orchestration.executor.query.spider_search_task.search_without_channel fetch_input_start=232197325 fetch_input_end=232197326 fetch_input_duration_ms=0
[2026-01-30 19:55:55.118] [info] [spider.worker] [TIMING] task_id=0819f9ef-19fa-486d-bee1-a4d2b5dc635e func=job_orchestration.executor.query.spider_search_task.search_without_channel input_send_start=232197326 input_send_end=232197326 input_send_duration_ms=0 bytes=626
[2026-01-30 19:55:55.118] [info] [spider.worker] [TIMING] task_id=0819f9ef-19fa-486d-bee1-a4d2b5dc635e func=job_orchestration.executor.query.spider_search_task.search_without_channel spawn_start=232197326 spawn_end=232197326 spawn_duration_ms=0
[2026-01-30 19:55:56.460] [info] [spider.worker] [TIMING] task_id=0819f9ef-19fa-486d-bee1-a4d2b5dc635e func=job_orchestration.executor.query.spider_search_task.search_without_channel execution_start=232197326 execution_end=232198668 execution_duration_ms=1341
[2026-01-30 19:55:56.473] [info] [spider.worker] [TIMING] task_id=0819f9ef-19fa-486d-bee1-a4d2b5dc635e func=job_orchestration.executor.query.spider_search_task.search_without_channel submit_output_start=232198670 submit_output_end=232198682 submit_output_duration_ms=11
[2026-01-30 19:55:56.485] [info] [spider.worker] [TIMING] task_id=262e4d51-3706-438d-9855-bc276885fcd2 func=job_orchestration.executor.query.spider_search_task.search_without_channel fetch_input_start=232198692 fetch_input_end=232198693 fetch_input_duration_ms=1
[2026-01-30 19:55:56.485] [info] [spider.worker] [TIMING] task_id=262e4d51-3706-438d-9855-bc276885fcd2 func=job_orchestration.executor.query.spider_search_task.search_without_channel input_send_start=232198693 input_send_end=232198693 input_send_duration_ms=0 bytes=626
[2026-01-30 19:55:56.485] [info] [spider.worker] [TIMING] task_id=262e4d51-3706-438d-9855-bc276885fcd2 func=job_orchestration.executor.query.spider_search_task.search_without_channel spawn_start=232198693 spawn_end=232198693 spawn_duration_ms=0
[2026-01-30 19:55:57.721] [info] [spider.worker] [TIMING] task_id=262e4d51-3706-438d-9855-bc276885fcd2 func=job_orchestration.executor.query.spider_search_task.search_without_channel execution_start=232198694 execution_end=232199930 execution_duration_ms=1235
[2026-01-30 19:55:57.732] [info] [spider.worker] [TIMING] task_id=262e4d51-3706-438d-9855-bc276885fcd2 func=job_orchestration.executor.query.spider_search_task.search_without_channel submit_output_start=232199932 submit_output_end=232199940 submit_output_duration_ms=8
[2026-01-30 19:55:57.776] [info] [spider.worker] [TIMING] task_id=f54c7466-8732-4ad9-865f-3bcd1bed31a5 func=job_orchestration.executor.query.spider_search_task.search_without_channel fetch_input_start=232199983 fetch_input_end=232199984 fetch_input_duration_ms=1
[2026-01-30 19:55:57.776] [info] [spider.worker] [TIMING] task_id=f54c7466-8732-4ad9-865f-3bcd1bed31a5 func=job_orchestration.executor.query.spider_search_task.search_without_channel input_send_start=232199984 input_send_end=232199984 input_send_duration_ms=0 bytes=626
[2026-01-30 19:55:57.776] [info] [spider.worker] [TIMING] task_id=f54c7466-8732-4ad9-865f-3bcd1bed31a5 func=job_orchestration.executor.query.spider_search_task.search_without_channel spawn_start=232199984 spawn_end=232199984 spawn_duration_ms=0
[2026-01-30 19:55:59.183] [info] [spider.worker] [TIMING] task_id=f54c7466-8732-4ad9-865f-3bcd1bed31a5 func=job_orchestration.executor.query.spider_search_task.search_without_channel execution_start=232199985 execution_end=232201391 execution_duration_ms=1406
[2026-01-30 19:55:59.285] [info] [spider.worker] [TIMING] task_id=f54c7466-8732-4ad9-865f-3bcd1bed31a5 func=job_orchestration.executor.query.spider_search_task.search_without_channel submit_output_start=232201393 submit_output_end=232201493 submit_output_duration_ms=100
[2026-01-30 19:55:59.311] [info] [spider.worker] [TIMING] task_id=cc6d1cdf-ecb5-4182-ab5d-2ffac4f7aa82 func=job_orchestration.executor.query.spider_search_task.search_without_channel fetch_input_start=232201518 fetch_input_end=232201519 fetch_input_duration_ms=1
[2026-01-30 19:55:59.311] [info] [spider.worker] [TIMING] task_id=cc6d1cdf-ecb5-4182-ab5d-2ffac4f7aa82 func=job_orchestration.executor.query.spider_search_task.search_without_channel input_send_start=232201520 input_send_end=232201520 input_send_duration_ms=0 bytes=626
[2026-01-30 19:55:59.311] [info] [spider.worker] [TIMING] task_id=cc6d1cdf-ecb5-4182-ab5d-2ffac4f7aa82 func=job_orchestration.executor.query.spider_search_task.search_without_channel spawn_start=232201519 spawn_end=232201520 spawn_duration_ms=0
[2026-01-30 19:56:00.489] [info] [spider.worker] [TIMING] task_id=cc6d1cdf-ecb5-4182-ab5d-2ffac4f7aa82 func=job_orchestration.executor.query.spider_search_task.search_without_channel execution_start=232201520 execution_end=232202697 execution_duration_ms=1177
[2026-01-30 19:56:00.499] [info] [spider.worker] [TIMING] task_id=cc6d1cdf-ecb5-4182-ab5d-2ffac4f7aa82 func=job_orchestration.executor.query.spider_search_task.search_without_channel submit_output_start=232202698 submit_output_end=232202707 submit_output_duration_ms=9
[2026-01-30 19:56:00.541] [info] [spider.worker] [TIMING] task_id=d04a6881-afec-4d73-bfff-8bdc7a121e1f func=job_orchestration.executor.query.spider_search_task.search_without_channel fetch_input_start=232202748 fetch_input_end=232202749 fetch_input_duration_ms=1
[2026-01-30 19:56:00.541] [info] [spider.worker] [TIMING] task_id=d04a6881-afec-4d73-bfff-8bdc7a121e1f func=job_orchestration.executor.query.spider_search_task.search_without_channel input_send_start=232202750 input_send_end=232202750 input_send_duration_ms=0 bytes=626
[2026-01-30 19:56:00.541] [info] [spider.worker] [TIMING] task_id=d04a6881-afec-4d73-bfff-8bdc7a121e1f func=job_orchestration.executor.query.spider_search_task.search_without_channel spawn_start=232202749 spawn_end=232202750 spawn_duration_ms=0
[2026-01-30 19:56:01.871] [info] [spider.worker] [TIMING] task_id=d04a6881-afec-4d73-bfff-8bdc7a121e1f func=job_orchestration.executor.query.spider_search_task.search_without_channel execution_start=232202750 execution_end=232204079 execution_duration_ms=1329
[2026-01-30 19:56:01.891] [info] [spider.worker] [TIMING] task_id=d04a6881-afec-4d73-bfff-8bdc7a121e1f func=job_orchestration.executor.query.spider_search_task.search_without_channel submit_output_start=232204082 submit_output_end=232204100 submit_output_duration_ms=17
[2026-01-30 19:56:01.911] [info] [spider.worker] [TIMING] task_id=e553ac37-5432-4675-a2da-f998c8bec2a5 func=job_orchestration.executor.query.spider_search_task.search_without_channel fetch_input_start=232204118 fetch_input_end=232204119 fetch_input_duration_ms=1
[2026-01-30 19:56:01.912] [info] [spider.worker] [TIMING] task_id=e553ac37-5432-4675-a2da-f998c8bec2a5 func=job_orchestration.executor.query.spider_search_task.search_without_channel input_send_start=232204120 input_send_end=232204120 input_send_duration_ms=0 bytes=626
[2026-01-30 19:56:01.912] [info] [spider.worker] [TIMING] task_id=e553ac37-5432-4675-a2da-f998c8bec2a5 func=job_orchestration.executor.query.spider_search_task.search_without_channel spawn_start=232204120 spawn_end=232204120 spawn_duration_ms=0
[2026-01-30 19:56:03.090] [info] [spider.worker] [TIMING] task_id=e553ac37-5432-4675-a2da-f998c8bec2a5 func=job_orchestration.executor.query.spider_search_task.search_without_channel execution_start=232204120 execution_end=232205298 execution_duration_ms=1177
[2026-01-30 19:56:03.127] [info] [spider.worker] [TIMING] task_id=e553ac37-5432-4675-a2da-f998c8bec2a5 func=job_orchestration.executor.query.spider_search_task.search_without_channel submit_output_start=232205300 submit_output_end=232205335 submit_output_duration_ms=35
[2026-01-30 19:56:03.152] [info] [spider.worker] [TIMING] task_id=9b9f8c36-46ce-48be-9a78-75cad6c44fdb func=job_orchestration.executor.query.spider_search_task.search_without_channel fetch_input_start=232205360 fetch_input_end=232205361 fetch_input_duration_ms=0
[2026-01-30 19:56:03.153] [info] [spider.worker] [TIMING] task_id=9b9f8c36-46ce-48be-9a78-75cad6c44fdb func=job_orchestration.executor.query.spider_search_task.search_without_channel input_send_start=232205361 input_send_end=232205361 input_send_duration_ms=0 bytes=626
[2026-01-30 19:56:03.153] [info] [spider.worker] [TIMING] task_id=9b9f8c36-46ce-48be-9a78-75cad6c44fdb func=job_orchestration.executor.query.spider_search_task.search_without_channel spawn_start=232205361 spawn_end=232205361 spawn_duration_ms=0
[2026-01-30 19:56:04.351] [info] [spider.worker] [TIMING] task_id=9b9f8c36-46ce-48be-9a78-75cad6c44fdb func=job_orchestration.executor.query.spider_search_task.search_without_channel execution_start=232205361 execution_end=232206559 execution_duration_ms=1197
[2026-01-30 19:56:04.392] [info] [spider.worker] [TIMING] task_id=9b9f8c36-46ce-48be-9a78-75cad6c44fdb func=job_orchestration.executor.query.spider_search_task.search_without_channel submit_output_start=232206561 submit_output_end=232206600 submit_output_duration_ms=38
[2026-01-30 19:56:04.445] [info] [spider.worker] [TIMING] task_id=703e5ddb-20fc-4882-bd00-0f2a2e22fae4 func=job_orchestration.executor.query.spider_search_task.search_without_channel fetch_input_start=232206652 fetch_input_end=232206654 fetch_input_duration_ms=1
[2026-01-30 19:56:04.446] [info] [spider.worker] [TIMING] task_id=703e5ddb-20fc-4882-bd00-0f2a2e22fae4 func=job_orchestration.executor.query.spider_search_task.search_without_channel input_send_start=232206654 input_send_end=232206654 input_send_duration_ms=0 bytes=626
[2026-01-30 19:56:04.446] [info] [spider.worker] [TIMING] task_id=703e5ddb-20fc-4882-bd00-0f2a2e22fae4 func=job_orchestration.executor.query.spider_search_task.search_without_channel spawn_start=232206654 spawn_end=232206654 spawn_duration_ms=0
[2026-01-30 19:56:05.701] [info] [spider.worker] [TIMING] task_id=703e5ddb-20fc-4882-bd00-0f2a2e22fae4 func=job_orchestration.executor.query.spider_search_task.search_without_channel execution_start=232206654 execution_end=232207910 execution_duration_ms=1255
[2026-01-30 19:56:05.742] [info] [spider.worker] [TIMING] task_id=703e5ddb-20fc-4882-bd00-0f2a2e22fae4 func=job_orchestration.executor.query.spider_search_task.search_without_channel submit_output_start=232207912 submit_output_end=232207951 submit_output_duration_ms=38
[2026-01-30 19:56:05.779] [info] [spider.worker] [TIMING] task_id=28f25e86-2040-4aad-834b-3ca25e0ca022 func=job_orchestration.executor.query.spider_search_task.search_without_channel fetch_input_start=232207986 fetch_input_end=232207987 fetch_input_duration_ms=1
[2026-01-30 19:56:05.780] [info] [spider.worker] [TIMING] task_id=28f25e86-2040-4aad-834b-3ca25e0ca022 func=job_orchestration.executor.query.spider_search_task.search_without_channel input_send_start=232207988 input_send_end=232207988 input_send_duration_ms=0 bytes=626
[2026-01-30 19:56:05.780] [info] [spider.worker] [TIMING] task_id=28f25e86-2040-4aad-834b-3ca25e0ca022 func=job_orchestration.executor.query.spider_search_task.search_without_channel spawn_start=232207987 spawn_end=232207988 spawn_duration_ms=0
[2026-01-30 19:56:07.042] [info] [spider.worker] [TIMING] task_id=28f25e86-2040-4aad-834b-3ca25e0ca022 func=job_orchestration.executor.query.spider_search_task.search_without_channel execution_start=232207988 execution_end=232209250 execution_duration_ms=1261
[2026-01-30 19:56:07.604] [info] [spider.worker] [TIMING] task_id=28f25e86-2040-4aad-834b-3ca25e0ca022 func=job_orchestration.executor.query.spider_search_task.search_without_channel submit_output_start=232209252 submit_output_end=232209813 submit_output_duration_ms=560
[2026-01-30 19:56:07.983] [info] [spider.worker] [TIMING] task_id=4a807e84-30a5-4039-92f9-7380c849b7cc func=job_orchestration.executor.query.spider_search_task.search_without_channel fetch_input_start=232210190 fetch_input_end=232210191 fetch_input_duration_ms=1
[2026-01-30 19:56:07.984] [info] [spider.worker] [TIMING] task_id=4a807e84-30a5-4039-92f9-7380c849b7cc func=job_orchestration.executor.query.spider_search_task.search_without_channel input_send_start=232210192 input_send_end=232210192 input_send_duration_ms=0 bytes=626
[2026-01-30 19:56:07.984] [info] [spider.worker] [TIMING] task_id=4a807e84-30a5-4039-92f9-7380c849b7cc func=job_orchestration.executor.query.spider_search_task.search_without_channel spawn_start=232210191 spawn_end=232210192 spawn_duration_ms=0
[2026-01-30 19:56:09.210] [info] [spider.worker] [TIMING] task_id=4a807e84-30a5-4039-92f9-7380c849b7cc func=job_orchestration.executor.query.spider_search_task.search_without_channel execution_start=232210192 execution_end=232211419 execution_duration_ms=1226
[2026-01-30 19:56:09.257] [info] [spider.worker] [TIMING] task_id=4a807e84-30a5-4039-92f9-7380c849b7cc func=job_orchestration.executor.query.spider_search_task.search_without_channel submit_output_start=232211420 submit_output_end=232211466 submit_output_duration_ms=45
[2026-01-30 19:56:09.302] [info] [spider.worker] [TIMING] task_id=73084b48-35a8-4da8-a43e-385ec89ba266 func=job_orchestration.executor.query.spider_search_task.search_without_channel fetch_input_start=232211509 fetch_input_end=232211510 fetch_input_duration_ms=0
[2026-01-30 19:56:09.302] [info] [spider.worker] [TIMING] task_id=73084b48-35a8-4da8-a43e-385ec89ba266 func=job_orchestration.executor.query.spider_search_task.search_without_channel input_send_start=232211510 input_send_end=232211510 input_send_duration_ms=0 bytes=626
[2026-01-30 19:56:09.302] [info] [spider.worker] [TIMING] task_id=73084b48-35a8-4da8-a43e-385ec89ba266 func=job_orchestration.executor.query.spider_search_task.search_without_channel spawn_start=232211510 spawn_end=232211510 spawn_duration_ms=0
[2026-01-30 19:56:10.487] [info] [spider.worker] [TIMING] task_id=73084b48-35a8-4da8-a43e-385ec89ba266 func=job_orchestration.executor.query.spider_search_task.search_without_channel execution_start=232211511 execution_end=232212695 execution_duration_ms=1184
[2026-01-30 19:56:10.493] [info] [spider.worker] [TIMING] task_id=73084b48-35a8-4da8-a43e-385ec89ba266 func=job_orchestration.executor.query.spider_search_task.search_without_channel submit_output_start=232212696 submit_output_end=232212702 submit_output_duration_ms=5
[2026-01-30 19:56:10.546] [info] [spider.worker] [TIMING] task_id=6132738c-c315-4d01-9b13-f08aee91bcc9 func=job_orchestration.executor.query.spider_search_task.search_without_channel fetch_input_start=232212754 fetch_input_end=232212755 fetch_input_duration_ms=0
[2026-01-30 19:56:10.547] [info] [spider.worker] [TIMING] task_id=6132738c-c315-4d01-9b13-f08aee91bcc9 func=job_orchestration.executor.query.spider_search_task.search_without_channel input_send_start=232212755 input_send_end=232212755 input_send_duration_ms=0 bytes=626
[2026-01-30 19:56:10.547] [info] [spider.worker] [TIMING] task_id=6132738c-c315-4d01-9b13-f08aee91bcc9 func=job_orchestration.executor.query.spider_search_task.search_without_channel spawn_start=232212755 spawn_end=232212755 spawn_duration_ms=0
[2026-01-30 19:56:11.866] [info] [spider.worker] [TIMING] task_id=6132738c-c315-4d01-9b13-f08aee91bcc9 func=job_orchestration.executor.query.spider_search_task.search_without_channel execution_start=232212755 execution_end=232214074 execution_duration_ms=1318
[2026-01-30 19:56:11.911] [info] [spider.worker] [TIMING] task_id=6132738c-c315-4d01-9b13-f08aee91bcc9 func=job_orchestration.executor.query.spider_search_task.search_without_channel submit_output_start=232214076 submit_output_end=232214120 submit_output_duration_ms=43
[2026-01-30 19:56:11.956] [info] [spider.worker] [TIMING] task_id=d6970dbe-9a53-4cfe-93e6-554648775dc0 func=job_orchestration.executor.query.spider_search_task.search_without_channel fetch_input_start=232214163 fetch_input_end=232214164 fetch_input_duration_ms=0
[2026-01-30 19:56:11.956] [info] [spider.worker] [TIMING] task_id=d6970dbe-9a53-4cfe-93e6-554648775dc0 func=job_orchestration.executor.query.spider_search_task.search_without_channel input_send_start=232214165 input_send_end=232214165 input_send_duration_ms=0 bytes=626
[2026-01-30 19:56:11.956] [info] [spider.worker] [TIMING] task_id=d6970dbe-9a53-4cfe-93e6-554648775dc0 func=job_orchestration.executor.query.spider_search_task.search_without_channel spawn_start=232214164 spawn_end=232214165 spawn_duration_ms=0
[2026-01-30 19:56:13.251] [info] [spider.worker] [TIMING] task_id=d6970dbe-9a53-4cfe-93e6-554648775dc0 func=job_orchestration.executor.query.spider_search_task.search_without_channel execution_start=232214165 execution_end=232215459 execution_duration_ms=1293
[2026-01-30 19:56:13.294] [info] [spider.worker] [TIMING] task_id=d6970dbe-9a53-4cfe-93e6-554648775dc0 func=job_orchestration.executor.query.spider_search_task.search_without_channel submit_output_start=232215461 submit_output_end=232215502 submit_output_duration_ms=41
[2026-01-30 19:56:13.313] [info] [spider.worker] [TIMING] task_id=f3efc7ef-5f25-4fa8-98cc-82a07c617797 func=job_orchestration.executor.query.spider_search_task.search_without_channel fetch_input_start=232215521 fetch_input_end=232215522 fetch_input_duration_ms=1
[2026-01-30 19:56:13.314] [info] [spider.worker] [TIMING] task_id=f3efc7ef-5f25-4fa8-98cc-82a07c617797 func=job_orchestration.executor.query.spider_search_task.search_without_channel input_send_start=232215522 input_send_end=232215522 input_send_duration_ms=0 bytes=626
[2026-01-30 19:56:13.314] [info] [spider.worker] [TIMING] task_id=f3efc7ef-5f25-4fa8-98cc-82a07c617797 func=job_orchestration.executor.query.spider_search_task.search_without_channel spawn_start=232215522 spawn_end=232215522 spawn_duration_ms=0
[2026-01-30 19:56:14.764] [info] [spider.worker] [TIMING] task_id=f3efc7ef-5f25-4fa8-98cc-82a07c617797 func=job_orchestration.executor.query.spider_search_task.search_without_channel execution_start=232215522 execution_end=232216972 execution_duration_ms=1449
[2026-01-30 19:56:14.786] [info] [spider.worker] [TIMING] task_id=f3efc7ef-5f25-4fa8-98cc-82a07c617797 func=job_orchestration.executor.query.spider_search_task.search_without_channel submit_output_start=232216973 submit_output_end=232216994 submit_output_duration_ms=21
[2026-01-30 19:56:14.815] [info] [spider.worker] [TIMING] task_id=63c83aa1-1bc0-4315-a51f-17a4b325bff4 func=job_orchestration.executor.query.spider_search_task.search_without_channel fetch_input_start=232217022 fetch_input_end=232217023 fetch_input_duration_ms=0
[2026-01-30 19:56:14.815] [info] [spider.worker] [TIMING] task_id=63c83aa1-1bc0-4315-a51f-17a4b325bff4 func=job_orchestration.executor.query.spider_search_task.search_without_channel input_send_start=232217023 input_send_end=232217023 input_send_duration_ms=0 bytes=626
[2026-01-30 19:56:14.815] [info] [spider.worker] [TIMING] task_id=63c83aa1-1bc0-4315-a51f-17a4b325bff4 func=job_orchestration.executor.query.spider_search_task.search_without_channel spawn_start=232217023 spawn_end=232217023 spawn_duration_ms=0
[2026-01-30 19:56:15.922] [info] [spider.worker] [TIMING] task_id=63c83aa1-1bc0-4315-a51f-17a4b325bff4 func=job_orchestration.executor.query.spider_search_task.search_without_channel execution_start=232217024 execution_end=232218130 execution_duration_ms=1106
[2026-01-30 19:56:15.970] [info] [spider.worker] [TIMING] task_id=63c83aa1-1bc0-4315-a51f-17a4b325bff4 func=job_orchestration.executor.query.spider_search_task.search_without_channel submit_output_start=232218132 submit_output_end=232218179 submit_output_duration_ms=46
[2026-01-30 19:56:16.009] [info] [spider.worker] [TIMING] task_id=2c8ee7e4-5225-4075-8767-8e8ddc9de69d func=job_orchestration.executor.query.spider_search_task.search_without_channel fetch_input_start=232218216 fetch_input_end=232218217 fetch_input_duration_ms=1
[2026-01-30 19:56:16.009] [info] [spider.worker] [TIMING] task_id=2c8ee7e4-5225-4075-8767-8e8ddc9de69d func=job_orchestration.executor.query.spider_search_task.search_without_channel input_send_start=232218218 input_send_end=232218218 input_send_duration_ms=0 bytes=626
[2026-01-30 19:56:16.009] [info] [spider.worker] [TIMING] task_id=2c8ee7e4-5225-4075-8767-8e8ddc9de69d func=job_orchestration.executor.query.spider_search_task.search_without_channel spawn_start=232218217 spawn_end=232218218 spawn_duration_ms=0
[2026-01-30 19:56:17.354] [info] [spider.worker] [TIMING] task_id=2c8ee7e4-5225-4075-8767-8e8ddc9de69d func=job_orchestration.executor.query.spider_search_task.search_without_channel execution_start=232218218 execution_end=232219562 execution_duration_ms=1344
[2026-01-30 19:56:17.404] [info] [spider.worker] [TIMING] task_id=2c8ee7e4-5225-4075-8767-8e8ddc9de69d func=job_orchestration.executor.query.spider_search_task.search_without_channel submit_output_start=232219564 submit_output_end=232219612 submit_output_duration_ms=48
[2026-01-30 19:56:17.424] [info] [spider.worker] [TIMING] task_id=4a6e8011-aba5-4043-bbd2-bac84ef34b81 func=job_orchestration.executor.query.spider_search_task.search_without_channel fetch_input_start=232219631 fetch_input_end=232219632 fetch_input_duration_ms=1
[2026-01-30 19:56:17.424] [info] [spider.worker] [TIMING] task_id=4a6e8011-aba5-4043-bbd2-bac84ef34b81 func=job_orchestration.executor.query.spider_search_task.search_without_channel input_send_start=232219633 input_send_end=232219633 input_send_duration_ms=0 bytes=626
[2026-01-30 19:56:17.424] [info] [spider.worker] [TIMING] task_id=4a6e8011-aba5-4043-bbd2-bac84ef34b81 func=job_orchestration.executor.query.spider_search_task.search_without_channel spawn_start=232219632 spawn_end=232219633 spawn_duration_ms=0
[2026-01-30 19:56:18.652] [info] [spider.worker] [TIMING] task_id=4a6e8011-aba5-4043-bbd2-bac84ef34b81 func=job_orchestration.executor.query.spider_search_task.search_without_channel execution_start=232219633 execution_end=232220860 execution_duration_ms=1227
[2026-01-30 19:56:18.662] [info] [spider.worker] [TIMING] task_id=4a6e8011-aba5-4043-bbd2-bac84ef34b81 func=job_orchestration.executor.query.spider_search_task.search_without_channel submit_output_start=232220861 submit_output_end=232220871 submit_output_duration_ms=9
[2026-01-30 19:56:18.672] [info] [spider.worker] [TIMING] task_id=22bc8660-8671-44e6-bc29-5f2e4c16bc60 func=job_orchestration.executor.query.spider_search_task.search_without_channel fetch_input_start=232220880 fetch_input_end=232220881 fetch_input_duration_ms=0
[2026-01-30 19:56:18.673] [info] [spider.worker] [TIMING] task_id=22bc8660-8671-44e6-bc29-5f2e4c16bc60 func=job_orchestration.executor.query.spider_search_task.search_without_channel input_send_start=232220881 input_send_end=232220881 input_send_duration_ms=0 bytes=626
[2026-01-30 19:56:18.673] [info] [spider.worker] [TIMING] task_id=22bc8660-8671-44e6-bc29-5f2e4c16bc60 func=job_orchestration.executor.query.spider_search_task.search_without_channel spawn_start=232220881 spawn_end=232220881 spawn_duration_ms=0
[2026-01-30 19:56:19.853] [info] [spider.worker] [TIMING] task_id=22bc8660-8671-44e6-bc29-5f2e4c16bc60 func=job_orchestration.executor.query.spider_search_task.search_without_channel execution_start=232220881 execution_end=232222062 execution_duration_ms=1180
[2026-01-30 19:56:19.880] [info] [spider.worker] [TIMING] task_id=22bc8660-8671-44e6-bc29-5f2e4c16bc60 func=job_orchestration.executor.query.spider_search_task.search_without_channel submit_output_start=232222063 submit_output_end=232222088 submit_output_duration_ms=24
[2026-01-30 19:56:19.941] [info] [spider.worker] [TIMING] task_id=ab05fd77-51ac-4e4a-99a7-3a7f32279cdf func=job_orchestration.executor.query.spider_search_task.search_without_channel fetch_input_start=232222148 fetch_input_end=232222150 fetch_input_duration_ms=1
[2026-01-30 19:56:19.942] [info] [spider.worker] [TIMING] task_id=ab05fd77-51ac-4e4a-99a7-3a7f32279cdf func=job_orchestration.executor.query.spider_search_task.search_without_channel input_send_start=232222150 input_send_end=232222150 input_send_duration_ms=0 bytes=626
[2026-01-30 19:56:19.942] [info] [spider.worker] [TIMING] task_id=ab05fd77-51ac-4e4a-99a7-3a7f32279cdf func=job_orchestration.executor.query.spider_search_task.search_without_channel spawn_start=232222150 spawn_end=232222150 spawn_duration_ms=0
[2026-01-30 19:56:21.172] [info] [spider.worker] [TIMING] task_id=ab05fd77-51ac-4e4a-99a7-3a7f32279cdf func=job_orchestration.executor.query.spider_search_task.search_without_channel execution_start=232222151 execution_end=232223380 execution_duration_ms=1229
[2026-01-30 19:56:21.188] [info] [spider.worker] [TIMING] task_id=ab05fd77-51ac-4e4a-99a7-3a7f32279cdf func=job_orchestration.executor.query.spider_search_task.search_without_channel submit_output_start=232223381 submit_output_end=232223396 submit_output_duration_ms=14
[2026-01-30 19:56:21.229] [info] [spider.worker] [TIMING] task_id=793e6d7d-4f54-477f-8346-c471e8d21e67 func=job_orchestration.executor.query.spider_search_task.search_without_channel fetch_input_start=232223436 fetch_input_end=232223438 fetch_input_duration_ms=1
[2026-01-30 19:56:21.230] [info] [spider.worker] [TIMING] task_id=793e6d7d-4f54-477f-8346-c471e8d21e67 func=job_orchestration.executor.query.spider_search_task.search_without_channel input_send_start=232223438 input_send_end=232223438 input_send_duration_ms=0 bytes=626
[2026-01-30 19:56:21.230] [info] [spider.worker] [TIMING] task_id=793e6d7d-4f54-477f-8346-c471e8d21e67 func=job_orchestration.executor.query.spider_search_task.search_without_channel spawn_start=232223438 spawn_end=232223438 spawn_duration_ms=0
[2026-01-30 19:56:22.327] [info] [spider.worker] [TIMING] task_id=793e6d7d-4f54-477f-8346-c471e8d21e67 func=job_orchestration.executor.query.spider_search_task.search_without_channel execution_start=232223438 execution_end=232224535 execution_duration_ms=1096
[2026-01-30 19:56:22.354] [info] [spider.worker] [TIMING] task_id=793e6d7d-4f54-477f-8346-c471e8d21e67 func=job_orchestration.executor.query.spider_search_task.search_without_channel submit_output_start=232224537 submit_output_end=232224562 submit_output_duration_ms=25
[2026-01-30 19:56:22.374] [info] [spider.worker] [TIMING] task_id=bd6a0960-e72f-4f6d-89f9-35445ad8d8b7 func=job_orchestration.executor.query.spider_search_task.search_without_channel fetch_input_start=232224581 fetch_input_end=232224582 fetch_input_duration_ms=0
[2026-01-30 19:56:22.374] [info] [spider.worker] [TIMING] task_id=bd6a0960-e72f-4f6d-89f9-35445ad8d8b7 func=job_orchestration.executor.query.spider_search_task.search_without_channel input_send_start=232224582 input_send_end=