[2026-01-30 19:54:16.417] [warning] [spider.worker] Prefer using `SPIDER_STORAGE_URL` environment variable over `--storage_url` argument.
[2026-01-30 19:55:08.643] [info] [spider.worker] [TIMING] task_id=d5a11fce-5971-4903-a046-df5792618068 func=job_orchestration.executor.query.spider_search_task.search_without_channel fetch_input_start=232150849 fetch_input_end=232150851 fetch_input_duration_ms=2
[2026-01-30 19:55:08.644] [info] [spider.worker] [TIMING] task_id=d5a11fce-5971-4903-a046-df5792618068 func=job_orchestration.executor.query.spider_search_task.search_without_channel input_send_start=232150852 input_send_end=232150852 input_send_duration_ms=0 bytes=626
[2026-01-30 19:55:08.644] [info] [spider.worker] [TIMING] task_id=d5a11fce-5971-4903-a046-df5792618068 func=job_orchestration.executor.query.spider_search_task.search_without_channel spawn_start=232150851 spawn_end=232150852 spawn_duration_ms=0
[2026-01-30 19:55:09.858] [info] [spider.worker] [TIMING] task_id=d5a11fce-5971-4903-a046-df5792618068 func=job_orchestration.executor.query.spider_search_task.search_without_channel execution_start=232150852 execution_end=232152067 execution_duration_ms=1214
[2026-01-30 19:55:09.871] [info] [spider.worker] [TIMING] task_id=d5a11fce-5971-4903-a046-df5792618068 func=job_orchestration.executor.query.spider_search_task.search_without_channel submit_output_start=232152069 submit_output_end=232152079 submit_output_duration_ms=10
[2026-01-30 19:55:09.939] [info] [spider.worker] [TIMING] task_id=8ae13a76-c377-4927-9466-97606649aed2 func=job_orchestration.executor.query.spider_search_task.search_without_channel fetch_input_start=232152147 fetch_input_end=232152147 fetch_input_duration_ms=0
[2026-01-30 19:55:09.939] [info] [spider.worker] [TIMING] task_id=8ae13a76-c377-4927-9466-97606649aed2 func=job_orchestration.executor.query.spider_search_task.search_without_channel input_send_start=232152148 input_send_end=232152148 input_send_duration_ms=0 bytes=626
[2026-01-30 19:55:09.939] [info] [spider.worker] [TIMING] task_id=8ae13a76-c377-4927-9466-97606649aed2 func=job_orchestration.executor.query.spider_search_task.search_without_channel spawn_start=232152147 spawn_end=232152148 spawn_duration_ms=0
[2026-01-30 19:55:11.092] [info] [spider.worker] [TIMING] task_id=8ae13a76-c377-4927-9466-97606649aed2 func=job_orchestration.executor.query.spider_search_task.search_without_channel execution_start=232152148 execution_end=232153301 execution_duration_ms=1152
[2026-01-30 19:55:11.125] [info] [spider.worker] [TIMING] task_id=8ae13a76-c377-4927-9466-97606649aed2 func=job_orchestration.executor.query.spider_search_task.search_without_channel submit_output_start=232153302 submit_output_end=232153333 submit_output_duration_ms=31
[2026-01-30 19:55:11.150] [info] [spider.worker] [TIMING] task_id=6b020deb-f51e-481a-b1de-bff0c271f339 func=job_orchestration.executor.query.spider_search_task.search_without_channel fetch_input_start=232153357 fetch_input_end=232153358 fetch_input_duration_ms=1
[2026-01-30 19:55:11.151] [info] [spider.worker] [TIMING] task_id=6b020deb-f51e-481a-b1de-bff0c271f339 func=job_orchestration.executor.query.spider_search_task.search_without_channel input_send_start=232153359 input_send_end=232153359 input_send_duration_ms=0 bytes=626
[2026-01-30 19:55:11.151] [info] [spider.worker] [TIMING] task_id=6b020deb-f51e-481a-b1de-bff0c271f339 func=job_orchestration.executor.query.spider_search_task.search_without_channel spawn_start=232153359 spawn_end=232153359 spawn_duration_ms=0
[2026-01-30 19:55:12.377] [info] [spider.worker] [TIMING] task_id=6b020deb-f51e-481a-b1de-bff0c271f339 func=job_orchestration.executor.query.spider_search_task.search_without_channel execution_start=232153359 execution_end=232154585 execution_duration_ms=1225
[2026-01-30 19:55:12.438] [info] [spider.worker] [TIMING] task_id=6b020deb-f51e-481a-b1de-bff0c271f339 func=job_orchestration.executor.query.spider_search_task.search_without_channel submit_output_start=232154588 submit_output_end=232154646 submit_output_duration_ms=57
[2026-01-30 19:55:12.466] [info] [spider.worker] [TIMING] task_id=7eb69b51-38dc-45cc-8447-39bdec2a79e4 func=job_orchestration.executor.query.spider_search_task.search_without_channel fetch_input_start=232154673 fetch_input_end=232154674 fetch_input_duration_ms=0
[2026-01-30 19:55:12.466] [info] [spider.worker] [TIMING] task_id=7eb69b51-38dc-45cc-8447-39bdec2a79e4 func=job_orchestration.executor.query.spider_search_task.search_without_channel input_send_start=232154675 input_send_end=232154675 input_send_duration_ms=0 bytes=626
[2026-01-30 19:55:12.466] [info] [spider.worker] [TIMING] task_id=7eb69b51-38dc-45cc-8447-39bdec2a79e4 func=job_orchestration.executor.query.spider_search_task.search_without_channel spawn_start=232154674 spawn_end=232154675 spawn_duration_ms=0
[2026-01-30 19:55:13.929] [info] [spider.worker] [TIMING] task_id=7eb69b51-38dc-45cc-8447-39bdec2a79e4 func=job_orchestration.executor.query.spider_search_task.search_without_channel execution_start=232154675 execution_end=232156137 execution_duration_ms=1462
[2026-01-30 19:55:13.957] [info] [spider.worker] [TIMING] task_id=7eb69b51-38dc-45cc-8447-39bdec2a79e4 func=job_orchestration.executor.query.spider_search_task.search_without_channel submit_output_start=232156139 submit_output_end=232156165 submit_output_duration_ms=25
[2026-01-30 19:55:13.975] [info] [spider.worker] [TIMING] task_id=64bd0bf8-c5aa-49b1-971b-fa547aa3e7ca func=job_orchestration.executor.query.spider_search_task.search_without_channel fetch_input_start=232156182 fetch_input_end=232156183 fetch_input_duration_ms=0
[2026-01-30 19:55:13.975] [info] [spider.worker] [TIMING] task_id=64bd0bf8-c5aa-49b1-971b-fa547aa3e7ca func=job_orchestration.executor.query.spider_search_task.search_without_channel input_send_start=232156183 input_send_end=232156183 input_send_duration_ms=0 bytes=626
[2026-01-30 19:55:13.975] [info] [spider.worker] [TIMING] task_id=64bd0bf8-c5aa-49b1-971b-fa547aa3e7ca func=job_orchestration.executor.query.spider_search_task.search_without_channel spawn_start=232156183 spawn_end=232156183 spawn_duration_ms=0
[2026-01-30 19:55:15.532] [info] [spider.worker] [TIMING] task_id=64bd0bf8-c5aa-49b1-971b-fa547aa3e7ca func=job_orchestration.executor.query.spider_search_task.search_without_channel execution_start=232156184 execution_end=232157741 execution_duration_ms=1557
[2026-01-30 19:55:15.561] [info] [spider.worker] [TIMING] task_id=64bd0bf8-c5aa-49b1-971b-fa547aa3e7ca func=job_orchestration.executor.query.spider_search_task.search_without_channel submit_output_start=232157743 submit_output_end=232157770 submit_output_duration_ms=26
[2026-01-30 19:55:15.606] [info] [spider.worker] [TIMING] task_id=a44f6ea8-7ff4-470d-adee-5db726eac6ee func=job_orchestration.executor.query.spider_search_task.search_without_channel fetch_input_start=232157814 fetch_input_end=232157815 fetch_input_duration_ms=1
[2026-01-30 19:55:15.607] [info] [spider.worker] [TIMING] task_id=a44f6ea8-7ff4-470d-adee-5db726eac6ee func=job_orchestration.executor.query.spider_search_task.search_without_channel input_send_start=232157815 input_send_end=232157815 input_send_duration_ms=0 bytes=626
[2026-01-30 19:55:15.607] [info] [spider.worker] [TIMING] task_id=a44f6ea8-7ff4-470d-adee-5db726eac6ee func=job_orchestration.executor.query.spider_search_task.search_without_channel spawn_start=232157815 spawn_end=232157815 spawn_duration_ms=0
[2026-01-30 19:55:16.880] [info] [spider.worker] [TIMING] task_id=a44f6ea8-7ff4-470d-adee-5db726eac6ee func=job_orchestration.executor.query.spider_search_task.search_without_channel execution_start=232157816 execution_end=232159088 execution_duration_ms=1272
[2026-01-30 19:55:16.890] [info] [spider.worker] [TIMING] task_id=a44f6ea8-7ff4-470d-adee-5db726eac6ee func=job_orchestration.executor.query.spider_search_task.search_without_channel submit_output_start=232159090 submit_output_end=232159098 submit_output_duration_ms=8
[2026-01-30 19:55:16.909] [info] [spider.worker] [TIMING] task_id=aad81501-0356-4189-96ea-ee614966120e func=job_orchestration.executor.query.spider_search_task.search_without_channel fetch_input_start=232159116 fetch_input_end=232159117 fetch_input_duration_ms=1
[2026-01-30 19:55:16.910] [info] [spider.worker] [TIMING] task_id=aad81501-0356-4189-96ea-ee614966120e func=job_orchestration.executor.query.spider_search_task.search_without_channel input_send_start=232159118 input_send_end=232159118 input_send_duration_ms=0 bytes=626
[2026-01-30 19:55:16.910] [info] [spider.worker] [TIMING] task_id=aad81501-0356-4189-96ea-ee614966120e func=job_orchestration.executor.query.spider_search_task.search_without_channel spawn_start=232159118 spawn_end=232159118 spawn_duration_ms=0
[2026-01-30 19:55:18.176] [info] [spider.worker] [TIMING] task_id=aad81501-0356-4189-96ea-ee614966120e func=job_orchestration.executor.query.spider_search_task.search_without_channel execution_start=232159118 execution_end=232160384 execution_duration_ms=1265
[2026-01-30 19:55:18.242] [info] [spider.worker] [TIMING] task_id=aad81501-0356-4189-96ea-ee614966120e func=job_orchestration.executor.query.spider_search_task.search_without_channel submit_output_start=232160386 submit_output_end=232160451 submit_output_duration_ms=64
[2026-01-30 19:55:18.268] [info] [spider.worker] [TIMING] task_id=42c2d3fa-e193-4645-974b-7c1973714f90 func=job_orchestration.executor.query.spider_search_task.search_without_channel fetch_input_start=232160475 fetch_input_end=232160476 fetch_input_duration_ms=1
[2026-01-30 19:55:18.268] [info] [spider.worker] [TIMING] task_id=42c2d3fa-e193-4645-974b-7c1973714f90 func=job_orchestration.executor.query.spider_search_task.search_without_channel input_send_start=232160477 input_send_end=232160477 input_send_duration_ms=0 bytes=626
[2026-01-30 19:55:18.268] [info] [spider.worker] [TIMING] task_id=42c2d3fa-e193-4645-974b-7c1973714f90 func=job_orchestration.executor.query.spider_search_task.search_without_channel spawn_start=232160476 spawn_end=232160477 spawn_duration_ms=0
[2026-01-30 19:55:19.460] [info] [spider.worker] [TIMING] task_id=42c2d3fa-e193-4645-974b-7c1973714f90 func=job_orchestration.executor.query.spider_search_task.search_without_channel execution_start=232160477 execution_end=232161668 execution_duration_ms=1191
[2026-01-30 19:55:19.482] [info] [spider.worker] [TIMING] task_id=42c2d3fa-e193-4645-974b-7c1973714f90 func=job_orchestration.executor.query.spider_search_task.search_without_channel submit_output_start=232161670 submit_output_end=232161690 submit_output_duration_ms=20
[2026-01-30 19:55:19.501] [info] [spider.worker] [TIMING] task_id=52a6b8ba-ab16-46b8-a3f4-6f704b844e43 func=job_orchestration.executor.query.spider_search_task.search_without_channel fetch_input_start=232161709 fetch_input_end=232161710 fetch_input_duration_ms=1
[2026-01-30 19:55:19.502] [info] [spider.worker] [TIMING] task_id=52a6b8ba-ab16-46b8-a3f4-6f704b844e43 func=job_orchestration.executor.query.spider_search_task.search_without_channel input_send_start=232161710 input_send_end=232161710 input_send_duration_ms=0 bytes=626
[2026-01-30 19:55:19.502] [info] [spider.worker] [TIMING] task_id=52a6b8ba-ab16-46b8-a3f4-6f704b844e43 func=job_orchestration.executor.query.spider_search_task.search_without_channel spawn_start=232161710 spawn_end=232161710 spawn_duration_ms=0
[2026-01-30 19:55:20.633] [info] [spider.worker] [TIMING] task_id=52a6b8ba-ab16-46b8-a3f4-6f704b844e43 func=job_orchestration.executor.query.spider_search_task.search_without_channel execution_start=232161710 execution_end=232162842 execution_duration_ms=1131
[2026-01-30 19:55:20.672] [info] [spider.worker] [TIMING] task_id=52a6b8ba-ab16-46b8-a3f4-6f704b844e43 func=job_orchestration.executor.query.spider_search_task.search_without_channel submit_output_start=232162843 submit_output_end=232162881 submit_output_duration_ms=37
[2026-01-30 19:55:20.693] [info] [spider.worker] [TIMING] task_id=25fe4607-db24-4fa3-97ef-f963efd2c32f func=job_orchestration.executor.query.spider_search_task.search_without_channel fetch_input_start=232162901 fetch_input_end=232162902 fetch_input_duration_ms=1
[2026-01-30 19:55:20.694] [info] [spider.worker] [TIMING] task_id=25fe4607-db24-4fa3-97ef-f963efd2c32f func=job_orchestration.executor.query.spider_search_task.search_without_channel input_send_start=232162902 input_send_end=232162902 input_send_duration_ms=0 bytes=626
[2026-01-30 19:55:20.694] [info] [spider.worker] [TIMING] task_id=25fe4607-db24-4fa3-97ef-f963efd2c32f func=job_orchestration.executor.query.spider_search_task.search_without_channel spawn_start=232162902 spawn_end=232162902 spawn_duration_ms=0
[2026-01-30 19:55:21.831] [info] [spider.worker] [TIMING] task_id=25fe4607-db24-4fa3-97ef-f963efd2c32f func=job_orchestration.executor.query.spider_search_task.search_without_channel execution_start=232162902 execution_end=232164039 execution_duration_ms=1136
[2026-01-30 19:55:21.866] [info] [spider.worker] [TIMING] task_id=25fe4607-db24-4fa3-97ef-f963efd2c32f func=job_orchestration.executor.query.spider_search_task.search_without_channel submit_output_start=232164041 submit_output_end=232164075 submit_output_duration_ms=33
[2026-01-30 19:55:21.884] [info] [spider.worker] [TIMING] task_id=943795f9-24ad-4514-ba02-454330255a9f func=job_orchestration.executor.query.spider_search_task.search_without_channel fetch_input_start=232164092 fetch_input_end=232164092 fetch_input_duration_ms=0
[2026-01-30 19:55:21.884] [info] [spider.worker] [TIMING] task_id=943795f9-24ad-4514-ba02-454330255a9f func=job_orchestration.executor.query.spider_search_task.search_without_channel input_send_start=232164093 input_send_end=232164093 input_send_duration_ms=0 bytes=626
[2026-01-30 19:55:21.884] [info] [spider.worker] [TIMING] task_id=943795f9-24ad-4514-ba02-454330255a9f func=job_orchestration.executor.query.spider_search_task.search_without_channel spawn_start=232164092 spawn_end=232164093 spawn_duration_ms=0
[2026-01-30 19:55:23.083] [info] [spider.worker] [TIMING] task_id=943795f9-24ad-4514-ba02-454330255a9f func=job_orchestration.executor.query.spider_search_task.search_without_channel execution_start=232164093 execution_end=232165291 execution_duration_ms=1197
[2026-01-30 19:55:23.144] [info] [spider.worker] [TIMING] task_id=943795f9-24ad-4514-ba02-454330255a9f func=job_orchestration.executor.query.spider_search_task.search_without_channel submit_output_start=232165292 submit_output_end=232165352 submit_output_duration_ms=60
[2026-01-30 19:55:23.168] [info] [spider.worker] [TIMING] task_id=6bd1266c-9450-4a35-8504-693feca59ac7 func=job_orchestration.executor.query.spider_search_task.search_without_channel fetch_input_start=232165376 fetch_input_end=232165377 fetch_input_duration_ms=0
[2026-01-30 19:55:23.169] [info] [spider.worker] [TIMING] task_id=6bd1266c-9450-4a35-8504-693feca59ac7 func=job_orchestration.executor.query.spider_search_task.search_without_channel input_send_start=232165377 input_send_end=232165377 input_send_duration_ms=0 bytes=626
[2026-01-30 19:55:23.169] [info] [spider.worker] [TIMING] task_id=6bd1266c-9450-4a35-8504-693feca59ac7 func=job_orchestration.executor.query.spider_search_task.search_without_channel spawn_start=232165377 spawn_end=232165377 spawn_duration_ms=0
[2026-01-30 19:55:24.495] [info] [spider.worker] [TIMING] task_id=6bd1266c-9450-4a35-8504-693feca59ac7 func=job_orchestration.executor.query.spider_search_task.search_without_channel execution_start=232165377 execution_end=232166704 execution_duration_ms=1326
[2026-01-30 19:55:24.508] [info] [spider.worker] [TIMING] task_id=6bd1266c-9450-4a35-8504-693feca59ac7 func=job_orchestration.executor.query.spider_search_task.search_without_channel submit_output_start=232166705 submit_output_end=232166716 submit_output_duration_ms=11
[2026-01-30 19:55:24.542] [info] [spider.worker] [TIMING] task_id=638e5fc6-b112-455c-80ed-ffc130056196 func=job_orchestration.executor.query.spider_search_task.search_without_channel fetch_input_start=232166749 fetch_input_end=232166750 fetch_input_duration_ms=1
[2026-01-30 19:55:24.543] [info] [spider.worker] [TIMING] task_id=638e5fc6-b112-455c-80ed-ffc130056196 func=job_orchestration.executor.query.spider_search_task.search_without_channel input_send_start=232166751 input_send_end=232166751 input_send_duration_ms=0 bytes=626
[2026-01-30 19:55:24.543] [info] [spider.worker] [TIMING] task_id=638e5fc6-b112-455c-80ed-ffc130056196 func=job_orchestration.executor.query.spider_search_task.search_without_channel spawn_start=232166751 spawn_end=232166751 spawn_duration_ms=0
[2026-01-30 19:55:25.896] [info] [spider.worker] [TIMING] task_id=638e5fc6-b112-455c-80ed-ffc130056196 func=job_orchestration.executor.query.spider_search_task.search_without_channel execution_start=232166751 execution_end=232168105 execution_duration_ms=1353
[2026-01-30 19:55:25.908] [info] [spider.worker] [TIMING] task_id=638e5fc6-b112-455c-80ed-ffc130056196 func=job_orchestration.executor.query.spider_search_task.search_without_channel submit_output_start=232168106 submit_output_end=232168117 submit_output_duration_ms=10
[2026-01-30 19:55:25.944] [info] [spider.worker] [TIMING] task_id=42cdb2b6-1556-4a77-b44b-15bd44c8a147 func=job_orchestration.executor.query.spider_search_task.search_without_channel fetch_input_start=232168152 fetch_input_end=232168153 fetch_input_duration_ms=1
[2026-01-30 19:55:25.945] [info] [spider.worker] [TIMING] task_id=42cdb2b6-1556-4a77-b44b-15bd44c8a147 func=job_orchestration.executor.query.spider_search_task.search_without_channel input_send_start=232168153 input_send_end=232168153 input_send_duration_ms=0 bytes=626
[2026-01-30 19:55:25.945] [info] [spider.worker] [TIMING] task_id=42cdb2b6-1556-4a77-b44b-15bd44c8a147 func=job_orchestration.executor.query.spider_search_task.search_without_channel spawn_start=232168153 spawn_end=232168153 spawn_duration_ms=0
[2026-01-30 19:55:27.313] [info] [spider.worker] [TIMING] task_id=42cdb2b6-1556-4a77-b44b-15bd44c8a147 func=job_orchestration.executor.query.spider_search_task.search_without_channel execution_start=232168154 execution_end=232169521 execution_duration_ms=1367
[2026-01-30 19:55:27.325] [info] [spider.worker] [TIMING] task_id=42cdb2b6-1556-4a77-b44b-15bd44c8a147 func=job_orchestration.executor.query.spider_search_task.search_without_channel submit_output_start=232169523 submit_output_end=232169534 submit_output_duration_ms=10
[2026-01-30 19:55:27.345] [info] [spider.worker] [TIMING] task_id=e9c7363d-3dee-4462-9f57-fff4fc4c1f54 func=job_orchestration.executor.query.spider_search_task.search_without_channel fetch_input_start=232169552 fetch_input_end=232169553 fetch_input_duration_ms=1
[2026-01-30 19:55:27.345] [info] [spider.worker] [TIMING] task_id=e9c7363d-3dee-4462-9f57-fff4fc4c1f54 func=job_orchestration.executor.query.spider_search_task.search_without_channel input_send_start=232169553 input_send_end=232169553 input_send_duration_ms=0 bytes=626
[2026-01-30 19:55:27.345] [info] [spider.worker] [TIMING] task_id=e9c7363d-3dee-4462-9f57-fff4fc4c1f54 func=job_orchestration.executor.query.spider_search_task.search_without_channel spawn_start=232169553 spawn_end=232169553 spawn_duration_ms=0
[2026-01-30 19:55:28.551] [info] [spider.worker] [TIMING] task_id=e9c7363d-3dee-4462-9f57-fff4fc4c1f54 func=job_orchestration.executor.query.spider_search_task.search_without_channel execution_start=232169554 execution_end=232170759 execution_duration_ms=1205
[2026-01-30 19:55:28.559] [info] [spider.worker] [TIMING] task_id=e9c7363d-3dee-4462-9f57-fff4fc4c1f54 func=job_orchestration.executor.query.spider_search_task.search_without_channel submit_output_start=232170761 submit_output_end=232170767 submit_output_duration_ms=6
[2026-01-30 19:55:28.570] [info] [spider.worker] [TIMING] task_id=ed2f2227-9815-46dd-908a-c4e42e3f95ea func=job_orchestration.executor.query.spider_search_task.search_without_channel fetch_input_start=232170777 fetch_input_end=232170778 fetch_input_duration_ms=0
[2026-01-30 19:55:28.570] [info] [spider.worker] [TIMING] task_id=ed2f2227-9815-46dd-908a-c4e42e3f95ea func=job_orchestration.executor.query.spider_search_task.search_without_channel input_send_start=232170778 input_send_end=232170778 input_send_duration_ms=0 bytes=626
[2026-01-30 19:55:28.570] [info] [spider.worker] [TIMING] task_id=ed2f2227-9815-46dd-908a-c4e42e3f95ea func=job_orchestration.executor.query.spider_search_task.search_without_channel spawn_start=232170778 spawn_end=232170778 spawn_duration_ms=0
[2026-01-30 19:55:29.933] [info] [spider.worker] [TIMING] task_id=ed2f2227-9815-46dd-908a-c4e42e3f95ea func=job_orchestration.executor.query.spider_search_task.search_without_channel execution_start=232170779 execution_end=232172141 execution_duration_ms=1362
[2026-01-30 19:55:29.958] [info] [spider.worker] [TIMING] task_id=ed2f2227-9815-46dd-908a-c4e42e3f95ea func=job_orchestration.executor.query.spider_search_task.search_without_channel submit_output_start=232172143 submit_output_end=232172167 submit_output_duration_ms=23
[2026-01-30 19:55:29.978] [info] [spider.worker] [TIMING] task_id=276d04ff-dde2-46c8-a030-4cd33f161220 func=job_orchestration.executor.query.spider_search_task.search_without_channel fetch_input_start=232172186 fetch_input_end=232172186 fetch_input_duration_ms=0
[2026-01-30 19:55:29.979] [info] [spider.worker] [TIMING] task_id=276d04ff-dde2-46c8-a030-4cd33f161220 func=job_orchestration.executor.query.spider_search_task.search_without_channel input_send_start=232172187 input_send_end=232172187 input_send_duration_ms=0 bytes=626
[2026-01-30 19:55:29.979] [info] [spider.worker] [TIMING] task_id=276d04ff-dde2-46c8-a030-4cd33f161220 func=job_orchestration.executor.query.spider_search_task.search_without_channel spawn_start=232172186 spawn_end=232172187 spawn_duration_ms=0
[2026-01-30 19:55:31.175] [info] [spider.worker] [TIMING] task_id=276d04ff-dde2-46c8-a030-4cd33f161220 func=job_orchestration.executor.query.spider_search_task.search_without_channel execution_start=232172187 execution_end=232173383 execution_duration_ms=1195
[2026-01-30 19:55:31.209] [info] [spider.worker] [TIMING] task_id=276d04ff-dde2-46c8-a030-4cd33f161220 func=job_orchestration.executor.query.spider_search_task.search_without_channel submit_output_start=232173395 submit_output_end=232173417 submit_output_duration_ms=22
[2026-01-30 19:55:31.247] [info] [spider.worker] [TIMING] task_id=a209bd21-d920-4b2f-bd81-b8efee169847 func=job_orchestration.executor.query.spider_search_task.search_without_channel fetch_input_start=232173454 fetch_input_end=232173455 fetch_input_duration_ms=1
[2026-01-30 19:55:31.248] [info] [spider.worker] [TIMING] task_id=a209bd21-d920-4b2f-bd81-b8efee169847 func=job_orchestration.executor.query.spider_search_task.search_without_channel input_send_start=232173456 input_send_end=232173456 input_send_duration_ms=0 bytes=626
[2026-01-30 19:55:31.248] [info] [spider.worker] [TIMING] task_id=a209bd21-d920-4b2f-bd81-b8efee169847 func=job_orchestration.executor.query.spider_search_task.search_without_channel spawn_start=232173456 spawn_end=232173456 spawn_duration_ms=0
[2026-01-30 19:55:32.600] [info] [spider.worker] [TIMING] task_id=a209bd21-d920-4b2f-bd81-b8efee169847 func=job_orchestration.executor.query.spider_search_task.search_without_channel execution_start=232173456 execution_end=232174809 execution_duration_ms=1352
[2026-01-30 19:55:32.618] [info] [spider.worker] [TIMING] task_id=a209bd21-d920-4b2f-bd81-b8efee169847 func=job_orchestration.executor.query.spider_search_task.search_without_channel submit_output_start=232174810 submit_output_end=232174826 submit_output_duration_ms=15
[2026-01-30 19:55:32.638] [info] [spider.worker] [TIMING] task_id=c6412465-de2d-41cd-960a-4a6288bef7e8 func=job_orchestration.executor.query.spider_search_task.search_without_channel fetch_input_start=232174845 fetch_input_end=232174846 fetch_input_duration_ms=1
[2026-01-30 19:55:32.638] [info] [spider.worker] [TIMING] task_id=c6412465-de2d-41cd-960a-4a6288bef7e8 func=job_orchestration.executor.query.spider_search_task.search_without_channel input_send_start=232174847 input_send_end=232174847 input_send_duration_ms=0 bytes=626
[2026-01-30 19:55:32.638] [info] [spider.worker] [TIMING] task_id=c6412465-de2d-41cd-960a-4a6288bef7e8 func=job_orchestration.executor.query.spider_search_task.search_without_channel spawn_start=232174846 spawn_end=232174847 spawn_duration_ms=0
[2026-01-30 19:55:33.797] [info] [spider.worker] [TIMING] task_id=c6412465-de2d-41cd-960a-4a6288bef7e8 func=job_orchestration.executor.query.spider_search_task.search_without_channel execution_start=232174847 execution_end=232176005 execution_duration_ms=1158
[2026-01-30 19:55:33.858] [info] [spider.worker] [TIMING] task_id=c6412465-de2d-41cd-960a-4a6288bef7e8 func=job_orchestration.executor.query.spider_search_task.search_without_channel submit_output_start=232176025 submit_output_end=232176067 submit_output_duration_ms=41
[2026-01-30 19:55:33.895] [info] [spider.worker] [TIMING] task_id=6a565b0c-a865-4bd9-8af9-ca667a8aad22 func=job_orchestration.executor.query.spider_search_task.search_without_channel fetch_input_start=232176102 fetch_input_end=232176103 fetch_input_duration_ms=0
[2026-01-30 19:55:33.895] [info] [spider.worker] [TIMING] task_id=6a565b0c-a865-4bd9-8af9-ca667a8aad22 func=job_orchestration.executor.query.spider_search_task.search_without_channel input_send_start=232176104 input_send_end=232176104 input_send_duration_ms=0 bytes=626
[2026-01-30 19:55:33.895] [info] [spider.worker] [TIMING] task_id=6a565b0c-a865-4bd9-8af9-ca667a8aad22 func=job_orchestration.executor.query.spider_search_task.search_without_channel spawn_start=232176103 spawn_end=232176104 spawn_duration_ms=0
[2026-01-30 19:55:35.136] [info] [spider.worker] [TIMING] task_id=6a565b0c-a865-4bd9-8af9-ca667a8aad22 func=job_orchestration.executor.query.spider_search_task.search_without_channel execution_start=232176104 execution_end=232177345 execution_duration_ms=1240
[2026-01-30 19:55:35.161] [info] [spider.worker] [TIMING] task_id=6a565b0c-a865-4bd9-8af9-ca667a8aad22 func=job_orchestration.executor.query.spider_search_task.search_without_channel submit_output_start=232177346 submit_output_end=232177369 submit_output_duration_ms=23
[2026-01-30 19:55:35.179] [info] [spider.worker] [TIMING] task_id=ee6ca7b9-f431-49b4-a9ce-4c3c79b49540 func=job_orchestration.executor.query.spider_search_task.search_without_channel fetch_input_start=232177386 fetch_input_end=232177387 fetch_input_duration_ms=0
[2026-01-30 19:55:35.180] [info] [spider.worker] [TIMING] task_id=ee6ca7b9-f431-49b4-a9ce-4c3c79b49540 func=job_orchestration.executor.query.spider_search_task.search_without_channel input_send_start=232177388 input_send_end=232177388 input_send_duration_ms=0 bytes=626
[2026-01-30 19:55:35.180] [info] [spider.worker] [TIMING] task_id=ee6ca7b9-f431-49b4-a9ce-4c3c79b49540 func=job_orchestration.executor.query.spider_search_task.search_without_channel spawn_start=232177387 spawn_end=232177388 spawn_duration_ms=0
[2026-01-30 19:55:36.276] [info] [spider.worker] [TIMING] task_id=ee6ca7b9-f431-49b4-a9ce-4c3c79b49540 func=job_orchestration.executor.query.spider_search_task.search_without_channel execution_start=232177388 execution_end=232178484 execution_duration_ms=1096
[2026-01-30 19:55:36.294] [info] [spider.worker] [TIMING] task_id=ee6ca7b9-f431-49b4-a9ce-4c3c79b49540 func=job_orchestration.executor.query.spider_search_task.search_without_channel submit_output_start=232178486 submit_output_end=232178502 submit_output_duration_ms=16
[2026-01-30 19:55:36.305] [info] [spider.worker] [TIMING] task_id=18a34d37-ada8-4b14-8469-a192dff8effe func=job_orchestration.executor.query.spider_search_task.search_without_channel fetch_input_start=232178512 fetch_input_end=232178513 fetch_input_duration_ms=1
[2026-01-30 19:55:36.305] [info] [spider.worker] [TIMING] task_id=18a34d37-ada8-4b14-8469-a192dff8effe func=job_orchestration.executor.query.spider_search_task.search_without_channel input_send_start=232178513 input_send_end=232178513 input_send_duration_ms=0 bytes=626
[2026-01-30 19:55:36.305] [info] [spider.worker] [TIMING] task_id=18a34d37-ada8-4b14-8469-a192dff8effe func=job_orchestration.executor.query.spider_search_task.search_without_channel spawn_start=232178513 spawn_end=232178513 spawn_duration_ms=0
[2026-01-30 19:55:37.617] [info] [spider.worker] [TIMING] task_id=18a34d37-ada8-4b14-8469-a192dff8effe func=job_orchestration.executor.query.spider_search_task.search_without_channel execution_start=232178514 execution_end=232179825 execution_duration_ms=1311
[2026-01-30 19:55:37.658] [info] [spider.worker] [TIMING] task_id=18a34d37-ada8-4b14-8469-a192dff8effe func=job_orchestration.executor.query.spider_search_task.search_without_channel submit_output_start=232179827 submit_output_end=232179866 submit_output_duration_ms=39
[2026-01-30 19:55:37.680] [info] [spider.worker] [TIMING] task_id=25ae9858-273c-4cdd-84d6-d6a5946d8427 func=job_orchestration.executor.query.spider_search_task.search_without_channel fetch_input_start=232179887 fetch_input_end=232179888 fetch_input_duration_ms=0
[2026-01-30 19:55:37.680] [info] [spider.worker] [TIMING] task_id=25ae9858-273c-4cdd-84d6-d6a5946d8427 func=job_orchestration.executor.query.spider_search_task.search_without_channel input_send_start=232179888 input_send_end=232179888 input_send_duration_ms=0 bytes=626
[2026-01-30 19:55:37.680] [info] [spider.worker] [TIMING] task_id=25ae9858-273c-4cdd-84d6-d6a5946d8427 func=job_orchestration.executor.query.spider_search_task.search_without_channel spawn_start=232179888 spawn_end=232179888 spawn_duration_ms=0
[2026-01-30 19:55:38.795] [info] [spider.worker] [TIMING] task_id=25ae9858-273c-4cdd-84d6-d6a5946d8427 func=job_orchestration.executor.query.spider_search_task.search_without_channel execution_start=232179889 execution_end=232181004 execution_duration_ms=1114
[2026-01-30 19:55:38.802] [info] [spider.worker] [TIMING] task_id=25ae9858-273c-4cdd-84d6-d6a5946d8427 func=job_orchestration.executor.query.spider_search_task.search_without_channel submit_output_start=232181005 submit_output_end=232181011 submit_output_duration_ms=5
[2026-01-30 19:55:38.813] [info] [spider.worker] [TIMING] task_id=e11219cf-ced1-4dab-871c-e58312d66432 func=job_orchestration.executor.query.spider_search_task.search_without_channel fetch_input_start=232181021 fetch_input_end=232181022 fetch_input_duration_ms=1
[2026-01-30 19:55:38.814] [info] [spider.worker] [TIMING] task_id=e11219cf-ced1-4dab-871c-e58312d66432 func=job_orchestration.executor.query.spider_search_task.search_without_channel input_send_start=232181022 input_send_end=232181022 input_send_duration_ms=0 bytes=626
[2026-01-30 19:55:38.814] [info] [spider.worker] [TIMING] task_id=e11219cf-ced1-4dab-871c-e58312d66432 func=job_orchestration.executor.query.spider_search_task.search_without_channel spawn_start=232181022 spawn_end=232181022 spawn_duration_ms=0
[2026-01-30 19:55:40.188] [info] [spider.worker] [TIMING] task_id=e11219cf-ced1-4dab-871c-e58312d66432 func=job_orchestration.executor.query.spider_search_task.search_without_channel execution_start=232181023 execution_end=232182396 execution_duration_ms=1373
[2026-01-30 19:55:40.203] [info] [spider.worker] [TIMING] task_id=e11219cf-ced1-4dab-871c-e58312d66432 func=job_orchestration.executor.query.spider_search_task.search_without_channel submit_output_start=232182398 submit_output_end=232182411 submit_output_duration_ms=12
[2026-01-30 19:55:40.242] [info] [spider.worker] [TIMING] task_id=3d534e19-c420-481f-80d8-b5dbf62fc6a8 func=job_orchestration.executor.query.spider_search_task.search_without_channel fetch_input_start=232182450 fetch_input_end=232182451 fetch_input_duration_ms=1
[2026-01-30 19:55:40.243] [info] [spider.worker] [TIMING] task_id=3d534e19-c420-481f-80d8-b5dbf62fc6a8 func=job_orchestration.executor.query.spider_search_task.search_without_channel input_send_start=232182452 input_send_end=232182452 input_send_duration_ms=0 bytes=626
[2026-01-30 19:55:40.243] [info] [spider.worker] [TIMING] task_id=3d534e19-c420-481f-80d8-b5dbf62fc6a8 func=job_orchestration.executor.query.spider_search_task.search_without_channel spawn_start=232182451 spawn_end=232182452 spawn_duration_ms=0
[2026-01-30 19:55:41.504] [info] [spider.worker] [TIMING] task_id=3d534e19-c420-481f-80d8-b5dbf62fc6a8 func=job_orchestration.executor.query.spider_search_task.search_without_channel execution_start=232182452 execution_end=232183712 execution_duration_ms=1260
[2026-01-30 19:55:41.528] [info] [spider.worker] [TIMING] task_id=3d534e19-c420-481f-80d8-b5dbf62fc6a8 func=job_orchestration.executor.query.spider_search_task.search_without_channel submit_output_start=232183713 submit_output_end=232183736 submit_output_duration_ms=23
[2026-01-30 19:55:41.580] [info] [spider.worker] [TIMING] task_id=db029ad1-197d-4b20-9fce-6a8c646955c9 func=job_orchestration.executor.query.spider_search_task.search_without_channel fetch_input_start=232183788 fetch_input_end=232183789 fetch_input_duration_ms=0
[2026-01-30 19:55:41.581] [info] [spider.worker] [TIMING] task_id=db029ad1-197d-4b20-9fce-6a8c646955c9 func=job_orchestration.executor.query.spider_search_task.search_without_channel input_send_start=232183789 input_send_end=232183789 input_send_duration_ms=0 bytes=626
[2026-01-30 19:55:41.581] [info] [spider.worker] [TIMING] task_id=db029ad1-197d-4b20-9fce-6a8c646955c9 func=job_orchestration.executor.query.spider_search_task.search_without_channel spawn_start=232183789 spawn_end=232183789 spawn_duration_ms=0
[2026-01-30 19:55:42.683] [info] [spider.worker] [TIMING] task_id=db029ad1-197d-4b20-9fce-6a8c646955c9 func=job_orchestration.executor.query.spider_search_task.search_without_channel execution_start=232183790 execution_end=232184891 execution_duration_ms=1101
[2026-01-30 19:55:42.695] [info] [spider.worker] [TIMING] task_id=db029ad1-197d-4b20-9fce-6a8c646955c9 func=job_orchestration.executor.query.spider_search_task.search_without_channel submit_output_start=232184893 submit_output_end=232184903 submit_output_duration_ms=9
[2026-01-30 19:55:42.723] [info] [spider.worker] [TIMING] task_id=8078ccd7-e089-4098-8821-e373b90bdf8c func=job_orchestration.executor.query.spider_search_task.search_without_channel fetch_input_start=232184930 fetch_input_end=232184931 fetch_input_duration_ms=0
[2026-01-30 19:55:42.723] [info] [spider.worker] [TIMING] task_id=8078ccd7-e089-4098-8821-e373b90bdf8c func=job_orchestration.executor.query.spider_search_task.search_without_channel input_send_start=232184932 input_send_end=232184932 input_send_duration_ms=0 bytes=626
[2026-01-30 19:55:42.723] [info] [spider.worker] [TIMING] task_id=8078ccd7-e089-4098-8821-e373b90bdf8c func=job_orchestration.executor.query.spider_search_task.search_without_channel spawn_start=232184931 spawn_end=232184932 spawn_duration_ms=0
[2026-01-30 19:55:44.113] [info] [spider.worker] [TIMING] task_id=8078ccd7-e089-4098-8821-e373b90bdf8c func=job_orchestration.executor.query.spider_search_task.search_without_channel execution_start=232184932 execution_end=232186321 execution_duration_ms=1389
[2026-01-30 19:55:44.157] [info] [spider.worker] [TIMING] task_id=8078ccd7-e089-4098-8821-e373b90bdf8c func=job_orchestration.executor.query.spider_search_task.search_without_channel submit_output_start=232186324 submit_output_end=232186366 submit_output_duration_ms=41
[2026-01-30 19:55:44.180] [info] [spider.worker] [TIMING] task_id=7d7fdd50-d104-42ca-afe7-13e5a8e72816 func=job_orchestration.executor.query.spider_search_task.search_without_channel fetch_input_start=232186388 fetch_input_end=232186388 fetch_input_duration_ms=0
[2026-01-30 19:55:44.180] [info] [spider.worker] [TIMING] task_id=7d7fdd50-d104-42ca-afe7-13e5a8e72816 func=job_orchestration.executor.query.spider_search_task.search_without_channel input_send_start=232186389 input_send_end=232186389 input_send_duration_ms=0 bytes=626
[2026-01-30 19:55:44.180] [info] [spider.worker] [TIMING] task_id=7d7fdd50-d104-42ca-afe7-13e5a8e72816 func=job_orchestration.executor.query.spider_search_task.search_without_channel spawn_start=232186389 spawn_end=232186389 spawn_duration_ms=0
[2026-01-30 19:55:45.447] [info] [spider.worker] [TIMING] task_id=7d7fdd50-d104-42ca-afe7-13e5a8e72816 func=job_orchestration.executor.query.spider_search_task.search_without_channel execution_start=232186389 execution_end=232187655 execution_duration_ms=1266
[2026-01-30 19:55:45.478] [info] [spider.worker] [TIMING] task_id=7d7fdd50-d104-42ca-afe7-13e5a8e72816 func=job_orchestration.executor.query.spider_search_task.search_without_channel submit_output_start=232187669 submit_output_end=232187687 submit_output_duration_ms=17
[2026-01-30 19:55:45.523] [info] [spider.worker] [TIMING] task_id=45a43b12-c709-4624-b97b-3c22df6978c3 func=job_orchestration.executor.query.spider_search_task.search_without_channel fetch_input_start=232187730 fetch_input_end=232187731 fetch_input_duration_ms=1
[2026-01-30 19:55:45.524] [info] [spider.worker] [TIMING] task_id=45a43b12-c709-4624-b97b-3c22df6978c3 func=job_orchestration.executor.query.spider_search_task.search_without_channel input_send_start=232187732 input_send_end=232187732 input_send_duration_ms=0 bytes=626
[2026-01-30 19:55:45.524] [info] [spider.worker] [TIMING] task_id=45a43b12-c709-4624-b97b-3c22df6978c3 func=job_orchestration.executor.query.spider_search_task.search_without_channel spawn_start=232187732 spawn_end=232187732 spawn_duration_ms=0
[2026-01-30 19:55:46.759] [info] [spider.worker] [TIMING] task_id=45a43b12-c709-4624-b97b-3c22df6978c3 func=job_orchestration.executor.query.spider_search_task.search_without_channel execution_start=232187732 execution_end=232188968 execution_duration_ms=1235
[2026-01-30 19:55:46.798] [info] [spider.worker] [TIMING] task_id=45a43b12-c709-4624-b97b-3c22df6978c3 func=job_orchestration.executor.query.spider_search_task.search_without_channel submit_output_start=232188969 submit_output_end=232189007 submit_output_duration_ms=37
[2026-01-30 19:55:46.849] [info] [spider.worker] [TIMING] task_id=a45b381a-a1a9-4138-af0c-db1fb76e0e4d func=job_orchestration.executor.query.spider_search_task.search_without_channel fetch_input_start=232189056 fetch_input_end=232189057 fetch_input_duration_ms=0
[2026-01-30 19:55:46.849] [info] [spider.worker] [TIMING] task_id=a45b381a-a1a9-4138-af0c-db1fb76e0e4d func=job_orchestration.executor.query.spider_search_task.search_without_channel input_send_start=232189057 input_send_end=232189057 input_send_duration_ms=0 bytes=626
[2026-01-30 19:55:46.849] [info] [spider.worker] [TIMING] task_id=a45b381a-a1a9-4138-af0c-db1fb76e0e4d func=job_orchestration.executor.query.spider_search_task.search_without_channel spawn_start=232189057 spawn_end=232189058 spawn_duration_ms=0
[2026-01-30 19:55:48.200] [info] [spider.worker] [TIMING] task_id=a45b381a-a1a9-4138-af0c-db1fb76e0e4d func=job_orchestration.executor.query.spider_search_task.search_without_channel execution_start=232189058 execution_end=232190408 execution_duration_ms=1350
[2026-01-30 19:55:48.310] [info] [spider.worker] [TIMING] task_id=a45b381a-a1a9-4138-af0c-db1fb76e0e4d func=job_orchestration.executor.query.spider_search_task.search_without_channel submit_output_start=232190435 submit_output_end=232190518 submit_output_duration_ms=83
[2026-01-30 19:55:48.341] [info] [spider.worker] [TIMING] task_id=a6e88ea9-29db-4ef5-94af-2ab87aff6ad7 func=job_orchestration.executor.query.spider_search_task.search_without_channel fetch_input_start=232190548 fetch_input_end=232190549 fetch_input_duration_ms=0
[2026-01-30 19:55:48.341] [info] [spider.worker] [TIMING] task_id=a6e88ea9-29db-4ef5-94af-2ab87aff6ad7 func=job_orchestration.executor.query.spider_search_task.search_without_channel input_send_start=232190549 input_send_end=232190549 input_send_duration_ms=0 bytes=626
[2026-01-30 19:55:48.341] [info] [spider.worker] [TIMING] task_id=a6e88ea9-29db-4ef5-94af-2ab87aff6ad7 func=job_orchestration.executor.query.spider_search_task.search_without_channel spawn_start=232190549 spawn_end=232190549 spawn_duration_ms=0
[2026-01-30 19:55:49.849] [info] [spider.worker] [TIMING] task_id=a6e88ea9-29db-4ef5-94af-2ab87aff6ad7 func=job_orchestration.executor.query.spider_search_task.search_without_channel execution_start=232190550 execution_end=232192057 execution_duration_ms=1507
[2026-01-30 19:55:49.879] [info] [spider.worker] [TIMING] task_id=a6e88ea9-29db-4ef5-94af-2ab87aff6ad7 func=job_orchestration.executor.query.spider_search_task.search_without_channel submit_output_start=232192059 submit_output_end=232192088 submit_output_duration_ms=29
[2026-01-30 19:55:49.899] [info] [spider.worker] [TIMING] task_id=45db90c8-c399-4111-8fe2-5b8e05900e51 func=job_orchestration.executor.query.spider_search_task.search_without_channel fetch_input_start=232192106 fetch_input_end=232192107 fetch_input_duration_ms=1
[2026-01-30 19:55:49.899] [info] [spider.worker] [TIMING] task_id=45db90c8-c399-4111-8fe2-5b8e05900e51 func=job_orchestration.executor.query.spider_search_task.search_without_channel input_send_start=232192108 input_send_end=232192108 input_send_duration_ms=0 bytes=626
[2026-01-30 19:55:49.899] [info] [spider.worker] [TIMING] task_id=45db90c8-c399-4111-8fe2-5b8e05900e51 func=job_orchestration.executor.query.spider_search_task.search_without_channel spawn_start=232192107 spawn_end=232192108 spawn_duration_ms=0
[2026-01-30 19:55:51.009] [info] [spider.worker] [TIMING] task_id=45db90c8-c399-4111-8fe2-5b8e05900e51 func=job_orchestration.executor.query.spider_search_task.search_without_channel execution_start=232192108 execution_end=232193218 execution_duration_ms=1109
[2026-01-30 19:55:51.022] [info] [spider.worker] [TIMING] task_id=45db90c8-c399-4111-8fe2-5b8e05900e51 func=job_orchestration.executor.query.spider_search_task.search_without_channel submit_output_start=232193219 submit_output_end=232193230 submit_output_duration_ms=10
[2026-01-30 19:55:51.041] [info] [spider.worker] [TIMING] task_id=35a8105e-a3d0-44c7-9dd7-3e7b16b607e5 func=job_orchestration.executor.query.spider_search_task.search_without_channel fetch_input_start=232193248 fetch_input_end=232193249 fetch_input_duration_ms=0
[2026-01-30 19:55:51.041] [info] [spider.worker] [TIMING] task_id=35a8105e-a3d0-44c7-9dd7-3e7b16b607e5 func=job_orchestration.executor.query.spider_search_task.search_without_channel input_send_start=232193250 input_send_end=232193250 input_send_duration_ms=0 bytes=626
[2026-01-30 19:55:51.041] [info] [spider.worker] [TIMING] task_id=35a8105e-a3d0-44c7-9dd7-3e7b16b607e5 func=job_orchestration.executor.query.spider_search_task.search_without_channel spawn_start=232193249 spawn_end=232193250 spawn_duration_ms=0
[2026-01-30 19:55:52.265] [info] [spider.worker] [TIMING] task_id=35a8105e-a3d0-44c7-9dd7-3e7b16b607e5 func=job_orchestration.executor.query.spider_search_task.search_without_channel execution_start=232193250 execution_end=232194474 execution_duration_ms=1223
[2026-01-30 19:55:52.301] [info] [spider.worker] [TIMING] task_id=35a8105e-a3d0-44c7-9dd7-3e7b16b607e5 func=job_orchestration.executor.query.spider_search_task.search_without_channel submit_output_start=232194475 submit_output_end=232194510 submit_output_duration_ms=34
[2026-01-30 19:55:52.325] [info] [spider.worker] [TIMING] task_id=31b1126a-7c55-430c-bf30-98277632f33e func=job_orchestration.executor.query.spider_search_task.search_without_channel fetch_input_start=232194532 fetch_input_end=232194533 fetch_input_duration_ms=1
[2026-01-30 19:55:52.325] [info] [spider.worker] [TIMING] task_id=31b1126a-7c55-430c-bf30-98277632f33e func=job_orchestration.executor.query.spider_search_task.search_without_channel input_send_start=232194534 input_send_end=232194534 input_send_duration_ms=0 bytes=626
[2026-01-30 19:55:52.325] [info] [spider.worker] [TIMING] task_id=31b1126a-7c55-430c-bf30-98277632f33e func=job_orchestration.executor.query.spider_search_task.search_without_channel spawn_start=232194533 spawn_end=232194534 spawn_duration_ms=0
[2026-01-30 19:55:53.458] [info] [spider.worker] [TIMING] task_id=31b1126a-7c55-430c-bf30-98277632f33e func=job_orchestration.executor.query.spider_search_task.search_without_channel execution_start=232194534 execution_end=232195667 execution_duration_ms=1132
[2026-01-30 19:55:53.496] [info] [spider.worker] [TIMING] task_id=31b1126a-7c55-430c-bf30-98277632f33e func=job_orchestration.executor.query.spider_search_task.search_without_channel submit_output_start=232195669 submit_output_end=232195704 submit_output_duration_ms=35
[2026-01-30 19:55:53.516] [info] [spider.worker] [TIMING] task_id=6e8aa8e4-538c-4ba6-9f4d-15d829613b5a func=job_orchestration.executor.query.spider_search_task.search_without_channel fetch_input_start=232195723 fetch_input_end=232195725 fetch_input_duration_ms=1
[2026-01-30 19:55:53.517] [info] [spider.worker] [TIMING] task_id=6e8aa8e4-538c-4ba6-9f4d-15d829613b5a func=job_orchestration.executor.query.spider_search_task.search_without_channel input_send_start=232195725 input_send_end=232195725 input_send_duration_ms=0 bytes=626
[2026-01-30 19:55:53.517] [info] [spider.worker] [TIMING] task_id=6e8aa8e4-538c-4ba6-9f4d-15d829613b5a func=job_orchestration.executor.query.spider_search_task.search_without_channel spawn_start=232195725 spawn_end=232195725 spawn_duration_ms=0
[2026-01-30 19:55:54.769] [info] [spider.worker] [TIMING] task_id=6e8aa8e4-538c-4ba6-9f4d-15d829613b5a func=job_orchestration.executor.query.spider_search_task.search_without_channel execution_start=232195725 execution_end=232196977 execution_duration_ms=1251
[2026-01-30 19:55:54.832] [info] [spider.worker] [TIMING] task_id=6e8aa8e4-538c-4ba6-9f4d-15d829613b5a func=job_orchestration.executor.query.spider_search_task.search_without_channel submit_output_start=232196979 submit_output_end=232197040 submit_output_duration_ms=61
[2026-01-30 19:55:54.859] [info] [spider.worker] [TIMING] task_id=325a3d2d-47bf-4c0e-88be-430a0903c8d4 func=job_orchestration.executor.query.spider_search_task.search_without_channel fetch_input_start=232197066 fetch_input_end=232197067 fetch_input_duration_ms=0
[2026-01-30 19:55:54.859] [info] [spider.worker] [TIMING] task_id=325a3d2d-47bf-4c0e-88be-430a0903c8d4 func=job_orchestration.executor.query.spider_search_task.search_without_channel input_send_start=232197067 input_send_end=232197067 input_send_duration_ms=0 bytes=626
[2026-01-30 19:55:54.859] [info] [spider.worker] [TIMING] task_id=325a3d2d-47bf-4c0e-88be-430a0903c8d4 func=job_orchestration.executor.query.spider_search_task.search_without_channel spawn_start=232197067 spawn_end=232197067 spawn_duration_ms=0
[2026-01-30 19:55:55.950] [info] [spider.worker] [TIMING] task_id=325a3d2d-47bf-4c0e-88be-430a0903c8d4 func=job_orchestration.executor.query.spider_search_task.search_without_channel execution_start=232197068 execution_end=232198159 execution_duration_ms=1091
[2026-01-30 19:55:55.984] [info] [spider.worker] [TIMING] task_id=325a3d2d-47bf-4c0e-88be-430a0903c8d4 func=job_orchestration.executor.query.spider_search_task.search_without_channel submit_output_start=232198161 submit_output_end=232198193 submit_output_duration_ms=31
[2026-01-30 19:55:56.009] [info] [spider.worker] [TIMING] task_id=6ec40fe2-064f-4c90-bb90-6dba0c6f095f func=job_orchestration.executor.query.spider_search_task.search_without_channel fetch_input_start=232198216 fetch_input_end=232198217 fetch_input_duration_ms=0
[2026-01-30 19:55:56.009] [info] [spider.worker] [TIMING] task_id=6ec40fe2-064f-4c90-bb90-6dba0c6f095f func=job_orchestration.executor.query.spider_search_task.search_without_channel input_send_start=232198218 input_send_end=232198218 input_send_duration_ms=0 bytes=626
[2026-01-30 19:55:56.009] [info] [spider.worker] [TIMING] task_id=6ec40fe2-064f-4c90-bb90-6dba0c6f095f func=job_orchestration.executor.query.spider_search_task.search_without_channel spawn_start=232198217 spawn_end=232198218 spawn_duration_ms=0
[2026-01-30 19:55:57.236] [info] [spider.worker] [TIMING] task_id=6ec40fe2-064f-4c90-bb90-6dba0c6f095f func=job_orchestration.executor.query.spider_search_task.search_without_channel execution_start=232198218 execution_end=232199444 execution_duration_ms=1225
[2026-01-30 19:55:57.271] [info] [spider.worker] [TIMING] task_id=6ec40fe2-064f-4c90-bb90-6dba0c6f095f func=job_orchestration.executor.query.spider_search_task.search_without_channel submit_output_start=232199446 submit_output_end=232199479 submit_output_duration_ms=33
[2026-01-30 19:55:57.293] [info] [spider.worker] [TIMING] task_id=8730189a-b02b-4aae-a250-bd147ca9cd82 func=job_orchestration.executor.query.spider_search_task.search_without_channel fetch_input_start=232199500 fetch_input_end=232199501 fetch_input_duration_ms=0
[2026-01-30 19:55:57.293] [info] [spider.worker] [TIMING] task_id=8730189a-b02b-4aae-a250-bd147ca9cd82 func=job_orchestration.executor.query.spider_search_task.search_without_channel input_send_start=232199502 input_send_end=232199502 input_send_duration_ms=0 bytes=626
[2026-01-30 19:55:57.293] [info] [spider.worker] [TIMING] task_id=8730189a-b02b-4aae-a250-bd147ca9cd82 func=job_orchestration.executor.query.spider_search_task.search_without_channel spawn_start=232199501 spawn_end=232199502 spawn_duration_ms=0
[2026-01-30 19:55:58.429] [info] [spider.worker] [TIMING] task_id=8730189a-b02b-4aae-a250-bd147ca9cd82 func=job_orchestration.executor.query.spider_search_task.search_without_channel execution_start=232199502 execution_end=232200638 execution_duration_ms=1135
[2026-01-30 19:55:58.449] [info] [spider.worker] [TIMING] task_id=8730189a-b02b-4aae-a250-bd147ca9cd82 func=job_orchestration.executor.query.spider_search_task.search_without_channel submit_output_start=232200639 submit_output_end=232200657 submit_output_duration_ms=17
[2026-01-30 19:55:58.469] [info] [spider.worker] [TIMING] task_id=563d8f65-69aa-46ed-81e6-bce88ab51d37 func=job_orchestration.executor.query.spider_search_task.search_without_channel fetch_input_start=232200676 fetch_input_end=232200677 fetch_input_duration_ms=1
[2026-01-30 19:55:58.469] [info] [spider.worker] [TIMING] task_id=563d8f65-69aa-46ed-81e6-bce88ab51d37 func=job_orchestration.executor.query.spider_search_task.search_without_channel input_send_start=232200678 input_send_end=232200678 input_send_duration_ms=0 bytes=626
[2026-01-30 19:55:58.469] [info] [spider.worker] [TIMING] task_id=563d8f65-69aa-46ed-81e6-bce88ab51d37 func=job_orchestration.executor.query.spider_search_task.search_without_channel spawn_start=232200677 spawn_end=232200678 spawn_duration_ms=0
[2026-01-30 19:55:59.696] [info] [spider.worker] [TIMING] task_id=563d8f65-69aa-46ed-81e6-bce88ab51d37 func=job_orchestration.executor.query.spider_search_task.search_without_channel execution_start=232200678 execution_end=232201904 execution_duration_ms=1226
[2026-01-30 19:55:59.732] [info] [spider.worker] [TIMING] task_id=563d8f65-69aa-46ed-81e6-bce88ab51d37 func=job_orchestration.executor.query.spider_search_task.search_without_channel submit_output_start=232201905 submit_output_end=232201941 submit_output_duration_ms=35
[2026-01-30 19:55:59.752] [info] [spider.worker] [TIMING] task_id=6381153d-69ff-403a-98cd-f52ec4af1779 func=job_orchestration.executor.query.spider_search_task.search_without_channel fetch_input_start=232201960 fetch_input_end=232201961 fetch_input_duration_ms=1
[2026-01-30 19:55:59.753] [info] [spider.worker] [TIMING] task_id=6381153d-69ff-403a-98cd-f52ec4af1779 func=job_orchestration.executor.query.spider_search_task.search_without_channel input_send_start=232201961 input_send_end=232201961 input_send_duration_ms=0 bytes=626
[2026-01-30 19:55:59.753] [info] [spider.worker] [TIMING] task_id=6381153d-69ff-403a-98cd-f52ec4af1779 func=job_orchestration.executor.query.spider_search_task.search_without_channel spawn_start=232201961 spawn_end=232201961 spawn_duration_ms=0
[2026-01-30 19:56:00.966] [info] [spider.worker] [TIMING] task_id=6381153d-69ff-403a-98cd-f52ec4af1779 func=job_orchestration.executor.query.spider_search_task.search_without_channel execution_start=232201962 execution_end=232203174 execution_duration_ms=1212
[2026-01-30 19:56:00.974] [info] [spider.worker] [TIMING] task_id=6381153d-69ff-403a-98cd-f52ec4af1779 func=job_orchestration.executor.query.spider_search_task.search_without_channel submit_output_start=232203176 submit_output_end=232203183 submit_output_duration_ms=6
[2026-01-30 19:56:00.986] [info] [spider.worker] [TIMING] task_id=874c4110-0dc5-41f7-b1ae-1d6f574d5f99 func=job_orchestration.executor.query.spider_search_task.search_without_channel fetch_input_start=232203193 fetch_input_end=232203194 fetch_input_duration_ms=1
[2026-01-30 19:56:00.986] [info] [spider.worker] [TIMING] task_id=874c4110-0dc5-41f7-b1ae-1d6f574d5f99 func=job_orchestration.executor.query.spider_search_task.search_without_channel input_send_start=232203195 input_send_end=232203195 input_send_duration_ms=0 bytes=626
[2026-01-30 19:56:00.986] [info] [spider.worker] [TIMING] task_id=874c4110-0dc5-41f7-b1ae-1d6f574d5f99 func=job_orchestration.executor.query.spider_search_task.search_without_channel spawn_start=232203194 spawn_end=232203195 spawn_duration_ms=0
[2026-01-30 19:56:02.216] [info] [spider.worker] [TIMING] task_id=874c4110-0dc5-41f7-b1ae-1d6f574d5f99 func=job_orchestration.executor.query.spider_search_task.search_without_channel execution_start=232203195 execution_end=232204424 execution_duration_ms=1229
[2026-01-30 19:56:02.241] [info] [spider.worker] [TIMING] task_id=874c4110-0dc5-41f7-b1ae-1d6f574d5f99 func=job_orchestration.executor.query.spider_search_task.search_without_channel submit_output_start=232204426 submit_output_end=232204450 submit_output_duration_ms=23
[2026-01-30 19:56:02.261] [info] [spider.worker] [TIMING] task_id=3e604e1f-5d33-44bf-a88a-80666d21daa8 func=job_orchestration.executor.query.spider_search_task.search_without_channel fetch_input_start=232204468 fetch_input_end=232204469 fetch_input_duration_ms=1
[2026-01-30 19:56:02.261] [info] [spider.worker] [TIMING] task_id=3e604e1f-5d33-44bf-a88a-80666d21daa8 func=job_orchestration.executor.query.spider_search_task.search_without_channel input_send_start=232204470 input_send_end=232204470 input_send_duration_ms=0 bytes=626
[2026-01-30 19:56:02.261] [info] [spider.worker] [TIMING] task_id=3e604e1f-5d33-44bf-a88a-80666d21daa8 func=job_orchestration.executor.query.spider_search_task.search_without_channel spawn_start=232204469 spawn_end=232204470 spawn_duration_ms=0
[2026-01-30 19:56:03.481] [info] [spider.worker] [TIMING] task_id=3e604e1f-5d33-44bf-a88a-80666d21daa8 func=job_orchestration.executor.query.spider_search_task.search_without_channel execution_start=232204470 execution_end=232205689 execution_duration_ms=1218
[2026-01-30 19:56:03.500] [info] [spider.worker] [TIMING] task_id=3e604e1f-5d33-44bf-a88a-80666d21daa8 func=job_orchestration.executor.query.spider_search_task.search_without_channel submit_output_start=232205691 submit_output_end=232205709 submit_output_duration_ms=17
[2026-01-30 19:56:03.520] [info] [spider.worker] [TIMING] task_id=33a83ccf-9ed6-475e-9678-89b80f454260 func=job_orchestration.executor.query.spider_search_task.search_without_channel fetch_input_start=232205727 fetch_input_end=232205728 fetch_input_duration_ms=1
[2026-01-30 19:56:03.520] [info] [spider.worker] [TIMING] task_id=33a83ccf-9ed6-475e-9678-89b80f454260 func=job_orchestration.executor.query.spider_search_task.search_without_channel input_send_start=232205728 input_send_end=232205728 input_send_duration_ms=0 bytes=626
[2026-01-30 19:56:03.520] [info] [spider.worker] [TIMING] task_id=33a83ccf-9ed6-475e-9678-89b80f454260 func=job_orchestration.executor.query.spider_search_task.search_without_channel spawn_start=232205728 spawn_end=232205728 spawn_duration_ms=0
[2026-01-30 19:56:04.833] [info] [spider.worker] [TIMING] task_id=33a83ccf-9ed6-475e-9678-89b80f454260 func=job_orchestration.executor.query.spider_search_task.search_without_channel execution_start=232205729 execution_end=232207042 execution_duration_ms=1312
[2026-01-30 19:56:04.859] [info] [spider.worker] [TIMING] task_id=33a83ccf-9ed6-475e-9678-89b80f454260 func=job_orchestration.executor.query.spider_search_task.search_without_channel submit_output_start=232207044 submit_output_end=232207067 submit_output_duration_ms=23
[2026-01-30 19:56:04.878] [info] [spider.worker] [TIMING] task_id=5c198c5c-e44d-4692-989b-500ff33605f7 func=job_orchestration.executor.query.spider_search_task.search_without_channel fetch_input_start=232207086 fetch_input_end=232207087 fetch_input_duration_ms=1
[2026-01-30 19:56:04.879] [info] [spider.worker] [TIMING] task_id=5c198c5c-e44d-4692-989b-500ff33605f7 func=job_orchestration.executor.query.spider_search_task.search_without_channel input_send_start=232207087 input_send_end=232207087 input_send_duration_ms=0 bytes=626
[2026-01-30 19:56:04.879] [info] [spider.worker] [TIMING] task_id=5c198c5c-e44d-4692-989b-500ff33605f7 func=job_orchestration.executor.query.spider_search_task.search_without_channel spawn_start=232207087 spawn_end=232207087 spawn_duration_ms=0
[2026-01-30 19:56:06.064] [info] [spider.worker] [TIMING] task_id=5c198c5c-e44d-4692-989b-500ff33605f7 func=job_orchestration.executor.query.spider_search_task.search_without_channel execution_start=232207088 execution_end=232208273 execution_duration_ms=1184
[2026-01-30 19:56:06.076] [info] [spider.worker] [TIMING] task_id=5c198c5c-e44d-4692-989b-500ff33605f7 func=job_orchestration.executor.query.spider_search_task.search_without_channel submit_output_start=232208275 submit_output_end=232208284 submit_output_duration_ms=9
[2026-01-30 19:56:06.146] [info] [spider.worker] [TIMING] task_id=06d780ab-5d42-4b9a-9e08-bd955faf66e8 func=job_orchestration.executor.query.spider_search_task.search_without_channel fetch_input_start=232208353 fetch_input_end=232208354 fetch_input_duration_ms=0
[2026-01-30 19:56:06.146] [info] [spider.worker] [TIMING] task_id=06d780ab-5d42-4b9a-9e08-bd955faf66e8 func=job_orchestration.executor.query.spider_search_task.search_without_channel input_send_start=232208354 input_send_end=232208354 input_send_duration_ms=0 bytes=626
[2026-01-30 19:56:06.146] [info] [spider.worker] [TIMING] task_id=06d780ab-5d42-4b9a-9e08-bd955faf66e8 func=job_orchestration.executor.query.spider_search_task.search_without_channel spawn_start=232208354 spawn_end=232208354 spawn_duration_ms=0
[2026-01-30 19:56:07.341] [info] [spider.worker] [TIMING] task_id=06d780ab-5d42-4b9a-9e08-bd955faf66e8 func=job_orchestration.executor.query.spider_search_task.search_without_channel execution_start=232208355 execution_end=232209550 execution_duration_ms=1195
[2026-01-30 19:56:07.888] [info] [spider.worker] [TIMING] task_id=06d780ab-5d42-4b9a-9e08-bd955faf66e8 func=job_orchestration.executor.query.spider_search_task.search_without_channel submit_output_start=232209597 submit_output_end=232210097 submit_output_duration_ms=499
[2026-01-30 19:56:08.025] [info] [spider.worker] [TIMING] task_id=bf7d21af-ca43-469d-aa9a-2e79f6aa3425 func=job_orchestration.executor.query.spider_search_task.search_without_channel fetch_input_start=232210232 fetch_input_end=232210234 fetch_input_duration_ms=1
[2026-01-30 19:56:08.026] [info] [spider.worker] [TIMING] task_id=bf7d21af-ca43-469d-aa9a-2e79f6aa3425 func=job_orchestration.executor.query.spider_search_task.search_without_channel input_send_start=232210234 input_send_end=232210234 input_send_duration_ms=0 bytes=626
[2026-01-30 19:56:08.026] [info] [spider.worker] [TIMING] task_id=bf7d21af-ca43-469d-aa9a-2e79f6aa3425 func=job_orchestration.executor.query.spider_search_task.search_without_channel spawn_start=232210234 spawn_end=232210234 spawn_duration_ms=0
[2026-01-30 19:56:09.481] [info] [spider.worker] [TIMING] task_id=bf7d21af-ca43-469d-aa9a-2e79f6aa3425 func=job_orchestration.executor.query.spider_search_task.search_without_channel execution_start=232210235 execution_end=232211689 execution_duration_ms=1454
[2026-01-30 19:56:09.525] [info] [spider.worker] [TIMING] task_id=bf7d21af-ca43-469d-aa9a-2e79f6aa3425 func=job_orchestration.executor.query.spider_search_task.search_without_channel submit_output_start=232211692 submit_output_end=232211733 submit_output_duration_ms=41
[2026-01-30 19:56:09.569] [info] [spider.worker] [TIMING] task_id=fefa7881-ec8f-41c2-b2d4-b5a420d5c278 func=job_orchestration.executor.query.spider_search_task.search_without_channel fetch_input_start=232211777 fetch_input_end=232211778 fetch_input_duration_ms=0
[2026-01-30 19:56:09.570] [info] [spider.worker] [TIMING] task_id=fefa7881-ec8f-41c2-b2d4-b5a420d5c278 func=job_orchestration.executor.query.spider_search_task.search_without_channel input_send_start=232211778 input_send_end=232211778 input_send_duration_ms=0 bytes=626
[2026-01-30 19:56:09.570] [info] [spider.worker] [TIMING] task_id=fefa7881-ec8f-41c2-b2d4-b5a420d5c278 func=job_orchestration.executor.query.spider_search_task.search_without_channel spawn_start=232211778 spawn_end=232211778 spawn_duration_ms=0
[2026-01-30 19:56:10.785] [info] [spider.worker] [TIMING] task_id=fefa7881-ec8f-41c2-b2d4-b5a420d5c278 func=job_orchestration.executor.query.spider_search_task.search_without_channel execution_start=232211778 execution_end=232212993 execution_duration_ms=1214
[2026-01-30 19:56:10.802] [info] [spider.worker] [TIMING] task_id=fefa7881-ec8f-41c2-b2d4-b5a420d5c278 func=job_orchestration.executor.query.spider_search_task.search_without_channel submit_output_start=232212995 submit_output_end=232213010 submit_output_duration_ms=15
[2026-01-30 19:56:10.838] [info] [spider.worker] [TIMING] task_id=c2993e31-27b6-468f-8a0d-7fe927a624dc func=job_orchestration.executor.query.spider_search_task.search_without_channel fetch_input_start=232213045 fetch_input_end=232213046 fetch_input_duration_ms=0
[2026-01-30 19:56:10.838] [info] [spider.worker] [TIMING] task_id=c2993e31-27b6-468f-8a0d-7fe927a624dc func=job_orchestration.executor.query.spider_search_task.search_without_channel input_send_start=232213047 input_send_end=232213047 input_send_duration_ms=0 bytes=626
[2026-01-30 19:56:10.838] [info] [spider.worker] [TIMING] task_id=c2993e31-27b6-468f-8a0d-7fe927a624dc func=job_orchestration.executor.query.spider_search_task.search_without_channel spawn_start=232213046 spawn_end=232213047 spawn_duration_ms=0
[2026-01-30 19:56:12.067] [info] [spider.worker] [TIMING] task_id=c2993e31-27b6-468f-8a0d-7fe927a624dc func=job_orchestration.executor.query.spider_search_task.search_without_channel execution_start=232213047 execution_end=232214275 execution_duration_ms=1228
[2026-01-30 19:56:12.085] [info] [spider.worker] [TIMING] task_id=c2993e31-27b6-468f-8a0d-7fe927a624dc func=job_orchestration.executor.query.spider_search_task.search_without_channel submit_output_start=232214277 submit_output_end=232214293 submit_output_duration_ms=16
[2026-01-30 19:56:12.123] [info] [spider.worker] [TIMING] task_id=39679cbd-5641-43ee-b9ff-a138a8718ce4 func=job_orchestration.executor.query.spider_search_task.search_without_channel fetch_input_start=232214331 fetch_input_end=232214332 fetch_input_duration_ms=1
[2026-01-30 19:56:12.124] [info] [spider.worker] [TIMING] task_id=39679cbd-5641-43ee-b9ff-a138a8718ce4 func=job_orchestration.executor.query.spider_search_task.search_without_channel input_send_start=232214332 input_send_end=232214332 input_send_duration_ms=0 bytes=626
[2026-01-30 19:56:12.124] [info] [spider.worker] [TIMING] task_id=39679cbd-5641-43ee-b9ff-a138a8718ce4 func=job_orchestration.executor.query.spider_search_task.search_without_channel spawn_start=232214332 spawn_end=232214332 spawn_duration_ms=0
[2026-01-30 19:56:13.391] [info] [spider.worker] [TIMING] task_id=39679cbd-5641-43ee-b9ff-a138a8718ce4 func=job_orchestration.executor.query.spider_search_task.search_without_channel execution_start=232214332 execution_end=232215600 execution_duration_ms=1267
[2026-01-30 19:56:13.402] [info] [spider.worker] [TIMING] task_id=39679cbd-5641-43ee-b9ff-a138a8718ce4 func=job_orchestration.executor.query.spider_search_task.search_without_channel submit_output_start=232215602 submit_output_end=232215610 submit_output_duration_ms=8
[2026-01-30 19:56:13.436] [info] [spider.worker] [TIMING] task_id=220df4f0-a382-498e-b149-59cd2954c017 func=job_orchestration.executor.query.spider_search_task.search_without_channel fetch_input_start=232215643 fetch_input_end=232215644 fetch_input_duration_ms=0
[2026-01-30 19:56:13.436] [info] [spider.worker] [TIMING] task_id=220df4f0-a382-498e-b149-59cd2954c017 func=job_orchestration.executor.query.spider_search_task.search_without_channel input_send_start=232215645 input_send_end=232215645 input_send_duration_ms=0 bytes=626
[2026-01-30 19:56:13.436] [info] [spider.worker] [TIMING] task_id=220df4f0-a382-498e-b149-59cd2954c017 func=job_orchestration.executor.query.spider_search_task.search_without_channel spawn_start=232215644 spawn_end=232215645 spawn_duration_ms=0
[2026-01-30 19:56:14.593] [info] [spider.worker] [TIMING] task_id=220df4f0-a382-498e-b149-59cd2954c017 func=job_orchestration.executor.query.spider_search_task.search_without_channel execution_start=232215645 execution_end=232216801 execution_duration_ms=1156
[2026-01-30 19:56:14.611] [info] [spider.worker] [TIMING] task_id=220df4f0-a382-498e-b149-59cd2954c017 func=job_orchestration.executor.query.spider_search_task.search_without_channel submit_output_start=232216803 submit_output_end=232216819 submit_output_duration_ms=16
[2026-01-30 19:56:14.630] [info] [spider.worker] [TIMING] task_id=7bc1486b-856b-424f-b24d-ec1b3615488d func=job_orchestration.executor.query.spider_search_task.search_without_channel fetch_input_start=232216838 fetch_input_end=232216839 fetch_input_duration_ms=1
[2026-01-30 19:56:14.631] [info] [spider.worker] [TIMING] task_id=7bc1486b-856b-424f-b24d-ec1b3615488d func=job_orchestration.executor.query.spider_search_task.search_without_channel input_send_start=232216839 input_send_end=232216839 input_send_duration_ms=0 bytes=626
[2026-01-30 19:56:14.631] [info] [spider.worker] [TIMING] task_id=7bc1486b-856b-424f-b24d-ec1b3615488d func=job_orchestration.executor.query.spider_search_task.search_without_channel spawn_start=232216839 spawn_end=232216839 spawn_duration_ms=0
[2026-01-30 19:56:15.865] [info] [spider.worker] [TIMING] task_id=7bc1486b-856b-424f-b24d-ec1b3615488d func=job_orchestration.executor.query.spider_search_task.search_without_channel execution_start=232216839 execution_end=232218073 execution_duration_ms=1233
[2026-01-30 19:56:15.922] [info] [spider.worker] [TIMING] task_id=7bc1486b-856b-424f-b24d-ec1b3615488d func=job_orchestration.executor.query.spider_search_task.search_without_channel submit_output_start=232218074 submit_output_end=232218131 submit_output_duration_ms=56
[2026-01-30 19:56:15.973] [info] [spider.worker] [TIMING] task_id=309a9cee-3be3-42f8-b336-b9cbaec162e0 func=job_orchestration.executor.query.spider_search_task.search_without_channel fetch_input_start=232218180 fetch_input_end=232218181 fetch_input_duration_ms=0
[2026-01-30 19:56:15.973] [info] [spider.worker] [TIMING] task_id=309a9cee-3be3-42f8-b336-b9cbaec162e0 func=job_orchestration.executor.query.spider_search_task.search_without_channel input_send_start=232218182 input_send_end=232218182 input_send_duration_ms=0 bytes=626
[2026-01-30 19:56:15.973] [info] [spider.worker] [TIMING] task_id=309a9cee-3be3-42f8-b336-b9cbaec162e0 func=job_orchestration.executor.query.spider_search_task.search_without_channel spawn_start=232218181 spawn_end=232218182 spawn_duration_ms=0
[2026-01-30 19:56:17.152] [info] [spider.worker] [TIMING] task_id=309a9cee-3be3-42f8-b336-b9cbaec162e0 func=job_orchestration.executor.query.spider_search_task.search_without_channel execution_start=232218182 execution_end=232219360 execution_duration_ms=1178
[2026-01-30 19:56:17.208] [info] [spider.worker] [TIMING] task_id=309a9cee-3be3-42f8-b336-b9cbaec162e0 func=job_orchestration.executor.query.spider_search_task.search_without_channel submit_output_start=232219362 submit_output_end=232219417 submit_output_duration_ms=54
[2026-01-30 19:56:17.253] [info] [spider.worker] [TIMING] task_id=fee5cb60-8069-4255-9a32-e7be156bedde func=job_orchestration.executor.query.spider_search_task.search_without_channel fetch_input_start=232219460 fetch_input_end=232219461 fetch_input_duration_ms=1
[2026-01-30 19:56:17.253] [info] [spider.worker] [TIMING] task_id=fee5cb60-8069-4255-9a32-e7be156bedde func=job_orchestration.executor.query.spider_search_task.search_without_channel input_send_start=232219462 input_send_end=232219462 input_send_duration_ms=0 bytes=626
[2026-01-30 19:56:17.253] [info] [spider.worker] [TIMING] task_id=fee5cb60-8069-4255-9a32-e7be156bedde func=job_orchestration.executor.query.spider_search_task.search_without_channel spawn_start=232219461 spawn_end=232219462 spawn_duration_ms=0
[2026-01-30 19:56:18.510] [info] [spider.worker] [TIMING] task_id=fee5cb60-8069-4255-9a32-e7be156bedde func=job_orchestration.executor.query.spider_search_task.search_without_channel execution_start=232219462 execution_end=232220718 execution_duration_ms=1256
[2026-01-30 19:56:18.537] [info] [spider.worker] [TIMING] task_id=fee5cb60-8069-4255-9a32-e7be156bedde func=job_orchestration.executor.query.spider_search_task.search_without_channel submit_output_start=232220720 submit_output_end=232220746 submit_output_duration_ms=26
[2026-01-30 19:56:18.557] [info] [spider.worker] [TIMING] task_id=aebea85e-24fb-4a57-922e-a866e0d45da3 func=job_orchestration.executor.query.spider_search_task.search_without_channel fetch_input_start=232220764 fetch_input_end=232220765 fetch_input_duration_ms=0
[2026-01-30 19:56:18.557] [info] [spider.worker] [TIMING] task_id=aebea85e-24fb-4a57-922e-a866e0d45da3 func=job_orchestration.executor.query.spider_search_task.search_without_channel input_send_start=232220766 input_send_end=232220766 input_send_duration_ms=0 bytes=626
[2026-01-30 19:56:18.557] [info] [spider.worker] [TIMING] task_id=aebea85e-24fb-4a57-922e-a866e0d45da3 func=job_orchestration.executor.query.spider_search_task.search_without_channel spawn_start=232220765 spawn_end=232220766 spawn_duration_ms=0
[2026-01-30 19:56:19.781] [info] [spider.worker] [TIMING] task_id=aebea85e-24fb-4a57-922e-a866e0d45da3 func=job_orchestration.executor.query.spider_search_task.search_without_channel execution_start=232220766 execution_end=232221989 execution_duration_ms=1223
[2026-01-30 19:56:19.823] [info] [spider.worker] [TIMING] task_id=aebea85e-24fb-4a57-922e-a866e0d45da3 func=job_orchestration.executor.query.spider_search_task.search_without_channel submit_output_start=232221991 submit_output_end=232222032 submit_output_duration_ms=40
[2026-01-30 19:56:19.882] [info] [spider.worker] [TIMING] task_id=39addeb7-540b-4b9d-9262-10786e10732b func=job_orchestration.executor.query.spider_search_task.search_without_channel fetch_input_start=232222089 fetch_input_end=232222090 fetch_input_duration_ms=0
[2026-01-30 19:56:19.882] [info] [spider.worker] [TIMING] task_id=39addeb7-540b-4b9d-9262-10786e10732b func=job_orchestration.executor.query.spider_search_task.search_without_channel input_send_start=232222091 input_send_end=232222091 input_send_duration_ms=0 bytes=626
[2026-01-30 19:56:19.882] [info] [spider.worker] [TIMING] task_id=39addeb7-540b-4b9d-9262-10786e10732b func=job_orchestration.executor.query.spider_search_task.search_without_channel spawn_start=232222090 spawn_end=232222091 spawn_duration_ms=0
[2026-01-30 19:56:21.157] [info] [spider.worker] [TIMING] task_id=39addeb7-540b-4b9d-9262-10786e10732b func=job_orchestration.executor.query.spider_search_task.search_without_channel execution_start=232222091 execution_end=232223365 execution_duration_ms=1274
[2026-01-30 19:56:21.171] [info] [spider.worker] [TIMING] task_id=39addeb7-540b-4b9d-9262-10786e10732b func=job_orchestration.executor.query.spider_search_task.search_without_channel submit_output_start=232223367 submit_output_end=232223379 submit_output_duration_ms=12
[2026-01-30 19:56:21.190] [info] [spider.worker] [TIMING] task_id=43c61b6e-cc63-4b36-aea1-8c45684fdef9 func=job_orchestration.executor.query.spider_search_task.search_without_channel fetch_input_start=232223398 fetch_input_end=232223399 fetch_input_duration_ms=0
[2026-01-30 19:56:21.191] [info] [spider.worker] [TIMING] task_id=43c61b6e-cc63-4b36-aea1-8c45684fdef9 func=job_orchestration.executor.query.spider_search_task.search_without_channel input_send_start=232223399 input_send_end=232223399 input_send_duration_ms=0 bytes=626
[2026-01-30 19:56:21.191] [info] [spider.worker] [TIMING] task_id=43c61b6e-cc63-4b36-aea1-8c45684fdef9 func=job_orchestration.executor.query.spider_search_task.search_without_channel spawn_start=232223399 spawn_end=232223399 spawn_duration_ms=0
[2026-01-30 19:56:22.498] [info] [spider.worker] [TIMING] task_id=43c61b6e-cc63-4b36-aea1-8c45684fdef9 func=job_orchestration.executor.query.spider_search_task.search_without_channel execution_start=232223399 execution_end=232224706 execution_duration_ms=1306
[2026-01-30 19:56:22.530] [info] [spider.worker] [TIMING] task_id=43c61b6e-cc63-4b36-aea1-8c45684fdef9 func=job_orchestration.executor.query.spider_search_task.search_without_channel submit_output_start=232224708 submit_output_end=232224738 submit_output_duration_ms=29
[2026-01-30 19:56:22.582] [info] [spider.worker] [TIMING] task_id=f6cf2997-8a41-42c1-a746-825c4586145a func=job_orchestration.executor.query.spider_search_task.search_without_channel fetch_input_start=232224790 fetch_input_end=232224791 fetch_input_duration_ms=1
[2026-01-30 19:56:22.583] [info] [spider.worker] [TIMING] task_id=f6cf2997-8a41-42c1-a746-825c4586145a func=job_orchestration.executor.query.spider_search_task.search_without_channel input_send_start=232224791 input_send_en