[2026-01-30 19:54:16.415] [warning] [spider.worker] Prefer using `SPIDER_STORAGE_URL` environment variable over `--storage_url` argument.
[2026-01-30 19:55:08.644] [info] [spider.worker] [TIMING] task_id=75e9dd84-1e03-4d83-8283-f4d78d5005a6 func=job_orchestration.executor.query.spider_search_task.search_without_channel fetch_input_start=232150851 fetch_input_end=232150852 fetch_input_duration_ms=1
[2026-01-30 19:55:08.645] [info] [spider.worker] [TIMING] task_id=75e9dd84-1e03-4d83-8283-f4d78d5005a6 func=job_orchestration.executor.query.spider_search_task.search_without_channel input_send_start=232150853 input_send_end=232150853 input_send_duration_ms=0 bytes=626
[2026-01-30 19:55:08.645] [info] [spider.worker] [TIMING] task_id=75e9dd84-1e03-4d83-8283-f4d78d5005a6 func=job_orchestration.executor.query.spider_search_task.search_without_channel spawn_start=232150853 spawn_end=232150853 spawn_duration_ms=0
[2026-01-30 19:55:09.853] [info] [spider.worker] [TIMING] task_id=75e9dd84-1e03-4d83-8283-f4d78d5005a6 func=job_orchestration.executor.query.spider_search_task.search_without_channel execution_start=232150854 execution_end=232152062 execution_duration_ms=1207
[2026-01-30 19:55:09.863] [info] [spider.worker] [TIMING] task_id=75e9dd84-1e03-4d83-8283-f4d78d5005a6 func=job_orchestration.executor.query.spider_search_task.search_without_channel submit_output_start=232152064 submit_output_end=232152071 submit_output_duration_ms=7
[2026-01-30 19:55:09.900] [info] [spider.worker] [TIMING] task_id=9b15f6fa-f204-4fab-a3e7-017453cea9c1 func=job_orchestration.executor.query.spider_search_task.search_without_channel fetch_input_start=232152108 fetch_input_end=232152108 fetch_input_duration_ms=0
[2026-01-30 19:55:09.900] [info] [spider.worker] [TIMING] task_id=9b15f6fa-f204-4fab-a3e7-017453cea9c1 func=job_orchestration.executor.query.spider_search_task.search_without_channel input_send_start=232152109 input_send_end=232152109 input_send_duration_ms=0 bytes=626
[2026-01-30 19:55:09.900] [info] [spider.worker] [TIMING] task_id=9b15f6fa-f204-4fab-a3e7-017453cea9c1 func=job_orchestration.executor.query.spider_search_task.search_without_channel spawn_start=232152108 spawn_end=232152109 spawn_duration_ms=0
[2026-01-30 19:55:11.153] [info] [spider.worker] [TIMING] task_id=9b15f6fa-f204-4fab-a3e7-017453cea9c1 func=job_orchestration.executor.query.spider_search_task.search_without_channel execution_start=232152109 execution_end=232153361 execution_duration_ms=1252
[2026-01-30 19:55:11.163] [info] [spider.worker] [TIMING] task_id=9b15f6fa-f204-4fab-a3e7-017453cea9c1 func=job_orchestration.executor.query.spider_search_task.search_without_channel submit_output_start=232153363 submit_output_end=232153371 submit_output_duration_ms=8
[2026-01-30 19:55:11.227] [info] [spider.worker] [TIMING] task_id=bbc145ac-cab9-4ad3-9516-88a1e1066ee9 func=job_orchestration.executor.query.spider_search_task.search_without_channel fetch_input_start=232153435 fetch_input_end=232153436 fetch_input_duration_ms=0
[2026-01-30 19:55:11.228] [info] [spider.worker] [TIMING] task_id=bbc145ac-cab9-4ad3-9516-88a1e1066ee9 func=job_orchestration.executor.query.spider_search_task.search_without_channel input_send_start=232153436 input_send_end=232153436 input_send_duration_ms=0 bytes=626
[2026-01-30 19:55:11.228] [info] [spider.worker] [TIMING] task_id=bbc145ac-cab9-4ad3-9516-88a1e1066ee9 func=job_orchestration.executor.query.spider_search_task.search_without_channel spawn_start=232153436 spawn_end=232153436 spawn_duration_ms=0
[2026-01-30 19:55:12.672] [info] [spider.worker] [TIMING] task_id=bbc145ac-cab9-4ad3-9516-88a1e1066ee9 func=job_orchestration.executor.query.spider_search_task.search_without_channel execution_start=232153436 execution_end=232154881 execution_duration_ms=1444
[2026-01-30 19:55:12.680] [info] [spider.worker] [TIMING] task_id=bbc145ac-cab9-4ad3-9516-88a1e1066ee9 func=job_orchestration.executor.query.spider_search_task.search_without_channel submit_output_start=232154882 submit_output_end=232154889 submit_output_duration_ms=6
[2026-01-30 19:55:12.700] [info] [spider.worker] [TIMING] task_id=60a678e7-d2e0-4586-b464-67df2e669f3f func=job_orchestration.executor.query.spider_search_task.search_without_channel fetch_input_start=232154907 fetch_input_end=232154908 fetch_input_duration_ms=1
[2026-01-30 19:55:12.701] [info] [spider.worker] [TIMING] task_id=60a678e7-d2e0-4586-b464-67df2e669f3f func=job_orchestration.executor.query.spider_search_task.search_without_channel input_send_start=232154909 input_send_end=232154909 input_send_duration_ms=0 bytes=626
[2026-01-30 19:55:12.701] [info] [spider.worker] [TIMING] task_id=60a678e7-d2e0-4586-b464-67df2e669f3f func=job_orchestration.executor.query.spider_search_task.search_without_channel spawn_start=232154908 spawn_end=232154909 spawn_duration_ms=0
[2026-01-30 19:55:13.855] [info] [spider.worker] [TIMING] task_id=60a678e7-d2e0-4586-b464-67df2e669f3f func=job_orchestration.executor.query.spider_search_task.search_without_channel execution_start=232154909 execution_end=232156064 execution_duration_ms=1154
[2026-01-30 19:55:13.872] [info] [spider.worker] [TIMING] task_id=60a678e7-d2e0-4586-b464-67df2e669f3f func=job_orchestration.executor.query.spider_search_task.search_without_channel submit_output_start=232156065 submit_output_end=232156081 submit_output_duration_ms=15
[2026-01-30 19:55:13.883] [info] [spider.worker] [TIMING] task_id=7c67310c-2e2e-4651-a765-c521f7c4fc81 func=job_orchestration.executor.query.spider_search_task.search_without_channel fetch_input_start=232156091 fetch_input_end=232156092 fetch_input_duration_ms=1
[2026-01-30 19:55:13.884] [info] [spider.worker] [TIMING] task_id=7c67310c-2e2e-4651-a765-c521f7c4fc81 func=job_orchestration.executor.query.spider_search_task.search_without_channel input_send_start=232156092 input_send_end=232156092 input_send_duration_ms=0 bytes=626
[2026-01-30 19:55:13.884] [info] [spider.worker] [TIMING] task_id=7c67310c-2e2e-4651-a765-c521f7c4fc81 func=job_orchestration.executor.query.spider_search_task.search_without_channel spawn_start=232156092 spawn_end=232156092 spawn_duration_ms=0
[2026-01-30 19:55:15.116] [info] [spider.worker] [TIMING] task_id=7c67310c-2e2e-4651-a765-c521f7c4fc81 func=job_orchestration.executor.query.spider_search_task.search_without_channel execution_start=232156093 execution_end=232157325 execution_duration_ms=1232
[2026-01-30 19:55:15.176] [info] [spider.worker] [TIMING] task_id=7c67310c-2e2e-4651-a765-c521f7c4fc81 func=job_orchestration.executor.query.spider_search_task.search_without_channel submit_output_start=232157326 submit_output_end=232157385 submit_output_duration_ms=58
[2026-01-30 19:55:15.254] [info] [spider.worker] [TIMING] task_id=bc089df1-3c3f-4938-8d74-372b10537714 func=job_orchestration.executor.query.spider_search_task.search_without_channel fetch_input_start=232157462 fetch_input_end=232157463 fetch_input_duration_ms=0
[2026-01-30 19:55:15.255] [info] [spider.worker] [TIMING] task_id=bc089df1-3c3f-4938-8d74-372b10537714 func=job_orchestration.executor.query.spider_search_task.search_without_channel input_send_start=232157463 input_send_end=232157463 input_send_duration_ms=0 bytes=626
[2026-01-30 19:55:15.255] [info] [spider.worker] [TIMING] task_id=bc089df1-3c3f-4938-8d74-372b10537714 func=job_orchestration.executor.query.spider_search_task.search_without_channel spawn_start=232157463 spawn_end=232157463 spawn_duration_ms=0
[2026-01-30 19:55:16.609] [info] [spider.worker] [TIMING] task_id=bc089df1-3c3f-4938-8d74-372b10537714 func=job_orchestration.executor.query.spider_search_task.search_without_channel execution_start=232157464 execution_end=232158817 execution_duration_ms=1353
[2026-01-30 19:55:16.664] [info] [spider.worker] [TIMING] task_id=bc089df1-3c3f-4938-8d74-372b10537714 func=job_orchestration.executor.query.spider_search_task.search_without_channel submit_output_start=232158831 submit_output_end=232158872 submit_output_duration_ms=41
[2026-01-30 19:55:16.717] [info] [spider.worker] [TIMING] task_id=5add8769-ca2c-4475-843e-9fb43d14fa55 func=job_orchestration.executor.query.spider_search_task.search_without_channel fetch_input_start=232158924 fetch_input_end=232158925 fetch_input_duration_ms=0
[2026-01-30 19:55:16.717] [info] [spider.worker] [TIMING] task_id=5add8769-ca2c-4475-843e-9fb43d14fa55 func=job_orchestration.executor.query.spider_search_task.search_without_channel input_send_start=232158926 input_send_end=232158926 input_send_duration_ms=0 bytes=626
[2026-01-30 19:55:16.717] [info] [spider.worker] [TIMING] task_id=5add8769-ca2c-4475-843e-9fb43d14fa55 func=job_orchestration.executor.query.spider_search_task.search_without_channel spawn_start=232158925 spawn_end=232158926 spawn_duration_ms=0
[2026-01-30 19:55:18.056] [info] [spider.worker] [TIMING] task_id=5add8769-ca2c-4475-843e-9fb43d14fa55 func=job_orchestration.executor.query.spider_search_task.search_without_channel execution_start=232158926 execution_end=232160264 execution_duration_ms=1338
[2026-01-30 19:55:18.073] [info] [spider.worker] [TIMING] task_id=5add8769-ca2c-4475-843e-9fb43d14fa55 func=job_orchestration.executor.query.spider_search_task.search_without_channel submit_output_start=232160266 submit_output_end=232160281 submit_output_duration_ms=15
[2026-01-30 19:55:18.093] [info] [spider.worker] [TIMING] task_id=9229783c-cc3a-465d-babc-941e1dd17a3f func=job_orchestration.executor.query.spider_search_task.search_without_channel fetch_input_start=232160301 fetch_input_end=232160302 fetch_input_duration_ms=0
[2026-01-30 19:55:18.094] [info] [spider.worker] [TIMING] task_id=9229783c-cc3a-465d-babc-941e1dd17a3f func=job_orchestration.executor.query.spider_search_task.search_without_channel input_send_start=232160302 input_send_end=232160302 input_send_duration_ms=0 bytes=626
[2026-01-30 19:55:18.094] [info] [spider.worker] [TIMING] task_id=9229783c-cc3a-465d-babc-941e1dd17a3f func=job_orchestration.executor.query.spider_search_task.search_without_channel spawn_start=232160302 spawn_end=232160302 spawn_duration_ms=0
[2026-01-30 19:55:19.296] [info] [spider.worker] [TIMING] task_id=9229783c-cc3a-465d-babc-941e1dd17a3f func=job_orchestration.executor.query.spider_search_task.search_without_channel execution_start=232160302 execution_end=232161505 execution_duration_ms=1202
[2026-01-30 19:55:19.323] [info] [spider.worker] [TIMING] task_id=9229783c-cc3a-465d-babc-941e1dd17a3f func=job_orchestration.executor.query.spider_search_task.search_without_channel submit_output_start=232161512 submit_output_end=232161532 submit_output_duration_ms=19
[2026-01-30 19:55:19.343] [info] [spider.worker] [TIMING] task_id=93fdb1b0-514f-4777-9aee-a770530d17ca func=job_orchestration.executor.query.spider_search_task.search_without_channel fetch_input_start=232161550 fetch_input_end=232161551 fetch_input_duration_ms=1
[2026-01-30 19:55:19.344] [info] [spider.worker] [TIMING] task_id=93fdb1b0-514f-4777-9aee-a770530d17ca func=job_orchestration.executor.query.spider_search_task.search_without_channel input_send_start=232161552 input_send_end=232161552 input_send_duration_ms=0 bytes=626
[2026-01-30 19:55:19.344] [info] [spider.worker] [TIMING] task_id=93fdb1b0-514f-4777-9aee-a770530d17ca func=job_orchestration.executor.query.spider_search_task.search_without_channel spawn_start=232161551 spawn_end=232161552 spawn_duration_ms=0
[2026-01-30 19:55:20.491] [info] [spider.worker] [TIMING] task_id=93fdb1b0-514f-4777-9aee-a770530d17ca func=job_orchestration.executor.query.spider_search_task.search_without_channel execution_start=232161552 execution_end=232162700 execution_duration_ms=1147
[2026-01-30 19:55:20.530] [info] [spider.worker] [TIMING] task_id=93fdb1b0-514f-4777-9aee-a770530d17ca func=job_orchestration.executor.query.spider_search_task.search_without_channel submit_output_start=232162701 submit_output_end=232162738 submit_output_duration_ms=37
[2026-01-30 19:55:20.576] [info] [spider.worker] [TIMING] task_id=c70c3dd4-ee79-480c-af02-bb44d964a60c func=job_orchestration.executor.query.spider_search_task.search_without_channel fetch_input_start=232162783 fetch_input_end=232162784 fetch_input_duration_ms=0
[2026-01-30 19:55:20.576] [info] [spider.worker] [TIMING] task_id=c70c3dd4-ee79-480c-af02-bb44d964a60c func=job_orchestration.executor.query.spider_search_task.search_without_channel input_send_start=232162784 input_send_end=232162784 input_send_duration_ms=0 bytes=626
[2026-01-30 19:55:20.576] [info] [spider.worker] [TIMING] task_id=c70c3dd4-ee79-480c-af02-bb44d964a60c func=job_orchestration.executor.query.spider_search_task.search_without_channel spawn_start=232162784 spawn_end=232162784 spawn_duration_ms=0
[2026-01-30 19:55:21.878] [info] [spider.worker] [TIMING] task_id=c70c3dd4-ee79-480c-af02-bb44d964a60c func=job_orchestration.executor.query.spider_search_task.search_without_channel execution_start=232162785 execution_end=232164086 execution_duration_ms=1301
[2026-01-30 19:55:21.891] [info] [spider.worker] [TIMING] task_id=c70c3dd4-ee79-480c-af02-bb44d964a60c func=job_orchestration.executor.query.spider_search_task.search_without_channel submit_output_start=232164088 submit_output_end=232164099 submit_output_duration_ms=11
[2026-01-30 19:55:21.928] [info] [spider.worker] [TIMING] task_id=544fe1f1-9344-4bee-a23c-4fe1ec342791 func=job_orchestration.executor.query.spider_search_task.search_without_channel fetch_input_start=232164135 fetch_input_end=232164137 fetch_input_duration_ms=1
[2026-01-30 19:55:21.929] [info] [spider.worker] [TIMING] task_id=544fe1f1-9344-4bee-a23c-4fe1ec342791 func=job_orchestration.executor.query.spider_search_task.search_without_channel input_send_start=232164137 input_send_end=232164137 input_send_duration_ms=0 bytes=626
[2026-01-30 19:55:21.929] [info] [spider.worker] [TIMING] task_id=544fe1f1-9344-4bee-a23c-4fe1ec342791 func=job_orchestration.executor.query.spider_search_task.search_without_channel spawn_start=232164137 spawn_end=232164137 spawn_duration_ms=0
[2026-01-30 19:55:23.182] [info] [spider.worker] [TIMING] task_id=544fe1f1-9344-4bee-a23c-4fe1ec342791 func=job_orchestration.executor.query.spider_search_task.search_without_channel execution_start=232164138 execution_end=232165390 execution_duration_ms=1252
[2026-01-30 19:55:23.211] [info] [spider.worker] [TIMING] task_id=544fe1f1-9344-4bee-a23c-4fe1ec342791 func=job_orchestration.executor.query.spider_search_task.search_without_channel submit_output_start=232165392 submit_output_end=232165419 submit_output_duration_ms=27
[2026-01-30 19:55:23.235] [info] [spider.worker] [TIMING] task_id=56a6563c-0cd8-4279-b2cc-29533d6a0589 func=job_orchestration.executor.query.spider_search_task.search_without_channel fetch_input_start=232165443 fetch_input_end=232165444 fetch_input_duration_ms=1
[2026-01-30 19:55:23.236] [info] [spider.worker] [TIMING] task_id=56a6563c-0cd8-4279-b2cc-29533d6a0589 func=job_orchestration.executor.query.spider_search_task.search_without_channel input_send_start=232165444 input_send_end=232165444 input_send_duration_ms=0 bytes=626
[2026-01-30 19:55:23.236] [info] [spider.worker] [TIMING] task_id=56a6563c-0cd8-4279-b2cc-29533d6a0589 func=job_orchestration.executor.query.spider_search_task.search_without_channel spawn_start=232165444 spawn_end=232165444 spawn_duration_ms=0
[2026-01-30 19:55:24.473] [info] [spider.worker] [TIMING] task_id=56a6563c-0cd8-4279-b2cc-29533d6a0589 func=job_orchestration.executor.query.spider_search_task.search_without_channel execution_start=232165444 execution_end=232166681 execution_duration_ms=1236
[2026-01-30 19:55:24.483] [info] [spider.worker] [TIMING] task_id=56a6563c-0cd8-4279-b2cc-29533d6a0589 func=job_orchestration.executor.query.spider_search_task.search_without_channel submit_output_start=232166683 submit_output_end=232166691 submit_output_duration_ms=8
[2026-01-30 19:55:24.502] [info] [spider.worker] [TIMING] task_id=e7787847-5e7f-4f04-a77c-74a21bd36a56 func=job_orchestration.executor.query.spider_search_task.search_without_channel fetch_input_start=232166709 fetch_input_end=232166710 fetch_input_duration_ms=0
[2026-01-30 19:55:24.502] [info] [spider.worker] [TIMING] task_id=e7787847-5e7f-4f04-a77c-74a21bd36a56 func=job_orchestration.executor.query.spider_search_task.search_without_channel input_send_start=232166711 input_send_end=232166711 input_send_duration_ms=0 bytes=626
[2026-01-30 19:55:24.502] [info] [spider.worker] [TIMING] task_id=e7787847-5e7f-4f04-a77c-74a21bd36a56 func=job_orchestration.executor.query.spider_search_task.search_without_channel spawn_start=232166710 spawn_end=232166711 spawn_duration_ms=0
[2026-01-30 19:55:25.725] [info] [spider.worker] [TIMING] task_id=e7787847-5e7f-4f04-a77c-74a21bd36a56 func=job_orchestration.executor.query.spider_search_task.search_without_channel execution_start=232166711 execution_end=232167933 execution_duration_ms=1222
[2026-01-30 19:55:25.742] [info] [spider.worker] [TIMING] task_id=e7787847-5e7f-4f04-a77c-74a21bd36a56 func=job_orchestration.executor.query.spider_search_task.search_without_channel submit_output_start=232167935 submit_output_end=232167950 submit_output_duration_ms=14
[2026-01-30 19:55:25.761] [info] [spider.worker] [TIMING] task_id=c730c4e2-b441-4ed8-a64f-b8b244d4c16b func=job_orchestration.executor.query.spider_search_task.search_without_channel fetch_input_start=232167969 fetch_input_end=232167970 fetch_input_duration_ms=0
[2026-01-30 19:55:25.762] [info] [spider.worker] [TIMING] task_id=c730c4e2-b441-4ed8-a64f-b8b244d4c16b func=job_orchestration.executor.query.spider_search_task.search_without_channel input_send_start=232167970 input_send_end=232167970 input_send_duration_ms=0 bytes=626
[2026-01-30 19:55:25.762] [info] [spider.worker] [TIMING] task_id=c730c4e2-b441-4ed8-a64f-b8b244d4c16b func=job_orchestration.executor.query.spider_search_task.search_without_channel spawn_start=232167970 spawn_end=232167970 spawn_duration_ms=0
[2026-01-30 19:55:26.982] [info] [spider.worker] [TIMING] task_id=c730c4e2-b441-4ed8-a64f-b8b244d4c16b func=job_orchestration.executor.query.spider_search_task.search_without_channel execution_start=232167970 execution_end=232169191 execution_duration_ms=1220
[2026-01-30 19:55:27.058] [info] [spider.worker] [TIMING] task_id=c730c4e2-b441-4ed8-a64f-b8b244d4c16b func=job_orchestration.executor.query.spider_search_task.search_without_channel submit_output_start=232169193 submit_output_end=232169267 submit_output_duration_ms=74
[2026-01-30 19:55:27.103] [info] [spider.worker] [TIMING] task_id=e3033dbe-5ae4-4c94-8de5-21caa1fca91a func=job_orchestration.executor.query.spider_search_task.search_without_channel fetch_input_start=232169310 fetch_input_end=232169311 fetch_input_duration_ms=0
[2026-01-30 19:55:27.103] [info] [spider.worker] [TIMING] task_id=e3033dbe-5ae4-4c94-8de5-21caa1fca91a func=job_orchestration.executor.query.spider_search_task.search_without_channel input_send_start=232169311 input_send_end=232169311 input_send_duration_ms=0 bytes=626
[2026-01-30 19:55:27.103] [info] [spider.worker] [TIMING] task_id=e3033dbe-5ae4-4c94-8de5-21caa1fca91a func=job_orchestration.executor.query.spider_search_task.search_without_channel spawn_start=232169311 spawn_end=232169311 spawn_duration_ms=0
[2026-01-30 19:55:28.298] [info] [spider.worker] [TIMING] task_id=e3033dbe-5ae4-4c94-8de5-21caa1fca91a func=job_orchestration.executor.query.spider_search_task.search_without_channel execution_start=232169312 execution_end=232170507 execution_duration_ms=1195
[2026-01-30 19:55:28.317] [info] [spider.worker] [TIMING] task_id=e3033dbe-5ae4-4c94-8de5-21caa1fca91a func=job_orchestration.executor.query.spider_search_task.search_without_channel submit_output_start=232170509 submit_output_end=232170526 submit_output_duration_ms=17
[2026-01-30 19:55:28.358] [info] [spider.worker] [TIMING] task_id=54e66a2c-a4be-4552-ac45-b12fcc282bbe func=job_orchestration.executor.query.spider_search_task.search_without_channel fetch_input_start=232170565 fetch_input_end=232170566 fetch_input_duration_ms=0
[2026-01-30 19:55:28.358] [info] [spider.worker] [TIMING] task_id=54e66a2c-a4be-4552-ac45-b12fcc282bbe func=job_orchestration.executor.query.spider_search_task.search_without_channel input_send_start=232170566 input_send_end=232170566 input_send_duration_ms=0 bytes=626
[2026-01-30 19:55:28.358] [info] [spider.worker] [TIMING] task_id=54e66a2c-a4be-4552-ac45-b12fcc282bbe func=job_orchestration.executor.query.spider_search_task.search_without_channel spawn_start=232170566 spawn_end=232170566 spawn_duration_ms=0
[2026-01-30 19:55:29.604] [info] [spider.worker] [TIMING] task_id=54e66a2c-a4be-4552-ac45-b12fcc282bbe func=job_orchestration.executor.query.spider_search_task.search_without_channel execution_start=232170567 execution_end=232171812 execution_duration_ms=1245
[2026-01-30 19:55:29.617] [info] [spider.worker] [TIMING] task_id=54e66a2c-a4be-4552-ac45-b12fcc282bbe func=job_orchestration.executor.query.spider_search_task.search_without_channel submit_output_start=232171814 submit_output_end=232171826 submit_output_duration_ms=11
[2026-01-30 19:55:29.662] [info] [spider.worker] [TIMING] task_id=6498aa32-8d96-48cd-a3cb-f79ca967250f func=job_orchestration.executor.query.spider_search_task.search_without_channel fetch_input_start=232171869 fetch_input_end=232171870 fetch_input_duration_ms=1
[2026-01-30 19:55:29.662] [info] [spider.worker] [TIMING] task_id=6498aa32-8d96-48cd-a3cb-f79ca967250f func=job_orchestration.executor.query.spider_search_task.search_without_channel input_send_start=232171871 input_send_end=232171871 input_send_duration_ms=0 bytes=626
[2026-01-30 19:55:29.663] [info] [spider.worker] [TIMING] task_id=6498aa32-8d96-48cd-a3cb-f79ca967250f func=job_orchestration.executor.query.spider_search_task.search_without_channel spawn_start=232171870 spawn_end=232171871 spawn_duration_ms=0
[2026-01-30 19:55:30.774] [info] [spider.worker] [TIMING] task_id=6498aa32-8d96-48cd-a3cb-f79ca967250f func=job_orchestration.executor.query.spider_search_task.search_without_channel execution_start=232171871 execution_end=232172982 execution_duration_ms=1110
[2026-01-30 19:55:30.810] [info] [spider.worker] [TIMING] task_id=6498aa32-8d96-48cd-a3cb-f79ca967250f func=job_orchestration.executor.query.spider_search_task.search_without_channel submit_output_start=232172984 submit_output_end=232173018 submit_output_duration_ms=34
[2026-01-30 19:55:30.829] [info] [spider.worker] [TIMING] task_id=99b0aac6-f618-4c6f-856b-76a8d956eff8 func=job_orchestration.executor.query.spider_search_task.search_without_channel fetch_input_start=232173036 fetch_input_end=232173037 fetch_input_duration_ms=1
[2026-01-30 19:55:30.829] [info] [spider.worker] [TIMING] task_id=99b0aac6-f618-4c6f-856b-76a8d956eff8 func=job_orchestration.executor.query.spider_search_task.search_without_channel input_send_start=232173038 input_send_end=232173038 input_send_duration_ms=0 bytes=626
[2026-01-30 19:55:30.829] [info] [spider.worker] [TIMING] task_id=99b0aac6-f618-4c6f-856b-76a8d956eff8 func=job_orchestration.executor.query.spider_search_task.search_without_channel spawn_start=232173037 spawn_end=232173038 spawn_duration_ms=0
[2026-01-30 19:55:32.268] [info] [spider.worker] [TIMING] task_id=99b0aac6-f618-4c6f-856b-76a8d956eff8 func=job_orchestration.executor.query.spider_search_task.search_without_channel execution_start=232173038 execution_end=232174477 execution_duration_ms=1438
[2026-01-30 19:55:32.305] [info] [spider.worker] [TIMING] task_id=99b0aac6-f618-4c6f-856b-76a8d956eff8 func=job_orchestration.executor.query.spider_search_task.search_without_channel submit_output_start=232174478 submit_output_end=232174513 submit_output_duration_ms=35
[2026-01-30 19:55:32.328] [info] [spider.worker] [TIMING] task_id=1d022cbd-8e70-4590-9467-9f3e339aa3c1 func=job_orchestration.executor.query.spider_search_task.search_without_channel fetch_input_start=232174536 fetch_input_end=232174537 fetch_input_duration_ms=0
[2026-01-30 19:55:32.329] [info] [spider.worker] [TIMING] task_id=1d022cbd-8e70-4590-9467-9f3e339aa3c1 func=job_orchestration.executor.query.spider_search_task.search_without_channel input_send_start=232174537 input_send_end=232174537 input_send_duration_ms=0 bytes=626
[2026-01-30 19:55:32.329] [info] [spider.worker] [TIMING] task_id=1d022cbd-8e70-4590-9467-9f3e339aa3c1 func=job_orchestration.executor.query.spider_search_task.search_without_channel spawn_start=232174537 spawn_end=232174537 spawn_duration_ms=0
[2026-01-30 19:55:33.507] [info] [spider.worker] [TIMING] task_id=1d022cbd-8e70-4590-9467-9f3e339aa3c1 func=job_orchestration.executor.query.spider_search_task.search_without_channel execution_start=232174538 execution_end=232175715 execution_duration_ms=1177
[2026-01-30 19:55:33.535] [info] [spider.worker] [TIMING] task_id=1d022cbd-8e70-4590-9467-9f3e339aa3c1 func=job_orchestration.executor.query.spider_search_task.search_without_channel submit_output_start=232175726 submit_output_end=232175743 submit_output_duration_ms=17
[2026-01-30 19:55:33.577] [info] [spider.worker] [TIMING] task_id=303b1f34-a417-4caa-b99b-fa5ea8982e9b func=job_orchestration.executor.query.spider_search_task.search_without_channel fetch_input_start=232175784 fetch_input_end=232175785 fetch_input_duration_ms=0
[2026-01-30 19:55:33.577] [info] [spider.worker] [TIMING] task_id=303b1f34-a417-4caa-b99b-fa5ea8982e9b func=job_orchestration.executor.query.spider_search_task.search_without_channel input_send_start=232175785 input_send_end=232175785 input_send_duration_ms=0 bytes=626
[2026-01-30 19:55:33.577] [info] [spider.worker] [TIMING] task_id=303b1f34-a417-4caa-b99b-fa5ea8982e9b func=job_orchestration.executor.query.spider_search_task.search_without_channel spawn_start=232175785 spawn_end=232175785 spawn_duration_ms=0
[2026-01-30 19:55:34.827] [info] [spider.worker] [TIMING] task_id=303b1f34-a417-4caa-b99b-fa5ea8982e9b func=job_orchestration.executor.query.spider_search_task.search_without_channel execution_start=232175786 execution_end=232177035 execution_duration_ms=1249
[2026-01-30 19:55:34.860] [info] [spider.worker] [TIMING] task_id=303b1f34-a417-4caa-b99b-fa5ea8982e9b func=job_orchestration.executor.query.spider_search_task.search_without_channel submit_output_start=232177037 submit_output_end=232177069 submit_output_duration_ms=31
[2026-01-30 19:55:34.897] [info] [spider.worker] [TIMING] task_id=5d598d53-e1d9-4508-ae50-ad2d3977a6fb func=job_orchestration.executor.query.spider_search_task.search_without_channel fetch_input_start=232177104 fetch_input_end=232177105 fetch_input_duration_ms=1
[2026-01-30 19:55:34.897] [info] [spider.worker] [TIMING] task_id=5d598d53-e1d9-4508-ae50-ad2d3977a6fb func=job_orchestration.executor.query.spider_search_task.search_without_channel input_send_start=232177106 input_send_end=232177106 input_send_duration_ms=0 bytes=626
[2026-01-30 19:55:34.897] [info] [spider.worker] [TIMING] task_id=5d598d53-e1d9-4508-ae50-ad2d3977a6fb func=job_orchestration.executor.query.spider_search_task.search_without_channel spawn_start=232177105 spawn_end=232177106 spawn_duration_ms=0
[2026-01-30 19:55:36.125] [info] [spider.worker] [TIMING] task_id=5d598d53-e1d9-4508-ae50-ad2d3977a6fb func=job_orchestration.executor.query.spider_search_task.search_without_channel execution_start=232177106 execution_end=232178334 execution_duration_ms=1227
[2026-01-30 19:55:36.135] [info] [spider.worker] [TIMING] task_id=5d598d53-e1d9-4508-ae50-ad2d3977a6fb func=job_orchestration.executor.query.spider_search_task.search_without_channel submit_output_start=232178335 submit_output_end=232178344 submit_output_duration_ms=8
[2026-01-30 19:55:36.155] [info] [spider.worker] [TIMING] task_id=9bc86c21-a558-4249-a301-d58e4797bdb5 func=job_orchestration.executor.query.spider_search_task.search_without_channel fetch_input_start=232178362 fetch_input_end=232178364 fetch_input_duration_ms=1
[2026-01-30 19:55:36.156] [info] [spider.worker] [TIMING] task_id=9bc86c21-a558-4249-a301-d58e4797bdb5 func=job_orchestration.executor.query.spider_search_task.search_without_channel input_send_start=232178364 input_send_end=232178364 input_send_duration_ms=0 bytes=626
[2026-01-30 19:55:36.156] [info] [spider.worker] [TIMING] task_id=9bc86c21-a558-4249-a301-d58e4797bdb5 func=job_orchestration.executor.query.spider_search_task.search_without_channel spawn_start=232178364 spawn_end=232178364 spawn_duration_ms=0
[2026-01-30 19:55:37.488] [info] [spider.worker] [TIMING] task_id=9bc86c21-a558-4249-a301-d58e4797bdb5 func=job_orchestration.executor.query.spider_search_task.search_without_channel execution_start=232178365 execution_end=232179697 execution_duration_ms=1332
[2026-01-30 19:55:37.524] [info] [spider.worker] [TIMING] task_id=9bc86c21-a558-4249-a301-d58e4797bdb5 func=job_orchestration.executor.query.spider_search_task.search_without_channel submit_output_start=232179699 submit_output_end=232179733 submit_output_duration_ms=34
[2026-01-30 19:55:37.547] [info] [spider.worker] [TIMING] task_id=d57a8e2d-d9fc-440c-bcb2-1736e02059f5 func=job_orchestration.executor.query.spider_search_task.search_without_channel fetch_input_start=232179754 fetch_input_end=232179755 fetch_input_duration_ms=1
[2026-01-30 19:55:37.547] [info] [spider.worker] [TIMING] task_id=d57a8e2d-d9fc-440c-bcb2-1736e02059f5 func=job_orchestration.executor.query.spider_search_task.search_without_channel input_send_start=232179756 input_send_end=232179756 input_send_duration_ms=0 bytes=626
[2026-01-30 19:55:37.547] [info] [spider.worker] [TIMING] task_id=d57a8e2d-d9fc-440c-bcb2-1736e02059f5 func=job_orchestration.executor.query.spider_search_task.search_without_channel spawn_start=232179755 spawn_end=232179756 spawn_duration_ms=0
[2026-01-30 19:55:38.893] [info] [spider.worker] [TIMING] task_id=d57a8e2d-d9fc-440c-bcb2-1736e02059f5 func=job_orchestration.executor.query.spider_search_task.search_without_channel execution_start=232179756 execution_end=232181102 execution_duration_ms=1345
[2026-01-30 19:55:38.928] [info] [spider.worker] [TIMING] task_id=d57a8e2d-d9fc-440c-bcb2-1736e02059f5 func=job_orchestration.executor.query.spider_search_task.search_without_channel submit_output_start=232181104 submit_output_end=232181136 submit_output_duration_ms=32
[2026-01-30 19:55:38.964] [info] [spider.worker] [TIMING] task_id=a961442f-3f9a-4151-a5c1-a4860b212729 func=job_orchestration.executor.query.spider_search_task.search_without_channel fetch_input_start=232181172 fetch_input_end=232181173 fetch_input_duration_ms=1
[2026-01-30 19:55:38.965] [info] [spider.worker] [TIMING] task_id=a961442f-3f9a-4151-a5c1-a4860b212729 func=job_orchestration.executor.query.spider_search_task.search_without_channel input_send_start=232181173 input_send_end=232181173 input_send_duration_ms=0 bytes=626
[2026-01-30 19:55:38.965] [info] [spider.worker] [TIMING] task_id=a961442f-3f9a-4151-a5c1-a4860b212729 func=job_orchestration.executor.query.spider_search_task.search_without_channel spawn_start=232181173 spawn_end=232181173 spawn_duration_ms=0
[2026-01-30 19:55:40.164] [info] [spider.worker] [TIMING] task_id=a961442f-3f9a-4151-a5c1-a4860b212729 func=job_orchestration.executor.query.spider_search_task.search_without_channel execution_start=232181174 execution_end=232182372 execution_duration_ms=1198
[2026-01-30 19:55:40.178] [info] [spider.worker] [TIMING] task_id=a961442f-3f9a-4151-a5c1-a4860b212729 func=job_orchestration.executor.query.spider_search_task.search_without_channel submit_output_start=232182374 submit_output_end=232182386 submit_output_duration_ms=11
[2026-01-30 19:55:40.197] [info] [spider.worker] [TIMING] task_id=539cd0e6-84b8-4e4a-b1f5-f1c6eec0e3d5 func=job_orchestration.executor.query.spider_search_task.search_without_channel fetch_input_start=232182404 fetch_input_end=232182405 fetch_input_duration_ms=0
[2026-01-30 19:55:40.197] [info] [spider.worker] [TIMING] task_id=539cd0e6-84b8-4e4a-b1f5-f1c6eec0e3d5 func=job_orchestration.executor.query.spider_search_task.search_without_channel input_send_start=232182406 input_send_end=232182406 input_send_duration_ms=0 bytes=626
[2026-01-30 19:55:40.197] [info] [spider.worker] [TIMING] task_id=539cd0e6-84b8-4e4a-b1f5-f1c6eec0e3d5 func=job_orchestration.executor.query.spider_search_task.search_without_channel spawn_start=232182405 spawn_end=232182406 spawn_duration_ms=0
[2026-01-30 19:55:41.334] [info] [spider.worker] [TIMING] task_id=539cd0e6-84b8-4e4a-b1f5-f1c6eec0e3d5 func=job_orchestration.executor.query.spider_search_task.search_without_channel execution_start=232182406 execution_end=232183543 execution_duration_ms=1136
[2026-01-30 19:55:41.353] [info] [spider.worker] [TIMING] task_id=539cd0e6-84b8-4e4a-b1f5-f1c6eec0e3d5 func=job_orchestration.executor.query.spider_search_task.search_without_channel submit_output_start=232183544 submit_output_end=232183561 submit_output_duration_ms=17
[2026-01-30 19:55:41.372] [info] [spider.worker] [TIMING] task_id=cb2fbdd5-7360-46d1-a4a3-8d1eb3b40899 func=job_orchestration.executor.query.spider_search_task.search_without_channel fetch_input_start=232183579 fetch_input_end=232183580 fetch_input_duration_ms=0
[2026-01-30 19:55:41.372] [info] [spider.worker] [TIMING] task_id=cb2fbdd5-7360-46d1-a4a3-8d1eb3b40899 func=job_orchestration.executor.query.spider_search_task.search_without_channel input_send_start=232183581 input_send_end=232183581 input_send_duration_ms=0 bytes=626
[2026-01-30 19:55:41.372] [info] [spider.worker] [TIMING] task_id=cb2fbdd5-7360-46d1-a4a3-8d1eb3b40899 func=job_orchestration.executor.query.spider_search_task.search_without_channel spawn_start=232183580 spawn_end=232183581 spawn_duration_ms=0
[2026-01-30 19:55:42.598] [info] [spider.worker] [TIMING] task_id=cb2fbdd5-7360-46d1-a4a3-8d1eb3b40899 func=job_orchestration.executor.query.spider_search_task.search_without_channel execution_start=232183581 execution_end=232184806 execution_duration_ms=1225
[2026-01-30 19:55:42.636] [info] [spider.worker] [TIMING] task_id=cb2fbdd5-7360-46d1-a4a3-8d1eb3b40899 func=job_orchestration.executor.query.spider_search_task.search_without_channel submit_output_start=232184808 submit_output_end=232184845 submit_output_duration_ms=36
[2026-01-30 19:55:42.656] [info] [spider.worker] [TIMING] task_id=9813f8c6-94ca-4053-9039-09ac94366956 func=job_orchestration.executor.query.spider_search_task.search_without_channel fetch_input_start=232184863 fetch_input_end=232184865 fetch_input_duration_ms=1
[2026-01-30 19:55:42.657] [info] [spider.worker] [TIMING] task_id=9813f8c6-94ca-4053-9039-09ac94366956 func=job_orchestration.executor.query.spider_search_task.search_without_channel input_send_start=232184865 input_send_end=232184865 input_send_duration_ms=0 bytes=626
[2026-01-30 19:55:42.657] [info] [spider.worker] [TIMING] task_id=9813f8c6-94ca-4053-9039-09ac94366956 func=job_orchestration.executor.query.spider_search_task.search_without_channel spawn_start=232184865 spawn_end=232184865 spawn_duration_ms=0
[2026-01-30 19:55:43.853] [info] [spider.worker] [TIMING] task_id=9813f8c6-94ca-4053-9039-09ac94366956 func=job_orchestration.executor.query.spider_search_task.search_without_channel execution_start=232184865 execution_end=232186061 execution_duration_ms=1195
[2026-01-30 19:55:43.870] [info] [spider.worker] [TIMING] task_id=9813f8c6-94ca-4053-9039-09ac94366956 func=job_orchestration.executor.query.spider_search_task.search_without_channel submit_output_start=232186063 submit_output_end=232186078 submit_output_duration_ms=14
[2026-01-30 19:55:43.890] [info] [spider.worker] [TIMING] task_id=7ba2d533-1d20-40f3-84ef-d6ca42e7b210 func=job_orchestration.executor.query.spider_search_task.search_without_channel fetch_input_start=232186097 fetch_input_end=232186098 fetch_input_duration_ms=1
[2026-01-30 19:55:43.890] [info] [spider.worker] [TIMING] task_id=7ba2d533-1d20-40f3-84ef-d6ca42e7b210 func=job_orchestration.executor.query.spider_search_task.search_without_channel input_send_start=232186099 input_send_end=232186099 input_send_duration_ms=0 bytes=626
[2026-01-30 19:55:43.890] [info] [spider.worker] [TIMING] task_id=7ba2d533-1d20-40f3-84ef-d6ca42e7b210 func=job_orchestration.executor.query.spider_search_task.search_without_channel spawn_start=232186098 spawn_end=232186099 spawn_duration_ms=0
[2026-01-30 19:55:45.089] [info] [spider.worker] [TIMING] task_id=7ba2d533-1d20-40f3-84ef-d6ca42e7b210 func=job_orchestration.executor.query.spider_search_task.search_without_channel execution_start=232186099 execution_end=232187298 execution_duration_ms=1198
[2026-01-30 19:55:45.126] [info] [spider.worker] [TIMING] task_id=7ba2d533-1d20-40f3-84ef-d6ca42e7b210 func=job_orchestration.executor.query.spider_search_task.search_without_channel submit_output_start=232187300 submit_output_end=232187334 submit_output_duration_ms=34
[2026-01-30 19:55:45.148] [info] [spider.worker] [TIMING] task_id=cdc566b6-ce31-4dad-af26-8b9b7d45abb5 func=job_orchestration.executor.query.spider_search_task.search_without_channel fetch_input_start=232187355 fetch_input_end=232187356 fetch_input_duration_ms=1
[2026-01-30 19:55:45.149] [info] [spider.worker] [TIMING] task_id=cdc566b6-ce31-4dad-af26-8b9b7d45abb5 func=job_orchestration.executor.query.spider_search_task.search_without_channel input_send_start=232187357 input_send_end=232187357 input_send_duration_ms=0 bytes=626
[2026-01-30 19:55:45.149] [info] [spider.worker] [TIMING] task_id=cdc566b6-ce31-4dad-af26-8b9b7d45abb5 func=job_orchestration.executor.query.spider_search_task.search_without_channel spawn_start=232187357 spawn_end=232187357 spawn_duration_ms=0
[2026-01-30 19:55:46.260] [info] [spider.worker] [TIMING] task_id=cdc566b6-ce31-4dad-af26-8b9b7d45abb5 func=job_orchestration.executor.query.spider_search_task.search_without_channel execution_start=232187358 execution_end=232188468 execution_duration_ms=1110
[2026-01-30 19:55:46.279] [info] [spider.worker] [TIMING] task_id=cdc566b6-ce31-4dad-af26-8b9b7d45abb5 func=job_orchestration.executor.query.spider_search_task.search_without_channel submit_output_start=232188470 submit_output_end=232188487 submit_output_duration_ms=17
[2026-01-30 19:55:46.317] [info] [spider.worker] [TIMING] task_id=fd72817f-64ea-4865-b845-311f40c9dfd0 func=job_orchestration.executor.query.spider_search_task.search_without_channel fetch_input_start=232188524 fetch_input_end=232188525 fetch_input_duration_ms=1
[2026-01-30 19:55:46.317] [info] [spider.worker] [TIMING] task_id=fd72817f-64ea-4865-b845-311f40c9dfd0 func=job_orchestration.executor.query.spider_search_task.search_without_channel input_send_start=232188526 input_send_end=232188526 input_send_duration_ms=0 bytes=626
[2026-01-30 19:55:46.317] [info] [spider.worker] [TIMING] task_id=fd72817f-64ea-4865-b845-311f40c9dfd0 func=job_orchestration.executor.query.spider_search_task.search_without_channel spawn_start=232188525 spawn_end=232188526 spawn_duration_ms=0
[2026-01-30 19:55:47.730] [info] [spider.worker] [TIMING] task_id=fd72817f-64ea-4865-b845-311f40c9dfd0 func=job_orchestration.executor.query.spider_search_task.search_without_channel execution_start=232188526 execution_end=232189938 execution_duration_ms=1412
[2026-01-30 19:55:47.771] [info] [spider.worker] [TIMING] task_id=fd72817f-64ea-4865-b845-311f40c9dfd0 func=job_orchestration.executor.query.spider_search_task.search_without_channel submit_output_start=232189940 submit_output_end=232189979 submit_output_duration_ms=39
[2026-01-30 19:55:47.791] [info] [spider.worker] [TIMING] task_id=de62f198-3ee2-4e04-b6cf-442b0734ad62 func=job_orchestration.executor.query.spider_search_task.search_without_channel fetch_input_start=232189998 fetch_input_end=232189999 fetch_input_duration_ms=1
[2026-01-30 19:55:47.791] [info] [spider.worker] [TIMING] task_id=de62f198-3ee2-4e04-b6cf-442b0734ad62 func=job_orchestration.executor.query.spider_search_task.search_without_channel input_send_start=232190000 input_send_end=232190000 input_send_duration_ms=0 bytes=626
[2026-01-30 19:55:47.791] [info] [spider.worker] [TIMING] task_id=de62f198-3ee2-4e04-b6cf-442b0734ad62 func=job_orchestration.executor.query.spider_search_task.search_without_channel spawn_start=232189999 spawn_end=232190000 spawn_duration_ms=0
[2026-01-30 19:55:48.943] [info] [spider.worker] [TIMING] task_id=de62f198-3ee2-4e04-b6cf-442b0734ad62 func=job_orchestration.executor.query.spider_search_task.search_without_channel execution_start=232190000 execution_end=232191151 execution_duration_ms=1151
[2026-01-30 19:55:48.978] [info] [spider.worker] [TIMING] task_id=de62f198-3ee2-4e04-b6cf-442b0734ad62 func=job_orchestration.executor.query.spider_search_task.search_without_channel submit_output_start=232191153 submit_output_end=232191186 submit_output_duration_ms=33
[2026-01-30 19:55:48.999] [info] [spider.worker] [TIMING] task_id=e054b3c8-1a8a-43d3-bffe-7fbfed4a5006 func=job_orchestration.executor.query.spider_search_task.search_without_channel fetch_input_start=232191206 fetch_input_end=232191207 fetch_input_duration_ms=0
[2026-01-30 19:55:48.999] [info] [spider.worker] [TIMING] task_id=e054b3c8-1a8a-43d3-bffe-7fbfed4a5006 func=job_orchestration.executor.query.spider_search_task.search_without_channel input_send_start=232191207 input_send_end=232191207 input_send_duration_ms=0 bytes=626
[2026-01-30 19:55:48.999] [info] [spider.worker] [TIMING] task_id=e054b3c8-1a8a-43d3-bffe-7fbfed4a5006 func=job_orchestration.executor.query.spider_search_task.search_without_channel spawn_start=232191207 spawn_end=232191207 spawn_duration_ms=0
[2026-01-30 19:55:50.120] [info] [spider.worker] [TIMING] task_id=e054b3c8-1a8a-43d3-bffe-7fbfed4a5006 func=job_orchestration.executor.query.spider_search_task.search_without_channel execution_start=232191208 execution_end=232192328 execution_duration_ms=1120
[2026-01-30 19:55:50.155] [info] [spider.worker] [TIMING] task_id=e054b3c8-1a8a-43d3-bffe-7fbfed4a5006 func=job_orchestration.executor.query.spider_search_task.search_without_channel submit_output_start=232192330 submit_output_end=232192363 submit_output_duration_ms=33
[2026-01-30 19:55:50.174] [info] [spider.worker] [TIMING] task_id=dac19a80-216f-4554-9c63-41e34c301a85 func=job_orchestration.executor.query.spider_search_task.search_without_channel fetch_input_start=232192382 fetch_input_end=232192382 fetch_input_duration_ms=0
[2026-01-30 19:55:50.175] [info] [spider.worker] [TIMING] task_id=dac19a80-216f-4554-9c63-41e34c301a85 func=job_orchestration.executor.query.spider_search_task.search_without_channel input_send_start=232192383 input_send_end=232192383 input_send_duration_ms=0 bytes=626
[2026-01-30 19:55:50.175] [info] [spider.worker] [TIMING] task_id=dac19a80-216f-4554-9c63-41e34c301a85 func=job_orchestration.executor.query.spider_search_task.search_without_channel spawn_start=232192383 spawn_end=232192383 spawn_duration_ms=0
[2026-01-30 19:55:51.387] [info] [spider.worker] [TIMING] task_id=dac19a80-216f-4554-9c63-41e34c301a85 func=job_orchestration.executor.query.spider_search_task.search_without_channel execution_start=232192383 execution_end=232193595 execution_duration_ms=1211
[2026-01-30 19:55:51.397] [info] [spider.worker] [TIMING] task_id=dac19a80-216f-4554-9c63-41e34c301a85 func=job_orchestration.executor.query.spider_search_task.search_without_channel submit_output_start=232193597 submit_output_end=232193605 submit_output_duration_ms=7
[2026-01-30 19:55:51.416] [info] [spider.worker] [TIMING] task_id=27e88345-54bc-4198-9e3c-c2dc994bdcb0 func=job_orchestration.executor.query.spider_search_task.search_without_channel fetch_input_start=232193623 fetch_input_end=232193625 fetch_input_duration_ms=1
[2026-01-30 19:55:51.417] [info] [spider.worker] [TIMING] task_id=27e88345-54bc-4198-9e3c-c2dc994bdcb0 func=job_orchestration.executor.query.spider_search_task.search_without_channel input_send_start=232193625 input_send_end=232193625 input_send_duration_ms=0 bytes=626
[2026-01-30 19:55:51.417] [info] [spider.worker] [TIMING] task_id=27e88345-54bc-4198-9e3c-c2dc994bdcb0 func=job_orchestration.executor.query.spider_search_task.search_without_channel spawn_start=232193625 spawn_end=232193625 spawn_duration_ms=0
[2026-01-30 19:55:52.617] [info] [spider.worker] [TIMING] task_id=27e88345-54bc-4198-9e3c-c2dc994bdcb0 func=job_orchestration.executor.query.spider_search_task.search_without_channel execution_start=232193625 execution_end=232194825 execution_duration_ms=1199
[2026-01-30 19:55:52.630] [info] [spider.worker] [TIMING] task_id=27e88345-54bc-4198-9e3c-c2dc994bdcb0 func=job_orchestration.executor.query.spider_search_task.search_without_channel submit_output_start=232194827 submit_output_end=232194838 submit_output_duration_ms=11
[2026-01-30 19:55:52.675] [info] [spider.worker] [TIMING] task_id=9921ba38-eaa5-47f0-abed-c198c82d5abc func=job_orchestration.executor.query.spider_search_task.search_without_channel fetch_input_start=232194882 fetch_input_end=232194883 fetch_input_duration_ms=1
[2026-01-30 19:55:52.675] [info] [spider.worker] [TIMING] task_id=9921ba38-eaa5-47f0-abed-c198c82d5abc func=job_orchestration.executor.query.spider_search_task.search_without_channel input_send_start=232194884 input_send_end=232194884 input_send_duration_ms=0 bytes=626
[2026-01-30 19:55:52.675] [info] [spider.worker] [TIMING] task_id=9921ba38-eaa5-47f0-abed-c198c82d5abc func=job_orchestration.executor.query.spider_search_task.search_without_channel spawn_start=232194883 spawn_end=232194884 spawn_duration_ms=0
[2026-01-30 19:55:53.876] [info] [spider.worker] [TIMING] task_id=9921ba38-eaa5-47f0-abed-c198c82d5abc func=job_orchestration.executor.query.spider_search_task.search_without_channel execution_start=232194884 execution_end=232196084 execution_duration_ms=1200
[2026-01-30 19:55:53.906] [info] [spider.worker] [TIMING] task_id=9921ba38-eaa5-47f0-abed-c198c82d5abc func=job_orchestration.executor.query.spider_search_task.search_without_channel submit_output_start=232196086 submit_output_end=232196114 submit_output_duration_ms=28
[2026-01-30 19:55:53.925] [info] [spider.worker] [TIMING] task_id=5c956625-1a4a-495e-9a9f-39e65fcb20d4 func=job_orchestration.executor.query.spider_search_task.search_without_channel fetch_input_start=232196133 fetch_input_end=232196134 fetch_input_duration_ms=0
[2026-01-30 19:55:53.926] [info] [spider.worker] [TIMING] task_id=5c956625-1a4a-495e-9a9f-39e65fcb20d4 func=job_orchestration.executor.query.spider_search_task.search_without_channel input_send_start=232196134 input_send_end=232196134 input_send_duration_ms=0 bytes=626
[2026-01-30 19:55:53.926] [info] [spider.worker] [TIMING] task_id=5c956625-1a4a-495e-9a9f-39e65fcb20d4 func=job_orchestration.executor.query.spider_search_task.search_without_channel spawn_start=232196134 spawn_end=232196134 spawn_duration_ms=0
[2026-01-30 19:55:55.250] [info] [spider.worker] [TIMING] task_id=5c956625-1a4a-495e-9a9f-39e65fcb20d4 func=job_orchestration.executor.query.spider_search_task.search_without_channel execution_start=232196134 execution_end=232197459 execution_duration_ms=1324
[2026-01-30 19:55:55.283] [info] [spider.worker] [TIMING] task_id=5c956625-1a4a-495e-9a9f-39e65fcb20d4 func=job_orchestration.executor.query.spider_search_task.search_without_channel submit_output_start=232197461 submit_output_end=232197492 submit_output_duration_ms=30
[2026-01-30 19:55:55.334] [info] [spider.worker] [TIMING] task_id=6f0a8cc7-4da5-4ea6-850e-d5b6a34456b7 func=job_orchestration.executor.query.spider_search_task.search_without_channel fetch_input_start=232197541 fetch_input_end=232197543 fetch_input_duration_ms=1
[2026-01-30 19:55:55.335] [info] [spider.worker] [TIMING] task_id=6f0a8cc7-4da5-4ea6-850e-d5b6a34456b7 func=job_orchestration.executor.query.spider_search_task.search_without_channel input_send_start=232197543 input_send_end=232197543 input_send_duration_ms=0 bytes=626
[2026-01-30 19:55:55.335] [info] [spider.worker] [TIMING] task_id=6f0a8cc7-4da5-4ea6-850e-d5b6a34456b7 func=job_orchestration.executor.query.spider_search_task.search_without_channel spawn_start=232197543 spawn_end=232197543 spawn_duration_ms=0
[2026-01-30 19:55:56.561] [info] [spider.worker] [TIMING] task_id=6f0a8cc7-4da5-4ea6-850e-d5b6a34456b7 func=job_orchestration.executor.query.spider_search_task.search_without_channel execution_start=232197544 execution_end=232198769 execution_duration_ms=1225
[2026-01-30 19:55:56.612] [info] [spider.worker] [TIMING] task_id=6f0a8cc7-4da5-4ea6-850e-d5b6a34456b7 func=job_orchestration.executor.query.spider_search_task.search_without_channel submit_output_start=232198770 submit_output_end=232198820 submit_output_duration_ms=49
[2026-01-30 19:55:56.635] [info] [spider.worker] [TIMING] task_id=1391b8f7-d9c5-4404-a356-0f206b341f05 func=job_orchestration.executor.query.spider_search_task.search_without_channel fetch_input_start=232198842 fetch_input_end=232198843 fetch_input_duration_ms=1
[2026-01-30 19:55:56.636] [info] [spider.worker] [TIMING] task_id=1391b8f7-d9c5-4404-a356-0f206b341f05 func=job_orchestration.executor.query.spider_search_task.search_without_channel input_send_start=232198844 input_send_end=232198844 input_send_duration_ms=0 bytes=626
[2026-01-30 19:55:56.636] [info] [spider.worker] [TIMING] task_id=1391b8f7-d9c5-4404-a356-0f206b341f05 func=job_orchestration.executor.query.spider_search_task.search_without_channel spawn_start=232198843 spawn_end=232198844 spawn_duration_ms=0
[2026-01-30 19:55:57.823] [info] [spider.worker] [TIMING] task_id=1391b8f7-d9c5-4404-a356-0f206b341f05 func=job_orchestration.executor.query.spider_search_task.search_without_channel execution_start=232198844 execution_end=232200032 execution_duration_ms=1187
[2026-01-30 19:55:57.857] [info] [spider.worker] [TIMING] task_id=1391b8f7-d9c5-4404-a356-0f206b341f05 func=job_orchestration.executor.query.spider_search_task.search_without_channel submit_output_start=232200033 submit_output_end=232200065 submit_output_duration_ms=31
[2026-01-30 19:55:57.925] [info] [spider.worker] [TIMING] task_id=681ebc01-0366-4ad6-a2f6-2d66bc092e5f func=job_orchestration.executor.query.spider_search_task.search_without_channel fetch_input_start=232200133 fetch_input_end=232200134 fetch_input_duration_ms=0
[2026-01-30 19:55:57.926] [info] [spider.worker] [TIMING] task_id=681ebc01-0366-4ad6-a2f6-2d66bc092e5f func=job_orchestration.executor.query.spider_search_task.search_without_channel input_send_start=232200134 input_send_end=232200134 input_send_duration_ms=0 bytes=626
[2026-01-30 19:55:57.926] [info] [spider.worker] [TIMING] task_id=681ebc01-0366-4ad6-a2f6-2d66bc092e5f func=job_orchestration.executor.query.spider_search_task.search_without_channel spawn_start=232200134 spawn_end=232200134 spawn_duration_ms=0
[2026-01-30 19:55:59.142] [info] [spider.worker] [TIMING] task_id=681ebc01-0366-4ad6-a2f6-2d66bc092e5f func=job_orchestration.executor.query.spider_search_task.search_without_channel execution_start=232200135 execution_end=232201351 execution_duration_ms=1216
[2026-01-30 19:55:59.149] [info] [spider.worker] [TIMING] task_id=681ebc01-0366-4ad6-a2f6-2d66bc092e5f func=job_orchestration.executor.query.spider_search_task.search_without_channel submit_output_start=232201352 submit_output_end=232201357 submit_output_duration_ms=4
[2026-01-30 19:55:59.187] [info] [spider.worker] [TIMING] task_id=e6b03d32-a757-4051-b56b-ac4eac9b1873 func=job_orchestration.executor.query.spider_search_task.search_without_channel fetch_input_start=232201394 fetch_input_end=232201395 fetch_input_duration_ms=0
[2026-01-30 19:55:59.187] [info] [spider.worker] [TIMING] task_id=e6b03d32-a757-4051-b56b-ac4eac9b1873 func=job_orchestration.executor.query.spider_search_task.search_without_channel input_send_start=232201396 input_send_end=232201396 input_send_duration_ms=0 bytes=626
[2026-01-30 19:55:59.187] [info] [spider.worker] [TIMING] task_id=e6b03d32-a757-4051-b56b-ac4eac9b1873 func=job_orchestration.executor.query.spider_search_task.search_without_channel spawn_start=232201395 spawn_end=232201396 spawn_duration_ms=0
[2026-01-30 19:56:00.562] [info] [spider.worker] [TIMING] task_id=e6b03d32-a757-4051-b56b-ac4eac9b1873 func=job_orchestration.executor.query.spider_search_task.search_without_channel execution_start=232201396 execution_end=232202770 execution_duration_ms=1374
[2026-01-30 19:56:00.574] [info] [spider.worker] [TIMING] task_id=e6b03d32-a757-4051-b56b-ac4eac9b1873 func=job_orchestration.executor.query.spider_search_task.search_without_channel submit_output_start=232202772 submit_output_end=232202783 submit_output_duration_ms=10
[2026-01-30 19:56:00.594] [info] [spider.worker] [TIMING] task_id=f169a123-10e3-4b00-a62b-3d311471d59d func=job_orchestration.executor.query.spider_search_task.search_without_channel fetch_input_start=232202801 fetch_input_end=232202802 fetch_input_duration_ms=0
[2026-01-30 19:56:00.594] [info] [spider.worker] [TIMING] task_id=f169a123-10e3-4b00-a62b-3d311471d59d func=job_orchestration.executor.query.spider_search_task.search_without_channel input_send_start=232202803 input_send_end=232202803 input_send_duration_ms=0 bytes=626
[2026-01-30 19:56:00.594] [info] [spider.worker] [TIMING] task_id=f169a123-10e3-4b00-a62b-3d311471d59d func=job_orchestration.executor.query.spider_search_task.search_without_channel spawn_start=232202802 spawn_end=232202803 spawn_duration_ms=0
[2026-01-30 19:56:01.832] [info] [spider.worker] [TIMING] task_id=f169a123-10e3-4b00-a62b-3d311471d59d func=job_orchestration.executor.query.spider_search_task.search_without_channel execution_start=232202803 execution_end=232204041 execution_duration_ms=1237
[2026-01-30 19:56:01.882] [info] [spider.worker] [TIMING] task_id=f169a123-10e3-4b00-a62b-3d311471d59d func=job_orchestration.executor.query.spider_search_task.search_without_channel submit_output_start=232204058 submit_output_end=232204090 submit_output_duration_ms=32
[2026-01-30 19:56:01.901] [info] [spider.worker] [TIMING] task_id=a362fb4e-10ab-4662-9497-23138a862cdb func=job_orchestration.executor.query.spider_search_task.search_without_channel fetch_input_start=232204109 fetch_input_end=232204110 fetch_input_duration_ms=0
[2026-01-30 19:56:01.902] [info] [spider.worker] [TIMING] task_id=a362fb4e-10ab-4662-9497-23138a862cdb func=job_orchestration.executor.query.spider_search_task.search_without_channel input_send_start=232204110 input_send_end=232204110 input_send_duration_ms=0 bytes=626
[2026-01-30 19:56:01.902] [info] [spider.worker] [TIMING] task_id=a362fb4e-10ab-4662-9497-23138a862cdb func=job_orchestration.executor.query.spider_search_task.search_without_channel spawn_start=232204110 spawn_end=232204110 spawn_duration_ms=0
[2026-01-30 19:56:03.207] [info] [spider.worker] [TIMING] task_id=a362fb4e-10ab-4662-9497-23138a862cdb func=job_orchestration.executor.query.spider_search_task.search_without_channel execution_start=232204110 execution_end=232205415 execution_duration_ms=1304
[2026-01-30 19:56:03.242] [info] [spider.worker] [TIMING] task_id=a362fb4e-10ab-4662-9497-23138a862cdb func=job_orchestration.executor.query.spider_search_task.search_without_channel submit_output_start=232205428 submit_output_end=232205450 submit_output_duration_ms=22
[2026-01-30 19:56:03.261] [info] [spider.worker] [TIMING] task_id=2002af92-71e7-4839-a244-f9b4014e1bae func=job_orchestration.executor.query.spider_search_task.search_without_channel fetch_input_start=232205469 fetch_input_end=232205470 fetch_input_duration_ms=1
[2026-01-30 19:56:03.262] [info] [spider.worker] [TIMING] task_id=2002af92-71e7-4839-a244-f9b4014e1bae func=job_orchestration.executor.query.spider_search_task.search_without_channel input_send_start=232205470 input_send_end=232205470 input_send_duration_ms=0 bytes=626
[2026-01-30 19:56:03.262] [info] [spider.worker] [TIMING] task_id=2002af92-71e7-4839-a244-f9b4014e1bae func=job_orchestration.executor.query.spider_search_task.search_without_channel spawn_start=232205470 spawn_end=232205470 spawn_duration_ms=0
[2026-01-30 19:56:04.395] [info] [spider.worker] [TIMING] task_id=2002af92-71e7-4839-a244-f9b4014e1bae func=job_orchestration.executor.query.spider_search_task.search_without_channel execution_start=232205471 execution_end=232206603 execution_duration_ms=1132
[2026-01-30 19:56:04.430] [info] [spider.worker] [TIMING] task_id=2002af92-71e7-4839-a244-f9b4014e1bae func=job_orchestration.executor.query.spider_search_task.search_without_channel submit_output_start=232206605 submit_output_end=232206639 submit_output_duration_ms=33
[2026-01-30 19:56:04.452] [info] [spider.worker] [TIMING] task_id=83effc68-7194-44e3-9431-1d8d4e213a7a func=job_orchestration.executor.query.spider_search_task.search_without_channel fetch_input_start=232206660 fetch_input_end=232206661 fetch_input_duration_ms=0
[2026-01-30 19:56:04.453] [info] [spider.worker] [TIMING] task_id=83effc68-7194-44e3-9431-1d8d4e213a7a func=job_orchestration.executor.query.spider_search_task.search_without_channel input_send_start=232206661 input_send_end=232206661 input_send_duration_ms=0 bytes=626
[2026-01-30 19:56:04.453] [info] [spider.worker] [TIMING] task_id=83effc68-7194-44e3-9431-1d8d4e213a7a func=job_orchestration.executor.query.spider_search_task.search_without_channel spawn_start=232206661 spawn_end=232206661 spawn_duration_ms=0
[2026-01-30 19:56:05.588] [info] [spider.worker] [TIMING] task_id=83effc68-7194-44e3-9431-1d8d4e213a7a func=job_orchestration.executor.query.spider_search_task.search_without_channel execution_start=232206662 execution_end=232207796 execution_duration_ms=1134
[2026-01-30 19:56:05.634] [info] [spider.worker] [TIMING] task_id=83effc68-7194-44e3-9431-1d8d4e213a7a func=job_orchestration.executor.query.spider_search_task.search_without_channel submit_output_start=232207798 submit_output_end=232207842 submit_output_duration_ms=44
[2026-01-30 19:56:05.663] [info] [spider.worker] [TIMING] task_id=701128e8-abc8-4927-87da-70c4c4b0fb9d func=job_orchestration.executor.query.spider_search_task.search_without_channel fetch_input_start=232207870 fetch_input_end=232207871 fetch_input_duration_ms=1
[2026-01-30 19:56:05.664] [info] [spider.worker] [TIMING] task_id=701128e8-abc8-4927-87da-70c4c4b0fb9d func=job_orchestration.executor.query.spider_search_task.search_without_channel input_send_start=232207872 input_send_end=232207872 input_send_duration_ms=0 bytes=626
[2026-01-30 19:56:05.664] [info] [spider.worker] [TIMING] task_id=701128e8-abc8-4927-87da-70c4c4b0fb9d func=job_orchestration.executor.query.spider_search_task.search_without_channel spawn_start=232207871 spawn_end=232207872 spawn_duration_ms=0
[2026-01-30 19:56:06.915] [info] [spider.worker] [TIMING] task_id=701128e8-abc8-4927-87da-70c4c4b0fb9d func=job_orchestration.executor.query.spider_search_task.search_without_channel execution_start=232207872 execution_end=232209124 execution_duration_ms=1251
[2026-01-30 19:56:06.945] [info] [spider.worker] [TIMING] task_id=701128e8-abc8-4927-87da-70c4c4b0fb9d func=job_orchestration.executor.query.spider_search_task.search_without_channel submit_output_start=232209126 submit_output_end=232209153 submit_output_duration_ms=27
[2026-01-30 19:56:06.963] [info] [spider.worker] [TIMING] task_id=7d8251ba-f51a-4cde-a976-82049b9efd09 func=job_orchestration.executor.query.spider_search_task.search_without_channel fetch_input_start=232209170 fetch_input_end=232209171 fetch_input_duration_ms=1
[2026-01-30 19:56:06.963] [info] [spider.worker] [TIMING] task_id=7d8251ba-f51a-4cde-a976-82049b9efd09 func=job_orchestration.executor.query.spider_search_task.search_without_channel input_send_start=232209172 input_send_end=232209172 input_send_duration_ms=0 bytes=626
[2026-01-30 19:56:06.963] [info] [spider.worker] [TIMING] task_id=7d8251ba-f51a-4cde-a976-82049b9efd09 func=job_orchestration.executor.query.spider_search_task.search_without_channel spawn_start=232209171 spawn_end=232209172 spawn_duration_ms=0
[2026-01-30 19:56:08.148] [info] [spider.worker] [TIMING] task_id=7d8251ba-f51a-4cde-a976-82049b9efd09 func=job_orchestration.executor.query.spider_search_task.search_without_channel execution_start=232209172 execution_end=232210356 execution_duration_ms=1184
[2026-01-30 19:56:08.197] [info] [spider.worker] [TIMING] task_id=7d8251ba-f51a-4cde-a976-82049b9efd09 func=job_orchestration.executor.query.spider_search_task.search_without_channel submit_output_start=232210364 submit_output_end=232210405 submit_output_duration_ms=41
[2026-01-30 19:56:08.241] [info] [spider.worker] [TIMING] task_id=0df6e187-702b-43b5-8708-8e77dec853d8 func=job_orchestration.executor.query.spider_search_task.search_without_channel fetch_input_start=232210449 fetch_input_end=232210450 fetch_input_duration_ms=0
[2026-01-30 19:56:08.242] [info] [spider.worker] [TIMING] task_id=0df6e187-702b-43b5-8708-8e77dec853d8 func=job_orchestration.executor.query.spider_search_task.search_without_channel input_send_start=232210450 input_send_end=232210450 input_send_duration_ms=0 bytes=626
[2026-01-30 19:56:08.242] [info] [spider.worker] [TIMING] task_id=0df6e187-702b-43b5-8708-8e77dec853d8 func=job_orchestration.executor.query.spider_search_task.search_without_channel spawn_start=232210450 spawn_end=232210450 spawn_duration_ms=0
[2026-01-30 19:56:09.620] [info] [spider.worker] [TIMING] task_id=0df6e187-702b-43b5-8708-8e77dec853d8 func=job_orchestration.executor.query.spider_search_task.search_without_channel execution_start=232210450 execution_end=232211829 execution_duration_ms=1378
[2026-01-30 19:56:09.635] [info] [spider.worker] [TIMING] task_id=0df6e187-702b-43b5-8708-8e77dec853d8 func=job_orchestration.executor.query.spider_search_task.search_without_channel submit_output_start=232211831 submit_output_end=232211843 submit_output_duration_ms=12
[2026-01-30 19:56:09.655] [info] [spider.worker] [TIMING] task_id=385c3980-7e1d-4ce9-b6e3-60e02d79d132 func=job_orchestration.executor.query.spider_search_task.search_without_channel fetch_input_start=232211862 fetch_input_end=232211863 fetch_input_duration_ms=1
[2026-01-30 19:56:09.655] [info] [spider.worker] [TIMING] task_id=385c3980-7e1d-4ce9-b6e3-60e02d79d132 func=job_orchestration.executor.query.spider_search_task.search_without_channel input_send_start=232211863 input_send_end=232211863 input_send_duration_ms=0 bytes=626
[2026-01-30 19:56:09.655] [info] [spider.worker] [TIMING] task_id=385c3980-7e1d-4ce9-b6e3-60e02d79d132 func=job_orchestration.executor.query.spider_search_task.search_without_channel spawn_start=232211863 spawn_end=232211864 spawn_duration_ms=0
[2026-01-30 19:56:10.902] [info] [spider.worker] [TIMING] task_id=385c3980-7e1d-4ce9-b6e3-60e02d79d132 func=job_orchestration.executor.query.spider_search_task.search_without_channel execution_start=232211864 execution_end=232213111 execution_duration_ms=1246
[2026-01-30 19:56:10.927] [info] [spider.worker] [TIMING] task_id=385c3980-7e1d-4ce9-b6e3-60e02d79d132 func=job_orchestration.executor.query.spider_search_task.search_without_channel submit_output_start=232213113 submit_output_end=232213135 submit_output_duration_ms=22
[2026-01-30 19:56:10.946] [info] [spider.worker] [TIMING] task_id=66353f02-ca87-4cd9-968d-731e379ce303 func=job_orchestration.executor.query.spider_search_task.search_without_channel fetch_input_start=232213153 fetch_input_end=232213154 fetch_input_duration_ms=0
[2026-01-30 19:56:10.946] [info] [spider.worker] [TIMING] task_id=66353f02-ca87-4cd9-968d-731e379ce303 func=job_orchestration.executor.query.spider_search_task.search_without_channel input_send_start=232213155 input_send_end=232213155 input_send_duration_ms=0 bytes=626
[2026-01-30 19:56:10.946] [info] [spider.worker] [TIMING] task_id=66353f02-ca87-4cd9-968d-731e379ce303 func=job_orchestration.executor.query.spider_search_task.search_without_channel spawn_start=232213154 spawn_end=232213155 spawn_duration_ms=0
[2026-01-30 19:56:12.411] [info] [spider.worker] [TIMING] task_id=66353f02-ca87-4cd9-968d-731e379ce303 func=job_orchestration.executor.query.spider_search_task.search_without_channel execution_start=232213155 execution_end=232214620 execution_duration_ms=1464
[2026-01-30 19:56:12.435] [info] [spider.worker] [TIMING] task_id=66353f02-ca87-4cd9-968d-731e379ce303 func=job_orchestration.executor.query.spider_search_task.search_without_channel submit_output_start=232214622 submit_output_end=232214644 submit_output_duration_ms=22
[2026-01-30 19:56:12.471] [info] [spider.worker] [TIMING] task_id=81fb29c3-d3b5-48f0-bc8d-848c6c4d5c39 func=job_orchestration.executor.query.spider_search_task.search_without_channel fetch_input_start=232214679 fetch_input_end=232214679 fetch_input_duration_ms=0
[2026-01-30 19:56:12.471] [info] [spider.worker] [TIMING] task_id=81fb29c3-d3b5-48f0-bc8d-848c6c4d5c39 func=job_orchestration.executor.query.spider_search_task.search_without_channel input_send_start=232214680 input_send_end=232214680 input_send_duration_ms=0 bytes=626
[2026-01-30 19:56:12.471] [info] [spider.worker] [TIMING] task_id=81fb29c3-d3b5-48f0-bc8d-848c6c4d5c39 func=job_orchestration.executor.query.spider_search_task.search_without_channel spawn_start=232214679 spawn_end=232214680 spawn_duration_ms=0
[2026-01-30 19:56:13.783] [info] [spider.worker] [TIMING] task_id=81fb29c3-d3b5-48f0-bc8d-848c6c4d5c39 func=job_orchestration.executor.query.spider_search_task.search_without_channel execution_start=232214680 execution_end=232215991 execution_duration_ms=1311
[2026-01-30 19:56:13.794] [info] [spider.worker] [TIMING] task_id=81fb29c3-d3b5-48f0-bc8d-848c6c4d5c39 func=job_orchestration.executor.query.spider_search_task.search_without_channel submit_output_start=232215993 submit_output_end=232216002 submit_output_duration_ms=8
[2026-01-30 19:56:13.813] [info] [spider.worker] [TIMING] task_id=5331264a-a9bd-43e9-be21-0d524c5016fa func=job_orchestration.executor.query.spider_search_task.search_without_channel fetch_input_start=232216020 fetch_input_end=232216021 fetch_input_duration_ms=1
[2026-01-30 19:56:13.814] [info] [spider.worker] [TIMING] task_id=5331264a-a9bd-43e9-be21-0d524c5016fa func=job_orchestration.executor.query.spider_search_task.search_without_channel input_send_start=232216022 input_send_end=232216022 input_send_duration_ms=0 bytes=626
[2026-01-30 19:56:13.814] [info] [spider.worker] [TIMING] task_id=5331264a-a9bd-43e9-be21-0d524c5016fa func=job_orchestration.executor.query.spider_search_task.search_without_channel spawn_start=232216021 spawn_end=232216022 spawn_duration_ms=0
[2026-01-30 19:56:14.939] [info] [spider.worker] [TIMING] task_id=5331264a-a9bd-43e9-be21-0d524c5016fa func=job_orchestration.executor.query.spider_search_task.search_without_channel execution_start=232216022 execution_end=232217147 execution_duration_ms=1125
[2026-01-30 19:56:14.979] [info] [spider.worker] [TIMING] task_id=5331264a-a9bd-43e9-be21-0d524c5016fa func=job_orchestration.executor.query.spider_search_task.search_without_channel submit_output_start=232217149 submit_output_end=232217187 submit_output_duration_ms=38
[2026-01-30 19:56:15.022] [info] [spider.worker] [TIMING] task_id=2eedadf4-6b86-48c4-8593-41bb3f4cdd77 func=job_orchestration.executor.query.spider_search_task.search_without_channel fetch_input_start=232217230 fetch_input_end=232217231 fetch_input_duration_ms=1
[2026-01-30 19:56:15.023] [info] [spider.worker] [TIMING] task_id=2eedadf4-6b86-48c4-8593-41bb3f4cdd77 func=job_orchestration.executor.query.spider_search_task.search_without_channel input_send_start=232217231 input_send_end=232217231 input_send_duration_ms=0 bytes=626
[2026-01-30 19:56:15.023] [info] [spider.worker] [TIMING] task_id=2eedadf4-6b86-48c4-8593-41bb3f4cdd77 func=job_orchestration.executor.query.spider_search_task.search_without_channel spawn_start=232217231 spawn_end=232217231 spawn_duration_ms=0
[2026-01-30 19:56:16.250] [info] [spider.worker] [TIMING] task_id=2eedadf4-6b86-48c4-8593-41bb3f4cdd77 func=job_orchestration.executor.query.spider_search_task.search_without_channel execution_start=232217231 execution_end=232218458 execution_duration_ms=1226
[2026-01-30 19:56:16.270] [info] [spider.worker] [TIMING] task_id=2eedadf4-6b86-48c4-8593-41bb3f4cdd77 func=job_orchestration.executor.query.spider_search_task.search_without_channel submit_output_start=232218460 submit_output_end=232218479 submit_output_duration_ms=18
[2026-01-30 19:56:16.290] [info] [spider.worker] [TIMING] task_id=d6a5c5df-962a-4310-8934-6ca9802c6cb3 func=job_orchestration.executor.query.spider_search_task.search_without_channel fetch_input_start=232218497 fetch_input_end=232218498 fetch_input_duration_ms=1
[2026-01-30 19:56:16.291] [info] [spider.worker] [TIMING] task_id=d6a5c5df-962a-4310-8934-6ca9802c6cb3 func=job_orchestration.executor.query.spider_search_task.search_without_channel input_send_start=232218499 input_send_end=232218499 input_send_duration_ms=0 bytes=626
[2026-01-30 19:56:16.291] [info] [spider.worker] [TIMING] task_id=d6a5c5df-962a-4310-8934-6ca9802c6cb3 func=job_orchestration.executor.query.spider_search_task.search_without_channel spawn_start=232218498 spawn_end=232218499 spawn_duration_ms=0
[2026-01-30 19:56:17.673] [info] [spider.worker] [TIMING] task_id=d6a5c5df-962a-4310-8934-6ca9802c6cb3 func=job_orchestration.executor.query.spider_search_task.search_without_channel execution_start=232218499 execution_end=232219881 execution_duration_ms=1381
[2026-01-30 19:56:17.710] [info] [spider.worker] [TIMING] task_id=d6a5c5df-962a-4310-8934-6ca9802c6cb3 func=job_orchestration.executor.query.spider_search_task.search_without_channel submit_output_start=232219883 submit_output_end=232219918 submit_output_duration_ms=35
[2026-01-30 19:56:17.740] [info] [spider.worker] [TIMING] task_id=ebc1410e-f292-41a6-83b8-77229c7127d3 func=job_orchestration.executor.query.spider_search_task.search_without_channel fetch_input_start=232219947 fetch_input_end=232219949 fetch_input_duration_ms=1
[2026-01-30 19:56:17.741] [info] [spider.worker] [TIMING] task_id=ebc1410e-f292-41a6-83b8-77229c7127d3 func=job_orchestration.executor.query.spider_search_task.search_without_channel input_send_start=232219949 input_send_end=232219949 input_send_duration_ms=0 bytes=626
[2026-01-30 19:56:17.741] [info] [spider.worker] [TIMING] task_id=ebc1410e-f292-41a6-83b8-77229c7127d3 func=job_orchestration.executor.query.spider_search_task.search_without_channel spawn_start=232219949 spawn_end=232219949 spawn_duration_ms=0
[2026-01-30 19:56:19.072] [info] [spider.worker] [TIMING] task_id=ebc1410e-f292-41a6-83b8-77229c7127d3 func=job_orchestration.executor.query.spider_search_task.search_without_channel execution_start=232219949 execution_end=232221280 execution_duration_ms=1330
[2026-01-30 19:56:19.114] [info] [spider.worker] [TIMING] task_id=ebc1410e-f292-41a6-83b8-77229c7127d3 func=job_orchestration.executor.query.spider_search_task.search_without_channel submit_output_start=232221283 submit_output_end=232221322 submit_output_duration_ms=39
[2026-01-30 19:56:19.157] [info] [spider.worker] [TIMING] task_id=4da28f08-42bf-428f-b2d9-5cdbe45c51cc func=job_orchestration.executor.query.spider_search_task.search_without_channel fetch_input_start=232221365 fetch_input_end=232221366 fetch_input_duration_ms=1
[2026-01-30 19:56:19.158] [info] [spider.worker] [TIMING] task_id=4da28f08-42bf-428f-b2d9-5cdbe45c51cc func=job_orchestration.executor.query.spider_search_task.search_without_channel input_send_start=232221366 input_send_end=232221366 input_send_duration_ms=0 bytes=626
[2026-01-30 19:56:19.158] [info] [spider.worker] [TIMING] task_id=4da28f08-42bf-428f-b2d9-5cdbe45c51cc func=job_orchestration.executor.query.spider_search_task.search_without_channel spawn_start=232221366 spawn_end=232221366 spawn_duration_ms=0
[2026-01-30 19:56:20.331] [info] [spider.worker] [TIMING] task_id=4da28f08-42bf-428f-b2d9-5cdbe45c51cc func=job_orchestration.executor.query.spider_search_task.search_without_channel execution_start=232221367 execution_end=232222539 execution_duration_ms=1172
[2026-01-30 19:56:20.346] [info] [spider.worker] [TIMING] task_id=4da28f08-42bf-428f-b2d9-5cdbe45c51cc func=job_orchestration.executor.query.spider_search_task.search_without_channel submit_output_start=232222541 submit_output_end=232222554 submit_output_duration_ms=13
[2026-01-30 19:56:20.366] [info] [spider.worker] [TIMING] task_id=83158d49-9acd-451f-b256-17fa09d5850f func=job_orchestration.executor.query.spider_search_task.search_without_channel fetch_input_start=232222573 fetch_input_end=232222575 fetch_input_duration_ms=1
[2026-01-30 19:56:20.367] [info] [spider.worker] [TIMING] task_id=83158d49-9acd-451f-b256-17fa09d5850f func=job_orchestration.executor.query.spider_search_task.search_without_channel input_send_start=232222575 input_send_end=232222575 input_send_duration_ms=0 bytes=626
[2026-01-30 19:56:20.367] [info] [spider.worker] [TIMING] task_id=83158d49-9acd-451f-b256-17fa09d5850f func=job_orchestration.executor.query.spider_search_task.search_without_channel spawn_start=232222575 spawn_end=232222575 spawn_duration_ms=0
[2026-01-30 19:56:21.622] [info] [spider.worker] [TIMING] task_id=83158d49-9acd-451f-b256-17fa09d5850f func=job_orchestration.executor.query.spider_search_task.search_without_channel execution_start=232222575 execution_end=232223831 execution_duration_ms=1255
[2026-01-30 19:56:21.660] [info] [spider.worker] [TIMING] task_id=83158d49-9acd-451f-b256-17fa09d5850f func=job_orchestration.executor.query.spider_search_task.search_without_channel submit_output_start=232223832 submit_output_end=232223869 submit_output_duration_ms=36
[2026-01-30 19:56:21.682] [info] [spider.worker] [TIMING] task_id=36cc5ac8-8e6d-4056-8326-fc62be576df1 func=job_orchestration.executor.query.spider_search_task.search_without_channel fetch_input_start=232223889 fetch_input_end=232223890 fetch_input_duration_ms=1
[2026-01-30 19:56:21.683] [info] [spider.worker] [TIMING] task_id=36cc5ac8-8e6d-4056-8326-fc62be576df1 func=job_orchestration.executor.query.spider_search_task.search_without_channel input_send_start=232223891 input_send_end=