[2026-01-30 18:52:01.615] [warning] [spider.worker] Prefer using `SPIDER_STORAGE_URL` environment variable over `--storage_url` argument.
[2026-01-30 18:52:17.745] [info] [spider.worker] [TIMING] task_id=87740cbd-0a3f-4242-a050-241251c7437f func=job_orchestration.executor.query.spider_search_task.search_without_channel fetch_input_start=228379951 fetch_input_end=228379953 fetch_input_duration_ms=1
[2026-01-30 18:52:19.653] [info] [spider.worker] [TIMING] task_id=87740cbd-0a3f-4242-a050-241251c7437f func=job_orchestration.executor.query.spider_search_task.search_without_channel execution_start=228379954 execution_end=228381861 execution_duration_ms=1907
[2026-01-30 18:52:19.684] [info] [spider.worker] [TIMING] task_id=87740cbd-0a3f-4242-a050-241251c7437f func=job_orchestration.executor.query.spider_search_task.search_without_channel submit_output_start=228381863 submit_output_end=228381892 submit_output_duration_ms=28
[2026-01-30 18:52:19.703] [info] [spider.worker] [TIMING] task_id=53cf31ef-7df2-4ce8-a15e-4d0e9cbf7a5c func=job_orchestration.executor.query.spider_search_task.search_without_channel fetch_input_start=228381911 fetch_input_end=228381912 fetch_input_duration_ms=1
[2026-01-30 18:52:21.092] [info] [spider.worker] [TIMING] task_id=53cf31ef-7df2-4ce8-a15e-4d0e9cbf7a5c func=job_orchestration.executor.query.spider_search_task.search_without_channel execution_start=228381912 execution_end=228383300 execution_duration_ms=1387
[2026-01-30 18:52:21.109] [info] [spider.worker] [TIMING] task_id=53cf31ef-7df2-4ce8-a15e-4d0e9cbf7a5c func=job_orchestration.executor.query.spider_search_task.search_without_channel submit_output_start=228383302 submit_output_end=228383318 submit_output_duration_ms=15
[2026-01-30 18:52:21.129] [info] [spider.worker] [TIMING] task_id=4fd369f0-08f6-4e91-81e0-5e95bc0b7cbf func=job_orchestration.executor.query.spider_search_task.search_without_channel fetch_input_start=228383336 fetch_input_end=228383337 fetch_input_duration_ms=1
[2026-01-30 18:52:22.410] [info] [spider.worker] [TIMING] task_id=4fd369f0-08f6-4e91-81e0-5e95bc0b7cbf func=job_orchestration.executor.query.spider_search_task.search_without_channel execution_start=228383338 execution_end=228384618 execution_duration_ms=1280
[2026-01-30 18:52:22.454] [info] [spider.worker] [TIMING] task_id=4fd369f0-08f6-4e91-81e0-5e95bc0b7cbf func=job_orchestration.executor.query.spider_search_task.search_without_channel submit_output_start=228384620 submit_output_end=228384663 submit_output_duration_ms=42
[2026-01-30 18:52:22.470] [info] [spider.worker] [TIMING] task_id=0c5bbc3c-d94f-4880-90cb-a3d13385b12f func=job_orchestration.executor.query.spider_search_task.search_without_channel fetch_input_start=228384678 fetch_input_end=228384679 fetch_input_duration_ms=0
[2026-01-30 18:52:23.574] [info] [spider.worker] [TIMING] task_id=0c5bbc3c-d94f-4880-90cb-a3d13385b12f func=job_orchestration.executor.query.spider_search_task.search_without_channel execution_start=228384679 execution_end=228385782 execution_duration_ms=1102
[2026-01-30 18:52:23.585] [info] [spider.worker] [TIMING] task_id=0c5bbc3c-d94f-4880-90cb-a3d13385b12f func=job_orchestration.executor.query.spider_search_task.search_without_channel submit_output_start=228385784 submit_output_end=228385793 submit_output_duration_ms=9
[2026-01-30 18:52:23.604] [info] [spider.worker] [TIMING] task_id=849f5b35-bf0d-4861-909f-225b28f92777 func=job_orchestration.executor.query.spider_search_task.search_without_channel fetch_input_start=228385811 fetch_input_end=228385812 fetch_input_duration_ms=0
[2026-01-30 18:52:24.927] [info] [spider.worker] [TIMING] task_id=849f5b35-bf0d-4861-909f-225b28f92777 func=job_orchestration.executor.query.spider_search_task.search_without_channel execution_start=228385813 execution_end=228387135 execution_duration_ms=1322
[2026-01-30 18:52:24.967] [info] [spider.worker] [TIMING] task_id=849f5b35-bf0d-4861-909f-225b28f92777 func=job_orchestration.executor.query.spider_search_task.search_without_channel submit_output_start=228387137 submit_output_end=228387176 submit_output_duration_ms=39
[2026-01-30 18:52:24.988] [info] [spider.worker] [TIMING] task_id=38b79c17-151f-4f45-b971-2640f1ff14dd func=job_orchestration.executor.query.spider_search_task.search_without_channel fetch_input_start=228387196 fetch_input_end=228387196 fetch_input_duration_ms=0
[2026-01-30 18:52:26.190] [info] [spider.worker] [TIMING] task_id=38b79c17-151f-4f45-b971-2640f1ff14dd func=job_orchestration.executor.query.spider_search_task.search_without_channel execution_start=228387197 execution_end=228388398 execution_duration_ms=1201
[2026-01-30 18:52:26.202] [info] [spider.worker] [TIMING] task_id=38b79c17-151f-4f45-b971-2640f1ff14dd func=job_orchestration.executor.query.spider_search_task.search_without_channel submit_output_start=228388400 submit_output_end=228388411 submit_output_duration_ms=10
[2026-01-30 18:52:26.239] [info] [spider.worker] [TIMING] task_id=29e59662-ea2c-49aa-adc4-93f0d8093a0e func=job_orchestration.executor.query.spider_search_task.search_without_channel fetch_input_start=228388446 fetch_input_end=228388447 fetch_input_duration_ms=0
[2026-01-30 18:52:27.446] [info] [spider.worker] [TIMING] task_id=29e59662-ea2c-49aa-adc4-93f0d8093a0e func=job_orchestration.executor.query.spider_search_task.search_without_channel execution_start=228388448 execution_end=228389654 execution_duration_ms=1206
[2026-01-30 18:52:27.453] [info] [spider.worker] [TIMING] task_id=29e59662-ea2c-49aa-adc4-93f0d8093a0e func=job_orchestration.executor.query.spider_search_task.search_without_channel submit_output_start=228389656 submit_output_end=228389661 submit_output_duration_ms=4
[2026-01-30 18:52:27.464] [info] [spider.worker] [TIMING] task_id=e62230b2-afae-49c3-a3f4-4cceec163ce7 func=job_orchestration.executor.query.spider_search_task.search_without_channel fetch_input_start=228389671 fetch_input_end=228389672 fetch_input_duration_ms=1
[2026-01-30 18:52:28.873] [info] [spider.worker] [TIMING] task_id=e62230b2-afae-49c3-a3f4-4cceec163ce7 func=job_orchestration.executor.query.spider_search_task.search_without_channel execution_start=228389673 execution_end=228391081 execution_duration_ms=1408
[2026-01-30 18:52:28.908] [info] [spider.worker] [TIMING] task_id=e62230b2-afae-49c3-a3f4-4cceec163ce7 func=job_orchestration.executor.query.spider_search_task.search_without_channel submit_output_start=228391083 submit_output_end=228391117 submit_output_duration_ms=33
[2026-01-30 18:52:28.931] [info] [spider.worker] [TIMING] task_id=5198fc88-49a2-483e-87c3-6f0569486b5f func=job_orchestration.executor.query.spider_search_task.search_without_channel fetch_input_start=228391138 fetch_input_end=228391139 fetch_input_duration_ms=0
[2026-01-30 18:52:30.147] [info] [spider.worker] [TIMING] task_id=5198fc88-49a2-483e-87c3-6f0569486b5f func=job_orchestration.executor.query.spider_search_task.search_without_channel execution_start=228391140 execution_end=228392356 execution_duration_ms=1215
[2026-01-30 18:52:30.153] [info] [spider.worker] [TIMING] task_id=5198fc88-49a2-483e-87c3-6f0569486b5f func=job_orchestration.executor.query.spider_search_task.search_without_channel submit_output_start=228392357 submit_output_end=228392362 submit_output_duration_ms=4
[2026-01-30 18:52:30.173] [info] [spider.worker] [TIMING] task_id=8b82147f-a7c0-4d10-aefa-d9c4c4d2e924 func=job_orchestration.executor.query.spider_search_task.search_without_channel fetch_input_start=228392380 fetch_input_end=228392381 fetch_input_duration_ms=1
[2026-01-30 18:52:31.540] [info] [spider.worker] [TIMING] task_id=8b82147f-a7c0-4d10-aefa-d9c4c4d2e924 func=job_orchestration.executor.query.spider_search_task.search_without_channel execution_start=228392382 execution_end=228393748 execution_duration_ms=1366
[2026-01-30 18:52:31.570] [info] [spider.worker] [TIMING] task_id=8b82147f-a7c0-4d10-aefa-d9c4c4d2e924 func=job_orchestration.executor.query.spider_search_task.search_without_channel submit_output_start=228393750 submit_output_end=228393779 submit_output_duration_ms=28
[2026-01-30 18:52:31.589] [info] [spider.worker] [TIMING] task_id=c7c8b645-1c9f-441a-a706-0c33712b8936 func=job_orchestration.executor.query.spider_search_task.search_without_channel fetch_input_start=228393797 fetch_input_end=228393798 fetch_input_duration_ms=0
[2026-01-30 18:52:33.097] [info] [spider.worker] [TIMING] task_id=c7c8b645-1c9f-441a-a706-0c33712b8936 func=job_orchestration.executor.query.spider_search_task.search_without_channel execution_start=228393798 execution_end=228395306 execution_duration_ms=1507
[2026-01-30 18:52:33.112] [info] [spider.worker] [TIMING] task_id=c7c8b645-1c9f-441a-a706-0c33712b8936 func=job_orchestration.executor.query.spider_search_task.search_without_channel submit_output_start=228395308 submit_output_end=228395321 submit_output_duration_ms=12
[2026-01-30 18:52:33.123] [info] [spider.worker] [TIMING] task_id=e2732dbf-f27e-475f-ab9a-7fcc8b280530 func=job_orchestration.executor.query.spider_search_task.search_without_channel fetch_input_start=228395331 fetch_input_end=228395332 fetch_input_duration_ms=1
[2026-01-30 18:52:34.358] [info] [spider.worker] [TIMING] task_id=e2732dbf-f27e-475f-ab9a-7fcc8b280530 func=job_orchestration.executor.query.spider_search_task.search_without_channel execution_start=228395332 execution_end=228396566 execution_duration_ms=1234
[2026-01-30 18:52:34.387] [info] [spider.worker] [TIMING] task_id=e2732dbf-f27e-475f-ab9a-7fcc8b280530 func=job_orchestration.executor.query.spider_search_task.search_without_channel submit_output_start=228396568 submit_output_end=228396595 submit_output_duration_ms=27
[2026-01-30 18:52:34.423] [info] [spider.worker] [TIMING] task_id=de924d17-ea1d-49ff-a750-e75a2dc0bb68 func=job_orchestration.executor.query.spider_search_task.search_without_channel fetch_input_start=228396630 fetch_input_end=228396631 fetch_input_duration_ms=0
[2026-01-30 18:52:35.562] [info] [spider.worker] [TIMING] task_id=de924d17-ea1d-49ff-a750-e75a2dc0bb68 func=job_orchestration.executor.query.spider_search_task.search_without_channel execution_start=228396632 execution_end=228397770 execution_duration_ms=1137
[2026-01-30 18:52:35.588] [info] [spider.worker] [TIMING] task_id=de924d17-ea1d-49ff-a750-e75a2dc0bb68 func=job_orchestration.executor.query.spider_search_task.search_without_channel submit_output_start=228397772 submit_output_end=228397796 submit_output_duration_ms=24
[2026-01-30 18:52:35.607] [info] [spider.worker] [TIMING] task_id=0b7a3706-948d-4210-80a7-04e19b061de2 func=job_orchestration.executor.query.spider_search_task.search_without_channel fetch_input_start=228397815 fetch_input_end=228397815 fetch_input_duration_ms=0
[2026-01-30 18:52:36.824] [info] [spider.worker] [TIMING] task_id=0b7a3706-948d-4210-80a7-04e19b061de2 func=job_orchestration.executor.query.spider_search_task.search_without_channel execution_start=228397816 execution_end=228399032 execution_duration_ms=1216
[2026-01-30 18:52:36.838] [info] [spider.worker] [TIMING] task_id=0b7a3706-948d-4210-80a7-04e19b061de2 func=job_orchestration.executor.query.spider_search_task.search_without_channel submit_output_start=228399034 submit_output_end=228399046 submit_output_duration_ms=12
[2026-01-30 18:52:36.878] [info] [spider.worker] [TIMING] task_id=289ff96e-609b-490c-aa67-4c9688113d49 func=job_orchestration.executor.query.spider_search_task.search_without_channel fetch_input_start=228399085 fetch_input_end=228399086 fetch_input_duration_ms=0
[2026-01-30 18:52:38.110] [info] [spider.worker] [TIMING] task_id=289ff96e-609b-490c-aa67-4c9688113d49 func=job_orchestration.executor.query.spider_search_task.search_without_channel execution_start=228399087 execution_end=228400319 execution_duration_ms=1231
[2026-01-30 18:52:38.130] [info] [spider.worker] [TIMING] task_id=289ff96e-609b-490c-aa67-4c9688113d49 func=job_orchestration.executor.query.spider_search_task.search_without_channel submit_output_start=228400321 submit_output_end=228400338 submit_output_duration_ms=17
[2026-01-30 18:52:38.175] [info] [spider.worker] [TIMING] task_id=c06c7119-d9e7-4d26-b262-86c0c47f72a1 func=job_orchestration.executor.query.spider_search_task.search_without_channel fetch_input_start=228400382 fetch_input_end=228400383 fetch_input_duration_ms=1
[2026-01-30 18:52:39.445] [info] [spider.worker] [TIMING] task_id=c06c7119-d9e7-4d26-b262-86c0c47f72a1 func=job_orchestration.executor.query.spider_search_task.search_without_channel execution_start=228400384 execution_end=228401653 execution_duration_ms=1269
[2026-01-30 18:52:39.473] [info] [spider.worker] [TIMING] task_id=c06c7119-d9e7-4d26-b262-86c0c47f72a1 func=job_orchestration.executor.query.spider_search_task.search_without_channel submit_output_start=228401655 submit_output_end=228401681 submit_output_duration_ms=26
[2026-01-30 18:52:39.491] [info] [spider.worker] [TIMING] task_id=2f31cd98-8716-411f-8baa-e6824ad555e6 func=job_orchestration.executor.query.spider_search_task.search_without_channel fetch_input_start=228401698 fetch_input_end=228401699 fetch_input_duration_ms=1
[2026-01-30 18:52:40.748] [info] [spider.worker] [TIMING] task_id=2f31cd98-8716-411f-8baa-e6824ad555e6 func=job_orchestration.executor.query.spider_search_task.search_without_channel execution_start=228401700 execution_end=228402956 execution_duration_ms=1256
[2026-01-30 18:52:40.763] [info] [spider.worker] [TIMING] task_id=2f31cd98-8716-411f-8baa-e6824ad555e6 func=job_orchestration.executor.query.spider_search_task.search_without_channel submit_output_start=228402958 submit_output_end=228402972 submit_output_duration_ms=13
[2026-01-30 18:52:40.783] [info] [spider.worker] [TIMING] task_id=daa479c8-7c2c-48a0-b0aa-7ae049f9f818 func=job_orchestration.executor.query.spider_search_task.search_without_channel fetch_input_start=228402990 fetch_input_end=228402991 fetch_input_duration_ms=1
[2026-01-30 18:52:42.128] [info] [spider.worker] [TIMING] task_id=daa479c8-7c2c-48a0-b0aa-7ae049f9f818 func=job_orchestration.executor.query.spider_search_task.search_without_channel execution_start=228402992 execution_end=228404337 execution_duration_ms=1344
[2026-01-30 18:52:42.164] [info] [spider.worker] [TIMING] task_id=daa479c8-7c2c-48a0-b0aa-7ae049f9f818 func=job_orchestration.executor.query.spider_search_task.search_without_channel submit_output_start=228404338 submit_output_end=228404372 submit_output_duration_ms=33
[2026-01-30 18:52:42.183] [info] [spider.worker] [TIMING] task_id=b9b66e0f-af0c-4e53-91b7-2a86c86e9fec func=job_orchestration.executor.query.spider_search_task.search_without_channel fetch_input_start=228404391 fetch_input_end=228404392 fetch_input_duration_ms=1
[2026-01-30 18:52:43.439] [info] [spider.worker] [TIMING] task_id=b9b66e0f-af0c-4e53-91b7-2a86c86e9fec func=job_orchestration.executor.query.spider_search_task.search_without_channel execution_start=228404392 execution_end=228405648 execution_duration_ms=1255
[2026-01-30 18:52:43.464] [info] [spider.worker] [TIMING] task_id=b9b66e0f-af0c-4e53-91b7-2a86c86e9fec func=job_orchestration.executor.query.spider_search_task.search_without_channel submit_output_start=228405650 submit_output_end=228405673 submit_output_duration_ms=23
[2026-01-30 18:52:43.502] [info] [spider.worker] [TIMING] task_id=cb36c92c-4063-4617-bbd6-b460b8e5db98 func=job_orchestration.executor.query.spider_search_task.search_without_channel fetch_input_start=228405709 fetch_input_end=228405710 fetch_input_duration_ms=0
[2026-01-30 18:52:44.709] [info] [spider.worker] [TIMING] task_id=cb36c92c-4063-4617-bbd6-b460b8e5db98 func=job_orchestration.executor.query.spider_search_task.search_without_channel execution_start=228405711 execution_end=228406917 execution_duration_ms=1206
[2026-01-30 18:52:44.760] [info] [spider.worker] [TIMING] task_id=cb36c92c-4063-4617-bbd6-b460b8e5db98 func=job_orchestration.executor.query.spider_search_task.search_without_channel submit_output_start=228406919 submit_output_end=228406968 submit_output_duration_ms=49
[2026-01-30 18:52:44.783] [info] [spider.worker] [TIMING] task_id=e09c9fa1-3af9-48bc-bb72-7a7e08220384 func=job_orchestration.executor.query.spider_search_task.search_without_channel fetch_input_start=228406991 fetch_input_end=228406992 fetch_input_duration_ms=0
[2026-01-30 18:52:45.880] [info] [spider.worker] [TIMING] task_id=e09c9fa1-3af9-48bc-bb72-7a7e08220384 func=job_orchestration.executor.query.spider_search_task.search_without_channel execution_start=228406992 execution_end=228408089 execution_duration_ms=1096
[2026-01-30 18:52:45.898] [info] [spider.worker] [TIMING] task_id=e09c9fa1-3af9-48bc-bb72-7a7e08220384 func=job_orchestration.executor.query.spider_search_task.search_without_channel submit_output_start=228408091 submit_output_end=228408106 submit_output_duration_ms=15
[2026-01-30 18:52:45.908] [info] [spider.worker] [TIMING] task_id=66843762-8998-4b17-ac6d-2ed8255aec01 func=job_orchestration.executor.query.spider_search_task.search_without_channel fetch_input_start=228408116 fetch_input_end=228408117 fetch_input_duration_ms=0
[2026-01-30 18:52:47.124] [info] [spider.worker] [TIMING] task_id=66843762-8998-4b17-ac6d-2ed8255aec01 func=job_orchestration.executor.query.spider_search_task.search_without_channel execution_start=228408117 execution_end=228409332 execution_duration_ms=1214
[2026-01-30 18:52:47.173] [info] [spider.worker] [TIMING] task_id=66843762-8998-4b17-ac6d-2ed8255aec01 func=job_orchestration.executor.query.spider_search_task.search_without_channel submit_output_start=228409334 submit_output_end=228409382 submit_output_duration_ms=48
[2026-01-30 18:52:47.192] [info] [spider.worker] [TIMING] task_id=a362a7d5-0e01-4f48-9119-ad97bb5d821d func=job_orchestration.executor.query.spider_search_task.search_without_channel fetch_input_start=228409400 fetch_input_end=228409400 fetch_input_duration_ms=0
[2026-01-30 18:52:48.547] [info] [spider.worker] [TIMING] task_id=a362a7d5-0e01-4f48-9119-ad97bb5d821d func=job_orchestration.executor.query.spider_search_task.search_without_channel execution_start=228409401 execution_end=228410755 execution_duration_ms=1354
[2026-01-30 18:52:48.582] [info] [spider.worker] [TIMING] task_id=a362a7d5-0e01-4f48-9119-ad97bb5d821d func=job_orchestration.executor.query.spider_search_task.search_without_channel submit_output_start=228410757 submit_output_end=228410790 submit_output_duration_ms=32
[2026-01-30 18:52:48.600] [info] [spider.worker] [TIMING] task_id=55c76080-a9bd-4a8b-b56b-bc46a6cba3f7 func=job_orchestration.executor.query.spider_search_task.search_without_channel fetch_input_start=228410808 fetch_input_end=228410808 fetch_input_duration_ms=0
[2026-01-30 18:52:49.877] [info] [spider.worker] [TIMING] task_id=55c76080-a9bd-4a8b-b56b-bc46a6cba3f7 func=job_orchestration.executor.query.spider_search_task.search_without_channel execution_start=228410809 execution_end=228412085 execution_duration_ms=1276
[2026-01-30 18:52:49.919] [info] [spider.worker] [TIMING] task_id=55c76080-a9bd-4a8b-b56b-bc46a6cba3f7 func=job_orchestration.executor.query.spider_search_task.search_without_channel submit_output_start=228412087 submit_output_end=228412128 submit_output_duration_ms=40
[2026-01-30 18:52:49.985] [info] [spider.worker] [TIMING] task_id=82897dbc-c6e1-471b-8348-a5003b4abc0b func=job_orchestration.executor.query.spider_search_task.search_without_channel fetch_input_start=228412192 fetch_input_end=228412193 fetch_input_duration_ms=1
[2026-01-30 18:52:51.163] [info] [spider.worker] [TIMING] task_id=82897dbc-c6e1-471b-8348-a5003b4abc0b func=job_orchestration.executor.query.spider_search_task.search_without_channel execution_start=228412194 execution_end=228413372 execution_duration_ms=1177
[2026-01-30 18:52:51.197] [info] [spider.worker] [TIMING] task_id=82897dbc-c6e1-471b-8348-a5003b4abc0b func=job_orchestration.executor.query.spider_search_task.search_without_channel submit_output_start=228413374 submit_output_end=228413405 submit_output_duration_ms=31
[2026-01-30 18:52:51.276] [info] [spider.worker] [TIMING] task_id=e5c62967-e687-4a18-ad2f-d2e16fcaf011 func=job_orchestration.executor.query.spider_search_task.search_without_channel fetch_input_start=228413483 fetch_input_end=228413484 fetch_input_duration_ms=1
[2026-01-30 18:52:52.479] [info] [spider.worker] [TIMING] task_id=e5c62967-e687-4a18-ad2f-d2e16fcaf011 func=job_orchestration.executor.query.spider_search_task.search_without_channel execution_start=228413485 execution_end=228414688 execution_duration_ms=1202
[2026-01-30 18:52:52.491] [info] [spider.worker] [TIMING] task_id=e5c62967-e687-4a18-ad2f-d2e16fcaf011 func=job_orchestration.executor.query.spider_search_task.search_without_channel submit_output_start=228414689 submit_output_end=228414699 submit_output_duration_ms=9
[2026-01-30 18:52:52.528] [info] [spider.worker] [TIMING] task_id=e55c9132-7d06-4a6b-94ef-2a5ef5c4168b func=job_orchestration.executor.query.spider_search_task.search_without_channel fetch_input_start=228414735 fetch_input_end=228414736 fetch_input_duration_ms=1
[2026-01-30 18:52:53.671] [info] [spider.worker] [TIMING] task_id=e55c9132-7d06-4a6b-94ef-2a5ef5c4168b func=job_orchestration.executor.query.spider_search_task.search_without_channel execution_start=228414737 execution_end=228415879 execution_duration_ms=1142
[2026-01-30 18:52:53.712] [info] [spider.worker] [TIMING] task_id=e55c9132-7d06-4a6b-94ef-2a5ef5c4168b func=job_orchestration.executor.query.spider_search_task.search_without_channel submit_output_start=228415881 submit_output_end=228415920 submit_output_duration_ms=39
[2026-01-30 18:52:53.794] [info] [spider.worker] [TIMING] task_id=3e8f510f-7496-4c10-b4f7-8f1f047e38a3 func=job_orchestration.executor.query.spider_search_task.search_without_channel fetch_input_start=228416001 fetch_input_end=228416002 fetch_input_duration_ms=0
[2026-01-30 18:52:55.020] [info] [spider.worker] [TIMING] task_id=3e8f510f-7496-4c10-b4f7-8f1f047e38a3 func=job_orchestration.executor.query.spider_search_task.search_without_channel execution_start=228416003 execution_end=228417228 execution_duration_ms=1225
[2026-01-30 18:52:55.056] [info] [spider.worker] [TIMING] task_id=3e8f510f-7496-4c10-b4f7-8f1f047e38a3 func=job_orchestration.executor.query.spider_search_task.search_without_channel submit_output_start=228417230 submit_output_end=228417264 submit_output_duration_ms=34
[2026-01-30 18:52:55.077] [info] [spider.worker] [TIMING] task_id=b3187c2c-0998-4362-9956-f4eca514de7a func=job_orchestration.executor.query.spider_search_task.search_without_channel fetch_input_start=228417284 fetch_input_end=228417285 fetch_input_duration_ms=1
[2026-01-30 18:52:56.169] [info] [spider.worker] [TIMING] task_id=b3187c2c-0998-4362-9956-f4eca514de7a func=job_orchestration.executor.query.spider_search_task.search_without_channel execution_start=228417286 execution_end=228418377 execution_duration_ms=1090
[2026-01-30 18:52:56.192] [info] [spider.worker] [TIMING] task_id=b3187c2c-0998-4362-9956-f4eca514de7a func=job_orchestration.executor.query.spider_search_task.search_without_channel submit_output_start=228418379 submit_output_end=228418400 submit_output_duration_ms=21
[2026-01-30 18:52:56.211] [info] [spider.worker] [TIMING] task_id=27f3b2bf-f65a-413f-88c4-1f3ab52424a5 func=job_orchestration.executor.query.spider_search_task.search_without_channel fetch_input_start=228418418 fetch_input_end=228418419 fetch_input_duration_ms=0
[2026-01-30 18:52:57.522] [info] [spider.worker] [TIMING] task_id=27f3b2bf-f65a-413f-88c4-1f3ab52424a5 func=job_orchestration.executor.query.spider_search_task.search_without_channel execution_start=228418420 execution_end=228419731 execution_duration_ms=1310
[2026-01-30 18:52:57.569] [info] [spider.worker] [TIMING] task_id=27f3b2bf-f65a-413f-88c4-1f3ab52424a5 func=job_orchestration.executor.query.spider_search_task.search_without_channel submit_output_start=228419733 submit_output_end=228419778 submit_output_duration_ms=45
[2026-01-30 18:52:57.614] [info] [spider.worker] [TIMING] task_id=fc4b31c9-ca55-4d4f-947b-a30e2f7de4c7 func=job_orchestration.executor.query.spider_search_task.search_without_channel fetch_input_start=228419821 fetch_input_end=228419823 fetch_input_duration_ms=1
[2026-01-30 18:52:58.851] [info] [spider.worker] [TIMING] task_id=fc4b31c9-ca55-4d4f-947b-a30e2f7de4c7 func=job_orchestration.executor.query.spider_search_task.search_without_channel execution_start=228419823 execution_end=228421059 execution_duration_ms=1236
[2026-01-30 18:52:58.932] [info] [spider.worker] [TIMING] task_id=fc4b31c9-ca55-4d4f-947b-a30e2f7de4c7 func=job_orchestration.executor.query.spider_search_task.search_without_channel submit_output_start=228421083 submit_output_end=228421141 submit_output_duration_ms=57
[2026-01-30 18:52:58.976] [info] [spider.worker] [TIMING] task_id=89599853-7d67-47a8-a581-ef725ffb47b4 func=job_orchestration.executor.query.spider_search_task.search_without_channel fetch_input_start=228421184 fetch_input_end=228421185 fetch_input_duration_ms=1
[2026-01-30 18:53:00.316] [info] [spider.worker] [TIMING] task_id=89599853-7d67-47a8-a581-ef725ffb47b4 func=job_orchestration.executor.query.spider_search_task.search_without_channel execution_start=228421185 execution_end=228422524 execution_duration_ms=1338
[2026-01-30 18:53:00.359] [info] [spider.worker] [TIMING] task_id=89599853-7d67-47a8-a581-ef725ffb47b4 func=job_orchestration.executor.query.spider_search_task.search_without_channel submit_output_start=228422526 submit_output_end=228422567 submit_output_duration_ms=41
[2026-01-30 18:53:00.377] [info] [spider.worker] [TIMING] task_id=405ca2c8-cbf7-41a0-8d2c-527de63f39cd func=job_orchestration.executor.query.spider_search_task.search_without_channel fetch_input_start=228422585 fetch_input_end=228422586 fetch_input_duration_ms=0
[2026-01-30 18:53:01.739] [info] [spider.worker] [TIMING] task_id=405ca2c8-cbf7-41a0-8d2c-527de63f39cd func=job_orchestration.executor.query.spider_search_task.search_without_channel execution_start=228422586 execution_end=228423947 execution_duration_ms=1360
[2026-01-30 18:53:01.772] [info] [spider.worker] [TIMING] task_id=405ca2c8-cbf7-41a0-8d2c-527de63f39cd func=job_orchestration.executor.query.spider_search_task.search_without_channel submit_output_start=228423948 submit_output_end=228423980 submit_output_duration_ms=31
[2026-01-30 18:53:01.804] [info] [spider.worker] [TIMING] task_id=20e2e5ec-ce4d-4a77-aea2-c32909d9ec7f func=job_orchestration.executor.query.spider_search_task.search_without_channel fetch_input_start=228424011 fetch_input_end=228424012 fetch_input_duration_ms=1
[2026-01-30 18:53:03.087] [info] [spider.worker] [TIMING] task_id=20e2e5ec-ce4d-4a77-aea2-c32909d9ec7f func=job_orchestration.executor.query.spider_search_task.search_without_channel execution_start=228424013 execution_end=228425296 execution_duration_ms=1282
[2026-01-30 18:53:03.101] [info] [spider.worker] [TIMING] task_id=20e2e5ec-ce4d-4a77-aea2-c32909d9ec7f func=job_orchestration.executor.query.spider_search_task.search_without_channel submit_output_start=228425297 submit_output_end=228425309 submit_output_duration_ms=11
[2026-01-30 18:53:03.121] [info] [spider.worker] [TIMING] task_id=eb3aea11-78ef-4306-be09-7bc218e8f9a2 func=job_orchestration.executor.query.spider_search_task.search_without_channel fetch_input_start=228425328 fetch_input_end=228425329 fetch_input_duration_ms=1
[2026-01-30 18:53:04.318] [info] [spider.worker] [TIMING] task_id=eb3aea11-78ef-4306-be09-7bc218e8f9a2 func=job_orchestration.executor.query.spider_search_task.search_without_channel execution_start=228425330 execution_end=228426526 execution_duration_ms=1196
[2026-01-30 18:53:04.334] [info] [spider.worker] [TIMING] task_id=eb3aea11-78ef-4306-be09-7bc218e8f9a2 func=job_orchestration.executor.query.spider_search_task.search_without_channel submit_output_start=228426528 submit_output_end=228426543 submit_output_duration_ms=14
[2026-01-30 18:53:04.372] [info] [spider.worker] [TIMING] task_id=34e398a3-2c22-4e29-80e1-2f3c5c3297c5 func=job_orchestration.executor.query.spider_search_task.search_without_channel fetch_input_start=228426580 fetch_input_end=228426581 fetch_input_duration_ms=1
[2026-01-30 18:53:05.568] [info] [spider.worker] [TIMING] task_id=34e398a3-2c22-4e29-80e1-2f3c5c3297c5 func=job_orchestration.executor.query.spider_search_task.search_without_channel execution_start=228426582 execution_end=228427776 execution_duration_ms=1194
[2026-01-30 18:53:05.601] [info] [spider.worker] [TIMING] task_id=34e398a3-2c22-4e29-80e1-2f3c5c3297c5 func=job_orchestration.executor.query.spider_search_task.search_without_channel submit_output_start=228427790 submit_output_end=228427810 submit_output_duration_ms=20
[2026-01-30 18:53:05.642] [info] [spider.worker] [TIMING] task_id=507f4add-b9cf-4af8-8714-b714c74fc489 func=job_orchestration.executor.query.spider_search_task.search_without_channel fetch_input_start=228427849 fetch_input_end=228427850 fetch_input_duration_ms=0
[2026-01-30 18:53:06.878] [info] [spider.worker] [TIMING] task_id=507f4add-b9cf-4af8-8714-b714c74fc489 func=job_orchestration.executor.query.spider_search_task.search_without_channel execution_start=228427851 execution_end=228429086 execution_duration_ms=1235
[2026-01-30 18:53:06.985] [info] [spider.worker] [TIMING] task_id=507f4add-b9cf-4af8-8714-b714c74fc489 func=job_orchestration.executor.query.spider_search_task.search_without_channel submit_output_start=228429100 submit_output_end=228429193 submit_output_duration_ms=93
[2026-01-30 18:53:07.028] [info] [spider.worker] [TIMING] task_id=6c4239c0-658d-4bbb-b828-43dd612e2c58 func=job_orchestration.executor.query.spider_search_task.search_without_channel fetch_input_start=228429235 fetch_input_end=228429236 fetch_input_duration_ms=1
[2026-01-30 18:53:08.232] [info] [spider.worker] [TIMING] task_id=6c4239c0-658d-4bbb-b828-43dd612e2c58 func=job_orchestration.executor.query.spider_search_task.search_without_channel execution_start=228429237 execution_end=228430441 execution_duration_ms=1203
[2026-01-30 18:53:08.243] [info] [spider.worker] [TIMING] task_id=6c4239c0-658d-4bbb-b828-43dd612e2c58 func=job_orchestration.executor.query.spider_search_task.search_without_channel submit_output_start=228430443 submit_output_end=228430452 submit_output_duration_ms=9
[2026-01-30 18:53:08.280] [info] [spider.worker] [TIMING] task_id=a3822168-1885-4520-a33f-6f2fe7b6a00c func=job_orchestration.executor.query.spider_search_task.search_without_channel fetch_input_start=228430487 fetch_input_end=228430488 fetch_input_duration_ms=1
[2026-01-30 18:53:09.518] [info] [spider.worker] [TIMING] task_id=a3822168-1885-4520-a33f-6f2fe7b6a00c func=job_orchestration.executor.query.spider_search_task.search_without_channel execution_start=228430489 execution_end=228431726 execution_duration_ms=1237
[2026-01-30 18:53:09.527] [info] [spider.worker] [TIMING] task_id=a3822168-1885-4520-a33f-6f2fe7b6a00c func=job_orchestration.executor.query.spider_search_task.search_without_channel submit_output_start=228431728 submit_output_end=228431736 submit_output_duration_ms=7
[2026-01-30 18:53:09.566] [info] [spider.worker] [TIMING] task_id=1637e3b1-b927-4c7c-9582-dbd7d7d0d028 func=job_orchestration.executor.query.spider_search_task.search_without_channel fetch_input_start=228431773 fetch_input_end=228431774 fetch_input_duration_ms=1
[2026-01-30 18:53:10.841] [info] [spider.worker] [TIMING] task_id=1637e3b1-b927-4c7c-9582-dbd7d7d0d028 func=job_orchestration.executor.query.spider_search_task.search_without_channel execution_start=228431775 execution_end=228433050 execution_duration_ms=1274
[2026-01-30 18:53:10.852] [info] [spider.worker] [TIMING] task_id=1637e3b1-b927-4c7c-9582-dbd7d7d0d028 func=job_orchestration.executor.query.spider_search_task.search_without_channel submit_output_start=228433051 submit_output_end=228433061 submit_output_duration_ms=9
[2026-01-30 18:53:10.894] [info] [spider.worker] [TIMING] task_id=aa6fe9e1-72f3-4a63-8743-bb0668b27310 func=job_orchestration.executor.query.spider_search_task.search_without_channel fetch_input_start=228433101 fetch_input_end=228433102 fetch_input_duration_ms=0
[2026-01-30 18:53:12.249] [info] [spider.worker] [TIMING] task_id=aa6fe9e1-72f3-4a63-8743-bb0668b27310 func=job_orchestration.executor.query.spider_search_task.search_without_channel execution_start=228433103 execution_end=228434457 execution_duration_ms=1354
[2026-01-30 18:53:12.278] [info] [spider.worker] [TIMING] task_id=aa6fe9e1-72f3-4a63-8743-bb0668b27310 func=job_orchestration.executor.query.spider_search_task.search_without_channel submit_output_start=228434459 submit_output_end=228434487 submit_output_duration_ms=27
[2026-01-30 18:53:12.297] [info] [spider.worker] [TIMING] task_id=cb982ab1-b70a-4481-80f9-e86db7d6d7c0 func=job_orchestration.executor.query.spider_search_task.search_without_channel fetch_input_start=228434504 fetch_input_end=228434505 fetch_input_duration_ms=1
[2026-01-30 18:53:13.656] [info] [spider.worker] [TIMING] task_id=cb982ab1-b70a-4481-80f9-e86db7d6d7c0 func=job_orchestration.executor.query.spider_search_task.search_without_channel execution_start=228434506 execution_end=228435864 execution_duration_ms=1358
[2026-01-30 18:53:13.686] [info] [spider.worker] [TIMING] task_id=cb982ab1-b70a-4481-80f9-e86db7d6d7c0 func=job_orchestration.executor.query.spider_search_task.search_without_channel submit_output_start=228435873 submit_output_end=228435895 submit_output_duration_ms=21
[2026-01-30 18:53:13.730] [info] [spider.worker] [TIMING] task_id=7e0b43fd-9e7e-43bc-ad29-1eed0d9977a1 func=job_orchestration.executor.query.spider_search_task.search_without_channel fetch_input_start=228435938 fetch_input_end=228435939 fetch_input_duration_ms=1
[2026-01-30 18:53:14.855] [info] [spider.worker] [TIMING] task_id=7e0b43fd-9e7e-43bc-ad29-1eed0d9977a1 func=job_orchestration.executor.query.spider_search_task.search_without_channel execution_start=228435939 execution_end=228437063 execution_duration_ms=1123
[2026-01-30 18:53:14.886] [info] [spider.worker] [TIMING] task_id=7e0b43fd-9e7e-43bc-ad29-1eed0d9977a1 func=job_orchestration.executor.query.spider_search_task.search_without_channel submit_output_start=228437076 submit_output_end=228437095 submit_output_duration_ms=18
[2026-01-30 18:53:14.906] [info] [spider.worker] [TIMING] task_id=0d38f4a0-7a81-4e2a-9805-8a058687886e func=job_orchestration.executor.query.spider_search_task.search_without_channel fetch_input_start=228437113 fetch_input_end=228437115 fetch_input_duration_ms=1
[2026-01-30 18:53:16.075] [info] [spider.worker] [TIMING] task_id=0d38f4a0-7a81-4e2a-9805-8a058687886e func=job_orchestration.executor.query.spider_search_task.search_without_channel execution_start=228437115 execution_end=228438283 execution_duration_ms=1167
[2026-01-30 18:53:16.095] [info] [spider.worker] [TIMING] task_id=0d38f4a0-7a81-4e2a-9805-8a058687886e func=job_orchestration.executor.query.spider_search_task.search_without_channel submit_output_start=228438285 submit_output_end=228438304 submit_output_duration_ms=18
[2026-01-30 18:53:16.130] [info] [spider.worker] [TIMING] task_id=7ee2a977-0c6a-446f-9345-106dca383e33 func=job_orchestration.executor.query.spider_search_task.search_without_channel fetch_input_start=228438338 fetch_input_end=228438339 fetch_input_duration_ms=0
[2026-01-30 18:53:17.318] [info] [spider.worker] [TIMING] task_id=7ee2a977-0c6a-446f-9345-106dca383e33 func=job_orchestration.executor.query.spider_search_task.search_without_channel execution_start=228438339 execution_end=228439526 execution_duration_ms=1187
[2026-01-30 18:53:17.354] [info] [spider.worker] [TIMING] task_id=7ee2a977-0c6a-446f-9345-106dca383e33 func=job_orchestration.executor.query.spider_search_task.search_without_channel submit_output_start=228439530 submit_output_end=228439563 submit_output_duration_ms=33
[2026-01-30 18:53:17.390] [info] [spider.worker] [TIMING] task_id=d563aaf9-3fb2-452c-bdb9-7180a8a0af3e func=job_orchestration.executor.query.spider_search_task.search_without_channel fetch_input_start=228439597 fetch_input_end=228439599 fetch_input_duration_ms=1
[2026-01-30 18:53:18.563] [info] [spider.worker] [TIMING] task_id=d563aaf9-3fb2-452c-bdb9-7180a8a0af3e func=job_orchestration.executor.query.spider_search_task.search_without_channel execution_start=228439599 execution_end=228440771 execution_duration_ms=1171
[2026-01-30 18:53:18.631] [info] [spider.worker] [TIMING] task_id=d563aaf9-3fb2-452c-bdb9-7180a8a0af3e func=job_orchestration.executor.query.spider_search_task.search_without_channel submit_output_start=228440773 submit_output_end=228440840 submit_output_duration_ms=66
[2026-01-30 18:53:18.701] [info] [spider.worker] [TIMING] task_id=0ad16f15-84f0-4e42-bfe4-b363acb617e3 func=job_orchestration.executor.query.spider_search_task.search_without_channel fetch_input_start=228440908 fetch_input_end=228440909 fetch_input_duration_ms=0
[2026-01-30 18:53:20.146] [info] [spider.worker] [TIMING] task_id=0ad16f15-84f0-4e42-bfe4-b363acb617e3 func=job_orchestration.executor.query.spider_search_task.search_without_channel execution_start=228440910 execution_end=228442354 execution_duration_ms=1444
[2026-01-30 18:53:20.171] [info] [spider.worker] [TIMING] task_id=0ad16f15-84f0-4e42-bfe4-b363acb617e3 func=job_orchestration.executor.query.spider_search_task.search_without_channel submit_output_start=228442356 submit_output_end=228442379 submit_output_duration_ms=23
[2026-01-30 18:53:20.215] [info] [spider.worker] [TIMING] task_id=3dea072e-38d4-4795-ac54-5b04a7a81979 func=job_orchestration.executor.query.spider_search_task.search_without_channel fetch_input_start=228442423 fetch_input_end=228442424 fetch_input_duration_ms=1
[2026-01-30 18:53:21.385] [info] [spider.worker] [TIMING] task_id=3dea072e-38d4-4795-ac54-5b04a7a81979 func=job_orchestration.executor.query.spider_search_task.search_without_channel execution_start=228442425 execution_end=228443593 execution_duration_ms=1168
[2026-01-30 18:53:21.396] [info] [spider.worker] [TIMING] task_id=3dea072e-38d4-4795-ac54-5b04a7a81979 func=job_orchestration.executor.query.spider_search_task.search_without_channel submit_output_start=228443595 submit_output_end=228443604 submit_output_duration_ms=9
[2026-01-30 18:53:21.415] [info] [spider.worker] [TIMING] task_id=da7acc84-d9a5-44cd-93f6-f7bd25e52fe9 func=job_orchestration.executor.query.spider_search_task.search_without_channel fetch_input_start=228443623 fetch_input_end=228443624 fetch_input_duration_ms=1
[2026-01-30 18:53:22.697] [info] [spider.worker] [TIMING] task_id=da7acc84-d9a5-44cd-93f6-f7bd25e52fe9 func=job_orchestration.executor.query.spider_search_task.search_without_channel execution_start=228443624 execution_end=228444905 execution_duration_ms=1281
[2026-01-30 18:53:22.783] [info] [spider.worker] [TIMING] task_id=da7acc84-d9a5-44cd-93f6-f7bd25e52fe9 func=job_orchestration.executor.query.spider_search_task.search_without_channel submit_output_start=228444907 submit_output_end=228444991 submit_output_duration_ms=84
[2026-01-30 18:53:22.843] [info] [spider.worker] [TIMING] task_id=098a3e50-3378-403b-b51d-87385b428040 func=job_orchestration.executor.query.spider_search_task.search_without_channel fetch_input_start=228445051 fetch_input_end=228445052 fetch_input_duration_ms=0
[2026-01-30 18:53:24.126] [info] [spider.worker] [TIMING] task_id=098a3e50-3378-403b-b51d-87385b428040 func=job_orchestration.executor.query.spider_search_task.search_without_channel execution_start=228445052 execution_end=228446335 execution_duration_ms=1282
[2026-01-30 18:53:24.180] [info] [spider.worker] [TIMING] task_id=098a3e50-3378-403b-b51d-87385b428040 func=job_orchestration.executor.query.spider_search_task.search_without_channel submit_output_start=228446337 submit_output_end=228446388 submit_output_duration_ms=51
[2026-01-30 18:53:24.221] [info] [spider.worker] [TIMING] task_id=423276dd-bbdf-4a48-948b-06e82c89de1e func=job_orchestration.executor.query.spider_search_task.search_without_channel fetch_input_start=228446429 fetch_input_end=228446430 fetch_input_duration_ms=0
[2026-01-30 18:53:25.477] [info] [spider.worker] [TIMING] task_id=423276dd-bbdf-4a48-948b-06e82c89de1e func=job_orchestration.executor.query.spider_search_task.search_without_channel execution_start=228446430 execution_end=228447685 execution_duration_ms=1255
[2026-01-30 18:53:25.505] [info] [spider.worker] [TIMING] task_id=423276dd-bbdf-4a48-948b-06e82c89de1e func=job_orchestration.executor.query.spider_search_task.search_without_channel submit_output_start=228447688 submit_output_end=228447713 submit_output_duration_ms=25
[2026-01-30 18:53:25.525] [info] [spider.worker] [TIMING] task_id=1caa0c11-1468-404b-9862-b556205bab5b func=job_orchestration.executor.query.spider_search_task.search_without_channel fetch_input_start=228447732 fetch_input_end=228447734 fetch_input_duration_ms=1
[2026-01-30 18:53:26.886] [info] [spider.worker] [TIMING] task_id=1caa0c11-1468-404b-9862-b556205bab5b func=job_orchestration.executor.query.spider_search_task.search_without_channel execution_start=228447734 execution_end=228449095 execution_duration_ms=1360
[2026-01-30 18:53:26.930] [info] [spider.worker] [TIMING] task_id=1caa0c11-1468-404b-9862-b556205bab5b func=job_orchestration.executor.query.spider_search_task.search_without_channel submit_output_start=228449096 submit_output_end=228449139 submit_output_duration_ms=42
[2026-01-30 18:53:26.949] [info] [spider.worker] [TIMING] task_id=561fc426-330a-49d4-a5e3-dd65eda22d7e func=job_orchestration.executor.query.spider_search_task.search_without_channel fetch_input_start=228449157 fetch_input_end=228449157 fetch_input_duration_ms=0
[2026-01-30 18:53:28.057] [info] [spider.worker] [TIMING] task_id=561fc426-330a-49d4-a5e3-dd65eda22d7e func=job_orchestration.executor.query.spider_search_task.search_without_channel execution_start=228449158 execution_end=228450266 execution_duration_ms=1107
[2026-01-30 18:53:28.103] [info] [spider.worker] [TIMING] task_id=561fc426-330a-49d4-a5e3-dd65eda22d7e func=job_orchestration.executor.query.spider_search_task.search_without_channel submit_output_start=228450269 submit_output_end=228450311 submit_output_duration_ms=41
[2026-01-30 18:53:28.147] [info] [spider.worker] [TIMING] task_id=9576cf57-8bd9-4417-b066-6baaa5181d8d func=job_orchestration.executor.query.spider_search_task.search_without_channel fetch_input_start=228450354 fetch_input_end=228450355 fetch_input_duration_ms=0
[2026-01-30 18:53:29.466] [info] [spider.worker] [TIMING] task_id=9576cf57-8bd9-4417-b066-6baaa5181d8d func=job_orchestration.executor.query.spider_search_task.search_without_channel execution_start=228450356 execution_end=228451675 execution_duration_ms=1319
[2026-01-30 18:53:29.497] [info] [spider.worker] [TIMING] task_id=9576cf57-8bd9-4417-b066-6baaa5181d8d func=job_orchestration.executor.query.spider_search_task.search_without_channel submit_output_start=228451677 submit_output_end=228451705 submit_output_duration_ms=28
[2026-01-30 18:53:29.517] [info] [spider.worker] [TIMING] task_id=41f16ac4-4d36-491a-964a-b946c8c5c2cd func=job_orchestration.executor.query.spider_search_task.search_without_channel fetch_input_start=228451725 fetch_input_end=228451726 fetch_input_duration_ms=1
[2026-01-30 18:53:30.762] [info] [spider.worker] [TIMING] task_id=41f16ac4-4d36-491a-964a-b946c8c5c2cd func=job_orchestration.executor.query.spider_search_task.search_without_channel execution_start=228451726 execution_end=228452970 execution_duration_ms=1243
[2026-01-30 18:53:30.781] [info] [spider.worker] [TIMING] task_id=41f16ac4-4d36-491a-964a-b946c8c5c2cd func=job_orchestration.executor.query.spider_search_task.search_without_channel submit_output_start=228452971 submit_output_end=228452989 submit_output_duration_ms=17
[2026-01-30 18:53:30.801] [info] [spider.worker] [TIMING] task_id=511eee08-34f8-4ceb-b606-b868137844b8 func=job_orchestration.executor.query.spider_search_task.search_without_channel fetch_input_start=228453008 fetch_input_end=228453009 fetch_input_duration_ms=0
[2026-01-30 18:53:32.165] [info] [spider.worker] [TIMING] task_id=511eee08-34f8-4ceb-b606-b868137844b8 func=job_orchestration.executor.query.spider_search_task.search_without_channel execution_start=228453010 execution_end=228454373 execution_duration_ms=1363
[2026-01-30 18:53:32.190] [info] [spider.worker] [TIMING] task_id=511eee08-34f8-4ceb-b606-b868137844b8 func=job_orchestration.executor.query.spider_search_task.search_without_channel submit_output_start=228454375 submit_output_end=228454398 submit_output_duration_ms=23
[2026-01-30 18:53:32.223] [info] [spider.worker] [TIMING] task_id=30017270-1eef-4a53-a267-a7e7c63c1f45 func=job_orchestration.executor.query.spider_search_task.search_without_channel fetch_input_start=228454430 fetch_input_end=228454431 fetch_input_duration_ms=1
[2026-01-30 18:53:33.524] [info] [spider.worker] [TIMING] task_id=30017270-1eef-4a53-a267-a7e7c63c1f45 func=job_orchestration.executor.query.spider_search_task.search_without_channel execution_start=228454432 execution_end=228455733 execution_duration_ms=1301
[2026-01-30 18:53:33.548] [info] [spider.worker] [TIMING] task_id=30017270-1eef-4a53-a267-a7e7c63c1f45 func=job_orchestration.executo