[2026-01-30 14:53:05.932] [warning] [spider.worker] Prefer using `SPIDER_STORAGE_URL` environment variable over `--storage_url` argument.
[2026-01-30 14:53:48.365] [info] [spider.worker] [TIMING] task_id=c20def76-2e59-48c9-b1e0-ffee19b1dfb2 func=job_orchestration.executor.compress.spider_compress.compress fetch_input_start=214070572 fetch_input_end=214070573 fetch_input_duration_ms=1
[2026-01-30 14:54:15.849] [info] [spider.worker] [TIMING] task_id=c20def76-2e59-48c9-b1e0-ffee19b1dfb2 func=job_orchestration.executor.compress.spider_compress.compress execution_start=214070574 execution_end=214098057 execution_duration_ms=27483
[2026-01-30 14:54:15.889] [info] [spider.worker] [TIMING] task_id=c20def76-2e59-48c9-b1e0-ffee19b1dfb2 func=job_orchestration.executor.compress.spider_compress.compress submit_output_start=214098059 submit_output_end=214098098 submit_output_duration_ms=38
[2026-01-30 14:54:15.911] [info] [spider.worker] [TIMING] task_id=f5447c54-2643-4ea1-ba37-116bb0569278 func=job_orchestration.executor.compress.spider_compress.compress fetch_input_start=214098119 fetch_input_end=214098119 fetch_input_duration_ms=0
[2026-01-30 14:54:26.530] [info] [spider.worker] [TIMING] task_id=f5447c54-2643-4ea1-ba37-116bb0569278 func=job_orchestration.executor.compress.spider_compress.compress execution_start=214098120 execution_end=214108738 execution_duration_ms=10617
[2026-01-30 14:54:26.558] [info] [spider.worker] [TIMING] task_id=f5447c54-2643-4ea1-ba37-116bb0569278 func=job_orchestration.executor.compress.spider_compress.compress submit_output_start=214108745 submit_output_end=214108767 submit_output_duration_ms=21
[2026-01-30 14:54:26.605] [info] [spider.worker] [TIMING] task_id=229bc3dc-4dfe-411b-8e06-212b5046208f func=job_orchestration.executor.compress.spider_compress.compress fetch_input_start=214108812 fetch_input_end=214108813 fetch_input_duration_ms=1
[2026-01-30 14:54:43.318] [info] [spider.worker] [TIMING] task_id=229bc3dc-4dfe-411b-8e06-212b5046208f func=job_orchestration.executor.compress.spider_compress.compress execution_start=214108814 execution_end=214125526 execution_duration_ms=16712
[2026-01-30 14:54:43.332] [info] [spider.worker] [TIMING] task_id=229bc3dc-4dfe-411b-8e06-212b5046208f func=job_orchestration.executor.compress.spider_compress.compress submit_output_start=214125529 submit_output_end=214125540 submit_output_duration_ms=11
[2026-01-30 14:54:43.375] [info] [spider.worker] [TIMING] task_id=fd2511ee-b50c-4dd5-9046-2950644efb50 func=job_orchestration.executor.compress.spider_compress.compress fetch_input_start=214125582 fetch_input_end=214125583 fetch_input_duration_ms=0
[2026-01-30 14:54:56.615] [info] [spider.worker] [TIMING] task_id=fd2511ee-b50c-4dd5-9046-2950644efb50 func=job_orchestration.executor.compress.spider_compress.compress execution_start=214125584 execution_end=214138823 execution_duration_ms=13239
[2026-01-30 14:54:56.714] [info] [spider.worker] [TIMING] task_id=fd2511ee-b50c-4dd5-9046-2950644efb50 func=job_orchestration.executor.compress.spider_compress.compress submit_output_start=214138824 submit_output_end=214138922 submit_output_duration_ms=98
[2026-01-30 14:54:56.735] [info] [spider.worker] [TIMING] task_id=abfaced2-3d08-4bc3-8ce1-f2d5bc97d2e8 func=job_orchestration.executor.compress.spider_compress.compress fetch_input_start=214138942 fetch_input_end=214138943 fetch_input_duration_ms=1
[2026-01-30 14:55:06.669] [info] [spider.worker] [TIMING] task_id=abfaced2-3d08-4bc3-8ce1-f2d5bc97d2e8 func=job_orchestration.executor.compress.spider_compress.compress execution_start=214138944 execution_end=214148878 execution_duration_ms=9933
[2026-01-30 14:55:06.681] [info] [spider.worker] [TIMING] task_id=abfaced2-3d08-4bc3-8ce1-f2d5bc97d2e8 func=job_orchestration.executor.compress.spider_compress.compress submit_output_start=214148880 submit_output_end=214148890 submit_output_duration_ms=9
[2026-01-30 14:55:06.701] [info] [spider.worker] [TIMING] task_id=9299da7e-eab3-4781-87c4-399e6377c9ff func=job_orchestration.executor.compress.spider_compress.compress fetch_input_start=214148908 fetch_input_end=214148909 fetch_input_duration_ms=0
[2026-01-30 14:55:29.338] [info] [spider.worker] [TIMING] task_id=9299da7e-eab3-4781-87c4-399e6377c9ff func=job_orchestration.executor.compress.spider_compress.compress execution_start=214148910 execution_end=214171547 execution_duration_ms=22636
[2026-01-30 14:55:29.355] [info] [spider.worker] [TIMING] task_id=9299da7e-eab3-4781-87c4-399e6377c9ff func=job_orchestration.executor.compress.spider_compress.compress submit_output_start=214171548 submit_output_end=214171563 submit_output_duration_ms=15
[2026-01-30 14:55:29.399] [info] [spider.worker] [TIMING] task_id=1189e6e3-9091-4a4a-9d47-113a9a3dc5c5 func=job_orchestration.executor.compress.spider_compress.compress fetch_input_start=214171607 fetch_input_end=214171608 fetch_input_duration_ms=0
[2026-01-30 14:56:02.942] [info] [spider.worker] [TIMING] task_id=1189e6e3-9091-4a4a-9d47-113a9a3dc5c5 func=job_orchestration.executor.compress.spider_compress.compress execution_start=214171608 execution_end=214205150 execution_duration_ms=33542
[2026-01-30 14:56:02.953] [info] [spider.worker] [TIMING] task_id=1189e6e3-9091-4a4a-9d47-113a9a3dc5c5 func=job_orchestration.executor.compress.spider_compress.compress submit_output_start=214205152 submit_output_end=214205161 submit_output_duration_ms=9
[2026-01-30 14:56:02.987] [info] [spider.worker] [TIMING] task_id=7f5ec524-6f3b-4d72-a801-79ed04ffa09d func=job_orchestration.executor.compress.spider_compress.compress fetch_input_start=214205194 fetch_input_end=214205195 fetch_input_duration_ms=1
[2026-01-30 14:56:30.978] [info] [spider.worker] [TIMING] task_id=7f5ec524-6f3b-4d72-a801-79ed04ffa09d func=job_orchestration.executor.compress.spider_compress.compress execution_start=214205196 execution_end=214233186 execution_duration_ms=27990
[2026-01-30 14:56:31.025] [info] [spider.worker] [TIMING] task_id=7f5ec524-6f3b-4d72-a801-79ed04ffa09d func=job_orchestration.executor.compress.spider_compress.compress submit_output_start=214233188 submit_output_end=214233233 submit_output_duration_ms=44
[2026-01-30 14:56:31.056] [info] [spider.worker] [TIMING] task_id=7f771410-2e41-4814-b386-f6eeb309875d func=job_orchestration.executor.compress.spider_compress.compress fetch_input_start=214233263 fetch_input_end=214233264 fetch_input_duration_ms=1
[2026-01-30 14:56:42.180] [info] [spider.worker] [TIMING] task_id=7f771410-2e41-4814-b386-f6eeb309875d func=job_orchestration.executor.compress.spider_compress.compress execution_start=214233265 execution_end=214244388 execution_duration_ms=11123
[2026-01-30 14:56:42.201] [info] [spider.worker] [TIMING] task_id=7f771410-2e41-4814-b386-f6eeb309875d func=job_orchestration.executor.compress.spider_compress.compress submit_output_start=214244391 submit_output_end=214244410 submit_output_duration_ms=19
[2026-01-30 14:56:42.211] [info] [spider.worker] [TIMING] task_id=78b5db5c-5d5a-4b10-b471-3ef25075ab0d func=job_orchestration.executor.compress.spider_compress.compress fetch_input_start=214244419 fetch_input_end=214244420 fetch_input_duration_ms=0
[2026-01-30 14:57:02.752] [info] [spider.worker] [TIMING] task_id=78b5db5c-5d5a-4b10-b471-3ef25075ab0d func=job_orchestration.executor.compress.spider_compress.compress execution_start=214244420 execution_end=214264960 execution_duration_ms=20539
[2026-01-30 14:57:02.775] [info] [spider.worker] [TIMING] task_id=78b5db5c-5d5a-4b10-b471-3ef25075ab0d func=job_orchestration.executor.compress.spider_compress.compress submit_output_start=214264962 submit_output_end=214264983 submit_output_duration_ms=21
[2026-01-30 14:57:02.786] [info] [spider.worker] [TIMING] task_id=08ebfa82-ae5a-4e40-84b3-7c526ae34c04 func=job_orchestration.executor.compress.spider_compress.compress fetch_input_start=214264993 fetch_input_end=214264994 fetch_input_duration_ms=0
[2026-01-30 14:57:15.480] [info] [spider.worker] [TIMING] task_id=08ebfa82-ae5a-4e40-84b3-7c526ae34c04 func=job_orchestration.executor.compress.spider_compress.compress execution_start=214264995 execution_end=214277688 execution_duration_ms=12693
[2026-01-30 14:57:15.491] [info] [spider.worker] [TIMING] task_id=08ebfa82-ae5a-4e40-84b3-7c526ae34c04 func=job_orchestration.executor.compress.spider_compress.compress submit_output_start=214277690 submit_output_end=214277699 submit_output_duration_ms=9
[2026-01-30 14:57:15.528] [info] [spider.worker] [TIMING] task_id=712daaf3-f07e-42fc-8c15-1fe955775dde func=job_orchestration.executor.compress.spider_compress.compress fetch_input_start=214277735 fetch_input_end=214277737 fetch_input_duration_ms=1
[2026-01-30 14:57:29.991] [info] [spider.worker] [TIMING] task_id=712daaf3-f07e-42fc-8c15-1fe955775dde func=job_orchestration.executor.compress.spider_compress.compress execution_start=214277737 execution_end=214292199 execution_duration_ms=14461
[2026-01-30 14:57:30.007] [info] [spider.worker] [TIMING] task_id=712daaf3-f07e-42fc-8c15-1fe955775dde func=job_orchestration.executor.compress.spider_compress.compress submit_output_start=214292201 submit_output_end=214292215 submit_output_duration_ms=14
[2026-01-30 14:57:30.040] [info] [spider.worker] [TIMING] task_id=d03a041d-e15f-46b3-b9b7-e590d9dd73a1 func=job_orchestration.executor.compress.spider_compress.compress fetch_input_start=214292247 fetch_input_end=214292249 fetch_input_duration_ms=1
[2026-01-30 14:57:41.093] [info] [spider.worker] [TIMING] task_id=d03a041d-e15f-46b3-b9b7-e590d9dd73a1 func=job_orchestration.executor.compress.spider_compress.compress execution_start=214292250 execution_end=214303301 execution_duration_ms=11051
[2026-01-30 14:57:41.132] [info] [spider.worker] [TIMING] task_id=d03a041d-e15f-46b3-b9b7-e590d9dd73a1 func=job_orchestration.executor.compress.spider_compress.compress submit_output_start=214303306 submit_output_end=214303340 submit_output_duration_ms=34
[2026-01-30 14:57:41.176] [info] [spider.worker] [TIMING] task_id=12f39ca6-7664-4a08-9c1e-0057fa8327a4 func=job_orchestration.executor.compress.spider_compress.compress fetch_input_start=214303383 fetch_input_end=214303384 fetch_input_duration_ms=0
[2026-01-30 14:57:50.408] [info] [spider.worker] [TIMING] task_id=12f39ca6-7664-4a08-9c1e-0057fa8327a4 func=job_orchestration.executor.compress.spider_compress.compress execution_start=214303385 execution_end=214312617 execution_duration_ms=9231
[2026-01-30 14:57:50.423] [info] [spider.worker] [TIMING] task_id=12f39ca6-7664-4a08-9c1e-0057fa8327a4 func=job_orchestration.executor.compress.spider_compress.compress submit_output_start=214312619 submit_output_end=214312632 submit_output_duration_ms=12
[2026-01-30 14:57:50.443] [info] [spider.worker] [TIMING] task_id=67551201-f517-4675-b48d-6e06aa6075a1 func=job_orchestration.executor.compress.spider_compress.compress fetch_input_start=214312650 fetch_input_end=214312651 fetch_input_duration_ms=1
[2026-01-30 14:58:01.107] [info] [spider.worker] [TIMING] task_id=67551201-f517-4675-b48d-6e06aa6075a1 func=job_orchestration.executor.compress.spider_compress.compress execution_start=214312652 execution_end=214323315 execution_duration_ms=10663
[2026-01-30 14:58:01.123] [info] [spider.worker] [TIMING] task_id=67551201-f517-4675-b48d-6e06aa6075a1 func=job_orchestration.executor.compress.spider_compress.compress submit_output_start=214323317 submit_output_end=214323331 submit_output_duration_ms=13
[2026-01-30 14:58:01.134] [info] [spider.worker] [TIMING] task_id=173bc1e9-4ae7-4ec9-96ab-fb06e3a2c63a func=job_orchestration.executor.compress.spider_compress.compress fetch_input_start=214323341 fetch_input_end=214323342 fetch_input_duration_ms=1
[2026-01-30 14:58:54.863] [info] [spider.worker] [TIMING] task_id=173bc1e9-4ae7-4ec9-96ab-fb06e3a2c63a func=job_orchestration.executor.compress.spider_compress.compress execution_start=214323343 execution_end=214377072 execution_duration_ms=53728
[2026-01-30 14:58:54.895] [info] [spider.worker] [TIMING] task_id=173bc1e9-4ae7-4ec9-96ab-fb06e3a2c63a func=job_orchestration.executor.compress.spider_compress.compress submit_output_start=214377081 submit_output_end=214377103 submit_output_duration_ms=21
[2026-01-30 14:58:54.926] [info] [spider.worker] [TIMING] task_id=68403986-8af9-41dc-8a83-cabf6ee43e37 func=job_orchestration.executor.compress.spider_compress.compress fetch_input_start=214377133 fetch_input_end=214377134 fetch_input_duration_ms=1
[2026-01-30 14:59:07.344] [info] [spider.worker] [TIMING] task_id=68403986-8af9-41dc-8a83-cabf6ee43e37 func=job_orchestration.executor.compress.spider_compress.compress execution_start=214377135 execution_end=214389552 execution_duration_ms=12417
[2026-01-30 14:59:07.353] [info] [spider.worker] [TIMING] task_id=68403986-8af9-41dc-8a83-cabf6ee43e37 func=job_orchestration.executor.compress.spider_compress.compress submit_output_start=214389554 submit_output_end=214389561 submit_output_duration_ms=7
[2026-01-30 14:59:07.364] [info] [spider.worker] [TIMING] task_id=794a7dae-9f91-46e5-8a5c-e4bac4456a2b func=job_orchestration.executor.compress.spider_compress.compress fetch_input_start=214389571 fetch_input_end=214389572 fetch_input_duration_ms=0
[2026-01-30 14:59:49.422] [info] [spider.worker] [TIMING] task_id=794a7dae-9f91-46e5-8a5c-e4bac4456a2b func=job_orchestration.executor.compress.spider_compress.compress execution_start=214389573 execution_end=214431630 execution_duration_ms=42057
[2026-01-30 14:59:50.120] [info] [spider.worker] [TIMING] task_id=794a7dae-9f91-46e5-8a5c-e4bac4456a2b func=job_orchestration.executor.compress.spider_compress.compress submit_output_start=214431632 submit_output_end=214432329 submit_output_duration_ms=696
[2026-01-30 14:59:50.175] [info] [spider.worker] [TIMING] task_id=eea72588-0f9c-489b-8240-a7f056b15b2a func=job_orchestration.executor.compress.spider_compress.compress fetch_input_start=214432381 fetch_input_end=214432384 fetch_input_duration_ms=2
[2026-01-30 15:00:01.201] [info] [spider.worker] [TIMING] task_id=eea72588-0f9c-489b-8240-a7f056b15b2a func=job_orchestration.executor.compress.spider_compress.compress execution_start=214432384 execution_end=214443409 execution_duration_ms=11024
[2026-01-30 15:00:01.242] [info] [spider.worker] [TIMING] task_id=eea72588-0f9c-489b-8240-a7f056b15b2a func=job_orchestration.executor.compress.spider_compress.compress submit_output_start=214443411 submit_output_end=214443450 submit_output_duration_ms=38
[2026-01-30 15:00:01.264] [info] [spider.worker] [TIMING] task_id=589de4ec-faa1-43ac-b502-265d7c376352 func=job_orchestration.executor.compress.spider_compress.compress fetch_input_start=214443471 fetch_input_end=214443472 fetch_input_duration_ms=0
[2026-01-30 15:00:11.818] [info] [spider.worker] [TIMING] task_id=589de4ec-faa1-43ac-b502-265d7c376352 func=job_orchestration.executor.compress.spider_compress.compress execution_start=214443491 execution_end=214454026 execution_duration_ms=10534
[2026-01-30 15:00:11.844] [info] [spider.worker] [TIMING] task_id=589de4ec-faa1-43ac-b502-265d7c376352 func=job_orchestration.executor.compress.spider_compress.compress submit_output_start=214454027 submit_output_end=214454053 submit_output_duration_ms=25
[2026-01-30 15:00:11.930] [info] [spider.worker] [TIMING] task_id=b42d915e-1bf8-47c5-a645-52c42e6b754c func=job_orchestration.executor.compress.spider_compress.compress fetch_input_start=214454137 fetch_input_end=214454138 fetch_input_duration_ms=1
[2026-01-30 15:00:28.564] [info] [spider.worker] [TIMING] task_id=b42d915e-1bf8-47c5-a645-52c42e6b754c func=job_orchestration.executor.compress.spider_compress.compress execution_start=214454139 execution_end=214470773 execution_duration_ms=16633
[2026-01-30 15:00:28.605] [info] [spider.worker] [TIMING] task_id=b42d915e-1bf8-47c5-a645-52c42e6b754c func=job_orchestration.executor.compress.spider_compress.compress submit_output_start=214470774 submit_output_end=214470814 submit_output_duration_ms=39
[2026-01-30 15:00:28.630] [info] [spider.worker] [TIMING] task_id=dfb9caf2-0e61-4e78-8cf8-2deef919e151 func=job_orchestration.executor.compress.spider_compress.compress fetch_input_start=214470838 fetch_input_end=214470839 fetch_input_duration_ms=1
[2026-01-30 15:00:38.604] [info] [spider.worker] [TIMING] task_id=dfb9caf2-0e61-4e78-8cf8-2deef919e151 func=job_orchestration.executor.compress.spider_compress.compress execution_start=214470840 execution_end=214480812 execution_duration_ms=9972
[2026-01-30 15:00:38.638] [info] [spider.worker] [TIMING] task_id=dfb9caf2-0e61-4e78-8cf8-2deef919e151 func=job_orchestration.executor.compress.spider_compress.compress submit_output_start=214480814 submit_output_end=214480846 submit_output_duration_ms=31
[2026-01-30 15:00:38.655] [info] [spider.worker] [TIMING] task_id=b463614a-cc0e-4fe9-a2c2-a43d38e6117f func=job_orchestration.executor.compress.spider_compress.compress fetch_input_start=214480862 fetch_input_end=214480863 fetch_input_duration_ms=1
[2026-01-30 15:01:02.756] [info] [spider.worker] [TIMING] task_id=b463614a-cc0e-4fe9-a2c2-a43d38e6117f func=job_orchestration.executor.compress.spider_compress.compress execution_start=214480864 execution_end=214504965 execution_duration_ms=24100
[2026-01-30 15:01:02.776] [info] [spider.worker] [TIMING] task_id=b463614a-cc0e-4fe9-a2c2-a43d38e6117f func=job_orchestration.executor.compress.spider_compress.compress submit_output_start=214504967 submit_output_end=214504985 submit_output_duration_ms=17
[2026-01-30 15:01:02.787] [info] [spider.worker] [TIMING] task_id=b2b1f8f8-c59e-41d4-bef4-9a378f625378 func=job_orchestration.executor.compress.spider_compress.compress fetch_input_start=214504995 fetch_input_end=214504996 fetch_input_duration_ms=1
[2026-01-30 15:01:14.365] [info] [spider.worker] [TIMING] task_id=b2b1f8f8-c59e-41d4-bef4-9a378f625378 func=job_orchestration.executor.compress.spider_compress.compress execution_start=214504996 execution_end=214516573 execution_duration_ms=11576
[2026-01-30 15:01:14.376] [info] [spider.worker] [TIMING] task_id=b2b1f8f8-c59e-41d4-bef4-9a378f625378 func=job_orchestration.executor.compress.spider_compress.compress submit_output_start=214516575 submit_output_end=214516584 submit_output_duration_ms=8
[2026-01-30 15:01:14.421] [info] [spider.worker] [TIMING] task_id=f22e5f5c-a328-483e-94f7-e1917be5d2e0 func=job_orchestration.executor.compress.spider_compress.compress fetch_input_start=214516628 fetch_input_end=214516629 fetch_input_duration_ms=0
[2026-01-30 15:02:04.673] [info] [spider.worker] [TIMING] task_id=f22e5f5c-a328-483e-94f7-e1917be5d2e0 func=job_orchestration.executor.compress.spider_compress.compress execution_start=214516630 execution_end=214566881 execution_duration_ms=50251
[2026-01-30 15:02:04.704] [info] [spider.worker] [TIMING] task_id=f22e5f5c-a328-483e-94f7-e1917be5d2e0 func=job_orchestration.executor.compress.spider_compress.compress submit_output_start=214566883 submit_output_end=214566912 submit_output_duration_ms=29
[2026-01-30 15:02:04.727] [info] [spider.worker] [TIMING] task_id=e7ac956b-b013-44dc-9497-328879a592d2 func=job_orchestration.executor.compress.spider_compress.compress fetch_input_start=214566935 fetch_input_end=214566936 fetch_input_duration_ms=0
[2026-01-30 15:02:17.102] [info] [spider.worker] [TIMING] task_id=e7ac956b-b013-44dc-9497-328879a592d2 func=job_orchestration.executor.compress.spider_compress.compress execution_start=214566936 execution_end=214579310 execution_duration_ms=12374
[2026-01-30 15:02:17.139] [info] [spider.worker] [TIMING] task_id=e7ac956b-b013-44dc-9497-328879a592d2 func=job_orchestration.executor.compress.spider_compress.compress submit_output_start=214579312 submit_output_end=214579347 submit_output_duration_ms=35
[2026-01-30 15:02:17.160] [info] [spider.worker] [TIMING] task_id=f4a3eafe-e5ef-4f69-984a-0c3a435744af func=job_orchestration.executor.compress.spider_compress.compress fetch_input_start=214579367 fetch_input_end=214579368 fetch_input_duration_ms=1
[2026-01-30 15:02:28.015] [info] [spider.worker] [TIMING] task_id=f4a3eafe-e5ef-4f69-984a-0c3a435744af func=job_orchestration.executor.compress.spider_compress.compress execution_start=214579369 execution_end=214590223 execution_duration_ms=10854
[2026-01-30 15:02:28.032] [info] [spider.worker] [TIMING] task_id=f4a3eafe-e5ef-4f69-984a-0c3a435744af func=job_orchestration.executor.compress.spider_compress.compress submit_output_start=214590225 submit_output_end=214590241 submit_output_duration_ms=15
[2026-01-30 15:02:28.044] [info] [spider.worker] [TIMING] task_id=b681a32f-ff44-4259-a37b-360a695a9112 func=job_orchestration.executor.compress.spider_compress.compress fetch_input_start=214590251 fetch_input_end=214590252 fetch_input_duration_ms=1
[2026-01-30 15:02:44.038] [info] [spider.worker] [TIMING] task_id=b681a32f-ff44-4259-a37b-360a695a9112 func=job_orchestration.executor.compress.spider_compress.compress execution_start=214590253 execution_end=214606246 execution_duration_ms=15993
[2026-01-30 15:02:44.082] [info] [spider.worker] [TIMING] task_id=b681a32f-ff44-4259-a37b-360a695a9112 func=job_orchestration.executor.compress.spider_compress.compress submit_output_start=214606269 submit_output_end=214606291 submit_output_duration_ms=21
[2026-01-30 15:02:44.145] [info] [spider.worker] [TIMING] task_id=63c670af-b96a-45f0-9428-1cc43279a662 func=job_orchestration.executor.compress.spider_compress.compress fetch_input_start=214606352 fetch_input_end=214606354 fetch_input_duration_ms=1
[2026-01-30 15:02:53.416] [info] [spider.worker] [TIMING] task_id=63c670af-b96a-45f0-9428-1cc43279a662 func=job_orchestration.executor.compress.spider_compress.compress execution_start=214606355 execution_end=214615624 execution_duration_ms=9269
[2026-01-30 15:02:53.432] [info] [spider.worker] [TIMING] task_id=63c670af-b96a-45f0-9428-1cc43279a662 func=job_orchestration.executor.compress.spider_compress.compress submit_output_start=214615626 submit_output_end=214615640 submit_output_duration_ms=14
[2026-01-30 15:02:53.442] [info] [spider.worker] [TIMING] task_id=804d98f3-7396-45f2-92e3-63b931c92834 func=job_orchestration.executor.compress.spider_compress.compress fetch_input_start=214615650 fetch_input_end=214615651 fetch_input_duration_ms=1
[2026-01-30 15:03:09.795] [info] [spider.worker] [TIMING] task_id=804d98f3-7396-45f2-92e3-63b931c92834 func=job_orchestration.executor.compress.spider_compress.compress execution_start=214615651 execution_end=214632003 execution_duration_ms=16352
[2026-01-30 15:03:09.806] [info] [spider.worker] [TIMING] task_id=804d98f3-7396-45f2-92e3-63b931c92834 func=job_orchestration.executor.compress.spider_compress.compress submit_output_start=214632005 submit_output_end=214632014 submit_output_duration_ms=8
[2026-01-30 15:03:09.825] [info] [spider.worker] [TIMING] task_id=f1502b9e-d880-4537-b9f1-7baf451601a3 func=job_orchestration.executor.compress.spider_compress.compress fetch_input_start=214632032 fetch_input_end=214632034 fetch_input_duration_ms=1
[2026-01-30 15:03:19.589] [info] [spider.worker] [TIMING] task_id=f1502b9e-d880-4537-b9f1-7baf451601a3 func=job_orchestration.executor.compress.spider_compress.compress execution_start=214632034 execution_end=214641797 execution_duration_ms=9762
[2026-01-30 15:03:19.614] [info] [spider.worker] [TIMING] task_id=f1502b9e-d880-4537-b9f1-7baf451601a3 func=job_orchestration.executor.compress.spider_compress.compress submit_output_start=214641805 submit_output_end=214641822 submit_output_duration_ms=16
[2026-01-30 15:03:19.633] [info] [spider.worker] [TIMING] task_id=b5044a3d-3fde-4c42-a82c-f5603685e475 func=job_orchestration.executor.compress.spider_compress.compress fetch_input_start=214641840 fetch_input_end=214641841 fetch_input_duration_ms=1
[2026-01-30 15:03:31.300] [info] [spider.worker] [TIMING] task_id=b5044a3d-3fde-4c42-a82c-f5603685e475 func=job_orchestration.executor.compress.spider_compress.compress execution_start=214641842 execution_end=214653509 execution_duration_ms=11666
[2026-01-30 15:03:31.313] [info] [spider.worker] [TIMING] task_id=b5044a3d-3fde-4c42-a82c-f5603685e475 func=job_orchestration.executor.compress.spider_compress.compress submit_output_start=214653511 submit_output_end=214653521 submit_output_duration_ms=10
[2026-01-30 15:03:31.332] [info] [spider.worker] [TIMING] task_id=69254486-eea8-479b-b45e-e525d8f5e1bd func=job_orchestration.executor.compress.spider_compress.compress fetch_input_start=214653539 fetch_input_end=214653540 fetch_input_duration_ms=0
[2026-01-30 15:03:41.679] [info] [spider.worker] [TIMING] task_id=69254486-eea8-479b-b45e-e525d8f5e1bd func=job_orchestration.executor.compress.spider_compress.compress execution_start=214653541 execution_end=214663888 execution_duration_ms=10346
[2026-01-30 15:03:41.725] [info] [spider.worker] [TIMING] task_id=69254486-eea8-479b-b45e-e525d8f5e1bd func=job_orchestration.executor.compress.spider_compress.compress submit_output_start=214663890 submit_output_end=214663933 submit_output_duration_ms=42
[2026-01-30 15:03:41.748] [info] [spider.worker] [TIMING] task_id=ac1583f3-f4bb-466e-b151-36b3bdf5d7de func=job_orchestration.executor.compress.spider_compress.compress fetch_input_start=214663955 fetch_input_end=214663957 fetch_input_duration_ms=1
[2026-01-30 15:03:56.872] [info] [spider.worker] [TIMING] task_id=ac1583f3-f4bb-466e-b151-36b3bdf5d7de func=job_orchestration.executor.compress.spider_compress.compress execution_start=214663958 execution_end=214679080 execution_duration_ms=15122
[2026-01-30 15:03:56.886] [info] [spider.worker] [TIMING] task_id=ac1583f3-f4bb-466e-b151-36b3bdf5d7de func=job_orchestration.executor.compress.spider_compress.compress submit_output_start=214679082 submit_output_end=214679094 submit_output_duration_ms=11
[2026-01-30 15:03:56.896] [info] [spider.worker] [TIMING] task_id=e8fb3629-ca44-4403-a895-43869569ace2 func=job_orchestration.executor.compress.spider_compress.compress fetch_input_start=214679104 fetch_input_end=214679105 fetch_input_duration_ms=0
[2026-01-30 15:04:08.403] [info] [spider.worker] [TIMING] task_id=e8fb3629-ca44-4403-a895-43869569ace2 func=job_orchestration.executor.compress.spider_compress.compress execution_start=214679105 execution_end=214690612 execution_duration_ms=11506
[2026-01-30 15:04:08.433] [info] [spider.worker] [TIMING] task_id=e8fb3629-ca44-4403-a895-43869569ace2 func=job_orchestration.executor.compress.spider_compress.compress submit_output_start=214690613 submit_output_end=214690642 submit_output_duration_ms=28
[2026-01-30 15:04:08.455] [info] [spider.worker] [TIMING] task_id=c39408ae-4cf0-4eb8-9c7b-6571f3eb874c func=job_orchestration.executor.compress.spider_compress.compress fetch_input_start=214690662 fetch_input_end=214690663 fetch_input_duration_ms=1
[2026-01-30 15:04:18.124] [info] [spider.worker] [TIMING] task_id=c39408ae-4cf0-4eb8-9c7b-6571f3eb874c func=job_orchestration.executor.compress.spider_compress.compress execution_start=214690664 execution_end=214700333 execution_duration_ms=9668
[2026-01-30 15:04:18.134] [info] [spider.worker] [TIMING] task_id=c39408ae-4cf0-4eb8-9c7b-6571f3eb874c func=job_orchestration.executor.compress.spider_compress.compress submit_output_start=214700335 submit_output_end=214700343 submit_output_duration_ms=7
[2026-01-30 15:04:18.145] [info] [spider.worker] [TIMING] task_id=595a5967-361e-437b-b071-6c93dff2bd12 func=job_orchestration.executor.compress.spider_compress.compress fetch_input_start=214700352 fetch_input_end=214700354 fetch_input_duration_ms=1
[2026-01-30 15:04:32.688] [info] [spider.worker] [TIMING] task_id=595a5967-361e-437b-b071-6c93dff2bd12 func=job_orchestration.executor.compress.spider_compress.compress execution_start=214700354 execution_end=214714897 execution_duration_ms=14542
[2026-01-30 15:04:32.730] [info] [spider.worker] [TIMING] task_id=595a5967-361e-437b-b071-6c93dff2bd12 func=job_orchestration.executor.compress.spider_compress.compress submit_output_start=214714899 submit_output_end=214714938 submit_output_duration_ms=39
[2026-01-30 15:04:32.753] [info] [spider.worker] [TIMING] task_id=cbfc6bde-e47f-427c-8ed1-faeb14f3f6a5 func=job_orchestration.executor.compress.spider_compress.compress fetch_input_start=214714960 fetch_input_end=214714961 fetch_input_duration_ms=0
[2026-01-30 15:04:43.071] [info] [spider.worker] [TIMING] task_id=cbfc6bde-e47f-427c-8ed1-faeb14f3f6a5 func=job_orchestration.executor.compress.spider_compress.compress execution_start=214714961 execution_end=214725279 execution_duration_ms=10317
[2026-01-30 15:04:43.082] [info] [spider.worker] [TIMING] task_id=cbfc6bde-e47f-427c-8ed1-faeb14f3f6a5 func=job_orchestration.executor.compress.spider_compress.compress submit_output_start=214725281 submit_output_end=214725291 submit_output_duration_ms=9
[2026-01-30 15:04:43.093] [info] [spider.worker] [TIMING] task_id=29d8c7ec-aa2d-4f35-96ad-49d0a29956bd func=job_orchestration.executor.compress.spider_compress.compress fetch_input_start=214725300 fetch_input_end=214725302 fetch_input_duration_ms=1
[2026-01-30 15:05:43.002] [info] [spider.worker] [TIMING] task_id=29d8c7ec-aa2d-4f35-96ad-49d0a29956bd func=job_orchestration.executor.compress.spider_compress.compress execution_start=214725302 execution_end=214785210 execution_duration_ms=59907
[2026-01-30 15:05:43.044] [info] [spider.worker] [TIMING] task_id=29d8c7ec-aa2d-4f35-96ad-49d0a29956bd func=job_orchestration.executor.compress.spider_compress.compress submit_output_start=214785212 submit_output_end=214785253 submit_output_duration_ms=40
[2026-01-30 15:05:43.364] [info] [spider.worker] [TIMING] task_id=5e9109b9-2937-40bf-a032-d5d9f53ec185 func=job_orchestration.executor.compress.spider_compress.compress fetch_input_start=214785571 fetch_input_end=214785573 fetch_input_duration_ms=1
[2026-01-30 15:05:56.346] [info] [spider.worker] [TIMING] task_id=5e9109b9-2937-40bf-a032-d5d9f53ec185 func=job_orchestration.executor.compress.spider_compress.compress execution_start=214785573 execution_end=214798555 execution_duration_ms=12981
[2026-01-30 15:05:56.377] [info] [spider.worker] [TIMING] task_id=5e9109b9-2937-40bf-a032-d5d9f53ec185 func=job_orchestration.executor.compress.spider_compress.compress submit_output_start=214798565 submit_output_end=214798585 submit_output_duration_ms=19
[2026-01-30 15:05:56.421] [info] [spider.worker] [TIMING] task_id=c8ad2a9b-7447-4222-8934-ce9d3f2ccd8e func=job_orchestration.executor.compress.spider_compress.compress fetch_input_start=214798628 fetch_input_end=214798629 fetch_input_duration_ms=1
[2026-01-30 15:06:32.978] [info] [spider.worker] [TIMING] task_id=c8ad2a9b-7447-4222-8934-ce9d3f2ccd8e func=job_orchestration.executor.compress.spider_compress.compress execution_start=214798630 execution_end=214835187 execution_duration_ms=36556
[2026-01-30 15:06:32.991] [info] [spider.worker] [TIMING] task_id=c8ad2a9b-7447-4222-8934-ce9d3f2ccd8e func=job_orchestration.executor.compress.spider_compress.compress submit_output_start=214835189 submit_output_end=214835199 submit_output_duration_ms=10
[2026-01-30 15:06:33.024] [info] [spider.worker] [TIMING] task_id=1bb0f6ef-dbb8-4794-b0a5-95956cb567a4 func=job_orchestration.executor.compress.spider_compress.compress fetch_input_start=214835232 fetch_input_end=214835232 fetch_input_duration_ms=0
[2026-01-30 15:06:42.952] [info] [spider.worker] [TIMING] task_id=1bb0f6ef-dbb8-4794-b0a5-95956cb567a4 func=job_orchestration.executor.compress.spider_compress.compress execution_start=214835233 execution_end=214845161 execution_duration_ms=9927
[2026-01-30 15:06:42.965] [info] [spider.worker] [TIMING] task_id=1bb0f6ef-dbb8-4794-b0a5-95956cb567a4 func=job_orchestration.executor.compress.spider_compress.compress submit_output_start=214845163 submit_output_end=214845173 submit_output_duration_ms=10
[2026-01-30 15:06:43.018] [info] [spider.worker] [TIMING] task_id=696114bc-5d2d-45a4-a403-3b4abe41283f func=job_orchestration.executor.compress.spider_compress.compress fetch_input_start=214845225 fetch_input_end=214845226 fetch_input_duration_ms=0
[2026-01-30 15:06:53.687] [info] [spider.worker] [TIMING] task_id=696114bc-5d2d-45a4-a403-3b4abe41283f func=job_orchestration.executor.compress.spider_compress.compress execution_start=214845227 execution_end=214855895 execution_duration_ms=10668
[2026-01-30 15:06:53.697] [info] [spider.worker] [TIMING] task_id=696114bc-5d2d-45a4-a403-3b4abe41283f func=job_orchestration.executor.compress.spider_compress.compress submit_output_start=214855897 submit_output_end=214855906 submit_output_duration_ms=8
[2026-01-30 15:06:53.740] [info] [spider.worker] [TIMING] task_id=8098af0e-fc6a-4c6c-a72f-45703d82663a func=job_orchestration.executor.compress.spider_compress.compress fetch_input_start=214855948 fetch_input_end=214855949 fetch_input_duration_ms=0
[2026-01-30 15:07:29.638] [info] [spider.worker] [TIMING] task_id=8098af0e-fc6a-4c6c-a72f-45703d82663a func=job_orchestration.executor.compress.spider_compress.compress execution_start=214855949 execution_end=214891847 execution_duration_ms=35897
[2026-01-30 15:07:29.676] [info] [spider.worker] [TIMING] task_id=8098af0e-fc6a-4c6c-a72f-45703d82663a func=job_orchestration.executor.compress.spider_compress.compress submit_output_start=214891849 submit_output_end=214891885 submit_output_duration_ms=36
[2026-01-30 15:07:29.720] [info] [spider.worker] [TIMING] task_id=706b7035-cdb6-487e-99af-b5fca4deeb17 func=job_orchestration.executor.compress.spider_compress.compress fetch_input_start=214891927 fetch_input_end=214891928 fetch_input_duration_ms=0
[2026-01-30 15:07:41.281] [info] [spider.worker] [TIMING] task_id=706b7035-cdb6-487e-99af-b5fca4deeb17 func=job_orchestration.executor.compress.spider_compress.compress execution_start=214891929 execution_end=214903489 execution_duration_ms=11560
[2026-01-30 15:07:41.294] [info] [spider.worker] [TIMING] task_id=706b7035-cdb6-487e-99af-b5fca4deeb17 func=job_orchestration.executor.compress.spider_compress.compress submit_output_start=214903491 submit_output_end=214903502 submit_output_duration_ms=11
[2026-01-30 15:07:41.305] [info] [spider.worker] [TIMING] task_id=bffccb13-9062-4d31-8988-41e0b7aa99d1 func=job_orchestration.executor.compress.spider_compress.compress fetch_input_start=214903512 fetch_input_end=214903514 fetch_input_duration_ms=1
[2026-01-30 15:07:52.098] [info] [spider.worker] [TIMING] task_id=bffccb13-9062-4d31-8988-41e0b7aa99d1 func=job_orchestration.executor.compress.spider_compress.compress execution_start=214903515 execution_end=214914307 execution_duration_ms=10792
[2026-01-30 15:07:52.118] [info] [spider.worker] [TIMING] task_id=bffccb13-9062-4d31-8988-41e0b7aa99d1 func=job_orchestration.executor.compress.spider_compress.compress submit_output_start=214914309 submit_output_end=214914327 submit_output_duration_ms=18
[2026-01-30 15:07:52.137] [info] [spider.worker] [TIMING] task_id=675496b8-d13d-44be-85c7-3f6165c4f543 func=job_orchestration.executor.compress.spider_compress.compress fetch_input_start=214914345 fetch_input_end=214914346 fetch_input_duration_ms=1
[2026-01-30 15:08:32.226] [info] [spider.worker] [TIMING] task_id=675496b8-d13d-44be-85c7-3f6165c4f543 func=job_orchestration.executor.compress.spider_compress.compress execution_start=214914347 execution_end=214954434 execution_duration_ms=40087
[2026-01-30 15:08:32.240] [info] [spider.worker] [TIMING] task_id=675496b8-d13d-44be-85c7-3f6165c4f543 func=job_orchestration.executor.compress.spider_compress.compress submit_output_start=214954436 submit_output_end=214954449 submit_output_duration_ms=12
[2026-01-30 15:08:32.276] [info] [spider.worker] [TIMING] task_id=c9239368-cd1a-4911-8cd3-4d8e6b73702f func=job_orchestration.executor.compress.spider_compress.compress fetch_input_start=214954483 fetch_input_end=214954484 fetch_input_duration_ms=0
[2026-01-30 15:09:16.722] [info] [spider.worker] [TIMING] task_id=c9239368-cd1a-4911-8cd3-4d8e6b73702f func=job_orchestration.executor.compress.spider_compress.compress execution_start=214954485 execution_end=214998930 execution_duration_ms=44445
[2026-01-30 15:09:16.729] [info] [spider.worker] [TIMING] task_id=c9239368-cd1a-4911-8cd3-4d8e6b73702f func=job_orchestration.executor.compress.spider_compress.compress submit_output_start=214998932 submit_output_end=214998937 submit_output_duration_ms=4
[2026-01-30 15:09:16.739] [info] [spider.worker] [TIMING] task_id=800ff401-9271-49e5-a1a6-a217d3513540 func=job_orchestration.executor.compress.spider_compress.compress fetch_input_start=214998946 fetch_input_end=214998948 fetch_input_duration_ms=1
[2026-01-30 15:10:01.460] [info] [spider.worker] [TIMING] task_id=800ff401-9271-49e5-a1a6-a217d3513540 func=job_orchestration.executor.compress.spider_compress.compress execution_start=214998949 execution_end=215043668 execution_duration_ms=44719
[2026-01-30 15:10:01.475] [info] [spider.worker] [TIMING] task_id=800ff401-9271-49e5-a1a6-a217d3513540 func=job_orchestration.executor.compress.spider_compress.compress submit_output_start=215043670 submit_output_end=215043683 submit_output_duration_ms=12
[2026-01-30 15:10:01.495] [info] [spider.worker] [TIMING] task_id=31110511-c4a4-4a47-8668-94179c165fd1 func=job_orchestration.executor.compress.spider_compress.compress fetch_input_start=215043702 fetch_input_end=215043703 fetch_input_duration_ms=1
[2026-01-30 15:10:12.619] [info] [spider.worker] [TIMING] task_id=31110511-c4a4-4a47-8668-94179c165fd1 func=job_orchestration.executor.compress.spider_compress.compress execution_start=215043703 execution_end=215054827 execution_duration_ms=11123
[2026-01-30 15:10:12.633] [info] [spider.worker] [TIMING] task_id=31110511-c4a4-4a47-8668-94179c165fd1 func=job_orchestration.executor.compress.spider_compress.compress submit_output_start=215054828 submit_output_end=215054841 submit_output_duration_ms=12
[2026-01-30 15:10:12.643] [info] [spider.worker] [TIMING] task_id=fef9e7fd-aa51-4d4e-9026-f7b3b4247b19 func=job_orchestration.executor.compress.spider_compress.compress fetch_input_start=215054850 fetch_input_end=215054851 fetch_input_duration_ms=0
[2026-01-30 15:11:17.226] [info] [spider.worker] [TIMING] task_id=fef9e7fd-aa51-4d4e-9026-f7b3b4247b19 func=job_orchestration.executor.compress.spider_compress.compress execution_start=215054852 execution_end=215119434 execution_duration_ms=64582
[2026-01-30 15:11:17.270] [info] [spider.worker] [TIMING] task_id=fef9e7fd-aa51-4d4e-9026-f7b3b4247b19 func=job_orchestration.executor.compress.spider_compress.compress submit_output_start=215119452 submit_output_end=215119478 submit_output_duration_ms=26
[2026-01-30 15:11:17.339] [info] [spider.worker] [TIMING] task_id=07a927e1-d83d-462f-8d8c-a1b8b0147892 func=job_orchestration.executor.compress.spider_compress.compress fetch_input_start=215119547 fetch_input_end=215119548 fetch_input_duration_ms=0
[2026-01-30 15:11:40.651] [info] [spider.worker] [TIMING] task_id=07a927e1-d83d-462f-8d8c-a1b8b0147892 func=job_orchestration.executor.compress.spider_compress.compress execution_start=215119548 execution_end=215142859 execution_duration_ms=23311
[2026-01-30 15:11:40.678] [info] [spider.worker] [TIMING] task_id=07a927e1-d83d-462f-8d8c-a1b8b0147892 func=job_orchestration.executor.compress.spider_compress.compress submit_output_start=215142862 submit_output_end=215142887 submit_output_duration_ms=24
[2026-01-30 15:11:40.696] [info] [spider.worker] [TIMING] task_id=275a8f8b-2872-4cf8-929f-015e12ab0a69 func=job_orchestration.executor.compress.spider_compress.compress fetch_input_start=215142903 fetch_input_end=215142905 fetch_input_duration_ms=1
[2026-01-30 15:11:50.942] [info] [spider.worker] [TIMING] task_id=275a8f8b-2872-4cf8-929f-015e12ab0a69 func=job_orchestration.executor.compress.spider_compress.compress execution_start=215142906 execution_end=215153150 execution_duration_ms=10244
[2026-01-30 15:11:50.967] [info] [spider.worker] [TIMING] task_id=275a8f8b-2872-4cf8-929f-015e12ab0a69 func=job_orchestration.executor.compress.spider_compress.compress submit_output_start=215153157 submit_output_end=215153175 submit_output_duration_ms=18
[2026-01-30 15:11:50.978] [info] [spider.worker] [TIMING] task_id=10cd45e1-5bcb-4754-86aa-458b52232856 func=job_orchestration.executor.compress.spider_compress.compress fetch_input_start=215153185 fetch_input_end=215153186 fetch_input_duration_ms=1
[2026-01-30 15:12:00.811] [info] [spider.worker] [TIMING] task_id=10cd45e1-5bcb-4754-86aa-458b52232856 func=job_orchestration.executor.compress.spider_compress.compress execution_start=215153187 execution_end=215163020 execution_duration_ms=9833
[2026-01-30 15:12:00.845] [info] [spider.worker] [TIMING] task_id=10cd45e1-5bcb-4754-86aa-458b52232856 func=job_orchestration.executor.compress.spider_compress.compress submit_output_start=215163021 submit_output_end=215163053 submit_output_duration_ms=31
[2026-01-30 15:12:00.870] [info] [spider.worker] [TIMING] task_id=e036ae05-97b4-43a5-a0ba-94b3e55ceeb8 func=job_orchestration.executor.compress.spider_compress.compress fetch_input_start=215163077 fetch_input_end=215163078 fetch_input_duration_ms=1
[2026-01-30 15:12:38.583] [info] [spider.worker] [TIMING] task_id=e036ae05-97b4-43a5-a0ba-94b3e55ceeb8 func=job_orchestration.executor.compress.spider_compress.compress execution_start=215163079 execution_end=215200791 execution_duration_ms=37712
[2026-01-30 15:12:38.635] [info] [spider.worker] [TIMING] task_id=e036ae05-97b4-43a5-a0ba-94b3e55ceeb8 func=job_orchestration.executor.compress.spider_compress.compress submit_output_start=215200793 submit_output_end=215200844 submit_output_duration_ms=51
[2026-01-30 15:17:10.214] [info] [spider.worker] [TIMING] task_id=b2f75243-c939-4030-827f-e89def700aec func=job_orchestration.executor.query.spider_search_task.search_without_channel fetch_input_start=215472421 fetch_input_end=215472423 fetch_input_duration_ms=1
[2026-01-30 15:17:11.357] [info] [spider.worker] [TIMING] task_id=b2f75243-c939-4030-827f-e89def700aec func=job_orchestration.executor.query.spider_search_task.search_without_channel execution_start=215472425 execution_end=215473565 execution_duration_ms=1139
[2026-01-30 15:17:11.478] [info] [spider.worker] [TIMING] task_id=b2f75243-c939-4030-827f-e89def700aec func=job_orchestration.executor.query.spider_search_task.search_without_channel submit_output_start=215473612 submit_output_end=215473686 submit_output_duration_ms=74
[2026-01-30 15:17:11.547] [info] [spider.worker] [TIMING] task_id=c1448077-74b3-426e-a27b-b1d25bf8b118 func=job_orchestration.executor.query.spider_search_task.search_without_channel fetch_input_start=215473755 fetch_input_end=215473755 fetch_input_duration_ms=0
[2026-01-30 15:17:12.677] [info] [spider.worker] [TIMING] task_id=c1448077-74b3-426e-a27b-b1d25bf8b118 func=job_orchestration.executor.query.spider_search_task.search_without_channel execution_start=215473756 execution_end=215474886 execution_duration_ms=1129
[2026-01-30 15:17:12.755] [info] [spider.worker] [TIMING] task_id=c1448077-74b3-426e-a27b-b1d25bf8b118 func=job_orchestration.executor.query.spider_search_task.search_without_channel submit_output_start=215474888 submit_output_end=215474964 submit_output_duration_ms=75
[2026-01-30 15:17:12.875] [info] [spider.worker] [TIMING] task_id=b61e80f0-2da1-4fa2-ac2e-3ba418b556ed func=job_orchestration.executor.query.spider_search_task.search_without_channel fetch_input_start=215475082 fetch_input_end=215475083 fetch_input_duration_ms=0
[2026-01-30 15:17:14.185] [info] [spider.worker] [TIMING] task_id=b61e80f0-2da1-4fa2-ac2e-3ba418b556ed func=job_orchestration.executor.query.spider_search_task.search_without_channel execution_start=215475084 execution_end=215476394 execution_duration_ms=1309
[2026-01-30 15:17:14.199] [info] [spider.worker] [TIMING] task_id=b61e80f0-2da1-4fa2-ac2e-3ba418b556ed func=job_orchestration.executor.query.spider_search_task.search_without_channel submit_output_start=215476395 submit_output_end=215476408 submit_output_duration_ms=12
[2026-01-30 15:17:14.270] [info] [spider.worker] [TIMING] task_id=7154bd87-c1f5-4ee4-911e-af4f96fce18c func=job_orchestration.executor.query.spider_search_task.search_without_channel fetch_input_start=215476478 fetch_input_end=215476478 fetch_input_duration_ms=0
[2026-01-30 15:17:15.507] [info] [spider.worker] [TIMING] task_id=7154bd87-c1f5-4ee4-911e-af4f96fce18c func=job_orchestration.executor.query.spider_search_task.search_without_channel execution_start=215476479 execution_end=215477715 execution_duration_ms=1236
[2026-01-30 15:17:15.550] [info] [spider.worker] [TIMING] task_id=7154bd87-c1f5-4ee4-911e-af4f96fce18c func=job_orchestration.executor.query.spider_search_task.search_without_channel submit_output_start=215477737 submit_output_end=215477758 submit_output_duration_ms=21
[2026-01-30 15:17:15.639] [info] [spider.worker] [TIMING] task_id=1f4f7b81-d3f4-4af7-a523-f40cf00a6c3a func=job_orchestration.executor.query.spider_search_task.search_without_channel fetch_input_start=215477847 fetch_input_end=215477848 fetch_input_duration_ms=0
[2026-01-30 15:17:16.747] [info] [spider.worker] [TIMING] task_id=1f4f7b81-d3f4-4af7-a523-f40cf00a6c3a func=job_orchestration.executor.query.spider_search_task.search_without_channel execution_start=215477848 execution_end=215478955 execution_duration_ms=1107
[2026-01-30 15:17:16.823] [info] [spider.worker] [TIMING] task_id=1f4f7b81-d3f4-4af7-a523-f40cf00a6c3a func=job_orchestration.executor.query.spider_search_task.search_without_channel submit_output_start=215478957 submit_output_end=215479031 submit_output_duration_ms=74
[2026-01-30 15:17:16.944] [info] [spider.worker] [TIMING] task_id=2373a5fe-b6d1-4c5f-9def-c21280d2bb1e func=job_orchestration.executor.query.spider_search_task.search_without_channel fetch_input_start=215479151 fetch_input_end=215479152 fetch_input_duration_ms=1
[2026-01-30 15:17:18.357] [info] [spider.worker] [TIMING] task_id=2373a5fe-b6d1-4c5f-9def-c21280d2bb1e func=job_orchestration.executor.query.spider_search_task.search_without_channel execution_start=215479153 execution_end=215480565 execution_duration_ms=1411
[2026-01-30 15:17:18.385] [info] [spider.worker] [TIMING] task_id=2373a5fe-b6d1-4c5f-9def-c21280d2bb1e func=job_orchestration.executor.query.spider_search_task.search_without_channel submit_output_start=215480567 submit_output_end=215480593 submit_output_duration_ms=26
[2026-01-30 15:17:18.403] [info] [spider.worker] [TIMING] task_id=65e3167e-cf70-40b7-857b-ae04815b84fb func=job_orchestration.executor.query.spider_search_task.search_without_channel fetch_input_start=215480610 fetch_input_end=215480611 fetch_input_duration_ms=1
[2026-01-30 15:17:19.709] [info] [spider.worker] [TIMING] task_id=65e3167e-cf70-40b7-857b-ae04815b84fb func=job_orchestration.executor.query.spider_search_task.search_without_channel execution_start=215480612 execution_end=215481917 execution_duration_ms=1305
[2026-01-30 15:17:19.717] [info] [spider.worker] [TIMING] task_id=65e3167e-cf70-40b7-857b-ae04815b84fb func=job_orchestration.executor.query.spider_search_task.search_without_channel submit_output_start=215481919 submit_output_end=215481925 submit_output_duration_ms=5
[2026-01-30 15:17:19.727] [info] [spider.worker] [TIMING] task_id=43cabef7-88b4-43bc-93cc-99e7e889c10c func=job_orchestration.executor.query.spider_search_task.search_without_channel fetch_input_start=215481935 fetch_input_end=215481936 fetch_input_duration_ms=0
[2026-01-30 15:17:21.086] [info] [spider.worker] [TIMING] task_id=43cabef7-88b4-43bc-93cc-99e7e889c10c func=job_orchestration.executor.query.spider_search_task.search_without_channel execution_start=215481936 execution_end=215483294 execution_duration_ms=1358
[2026-01-30 15:17:21.100] [info] [spider.worker] [TIMING] task_id=43cabef7-88b4-43bc-93cc-99e7e889c10c func=job_orchestration.executor.query.spider_search_task.search_without_channel submit_output_start=215483296 submit_output_end=215483309 submit_output_duration_ms=12
[2026-01-30 15:17:21.111] [info] [spider.worker] [TIMING] task_id=ab3f14d9-1073-4978-b79b-8482848c0f75 func=job_orchestration.executor.query.spider_search_task.search_without_channel fetch_input_start=215483319 fetch_input_end=215483320 fetch_input_duration_ms=1
[2026-01-30 15:17:22.246] [info] [spider.worker] [TIMING] task_id=ab3f14d9-1073-4978-b79b-8482848c0f75 func=job_orchestration.executor.query.spider_search_task.search_without_channel execution_start=215483320 execution_end=215484454 execution_duration_ms=1133
[2026-01-30 15:17:22.276] [info] [spider.worker] [TIMING] task_id=ab3f14d9-1073-4978-b79b-8482848c0f75 func=job_orchestration.executor.query.spider_search_task.search_without_channel submit_output_start=215484462 submit_output_end=215484484 submit_output_duration_ms=22
[2026-01-30 15:17:22.286] [info] [spider.worker] [TIMING] task_id=0bf355a8-e116-454e-8d11-d8029b55bbce func=job_orchestration.executor.query.spider_search_task.search_without_channel fetch_input_start=215484494 fetch_input_end=215484495 fetch_input_duration_ms=0
[2026-01-30 15:17:23.651] [info] [spider.worker] [TIMING] task_id=0bf355a8-e116-454e-8d11-d8029b55bbce func=job_orchestration.executor.query.spider_search_task.search_without_channel execution_start=215484495 execution_end=215485859 execution_duration_ms=1363
[2026-01-30 15:17:23.661] [info] [spider.worker] [TIMING] task_id=0bf355a8-e116-454e-8d11-d8029b55bbce func=job_orchestration.executor.query.spider_search_task.search_without_channel submit_output_start=215485861 submit_output_end=215485869 submit_output_duration_ms=8
[2026-01-30 15:17:23.680] [info] [spider.worker] [TIMING] task_id=81713fdc-a491-4d47-ac18-f12ccf5e7798 func=job_orchestration.executor.query.spider_search_task.search_without_channel fetch_input_start=215485888 fetch_input_end=215485889 fetch_input_duration_ms=0
[2026-01-30 15:17:24.976] [info] [spider.worker] [TIMING] task_id=81713fdc-a491-4d47-ac18-f12ccf5e7798 func=job_orchestration.executor.query.spider_search_task.search_without_channel execution_start=215485889 execution_end=215487185 execution_duration_ms=1295
[2026-01-30 15:17:25.003] [info] [spider.worker] [TIMING] task_id=81713fdc-a491-4d47-ac18-f12ccf5e7798 func=job_orchestration.executor.query.spider_search_task.search_without_channel submit_output_start=215487194 submit_output_end=215487211 submit_output_duration_ms=17
[2026-01-30 15:17:25.046] [info] [spider.worker] [TIMING] task_id=b1ec9d06-7111-4054-a214-d92fbd92c031 func=job_orchestration.executor.query.spider_search_task.search_without_channel fetch_input_start=215487253 fetch_input_end=215487255 fetch_input_duration_ms=1
[2026-01-30 15:17:26.221] [info] [spider.worker] [TIMING] task_id=b1ec9d06-7111-4054-a214-d92fbd92c031 func=job_orchestration.executor.query.spider_search_task.search_without_channel execution_start=215487255 execution_end=215488429 execution_duration_ms=1173
[2026-01-30 15:17:26.245] [info] [spider.worker] [TIMING] task_id=b1ec9d06-7111-4054-a214-d92fbd92c031 func=job_orchestration.executor.query.spider_search_task.search_without_channel submit_output_start=215488431 submit_output_end=215488453 submit_output_duration_ms=22
[2026-01-30 15:17:26.290] [info] [spider.worker] [TIMING] task_id=a3c10905-bc28-4af4-9c4f-b52152b4383d func=job_orchestration.executor.query.spider_search_task.search_without_channel fetch_input_start=215488497 fetch_input_end=215488498 fetch_input_duration_ms=0
[2026-01-30 15:17:27.588] [info] [spider.worker] [TIMING] task_id=a3c10905-bc28-4af4-9c4f-b52152b4383d func=job_orchestration.executor.query.spider_search_task.search_without_channel execution_start=215488499 execution_end=215489797 execution_duration_ms=1297
[2026-01-30 15:17:27.637] [info] [spider.worker] [TIMING] task_id=a3c10905-bc28-4af4-9c4f-b52152b4383d func=job_orchestration.executor.query.spider_search_task.search_without_channel submit_output_start=215489798 submit_output_end=215489845 submit_output_duration_ms=46
[2026-01-30 15:17:27.656] [info] [spider.worker] [TIMING] task_id=48114fe6-4650-4ddf-b6d8-59fd2529a7d4 func=job_orchestration.executor.query.spider_search_task.search_without_channel fetch_input_start=215489863 fetch_input_end=215489864 fetch_input_duration_ms=0
[2026-01-30 15:17:29.095] [info] [spider.worker] [TIMING] task_id=48114fe6-4650-4ddf-b6d8-59fd2529a7d4 func=job_orchestration.executor.query.spider_search_task.search_without_channel execution_start=215489865 execution_end=215491304 execution_duration_ms=1438
[2026-01-30 15:17:29.103] [info] [spider.worker] [TIMING] task_id=48114fe6-4650-4ddf-b6d8-59fd2529a7d4 func=job_orchestration.executor.query.spider_search_task.search_without_channel submit_output_start=215491306 submit_output_end=215491312 submit_output_duration_ms=5
[2026-01-30 15:17:29.167] [info] [spider.worker] [TIMING] task_id=f1460d55-0c4c-40c4-a009-661de7ddc5f6 func=job_orchestration.executor.query.spider_search_task.search_without_channel fetch_input_start=215491375 fetch_input_end=215491376 fetch_input_duration_ms=0
[2026-01-30 15:17:30.542] [info] [spider.worker] [TIMING] task_id=f1460d55-0c4c-40c4-a009-661de7ddc5f6 func=job_orchestration.executor.query.spider_search_task.search_without_channel execution_start=215491377 execution_end=215492750 execution_duration_ms=1373
[2026-01-30 15:17:30.553] [info] [spider.worker] [TIMING] task_id=f1460d55-0c4c-40c4-a009-661de7ddc5f6 func=job_orchestration.executor.query.spider_search_task.search_without_channel submit_output_start=215492752 submit_output_end=215492762 submit_output_duration_ms=10
[2026-01-30 15:17:30.585] [info] [spider.worker] [TIMING] task_id=2c0fd893-55b7-4d43-999f-1d35e70cf959 func=job_orchestration.executor.query.spider_search_task.search_without_channel fetch_input_start=215492792 fetch_input_end=215492793 fetch_input_duration_ms=0
[2026-01-30 15:17:31.782] [info] [spider.worker] [TIMING] task_id=2c0fd893-55b7-4d43-999f-1d35e70cf959 func=job_orchestration.executor.query.spider_search_task.search_without_channel execution_start=215492794 execution_end=215493991 execution_duration_ms=1196
[2026-01-30 15:17:31.811] [info] [spider.worker] [TIMING] task_id=2c0fd893-55b7-4d43-999f-1d35e70cf959 func=job_orchestration.executor.query.spider_search_task.search_without_channel submit_output_start=215493993 submit_output_end=215494020 submit_output_duration_ms=27
[2026-01-30 15:17:31.831] [info] [spider.worker] [TIMING] task_id=8dafb263-1844-4b4d-a19e-03c0b50cd2a5 func=job_orchestration.executor.query.spider_search_task.search_without_channel fetch_input_start=215494039 fetch_input_end=215494040 fetch_input_duration_ms=1
[2026-01-30 15:17:33.269] [info] [spider.worker] [TIMING] task_id=8dafb263-1844-4b4d-a19e-03c0b50cd2a5 func=job_orchestration.executor.query.spider_search_task.search_without_channel execution_start=215494040 execution_end=215495477 execution_duration_ms=1436
[2026-01-30 15:17:33.296] [info] [spider.worker] [TIMING] task_id=8dafb263-1844-4b4d-a19e-03c0b50cd2a5 func=job_orchestration.executor.query.spider_search_task.search_without_channel submit_output_start=215495483 submit_output_end=215495504 submit_output_duration_ms=21
[2026-01-30 15:17:33.307] [info] [spider.worker] [TIMING] task_id=6f6260e3-8656-4b86-a23d-b68adb2b22a2 func=job_orchestration.executor.query.spider_search_task.search_without_channel fetch_input_start=215495514 fetch_input_end=215495515 fetch_input_duration_ms=0
[2026-01-30 15:17:34.535] [info] [spider.worker] [TIMING] task_id=6f6260e3-8656-4b86-a23d-b68adb2b22a2 func=job_orchestration.executor.query.spider_search_task.search_without_channel execution_start=215495516 execution_end=215496744 execution_duration_ms=1227
[2026-01-30 15:17:34.579] [info] [spider.worker] [TIMING] task_id=6f6260e3-8656-4b86-a23d-b68adb2b22a2 func=job_orchestration.executor.query.spider_search_task.search_without_channel submit_output_start=215496746 submit_output_end=215496787 submit_output_duration_ms=41
[2026-01-30 15:17:34.599] [info] [spider.worker] [TIMING] task_id=2fde7fdb-0141-42dd-86ed-f92b1c34c22e func=job_orchestration.executor.query.spider_search_task.search_without_channel fetch_input_start=215496806 fetch_input_end=215496807 fetch_input_duration_ms=1
[2026-01-30 15:17:35.776] [info] [spider.worker] [TIMING] task_id=2fde7fdb-0141-42dd-86ed-f92b1c34c22e func=job_orchestration.executor.query.spider_search_task.search_without_channel execution_start=215496808 execution_end=215497984 execution_duration_ms=1176
[2026-01-30 15:17:35.788] [info] [spider.worker] [TIMING] task_id=2fde7fdb-0141-42dd-86ed-f92b1c34c22e func=job_orchestration.executor.query.spider_search_task.search_without_channel submit_output_start=215497986 submit_output_end=215497996 submit_output_duration_ms=9
[2026-01-30 15:17:35.807] [info] [spider.worker] [TIMING] task_id=12f11a70-6ad2-4008-974e-b32ddd2af00a func=job_orchestration.executor.query.spider_search_task.search_without_channel fetch_input_start=215498015 fetch_input_end=215498016 fetch_input_duration_ms=1
[2026-01-30 15:17:36.924] [info] [spider.worker] [TIMING] task_id=12f11a70-6ad2-4008-974e-b32ddd2af00a func=job_orchestration.executor.query.spider_search_task.search_without_channel execution_start=215498016 execution_end=215499132 execution_duration_ms=1115
[2026-01-30 15:17:36.963] [info] [spider.worker] [TIMING] task_id=12f11a70-6ad2-4008-974e-b32ddd2af00a func=job_orchestration.executor.query.spider_search_task.search_without_channel submit_output_start=215499133 submit_output_end=215499171 submit_output_duration_ms=37
[2026-01-30 15:17:36.982] [info] [spider.worker] [TIMING] task_id=bacb1a9b-0236-4f0c-9af8-f816e38b686a func=job_orchestration.executor.query.spider_search_task.search_without_channel fetch_input_start=215499189 fetch_input_end=215499190 fetch_input_duration_ms=0
[2026-01-30 15:17:38.175] [info] [spider.worker] [TIMING] task_id=bacb1a9b-0236-4f0c-9af8-f816e38b686a func=job_orchestration.executor.query.spider_search_task.search_without_channel execution_start=215499191 execution_end=215500383 execution_duration_ms=1192
[2026-01-30 15:17:38.196] [info] [spider.worker] [TIMING] task_id=bacb1a9b-0236-4f0c-9af8-f816e38b686a func=job_orchestration.executor.query.spider_search_task.search_without_channel submit_output_start=215500388 submit_output_end=215500405 submit_output_duration_ms=16
[2026-01-30 15:17:38.232] [info] [spider.worker] [TIMING] task_id=606a1fbe-f4c5-4766-8a78-665068280eb3 func=job_orchestration.executor.query.spider_search_task.search_without_channel fetch_input_start=215500439 fetch_input_end=215500440 fetch_input_duration_ms=0
[2026-01-30 15:17:39.526] [info] [spider.worker] [TIMING] task_id=606a1fbe-f4c5-4766-8a78-665068280eb3 func=job_orchestration.executor.query.spider_search_task.search_without_channel execution_start=215500441 execution_end=215501734 execution_duration_ms=1293
[2026-01-30 15:17:39.572] [info] [spider.worker] [TIMING] task_id=606a1fbe-f4c5-4766-8a78-665068280eb3 func=job_orchestration.executor.query.spider_search_task.search_without_channel submit_output_start=215501736 submit_output_end=215501780 submit_output_duration_ms=43
[2026-01-30 15:17:39.591] [info] [spider.worker] [TIMING] task_id=bfd19ae6-c33f-4b75-b03f-5a69a9547fbb func=job_orchestration.executor.query.spider_search_task.search_without_channel fetch_input_start=215501799 fetch_input_end=215501799 fetch_input_duration_ms=0
[2026-01-30 15:17:40.756] [info] [spider.worker] [TIMING] task_id=bfd19ae6-c33f-4b75-b03f-5a69a9547fbb func=job_orchestration.executor.query.spider_search_task.search_without_channel execution_start=215501800 execution_end=215502964 execution_duration_ms=1163
[2026-01-30 15:17:40.788] [info] [spider.worker] [TIMING] task_id=bfd19ae6-c33f-4b75-b03f-5a69a9547fbb func=job_orchestration.executor.query.spider_search_task.search_without_channel submit_output_start=215502979 submit_output_end=215502997 submit_output_duration_ms=17
[2026-01-30 15:17:40.808] [info] [spider.worker] [TIMING] task_id=26f63e1e-dbdb-44fe-9adc-d3b61468974a func=job_orchestration.executor.query.spider_search_task.search_without_channel fetch_input_start=215503015 fetch_input_end=215503016 fetch_input_duration_ms=0
[2026-01-30 15:17:41.940] [info] [spider.worker] [TIMING] task_id=26f63e1e-dbdb-44fe-9adc-d3b61468974a func=job_orchestration.executor.query.spider_search_task.search_without_channel execution_start=215503017 execution_end=215504148 execution_duration_ms=1131
[2026-01-30 15:17:41.988] [info] [spider.worker] [TIMING] task_id=26f63e1e-dbdb-44fe-9adc-d3b61468974a func=job_orchestration.executor.query.spider_search_task.search_without_channel submit_output_start=215504150 submit_output_end=215504197 submit_output_duration_ms=46
[2026-01-30 15:17:42.007] [info] [spider.worker] [TIMING] task_id=c7c52a5a-7e4f-4b47-ae88-a28406e49918 func=job_orchestration.executor.query.spider_search_task.search_without_channel fetch_input_start=215504215 fetch_input_end=215504215 fetch_input_duration_ms=0
[2026-01-30 15:17:43.230] [info] [spider.worker] [TIMING] task_id=c7c52a5a-7e4f-4b47-ae88-a28406e49918 func=job_orchestration.executor.query.spider_search_task.search_without_channel execution_start=215504216 execution_end=215505438 execution_duration_ms=1222
[2026-01-30 15:17:43.247] [info] [spider.worker] [TIMING] task_id=c7c52a5a-7e4f-4b47-ae88-a28406e49918 func=job_orchestration.executor.query.spider_search_task.search_without_channel submit_output_start=215505440 submit_output_end=215505455 submit_output_duration_ms=15
[2026-01-30 15:17:43.266] [info] [spider.worker] [TIMING] task_id=0da64844-724c-40fe-8a65-76757b8c2e00 func=job_orchestration.executor.query.spider_search_task.search_without_channel fetch_input_start=215505474 fetch_input_end=215505474 fetch_input_duration_ms=0
[2026-01-30 15:17:44.393] [info] [spider.worker] [TIMING] task_id=0da64844-724c-40fe-8a65-76757b8c2e00 func=job_orchestration.executor.query.spider_search_task.search_without_channel execution_start=215505475 execution_end=215506602 execution_duration_ms=1126
[2026-01-30 15:17:44.454] [info] [spider.worker] [TIMING] task_id=0da64844-724c-40fe-8a65-76757b8c2e00 func=job_orchestration.executor.query.spider_search_task.search_without_channel submit_output_start=215506603 submit_output_end=215506663 submit_output_duration_ms=59
[2026-01-30 15:17:44.540] [info] [spider.worker] [TIMING] task_id=ee40fbbd-b5dd-4a51-bfde-97d4530d55ff func=job_orchestration.executor.query.spider_search_task.search_without_channel fetch_input_start=215506747 fetch_input_end=215506748 fetch_input_duration_ms=0
[2026-01-30 15:17:45.680] [info] [spider.worker] [TIMING] task_id=ee40fbbd-b5dd-4a51-bfde-97d4530d55ff func=job_orchestration.executor.query.spider_search_task.search_without_channel execution_start=215506749 execution_end=215507888 execution_duration_ms=1139
[2026-01-30 15:17:45.739] [info] [spider.worker] [TIMING] task_id=ee40fbbd-b5dd-4a51-bfde-97d4530d55ff func=job_orchestration.executor.query.spider_search_task.search_without_channel submit_output_start=215507890 submit_output_end=215507948 submit_output_duration_ms=57
[2026-01-30 15:17:45.792] [info] [spider.worker] [TIMING] task_id=110c7ee8-8400-416a-a2b8-81e665aade30 func=job_orchestration.executor.query.spider_search_task.search_without_channel fetch_input_start=215507999 fetch_input_end=215508000 fetch_input_duration_ms=0
[2026-01-30 15:17:47.096] [info] [spider.worker] [TIMING] task_id=110c7ee8-8400-416a-a2b8-81e665aade30 func=job_orchestration.executor.query.spider_search_task.search_without_channel execution_start=215508001 execution_end=215509305 execution_duration_ms=1303
[2026-01-30 15:17:47.169] [info] [spider.worker] [TIMING] task_id=110c7ee8-8400-416a-a2b8-81e665aade30 func=job_orchestration.executor.query.spider_search_task.search_without_channel submit_output_start=215509307 submit_output_end=215509377 submit_output_duration_ms=70
[2026-01-30 15:17:47.233] [info] [spider.worker] [TIMING] task_id=aa021821-5421-4b5f-9573-148cb5d8ece2 func=job_orchestration.executor.query.spider_search_task.search_without_channel fetch_input_start=215509441 fetch_input_end=215509442 fetch_input_duration_ms=0
[2026-01-30 15:17:48.490] [info] [spider.worker] [TIMING] task_id=aa021821-5421-4b5f-9573-148cb5d8ece2 func=job_orchestration.executor.query.spider_search_task.search_without_channel execution_start=215509443 execution_end=215510698 execution_duration_ms=1255
[2026-01-30 15:17:48.506] [info] [spider.worker] [TIMING] task_id=aa021821-5421-4b5f-9573-148cb5d8ece2 func=job_orchestration.executor.query.spider_search_task.search_without_channel submit_output_start=215510699 submit_output_end=215510714 submit_output_duration_ms=14
[2026-01-30 15:17:48.559] [info] [spider.worker] [TIMING] task_id=273a1ec5-54ed-4656-bb89-93740398b5a3 func=job_orchestration.executor.query.spider_search_task.search_without_channel fetch_input_start=215510766 fetch_input_end=215510767 fetch_input_duration_ms=0
[2026-01-30 15:17:49.915] [info] [spider.worker] [TIMING] task_id=273a1ec5-54ed-4656-bb89-93740398b5a3 func=job_orchestration.executor.query.spider_search_task.search_without_channel execution_start=215510768 execution_end=215512123 execution_duration_ms=1354
[2026-01-30 15:17:49.931] [info] [spider.worker] [TIMING] task_id=273a1ec5-54ed-4656-bb89-93740398b5a3 func=job_orchestration.executor.query.spider_search_task.search_without_channel submit_output_start=215512124 submit_output_end=215512140 submit_output_duration_ms=15
[2026-01-30 15:17:49.975] [info] [spider.worker] [TIMING] task_id=926ca147-7a71-4d3c-84dc-951718bc6038 func=job_orchestration.executor.query.spider_search_task.search_without_channel fetch_input_start=215512183 fetch_input_end=215512184 fetch_input_duration_ms=0
[2026-01-30 15:17:51.172] [info] [spider.worker] [TIMING] task_id=926ca147-7a71-4d3c-84dc-951718bc6038 func=job_orchestration.executor.query.spider_search_task.search_without_channel execution_start=215512184 execution_end=215513380 execution_duration_ms=1195
[2026-01-30 15:17:51.198] [info] [spider.worker] [TIMING] task_id=926ca147-7a71-4d3c-84dc-951718bc6038 func=job_orchestration.executor.query.spider_search_task.search_without_channel submit_output_start=215513389 submit_output_end=215513407 submit_output_duration_ms=17
[2026-01-30 15:17:51.234] [info] [spider.worker] [TIMING] task_id=4b9e580f-398f-48e3-a150-98459e7002c8 func=job_orchestration.executor.query.spider_search_task.search_without_channel fetch_input_start=215513442 fetch_input_end=215513443 fetch_input_duration_ms=0
[2026-01-30 15:17:52.442] [info] [spider.worker] [TIMING] task_id=4b9e580f-398f-48e3-a150-98459e7002c8 func=job_orchestration.executor.query.spider_search_task.search_without_channel execution_start=215513444 execution_end=215514651 execution_duration_ms=1207
[2026-01-30 15:17:52.457] [info] [spider.worker] [TIMING] task_id=4b9e580f-398f-48e3-a150-98459e7002c8 func=job_orchestration.executor.query.spider_search_task.search_without_channel submit_output_start=215514652 submit_output_end=215514665 submit_output_duration_ms=13
[2026-01-30 15:17:52.494] [info] [spider.worker] [TIMING] task_id=3e5841c0-e305-4ec5-86fe-b85381f46a00 func=job_orchestration.executor.query.spider_search_task.search_without_channel fetch_input_start=215514701 fetch_input_end=215514702 fetch_input_duration_ms=0
[2026-01-30 15:17:53.704] [info] [spider.worker] [TIMING] task_id=3e5841c0-e305-4ec5-86fe-b85381f46a00 func=job_orchestration.executor.query.spider_search_task.search_without_channel execution_start=215514703 execution_end=215515912 execution_duration_ms=1209
[2026-01-30 15:17:53.743] [info] [spider.worker] [TIMING] task_id=3e5841c0-e305-4ec5-86fe-b85381f46a00 func=job_orchestration.executor.query.spider_search_task.search_without_channel submit_output_start=215515914 submit_output_end=215515952 submit_output_duration_ms=37
[2026-01-30 15:17:53.768] [info] [spider.worker] [TIMING] task_id=50a68d34-caa9-44ca-850d-b03429c59db0 func=job_orchestration.executor.query.spider_search_task.search_without_channel fetch_input_start=215515976 fetch_input_end=215515977 fetch_input_duration_ms=0
[2026-01-30 15:17:54.938] [info] [spider.worker] [TIMING] task_id=50a68d34-caa9-44ca-850d-b03429c59db0 func=job_orchestration.executor.query.spider_search_task.search_without_channel execution_start=215515977 execution_end=215517146 execution_duration_ms=1168
[2026-01-30 15:17:54.957] [info] [spider.worker] [TIMING] task_id=50a68d34-caa9-44ca-850d-b03429c59db0 func=job_orchestration.executor.query.spider_search_task.search_without_channel submit_output_start=215517148 submit_output_end=215517166 submit_output_duration_ms=17
[2026-01-30 15:17:54.977] [info] [spider.worker] [TIMING] task_id=33cd5585-cd25-42e2-8eb9-760cfd541744 func=job_orchestration.executor.query.spider_search_task.search_without_channel fetch_input_start=215517184 fetch_input_end=215517185 fetch_input_duration_ms=1
[2026-01-30 15:17:56.147] [info] [spider.worker] [TIMING] task_id=33cd5585-cd25-42e2-8eb9-760cfd541744 func=job_orchestration.executor.query.spider_search_task.search_without_channel execution_start=215517186 execution_end=215518355 execution_duration_ms=1169
[2026-01-30 15:17:56.266] [info] [spider.worker] [TIMING] task_id=33cd5585-cd25-42e2-8eb9-760cfd541744 func=job_orchestration.executor.query.spider_search_task.search_without_channel submit_output_start=215518357 submit_output_end=215518474 submit_output_duration_ms=117
[2026-01-30 15:17:56.319] [info] [spider.worker] [TIMING] task_id=7279c130-6955-4a5e-bec8-912f6d6f2f65 func=job_orchestration.executor.query.spider_search_task.search_without_channel fetch_input_start=215518527 fetch_input_end=215518527 fetch_input_duration_ms=0
[2026-01-30 15:17:57.430] [info] [spider.worker] [TIMING] task_id=7279c130-6955-4a5e-bec8-912f6d6f2f65 func=job_orchestration.executor.query.spider_search_task.search_without_channel execution_start=215518528 execution_end=215519638 execution_duration_ms=1109
[2026-01-30 15:17:57.468] [info] [spider.worker] [TIMING] task_id=7279c130-6955-4a5e-bec8-912f6d6f2f65 func=job_orchestration.executor.query.spider_search_task.search_without_channel submit_output_start=215519640 submit_output_end=215519677 submit_output_duration_ms=36
[2026-01-30 15:17:57.485] [info] [spider.worker] [TIMING] task_id=818f8a74-8f00-4044-90c0-cbf4534f4492 func=job_orchestration.executor.query.spider_search_task.search_without_channel fetch_input_start=215519693 fetch_input_end=215519694 fetch_input_duration_ms=0
[2026-01-30 15:17:58.780] [info] [spider.worker] [TIMING] task_id=818f8a74-8f00-4044-90c0-cbf4534f4492 func=job_orchestration.executor.query.spider_search_task.search_without_channel execution_start=215519694 execution_end=215520989 execution_duration_ms=1294
[2026-01-30 15:17:58.838] [info] [spider.worker] [TIMING] task_id=818f8a74-8f00-4044-90c0-cbf4534f4492 func=job_orchestration.executor.query.spider_search_task.search_without_channel submit_output_start=215520991 submit_output_end=215521047 submit_output_duration_ms=55
[2026-01-30 15:17:58.925] [info] [spider.worker] [TIMING] task_id=155dd5ec-82be-417d-84e9-45c93deae457 func=job_orchestration.executor.query.spider_search_task.search_without_channel fetch_input_start=215521133 fetch_input_end=215521133 fetch_input_duration_ms=0
[2026-01-30 15:18:00.125] [info] [spider.worker] [TIMING] task_id=155dd5ec-82be-417d-84e9-45c93deae457 func=job_orchestration.executor.query.spider_search_task.search_without_channel execution_start=215521134 execution_end=215522334 execution_duration_ms=1199
[2026-01-30 15:18:00.158] [info] [spider.worker] [TIMING] task_id=155dd5ec-82be-417d-84e9-45c93deae457 func=job_orchestration.executor.query.spider_search_task.search_without_channel submit_output_start=215522335 submit_output_end=215522367 submit_output_duration_ms=31
[2026-01-30 15:18:00.194] [info] [spider.worker] [TIMING] task_id=8a74dd47-c416-483a-9549-38eafd45b2df func=job_orchestration.executor.query.spider_search_task.search_without_channel fetch_input_start=215522401 fetch_input_end=215522402 fetch_input_duration_ms=0
[2026-01-30 15:18:01.353] [info] [spider.worker] [TIMING] task_id=8a74dd47-c416-483a-9549-38eafd45b2df func=job_orchestration.executor.query.spider_search_task.search_without_channel execution_start=215522403 execution_end=215523561 execution_duration_ms=1158
[2026-01-30 15:18:01.412] [info] [spider.worker] [TIMING] task_id=8a74dd47-c416-483a-9549-38eafd45b2df func=job_orchestration.executor.query.spider_search_task.search_without_channel submit_output_start=215523571 submit_output_end=215523620 submit_output_duration_ms=49
[2026-01-30 15:18:01.436] [info] [spider.worker] [TIMING] task_id=cf0ee133-c3f5-4206-bc7d-d3d7c6e162d3 func=job_orchestration.executor.query.spider_search_task.search_without_channel fetch_input_start=215523643 fetch_input_end=215523644 fetch_input_duration_ms=0
[2026-01-30 15:18:02.641] [info] [spider.worker] [TIMING] task_id=cf0ee133-c3f5-4206-bc7d-d3d7c6e162d3 func=job_orchestration.executor.query.spider_search_task.search_without_channel execution_start=215523645 execution_end=215524849 execution_duration_ms=1203
[2026-01-30 15:18:02.699] [info] [spider.worker] [TIMING] task_id=cf0ee133-c3f5-4206-bc7d-d3d7c6e162d3 func=job_orchestration.executor.query.spider_search_task.search_without_channel submit_output_start=215524851 submit_output_end=215524908 submit_output_duration_ms=56
[2026-01-30 15:18:02.720] [info] [spider.worker] [TIMING] task_id=dee8007f-e051-42a7-b1aa-10e6f2b414ef func=job_orchestration.executor.query.spider_search_task.search_without_channel fetch_input_start=215524927 fetch_input_end=215524928 fetch_input_duration_ms=1
[2026-01-30 15:18:03.958] [info] [spider.worker] [TIMING] task_id=dee8007f-e051-42a7-b1aa-10e6f2b414ef func=job_orchestration.executor.query.spider_search_task.search_without_channel execution_start=215524929 execution_end=215526167 execution_duration_ms=1237
[2026-01-30 15:18:04.009] [info] [spider.worker] [TIMING] task_id=dee8007f-e051-42a7-b1aa-10e6f2b414ef func=job_orchestration.executor.query.spider_search_task.search_without_channel submit_output_start=215526168 submit_output_end=215526217 submit_output_duration_ms=48
[2026-01-30 15:18:04.028] [info] [spider.worker] [TIMING] task_id=e169482f-2164-48a0-92ed-b9b5b0f41da8 func=job_orchestration.executor.query.spider_search_task.search_without_channel fetch_input_start=215526236 fetch_input_end=215526236 fetch_input_duration_ms=0
[2026-01-30 15:18:05.311] [info] [spider.worker] [TIMING] task_id=e169482f-2164-48a0-92ed-b9b5b0f41da8 func=job_orchestration.executor.query.spider_search_task.search_without_channel execution_start=215526237 execution_end=215527520 execution_duration_ms=1282
[2026-01-30 15:18:05.351] [info] [spider.worker] [TIMING] task_id=e169482f-2164-48a0-92ed-b9b5b0f41da8 func=job_orchestration.executor.query.spider_search_task.search_without_channel submit_output_start=215527521 submit_output_end=215527559 submit_output_duration_ms=37
[2026-01-30 15:18:05.393] [info] [spider.worker] [TIMING] task_id=ec54c40d-d065-4e90-98ad-0905198471c4 func=job_orchestration.executor.query.spider_search_task.search_without_channel fetch_input_start=215527601 fetch_input_end=215527602 fetch_input_duration_ms=1
[2026-01-30 15:18:06.695] [info] [spider.worker] [TIMING] task_id=ec54c40d-d065-4e90-98ad-0905198471c4 func=job_orchestration.executor.query.spider_search_task.search_without_channel execution_start=215527603 execution_end=215528903 execution_duration_ms=1300
[2026-01-30 15:18:06.726] [info] [spider.worker] [TIMING] task_id=ec54c40d-d065-4e90-98ad-0905198471c4 func=job_orchestration.executor.query.spider_search_task.search_without_channel submit_output_start=215528905 submit_output_end=215528935 submit_output_duration_ms=29
[2026-01-30 15:18:06.780] [info] [spider.worker] [TIMING] task_id=38d337be-31d7-4563-9f7e-9664501dfe46 func=job_orchestration.executor.query.spider_search_task.search_without_channel fetch_input_start=215528987 fetch_input_end=215528988 fetch_input_duration_ms=1
[2026-01-30 15:18:08.014] [info] [spider.worker] [TIMING] task_id=38d337be-31d7-4563-9f7e-9664501dfe46 func=job_orchestration.executor.query.spider_search_task.search_without_channel execution_start=215528989 execution_end=215530222 execution_duration_ms=1233
[2026-01-30 15:18:08.055] [info] [spider.worker] [TIMING] task_id=38d337be-31d7-4563-9f7e-9664501dfe46 func=job_orchestration.executor.query.spider_search_task.search_without_channel submit_output_start=215530223 submit_output_end=215530263 submit_output_duration_ms=40
[2026-01-30 15:18:08.124] [info] [spider.worker] [TIMING] task_id=f8a3c003-25db-4ef8-bebe-8f7892387030 func=job_orchestration.executor.query.spider_search_task.search_without_channel fetch_input_start=215530332 fetch_input_end=215530333 fetch_input_duration_ms=0
[2026-01-30 15:18:09.361] [info] [spider.worker] [TIMING] task_id=f8a3c003-25db-4ef8-bebe-8f7892387030 func=job_orchestration.executor.query.spider_search_task.search_without_channel execution_start=215530334 execution_end=215531570 execution_duration_ms=1236
[2026-01-30 15:18:09.400] [info] [spider.worker] [TIMING] task_id=f8a3c003-25db-4ef8-bebe-8f7892387030 func=job_orchestration.executor.query.spider_search_task.search_without_channel submit_output_start=215531571 submit_output_end=215531609 submit_output_duration_ms=37
[2026-01-30 15:18:09.478] [info] [spider.worker] [TIMING] task_id=8802b358-b69f-4638-b751-b856f128cb04 func=job_orchestration.executor.query.spider_search_task.search_without_channel fetch_input_start=215531686 fetch_input_end=215531687 fetch_input_duration_ms=1
[2026-01-30 15:18:10.701] [info] [spider.worker] [TIMING] task_id=8802b358-b69f-4638-b751-b856f128cb04 func=job_orchestration.executor.query.spider_search_task.search_without_channel execution_start=215531687 execution_end=215532910 execution_duration_ms=1222
[2026-01-30 15:18:10.737] [info] [spider.worker] [TIMING] task_id=8802b358-b69f-4638-b751-b856f128cb04 func=job_orchestration.executor.query.spider_search_task.search_without_channel submit_output_start=215532911 submit_output_end=215532945 submit_output_duration_ms=33
[2026-01-30 15:18:10.755] [info] [spider.worker] [TIMING] task_id=75f58245-6b20-4b58-aa9e-76379cb4c56e func=job_orchestration.executor.query.spider_search_task.search_without_channel fetch_input_start=215532962 fetch_input_end=215532963 fetch_input_duration_ms=1
[2026-01-30 15:18:12.021] [info] [spider.worker] [TIMING] task_id=75f58245-6b20-4b58-aa9e-76379cb4c56e func=job_orchestration.executor.query.spider_search_task.search_without_channel execution_start=215532964 execution_end=215534229 execution_duration_ms=1264
[2026-01-30 15:18:12.036] [info] [spider.worker] [TIMING] task_id=75f58245-6b20-4b58-aa9e-76379cb4c56e func=job_orchestration.executor.query.spider_search_task.search_without_channel submit_output_start=215534230 submit_output_end=215534244 submit_output_duration_ms=13
[2026-01-30 15:18:12.102] [info] [spider.worker] [TIMING] task_id=f69f8a65-41aa-463b-90d0-fe623e802bf1 func=job_orchestration.executor.query.spider_search_task.search_without_channel fetch_input_start=215534309 fetch_input_end=215534310 fetch_input_duration_ms=1
[2026-01-30 15:18:13.340] [info] [spider.worker] [TIMING] task_id=f69f8a65-41aa-463b-90d0-fe623e802bf1 func=job_orchestration.executor.query.spider_search_task.search_without_channel execution_start=215534311 execution_end=215535548 execution_duration_ms=1237
[2026-01-30 15:18:13.378] [info] [spider.worker] [TIMING] task_id=f69f8a65-41aa-463b-90d0-fe623e802bf1 func=job_orchestration.executor.query.spider_search_task.search_without_channel submit_output_start=215535551 submit_output_end=215535586 submit_output_duration_ms=35
[2026-01-30 15:18:13.397] [info] [spider.worker] [TIMING] task_id=664fe7c1-f5ea-47e0-8b6c-d09e986ee2b2 func=job_orchestration.executor.query.spider_search_task.search_without_channel fetch_input_start=215535605 fetch_input_end=215535606 fetch_input_duration_ms=1
[2026-01-30 15:18:14.647] [info] [spider.worker] [TIMING] task_id=664fe7c1-f5ea-47e0-8b6c-d09e986ee2b2 func=job_orchestration.executor.query.spider_search_task.search_without_channel execution_start=215535606 execution_end=215536855 execution_duration_ms=1248
[2026-01-30 15:18:14.682] [info] [spider.worker] [TIMING] task_id=664fe7c1-f5ea-47e0-8b6c-d09e986ee2b2 func=job_orchestration.executor.query.spider_search_task.search_without_channel submit_output_start=215536857 submit_output_end=215536890 submit_output_duration_ms=32
[2026-01-30 15:18:14.723] [info] [spider.worker] [TIMING] task_id=24b61bc5-5ed7-469f-a964-e28807a76c71 func=job_orchestration.executor.query.spider_search_task.search_without_channel fetch_input_start=215536930 fetch_input_end=215536931 fetch_input_duration_ms=0
[2026-01-30 15:18:15.955] [info] [spider.worker] [TIMING] task_id=24b61bc5-5ed7-469f-a964-e28807a76c71 func=job_orchestration.executor.query.spider_search_task.search_without_channel execution_start=215536932 execution_end=215538163 execution_duration_ms=1231
[2026-01-30 15:18:15.985] [info] [spider.worker] [TIMING] task_id=24b61bc5-5ed7-469f-a964-e28807a76c71 func=job_orchestration.executor.query.spider_search_task.search_without_channel submit_output_start=215538165 submit_output_end=215538193 submit_output_duration_ms=28
[2026-01-30 15:18:16.046] [info] [spider.worker] [TIMING] task_id=2f9da58e-58b0-470f-a37b-89d9abd05411 func=job_orchestration.executor.query.spider_search_task.search_without_channel fetch_input_start=215538254 fetch_input_end=215538254 fetch_input_duration_ms=0
[2026-01-30 15:18:17.443] [info] [spider.worker] [TIMING] task_id=2f9da58e-58b0-470f-a37b-89d9abd05411 func=job_orchestration.executor.query.spider_search_task.search_without_channel execution_start=215538255 execution_end=215539651 execution_duration_ms=1396
[2026-01-30 15:18:17.473] [info] [spider.worker] [TIMING] task_id=2f9da58e-58b0-470f-a37b-89d9abd05411 func=job_orchestration.executor.query.spider_search_task.search_without_channel submit_output_start=215539653 submit_output_end=215539681 submit_output_duration_ms=28
[2026-01-30 15:18:17.497] [info] [spider.worker] [TIMING] task_id=f2af3684-88f0-44c8-8b40-cbcb54f90861 func=job_orchestration.executor.query.spider_search_task.search_without_channel fetch_input_start=215539705 fetch_input_end=215539706 fetch_input_duration_ms=0
[2026-01-30 15:18:18.742] [info] [spider.worker] [TIMING] task_id=f2af3684-88f0-44c8-8b40-cbcb54f90861 func=job_orchestration.executor.query.spider_search_task.search_without_channel execution_start=215539706 execution_end=215540951 execution_duration_ms=1244
[2026-01-30 15:18:18.801] [info] [spider.worker] [TIMING] task_id=f2af3684-88f0-44c8-8b40-cbcb54f90861 func=job_orchestration.executor.query.spider_search_task.search_without_channel submit_output_start=215540952 submit_output_end=215541009 submit_output_duration_ms=57
[2026-01-30 15:18:18.831] [info] [spider.worker] [TIMING] task_id=6e1966d4-667c-4b46-a9d3-2836a4ea32d9 func=job_orchestration.executor.query.spider_search_task.search_without_channel fetch_input_start=215541039 fetch_input_end=215541040 fetch_input_duration_ms=1
[2026-01-30 15:18:20.207] [info] [spider.worker] [TIMING] task_id=6e1966d4-667c-4b46-a9d3-2836a4ea32d9 func=job_orchestration.executor.query.spider_search_task.search_without_channel execution_start=215541041 execution_end=215542416 execution_duration_ms=1375
[2026-01-30 15:18:20.263] [info] [spider.worker] [TIMING] task_id=6e1966d4-667c-4b46-a9d3-2836a4ea32d9 func=job_orchestration.executor.query.spider_search_task.search_without_channel submit_output_start=215542417 submit_output_end=215542472 submit_output_duration_ms=54
[2026-01-30 15:18:20.282] [info] [spider.worker] [TIMING] task_id=b58b9be9-d54e-4a15-ac16-77695ae9bd35 func=job_orchestration.executor.query.spider_search_task.search_without_channel fetch_input_start=215542489 fetch_input_end=215542490 fetch_input_duration_ms=1
[2026-01-30 15:18:21.588] [info] [spider.worker] [TIMING] task_id=b58b9be9-d54e-4a15-ac16-77695ae9bd35 func=job_orchestration.executor.query.spider_search_task.search_without_channel execution_start=215542491 execution_end=215543797 execution_duration_ms=1305
[2026-01-30 15:18:21.616] [info] [spider.worker] [TIMING] task_id=b58b9be9-d54e-4a15-ac16-77695ae9bd35 func=job_orchestration.executor.query.spider_search_task.search_without_channel submit_output_start=215543798 submit_output_end=215543825 submit_output_duration_ms=26
[2026-01-30 15:18:21.640] [info] [spider.worker] [TIMING] task_id=a58e0892-2355-432e-9a21-bd03f5873aca func=job_orchestration.executor.query.spider_search_task.search_without_channel fetch_input_start=215543848 fetch_input_end=215543849 fetch_input_duration_ms=0
[2026-01-30 15:18:22.888] [info] [spider.worker] [TIMING] task_id=a58e0892-2355-432e-9a21-bd03f5873aca func=job_orchestration.executor.query.spider_search_task.search_without_channel execution_start=215543849 execution_end=215545096 execution_duration_ms=1246
[2026-01-30 15:18:22.930] [info] [spider.worker] [TIMING] task_id=a58e0892-2355-432e-9a21-bd03f5873aca func=job_orchestration.executor.query.spider_search_task.search_without_channel submit_output_start=215545098 submit_output_end=215545138 submit_output_duration_ms=39
[2026-01-30 15:18:22.949] [info] [spider.worker] [TIMING] task_id=3e44491a-c142-4826-9167-3b67d941471b func=job_orchestration.executor.query.spider_search_task.search_without_channel fetch_input_start=215545157 fetch_input_end=215545158 fetch_input_duration_ms=1
[2026-01-30 15:18:24.259] [info] [spider.worker] [TIMING] task_id=3e44491a-c142-4826-9167-3b67d941471b func=job_orchestration.executor.query.spider_search_task.search_without_channel execution_start=215545159 execution_end=215546468 execution_duration_ms=1309
[2026-01-30 15:18:24.271] [info] [spider.worker] [TIMING] task_id=3e44491a-c142-4826-9167-3b67d941471b func=job_orchestration.executor.query.spider_search_task.search_without_channel submit_output_start=215546469 submit_output_end=215546480 submit_output_duration_ms=10
[2026-01-30 15:18:24.291] [info] [spider.worker] [TIMING] task_id=0d6340d5-3279-46ec-a9a7-b4829d6fc8d4 func=job_orchestration.executor.query.spider_search_task.search_without_channel fetch_input_start=215546498 fetch_input_end=215546499 fetch_input_duration_ms=0
[2026