[2026-01-30 19:54:16.412] [warning] [spider.worker] Prefer using `SPIDER_STORAGE_URL` environment variable over `--storage_url` argument.
[2026-01-30 19:55:08.643] [info] [spider.worker] [TIMING] task_id=63be38d9-0aed-407c-a3fe-0f02aac764b9 func=job_orchestration.executor.query.spider_search_task.search_without_channel fetch_input_start=232150850 fetch_input_end=232150852 fetch_input_duration_ms=2
[2026-01-30 19:55:08.644] [info] [spider.worker] [TIMING] task_id=63be38d9-0aed-407c-a3fe-0f02aac764b9 func=job_orchestration.executor.query.spider_search_task.search_without_channel input_send_start=232150853 input_send_end=232150853 input_send_duration_ms=0 bytes=626
[2026-01-30 19:55:08.644] [info] [spider.worker] [TIMING] task_id=63be38d9-0aed-407c-a3fe-0f02aac764b9 func=job_orchestration.executor.query.spider_search_task.search_without_channel spawn_start=232150852 spawn_end=232150853 spawn_duration_ms=0
[2026-01-30 19:55:09.885] [info] [spider.worker] [TIMING] task_id=63be38d9-0aed-407c-a3fe-0f02aac764b9 func=job_orchestration.executor.query.spider_search_task.search_without_channel execution_start=232150853 execution_end=232152094 execution_duration_ms=1240
[2026-01-30 19:55:09.931] [info] [spider.worker] [TIMING] task_id=63be38d9-0aed-407c-a3fe-0f02aac764b9 func=job_orchestration.executor.query.spider_search_task.search_without_channel submit_output_start=232152098 submit_output_end=232152139 submit_output_duration_ms=41
[2026-01-30 19:55:10.000] [info] [spider.worker] [TIMING] task_id=77f6b460-31ed-42e9-a38c-de933d3c9ed6 func=job_orchestration.executor.query.spider_search_task.search_without_channel fetch_input_start=232152208 fetch_input_end=232152209 fetch_input_duration_ms=0
[2026-01-30 19:55:10.001] [info] [spider.worker] [TIMING] task_id=77f6b460-31ed-42e9-a38c-de933d3c9ed6 func=job_orchestration.executor.query.spider_search_task.search_without_channel input_send_start=232152209 input_send_end=232152209 input_send_duration_ms=0 bytes=626
[2026-01-30 19:55:10.001] [info] [spider.worker] [TIMING] task_id=77f6b460-31ed-42e9-a38c-de933d3c9ed6 func=job_orchestration.executor.query.spider_search_task.search_without_channel spawn_start=232152209 spawn_end=232152209 spawn_duration_ms=0
[2026-01-30 19:55:11.250] [info] [spider.worker] [TIMING] task_id=77f6b460-31ed-42e9-a38c-de933d3c9ed6 func=job_orchestration.executor.query.spider_search_task.search_without_channel execution_start=232152209 execution_end=232153459 execution_duration_ms=1249
[2026-01-30 19:55:11.288] [info] [spider.worker] [TIMING] task_id=77f6b460-31ed-42e9-a38c-de933d3c9ed6 func=job_orchestration.executor.query.spider_search_task.search_without_channel submit_output_start=232153460 submit_output_end=232153497 submit_output_duration_ms=36
[2026-01-30 19:55:11.307] [info] [spider.worker] [TIMING] task_id=b5f459e9-b7db-41c4-a57d-3de657911f48 func=job_orchestration.executor.query.spider_search_task.search_without_channel fetch_input_start=232153515 fetch_input_end=232153516 fetch_input_duration_ms=0
[2026-01-30 19:55:11.308] [info] [spider.worker] [TIMING] task_id=b5f459e9-b7db-41c4-a57d-3de657911f48 func=job_orchestration.executor.query.spider_search_task.search_without_channel input_send_start=232153516 input_send_end=232153516 input_send_duration_ms=0 bytes=626
[2026-01-30 19:55:11.308] [info] [spider.worker] [TIMING] task_id=b5f459e9-b7db-41c4-a57d-3de657911f48 func=job_orchestration.executor.query.spider_search_task.search_without_channel spawn_start=232153516 spawn_end=232153516 spawn_duration_ms=0
[2026-01-30 19:55:12.740] [info] [spider.worker] [TIMING] task_id=b5f459e9-b7db-41c4-a57d-3de657911f48 func=job_orchestration.executor.query.spider_search_task.search_without_channel execution_start=232153516 execution_end=232154948 execution_duration_ms=1431
[2026-01-30 19:55:12.755] [info] [spider.worker] [TIMING] task_id=b5f459e9-b7db-41c4-a57d-3de657911f48 func=job_orchestration.executor.query.spider_search_task.search_without_channel submit_output_start=232154949 submit_output_end=232154964 submit_output_duration_ms=14
[2026-01-30 19:55:12.775] [info] [spider.worker] [TIMING] task_id=e055a6a2-ece1-4ee4-84b7-3a39b9310072 func=job_orchestration.executor.query.spider_search_task.search_without_channel fetch_input_start=232154982 fetch_input_end=232154983 fetch_input_duration_ms=0
[2026-01-30 19:55:12.775] [info] [spider.worker] [TIMING] task_id=e055a6a2-ece1-4ee4-84b7-3a39b9310072 func=job_orchestration.executor.query.spider_search_task.search_without_channel input_send_start=232154984 input_send_end=232154984 input_send_duration_ms=0 bytes=626
[2026-01-30 19:55:12.775] [info] [spider.worker] [TIMING] task_id=e055a6a2-ece1-4ee4-84b7-3a39b9310072 func=job_orchestration.executor.query.spider_search_task.search_without_channel spawn_start=232154983 spawn_end=232154984 spawn_duration_ms=0
[2026-01-30 19:55:14.193] [info] [spider.worker] [TIMING] task_id=e055a6a2-ece1-4ee4-84b7-3a39b9310072 func=job_orchestration.executor.query.spider_search_task.search_without_channel execution_start=232154984 execution_end=232156401 execution_duration_ms=1417
[2026-01-30 19:55:14.206] [info] [spider.worker] [TIMING] task_id=e055a6a2-ece1-4ee4-84b7-3a39b9310072 func=job_orchestration.executor.query.spider_search_task.search_without_channel submit_output_start=232156403 submit_output_end=232156414 submit_output_duration_ms=10
[2026-01-30 19:55:14.225] [info] [spider.worker] [TIMING] task_id=15d9eea1-2b86-4fe0-a621-d81b25d53f08 func=job_orchestration.executor.query.spider_search_task.search_without_channel fetch_input_start=232156432 fetch_input_end=232156433 fetch_input_duration_ms=1
[2026-01-30 19:55:14.226] [info] [spider.worker] [TIMING] task_id=15d9eea1-2b86-4fe0-a621-d81b25d53f08 func=job_orchestration.executor.query.spider_search_task.search_without_channel input_send_start=232156434 input_send_end=232156434 input_send_duration_ms=0 bytes=626
[2026-01-30 19:55:14.226] [info] [spider.worker] [TIMING] task_id=15d9eea1-2b86-4fe0-a621-d81b25d53f08 func=job_orchestration.executor.query.spider_search_task.search_without_channel spawn_start=232156433 spawn_end=232156434 spawn_duration_ms=0
[2026-01-30 19:55:15.430] [info] [spider.worker] [TIMING] task_id=15d9eea1-2b86-4fe0-a621-d81b25d53f08 func=job_orchestration.executor.query.spider_search_task.search_without_channel execution_start=232156434 execution_end=232157638 execution_duration_ms=1204
[2026-01-30 19:55:15.469] [info] [spider.worker] [TIMING] task_id=15d9eea1-2b86-4fe0-a621-d81b25d53f08 func=job_orchestration.executor.query.spider_search_task.search_without_channel submit_output_start=232157640 submit_output_end=232157678 submit_output_duration_ms=37
[2026-01-30 19:55:15.500] [info] [spider.worker] [TIMING] task_id=44fc84c8-ca98-4c56-98de-8eaa4bdd7de7 func=job_orchestration.executor.query.spider_search_task.search_without_channel fetch_input_start=232157707 fetch_input_end=232157708 fetch_input_duration_ms=0
[2026-01-30 19:55:15.500] [info] [spider.worker] [TIMING] task_id=44fc84c8-ca98-4c56-98de-8eaa4bdd7de7 func=job_orchestration.executor.query.spider_search_task.search_without_channel input_send_start=232157709 input_send_end=232157709 input_send_duration_ms=0 bytes=626
[2026-01-30 19:55:15.500] [info] [spider.worker] [TIMING] task_id=44fc84c8-ca98-4c56-98de-8eaa4bdd7de7 func=job_orchestration.executor.query.spider_search_task.search_without_channel spawn_start=232157708 spawn_end=232157709 spawn_duration_ms=0
[2026-01-30 19:55:16.956] [info] [spider.worker] [TIMING] task_id=44fc84c8-ca98-4c56-98de-8eaa4bdd7de7 func=job_orchestration.executor.query.spider_search_task.search_without_channel execution_start=232157709 execution_end=232159165 execution_duration_ms=1455
[2026-01-30 19:55:16.965] [info] [spider.worker] [TIMING] task_id=44fc84c8-ca98-4c56-98de-8eaa4bdd7de7 func=job_orchestration.executor.query.spider_search_task.search_without_channel submit_output_start=232159166 submit_output_end=232159173 submit_output_duration_ms=6
[2026-01-30 19:55:16.992] [info] [spider.worker] [TIMING] task_id=06e73a2e-d5d6-4a85-b3d8-a1441cc8f12f func=job_orchestration.executor.query.spider_search_task.search_without_channel fetch_input_start=232159200 fetch_input_end=232159201 fetch_input_duration_ms=0
[2026-01-30 19:55:16.993] [info] [spider.worker] [TIMING] task_id=06e73a2e-d5d6-4a85-b3d8-a1441cc8f12f func=job_orchestration.executor.query.spider_search_task.search_without_channel input_send_start=232159201 input_send_end=232159201 input_send_duration_ms=0 bytes=626
[2026-01-30 19:55:16.993] [info] [spider.worker] [TIMING] task_id=06e73a2e-d5d6-4a85-b3d8-a1441cc8f12f func=job_orchestration.executor.query.spider_search_task.search_without_channel spawn_start=232159201 spawn_end=232159201 spawn_duration_ms=0
[2026-01-30 19:55:18.156] [info] [spider.worker] [TIMING] task_id=06e73a2e-d5d6-4a85-b3d8-a1441cc8f12f func=job_orchestration.executor.query.spider_search_task.search_without_channel execution_start=232159202 execution_end=232160364 execution_duration_ms=1162
[2026-01-30 19:55:18.200] [info] [spider.worker] [TIMING] task_id=06e73a2e-d5d6-4a85-b3d8-a1441cc8f12f func=job_orchestration.executor.query.spider_search_task.search_without_channel submit_output_start=232160366 submit_output_end=232160409 submit_output_duration_ms=42
[2026-01-30 19:55:18.260] [info] [spider.worker] [TIMING] task_id=17035cc1-7e7e-4af5-bbf8-7c9b6a35d949 func=job_orchestration.executor.query.spider_search_task.search_without_channel fetch_input_start=232160467 fetch_input_end=232160468 fetch_input_duration_ms=1
[2026-01-30 19:55:18.260] [info] [spider.worker] [TIMING] task_id=17035cc1-7e7e-4af5-bbf8-7c9b6a35d949 func=job_orchestration.executor.query.spider_search_task.search_without_channel input_send_start=232160469 input_send_end=232160469 input_send_duration_ms=0 bytes=626
[2026-01-30 19:55:18.260] [info] [spider.worker] [TIMING] task_id=17035cc1-7e7e-4af5-bbf8-7c9b6a35d949 func=job_orchestration.executor.query.spider_search_task.search_without_channel spawn_start=232160468 spawn_end=232160469 spawn_duration_ms=0
[2026-01-30 19:55:19.526] [info] [spider.worker] [TIMING] task_id=17035cc1-7e7e-4af5-bbf8-7c9b6a35d949 func=job_orchestration.executor.query.spider_search_task.search_without_channel execution_start=232160469 execution_end=232161734 execution_duration_ms=1265
[2026-01-30 19:55:19.532] [info] [spider.worker] [TIMING] task_id=17035cc1-7e7e-4af5-bbf8-7c9b6a35d949 func=job_orchestration.executor.query.spider_search_task.search_without_channel submit_output_start=232161736 submit_output_end=232161740 submit_output_duration_ms=4
[2026-01-30 19:55:19.543] [info] [spider.worker] [TIMING] task_id=fd694d5d-91d9-43eb-81c4-937255122f5f func=job_orchestration.executor.query.spider_search_task.search_without_channel fetch_input_start=232161750 fetch_input_end=232161751 fetch_input_duration_ms=0
[2026-01-30 19:55:19.543] [info] [spider.worker] [TIMING] task_id=fd694d5d-91d9-43eb-81c4-937255122f5f func=job_orchestration.executor.query.spider_search_task.search_without_channel input_send_start=232161752 input_send_end=232161752 input_send_duration_ms=0 bytes=626
[2026-01-30 19:55:19.543] [info] [spider.worker] [TIMING] task_id=fd694d5d-91d9-43eb-81c4-937255122f5f func=job_orchestration.executor.query.spider_search_task.search_without_channel spawn_start=232161751 spawn_end=232161752 spawn_duration_ms=0
[2026-01-30 19:55:20.877] [info] [spider.worker] [TIMING] task_id=fd694d5d-91d9-43eb-81c4-937255122f5f func=job_orchestration.executor.query.spider_search_task.search_without_channel execution_start=232161752 execution_end=232163086 execution_duration_ms=1333
[2026-01-30 19:55:20.890] [info] [spider.worker] [TIMING] task_id=fd694d5d-91d9-43eb-81c4-937255122f5f func=job_orchestration.executor.query.spider_search_task.search_without_channel submit_output_start=232163087 submit_output_end=232163099 submit_output_duration_ms=11
[2026-01-30 19:55:20.934] [info] [spider.worker] [TIMING] task_id=273bb7f0-c310-4709-ac68-3ae6ceb20ba0 func=job_orchestration.executor.query.spider_search_task.search_without_channel fetch_input_start=232163141 fetch_input_end=232163142 fetch_input_duration_ms=0
[2026-01-30 19:55:20.934] [info] [spider.worker] [TIMING] task_id=273bb7f0-c310-4709-ac68-3ae6ceb20ba0 func=job_orchestration.executor.query.spider_search_task.search_without_channel input_send_start=232163143 input_send_end=232163143 input_send_duration_ms=0 bytes=626
[2026-01-30 19:55:20.935] [info] [spider.worker] [TIMING] task_id=273bb7f0-c310-4709-ac68-3ae6ceb20ba0 func=job_orchestration.executor.query.spider_search_task.search_without_channel spawn_start=232163142 spawn_end=232163143 spawn_duration_ms=0
[2026-01-30 19:55:22.129] [info] [spider.worker] [TIMING] task_id=273bb7f0-c310-4709-ac68-3ae6ceb20ba0 func=job_orchestration.executor.query.spider_search_task.search_without_channel execution_start=232163143 execution_end=232164337 execution_duration_ms=1194
[2026-01-30 19:55:22.141] [info] [spider.worker] [TIMING] task_id=273bb7f0-c310-4709-ac68-3ae6ceb20ba0 func=job_orchestration.executor.query.spider_search_task.search_without_channel submit_output_start=232164339 submit_output_end=232164349 submit_output_duration_ms=10
[2026-01-30 19:55:22.151] [info] [spider.worker] [TIMING] task_id=081ae242-4a2b-4165-b528-95959caa29b1 func=job_orchestration.executor.query.spider_search_task.search_without_channel fetch_input_start=232164359 fetch_input_end=232164360 fetch_input_duration_ms=0
[2026-01-30 19:55:22.152] [info] [spider.worker] [TIMING] task_id=081ae242-4a2b-4165-b528-95959caa29b1 func=job_orchestration.executor.query.spider_search_task.search_without_channel input_send_start=232164360 input_send_end=232164360 input_send_duration_ms=0 bytes=626
[2026-01-30 19:55:22.152] [info] [spider.worker] [TIMING] task_id=081ae242-4a2b-4165-b528-95959caa29b1 func=job_orchestration.executor.query.spider_search_task.search_without_channel spawn_start=232164360 spawn_end=232164360 spawn_duration_ms=0
[2026-01-30 19:55:23.343] [info] [spider.worker] [TIMING] task_id=081ae242-4a2b-4165-b528-95959caa29b1 func=job_orchestration.executor.query.spider_search_task.search_without_channel execution_start=232164360 execution_end=232165551 execution_duration_ms=1190
[2026-01-30 19:55:23.349] [info] [spider.worker] [TIMING] task_id=081ae242-4a2b-4165-b528-95959caa29b1 func=job_orchestration.executor.query.spider_search_task.search_without_channel submit_output_start=232165553 submit_output_end=232165558 submit_output_duration_ms=4
[2026-01-30 19:55:23.380] [info] [spider.worker] [TIMING] task_id=79361984-f991-4646-9db3-d76446bc05fb func=job_orchestration.executor.query.spider_search_task.search_without_channel fetch_input_start=232165588 fetch_input_end=232165589 fetch_input_duration_ms=0
[2026-01-30 19:55:23.381] [info] [spider.worker] [TIMING] task_id=79361984-f991-4646-9db3-d76446bc05fb func=job_orchestration.executor.query.spider_search_task.search_without_channel input_send_start=232165589 input_send_end=232165589 input_send_duration_ms=0 bytes=626
[2026-01-30 19:55:23.381] [info] [spider.worker] [TIMING] task_id=79361984-f991-4646-9db3-d76446bc05fb func=job_orchestration.executor.query.spider_search_task.search_without_channel spawn_start=232165589 spawn_end=232165589 spawn_duration_ms=0
[2026-01-30 19:55:24.636] [info] [spider.worker] [TIMING] task_id=79361984-f991-4646-9db3-d76446bc05fb func=job_orchestration.executor.query.spider_search_task.search_without_channel execution_start=232165589 execution_end=232166844 execution_duration_ms=1254
[2026-01-30 19:55:24.672] [info] [spider.worker] [TIMING] task_id=79361984-f991-4646-9db3-d76446bc05fb func=job_orchestration.executor.query.spider_search_task.search_without_channel submit_output_start=232166846 submit_output_end=232166881 submit_output_duration_ms=34
[2026-01-30 19:55:24.694] [info] [spider.worker] [TIMING] task_id=2ef61a38-a5b6-4f83-a0c7-2a7bbbf92b72 func=job_orchestration.executor.query.spider_search_task.search_without_channel fetch_input_start=232166902 fetch_input_end=232166903 fetch_input_duration_ms=1
[2026-01-30 19:55:24.695] [info] [spider.worker] [TIMING] task_id=2ef61a38-a5b6-4f83-a0c7-2a7bbbf92b72 func=job_orchestration.executor.query.spider_search_task.search_without_channel input_send_start=232166903 input_send_end=232166903 input_send_duration_ms=0 bytes=626
[2026-01-30 19:55:24.695] [info] [spider.worker] [TIMING] task_id=2ef61a38-a5b6-4f83-a0c7-2a7bbbf92b72 func=job_orchestration.executor.query.spider_search_task.search_without_channel spawn_start=232166903 spawn_end=232166903 spawn_duration_ms=0
[2026-01-30 19:55:25.956] [info] [spider.worker] [TIMING] task_id=2ef61a38-a5b6-4f83-a0c7-2a7bbbf92b72 func=job_orchestration.executor.query.spider_search_task.search_without_channel execution_start=232166904 execution_end=232168164 execution_duration_ms=1260
[2026-01-30 19:55:25.967] [info] [spider.worker] [TIMING] task_id=2ef61a38-a5b6-4f83-a0c7-2a7bbbf92b72 func=job_orchestration.executor.query.spider_search_task.search_without_channel submit_output_start=232168165 submit_output_end=232168175 submit_output_duration_ms=9
[2026-01-30 19:55:25.986] [info] [spider.worker] [TIMING] task_id=0cec1ce5-9991-45eb-9d7d-05edc5cc5fa5 func=job_orchestration.executor.query.spider_search_task.search_without_channel fetch_input_start=232168193 fetch_input_end=232168195 fetch_input_duration_ms=1
[2026-01-30 19:55:25.987] [info] [spider.worker] [TIMING] task_id=0cec1ce5-9991-45eb-9d7d-05edc5cc5fa5 func=job_orchestration.executor.query.spider_search_task.search_without_channel input_send_start=232168195 input_send_end=232168195 input_send_duration_ms=0 bytes=626
[2026-01-30 19:55:25.987] [info] [spider.worker] [TIMING] task_id=0cec1ce5-9991-45eb-9d7d-05edc5cc5fa5 func=job_orchestration.executor.query.spider_search_task.search_without_channel spawn_start=232168195 spawn_end=232168195 spawn_duration_ms=0
[2026-01-30 19:55:27.116] [info] [spider.worker] [TIMING] task_id=0cec1ce5-9991-45eb-9d7d-05edc5cc5fa5 func=job_orchestration.executor.query.spider_search_task.search_without_channel execution_start=232168195 execution_end=232169325 execution_duration_ms=1129
[2026-01-30 19:55:27.150] [info] [spider.worker] [TIMING] task_id=0cec1ce5-9991-45eb-9d7d-05edc5cc5fa5 func=job_orchestration.executor.query.spider_search_task.search_without_channel submit_output_start=232169336 submit_output_end=232169359 submit_output_duration_ms=22
[2026-01-30 19:55:27.160] [info] [spider.worker] [TIMING] task_id=26274320-0433-4ed1-9c04-03a294c88fa7 func=job_orchestration.executor.query.spider_search_task.search_without_channel fetch_input_start=232169368 fetch_input_end=232169369 fetch_input_duration_ms=0
[2026-01-30 19:55:27.161] [info] [spider.worker] [TIMING] task_id=26274320-0433-4ed1-9c04-03a294c88fa7 func=job_orchestration.executor.query.spider_search_task.search_without_channel input_send_start=232169369 input_send_end=232169369 input_send_duration_ms=0 bytes=626
[2026-01-30 19:55:27.161] [info] [spider.worker] [TIMING] task_id=26274320-0433-4ed1-9c04-03a294c88fa7 func=job_orchestration.executor.query.spider_search_task.search_without_channel spawn_start=232169369 spawn_end=232169369 spawn_duration_ms=0
[2026-01-30 19:55:28.416] [info] [spider.worker] [TIMING] task_id=26274320-0433-4ed1-9c04-03a294c88fa7 func=job_orchestration.executor.query.spider_search_task.search_without_channel execution_start=232169369 execution_end=232170624 execution_duration_ms=1254
[2026-01-30 19:55:28.434] [info] [spider.worker] [TIMING] task_id=26274320-0433-4ed1-9c04-03a294c88fa7 func=job_orchestration.executor.query.spider_search_task.search_without_channel submit_output_start=232170626 submit_output_end=232170642 submit_output_duration_ms=16
[2026-01-30 19:55:28.454] [info] [spider.worker] [TIMING] task_id=4c7c50fc-2708-4869-a23c-f766de9643e8 func=job_orchestration.executor.query.spider_search_task.search_without_channel fetch_input_start=232170661 fetch_input_end=232170662 fetch_input_duration_ms=1
[2026-01-30 19:55:28.454] [info] [spider.worker] [TIMING] task_id=4c7c50fc-2708-4869-a23c-f766de9643e8 func=job_orchestration.executor.query.spider_search_task.search_without_channel input_send_start=232170663 input_send_end=232170663 input_send_duration_ms=0 bytes=626
[2026-01-30 19:55:28.454] [info] [spider.worker] [TIMING] task_id=4c7c50fc-2708-4869-a23c-f766de9643e8 func=job_orchestration.executor.query.spider_search_task.search_without_channel spawn_start=232170662 spawn_end=232170663 spawn_duration_ms=0
[2026-01-30 19:55:29.763] [info] [spider.worker] [TIMING] task_id=4c7c50fc-2708-4869-a23c-f766de9643e8 func=job_orchestration.executor.query.spider_search_task.search_without_channel execution_start=232170663 execution_end=232171971 execution_duration_ms=1308
[2026-01-30 19:55:29.776] [info] [spider.worker] [TIMING] task_id=4c7c50fc-2708-4869-a23c-f766de9643e8 func=job_orchestration.executor.query.spider_search_task.search_without_channel submit_output_start=232171973 submit_output_end=232171984 submit_output_duration_ms=11
[2026-01-30 19:55:29.786] [info] [spider.worker] [TIMING] task_id=7cb72305-33b5-4fca-80de-8ff5c858edd2 func=job_orchestration.executor.query.spider_search_task.search_without_channel fetch_input_start=232171994 fetch_input_end=232171995 fetch_input_duration_ms=0
[2026-01-30 19:55:29.787] [info] [spider.worker] [TIMING] task_id=7cb72305-33b5-4fca-80de-8ff5c858edd2 func=job_orchestration.executor.query.spider_search_task.search_without_channel input_send_start=232171995 input_send_end=232171995 input_send_duration_ms=0 bytes=626
[2026-01-30 19:55:29.787] [info] [spider.worker] [TIMING] task_id=7cb72305-33b5-4fca-80de-8ff5c858edd2 func=job_orchestration.executor.query.spider_search_task.search_without_channel spawn_start=232171995 spawn_end=232171995 spawn_duration_ms=0
[2026-01-30 19:55:31.194] [info] [spider.worker] [TIMING] task_id=7cb72305-33b5-4fca-80de-8ff5c858edd2 func=job_orchestration.executor.query.spider_search_task.search_without_channel execution_start=232171995 execution_end=232173402 execution_duration_ms=1406
[2026-01-30 19:55:31.217] [info] [spider.worker] [TIMING] task_id=7cb72305-33b5-4fca-80de-8ff5c858edd2 func=job_orchestration.executor.query.spider_search_task.search_without_channel submit_output_start=232173404 submit_output_end=232173426 submit_output_duration_ms=21
[2026-01-30 19:55:31.262] [info] [spider.worker] [TIMING] task_id=20dcdef9-acae-4e43-a76b-2097eb8a68d7 func=job_orchestration.executor.query.spider_search_task.search_without_channel fetch_input_start=232173469 fetch_input_end=232173470 fetch_input_duration_ms=0
[2026-01-30 19:55:31.262] [info] [spider.worker] [TIMING] task_id=20dcdef9-acae-4e43-a76b-2097eb8a68d7 func=job_orchestration.executor.query.spider_search_task.search_without_channel input_send_start=232173471 input_send_end=232173471 input_send_duration_ms=0 bytes=626
[2026-01-30 19:55:31.262] [info] [spider.worker] [TIMING] task_id=20dcdef9-acae-4e43-a76b-2097eb8a68d7 func=job_orchestration.executor.query.spider_search_task.search_without_channel spawn_start=232173470 spawn_end=232173471 spawn_duration_ms=0
[2026-01-30 19:55:32.490] [info] [spider.worker] [TIMING] task_id=20dcdef9-acae-4e43-a76b-2097eb8a68d7 func=job_orchestration.executor.query.spider_search_task.search_without_channel execution_start=232173471 execution_end=232174699 execution_duration_ms=1227
[2026-01-30 19:55:32.530] [info] [spider.worker] [TIMING] task_id=20dcdef9-acae-4e43-a76b-2097eb8a68d7 func=job_orchestration.executor.query.spider_search_task.search_without_channel submit_output_start=232174700 submit_output_end=232174738 submit_output_duration_ms=38
[2026-01-30 19:55:32.554] [info] [spider.worker] [TIMING] task_id=8138e143-eb90-43ca-9e81-b7764271c8f3 func=job_orchestration.executor.query.spider_search_task.search_without_channel fetch_input_start=232174761 fetch_input_end=232174762 fetch_input_duration_ms=1
[2026-01-30 19:55:32.554] [info] [spider.worker] [TIMING] task_id=8138e143-eb90-43ca-9e81-b7764271c8f3 func=job_orchestration.executor.query.spider_search_task.search_without_channel input_send_start=232174763 input_send_end=232174763 input_send_duration_ms=0 bytes=626
[2026-01-30 19:55:32.554] [info] [spider.worker] [TIMING] task_id=8138e143-eb90-43ca-9e81-b7764271c8f3 func=job_orchestration.executor.query.spider_search_task.search_without_channel spawn_start=232174762 spawn_end=232174763 spawn_duration_ms=0
[2026-01-30 19:55:33.849] [info] [spider.worker] [TIMING] task_id=8138e143-eb90-43ca-9e81-b7764271c8f3 func=job_orchestration.executor.query.spider_search_task.search_without_channel execution_start=232174763 execution_end=232176058 execution_duration_ms=1294
[2026-01-30 19:55:33.868] [info] [spider.worker] [TIMING] task_id=8138e143-eb90-43ca-9e81-b7764271c8f3 func=job_orchestration.executor.query.spider_search_task.search_without_channel submit_output_start=232176060 submit_output_end=232176076 submit_output_duration_ms=16
[2026-01-30 19:55:33.905] [info] [spider.worker] [TIMING] task_id=8d037651-c9a9-4735-8099-ad8c1a413e10 func=job_orchestration.executor.query.spider_search_task.search_without_channel fetch_input_start=232176112 fetch_input_end=232176113 fetch_input_duration_ms=1
[2026-01-30 19:55:33.905] [info] [spider.worker] [TIMING] task_id=8d037651-c9a9-4735-8099-ad8c1a413e10 func=job_orchestration.executor.query.spider_search_task.search_without_channel input_send_start=232176114 input_send_end=232176114 input_send_duration_ms=0 bytes=626
[2026-01-30 19:55:33.906] [info] [spider.worker] [TIMING] task_id=8d037651-c9a9-4735-8099-ad8c1a413e10 func=job_orchestration.executor.query.spider_search_task.search_without_channel spawn_start=232176113 spawn_end=232176114 spawn_duration_ms=0
[2026-01-30 19:55:35.170] [info] [spider.worker] [TIMING] task_id=8d037651-c9a9-4735-8099-ad8c1a413e10 func=job_orchestration.executor.query.spider_search_task.search_without_channel execution_start=232176114 execution_end=232177379 execution_duration_ms=1264
[2026-01-30 19:55:35.203] [info] [spider.worker] [TIMING] task_id=8d037651-c9a9-4735-8099-ad8c1a413e10 func=job_orchestration.executor.query.spider_search_task.search_without_channel submit_output_start=232177381 submit_output_end=232177411 submit_output_duration_ms=30
[2026-01-30 19:55:35.229] [info] [spider.worker] [TIMING] task_id=718d475a-25d5-4284-867e-fe81f64e9152 func=job_orchestration.executor.query.spider_search_task.search_without_channel fetch_input_start=232177437 fetch_input_end=232177438 fetch_input_duration_ms=1
[2026-01-30 19:55:35.230] [info] [spider.worker] [TIMING] task_id=718d475a-25d5-4284-867e-fe81f64e9152 func=job_orchestration.executor.query.spider_search_task.search_without_channel input_send_start=232177438 input_send_end=232177438 input_send_duration_ms=0 bytes=626
[2026-01-30 19:55:35.230] [info] [spider.worker] [TIMING] task_id=718d475a-25d5-4284-867e-fe81f64e9152 func=job_orchestration.executor.query.spider_search_task.search_without_channel spawn_start=232177438 spawn_end=232177438 spawn_duration_ms=0
[2026-01-30 19:55:36.513] [info] [spider.worker] [TIMING] task_id=718d475a-25d5-4284-867e-fe81f64e9152 func=job_orchestration.executor.query.spider_search_task.search_without_channel execution_start=232177439 execution_end=232178722 execution_duration_ms=1283
[2026-01-30 19:55:36.535] [info] [spider.worker] [TIMING] task_id=718d475a-25d5-4284-867e-fe81f64e9152 func=job_orchestration.executor.query.spider_search_task.search_without_channel submit_output_start=232178724 submit_output_end=232178744 submit_output_duration_ms=19
[2026-01-30 19:55:36.555] [info] [spider.worker] [TIMING] task_id=c6ea7764-f10e-4a94-a492-4cecc6d2fd9d func=job_orchestration.executor.query.spider_search_task.search_without_channel fetch_input_start=232178762 fetch_input_end=232178763 fetch_input_duration_ms=1
[2026-01-30 19:55:36.555] [info] [spider.worker] [TIMING] task_id=c6ea7764-f10e-4a94-a492-4cecc6d2fd9d func=job_orchestration.executor.query.spider_search_task.search_without_channel input_send_start=232178764 input_send_end=232178764 input_send_duration_ms=0 bytes=626
[2026-01-30 19:55:36.555] [info] [spider.worker] [TIMING] task_id=c6ea7764-f10e-4a94-a492-4cecc6d2fd9d func=job_orchestration.executor.query.spider_search_task.search_without_channel spawn_start=232178763 spawn_end=232178764 spawn_duration_ms=0
[2026-01-30 19:55:37.859] [info] [spider.worker] [TIMING] task_id=c6ea7764-f10e-4a94-a492-4cecc6d2fd9d func=job_orchestration.executor.query.spider_search_task.search_without_channel execution_start=232178764 execution_end=232180068 execution_duration_ms=1303
[2026-01-30 19:55:37.984] [info] [spider.worker] [TIMING] task_id=c6ea7764-f10e-4a94-a492-4cecc6d2fd9d func=job_orchestration.executor.query.spider_search_task.search_without_channel submit_output_start=232180076 submit_output_end=232180193 submit_output_duration_ms=116
[2026-01-30 19:55:38.021] [info] [spider.worker] [TIMING] task_id=652158fd-c16b-41cf-8ab6-62b803135644 func=job_orchestration.executor.query.spider_search_task.search_without_channel fetch_input_start=232180228 fetch_input_end=232180229 fetch_input_duration_ms=0
[2026-01-30 19:55:38.021] [info] [spider.worker] [TIMING] task_id=652158fd-c16b-41cf-8ab6-62b803135644 func=job_orchestration.executor.query.spider_search_task.search_without_channel input_send_start=232180230 input_send_end=232180230 input_send_duration_ms=0 bytes=626
[2026-01-30 19:55:38.021] [info] [spider.worker] [TIMING] task_id=652158fd-c16b-41cf-8ab6-62b803135644 func=job_orchestration.executor.query.spider_search_task.search_without_channel spawn_start=232180229 spawn_end=232180230 spawn_duration_ms=0
[2026-01-30 19:55:39.189] [info] [spider.worker] [TIMING] task_id=652158fd-c16b-41cf-8ab6-62b803135644 func=job_orchestration.executor.query.spider_search_task.search_without_channel execution_start=232180230 execution_end=232181397 execution_duration_ms=1167
[2026-01-30 19:55:39.220] [info] [spider.worker] [TIMING] task_id=652158fd-c16b-41cf-8ab6-62b803135644 func=job_orchestration.executor.query.spider_search_task.search_without_channel submit_output_start=232181399 submit_output_end=232181429 submit_output_duration_ms=29
[2026-01-30 19:55:39.272] [info] [spider.worker] [TIMING] task_id=40e2c570-993c-45e1-8bb7-73d373ca8900 func=job_orchestration.executor.query.spider_search_task.search_without_channel fetch_input_start=232181479 fetch_input_end=232181480 fetch_input_duration_ms=1
[2026-01-30 19:55:39.272] [info] [spider.worker] [TIMING] task_id=40e2c570-993c-45e1-8bb7-73d373ca8900 func=job_orchestration.executor.query.spider_search_task.search_without_channel input_send_start=232181481 input_send_end=232181481 input_send_duration_ms=0 bytes=626
[2026-01-30 19:55:39.272] [info] [spider.worker] [TIMING] task_id=40e2c570-993c-45e1-8bb7-73d373ca8900 func=job_orchestration.executor.query.spider_search_task.search_without_channel spawn_start=232181480 spawn_end=232181481 spawn_duration_ms=0
[2026-01-30 19:55:40.605] [info] [spider.worker] [TIMING] task_id=40e2c570-993c-45e1-8bb7-73d373ca8900 func=job_orchestration.executor.query.spider_search_task.search_without_channel execution_start=232181481 execution_end=232182813 execution_duration_ms=1332
[2026-01-30 19:55:40.619] [info] [spider.worker] [TIMING] task_id=40e2c570-993c-45e1-8bb7-73d373ca8900 func=job_orchestration.executor.query.spider_search_task.search_without_channel submit_output_start=232182815 submit_output_end=232182828 submit_output_duration_ms=12
[2026-01-30 19:55:40.639] [info] [spider.worker] [TIMING] task_id=ba7e91d5-f93c-4243-93c1-c6430e0b412f func=job_orchestration.executor.query.spider_search_task.search_without_channel fetch_input_start=232182846 fetch_input_end=232182847 fetch_input_duration_ms=1
[2026-01-30 19:55:40.640] [info] [spider.worker] [TIMING] task_id=ba7e91d5-f93c-4243-93c1-c6430e0b412f func=job_orchestration.executor.query.spider_search_task.search_without_channel input_send_start=232182848 input_send_end=232182848 input_send_duration_ms=0 bytes=626
[2026-01-30 19:55:40.640] [info] [spider.worker] [TIMING] task_id=ba7e91d5-f93c-4243-93c1-c6430e0b412f func=job_orchestration.executor.query.spider_search_task.search_without_channel spawn_start=232182848 spawn_end=232182848 spawn_duration_ms=0
[2026-01-30 19:55:41.827] [info] [spider.worker] [TIMING] task_id=ba7e91d5-f93c-4243-93c1-c6430e0b412f func=job_orchestration.executor.query.spider_search_task.search_without_channel execution_start=232182848 execution_end=232184035 execution_duration_ms=1187
[2026-01-30 19:55:41.844] [info] [spider.worker] [TIMING] task_id=ba7e91d5-f93c-4243-93c1-c6430e0b412f func=job_orchestration.executor.query.spider_search_task.search_without_channel submit_output_start=232184037 submit_output_end=232184053 submit_output_duration_ms=16
[2026-01-30 19:55:41.897] [info] [spider.worker] [TIMING] task_id=7c47bc6f-601b-4dab-9a7a-1194fb3ee3b7 func=job_orchestration.executor.query.spider_search_task.search_without_channel fetch_input_start=232184104 fetch_input_end=232184105 fetch_input_duration_ms=0
[2026-01-30 19:55:41.897] [info] [spider.worker] [TIMING] task_id=7c47bc6f-601b-4dab-9a7a-1194fb3ee3b7 func=job_orchestration.executor.query.spider_search_task.search_without_channel input_send_start=232184106 input_send_end=232184106 input_send_duration_ms=0 bytes=626
[2026-01-30 19:55:41.897] [info] [spider.worker] [TIMING] task_id=7c47bc6f-601b-4dab-9a7a-1194fb3ee3b7 func=job_orchestration.executor.query.spider_search_task.search_without_channel spawn_start=232184105 spawn_end=232184106 spawn_duration_ms=0
[2026-01-30 19:55:43.037] [info] [spider.worker] [TIMING] task_id=7c47bc6f-601b-4dab-9a7a-1194fb3ee3b7 func=job_orchestration.executor.query.spider_search_task.search_without_channel execution_start=232184106 execution_end=232185245 execution_duration_ms=1139
[2026-01-30 19:55:43.080] [info] [spider.worker] [TIMING] task_id=7c47bc6f-601b-4dab-9a7a-1194fb3ee3b7 func=job_orchestration.executor.query.spider_search_task.search_without_channel submit_output_start=232185247 submit_output_end=232185288 submit_output_duration_ms=41
[2026-01-30 19:55:43.105] [info] [spider.worker] [TIMING] task_id=ded84ff8-d1f4-4437-bd86-58f7df0ab946 func=job_orchestration.executor.query.spider_search_task.search_without_channel fetch_input_start=232185313 fetch_input_end=232185314 fetch_input_duration_ms=0
[2026-01-30 19:55:43.106] [info] [spider.worker] [TIMING] task_id=ded84ff8-d1f4-4437-bd86-58f7df0ab946 func=job_orchestration.executor.query.spider_search_task.search_without_channel input_send_start=232185314 input_send_end=232185314 input_send_duration_ms=0 bytes=626
[2026-01-30 19:55:43.106] [info] [spider.worker] [TIMING] task_id=ded84ff8-d1f4-4437-bd86-58f7df0ab946 func=job_orchestration.executor.query.spider_search_task.search_without_channel spawn_start=232185314 spawn_end=232185314 spawn_duration_ms=0
[2026-01-30 19:55:44.545] [info] [spider.worker] [TIMING] task_id=ded84ff8-d1f4-4437-bd86-58f7df0ab946 func=job_orchestration.executor.query.spider_search_task.search_without_channel execution_start=232185315 execution_end=232186754 execution_duration_ms=1438
[2026-01-30 19:55:44.562] [info] [spider.worker] [TIMING] task_id=ded84ff8-d1f4-4437-bd86-58f7df0ab946 func=job_orchestration.executor.query.spider_search_task.search_without_channel submit_output_start=232186755 submit_output_end=232186770 submit_output_duration_ms=14
[2026-01-30 19:55:44.572] [info] [spider.worker] [TIMING] task_id=98460a5a-d822-4c22-b68d-2ca07fb451a3 func=job_orchestration.executor.query.spider_search_task.search_without_channel fetch_input_start=232186780 fetch_input_end=232186781 fetch_input_duration_ms=0
[2026-01-30 19:55:44.573] [info] [spider.worker] [TIMING] task_id=98460a5a-d822-4c22-b68d-2ca07fb451a3 func=job_orchestration.executor.query.spider_search_task.search_without_channel input_send_start=232186781 input_send_end=232186781 input_send_duration_ms=0 bytes=626
[2026-01-30 19:55:44.573] [info] [spider.worker] [TIMING] task_id=98460a5a-d822-4c22-b68d-2ca07fb451a3 func=job_orchestration.executor.query.spider_search_task.search_without_channel spawn_start=232186781 spawn_end=232186781 spawn_duration_ms=0
[2026-01-30 19:55:45.780] [info] [spider.worker] [TIMING] task_id=98460a5a-d822-4c22-b68d-2ca07fb451a3 func=job_orchestration.executor.query.spider_search_task.search_without_channel execution_start=232186782 execution_end=232187989 execution_duration_ms=1207
[2026-01-30 19:55:45.795] [info] [spider.worker] [TIMING] task_id=98460a5a-d822-4c22-b68d-2ca07fb451a3 func=job_orchestration.executor.query.spider_search_task.search_without_channel submit_output_start=232187990 submit_output_end=232188004 submit_output_duration_ms=13
[2026-01-30 19:55:45.857] [info] [spider.worker] [TIMING] task_id=c88b08a8-4a08-4db0-8c89-47c0bc197263 func=job_orchestration.executor.query.spider_search_task.search_without_channel fetch_input_start=232188064 fetch_input_end=232188065 fetch_input_duration_ms=1
[2026-01-30 19:55:45.857] [info] [spider.worker] [TIMING] task_id=c88b08a8-4a08-4db0-8c89-47c0bc197263 func=job_orchestration.executor.query.spider_search_task.search_without_channel input_send_start=232188065 input_send_end=232188065 input_send_duration_ms=0 bytes=626
[2026-01-30 19:55:45.857] [info] [spider.worker] [TIMING] task_id=c88b08a8-4a08-4db0-8c89-47c0bc197263 func=job_orchestration.executor.query.spider_search_task.search_without_channel spawn_start=232188065 spawn_end=232188066 spawn_duration_ms=0
[2026-01-30 19:55:47.146] [info] [spider.worker] [TIMING] task_id=c88b08a8-4a08-4db0-8c89-47c0bc197263 func=job_orchestration.executor.query.spider_search_task.search_without_channel execution_start=232188066 execution_end=232189354 execution_duration_ms=1288
[2026-01-30 19:55:47.154] [info] [spider.worker] [TIMING] task_id=c88b08a8-4a08-4db0-8c89-47c0bc197263 func=job_orchestration.executor.query.spider_search_task.search_without_channel submit_output_start=232189356 submit_output_end=232189362 submit_output_duration_ms=6
[2026-01-30 19:55:47.175] [info] [spider.worker] [TIMING] task_id=dbf5bcef-f7fb-47ae-ae73-0a071ee2097e func=job_orchestration.executor.query.spider_search_task.search_without_channel fetch_input_start=232189381 fetch_input_end=232189383 fetch_input_duration_ms=1
[2026-01-30 19:55:47.175] [info] [spider.worker] [TIMING] task_id=dbf5bcef-f7fb-47ae-ae73-0a071ee2097e func=job_orchestration.executor.query.spider_search_task.search_without_channel input_send_start=232189384 input_send_end=232189384 input_send_duration_ms=0 bytes=626
[2026-01-30 19:55:47.175] [info] [spider.worker] [TIMING] task_id=dbf5bcef-f7fb-47ae-ae73-0a071ee2097e func=job_orchestration.executor.query.spider_search_task.search_without_channel spawn_start=232189383 spawn_end=232189384 spawn_duration_ms=0
[2026-01-30 19:55:48.350] [info] [spider.worker] [TIMING] task_id=dbf5bcef-f7fb-47ae-ae73-0a071ee2097e func=job_orchestration.executor.query.spider_search_task.search_without_channel execution_start=232189384 execution_end=232190558 execution_duration_ms=1174
[2026-01-30 19:55:48.385] [info] [spider.worker] [TIMING] task_id=dbf5bcef-f7fb-47ae-ae73-0a071ee2097e func=job_orchestration.executor.query.spider_search_task.search_without_channel submit_output_start=232190560 submit_output_end=232190593 submit_output_duration_ms=32
[2026-01-30 19:55:48.407] [info] [spider.worker] [TIMING] task_id=096338e8-9bc5-406a-96a9-92030f26d283 func=job_orchestration.executor.query.spider_search_task.search_without_channel fetch_input_start=232190614 fetch_input_end=232190615 fetch_input_duration_ms=1
[2026-01-30 19:55:48.407] [info] [spider.worker] [TIMING] task_id=096338e8-9bc5-406a-96a9-92030f26d283 func=job_orchestration.executor.query.spider_search_task.search_without_channel input_send_start=232190616 input_send_end=232190616 input_send_duration_ms=0 bytes=626
[2026-01-30 19:55:48.407] [info] [spider.worker] [TIMING] task_id=096338e8-9bc5-406a-96a9-92030f26d283 func=job_orchestration.executor.query.spider_search_task.search_without_channel spawn_start=232190615 spawn_end=232190616 spawn_duration_ms=0
[2026-01-30 19:55:49.695] [info] [spider.worker] [TIMING] task_id=096338e8-9bc5-406a-96a9-92030f26d283 func=job_orchestration.executor.query.spider_search_task.search_without_channel execution_start=232190616 execution_end=232191903 execution_duration_ms=1286
[2026-01-30 19:55:49.713] [info] [spider.worker] [TIMING] task_id=096338e8-9bc5-406a-96a9-92030f26d283 func=job_orchestration.executor.query.spider_search_task.search_without_channel submit_output_start=232191904 submit_output_end=232191921 submit_output_duration_ms=16
[2026-01-30 19:55:49.749] [info] [spider.worker] [TIMING] task_id=07b63eec-514d-4779-a9de-e6f446f2a7f3 func=job_orchestration.executor.query.spider_search_task.search_without_channel fetch_input_start=232191956 fetch_input_end=232191957 fetch_input_duration_ms=0
[2026-01-30 19:55:49.749] [info] [spider.worker] [TIMING] task_id=07b63eec-514d-4779-a9de-e6f446f2a7f3 func=job_orchestration.executor.query.spider_search_task.search_without_channel input_send_start=232191958 input_send_end=232191958 input_send_duration_ms=0 bytes=626
[2026-01-30 19:55:49.749] [info] [spider.worker] [TIMING] task_id=07b63eec-514d-4779-a9de-e6f446f2a7f3 func=job_orchestration.executor.query.spider_search_task.search_without_channel spawn_start=232191957 spawn_end=232191958 spawn_duration_ms=0
[2026-01-30 19:55:51.090] [info] [spider.worker] [TIMING] task_id=07b63eec-514d-4779-a9de-e6f446f2a7f3 func=job_orchestration.executor.query.spider_search_task.search_without_channel execution_start=232191958 execution_end=232193299 execution_duration_ms=1340
[2026-01-30 19:55:51.171] [info] [spider.worker] [TIMING] task_id=07b63eec-514d-4779-a9de-e6f446f2a7f3 func=job_orchestration.executor.query.spider_search_task.search_without_channel submit_output_start=232193300 submit_output_end=232193380 submit_output_duration_ms=79
[2026-01-30 19:55:51.216] [info] [spider.worker] [TIMING] task_id=72e37b79-a1eb-48d8-bd2e-8521ec3813d5 func=job_orchestration.executor.query.spider_search_task.search_without_channel fetch_input_start=232193423 fetch_input_end=232193425 fetch_input_duration_ms=1
[2026-01-30 19:55:51.217] [info] [spider.worker] [TIMING] task_id=72e37b79-a1eb-48d8-bd2e-8521ec3813d5 func=job_orchestration.executor.query.spider_search_task.search_without_channel input_send_start=232193425 input_send_end=232193425 input_send_duration_ms=0 bytes=626
[2026-01-30 19:55:51.217] [info] [spider.worker] [TIMING] task_id=72e37b79-a1eb-48d8-bd2e-8521ec3813d5 func=job_orchestration.executor.query.spider_search_task.search_without_channel spawn_start=232193425 spawn_end=232193425 spawn_duration_ms=0
[2026-01-30 19:55:52.409] [info] [spider.worker] [TIMING] task_id=72e37b79-a1eb-48d8-bd2e-8521ec3813d5 func=job_orchestration.executor.query.spider_search_task.search_without_channel execution_start=232193426 execution_end=232194617 execution_duration_ms=1191
[2026-01-30 19:55:52.443] [info] [spider.worker] [TIMING] task_id=72e37b79-a1eb-48d8-bd2e-8521ec3813d5 func=job_orchestration.executor.query.spider_search_task.search_without_channel submit_output_start=232194619 submit_output_end=232194652 submit_output_duration_ms=32
[2026-01-30 19:55:52.491] [info] [spider.worker] [TIMING] task_id=df8535af-f096-4748-9dfe-07d95087c84a func=job_orchestration.executor.query.spider_search_task.search_without_channel fetch_input_start=232194698 fetch_input_end=232194699 fetch_input_duration_ms=0
[2026-01-30 19:55:52.491] [info] [spider.worker] [TIMING] task_id=df8535af-f096-4748-9dfe-07d95087c84a func=job_orchestration.executor.query.spider_search_task.search_without_channel input_send_start=232194699 input_send_end=232194699 input_send_duration_ms=0 bytes=626
[2026-01-30 19:55:52.491] [info] [spider.worker] [TIMING] task_id=df8535af-f096-4748-9dfe-07d95087c84a func=job_orchestration.executor.query.spider_search_task.search_without_channel spawn_start=232194699 spawn_end=232194699 spawn_duration_ms=0
[2026-01-30 19:55:53.767] [info] [spider.worker] [TIMING] task_id=df8535af-f096-4748-9dfe-07d95087c84a func=job_orchestration.executor.query.spider_search_task.search_without_channel execution_start=232194700 execution_end=232195975 execution_duration_ms=1275
[2026-01-30 19:55:53.805] [info] [spider.worker] [TIMING] task_id=df8535af-f096-4748-9dfe-07d95087c84a func=job_orchestration.executor.query.spider_search_task.search_without_channel submit_output_start=232195977 submit_output_end=232196014 submit_output_duration_ms=36
[2026-01-30 19:55:53.842] [info] [spider.worker] [TIMING] task_id=c218d21d-e65e-4bac-96dd-ac3a8c3601d6 func=job_orchestration.executor.query.spider_search_task.search_without_channel fetch_input_start=232196049 fetch_input_end=232196050 fetch_input_duration_ms=0
[2026-01-30 19:55:53.842] [info] [spider.worker] [TIMING] task_id=c218d21d-e65e-4bac-96dd-ac3a8c3601d6 func=job_orchestration.executor.query.spider_search_task.search_without_channel input_send_start=232196051 input_send_end=232196051 input_send_duration_ms=0 bytes=626
[2026-01-30 19:55:53.842] [info] [spider.worker] [TIMING] task_id=c218d21d-e65e-4bac-96dd-ac3a8c3601d6 func=job_orchestration.executor.query.spider_search_task.search_without_channel spawn_start=232196050 spawn_end=232196051 spawn_duration_ms=0
[2026-01-30 19:55:55.022] [info] [spider.worker] [TIMING] task_id=c218d21d-e65e-4bac-96dd-ac3a8c3601d6 func=job_orchestration.executor.query.spider_search_task.search_without_channel execution_start=232196051 execution_end=232197231 execution_duration_ms=1179
[2026-01-30 19:55:55.058] [info] [spider.worker] [TIMING] task_id=c218d21d-e65e-4bac-96dd-ac3a8c3601d6 func=job_orchestration.executor.query.spider_search_task.search_without_channel submit_output_start=232197232 submit_output_end=232197266 submit_output_duration_ms=33
[2026-01-30 19:55:55.102] [info] [spider.worker] [TIMING] task_id=328e7a37-33ed-445d-aa46-6666ba65d6a5 func=job_orchestration.executor.query.spider_search_task.search_without_channel fetch_input_start=232197310 fetch_input_end=232197311 fetch_input_duration_ms=0
[2026-01-30 19:55:55.103] [info] [spider.worker] [TIMING] task_id=328e7a37-33ed-445d-aa46-6666ba65d6a5 func=job_orchestration.executor.query.spider_search_task.search_without_channel input_send_start=232197311 input_send_end=232197311 input_send_duration_ms=0 bytes=626
[2026-01-30 19:55:55.103] [info] [spider.worker] [TIMING] task_id=328e7a37-33ed-445d-aa46-6666ba65d6a5 func=job_orchestration.executor.query.spider_search_task.search_without_channel spawn_start=232197311 spawn_end=232197311 spawn_duration_ms=0
[2026-01-30 19:55:56.319] [info] [spider.worker] [TIMING] task_id=328e7a37-33ed-445d-aa46-6666ba65d6a5 func=job_orchestration.executor.query.spider_search_task.search_without_channel execution_start=232197312 execution_end=232198527 execution_duration_ms=1215
[2026-01-30 19:55:56.348] [info] [spider.worker] [TIMING] task_id=328e7a37-33ed-445d-aa46-6666ba65d6a5 func=job_orchestration.executor.query.spider_search_task.search_without_channel submit_output_start=232198529 submit_output_end=232198557 submit_output_duration_ms=28
[2026-01-30 19:55:56.392] [info] [spider.worker] [TIMING] task_id=09348cee-56dc-4a06-9b15-a5c307bcb4cc func=job_orchestration.executor.query.spider_search_task.search_without_channel fetch_input_start=232198600 fetch_input_end=232198600 fetch_input_duration_ms=0
[2026-01-30 19:55:56.393] [info] [spider.worker] [TIMING] task_id=09348cee-56dc-4a06-9b15-a5c307bcb4cc func=job_orchestration.executor.query.spider_search_task.search_without_channel input_send_start=232198601 input_send_end=232198601 input_send_duration_ms=0 bytes=626
[2026-01-30 19:55:56.393] [info] [spider.worker] [TIMING] task_id=09348cee-56dc-4a06-9b15-a5c307bcb4cc func=job_orchestration.executor.query.spider_search_task.search_without_channel spawn_start=232198601 spawn_end=232198601 spawn_duration_ms=0
[2026-01-30 19:55:57.493] [info] [spider.worker] [TIMING] task_id=09348cee-56dc-4a06-9b15-a5c307bcb4cc func=job_orchestration.executor.query.spider_search_task.search_without_channel execution_start=232198601 execution_end=232199701 execution_duration_ms=1099
[2026-01-30 19:55:57.507] [info] [spider.worker] [TIMING] task_id=09348cee-56dc-4a06-9b15-a5c307bcb4cc func=job_orchestration.executor.query.spider_search_task.search_without_channel submit_output_start=232199703 submit_output_end=232199715 submit_output_duration_ms=12
[2026-01-30 19:55:57.541] [info] [spider.worker] [TIMING] task_id=04508dd8-aabb-424f-8e57-a38ecf023367 func=job_orchestration.executor.query.spider_search_task.search_without_channel fetch_input_start=232199748 fetch_input_end=232199749 fetch_input_duration_ms=0
[2026-01-30 19:55:57.541] [info] [spider.worker] [TIMING] task_id=04508dd8-aabb-424f-8e57-a38ecf023367 func=job_orchestration.executor.query.spider_search_task.search_without_channel input_send_start=232199750 input_send_end=232199750 input_send_duration_ms=0 bytes=626
[2026-01-30 19:55:57.541] [info] [spider.worker] [TIMING] task_id=04508dd8-aabb-424f-8e57-a38ecf023367 func=job_orchestration.executor.query.spider_search_task.search_without_channel spawn_start=232199749 spawn_end=232199750 spawn_duration_ms=0
[2026-01-30 19:55:58.797] [info] [spider.worker] [TIMING] task_id=04508dd8-aabb-424f-8e57-a38ecf023367 func=job_orchestration.executor.query.spider_search_task.search_without_channel execution_start=232199750 execution_end=232201006 execution_duration_ms=1255
[2026-01-30 19:55:58.815] [info] [spider.worker] [TIMING] task_id=04508dd8-aabb-424f-8e57-a38ecf023367 func=job_orchestration.executor.query.spider_search_task.search_without_channel submit_output_start=232201009 submit_output_end=232201024 submit_output_duration_ms=15
[2026-01-30 19:55:58.860] [info] [spider.worker] [TIMING] task_id=770eac97-f977-4c4f-8f0d-654093eee89d func=job_orchestration.executor.query.spider_search_task.search_without_channel fetch_input_start=232201068 fetch_input_end=232201069 fetch_input_duration_ms=1
[2026-01-30 19:55:58.861] [info] [spider.worker] [TIMING] task_id=770eac97-f977-4c4f-8f0d-654093eee89d func=job_orchestration.executor.query.spider_search_task.search_without_channel input_send_start=232201069 input_send_end=232201069 input_send_duration_ms=0 bytes=626
[2026-01-30 19:55:58.861] [info] [spider.worker] [TIMING] task_id=770eac97-f977-4c4f-8f0d-654093eee89d func=job_orchestration.executor.query.spider_search_task.search_without_channel spawn_start=232201069 spawn_end=232201069 spawn_duration_ms=0
[2026-01-30 19:56:00.265] [info] [spider.worker] [TIMING] task_id=770eac97-f977-4c4f-8f0d-654093eee89d func=job_orchestration.executor.query.spider_search_task.search_without_channel execution_start=232201070 execution_end=232202473 execution_duration_ms=1403
[2026-01-30 19:56:00.312] [info] [spider.worker] [TIMING] task_id=770eac97-f977-4c4f-8f0d-654093eee89d func=job_orchestration.executor.query.spider_search_task.search_without_channel submit_output_start=232202479 submit_output_end=232202520 submit_output_duration_ms=41
[2026-01-30 19:56:00.335] [info] [spider.worker] [TIMING] task_id=d42f27d7-12b7-4643-baf4-2f79c48c345a func=job_orchestration.executor.query.spider_search_task.search_without_channel fetch_input_start=232202542 fetch_input_end=232202544 fetch_input_duration_ms=1
[2026-01-30 19:56:00.336] [info] [spider.worker] [TIMING] task_id=d42f27d7-12b7-4643-baf4-2f79c48c345a func=job_orchestration.executor.query.spider_search_task.search_without_channel input_send_start=232202544 input_send_end=232202544 input_send_duration_ms=0 bytes=626
[2026-01-30 19:56:00.336] [info] [spider.worker] [TIMING] task_id=d42f27d7-12b7-4643-baf4-2f79c48c345a func=job_orchestration.executor.query.spider_search_task.search_without_channel spawn_start=232202544 spawn_end=232202544 spawn_duration_ms=0
[2026-01-30 19:56:01.625] [info] [spider.worker] [TIMING] task_id=d42f27d7-12b7-4643-baf4-2f79c48c345a func=job_orchestration.executor.query.spider_search_task.search_without_channel execution_start=232202544 execution_end=232203833 execution_duration_ms=1288
[2026-01-30 19:56:01.656] [info] [spider.worker] [TIMING] task_id=d42f27d7-12b7-4643-baf4-2f79c48c345a func=job_orchestration.executor.query.spider_search_task.search_without_channel submit_output_start=232203834 submit_output_end=232203865 submit_output_duration_ms=30
[2026-01-30 19:56:01.677] [info] [spider.worker] [TIMING] task_id=77ca5bda-cc43-4a77-b478-f3cb3e35ab87 func=job_orchestration.executor.query.spider_search_task.search_without_channel fetch_input_start=232203885 fetch_input_end=232203886 fetch_input_duration_ms=1
[2026-01-30 19:56:01.678] [info] [spider.worker] [TIMING] task_id=77ca5bda-cc43-4a77-b478-f3cb3e35ab87 func=job_orchestration.executor.query.spider_search_task.search_without_channel input_send_start=232203886 input_send_end=232203886 input_send_duration_ms=0 bytes=626
[2026-01-30 19:56:01.678] [info] [spider.worker] [TIMING] task_id=77ca5bda-cc43-4a77-b478-f3cb3e35ab87 func=job_orchestration.executor.query.spider_search_task.search_without_channel spawn_start=232203886 spawn_end=232203886 spawn_duration_ms=0
[2026-01-30 19:56:02.822] [info] [spider.worker] [TIMING] task_id=77ca5bda-cc43-4a77-b478-f3cb3e35ab87 func=job_orchestration.executor.query.spider_search_task.search_without_channel execution_start=232203886 execution_end=232205030 execution_duration_ms=1143
[2026-01-30 19:56:02.858] [info] [spider.worker] [TIMING] task_id=77ca5bda-cc43-4a77-b478-f3cb3e35ab87 func=job_orchestration.executor.query.spider_search_task.search_without_channel submit_output_start=232205032 submit_output_end=232205066 submit_output_duration_ms=34
[2026-01-30 19:56:02.877] [info] [spider.worker] [TIMING] task_id=f9e074d7-8686-4c6f-99bf-dd1c0424e53a func=job_orchestration.executor.query.spider_search_task.search_without_channel fetch_input_start=232205085 fetch_input_end=232205086 fetch_input_duration_ms=0
[2026-01-30 19:56:02.878] [info] [spider.worker] [TIMING] task_id=f9e074d7-8686-4c6f-99bf-dd1c0424e53a func=job_orchestration.executor.query.spider_search_task.search_without_channel input_send_start=232205086 input_send_end=232205086 input_send_duration_ms=0 bytes=626
[2026-01-30 19:56:02.878] [info] [spider.worker] [TIMING] task_id=f9e074d7-8686-4c6f-99bf-dd1c0424e53a func=job_orchestration.executor.query.spider_search_task.search_without_channel spawn_start=232205086 spawn_end=232205086 spawn_duration_ms=0
[2026-01-30 19:56:04.179] [info] [spider.worker] [TIMING] task_id=f9e074d7-8686-4c6f-99bf-dd1c0424e53a func=job_orchestration.executor.query.spider_search_task.search_without_channel execution_start=232205087 execution_end=232206387 execution_duration_ms=1300
[2026-01-30 19:56:04.200] [info] [spider.worker] [TIMING] task_id=f9e074d7-8686-4c6f-99bf-dd1c0424e53a func=job_orchestration.executor.query.spider_search_task.search_without_channel submit_output_start=232206389 submit_output_end=232206409 submit_output_duration_ms=19
[2026-01-30 19:56:04.219] [info] [spider.worker] [TIMING] task_id=98d680f1-bf1e-4424-8db6-e5b7a4dc0a39 func=job_orchestration.executor.query.spider_search_task.search_without_channel fetch_input_start=232206427 fetch_input_end=232206427 fetch_input_duration_ms=0
[2026-01-30 19:56:04.219] [info] [spider.worker] [TIMING] task_id=98d680f1-bf1e-4424-8db6-e5b7a4dc0a39 func=job_orchestration.executor.query.spider_search_task.search_without_channel input_send_start=232206428 input_send_end=232206428 input_send_duration_ms=0 bytes=626
[2026-01-30 19:56:04.220] [info] [spider.worker] [TIMING] task_id=98d680f1-bf1e-4424-8db6-e5b7a4dc0a39 func=job_orchestration.executor.query.spider_search_task.search_without_channel spawn_start=232206427 spawn_end=232206428 spawn_duration_ms=0
[2026-01-30 19:56:05.432] [info] [spider.worker] [TIMING] task_id=98d680f1-bf1e-4424-8db6-e5b7a4dc0a39 func=job_orchestration.executor.query.spider_search_task.search_without_channel execution_start=232206428 execution_end=232207640 execution_duration_ms=1212
[2026-01-30 19:56:05.509] [info] [spider.worker] [TIMING] task_id=98d680f1-bf1e-4424-8db6-e5b7a4dc0a39 func=job_orchestration.executor.query.spider_search_task.search_without_channel submit_output_start=232207642 submit_output_end=232207717 submit_output_duration_ms=74
[2026-01-30 19:56:05.545] [info] [spider.worker] [TIMING] task_id=34e5003c-a0fd-494a-bc07-9365f6ad82e4 func=job_orchestration.executor.query.spider_search_task.search_without_channel fetch_input_start=232207752 fetch_input_end=232207753 fetch_input_duration_ms=0
[2026-01-30 19:56:05.545] [info] [spider.worker] [TIMING] task_id=34e5003c-a0fd-494a-bc07-9365f6ad82e4 func=job_orchestration.executor.query.spider_search_task.search_without_channel input_send_start=232207754 input_send_end=232207754 input_send_duration_ms=0 bytes=626
[2026-01-30 19:56:05.545] [info] [spider.worker] [TIMING] task_id=34e5003c-a0fd-494a-bc07-9365f6ad82e4 func=job_orchestration.executor.query.spider_search_task.search_without_channel spawn_start=232207753 spawn_end=232207754 spawn_duration_ms=0
[2026-01-30 19:56:06.858] [info] [spider.worker] [TIMING] task_id=34e5003c-a0fd-494a-bc07-9365f6ad82e4 func=job_orchestration.executor.query.spider_search_task.search_without_channel execution_start=232207754 execution_end=232209067 execution_duration_ms=1312
[2026-01-30 19:56:06.884] [info] [spider.worker] [TIMING] task_id=34e5003c-a0fd-494a-bc07-9365f6ad82e4 func=job_orchestration.executor.query.spider_search_task.search_without_channel submit_output_start=232209070 submit_output_end=232209093 submit_output_duration_ms=22
[2026-01-30 19:56:06.904] [info] [spider.worker] [TIMING] task_id=341e5040-e04c-4fdc-be8a-fd72d2704fa1 func=job_orchestration.executor.query.spider_search_task.search_without_channel fetch_input_start=232209111 fetch_input_end=232209112 fetch_input_duration_ms=1
[2026-01-30 19:56:06.904] [info] [spider.worker] [TIMING] task_id=341e5040-e04c-4fdc-be8a-fd72d2704fa1 func=job_orchestration.executor.query.spider_search_task.search_without_channel input_send_start=232209113 input_send_end=232209113 input_send_duration_ms=0 bytes=626
[2026-01-30 19:56:06.904] [info] [spider.worker] [TIMING] task_id=341e5040-e04c-4fdc-be8a-fd72d2704fa1 func=job_orchestration.executor.query.spider_search_task.search_without_channel spawn_start=232209112 spawn_end=232209113 spawn_duration_ms=0
[2026-01-30 19:56:08.148] [info] [spider.worker] [TIMING] task_id=341e5040-e04c-4fdc-be8a-fd72d2704fa1 func=job_orchestration.executor.query.spider_search_task.search_without_channel execution_start=232209113 execution_end=232210356 execution_duration_ms=1243
[2026-01-30 19:56:08.197] [info] [spider.worker] [TIMING] task_id=341e5040-e04c-4fdc-be8a-fd72d2704fa1 func=job_orchestration.executor.query.spider_search_task.search_without_channel submit_output_start=232210364 submit_output_end=232210405 submit_output_duration_ms=41
[2026-01-30 19:56:08.241] [info] [spider.worker] [TIMING] task_id=4c01ecac-474d-40fa-9b6f-df8dfa0d95a1 func=job_orchestration.executor.query.spider_search_task.search_without_channel fetch_input_start=232210449 fetch_input_end=232210450 fetch_input_duration_ms=0
[2026-01-30 19:56:08.242] [info] [spider.worker] [TIMING] task_id=4c01ecac-474d-40fa-9b6f-df8dfa0d95a1 func=job_orchestration.executor.query.spider_search_task.search_without_channel input_send_start=232210450 input_send_end=232210450 input_send_duration_ms=0 bytes=626
[2026-01-30 19:56:08.242] [info] [spider.worker] [TIMING] task_id=4c01ecac-474d-40fa-9b6f-df8dfa0d95a1 func=job_orchestration.executor.query.spider_search_task.search_without_channel spawn_start=232210450 spawn_end=232210450 spawn_duration_ms=0
[2026-01-30 19:56:09.481] [info] [spider.worker] [TIMING] task_id=4c01ecac-474d-40fa-9b6f-df8dfa0d95a1 func=job_orchestration.executor.query.spider_search_task.search_without_channel execution_start=232210451 execution_end=232211689 execution_duration_ms=1238
[2026-01-30 19:56:09.525] [info] [spider.worker] [TIMING] task_id=4c01ecac-474d-40fa-9b6f-df8dfa0d95a1 func=job_orchestration.executor.query.spider_search_task.search_without_channel submit_output_start=232211692 submit_output_end=232211733 submit_output_duration_ms=41
[2026-01-30 19:56:09.569] [info] [spider.worker] [TIMING] task_id=5e8576c4-d9cf-4ace-8a6f-fb5507583a69 func=job_orchestration.executor.query.spider_search_task.search_without_channel fetch_input_start=232211777 fetch_input_end=232211777 fetch_input_duration_ms=0
[2026-01-30 19:56:09.570] [info] [spider.worker] [TIMING] task_id=5e8576c4-d9cf-4ace-8a6f-fb5507583a69 func=job_orchestration.executor.query.spider_search_task.search_without_channel input_send_start=232211778 input_send_end=232211778 input_send_duration_ms=0 bytes=626
[2026-01-30 19:56:09.570] [info] [spider.worker] [TIMING] task_id=5e8576c4-d9cf-4ace-8a6f-fb5507583a69 func=job_orchestration.executor.query.spider_search_task.search_without_channel spawn_start=232211778 spawn_end=232211778 spawn_duration_ms=0
[2026-01-30 19:56:10.777] [info] [spider.worker] [TIMING] task_id=5e8576c4-d9cf-4ace-8a6f-fb5507583a69 func=job_orchestration.executor.query.spider_search_task.search_without_channel execution_start=232211778 execution_end=232212986 execution_duration_ms=1207
[2026-01-30 19:56:10.802] [info] [spider.worker] [TIMING] task_id=5e8576c4-d9cf-4ace-8a6f-fb5507583a69 func=job_orchestration.executor.query.spider_search_task.search_without_channel submit_output_start=232212994 submit_output_end=232213010 submit_output_duration_ms=16
[2026-01-30 19:56:10.838] [info] [spider.worker] [TIMING] task_id=934a94c4-07b7-48a0-a351-86e69952a8c4 func=job_orchestration.executor.query.spider_search_task.search_without_channel fetch_input_start=232213045 fetch_input_end=232213046 fetch_input_duration_ms=0
[2026-01-30 19:56:10.838] [info] [spider.worker] [TIMING] task_id=934a94c4-07b7-48a0-a351-86e69952a8c4 func=job_orchestration.executor.query.spider_search_task.search_without_channel input_send_start=232213047 input_send_end=232213047 input_send_duration_ms=0 bytes=626
[2026-01-30 19:56:10.838] [info] [spider.worker] [TIMING] task_id=934a94c4-07b7-48a0-a351-86e69952a8c4 func=job_orchestration.executor.query.spider_search_task.search_without_channel spawn_start=232213046 spawn_end=232213047 spawn_duration_ms=0
[2026-01-30 19:56:12.221] [info] [spider.worker] [TIMING] task_id=934a94c4-07b7-48a0-a351-86e69952a8c4 func=job_orchestration.executor.query.spider_search_task.search_without_channel execution_start=232213047 execution_end=232214429 execution_duration_ms=1382
[2026-01-30 19:56:12.246] [info] [spider.worker] [TIMING] task_id=934a94c4-07b7-48a0-a351-86e69952a8c4 func=job_orchestration.executor.query.spider_search_task.search_without_channel submit_output_start=232214431 submit_output_end=232214454 submit_output_duration_ms=23
[2026-01-30 19:56:12.263] [info] [spider.worker] [TIMING] task_id=f99b8edb-c23e-4b12-bf64-eecbb101180b func=job_orchestration.executor.query.spider_search_task.search_without_channel fetch_input_start=232214470 fetch_input_end=232214471 fetch_input_duration_ms=1
[2026-01-30 19:56:12.263] [info] [spider.worker] [TIMING] task_id=f99b8edb-c23e-4b12-bf64-eecbb101180b func=job_orchestration.executor.query.spider_search_task.search_without_channel input_send_start=232214472 input_send_end=232214472 input_send_duration_ms=0 bytes=626
[2026-01-30 19:56:12.263] [info] [spider.worker] [TIMING] task_id=f99b8edb-c23e-4b12-bf64-eecbb101180b func=job_orchestration.executor.query.spider_search_task.search_without_channel spawn_start=232214471 spawn_end=232214472 spawn_duration_ms=0
[2026-01-30 19:56:13.573] [info] [spider.worker] [TIMING] task_id=f99b8edb-c23e-4b12-bf64-eecbb101180b func=job_orchestration.executor.query.spider_search_task.search_without_channel execution_start=232214472 execution_end=232215781 execution_duration_ms=1309
[2026-01-30 19:56:13.609] [info] [spider.worker] [TIMING] task_id=f99b8edb-c23e-4b12-bf64-eecbb101180b func=job_orchestration.executor.query.spider_search_task.search_without_channel submit_output_start=232215783 submit_output_end=232215817 submit_output_duration_ms=33
[2026-01-30 19:56:13.630] [info] [spider.worker] [TIMING] task_id=d26abdc5-f604-4f94-8956-927eaff0592e func=job_orchestration.executor.query.spider_search_task.search_without_channel fetch_input_start=232215837 fetch_input_end=232215838 fetch_input_duration_ms=1
[2026-01-30 19:56:13.630] [info] [spider.worker] [TIMING] task_id=d26abdc5-f604-4f94-8956-927eaff0592e func=job_orchestration.executor.query.spider_search_task.search_without_channel input_send_start=232215839 input_send_end=232215839 input_send_duration_ms=0 bytes=626
[2026-01-30 19:56:13.630] [info] [spider.worker] [TIMING] task_id=d26abdc5-f604-4f94-8956-927eaff0592e func=job_orchestration.executor.query.spider_search_task.search_without_channel spawn_start=232215838 spawn_end=232215839 spawn_duration_ms=0
[2026-01-30 19:56:14.729] [info] [spider.worker] [TIMING] task_id=d26abdc5-f604-4f94-8956-927eaff0592e func=job_orchestration.executor.query.spider_search_task.search_without_channel execution_start=232215839 execution_end=232216937 execution_duration_ms=1098
[2026-01-30 19:56:14.762] [info] [spider.worker] [TIMING] task_id=d26abdc5-f604-4f94-8956-927eaff0592e func=job_orchestration.executor.query.spider_search_task.search_without_channel submit_output_start=232216939 submit_output_end=232216970 submit_output_duration_ms=31
[2026-01-30 19:56:14.789] [info] [spider.worker] [TIMING] task_id=32d418e6-1f6b-43f1-b699-dcdf1097d6aa func=job_orchestration.executor.query.spider_search_task.search_without_channel fetch_input_start=232216996 fetch_input_end=232216997 fetch_input_duration_ms=1
[2026-01-30 19:56:14.789] [info] [spider.worker] [TIMING] task_id=32d418e6-1f6b-43f1-b699-dcdf1097d6aa func=job_orchestration.executor.query.spider_search_task.search_without_channel input_send_start=232216998 input_send_end=232216998 input_send_duration_ms=0 bytes=626
[2026-01-30 19:56:14.789] [info] [spider.worker] [TIMING] task_id=32d418e6-1f6b-43f1-b699-dcdf1097d6aa func=job_orchestration.executor.query.spider_search_task.search_without_channel spawn_start=232216997 spawn_end=232216998 spawn_duration_ms=0
[2026-01-30 19:56:16.290] [info] [spider.worker] [TIMING] task_id=32d418e6-1f6b-43f1-b699-dcdf1097d6aa func=job_orchestration.executor.query.spider_search_task.search_without_channel execution_start=232216998 execution_end=232218498 execution_duration_ms=1500
[2026-01-30 19:56:16.323] [info] [spider.worker] [TIMING] task_id=32d418e6-1f6b-43f1-b699-dcdf1097d6aa func=job_orchestration.executor.query.spider_search_task.search_without_channel submit_output_start=232218500 submit_output_end=232218531 submit_output_duration_ms=31
[2026-01-30 19:56:16.348] [info] [spider.worker] [TIMING] task_id=bc1f84f5-a27e-4fde-96e0-84e001bf55cf func=job_orchestration.executor.query.spider_search_task.search_without_channel fetch_input_start=232218556 fetch_input_end=232218557 fetch_input_duration_ms=1
[2026-01-30 19:56:16.349] [info] [spider.worker] [TIMING] task_id=bc1f84f5-a27e-4fde-96e0-84e001bf55cf func=job_orchestration.executor.query.spider_search_task.search_without_channel input_send_start=232218557 input_send_end=232218557 input_send_duration_ms=0 bytes=626
[2026-01-30 19:56:16.349] [info] [spider.worker] [TIMING] task_id=bc1f84f5-a27e-4fde-96e0-84e001bf55cf func=job_orchestration.executor.query.spider_search_task.search_without_channel spawn_start=232218557 spawn_end=232218557 spawn_duration_ms=0
[2026-01-30 19:56:17.710] [info] [spider.worker] [TIMING] task_id=bc1f84f5-a27e-4fde-96e0-84e001bf55cf func=job_orchestration.executor.query.spider_search_task.search_without_channel execution_start=232218558 execution_end=232219919 execution_duration_ms=1361
[2026-01-30 19:56:17.729] [info] [spider.worker] [TIMING] task_id=bc1f84f5-a27e-4fde-96e0-84e001bf55cf func=job_orchestration.executor.query.spider_search_task.search_without_channel submit_output_start=232219920 submit_output_end=232219937 submit_output_duration_ms=17
[2026-01-30 19:56:17.748] [info] [spider.worker] [TIMING] task_id=b2402894-68ff-43d0-9246-399118f0ec8c func=job_orchestration.executor.query.spider_search_task.search_without_channel fetch_input_start=232219956 fetch_input_end=232219957 fetch_input_duration_ms=0
[2026-01-30 19:56:17.749] [info] [spider.worker] [TIMING] task_id=b2402894-68ff-43d0-9246-399118f0ec8c func=job_orchestration.executor.query.spider_search_task.search_without_channel input_send_start=232219957 input_send_end=232219957 input_send_duration_ms=0 bytes=626
[2026-01-30 19:56:17.749] [info] [spider.worker] [TIMING] task_id=b2402894-68ff-43d0-9246-399118f0ec8c func=job_orchestration.executor.query.spider_search_task.search_without_channel spawn_start=232219957 spawn_end=232219957 spawn_duration_ms=0
[2026-01-30 19:56:18.881] [info] [spider.worker] [TIMING] task_id=b2402894-68ff-43d0-9246-399118f0ec8c func=job_orchestration.executor.query.spider_search_task.search_without_channel execution_start=232219958 execution_end=232221089 execution_duration_ms=1131
[2026-01-30 19:56:18.904] [info] [spider.worker] [TIMING] task_id=b2402894-68ff-43d0-9246-399118f0ec8c func=job_orchestration.executor.query.spider_search_task.search_without_channel submit_output_start=232221090 submit_output_end=232221112 submit_output_duration_ms=22
[2026-01-30 19:56:18.924] [info] [spider.worker] [TIMING] task_id=c56d2ff6-1182-4d4c-aaf1-626a4a2f8a11 func=job_orchestration.executor.query.spider_search_task.search_without_channel fetch_input_start=232221131 fetch_input_end=232221132 fetch_input_duration_ms=1
[2026-01-30 19:56:18.925] [info] [spider.worker] [TIMING] task_id=c56d2ff6-1182-4d4c-aaf1-626a4a2f8a11 func=job_orchestration.executor.query.spider_search_task.search_without_channel input_send_start=232221133 input_send_end=232221133 input_send_duration_ms=0 bytes=626
[2026-01-30 19:56:18.925] [info] [spider.worker] [TIMING] task_id=c56d2ff6-1182-4d4c-aaf1-626a4a2f8a11 func=job_orchestration.executor.query.spider_search_task.search_without_channel spawn_start=232221132 spawn_end=232221133 spawn_duration_ms=0
[2026-01-30 19:56:20.245] [info] [spider.worker] [TIMING] task_id=c56d2ff6-1182-4d4c-aaf1-626a4a2f8a11 func=job_orchestration.executor.query.spider_search_task.search_without_channel execution_start=232221133 execution_end=232222453 execution_duration_ms=1319
[2026-01-30 19:56:20.271] [info] [spider.worker] [TIMING] task_id=c56d2ff6-1182-4d4c-aaf1-626a4a2f8a11 func=job_orchestration.executor.query.spider_search_task.search_without_channel submit_output_start=232222455 submit_output_end=232222479 submit_output_duration_ms=24
[2026-01-30 19:56:20.290] [info] [spider.worker] [TIMING] task_id=32267a0a-80d1-4128-9e22-979734edd774 func=job_orchestration.executor.query.spider_search_task.search_without_channel fetch_input_start=232222497 fetch_input_end=232222498 fetch_input_duration_ms=0
[2026-01-30 19:56:20.291] [info] [spider.worker] [TIMING] task_id=32267a0a-80d1-4128-9e22-979734edd774 func=job_orchestration.executor.query.spider_search_task.search_without_channel input_send_start=232222499 input_send_end=232222499 input_send_duration_ms=0 bytes=626
[2026-01-30 19:56:20.291] [info] [spider.worker] [TIMING] task_id=32267a0a-80d1-4128-9e22-979734edd774 func=job_orchestration.executor.query.spider_search_task.search_without_channel spawn_start=232222499 spawn_end=232222499 spawn_duration_ms=0
[2026-01-30 19:56:21.505] [info] [spider.worker] [TIMING] task_id=32267a0a-80d1-4128-9e22-979734edd774 func=job_orchestration.executor.query.spider_search_task.search_without_channel execution_start=232222499 execution_end=232223714 execution_duration_ms=1214
[2026-01-30 19:56:21.535] [info] [spider.worker] [TIMING] task_id=32267a0a-80d1-4128-9e22-979734edd774 func=job_orchestration.executor.query.spider_search_task.search_without_channel submit_output_start=232223716 submit_output_end=232223743 submit_output_duration_ms=27
[2026-01-30 19:56:21.557] [info] [spider.worker] [TIMING] task_id=d6c4fe5f-ba34-47a8-a12e-89bf5448e220 func=job_orchestration.executor.query.spider_search_task.search_without_channel fetch_input_start=232223764 fetch_input_end=232223765 fetch_input_duration_ms=0
[2026-01-30 19:56:21.557] [info] [spider.worker] [TIMING] task_id=d6c4fe5f-ba34-47a8-a12e-89bf5448e220 func=job_orchestration.executor.query.spider_search_task.search_without_channel input_send_start=232223766 input_send_end=232223766 input_send_duration_ms=0 bytes=626
[2026-01-30 19:56:21.557] [info] [spider.worker] [TIMING] task_id=d6c4fe5f-ba34-47a8-a12e-89bf5448e220 func=job_orchestration.executor.query.spider_search_task.search_without_channel spawn_start=232223765 spawn_end=232223766 spawn_duration_ms=0
[2026-01-30 19:56:22.775] [info] [spider.worker] [TIMING] task_id=d6c4fe5f-ba34-47a8-a12e-89bf5448e220 func=job_orchestration.executor.query.spider_search_task.search_without_channel execution_start=232223766 execution_end=232224984 execution_duration_ms=1217
[2026-01-30 19:56:22.814] [info] [spider.worker] [TIMING] task_id=d6c4fe5f-ba34-47a8-a12e-89bf5448e220 func=job_orchestration.executor.query.spider_search_task.search_without_channel submit_output_start=232224985 submit_output_end=232225022 submit_output_duration_ms=36
[2026-01-30 19:56:22.832] [info] [spider.worker] [TIMING] task_id=e606fd0d-8b41-4760-9828-e02357dbc64a func=job_orchestration.executor.query.spider_search_task.search_without_channel fetch_input_start=232225039 fetch_input_end=232225040 fetch_input_duration_ms=0
[2026-01-30 19:56:22.832] [info] [spider.worker] [TIMING] task_id=e606fd0d-8b41-4760-9828-e02357dbc64a func=job_orchestration.executor.query.spider_search_task.search_without_channel input_send_start=232225041 input_send_