[2026-01-30 19:54:16.412] [warning] [spider.worker] Prefer using `SPIDER_STORAGE_URL` environment variable over `--storage_url` argument.
[2026-01-30 19:55:08.644] [info] [spider.worker] [TIMING] task_id=d969f6a0-3bfe-4a25-a889-5dd7b31477df func=job_orchestration.executor.query.spider_search_task.search_without_channel fetch_input_start=232150850 fetch_input_end=232150852 fetch_input_duration_ms=2
[2026-01-30 19:55:08.645] [info] [spider.worker] [TIMING] task_id=d969f6a0-3bfe-4a25-a889-5dd7b31477df func=job_orchestration.executor.query.spider_search_task.search_without_channel input_send_start=232150853 input_send_end=232150853 input_send_duration_ms=0 bytes=626
[2026-01-30 19:55:08.645] [info] [spider.worker] [TIMING] task_id=d969f6a0-3bfe-4a25-a889-5dd7b31477df func=job_orchestration.executor.query.spider_search_task.search_without_channel spawn_start=232150852 spawn_end=232150853 spawn_duration_ms=0
[2026-01-30 19:55:09.953] [info] [spider.worker] [TIMING] task_id=d969f6a0-3bfe-4a25-a889-5dd7b31477df func=job_orchestration.executor.query.spider_search_task.search_without_channel execution_start=232150854 execution_end=232152162 execution_duration_ms=1307
[2026-01-30 19:55:09.998] [info] [spider.worker] [TIMING] task_id=d969f6a0-3bfe-4a25-a889-5dd7b31477df func=job_orchestration.executor.query.spider_search_task.search_without_channel submit_output_start=232152165 submit_output_end=232152206 submit_output_duration_ms=41
[2026-01-30 19:55:10.049] [info] [spider.worker] [TIMING] task_id=95c449ca-8b0a-4692-88d4-4a8215ff3e5a func=job_orchestration.executor.query.spider_search_task.search_without_channel fetch_input_start=232152256 fetch_input_end=232152257 fetch_input_duration_ms=0
[2026-01-30 19:55:10.049] [info] [spider.worker] [TIMING] task_id=95c449ca-8b0a-4692-88d4-4a8215ff3e5a func=job_orchestration.executor.query.spider_search_task.search_without_channel input_send_start=232152258 input_send_end=232152258 input_send_duration_ms=0 bytes=626
[2026-01-30 19:55:10.049] [info] [spider.worker] [TIMING] task_id=95c449ca-8b0a-4692-88d4-4a8215ff3e5a func=job_orchestration.executor.query.spider_search_task.search_without_channel spawn_start=232152257 spawn_end=232152258 spawn_duration_ms=0
[2026-01-30 19:55:11.415] [info] [spider.worker] [TIMING] task_id=95c449ca-8b0a-4692-88d4-4a8215ff3e5a func=job_orchestration.executor.query.spider_search_task.search_without_channel execution_start=232152258 execution_end=232153623 execution_duration_ms=1365
[2026-01-30 19:55:11.422] [info] [spider.worker] [TIMING] task_id=95c449ca-8b0a-4692-88d4-4a8215ff3e5a func=job_orchestration.executor.query.spider_search_task.search_without_channel submit_output_start=232153625 submit_output_end=232153630 submit_output_duration_ms=4
[2026-01-30 19:55:11.432] [info] [spider.worker] [TIMING] task_id=167caf43-b597-4741-a458-5fa18cf01c3e func=job_orchestration.executor.query.spider_search_task.search_without_channel fetch_input_start=232153639 fetch_input_end=232153640 fetch_input_duration_ms=0
[2026-01-30 19:55:11.432] [info] [spider.worker] [TIMING] task_id=167caf43-b597-4741-a458-5fa18cf01c3e func=job_orchestration.executor.query.spider_search_task.search_without_channel input_send_start=232153641 input_send_end=232153641 input_send_duration_ms=0 bytes=626
[2026-01-30 19:55:11.432] [info] [spider.worker] [TIMING] task_id=167caf43-b597-4741-a458-5fa18cf01c3e func=job_orchestration.executor.query.spider_search_task.search_without_channel spawn_start=232153640 spawn_end=232153641 spawn_duration_ms=0
[2026-01-30 19:55:12.633] [info] [spider.worker] [TIMING] task_id=167caf43-b597-4741-a458-5fa18cf01c3e func=job_orchestration.executor.query.spider_search_task.search_without_channel execution_start=232153641 execution_end=232154841 execution_duration_ms=1200
[2026-01-30 19:55:12.655] [info] [spider.worker] [TIMING] task_id=167caf43-b597-4741-a458-5fa18cf01c3e func=job_orchestration.executor.query.spider_search_task.search_without_channel submit_output_start=232154847 submit_output_end=232154864 submit_output_duration_ms=16
[2026-01-30 19:55:12.675] [info] [spider.worker] [TIMING] task_id=0b91105b-4b18-4bed-86cb-33c815fdea01 func=job_orchestration.executor.query.spider_search_task.search_without_channel fetch_input_start=232154882 fetch_input_end=232154883 fetch_input_duration_ms=1
[2026-01-30 19:55:12.675] [info] [spider.worker] [TIMING] task_id=0b91105b-4b18-4bed-86cb-33c815fdea01 func=job_orchestration.executor.query.spider_search_task.search_without_channel input_send_start=232154884 input_send_end=232154884 input_send_duration_ms=0 bytes=626
[2026-01-30 19:55:12.675] [info] [spider.worker] [TIMING] task_id=0b91105b-4b18-4bed-86cb-33c815fdea01 func=job_orchestration.executor.query.spider_search_task.search_without_channel spawn_start=232154883 spawn_end=232154884 spawn_duration_ms=0
[2026-01-30 19:55:13.840] [info] [spider.worker] [TIMING] task_id=0b91105b-4b18-4bed-86cb-33c815fdea01 func=job_orchestration.executor.query.spider_search_task.search_without_channel execution_start=232154884 execution_end=232156049 execution_duration_ms=1164
[2026-01-30 19:55:13.847] [info] [spider.worker] [TIMING] task_id=0b91105b-4b18-4bed-86cb-33c815fdea01 func=job_orchestration.executor.query.spider_search_task.search_without_channel submit_output_start=232156051 submit_output_end=232156055 submit_output_duration_ms=4
[2026-01-30 19:55:13.866] [info] [spider.worker] [TIMING] task_id=17ea09c6-2bac-4e0a-9ba3-d380e7a9fa6f func=job_orchestration.executor.query.spider_search_task.search_without_channel fetch_input_start=232156074 fetch_input_end=232156075 fetch_input_duration_ms=0
[2026-01-30 19:55:13.867] [info] [spider.worker] [TIMING] task_id=17ea09c6-2bac-4e0a-9ba3-d380e7a9fa6f func=job_orchestration.executor.query.spider_search_task.search_without_channel input_send_start=232156075 input_send_end=232156075 input_send_duration_ms=0 bytes=626
[2026-01-30 19:55:13.867] [info] [spider.worker] [TIMING] task_id=17ea09c6-2bac-4e0a-9ba3-d380e7a9fa6f func=job_orchestration.executor.query.spider_search_task.search_without_channel spawn_start=232156075 spawn_end=232156075 spawn_duration_ms=0
[2026-01-30 19:55:15.179] [info] [spider.worker] [TIMING] task_id=17ea09c6-2bac-4e0a-9ba3-d380e7a9fa6f func=job_orchestration.executor.query.spider_search_task.search_without_channel execution_start=232156076 execution_end=232157387 execution_duration_ms=1311
[2026-01-30 19:55:15.252] [info] [spider.worker] [TIMING] task_id=17ea09c6-2bac-4e0a-9ba3-d380e7a9fa6f func=job_orchestration.executor.query.spider_search_task.search_without_channel submit_output_start=232157388 submit_output_end=232157460 submit_output_duration_ms=71
[2026-01-30 19:55:15.276] [info] [spider.worker] [TIMING] task_id=783588c7-c361-4ada-8dc7-8db05e688335 func=job_orchestration.executor.query.spider_search_task.search_without_channel fetch_input_start=232157483 fetch_input_end=232157484 fetch_input_duration_ms=1
[2026-01-30 19:55:15.276] [info] [spider.worker] [TIMING] task_id=783588c7-c361-4ada-8dc7-8db05e688335 func=job_orchestration.executor.query.spider_search_task.search_without_channel input_send_start=232157485 input_send_end=232157485 input_send_duration_ms=0 bytes=626
[2026-01-30 19:55:15.276] [info] [spider.worker] [TIMING] task_id=783588c7-c361-4ada-8dc7-8db05e688335 func=job_orchestration.executor.query.spider_search_task.search_without_channel spawn_start=232157484 spawn_end=232157485 spawn_duration_ms=0
[2026-01-30 19:55:16.679] [info] [spider.worker] [TIMING] task_id=783588c7-c361-4ada-8dc7-8db05e688335 func=job_orchestration.executor.query.spider_search_task.search_without_channel execution_start=232157485 execution_end=232158887 execution_duration_ms=1402
[2026-01-30 19:55:16.714] [info] [spider.worker] [TIMING] task_id=783588c7-c361-4ada-8dc7-8db05e688335 func=job_orchestration.executor.query.spider_search_task.search_without_channel submit_output_start=232158889 submit_output_end=232158923 submit_output_duration_ms=33
[2026-01-30 19:55:16.750] [info] [spider.worker] [TIMING] task_id=0b68c37e-912b-43e0-a573-4332900793f8 func=job_orchestration.executor.query.spider_search_task.search_without_channel fetch_input_start=232158958 fetch_input_end=232158959 fetch_input_duration_ms=0
[2026-01-30 19:55:16.751] [info] [spider.worker] [TIMING] task_id=0b68c37e-912b-43e0-a573-4332900793f8 func=job_orchestration.executor.query.spider_search_task.search_without_channel input_send_start=232158959 input_send_end=232158959 input_send_duration_ms=0 bytes=626
[2026-01-30 19:55:16.751] [info] [spider.worker] [TIMING] task_id=0b68c37e-912b-43e0-a573-4332900793f8 func=job_orchestration.executor.query.spider_search_task.search_without_channel spawn_start=232158959 spawn_end=232158959 spawn_duration_ms=0
[2026-01-30 19:55:17.994] [info] [spider.worker] [TIMING] task_id=0b68c37e-912b-43e0-a573-4332900793f8 func=job_orchestration.executor.query.spider_search_task.search_without_channel execution_start=232158960 execution_end=232160202 execution_duration_ms=1242
[2026-01-30 19:55:18.025] [info] [spider.worker] [TIMING] task_id=0b68c37e-912b-43e0-a573-4332900793f8 func=job_orchestration.executor.query.spider_search_task.search_without_channel submit_output_start=232160204 submit_output_end=232160234 submit_output_duration_ms=29
[2026-01-30 19:55:18.043] [info] [spider.worker] [TIMING] task_id=22e40e12-aa49-4093-be5e-7ac2640ee842 func=job_orchestration.executor.query.spider_search_task.search_without_channel fetch_input_start=232160250 fetch_input_end=232160251 fetch_input_duration_ms=1
[2026-01-30 19:55:18.043] [info] [spider.worker] [TIMING] task_id=22e40e12-aa49-4093-be5e-7ac2640ee842 func=job_orchestration.executor.query.spider_search_task.search_without_channel input_send_start=232160252 input_send_end=232160252 input_send_duration_ms=0 bytes=626
[2026-01-30 19:55:18.043] [info] [spider.worker] [TIMING] task_id=22e40e12-aa49-4093-be5e-7ac2640ee842 func=job_orchestration.executor.query.spider_search_task.search_without_channel spawn_start=232160251 spawn_end=232160252 spawn_duration_ms=0
[2026-01-30 19:55:19.231] [info] [spider.worker] [TIMING] task_id=22e40e12-aa49-4093-be5e-7ac2640ee842 func=job_orchestration.executor.query.spider_search_task.search_without_channel execution_start=232160252 execution_end=232161439 execution_duration_ms=1187
[2026-01-30 19:55:19.248] [info] [spider.worker] [TIMING] task_id=22e40e12-aa49-4093-be5e-7ac2640ee842 func=job_orchestration.executor.query.spider_search_task.search_without_channel submit_output_start=232161440 submit_output_end=232161457 submit_output_duration_ms=16
[2026-01-30 19:55:19.259] [info] [spider.worker] [TIMING] task_id=a5caee26-9dae-4720-8fb0-50f0736f148e func=job_orchestration.executor.query.spider_search_task.search_without_channel fetch_input_start=232161467 fetch_input_end=232161467 fetch_input_duration_ms=0
[2026-01-30 19:55:19.259] [info] [spider.worker] [TIMING] task_id=a5caee26-9dae-4720-8fb0-50f0736f148e func=job_orchestration.executor.query.spider_search_task.search_without_channel input_send_start=232161468 input_send_end=232161468 input_send_duration_ms=0 bytes=626
[2026-01-30 19:55:19.259] [info] [spider.worker] [TIMING] task_id=a5caee26-9dae-4720-8fb0-50f0736f148e func=job_orchestration.executor.query.spider_search_task.search_without_channel spawn_start=232161467 spawn_end=232161468 spawn_duration_ms=0
[2026-01-30 19:55:20.494] [info] [spider.worker] [TIMING] task_id=a5caee26-9dae-4720-8fb0-50f0736f148e func=job_orchestration.executor.query.spider_search_task.search_without_channel execution_start=232161468 execution_end=232162702 execution_duration_ms=1233
[2026-01-30 19:55:20.530] [info] [spider.worker] [TIMING] task_id=a5caee26-9dae-4720-8fb0-50f0736f148e func=job_orchestration.executor.query.spider_search_task.search_without_channel submit_output_start=232162703 submit_output_end=232162738 submit_output_duration_ms=35
[2026-01-30 19:55:20.576] [info] [spider.worker] [TIMING] task_id=09c25779-9d12-43c3-80f0-ab4001c4b099 func=job_orchestration.executor.query.spider_search_task.search_without_channel fetch_input_start=232162784 fetch_input_end=232162785 fetch_input_duration_ms=1
[2026-01-30 19:55:20.577] [info] [spider.worker] [TIMING] task_id=09c25779-9d12-43c3-80f0-ab4001c4b099 func=job_orchestration.executor.query.spider_search_task.search_without_channel input_send_start=232162785 input_send_end=232162785 input_send_duration_ms=0 bytes=626
[2026-01-30 19:55:20.577] [info] [spider.worker] [TIMING] task_id=09c25779-9d12-43c3-80f0-ab4001c4b099 func=job_orchestration.executor.query.spider_search_task.search_without_channel spawn_start=232162785 spawn_end=232162785 spawn_duration_ms=0
[2026-01-30 19:55:21.746] [info] [spider.worker] [TIMING] task_id=09c25779-9d12-43c3-80f0-ab4001c4b099 func=job_orchestration.executor.query.spider_search_task.search_without_channel execution_start=232162785 execution_end=232163954 execution_duration_ms=1169
[2026-01-30 19:55:21.757] [info] [spider.worker] [TIMING] task_id=09c25779-9d12-43c3-80f0-ab4001c4b099 func=job_orchestration.executor.query.spider_search_task.search_without_channel submit_output_start=232163956 submit_output_end=232163966 submit_output_duration_ms=9
[2026-01-30 19:55:21.777] [info] [spider.worker] [TIMING] task_id=aa2f50bc-d2ae-4ed3-9b6f-46b7bd9a413d func=job_orchestration.executor.query.spider_search_task.search_without_channel fetch_input_start=232163984 fetch_input_end=232163985 fetch_input_duration_ms=0
[2026-01-30 19:55:21.777] [info] [spider.worker] [TIMING] task_id=aa2f50bc-d2ae-4ed3-9b6f-46b7bd9a413d func=job_orchestration.executor.query.spider_search_task.search_without_channel input_send_start=232163986 input_send_end=232163986 input_send_duration_ms=0 bytes=626
[2026-01-30 19:55:21.777] [info] [spider.worker] [TIMING] task_id=aa2f50bc-d2ae-4ed3-9b6f-46b7bd9a413d func=job_orchestration.executor.query.spider_search_task.search_without_channel spawn_start=232163985 spawn_end=232163986 spawn_duration_ms=0
[2026-01-30 19:55:23.217] [info] [spider.worker] [TIMING] task_id=aa2f50bc-d2ae-4ed3-9b6f-46b7bd9a413d func=job_orchestration.executor.query.spider_search_task.search_without_channel execution_start=232163986 execution_end=232165426 execution_duration_ms=1439
[2026-01-30 19:55:23.241] [info] [spider.worker] [TIMING] task_id=aa2f50bc-d2ae-4ed3-9b6f-46b7bd9a413d func=job_orchestration.executor.query.spider_search_task.search_without_channel submit_output_start=232165427 submit_output_end=232165449 submit_output_duration_ms=22
[2026-01-30 19:55:23.269] [info] [spider.worker] [TIMING] task_id=34e7c59f-5afa-4862-bb92-b144c9bbec4e func=job_orchestration.executor.query.spider_search_task.search_without_channel fetch_input_start=232165476 fetch_input_end=232165477 fetch_input_duration_ms=1
[2026-01-30 19:55:23.270] [info] [spider.worker] [TIMING] task_id=34e7c59f-5afa-4862-bb92-b144c9bbec4e func=job_orchestration.executor.query.spider_search_task.search_without_channel input_send_start=232165478 input_send_end=232165478 input_send_duration_ms=0 bytes=626
[2026-01-30 19:55:23.270] [info] [spider.worker] [TIMING] task_id=34e7c59f-5afa-4862-bb92-b144c9bbec4e func=job_orchestration.executor.query.spider_search_task.search_without_channel spawn_start=232165477 spawn_end=232165478 spawn_duration_ms=0
[2026-01-30 19:55:24.373] [info] [spider.worker] [TIMING] task_id=34e7c59f-5afa-4862-bb92-b144c9bbec4e func=job_orchestration.executor.query.spider_search_task.search_without_channel execution_start=232165478 execution_end=232166581 execution_duration_ms=1102
[2026-01-30 19:55:24.391] [info] [spider.worker] [TIMING] task_id=34e7c59f-5afa-4862-bb92-b144c9bbec4e func=job_orchestration.executor.query.spider_search_task.search_without_channel submit_output_start=232166583 submit_output_end=232166600 submit_output_duration_ms=17
[2026-01-30 19:55:24.436] [info] [spider.worker] [TIMING] task_id=a75410b9-7007-4df8-a84a-be19ac83e8e4 func=job_orchestration.executor.query.spider_search_task.search_without_channel fetch_input_start=232166643 fetch_input_end=232166645 fetch_input_duration_ms=1
[2026-01-30 19:55:24.437] [info] [spider.worker] [TIMING] task_id=a75410b9-7007-4df8-a84a-be19ac83e8e4 func=job_orchestration.executor.query.spider_search_task.search_without_channel input_send_start=232166645 input_send_end=232166645 input_send_duration_ms=0 bytes=626
[2026-01-30 19:55:24.437] [info] [spider.worker] [TIMING] task_id=a75410b9-7007-4df8-a84a-be19ac83e8e4 func=job_orchestration.executor.query.spider_search_task.search_without_channel spawn_start=232166645 spawn_end=232166645 spawn_duration_ms=0
[2026-01-30 19:55:25.545] [info] [spider.worker] [TIMING] task_id=a75410b9-7007-4df8-a84a-be19ac83e8e4 func=job_orchestration.executor.query.spider_search_task.search_without_channel execution_start=232166645 execution_end=232167753 execution_duration_ms=1107
[2026-01-30 19:55:25.558] [info] [spider.worker] [TIMING] task_id=a75410b9-7007-4df8-a84a-be19ac83e8e4 func=job_orchestration.executor.query.spider_search_task.search_without_channel submit_output_start=232167756 submit_output_end=232167767 submit_output_duration_ms=11
[2026-01-30 19:55:25.578] [info] [spider.worker] [TIMING] task_id=508b2c4a-c41e-4df9-87c0-20325d8c506d func=job_orchestration.executor.query.spider_search_task.search_without_channel fetch_input_start=232167785 fetch_input_end=232167786 fetch_input_duration_ms=1
[2026-01-30 19:55:25.578] [info] [spider.worker] [TIMING] task_id=508b2c4a-c41e-4df9-87c0-20325d8c506d func=job_orchestration.executor.query.spider_search_task.search_without_channel input_send_start=232167787 input_send_end=232167787 input_send_duration_ms=0 bytes=626
[2026-01-30 19:55:25.578] [info] [spider.worker] [TIMING] task_id=508b2c4a-c41e-4df9-87c0-20325d8c506d func=job_orchestration.executor.query.spider_search_task.search_without_channel spawn_start=232167786 spawn_end=232167787 spawn_duration_ms=0
[2026-01-30 19:55:26.760] [info] [spider.worker] [TIMING] task_id=508b2c4a-c41e-4df9-87c0-20325d8c506d func=job_orchestration.executor.query.spider_search_task.search_without_channel execution_start=232167787 execution_end=232168968 execution_duration_ms=1181
[2026-01-30 19:55:26.775] [info] [spider.worker] [TIMING] task_id=508b2c4a-c41e-4df9-87c0-20325d8c506d func=job_orchestration.executor.query.spider_search_task.search_without_channel submit_output_start=232168970 submit_output_end=232168983 submit_output_duration_ms=13
[2026-01-30 19:55:26.794] [info] [spider.worker] [TIMING] task_id=12117815-0d65-4f14-b69d-376453e27610 func=job_orchestration.executor.query.spider_search_task.search_without_channel fetch_input_start=232169001 fetch_input_end=232169002 fetch_input_duration_ms=0
[2026-01-30 19:55:26.794] [info] [spider.worker] [TIMING] task_id=12117815-0d65-4f14-b69d-376453e27610 func=job_orchestration.executor.query.spider_search_task.search_without_channel input_send_start=232169003 input_send_end=232169003 input_send_duration_ms=0 bytes=626
[2026-01-30 19:55:26.794] [info] [spider.worker] [TIMING] task_id=12117815-0d65-4f14-b69d-376453e27610 func=job_orchestration.executor.query.spider_search_task.search_without_channel spawn_start=232169002 spawn_end=232169003 spawn_duration_ms=0
[2026-01-30 19:55:27.955] [info] [spider.worker] [TIMING] task_id=12117815-0d65-4f14-b69d-376453e27610 func=job_orchestration.executor.query.spider_search_task.search_without_channel execution_start=232169003 execution_end=232170164 execution_duration_ms=1160
[2026-01-30 19:55:27.995] [info] [spider.worker] [TIMING] task_id=12117815-0d65-4f14-b69d-376453e27610 func=job_orchestration.executor.query.spider_search_task.search_without_channel submit_output_start=232170165 submit_output_end=232170204 submit_output_duration_ms=38
[2026-01-30 19:55:28.019] [info] [spider.worker] [TIMING] task_id=e767fe4e-b7f2-4923-8c60-fff0a2055f35 func=job_orchestration.executor.query.spider_search_task.search_without_channel fetch_input_start=232170227 fetch_input_end=232170228 fetch_input_duration_ms=0
[2026-01-30 19:55:28.020] [info] [spider.worker] [TIMING] task_id=e767fe4e-b7f2-4923-8c60-fff0a2055f35 func=job_orchestration.executor.query.spider_search_task.search_without_channel input_send_start=232170228 input_send_end=232170228 input_send_duration_ms=0 bytes=626
[2026-01-30 19:55:28.020] [info] [spider.worker] [TIMING] task_id=e767fe4e-b7f2-4923-8c60-fff0a2055f35 func=job_orchestration.executor.query.spider_search_task.search_without_channel spawn_start=232170228 spawn_end=232170228 spawn_duration_ms=0
[2026-01-30 19:55:29.360] [info] [spider.worker] [TIMING] task_id=e767fe4e-b7f2-4923-8c60-fff0a2055f35 func=job_orchestration.executor.query.spider_search_task.search_without_channel execution_start=232170228 execution_end=232171568 execution_duration_ms=1339
[2026-01-30 19:55:29.398] [info] [spider.worker] [TIMING] task_id=e767fe4e-b7f2-4923-8c60-fff0a2055f35 func=job_orchestration.executor.query.spider_search_task.search_without_channel submit_output_start=232171570 submit_output_end=232171607 submit_output_duration_ms=37
[2026-01-30 19:55:29.420] [info] [spider.worker] [TIMING] task_id=3872b8aa-07c7-4c12-bab8-1ad31965be94 func=job_orchestration.executor.query.spider_search_task.search_without_channel fetch_input_start=232171627 fetch_input_end=232171628 fetch_input_duration_ms=0
[2026-01-30 19:55:29.420] [info] [spider.worker] [TIMING] task_id=3872b8aa-07c7-4c12-bab8-1ad31965be94 func=job_orchestration.executor.query.spider_search_task.search_without_channel input_send_start=232171629 input_send_end=232171629 input_send_duration_ms=0 bytes=626
[2026-01-30 19:55:29.420] [info] [spider.worker] [TIMING] task_id=3872b8aa-07c7-4c12-bab8-1ad31965be94 func=job_orchestration.executor.query.spider_search_task.search_without_channel spawn_start=232171628 spawn_end=232171629 spawn_duration_ms=0
[2026-01-30 19:55:30.590] [info] [spider.worker] [TIMING] task_id=3872b8aa-07c7-4c12-bab8-1ad31965be94 func=job_orchestration.executor.query.spider_search_task.search_without_channel execution_start=232171629 execution_end=232172798 execution_duration_ms=1169
[2026-01-30 19:55:30.634] [info] [spider.worker] [TIMING] task_id=3872b8aa-07c7-4c12-bab8-1ad31965be94 func=job_orchestration.executor.query.spider_search_task.search_without_channel submit_output_start=232172800 submit_output_end=232172843 submit_output_duration_ms=42
[2026-01-30 19:55:30.670] [info] [spider.worker] [TIMING] task_id=3236ae51-f5e0-483a-85c2-5c8792eed155 func=job_orchestration.executor.query.spider_search_task.search_without_channel fetch_input_start=232172878 fetch_input_end=232172879 fetch_input_duration_ms=0
[2026-01-30 19:55:30.671] [info] [spider.worker] [TIMING] task_id=3236ae51-f5e0-483a-85c2-5c8792eed155 func=job_orchestration.executor.query.spider_search_task.search_without_channel input_send_start=232172879 input_send_end=232172879 input_send_duration_ms=0 bytes=626
[2026-01-30 19:55:30.671] [info] [spider.worker] [TIMING] task_id=3236ae51-f5e0-483a-85c2-5c8792eed155 func=job_orchestration.executor.query.spider_search_task.search_without_channel spawn_start=232172879 spawn_end=232172879 spawn_duration_ms=0
[2026-01-30 19:55:31.913] [info] [spider.worker] [TIMING] task_id=3236ae51-f5e0-483a-85c2-5c8792eed155 func=job_orchestration.executor.query.spider_search_task.search_without_channel execution_start=232172879 execution_end=232174121 execution_duration_ms=1241
[2026-01-30 19:55:31.926] [info] [spider.worker] [TIMING] task_id=3236ae51-f5e0-483a-85c2-5c8792eed155 func=job_orchestration.executor.query.spider_search_task.search_without_channel submit_output_start=232174123 submit_output_end=232174134 submit_output_duration_ms=11
[2026-01-30 19:55:31.945] [info] [spider.worker] [TIMING] task_id=f0178bf1-b71b-49a1-815c-4c1de295731a func=job_orchestration.executor.query.spider_search_task.search_without_channel fetch_input_start=232174152 fetch_input_end=232174153 fetch_input_duration_ms=0
[2026-01-30 19:55:31.945] [info] [spider.worker] [TIMING] task_id=f0178bf1-b71b-49a1-815c-4c1de295731a func=job_orchestration.executor.query.spider_search_task.search_without_channel input_send_start=232174154 input_send_end=232174154 input_send_duration_ms=0 bytes=626
[2026-01-30 19:55:31.945] [info] [spider.worker] [TIMING] task_id=f0178bf1-b71b-49a1-815c-4c1de295731a func=job_orchestration.executor.query.spider_search_task.search_without_channel spawn_start=232174153 spawn_end=232174154 spawn_duration_ms=0
[2026-01-30 19:55:33.305] [info] [spider.worker] [TIMING] task_id=f0178bf1-b71b-49a1-815c-4c1de295731a func=job_orchestration.executor.query.spider_search_task.search_without_channel execution_start=232174154 execution_end=232175513 execution_duration_ms=1358
[2026-01-30 19:55:33.382] [info] [spider.worker] [TIMING] task_id=f0178bf1-b71b-49a1-815c-4c1de295731a func=job_orchestration.executor.query.spider_search_task.search_without_channel submit_output_start=232175515 submit_output_end=232175590 submit_output_duration_ms=75
[2026-01-30 19:55:33.404] [info] [spider.worker] [TIMING] task_id=abad4784-b1ec-4e92-b922-42542447c7ba func=job_orchestration.executor.query.spider_search_task.search_without_channel fetch_input_start=232175611 fetch_input_end=232175612 fetch_input_duration_ms=0
[2026-01-30 19:55:33.404] [info] [spider.worker] [TIMING] task_id=abad4784-b1ec-4e92-b922-42542447c7ba func=job_orchestration.executor.query.spider_search_task.search_without_channel input_send_start=232175612 input_send_end=232175612 input_send_duration_ms=0 bytes=626
[2026-01-30 19:55:33.404] [info] [spider.worker] [TIMING] task_id=abad4784-b1ec-4e92-b922-42542447c7ba func=job_orchestration.executor.query.spider_search_task.search_without_channel spawn_start=232175612 spawn_end=232175612 spawn_duration_ms=0
[2026-01-30 19:55:34.490] [info] [spider.worker] [TIMING] task_id=abad4784-b1ec-4e92-b922-42542447c7ba func=job_orchestration.executor.query.spider_search_task.search_without_channel execution_start=232175613 execution_end=232176698 execution_duration_ms=1085
[2026-01-30 19:55:34.518] [info] [spider.worker] [TIMING] task_id=abad4784-b1ec-4e92-b922-42542447c7ba func=job_orchestration.executor.query.spider_search_task.search_without_channel submit_output_start=232176700 submit_output_end=232176726 submit_output_duration_ms=26
[2026-01-30 19:55:34.538] [info] [spider.worker] [TIMING] task_id=63426d0c-ff45-4597-9cd6-b24c55b01ede func=job_orchestration.executor.query.spider_search_task.search_without_channel fetch_input_start=232176745 fetch_input_end=232176746 fetch_input_duration_ms=1
[2026-01-30 19:55:34.538] [info] [spider.worker] [TIMING] task_id=63426d0c-ff45-4597-9cd6-b24c55b01ede func=job_orchestration.executor.query.spider_search_task.search_without_channel input_send_start=232176747 input_send_end=232176747 input_send_duration_ms=0 bytes=626
[2026-01-30 19:55:34.538] [info] [spider.worker] [TIMING] task_id=63426d0c-ff45-4597-9cd6-b24c55b01ede func=job_orchestration.executor.query.spider_search_task.search_without_channel spawn_start=232176746 spawn_end=232176747 spawn_duration_ms=0
[2026-01-30 19:55:35.724] [info] [spider.worker] [TIMING] task_id=63426d0c-ff45-4597-9cd6-b24c55b01ede func=job_orchestration.executor.query.spider_search_task.search_without_channel execution_start=232176747 execution_end=232177933 execution_duration_ms=1185
[2026-01-30 19:55:35.768] [info] [spider.worker] [TIMING] task_id=63426d0c-ff45-4597-9cd6-b24c55b01ede func=job_orchestration.executor.query.spider_search_task.search_without_channel submit_output_start=232177934 submit_output_end=232177977 submit_output_duration_ms=42
[2026-01-30 19:55:35.788] [info] [spider.worker] [TIMING] task_id=2f80d594-b0b0-48e1-b169-de67a89647ab func=job_orchestration.executor.query.spider_search_task.search_without_channel fetch_input_start=232177995 fetch_input_end=232177996 fetch_input_duration_ms=1
[2026-01-30 19:55:35.788] [info] [spider.worker] [TIMING] task_id=2f80d594-b0b0-48e1-b169-de67a89647ab func=job_orchestration.executor.query.spider_search_task.search_without_channel input_send_start=232177997 input_send_end=232177997 input_send_duration_ms=0 bytes=626
[2026-01-30 19:55:35.788] [info] [spider.worker] [TIMING] task_id=2f80d594-b0b0-48e1-b169-de67a89647ab func=job_orchestration.executor.query.spider_search_task.search_without_channel spawn_start=232177996 spawn_end=232177997 spawn_duration_ms=0
[2026-01-30 19:55:36.930] [info] [spider.worker] [TIMING] task_id=2f80d594-b0b0-48e1-b169-de67a89647ab func=job_orchestration.executor.query.spider_search_task.search_without_channel execution_start=232177997 execution_end=232179138 execution_duration_ms=1141
[2026-01-30 19:55:36.960] [info] [spider.worker] [TIMING] task_id=2f80d594-b0b0-48e1-b169-de67a89647ab func=job_orchestration.executor.query.spider_search_task.search_without_channel submit_output_start=232179149 submit_output_end=232179169 submit_output_duration_ms=19
[2026-01-30 19:55:36.979] [info] [spider.worker] [TIMING] task_id=8f20db1c-9003-40cf-8d81-7eacab12df0c func=job_orchestration.executor.query.spider_search_task.search_without_channel fetch_input_start=232179187 fetch_input_end=232179187 fetch_input_duration_ms=0
[2026-01-30 19:55:36.980] [info] [spider.worker] [TIMING] task_id=8f20db1c-9003-40cf-8d81-7eacab12df0c func=job_orchestration.executor.query.spider_search_task.search_without_channel input_send_start=232179188 input_send_end=232179188 input_send_duration_ms=0 bytes=626
[2026-01-30 19:55:36.980] [info] [spider.worker] [TIMING] task_id=8f20db1c-9003-40cf-8d81-7eacab12df0c func=job_orchestration.executor.query.spider_search_task.search_without_channel spawn_start=232179188 spawn_end=232179188 spawn_duration_ms=0
[2026-01-30 19:55:38.171] [info] [spider.worker] [TIMING] task_id=8f20db1c-9003-40cf-8d81-7eacab12df0c func=job_orchestration.executor.query.spider_search_task.search_without_channel execution_start=232179188 execution_end=232180379 execution_duration_ms=1190
[2026-01-30 19:55:38.177] [info] [spider.worker] [TIMING] task_id=8f20db1c-9003-40cf-8d81-7eacab12df0c func=job_orchestration.executor.query.spider_search_task.search_without_channel submit_output_start=232180381 submit_output_end=232180385 submit_output_duration_ms=4
[2026-01-30 19:55:38.197] [info] [spider.worker] [TIMING] task_id=b43d795b-d00f-4e47-a3a6-529077ccf343 func=job_orchestration.executor.query.spider_search_task.search_without_channel fetch_input_start=232180404 fetch_input_end=232180405 fetch_input_duration_ms=1
[2026-01-30 19:55:38.197] [info] [spider.worker] [TIMING] task_id=b43d795b-d00f-4e47-a3a6-529077ccf343 func=job_orchestration.executor.query.spider_search_task.search_without_channel input_send_start=232180406 input_send_end=232180406 input_send_duration_ms=0 bytes=626
[2026-01-30 19:55:38.197] [info] [spider.worker] [TIMING] task_id=b43d795b-d00f-4e47-a3a6-529077ccf343 func=job_orchestration.executor.query.spider_search_task.search_without_channel spawn_start=232180405 spawn_end=232180406 spawn_duration_ms=0
[2026-01-30 19:55:39.435] [info] [spider.worker] [TIMING] task_id=b43d795b-d00f-4e47-a3a6-529077ccf343 func=job_orchestration.executor.query.spider_search_task.search_without_channel execution_start=232180406 execution_end=232181644 execution_duration_ms=1237
[2026-01-30 19:55:39.469] [info] [spider.worker] [TIMING] task_id=b43d795b-d00f-4e47-a3a6-529077ccf343 func=job_orchestration.executor.query.spider_search_task.search_without_channel submit_output_start=232181655 submit_output_end=232181678 submit_output_duration_ms=22
[2026-01-30 19:55:39.488] [info] [spider.worker] [TIMING] task_id=7b7fb6dd-13eb-4d27-b36f-bce85b78fb45 func=job_orchestration.executor.query.spider_search_task.search_without_channel fetch_input_start=232181696 fetch_input_end=232181697 fetch_input_duration_ms=0
[2026-01-30 19:55:39.489] [info] [spider.worker] [TIMING] task_id=7b7fb6dd-13eb-4d27-b36f-bce85b78fb45 func=job_orchestration.executor.query.spider_search_task.search_without_channel input_send_start=232181697 input_send_end=232181697 input_send_duration_ms=0 bytes=626
[2026-01-30 19:55:39.489] [info] [spider.worker] [TIMING] task_id=7b7fb6dd-13eb-4d27-b36f-bce85b78fb45 func=job_orchestration.executor.query.spider_search_task.search_without_channel spawn_start=232181697 spawn_end=232181697 spawn_duration_ms=0
[2026-01-30 19:55:40.727] [info] [spider.worker] [TIMING] task_id=7b7fb6dd-13eb-4d27-b36f-bce85b78fb45 func=job_orchestration.executor.query.spider_search_task.search_without_channel execution_start=232181698 execution_end=232182935 execution_duration_ms=1237
[2026-01-30 19:55:40.783] [info] [spider.worker] [TIMING] task_id=7b7fb6dd-13eb-4d27-b36f-bce85b78fb45 func=job_orchestration.executor.query.spider_search_task.search_without_channel submit_output_start=232182950 submit_output_end=232182991 submit_output_duration_ms=40
[2026-01-30 19:55:40.830] [info] [spider.worker] [TIMING] task_id=0cfe800b-3e3f-4f68-9aca-2bbe15117876 func=job_orchestration.executor.query.spider_search_task.search_without_channel fetch_input_start=232183038 fetch_input_end=232183039 fetch_input_duration_ms=1
[2026-01-30 19:55:40.831] [info] [spider.worker] [TIMING] task_id=0cfe800b-3e3f-4f68-9aca-2bbe15117876 func=job_orchestration.executor.query.spider_search_task.search_without_channel input_send_start=232183039 input_send_end=232183039 input_send_duration_ms=0 bytes=626
[2026-01-30 19:55:40.831] [info] [spider.worker] [TIMING] task_id=0cfe800b-3e3f-4f68-9aca-2bbe15117876 func=job_orchestration.executor.query.spider_search_task.search_without_channel spawn_start=232183039 spawn_end=232183039 spawn_duration_ms=0
[2026-01-30 19:55:42.091] [info] [spider.worker] [TIMING] task_id=0cfe800b-3e3f-4f68-9aca-2bbe15117876 func=job_orchestration.executor.query.spider_search_task.search_without_channel execution_start=232183040 execution_end=232184299 execution_duration_ms=1259
[2026-01-30 19:55:42.103] [info] [spider.worker] [TIMING] task_id=0cfe800b-3e3f-4f68-9aca-2bbe15117876 func=job_orchestration.executor.query.spider_search_task.search_without_channel submit_output_start=232184301 submit_output_end=232184311 submit_output_duration_ms=10
[2026-01-30 19:55:42.122] [info] [spider.worker] [TIMING] task_id=92b3a939-0124-4efe-bb61-63411dace1a2 func=job_orchestration.executor.query.spider_search_task.search_without_channel fetch_input_start=232184329 fetch_input_end=232184330 fetch_input_duration_ms=0
[2026-01-30 19:55:42.122] [info] [spider.worker] [TIMING] task_id=92b3a939-0124-4efe-bb61-63411dace1a2 func=job_orchestration.executor.query.spider_search_task.search_without_channel input_send_start=232184331 input_send_end=232184331 input_send_duration_ms=0 bytes=626
[2026-01-30 19:55:42.122] [info] [spider.worker] [TIMING] task_id=92b3a939-0124-4efe-bb61-63411dace1a2 func=job_orchestration.executor.query.spider_search_task.search_without_channel spawn_start=232184330 spawn_end=232184331 spawn_duration_ms=0
[2026-01-30 19:55:43.380] [info] [spider.worker] [TIMING] task_id=92b3a939-0124-4efe-bb61-63411dace1a2 func=job_orchestration.executor.query.spider_search_task.search_without_channel execution_start=232184331 execution_end=232185588 execution_duration_ms=1257
[2026-01-30 19:55:43.406] [info] [spider.worker] [TIMING] task_id=92b3a939-0124-4efe-bb61-63411dace1a2 func=job_orchestration.executor.query.spider_search_task.search_without_channel submit_output_start=232185590 submit_output_end=232185614 submit_output_duration_ms=23
[2026-01-30 19:55:43.431] [info] [spider.worker] [TIMING] task_id=53d5f01c-7c0d-4f47-bc9c-a5a096f0d78e func=job_orchestration.executor.query.spider_search_task.search_without_channel fetch_input_start=232185638 fetch_input_end=232185639 fetch_input_duration_ms=0
[2026-01-30 19:55:43.431] [info] [spider.worker] [TIMING] task_id=53d5f01c-7c0d-4f47-bc9c-a5a096f0d78e func=job_orchestration.executor.query.spider_search_task.search_without_channel input_send_start=232185640 input_send_end=232185640 input_send_duration_ms=0 bytes=626
[2026-01-30 19:55:43.431] [info] [spider.worker] [TIMING] task_id=53d5f01c-7c0d-4f47-bc9c-a5a096f0d78e func=job_orchestration.executor.query.spider_search_task.search_without_channel spawn_start=232185639 spawn_end=232185640 spawn_duration_ms=0
[2026-01-30 19:55:44.604] [info] [spider.worker] [TIMING] task_id=53d5f01c-7c0d-4f47-bc9c-a5a096f0d78e func=job_orchestration.executor.query.spider_search_task.search_without_channel execution_start=232185640 execution_end=232186813 execution_duration_ms=1172
[2026-01-30 19:55:44.633] [info] [spider.worker] [TIMING] task_id=53d5f01c-7c0d-4f47-bc9c-a5a096f0d78e func=job_orchestration.executor.query.spider_search_task.search_without_channel submit_output_start=232186814 submit_output_end=232186842 submit_output_duration_ms=27
[2026-01-30 19:55:44.678] [info] [spider.worker] [TIMING] task_id=1590c748-2227-4709-8d3d-6df581a5074e func=job_orchestration.executor.query.spider_search_task.search_without_channel fetch_input_start=232186885 fetch_input_end=232186886 fetch_input_duration_ms=0
[2026-01-30 19:55:44.678] [info] [spider.worker] [TIMING] task_id=1590c748-2227-4709-8d3d-6df581a5074e func=job_orchestration.executor.query.spider_search_task.search_without_channel input_send_start=232186887 input_send_end=232186887 input_send_duration_ms=0 bytes=626
[2026-01-30 19:55:44.678] [info] [spider.worker] [TIMING] task_id=1590c748-2227-4709-8d3d-6df581a5074e func=job_orchestration.executor.query.spider_search_task.search_without_channel spawn_start=232186886 spawn_end=232186887 spawn_duration_ms=0
[2026-01-30 19:55:45.873] [info] [spider.worker] [TIMING] task_id=1590c748-2227-4709-8d3d-6df581a5074e func=job_orchestration.executor.query.spider_search_task.search_without_channel execution_start=232186887 execution_end=232188082 execution_duration_ms=1194
[2026-01-30 19:55:45.887] [info] [spider.worker] [TIMING] task_id=1590c748-2227-4709-8d3d-6df581a5074e func=job_orchestration.executor.query.spider_search_task.search_without_channel submit_output_start=232188084 submit_output_end=232188095 submit_output_duration_ms=11
[2026-01-30 19:55:45.923] [info] [spider.worker] [TIMING] task_id=6a892964-ebba-40ce-b3c8-834173bbeca7 func=job_orchestration.executor.query.spider_search_task.search_without_channel fetch_input_start=232188130 fetch_input_end=232188131 fetch_input_duration_ms=0
[2026-01-30 19:55:45.924] [info] [spider.worker] [TIMING] task_id=6a892964-ebba-40ce-b3c8-834173bbeca7 func=job_orchestration.executor.query.spider_search_task.search_without_channel input_send_start=232188132 input_send_end=232188132 input_send_duration_ms=0 bytes=626
[2026-01-30 19:55:45.924] [info] [spider.worker] [TIMING] task_id=6a892964-ebba-40ce-b3c8-834173bbeca7 func=job_orchestration.executor.query.spider_search_task.search_without_channel spawn_start=232188132 spawn_end=232188132 spawn_duration_ms=0
[2026-01-30 19:55:47.265] [info] [spider.worker] [TIMING] task_id=6a892964-ebba-40ce-b3c8-834173bbeca7 func=job_orchestration.executor.query.spider_search_task.search_without_channel execution_start=232188132 execution_end=232189473 execution_duration_ms=1340
[2026-01-30 19:55:47.346] [info] [spider.worker] [TIMING] task_id=6a892964-ebba-40ce-b3c8-834173bbeca7 func=job_orchestration.executor.query.spider_search_task.search_without_channel submit_output_start=232189474 submit_output_end=232189554 submit_output_duration_ms=79
[2026-01-30 19:55:47.365] [info] [spider.worker] [TIMING] task_id=361cc312-8c7e-42c2-bc33-96f68db97b83 func=job_orchestration.executor.query.spider_search_task.search_without_channel fetch_input_start=232189572 fetch_input_end=232189574 fetch_input_duration_ms=1
[2026-01-30 19:55:47.366] [info] [spider.worker] [TIMING] task_id=361cc312-8c7e-42c2-bc33-96f68db97b83 func=job_orchestration.executor.query.spider_search_task.search_without_channel input_send_start=232189574 input_send_end=232189574 input_send_duration_ms=0 bytes=626
[2026-01-30 19:55:47.366] [info] [spider.worker] [TIMING] task_id=361cc312-8c7e-42c2-bc33-96f68db97b83 func=job_orchestration.executor.query.spider_search_task.search_without_channel spawn_start=232189574 spawn_end=232189574 spawn_duration_ms=0
[2026-01-30 19:55:48.758] [info] [spider.worker] [TIMING] task_id=361cc312-8c7e-42c2-bc33-96f68db97b83 func=job_orchestration.executor.query.spider_search_task.search_without_channel execution_start=232189574 execution_end=232190966 execution_duration_ms=1392
[2026-01-30 19:55:48.779] [info] [spider.worker] [TIMING] task_id=361cc312-8c7e-42c2-bc33-96f68db97b83 func=job_orchestration.executor.query.spider_search_task.search_without_channel submit_output_start=232190968 submit_output_end=232190988 submit_output_duration_ms=19
[2026-01-30 19:55:48.799] [info] [spider.worker] [TIMING] task_id=58d025b1-5bd1-4435-9d12-cceef07d4aea func=job_orchestration.executor.query.spider_search_task.search_without_channel fetch_input_start=232191006 fetch_input_end=232191007 fetch_input_duration_ms=1
[2026-01-30 19:55:48.799] [info] [spider.worker] [TIMING] task_id=58d025b1-5bd1-4435-9d12-cceef07d4aea func=job_orchestration.executor.query.spider_search_task.search_without_channel input_send_start=232191007 input_send_end=232191008 input_send_duration_ms=0 bytes=626
[2026-01-30 19:55:48.799] [info] [spider.worker] [TIMING] task_id=58d025b1-5bd1-4435-9d12-cceef07d4aea func=job_orchestration.executor.query.spider_search_task.search_without_channel spawn_start=232191007 spawn_end=232191008 spawn_duration_ms=0
[2026-01-30 19:55:50.060] [info] [spider.worker] [TIMING] task_id=58d025b1-5bd1-4435-9d12-cceef07d4aea func=job_orchestration.executor.query.spider_search_task.search_without_channel execution_start=232191008 execution_end=232192268 execution_duration_ms=1260
[2026-01-30 19:55:50.071] [info] [spider.worker] [TIMING] task_id=58d025b1-5bd1-4435-9d12-cceef07d4aea func=job_orchestration.executor.query.spider_search_task.search_without_channel submit_output_start=232192269 submit_output_end=232192280 submit_output_duration_ms=10
[2026-01-30 19:55:50.124] [info] [spider.worker] [TIMING] task_id=4498616b-6172-44c1-b813-2866677d1c55 func=job_orchestration.executor.query.spider_search_task.search_without_channel fetch_input_start=232192331 fetch_input_end=232192332 fetch_input_duration_ms=0
[2026-01-30 19:55:50.124] [info] [spider.worker] [TIMING] task_id=4498616b-6172-44c1-b813-2866677d1c55 func=job_orchestration.executor.query.spider_search_task.search_without_channel input_send_start=232192333 input_send_end=232192333 input_send_duration_ms=0 bytes=626
[2026-01-30 19:55:50.124] [info] [spider.worker] [TIMING] task_id=4498616b-6172-44c1-b813-2866677d1c55 func=job_orchestration.executor.query.spider_search_task.search_without_channel spawn_start=232192332 spawn_end=232192333 spawn_duration_ms=0
[2026-01-30 19:55:51.344] [info] [spider.worker] [TIMING] task_id=4498616b-6172-44c1-b813-2866677d1c55 func=job_orchestration.executor.query.spider_search_task.search_without_channel execution_start=232192333 execution_end=232193553 execution_duration_ms=1219
[2026-01-30 19:55:51.388] [info] [spider.worker] [TIMING] task_id=4498616b-6172-44c1-b813-2866677d1c55 func=job_orchestration.executor.query.spider_search_task.search_without_channel submit_output_start=232193554 submit_output_end=232193597 submit_output_duration_ms=42
[2026-01-30 19:55:51.408] [info] [spider.worker] [TIMING] task_id=dc1770c8-e99a-4798-a186-cbcedd88fb71 func=job_orchestration.executor.query.spider_search_task.search_without_channel fetch_input_start=232193615 fetch_input_end=232193616 fetch_input_duration_ms=1
[2026-01-30 19:55:51.408] [info] [spider.worker] [TIMING] task_id=dc1770c8-e99a-4798-a186-cbcedd88fb71 func=job_orchestration.executor.query.spider_search_task.search_without_channel input_send_start=232193617 input_send_end=232193617 input_send_duration_ms=0 bytes=626
[2026-01-30 19:55:51.408] [info] [spider.worker] [TIMING] task_id=dc1770c8-e99a-4798-a186-cbcedd88fb71 func=job_orchestration.executor.query.spider_search_task.search_without_channel spawn_start=232193616 spawn_end=232193617 spawn_duration_ms=0
[2026-01-30 19:55:52.605] [info] [spider.worker] [TIMING] task_id=dc1770c8-e99a-4798-a186-cbcedd88fb71 func=job_orchestration.executor.query.spider_search_task.search_without_channel execution_start=232193617 execution_end=232194813 execution_duration_ms=1196
[2026-01-30 19:55:52.622] [info] [spider.worker] [TIMING] task_id=dc1770c8-e99a-4798-a186-cbcedd88fb71 func=job_orchestration.executor.query.spider_search_task.search_without_channel submit_output_start=232194815 submit_output_end=232194830 submit_output_duration_ms=15
[2026-01-30 19:55:52.664] [info] [spider.worker] [TIMING] task_id=b5b210f3-78b4-4b7c-9c05-f130a5e3e94c func=job_orchestration.executor.query.spider_search_task.search_without_channel fetch_input_start=232194871 fetch_input_end=232194873 fetch_input_duration_ms=1
[2026-01-30 19:55:52.665] [info] [spider.worker] [TIMING] task_id=b5b210f3-78b4-4b7c-9c05-f130a5e3e94c func=job_orchestration.executor.query.spider_search_task.search_without_channel input_send_start=232194873 input_send_end=232194873 input_send_duration_ms=0 bytes=626
[2026-01-30 19:55:52.665] [info] [spider.worker] [TIMING] task_id=b5b210f3-78b4-4b7c-9c05-f130a5e3e94c func=job_orchestration.executor.query.spider_search_task.search_without_channel spawn_start=232194873 spawn_end=232194873 spawn_duration_ms=0
[2026-01-30 19:55:53.864] [info] [spider.worker] [TIMING] task_id=b5b210f3-78b4-4b7c-9c05-f130a5e3e94c func=job_orchestration.executor.query.spider_search_task.search_without_channel execution_start=232194874 execution_end=232196073 execution_duration_ms=1198
[2026-01-30 19:55:53.881] [info] [spider.worker] [TIMING] task_id=b5b210f3-78b4-4b7c-9c05-f130a5e3e94c func=job_orchestration.executor.query.spider_search_task.search_without_channel submit_output_start=232196074 submit_output_end=232196089 submit_output_duration_ms=14
[2026-01-30 19:55:53.917] [info] [spider.worker] [TIMING] task_id=993a9cd5-185c-4ba6-bc07-70a9ed628087 func=job_orchestration.executor.query.spider_search_task.search_without_channel fetch_input_start=232196124 fetch_input_end=232196125 fetch_input_duration_ms=0
[2026-01-30 19:55:53.918] [info] [spider.worker] [TIMING] task_id=993a9cd5-185c-4ba6-bc07-70a9ed628087 func=job_orchestration.executor.query.spider_search_task.search_without_channel input_send_start=232196126 input_send_end=232196126 input_send_duration_ms=0 bytes=626
[2026-01-30 19:55:53.918] [info] [spider.worker] [TIMING] task_id=993a9cd5-185c-4ba6-bc07-70a9ed628087 func=job_orchestration.executor.query.spider_search_task.search_without_channel spawn_start=232196125 spawn_end=232196126 spawn_duration_ms=0
[2026-01-30 19:55:55.154] [info] [spider.worker] [TIMING] task_id=993a9cd5-185c-4ba6-bc07-70a9ed628087 func=job_orchestration.executor.query.spider_search_task.search_without_channel execution_start=232196126 execution_end=232197362 execution_duration_ms=1236
[2026-01-30 19:55:55.164] [info] [spider.worker] [TIMING] task_id=993a9cd5-185c-4ba6-bc07-70a9ed628087 func=job_orchestration.executor.query.spider_search_task.search_without_channel submit_output_start=232197364 submit_output_end=232197373 submit_output_duration_ms=8
[2026-01-30 19:55:55.176] [info] [spider.worker] [TIMING] task_id=ef41a3ee-8e1a-4179-9310-dc31c9c9cf89 func=job_orchestration.executor.query.spider_search_task.search_without_channel fetch_input_start=232197383 fetch_input_end=232197384 fetch_input_duration_ms=1
[2026-01-30 19:55:55.176] [info] [spider.worker] [TIMING] task_id=ef41a3ee-8e1a-4179-9310-dc31c9c9cf89 func=job_orchestration.executor.query.spider_search_task.search_without_channel input_send_start=232197385 input_send_end=232197385 input_send_duration_ms=0 bytes=626
[2026-01-30 19:55:55.176] [info] [spider.worker] [TIMING] task_id=ef41a3ee-8e1a-4179-9310-dc31c9c9cf89 func=job_orchestration.executor.query.spider_search_task.search_without_channel spawn_start=232197384 spawn_end=232197385 spawn_duration_ms=0
[2026-01-30 19:55:56.327] [info] [spider.worker] [TIMING] task_id=ef41a3ee-8e1a-4179-9310-dc31c9c9cf89 func=job_orchestration.executor.query.spider_search_task.search_without_channel execution_start=232197385 execution_end=232198536 execution_duration_ms=1150
[2026-01-30 19:55:56.377] [info] [spider.worker] [TIMING] task_id=ef41a3ee-8e1a-4179-9310-dc31c9c9cf89 func=job_orchestration.executor.query.spider_search_task.search_without_channel submit_output_start=232198537 submit_output_end=232198586 submit_output_duration_ms=48
[2026-01-30 19:55:56.401] [info] [spider.worker] [TIMING] task_id=7c8f48b7-f9e6-4b17-8406-5ad0f1c54100 func=job_orchestration.executor.query.spider_search_task.search_without_channel fetch_input_start=232198609 fetch_input_end=232198610 fetch_input_duration_ms=0
[2026-01-30 19:55:56.402] [info] [spider.worker] [TIMING] task_id=7c8f48b7-f9e6-4b17-8406-5ad0f1c54100 func=job_orchestration.executor.query.spider_search_task.search_without_channel input_send_start=232198610 input_send_end=232198610 input_send_duration_ms=0 bytes=626
[2026-01-30 19:55:56.402] [info] [spider.worker] [TIMING] task_id=7c8f48b7-f9e6-4b17-8406-5ad0f1c54100 func=job_orchestration.executor.query.spider_search_task.search_without_channel spawn_start=232198610 spawn_end=232198610 spawn_duration_ms=0
[2026-01-30 19:55:57.586] [info] [spider.worker] [TIMING] task_id=7c8f48b7-f9e6-4b17-8406-5ad0f1c54100 func=job_orchestration.executor.query.spider_search_task.search_without_channel execution_start=232198610 execution_end=232199794 execution_duration_ms=1183
[2026-01-30 19:55:57.607] [info] [spider.worker] [TIMING] task_id=7c8f48b7-f9e6-4b17-8406-5ad0f1c54100 func=job_orchestration.executor.query.spider_search_task.search_without_channel submit_output_start=232199796 submit_output_end=232199815 submit_output_duration_ms=19
[2026-01-30 19:55:57.641] [info] [spider.worker] [TIMING] task_id=95bd9ca1-c4a9-4e85-b012-fe5b8cac02d4 func=job_orchestration.executor.query.spider_search_task.search_without_channel fetch_input_start=232199849 fetch_input_end=232199850 fetch_input_duration_ms=0
[2026-01-30 19:55:57.642] [info] [spider.worker] [TIMING] task_id=95bd9ca1-c4a9-4e85-b012-fe5b8cac02d4 func=job_orchestration.executor.query.spider_search_task.search_without_channel input_send_start=232199850 input_send_end=232199850 input_send_duration_ms=0 bytes=626
[2026-01-30 19:55:57.642] [info] [spider.worker] [TIMING] task_id=95bd9ca1-c4a9-4e85-b012-fe5b8cac02d4 func=job_orchestration.executor.query.spider_search_task.search_without_channel spawn_start=232199850 spawn_end=232199850 spawn_duration_ms=0
[2026-01-30 19:55:59.003] [info] [spider.worker] [TIMING] task_id=95bd9ca1-c4a9-4e85-b012-fe5b8cac02d4 func=job_orchestration.executor.query.spider_search_task.search_without_channel execution_start=232199850 execution_end=232201211 execution_duration_ms=1360
[2026-01-30 19:55:59.015] [info] [spider.worker] [TIMING] task_id=95bd9ca1-c4a9-4e85-b012-fe5b8cac02d4 func=job_orchestration.executor.query.spider_search_task.search_without_channel submit_output_start=232201212 submit_output_end=232201224 submit_output_duration_ms=11
[2026-01-30 19:55:59.053] [info] [spider.worker] [TIMING] task_id=3a6debc4-6a44-4eb9-b9d9-d35aff44d297 func=job_orchestration.executor.query.spider_search_task.search_without_channel fetch_input_start=232201261 fetch_input_end=232201261 fetch_input_duration_ms=0
[2026-01-30 19:55:59.054] [info] [spider.worker] [TIMING] task_id=3a6debc4-6a44-4eb9-b9d9-d35aff44d297 func=job_orchestration.executor.query.spider_search_task.search_without_channel input_send_start=232201262 input_send_end=232201262 input_send_duration_ms=0 bytes=626
[2026-01-30 19:55:59.054] [info] [spider.worker] [TIMING] task_id=3a6debc4-6a44-4eb9-b9d9-d35aff44d297 func=job_orchestration.executor.query.spider_search_task.search_without_channel spawn_start=232201262 spawn_end=232201262 spawn_duration_ms=0
[2026-01-30 19:56:00.249] [info] [spider.worker] [TIMING] task_id=3a6debc4-6a44-4eb9-b9d9-d35aff44d297 func=job_orchestration.executor.query.spider_search_task.search_without_channel execution_start=232201262 execution_end=232202458 execution_duration_ms=1195
[2026-01-30 19:56:00.312] [info] [spider.worker] [TIMING] task_id=3a6debc4-6a44-4eb9-b9d9-d35aff44d297 func=job_orchestration.executor.query.spider_search_task.search_without_channel submit_output_start=232202459 submit_output_end=232202520 submit_output_duration_ms=61
[2026-01-30 19:56:00.335] [info] [spider.worker] [TIMING] task_id=456d1610-55fa-45ff-bd32-ad771f9b4ea8 func=job_orchestration.executor.query.spider_search_task.search_without_channel fetch_input_start=232202543 fetch_input_end=232202544 fetch_input_duration_ms=1
[2026-01-30 19:56:00.336] [info] [spider.worker] [TIMING] task_id=456d1610-55fa-45ff-bd32-ad771f9b4ea8 func=job_orchestration.executor.query.spider_search_task.search_without_channel input_send_start=232202544 input_send_end=232202544 input_send_duration_ms=0 bytes=626
[2026-01-30 19:56:00.336] [info] [spider.worker] [TIMING] task_id=456d1610-55fa-45ff-bd32-ad771f9b4ea8 func=job_orchestration.executor.query.spider_search_task.search_without_channel spawn_start=232202544 spawn_end=232202544 spawn_duration_ms=0
[2026-01-30 19:56:01.497] [info] [spider.worker] [TIMING] task_id=456d1610-55fa-45ff-bd32-ad771f9b4ea8 func=job_orchestration.executor.query.spider_search_task.search_without_channel execution_start=232202544 execution_end=232203706 execution_duration_ms=1161
[2026-01-30 19:56:01.516] [info] [spider.worker] [TIMING] task_id=456d1610-55fa-45ff-bd32-ad771f9b4ea8 func=job_orchestration.executor.query.spider_search_task.search_without_channel submit_output_start=232203707 submit_output_end=232203725 submit_output_duration_ms=17
[2026-01-30 19:56:01.527] [info] [spider.worker] [TIMING] task_id=b3d059fb-d7d4-4696-b2dd-d95ae19afb22 func=job_orchestration.executor.query.spider_search_task.search_without_channel fetch_input_start=232203734 fetch_input_end=232203735 fetch_input_duration_ms=0
[2026-01-30 19:56:01.527] [info] [spider.worker] [TIMING] task_id=b3d059fb-d7d4-4696-b2dd-d95ae19afb22 func=job_orchestration.executor.query.spider_search_task.search_without_channel input_send_start=232203736 input_send_end=232203736 input_send_duration_ms=0 bytes=626
[2026-01-30 19:56:01.527] [info] [spider.worker] [TIMING] task_id=b3d059fb-d7d4-4696-b2dd-d95ae19afb22 func=job_orchestration.executor.query.spider_search_task.search_without_channel spawn_start=232203735 spawn_end=232203736 spawn_duration_ms=0
[2026-01-30 19:56:02.803] [info] [spider.worker] [TIMING] task_id=b3d059fb-d7d4-4696-b2dd-d95ae19afb22 func=job_orchestration.executor.query.spider_search_task.search_without_channel execution_start=232203736 execution_end=232205012 execution_duration_ms=1275
[2026-01-30 19:56:02.851] [info] [spider.worker] [TIMING] task_id=b3d059fb-d7d4-4696-b2dd-d95ae19afb22 func=job_orchestration.executor.query.spider_search_task.search_without_channel submit_output_start=232205014 submit_output_end=232205059 submit_output_duration_ms=45
[2026-01-30 19:56:02.869] [info] [spider.worker] [TIMING] task_id=f270674d-0553-4d0f-8871-c4311329a38b func=job_orchestration.executor.query.spider_search_task.search_without_channel fetch_input_start=232205077 fetch_input_end=232205077 fetch_input_duration_ms=0
[2026-01-30 19:56:02.870] [info] [spider.worker] [TIMING] task_id=f270674d-0553-4d0f-8871-c4311329a38b func=job_orchestration.executor.query.spider_search_task.search_without_channel input_send_start=232205078 input_send_end=232205078 input_send_duration_ms=0 bytes=626
[2026-01-30 19:56:02.870] [info] [spider.worker] [TIMING] task_id=f270674d-0553-4d0f-8871-c4311329a38b func=job_orchestration.executor.query.spider_search_task.search_without_channel spawn_start=232205077 spawn_end=232205078 spawn_duration_ms=0
[2026-01-30 19:56:04.147] [info] [spider.worker] [TIMING] task_id=f270674d-0553-4d0f-8871-c4311329a38b func=job_orchestration.executor.query.spider_search_task.search_without_channel execution_start=232205078 execution_end=232206356 execution_duration_ms=1277
[2026-01-30 19:56:04.188] [info] [spider.worker] [TIMING] task_id=f270674d-0553-4d0f-8871-c4311329a38b func=job_orchestration.executor.query.spider_search_task.search_without_channel submit_output_start=232206358 submit_output_end=232206396 submit_output_duration_ms=38
[2026-01-30 19:56:04.211] [info] [spider.worker] [TIMING] task_id=dbbd9452-add0-4d85-b795-c1206eb84bcc func=job_orchestration.executor.query.spider_search_task.search_without_channel fetch_input_start=232206418 fetch_input_end=232206419 fetch_input_duration_ms=0
[2026-01-30 19:56:04.211] [info] [spider.worker] [TIMING] task_id=dbbd9452-add0-4d85-b795-c1206eb84bcc func=job_orchestration.executor.query.spider_search_task.search_without_channel input_send_start=232206420 input_send_end=232206420 input_send_duration_ms=0 bytes=626
[2026-01-30 19:56:04.211] [info] [spider.worker] [TIMING] task_id=dbbd9452-add0-4d85-b795-c1206eb84bcc func=job_orchestration.executor.query.spider_search_task.search_without_channel spawn_start=232206419 spawn_end=232206420 spawn_duration_ms=0
[2026-01-30 19:56:05.422] [info] [spider.worker] [TIMING] task_id=dbbd9452-add0-4d85-b795-c1206eb84bcc func=job_orchestration.executor.query.spider_search_task.search_without_channel execution_start=232206420 execution_end=232207630 execution_duration_ms=1210
[2026-01-30 19:56:05.483] [info] [spider.worker] [TIMING] task_id=dbbd9452-add0-4d85-b795-c1206eb84bcc func=job_orchestration.executor.query.spider_search_task.search_without_channel submit_output_start=232207632 submit_output_end=232207691 submit_output_duration_ms=59
[2026-01-30 19:56:05.537] [info] [spider.worker] [TIMING] task_id=aadd5f9f-fcc2-43cb-b96a-c81f25339b29 func=job_orchestration.executor.query.spider_search_task.search_without_channel fetch_input_start=232207745 fetch_input_end=232207745 fetch_input_duration_ms=0
[2026-01-30 19:56:05.538] [info] [spider.worker] [TIMING] task_id=aadd5f9f-fcc2-43cb-b96a-c81f25339b29 func=job_orchestration.executor.query.spider_search_task.search_without_channel input_send_start=232207746 input_send_end=232207746 input_send_duration_ms=0 bytes=626
[2026-01-30 19:56:05.538] [info] [spider.worker] [TIMING] task_id=aadd5f9f-fcc2-43cb-b96a-c81f25339b29 func=job_orchestration.executor.query.spider_search_task.search_without_channel spawn_start=232207746 spawn_end=232207746 spawn_duration_ms=0
[2026-01-30 19:56:06.721] [info] [spider.worker] [TIMING] task_id=aadd5f9f-fcc2-43cb-b96a-c81f25339b29 func=job_orchestration.executor.query.spider_search_task.search_without_channel execution_start=232207746 execution_end=232208929 execution_duration_ms=1182
[2026-01-30 19:56:06.753] [info] [spider.worker] [TIMING] task_id=aadd5f9f-fcc2-43cb-b96a-c81f25339b29 func=job_orchestration.executor.query.spider_search_task.search_without_channel submit_output_start=232208931 submit_output_end=232208961 submit_output_duration_ms=30
[2026-01-30 19:56:06.770] [info] [spider.worker] [TIMING] task_id=269d1443-bc34-4574-a529-c683aca89658 func=job_orchestration.executor.query.spider_search_task.search_without_channel fetch_input_start=232208977 fetch_input_end=232208978 fetch_input_duration_ms=0
[2026-01-30 19:56:06.770] [info] [spider.worker] [TIMING] task_id=269d1443-bc34-4574-a529-c683aca89658 func=job_orchestration.executor.query.spider_search_task.search_without_channel input_send_start=232208979 input_send_end=232208979 input_send_duration_ms=0 bytes=626
[2026-01-30 19:56:06.770] [info] [spider.worker] [TIMING] task_id=269d1443-bc34-4574-a529-c683aca89658 func=job_orchestration.executor.query.spider_search_task.search_without_channel spawn_start=232208978 spawn_end=232208979 spawn_duration_ms=0
[2026-01-30 19:56:07.875] [info] [spider.worker] [TIMING] task_id=269d1443-bc34-4574-a529-c683aca89658 func=job_orchestration.executor.query.spider_search_task.search_without_channel execution_start=232208979 execution_end=232210084 execution_duration_ms=1104
[2026-01-30 19:56:07.972] [info] [spider.worker] [TIMING] task_id=269d1443-bc34-4574-a529-c683aca89658 func=job_orchestration.executor.query.spider_search_task.search_without_channel submit_output_start=232210086 submit_output_end=232210180 submit_output_duration_ms=94
[2026-01-30 19:56:08.037] [info] [spider.worker] [TIMING] task_id=aff181d9-62e6-4620-95b5-5ed67415d83f func=job_orchestration.executor.query.spider_search_task.search_without_channel fetch_input_start=232210245 fetch_input_end=232210246 fetch_input_duration_ms=0
[2026-01-30 19:56:08.038] [info] [spider.worker] [TIMING] task_id=aff181d9-62e6-4620-95b5-5ed67415d83f func=job_orchestration.executor.query.spider_search_task.search_without_channel input_send_start=232210246 input_send_end=232210246 input_send_duration_ms=0 bytes=626
[2026-01-30 19:56:08.038] [info] [spider.worker] [TIMING] task_id=aff181d9-62e6-4620-95b5-5ed67415d83f func=job_orchestration.executor.query.spider_search_task.search_without_channel spawn_start=232210246 spawn_end=232210246 spawn_duration_ms=0
[2026-01-30 19:56:09.264] [info] [spider.worker] [TIMING] task_id=aff181d9-62e6-4620-95b5-5ed67415d83f func=job_orchestration.executor.query.spider_search_task.search_without_channel execution_start=232210246 execution_end=232211472 execution_duration_ms=1225
[2026-01-30 19:56:09.310] [info] [spider.worker] [TIMING] task_id=aff181d9-62e6-4620-95b5-5ed67415d83f func=job_orchestration.executor.query.spider_search_task.search_without_channel submit_output_start=232211474 submit_output_end=232211518 submit_output_duration_ms=43
[2026-01-30 19:56:09.352] [info] [spider.worker] [TIMING] task_id=a63382f4-44bd-4c00-984c-c3a11a3b09d2 func=job_orchestration.executor.query.spider_search_task.search_without_channel fetch_input_start=232211560 fetch_input_end=232211560 fetch_input_duration_ms=0
[2026-01-30 19:56:09.352] [info] [spider.worker] [TIMING] task_id=a63382f4-44bd-4c00-984c-c3a11a3b09d2 func=job_orchestration.executor.query.spider_search_task.search_without_channel input_send_start=232211561 input_send_end=232211561 input_send_duration_ms=0 bytes=626
[2026-01-30 19:56:09.352] [info] [spider.worker] [TIMING] task_id=a63382f4-44bd-4c00-984c-c3a11a3b09d2 func=job_orchestration.executor.query.spider_search_task.search_without_channel spawn_start=232211560 spawn_end=232211561 spawn_duration_ms=0
[2026-01-30 19:56:10.471] [info] [spider.worker] [TIMING] task_id=a63382f4-44bd-4c00-984c-c3a11a3b09d2 func=job_orchestration.executor.query.spider_search_task.search_without_channel execution_start=232211561 execution_end=232212679 execution_duration_ms=1118
[2026-01-30 19:56:10.485] [info] [spider.worker] [TIMING] task_id=a63382f4-44bd-4c00-984c-c3a11a3b09d2 func=job_orchestration.executor.query.spider_search_task.search_without_channel submit_output_start=232212681 submit_output_end=232212693 submit_output_duration_ms=11
[2026-01-30 19:56:10.520] [info] [spider.worker] [TIMING] task_id=ddf875ae-eb61-473c-a889-e09d8c7b832f func=job_orchestration.executor.query.spider_search_task.search_without_channel fetch_input_start=232212728 fetch_input_end=232212728 fetch_input_duration_ms=0
[2026-01-30 19:56:10.521] [info] [spider.worker] [TIMING] task_id=ddf875ae-eb61-473c-a889-e09d8c7b832f func=job_orchestration.executor.query.spider_search_task.search_without_channel input_send_start=232212729 input_send_end=232212729 input_send_duration_ms=0 bytes=626
[2026-01-30 19:56:10.521] [info] [spider.worker] [TIMING] task_id=ddf875ae-eb61-473c-a889-e09d8c7b832f func=job_orchestration.executor.query.spider_search_task.search_without_channel spawn_start=232212729 spawn_end=232212729 spawn_duration_ms=0
[2026-01-30 19:56:11.661] [info] [spider.worker] [TIMING] task_id=ddf875ae-eb61-473c-a889-e09d8c7b832f func=job_orchestration.executor.query.spider_search_task.search_without_channel execution_start=232212729 execution_end=232213869 execution_duration_ms=1139
[2026-01-30 19:56:11.685] [info] [spider.worker] [TIMING] task_id=ddf875ae-eb61-473c-a889-e09d8c7b832f func=job_orchestration.executor.query.spider_search_task.search_without_channel submit_output_start=232213878 submit_output_end=232213893 submit_output_duration_ms=14
[2026-01-30 19:56:11.705] [info] [spider.worker] [TIMING] task_id=3c926542-4670-4152-9b5c-9e9599d62ab7 func=job_orchestration.executor.query.spider_search_task.search_without_channel fetch_input_start=232213912 fetch_input_end=232213913 fetch_input_duration_ms=1
[2026-01-30 19:56:11.705] [info] [spider.worker] [TIMING] task_id=3c926542-4670-4152-9b5c-9e9599d62ab7 func=job_orchestration.executor.query.spider_search_task.search_without_channel input_send_start=232213914 input_send_end=232213914 input_send_duration_ms=0 bytes=626
[2026-01-30 19:56:11.705] [info] [spider.worker] [TIMING] task_id=3c926542-4670-4152-9b5c-9e9599d62ab7 func=job_orchestration.executor.query.spider_search_task.search_without_channel spawn_start=232213913 spawn_end=232213914 spawn_duration_ms=0
[2026-01-30 19:56:13.001] [info] [spider.worker] [TIMING] task_id=3c926542-4670-4152-9b5c-9e9599d62ab7 func=job_orchestration.executor.query.spider_search_task.search_without_channel execution_start=232213914 execution_end=232215209 execution_duration_ms=1295
[2026-01-30 19:56:13.074] [info] [spider.worker] [TIMING] task_id=3c926542-4670-4152-9b5c-9e9599d62ab7 func=job_orchestration.executor.query.spider_search_task.search_without_channel submit_output_start=232215210 submit_output_end=232215282 submit_output_duration_ms=72
[2026-01-30 19:56:13.130] [info] [spider.worker] [TIMING] task_id=d594fd43-28d4-4d00-a4b9-6ba26016d6b1 func=job_orchestration.executor.query.spider_search_task.search_without_channel fetch_input_start=232215337 fetch_input_end=232215338 fetch_input_duration_ms=1
[2026-01-30 19:56:13.131] [info] [spider.worker] [TIMING] task_id=d594fd43-28d4-4d00-a4b9-6ba26016d6b1 func=job_orchestration.executor.query.spider_search_task.search_without_channel input_send_start=232215339 input_send_end=232215339 input_send_duration_ms=0 bytes=626
[2026-01-30 19:56:13.131] [info] [spider.worker] [TIMING] task_id=d594fd43-28d4-4d00-a4b9-6ba26016d6b1 func=job_orchestration.executor.query.spider_search_task.search_without_channel spawn_start=232215339 spawn_end=232215339 spawn_duration_ms=0
[2026-01-30 19:56:14.351] [info] [spider.worker] [TIMING] task_id=d594fd43-28d4-4d00-a4b9-6ba26016d6b1 func=job_orchestration.executor.query.spider_search_task.search_without_channel execution_start=232215339 execution_end=232216559 execution_duration_ms=1219
[2026-01-30 19:56:14.377] [info] [spider.worker] [TIMING] task_id=d594fd43-28d4-4d00-a4b9-6ba26016d6b1 func=job_orchestration.executor.query.spider_search_task.search_without_channel submit_output_start=232216561 submit_output_end=232216585 submit_output_duration_ms=24
[2026-01-30 19:56:14.397] [info] [spider.worker] [TIMING] task_id=fcafc48f-4e8c-4298-996d-9394392f5905 func=job_orchestration.executor.query.spider_search_task.search_without_channel fetch_input_start=232216604 fetch_input_end=232216605 fetch_input_duration_ms=1
[2026-01-30 19:56:14.398] [info] [spider.worker] [TIMING] task_id=fcafc48f-4e8c-4298-996d-9394392f5905 func=job_orchestration.executor.query.spider_search_task.search_without_channel input_send_start=232216606 input_send_end=232216606 input_send_duration_ms=0 bytes=626
[2026-01-30 19:56:14.398] [info] [spider.worker] [TIMING] task_id=fcafc48f-4e8c-4298-996d-9394392f5905 func=job_orchestration.executor.query.spider_search_task.search_without_channel spawn_start=232216605 spawn_end=232216606 spawn_duration_ms=0
[2026-01-30 19:56:15.699] [info] [spider.worker] [TIMING] task_id=fcafc48f-4e8c-4298-996d-9394392f5905 func=job_orchestration.executor.query.spider_search_task.search_without_channel execution_start=232216606 execution_end=232217907 execution_duration_ms=1300
[2026-01-30 19:56:15.746] [info] [spider.worker] [TIMING] task_id=fcafc48f-4e8c-4298-996d-9394392f5905 func=job_orchestration.executor.query.spider_search_task.search_without_channel submit_output_start=232217909 submit_output_end=232217955 submit_output_duration_ms=45
[2026-01-30 19:56:15.790] [info] [spider.worker] [TIMING] task_id=eb29808f-42e9-47e7-a3fe-d7c247c488cb func=job_orchestration.executor.query.spider_search_task.search_without_channel fetch_input_start=232217998 fetch_input_end=232217999 fetch_input_duration_ms=0
[2026-01-30 19:56:15.791] [info] [spider.worker] [TIMING] task_id=eb29808f-42e9-47e7-a3fe-d7c247c488cb func=job_orchestration.executor.query.spider_search_task.search_without_channel input_send_start=232217999 input_send_end=232217999 input_send_duration_ms=0 bytes=626
[2026-01-30 19:56:15.791] [info] [spider.worker] [TIMING] task_id=eb29808f-42e9-47e7-a3fe-d7c247c488cb func=job_orchestration.executor.query.spider_search_task.search_without_channel spawn_start=232217999 spawn_end=232217999 spawn_duration_ms=0
[2026-01-30 19:56:17.064] [info] [spider.worker] [TIMING] task_id=eb29808f-42e9-47e7-a3fe-d7c247c488cb func=job_orchestration.executor.query.spider_search_task.search_without_channel execution_start=232218000 execution_end=232219272 execution_duration_ms=1272
[2026-01-30 19:56:17.100] [info] [spider.worker] [TIMING] task_id=eb29808f-42e9-47e7-a3fe-d7c247c488cb func=job_orchestration.executor.query.spider_search_task.search_without_channel submit_output_start=232219274 submit_output_end=232219308 submit_output_duration_ms=33
[2026-01-30 19:56:17.144] [info] [spider.worker] [TIMING] task_id=6f682cd1-4782-4dba-9da8-6cac052ba412 func=job_orchestration.executor.query.spider_search_task.search_without_channel fetch_input_start=232219351 fetch_input_end=232219352 fetch_input_duration_ms=1
[2026-01-30 19:56:17.144] [info] [spider.worker] [TIMING] task_id=6f682cd1-4782-4dba-9da8-6cac052ba412 func=job_orchestration.executor.query.spider_search_task.search_without_channel input_send_start=232219353 input_send_end=232219353 input_send_duration_ms=0 bytes=626
[2026-01-30 19:56:17.145] [info] [spider.worker] [TIMING] task_id=6f682cd1-4782-4dba-9da8-6cac052ba412 func=job_orchestration.executor.query.spider_search_task.search_without_channel spawn_start=232219352 spawn_end=232219353 spawn_duration_ms=0
[2026-01-30 19:56:18.444] [info] [spider.worker] [TIMING] task_id=6f682cd1-4782-4dba-9da8-6cac052ba412 func=job_orchestration.executor.query.spider_search_task.search_without_channel execution_start=232219353 execution_end=232220653 execution_duration_ms=1299
[2026-01-30 19:56:18.471] [info] [spider.worker] [TIMING] task_id=6f682cd1-4782-4dba-9da8-6cac052ba412 func=job_orchestration.executor.query.spider_search_task.search_without_channel submit_output_start=232220663 submit_output_end=232220679 submit_output_duration_ms=16
[2026-01-30 19:56:18.507] [info] [spider.worker] [TIMING] task_id=aea1a981-6dad-4928-b0a7-d60e51d27aac func=job_orchestration.executor.query.spider_search_task.search_without_channel fetch_input_start=232220714 fetch_input_end=232220715 fetch_input_duration_ms=0
[2026-01-30 19:56:18.507] [info] [spider.worker] [TIMING] task_id=aea1a981-6dad-4928-b0a7-d60e51d27aac func=job_orchestration.executor.query.spider_search_task.search_without_channel input_send_start=232220715 input_send_end=232220715 input_send_duration_ms=0 bytes=626
[2026-01-30 19:56:18.507] [info] [spider.worker] [TIMING] task_id=aea1a981-6dad-4928-b0a7-d60e51d27aac func=job_orchestration.executor.query.spider_search_task.search_without_channel spawn_start=232220715 spawn_end=232220715 spawn_duration_ms=0
[2026-01-30 19:56:19.819] [info] [spider.worker] [TIMING] task_id=aea1a981-6dad-4928-b0a7-d60e51d27aac func=job_orchestration.executor.query.spider_search_task.search_without_channel execution_start=232220716 execution_end=232222027 execution_duration_ms=1311
[2026-01-30 19:56:19.857] [info] [spider.worker] [TIMING] task_id=aea1a981-6dad-4928-b0a7-d60e51d27aac func=job_orchestration.executor.query.spider_search_task.search_without_channel submit_output_start=232222029 submit_output_end=232222066 submit_output_duration_ms=36
[2026-01-30 19:56:19.927] [info] [spider.worker] [TIMING] task_id=a55365c6-5685-41ae-b37f-e988d365d6f9 func=job_orchestration.executor.query.spider_search_task.search_without_channel fetch_input_start=232222134 fetch_input_end=232222135 fetch_input_duration_ms=1
[2026-01-30 19:56:19.927] [info] [spider.worker] [TIMING] task_id=a55365c6-5685-41ae-b37f-e988d365d6f9 func=job_orchestration.executor.query.spider_search_task.search_without_channel input_send_start=232222136 input_send_end=232222136 input_send_duration_ms=0 bytes=626
[2026-01-30 19:56:19.927] [info] [spider.worker] [TIMING] task_id=a55365c6-5685-41ae-b37f-e988d365d6f9 func=job_orchestration.executor.query.spider_search_task.search_without_channel spawn_start=232222135 spawn_end=232222136 spawn_duration_ms=0
[2026-01-30 19:56:21.090] [info] [spider.worker] [TIMING] task_id=a55365c6-5685-41ae-b37f-e988d365d6f9 func=job_orchestration.executor.query.spider_search_task.search_without_channel execution_start=232222136 execution_end=232223298 execution_duration_ms=1161
[2026-01-30 19:56:21.117] [info] [spider.worker] [TIMING] task_id=a55365c6-5685-41ae-b37f-e988d365d6f9 func=job_orchestration.executor.query.spider_search_task.search_without_channel submit_output_start=232223299 submit_output_end=232223326 submit_output_duration_ms=26
[2026-01-30 19:56:21.162] [info] [spider.worker] [TIMING] task_id=45c9ba27-141f-450c-94ee-1fbcc06115df func=job_orchestration.executor.query.spider_search_task.search_without_channel fetch_input_start=232223369 fetch_input_end=232223370 fetch_input_duration_ms=0
[2026-01-30 19:56:21.162] [info] [spider.worker] [TIMING] task_id=45c9ba27-141f-450c-94ee-1fbcc06115df func=job_orchestration.executor.query.spider_search_task.search_without_channel input_send_start=232223371 input_send_e