[2026-01-30 14:53:05.932] [warning] [spider.worker] Prefer using `SPIDER_STORAGE_URL` environment variable over `--storage_url` argument.
[2026-01-30 14:53:48.467] [info] [spider.worker] [TIMING] task_id=aee85efc-d0ea-4539-865d-a3226841e39e func=job_orchestration.executor.compress.spider_compress.compress fetch_input_start=214070674 fetch_input_end=214070676 fetch_input_duration_ms=1
[2026-01-30 14:53:59.788] [info] [spider.worker] [TIMING] task_id=aee85efc-d0ea-4539-865d-a3226841e39e func=job_orchestration.executor.compress.spider_compress.compress execution_start=214070677 execution_end=214081996 execution_duration_ms=11319
[2026-01-30 14:53:59.802] [info] [spider.worker] [TIMING] task_id=aee85efc-d0ea-4539-865d-a3226841e39e func=job_orchestration.executor.compress.spider_compress.compress submit_output_start=214081998 submit_output_end=214082010 submit_output_duration_ms=11
[2026-01-30 14:53:59.822] [info] [spider.worker] [TIMING] task_id=e7cf3a9b-a4e6-40ad-a7dd-0adc0a8117b9 func=job_orchestration.executor.compress.spider_compress.compress fetch_input_start=214082029 fetch_input_end=214082031 fetch_input_duration_ms=1
[2026-01-30 14:54:30.929] [info] [spider.worker] [TIMING] task_id=e7cf3a9b-a4e6-40ad-a7dd-0adc0a8117b9 func=job_orchestration.executor.compress.spider_compress.compress execution_start=214082032 execution_end=214113138 execution_duration_ms=31106
[2026-01-30 14:54:30.950] [info] [spider.worker] [TIMING] task_id=e7cf3a9b-a4e6-40ad-a7dd-0adc0a8117b9 func=job_orchestration.executor.compress.spider_compress.compress submit_output_start=214113141 submit_output_end=214113158 submit_output_duration_ms=17
[2026-01-30 14:54:30.977] [info] [spider.worker] [TIMING] task_id=c91ed1ad-d3e2-412e-8405-e19225f34b2d func=job_orchestration.executor.compress.spider_compress.compress fetch_input_start=214113184 fetch_input_end=214113185 fetch_input_duration_ms=0
[2026-01-30 14:54:49.066] [info] [spider.worker] [TIMING] task_id=c91ed1ad-d3e2-412e-8405-e19225f34b2d func=job_orchestration.executor.compress.spider_compress.compress execution_start=214113186 execution_end=214131274 execution_duration_ms=18088
[2026-01-30 14:54:49.081] [info] [spider.worker] [TIMING] task_id=c91ed1ad-d3e2-412e-8405-e19225f34b2d func=job_orchestration.executor.compress.spider_compress.compress submit_output_start=214131276 submit_output_end=214131290 submit_output_duration_ms=14
[2026-01-30 14:54:49.116] [info] [spider.worker] [TIMING] task_id=aa42db4a-5d18-4e8e-8d3d-95b27ffbb474 func=job_orchestration.executor.compress.spider_compress.compress fetch_input_start=214131323 fetch_input_end=214131324 fetch_input_duration_ms=1
[2026-01-30 14:55:13.280] [info] [spider.worker] [TIMING] task_id=aa42db4a-5d18-4e8e-8d3d-95b27ffbb474 func=job_orchestration.executor.compress.spider_compress.compress execution_start=214131325 execution_end=214155489 execution_duration_ms=24164
[2026-01-30 14:55:13.289] [info] [spider.worker] [TIMING] task_id=aa42db4a-5d18-4e8e-8d3d-95b27ffbb474 func=job_orchestration.executor.compress.spider_compress.compress submit_output_start=214155490 submit_output_end=214155497 submit_output_duration_ms=6
[2026-01-30 14:55:13.328] [info] [spider.worker] [TIMING] task_id=3dae775f-9af1-4a31-9eeb-237cb036886f func=job_orchestration.executor.compress.spider_compress.compress fetch_input_start=214155535 fetch_input_end=214155536 fetch_input_duration_ms=1
[2026-01-30 14:55:30.685] [info] [spider.worker] [TIMING] task_id=3dae775f-9af1-4a31-9eeb-237cb036886f func=job_orchestration.executor.compress.spider_compress.compress execution_start=214155537 execution_end=214172893 execution_duration_ms=17356
[2026-01-30 14:55:30.726] [info] [spider.worker] [TIMING] task_id=3dae775f-9af1-4a31-9eeb-237cb036886f func=job_orchestration.executor.compress.spider_compress.compress submit_output_start=214172895 submit_output_end=214172934 submit_output_duration_ms=39
[2026-01-30 14:55:30.749] [info] [spider.worker] [TIMING] task_id=fff2a85c-8cd4-4d85-bf7f-b4f9cfcb2904 func=job_orchestration.executor.compress.spider_compress.compress fetch_input_start=214172956 fetch_input_end=214172957 fetch_input_duration_ms=0
[2026-01-30 14:55:41.893] [info] [spider.worker] [TIMING] task_id=fff2a85c-8cd4-4d85-bf7f-b4f9cfcb2904 func=job_orchestration.executor.compress.spider_compress.compress execution_start=214172958 execution_end=214184102 execution_duration_ms=11143
[2026-01-30 14:55:41.925] [info] [spider.worker] [TIMING] task_id=fff2a85c-8cd4-4d85-bf7f-b4f9cfcb2904 func=job_orchestration.executor.compress.spider_compress.compress submit_output_start=214184103 submit_output_end=214184133 submit_output_duration_ms=30
[2026-01-30 14:55:41.950] [info] [spider.worker] [TIMING] task_id=b3e8a7cc-dd6e-4ca6-8331-e2ae81769a83 func=job_orchestration.executor.compress.spider_compress.compress fetch_input_start=214184157 fetch_input_end=214184158 fetch_input_duration_ms=1
[2026-01-30 14:55:53.800] [info] [spider.worker] [TIMING] task_id=b3e8a7cc-dd6e-4ca6-8331-e2ae81769a83 func=job_orchestration.executor.compress.spider_compress.compress execution_start=214184159 execution_end=214196009 execution_duration_ms=11849
[2026-01-30 14:55:53.821] [info] [spider.worker] [TIMING] task_id=b3e8a7cc-dd6e-4ca6-8331-e2ae81769a83 func=job_orchestration.executor.compress.spider_compress.compress submit_output_start=214196012 submit_output_end=214196029 submit_output_duration_ms=17
[2026-01-30 14:55:53.872] [info] [spider.worker] [TIMING] task_id=9218fac9-3d48-4690-a834-d0e51ecab9df func=job_orchestration.executor.compress.spider_compress.compress fetch_input_start=214196079 fetch_input_end=214196080 fetch_input_duration_ms=1
[2026-01-30 14:56:28.396] [info] [spider.worker] [TIMING] task_id=9218fac9-3d48-4690-a834-d0e51ecab9df func=job_orchestration.executor.compress.spider_compress.compress execution_start=214196081 execution_end=214230604 execution_duration_ms=34523
[2026-01-30 14:56:28.469] [info] [spider.worker] [TIMING] task_id=9218fac9-3d48-4690-a834-d0e51ecab9df func=job_orchestration.executor.compress.spider_compress.compress submit_output_start=214230614 submit_output_end=214230677 submit_output_duration_ms=62
[2026-01-30 14:56:28.497] [info] [spider.worker] [TIMING] task_id=e166e499-67db-44f3-a34e-8505308d9b09 func=job_orchestration.executor.compress.spider_compress.compress fetch_input_start=214230704 fetch_input_end=214230705 fetch_input_duration_ms=0
[2026-01-30 14:56:45.693] [info] [spider.worker] [TIMING] task_id=e166e499-67db-44f3-a34e-8505308d9b09 func=job_orchestration.executor.compress.spider_compress.compress execution_start=214230706 execution_end=214247902 execution_duration_ms=17195
[2026-01-30 14:56:45.710] [info] [spider.worker] [TIMING] task_id=e166e499-67db-44f3-a34e-8505308d9b09 func=job_orchestration.executor.compress.spider_compress.compress submit_output_start=214247904 submit_output_end=214247918 submit_output_duration_ms=14
[2026-01-30 14:56:45.751] [info] [spider.worker] [TIMING] task_id=ef447a4b-319f-419c-bbfc-e22ad3fdde87 func=job_orchestration.executor.compress.spider_compress.compress fetch_input_start=214247958 fetch_input_end=214247959 fetch_input_duration_ms=1
[2026-01-30 14:56:55.234] [info] [spider.worker] [TIMING] task_id=ef447a4b-319f-419c-bbfc-e22ad3fdde87 func=job_orchestration.executor.compress.spider_compress.compress execution_start=214247960 execution_end=214257443 execution_duration_ms=9482
[2026-01-30 14:56:55.259] [info] [spider.worker] [TIMING] task_id=ef447a4b-319f-419c-bbfc-e22ad3fdde87 func=job_orchestration.executor.compress.spider_compress.compress submit_output_start=214257445 submit_output_end=214257467 submit_output_duration_ms=22
[2026-01-30 14:56:55.278] [info] [spider.worker] [TIMING] task_id=acd96aeb-abcb-4825-bde7-ee5c8b7e69ed func=job_orchestration.executor.compress.spider_compress.compress fetch_input_start=214257485 fetch_input_end=214257486 fetch_input_duration_ms=0
[2026-01-30 14:57:05.334] [info] [spider.worker] [TIMING] task_id=acd96aeb-abcb-4825-bde7-ee5c8b7e69ed func=job_orchestration.executor.compress.spider_compress.compress execution_start=214257487 execution_end=214267542 execution_duration_ms=10055
[2026-01-30 14:57:05.358] [info] [spider.worker] [TIMING] task_id=acd96aeb-abcb-4825-bde7-ee5c8b7e69ed func=job_orchestration.executor.compress.spider_compress.compress submit_output_start=214267545 submit_output_end=214267567 submit_output_duration_ms=22
[2026-01-30 14:57:05.369] [info] [spider.worker] [TIMING] task_id=55137c36-a4c5-44c3-b9de-cb189878d026 func=job_orchestration.executor.compress.spider_compress.compress fetch_input_start=214267576 fetch_input_end=214267577 fetch_input_duration_ms=0
[2026-01-30 14:57:18.310] [info] [spider.worker] [TIMING] task_id=55137c36-a4c5-44c3-b9de-cb189878d026 func=job_orchestration.executor.compress.spider_compress.compress execution_start=214267578 execution_end=214280519 execution_duration_ms=12941
[2026-01-30 14:57:18.332] [info] [spider.worker] [TIMING] task_id=55137c36-a4c5-44c3-b9de-cb189878d026 func=job_orchestration.executor.compress.spider_compress.compress submit_output_start=214280520 submit_output_end=214280541 submit_output_duration_ms=20
[2026-01-30 14:57:18.366] [info] [spider.worker] [TIMING] task_id=94125c73-4312-4bf8-9bdd-f88d0fd21aa1 func=job_orchestration.executor.compress.spider_compress.compress fetch_input_start=214280573 fetch_input_end=214280574 fetch_input_duration_ms=0
[2026-01-30 14:57:31.533] [info] [spider.worker] [TIMING] task_id=94125c73-4312-4bf8-9bdd-f88d0fd21aa1 func=job_orchestration.executor.compress.spider_compress.compress execution_start=214280575 execution_end=214293742 execution_duration_ms=13167
[2026-01-30 14:57:31.599] [info] [spider.worker] [TIMING] task_id=94125c73-4312-4bf8-9bdd-f88d0fd21aa1 func=job_orchestration.executor.compress.spider_compress.compress submit_output_start=214293743 submit_output_end=214293807 submit_output_duration_ms=64
[2026-01-30 14:57:31.609] [info] [spider.worker] [TIMING] task_id=ee9188e9-2beb-4d0f-b272-292e3f7c59d7 func=job_orchestration.executor.compress.spider_compress.compress fetch_input_start=214293817 fetch_input_end=214293818 fetch_input_duration_ms=0
[2026-01-30 14:57:47.767] [info] [spider.worker] [TIMING] task_id=ee9188e9-2beb-4d0f-b272-292e3f7c59d7 func=job_orchestration.executor.compress.spider_compress.compress execution_start=214293818 execution_end=214309975 execution_duration_ms=16156
[2026-01-30 14:57:47.805] [info] [spider.worker] [TIMING] task_id=ee9188e9-2beb-4d0f-b272-292e3f7c59d7 func=job_orchestration.executor.compress.spider_compress.compress submit_output_start=214309978 submit_output_end=214310014 submit_output_duration_ms=36
[2026-01-30 14:57:47.826] [info] [spider.worker] [TIMING] task_id=72e9d292-4101-47d9-91f0-8eb9d94fe6c9 func=job_orchestration.executor.compress.spider_compress.compress fetch_input_start=214310033 fetch_input_end=214310035 fetch_input_duration_ms=1
[2026-01-30 14:58:13.499] [info] [spider.worker] [TIMING] task_id=72e9d292-4101-47d9-91f0-8eb9d94fe6c9 func=job_orchestration.executor.compress.spider_compress.compress execution_start=214310035 execution_end=214335707 execution_duration_ms=25671
[2026-01-30 14:58:13.514] [info] [spider.worker] [TIMING] task_id=72e9d292-4101-47d9-91f0-8eb9d94fe6c9 func=job_orchestration.executor.compress.spider_compress.compress submit_output_start=214335709 submit_output_end=214335723 submit_output_duration_ms=13
[2026-01-30 14:58:13.526] [info] [spider.worker] [TIMING] task_id=b3c64518-ae3b-4df8-8c31-c97d572c9606 func=job_orchestration.executor.compress.spider_compress.compress fetch_input_start=214335733 fetch_input_end=214335734 fetch_input_duration_ms=1
[2026-01-30 14:58:24.806] [info] [spider.worker] [TIMING] task_id=b3c64518-ae3b-4df8-8c31-c97d572c9606 func=job_orchestration.executor.compress.spider_compress.compress execution_start=214335734 execution_end=214347015 execution_duration_ms=11280
[2026-01-30 14:58:24.843] [info] [spider.worker] [TIMING] task_id=b3c64518-ae3b-4df8-8c31-c97d572c9606 func=job_orchestration.executor.compress.spider_compress.compress submit_output_start=214347016 submit_output_end=214347051 submit_output_duration_ms=35
[2026-01-30 14:58:24.866] [info] [spider.worker] [TIMING] task_id=aa44276b-1897-4f31-93bb-65364db8785e func=job_orchestration.executor.compress.spider_compress.compress fetch_input_start=214347073 fetch_input_end=214347074 fetch_input_duration_ms=1
[2026-01-30 14:58:36.108] [info] [spider.worker] [TIMING] task_id=aa44276b-1897-4f31-93bb-65364db8785e func=job_orchestration.executor.compress.spider_compress.compress execution_start=214347075 execution_end=214358317 execution_duration_ms=11241
[2026-01-30 14:58:36.121] [info] [spider.worker] [TIMING] task_id=aa44276b-1897-4f31-93bb-65364db8785e func=job_orchestration.executor.compress.spider_compress.compress submit_output_start=214358319 submit_output_end=214358329 submit_output_duration_ms=10
[2026-01-30 14:58:36.132] [info] [spider.worker] [TIMING] task_id=689bb335-37ce-414d-be6a-e9f5c73d776f func=job_orchestration.executor.compress.spider_compress.compress fetch_input_start=214358339 fetch_input_end=214358340 fetch_input_duration_ms=0
[2026-01-30 14:59:09.087] [info] [spider.worker] [TIMING] task_id=689bb335-37ce-414d-be6a-e9f5c73d776f func=job_orchestration.executor.compress.spider_compress.compress execution_start=214358341 execution_end=214391295 execution_duration_ms=32954
[2026-01-30 14:59:09.095] [info] [spider.worker] [TIMING] task_id=689bb335-37ce-414d-be6a-e9f5c73d776f func=job_orchestration.executor.compress.spider_compress.compress submit_output_start=214391297 submit_output_end=214391303 submit_output_duration_ms=6
[2026-01-30 14:59:09.115] [info] [spider.worker] [TIMING] task_id=90ce9285-16ca-467b-80fb-8c4c6d4875b3 func=job_orchestration.executor.compress.spider_compress.compress fetch_input_start=214391322 fetch_input_end=214391324 fetch_input_duration_ms=1
[2026-01-30 14:59:18.830] [info] [spider.worker] [TIMING] task_id=90ce9285-16ca-467b-80fb-8c4c6d4875b3 func=job_orchestration.executor.compress.spider_compress.compress execution_start=214391324 execution_end=214401038 execution_duration_ms=9713
[2026-01-30 14:59:18.853] [info] [spider.worker] [TIMING] task_id=90ce9285-16ca-467b-80fb-8c4c6d4875b3 func=job_orchestration.executor.compress.spider_compress.compress submit_output_start=214401040 submit_output_end=214401062 submit_output_duration_ms=21
[2026-01-30 14:59:18.873] [info] [spider.worker] [TIMING] task_id=5652bf5a-a0d6-4e93-9b89-f39789c73cbd func=job_orchestration.executor.compress.spider_compress.compress fetch_input_start=214401080 fetch_input_end=214401081 fetch_input_duration_ms=1
[2026-01-30 14:59:29.579] [info] [spider.worker] [TIMING] task_id=5652bf5a-a0d6-4e93-9b89-f39789c73cbd func=job_orchestration.executor.compress.spider_compress.compress execution_start=214401082 execution_end=214411787 execution_duration_ms=10705
[2026-01-30 14:59:29.587] [info] [spider.worker] [TIMING] task_id=5652bf5a-a0d6-4e93-9b89-f39789c73cbd func=job_orchestration.executor.compress.spider_compress.compress submit_output_start=214411789 submit_output_end=214411795 submit_output_duration_ms=6
[2026-01-30 14:59:29.607] [info] [spider.worker] [TIMING] task_id=13373a9d-e201-4f7f-a7f4-209a3cc382cf func=job_orchestration.executor.compress.spider_compress.compress fetch_input_start=214411814 fetch_input_end=214411815 fetch_input_duration_ms=1
[2026-01-30 14:59:39.120] [info] [spider.worker] [TIMING] task_id=13373a9d-e201-4f7f-a7f4-209a3cc382cf func=job_orchestration.executor.compress.spider_compress.compress execution_start=214411816 execution_end=214421328 execution_duration_ms=9512
[2026-01-30 14:59:39.155] [info] [spider.worker] [TIMING] task_id=13373a9d-e201-4f7f-a7f4-209a3cc382cf func=job_orchestration.executor.compress.spider_compress.compress submit_output_start=214421330 submit_output_end=214421363 submit_output_duration_ms=32
[2026-01-30 14:59:39.172] [info] [spider.worker] [TIMING] task_id=d9bf0d7c-a392-46e7-ad9a-393f3e7df049 func=job_orchestration.executor.compress.spider_compress.compress fetch_input_start=214421379 fetch_input_end=214421380 fetch_input_duration_ms=0
[2026-01-30 14:59:57.611] [info] [spider.worker] [TIMING] task_id=d9bf0d7c-a392-46e7-ad9a-393f3e7df049 func=job_orchestration.executor.compress.spider_compress.compress execution_start=214421381 execution_end=214439819 execution_duration_ms=18438
[2026-01-30 14:59:57.648] [info] [spider.worker] [TIMING] task_id=d9bf0d7c-a392-46e7-ad9a-393f3e7df049 func=job_orchestration.executor.compress.spider_compress.compress submit_output_start=214439821 submit_output_end=214439857 submit_output_duration_ms=35
[2026-01-30 14:59:57.673] [info] [spider.worker] [TIMING] task_id=20fc4c62-b19f-43f2-b07e-d7cbbd756ec3 func=job_orchestration.executor.compress.spider_compress.compress fetch_input_start=214439880 fetch_input_end=214439881 fetch_input_duration_ms=1
[2026-01-30 15:00:21.629] [info] [spider.worker] [TIMING] task_id=20fc4c62-b19f-43f2-b07e-d7cbbd756ec3 func=job_orchestration.executor.compress.spider_compress.compress execution_start=214439882 execution_end=214463837 execution_duration_ms=23955
[2026-01-30 15:00:21.661] [info] [spider.worker] [TIMING] task_id=20fc4c62-b19f-43f2-b07e-d7cbbd756ec3 func=job_orchestration.executor.compress.spider_compress.compress submit_output_start=214463839 submit_output_end=214463869 submit_output_duration_ms=30
[2026-01-30 15:00:21.671] [info] [spider.worker] [TIMING] task_id=43a5ae0f-c38a-4234-9cf6-c4414b7cef1f func=job_orchestration.executor.compress.spider_compress.compress fetch_input_start=214463879 fetch_input_end=214463879 fetch_input_duration_ms=0
[2026-01-30 15:00:49.686] [info] [spider.worker] [TIMING] task_id=43a5ae0f-c38a-4234-9cf6-c4414b7cef1f func=job_orchestration.executor.compress.spider_compress.compress execution_start=214463880 execution_end=214491895 execution_duration_ms=28014
[2026-01-30 15:00:49.710] [info] [spider.worker] [TIMING] task_id=43a5ae0f-c38a-4234-9cf6-c4414b7cef1f func=job_orchestration.executor.compress.spider_compress.compress submit_output_start=214491897 submit_output_end=214491918 submit_output_duration_ms=21
[2026-01-30 15:00:49.720] [info] [spider.worker] [TIMING] task_id=7c7b583c-3702-4b00-9271-da1980041b90 func=job_orchestration.executor.compress.spider_compress.compress fetch_input_start=214491928 fetch_input_end=214491928 fetch_input_duration_ms=0
[2026-01-30 15:00:59.621] [info] [spider.worker] [TIMING] task_id=7c7b583c-3702-4b00-9271-da1980041b90 func=job_orchestration.executor.compress.spider_compress.compress execution_start=214491929 execution_end=214501829 execution_duration_ms=9900
[2026-01-30 15:00:59.634] [info] [spider.worker] [TIMING] task_id=7c7b583c-3702-4b00-9271-da1980041b90 func=job_orchestration.executor.compress.spider_compress.compress submit_output_start=214501831 submit_output_end=214501843 submit_output_duration_ms=11
[2026-01-30 15:00:59.673] [info] [spider.worker] [TIMING] task_id=02c5604f-be9d-4a6f-ada1-3c6a7b5da4fa func=job_orchestration.executor.compress.spider_compress.compress fetch_input_start=214501880 fetch_input_end=214501881 fetch_input_duration_ms=0
[2026-01-30 15:01:42.658] [info] [spider.worker] [TIMING] task_id=02c5604f-be9d-4a6f-ada1-3c6a7b5da4fa func=job_orchestration.executor.compress.spider_compress.compress execution_start=214501882 execution_end=214544866 execution_duration_ms=42983
[2026-01-30 15:01:42.695] [info] [spider.worker] [TIMING] task_id=02c5604f-be9d-4a6f-ada1-3c6a7b5da4fa func=job_orchestration.executor.compress.spider_compress.compress submit_output_start=214544868 submit_output_end=214544904 submit_output_duration_ms=36
[2026-01-30 15:01:42.720] [info] [spider.worker] [TIMING] task_id=1c807f7d-395e-4ebf-aa77-87beeff7fd87 func=job_orchestration.executor.compress.spider_compress.compress fetch_input_start=214544927 fetch_input_end=214544928 fetch_input_duration_ms=0
[2026-01-30 15:01:53.176] [info] [spider.worker] [TIMING] task_id=1c807f7d-395e-4ebf-aa77-87beeff7fd87 func=job_orchestration.executor.compress.spider_compress.compress execution_start=214544929 execution_end=214555385 execution_duration_ms=10455
[2026-01-30 15:01:53.222] [info] [spider.worker] [TIMING] task_id=1c807f7d-395e-4ebf-aa77-87beeff7fd87 func=job_orchestration.executor.compress.spider_compress.compress submit_output_start=214555388 submit_output_end=214555430 submit_output_duration_ms=42
[2026-01-30 15:01:53.246] [info] [spider.worker] [TIMING] task_id=ebef8495-9783-49f0-a55d-ae8a3abbe89a func=job_orchestration.executor.compress.spider_compress.compress fetch_input_start=214555453 fetch_input_end=214555455 fetch_input_duration_ms=1
[2026-01-30 15:02:17.233] [info] [spider.worker] [TIMING] task_id=ebef8495-9783-49f0-a55d-ae8a3abbe89a func=job_orchestration.executor.compress.spider_compress.compress execution_start=214555455 execution_end=214579441 execution_duration_ms=23985
[2026-01-30 15:02:17.265] [info] [spider.worker] [TIMING] task_id=ebef8495-9783-49f0-a55d-ae8a3abbe89a func=job_orchestration.executor.compress.spider_compress.compress submit_output_start=214579444 submit_output_end=214579473 submit_output_duration_ms=28
[2026-01-30 15:02:17.286] [info] [spider.worker] [TIMING] task_id=08c57114-dd21-48e9-8951-75f54e8d2733 func=job_orchestration.executor.compress.spider_compress.compress fetch_input_start=214579494 fetch_input_end=214579494 fetch_input_duration_ms=0
[2026-01-30 15:03:01.863] [info] [spider.worker] [TIMING] task_id=08c57114-dd21-48e9-8951-75f54e8d2733 func=job_orchestration.executor.compress.spider_compress.compress execution_start=214579495 execution_end=214624071 execution_duration_ms=44576
[2026-01-30 15:03:01.881] [info] [spider.worker] [TIMING] task_id=08c57114-dd21-48e9-8951-75f54e8d2733 func=job_orchestration.executor.compress.spider_compress.compress submit_output_start=214624075 submit_output_end=214624090 submit_output_duration_ms=15
[2026-01-30 15:03:01.918] [info] [spider.worker] [TIMING] task_id=7c1b8328-f49f-4da9-91e4-af1d8093a4fa func=job_orchestration.executor.compress.spider_compress.compress fetch_input_start=214624125 fetch_input_end=214624126 fetch_input_duration_ms=0
[2026-01-30 15:03:12.860] [info] [spider.worker] [TIMING] task_id=7c1b8328-f49f-4da9-91e4-af1d8093a4fa func=job_orchestration.executor.compress.spider_compress.compress execution_start=214624127 execution_end=214635069 execution_duration_ms=10941
[2026-01-30 15:03:12.889] [info] [spider.worker] [TIMING] task_id=7c1b8328-f49f-4da9-91e4-af1d8093a4fa func=job_orchestration.executor.compress.spider_compress.compress submit_output_start=214635071 submit_output_end=214635098 submit_output_duration_ms=27
[2026-01-30 15:03:12.900] [info] [spider.worker] [TIMING] task_id=9dc0ce96-9b2a-442a-bbb3-0c116b94eb12 func=job_orchestration.executor.compress.spider_compress.compress fetch_input_start=214635107 fetch_input_end=214635108 fetch_input_duration_ms=1
[2026-01-30 15:03:33.035] [info] [spider.worker] [TIMING] task_id=9dc0ce96-9b2a-442a-bbb3-0c116b94eb12 func=job_orchestration.executor.compress.spider_compress.compress execution_start=214635109 execution_end=214655243 execution_duration_ms=20134
[2026-01-30 15:03:33.072] [info] [spider.worker] [TIMING] task_id=9dc0ce96-9b2a-442a-bbb3-0c116b94eb12 func=job_orchestration.executor.compress.spider_compress.compress submit_output_start=214655246 submit_output_end=214655280 submit_output_duration_ms=34
[2026-01-30 15:03:33.115] [info] [spider.worker] [TIMING] task_id=f1d4ec3f-a2f6-4f5a-a505-871779820df1 func=job_orchestration.executor.compress.spider_compress.compress fetch_input_start=214655323 fetch_input_end=214655324 fetch_input_duration_ms=0
[2026-01-30 15:03:43.680] [info] [spider.worker] [TIMING] task_id=f1d4ec3f-a2f6-4f5a-a505-871779820df1 func=job_orchestration.executor.compress.spider_compress.compress execution_start=214655325 execution_end=214665888 execution_duration_ms=10563
[2026-01-30 15:03:43.704] [info] [spider.worker] [TIMING] task_id=f1d4ec3f-a2f6-4f5a-a505-871779820df1 func=job_orchestration.executor.compress.spider_compress.compress submit_output_start=214665890 submit_output_end=214665912 submit_output_duration_ms=21
[2026-01-30 15:03:43.725] [info] [spider.worker] [TIMING] task_id=2d9a1f9e-0ce4-4f20-9bb8-37e271b3ae22 func=job_orchestration.executor.compress.spider_compress.compress fetch_input_start=214665932 fetch_input_end=214665933 fetch_input_duration_ms=1
[2026-01-30 15:03:55.619] [info] [spider.worker] [TIMING] task_id=2d9a1f9e-0ce4-4f20-9bb8-37e271b3ae22 func=job_orchestration.executor.compress.spider_compress.compress execution_start=214665934 execution_end=214677827 execution_duration_ms=11893
[2026-01-30 15:03:55.627] [info] [spider.worker] [TIMING] task_id=2d9a1f9e-0ce4-4f20-9bb8-37e271b3ae22 func=job_orchestration.executor.compress.spider_compress.compress submit_output_start=214677829 submit_output_end=214677836 submit_output_duration_ms=6
[2026-01-30 15:03:55.655] [info] [spider.worker] [TIMING] task_id=4553b3a5-f7de-423e-a174-661fe4439afb func=job_orchestration.executor.compress.spider_compress.compress fetch_input_start=214677862 fetch_input_end=214677863 fetch_input_duration_ms=1
[2026-01-30 15:04:07.196] [info] [spider.worker] [TIMING] task_id=4553b3a5-f7de-423e-a174-661fe4439afb func=job_orchestration.executor.compress.spider_compress.compress execution_start=214677864 execution_end=214689405 execution_duration_ms=11540
[2026-01-30 15:04:07.218] [info] [spider.worker] [TIMING] task_id=4553b3a5-f7de-423e-a174-661fe4439afb func=job_orchestration.executor.compress.spider_compress.compress submit_output_start=214689406 submit_output_end=214689427 submit_output_duration_ms=20
[2026-01-30 15:04:07.230] [info] [spider.worker] [TIMING] task_id=8c1a0963-830d-4d8a-87e0-1f0788d89e7c func=job_orchestration.executor.compress.spider_compress.compress fetch_input_start=214689437 fetch_input_end=214689438 fetch_input_duration_ms=1
[2026-01-30 15:04:34.780] [info] [spider.worker] [TIMING] task_id=8c1a0963-830d-4d8a-87e0-1f0788d89e7c func=job_orchestration.executor.compress.spider_compress.compress execution_start=214689439 execution_end=214716989 execution_duration_ms=27549
[2026-01-30 15:04:34.907] [info] [spider.worker] [TIMING] task_id=8c1a0963-830d-4d8a-87e0-1f0788d89e7c func=job_orchestration.executor.compress.spider_compress.compress submit_output_start=214717022 submit_output_end=214717115 submit_output_duration_ms=93
[2026-01-30 15:04:34.936] [info] [spider.worker] [TIMING] task_id=ab211dd1-e022-4345-8b4f-dec4f3da32de func=job_orchestration.executor.compress.spider_compress.compress fetch_input_start=214717144 fetch_input_end=214717145 fetch_input_duration_ms=1
[2026-01-30 15:05:10.246] [info] [spider.worker] [TIMING] task_id=ab211dd1-e022-4345-8b4f-dec4f3da32de func=job_orchestration.executor.compress.spider_compress.compress execution_start=214717145 execution_end=214752454 execution_duration_ms=35308
[2026-01-30 15:05:10.372] [info] [spider.worker] [TIMING] task_id=ab211dd1-e022-4345-8b4f-dec4f3da32de func=job_orchestration.executor.compress.spider_compress.compress submit_output_start=214752456 submit_output_end=214752581 submit_output_duration_ms=124
[2026-01-30 15:05:10.892] [info] [spider.worker] [TIMING] task_id=e1a2f5ee-79de-4a8e-9e45-a2eea84d2003 func=job_orchestration.executor.compress.spider_compress.compress fetch_input_start=214753099 fetch_input_end=214753100 fetch_input_duration_ms=1
[2026-01-30 15:05:29.371] [info] [spider.worker] [TIMING] task_id=e1a2f5ee-79de-4a8e-9e45-a2eea84d2003 func=job_orchestration.executor.compress.spider_compress.compress execution_start=214753100 execution_end=214771579 execution_duration_ms=18478
[2026-01-30 15:05:29.847] [info] [spider.worker] [TIMING] task_id=e1a2f5ee-79de-4a8e-9e45-a2eea84d2003 func=job_orchestration.executor.compress.spider_compress.compress submit_output_start=214771582 submit_output_end=214772055 submit_output_duration_ms=473
[2026-01-30 15:05:31.279] [info] [spider.worker] [TIMING] task_id=3adbf6e9-3fb0-41f1-b15d-e1d626fe3a0c func=job_orchestration.executor.compress.spider_compress.compress fetch_input_start=214773486 fetch_input_end=214773488 fetch_input_duration_ms=1
[2026-01-30 15:05:43.518] [info] [spider.worker] [TIMING] task_id=3adbf6e9-3fb0-41f1-b15d-e1d626fe3a0c func=job_orchestration.executor.compress.spider_compress.compress execution_start=214773488 execution_end=214785726 execution_duration_ms=12237
[2026-01-30 15:05:44.040] [info] [spider.worker] [TIMING] task_id=3adbf6e9-3fb0-41f1-b15d-e1d626fe3a0c func=job_orchestration.executor.compress.spider_compress.compress submit_output_start=214785727 submit_output_end=214786249 submit_output_duration_ms=521
[2026-01-30 15:05:44.280] [info] [spider.worker] [TIMING] task_id=1c92dd97-dbb0-4e1d-8596-0ef00bf68b97 func=job_orchestration.executor.compress.spider_compress.compress fetch_input_start=214786488 fetch_input_end=214786488 fetch_input_duration_ms=0
[2026-01-30 15:05:55.207] [info] [spider.worker] [TIMING] task_id=1c92dd97-dbb0-4e1d-8596-0ef00bf68b97 func=job_orchestration.executor.compress.spider_compress.compress execution_start=214786489 execution_end=214797416 execution_duration_ms=10926
[2026-01-30 15:05:55.227] [info] [spider.worker] [TIMING] task_id=1c92dd97-dbb0-4e1d-8596-0ef00bf68b97 func=job_orchestration.executor.compress.spider_compress.compress submit_output_start=214797417 submit_output_end=214797435 submit_output_duration_ms=17
[2026-01-30 15:05:55.237] [info] [spider.worker] [TIMING] task_id=d103a096-6685-41d1-ac7d-fa6978c491c4 func=job_orchestration.executor.compress.spider_compress.compress fetch_input_start=214797445 fetch_input_end=214797445 fetch_input_duration_ms=0
[2026-01-30 15:06:05.671] [info] [spider.worker] [TIMING] task_id=d103a096-6685-41d1-ac7d-fa6978c491c4 func=job_orchestration.executor.compress.spider_compress.compress execution_start=214797446 execution_end=214807879 execution_duration_ms=10433
[2026-01-30 15:06:05.685] [info] [spider.worker] [TIMING] task_id=d103a096-6685-41d1-ac7d-fa6978c491c4 func=job_orchestration.executor.compress.spider_compress.compress submit_output_start=214807881 submit_output_end=214807893 submit_output_duration_ms=11
[2026-01-30 15:06:05.695] [info] [spider.worker] [TIMING] task_id=a151cebd-af72-4994-a8e9-f18b20e8c018 func=job_orchestration.executor.compress.spider_compress.compress fetch_input_start=214807902 fetch_input_end=214807903 fetch_input_duration_ms=1
[2026-01-30 15:06:24.130] [info] [spider.worker] [TIMING] task_id=a151cebd-af72-4994-a8e9-f18b20e8c018 func=job_orchestration.executor.compress.spider_compress.compress execution_start=214807904 execution_end=214826338 execution_duration_ms=18434
[2026-01-30 15:06:24.142] [info] [spider.worker] [TIMING] task_id=a151cebd-af72-4994-a8e9-f18b20e8c018 func=job_orchestration.executor.compress.spider_compress.compress submit_output_start=214826340 submit_output_end=214826350 submit_output_duration_ms=9
[2026-01-30 15:06:24.161] [info] [spider.worker] [TIMING] task_id=24ff3d18-2e7f-477b-a828-523693737621 func=job_orchestration.executor.compress.spider_compress.compress fetch_input_start=214826368 fetch_input_end=214826370 fetch_input_duration_ms=1
[2026-01-30 15:06:38.760] [info] [spider.worker] [TIMING] task_id=24ff3d18-2e7f-477b-a828-523693737621 func=job_orchestration.executor.compress.spider_compress.compress execution_start=214826371 execution_end=214840969 execution_duration_ms=14597
[2026-01-30 15:06:38.773] [info] [spider.worker] [TIMING] task_id=24ff3d18-2e7f-477b-a828-523693737621 func=job_orchestration.executor.compress.spider_compress.compress submit_output_start=214840970 submit_output_end=214840982 submit_output_duration_ms=11
[2026-01-30 15:06:38.784] [info] [spider.worker] [TIMING] task_id=5a4658a1-af3b-4bc6-8df2-023a12c3f3a7 func=job_orchestration.executor.compress.spider_compress.compress fetch_input_start=214840992 fetch_input_end=214840993 fetch_input_duration_ms=1
[2026-01-30 15:06:49.013] [info] [spider.worker] [TIMING] task_id=5a4658a1-af3b-4bc6-8df2-023a12c3f3a7 func=job_orchestration.executor.compress.spider_compress.compress execution_start=214840994 execution_end=214851222 execution_duration_ms=10228
[2026-01-30 15:06:49.040] [info] [spider.worker] [TIMING] task_id=5a4658a1-af3b-4bc6-8df2-023a12c3f3a7 func=job_orchestration.executor.compress.spider_compress.compress submit_output_start=214851232 submit_output_end=214851248 submit_output_duration_ms=16
[2026-01-30 15:06:49.050] [info] [spider.worker] [TIMING] task_id=c1e91c78-2b3e-4d23-90fa-6a0c5d6a9b3c func=job_orchestration.executor.compress.spider_compress.compress fetch_input_start=214851257 fetch_input_end=214851258 fetch_input_duration_ms=0
[2026-01-30 15:07:00.067] [info] [spider.worker] [TIMING] task_id=c1e91c78-2b3e-4d23-90fa-6a0c5d6a9b3c func=job_orchestration.executor.compress.spider_compress.compress execution_start=214851259 execution_end=214862276 execution_duration_ms=11016
[2026-01-30 15:07:00.081] [info] [spider.worker] [TIMING] task_id=c1e91c78-2b3e-4d23-90fa-6a0c5d6a9b3c func=job_orchestration.executor.compress.spider_compress.compress submit_output_start=214862278 submit_output_end=214862289 submit_output_duration_ms=11
[2026-01-30 15:07:00.091] [info] [spider.worker] [TIMING] task_id=9dc79bfd-2f4e-4d52-b699-a2e758c85238 func=job_orchestration.executor.compress.spider_compress.compress fetch_input_start=214862299 fetch_input_end=214862300 fetch_input_duration_ms=1
[2026-01-30 15:07:41.165] [info] [spider.worker] [TIMING] task_id=9dc79bfd-2f4e-4d52-b699-a2e758c85238 func=job_orchestration.executor.compress.spider_compress.compress execution_start=214862300 execution_end=214903374 execution_duration_ms=41073
[2026-01-30 15:07:41.177] [info] [spider.worker] [TIMING] task_id=9dc79bfd-2f4e-4d52-b699-a2e758c85238 func=job_orchestration.executor.compress.spider_compress.compress submit_output_start=214903375 submit_output_end=214903386 submit_output_duration_ms=10
[2026-01-30 15:07:41.197] [info] [spider.worker] [TIMING] task_id=3c6cd669-230d-4541-a4b5-7ad0c1714667 func=job_orchestration.executor.compress.spider_compress.compress fetch_input_start=214903404 fetch_input_end=214903405 fetch_input_duration_ms=1
[2026-01-30 15:07:51.014] [info] [spider.worker] [TIMING] task_id=3c6cd669-230d-4541-a4b5-7ad0c1714667 func=job_orchestration.executor.compress.spider_compress.compress execution_start=214903406 execution_end=214913223 execution_duration_ms=9816
[2026-01-30 15:07:51.069] [info] [spider.worker] [TIMING] task_id=3c6cd669-230d-4541-a4b5-7ad0c1714667 func=job_orchestration.executor.compress.spider_compress.compress submit_output_start=214913224 submit_output_end=214913277 submit_output_duration_ms=52
[2026-01-30 15:07:51.104] [info] [spider.worker] [TIMING] task_id=74a06b44-7b7e-40ba-868b-3fb17243c08c func=job_orchestration.executor.compress.spider_compress.compress fetch_input_start=214913312 fetch_input_end=214913313 fetch_input_duration_ms=1
[2026-01-30 15:08:32.194] [info] [spider.worker] [TIMING] task_id=74a06b44-7b7e-40ba-868b-3fb17243c08c func=job_orchestration.executor.compress.spider_compress.compress execution_start=214913314 execution_end=214954402 execution_duration_ms=41088
[2026-01-30 15:08:32.207] [info] [spider.worker] [TIMING] task_id=74a06b44-7b7e-40ba-868b-3fb17243c08c func=job_orchestration.executor.compress.spider_compress.compress submit_output_start=214954404 submit_output_end=214954415 submit_output_duration_ms=11
[2026-01-30 15:08:32.242] [info] [spider.worker] [TIMING] task_id=3fe30c30-c020-49c1-9b3f-95a1b3ed4066 func=job_orchestration.executor.compress.spider_compress.compress fetch_input_start=214954450 fetch_input_end=214954451 fetch_input_duration_ms=0
[2026-01-30 15:09:03.437] [info] [spider.worker] [TIMING] task_id=3fe30c30-c020-49c1-9b3f-95a1b3ed4066 func=job_orchestration.executor.compress.spider_compress.compress execution_start=214954452 execution_end=214985645 execution_duration_ms=31193
[2026-01-30 15:09:03.493] [info] [spider.worker] [TIMING] task_id=3fe30c30-c020-49c1-9b3f-95a1b3ed4066 func=job_orchestration.executor.compress.spider_compress.compress submit_output_start=214985664 submit_output_end=214985701 submit_output_duration_ms=37
[2026-01-30 15:09:03.515] [info] [spider.worker] [TIMING] task_id=13b3fc72-b96e-466f-aa7c-a514554a53b1 func=job_orchestration.executor.compress.spider_compress.compress fetch_input_start=214985723 fetch_input_end=214985723 fetch_input_duration_ms=0
[2026-01-30 15:09:13.717] [info] [spider.worker] [TIMING] task_id=13b3fc72-b96e-466f-aa7c-a514554a53b1 func=job_orchestration.executor.compress.spider_compress.compress execution_start=214985724 execution_end=214995925 execution_duration_ms=10200
[2026-01-30 15:09:13.778] [info] [spider.worker] [TIMING] task_id=13b3fc72-b96e-466f-aa7c-a514554a53b1 func=job_orchestration.executor.compress.spider_compress.compress submit_output_start=214995939 submit_output_end=214995986 submit_output_duration_ms=47
[2026-01-30 15:09:13.798] [info] [spider.worker] [TIMING] task_id=59d01e5b-ae57-4991-888b-42fa8672c4d2 func=job_orchestration.executor.compress.spider_compress.compress fetch_input_start=214996005 fetch_input_end=214996006 fetch_input_duration_ms=0
[2026-01-30 15:09:25.116] [info] [spider.worker] [TIMING] task_id=59d01e5b-ae57-4991-888b-42fa8672c4d2 func=job_orchestration.executor.compress.spider_compress.compress execution_start=214996007 execution_end=215007324 execution_duration_ms=11316
[2026-01-30 15:09:25.176] [info] [spider.worker] [TIMING] task_id=59d01e5b-ae57-4991-888b-42fa8672c4d2 func=job_orchestration.executor.compress.spider_compress.compress submit_output_start=215007343 submit_output_end=215007385 submit_output_duration_ms=41
[2026-01-30 15:09:25.198] [info] [spider.worker] [TIMING] task_id=6349cfce-ced1-4f1e-973d-e997428d3441 func=job_orchestration.executor.compress.spider_compress.compress fetch_input_start=215007405 fetch_input_end=215007406 fetch_input_duration_ms=1
[2026-01-30 15:09:45.755] [info] [spider.worker] [TIMING] task_id=6349cfce-ced1-4f1e-973d-e997428d3441 func=job_orchestration.executor.compress.spider_compress.compress execution_start=215007407 execution_end=215027963 execution_duration_ms=20556
[2026-01-30 15:09:45.792] [info] [spider.worker] [TIMING] task_id=6349cfce-ced1-4f1e-973d-e997428d3441 func=job_orchestration.executor.compress.spider_compress.compress submit_output_start=215027965 submit_output_end=215028000 submit_output_duration_ms=35
[2026-01-30 15:09:45.829] [info] [spider.worker] [TIMING] task_id=5879047f-5627-477e-b461-71c503bf0044 func=job_orchestration.executor.compress.spider_compress.compress fetch_input_start=215028036 fetch_input_end=215028037 fetch_input_duration_ms=1
[2026-01-30 15:09:57.007] [info] [spider.worker] [TIMING] task_id=5879047f-5627-477e-b461-71c503bf0044 func=job_orchestration.executor.compress.spider_compress.compress execution_start=215028038 execution_end=215039215 execution_duration_ms=11176
[2026-01-30 15:09:57.017] [info] [spider.worker] [TIMING] task_id=5879047f-5627-477e-b461-71c503bf0044 func=job_orchestration.executor.compress.spider_compress.compress submit_output_start=215039217 submit_output_end=215039225 submit_output_duration_ms=8
[2026-01-30 15:09:57.036] [info] [spider.worker] [TIMING] task_id=03938e39-295c-47ff-bfe1-c9aa259a2818 func=job_orchestration.executor.compress.spider_compress.compress fetch_input_start=215039243 fetch_input_end=215039244 fetch_input_duration_ms=0
[2026-01-30 15:10:34.486] [info] [spider.worker] [TIMING] task_id=03938e39-295c-47ff-bfe1-c9aa259a2818 func=job_orchestration.executor.compress.spider_compress.compress execution_start=215039245 execution_end=215076694 execution_duration_ms=37449
[2026-01-30 15:10:34.498] [info] [spider.worker] [TIMING] task_id=03938e39-295c-47ff-bfe1-c9aa259a2818 func=job_orchestration.executor.compress.spider_compress.compress submit_output_start=215076696 submit_output_end=215076706 submit_output_duration_ms=10
[2026-01-30 15:10:34.518] [info] [spider.worker] [TIMING] task_id=cf90d2a7-99a8-4da4-a44b-9abda4656101 func=job_orchestration.executor.compress.spider_compress.compress fetch_input_start=215076725 fetch_input_end=215076726 fetch_input_duration_ms=1
[2026-01-30 15:10:53.844] [info] [spider.worker] [TIMING] task_id=cf90d2a7-99a8-4da4-a44b-9abda4656101 func=job_orchestration.executor.compress.spider_compress.compress execution_start=215076727 execution_end=215096053 execution_duration_ms=19325
[2026-01-30 15:10:53.874] [info] [spider.worker] [TIMING] task_id=cf90d2a7-99a8-4da4-a44b-9abda4656101 func=job_orchestration.executor.compress.spider_compress.compress submit_output_start=215096054 submit_output_end=215096083 submit_output_duration_ms=28
[2026-01-30 15:10:53.900] [info] [spider.worker] [TIMING] task_id=0eefeef3-1039-4711-802c-2bdf582cfaf8 func=job_orchestration.executor.compress.spider_compress.compress fetch_input_start=215096107 fetch_input_end=215096108 fetch_input_duration_ms=1
[2026-01-30 15:11:05.670] [info] [spider.worker] [TIMING] task_id=0eefeef3-1039-4711-802c-2bdf582cfaf8 func=job_orchestration.executor.compress.spider_compress.compress execution_start=215096109 execution_end=215107878 execution_duration_ms=11769
[2026-01-30 15:11:05.733] [info] [spider.worker] [TIMING] task_id=0eefeef3-1039-4711-802c-2bdf582cfaf8 func=job_orchestration.executor.compress.spider_compress.compress submit_output_start=215107880 submit_output_end=215107942 submit_output_duration_ms=61
[2026-01-30 15:11:05.766] [info] [spider.worker] [TIMING] task_id=b5264c7a-72ce-4449-9e76-a6833beaaea5 func=job_orchestration.executor.compress.spider_compress.compress fetch_input_start=215107973 fetch_input_end=215107975 fetch_input_duration_ms=1
[2026-01-30 15:12:02.398] [info] [spider.worker] [TIMING] task_id=b5264c7a-72ce-4449-9e76-a6833beaaea5 func=job_orchestration.executor.compress.spider_compress.compress execution_start=215107975 execution_end=215164606 execution_duration_ms=56630
[2026-01-30 15:12:02.433] [info] [spider.worker] [TIMING] task_id=b5264c7a-72ce-4449-9e76-a6833beaaea5 func=job_orchestration.executor.compress.spider_compress.compress submit_output_start=215164608 submit_output_end=215164641 submit_output_duration_ms=32
[2026-01-30 15:12:02.452] [info] [spider.worker] [TIMING] task_id=4323dd1e-310d-4735-9d9d-fa969220a4dd func=job_orchestration.executor.compress.spider_compress.compress fetch_input_start=215164660 fetch_input_end=215164661 fetch_input_duration_ms=0
[2026-01-30 15:12:12.891] [info] [spider.worker] [TIMING] task_id=4323dd1e-310d-4735-9d9d-fa969220a4dd func=job_orchestration.executor.compress.spider_compress.compress execution_start=215164661 execution_end=215175099 execution_duration_ms=10437
[2026-01-30 15:12:12.907] [info] [spider.worker] [TIMING] task_id=4323dd1e-310d-4735-9d9d-fa969220a4dd func=job_orchestration.executor.compress.spider_compress.compress submit_output_start=215175101 submit_output_end=215175115 submit_output_duration_ms=14
[2026-01-30 15:12:12.926] [info] [spider.worker] [TIMING] task_id=245328ef-2f1d-4dcc-8670-a5f9e6f805db func=job_orchestration.executor.compress.spider_compress.compress fetch_input_start=215175134 fetch_input_end=215175135 fetch_input_duration_ms=0
[2026-01-30 15:12:26.841] [info] [spider.worker] [TIMING] task_id=245328ef-2f1d-4dcc-8670-a5f9e6f805db func=job_orchestration.executor.compress.spider_compress.compress execution_start=215175136 execution_end=215189050 execution_duration_ms=13914
[2026-01-30 15:12:26.856] [info] [spider.worker] [TIMING] task_id=245328ef-2f1d-4dcc-8670-a5f9e6f805db func=job_orchestration.executor.compress.spider_compress.compress submit_output_start=215189052 submit_output_end=215189064 submit_output_duration_ms=12
[2026-01-30 15:17:10.215] [info] [spider.worker] [TIMING] task_id=fe6a4e60-4138-44dd-877d-f40c56115ca2 func=job_orchestration.executor.query.spider_search_task.search_without_channel fetch_input_start=215472421 fetch_input_end=215472423 fetch_input_duration_ms=1
[2026-01-30 15:17:11.399] [info] [spider.worker] [TIMING] task_id=fe6a4e60-4138-44dd-877d-f40c56115ca2 func=job_orchestration.executor.query.spider_search_task.search_without_channel execution_start=215472425 execution_end=215473607 execution_duration_ms=1181
[2026-01-30 15:17:11.478] [info] [spider.worker] [TIMING] task_id=fe6a4e60-4138-44dd-877d-f40c56115ca2 func=job_orchestration.executor.query.spider_search_task.search_without_channel submit_output_start=215473612 submit_output_end=215473686 submit_output_duration_ms=74
[2026-01-30 15:17:11.547] [info] [spider.worker] [TIMING] task_id=dda6b782-adde-4931-84b6-fc371db71d7b func=job_orchestration.executor.query.spider_search_task.search_without_channel fetch_input_start=215473755 fetch_input_end=215473755 fetch_input_duration_ms=0
[2026-01-30 15:17:12.687] [info] [spider.worker] [TIMING] task_id=dda6b782-adde-4931-84b6-fc371db71d7b func=job_orchestration.executor.query.spider_search_task.search_without_channel execution_start=215473756 execution_end=215474895 execution_duration_ms=1138
[2026-01-30 15:17:12.789] [info] [spider.worker] [TIMING] task_id=dda6b782-adde-4931-84b6-fc371db71d7b func=job_orchestration.executor.query.spider_search_task.search_without_channel submit_output_start=215474897 submit_output_end=215474997 submit_output_duration_ms=100
[2026-01-30 15:17:12.875] [info] [spider.worker] [TIMING] task_id=00b74816-4f78-4474-a1e5-50921bc520c7 func=job_orchestration.executor.query.spider_search_task.search_without_channel fetch_input_start=215475082 fetch_input_end=215475083 fetch_input_duration_ms=0
[2026-01-30 15:17:14.042] [info] [spider.worker] [TIMING] task_id=00b74816-4f78-4474-a1e5-50921bc520c7 func=job_orchestration.executor.query.spider_search_task.search_without_channel execution_start=215475084 execution_end=215476250 execution_duration_ms=1166
[2026-01-30 15:17:14.074] [info] [spider.worker] [TIMING] task_id=00b74816-4f78-4474-a1e5-50921bc520c7 func=job_orchestration.executor.query.spider_search_task.search_without_channel submit_output_start=215476251 submit_output_end=215476282 submit_output_duration_ms=30
[2026-01-30 15:17:14.111] [info] [spider.worker] [TIMING] task_id=ae1b6a6d-c394-410e-87ff-226b3c889994 func=job_orchestration.executor.query.spider_search_task.search_without_channel fetch_input_start=215476319 fetch_input_end=215476319 fetch_input_duration_ms=0
[2026-01-30 15:17:15.378] [info] [spider.worker] [TIMING] task_id=ae1b6a6d-c394-410e-87ff-226b3c889994 func=job_orchestration.executor.query.spider_search_task.search_without_channel execution_start=215476320 execution_end=215477586 execution_duration_ms=1265
[2026-01-30 15:17:15.391] [info] [spider.worker] [TIMING] task_id=ae1b6a6d-c394-410e-87ff-226b3c889994 func=job_orchestration.executor.query.spider_search_task.search_without_channel submit_output_start=215477588 submit_output_end=215477599 submit_output_duration_ms=11
[2026-01-30 15:17:15.402] [info] [spider.worker] [TIMING] task_id=af9a33cb-f773-4160-8c31-eaba73c03b22 func=job_orchestration.executor.query.spider_search_task.search_without_channel fetch_input_start=215477609 fetch_input_end=215477610 fetch_input_duration_ms=0
[2026-01-30 15:17:16.558] [info] [spider.worker] [TIMING] task_id=af9a33cb-f773-4160-8c31-eaba73c03b22 func=job_orchestration.executor.query.spider_search_task.search_without_channel execution_start=215477611 execution_end=215478767 execution_duration_ms=1156
[2026-01-30 15:17:16.613] [info] [spider.worker] [TIMING] task_id=af9a33cb-f773-4160-8c31-eaba73c03b22 func=job_orchestration.executor.query.spider_search_task.search_without_channel submit_output_start=215478769 submit_output_end=215478822 submit_output_duration_ms=53
[2026-01-30 15:17:16.708] [info] [spider.worker] [TIMING] task_id=c8539e84-d284-4f9a-b3de-c92aaf65b273 func=job_orchestration.executor.query.spider_search_task.search_without_channel fetch_input_start=215478916 fetch_input_end=215478917 fetch_input_duration_ms=0
[2026-01-30 15:17:17.787] [info] [spider.worker] [TIMING] task_id=c8539e84-d284-4f9a-b3de-c92aaf65b273 func=job_orchestration.executor.query.spider_search_task.search_without_channel execution_start=215478917 execution_end=215479995 execution_duration_ms=1077
[2026-01-30 15:17:17.800] [info] [spider.worker] [TIMING] task_id=c8539e84-d284-4f9a-b3de-c92aaf65b273 func=job_orchestration.executor.query.spider_search_task.search_without_channel submit_output_start=215479997 submit_output_end=215480008 submit_output_duration_ms=11
[2026-01-30 15:17:17.819] [info] [spider.worker] [TIMING] task_id=024c7a26-fe9c-4340-bbd3-f9fa0a0fff47 func=job_orchestration.executor.query.spider_search_task.search_without_channel fetch_input_start=215480027 fetch_input_end=215480028 fetch_input_duration_ms=1
[2026-01-30 15:17:19.061] [info] [spider.worker] [TIMING] task_id=024c7a26-fe9c-4340-bbd3-f9fa0a0fff47 func=job_orchestration.executor.query.spider_search_task.search_without_channel execution_start=215480029 execution_end=215481269 execution_duration_ms=1240
[2026-01-30 15:17:19.075] [info] [spider.worker] [TIMING] task_id=024c7a26-fe9c-4340-bbd3-f9fa0a0fff47 func=job_orchestration.executor.query.spider_search_task.search_without_channel submit_output_start=215481271 submit_output_end=215481283 submit_output_duration_ms=12
[2026-01-30 15:17:19.086] [info] [spider.worker] [TIMING] task_id=148178c7-f8f6-432a-b03f-86d9ac74fe3c func=job_orchestration.executor.query.spider_search_task.search_without_channel fetch_input_start=215481294 fetch_input_end=215481295 fetch_input_duration_ms=1
[2026-01-30 15:17:20.284] [info] [spider.worker] [TIMING] task_id=148178c7-f8f6-432a-b03f-86d9ac74fe3c func=job_orchestration.executor.query.spider_search_task.search_without_channel execution_start=215481295 execution_end=215482492 execution_duration_ms=1196
[2026-01-30 15:17:20.300] [info] [spider.worker] [TIMING] task_id=148178c7-f8f6-432a-b03f-86d9ac74fe3c func=job_orchestration.executor.query.spider_search_task.search_without_channel submit_output_start=215482493 submit_output_end=215482509 submit_output_duration_ms=15
[2026-01-30 15:17:20.311] [info] [spider.worker] [TIMING] task_id=cbce2941-b06c-496a-9693-4489bd2685d2 func=job_orchestration.executor.query.spider_search_task.search_without_channel fetch_input_start=215482519 fetch_input_end=215482520 fetch_input_duration_ms=0
[2026-01-30 15:17:21.457] [info] [spider.worker] [TIMING] task_id=cbce2941-b06c-496a-9693-4489bd2685d2 func=job_orchestration.executor.query.spider_search_task.search_without_channel execution_start=215482520 execution_end=215483666 execution_duration_ms=1145
[2026-01-30 15:17:21.467] [info] [spider.worker] [TIMING] task_id=cbce2941-b06c-496a-9693-4489bd2685d2 func=job_orchestration.executor.query.spider_search_task.search_without_channel submit_output_start=215483668 submit_output_end=215483675 submit_output_duration_ms=7
[2026-01-30 15:17:21.478] [info] [spider.worker] [TIMING] task_id=40a03465-fdc0-4024-9765-37fd7e856bb0 func=job_orchestration.executor.query.spider_search_task.search_without_channel fetch_input_start=215483685 fetch_input_end=215483686 fetch_input_duration_ms=0
[2026-01-30 15:17:22.624] [info] [spider.worker] [TIMING] task_id=40a03465-fdc0-4024-9765-37fd7e856bb0 func=job_orchestration.executor.query.spider_search_task.search_without_channel execution_start=215483687 execution_end=215484832 execution_duration_ms=1145
[2026-01-30 15:17:22.642] [info] [spider.worker] [TIMING] task_id=40a03465-fdc0-4024-9765-37fd7e856bb0 func=job_orchestration.executor.query.spider_search_task.search_without_channel submit_output_start=215484834 submit_output_end=215484851 submit_output_duration_ms=16
[2026-01-30 15:17:22.681] [info] [spider.worker] [TIMING] task_id=ec1338f9-3bc2-436f-bed2-233ae8b7da46 func=job_orchestration.executor.query.spider_search_task.search_without_channel fetch_input_start=215484889 fetch_input_end=215484890 fetch_input_duration_ms=1
[2026-01-30 15:17:24.003] [info] [spider.worker] [TIMING] task_id=ec1338f9-3bc2-436f-bed2-233ae8b7da46 func=job_orchestration.executor.query.spider_search_task.search_without_channel execution_start=215484891 execution_end=215486211 execution_duration_ms=1320
[2026-01-30 15:17:24.011] [info] [spider.worker] [TIMING] task_id=ec1338f9-3bc2-436f-bed2-233ae8b7da46 func=job_orchestration.executor.query.spider_search_task.search_without_channel submit_output_start=215486213 submit_output_end=215486219 submit_output_duration_ms=6
[2026-01-30 15:17:24.022] [info] [spider.worker] [TIMING] task_id=0325d17f-fb4c-4159-b2bc-d415992954ba func=job_orchestration.executor.query.spider_search_task.search_without_channel fetch_input_start=215486229 fetch_input_end=215486230 fetch_input_duration_ms=0
[2026-01-30 15:17:25.187] [info] [spider.worker] [TIMING] task_id=0325d17f-fb4c-4159-b2bc-d415992954ba func=job_orchestration.executor.query.spider_search_task.search_without_channel execution_start=215486231 execution_end=215487395 execution_duration_ms=1164
[2026-01-30 15:17:25.195] [info] [spider.worker] [TIMING] task_id=0325d17f-fb4c-4159-b2bc-d415992954ba func=job_orchestration.executor.query.spider_search_task.search_without_channel submit_output_start=215487397 submit_output_end=215487403 submit_output_duration_ms=6
[2026-01-30 15:17:25.214] [info] [spider.worker] [TIMING] task_id=99fac348-c0da-4d98-91bb-d14a3abb4654 func=job_orchestration.executor.query.spider_search_task.search_without_channel fetch_input_start=215487421 fetch_input_end=215487422 fetch_input_duration_ms=0
[2026-01-30 15:17:26.469] [info] [spider.worker] [TIMING] task_id=99fac348-c0da-4d98-91bb-d14a3abb4654 func=job_orchestration.executor.query.spider_search_task.search_without_channel execution_start=215487423 execution_end=215488677 execution_duration_ms=1254
[2026-01-30 15:17:26.478] [info] [spider.worker] [TIMING] task_id=99fac348-c0da-4d98-91bb-d14a3abb4654 func=job_orchestration.executor.query.spider_search_task.search_without_channel submit_output_start=215488679 submit_output_end=215488686 submit_output_duration_ms=7
[2026-01-30 15:17:26.517] [info] [spider.worker] [TIMING] task_id=db5a19d6-964e-4dd9-a0a0-03ff93d5b405 func=job_orchestration.executor.query.spider_search_task.search_without_channel fetch_input_start=215488724 fetch_input_end=215488725 fetch_input_duration_ms=0
[2026-01-30 15:17:27.780] [info] [spider.worker] [TIMING] task_id=db5a19d6-964e-4dd9-a0a0-03ff93d5b405 func=job_orchestration.executor.query.spider_search_task.search_without_channel execution_start=215488726 execution_end=215489988 execution_duration_ms=1262
[2026-01-30 15:17:27.787] [info] [spider.worker] [TIMING] task_id=db5a19d6-964e-4dd9-a0a0-03ff93d5b405 func=job_orchestration.executor.query.spider_search_task.search_without_channel submit_output_start=215489990 submit_output_end=215489995 submit_output_duration_ms=5
[2026-01-30 15:17:27.798] [info] [spider.worker] [TIMING] task_id=7f7ae384-0a97-407a-b10b-96f3a81fa0fa func=job_orchestration.executor.query.spider_search_task.search_without_channel fetch_input_start=215490005 fetch_input_end=215490006 fetch_input_duration_ms=1
[2026-01-30 15:17:29.107] [info] [spider.worker] [TIMING] task_id=7f7ae384-0a97-407a-b10b-96f3a81fa0fa func=job_orchestration.executor.query.spider_search_task.search_without_channel execution_start=215490007 execution_end=215491315 execution_duration_ms=1308
[2026-01-30 15:17:29.153] [info] [spider.worker] [TIMING] task_id=7f7ae384-0a97-407a-b10b-96f3a81fa0fa func=job_orchestration.executor.query.spider_search_task.search_without_channel submit_output_start=215491317 submit_output_end=215491362 submit_output_duration_ms=45
[2026-01-30 15:17:29.173] [info] [spider.worker] [TIMING] task_id=faad0769-88c1-4f33-80ce-1d6948356da1 func=job_orchestration.executor.query.spider_search_task.search_without_channel fetch_input_start=215491381 fetch_input_end=215491382 fetch_input_duration_ms=1
[2026-01-30 15:17:30.414] [info] [spider.worker] [TIMING] task_id=faad0769-88c1-4f33-80ce-1d6948356da1 func=job_orchestration.executor.query.spider_search_task.search_without_channel execution_start=215491383 execution_end=215492622 execution_duration_ms=1239
[2026-01-30 15:17:30.437] [info] [spider.worker] [TIMING] task_id=faad0769-88c1-4f33-80ce-1d6948356da1 func=job_orchestration.executor.query.spider_search_task.search_without_channel submit_output_start=215492624 submit_output_end=215492645 submit_output_duration_ms=21
[2026-01-30 15:17:30.456] [info] [spider.worker] [TIMING] task_id=fd0e9a01-572e-4651-9534-b522f1522273 func=job_orchestration.executor.query.spider_search_task.search_without_channel fetch_input_start=215492663 fetch_input_end=215492665 fetch_input_duration_ms=1
[2026-01-30 15:17:31.647] [info] [spider.worker] [TIMING] task_id=fd0e9a01-572e-4651-9534-b522f1522273 func=job_orchestration.executor.query.spider_search_task.search_without_channel execution_start=215492665 execution_end=215493855 execution_duration_ms=1189
[2026-01-30 15:17:31.670] [info] [spider.worker] [TIMING] task_id=fd0e9a01-572e-4651-9534-b522f1522273 func=job_orchestration.executor.query.spider_search_task.search_without_channel submit_output_start=215493857 submit_output_end=215493878 submit_output_duration_ms=20
[2026-01-30 15:17:31.698] [info] [spider.worker] [TIMING] task_id=3a63f9e3-d722-4c6e-b038-174b0b309ac6 func=job_orchestration.executor.query.spider_search_task.search_without_channel fetch_input_start=215493905 fetch_input_end=215493906 fetch_input_duration_ms=0
[2026-01-30 15:17:33.065] [info] [spider.worker] [TIMING] task_id=3a63f9e3-d722-4c6e-b038-174b0b309ac6 func=job_orchestration.executor.query.spider_search_task.search_without_channel execution_start=215493907 execution_end=215495273 execution_duration_ms=1365
[2026-01-30 15:17:33.079] [info] [spider.worker] [TIMING] task_id=3a63f9e3-d722-4c6e-b038-174b0b309ac6 func=job_orchestration.executor.query.spider_search_task.search_without_channel submit_output_start=215495275 submit_output_end=215495287 submit_output_duration_ms=12
[2026-01-30 15:17:33.123] [info] [spider.worker] [TIMING] task_id=10a1757b-9dc0-4495-a9d6-00a26395af93 func=job_orchestration.executor.query.spider_search_task.search_without_channel fetch_input_start=215495331 fetch_input_end=215495332 fetch_input_duration_ms=1
[2026-01-30 15:17:34.271] [info] [spider.worker] [TIMING] task_id=10a1757b-9dc0-4495-a9d6-00a26395af93 func=job_orchestration.executor.query.spider_search_task.search_without_channel execution_start=215495333 execution_end=215496479 execution_duration_ms=1146
[2026-01-30 15:17:34.310] [info] [spider.worker] [TIMING] task_id=10a1757b-9dc0-4495-a9d6-00a26395af93 func=job_orchestration.executor.query.spider_search_task.search_without_channel submit_output_start=215496481 submit_output_end=215496518 submit_output_duration_ms=37
[2026-01-30 15:17:34.332] [info] [spider.worker] [TIMING] task_id=cd975311-e7b0-4e43-9712-f1655d010e2f func=job_orchestration.executor.query.spider_search_task.search_without_channel fetch_input_start=215496539 fetch_input_end=215496540 fetch_input_duration_ms=1
[2026-01-30 15:17:35.506] [info] [spider.worker] [TIMING] task_id=cd975311-e7b0-4e43-9712-f1655d010e2f func=job_orchestration.executor.query.spider_search_task.search_without_channel execution_start=215496541 execution_end=215497714 execution_duration_ms=1173
[2026-01-30 15:17:35.538] [info] [spider.worker] [TIMING] task_id=cd975311-e7b0-4e43-9712-f1655d010e2f func=job_orchestration.executor.query.spider_search_task.search_without_channel submit_output_start=215497716 submit_output_end=215497746 submit_output_duration_ms=29
[2026-01-30 15:17:35.557] [info] [spider.worker] [TIMING] task_id=8fac034e-05b7-4f09-958d-112cbf2d55cf func=job_orchestration.executor.query.spider_search_task.search_without_channel fetch_input_start=215497765 fetch_input_end=215497766 fetch_input_duration_ms=1
[2026-01-30 15:17:36.829] [info] [spider.worker] [TIMING] task_id=8fac034e-05b7-4f09-958d-112cbf2d55cf func=job_orchestration.executor.query.spider_search_task.search_without_channel execution_start=215497766 execution_end=215499038 execution_duration_ms=1271
[2026-01-30 15:17:36.863] [info] [spider.worker] [TIMING] task_id=8fac034e-05b7-4f09-958d-112cbf2d55cf func=job_orchestration.executor.query.spider_search_task.search_without_channel submit_output_start=215499051 submit_output_end=215499071 submit_output_duration_ms=19
[2026-01-30 15:17:36.908] [info] [spider.worker] [TIMING] task_id=f7fab41b-481b-4a12-a15e-2bd247075f1b func=job_orchestration.executor.query.spider_search_task.search_without_channel fetch_input_start=215499115 fetch_input_end=215499116 fetch_input_duration_ms=1
[2026-01-30 15:17:38.076] [info] [spider.worker] [TIMING] task_id=f7fab41b-481b-4a12-a15e-2bd247075f1b func=job_orchestration.executor.query.spider_search_task.search_without_channel execution_start=215499116 execution_end=215500284 execution_duration_ms=1167
[2026-01-30 15:17:38.096] [info] [spider.worker] [TIMING] task_id=f7fab41b-481b-4a12-a15e-2bd247075f1b func=job_orchestration.executor.query.spider_search_task.search_without_channel submit_output_start=215500286 submit_output_end=215500305 submit_output_duration_ms=18
[2026-01-30 15:17:38.107] [info] [spider.worker] [TIMING] task_id=b1edb09a-e420-477d-a5eb-6b4f137792e3 func=job_orchestration.executor.query.spider_search_task.search_without_channel fetch_input_start=215500315 fetch_input_end=215500316 fetch_input_duration_ms=1
[2026-01-30 15:17:39.291] [info] [spider.worker] [TIMING] task_id=b1edb09a-e420-477d-a5eb-6b4f137792e3 func=job_orchestration.executor.query.spider_search_task.search_without_channel execution_start=215500317 execution_end=215501500 execution_duration_ms=1183
[2026-01-30 15:17:39.313] [info] [spider.worker] [TIMING] task_id=b1edb09a-e420-477d-a5eb-6b4f137792e3 func=job_orchestration.executor.query.spider_search_task.search_without_channel submit_output_start=215501501 submit_output_end=215501521 submit_output_duration_ms=20
[2026-01-30 15:17:39.357] [info] [spider.worker] [TIMING] task_id=b27cb314-d174-4c83-b888-8461c4ed9137 func=job_orchestration.executor.query.spider_search_task.search_without_channel fetch_input_start=215501565 fetch_input_end=215501566 fetch_input_duration_ms=0
[2026-01-30 15:17:40.545] [info] [spider.worker] [TIMING] task_id=b27cb314-d174-4c83-b888-8461c4ed9137 func=job_orchestration.executor.query.spider_search_task.search_without_channel execution_start=215501566 execution_end=215502753 execution_duration_ms=1186
[2026-01-30 15:17:40.580] [info] [spider.worker] [TIMING] task_id=b27cb314-d174-4c83-b888-8461c4ed9137 func=job_orchestration.executor.query.spider_search_task.search_without_channel submit_output_start=215502755 submit_output_end=215502789 submit_output_duration_ms=33
[2026-01-30 15:17:40.633] [info] [spider.worker] [TIMING] task_id=5f5e3ce0-2e31-4cef-9add-5d933f418901 func=job_orchestration.executor.query.spider_search_task.search_without_channel fetch_input_start=215502840 fetch_input_end=215502841 fetch_input_duration_ms=0
[2026-01-30 15:17:41.811] [info] [spider.worker] [TIMING] task_id=5f5e3ce0-2e31-4cef-9add-5d933f418901 func=job_orchestration.executor.query.spider_search_task.search_without_channel execution_start=215502842 execution_end=215504019 execution_duration_ms=1177
[2026-01-30 15:17:41.822] [info] [spider.worker] [TIMING] task_id=5f5e3ce0-2e31-4cef-9add-5d933f418901 func=job_orchestration.executor.query.spider_search_task.search_without_channel submit_output_start=215504021 submit_output_end=215504030 submit_output_duration_ms=9
[2026-01-30 15:17:41.858] [info] [spider.worker] [TIMING] task_id=749340e0-2124-497d-a98c-93849bb4eebf func=job_orchestration.executor.query.spider_search_task.search_without_channel fetch_input_start=215504065 fetch_input_end=215504067 fetch_input_duration_ms=1
[2026-01-30 15:17:43.030] [info] [spider.worker] [TIMING] task_id=749340e0-2124-497d-a98c-93849bb4eebf func=job_orchestration.executor.query.spider_search_task.search_without_channel execution_start=215504067 execution_end=215505238 execution_duration_ms=1170
[2026-01-30 15:17:43.097] [info] [spider.worker] [TIMING] task_id=749340e0-2124-497d-a98c-93849bb4eebf func=job_orchestration.executor.query.spider_search_task.search_without_channel submit_output_start=215505239 submit_output_end=215505306 submit_output_duration_ms=66
[2026-01-30 15:17:43.137] [info] [spider.worker] [TIMING] task_id=909aa66f-be45-4fed-83cb-83c2aeb584da func=job_orchestration.executor.query.spider_search_task.search_without_channel fetch_input_start=215505344 fetch_input_end=215505345 fetch_input_duration_ms=1
[2026-01-30 15:17:44.401] [info] [spider.worker] [TIMING] task_id=909aa66f-be45-4fed-83cb-83c2aeb584da func=job_orchestration.executor.query.spider_search_task.search_without_channel execution_start=215505346 execution_end=215506609 execution_duration_ms=1262
[2026-01-30 15:17:44.454] [info] [spider.worker] [TIMING] task_id=909aa66f-be45-4fed-83cb-83c2aeb584da func=job_orchestration.executor.query.spider_search_task.search_without_channel submit_output_start=215506621 submit_output_end=215506663 submit_output_duration_ms=41
[2026-01-30 15:17:44.540] [info] [spider.worker] [TIMING] task_id=a69986d2-14ff-4e8b-99ed-2356dad5700f func=job_orchestration.executor.query.spider_search_task.search_without_channel fetch_input_start=215506747 fetch_input_end=215506748 fetch_input_duration_ms=0
[2026-01-30 15:17:45.672] [info] [spider.worker] [TIMING] task_id=a69986d2-14ff-4e8b-99ed-2356dad5700f func=job_orchestration.executor.query.spider_search_task.search_without_channel execution_start=215506749 execution_end=215507881 execution_duration_ms=1131
[2026-01-30 15:17:45.714] [info] [spider.worker] [TIMING] task_id=a69986d2-14ff-4e8b-99ed-2356dad5700f func=job_orchestration.executor.query.spider_search_task.search_without_channel submit_output_start=215507883 submit_output_end=215507923 submit_output_duration_ms=39
[2026-01-30 15:17:45.768] [info] [spider.worker] [TIMING] task_id=81e6c942-effb-476d-8aad-c9cc29c06d96 func=job_orchestration.executor.query.spider_search_task.search_without_channel fetch_input_start=215507976 fetch_input_end=215507977 fetch_input_duration_ms=0
[2026-01-30 15:17:47.119] [info] [spider.worker] [TIMING] task_id=81e6c942-effb-476d-8aad-c9cc29c06d96 func=job_orchestration.executor.query.spider_search_task.search_without_channel execution_start=215507977 execution_end=215509327 execution_duration_ms=1349
[2026-01-30 15:17:47.169] [info] [spider.worker] [TIMING] task_id=81e6c942-effb-476d-8aad-c9cc29c06d96 func=job_orchestration.executor.query.spider_search_task.search_without_channel submit_output_start=215509336 submit_output_end=215509377 submit_output_duration_ms=41
[2026-01-30 15:17:47.233] [info] [spider.worker] [TIMING] task_id=beed70c7-acb5-4de5-9e73-a4b396ee484e func=job_orchestration.executor.query.spider_search_task.search_without_channel fetch_input_start=215509441 fetch_input_end=215509442 fetch_input_duration_ms=0
[2026-01-30 15:17:48.489] [info] [spider.worker] [TIMING] task_id=beed70c7-acb5-4de5-9e73-a4b396ee484e func=job_orchestration.executor.query.spider_search_task.search_without_channel execution_start=215509443 execution_end=215510698 execution_duration_ms=1255
[2026-01-30 15:17:48.506] [info] [spider.worker] [TIMING] task_id=beed70c7-acb5-4de5-9e73-a4b396ee484e func=job_orchestration.executor.query.spider_search_task.search_without_channel submit_output_start=215510700 submit_output_end=215510714 submit_output_duration_ms=14
[2026-01-30 15:17:48.567] [info] [spider.worker] [TIMING] task_id=6df0f15c-2cfb-4c00-aac4-f42f6a08fbd9 func=job_orchestration.executor.query.spider_search_task.search_without_channel fetch_input_start=215510775 fetch_input_end=215510775 fetch_input_duration_ms=0
[2026-01-30 15:17:49.670] [info] [spider.worker] [TIMING] task_id=6df0f15c-2cfb-4c00-aac4-f42f6a08fbd9 func=job_orchestration.executor.query.spider_search_task.search_without_channel execution_start=215510776 execution_end=215511878 execution_duration_ms=1102
[2026-01-30 15:17:49.736] [info] [spider.worker] [TIMING] task_id=6df0f15c-2cfb-4c00-aac4-f42f6a08fbd9 func=job_orchestration.executor.query.spider_search_task.search_without_channel submit_output_start=215511880 submit_output_end=215511944 submit_output_duration_ms=64
[2026-01-30 15:17:49.759] [info] [spider.worker] [TIMING] task_id=3e2d7fe9-b183-4666-924d-b5b58e4b74ad func=job_orchestration.executor.query.spider_search_task.search_without_channel fetch_input_start=215511966 fetch_input_end=215511967 fetch_input_duration_ms=0
[2026-01-30 15:17:50.953] [info] [spider.worker] [TIMING] task_id=3e2d7fe9-b183-4666-924d-b5b58e4b74ad func=job_orchestration.executor.query.spider_search_task.search_without_channel execution_start=215511968 execution_end=215513162 execution_duration_ms=1193
[2026-01-30 15:17:51.030] [info] [spider.worker] [TIMING] task_id=3e2d7fe9-b183-4666-924d-b5b58e4b74ad func=job_orchestration.executor.query.spider_search_task.search_without_channel submit_output_start=215513189 submit_output_end=215513239 submit_output_duration_ms=49
[2026-01-30 15:17:51.133] [info] [spider.worker] [TIMING] task_id=0a30ca2c-98c0-47ca-ab7f-eab566d0b18a func=job_orchestration.executor.query.spider_search_task.search_without_channel fetch_input_start=215513341 fetch_input_end=215513342 fetch_input_duration_ms=0
[2026-01-30 15:17:52.312] [info] [spider.worker] [TIMING] task_id=0a30ca2c-98c0-47ca-ab7f-eab566d0b18a func=job_orchestration.executor.query.spider_search_task.search_without_channel execution_start=215513342 execution_end=215514520 execution_duration_ms=1177
[2026-01-30 15:17:52.349] [info] [spider.worker] [TIMING] task_id=0a30ca2c-98c0-47ca-ab7f-eab566d0b18a func=job_orchestration.executor.query.spider_search_task.search_without_channel submit_output_start=215514522 submit_output_end=215514558 submit_output_duration_ms=35
[2026-01-30 15:17:52.376] [info] [spider.worker] [TIMING] task_id=48abac5c-f3a9-4e1a-8d55-265523b6b797 func=job_orchestration.executor.query.spider_search_task.search_without_channel fetch_input_start=215514584 fetch_input_end=215514585 fetch_input_duration_ms=0
[2026-01-30 15:17:53.728] [info] [spider.worker] [TIMING] task_id=48abac5c-f3a9-4e1a-8d55-265523b6b797 func=job_orchestration.executor.query.spider_search_task.search_without_channel execution_start=215514585 execution_end=215515936 execution_duration_ms=1351
[2026-01-30 15:17:53.757] [info] [spider.worker] [TIMING] task_id=48abac5c-f3a9-4e1a-8d55-265523b6b797 func=job_orchestration.executor.query.spider_search_task.search_without_channel submit_output_start=215515944 submit_output_end=215515965 submit_output_duration_ms=21
[2026-01-30 15:17:53.804] [info] [spider.worker] [TIMING] task_id=84a075b1-499a-419b-9520-f314627b62d9 func=job_orchestration.executor.query.spider_search_task.search_without_channel fetch_input_start=215516012 fetch_input_end=215516013 fetch_input_duration_ms=0
[2026-01-30 15:17:55.030] [info] [spider.worker] [TIMING] task_id=84a075b1-499a-419b-9520-f314627b62d9 func=job_orchestration.executor.query.spider_search_task.search_without_channel execution_start=215516013 execution_end=215517238 execution_duration_ms=1224
[2026-01-30 15:17:55.049] [info] [spider.worker] [TIMING] task_id=84a075b1-499a-419b-9520-f314627b62d9 func=job_orchestration.executor.query.spider_search_task.search_without_channel submit_output_start=215517240 submit_output_end=215517257 submit_output_duration_ms=17
[2026-01-30 15:17:55.069] [info] [spider.worker] [TIMING] task_id=1b0ba242-f7b5-4884-a0e7-9ba934ba3b88 func=job_orchestration.executor.query.spider_search_task.search_without_channel fetch_input_start=215517276 fetch_input_end=215517277 fetch_input_duration_ms=0
[2026-01-30 15:17:56.373] [info] [spider.worker] [TIMING] task_id=1b0ba242-f7b5-4884-a0e7-9ba934ba3b88 func=job_orchestration.executor.query.spider_search_task.search_without_channel execution_start=215517278 execution_end=215518581 execution_duration_ms=1303
[2026-01-30 15:17:56.416] [info] [spider.worker] [TIMING] task_id=1b0ba242-f7b5-4884-a0e7-9ba934ba3b88 func=job_orchestration.executor.query.spider_search_task.search_without_channel submit_output_start=215518584 submit_output_end=215518625 submit_output_duration_ms=40
[2026-01-30 15:17:56.453] [info] [spider.worker] [TIMING] task_id=912c27fc-690d-4409-ba0d-df5be278ed22 func=job_orchestration.executor.query.spider_search_task.search_without_channel fetch_input_start=215518660 fetch_input_end=215518661 fetch_input_duration_ms=0
[2026-01-30 15:17:57.565] [info] [spider.worker] [TIMING] task_id=912c27fc-690d-4409-ba0d-df5be278ed22 func=job_orchestration.executor.query.spider_search_task.search_without_channel execution_start=215518662 execution_end=215519773 execution_duration_ms=1111
[2026-01-30 15:17:57.602] [info] [spider.worker] [TIMING] task_id=912c27fc-690d-4409-ba0d-df5be278ed22 func=job_orchestration.executor.query.spider_search_task.search_without_channel submit_output_start=215519775 submit_output_end=215519810 submit_output_duration_ms=35
[2026-01-30 15:17:57.627] [info] [spider.worker] [TIMING] task_id=a1443f52-59fb-4798-a4f7-3c0fbc6617f4 func=job_orchestration.executor.query.spider_search_task.search_without_channel fetch_input_start=215519834 fetch_input_end=215519835 fetch_input_duration_ms=0
[2026-01-30 15:17:58.836] [info] [spider.worker] [TIMING] task_id=a1443f52-59fb-4798-a4f7-3c0fbc6617f4 func=job_orchestration.executor.query.spider_search_task.search_without_channel execution_start=215519836 execution_end=215521044 execution_duration_ms=1207
[2026-01-30 15:17:58.922] [info] [spider.worker] [TIMING] task_id=a1443f52-59fb-4798-a4f7-3c0fbc6617f4 func=job_orchestration.executor.query.spider_search_task.search_without_channel submit_output_start=215521045 submit_output_end=215521131 submit_output_duration_ms=85
[2026-01-30 15:17:58.944] [info] [spider.worker] [TIMING] task_id=2bb9a33d-7bc5-4716-a32a-c2239acc0664 func=job_orchestration.executor.query.spider_search_task.search_without_channel fetch_input_start=215521151 fetch_input_end=215521152 fetch_input_duration_ms=0
[2026-01-30 15:18:00.192] [info] [spider.worker] [TIMING] task_id=2bb9a33d-7bc5-4716-a32a-c2239acc0664 func=job_orchestration.executor.query.spider_search_task.search_without_channel execution_start=215521153 execution_end=215522401 execution_duration_ms=1247
[2026-01-30 15:18:00.234] [info] [spider.worker] [TIMING] task_id=2bb9a33d-7bc5-4716-a32a-c2239acc0664 func=job_orchestration.executor.query.spider_search_task.search_without_channel submit_output_start=215522402 submit_output_end=215522442 submit_output_duration_ms=39
[2026-01-30 15:18:00.269] [info] [spider.worker] [TIMING] task_id=bbe939e9-6551-4213-be8c-05c81a1b55c9 func=job_orchestration.executor.query.spider_search_task.search_without_channel fetch_input_start=215522476 fetch_input_end=215522477 fetch_input_duration_ms=0
[2026-01-30 15:18:01.454] [info] [spider.worker] [TIMING] task_id=bbe939e9-6551-4213-be8c-05c81a1b55c9 func=job_orchestration.executor.query.spider_search_task.search_without_channel execution_start=215522478 execution_end=215523662 execution_duration_ms=1184
[2026-01-30 15:18:01.467] [info] [spider.worker] [TIMING] task_id=bbe939e9-6551-4213-be8c-05c81a1b55c9 func=job_orchestration.executor.query.spider_search_task.search_without_channel submit_output_start=215523664 submit_output_end=215523675 submit_output_duration_ms=11
[2026-01-30 15:18:01.511] [info] [spider.worker] [TIMING] task_id=e6903935-8ca6-4867-8970-e95fecaa10e2 func=job_orchestration.executor.query.spider_search_task.search_without_channel fetch_input_start=215523718 fetch_input_end=215523719 fetch_input_duration_ms=0
[2026-01-30 15:18:02.969] [info] [spider.worker] [TIMING] task_id=e6903935-8ca6-4867-8970-e95fecaa10e2 func=job_orchestration.executor.query.spider_search_task.search_without_channel execution_start=215523720 execution_end=215525177 execution_duration_ms=1456
[2026-01-30 15:18:03.001] [info] [spider.worker] [TIMING] task_id=e6903935-8ca6-4867-8970-e95fecaa10e2 func=job_orchestration.executor.query.spider_search_task.search_without_channel submit_output_start=215525178 submit_output_end=215525209 submit_output_duration_ms=31
[2026-01-30 15:18:03.020] [info] [spider.worker] [TIMING] task_id=0e793f30-f0ac-4a03-8783-b01c3acf8400 func=job_orchestration.executor.query.spider_search_task.search_without_channel fetch_input_start=215525227 fetch_input_end=215525228 fetch_input_duration_ms=0
[2026-01-30 15:18:04.226] [info] [spider.worker] [TIMING] task_id=0e793f30-f0ac-4a03-8783-b01c3acf8400 func=job_orchestration.executor.query.spider_search_task.search_without_channel execution_start=215525229 execution_end=215526434 execution_duration_ms=1205
[2026-01-30 15:18:04.242] [info] [spider.worker] [TIMING] task_id=0e793f30-f0ac-4a03-8783-b01c3acf8400 func=job_orchestration.executor.query.spider_search_task.search_without_channel submit_output_start=215526436 submit_output_end=215526451 submit_output_duration_ms=14
[2026-01-30 15:18:04.261] [info] [spider.worker] [TIMING] task_id=b098989e-acea-4fe3-8dcf-7c9ef6c46a1a func=job_orchestration.executor.query.spider_search_task.search_without_channel fetch_input_start=215526469 fetch_input_end=215526469 fetch_input_duration_ms=0
[2026-01-30 15:18:05.524] [info] [spider.worker] [TIMING] task_id=b098989e-acea-4fe3-8dcf-7c9ef6c46a1a func=job_orchestration.executor.query.spider_search_task.search_without_channel execution_start=215526470 execution_end=215527732 execution_duration_ms=1262
[2026-01-30 15:18:05.565] [info] [spider.worker] [TIMING] task_id=b098989e-acea-4fe3-8dcf-7c9ef6c46a1a func=job_orchestration.executor.query.spider_search_task.search_without_channel submit_output_start=215527734 submit_output_end=215527774 submit_output_duration_ms=39
[2026-01-30 15:18:05.587] [info] [spider.worker] [TIMING] task_id=c751ed0b-cc25-4abc-b189-055ec944789d func=job_orchestration.executor.query.spider_search_task.search_without_channel fetch_input_start=215527794 fetch_input_end=215527795 fetch_input_duration_ms=0
[2026-01-30 15:18:06.915] [info] [spider.worker] [TIMING] task_id=c751ed0b-cc25-4abc-b189-055ec944789d func=job_orchestration.executor.query.spider_search_task.search_without_channel execution_start=215527796 execution_end=215529123 execution_duration_ms=1327
[2026-01-30 15:18:06.944] [info] [spider.worker] [TIMING] task_id=c751ed0b-cc25-4abc-b189-055ec944789d func=job_orchestration.executor.query.spider_search_task.search_without_channel submit_output_start=215529125 submit_output_end=215529152 submit_output_duration_ms=27
[2026-01-30 15:18:07.004] [info] [spider.worker] [TIMING] task_id=509810c9-eb12-44b9-920d-2f829bb8fab5 func=job_orchestration.executor.query.spider_search_task.search_without_channel fetch_input_start=215529212 fetch_input_end=215529213 fetch_input_duration_ms=0
[2026-01-30 15:18:08.237] [info] [spider.worker] [TIMING] task_id=509810c9-eb12-44b9-920d-2f829bb8fab5 func=job_orchestration.executor.query.spider_search_task.search_without_channel execution_start=215529214 execution_end=215530445 execution_duration_ms=1231
[2026-01-30 15:18:08.302] [info] [spider.worker] [TIMING] task_id=509810c9-eb12-44b9-920d-2f829bb8fab5 func=job_orchestration.executor.query.spider_search_task.search_without_channel submit_output_start=215530446 submit_output_end=215530510 submit_output_duration_ms=63
[2026-01-30 15:18:08.368] [info] [spider.worker] [TIMING] task_id=18f36c93-e09e-4e28-a89d-d922a01e31fe func=job_orchestration.executor.query.spider_search_task.search_without_channel fetch_input_start=215530575 fetch_input_end=215530576 fetch_input_duration_ms=1
[2026-01-30 15:18:09.622] [info] [spider.worker] [TIMING] task_id=18f36c93-e09e-4e28-a89d-d922a01e31fe func=job_orchestration.executor.query.spider_search_task.search_without_channel execution_start=215530577 execution_end=215531830 execution_duration_ms=1253
[2026-01-30 15:18:09.635] [info] [spider.worker] [TIMING] task_id=18f36c93-e09e-4e28-a89d-d922a01e31fe func=job_orchestration.executor.query.spider_search_task.search_without_channel submit_output_start=215531832 submit_output_end=215531844 submit_output_duration_ms=11
[2026-01-30 15:18:09.654] [info] [spider.worker] [TIMING] task_id=84548514-e3eb-4d5b-a08b-8b0a200af6ed func=job_orchestration.executor.query.spider_search_task.search_without_channel fetch_input_start=215531862 fetch_input_end=215531863 fetch_input_duration_ms=0
[2026-01-30 15:18:10.848] [info] [spider.worker] [TIMING] task_id=84548514-e3eb-4d5b-a08b-8b0a200af6ed func=job_orchestration.executor.query.spider_search_task.search_without_channel execution_start=215531864 execution_end=215533056 execution_duration_ms=1192
[2026-01-30 15:18:10.904] [info] [spider.worker] [TIMING] task_id=84548514-e3eb-4d5b-a08b-8b0a200af6ed func=job_orchestration.executor.query.spider_search_task.search_without_channel submit_output_start=215533058 submit_output_end=215533113 submit_output_duration_ms=54
[2026-01-30 15:18:10.991] [info] [spider.worker] [TIMING] task_id=1d90b101-dac2-47b0-bfcc-26147f08d2e7 func=job_orchestration.executor.query.spider_search_task.search_without_channel fetch_input_start=215533198 fetch_input_end=215533199 fetch_input_duration_ms=1
[2026-01-30 15:18:12.280] [info] [spider.worker] [TIMING] task_id=1d90b101-dac2-47b0-bfcc-26147f08d2e7 func=job_orchestration.executor.query.spider_search_task.search_without_channel execution_start=215533200 execution_end=215534488 execution_duration_ms=1287
[2026-01-30 15:18:12.308] [info] [spider.worker] [TIMING] task_id=1d90b101-dac2-47b0-bfcc-26147f08d2e7 func=job_orchestration.executor.query.spider_search_task.search_without_channel submit_output_start=215534490 submit_output_end=215534517 submit_output_duration_ms=26
[2026-01-30 15:18:12.330] [info] [spider.worker] [TIMING] task_id=77575b0c-f6e3-489a-8bff-83eb33a6e788 func=job_orchestration.executor.query.spider_search_task.search_without_channel fetch_input_start=215534537 fetch_input_end=215534538 fetch_input_duration_ms=0
[2026-01-30 15:18:13.552] [info] [spider.worker] [TIMING] task_id=77575b0c-f6e3-489a-8bff-83eb33a6e788 func=job_orchestration.executor.query.spider_search_task.search_without_channel execution_start=215534539 execution_end=215535761 execution_duration_ms=1221
[2026-01-30 15:18:13.569] [info] [spider.worker] [TIMING] task_id=77575b0c-f6e3-489a-8bff-83eb33a6e788 func=job_orchestration.executor.query.spider_search_task.search_without_channel submit_output_start=215535762 submit_output_end=215535778 submit_output_duration_ms=15
[2026-01-30 15:18:13.614] [info] [spider.worker] [TIMING] task_id=e42472f4-afb5-4184-8338-82f7710bf829 func=job_orchestration.executor.query.spider_search_task.search_without_channel fetch_input_start=215535821 fetch_input_end=215535822 fetch_input_duration_ms=0
[2026-01-30 15:18:14.786] [info] [spider.worker] [TIMING] task_id=e42472f4-afb5-4184-8338-82f7710bf829 func=job_orchestration.executor.query.spider_search_task.search_without_channel execution_start=215535823 execution_end=215536995 execution_duration_ms=1171
[2026-01-30 15:18:14.865] [info] [spider.worker] [TIMING] task_id=e42472f4-afb5-4184-8338-82f7710bf829 func=job_orchestration.executor.query.spider_search_task.search_without_channel submit_output_start=215537033 submit_output_end=215537074 submit_output_duration_ms=41
[2026-01-30 15:18:14.888] [info] [spider.worker] [TIMING] task_id=4669a721-f674-4098-a51a-25e9880d3eb4 func=job_orchestration.executor.query.spider_search_task.search_without_channel fetch_input_start=215537096 fetch_input_end=215537097 fetch_input_duration_ms=0
[2026-01-30 15:18:16.093] [info] [spider.worker] [TIMING] task_id=4669a721-f674-4098-a51a-25e9880d3eb4 func=job_orchestration.executor.query.spider_search_task.search_without_channel execution_start=215537097 execution_end=215538301 execution_duration_ms=1203
[2026-01-30 15:18:16.144] [info] [spider.worker] [TIMING] task_id=4669a721-f674-4098-a51a-25e9880d3eb4 func=job_orchestration.executor.query.spider_search_task.search_without_channel submit_output_start=215538302 submit_output_end=215538352 submit_output_duration_ms=49
[2026-01-30 15:18:16.214] [info] [spider.worker] [TIMING] task_id=6fd83b85-17bd-40d0-a3aa-b1a2da2704d5 func=job_orchestration.executor.query.spider_search_task.search_without_channel fetch_input_start=215538421 fetch_input_end=215538422 fetch_input_duration_ms=0
[2026-01-30 15:18:17.308] [info] [spider.worker] [TIMING] task_id=6fd83b85-17bd-40d0-a3aa-b1a2da2704d5 func=job_orchestration.executor.query.spider_search_task.search_without_channel execution_start=215538423 execution_end=215539516 execution_duration_ms=1092
[2026-01-30 15:18:17.337] [info] [spider.worker] [TIMING] task_id=6fd83b85-17bd-40d0-a3aa-b1a2da2704d5 func=job_orchestration.executor.query.spider_search_task.search_without_channel submit_output_start=215539522 submit_output_end=215539545 submit_output_duration_ms=22
[2026-01-30 15:18:17.375] [info] [spider.worker] [TIMING] task_id=241724a3-7e1a-41c2-b295-ba3f26bf1502 func=job_orchestration.executor.query.spider_search_task.search_without_channel fetch_input_start=215539582 fetch_input_end=215539583 fetch_input_duration_ms=0
[2026-01-30 15:18:18.553] [info] [spider.worker] [TIMING] task_id=241724a3-7e1a-41c2-b295-ba3f26bf1502 func=job_orchestration.executor.query.spider_search_task.search_without_channel execution_start=215539584 execution_end=215540762 execution_duration_ms=1177
[2026-01-30 15:18:18.579] [info] [spider.worker] [TIMING] task_id=241724a3-7e1a-41c2-b295-ba3f26bf1502 func=job_orchestration.executor.query.spider_search_task.search_without_channel submit_output_start=215540763 submit_output_end=215540787 submit_output_duration_ms=23
[2026-01-30 15:18:18.652] [info] [spider.worker] [TIMING] task_id=9be38e59-cdee-4f3b-ae4e-4226ac2d4008 func=job_orchestration.executor.query.spider_search_task.search_without_channel fetch_input_start=215540860 fetch_input_end=215540861 fetch_input_duration_ms=0
[2026-01-30 15:18:19.886] [info] [spider.worker] [TIMING] task_id=9be38e59-cdee-4f3b-ae4e-4226ac2d4008 func=job_orchestration.executor.query.spider_search_task.search_without_channel execution_start=215540861 execution_end=215542094 execution_duration_ms=1232
[2026-01-30 15:18:19.920] [info] [spider.worker] [TIMING] task_id=9be38e59-cdee-4f3b-ae4e-4226ac2d4008 func=job_orchestration.executor.query.spider_search_task.search_without_channel submit_output_start=215542096 submit_output_end=215542128 submit_output_duration_ms=32
[2026-01-30 15:18:19.939] [info] [spider.worker] [TIMING] task_id=92cb203f-5173-466e-9cc9-cba79276ecf8 func=job_orchestration.executor.query.spider_search_task.search_without_channel fetch_input_start=215542147 fetch_input_end=215542147 fetch_input_duration_ms=0
[2026-01-30 15:18:21.120] [info] [spider.worker] [TIMING] task_id=92cb203f-5173-466e-9cc9-cba79276ecf8 func=job_orchestration.executor.query.spider_search_task.search_without_channel execution_start=215542148 execution_end=215543329 execution_duration_ms=1180
[2026-01-30 15:18:21.174] [info] [spider.worker] [TIMING] task_id=92cb203f-5173-466e-9cc9-cba79276ecf8 func=job_orchestration.executor.query.spider_search_task.search_without_channel submit_output_start=215543331 submit_output_end=215543382 submit_output_duration_ms=51
[2026-01-30 15:18:21.215] [info] [spider.worker] [TIMING] task_id=f8ece63a-4f01-4d1d-8d92-b9090cea14d1 func=job_orchestration.executor.query.spider_search_task.search_without_channel fetch_input_start=215543423 fetch_input_end=215543424 fetch_input_duration_ms=1
[2026-01-30 15:18:22.277] [info] [spider.worker] [TIMING] task_id=f8ece63a-4f01-4d1d-8d92-b9090cea14d1 func=job_orchestration.executor.query.spider_search_task.search_without_channel execution_start=215543425 execution_end=215544485 execution_duration_ms=1060
[2026-01-30 15:18:22.305] [info] [spider.worker] [TIMING] task_id=f8ece63a-4f01-4d1d-8d92-b9090cea14d1 func=job_orchestration.executor.query.spider_search_task.search_without_channel submit_output_start=215544488 submit_output_end=215544513 submit_output_duration_ms=25
[2026-01-30 15:18:22.371] [info] [spider.worker] [TIMING] task_id=4ca4a399-a9fe-4a36-a996-1d49251c20b0 func=job_orchestration.executor.query.spider_search_task.search_without_channel fetch_input_start=215544578 fetch_input_end=215544580 fetch_input_duration_ms=1
[2026-01-30 15:18:23.576] [info] [spider.worker] [TIMING] task_id=4ca4a399-a9fe-4a36-a996-1d49251c20b0 func=job_orchestration.executor.query.spider_search_task.search_without_channel execution_start=215544581 execution_end=215545785 execution_duration_ms=1203
[2026-01-30 15:18:23.630] [info] [spider.worker] [TIMING] task_id=4ca4a399-a9fe-4a36-a996-1d49251c20b0 func=job_orchestration.executor.query.spider_search_task.search_without_channel submit_output_start=215545786 submit_output_end=215545838 submit_output_duration_ms=51
[2026-01-30 15:18:23.649] [info] [spider.worker] [TIMING] task_id=466e1382-d185-4171-bfb2-a2f83c04ef32 func=job_orchestration.executor.query.spider_search_task.search_without_channel fetch_input_start=215545856 fetch_input_end=215545857 fetch_input_duration_ms=0
[2026-01-30 15:18:24.852] [info] [spider.worker] [TIMING] task_id=466e1382-d185-4171-bfb2-a2f83c04ef32 func=job_orchestration.executor.query.spider_search_task.search_without_channel execution_start=215545858 execution_end=215547060 execution_duration_ms=1202
[2026-01-30 15:18:24.883] [info] [spider.worker] [TIMING] task_id=466e1382-d185-4171-bfb2-a2f83c04ef32 func=job_orchestration.executor.query.spider_search_task.search_without_channel submit_output_start=215547062 submit_output_end=215547091 submit_output_duration_ms=29
[2026-01-30 15:18:24.936] [info] [spider.worker] [TIMING] task_id=573fa98b-d8ab-42df-bb7b-5336d1a32c2e func=job_orchestration.executor.query.spider_search_task.search_without_channel fetch_input_start=215547143 fetch_input_end=215547144 fetch_input_duration_ms=1
[2026-01-30 15:18:26.154] [info] [spider.worker] [TIMING] task_id=573fa98b-d8ab-42df-bb7b-5336d1a32c2e func=job_orchestration.executor.query.spider_search_task.search_without_channel execution_start=215547145 execution_end=215548363 execution_duration_