[2026-01-30 14:53:05.932] [warning] [spider.worker] Prefer using `SPIDER_STORAGE_URL` environment variable over `--storage_url` argument.
[2026-01-30 14:53:48.467] [info] [spider.worker] [TIMING] task_id=b69f8d17-1202-4f46-b71e-31dd7b9ab4ce func=job_orchestration.executor.compress.spider_compress.compress fetch_input_start=214070674 fetch_input_end=214070676 fetch_input_duration_ms=1
[2026-01-30 14:54:10.979] [info] [spider.worker] [TIMING] task_id=b69f8d17-1202-4f46-b71e-31dd7b9ab4ce func=job_orchestration.executor.compress.spider_compress.compress execution_start=214070677 execution_end=214093188 execution_duration_ms=22511
[2026-01-30 14:54:11.001] [info] [spider.worker] [TIMING] task_id=b69f8d17-1202-4f46-b71e-31dd7b9ab4ce func=job_orchestration.executor.compress.spider_compress.compress submit_output_start=214093190 submit_output_end=214093209 submit_output_duration_ms=19
[2026-01-30 14:54:11.021] [info] [spider.worker] [TIMING] task_id=3c9b111a-c9ba-4403-b91d-703666d6ab87 func=job_orchestration.executor.compress.spider_compress.compress fetch_input_start=214093228 fetch_input_end=214093229 fetch_input_duration_ms=1
[2026-01-30 14:54:21.405] [info] [spider.worker] [TIMING] task_id=3c9b111a-c9ba-4403-b91d-703666d6ab87 func=job_orchestration.executor.compress.spider_compress.compress execution_start=214093230 execution_end=214103613 execution_duration_ms=10382
[2026-01-30 14:54:21.435] [info] [spider.worker] [TIMING] task_id=3c9b111a-c9ba-4403-b91d-703666d6ab87 func=job_orchestration.executor.compress.spider_compress.compress submit_output_start=214103615 submit_output_end=214103643 submit_output_duration_ms=28
[2026-01-30 14:54:21.453] [info] [spider.worker] [TIMING] task_id=dac8b231-be86-4368-b4cb-f2d2cea4dbda func=job_orchestration.executor.compress.spider_compress.compress fetch_input_start=214103660 fetch_input_end=214103661 fetch_input_duration_ms=1
[2026-01-30 14:54:44.391] [info] [spider.worker] [TIMING] task_id=dac8b231-be86-4368-b4cb-f2d2cea4dbda func=job_orchestration.executor.compress.spider_compress.compress execution_start=214103662 execution_end=214126599 execution_duration_ms=22936
[2026-01-30 14:54:44.451] [info] [spider.worker] [TIMING] task_id=dac8b231-be86-4368-b4cb-f2d2cea4dbda func=job_orchestration.executor.compress.spider_compress.compress submit_output_start=214126617 submit_output_end=214126659 submit_output_duration_ms=41
[2026-01-30 14:54:44.495] [info] [spider.worker] [TIMING] task_id=929a20e7-ab8e-4de4-9409-71f23f86814d func=job_orchestration.executor.compress.spider_compress.compress fetch_input_start=214126702 fetch_input_end=214126703 fetch_input_duration_ms=0
[2026-01-30 14:54:56.032] [info] [spider.worker] [TIMING] task_id=929a20e7-ab8e-4de4-9409-71f23f86814d func=job_orchestration.executor.compress.spider_compress.compress execution_start=214126704 execution_end=214138241 execution_duration_ms=11537
[2026-01-30 14:54:56.048] [info] [spider.worker] [TIMING] task_id=929a20e7-ab8e-4de4-9409-71f23f86814d func=job_orchestration.executor.compress.spider_compress.compress submit_output_start=214138243 submit_output_end=214138257 submit_output_duration_ms=14
[2026-01-30 14:54:56.068] [info] [spider.worker] [TIMING] task_id=302db3a0-1b13-4eb3-be7f-f9a0271c179f func=job_orchestration.executor.compress.spider_compress.compress fetch_input_start=214138275 fetch_input_end=214138276 fetch_input_duration_ms=1
[2026-01-30 14:55:11.181] [info] [spider.worker] [TIMING] task_id=302db3a0-1b13-4eb3-be7f-f9a0271c179f func=job_orchestration.executor.compress.spider_compress.compress execution_start=214138277 execution_end=214153389 execution_duration_ms=15112
[2026-01-30 14:55:11.189] [info] [spider.worker] [TIMING] task_id=302db3a0-1b13-4eb3-be7f-f9a0271c179f func=job_orchestration.executor.compress.spider_compress.compress submit_output_start=214153391 submit_output_end=214153397 submit_output_duration_ms=6
[2026-01-30 14:55:11.199] [info] [spider.worker] [TIMING] task_id=75653a86-854c-4e36-a776-f8c29b8493c9 func=job_orchestration.executor.compress.spider_compress.compress fetch_input_start=214153407 fetch_input_end=214153407 fetch_input_duration_ms=0
[2026-01-30 14:55:21.520] [info] [spider.worker] [TIMING] task_id=75653a86-854c-4e36-a776-f8c29b8493c9 func=job_orchestration.executor.compress.spider_compress.compress execution_start=214153408 execution_end=214163728 execution_duration_ms=10320
[2026-01-30 14:55:21.556] [info] [spider.worker] [TIMING] task_id=75653a86-854c-4e36-a776-f8c29b8493c9 func=job_orchestration.executor.compress.spider_compress.compress submit_output_start=214163730 submit_output_end=214163764 submit_output_duration_ms=33
[2026-01-30 14:55:21.631] [info] [spider.worker] [TIMING] task_id=b1adaf95-c24a-45ba-92be-047212083496 func=job_orchestration.executor.compress.spider_compress.compress fetch_input_start=214163838 fetch_input_end=214163839 fetch_input_duration_ms=1
[2026-01-30 14:55:30.857] [info] [spider.worker] [TIMING] task_id=b1adaf95-c24a-45ba-92be-047212083496 func=job_orchestration.executor.compress.spider_compress.compress execution_start=214163840 execution_end=214173066 execution_duration_ms=9225
[2026-01-30 14:55:30.893] [info] [spider.worker] [TIMING] task_id=b1adaf95-c24a-45ba-92be-047212083496 func=job_orchestration.executor.compress.spider_compress.compress submit_output_start=214173068 submit_output_end=214173102 submit_output_duration_ms=34
[2026-01-30 14:55:30.916] [info] [spider.worker] [TIMING] task_id=c5bbdc78-5321-43db-a0ef-31e413c056a7 func=job_orchestration.executor.compress.spider_compress.compress fetch_input_start=214173123 fetch_input_end=214173124 fetch_input_duration_ms=0
[2026-01-30 14:55:41.606] [info] [spider.worker] [TIMING] task_id=c5bbdc78-5321-43db-a0ef-31e413c056a7 func=job_orchestration.executor.compress.spider_compress.compress execution_start=214173125 execution_end=214183814 execution_duration_ms=10689
[2026-01-30 14:55:41.630] [info] [spider.worker] [TIMING] task_id=c5bbdc78-5321-43db-a0ef-31e413c056a7 func=job_orchestration.executor.compress.spider_compress.compress submit_output_start=214183816 submit_output_end=214183839 submit_output_duration_ms=22
[2026-01-30 14:55:41.707] [info] [spider.worker] [TIMING] task_id=d366cc18-4d45-43d0-a0c6-e7a264537be0 func=job_orchestration.executor.compress.spider_compress.compress fetch_input_start=214183914 fetch_input_end=214183916 fetch_input_duration_ms=1
[2026-01-30 14:55:50.765] [info] [spider.worker] [TIMING] task_id=d366cc18-4d45-43d0-a0c6-e7a264537be0 func=job_orchestration.executor.compress.spider_compress.compress execution_start=214183916 execution_end=214192974 execution_duration_ms=9057
[2026-01-30 14:55:50.779] [info] [spider.worker] [TIMING] task_id=d366cc18-4d45-43d0-a0c6-e7a264537be0 func=job_orchestration.executor.compress.spider_compress.compress submit_output_start=214192976 submit_output_end=214192987 submit_output_duration_ms=11
[2026-01-30 14:55:50.807] [info] [spider.worker] [TIMING] task_id=54aef12e-2566-49b3-b41b-dabccc1c3a67 func=job_orchestration.executor.compress.spider_compress.compress fetch_input_start=214193014 fetch_input_end=214193015 fetch_input_duration_ms=1
[2026-01-30 14:56:25.417] [info] [spider.worker] [TIMING] task_id=54aef12e-2566-49b3-b41b-dabccc1c3a67 func=job_orchestration.executor.compress.spider_compress.compress execution_start=214193016 execution_end=214227625 execution_duration_ms=34608
[2026-01-30 14:56:25.427] [info] [spider.worker] [TIMING] task_id=54aef12e-2566-49b3-b41b-dabccc1c3a67 func=job_orchestration.executor.compress.spider_compress.compress submit_output_start=214227627 submit_output_end=214227635 submit_output_duration_ms=8
[2026-01-30 14:56:25.470] [info] [spider.worker] [TIMING] task_id=fd7b2c96-bb17-411e-81fe-f80b5538e7c1 func=job_orchestration.executor.compress.spider_compress.compress fetch_input_start=214227677 fetch_input_end=214227678 fetch_input_duration_ms=1
[2026-01-30 14:56:36.288] [info] [spider.worker] [TIMING] task_id=fd7b2c96-bb17-411e-81fe-f80b5538e7c1 func=job_orchestration.executor.compress.spider_compress.compress execution_start=214227679 execution_end=214238497 execution_duration_ms=10817
[2026-01-30 14:56:36.310] [info] [spider.worker] [TIMING] task_id=fd7b2c96-bb17-411e-81fe-f80b5538e7c1 func=job_orchestration.executor.compress.spider_compress.compress submit_output_start=214238499 submit_output_end=214238518 submit_output_duration_ms=19
[2026-01-30 14:56:36.321] [info] [spider.worker] [TIMING] task_id=20864fbd-f7c5-4783-9b77-edda3b0b4039 func=job_orchestration.executor.compress.spider_compress.compress fetch_input_start=214238528 fetch_input_end=214238529 fetch_input_duration_ms=1
[2026-01-30 14:57:03.716] [info] [spider.worker] [TIMING] task_id=20864fbd-f7c5-4783-9b77-edda3b0b4039 func=job_orchestration.executor.compress.spider_compress.compress execution_start=214238530 execution_end=214265924 execution_duration_ms=27394
[2026-01-30 14:57:03.750] [info] [spider.worker] [TIMING] task_id=20864fbd-f7c5-4783-9b77-edda3b0b4039 func=job_orchestration.executor.compress.spider_compress.compress submit_output_start=214265937 submit_output_end=214265958 submit_output_duration_ms=21
[2026-01-30 14:57:03.761] [info] [spider.worker] [TIMING] task_id=511302c2-72f8-4c04-89fb-b51ebf477422 func=job_orchestration.executor.compress.spider_compress.compress fetch_input_start=214265968 fetch_input_end=214265969 fetch_input_duration_ms=0
[2026-01-30 14:57:22.652] [info] [spider.worker] [TIMING] task_id=511302c2-72f8-4c04-89fb-b51ebf477422 func=job_orchestration.executor.compress.spider_compress.compress execution_start=214265969 execution_end=214284861 execution_duration_ms=18891
[2026-01-30 14:57:22.682] [info] [spider.worker] [TIMING] task_id=511302c2-72f8-4c04-89fb-b51ebf477422 func=job_orchestration.executor.compress.spider_compress.compress submit_output_start=214284863 submit_output_end=214284891 submit_output_duration_ms=28
[2026-01-30 14:57:22.702] [info] [spider.worker] [TIMING] task_id=8b2f3eac-7969-4d1b-b682-edbc854fc2aa func=job_orchestration.executor.compress.spider_compress.compress fetch_input_start=214284909 fetch_input_end=214284910 fetch_input_duration_ms=1
[2026-01-30 14:57:31.711] [info] [spider.worker] [TIMING] task_id=8b2f3eac-7969-4d1b-b682-edbc854fc2aa func=job_orchestration.executor.compress.spider_compress.compress execution_start=214284911 execution_end=214293920 execution_duration_ms=9008
[2026-01-30 14:57:31.757] [info] [spider.worker] [TIMING] task_id=8b2f3eac-7969-4d1b-b682-edbc854fc2aa func=job_orchestration.executor.compress.spider_compress.compress submit_output_start=214293922 submit_output_end=214293966 submit_output_duration_ms=43
[2026-01-30 14:57:31.793] [info] [spider.worker] [TIMING] task_id=553d7ce6-4d09-424e-8e87-9d1a13bed883 func=job_orchestration.executor.compress.spider_compress.compress fetch_input_start=214294000 fetch_input_end=214294001 fetch_input_duration_ms=0
[2026-01-30 14:57:45.072] [info] [spider.worker] [TIMING] task_id=553d7ce6-4d09-424e-8e87-9d1a13bed883 func=job_orchestration.executor.compress.spider_compress.compress execution_start=214294002 execution_end=214307280 execution_duration_ms=13278
[2026-01-30 14:57:45.099] [info] [spider.worker] [TIMING] task_id=553d7ce6-4d09-424e-8e87-9d1a13bed883 func=job_orchestration.executor.compress.spider_compress.compress submit_output_start=214307290 submit_output_end=214307307 submit_output_duration_ms=17
[2026-01-30 14:57:45.133] [info] [spider.worker] [TIMING] task_id=dbfae384-9066-4f0a-8f7f-06ee6e3c5cfe func=job_orchestration.executor.compress.spider_compress.compress fetch_input_start=214307341 fetch_input_end=214307342 fetch_input_duration_ms=1
[2026-01-30 14:57:55.587] [info] [spider.worker] [TIMING] task_id=dbfae384-9066-4f0a-8f7f-06ee6e3c5cfe func=job_orchestration.executor.compress.spider_compress.compress execution_start=214307342 execution_end=214317796 execution_duration_ms=10453
[2026-01-30 14:57:55.598] [info] [spider.worker] [TIMING] task_id=dbfae384-9066-4f0a-8f7f-06ee6e3c5cfe func=job_orchestration.executor.compress.spider_compress.compress submit_output_start=214317798 submit_output_end=214317806 submit_output_duration_ms=8
[2026-01-30 14:57:55.618] [info] [spider.worker] [TIMING] task_id=22522459-6735-402b-9061-dfca02cf52bc func=job_orchestration.executor.compress.spider_compress.compress fetch_input_start=214317825 fetch_input_end=214317826 fetch_input_duration_ms=1
[2026-01-30 14:58:04.437] [info] [spider.worker] [TIMING] task_id=22522459-6735-402b-9061-dfca02cf52bc func=job_orchestration.executor.compress.spider_compress.compress execution_start=214317827 execution_end=214326645 execution_duration_ms=8818
[2026-01-30 14:58:04.473] [info] [spider.worker] [TIMING] task_id=22522459-6735-402b-9061-dfca02cf52bc func=job_orchestration.executor.compress.spider_compress.compress submit_output_start=214326647 submit_output_end=214326681 submit_output_duration_ms=33
[2026-01-30 14:58:04.492] [info] [spider.worker] [TIMING] task_id=a103c147-da87-4edc-95c5-2046110f1562 func=job_orchestration.executor.compress.spider_compress.compress fetch_input_start=214326699 fetch_input_end=214326700 fetch_input_duration_ms=0
[2026-01-30 14:58:51.488] [info] [spider.worker] [TIMING] task_id=a103c147-da87-4edc-95c5-2046110f1562 func=job_orchestration.executor.compress.spider_compress.compress execution_start=214326700 execution_end=214373696 execution_duration_ms=46995
[2026-01-30 14:58:51.512] [info] [spider.worker] [TIMING] task_id=a103c147-da87-4edc-95c5-2046110f1562 func=job_orchestration.executor.compress.spider_compress.compress submit_output_start=214373699 submit_output_end=214373720 submit_output_duration_ms=21
[2026-01-30 14:58:51.531] [info] [spider.worker] [TIMING] task_id=6df9daba-8b69-426e-b851-a0d16beee7f9 func=job_orchestration.executor.compress.spider_compress.compress fetch_input_start=214373738 fetch_input_end=214373740 fetch_input_duration_ms=1
[2026-01-30 14:59:01.924] [info] [spider.worker] [TIMING] task_id=6df9daba-8b69-426e-b851-a0d16beee7f9 func=job_orchestration.executor.compress.spider_compress.compress execution_start=214373740 execution_end=214384132 execution_duration_ms=10391
[2026-01-30 14:59:01.963] [info] [spider.worker] [TIMING] task_id=6df9daba-8b69-426e-b851-a0d16beee7f9 func=job_orchestration.executor.compress.spider_compress.compress submit_output_start=214384134 submit_output_end=214384171 submit_output_duration_ms=37
[2026-01-30 14:59:01.981] [info] [spider.worker] [TIMING] task_id=2b68920f-6df3-4568-87aa-85b9eb778fe3 func=job_orchestration.executor.compress.spider_compress.compress fetch_input_start=214384189 fetch_input_end=214384190 fetch_input_duration_ms=1
[2026-01-30 14:59:13.248] [info] [spider.worker] [TIMING] task_id=2b68920f-6df3-4568-87aa-85b9eb778fe3 func=job_orchestration.executor.compress.spider_compress.compress execution_start=214384191 execution_end=214395456 execution_duration_ms=11265
[2026-01-30 14:59:13.270] [info] [spider.worker] [TIMING] task_id=2b68920f-6df3-4568-87aa-85b9eb778fe3 func=job_orchestration.executor.compress.spider_compress.compress submit_output_start=214395458 submit_output_end=214395479 submit_output_duration_ms=20
[2026-01-30 14:59:13.300] [info] [spider.worker] [TIMING] task_id=77f78cf3-07d6-4d33-9a56-560327d22683 func=job_orchestration.executor.compress.spider_compress.compress fetch_input_start=214395507 fetch_input_end=214395508 fetch_input_duration_ms=0
[2026-01-30 14:59:23.389] [info] [spider.worker] [TIMING] task_id=77f78cf3-07d6-4d33-9a56-560327d22683 func=job_orchestration.executor.compress.spider_compress.compress execution_start=214395509 execution_end=214405598 execution_duration_ms=10088
[2026-01-30 14:59:23.432] [info] [spider.worker] [TIMING] task_id=77f78cf3-07d6-4d33-9a56-560327d22683 func=job_orchestration.executor.compress.spider_compress.compress submit_output_start=214405600 submit_output_end=214405640 submit_output_duration_ms=40
[2026-01-30 14:59:23.478] [info] [spider.worker] [TIMING] task_id=152ae724-4253-404f-8024-a31b63b1c498 func=job_orchestration.executor.compress.spider_compress.compress fetch_input_start=214405685 fetch_input_end=214405686 fetch_input_duration_ms=1
[2026-01-30 15:00:01.426] [info] [spider.worker] [TIMING] task_id=152ae724-4253-404f-8024-a31b63b1c498 func=job_orchestration.executor.compress.spider_compress.compress execution_start=214405687 execution_end=214443635 execution_duration_ms=37947
[2026-01-30 15:00:01.453] [info] [spider.worker] [TIMING] task_id=152ae724-4253-404f-8024-a31b63b1c498 func=job_orchestration.executor.compress.spider_compress.compress submit_output_start=214443643 submit_output_end=214443661 submit_output_duration_ms=18
[2026-01-30 15:00:01.497] [info] [spider.worker] [TIMING] task_id=a79c3c3a-a6bf-48a1-871e-c0f01b2542ba func=job_orchestration.executor.compress.spider_compress.compress fetch_input_start=214443704 fetch_input_end=214443705 fetch_input_duration_ms=1
[2026-01-30 15:00:13.234] [info] [spider.worker] [TIMING] task_id=a79c3c3a-a6bf-48a1-871e-c0f01b2542ba func=job_orchestration.executor.compress.spider_compress.compress execution_start=214443706 execution_end=214455443 execution_duration_ms=11737
[2026-01-30 15:00:13.270] [info] [spider.worker] [TIMING] task_id=a79c3c3a-a6bf-48a1-871e-c0f01b2542ba func=job_orchestration.executor.compress.spider_compress.compress submit_output_start=214455445 submit_output_end=214455478 submit_output_duration_ms=33
[2026-01-30 15:00:13.281] [info] [spider.worker] [TIMING] task_id=7307cf61-a8e5-4dbc-b022-af2a769b833a func=job_orchestration.executor.compress.spider_compress.compress fetch_input_start=214455488 fetch_input_end=214455489 fetch_input_duration_ms=1
[2026-01-30 15:01:00.854] [info] [spider.worker] [TIMING] task_id=7307cf61-a8e5-4dbc-b022-af2a769b833a func=job_orchestration.executor.compress.spider_compress.compress execution_start=214455490 execution_end=214503062 execution_duration_ms=47572
[2026-01-30 15:01:00.868] [info] [spider.worker] [TIMING] task_id=7307cf61-a8e5-4dbc-b022-af2a769b833a func=job_orchestration.executor.compress.spider_compress.compress submit_output_start=214503064 submit_output_end=214503076 submit_output_duration_ms=12
[2026-01-30 15:01:00.888] [info] [spider.worker] [TIMING] task_id=a9c40188-c1ee-4476-b737-65c90aa92637 func=job_orchestration.executor.compress.spider_compress.compress fetch_input_start=214503095 fetch_input_end=214503096 fetch_input_duration_ms=1
[2026-01-30 15:01:11.405] [info] [spider.worker] [TIMING] task_id=a9c40188-c1ee-4476-b737-65c90aa92637 func=job_orchestration.executor.compress.spider_compress.compress execution_start=214503097 execution_end=214513613 execution_duration_ms=10516
[2026-01-30 15:01:11.426] [info] [spider.worker] [TIMING] task_id=a9c40188-c1ee-4476-b737-65c90aa92637 func=job_orchestration.executor.compress.spider_compress.compress submit_output_start=214513614 submit_output_end=214513634 submit_output_duration_ms=19
[2026-01-30 15:01:11.436] [info] [spider.worker] [TIMING] task_id=48fdd5f7-cbdd-43ad-9bbc-6127e067da81 func=job_orchestration.executor.compress.spider_compress.compress fetch_input_start=214513644 fetch_input_end=214513645 fetch_input_duration_ms=0
[2026-01-30 15:01:40.126] [info] [spider.worker] [TIMING] task_id=48fdd5f7-cbdd-43ad-9bbc-6127e067da81 func=job_orchestration.executor.compress.spider_compress.compress execution_start=214513645 execution_end=214542334 execution_duration_ms=28689
[2026-01-30 15:01:40.142] [info] [spider.worker] [TIMING] task_id=48fdd5f7-cbdd-43ad-9bbc-6127e067da81 func=job_orchestration.executor.compress.spider_compress.compress submit_output_start=214542336 submit_output_end=214542351 submit_output_duration_ms=15
[2026-01-30 15:01:40.154] [info] [spider.worker] [TIMING] task_id=75833ce1-bcd5-497a-a208-80d8d556e1c0 func=job_orchestration.executor.compress.spider_compress.compress fetch_input_start=214542361 fetch_input_end=214542362 fetch_input_duration_ms=1
[2026-01-30 15:02:14.401] [info] [spider.worker] [TIMING] task_id=75833ce1-bcd5-497a-a208-80d8d556e1c0 func=job_orchestration.executor.compress.spider_compress.compress execution_start=214542363 execution_end=214576610 execution_duration_ms=34246
[2026-01-30 15:02:14.439] [info] [spider.worker] [TIMING] task_id=75833ce1-bcd5-497a-a208-80d8d556e1c0 func=job_orchestration.executor.compress.spider_compress.compress submit_output_start=214576612 submit_output_end=214576648 submit_output_duration_ms=35
[2026-01-30 15:02:14.460] [info] [spider.worker] [TIMING] task_id=0dfbdd2c-d2b9-4f30-a773-12598171de66 func=job_orchestration.executor.compress.spider_compress.compress fetch_input_start=214576668 fetch_input_end=214576668 fetch_input_duration_ms=0
[2026-01-30 15:02:25.841] [info] [spider.worker] [TIMING] task_id=0dfbdd2c-d2b9-4f30-a773-12598171de66 func=job_orchestration.executor.compress.spider_compress.compress execution_start=214576669 execution_end=214588049 execution_duration_ms=11379
[2026-01-30 15:02:25.857] [info] [spider.worker] [TIMING] task_id=0dfbdd2c-d2b9-4f30-a773-12598171de66 func=job_orchestration.executor.compress.spider_compress.compress submit_output_start=214588050 submit_output_end=214588066 submit_output_duration_ms=15
[2026-01-30 15:02:25.885] [info] [spider.worker] [TIMING] task_id=305b2a5f-05df-44a8-87d1-0bdb89c069e4 func=job_orchestration.executor.compress.spider_compress.compress fetch_input_start=214588093 fetch_input_end=214588093 fetch_input_duration_ms=0
[2026-01-30 15:02:39.635] [info] [spider.worker] [TIMING] task_id=305b2a5f-05df-44a8-87d1-0bdb89c069e4 func=job_orchestration.executor.compress.spider_compress.compress execution_start=214588094 execution_end=214601843 execution_duration_ms=13748
[2026-01-30 15:02:39.649] [info] [spider.worker] [TIMING] task_id=305b2a5f-05df-44a8-87d1-0bdb89c069e4 func=job_orchestration.executor.compress.spider_compress.compress submit_output_start=214601846 submit_output_end=214601857 submit_output_duration_ms=11
[2026-01-30 15:02:39.659] [info] [spider.worker] [TIMING] task_id=b3690b67-754c-4213-83cc-83c5d7a8d489 func=job_orchestration.executor.compress.spider_compress.compress fetch_input_start=214601867 fetch_input_end=214601868 fetch_input_duration_ms=1
[2026-01-30 15:02:55.718] [info] [spider.worker] [TIMING] task_id=b3690b67-754c-4213-83cc-83c5d7a8d489 func=job_orchestration.executor.compress.spider_compress.compress execution_start=214601869 execution_end=214617926 execution_duration_ms=16057
[2026-01-30 15:02:55.770] [info] [spider.worker] [TIMING] task_id=b3690b67-754c-4213-83cc-83c5d7a8d489 func=job_orchestration.executor.compress.spider_compress.compress submit_output_start=214617940 submit_output_end=214617979 submit_output_duration_ms=38
[2026-01-30 15:02:55.793] [info] [spider.worker] [TIMING] task_id=3a4deec5-9142-44a9-8ea2-bba0b081d597 func=job_orchestration.executor.compress.spider_compress.compress fetch_input_start=214618000 fetch_input_end=214618002 fetch_input_duration_ms=1
[2026-01-30 15:03:25.133] [info] [spider.worker] [TIMING] task_id=3a4deec5-9142-44a9-8ea2-bba0b081d597 func=job_orchestration.executor.compress.spider_compress.compress execution_start=214618002 execution_end=214647341 execution_duration_ms=29338
[2026-01-30 15:03:25.146] [info] [spider.worker] [TIMING] task_id=3a4deec5-9142-44a9-8ea2-bba0b081d597 func=job_orchestration.executor.compress.spider_compress.compress submit_output_start=214647343 submit_output_end=214647355 submit_output_duration_ms=11
[2026-01-30 15:03:25.166] [info] [spider.worker] [TIMING] task_id=c1b070aa-3b28-4f82-99fc-94a9a6562b83 func=job_orchestration.executor.compress.spider_compress.compress fetch_input_start=214647373 fetch_input_end=214647374 fetch_input_duration_ms=1
[2026-01-30 15:04:06.367] [info] [spider.worker] [TIMING] task_id=c1b070aa-3b28-4f82-99fc-94a9a6562b83 func=job_orchestration.executor.compress.spider_compress.compress execution_start=214647375 execution_end=214688575 execution_duration_ms=41200
[2026-01-30 15:04:06.445] [info] [spider.worker] [TIMING] task_id=c1b070aa-3b28-4f82-99fc-94a9a6562b83 func=job_orchestration.executor.compress.spider_compress.compress submit_output_start=214688604 submit_output_end=214688654 submit_output_duration_ms=49
[2026-01-30 15:04:06.506] [info] [spider.worker] [TIMING] task_id=f4eaa962-ef32-48f5-aead-d35044ee8c29 func=job_orchestration.executor.compress.spider_compress.compress fetch_input_start=214688713 fetch_input_end=214688714 fetch_input_duration_ms=0
[2026-01-30 15:04:16.823] [info] [spider.worker] [TIMING] task_id=f4eaa962-ef32-48f5-aead-d35044ee8c29 func=job_orchestration.executor.compress.spider_compress.compress execution_start=214688715 execution_end=214699031 execution_duration_ms=10315
[2026-01-30 15:04:16.868] [info] [spider.worker] [TIMING] task_id=f4eaa962-ef32-48f5-aead-d35044ee8c29 func=job_orchestration.executor.compress.spider_compress.compress submit_output_start=214699033 submit_output_end=214699076 submit_output_duration_ms=43
[2026-01-30 15:04:16.886] [info] [spider.worker] [TIMING] task_id=b20cc38c-8a56-4ec2-b656-6ea5ed12f433 func=job_orchestration.executor.compress.spider_compress.compress fetch_input_start=214699094 fetch_input_end=214699095 fetch_input_duration_ms=0
[2026-01-30 15:04:37.810] [info] [spider.worker] [TIMING] task_id=b20cc38c-8a56-4ec2-b656-6ea5ed12f433 func=job_orchestration.executor.compress.spider_compress.compress execution_start=214699095 execution_end=214720018 execution_duration_ms=20922
[2026-01-30 15:04:37.856] [info] [spider.worker] [TIMING] task_id=b20cc38c-8a56-4ec2-b656-6ea5ed12f433 func=job_orchestration.executor.compress.spider_compress.compress submit_output_start=214720020 submit_output_end=214720064 submit_output_duration_ms=44
[2026-01-30 15:04:37.902] [info] [spider.worker] [TIMING] task_id=f9a8f656-0c8a-4f5f-a268-8efd3d078486 func=job_orchestration.executor.compress.spider_compress.compress fetch_input_start=214720084 fetch_input_end=214720111 fetch_input_duration_ms=26
[2026-01-30 15:04:46.934] [info] [spider.worker] [TIMING] task_id=f9a8f656-0c8a-4f5f-a268-8efd3d078486 func=job_orchestration.executor.compress.spider_compress.compress execution_start=214720129 execution_end=214729142 execution_duration_ms=9013
[2026-01-30 15:04:46.972] [info] [spider.worker] [TIMING] task_id=f9a8f656-0c8a-4f5f-a268-8efd3d078486 func=job_orchestration.executor.compress.spider_compress.compress submit_output_start=214729144 submit_output_end=214729180 submit_output_duration_ms=35
[2026-01-30 15:04:46.993] [info] [spider.worker] [TIMING] task_id=5dda3a79-6759-4a5d-9c9d-8a4547bf3ee6 func=job_orchestration.executor.compress.spider_compress.compress fetch_input_start=214729201 fetch_input_end=214729202 fetch_input_duration_ms=1
[2026-01-30 15:05:25.791] [info] [spider.worker] [TIMING] task_id=5dda3a79-6759-4a5d-9c9d-8a4547bf3ee6 func=job_orchestration.executor.compress.spider_compress.compress execution_start=214729202 execution_end=214767999 execution_duration_ms=38796
[2026-01-30 15:05:26.621] [info] [spider.worker] [TIMING] task_id=5dda3a79-6759-4a5d-9c9d-8a4547bf3ee6 func=job_orchestration.executor.compress.spider_compress.compress submit_output_start=214768156 submit_output_end=214768829 submit_output_duration_ms=673
[2026-01-30 15:05:27.360] [info] [spider.worker] [TIMING] task_id=c8252d62-2ba2-44b7-9df6-1a2e59109689 func=job_orchestration.executor.compress.spider_compress.compress fetch_input_start=214769567 fetch_input_end=214769568 fetch_input_duration_ms=1
[2026-01-30 15:05:43.832] [info] [spider.worker] [TIMING] task_id=c8252d62-2ba2-44b7-9df6-1a2e59109689 func=job_orchestration.executor.compress.spider_compress.compress execution_start=214769569 execution_end=214786041 execution_duration_ms=16471
[2026-01-30 15:05:44.199] [info] [spider.worker] [TIMING] task_id=c8252d62-2ba2-44b7-9df6-1a2e59109689 func=job_orchestration.executor.compress.spider_compress.compress submit_output_start=214786042 submit_output_end=214786408 submit_output_duration_ms=365
[2026-01-30 15:05:44.289] [info] [spider.worker] [TIMING] task_id=bbec04d9-a568-40ad-9e76-b1279e2aa726 func=job_orchestration.executor.compress.spider_compress.compress fetch_input_start=214786496 fetch_input_end=214786497 fetch_input_duration_ms=0
[2026-01-30 15:05:55.009] [info] [spider.worker] [TIMING] task_id=bbec04d9-a568-40ad-9e76-b1279e2aa726 func=job_orchestration.executor.compress.spider_compress.compress execution_start=214786497 execution_end=214797217 execution_duration_ms=10719
[2026-01-30 15:05:55.018] [info] [spider.worker] [TIMING] task_id=bbec04d9-a568-40ad-9e76-b1279e2aa726 func=job_orchestration.executor.compress.spider_compress.compress submit_output_start=214797219 submit_output_end=214797227 submit_output_duration_ms=7
[2026-01-30 15:05:55.049] [info] [spider.worker] [TIMING] task_id=4dd0a842-840e-44de-a7c0-cebb00cfc9eb func=job_orchestration.executor.compress.spider_compress.compress fetch_input_start=214797257 fetch_input_end=214797257 fetch_input_duration_ms=0
[2026-01-30 15:06:04.477] [info] [spider.worker] [TIMING] task_id=4dd0a842-840e-44de-a7c0-cebb00cfc9eb func=job_orchestration.executor.compress.spider_compress.compress execution_start=214797258 execution_end=214806685 execution_duration_ms=9427
[2026-01-30 15:06:04.526] [info] [spider.worker] [TIMING] task_id=4dd0a842-840e-44de-a7c0-cebb00cfc9eb func=job_orchestration.executor.compress.spider_compress.compress submit_output_start=214806708 submit_output_end=214806734 submit_output_duration_ms=26
[2026-01-30 15:06:04.536] [info] [spider.worker] [TIMING] task_id=c7870858-b709-4ac7-bcf0-3d67af6a966b func=job_orchestration.executor.compress.spider_compress.compress fetch_input_start=214806744 fetch_input_end=214806745 fetch_input_duration_ms=0
[2026-01-30 15:06:16.997] [info] [spider.worker] [TIMING] task_id=c7870858-b709-4ac7-bcf0-3d67af6a966b func=job_orchestration.executor.compress.spider_compress.compress execution_start=214806745 execution_end=214819205 execution_duration_ms=12460
[2026-01-30 15:06:17.008] [info] [spider.worker] [TIMING] task_id=c7870858-b709-4ac7-bcf0-3d67af6a966b func=job_orchestration.executor.compress.spider_compress.compress submit_output_start=214819208 submit_output_end=214819217 submit_output_duration_ms=9
[2026-01-30 15:06:17.029] [info] [spider.worker] [TIMING] task_id=43ede45d-e11f-410c-814d-d844106f40f9 func=job_orchestration.executor.compress.spider_compress.compress fetch_input_start=214819235 fetch_input_end=214819237 fetch_input_duration_ms=1
[2026-01-30 15:06:29.774] [info] [spider.worker] [TIMING] task_id=43ede45d-e11f-410c-814d-d844106f40f9 func=job_orchestration.executor.compress.spider_compress.compress execution_start=214819238 execution_end=214831982 execution_duration_ms=12744
[2026-01-30 15:06:29.791] [info] [spider.worker] [TIMING] task_id=43ede45d-e11f-410c-814d-d844106f40f9 func=job_orchestration.executor.compress.spider_compress.compress submit_output_start=214831984 submit_output_end=214831999 submit_output_duration_ms=15
[2026-01-30 15:06:29.801] [info] [spider.worker] [TIMING] task_id=036f0b48-0b37-40d5-966e-c2ecd96703dc func=job_orchestration.executor.compress.spider_compress.compress fetch_input_start=214832009 fetch_input_end=214832010 fetch_input_duration_ms=1
[2026-01-30 15:07:06.561] [info] [spider.worker] [TIMING] task_id=036f0b48-0b37-40d5-966e-c2ecd96703dc func=job_orchestration.executor.compress.spider_compress.compress execution_start=214832011 execution_end=214868770 execution_duration_ms=36759
[2026-01-30 15:07:06.572] [info] [spider.worker] [TIMING] task_id=036f0b48-0b37-40d5-966e-c2ecd96703dc func=job_orchestration.executor.compress.spider_compress.compress submit_output_start=214868772 submit_output_end=214868780 submit_output_duration_ms=8
[2026-01-30 15:07:06.591] [info] [spider.worker] [TIMING] task_id=63608888-c397-4e9f-9bfc-64ed257c71dd func=job_orchestration.executor.compress.spider_compress.compress fetch_input_start=214868798 fetch_input_end=214868800 fetch_input_duration_ms=1
[2026-01-30 15:07:28.415] [info] [spider.worker] [TIMING] task_id=63608888-c397-4e9f-9bfc-64ed257c71dd func=job_orchestration.executor.compress.spider_compress.compress execution_start=214868800 execution_end=214890624 execution_duration_ms=21823
[2026-01-30 15:07:28.461] [info] [spider.worker] [TIMING] task_id=63608888-c397-4e9f-9bfc-64ed257c71dd func=job_orchestration.executor.compress.spider_compress.compress submit_output_start=214890625 submit_output_end=214890670 submit_output_duration_ms=44
[2026-01-30 15:07:28.502] [info] [spider.worker] [TIMING] task_id=5f680347-9b3c-4586-9e96-0bac138c9592 func=job_orchestration.executor.compress.spider_compress.compress fetch_input_start=214890709 fetch_input_end=214890710 fetch_input_duration_ms=1
[2026-01-30 15:08:00.995] [info] [spider.worker] [TIMING] task_id=5f680347-9b3c-4586-9e96-0bac138c9592 func=job_orchestration.executor.compress.spider_compress.compress execution_start=214890711 execution_end=214923203 execution_duration_ms=32491
[2026-01-30 15:08:01.017] [info] [spider.worker] [TIMING] task_id=5f680347-9b3c-4586-9e96-0bac138c9592 func=job_orchestration.executor.compress.spider_compress.compress submit_output_start=214923205 submit_output_end=214923226 submit_output_duration_ms=20
[2026-01-30 15:08:01.037] [info] [spider.worker] [TIMING] task_id=dec375dd-1f67-4b41-a751-f2c23e6bb1bc func=job_orchestration.executor.compress.spider_compress.compress fetch_input_start=214923244 fetch_input_end=214923245 fetch_input_duration_ms=0
[2026-01-30 15:08:11.399] [info] [spider.worker] [TIMING] task_id=dec375dd-1f67-4b41-a751-f2c23e6bb1bc func=job_orchestration.executor.compress.spider_compress.compress execution_start=214923246 execution_end=214933608 execution_duration_ms=10362
[2026-01-30 15:08:11.434] [info] [spider.worker] [TIMING] task_id=dec375dd-1f67-4b41-a751-f2c23e6bb1bc func=job_orchestration.executor.compress.spider_compress.compress submit_output_start=214933623 submit_output_end=214933642 submit_output_duration_ms=19
[2026-01-30 15:08:11.453] [info] [spider.worker] [TIMING] task_id=18fcd794-ff68-4a28-9023-664f184a69c9 func=job_orchestration.executor.compress.spider_compress.compress fetch_input_start=214933660 fetch_input_end=214933661 fetch_input_duration_ms=1
[2026-01-30 15:08:21.309] [info] [spider.worker] [TIMING] task_id=18fcd794-ff68-4a28-9023-664f184a69c9 func=job_orchestration.executor.compress.spider_compress.compress execution_start=214933662 execution_end=214943517 execution_duration_ms=9855
[2026-01-30 15:08:21.316] [info] [spider.worker] [TIMING] task_id=18fcd794-ff68-4a28-9023-664f184a69c9 func=job_orchestration.executor.compress.spider_compress.compress submit_output_start=214943519 submit_output_end=214943524 submit_output_duration_ms=5
[2026-01-30 15:08:21.336] [info] [spider.worker] [TIMING] task_id=67873610-18a6-4b34-afbe-96ee993f6a0f func=job_orchestration.executor.compress.spider_compress.compress fetch_input_start=214943543 fetch_input_end=214943545 fetch_input_duration_ms=1
[2026-01-30 15:08:33.688] [info] [spider.worker] [TIMING] task_id=67873610-18a6-4b34-afbe-96ee993f6a0f func=job_orchestration.executor.compress.spider_compress.compress execution_start=214943546 execution_end=214955896 execution_duration_ms=12350
[2026-01-30 15:08:33.698] [info] [spider.worker] [TIMING] task_id=67873610-18a6-4b34-afbe-96ee993f6a0f func=job_orchestration.executor.compress.spider_compress.compress submit_output_start=214955898 submit_output_end=214955907 submit_output_duration_ms=8
[2026-01-30 15:08:33.734] [info] [spider.worker] [TIMING] task_id=fbc958ce-2d60-4e72-88ce-8bb30e289a46 func=job_orchestration.executor.compress.spider_compress.compress fetch_input_start=214955942 fetch_input_end=214955943 fetch_input_duration_ms=0
[2026-01-30 15:09:39.937] [info] [spider.worker] [TIMING] task_id=fbc958ce-2d60-4e72-88ce-8bb30e289a46 func=job_orchestration.executor.compress.spider_compress.compress execution_start=214955943 execution_end=215022146 execution_duration_ms=66202
[2026-01-30 15:09:39.960] [info] [spider.worker] [TIMING] task_id=fbc958ce-2d60-4e72-88ce-8bb30e289a46 func=job_orchestration.executor.compress.spider_compress.compress submit_output_start=215022148 submit_output_end=215022168 submit_output_duration_ms=20
[2026-01-30 15:09:40.005] [info] [spider.worker] [TIMING] task_id=0791146f-4276-40db-b256-302d3d912359 func=job_orchestration.executor.compress.spider_compress.compress fetch_input_start=215022212 fetch_input_end=215022214 fetch_input_duration_ms=1
[2026-01-30 15:10:13.068] [info] [spider.worker] [TIMING] task_id=0791146f-4276-40db-b256-302d3d912359 func=job_orchestration.executor.compress.spider_compress.compress execution_start=215022214 execution_end=215055276 execution_duration_ms=33061
[2026-01-30 15:10:13.098] [info] [spider.worker] [TIMING] task_id=0791146f-4276-40db-b256-302d3d912359 func=job_orchestration.executor.compress.spider_compress.compress submit_output_start=215055278 submit_output_end=215055306 submit_output_duration_ms=28
[2026-01-30 15:10:13.142] [info] [spider.worker] [TIMING] task_id=90940eab-3232-4823-bc9d-1101278cb9c2 func=job_orchestration.executor.compress.spider_compress.compress fetch_input_start=215055350 fetch_input_end=215055350 fetch_input_duration_ms=0
[2026-01-30 15:10:22.385] [info] [spider.worker] [TIMING] task_id=90940eab-3232-4823-bc9d-1101278cb9c2 func=job_orchestration.executor.compress.spider_compress.compress execution_start=215055366 execution_end=215064593 execution_duration_ms=9227
[2026-01-30 15:10:22.424] [info] [spider.worker] [TIMING] task_id=90940eab-3232-4823-bc9d-1101278cb9c2 func=job_orchestration.executor.compress.spider_compress.compress submit_output_start=215064594 submit_output_end=215064632 submit_output_duration_ms=37
[2026-01-30 15:10:22.435] [info] [spider.worker] [TIMING] task_id=499091bb-fb34-4bc2-b50e-969425c89b1f func=job_orchestration.executor.compress.spider_compress.compress fetch_input_start=215064643 fetch_input_end=215064644 fetch_input_duration_ms=1
[2026-01-30 15:10:32.538] [info] [spider.worker] [TIMING] task_id=499091bb-fb34-4bc2-b50e-969425c89b1f func=job_orchestration.executor.compress.spider_compress.compress execution_start=215064644 execution_end=215074747 execution_duration_ms=10102
[2026-01-30 15:10:32.557] [info] [spider.worker] [TIMING] task_id=499091bb-fb34-4bc2-b50e-969425c89b1f func=job_orchestration.executor.compress.spider_compress.compress submit_output_start=215074748 submit_output_end=215074765 submit_output_duration_ms=16
[2026-01-30 15:10:32.630] [info] [spider.worker] [TIMING] task_id=e67bd583-41e3-431c-a15c-e6278ad09698 func=job_orchestration.executor.compress.spider_compress.compress fetch_input_start=215074837 fetch_input_end=215074838 fetch_input_duration_ms=1
[2026-01-30 15:11:35.814] [info] [spider.worker] [TIMING] task_id=e67bd583-41e3-431c-a15c-e6278ad09698 func=job_orchestration.executor.compress.spider_compress.compress execution_start=215074839 execution_end=215138022 execution_duration_ms=63183
[2026-01-30 15:11:35.860] [info] [spider.worker] [TIMING] task_id=e67bd583-41e3-431c-a15c-e6278ad09698 func=job_orchestration.executor.compress.spider_compress.compress submit_output_start=215138024 submit_output_end=215138069 submit_output_duration_ms=44
[2026-01-30 15:11:35.905] [info] [spider.worker] [TIMING] task_id=97a58b8e-f47a-42e1-a8e3-b92eab074866 func=job_orchestration.executor.compress.spider_compress.compress fetch_input_start=215138112 fetch_input_end=215138113 fetch_input_duration_ms=1
[2026-01-30 15:11:46.405] [info] [spider.worker] [TIMING] task_id=97a58b8e-f47a-42e1-a8e3-b92eab074866 func=job_orchestration.executor.compress.spider_compress.compress execution_start=215138115 execution_end=215148613 execution_duration_ms=10498
[2026-01-30 15:11:46.417] [info] [spider.worker] [TIMING] task_id=97a58b8e-f47a-42e1-a8e3-b92eab074866 func=job_orchestration.executor.compress.spider_compress.compress submit_output_start=215148615 submit_output_end=215148626 submit_output_duration_ms=10
[2026-01-30 15:11:46.436] [info] [spider.worker] [TIMING] task_id=e25e4f27-d964-4bc6-9e27-fd5acf8e6cd9 func=job_orchestration.executor.compress.spider_compress.compress fetch_input_start=215148644 fetch_input_end=215148645 fetch_input_duration_ms=0
[2026-01-30 15:11:56.082] [info] [spider.worker] [TIMING] task_id=e25e4f27-d964-4bc6-9e27-fd5acf8e6cd9 func=job_orchestration.executor.compress.spider_compress.compress execution_start=215148646 execution_end=215158290 execution_duration_ms=9644
[2026-01-30 15:11:56.092] [info] [spider.worker] [TIMING] task_id=e25e4f27-d964-4bc6-9e27-fd5acf8e6cd9 func=job_orchestration.executor.compress.spider_compress.compress submit_output_start=215158292 submit_output_end=215158300 submit_output_duration_ms=8
[2026-01-30 15:11:56.103] [info] [spider.worker] [TIMING] task_id=d0ff97c3-db21-4839-a18c-0688abcbb17e func=job_orchestration.executor.compress.spider_compress.compress fetch_input_start=215158310 fetch_input_end=215158311 fetch_input_duration_ms=1
[2026-01-30 15:12:10.926] [info] [spider.worker] [TIMING] task_id=d0ff97c3-db21-4839-a18c-0688abcbb17e func=job_orchestration.executor.compress.spider_compress.compress execution_start=215158311 execution_end=215173134 execution_duration_ms=14822
[2026-01-30 15:12:10.941] [info] [spider.worker] [TIMING] task_id=d0ff97c3-db21-4839-a18c-0688abcbb17e func=job_orchestration.executor.compress.spider_compress.compress submit_output_start=215173136 submit_output_end=215173149 submit_output_duration_ms=13
[2026-01-30 15:12:10.996] [info] [spider.worker] [TIMING] task_id=7ae009c6-8815-4313-992b-285976cd5062 func=job_orchestration.executor.compress.spider_compress.compress fetch_input_start=215173203 fetch_input_end=215173204 fetch_input_duration_ms=1
[2026-01-30 15:12:21.497] [info] [spider.worker] [TIMING] task_id=7ae009c6-8815-4313-992b-285976cd5062 func=job_orchestration.executor.compress.spider_compress.compress execution_start=215173205 execution_end=215183706 execution_duration_ms=10500
[2026-01-30 15:12:21.506] [info] [spider.worker] [TIMING] task_id=7ae009c6-8815-4313-992b-285976cd5062 func=job_orchestration.executor.compress.spider_compress.compress submit_output_start=215183707 submit_output_end=215183715 submit_output_duration_ms=7
[2026-01-30 15:17:10.213] [info] [spider.worker] [TIMING] task_id=bbfbaa18-5917-4a6f-95e8-bf1e2f962bd6 func=job_orchestration.executor.query.spider_search_task.search_without_channel fetch_input_start=215472419 fetch_input_end=215472422 fetch_input_duration_ms=2
[2026-01-30 15:17:11.486] [info] [spider.worker] [TIMING] task_id=bbfbaa18-5917-4a6f-95e8-bf1e2f962bd6 func=job_orchestration.executor.query.spider_search_task.search_without_channel execution_start=215472423 execution_end=215473694 execution_duration_ms=1270
[2026-01-30 15:17:11.545] [info] [spider.worker] [TIMING] task_id=bbfbaa18-5917-4a6f-95e8-bf1e2f962bd6 func=job_orchestration.executor.query.spider_search_task.search_without_channel submit_output_start=215473696 submit_output_end=215473753 submit_output_duration_ms=57
[2026-01-30 15:17:11.614] [info] [spider.worker] [TIMING] task_id=aef56de0-433f-4f3b-a1a8-97011f260417 func=job_orchestration.executor.query.spider_search_task.search_without_channel fetch_input_start=215473821 fetch_input_end=215473822 fetch_input_duration_ms=0
[2026-01-30 15:17:12.911] [info] [spider.worker] [TIMING] task_id=aef56de0-433f-4f3b-a1a8-97011f260417 func=job_orchestration.executor.query.spider_search_task.search_without_channel execution_start=215473823 execution_end=215475119 execution_duration_ms=1296
[2026-01-30 15:17:12.965] [info] [spider.worker] [TIMING] task_id=aef56de0-433f-4f3b-a1a8-97011f260417 func=job_orchestration.executor.query.spider_search_task.search_without_channel submit_output_start=215475121 submit_output_end=215475174 submit_output_duration_ms=53
[2026-01-30 15:17:13.018] [info] [spider.worker] [TIMING] task_id=0a542d44-00c2-4473-a101-ca4e195ed51d func=job_orchestration.executor.query.spider_search_task.search_without_channel fetch_input_start=215475225 fetch_input_end=215475226 fetch_input_duration_ms=0
[2026-01-30 15:17:14.253] [info] [spider.worker] [TIMING] task_id=0a542d44-00c2-4473-a101-ca4e195ed51d func=job_orchestration.executor.query.spider_search_task.search_without_channel execution_start=215475227 execution_end=215476461 execution_duration_ms=1234
[2026-01-30 15:17:14.299] [info] [spider.worker] [TIMING] task_id=0a542d44-00c2-4473-a101-ca4e195ed51d func=job_orchestration.executor.query.spider_search_task.search_without_channel submit_output_start=215476463 submit_output_end=215476508 submit_output_duration_ms=44
[2026-01-30 15:17:14.359] [info] [spider.worker] [TIMING] task_id=92c82ab0-6245-44f7-979e-cc3c486bcd5c func=job_orchestration.executor.query.spider_search_task.search_without_channel fetch_input_start=215476567 fetch_input_end=215476568 fetch_input_duration_ms=0
[2026-01-30 15:17:15.550] [info] [spider.worker] [TIMING] task_id=92c82ab0-6245-44f7-979e-cc3c486bcd5c func=job_orchestration.executor.query.spider_search_task.search_without_channel execution_start=215476569 execution_end=215477758 execution_duration_ms=1189
[2026-01-30 15:17:15.637] [info] [spider.worker] [TIMING] task_id=92c82ab0-6245-44f7-979e-cc3c486bcd5c func=job_orchestration.executor.query.spider_search_task.search_without_channel submit_output_start=215477759 submit_output_end=215477845 submit_output_duration_ms=85
[2026-01-30 15:17:15.685] [info] [spider.worker] [TIMING] task_id=6fe19bc8-1453-4315-83b6-e8d949614199 func=job_orchestration.executor.query.spider_search_task.search_without_channel fetch_input_start=215477893 fetch_input_end=215477893 fetch_input_duration_ms=0
[2026-01-30 15:17:17.045] [info] [spider.worker] [TIMING] task_id=6fe19bc8-1453-4315-83b6-e8d949614199 func=job_orchestration.executor.query.spider_search_task.search_without_channel execution_start=215477894 execution_end=215479253 execution_duration_ms=1358
[2026-01-30 15:17:17.058] [info] [spider.worker] [TIMING] task_id=6fe19bc8-1453-4315-83b6-e8d949614199 func=job_orchestration.executor.query.spider_search_task.search_without_channel submit_output_start=215479255 submit_output_end=215479266 submit_output_duration_ms=11
[2026-01-30 15:17:17.077] [info] [spider.worker] [TIMING] task_id=cae12a40-984c-48ee-8b06-db220bc13b67 func=job_orchestration.executor.query.spider_search_task.search_without_channel fetch_input_start=215479285 fetch_input_end=215479285 fetch_input_duration_ms=0
[2026-01-30 15:17:18.250] [info] [spider.worker] [TIMING] task_id=cae12a40-984c-48ee-8b06-db220bc13b67 func=job_orchestration.executor.query.spider_search_task.search_without_channel execution_start=215479286 execution_end=215480458 execution_duration_ms=1172
[2026-01-30 15:17:18.275] [info] [spider.worker] [TIMING] task_id=cae12a40-984c-48ee-8b06-db220bc13b67 func=job_orchestration.executor.query.spider_search_task.search_without_channel submit_output_start=215480460 submit_output_end=215480483 submit_output_duration_ms=23
[2026-01-30 15:17:18.319] [info] [spider.worker] [TIMING] task_id=194b21e3-d960-4819-b808-18f0c5b6fb55 func=job_orchestration.executor.query.spider_search_task.search_without_channel fetch_input_start=215480527 fetch_input_end=215480528 fetch_input_duration_ms=0
[2026-01-30 15:17:19.646] [info] [spider.worker] [TIMING] task_id=194b21e3-d960-4819-b808-18f0c5b6fb55 func=job_orchestration.executor.query.spider_search_task.search_without_channel execution_start=215480528 execution_end=215481854 execution_duration_ms=1325
[2026-01-30 15:17:19.659] [info] [spider.worker] [TIMING] task_id=194b21e3-d960-4819-b808-18f0c5b6fb55 func=job_orchestration.executor.query.spider_search_task.search_without_channel submit_output_start=215481856 submit_output_end=215481867 submit_output_duration_ms=10
[2026-01-30 15:17:19.678] [info] [spider.worker] [TIMING] task_id=d5b8b049-3af9-43c7-8969-259108973b86 func=job_orchestration.executor.query.spider_search_task.search_without_channel fetch_input_start=215481885 fetch_input_end=215481886 fetch_input_duration_ms=1
[2026-01-30 15:17:20.875] [info] [spider.worker] [TIMING] task_id=d5b8b049-3af9-43c7-8969-259108973b86 func=job_orchestration.executor.query.spider_search_task.search_without_channel execution_start=215481887 execution_end=215483084 execution_duration_ms=1196
[2026-01-30 15:17:20.933] [info] [spider.worker] [TIMING] task_id=d5b8b049-3af9-43c7-8969-259108973b86 func=job_orchestration.executor.query.spider_search_task.search_without_channel submit_output_start=215483085 submit_output_end=215483141 submit_output_duration_ms=55
[2026-01-30 15:17:20.953] [info] [spider.worker] [TIMING] task_id=e0fb697b-a75e-4f0b-95de-eb8af2ce10eb func=job_orchestration.executor.query.spider_search_task.search_without_channel fetch_input_start=215483161 fetch_input_end=215483161 fetch_input_duration_ms=0
[2026-01-30 15:17:22.195] [info] [spider.worker] [TIMING] task_id=e0fb697b-a75e-4f0b-95de-eb8af2ce10eb func=job_orchestration.executor.query.spider_search_task.search_without_channel execution_start=215483162 execution_end=215484403 execution_duration_ms=1240
[2026-01-30 15:17:22.226] [info] [spider.worker] [TIMING] task_id=e0fb697b-a75e-4f0b-95de-eb8af2ce10eb func=job_orchestration.executor.query.spider_search_task.search_without_channel submit_output_start=215484412 submit_output_end=215484434 submit_output_duration_ms=22
[2026-01-30 15:17:22.264] [info] [spider.worker] [TIMING] task_id=963b3d8d-fe59-4e15-a8bc-25e3dfacad89 func=job_orchestration.executor.query.spider_search_task.search_without_channel fetch_input_start=215484471 fetch_input_end=215484472 fetch_input_duration_ms=0
[2026-01-30 15:17:23.560] [info] [spider.worker] [TIMING] task_id=963b3d8d-fe59-4e15-a8bc-25e3dfacad89 func=job_orchestration.executor.query.spider_search_task.search_without_channel execution_start=215484473 execution_end=215485768 execution_duration_ms=1295
[2026-01-30 15:17:23.567] [info] [spider.worker] [TIMING] task_id=963b3d8d-fe59-4e15-a8bc-25e3dfacad89 func=job_orchestration.executor.query.spider_search_task.search_without_channel submit_output_start=215485770 submit_output_end=215485776 submit_output_duration_ms=5
[2026-01-30 15:17:23.578] [info] [spider.worker] [TIMING] task_id=88c0c1c5-2f46-46b3-9a20-c82b7f95eeec func=job_orchestration.executor.query.spider_search_task.search_without_channel fetch_input_start=215485786 fetch_input_end=215485787 fetch_input_duration_ms=1
[2026-01-30 15:17:24.840] [info] [spider.worker] [TIMING] task_id=88c0c1c5-2f46-46b3-9a20-c82b7f95eeec func=job_orchestration.executor.query.spider_search_task.search_without_channel execution_start=215485787 execution_end=215487049 execution_duration_ms=1261
[2026-01-30 15:17:24.876] [info] [spider.worker] [TIMING] task_id=88c0c1c5-2f46-46b3-9a20-c82b7f95eeec func=job_orchestration.executor.query.spider_search_task.search_without_channel submit_output_start=215487051 submit_output_end=215487084 submit_output_duration_ms=33
[2026-01-30 15:17:24.938] [info] [spider.worker] [TIMING] task_id=a123598b-5fb3-4ae8-a831-87897741fc49 func=job_orchestration.executor.query.spider_search_task.search_without_channel fetch_input_start=215487145 fetch_input_end=215487146 fetch_input_duration_ms=1
[2026-01-30 15:17:26.153] [info] [spider.worker] [TIMING] task_id=a123598b-5fb3-4ae8-a831-87897741fc49 func=job_orchestration.executor.query.spider_search_task.search_without_channel execution_start=215487147 execution_end=215488361 execution_duration_ms=1214
[2026-01-30 15:17:26.245] [info] [spider.worker] [TIMING] task_id=a123598b-5fb3-4ae8-a831-87897741fc49 func=job_orchestration.executor.query.spider_search_task.search_without_channel submit_output_start=215488363 submit_output_end=215488453 submit_output_duration_ms=89
[2026-01-30 15:17:26.297] [info] [spider.worker] [TIMING] task_id=aa42eae5-f6ab-492c-a9d3-3e5d64f8b6ff func=job_orchestration.executor.query.spider_search_task.search_without_channel fetch_input_start=215488504 fetch_input_end=215488505 fetch_input_duration_ms=1
[2026-01-30 15:17:27.467] [info] [spider.worker] [TIMING] task_id=aa42eae5-f6ab-492c-a9d3-3e5d64f8b6ff func=job_orchestration.executor.query.spider_search_task.search_without_channel execution_start=215488506 execution_end=215489676 execution_duration_ms=1169
[2026-01-30 15:17:27.478] [info] [spider.worker] [TIMING] task_id=aa42eae5-f6ab-492c-a9d3-3e5d64f8b6ff func=job_orchestration.executor.query.spider_search_task.search_without_channel submit_output_start=215489677 submit_output_end=215489687 submit_output_duration_ms=9
[2026-01-30 15:17:27.523] [info] [spider.worker] [TIMING] task_id=cabec7b4-41ab-4a4b-bcd5-84d4ae6b6909 func=job_orchestration.executor.query.spider_search_task.search_without_channel fetch_input_start=215489730 fetch_input_end=215489731 fetch_input_duration_ms=0
[2026-01-30 15:17:28.670] [info] [spider.worker] [TIMING] task_id=cabec7b4-41ab-4a4b-bcd5-84d4ae6b6909 func=job_orchestration.executor.query.spider_search_task.search_without_channel execution_start=215489732 execution_end=215490878 execution_duration_ms=1146
[2026-01-30 15:17:28.703] [info] [spider.worker] [TIMING] task_id=cabec7b4-41ab-4a4b-bcd5-84d4ae6b6909 func=job_orchestration.executor.query.spider_search_task.search_without_channel submit_output_start=215490895 submit_output_end=215490912 submit_output_duration_ms=17
[2026-01-30 15:17:28.723] [info] [spider.worker] [TIMING] task_id=2e40a4b6-2101-4310-9995-815679c901f5 func=job_orchestration.executor.query.spider_search_task.search_without_channel fetch_input_start=215490930 fetch_input_end=215490932 fetch_input_duration_ms=1
[2026-01-30 15:17:29.923] [info] [spider.worker] [TIMING] task_id=2e40a4b6-2101-4310-9995-815679c901f5 func=job_orchestration.executor.query.spider_search_task.search_without_channel execution_start=215490932 execution_end=215492131 execution_duration_ms=1199
[2026-01-30 15:17:29.937] [info] [spider.worker] [TIMING] task_id=2e40a4b6-2101-4310-9995-815679c901f5 func=job_orchestration.executor.query.spider_search_task.search_without_channel submit_output_start=215492133 submit_output_end=215492145 submit_output_duration_ms=12
[2026-01-30 15:17:29.975] [info] [spider.worker] [TIMING] task_id=5c9fb734-55c3-4281-af77-ad5b6b7d9bc4 func=job_orchestration.executor.query.spider_search_task.search_without_channel fetch_input_start=215492183 fetch_input_end=215492184 fetch_input_duration_ms=1
[2026-01-30 15:17:31.318] [info] [spider.worker] [TIMING] task_id=5c9fb734-55c3-4281-af77-ad5b6b7d9bc4 func=job_orchestration.executor.query.spider_search_task.search_without_channel execution_start=215492184 execution_end=215493526 execution_duration_ms=1341
[2026-01-30 15:17:31.385] [info] [spider.worker] [TIMING] task_id=5c9fb734-55c3-4281-af77-ad5b6b7d9bc4 func=job_orchestration.executor.query.spider_search_task.search_without_channel submit_output_start=215493527 submit_output_end=215493593 submit_output_duration_ms=66
[2026-01-30 15:17:31.406] [info] [spider.worker] [TIMING] task_id=221df849-f6cc-4ec2-81cf-954ff5e996e2 func=job_orchestration.executor.query.spider_search_task.search_without_channel fetch_input_start=215493613 fetch_input_end=215493614 fetch_input_duration_ms=0
[2026-01-30 15:17:32.638] [info] [spider.worker] [TIMING] task_id=221df849-f6cc-4ec2-81cf-954ff5e996e2 func=job_orchestration.executor.query.spider_search_task.search_without_channel execution_start=215493615 execution_end=215494846 execution_duration_ms=1231
[2026-01-30 15:17:32.681] [info] [spider.worker] [TIMING] task_id=221df849-f6cc-4ec2-81cf-954ff5e996e2 func=job_orchestration.executor.query.spider_search_task.search_without_channel submit_output_start=215494848 submit_output_end=215494889 submit_output_duration_ms=41
[2026-01-30 15:17:32.723] [info] [spider.worker] [TIMING] task_id=0d6c4ebe-96e3-4f72-a12d-6602b145f740 func=job_orchestration.executor.query.spider_search_task.search_without_channel fetch_input_start=215494931 fetch_input_end=215494932 fetch_input_duration_ms=0
[2026-01-30 15:17:34.131] [info] [spider.worker] [TIMING] task_id=0d6c4ebe-96e3-4f72-a12d-6602b145f740 func=job_orchestration.executor.query.spider_search_task.search_without_channel execution_start=215494933 execution_end=215496340 execution_duration_ms=1407
[2026-01-30 15:17:34.196] [info] [spider.worker] [TIMING] task_id=0d6c4ebe-96e3-4f72-a12d-6602b145f740 func=job_orchestration.executor.query.spider_search_task.search_without_channel submit_output_start=215496352 submit_output_end=215496404 submit_output_duration_ms=52
[2026-01-30 15:17:34.273] [info] [spider.worker] [TIMING] task_id=700607d2-b32a-4c04-bfa4-3a60206bbac3 func=job_orchestration.executor.query.spider_search_task.search_without_channel fetch_input_start=215496480 fetch_input_end=215496481 fetch_input_duration_ms=0
[2026-01-30 15:17:35.484] [info] [spider.worker] [TIMING] task_id=700607d2-b32a-4c04-bfa4-3a60206bbac3 func=job_orchestration.executor.query.spider_search_task.search_without_channel execution_start=215496482 execution_end=215497692 execution_duration_ms=1210
[2026-01-30 15:17:35.530] [info] [spider.worker] [TIMING] task_id=700607d2-b32a-4c04-bfa4-3a60206bbac3 func=job_orchestration.executor.query.spider_search_task.search_without_channel submit_output_start=215497694 submit_output_end=215497738 submit_output_duration_ms=43
[2026-01-30 15:17:35.549] [info] [spider.worker] [TIMING] task_id=35add229-9800-497f-ac4b-82fcce641175 func=job_orchestration.executor.query.spider_search_task.search_without_channel fetch_input_start=215497756 fetch_input_end=215497757 fetch_input_duration_ms=1
[2026-01-30 15:17:36.810] [info] [spider.worker] [TIMING] task_id=35add229-9800-497f-ac4b-82fcce641175 func=job_orchestration.executor.query.spider_search_task.search_without_channel execution_start=215497758 execution_end=215499019 execution_duration_ms=1260
[2026-01-30 15:17:36.851] [info] [spider.worker] [TIMING] task_id=35add229-9800-497f-ac4b-82fcce641175 func=job_orchestration.executor.query.spider_search_task.search_without_channel submit_output_start=215499020 submit_output_end=215499059 submit_output_duration_ms=38
[2026-01-30 15:17:36.896] [info] [spider.worker] [TIMING] task_id=7b5d5780-913b-493f-a853-c2158e5ee815 func=job_orchestration.executor.query.spider_search_task.search_without_channel fetch_input_start=215499103 fetch_input_end=215499104 fetch_input_duration_ms=1
[2026-01-30 15:17:38.134] [info] [spider.worker] [TIMING] task_id=7b5d5780-913b-493f-a853-c2158e5ee815 func=job_orchestration.executor.query.spider_search_task.search_without_channel execution_start=215499105 execution_end=215500343 execution_duration_ms=1237
[2026-01-30 15:17:38.187] [info] [spider.worker] [TIMING] task_id=7b5d5780-913b-493f-a853-c2158e5ee815 func=job_orchestration.executor.query.spider_search_task.search_without_channel submit_output_start=215500345 submit_output_end=215500396 submit_output_duration_ms=51
[2026-01-30 15:17:38.207] [info] [spider.worker] [TIMING] task_id=91129b21-32a7-43ff-b3a7-099379f2ce72 func=job_orchestration.executor.query.spider_search_task.search_without_channel fetch_input_start=215500414 fetch_input_end=215500415 fetch_input_duration_ms=0
[2026-01-30 15:17:39.422] [info] [spider.worker] [TIMING] task_id=91129b21-32a7-43ff-b3a7-099379f2ce72 func=job_orchestration.executor.query.spider_search_task.search_without_channel execution_start=215500416 execution_end=215501630 execution_duration_ms=1214
[2026-01-30 15:17:39.438] [info] [spider.worker] [TIMING] task_id=91129b21-32a7-43ff-b3a7-099379f2ce72 func=job_orchestration.executor.query.spider_search_task.search_without_channel submit_output_start=215501632 submit_output_end=215501646 submit_output_duration_ms=14
[2026-01-30 15:17:39.482] [info] [spider.worker] [TIMING] task_id=7c54bb95-b63b-4a87-86cf-2c06770b853f func=job_orchestration.executor.query.spider_search_task.search_without_channel fetch_input_start=215501690 fetch_input_end=215501691 fetch_input_duration_ms=0
[2026-01-30 15:17:40.716] [info] [spider.worker] [TIMING] task_id=7c54bb95-b63b-4a87-86cf-2c06770b853f func=job_orchestration.executor.query.spider_search_task.search_without_channel execution_start=215501691 execution_end=215502925 execution_duration_ms=1233
[2026-01-30 15:17:40.730] [info] [spider.worker] [TIMING] task_id=7c54bb95-b63b-4a87-86cf-2c06770b853f func=job_orchestration.executor.query.spider_search_task.search_without_channel submit_output_start=215502926 submit_output_end=215502938 submit_output_duration_ms=11
[2026-01-30 15:17:40.741] [info] [spider.worker] [TIMING] task_id=e36739fe-20bc-4623-87f0-b228726a159d func=job_orchestration.executor.query.spider_search_task.search_without_channel fetch_input_start=215502948 fetch_input_end=215502949 fetch_input_duration_ms=0
[2026-01-30 15:17:41.936] [info] [spider.worker] [TIMING] task_id=e36739fe-20bc-4623-87f0-b228726a159d func=job_orchestration.executor.query.spider_search_task.search_without_channel execution_start=215502950 execution_end=215504144 execution_duration_ms=1194
[2026-01-30 15:17:41.973] [info] [spider.worker] [TIMING] task_id=e36739fe-20bc-4623-87f0-b228726a159d func=job_orchestration.executor.query.spider_search_task.search_without_channel submit_output_start=215504146 submit_output_end=215504182 submit_output_duration_ms=35
[2026-01-30 15:17:41.999] [info] [spider.worker] [TIMING] task_id=d5763364-a356-4ee0-ae33-81b85c9b1b13 func=job_orchestration.executor.query.spider_search_task.search_without_channel fetch_input_start=215504207 fetch_input_end=215504208 fetch_input_duration_ms=0
[2026-01-30 15:17:43.150] [info] [spider.worker] [TIMING] task_id=d5763364-a356-4ee0-ae33-81b85c9b1b13 func=job_orchestration.executor.query.spider_search_task.search_without_channel execution_start=215504208 execution_end=215505358 execution_duration_ms=1149
[2026-01-30 15:17:43.197] [info] [spider.worker] [TIMING] task_id=d5763364-a356-4ee0-ae33-81b85c9b1b13 func=job_orchestration.executor.query.spider_search_task.search_without_channel submit_output_start=215505359 submit_output_end=215505405 submit_output_duration_ms=45
[2026-01-30 15:17:43.237] [info] [spider.worker] [TIMING] task_id=fe224c5f-16ef-4971-b807-c0b60f7086fc func=job_orchestration.executor.query.spider_search_task.search_without_channel fetch_input_start=215505444 fetch_input_end=215505445 fetch_input_duration_ms=0
[2026-01-30 15:17:44.570] [info] [spider.worker] [TIMING] task_id=fe224c5f-16ef-4971-b807-c0b60f7086fc func=job_orchestration.executor.query.spider_search_task.search_without_channel execution_start=215505446 execution_end=215506778 execution_duration_ms=1332
[2026-01-30 15:17:44.589] [info] [spider.worker] [TIMING] task_id=fe224c5f-16ef-4971-b807-c0b60f7086fc func=job_orchestration.executor.query.spider_search_task.search_without_channel submit_output_start=215506780 submit_output_end=215506797 submit_output_duration_ms=17
[2026-01-30 15:17:44.600] [info] [spider.worker] [TIMING] task_id=2b23567a-6b23-4156-b0a5-eb5634e1477d func=job_orchestration.executor.query.spider_search_task.search_without_channel fetch_input_start=215506807 fetch_input_end=215506808 fetch_input_duration_ms=1
[2026-01-30 15:17:45.744] [info] [spider.worker] [TIMING] task_id=2b23567a-6b23-4156-b0a5-eb5634e1477d func=job_orchestration.executor.query.spider_search_task.search_without_channel execution_start=215506809 execution_end=215507952 execution_duration_ms=1142
[2026-01-30 15:17:45.789] [info] [spider.worker] [TIMING] task_id=2b23567a-6b23-4156-b0a5-eb5634e1477d func=job_orchestration.executor.query.spider_search_task.search_without_channel submit_output_start=215507954 submit_output_end=215507998 submit_output_duration_ms=44
[2026-01-30 15:17:45.828] [info] [spider.worker] [TIMING] task_id=980ce605-fa8b-4510-ab88-ee096a2bb45d func=job_orchestration.executor.query.spider_search_task.search_without_channel fetch_input_start=215508035 fetch_input_end=215508036 fetch_input_duration_ms=1
[2026-01-30 15:17:46.919] [info] [spider.worker] [TIMING] task_id=980ce605-fa8b-4510-ab88-ee096a2bb45d func=job_orchestration.executor.query.spider_search_task.search_without_channel execution_start=215508037 execution_end=215509128 execution_duration_ms=1090
[2026-01-30 15:17:46.931] [info] [spider.worker] [TIMING] task_id=980ce605-fa8b-4510-ab88-ee096a2bb45d func=job_orchestration.executor.query.spider_search_task.search_without_channel submit_output_start=215509130 submit_output_end=215509139 submit_output_duration_ms=9
[2026-01-30 15:17:46.971] [info] [spider.worker] [TIMING] task_id=96030a9c-b44c-467f-9a12-970bfe6e2221 func=job_orchestration.executor.query.spider_search_task.search_without_channel fetch_input_start=215509179 fetch_input_end=215509180 fetch_input_duration_ms=1
[2026-01-30 15:17:48.224] [info] [spider.worker] [TIMING] task_id=96030a9c-b44c-467f-9a12-970bfe6e2221 func=job_orchestration.executor.query.spider_search_task.search_without_channel execution_start=215509181 execution_end=215510433 execution_duration_ms=1252
[2026-01-30 15:17:48.297] [info] [spider.worker] [TIMING] task_id=96030a9c-b44c-467f-9a12-970bfe6e2221 func=job_orchestration.executor.query.spider_search_task.search_without_channel submit_output_start=215510435 submit_output_end=215510506 submit_output_duration_ms=71
[2026-01-30 15:17:48.384] [info] [spider.worker] [TIMING] task_id=de09de2e-2381-4388-b507-26a5bdd0d0a5 func=job_orchestration.executor.query.spider_search_task.search_without_channel fetch_input_start=215510591 fetch_input_end=215510592 fetch_input_duration_ms=1
[2026-01-30 15:17:49.584] [info] [spider.worker] [TIMING] task_id=de09de2e-2381-4388-b507-26a5bdd0d0a5 func=job_orchestration.executor.query.spider_search_task.search_without_channel execution_start=215510593 execution_end=215511793 execution_duration_ms=1199
[2026-01-30 15:17:49.618] [info] [spider.worker] [TIMING] task_id=de09de2e-2381-4388-b507-26a5bdd0d0a5 func=job_orchestration.executor.query.spider_search_task.search_without_channel submit_output_start=215511794 submit_output_end=215511827 submit_output_duration_ms=32
[2026-01-30 15:17:49.705] [info] [spider.worker] [TIMING] task_id=8e4fa2f7-3242-44fa-9826-6ac3b0dfe48e func=job_orchestration.executor.query.spider_search_task.search_without_channel fetch_input_start=215511913 fetch_input_end=215511914 fetch_input_duration_ms=0
[2026-01-30 15:17:50.926] [info] [spider.worker] [TIMING] task_id=8e4fa2f7-3242-44fa-9826-6ac3b0dfe48e func=job_orchestration.executor.query.spider_search_task.search_without_channel execution_start=215511914 execution_end=215513135 execution_duration_ms=1220
[2026-01-30 15:17:50.988] [info] [spider.worker] [TIMING] task_id=8e4fa2f7-3242-44fa-9826-6ac3b0dfe48e func=job_orchestration.executor.query.spider_search_task.search_without_channel submit_output_start=215513137 submit_output_end=215513197 submit_output_duration_ms=60
[2026-01-30 15:17:51.083] [info] [spider.worker] [TIMING] task_id=082463a0-7a97-4cee-b208-b33626ef42c9 func=job_orchestration.executor.query.spider_search_task.search_without_channel fetch_input_start=215513291 fetch_input_end=215513291 fetch_input_duration_ms=0
[2026-01-30 15:17:52.472] [info] [spider.worker] [TIMING] task_id=082463a0-7a97-4cee-b208-b33626ef42c9 func=job_orchestration.executor.query.spider_search_task.search_without_channel execution_start=215513292 execution_end=215514680 execution_duration_ms=1388
[2026-01-30 15:17:52.499] [info] [spider.worker] [TIMING] task_id=082463a0-7a97-4cee-b208-b33626ef42c9 func=job_orchestration.executor.query.spider_search_task.search_without_channel submit_output_start=215514691 submit_output_end=215514707 submit_output_duration_ms=15
[2026-01-30 15:17:52.534] [info] [spider.worker] [TIMING] task_id=0beeb668-0180-471b-aa62-3f094fc0bf35 func=job_orchestration.executor.query.spider_search_task.search_without_channel fetch_input_start=215514742 fetch_input_end=215514742 fetch_input_duration_ms=0
[2026-01-30 15:17:53.673] [info] [spider.worker] [TIMING] task_id=0beeb668-0180-471b-aa62-3f094fc0bf35 func=job_orchestration.executor.query.spider_search_task.search_without_channel execution_start=215514743 execution_end=215515881 execution_duration_ms=1138
[2026-01-30 15:17:53.707] [info] [spider.worker] [TIMING] task_id=0beeb668-0180-471b-aa62-3f094fc0bf35 func=job_orchestration.executor.query.spider_search_task.search_without_channel submit_output_start=215515894 submit_output_end=215515915 submit_output_duration_ms=21
[2026-01-30 15:17:53.760] [info] [spider.worker] [TIMING] task_id=76ac8f9d-6344-4746-8382-9bb52f6536da func=job_orchestration.executor.query.spider_search_task.search_without_channel fetch_input_start=215515967 fetch_input_end=215515968 fetch_input_duration_ms=1
[2026-01-30 15:17:54.910] [info] [spider.worker] [TIMING] task_id=76ac8f9d-6344-4746-8382-9bb52f6536da func=job_orchestration.executor.query.spider_search_task.search_without_channel execution_start=215515969 execution_end=215517119 execution_duration_ms=1149
[2026-01-30 15:17:54.957] [info] [spider.worker] [TIMING] task_id=76ac8f9d-6344-4746-8382-9bb52f6536da func=job_orchestration.executor.query.spider_search_task.search_without_channel submit_output_start=215517120 submit_output_end=215517166 submit_output_duration_ms=45
[2026-01-30 15:17:54.969] [info] [spider.worker] [TIMING] task_id=9ba4e7d0-a033-46eb-b18a-1161b378a0fc func=job_orchestration.executor.query.spider_search_task.search_without_channel fetch_input_start=215517176 fetch_input_end=215517177 fetch_input_duration_ms=1
[2026-01-30 15:17:56.264] [info] [spider.worker] [TIMING] task_id=9ba4e7d0-a033-46eb-b18a-1161b378a0fc func=job_orchestration.executor.query.spider_search_task.search_without_channel execution_start=215517178 execution_end=215518472 execution_duration_ms=1294
[2026-01-30 15:17:56.317] [info] [spider.worker] [TIMING] task_id=9ba4e7d0-a033-46eb-b18a-1161b378a0fc func=job_orchestration.executor.query.spider_search_task.search_without_channel submit_output_start=215518474 submit_output_end=215518525 submit_output_duration_ms=51
[2026-01-30 15:17:56.386] [info] [spider.worker] [TIMING] task_id=20839242-2c5e-4032-a2f1-e52564db9449 func=job_orchestration.executor.query.spider_search_task.search_without_channel fetch_input_start=215518594 fetch_input_end=215518595 fetch_input_duration_ms=1
[2026-01-30 15:17:57.884] [info] [spider.worker] [TIMING] task_id=20839242-2c5e-4032-a2f1-e52564db9449 func=job_orchestration.executor.query.spider_search_task.search_without_channel execution_start=215518596 execution_end=215520092 execution_duration_ms=1496
[2026-01-30 15:17:57.924] [info] [spider.worker] [TIMING] task_id=20839242-2c5e-4032-a2f1-e52564db9449 func=job_orchestration.executor.query.spider_search_task.search_without_channel submit_output_start=215520094 submit_output_end=215520133 submit_output_duration_ms=39
[2026-01-30 15:17:57.935] [info] [spider.worker] [TIMING] task_id=ea099416-cb4b-4b6f-83c4-65a92665679f func=job_orchestration.executor.query.spider_search_task.search_without_channel fetch_input_start=215520143 fetch_input_end=215520144 fetch_input_duration_ms=0
[2026-01-30 15:17:59.307] [info] [spider.worker] [TIMING] task_id=ea099416-cb4b-4b6f-83c4-65a92665679f func=job_orchestration.executor.query.spider_search_task.search_without_channel execution_start=215520144 execution_end=215521515 execution_duration_ms=1370
[2026-01-30 15:17:59.325] [info] [spider.worker] [TIMING] task_id=ea099416-cb4b-4b6f-83c4-65a92665679f func=job_orchestration.executor.query.spider_search_task.search_without_channel submit_output_start=215521517 submit_output_end=215521533 submit_output_duration_ms=15
[2026-01-30 15:17:59.336] [info] [spider.worker] [TIMING] task_id=fa9f4310-febd-45f8-8201-6c16cd1d4795 func=job_orchestration.executor.query.spider_search_task.search_without_channel fetch_input_start=215521543 fetch_input_end=215521544 fetch_input_duration_ms=1
[2026-01-30 15:18:00.724] [info] [spider.worker] [TIMING] task_id=fa9f4310-febd-45f8-8201-6c16cd1d4795 func=job_orchestration.executor.query.spider_search_task.search_without_channel execution_start=215521545 execution_end=215522932 execution_duration_ms=1387
[2026-01-30 15:18:00.750] [info] [spider.worker] [TIMING] task_id=fa9f4310-febd-45f8-8201-6c16cd1d4795 func=job_orchestration.executor.query.spider_search_task.search_without_channel submit_output_start=215522934 submit_output_end=215522958 submit_output_duration_ms=24
[2026-01-30 15:18:00.761] [info] [spider.worker] [TIMING] task_id=7d68f05c-84f9-4584-88e3-181745576bad func=job_orchestration.executor.query.spider_search_task.search_without_channel fetch_input_start=215522968 fetch_input_end=215522969 fetch_input_duration_ms=0
[2026-01-30 15:18:01.963] [info] [spider.worker] [TIMING] task_id=7d68f05c-84f9-4584-88e3-181745576bad func=job_orchestration.executor.query.spider_search_task.search_without_channel execution_start=215522970 execution_end=215524171 execution_duration_ms=1201
[2026-01-30 15:18:02.006] [info] [spider.worker] [TIMING] task_id=7d68f05c-84f9-4584-88e3-181745576bad func=job_orchestration.executor.query.spider_search_task.search_without_channel submit_output_start=215524173 submit_output_end=215524214 submit_output_duration_ms=41
[2026-01-30 15:18:02.059] [info] [spider.worker] [TIMING] task_id=bc93c29e-990d-44a9-820b-b7251dd1d5db func=job_orchestration.executor.query.spider_search_task.search_without_channel fetch_input_start=215524266 fetch_input_end=215524268 fetch_input_duration_ms=1
[2026-01-30 15:18:03.381] [info] [spider.worker] [TIMING] task_id=bc93c29e-990d-44a9-820b-b7251dd1d5db func=job_orchestration.executor.query.spider_search_task.search_without_channel execution_start=215524269 execution_end=215525589 execution_duration_ms=1320
[2026-01-30 15:18:03.409] [info] [spider.worker] [TIMING] task_id=bc93c29e-990d-44a9-820b-b7251dd1d5db func=job_orchestration.executor.query.spider_search_task.search_without_channel submit_output_start=215525591 submit_output_end=215525617 submit_output_duration_ms=26
[2026-01-30 15:18:03.446] [info] [spider.worker] [TIMING] task_id=09633e8e-ccfb-4e60-b586-3fa09f74a34d func=job_orchestration.executor.query.spider_search_task.search_without_channel fetch_input_start=215525653 fetch_input_end=215525654 fetch_input_duration_ms=0
[2026-01-30 15:18:04.603] [info] [spider.worker] [TIMING] task_id=09633e8e-ccfb-4e60-b586-3fa09f74a34d func=job_orchestration.executor.query.spider_search_task.search_without_channel execution_start=215525655 execution_end=215526811 execution_duration_ms=1156
[2026-01-30 15:18:04.626] [info] [spider.worker] [TIMING] task_id=09633e8e-ccfb-4e60-b586-3fa09f74a34d func=job_orchestration.executor.query.spider_search_task.search_without_channel submit_output_start=215526813 submit_output_end=215526834 submit_output_duration_ms=20
[2026-01-30 15:18:04.644] [info] [spider.worker] [TIMING] task_id=dc55bbd1-c110-4e00-8507-8f215c0120a9 func=job_orchestration.executor.query.spider_search_task.search_without_channel fetch_input_start=215526852 fetch_input_end=215526853 fetch_input_duration_ms=0
[2026-01-30 15:18:05.922] [info] [spider.worker] [TIMING] task_id=dc55bbd1-c110-4e00-8507-8f215c0120a9 func=job_orchestration.executor.query.spider_search_task.search_without_channel execution_start=215526853 execution_end=215528130 execution_duration_ms=1276
[2026-01-30 15:18:05.958] [info] [spider.worker] [TIMING] task_id=dc55bbd1-c110-4e00-8507-8f215c0120a9 func=job_orchestration.executor.query.spider_search_task.search_without_channel submit_output_start=215528134 submit_output_end=215528167 submit_output_duration_ms=33
[2026-01-30 15:18:05.979] [info] [spider.worker] [TIMING] task_id=26acc62f-be0c-4e4d-a1ca-bc131be5081d func=job_orchestration.executor.query.spider_search_task.search_without_channel fetch_input_start=215528186 fetch_input_end=215528187 fetch_input_duration_ms=1
[2026-01-30 15:18:07.356] [info] [spider.worker] [TIMING] task_id=26acc62f-be0c-4e4d-a1ca-bc131be5081d func=job_orchestration.executor.query.spider_search_task.search_without_channel execution_start=215528188 execution_end=215529564 execution_duration_ms=1375
[2026-01-30 15:18:07.403] [info] [spider.worker] [TIMING] task_id=26acc62f-be0c-4e4d-a1ca-bc131be5081d func=job_orchestration.executor.query.spider_search_task.search_without_channel submit_output_start=215529566 submit_output_end=215529612 submit_output_duration_ms=46
[2026-01-30 15:18:07.421] [info] [spider.worker] [TIMING] task_id=4ed0c162-de16-4efe-bebe-d5aa7110f663 func=job_orchestration.executor.query.spider_search_task.search_without_channel fetch_input_start=215529628 fetch_input_end=215529630 fetch_input_duration_ms=1
[2026-01-30 15:18:08.797] [info] [spider.worker] [TIMING] task_id=4ed0c162-de16-4efe-bebe-d5aa7110f663 func=job_orchestration.executor.query.spider_search_task.search_without_channel execution_start=215529631 execution_end=215531005 execution_duration_ms=1374
[2026-01-30 15:18:08.832] [info] [spider.worker] [TIMING] task_id=4ed0c162-de16-4efe-bebe-d5aa7110f663 func=job_orchestration.executor.query.spider_search_task.search_without_channel submit_output_start=215531007 submit_output_end=215531040 submit_output_duration_ms=32
[2026-01-30 15:18:08.854] [info] [spider.worker] [TIMING] task_id=147ee17b-9665-4fda-a7b6-818508c9a2aa func=job_orchestration.executor.query.spider_search_task.search_without_channel fetch_input_start=215531062 fetch_input_end=215531063 fetch_input_duration_ms=0
[2026-01-30 15:18:09.953] [info] [spider.worker] [TIMING] task_id=147ee17b-9665-4fda-a7b6-818508c9a2aa func=job_orchestration.executor.query.spider_search_task.search_without_channel execution_start=215531064 execution_end=215532161 execution_duration_ms=1097
[2026-01-30 15:18:09.977] [info] [spider.worker] [TIMING] task_id=147ee17b-9665-4fda-a7b6-818508c9a2aa func=job_orchestration.executor.query.spider_search_task.search_without_channel submit_output_start=215532163 submit_output_end=215532185 submit_output_duration_ms=22
[2026-01-30 15:18:09.996] [info] [spider.worker] [TIMING] task_id=f9e7625b-ac03-4dde-bbb3-7a873f6ad4e6 func=job_orchestration.executor.query.spider_search_task.search_without_channel fetch_input_start=215532203 fetch_input_end=215532204 fetch_input_duration_ms=1
[2026-01-30 15:18:11.244] [info] [spider.worker] [TIMING] task_id=f9e7625b-ac03-4dde-bbb3-7a873f6ad4e6 func=job_orchestration.executor.query.spider_search_task.search_without_channel execution_start=215532205 execution_end=215533452 execution_duration_ms=1246
[2026-01-30 15:18:11.252] [info] [spider.worker] [TIMING] task_id=f9e7625b-ac03-4dde-bbb3-7a873f6ad4e6 func=job_orchestration.executor.query.spider_search_task.search_without_channel submit_output_start=215533454 submit_output_end=215533460 submit_output_duration_ms=6
[2026-01-30 15:18:11.263] [info] [spider.worker] [TIMING] task_id=8af601db-4829-424d-a49a-c1a08d9d0bee func=job_orchestration.executor.query.spider_search_task.search_without_channel fetch_input_start=215533470 fetch_input_end=215533472 fetch_input_duration_ms=1
[2026-01-30 15:18:12.449] [info] [spider.worker] [TIMING] task_id=8af601db-4829-424d-a49a-c1a08d9d0bee func=job_orchestration.executor.query.spider_search_task.search_without_channel execution_start=215533472 execution_end=215534657 execution_duration_ms=1184
[2026-01-30 15:18:12.484] [info] [spider.worker] [TIMING] task_id=8af601db-4829-424d-a49a-c1a08d9d0bee func=job_orchestration.executor.query.spider_search_task.search_without_channel submit_output_start=215534659 submit_output_end=215534692 submit_output_duration_ms=33
[2026-01-30 15:18:12.528] [info] [spider.worker] [TIMING] task_id=2c0db959-9134-43ab-ad12-ee1717ceeec3 func=job_orchestration.executor.query.spider_search_task.search_without_channel fetch_input_start=215534736 fetch_input_end=215534737 fetch_input_duration_ms=0
[2026-01-30 15:18:13.679] [info] [spider.worker] [TIMING] task_id=2c0db959-9134-43ab-ad12-ee1717ceeec3 func=job_orchestration.executor.query.spider_search_task.search_without_channel execution_start=215534738 execution_end=215535887 execution_duration_ms=1149
[2026-01-30 15:18:13.705] [info] [spider.worker] [TIMING] task_id=2c0db959-9134-43ab-ad12-ee1717ceeec3 func=job_orchestration.executor.query.spider_search_task.search_without_channel submit_output_start=215535888 submit_output_end=215535913 submit_output_duration_ms=24
[2026-01-30 15:18:13.730] [info] [spider.worker] [TIMING] task_id=58583d9e-ac35-4540-8f77-f5151ff6d4f1 func=job_orchestration.executor.query.spider_search_task.search_without_channel fetch_input_start=215535938 fetch_input_end=215535938 fetch_input_duration_ms=0
[2026-01-30 15:18:15.056] [info] [spider.worker] [TIMING] task_id=58583d9e-ac35-4540-8f77-f5151ff6d4f1 func=job_orchestration.executor.query.spider_search_task.search_without_channel execution_start=215535939 execution_end=215537264 execution_duration_ms=1325
[2026-01-30 15:18:15.070] [info] [spider.worker] [TIMING] task_id=58583d9e-ac35-4540-8f77-f5151ff6d4f1 func=job_orchestration.executor.query.spider_search_task.search_without_channel submit_output_start=215537266 submit_output_end=215537278 submit_output_duration_ms=11
[2026-01-30 15:18:15.114] [info] [spider.worker] [TIMING] task_id=11a9a45d-6605-449e-a00a-9f5de702c72e func=job_orchestration.executor.query.spider_search_task.search_without_channel fetch_input_start=215537321 fetch_input_end=215537322 fetch_input_duration_ms=1
[2026-01-30 15:18:16.454] [info] [spider.worker] [TIMING] task_id=11a9a45d-6605-449e-a00a-9f5de702c72e func=job_orchestration.executor.query.spider_search_task.search_without_channel execution_start=215537323 execution_end=215538663 execution_duration_ms=1339
[2026-01-30 15:18:16.470] [info] [spider.worker] [TIMING] task_id=11a9a45d-6605-449e-a00a-9f5de702c72e func=job_orchestration.executor.query.spider_search_task.search_without_channel submit_output_start=215538665 submit_output_end=215538678 submit_output_duration_ms=13
[2026-01-30 15:18:16.489] [info] [spider.worker] [TIMING] task_id=3f39e0b9-12f6-4de5-b613-563b7f870a88 func=job_orchestration.executor.query.spider_search_task.search_without_channel fetch_input_start=215538696 fetch_input_end=215538697 fetch_input_duration_ms=0
[2026-01-30 15:18:17.664] [info] [spider.worker] [TIMING] task_id=3f39e0b9-12f6-4de5-b613-563b7f870a88 func=job_orchestration.executor.query.spider_search_task.search_without_channel execution_start=215538698 execution_end=215539873 execution_duration_ms=1175
[2026-01-30 15:18:17.678] [info] [spider.worker] [TIMING] task_id=3f39e0b9-12f6-4de5-b613-563b7f870a88 func=job_orchestration.executor.query.spider_search_task.search_without_channel submit_output_start=215539874 submit_output_end=215539887 submit_output_duration_ms=12
[2026-01-30 15:18:17.722] [info] [spider.worker] [TIMING] task_id=7c3db84d-0318-495a-a38e-670cd79c2e7b func=job_orchestration.executor.query.spider_search_task.search_without_channel fetch_input_start=215539930 fetch_input_end=215539930 fetch_input_duration_ms=0
[2026-01-30 15:18:18.987] [info] [spider.worker] [TIMING] task_id=7c3db84d-0318-495a-a38e-670cd79c2e7b func=job_orchestration.executor.query.spider_search_task.search_without_channel execution_start=215539931 execution_end=215541195 execution_duration_ms=1264
[2026-01-30 15:18:18.995] [info] [spider.worker] [TIMING] task_id=7c3db84d-0318-495a-a38e-670cd79c2e7b func=job_orchestration.executor.query.spider_search_task.search_without_channel submit_output_start=215541197 submit_output_end=215541203 submit_output_duration_ms=6
[2026-01-30 15:18:19.014] [info] [spider.worker] [TIMING] task_id=26365ff5-95e5-4419-a5f9-15a58a15e6de func=job_orchestration.executor.query.spider_search_task.search_without_channel fetch_input_start=215541222 fetch_input_end=215541223 fetch_input_duration_ms=0
[2026-01-30 15:18:20.206] [info] [spider.worker] [TIMING] task_id=26365ff5-95e5-4419-a5f9-15a58a15e6de func=job_orchestration.executor.query.spider_search_task.search_without_channel execution_start=215541224 execution_end=215542414 execution_duration_ms=1190
[2026-01-30 15:18:20.230] [info] [spider.worker] [TIMING] task_id=26365ff5-95e5-4419-a5f9-15a58a15e6de func=job_orchestration.executor.query.spider_search_task.search_without_channel submit_output_start=215542416 submit_output_end=215542438 submit_output_duration_ms=22
[2026-01-30 15:18:20.266] [info] [spider.worker] [TIMING] task_id=54a667b2-8978-487e-871e-743a9835c6ea func=job_orchestration.executor.query.spider_search_task.search_without_channel fetch_input_start=215542473 fetch_input_end=215542474 fetch_input_duration_ms=0
[2026-01-30 15:18:21.504] [info] [spider.worker] [TIMING] task_id=54a667b2-8978-487e-871e-743a9835c6ea func=job_orchestration.executor.query.spider_search_task.search_without_channel execution_start=215542475 execution_end=215543713 execution_duration_ms=1237
[2026-01-30 15:18:21.521] [info] [spider.worker] [TIMING] task_id=54a667b2-8978-487e-871e-743a9835c6ea func=job_orchestration.executor.query.spider_search_task.search_without_channel submit_output_start=215543714 submit_output_end=215543730 submit_output_duration_ms=15
[2026-01-30 15:18:21.540] [info] [spider.worker] [TIMING] task_id=da81b49e-0d0e-470b-8c7e-4764e91337dc func=job_orchestration.executor.query.spider_search_task.search_without_channel fetch_input_start=215543748 fetch_input_end=215543749 fetch_input_duration_ms=0
[2026-01-30 15:18:22.781] [info] [spider.worker] [TIMING] task_id=da81b49e-0d0e-470b-8c7e-4764e91337dc func=job_orchestration.executor.query.spider_search_task.search_without_channel execution_start=215543749 execution_end=215544989 execution_duration_ms=1239
[2026-01-30 15:18:22.828] [info] [spider.worker] [TIMING] task_id=da81b49e-0d0e-470b-8c7e-4764e91337dc func=job_orchestration.executor.query.spider_search_task.search_without_channel submit_output_start=215544991 submit_output_end=215545037 submit_output_duration_ms=45
[2026-01-30 15:18:22.848] [info] [spider.worker] [TIMING] task_id=77930a16-f1bd-4b90-8a57-2ec26f8a4c16 func=job_orchestration.executor.query.spider_search_task.search_without_channel fetch_input_start=215545056 fetch_input_end=215545057 fetch_input_duration_ms=0
[2026-01-30 15:18:24.214] [info] [spider.worker