[2026-01-30 18:52:01.614] [warning] [spider.worker] Prefer using `SPIDER_STORAGE_URL` environment variable over `--storage_url` argument.
[2026-01-30 18:52:17.744] [info] [spider.worker] [TIMING] task_id=eaaaa111-a588-451c-a78d-172fe954f6cb func=job_orchestration.executor.query.spider_search_task.search_without_channel fetch_input_start=228379951 fetch_input_end=228379953 fetch_input_duration_ms=1
[2026-01-30 18:52:19.045] [info] [spider.worker] [TIMING] task_id=eaaaa111-a588-451c-a78d-172fe954f6cb func=job_orchestration.executor.query.spider_search_task.search_without_channel execution_start=228379954 execution_end=228381253 execution_duration_ms=1299
[2026-01-30 18:52:19.151] [info] [spider.worker] [TIMING] task_id=eaaaa111-a588-451c-a78d-172fe954f6cb func=job_orchestration.executor.query.spider_search_task.search_without_channel submit_output_start=228381254 submit_output_end=228381359 submit_output_duration_ms=104
[2026-01-30 18:52:19.228] [info] [spider.worker] [TIMING] task_id=0da39eca-7829-4961-bcf8-37a40bb400d2 func=job_orchestration.executor.query.spider_search_task.search_without_channel fetch_input_start=228381436 fetch_input_end=228381437 fetch_input_duration_ms=0
[2026-01-30 18:52:20.434] [info] [spider.worker] [TIMING] task_id=0da39eca-7829-4961-bcf8-37a40bb400d2 func=job_orchestration.executor.query.spider_search_task.search_without_channel execution_start=228381437 execution_end=228382642 execution_duration_ms=1205
[2026-01-30 18:52:20.510] [info] [spider.worker] [TIMING] task_id=0da39eca-7829-4961-bcf8-37a40bb400d2 func=job_orchestration.executor.query.spider_search_task.search_without_channel submit_output_start=228382644 submit_output_end=228382718 submit_output_duration_ms=74
[2026-01-30 18:52:20.528] [info] [spider.worker] [TIMING] task_id=3919f155-4880-43e4-9fa9-64ba81120751 func=job_orchestration.executor.query.spider_search_task.search_without_channel fetch_input_start=228382735 fetch_input_end=228382736 fetch_input_duration_ms=0
[2026-01-30 18:52:21.770] [info] [spider.worker] [TIMING] task_id=3919f155-4880-43e4-9fa9-64ba81120751 func=job_orchestration.executor.query.spider_search_task.search_without_channel execution_start=228382737 execution_end=228383979 execution_duration_ms=1241
[2026-01-30 18:52:21.829] [info] [spider.worker] [TIMING] task_id=3919f155-4880-43e4-9fa9-64ba81120751 func=job_orchestration.executor.query.spider_search_task.search_without_channel submit_output_start=228383980 submit_output_end=228384037 submit_output_duration_ms=56
[2026-01-30 18:52:21.854] [info] [spider.worker] [TIMING] task_id=45011fd3-1791-4442-95c5-7eb42bb3f718 func=job_orchestration.executor.query.spider_search_task.search_without_channel fetch_input_start=228384061 fetch_input_end=228384062 fetch_input_duration_ms=1
[2026-01-30 18:52:23.464] [info] [spider.worker] [TIMING] task_id=45011fd3-1791-4442-95c5-7eb42bb3f718 func=job_orchestration.executor.query.spider_search_task.search_without_channel execution_start=228384063 execution_end=228385672 execution_duration_ms=1609
[2026-01-30 18:52:23.515] [info] [spider.worker] [TIMING] task_id=45011fd3-1791-4442-95c5-7eb42bb3f718 func=job_orchestration.executor.query.spider_search_task.search_without_channel submit_output_start=228385674 submit_output_end=228385723 submit_output_duration_ms=48
[2026-01-30 18:52:23.538] [info] [spider.worker] [TIMING] task_id=85e4a8c5-736a-4169-adbf-8127c43b7f9e func=job_orchestration.executor.query.spider_search_task.search_without_channel fetch_input_start=228385745 fetch_input_end=228385746 fetch_input_duration_ms=1
[2026-01-30 18:52:24.688] [info] [spider.worker] [TIMING] task_id=85e4a8c5-736a-4169-adbf-8127c43b7f9e func=job_orchestration.executor.query.spider_search_task.search_without_channel execution_start=228385747 execution_end=228386896 execution_duration_ms=1149
[2026-01-30 18:52:24.759] [info] [spider.worker] [TIMING] task_id=85e4a8c5-736a-4169-adbf-8127c43b7f9e func=job_orchestration.executor.query.spider_search_task.search_without_channel submit_output_start=228386898 submit_output_end=228386968 submit_output_duration_ms=69
[2026-01-30 18:52:24.803] [info] [spider.worker] [TIMING] task_id=9fe9ed0b-685f-4ee5-b91d-b06e2eb35048 func=job_orchestration.executor.query.spider_search_task.search_without_channel fetch_input_start=228387011 fetch_input_end=228387012 fetch_input_duration_ms=1
[2026-01-30 18:52:26.186] [info] [spider.worker] [TIMING] task_id=9fe9ed0b-685f-4ee5-b91d-b06e2eb35048 func=job_orchestration.executor.query.spider_search_task.search_without_channel execution_start=228387013 execution_end=228388395 execution_duration_ms=1382
[2026-01-30 18:52:26.194] [info] [spider.worker] [TIMING] task_id=9fe9ed0b-685f-4ee5-b91d-b06e2eb35048 func=job_orchestration.executor.query.spider_search_task.search_without_channel submit_output_start=228388396 submit_output_end=228388402 submit_output_duration_ms=6
[2026-01-30 18:52:26.213] [info] [spider.worker] [TIMING] task_id=dbe832d1-a061-40e1-95b8-4e262270ed60 func=job_orchestration.executor.query.spider_search_task.search_without_channel fetch_input_start=228388420 fetch_input_end=228388421 fetch_input_duration_ms=0
[2026-01-30 18:52:27.569] [info] [spider.worker] [TIMING] task_id=dbe832d1-a061-40e1-95b8-4e262270ed60 func=job_orchestration.executor.query.spider_search_task.search_without_channel execution_start=228388421 execution_end=228389777 execution_duration_ms=1355
[2026-01-30 18:52:27.578] [info] [spider.worker] [TIMING] task_id=dbe832d1-a061-40e1-95b8-4e262270ed60 func=job_orchestration.executor.query.spider_search_task.search_without_channel submit_output_start=228389779 submit_output_end=228389786 submit_output_duration_ms=7
[2026-01-30 18:52:27.588] [info] [spider.worker] [TIMING] task_id=c7c01094-15e6-4d0f-af97-39887154d46d func=job_orchestration.executor.query.spider_search_task.search_without_channel fetch_input_start=228389796 fetch_input_end=228389797 fetch_input_duration_ms=0
[2026-01-30 18:52:28.761] [info] [spider.worker] [TIMING] task_id=c7c01094-15e6-4d0f-af97-39887154d46d func=job_orchestration.executor.query.spider_search_task.search_without_channel execution_start=228389797 execution_end=228390970 execution_duration_ms=1172
[2026-01-30 18:52:28.791] [info] [spider.worker] [TIMING] task_id=c7c01094-15e6-4d0f-af97-39887154d46d func=job_orchestration.executor.query.spider_search_task.search_without_channel submit_output_start=228390971 submit_output_end=228391000 submit_output_duration_ms=28
[2026-01-30 18:52:28.815] [info] [spider.worker] [TIMING] task_id=6ea6e977-03f1-4187-8746-22a1991283ae func=job_orchestration.executor.query.spider_search_task.search_without_channel fetch_input_start=228391022 fetch_input_end=228391023 fetch_input_duration_ms=1
[2026-01-30 18:52:30.130] [info] [spider.worker] [TIMING] task_id=6ea6e977-03f1-4187-8746-22a1991283ae func=job_orchestration.executor.query.spider_search_task.search_without_channel execution_start=228391024 execution_end=228392338 execution_duration_ms=1314
[2026-01-30 18:52:30.145] [info] [spider.worker] [TIMING] task_id=6ea6e977-03f1-4187-8746-22a1991283ae func=job_orchestration.executor.query.spider_search_task.search_without_channel submit_output_start=228392340 submit_output_end=228392353 submit_output_duration_ms=13
[2026-01-30 18:52:30.164] [info] [spider.worker] [TIMING] task_id=e91efb22-db35-46bf-958c-1ab67e8ff02e func=job_orchestration.executor.query.spider_search_task.search_without_channel fetch_input_start=228392372 fetch_input_end=228392372 fetch_input_duration_ms=0
[2026-01-30 18:52:31.585] [info] [spider.worker] [TIMING] task_id=e91efb22-db35-46bf-958c-1ab67e8ff02e func=job_orchestration.executor.query.spider_search_task.search_without_channel execution_start=228392373 execution_end=228393793 execution_duration_ms=1420
[2026-01-30 18:52:31.595] [info] [spider.worker] [TIMING] task_id=e91efb22-db35-46bf-958c-1ab67e8ff02e func=job_orchestration.executor.query.spider_search_task.search_without_channel submit_output_start=228393795 submit_output_end=228393803 submit_output_duration_ms=8
[2026-01-30 18:52:31.615] [info] [spider.worker] [TIMING] task_id=60dc652a-6464-435f-9920-877f33ec4726 func=job_orchestration.executor.query.spider_search_task.search_without_channel fetch_input_start=228393822 fetch_input_end=228393823 fetch_input_duration_ms=1
[2026-01-30 18:52:32.961] [info] [spider.worker] [TIMING] task_id=60dc652a-6464-435f-9920-877f33ec4726 func=job_orchestration.executor.query.spider_search_task.search_without_channel execution_start=228393824 execution_end=228395169 execution_duration_ms=1345
[2026-01-30 18:52:32.992] [info] [spider.worker] [TIMING] task_id=60dc652a-6464-435f-9920-877f33ec4726 func=job_orchestration.executor.query.spider_search_task.search_without_channel submit_output_start=228395171 submit_output_end=228395201 submit_output_duration_ms=29
[2026-01-30 18:52:33.024] [info] [spider.worker] [TIMING] task_id=b7a28ea5-4aa6-4880-8b95-8ff4a1f55ce1 func=job_orchestration.executor.query.spider_search_task.search_without_channel fetch_input_start=228395231 fetch_input_end=228395232 fetch_input_duration_ms=1
[2026-01-30 18:52:34.168] [info] [spider.worker] [TIMING] task_id=b7a28ea5-4aa6-4880-8b95-8ff4a1f55ce1 func=job_orchestration.executor.query.spider_search_task.search_without_channel execution_start=228395232 execution_end=228396376 execution_duration_ms=1143
[2026-01-30 18:52:34.187] [info] [spider.worker] [TIMING] task_id=b7a28ea5-4aa6-4880-8b95-8ff4a1f55ce1 func=job_orchestration.executor.query.spider_search_task.search_without_channel submit_output_start=228396378 submit_output_end=228396396 submit_output_duration_ms=17
[2026-01-30 18:52:34.224] [info] [spider.worker] [TIMING] task_id=b5ec807c-8d72-49f5-ae3f-4550c90ad93c func=job_orchestration.executor.query.spider_search_task.search_without_channel fetch_input_start=228396431 fetch_input_end=228396432 fetch_input_duration_ms=1
[2026-01-30 18:52:35.390] [info] [spider.worker] [TIMING] task_id=b5ec807c-8d72-49f5-ae3f-4550c90ad93c func=job_orchestration.executor.query.spider_search_task.search_without_channel execution_start=228396433 execution_end=228397598 execution_duration_ms=1165
[2026-01-30 18:52:35.423] [info] [spider.worker] [TIMING] task_id=b5ec807c-8d72-49f5-ae3f-4550c90ad93c func=job_orchestration.executor.query.spider_search_task.search_without_channel submit_output_start=228397600 submit_output_end=228397631 submit_output_duration_ms=31
[2026-01-30 18:52:35.468] [info] [spider.worker] [TIMING] task_id=996c53af-dc86-495e-8367-f8aa214e0bb7 func=job_orchestration.executor.query.spider_search_task.search_without_channel fetch_input_start=228397675 fetch_input_end=228397676 fetch_input_duration_ms=1
[2026-01-30 18:52:36.641] [info] [spider.worker] [TIMING] task_id=996c53af-dc86-495e-8367-f8aa214e0bb7 func=job_orchestration.executor.query.spider_search_task.search_without_channel execution_start=228397677 execution_end=228398849 execution_duration_ms=1172
[2026-01-30 18:52:36.671] [info] [spider.worker] [TIMING] task_id=996c53af-dc86-495e-8367-f8aa214e0bb7 func=job_orchestration.executor.query.spider_search_task.search_without_channel submit_output_start=228398851 submit_output_end=228398879 submit_output_duration_ms=28
[2026-01-30 18:52:36.712] [info] [spider.worker] [TIMING] task_id=e88451c4-7dcd-4f9e-b2e2-6ce47d584221 func=job_orchestration.executor.query.spider_search_task.search_without_channel fetch_input_start=228398919 fetch_input_end=228398920 fetch_input_duration_ms=1
[2026-01-30 18:52:37.905] [info] [spider.worker] [TIMING] task_id=e88451c4-7dcd-4f9e-b2e2-6ce47d584221 func=job_orchestration.executor.query.spider_search_task.search_without_channel execution_start=228398921 execution_end=228400113 execution_duration_ms=1192
[2026-01-30 18:52:37.921] [info] [spider.worker] [TIMING] task_id=e88451c4-7dcd-4f9e-b2e2-6ce47d584221 func=job_orchestration.executor.query.spider_search_task.search_without_channel submit_output_start=228400115 submit_output_end=228400130 submit_output_duration_ms=14
[2026-01-30 18:52:37.940] [info] [spider.worker] [TIMING] task_id=d4f70527-4aa1-4d20-a5b2-6ef8fe9bb3a2 func=job_orchestration.executor.query.spider_search_task.search_without_channel fetch_input_start=228400148 fetch_input_end=228400149 fetch_input_duration_ms=0
[2026-01-30 18:52:39.246] [info] [spider.worker] [TIMING] task_id=d4f70527-4aa1-4d20-a5b2-6ef8fe9bb3a2 func=job_orchestration.executor.query.spider_search_task.search_without_channel execution_start=228400149 execution_end=228401454 execution_duration_ms=1304
[2026-01-30 18:52:39.272] [info] [spider.worker] [TIMING] task_id=d4f70527-4aa1-4d20-a5b2-6ef8fe9bb3a2 func=job_orchestration.executor.query.spider_search_task.search_without_channel submit_output_start=228401456 submit_output_end=228401481 submit_output_duration_ms=25
[2026-01-30 18:52:39.308] [info] [spider.worker] [TIMING] task_id=e698da96-6cad-4873-af2a-556b7ea92f8e func=job_orchestration.executor.query.spider_search_task.search_without_channel fetch_input_start=228401515 fetch_input_end=228401516 fetch_input_duration_ms=1
[2026-01-30 18:52:40.589] [info] [spider.worker] [TIMING] task_id=e698da96-6cad-4873-af2a-556b7ea92f8e func=job_orchestration.executor.query.spider_search_task.search_without_channel execution_start=228401517 execution_end=228402797 execution_duration_ms=1280
[2026-01-30 18:52:40.597] [info] [spider.worker] [TIMING] task_id=e698da96-6cad-4873-af2a-556b7ea92f8e func=job_orchestration.executor.query.spider_search_task.search_without_channel submit_output_start=228402799 submit_output_end=228402805 submit_output_duration_ms=6
[2026-01-30 18:52:40.636] [info] [spider.worker] [TIMING] task_id=41468821-95db-42c7-aacc-8e11a4d7de1f func=job_orchestration.executor.query.spider_search_task.search_without_channel fetch_input_start=228402844 fetch_input_end=228402845 fetch_input_duration_ms=0
[2026-01-30 18:52:41.891] [info] [spider.worker] [TIMING] task_id=41468821-95db-42c7-aacc-8e11a4d7de1f func=job_orchestration.executor.query.spider_search_task.search_without_channel execution_start=228402845 execution_end=228404099 execution_duration_ms=1254
[2026-01-30 18:52:41.905] [info] [spider.worker] [TIMING] task_id=41468821-95db-42c7-aacc-8e11a4d7de1f func=job_orchestration.executor.query.spider_search_task.search_without_channel submit_output_start=228404101 submit_output_end=228404114 submit_output_duration_ms=12
[2026-01-30 18:52:41.915] [info] [spider.worker] [TIMING] task_id=3e88a5d5-b749-4a5b-bf0a-93823da34cf7 func=job_orchestration.executor.query.spider_search_task.search_without_channel fetch_input_start=228404123 fetch_input_end=228404124 fetch_input_duration_ms=0
[2026-01-30 18:52:43.185] [info] [spider.worker] [TIMING] task_id=3e88a5d5-b749-4a5b-bf0a-93823da34cf7 func=job_orchestration.executor.query.spider_search_task.search_without_channel execution_start=228404124 execution_end=228405393 execution_duration_ms=1268
[2026-01-30 18:52:43.222] [info] [spider.worker] [TIMING] task_id=3e88a5d5-b749-4a5b-bf0a-93823da34cf7 func=job_orchestration.executor.query.spider_search_task.search_without_channel submit_output_start=228405395 submit_output_end=228405431 submit_output_duration_ms=35
[2026-01-30 18:52:43.242] [info] [spider.worker] [TIMING] task_id=1035be97-ce67-4cb8-bd0f-8b98ccaf7387 func=job_orchestration.executor.query.spider_search_task.search_without_channel fetch_input_start=228405449 fetch_input_end=228405450 fetch_input_duration_ms=1
[2026-01-30 18:52:44.379] [info] [spider.worker] [TIMING] task_id=1035be97-ce67-4cb8-bd0f-8b98ccaf7387 func=job_orchestration.executor.query.spider_search_task.search_without_channel execution_start=228405451 execution_end=228406587 execution_duration_ms=1135
[2026-01-30 18:52:44.389] [info] [spider.worker] [TIMING] task_id=1035be97-ce67-4cb8-bd0f-8b98ccaf7387 func=job_orchestration.executor.query.spider_search_task.search_without_channel submit_output_start=228406589 submit_output_end=228406597 submit_output_duration_ms=8
[2026-01-30 18:52:44.462] [info] [spider.worker] [TIMING] task_id=0c40eb6e-3369-4b6b-91e5-7e7b680ce450 func=job_orchestration.executor.query.spider_search_task.search_without_channel fetch_input_start=228406670 fetch_input_end=228406670 fetch_input_duration_ms=0
[2026-01-30 18:52:45.676] [info] [spider.worker] [TIMING] task_id=0c40eb6e-3369-4b6b-91e5-7e7b680ce450 func=job_orchestration.executor.query.spider_search_task.search_without_channel execution_start=228406671 execution_end=228407884 execution_duration_ms=1213
[2026-01-30 18:52:45.689] [info] [spider.worker] [TIMING] task_id=0c40eb6e-3369-4b6b-91e5-7e7b680ce450 func=job_orchestration.executor.query.spider_search_task.search_without_channel submit_output_start=228407886 submit_output_end=228407898 submit_output_duration_ms=11
[2026-01-30 18:52:45.708] [info] [spider.worker] [TIMING] task_id=1c95a044-837c-40f9-914e-af441996059f func=job_orchestration.executor.query.spider_search_task.search_without_channel fetch_input_start=228407916 fetch_input_end=228407916 fetch_input_duration_ms=0
[2026-01-30 18:52:46.993] [info] [spider.worker] [TIMING] task_id=1c95a044-837c-40f9-914e-af441996059f func=job_orchestration.executor.query.spider_search_task.search_without_channel execution_start=228407917 execution_end=228409201 execution_duration_ms=1284
[2026-01-30 18:52:47.015] [info] [spider.worker] [TIMING] task_id=1c95a044-837c-40f9-914e-af441996059f func=job_orchestration.executor.query.spider_search_task.search_without_channel submit_output_start=228409207 submit_output_end=228409223 submit_output_duration_ms=16
[2026-01-30 18:52:47.043] [info] [spider.worker] [TIMING] task_id=a563ebf2-f42d-4d41-a908-60fe71019156 func=job_orchestration.executor.query.spider_search_task.search_without_channel fetch_input_start=228409250 fetch_input_end=228409251 fetch_input_duration_ms=1
[2026-01-30 18:52:48.170] [info] [spider.worker] [TIMING] task_id=a563ebf2-f42d-4d41-a908-60fe71019156 func=job_orchestration.executor.query.spider_search_task.search_without_channel execution_start=228409252 execution_end=228410379 execution_duration_ms=1127
[2026-01-30 18:52:48.240] [info] [spider.worker] [TIMING] task_id=a563ebf2-f42d-4d41-a908-60fe71019156 func=job_orchestration.executor.query.spider_search_task.search_without_channel submit_output_start=228410381 submit_output_end=228410448 submit_output_duration_ms=67
[2026-01-30 18:52:48.259] [info] [spider.worker] [TIMING] task_id=8aa48cfb-dd07-42d5-ab32-4636423c8ec0 func=job_orchestration.executor.query.spider_search_task.search_without_channel fetch_input_start=228410466 fetch_input_end=228410467 fetch_input_duration_ms=0
[2026-01-30 18:52:49.767] [info] [spider.worker] [TIMING] task_id=8aa48cfb-dd07-42d5-ab32-4636423c8ec0 func=job_orchestration.executor.query.spider_search_task.search_without_channel execution_start=228410468 execution_end=228411975 execution_duration_ms=1507
[2026-01-30 18:52:49.773] [info] [spider.worker] [TIMING] task_id=8aa48cfb-dd07-42d5-ab32-4636423c8ec0 func=job_orchestration.executor.query.spider_search_task.search_without_channel submit_output_start=228411977 submit_output_end=228411981 submit_output_duration_ms=4
[2026-01-30 18:52:49.783] [info] [spider.worker] [TIMING] task_id=43d5de28-e742-4fb9-bed4-8ea3395888ef func=job_orchestration.executor.query.spider_search_task.search_without_channel fetch_input_start=228411991 fetch_input_end=228411992 fetch_input_duration_ms=0
[2026-01-30 18:52:51.026] [info] [spider.worker] [TIMING] task_id=43d5de28-e742-4fb9-bed4-8ea3395888ef func=job_orchestration.executor.query.spider_search_task.search_without_channel execution_start=228411993 execution_end=228413235 execution_duration_ms=1242
[2026-01-30 18:52:51.048] [info] [spider.worker] [TIMING] task_id=43d5de28-e742-4fb9-bed4-8ea3395888ef func=job_orchestration.executor.query.spider_search_task.search_without_channel submit_output_start=228413237 submit_output_end=228413257 submit_output_duration_ms=20
[2026-01-30 18:52:51.068] [info] [spider.worker] [TIMING] task_id=fb880472-4951-4d0a-be4b-92a356ee9621 func=job_orchestration.executor.query.spider_search_task.search_without_channel fetch_input_start=228413275 fetch_input_end=228413277 fetch_input_duration_ms=1
[2026-01-30 18:52:52.337] [info] [spider.worker] [TIMING] task_id=fb880472-4951-4d0a-be4b-92a356ee9621 func=job_orchestration.executor.query.spider_search_task.search_without_channel execution_start=228413277 execution_end=228414545 execution_duration_ms=1268
[2026-01-30 18:52:52.349] [info] [spider.worker] [TIMING] task_id=fb880472-4951-4d0a-be4b-92a356ee9621 func=job_orchestration.executor.query.spider_search_task.search_without_channel submit_output_start=228414547 submit_output_end=228414557 submit_output_duration_ms=9
[2026-01-30 18:52:52.369] [info] [spider.worker] [TIMING] task_id=9524b8bc-942f-4d39-86ce-8366ffb951fd func=job_orchestration.executor.query.spider_search_task.search_without_channel fetch_input_start=228414576 fetch_input_end=228414577 fetch_input_duration_ms=1
[2026-01-30 18:52:53.679] [info] [spider.worker] [TIMING] task_id=9524b8bc-942f-4d39-86ce-8366ffb951fd func=job_orchestration.executor.query.spider_search_task.search_without_channel execution_start=228414578 execution_end=228415887 execution_duration_ms=1309
[2026-01-30 18:52:53.712] [info] [spider.worker] [TIMING] task_id=9524b8bc-942f-4d39-86ce-8366ffb951fd func=job_orchestration.executor.query.spider_search_task.search_without_channel submit_output_start=228415889 submit_output_end=228415920 submit_output_duration_ms=31
[2026-01-30 18:52:53.793] [info] [spider.worker] [TIMING] task_id=6c6842c7-1fd1-4b52-9f7e-1ce6fb6ee7c7 func=job_orchestration.executor.query.spider_search_task.search_without_channel fetch_input_start=228416001 fetch_input_end=228416002 fetch_input_duration_ms=0
[2026-01-30 18:52:54.952] [info] [spider.worker] [TIMING] task_id=6c6842c7-1fd1-4b52-9f7e-1ce6fb6ee7c7 func=job_orchestration.executor.query.spider_search_task.search_without_channel execution_start=228416002 execution_end=228417161 execution_duration_ms=1158
[2026-01-30 18:52:54.966] [info] [spider.worker] [TIMING] task_id=6c6842c7-1fd1-4b52-9f7e-1ce6fb6ee7c7 func=job_orchestration.executor.query.spider_search_task.search_without_channel submit_output_start=228417162 submit_output_end=228417174 submit_output_duration_ms=11
[2026-01-30 18:52:54.977] [info] [spider.worker] [TIMING] task_id=222f6db3-0b60-469a-85b6-494b21a98a8e func=job_orchestration.executor.query.spider_search_task.search_without_channel fetch_input_start=228417184 fetch_input_end=228417185 fetch_input_duration_ms=1
[2026-01-30 18:52:56.193] [info] [spider.worker] [TIMING] task_id=222f6db3-0b60-469a-85b6-494b21a98a8e func=job_orchestration.executor.query.spider_search_task.search_without_channel execution_start=228417186 execution_end=228418402 execution_duration_ms=1215
[2026-01-30 18:52:56.208] [info] [spider.worker] [TIMING] task_id=222f6db3-0b60-469a-85b6-494b21a98a8e func=job_orchestration.executor.query.spider_search_task.search_without_channel submit_output_start=228418403 submit_output_end=228418416 submit_output_duration_ms=13
[2026-01-30 18:52:56.237] [info] [spider.worker] [TIMING] task_id=e8b40c4f-8caa-4f32-be9b-93ce293cd390 func=job_orchestration.executor.query.spider_search_task.search_without_channel fetch_input_start=228418443 fetch_input_end=228418446 fetch_input_duration_ms=2
[2026-01-30 18:52:57.424] [info] [spider.worker] [TIMING] task_id=e8b40c4f-8caa-4f32-be9b-93ce293cd390 func=job_orchestration.executor.query.spider_search_task.search_without_channel execution_start=228418446 execution_end=228419633 execution_duration_ms=1186
[2026-01-30 18:52:57.452] [info] [spider.worker] [TIMING] task_id=e8b40c4f-8caa-4f32-be9b-93ce293cd390 func=job_orchestration.executor.query.spider_search_task.search_without_channel submit_output_start=228419635 submit_output_end=228419661 submit_output_duration_ms=26
[2026-01-30 18:52:57.470] [info] [spider.worker] [TIMING] task_id=4f8d809b-a8bc-48da-bef4-be112b5e6ffa func=job_orchestration.executor.query.spider_search_task.search_without_channel fetch_input_start=228419677 fetch_input_end=228419678 fetch_input_duration_ms=1
[2026-01-30 18:52:58.825] [info] [spider.worker] [TIMING] task_id=4f8d809b-a8bc-48da-bef4-be112b5e6ffa func=job_orchestration.executor.query.spider_search_task.search_without_channel execution_start=228419679 execution_end=228421033 execution_duration_ms=1354
[2026-01-30 18:52:58.859] [info] [spider.worker] [TIMING] task_id=4f8d809b-a8bc-48da-bef4-be112b5e6ffa func=job_orchestration.executor.query.spider_search_task.search_without_channel submit_output_start=228421035 submit_output_end=228421067 submit_output_duration_ms=32
[2026-01-30 18:52:58.953] [info] [spider.worker] [TIMING] task_id=07418529-5629-4f2d-9ced-66e768af7c0a func=job_orchestration.executor.query.spider_search_task.search_without_channel fetch_input_start=228421161 fetch_input_end=228421162 fetch_input_duration_ms=0
[2026-01-30 18:53:00.072] [info] [spider.worker] [TIMING] task_id=07418529-5629-4f2d-9ced-66e768af7c0a func=job_orchestration.executor.query.spider_search_task.search_without_channel execution_start=228421162 execution_end=228422280 execution_duration_ms=1118
[2026-01-30 18:53:00.110] [info] [spider.worker] [TIMING] task_id=07418529-5629-4f2d-9ced-66e768af7c0a func=job_orchestration.executor.query.spider_search_task.search_without_channel submit_output_start=228422286 submit_output_end=228422319 submit_output_duration_ms=33
[2026-01-30 18:53:00.155] [info] [spider.worker] [TIMING] task_id=473e5c1d-0818-4137-89bc-579a7069f04f func=job_orchestration.executor.query.spider_search_task.search_without_channel fetch_input_start=228422362 fetch_input_end=228422363 fetch_input_duration_ms=1
[2026-01-30 18:53:01.437] [info] [spider.worker] [TIMING] task_id=473e5c1d-0818-4137-89bc-579a7069f04f func=job_orchestration.executor.query.spider_search_task.search_without_channel execution_start=228422364 execution_end=228423645 execution_duration_ms=1281
[2026-01-30 18:53:01.488] [info] [spider.worker] [TIMING] task_id=473e5c1d-0818-4137-89bc-579a7069f04f func=job_orchestration.executor.query.spider_search_task.search_without_channel submit_output_start=228423646 submit_output_end=228423696 submit_output_duration_ms=50
[2026-01-30 18:53:01.537] [info] [spider.worker] [TIMING] task_id=05d1d89b-42d0-4ce1-aa09-ad51787b90e4 func=job_orchestration.executor.query.spider_search_task.search_without_channel fetch_input_start=228423744 fetch_input_end=228423745 fetch_input_duration_ms=1
[2026-01-30 18:53:02.921] [info] [spider.worker] [TIMING] task_id=05d1d89b-42d0-4ce1-aa09-ad51787b90e4 func=job_orchestration.executor.query.spider_search_task.search_without_channel execution_start=228423746 execution_end=228425129 execution_duration_ms=1383
[2026-01-30 18:53:02.984] [info] [spider.worker] [TIMING] task_id=05d1d89b-42d0-4ce1-aa09-ad51787b90e4 func=job_orchestration.executor.query.spider_search_task.search_without_channel submit_output_start=228425132 submit_output_end=228425192 submit_output_duration_ms=60
[2026-01-30 18:53:03.004] [info] [spider.worker] [TIMING] task_id=5d756cb7-3837-4c28-a886-da8475455795 func=job_orchestration.executor.query.spider_search_task.search_without_channel fetch_input_start=228425211 fetch_input_end=228425212 fetch_input_duration_ms=1
[2026-01-30 18:53:04.258] [info] [spider.worker] [TIMING] task_id=5d756cb7-3837-4c28-a886-da8475455795 func=job_orchestration.executor.query.spider_search_task.search_without_channel execution_start=228425213 execution_end=228426467 execution_duration_ms=1253
[2026-01-30 18:53:04.301] [info] [spider.worker] [TIMING] task_id=5d756cb7-3837-4c28-a886-da8475455795 func=job_orchestration.executor.query.spider_search_task.search_without_channel submit_output_start=228426468 submit_output_end=228426509 submit_output_duration_ms=40
[2026-01-30 18:53:04.321] [info] [spider.worker] [TIMING] task_id=0d9729a3-bce0-4cae-a2b4-c2b27c1d343d func=job_orchestration.executor.query.spider_search_task.search_without_channel fetch_input_start=228426528 fetch_input_end=228426529 fetch_input_duration_ms=1
[2026-01-30 18:53:05.517] [info] [spider.worker] [TIMING] task_id=0d9729a3-bce0-4cae-a2b4-c2b27c1d343d func=job_orchestration.executor.query.spider_search_task.search_without_channel execution_start=228426530 execution_end=228427726 execution_duration_ms=1195
[2026-01-30 18:53:05.535] [info] [spider.worker] [TIMING] task_id=0d9729a3-bce0-4cae-a2b4-c2b27c1d343d func=job_orchestration.executor.query.spider_search_task.search_without_channel submit_output_start=228427728 submit_output_end=228427743 submit_output_duration_ms=15
[2026-01-30 18:53:05.554] [info] [spider.worker] [TIMING] task_id=557f2faa-f39d-4f7d-b362-eff4053cf195 func=job_orchestration.executor.query.spider_search_task.search_without_channel fetch_input_start=228427762 fetch_input_end=228427762 fetch_input_duration_ms=0
[2026-01-30 18:53:06.765] [info] [spider.worker] [TIMING] task_id=557f2faa-f39d-4f7d-b362-eff4053cf195 func=job_orchestration.executor.query.spider_search_task.search_without_channel execution_start=228427763 execution_end=228428973 execution_duration_ms=1210
[2026-01-30 18:53:06.785] [info] [spider.worker] [TIMING] task_id=557f2faa-f39d-4f7d-b362-eff4053cf195 func=job_orchestration.executor.query.spider_search_task.search_without_channel submit_output_start=228428975 submit_output_end=228428993 submit_output_duration_ms=18
[2026-01-30 18:53:06.804] [info] [spider.worker] [TIMING] task_id=083a48f6-7600-44d0-a9e0-0f053341e7de func=job_orchestration.executor.query.spider_search_task.search_without_channel fetch_input_start=228429012 fetch_input_end=228429013 fetch_input_duration_ms=0
[2026-01-30 18:53:08.091] [info] [spider.worker] [TIMING] task_id=083a48f6-7600-44d0-a9e0-0f053341e7de func=job_orchestration.executor.query.spider_search_task.search_without_channel execution_start=228429013 execution_end=228430300 execution_duration_ms=1286
[2026-01-30 18:53:08.127] [info] [spider.worker] [TIMING] task_id=083a48f6-7600-44d0-a9e0-0f053341e7de func=job_orchestration.executor.query.spider_search_task.search_without_channel submit_output_start=228430302 submit_output_end=228430336 submit_output_duration_ms=33
[2026-01-30 18:53:08.147] [info] [spider.worker] [TIMING] task_id=7aa29cc7-a599-4a37-a81d-c8ffe0e97325 func=job_orchestration.executor.query.spider_search_task.search_without_channel fetch_input_start=228430354 fetch_input_end=228430355 fetch_input_duration_ms=1
[2026-01-30 18:53:09.371] [info] [spider.worker] [TIMING] task_id=7aa29cc7-a599-4a37-a81d-c8ffe0e97325 func=job_orchestration.executor.query.spider_search_task.search_without_channel execution_start=228430356 execution_end=228431579 execution_duration_ms=1223
[2026-01-30 18:53:09.405] [info] [spider.worker] [TIMING] task_id=7aa29cc7-a599-4a37-a81d-c8ffe0e97325 func=job_orchestration.executor.query.spider_search_task.search_without_channel submit_output_start=228431581 submit_output_end=228431613 submit_output_duration_ms=32
[2026-01-30 18:53:09.438] [info] [spider.worker] [TIMING] task_id=5e4fb98e-cc50-43f0-bdef-9912f41d9a20 func=job_orchestration.executor.query.spider_search_task.search_without_channel fetch_input_start=228431645 fetch_input_end=228431646 fetch_input_duration_ms=0
[2026-01-30 18:53:10.850] [info] [spider.worker] [TIMING] task_id=5e4fb98e-cc50-43f0-bdef-9912f41d9a20 func=job_orchestration.executor.query.spider_search_task.search_without_channel execution_start=228431647 execution_end=228433058 execution_duration_ms=1411
[2026-01-30 18:53:10.891] [info] [spider.worker] [TIMING] task_id=5e4fb98e-cc50-43f0-bdef-9912f41d9a20 func=job_orchestration.executor.query.spider_search_task.search_without_channel submit_output_start=228433060 submit_output_end=228433100 submit_output_duration_ms=39
[2026-01-30 18:53:10.914] [info] [spider.worker] [TIMING] task_id=fa97b60b-4a40-41a0-b427-380602740521 func=job_orchestration.executor.query.spider_search_task.search_without_channel fetch_input_start=228433121 fetch_input_end=228433122 fetch_input_duration_ms=1
[2026-01-30 18:53:12.154] [info] [spider.worker] [TIMING] task_id=fa97b60b-4a40-41a0-b427-380602740521 func=job_orchestration.executor.query.spider_search_task.search_without_channel execution_start=228433123 execution_end=228434362 execution_duration_ms=1239
[2026-01-30 18:53:12.194] [info] [spider.worker] [TIMING] task_id=fa97b60b-4a40-41a0-b427-380602740521 func=job_orchestration.executor.query.spider_search_task.search_without_channel submit_output_start=228434364 submit_output_end=228434403 submit_output_duration_ms=38
[2026-01-30 18:53:12.214] [info] [spider.worker] [TIMING] task_id=61bc3d1e-2627-4f44-9de5-4bfd84146c3f func=job_orchestration.executor.query.spider_search_task.search_without_channel fetch_input_start=228434421 fetch_input_end=228434423 fetch_input_duration_ms=1
[2026-01-30 18:53:13.417] [info] [spider.worker] [TIMING] task_id=61bc3d1e-2627-4f44-9de5-4bfd84146c3f func=job_orchestration.executor.query.spider_search_task.search_without_channel execution_start=228434423 execution_end=228435626 execution_duration_ms=1202
[2026-01-30 18:53:13.472] [info] [spider.worker] [TIMING] task_id=61bc3d1e-2627-4f44-9de5-4bfd84146c3f func=job_orchestration.executor.query.spider_search_task.search_without_channel submit_output_start=228435627 submit_output_end=228435681 submit_output_duration_ms=53
[2026-01-30 18:53:13.498] [info] [spider.worker] [TIMING] task_id=58c37904-3436-4dc2-92af-d8d1178bebb6 func=job_orchestration.executor.query.spider_search_task.search_without_channel fetch_input_start=228435705 fetch_input_end=228435706 fetch_input_duration_ms=1
[2026-01-30 18:53:14.676] [info] [spider.worker] [TIMING] task_id=58c37904-3436-4dc2-92af-d8d1178bebb6 func=job_orchestration.executor.query.spider_search_task.search_without_channel execution_start=228435707 execution_end=228436884 execution_duration_ms=1177
[2026-01-30 18:53:14.775] [info] [spider.worker] [TIMING] task_id=58c37904-3436-4dc2-92af-d8d1178bebb6 func=job_orchestration.executor.query.spider_search_task.search_without_channel submit_output_start=228436886 submit_output_end=228436984 submit_output_duration_ms=97
[2026-01-30 18:53:14.844] [info] [spider.worker] [TIMING] task_id=fdd22902-1bfc-4399-99a6-253b96734091 func=job_orchestration.executor.query.spider_search_task.search_without_channel fetch_input_start=228437052 fetch_input_end=228437053 fetch_input_duration_ms=0
[2026-01-30 18:53:16.282] [info] [spider.worker] [TIMING] task_id=fdd22902-1bfc-4399-99a6-253b96734091 func=job_orchestration.executor.query.spider_search_task.search_without_channel execution_start=228437053 execution_end=228438491 execution_duration_ms=1437
[2026-01-30 18:53:16.295] [info] [spider.worker] [TIMING] task_id=fdd22902-1bfc-4399-99a6-253b96734091 func=job_orchestration.executor.query.spider_search_task.search_without_channel submit_output_start=228438492 submit_output_end=228438504 submit_output_duration_ms=11
[2026-01-30 18:53:16.306] [info] [spider.worker] [TIMING] task_id=35ef6a48-c2aa-4d33-8cc9-c65af0a08a7e func=job_orchestration.executor.query.spider_search_task.search_without_channel fetch_input_start=228438513 fetch_input_end=228438514 fetch_input_duration_ms=0
[2026-01-30 18:53:17.525] [info] [spider.worker] [TIMING] task_id=35ef6a48-c2aa-4d33-8cc9-c65af0a08a7e func=job_orchestration.executor.query.spider_search_task.search_without_channel execution_start=228438515 execution_end=228439733 execution_duration_ms=1218
[2026-01-30 18:53:17.537] [info] [spider.worker] [TIMING] task_id=35ef6a48-c2aa-4d33-8cc9-c65af0a08a7e func=job_orchestration.executor.query.spider_search_task.search_without_channel submit_output_start=228439735 submit_output_end=228439746 submit_output_duration_ms=10
[2026-01-30 18:53:17.557] [info] [spider.worker] [TIMING] task_id=d805260b-3633-489d-9002-6d1d3bf84f16 func=job_orchestration.executor.query.spider_search_task.search_without_channel fetch_input_start=228439764 fetch_input_end=228439765 fetch_input_duration_ms=1
[2026-01-30 18:53:18.788] [info] [spider.worker] [TIMING] task_id=d805260b-3633-489d-9002-6d1d3bf84f16 func=job_orchestration.executor.query.spider_search_task.search_without_channel execution_start=228439766 execution_end=228440996 execution_duration_ms=1230
[2026-01-30 18:53:18.804] [info] [spider.worker] [TIMING] task_id=d805260b-3633-489d-9002-6d1d3bf84f16 func=job_orchestration.executor.query.spider_search_task.search_without_channel submit_output_start=228440998 submit_output_end=228441012 submit_output_duration_ms=14
[2026-01-30 18:53:18.848] [info] [spider.worker] [TIMING] task_id=ccd3c078-3be8-41f3-b9cd-f8efc26ae576 func=job_orchestration.executor.query.spider_search_task.search_without_channel fetch_input_start=228441056 fetch_input_end=228441056 fetch_input_duration_ms=0
[2026-01-30 18:53:20.039] [info] [spider.worker] [TIMING] task_id=ccd3c078-3be8-41f3-b9cd-f8efc26ae576 func=job_orchestration.executor.query.spider_search_task.search_without_channel execution_start=228441057 execution_end=228442247 execution_duration_ms=1190
[2026-01-30 18:53:20.110] [info] [spider.worker] [TIMING] task_id=ccd3c078-3be8-41f3-b9cd-f8efc26ae576 func=job_orchestration.executor.query.spider_search_task.search_without_channel submit_output_start=228442253 submit_output_end=228442318 submit_output_duration_ms=64
[2026-01-30 18:53:20.165] [info] [spider.worker] [TIMING] task_id=b8b0b9e8-d3c4-4eb7-adb9-548e8069758c func=job_orchestration.executor.query.spider_search_task.search_without_channel fetch_input_start=228442373 fetch_input_end=228442373 fetch_input_duration_ms=0
[2026-01-30 18:53:21.402] [info] [spider.worker] [TIMING] task_id=b8b0b9e8-d3c4-4eb7-adb9-548e8069758c func=job_orchestration.executor.query.spider_search_task.search_without_channel execution_start=228442374 execution_end=228443610 execution_duration_ms=1236
[2026-01-30 18:53:21.421] [info] [spider.worker] [TIMING] task_id=b8b0b9e8-d3c4-4eb7-adb9-548e8069758c func=job_orchestration.executor.query.spider_search_task.search_without_channel submit_output_start=228443611 submit_output_end=228443629 submit_output_duration_ms=18
[2026-01-30 18:53:21.457] [info] [spider.worker] [TIMING] task_id=0be82065-f01e-4e77-8ccd-02ce566635fa func=job_orchestration.executor.query.spider_search_task.search_without_channel fetch_input_start=228443664 fetch_input_end=228443665 fetch_input_duration_ms=0
[2026-01-30 18:53:22.658] [info] [spider.worker] [TIMING] task_id=0be82065-f01e-4e77-8ccd-02ce566635fa func=job_orchestration.executor.query.spider_search_task.search_without_channel execution_start=228443666 execution_end=228444867 execution_duration_ms=1200
[2026-01-30 18:53:22.716] [info] [spider.worker] [TIMING] task_id=0be82065-f01e-4e77-8ccd-02ce566635fa func=job_orchestration.executor.query.spider_search_task.search_without_channel submit_output_start=228444868 submit_output_end=228444924 submit_output_duration_ms=56
[2026-01-30 18:53:22.808] [info] [spider.worker] [TIMING] task_id=1bd0911c-b67f-48b5-8bcd-c31881a13927 func=job_orchestration.executor.query.spider_search_task.search_without_channel fetch_input_start=228445015 fetch_input_end=228445016 fetch_input_duration_ms=1
[2026-01-30 18:53:24.023] [info] [spider.worker] [TIMING] task_id=1bd0911c-b67f-48b5-8bcd-c31881a13927 func=job_orchestration.executor.query.spider_search_task.search_without_channel execution_start=228445017 execution_end=228446231 execution_duration_ms=1213
[2026-01-30 18:53:24.030] [info] [spider.worker] [TIMING] task_id=1bd0911c-b67f-48b5-8bcd-c31881a13927 func=job_orchestration.executor.query.spider_search_task.search_without_channel submit_output_start=228446233 submit_output_end=228446238 submit_output_duration_ms=5
[2026-01-30 18:53:24.071] [info] [spider.worker] [TIMING] task_id=628ac4ad-59ef-426a-98f3-367e1047b0a3 func=job_orchestration.executor.query.spider_search_task.search_without_channel fetch_input_start=228446278 fetch_input_end=228446279 fetch_input_duration_ms=0
[2026-01-30 18:53:25.402] [info] [spider.worker] [TIMING] task_id=628ac4ad-59ef-426a-98f3-367e1047b0a3 func=job_orchestration.executor.query.spider_search_task.search_without_channel execution_start=228446280 execution_end=228447611 execution_duration_ms=1330
[2026-01-30 18:53:25.422] [info] [spider.worker] [TIMING] task_id=628ac4ad-59ef-426a-98f3-367e1047b0a3 func=job_orchestration.executor.query.spider_search_task.search_without_channel submit_output_start=228447613 submit_output_end=228447630 submit_output_duration_ms=16
[2026-01-30 18:53:25.458] [info] [spider.worker] [TIMING] task_id=80ef5c7e-9ba0-4604-bfea-40889c58ae4d func=job_orchestration.executor.query.spider_search_task.search_without_channel fetch_input_start=228447665 fetch_input_end=228447666 fetch_input_duration_ms=1
[2026-01-30 18:53:26.690] [info] [spider.worker] [TIMING] task_id=80ef5c7e-9ba0-4604-bfea-40889c58ae4d func=job_orchestration.executor.query.spider_search_task.search_without_channel execution_start=228447667 execution_end=228448898 execution_duration_ms=1230
[2026-01-30 18:53:26.714] [info] [spider.worker] [TIMING] task_id=80ef5c7e-9ba0-4604-bfea-40889c58ae4d func=job_orchestration.executor.query.spider_search_task.search_without_channel submit_output_start=228448900 submit_output_end=228448922 submit_output_duration_ms=22
[2026-01-30 18:53:26.751] [info] [spider.worker] [TIMING] task_id=e6b7947a-9d90-48ae-ac58-b4bba05fd3bd func=job_orchestration.executor.query.spider_search_task.search_without_channel fetch_input_start=228448959 fetch_input_end=228448960 fetch_input_duration_ms=0
[2026-01-30 18:53:28.038] [info] [spider.worker] [TIMING] task_id=e6b7947a-9d90-48ae-ac58-b4bba05fd3bd func=job_orchestration.executor.query.spider_search_task.search_without_channel execution_start=228448960 execution_end=228450246 execution_duration_ms=1286
[2026-01-30 18:53:28.103] [info] [spider.worker] [TIMING] task_id=e6b7947a-9d90-48ae-ac58-b4bba05fd3bd func=job_orchestration.executor.query.spider_search_task.search_without_channel submit_output_start=228450248 submit_output_end=228450311 submit_output_duration_ms=63
[2026-01-30 18:53:28.147] [info] [spider.worker] [TIMING] task_id=a5c01bc6-4b8c-4d62-a3f0-c1b399a30079 func=job_orchestration.executor.query.spider_search_task.search_without_channel fetch_input_start=228450354 fetch_input_end=228450355 fetch_input_duration_ms=0
[2026-01-30 18:53:29.363] [info] [spider.worker] [TIMING] task_id=a5c01bc6-4b8c-4d62-a3f0-c1b399a30079 func=job_orchestration.executor.query.spider_search_task.search_without_channel execution_start=228450356 execution_end=228451572 execution_duration_ms=1216
[2026-01-30 18:53:29.388] [info] [spider.worker] [TIMING] task_id=a5c01bc6-4b8c-4d62-a3f0-c1b399a30079 func=job_orchestration.executor.query.spider_search_task.search_without_channel submit_output_start=228451574 submit_output_end=228451597 submit_output_duration_ms=23
[2026-01-30 18:53:29.409] [info] [spider.worker] [TIMING] task_id=4db1ed1b-8f04-44cc-9a69-06cf36fb3f97 func=job_orchestration.executor.query.spider_search_task.search_without_channel fetch_input_start=228451616 fetch_input_end=228451617 fetch_input_duration_ms=1
[2026-01-30 18:53:30.663] [info] [spider.worker] [TIMING] task_id=4db1ed1b-8f04-44cc-9a69-06cf36fb3f97 func=job_orchestration.executor.query.spider_search_task.search_without_channel execution_start=228451618 execution_end=228452872 execution_duration_ms=1253
[2026-01-30 18:53:30.691] [info] [spider.worker] [TIMING] task_id=4db1ed1b-8f04-44cc-9a69-06cf36fb3f97 func=job_orchestration.executor.query.spider_search_task.search_without_channel submit_output_start=228452873 submit_output_end=228452899 submit_output_duration_ms=26
[2026-01-30 18:53:30.717] [info] [spider.worker] [TIMING] task_id=a5863fc3-f1fb-408a-91ad-787d854aa83f func=job_orchestration.executor.query.spider_search_task.search_without_channel fetch_input_start=228452924 fetch_input_end=228452925 fetch_input_duration_ms=1
[2026-01-30 18:53:31.992] [info] [spider.worker] [TIMING] task_id=a5863fc3-f1fb-408a-91ad-787d854aa83f func=job_orchestration.executor.query.spider_search_task.search_without_channel execution_start=228452926 execution_end=228454201 execution_duration_ms=1274
[2026-01-30 18:53:32.023] [info] [spider.worker] [TIMING] task_id=a5863fc3-f1fb-408a-91ad-787d854aa83f func=job_orchestration.executor.query.spider_search_task.search_without_channel submit_output_start=228454212 submit_output_end=228454231 submit_output_duration_ms=19
[2026-01-30 18:53:32.034] [info] [spider.worker] [TIMING] task_id=c879ccbb-3527-4353-ab07-829a84f0fc8d func=job_orchestration.executor.query.spider_search_task.search_without_channel fetch_input_start=228454241 fetch_input_end=228454242 fetch_input_duration_ms=1
[2026-01-30 18:53:33.249] [info] [spider.worker] [TIMING] task_id=c879ccbb-3527-4353-ab07-829a84f0fc8d func=job_orchestration.executor.query.spider_search_task.search_without_channel execution_start=228454243 execution_end=228455457 execution_duration_ms=1214
[2026-01-30 18:53:33.273] [info] [spider.worker] [TIMING] task_id=c879ccbb-3527-4353-ab07-829a84f0fc8d func=job_orchestration.execut