[2026-01-30 19:54:16.412] [warning] [spider.worker] Prefer using `SPIDER_STORAGE_URL` environment variable over `--storage_url` argument.
[2026-01-30 19:55:08.644] [info] [spider.worker] [TIMING] task_id=717fd1ac-e31a-463b-bac0-3f334cddd1df func=job_orchestration.executor.query.spider_search_task.search_without_channel fetch_input_start=232150850 fetch_input_end=232150852 fetch_input_duration_ms=2
[2026-01-30 19:55:08.645] [info] [spider.worker] [TIMING] task_id=717fd1ac-e31a-463b-bac0-3f334cddd1df func=job_orchestration.executor.query.spider_search_task.search_without_channel input_send_start=232150853 input_send_end=232150853 input_send_duration_ms=0 bytes=626
[2026-01-30 19:55:08.645] [info] [spider.worker] [TIMING] task_id=717fd1ac-e31a-463b-bac0-3f334cddd1df func=job_orchestration.executor.query.spider_search_task.search_without_channel spawn_start=232150853 spawn_end=232150853 spawn_duration_ms=0
[2026-01-30 19:55:09.948] [info] [spider.worker] [TIMING] task_id=717fd1ac-e31a-463b-bac0-3f334cddd1df func=job_orchestration.executor.query.spider_search_task.search_without_channel execution_start=232150854 execution_end=232152156 execution_duration_ms=1302
[2026-01-30 19:55:09.998] [info] [spider.worker] [TIMING] task_id=717fd1ac-e31a-463b-bac0-3f334cddd1df func=job_orchestration.executor.query.spider_search_task.search_without_channel submit_output_start=232152165 submit_output_end=232152206 submit_output_duration_ms=41
[2026-01-30 19:55:10.048] [info] [spider.worker] [TIMING] task_id=075b2a44-5b7d-4d42-8b57-6325a2c3176a func=job_orchestration.executor.query.spider_search_task.search_without_channel fetch_input_start=232152256 fetch_input_end=232152257 fetch_input_duration_ms=0
[2026-01-30 19:55:10.049] [info] [spider.worker] [TIMING] task_id=075b2a44-5b7d-4d42-8b57-6325a2c3176a func=job_orchestration.executor.query.spider_search_task.search_without_channel input_send_start=232152257 input_send_end=232152257 input_send_duration_ms=0 bytes=626
[2026-01-30 19:55:10.049] [info] [spider.worker] [TIMING] task_id=075b2a44-5b7d-4d42-8b57-6325a2c3176a func=job_orchestration.executor.query.spider_search_task.search_without_channel spawn_start=232152257 spawn_end=232152257 spawn_duration_ms=0
[2026-01-30 19:55:11.164] [info] [spider.worker] [TIMING] task_id=075b2a44-5b7d-4d42-8b57-6325a2c3176a func=job_orchestration.executor.query.spider_search_task.search_without_channel execution_start=232152258 execution_end=232153372 execution_duration_ms=1114
[2026-01-30 19:55:11.225] [info] [spider.worker] [TIMING] task_id=075b2a44-5b7d-4d42-8b57-6325a2c3176a func=job_orchestration.executor.query.spider_search_task.search_without_channel submit_output_start=232153374 submit_output_end=232153433 submit_output_duration_ms=59
[2026-01-30 19:55:11.249] [info] [spider.worker] [TIMING] task_id=afa8338b-82fc-43e8-b380-14d3a3f13eb0 func=job_orchestration.executor.query.spider_search_task.search_without_channel fetch_input_start=232153456 fetch_input_end=232153457 fetch_input_duration_ms=0
[2026-01-30 19:55:11.249] [info] [spider.worker] [TIMING] task_id=afa8338b-82fc-43e8-b380-14d3a3f13eb0 func=job_orchestration.executor.query.spider_search_task.search_without_channel input_send_start=232153458 input_send_end=232153458 input_send_duration_ms=0 bytes=626
[2026-01-30 19:55:11.249] [info] [spider.worker] [TIMING] task_id=afa8338b-82fc-43e8-b380-14d3a3f13eb0 func=job_orchestration.executor.query.spider_search_task.search_without_channel spawn_start=232153457 spawn_end=232153458 spawn_duration_ms=0
[2026-01-30 19:55:12.358] [info] [spider.worker] [TIMING] task_id=afa8338b-82fc-43e8-b380-14d3a3f13eb0 func=job_orchestration.executor.query.spider_search_task.search_without_channel execution_start=232153458 execution_end=232154567 execution_duration_ms=1108
[2026-01-30 19:55:12.438] [info] [spider.worker] [TIMING] task_id=afa8338b-82fc-43e8-b380-14d3a3f13eb0 func=job_orchestration.executor.query.spider_search_task.search_without_channel submit_output_start=232154568 submit_output_end=232154646 submit_output_duration_ms=77
[2026-01-30 19:55:12.459] [info] [spider.worker] [TIMING] task_id=b0cf012c-f2a4-4937-ae95-5f77dc559e1e func=job_orchestration.executor.query.spider_search_task.search_without_channel fetch_input_start=232154666 fetch_input_end=232154667 fetch_input_duration_ms=1
[2026-01-30 19:55:12.459] [info] [spider.worker] [TIMING] task_id=b0cf012c-f2a4-4937-ae95-5f77dc559e1e func=job_orchestration.executor.query.spider_search_task.search_without_channel input_send_start=232154667 input_send_end=232154667 input_send_duration_ms=0 bytes=626
[2026-01-30 19:55:12.459] [info] [spider.worker] [TIMING] task_id=b0cf012c-f2a4-4937-ae95-5f77dc559e1e func=job_orchestration.executor.query.spider_search_task.search_without_channel spawn_start=232154667 spawn_end=232154668 spawn_duration_ms=0
[2026-01-30 19:55:13.678] [info] [spider.worker] [TIMING] task_id=b0cf012c-f2a4-4937-ae95-5f77dc559e1e func=job_orchestration.executor.query.spider_search_task.search_without_channel execution_start=232154668 execution_end=232155887 execution_duration_ms=1218
[2026-01-30 19:55:13.739] [info] [spider.worker] [TIMING] task_id=b0cf012c-f2a4-4937-ae95-5f77dc559e1e func=job_orchestration.executor.query.spider_search_task.search_without_channel submit_output_start=232155898 submit_output_end=232155948 submit_output_duration_ms=49
[2026-01-30 19:55:13.776] [info] [spider.worker] [TIMING] task_id=7c7b6462-e551-4133-9e77-f1d0ee4e827b func=job_orchestration.executor.query.spider_search_task.search_without_channel fetch_input_start=232155983 fetch_input_end=232155984 fetch_input_duration_ms=0
[2026-01-30 19:55:13.776] [info] [spider.worker] [TIMING] task_id=7c7b6462-e551-4133-9e77-f1d0ee4e827b func=job_orchestration.executor.query.spider_search_task.search_without_channel input_send_start=232155984 input_send_end=232155984 input_send_duration_ms=0 bytes=626
[2026-01-30 19:55:13.776] [info] [spider.worker] [TIMING] task_id=7c7b6462-e551-4133-9e77-f1d0ee4e827b func=job_orchestration.executor.query.spider_search_task.search_without_channel spawn_start=232155984 spawn_end=232155984 spawn_duration_ms=0
[2026-01-30 19:55:15.065] [info] [spider.worker] [TIMING] task_id=7c7b6462-e551-4133-9e77-f1d0ee4e827b func=job_orchestration.executor.query.spider_search_task.search_without_channel execution_start=232155985 execution_end=232157274 execution_duration_ms=1289
[2026-01-30 19:55:15.093] [info] [spider.worker] [TIMING] task_id=7c7b6462-e551-4133-9e77-f1d0ee4e827b func=job_orchestration.executor.query.spider_search_task.search_without_channel submit_output_start=232157275 submit_output_end=232157301 submit_output_duration_ms=25
[2026-01-30 19:55:15.117] [info] [spider.worker] [TIMING] task_id=b91814c9-aeea-400f-91f4-d8a9a828f008 func=job_orchestration.executor.query.spider_search_task.search_without_channel fetch_input_start=232157324 fetch_input_end=232157325 fetch_input_duration_ms=0
[2026-01-30 19:55:15.117] [info] [spider.worker] [TIMING] task_id=b91814c9-aeea-400f-91f4-d8a9a828f008 func=job_orchestration.executor.query.spider_search_task.search_without_channel input_send_start=232157326 input_send_end=232157326 input_send_duration_ms=0 bytes=626
[2026-01-30 19:55:15.117] [info] [spider.worker] [TIMING] task_id=b91814c9-aeea-400f-91f4-d8a9a828f008 func=job_orchestration.executor.query.spider_search_task.search_without_channel spawn_start=232157325 spawn_end=232157326 spawn_duration_ms=0
[2026-01-30 19:55:16.278] [info] [spider.worker] [TIMING] task_id=b91814c9-aeea-400f-91f4-d8a9a828f008 func=job_orchestration.executor.query.spider_search_task.search_without_channel execution_start=232157326 execution_end=232158486 execution_duration_ms=1160
[2026-01-30 19:55:16.298] [info] [spider.worker] [TIMING] task_id=b91814c9-aeea-400f-91f4-d8a9a828f008 func=job_orchestration.executor.query.spider_search_task.search_without_channel submit_output_start=232158488 submit_output_end=232158506 submit_output_duration_ms=18
[2026-01-30 19:55:16.340] [info] [spider.worker] [TIMING] task_id=b10f36b8-1d16-4e89-af39-2a3c0130df4e func=job_orchestration.executor.query.spider_search_task.search_without_channel fetch_input_start=232158548 fetch_input_end=232158549 fetch_input_duration_ms=0
[2026-01-30 19:55:16.341] [info] [spider.worker] [TIMING] task_id=b10f36b8-1d16-4e89-af39-2a3c0130df4e func=job_orchestration.executor.query.spider_search_task.search_without_channel input_send_start=232158549 input_send_end=232158549 input_send_duration_ms=0 bytes=626
[2026-01-30 19:55:16.341] [info] [spider.worker] [TIMING] task_id=b10f36b8-1d16-4e89-af39-2a3c0130df4e func=job_orchestration.executor.query.spider_search_task.search_without_channel spawn_start=232158549 spawn_end=232158549 spawn_duration_ms=0
[2026-01-30 19:55:17.523] [info] [spider.worker] [TIMING] task_id=b10f36b8-1d16-4e89-af39-2a3c0130df4e func=job_orchestration.executor.query.spider_search_task.search_without_channel execution_start=232158549 execution_end=232159731 execution_duration_ms=1181
[2026-01-30 19:55:17.540] [info] [spider.worker] [TIMING] task_id=b10f36b8-1d16-4e89-af39-2a3c0130df4e func=job_orchestration.executor.query.spider_search_task.search_without_channel submit_output_start=232159734 submit_output_end=232159748 submit_output_duration_ms=14
[2026-01-30 19:55:17.618] [info] [spider.worker] [TIMING] task_id=3490c424-39e7-4573-84ac-de43f539a19f func=job_orchestration.executor.query.spider_search_task.search_without_channel fetch_input_start=232159826 fetch_input_end=232159827 fetch_input_duration_ms=0
[2026-01-30 19:55:17.619] [info] [spider.worker] [TIMING] task_id=3490c424-39e7-4573-84ac-de43f539a19f func=job_orchestration.executor.query.spider_search_task.search_without_channel input_send_start=232159827 input_send_end=232159827 input_send_duration_ms=0 bytes=626
[2026-01-30 19:55:17.619] [info] [spider.worker] [TIMING] task_id=3490c424-39e7-4573-84ac-de43f539a19f func=job_orchestration.executor.query.spider_search_task.search_without_channel spawn_start=232159827 spawn_end=232159827 spawn_duration_ms=0
[2026-01-30 19:55:18.860] [info] [spider.worker] [TIMING] task_id=3490c424-39e7-4573-84ac-de43f539a19f func=job_orchestration.executor.query.spider_search_task.search_without_channel execution_start=232159827 execution_end=232161068 execution_duration_ms=1240
[2026-01-30 19:55:18.893] [info] [spider.worker] [TIMING] task_id=3490c424-39e7-4573-84ac-de43f539a19f func=job_orchestration.executor.query.spider_search_task.search_without_channel submit_output_start=232161070 submit_output_end=232161102 submit_output_duration_ms=32
[2026-01-30 19:55:18.918] [info] [spider.worker] [TIMING] task_id=6fcf42a1-65d9-46f5-84c8-d8ddbce9599c func=job_orchestration.executor.query.spider_search_task.search_without_channel fetch_input_start=232161125 fetch_input_end=232161126 fetch_input_duration_ms=1
[2026-01-30 19:55:18.918] [info] [spider.worker] [TIMING] task_id=6fcf42a1-65d9-46f5-84c8-d8ddbce9599c func=job_orchestration.executor.query.spider_search_task.search_without_channel input_send_start=232161127 input_send_end=232161127 input_send_duration_ms=0 bytes=626
[2026-01-30 19:55:18.918] [info] [spider.worker] [TIMING] task_id=6fcf42a1-65d9-46f5-84c8-d8ddbce9599c func=job_orchestration.executor.query.spider_search_task.search_without_channel spawn_start=232161126 spawn_end=232161127 spawn_duration_ms=0
[2026-01-30 19:55:20.271] [info] [spider.worker] [TIMING] task_id=6fcf42a1-65d9-46f5-84c8-d8ddbce9599c func=job_orchestration.executor.query.spider_search_task.search_without_channel execution_start=232161127 execution_end=232162479 execution_duration_ms=1352
[2026-01-30 19:55:20.304] [info] [spider.worker] [TIMING] task_id=6fcf42a1-65d9-46f5-84c8-d8ddbce9599c func=job_orchestration.executor.query.spider_search_task.search_without_channel submit_output_start=232162481 submit_output_end=232162513 submit_output_duration_ms=32
[2026-01-30 19:55:20.349] [info] [spider.worker] [TIMING] task_id=bbb31f1f-174a-4c51-a36f-b1c76fbaf2de func=job_orchestration.executor.query.spider_search_task.search_without_channel fetch_input_start=232162556 fetch_input_end=232162557 fetch_input_duration_ms=0
[2026-01-30 19:55:20.349] [info] [spider.worker] [TIMING] task_id=bbb31f1f-174a-4c51-a36f-b1c76fbaf2de func=job_orchestration.executor.query.spider_search_task.search_without_channel input_send_start=232162558 input_send_end=232162558 input_send_duration_ms=0 bytes=626
[2026-01-30 19:55:20.349] [info] [spider.worker] [TIMING] task_id=bbb31f1f-174a-4c51-a36f-b1c76fbaf2de func=job_orchestration.executor.query.spider_search_task.search_without_channel spawn_start=232162557 spawn_end=232162558 spawn_duration_ms=0
[2026-01-30 19:55:21.509] [info] [spider.worker] [TIMING] task_id=bbb31f1f-174a-4c51-a36f-b1c76fbaf2de func=job_orchestration.executor.query.spider_search_task.search_without_channel execution_start=232162558 execution_end=232163718 execution_duration_ms=1159
[2026-01-30 19:55:21.524] [info] [spider.worker] [TIMING] task_id=bbb31f1f-174a-4c51-a36f-b1c76fbaf2de func=job_orchestration.executor.query.spider_search_task.search_without_channel submit_output_start=232163719 submit_output_end=232163732 submit_output_duration_ms=12
[2026-01-30 19:55:21.535] [info] [spider.worker] [TIMING] task_id=80823969-5815-415a-bb68-b842b0816108 func=job_orchestration.executor.query.spider_search_task.search_without_channel fetch_input_start=232163742 fetch_input_end=232163743 fetch_input_duration_ms=1
[2026-01-30 19:55:21.535] [info] [spider.worker] [TIMING] task_id=80823969-5815-415a-bb68-b842b0816108 func=job_orchestration.executor.query.spider_search_task.search_without_channel input_send_start=232163744 input_send_end=232163744 input_send_duration_ms=0 bytes=626
[2026-01-30 19:55:21.535] [info] [spider.worker] [TIMING] task_id=80823969-5815-415a-bb68-b842b0816108 func=job_orchestration.executor.query.spider_search_task.search_without_channel spawn_start=232163743 spawn_end=232163744 spawn_duration_ms=0
[2026-01-30 19:55:22.765] [info] [spider.worker] [TIMING] task_id=80823969-5815-415a-bb68-b842b0816108 func=job_orchestration.executor.query.spider_search_task.search_without_channel execution_start=232163744 execution_end=232164973 execution_duration_ms=1229
[2026-01-30 19:55:22.802] [info] [spider.worker] [TIMING] task_id=80823969-5815-415a-bb68-b842b0816108 func=job_orchestration.executor.query.spider_search_task.search_without_channel submit_output_start=232164975 submit_output_end=232165010 submit_output_duration_ms=35
[2026-01-30 19:55:22.871] [info] [spider.worker] [TIMING] task_id=d34d03b5-ec62-4e1f-8f2d-837e5fab99de func=job_orchestration.executor.query.spider_search_task.search_without_channel fetch_input_start=232165079 fetch_input_end=232165080 fetch_input_duration_ms=0
[2026-01-30 19:55:22.872] [info] [spider.worker] [TIMING] task_id=d34d03b5-ec62-4e1f-8f2d-837e5fab99de func=job_orchestration.executor.query.spider_search_task.search_without_channel input_send_start=232165080 input_send_end=232165080 input_send_duration_ms=0 bytes=626
[2026-01-30 19:55:22.872] [info] [spider.worker] [TIMING] task_id=d34d03b5-ec62-4e1f-8f2d-837e5fab99de func=job_orchestration.executor.query.spider_search_task.search_without_channel spawn_start=232165080 spawn_end=232165080 spawn_duration_ms=0
[2026-01-30 19:55:23.950] [info] [spider.worker] [TIMING] task_id=d34d03b5-ec62-4e1f-8f2d-837e5fab99de func=job_orchestration.executor.query.spider_search_task.search_without_channel execution_start=232165081 execution_end=232166158 execution_duration_ms=1077
[2026-01-30 19:55:23.978] [info] [spider.worker] [TIMING] task_id=d34d03b5-ec62-4e1f-8f2d-837e5fab99de func=job_orchestration.executor.query.spider_search_task.search_without_channel submit_output_start=232166160 submit_output_end=232166187 submit_output_duration_ms=26
[2026-01-30 19:55:24.023] [info] [spider.worker] [TIMING] task_id=58ddba56-c55f-4f40-b58a-c470ae54fb44 func=job_orchestration.executor.query.spider_search_task.search_without_channel fetch_input_start=232166231 fetch_input_end=232166232 fetch_input_duration_ms=1
[2026-01-30 19:55:24.024] [info] [spider.worker] [TIMING] task_id=58ddba56-c55f-4f40-b58a-c470ae54fb44 func=job_orchestration.executor.query.spider_search_task.search_without_channel input_send_start=232166232 input_send_end=232166232 input_send_duration_ms=0 bytes=626
[2026-01-30 19:55:24.024] [info] [spider.worker] [TIMING] task_id=58ddba56-c55f-4f40-b58a-c470ae54fb44 func=job_orchestration.executor.query.spider_search_task.search_without_channel spawn_start=232166232 spawn_end=232166232 spawn_duration_ms=0
[2026-01-30 19:55:25.431] [info] [spider.worker] [TIMING] task_id=58ddba56-c55f-4f40-b58a-c470ae54fb44 func=job_orchestration.executor.query.spider_search_task.search_without_channel execution_start=232166233 execution_end=232167640 execution_duration_ms=1407
[2026-01-30 19:55:25.441] [info] [spider.worker] [TIMING] task_id=58ddba56-c55f-4f40-b58a-c470ae54fb44 func=job_orchestration.executor.query.spider_search_task.search_without_channel submit_output_start=232167641 submit_output_end=232167650 submit_output_duration_ms=8
[2026-01-30 19:55:25.486] [info] [spider.worker] [TIMING] task_id=bfa8226f-686e-4428-8306-218f8f723ec1 func=job_orchestration.executor.query.spider_search_task.search_without_channel fetch_input_start=232167694 fetch_input_end=232167695 fetch_input_duration_ms=1
[2026-01-30 19:55:25.487] [info] [spider.worker] [TIMING] task_id=bfa8226f-686e-4428-8306-218f8f723ec1 func=job_orchestration.executor.query.spider_search_task.search_without_channel input_send_start=232167695 input_send_end=232167695 input_send_duration_ms=0 bytes=626
[2026-01-30 19:55:25.487] [info] [spider.worker] [TIMING] task_id=bfa8226f-686e-4428-8306-218f8f723ec1 func=job_orchestration.executor.query.spider_search_task.search_without_channel spawn_start=232167695 spawn_end=232167695 spawn_duration_ms=0
[2026-01-30 19:55:26.673] [info] [spider.worker] [TIMING] task_id=bfa8226f-686e-4428-8306-218f8f723ec1 func=job_orchestration.executor.query.spider_search_task.search_without_channel execution_start=232167696 execution_end=232168881 execution_duration_ms=1185
[2026-01-30 19:55:26.717] [info] [spider.worker] [TIMING] task_id=bfa8226f-686e-4428-8306-218f8f723ec1 func=job_orchestration.executor.query.spider_search_task.search_without_channel submit_output_start=232168883 submit_output_end=232168925 submit_output_duration_ms=41
[2026-01-30 19:55:26.736] [info] [spider.worker] [TIMING] task_id=d2231d49-aeac-4967-ad70-4abeb87f791b func=job_orchestration.executor.query.spider_search_task.search_without_channel fetch_input_start=232168944 fetch_input_end=232168945 fetch_input_duration_ms=1
[2026-01-30 19:55:26.737] [info] [spider.worker] [TIMING] task_id=d2231d49-aeac-4967-ad70-4abeb87f791b func=job_orchestration.executor.query.spider_search_task.search_without_channel input_send_start=232168945 input_send_end=232168945 input_send_duration_ms=0 bytes=626
[2026-01-30 19:55:26.737] [info] [spider.worker] [TIMING] task_id=d2231d49-aeac-4967-ad70-4abeb87f791b func=job_orchestration.executor.query.spider_search_task.search_without_channel spawn_start=232168945 spawn_end=232168945 spawn_duration_ms=0
[2026-01-30 19:55:28.015] [info] [spider.worker] [TIMING] task_id=d2231d49-aeac-4967-ad70-4abeb87f791b func=job_orchestration.executor.query.spider_search_task.search_without_channel execution_start=232168945 execution_end=232170223 execution_duration_ms=1277
[2026-01-30 19:55:28.054] [info] [spider.worker] [TIMING] task_id=d2231d49-aeac-4967-ad70-4abeb87f791b func=job_orchestration.executor.query.spider_search_task.search_without_channel submit_output_start=232170225 submit_output_end=232170263 submit_output_duration_ms=37
[2026-01-30 19:55:28.141] [info] [spider.worker] [TIMING] task_id=3d5ad5bd-c813-4314-b6c7-2475903ae7ad func=job_orchestration.executor.query.spider_search_task.search_without_channel fetch_input_start=232170348 fetch_input_end=232170349 fetch_input_duration_ms=0
[2026-01-30 19:55:28.141] [info] [spider.worker] [TIMING] task_id=3d5ad5bd-c813-4314-b6c7-2475903ae7ad func=job_orchestration.executor.query.spider_search_task.search_without_channel input_send_start=232170349 input_send_end=232170349 input_send_duration_ms=0 bytes=626
[2026-01-30 19:55:28.141] [info] [spider.worker] [TIMING] task_id=3d5ad5bd-c813-4314-b6c7-2475903ae7ad func=job_orchestration.executor.query.spider_search_task.search_without_channel spawn_start=232170349 spawn_end=232170350 spawn_duration_ms=0
[2026-01-30 19:55:29.575] [info] [spider.worker] [TIMING] task_id=3d5ad5bd-c813-4314-b6c7-2475903ae7ad func=job_orchestration.executor.query.spider_search_task.search_without_channel execution_start=232170350 execution_end=232171784 execution_duration_ms=1434
[2026-01-30 19:55:29.592] [info] [spider.worker] [TIMING] task_id=3d5ad5bd-c813-4314-b6c7-2475903ae7ad func=job_orchestration.executor.query.spider_search_task.search_without_channel submit_output_start=232171786 submit_output_end=232171801 submit_output_duration_ms=14
[2026-01-30 19:55:29.612] [info] [spider.worker] [TIMING] task_id=6298478d-8ed0-43a8-b01b-acee71b30ce6 func=job_orchestration.executor.query.spider_search_task.search_without_channel fetch_input_start=232171819 fetch_input_end=232171820 fetch_input_duration_ms=0
[2026-01-30 19:55:29.612] [info] [spider.worker] [TIMING] task_id=6298478d-8ed0-43a8-b01b-acee71b30ce6 func=job_orchestration.executor.query.spider_search_task.search_without_channel input_send_start=232171821 input_send_end=232171821 input_send_duration_ms=0 bytes=626
[2026-01-30 19:55:29.612] [info] [spider.worker] [TIMING] task_id=6298478d-8ed0-43a8-b01b-acee71b30ce6 func=job_orchestration.executor.query.spider_search_task.search_without_channel spawn_start=232171820 spawn_end=232171821 spawn_duration_ms=0
[2026-01-30 19:55:30.864] [info] [spider.worker] [TIMING] task_id=6298478d-8ed0-43a8-b01b-acee71b30ce6 func=job_orchestration.executor.query.spider_search_task.search_without_channel execution_start=232171821 execution_end=232173072 execution_duration_ms=1251
[2026-01-30 19:55:30.876] [info] [spider.worker] [TIMING] task_id=6298478d-8ed0-43a8-b01b-acee71b30ce6 func=job_orchestration.executor.query.spider_search_task.search_without_channel submit_output_start=232173074 submit_output_end=232173084 submit_output_duration_ms=10
[2026-01-30 19:55:30.886] [info] [spider.worker] [TIMING] task_id=81a91ae5-1bdf-4f47-a5e9-a67075009d23 func=job_orchestration.executor.query.spider_search_task.search_without_channel fetch_input_start=232173094 fetch_input_end=232173095 fetch_input_duration_ms=0
[2026-01-30 19:55:30.887] [info] [spider.worker] [TIMING] task_id=81a91ae5-1bdf-4f47-a5e9-a67075009d23 func=job_orchestration.executor.query.spider_search_task.search_without_channel input_send_start=232173095 input_send_end=232173095 input_send_duration_ms=0 bytes=626
[2026-01-30 19:55:30.887] [info] [spider.worker] [TIMING] task_id=81a91ae5-1bdf-4f47-a5e9-a67075009d23 func=job_orchestration.executor.query.spider_search_task.search_without_channel spawn_start=232173095 spawn_end=232173095 spawn_duration_ms=0
[2026-01-30 19:55:32.168] [info] [spider.worker] [TIMING] task_id=81a91ae5-1bdf-4f47-a5e9-a67075009d23 func=job_orchestration.executor.query.spider_search_task.search_without_channel execution_start=232173095 execution_end=232174376 execution_duration_ms=1280
[2026-01-30 19:55:32.176] [info] [spider.worker] [TIMING] task_id=81a91ae5-1bdf-4f47-a5e9-a67075009d23 func=job_orchestration.executor.query.spider_search_task.search_without_channel submit_output_start=232174378 submit_output_end=232174384 submit_output_duration_ms=6
[2026-01-30 19:55:32.195] [info] [spider.worker] [TIMING] task_id=3244fd3d-4059-404d-85ee-ef2599faad52 func=job_orchestration.executor.query.spider_search_task.search_without_channel fetch_input_start=232174403 fetch_input_end=232174404 fetch_input_duration_ms=1
[2026-01-30 19:55:32.196] [info] [spider.worker] [TIMING] task_id=3244fd3d-4059-404d-85ee-ef2599faad52 func=job_orchestration.executor.query.spider_search_task.search_without_channel input_send_start=232174404 input_send_end=232174404 input_send_duration_ms=0 bytes=626
[2026-01-30 19:55:32.196] [info] [spider.worker] [TIMING] task_id=3244fd3d-4059-404d-85ee-ef2599faad52 func=job_orchestration.executor.query.spider_search_task.search_without_channel spawn_start=232174404 spawn_end=232174404 spawn_duration_ms=0
[2026-01-30 19:55:33.300] [info] [spider.worker] [TIMING] task_id=3244fd3d-4059-404d-85ee-ef2599faad52 func=job_orchestration.executor.query.spider_search_task.search_without_channel execution_start=232174405 execution_end=232175509 execution_duration_ms=1104
[2026-01-30 19:55:33.348] [info] [spider.worker] [TIMING] task_id=3244fd3d-4059-404d-85ee-ef2599faad52 func=job_orchestration.executor.query.spider_search_task.search_without_channel submit_output_start=232175511 submit_output_end=232175557 submit_output_duration_ms=46
[2026-01-30 19:55:33.395] [info] [spider.worker] [TIMING] task_id=5a1d78f6-19ab-43c2-96fe-7ee55731592e func=job_orchestration.executor.query.spider_search_task.search_without_channel fetch_input_start=232175603 fetch_input_end=232175604 fetch_input_duration_ms=0
[2026-01-30 19:55:33.396] [info] [spider.worker] [TIMING] task_id=5a1d78f6-19ab-43c2-96fe-7ee55731592e func=job_orchestration.executor.query.spider_search_task.search_without_channel input_send_start=232175604 input_send_end=232175604 input_send_duration_ms=0 bytes=626
[2026-01-30 19:55:33.396] [info] [spider.worker] [TIMING] task_id=5a1d78f6-19ab-43c2-96fe-7ee55731592e func=job_orchestration.executor.query.spider_search_task.search_without_channel spawn_start=232175604 spawn_end=232175604 spawn_duration_ms=0
[2026-01-30 19:55:34.504] [info] [spider.worker] [TIMING] task_id=5a1d78f6-19ab-43c2-96fe-7ee55731592e func=job_orchestration.executor.query.spider_search_task.search_without_channel execution_start=232175604 execution_end=232176712 execution_duration_ms=1107
[2026-01-30 19:55:34.526] [info] [spider.worker] [TIMING] task_id=5a1d78f6-19ab-43c2-96fe-7ee55731592e func=job_orchestration.executor.query.spider_search_task.search_without_channel submit_output_start=232176718 submit_output_end=232176735 submit_output_duration_ms=16
[2026-01-30 19:55:34.546] [info] [spider.worker] [TIMING] task_id=d4f0bf7c-a08d-4cde-b123-e20194883c22 func=job_orchestration.executor.query.spider_search_task.search_without_channel fetch_input_start=232176753 fetch_input_end=232176755 fetch_input_duration_ms=1
[2026-01-30 19:55:34.547] [info] [spider.worker] [TIMING] task_id=d4f0bf7c-a08d-4cde-b123-e20194883c22 func=job_orchestration.executor.query.spider_search_task.search_without_channel input_send_start=232176755 input_send_end=232176755 input_send_duration_ms=0 bytes=626
[2026-01-30 19:55:34.547] [info] [spider.worker] [TIMING] task_id=d4f0bf7c-a08d-4cde-b123-e20194883c22 func=job_orchestration.executor.query.spider_search_task.search_without_channel spawn_start=232176755 spawn_end=232176755 spawn_duration_ms=0
[2026-01-30 19:55:35.674] [info] [spider.worker] [TIMING] task_id=d4f0bf7c-a08d-4cde-b123-e20194883c22 func=job_orchestration.executor.query.spider_search_task.search_without_channel execution_start=232176755 execution_end=232177882 execution_duration_ms=1126
[2026-01-30 19:55:35.704] [info] [spider.worker] [TIMING] task_id=d4f0bf7c-a08d-4cde-b123-e20194883c22 func=job_orchestration.executor.query.spider_search_task.search_without_channel submit_output_start=232177884 submit_output_end=232177912 submit_output_duration_ms=28
[2026-01-30 19:55:35.729] [info] [spider.worker] [TIMING] task_id=e124c392-00b0-40fa-ba2d-c9e210771d32 func=job_orchestration.executor.query.spider_search_task.search_without_channel fetch_input_start=232177936 fetch_input_end=232177937 fetch_input_duration_ms=0
[2026-01-30 19:55:35.729] [info] [spider.worker] [TIMING] task_id=e124c392-00b0-40fa-ba2d-c9e210771d32 func=job_orchestration.executor.query.spider_search_task.search_without_channel input_send_start=232177938 input_send_end=232177938 input_send_duration_ms=0 bytes=626
[2026-01-30 19:55:35.729] [info] [spider.worker] [TIMING] task_id=e124c392-00b0-40fa-ba2d-c9e210771d32 func=job_orchestration.executor.query.spider_search_task.search_without_channel spawn_start=232177937 spawn_end=232177938 spawn_duration_ms=0
[2026-01-30 19:55:36.888] [info] [spider.worker] [TIMING] task_id=e124c392-00b0-40fa-ba2d-c9e210771d32 func=job_orchestration.executor.query.spider_search_task.search_without_channel execution_start=232177938 execution_end=232179096 execution_duration_ms=1158
[2026-01-30 19:55:36.910] [info] [spider.worker] [TIMING] task_id=e124c392-00b0-40fa-ba2d-c9e210771d32 func=job_orchestration.executor.query.spider_search_task.search_without_channel submit_output_start=232179098 submit_output_end=232179119 submit_output_duration_ms=20
[2026-01-30 19:55:36.951] [info] [spider.worker] [TIMING] task_id=4795f208-8f9c-4d48-8459-420b45fcb4a3 func=job_orchestration.executor.query.spider_search_task.search_without_channel fetch_input_start=232179158 fetch_input_end=232179159 fetch_input_duration_ms=0
[2026-01-30 19:55:36.952] [info] [spider.worker] [TIMING] task_id=4795f208-8f9c-4d48-8459-420b45fcb4a3 func=job_orchestration.executor.query.spider_search_task.search_without_channel input_send_start=232179160 input_send_end=232179160 input_send_duration_ms=0 bytes=626
[2026-01-30 19:55:36.952] [info] [spider.worker] [TIMING] task_id=4795f208-8f9c-4d48-8459-420b45fcb4a3 func=job_orchestration.executor.query.spider_search_task.search_without_channel spawn_start=232179159 spawn_end=232179160 spawn_duration_ms=0
[2026-01-30 19:55:38.264] [info] [spider.worker] [TIMING] task_id=4795f208-8f9c-4d48-8459-420b45fcb4a3 func=job_orchestration.executor.query.spider_search_task.search_without_channel execution_start=232179160 execution_end=232180472 execution_duration_ms=1312
[2026-01-30 19:55:38.335] [info] [spider.worker] [TIMING] task_id=4795f208-8f9c-4d48-8459-420b45fcb4a3 func=job_orchestration.executor.query.spider_search_task.search_without_channel submit_output_start=232180474 submit_output_end=232180544 submit_output_duration_ms=69
[2026-01-30 19:55:38.355] [info] [spider.worker] [TIMING] task_id=7a186402-056e-407c-9b11-620851f5f5d3 func=job_orchestration.executor.query.spider_search_task.search_without_channel fetch_input_start=232180562 fetch_input_end=232180563 fetch_input_duration_ms=1
[2026-01-30 19:55:38.355] [info] [spider.worker] [TIMING] task_id=7a186402-056e-407c-9b11-620851f5f5d3 func=job_orchestration.executor.query.spider_search_task.search_without_channel input_send_start=232180564 input_send_end=232180564 input_send_duration_ms=0 bytes=626
[2026-01-30 19:55:38.355] [info] [spider.worker] [TIMING] task_id=7a186402-056e-407c-9b11-620851f5f5d3 func=job_orchestration.executor.query.spider_search_task.search_without_channel spawn_start=232180563 spawn_end=232180564 spawn_duration_ms=0
[2026-01-30 19:55:39.589] [info] [spider.worker] [TIMING] task_id=7a186402-056e-407c-9b11-620851f5f5d3 func=job_orchestration.executor.query.spider_search_task.search_without_channel execution_start=232180564 execution_end=232181797 execution_duration_ms=1233
[2026-01-30 19:55:39.602] [info] [spider.worker] [TIMING] task_id=7a186402-056e-407c-9b11-620851f5f5d3 func=job_orchestration.executor.query.spider_search_task.search_without_channel submit_output_start=232181799 submit_output_end=232181811 submit_output_duration_ms=11
[2026-01-30 19:55:39.622] [info] [spider.worker] [TIMING] task_id=b72424cf-ddc6-4687-9aa0-aedefe8a0617 func=job_orchestration.executor.query.spider_search_task.search_without_channel fetch_input_start=232181829 fetch_input_end=232181830 fetch_input_duration_ms=1
[2026-01-30 19:55:39.623] [info] [spider.worker] [TIMING] task_id=b72424cf-ddc6-4687-9aa0-aedefe8a0617 func=job_orchestration.executor.query.spider_search_task.search_without_channel input_send_start=232181831 input_send_end=232181831 input_send_duration_ms=0 bytes=626
[2026-01-30 19:55:39.623] [info] [spider.worker] [TIMING] task_id=b72424cf-ddc6-4687-9aa0-aedefe8a0617 func=job_orchestration.executor.query.spider_search_task.search_without_channel spawn_start=232181831 spawn_end=232181831 spawn_duration_ms=0
[2026-01-30 19:55:40.754] [info] [spider.worker] [TIMING] task_id=b72424cf-ddc6-4687-9aa0-aedefe8a0617 func=job_orchestration.executor.query.spider_search_task.search_without_channel execution_start=232181831 execution_end=232182962 execution_duration_ms=1130
[2026-01-30 19:55:40.816] [info] [spider.worker] [TIMING] task_id=b72424cf-ddc6-4687-9aa0-aedefe8a0617 func=job_orchestration.executor.query.spider_search_task.search_without_channel submit_output_start=232182964 submit_output_end=232183024 submit_output_duration_ms=60
[2026-01-30 19:55:40.838] [info] [spider.worker] [TIMING] task_id=c01dcd6d-c9d8-4335-9e4d-b5c6ca8eab37 func=job_orchestration.executor.query.spider_search_task.search_without_channel fetch_input_start=232183046 fetch_input_end=232183047 fetch_input_duration_ms=0
[2026-01-30 19:55:40.839] [info] [spider.worker] [TIMING] task_id=c01dcd6d-c9d8-4335-9e4d-b5c6ca8eab37 func=job_orchestration.executor.query.spider_search_task.search_without_channel input_send_start=232183047 input_send_end=232183047 input_send_duration_ms=0 bytes=626
[2026-01-30 19:55:40.839] [info] [spider.worker] [TIMING] task_id=c01dcd6d-c9d8-4335-9e4d-b5c6ca8eab37 func=job_orchestration.executor.query.spider_search_task.search_without_channel spawn_start=232183047 spawn_end=232183047 spawn_duration_ms=0
[2026-01-30 19:55:42.160] [info] [spider.worker] [TIMING] task_id=c01dcd6d-c9d8-4335-9e4d-b5c6ca8eab37 func=job_orchestration.executor.query.spider_search_task.search_without_channel execution_start=232183048 execution_end=232184368 execution_duration_ms=1320
[2026-01-30 19:55:42.186] [info] [spider.worker] [TIMING] task_id=c01dcd6d-c9d8-4335-9e4d-b5c6ca8eab37 func=job_orchestration.executor.query.spider_search_task.search_without_channel submit_output_start=232184370 submit_output_end=232184394 submit_output_duration_ms=24
[2026-01-30 19:55:42.206] [info] [spider.worker] [TIMING] task_id=8079204e-962b-4d77-a90a-d35288c710ff func=job_orchestration.executor.query.spider_search_task.search_without_channel fetch_input_start=232184413 fetch_input_end=232184414 fetch_input_duration_ms=1
[2026-01-30 19:55:42.206] [info] [spider.worker] [TIMING] task_id=8079204e-962b-4d77-a90a-d35288c710ff func=job_orchestration.executor.query.spider_search_task.search_without_channel input_send_start=232184415 input_send_end=232184415 input_send_duration_ms=0 bytes=626
[2026-01-30 19:55:42.206] [info] [spider.worker] [TIMING] task_id=8079204e-962b-4d77-a90a-d35288c710ff func=job_orchestration.executor.query.spider_search_task.search_without_channel spawn_start=232184414 spawn_end=232184415 spawn_duration_ms=0
[2026-01-30 19:55:43.403] [info] [spider.worker] [TIMING] task_id=8079204e-962b-4d77-a90a-d35288c710ff func=job_orchestration.executor.query.spider_search_task.search_without_channel execution_start=232184415 execution_end=232185611 execution_duration_ms=1196
[2026-01-30 19:55:43.420] [info] [spider.worker] [TIMING] task_id=8079204e-962b-4d77-a90a-d35288c710ff func=job_orchestration.executor.query.spider_search_task.search_without_channel submit_output_start=232185613 submit_output_end=232185628 submit_output_duration_ms=15
[2026-01-30 19:55:43.439] [info] [spider.worker] [TIMING] task_id=13ba3a46-226a-4909-9f72-db4e41756071 func=job_orchestration.executor.query.spider_search_task.search_without_channel fetch_input_start=232185646 fetch_input_end=232185647 fetch_input_duration_ms=0
[2026-01-30 19:55:43.440] [info] [spider.worker] [TIMING] task_id=13ba3a46-226a-4909-9f72-db4e41756071 func=job_orchestration.executor.query.spider_search_task.search_without_channel input_send_start=232185648 input_send_end=232185648 input_send_duration_ms=0 bytes=626
[2026-01-30 19:55:43.440] [info] [spider.worker] [TIMING] task_id=13ba3a46-226a-4909-9f72-db4e41756071 func=job_orchestration.executor.query.spider_search_task.search_without_channel spawn_start=232185647 spawn_end=232185648 spawn_duration_ms=0
[2026-01-30 19:55:44.577] [info] [spider.worker] [TIMING] task_id=13ba3a46-226a-4909-9f72-db4e41756071 func=job_orchestration.executor.query.spider_search_task.search_without_channel execution_start=232185648 execution_end=232186785 execution_duration_ms=1136
[2026-01-30 19:55:44.586] [info] [spider.worker] [TIMING] task_id=13ba3a46-226a-4909-9f72-db4e41756071 func=job_orchestration.executor.query.spider_search_task.search_without_channel submit_output_start=232186786 submit_output_end=232186795 submit_output_duration_ms=8
[2026-01-30 19:55:44.607] [info] [spider.worker] [TIMING] task_id=30c4b841-cb9f-4767-9bed-fa7f2d2c368f func=job_orchestration.executor.query.spider_search_task.search_without_channel fetch_input_start=232186814 fetch_input_end=232186815 fetch_input_duration_ms=1
[2026-01-30 19:55:44.607] [info] [spider.worker] [TIMING] task_id=30c4b841-cb9f-4767-9bed-fa7f2d2c368f func=job_orchestration.executor.query.spider_search_task.search_without_channel input_send_start=232186815 input_send_end=232186815 input_send_duration_ms=0 bytes=626
[2026-01-30 19:55:44.607] [info] [spider.worker] [TIMING] task_id=30c4b841-cb9f-4767-9bed-fa7f2d2c368f func=job_orchestration.executor.query.spider_search_task.search_without_channel spawn_start=232186815 spawn_end=232186815 spawn_duration_ms=0
[2026-01-30 19:55:45.901] [info] [spider.worker] [TIMING] task_id=30c4b841-cb9f-4767-9bed-fa7f2d2c368f func=job_orchestration.executor.query.spider_search_task.search_without_channel execution_start=232186816 execution_end=232188109 execution_duration_ms=1293
[2026-01-30 19:55:45.929] [info] [spider.worker] [TIMING] task_id=30c4b841-cb9f-4767-9bed-fa7f2d2c368f func=job_orchestration.executor.query.spider_search_task.search_without_channel submit_output_start=232188111 submit_output_end=232188137 submit_output_duration_ms=26
[2026-01-30 19:55:45.947] [info] [spider.worker] [TIMING] task_id=66abc841-7c4a-492d-b8c8-9b2c17cc9cd2 func=job_orchestration.executor.query.spider_search_task.search_without_channel fetch_input_start=232188155 fetch_input_end=232188156 fetch_input_duration_ms=0
[2026-01-30 19:55:45.948] [info] [spider.worker] [TIMING] task_id=66abc841-7c4a-492d-b8c8-9b2c17cc9cd2 func=job_orchestration.executor.query.spider_search_task.search_without_channel input_send_start=232188156 input_send_end=232188156 input_send_duration_ms=0 bytes=626
[2026-01-30 19:55:45.948] [info] [spider.worker] [TIMING] task_id=66abc841-7c4a-492d-b8c8-9b2c17cc9cd2 func=job_orchestration.executor.query.spider_search_task.search_without_channel spawn_start=232188156 spawn_end=232188156 spawn_duration_ms=0
[2026-01-30 19:55:47.234] [info] [spider.worker] [TIMING] task_id=66abc841-7c4a-492d-b8c8-9b2c17cc9cd2 func=job_orchestration.executor.query.spider_search_task.search_without_channel execution_start=232188156 execution_end=232189443 execution_duration_ms=1286
[2026-01-30 19:55:47.333] [info] [spider.worker] [TIMING] task_id=66abc841-7c4a-492d-b8c8-9b2c17cc9cd2 func=job_orchestration.executor.query.spider_search_task.search_without_channel submit_output_start=232189444 submit_output_end=232189541 submit_output_duration_ms=97
[2026-01-30 19:55:47.356] [info] [spider.worker] [TIMING] task_id=f1ccefd4-db1c-4f89-82d8-9b1a2f03702a func=job_orchestration.executor.query.spider_search_task.search_without_channel fetch_input_start=232189564 fetch_input_end=232189565 fetch_input_duration_ms=0
[2026-01-30 19:55:47.357] [info] [spider.worker] [TIMING] task_id=f1ccefd4-db1c-4f89-82d8-9b1a2f03702a func=job_orchestration.executor.query.spider_search_task.search_without_channel input_send_start=232189565 input_send_end=232189565 input_send_duration_ms=0 bytes=626
[2026-01-30 19:55:47.357] [info] [spider.worker] [TIMING] task_id=f1ccefd4-db1c-4f89-82d8-9b1a2f03702a func=job_orchestration.executor.query.spider_search_task.search_without_channel spawn_start=232189565 spawn_end=232189565 spawn_duration_ms=0
[2026-01-30 19:55:48.790] [info] [spider.worker] [TIMING] task_id=f1ccefd4-db1c-4f89-82d8-9b1a2f03702a func=job_orchestration.executor.query.spider_search_task.search_without_channel execution_start=232189566 execution_end=232190999 execution_duration_ms=1433
[2026-01-30 19:55:48.828] [info] [spider.worker] [TIMING] task_id=f1ccefd4-db1c-4f89-82d8-9b1a2f03702a func=job_orchestration.executor.query.spider_search_task.search_without_channel submit_output_start=232191001 submit_output_end=232191036 submit_output_duration_ms=35
[2026-01-30 19:55:48.857] [info] [spider.worker] [TIMING] task_id=84deb09b-0256-41ae-abd5-b898fe370175 func=job_orchestration.executor.query.spider_search_task.search_without_channel fetch_input_start=232191064 fetch_input_end=232191066 fetch_input_duration_ms=1
[2026-01-30 19:55:48.858] [info] [spider.worker] [TIMING] task_id=84deb09b-0256-41ae-abd5-b898fe370175 func=job_orchestration.executor.query.spider_search_task.search_without_channel input_send_start=232191066 input_send_end=232191066 input_send_duration_ms=0 bytes=626
[2026-01-30 19:55:48.858] [info] [spider.worker] [TIMING] task_id=84deb09b-0256-41ae-abd5-b898fe370175 func=job_orchestration.executor.query.spider_search_task.search_without_channel spawn_start=232191066 spawn_end=232191066 spawn_duration_ms=0
[2026-01-30 19:55:50.042] [info] [spider.worker] [TIMING] task_id=84deb09b-0256-41ae-abd5-b898fe370175 func=job_orchestration.executor.query.spider_search_task.search_without_channel execution_start=232191066 execution_end=232192251 execution_duration_ms=1184
[2026-01-30 19:55:50.055] [info] [spider.worker] [TIMING] task_id=84deb09b-0256-41ae-abd5-b898fe370175 func=job_orchestration.executor.query.spider_search_task.search_without_channel submit_output_start=232192253 submit_output_end=232192263 submit_output_duration_ms=10
[2026-01-30 19:55:50.074] [info] [spider.worker] [TIMING] task_id=839dcf8b-9283-4d08-80d6-08061da603e6 func=job_orchestration.executor.query.spider_search_task.search_without_channel fetch_input_start=232192281 fetch_input_end=232192282 fetch_input_duration_ms=0
[2026-01-30 19:55:50.074] [info] [spider.worker] [TIMING] task_id=839dcf8b-9283-4d08-80d6-08061da603e6 func=job_orchestration.executor.query.spider_search_task.search_without_channel input_send_start=232192283 input_send_end=232192283 input_send_duration_ms=0 bytes=626
[2026-01-30 19:55:50.074] [info] [spider.worker] [TIMING] task_id=839dcf8b-9283-4d08-80d6-08061da603e6 func=job_orchestration.executor.query.spider_search_task.search_without_channel spawn_start=232192282 spawn_end=232192283 spawn_duration_ms=0
[2026-01-30 19:55:51.287] [info] [spider.worker] [TIMING] task_id=839dcf8b-9283-4d08-80d6-08061da603e6 func=job_orchestration.executor.query.spider_search_task.search_without_channel execution_start=232192283 execution_end=232193495 execution_duration_ms=1212
[2026-01-30 19:55:51.313] [info] [spider.worker] [TIMING] task_id=839dcf8b-9283-4d08-80d6-08061da603e6 func=job_orchestration.executor.query.spider_search_task.search_without_channel submit_output_start=232193500 submit_output_end=232193522 submit_output_duration_ms=21
[2026-01-30 19:55:51.332] [info] [spider.worker] [TIMING] task_id=735a110d-d3dc-455c-bd3d-b62373585675 func=job_orchestration.executor.query.spider_search_task.search_without_channel fetch_input_start=232193540 fetch_input_end=232193541 fetch_input_duration_ms=0
[2026-01-30 19:55:51.333] [info] [spider.worker] [TIMING] task_id=735a110d-d3dc-455c-bd3d-b62373585675 func=job_orchestration.executor.query.spider_search_task.search_without_channel input_send_start=232193541 input_send_end=232193541 input_send_duration_ms=0 bytes=626
[2026-01-30 19:55:51.333] [info] [spider.worker] [TIMING] task_id=735a110d-d3dc-455c-bd3d-b62373585675 func=job_orchestration.executor.query.spider_search_task.search_without_channel spawn_start=232193541 spawn_end=232193541 spawn_duration_ms=0
[2026-01-30 19:55:52.448] [info] [spider.worker] [TIMING] task_id=735a110d-d3dc-455c-bd3d-b62373585675 func=job_orchestration.executor.query.spider_search_task.search_without_channel execution_start=232193541 execution_end=232194656 execution_duration_ms=1114
[2026-01-30 19:55:52.488] [info] [spider.worker] [TIMING] task_id=735a110d-d3dc-455c-bd3d-b62373585675 func=job_orchestration.executor.query.spider_search_task.search_without_channel submit_output_start=232194658 submit_output_end=232194697 submit_output_duration_ms=39
[2026-01-30 19:55:52.508] [info] [spider.worker] [TIMING] task_id=ab626632-f6a5-42bf-a7c1-f88c44a396f4 func=job_orchestration.executor.query.spider_search_task.search_without_channel fetch_input_start=232194715 fetch_input_end=232194716 fetch_input_duration_ms=0
[2026-01-30 19:55:52.508] [info] [spider.worker] [TIMING] task_id=ab626632-f6a5-42bf-a7c1-f88c44a396f4 func=job_orchestration.executor.query.spider_search_task.search_without_channel input_send_start=232194716 input_send_end=232194717 input_send_duration_ms=0 bytes=626
[2026-01-30 19:55:52.508] [info] [spider.worker] [TIMING] task_id=ab626632-f6a5-42bf-a7c1-f88c44a396f4 func=job_orchestration.executor.query.spider_search_task.search_without_channel spawn_start=232194716 spawn_end=232194717 spawn_duration_ms=0
[2026-01-30 19:55:53.878] [info] [spider.worker] [TIMING] task_id=ab626632-f6a5-42bf-a7c1-f88c44a396f4 func=job_orchestration.executor.query.spider_search_task.search_without_channel execution_start=232194717 execution_end=232196087 execution_duration_ms=1369
[2026-01-30 19:55:53.914] [info] [spider.worker] [TIMING] task_id=ab626632-f6a5-42bf-a7c1-f88c44a396f4 func=job_orchestration.executor.query.spider_search_task.search_without_channel submit_output_start=232196088 submit_output_end=232196123 submit_output_duration_ms=34
[2026-01-30 19:55:53.933] [info] [spider.worker] [TIMING] task_id=f15c5e99-65fd-4503-9bd1-60e477d588f6 func=job_orchestration.executor.query.spider_search_task.search_without_channel fetch_input_start=232196140 fetch_input_end=232196141 fetch_input_duration_ms=0
[2026-01-30 19:55:53.934] [info] [spider.worker] [TIMING] task_id=f15c5e99-65fd-4503-9bd1-60e477d588f6 func=job_orchestration.executor.query.spider_search_task.search_without_channel input_send_start=232196142 input_send_end=232196142 input_send_duration_ms=0 bytes=626
[2026-01-30 19:55:53.934] [info] [spider.worker] [TIMING] task_id=f15c5e99-65fd-4503-9bd1-60e477d588f6 func=job_orchestration.executor.query.spider_search_task.search_without_channel spawn_start=232196141 spawn_end=232196142 spawn_duration_ms=0
[2026-01-30 19:55:55.264] [info] [spider.worker] [TIMING] task_id=f15c5e99-65fd-4503-9bd1-60e477d588f6 func=job_orchestration.executor.query.spider_search_task.search_without_channel execution_start=232196142 execution_end=232197473 execution_duration_ms=1330
[2026-01-30 19:55:55.317] [info] [spider.worker] [TIMING] task_id=f15c5e99-65fd-4503-9bd1-60e477d588f6 func=job_orchestration.executor.query.spider_search_task.search_without_channel submit_output_start=232197484 submit_output_end=232197525 submit_output_duration_ms=41
[2026-01-30 19:55:55.362] [info] [spider.worker] [TIMING] task_id=05c0eedb-3150-4028-8fe6-1c3be54fc76a func=job_orchestration.executor.query.spider_search_task.search_without_channel fetch_input_start=232197569 fetch_input_end=232197570 fetch_input_duration_ms=0
[2026-01-30 19:55:55.362] [info] [spider.worker] [TIMING] task_id=05c0eedb-3150-4028-8fe6-1c3be54fc76a func=job_orchestration.executor.query.spider_search_task.search_without_channel input_send_start=232197570 input_send_end=232197570 input_send_duration_ms=0 bytes=626
[2026-01-30 19:55:55.362] [info] [spider.worker] [TIMING] task_id=05c0eedb-3150-4028-8fe6-1c3be54fc76a func=job_orchestration.executor.query.spider_search_task.search_without_channel spawn_start=232197570 spawn_end=232197570 spawn_duration_ms=0
[2026-01-30 19:55:56.517] [info] [spider.worker] [TIMING] task_id=05c0eedb-3150-4028-8fe6-1c3be54fc76a func=job_orchestration.executor.query.spider_search_task.search_without_channel execution_start=232197571 execution_end=232198725 execution_duration_ms=1154
[2026-01-30 19:55:56.532] [info] [spider.worker] [TIMING] task_id=05c0eedb-3150-4028-8fe6-1c3be54fc76a func=job_orchestration.executor.query.spider_search_task.search_without_channel submit_output_start=232198727 submit_output_end=232198740 submit_output_duration_ms=12
[2026-01-30 19:55:56.576] [info] [spider.worker] [TIMING] task_id=d5debc62-4ad8-49a6-b7b2-67b283e04814 func=job_orchestration.executor.query.spider_search_task.search_without_channel fetch_input_start=232198783 fetch_input_end=232198784 fetch_input_duration_ms=0
[2026-01-30 19:55:56.576] [info] [spider.worker] [TIMING] task_id=d5debc62-4ad8-49a6-b7b2-67b283e04814 func=job_orchestration.executor.query.spider_search_task.search_without_channel input_send_start=232198785 input_send_end=232198785 input_send_duration_ms=0 bytes=626
[2026-01-30 19:55:56.577] [info] [spider.worker] [TIMING] task_id=d5debc62-4ad8-49a6-b7b2-67b283e04814 func=job_orchestration.executor.query.spider_search_task.search_without_channel spawn_start=232198784 spawn_end=232198785 spawn_duration_ms=0
[2026-01-30 19:55:57.813] [info] [spider.worker] [TIMING] task_id=d5debc62-4ad8-49a6-b7b2-67b283e04814 func=job_orchestration.executor.query.spider_search_task.search_without_channel execution_start=232198785 execution_end=232200022 execution_duration_ms=1236
[2026-01-30 19:55:57.847] [info] [spider.worker] [TIMING] task_id=d5debc62-4ad8-49a6-b7b2-67b283e04814 func=job_orchestration.executor.query.spider_search_task.search_without_channel submit_output_start=232200024 submit_output_end=232200056 submit_output_duration_ms=32
[2026-01-30 19:55:57.900] [info] [spider.worker] [TIMING] task_id=4e202db3-1c76-4a72-bee3-a577046196a4 func=job_orchestration.executor.query.spider_search_task.search_without_channel fetch_input_start=232200108 fetch_input_end=232200109 fetch_input_duration_ms=0
[2026-01-30 19:55:57.901] [info] [spider.worker] [TIMING] task_id=4e202db3-1c76-4a72-bee3-a577046196a4 func=job_orchestration.executor.query.spider_search_task.search_without_channel input_send_start=232200109 input_send_end=232200109 input_send_duration_ms=0 bytes=626
[2026-01-30 19:55:57.901] [info] [spider.worker] [TIMING] task_id=4e202db3-1c76-4a72-bee3-a577046196a4 func=job_orchestration.executor.query.spider_search_task.search_without_channel spawn_start=232200109 spawn_end=232200109 spawn_duration_ms=0
[2026-01-30 19:55:59.034] [info] [spider.worker] [TIMING] task_id=4e202db3-1c76-4a72-bee3-a577046196a4 func=job_orchestration.executor.query.spider_search_task.search_without_channel execution_start=232200110 execution_end=232201242 execution_duration_ms=1132
[2026-01-30 19:55:59.065] [info] [spider.worker] [TIMING] task_id=4e202db3-1c76-4a72-bee3-a577046196a4 func=job_orchestration.executor.query.spider_search_task.search_without_channel submit_output_start=232201251 submit_output_end=232201274 submit_output_duration_ms=22
[2026-01-30 19:55:59.076] [info] [spider.worker] [TIMING] task_id=deeeaa9f-ba89-4098-92f2-863bcdb0f709 func=job_orchestration.executor.query.spider_search_task.search_without_channel fetch_input_start=232201284 fetch_input_end=232201284 fetch_input_duration_ms=0
[2026-01-30 19:55:59.077] [info] [spider.worker] [TIMING] task_id=deeeaa9f-ba89-4098-92f2-863bcdb0f709 func=job_orchestration.executor.query.spider_search_task.search_without_channel input_send_start=232201285 input_send_end=232201285 input_send_duration_ms=0 bytes=626
[2026-01-30 19:55:59.077] [info] [spider.worker] [TIMING] task_id=deeeaa9f-ba89-4098-92f2-863bcdb0f709 func=job_orchestration.executor.query.spider_search_task.search_without_channel spawn_start=232201284 spawn_end=232201285 spawn_duration_ms=0
[2026-01-30 19:56:00.309] [info] [spider.worker] [TIMING] task_id=deeeaa9f-ba89-4098-92f2-863bcdb0f709 func=job_orchestration.executor.query.spider_search_task.search_without_channel execution_start=232201285 execution_end=232202518 execution_duration_ms=1232
[2026-01-30 19:56:00.324] [info] [spider.worker] [TIMING] task_id=deeeaa9f-ba89-4098-92f2-863bcdb0f709 func=job_orchestration.executor.query.spider_search_task.search_without_channel submit_output_start=232202519 submit_output_end=232202533 submit_output_duration_ms=13
[2026-01-30 19:56:00.365] [info] [spider.worker] [TIMING] task_id=07b64cf1-d65d-4865-8b5f-2ae3fa01b397 func=job_orchestration.executor.query.spider_search_task.search_without_channel fetch_input_start=232202572 fetch_input_end=232202573 fetch_input_duration_ms=1
[2026-01-30 19:56:00.366] [info] [spider.worker] [TIMING] task_id=07b64cf1-d65d-4865-8b5f-2ae3fa01b397 func=job_orchestration.executor.query.spider_search_task.search_without_channel input_send_start=232202574 input_send_end=232202574 input_send_duration_ms=0 bytes=626
[2026-01-30 19:56:00.366] [info] [spider.worker] [TIMING] task_id=07b64cf1-d65d-4865-8b5f-2ae3fa01b397 func=job_orchestration.executor.query.spider_search_task.search_without_channel spawn_start=232202574 spawn_end=232202574 spawn_duration_ms=0
[2026-01-30 19:56:01.947] [info] [spider.worker] [TIMING] task_id=07b64cf1-d65d-4865-8b5f-2ae3fa01b397 func=job_orchestration.executor.query.spider_search_task.search_without_channel execution_start=232202574 execution_end=232204156 execution_duration_ms=1581
[2026-01-30 19:56:01.991] [info] [spider.worker] [TIMING] task_id=07b64cf1-d65d-4865-8b5f-2ae3fa01b397 func=job_orchestration.executor.query.spider_search_task.search_without_channel submit_output_start=232204157 submit_output_end=232204200 submit_output_duration_ms=42
[2026-01-30 19:56:02.011] [info] [spider.worker] [TIMING] task_id=e6ccb668-f91a-48d2-b0a9-d846576fb077 func=job_orchestration.executor.query.spider_search_task.search_without_channel fetch_input_start=232204218 fetch_input_end=232204219 fetch_input_duration_ms=0
[2026-01-30 19:56:02.011] [info] [spider.worker] [TIMING] task_id=e6ccb668-f91a-48d2-b0a9-d846576fb077 func=job_orchestration.executor.query.spider_search_task.search_without_channel input_send_start=232204220 input_send_end=232204220 input_send_duration_ms=0 bytes=626
[2026-01-30 19:56:02.011] [info] [spider.worker] [TIMING] task_id=e6ccb668-f91a-48d2-b0a9-d846576fb077 func=job_orchestration.executor.query.spider_search_task.search_without_channel spawn_start=232204219 spawn_end=232204220 spawn_duration_ms=0
[2026-01-30 19:56:03.386] [info] [spider.worker] [TIMING] task_id=e6ccb668-f91a-48d2-b0a9-d846576fb077 func=job_orchestration.executor.query.spider_search_task.search_without_channel execution_start=232204220 execution_end=232205595 execution_duration_ms=1374
[2026-01-30 19:56:03.433] [info] [spider.worker] [TIMING] task_id=e6ccb668-f91a-48d2-b0a9-d846576fb077 func=job_orchestration.executor.query.spider_search_task.search_without_channel submit_output_start=232205596 submit_output_end=232205642 submit_output_duration_ms=45
[2026-01-30 19:56:03.453] [info] [spider.worker] [TIMING] task_id=efb0f30d-7f0f-4e22-8bd3-2c5a1ca9ff3a func=job_orchestration.executor.query.spider_search_task.search_without_channel fetch_input_start=232205660 fetch_input_end=232205661 fetch_input_duration_ms=0
[2026-01-30 19:56:03.453] [info] [spider.worker] [TIMING] task_id=efb0f30d-7f0f-4e22-8bd3-2c5a1ca9ff3a func=job_orchestration.executor.query.spider_search_task.search_without_channel input_send_start=232205662 input_send_end=232205662 input_send_duration_ms=0 bytes=626
[2026-01-30 19:56:03.453] [info] [spider.worker] [TIMING] task_id=efb0f30d-7f0f-4e22-8bd3-2c5a1ca9ff3a func=job_orchestration.executor.query.spider_search_task.search_without_channel spawn_start=232205661 spawn_end=232205662 spawn_duration_ms=0
[2026-01-30 19:56:04.624] [info] [spider.worker] [TIMING] task_id=efb0f30d-7f0f-4e22-8bd3-2c5a1ca9ff3a func=job_orchestration.executor.query.spider_search_task.search_without_channel execution_start=232205662 execution_end=232206832 execution_duration_ms=1170
[2026-01-30 19:56:04.656] [info] [spider.worker] [TIMING] task_id=efb0f30d-7f0f-4e22-8bd3-2c5a1ca9ff3a func=job_orchestration.executor.query.spider_search_task.search_without_channel submit_output_start=232206834 submit_output_end=232206864 submit_output_duration_ms=30
[2026-01-30 19:56:04.686] [info] [spider.worker] [TIMING] task_id=daa1e801-9600-47e5-92bb-1750f8ef6f00 func=job_orchestration.executor.query.spider_search_task.search_without_channel fetch_input_start=232206894 fetch_input_end=232206894 fetch_input_duration_ms=0
[2026-01-30 19:56:04.687] [info] [spider.worker] [TIMING] task_id=daa1e801-9600-47e5-92bb-1750f8ef6f00 func=job_orchestration.executor.query.spider_search_task.search_without_channel input_send_start=232206895 input_send_end=232206895 input_send_duration_ms=0 bytes=626
[2026-01-30 19:56:04.687] [info] [spider.worker] [TIMING] task_id=daa1e801-9600-47e5-92bb-1750f8ef6f00 func=job_orchestration.executor.query.spider_search_task.search_without_channel spawn_start=232206895 spawn_end=232206895 spawn_duration_ms=0
[2026-01-30 19:56:05.923] [info] [spider.worker] [TIMING] task_id=daa1e801-9600-47e5-92bb-1750f8ef6f00 func=job_orchestration.executor.query.spider_search_task.search_without_channel execution_start=232206895 execution_end=232208132 execution_duration_ms=1236
[2026-01-30 19:56:05.984] [info] [spider.worker] [TIMING] task_id=daa1e801-9600-47e5-92bb-1750f8ef6f00 func=job_orchestration.executor.query.spider_search_task.search_without_channel submit_output_start=232208134 submit_output_end=232208192 submit_output_duration_ms=58
[2026-01-30 19:56:06.003] [info] [spider.worker] [TIMING] task_id=f37e055a-4ae7-4331-8cdd-296ca3fa15be func=job_orchestration.executor.query.spider_search_task.search_without_channel fetch_input_start=232208210 fetch_input_end=232208211 fetch_input_duration_ms=0
[2026-01-30 19:56:06.004] [info] [spider.worker] [TIMING] task_id=f37e055a-4ae7-4331-8cdd-296ca3fa15be func=job_orchestration.executor.query.spider_search_task.search_without_channel input_send_start=232208212 input_send_end=232208212 input_send_duration_ms=0 bytes=626
[2026-01-30 19:56:06.004] [info] [spider.worker] [TIMING] task_id=f37e055a-4ae7-4331-8cdd-296ca3fa15be func=job_orchestration.executor.query.spider_search_task.search_without_channel spawn_start=232208211 spawn_end=232208212 spawn_duration_ms=0
[2026-01-30 19:56:07.296] [info] [spider.worker] [TIMING] task_id=f37e055a-4ae7-4331-8cdd-296ca3fa15be func=job_orchestration.executor.query.spider_search_task.search_without_channel execution_start=232208212 execution_end=232209504 execution_duration_ms=1291
[2026-01-30 19:56:07.888] [info] [spider.worker] [TIMING] task_id=f37e055a-4ae7-4331-8cdd-296ca3fa15be func=job_orchestration.executor.query.spider_search_task.search_without_channel submit_output_start=232209597 submit_output_end=232210097 submit_output_duration_ms=499
[2026-01-30 19:56:08.025] [info] [spider.worker] [TIMING] task_id=b1b021b4-ceb4-43ac-88cf-055abbd16c2c func=job_orchestration.executor.query.spider_search_task.search_without_channel fetch_input_start=232210232 fetch_input_end=232210233 fetch_input_duration_ms=0
[2026-01-30 19:56:08.025] [info] [spider.worker] [TIMING] task_id=b1b021b4-ceb4-43ac-88cf-055abbd16c2c func=job_orchestration.executor.query.spider_search_task.search_without_channel input_send_start=232210233 input_send_end=232210233 input_send_duration_ms=0 bytes=626
[2026-01-30 19:56:08.025] [info] [spider.worker] [TIMING] task_id=b1b021b4-ceb4-43ac-88cf-055abbd16c2c func=job_orchestration.executor.query.spider_search_task.search_without_channel spawn_start=232210233 spawn_end=232210233 spawn_duration_ms=0
[2026-01-30 19:56:09.332] [info] [spider.worker] [TIMING] task_id=b1b021b4-ceb4-43ac-88cf-055abbd16c2c func=job_orchestration.executor.query.spider_search_task.search_without_channel execution_start=232210234 execution_end=232211540 execution_duration_ms=1306
[2026-01-30 19:56:09.360] [info] [spider.worker] [TIMING] task_id=b1b021b4-ceb4-43ac-88cf-055abbd16c2c func=job_orchestration.executor.query.spider_search_task.search_without_channel submit_output_start=232211550 submit_output_end=232211568 submit_output_duration_ms=17
[2026-01-30 19:56:09.388] [info] [spider.worker] [TIMING] task_id=79c96b65-65bf-4f6b-a1bd-730667c19368 func=job_orchestration.executor.query.spider_search_task.search_without_channel fetch_input_start=232211595 fetch_input_end=232211596 fetch_input_duration_ms=1
[2026-01-30 19:56:09.388] [info] [spider.worker] [TIMING] task_id=79c96b65-65bf-4f6b-a1bd-730667c19368 func=job_orchestration.executor.query.spider_search_task.search_without_channel input_send_start=232211597 input_send_end=232211597 input_send_duration_ms=0 bytes=626
[2026-01-30 19:56:09.388] [info] [spider.worker] [TIMING] task_id=79c96b65-65bf-4f6b-a1bd-730667c19368 func=job_orchestration.executor.query.spider_search_task.search_without_channel spawn_start=232211596 spawn_end=232211597 spawn_duration_ms=0
[2026-01-30 19:56:10.524] [info] [spider.worker] [TIMING] task_id=79c96b65-65bf-4f6b-a1bd-730667c19368 func=job_orchestration.executor.query.spider_search_task.search_without_channel execution_start=232211597 execution_end=232212732 execution_duration_ms=1135
[2026-01-30 19:56:10.584] [info] [spider.worker] [TIMING] task_id=79c96b65-65bf-4f6b-a1bd-730667c19368 func=job_orchestration.executor.query.spider_search_task.search_without_channel submit_output_start=232212734 submit_output_end=232212793 submit_output_duration_ms=58
[2026-01-30 19:56:10.621] [info] [spider.worker] [TIMING] task_id=de4b9e8b-6319-4d3a-ae06-9ec1948f10be func=job_orchestration.executor.query.spider_search_task.search_without_channel fetch_input_start=232212828 fetch_input_end=232212829 fetch_input_duration_ms=0
[2026-01-30 19:56:10.622] [info] [spider.worker] [TIMING] task_id=de4b9e8b-6319-4d3a-ae06-9ec1948f10be func=job_orchestration.executor.query.spider_search_task.search_without_channel input_send_start=232212830 input_send_end=232212830 input_send_duration_ms=0 bytes=626
[2026-01-30 19:56:10.622] [info] [spider.worker] [TIMING] task_id=de4b9e8b-6319-4d3a-ae06-9ec1948f10be func=job_orchestration.executor.query.spider_search_task.search_without_channel spawn_start=232212829 spawn_end=232212830 spawn_duration_ms=0
[2026-01-30 19:56:11.914] [info] [spider.worker] [TIMING] task_id=de4b9e8b-6319-4d3a-ae06-9ec1948f10be func=job_orchestration.executor.query.spider_search_task.search_without_channel execution_start=232212830 execution_end=232214122 execution_duration_ms=1292
[2026-01-30 19:56:11.953] [info] [spider.worker] [TIMING] task_id=de4b9e8b-6319-4d3a-ae06-9ec1948f10be func=job_orchestration.executor.query.spider_search_task.search_without_channel submit_output_start=232214124 submit_output_end=232214162 submit_output_duration_ms=37
[2026-01-30 19:56:11.980] [info] [spider.worker] [TIMING] task_id=e532884e-cd2e-4cb9-b06e-fc5573acf486 func=job_orchestration.executor.query.spider_search_task.search_without_channel fetch_input_start=232214187 fetch_input_end=232214188 fetch_input_duration_ms=1
[2026-01-30 19:56:11.980] [info] [spider.worker] [TIMING] task_id=e532884e-cd2e-4cb9-b06e-fc5573acf486 func=job_orchestration.executor.query.spider_search_task.search_without_channel input_send_start=232214189 input_send_end=232214189 input_send_duration_ms=0 bytes=626
[2026-01-30 19:56:11.980] [info] [spider.worker] [TIMING] task_id=e532884e-cd2e-4cb9-b06e-fc5573acf486 func=job_orchestration.executor.query.spider_search_task.search_without_channel spawn_start=232214188 spawn_end=232214189 spawn_duration_ms=0
[2026-01-30 19:56:13.172] [info] [spider.worker] [TIMING] task_id=e532884e-cd2e-4cb9-b06e-fc5573acf486 func=job_orchestration.executor.query.spider_search_task.search_without_channel execution_start=232214189 execution_end=232215381 execution_duration_ms=1191
[2026-01-30 19:56:13.185] [info] [spider.worker] [TIMING] task_id=e532884e-cd2e-4cb9-b06e-fc5573acf486 func=job_orchestration.executor.query.spider_search_task.search_without_channel submit_output_start=232215383 submit_output_end=232215394 submit_output_duration_ms=11
[2026-01-30 19:56:13.196] [info] [spider.worker] [TIMING] task_id=8fbd1c5e-1032-464b-8676-40ffd46cbec2 func=job_orchestration.executor.query.spider_search_task.search_without_channel fetch_input_start=232215403 fetch_input_end=232215404 fetch_input_duration_ms=0
[2026-01-30 19:56:13.197] [info] [spider.worker] [TIMING] task_id=8fbd1c5e-1032-464b-8676-40ffd46cbec2 func=job_orchestration.executor.query.spider_search_task.search_without_channel input_send_start=232215405 input_send_end=232215405 input_send_duration_ms=0 bytes=626
[2026-01-30 19:56:13.197] [info] [spider.worker] [TIMING] task_id=8fbd1c5e-1032-464b-8676-40ffd46cbec2 func=job_orchestration.executor.query.spider_search_task.search_without_channel spawn_start=232215404 spawn_end=232215405 spawn_duration_ms=0
[2026-01-30 19:56:14.421] [info] [spider.worker] [TIMING] task_id=8fbd1c5e-1032-464b-8676-40ffd46cbec2 func=job_orchestration.executor.query.spider_search_task.search_without_channel execution_start=232215405 execution_end=232216629 execution_duration_ms=1223
[2026-01-30 19:56:14.436] [info] [spider.worker] [TIMING] task_id=8fbd1c5e-1032-464b-8676-40ffd46cbec2 func=job_orchestration.executor.query.spider_search_task.search_without_channel submit_output_start=232216630 submit_output_end=232216644 submit_output_duration_ms=13
[2026-01-30 19:56:14.455] [info] [spider.worker] [TIMING] task_id=5a061320-ae62-49ca-a9b8-f06ece06c47c func=job_orchestration.executor.query.spider_search_task.search_without_channel fetch_input_start=232216662 fetch_input_end=232216664 fetch_input_duration_ms=1
[2026-01-30 19:56:14.456] [info] [spider.worker] [TIMING] task_id=5a061320-ae62-49ca-a9b8-f06ece06c47c func=job_orchestration.executor.query.spider_search_task.search_without_channel input_send_start=232216664 input_send_end=232216664 input_send_duration_ms=0 bytes=626
[2026-01-30 19:56:14.456] [info] [spider.worker] [TIMING] task_id=5a061320-ae62-49ca-a9b8-f06ece06c47c func=job_orchestration.executor.query.spider_search_task.search_without_channel spawn_start=232216664 spawn_end=232216664 spawn_duration_ms=0
[2026-01-30 19:56:15.794] [info] [spider.worker] [TIMING] task_id=5a061320-ae62-49ca-a9b8-f06ece06c47c func=job_orchestration.executor.query.spider_search_task.search_without_channel execution_start=232216665 execution_end=232218002 execution_duration_ms=1337
[2026-01-30 19:56:15.855] [info] [spider.worker] [TIMING] task_id=5a061320-ae62-49ca-a9b8-f06ece06c47c func=job_orchestration.executor.query.spider_search_task.search_without_channel submit_output_start=232218004 submit_output_end=232218063 submit_output_duration_ms=59
[2026-01-30 19:56:15.924] [info] [spider.worker] [TIMING] task_id=e646cac7-0ac6-49fc-a1f5-598de747cfb4 func=job_orchestration.executor.query.spider_search_task.search_without_channel fetch_input_start=232218132 fetch_input_end=232218133 fetch_input_duration_ms=0
[2026-01-30 19:56:15.925] [info] [spider.worker] [TIMING] task_id=e646cac7-0ac6-49fc-a1f5-598de747cfb4 func=job_orchestration.executor.query.spider_search_task.search_without_channel input_send_start=232218133 input_send_end=232218133 input_send_duration_ms=0 bytes=626
[2026-01-30 19:56:15.925] [info] [spider.worker] [TIMING] task_id=e646cac7-0ac6-49fc-a1f5-598de747cfb4 func=job_orchestration.executor.query.spider_search_task.search_without_channel spawn_start=232218133 spawn_end=232218133 spawn_duration_ms=0
[2026-01-30 19:56:17.103] [info] [spider.worker] [TIMING] task_id=e646cac7-0ac6-49fc-a1f5-598de747cfb4 func=job_orchestration.executor.query.spider_search_task.search_without_channel execution_start=232218133 execution_end=232219311 execution_duration_ms=1178
[2026-01-30 19:56:17.175] [info] [spider.worker] [TIMING] task_id=e646cac7-0ac6-49fc-a1f5-598de747cfb4 func=job_orchestration.executor.query.spider_search_task.search_without_channel submit_output_start=232219313 submit_output_end=232219383 submit_output_duration_ms=70
[2026-01-30 19:56:17.223] [info] [spider.worker] [TIMING] task_id=93dff079-3f86-40a3-8035-225afb029edb func=job_orchestration.executor.query.spider_search_task.search_without_channel fetch_input_start=232219430 fetch_input_end=232219431 fetch_input_duration_ms=0
[2026-01-30 19:56:17.223] [info] [spider.worker] [TIMING] task_id=93dff079-3f86-40a3-8035-225afb029edb func=job_orchestration.executor.query.spider_search_task.search_without_channel input_send_start=232219432 input_send_end=232219432 input_send_duration_ms=0 bytes=626
[2026-01-30 19:56:17.223] [info] [spider.worker] [TIMING] task_id=93dff079-3f86-40a3-8035-225afb029edb func=job_orchestration.executor.query.spider_search_task.search_without_channel spawn_start=232219431 spawn_end=232219432 spawn_duration_ms=0
[2026-01-30 19:56:18.495] [info] [spider.worker] [TIMING] task_id=93dff079-3f86-40a3-8035-225afb029edb func=job_orchestration.executor.query.spider_search_task.search_without_channel execution_start=232219432 execution_end=232220703 execution_duration_ms=1271
[2026-01-30 19:56:18.529] [info] [spider.worker] [TIMING] task_id=93dff079-3f86-40a3-8035-225afb029edb func=job_orchestration.executor.query.spider_search_task.search_without_channel submit_output_start=232220704 submit_output_end=232220737 submit_output_duration_ms=33
[2026-01-30 19:56:18.549] [info] [spider.worker] [TIMING] task_id=c3ca467d-d9a6-417d-a58b-f00f52655889 func=job_orchestration.executor.query.spider_search_task.search_without_channel fetch_input_start=232220756 fetch_input_end=232220757 fetch_input_duration_ms=1
[2026-01-30 19:56:18.549] [info] [spider.worker] [TIMING] task_id=c3ca467d-d9a6-417d-a58b-f00f52655889 func=job_orchestration.executor.query.spider_search_task.search_without_channel input_send_start=232220757 input_send_end=232220757 input_send_duration_ms=0 bytes=626
[2026-01-30 19:56:18.549] [info] [spider.worker] [TIMING] task_id=c3ca467d-d9a6-417d-a58b-f00f52655889 func=job_orchestration.executor.query.spider_search_task.search_without_channel spawn_start=232220757 spawn_end=232220758 spawn_duration_ms=0
[2026-01-30 19:56:19.767] [info] [spider.worker] [TIMING] task_id=c3ca467d-d9a6-417d-a58b-f00f52655889 func=job_orchestration.executor.query.spider_search_task.search_without_channel execution_start=232220758 execution_end=232221975 execution_duration_ms=1217
[2026-01-30 19:56:19.823] [info] [spider.worker] [TIMING] task_id=c3ca467d-d9a6-417d-a58b-f00f52655889 func=job_orchestration.executor.query.spider_search_task.search_without_channel submit_output_start=232221990 submit_output_end=232222032 submit_output_duration_ms=41
[2026-01-30 19:56:19.882] [info] [spider.worker] [TIMING] task_id=05f12b4d-131c-43bf-8d9d-bf98b2af3621 func=job_orchestration.executor.query.spider_search_task.search_without_channel fetch_input_start=232222089 fetch_input_end=232222090 fetch_input_duration_ms=0
[2026-01-30 19:56:19.882] [info] [spider.worker] [TIMING] task_id=05f12b4d-131c-43bf-8d9d-bf98b2af3621 func=job_orchestration.executor.query.spider_search_task.search_without_channel input_send_start=232222091 input_send_end=232222091 input_send_duration_ms=0 bytes=626
[2026-01-30 19:56:19.882] [info] [spider.worker] [TIMING] task_id=05f12b4d-131c-43bf-8d9d-bf98b2af3621 func=job_orchestration.executor.query.spider_search_task.search_without_channel spawn_start=232222090 spawn_end=232222091 spawn_duration_ms=0
[2026-01-30 19:56:20.983] [info] [spider.worker] [TIMING] task_id=05f12b4d-131c-43bf-8d9d-bf98b2af3621 func=job_orchestration.executor.query.spider_search_task.search_without_channel execution_start=232222091 execution_end=232223191 execution_duration_ms=1100
[2026-01-30 19:56:20.996] [info] [spider.worker] [TIMING] task_id=05f12b4d-131c-43bf-8d9d-bf98b2af3621 func=job_orchestration.executor.query.spider_search_task.search_without_channel submit_output_start=232223193 submit_output_end=232223204 submit_output_duration_ms=11
[2026-01-30 19:56:21.037] [info] [spider.worker] [TIMING] task_id=af58a41d-13a9-4fdf-a822-7dcc7c8355c8 func=job_orchestration.executor.query.spider_search_task.search_without_channel fetch_input_start=232223244 fetch_input_end=232223245 fetch_input_duration_ms=0
[2026-01-30 19:56:21.037] [info] [spider.worker] [TIMING] task_id=af58a41d-13a9-4fdf-a822-7dcc7c8355c8 func=job_orchestration.executor.query.spider_search_task.search_without_channel input_send_start=232223246 input_send_end=232223246 input_send_duration_ms=0 bytes=626
[2026-01-30 19:56:21.037] [info] [spider.worker] [TIMING] task_id=af58a41d-13a9-4fdf-a822-7dcc7c8355c8 func=job_orchestration.executor.query.spider_search_task.search_without_channel spawn_start=232223245 spawn_end=232223246 spawn_duration_ms=0
[2026-01-30 19:56:22.244] [info] [spider.worker] [TIMING] task_id=af58a41d-13a9-4fdf-a822-7dcc7c8355c8 func=job_orchestration.executor.query.spider_search_task.search_without_channel execution_start=232223246 execution_end=232224452 execution_duration_ms=1206
[2026-01-30 19:56:22.288] [info] [spider.worker] [TIMING] task_id=af58a41d-13a9-4fdf-a822-7dcc7c8355c8 func=job_orchestration.executor.query.spider_search_task.search_without_channel submit_output_start=232224454 submit_output_end=232224496 submit_output_duration_ms=42
[2026-01-30 19:56:22.324] [info] [spider.worker] [TIMING] task_id=f09bf81e-1391-45f4-ad38-4bd9445beeaa func=job_orchestration.executor.query.spider_search_task.search_without_channel fetch_input_start=232224531 fetch_input_end=232224532 fetch_input_duration_ms=0
[2026-01-30 19:56:22.324] [info] [spider.worker] [TIMING] task_id=f09bf81e-1391-45f4-ad38-4bd9445beeaa func=job_orchestration.executor.query.spider_search_task.search_without_channel input_send_start=232224533 input_sen