[2026-01-30 14:53:05.932] [warning] [spider.worker] Prefer using `SPIDER_STORAGE_URL` environment variable over `--storage_url` argument.
[2026-01-30 14:53:48.364] [info] [spider.worker] [TIMING] task_id=29b73fff-96fb-4ba8-ba7b-02c64bd7db2e func=job_orchestration.executor.compress.spider_compress.compress fetch_input_start=214070546 fetch_input_end=214070572 fetch_input_duration_ms=26
[2026-01-30 14:53:59.955] [info] [spider.worker] [TIMING] task_id=29b73fff-96fb-4ba8-ba7b-02c64bd7db2e func=job_orchestration.executor.compress.spider_compress.compress execution_start=214070573 execution_end=214082163 execution_duration_ms=11590
[2026-01-30 14:53:59.968] [info] [spider.worker] [TIMING] task_id=29b73fff-96fb-4ba8-ba7b-02c64bd7db2e func=job_orchestration.executor.compress.spider_compress.compress submit_output_start=214082165 submit_output_end=214082177 submit_output_duration_ms=11
[2026-01-30 14:54:00.008] [info] [spider.worker] [TIMING] task_id=d64f65b5-1f6f-4dd0-87ad-e2d0b8413b7f func=job_orchestration.executor.compress.spider_compress.compress fetch_input_start=214082215 fetch_input_end=214082216 fetch_input_duration_ms=1
[2026-01-30 14:54:13.203] [info] [spider.worker] [TIMING] task_id=d64f65b5-1f6f-4dd0-87ad-e2d0b8413b7f func=job_orchestration.executor.compress.spider_compress.compress execution_start=214082217 execution_end=214095411 execution_duration_ms=13194
[2026-01-30 14:54:13.217] [info] [spider.worker] [TIMING] task_id=d64f65b5-1f6f-4dd0-87ad-e2d0b8413b7f func=job_orchestration.executor.compress.spider_compress.compress submit_output_start=214095413 submit_output_end=214095426 submit_output_duration_ms=12
[2026-01-30 14:54:13.228] [info] [spider.worker] [TIMING] task_id=bf79038a-2ba5-4970-a0aa-23419ca387fe func=job_orchestration.executor.compress.spider_compress.compress fetch_input_start=214095435 fetch_input_end=214095436 fetch_input_duration_ms=0
[2026-01-30 14:54:24.338] [info] [spider.worker] [TIMING] task_id=bf79038a-2ba5-4970-a0aa-23419ca387fe func=job_orchestration.executor.compress.spider_compress.compress execution_start=214095437 execution_end=214106546 execution_duration_ms=11109
[2026-01-30 14:54:24.350] [info] [spider.worker] [TIMING] task_id=bf79038a-2ba5-4970-a0aa-23419ca387fe func=job_orchestration.executor.compress.spider_compress.compress submit_output_start=214106548 submit_output_end=214106558 submit_output_duration_ms=10
[2026-01-30 14:54:24.369] [info] [spider.worker] [TIMING] task_id=4c77f0a0-1d64-4e31-ab24-27661563f451 func=job_orchestration.executor.compress.spider_compress.compress fetch_input_start=214106577 fetch_input_end=214106578 fetch_input_duration_ms=1
[2026-01-30 14:54:33.882] [info] [spider.worker] [TIMING] task_id=4c77f0a0-1d64-4e31-ab24-27661563f451 func=job_orchestration.executor.compress.spider_compress.compress execution_start=214106579 execution_end=214116090 execution_duration_ms=9511
[2026-01-30 14:54:33.899] [info] [spider.worker] [TIMING] task_id=4c77f0a0-1d64-4e31-ab24-27661563f451 func=job_orchestration.executor.compress.spider_compress.compress submit_output_start=214116091 submit_output_end=214116108 submit_output_duration_ms=16
[2026-01-30 14:54:33.943] [info] [spider.worker] [TIMING] task_id=91884028-f3fc-4e13-80b3-c92c123494c5 func=job_orchestration.executor.compress.spider_compress.compress fetch_input_start=214116151 fetch_input_end=214116152 fetch_input_duration_ms=0
[2026-01-30 14:54:43.444] [info] [spider.worker] [TIMING] task_id=91884028-f3fc-4e13-80b3-c92c123494c5 func=job_orchestration.executor.compress.spider_compress.compress execution_start=214116152 execution_end=214125652 execution_duration_ms=9500
[2026-01-30 14:54:43.474] [info] [spider.worker] [TIMING] task_id=91884028-f3fc-4e13-80b3-c92c123494c5 func=job_orchestration.executor.compress.spider_compress.compress submit_output_start=214125656 submit_output_end=214125682 submit_output_duration_ms=25
[2026-01-30 14:54:43.508] [info] [spider.worker] [TIMING] task_id=31103ca2-ae6d-4990-b587-5fadd6ff158c func=job_orchestration.executor.compress.spider_compress.compress fetch_input_start=214125715 fetch_input_end=214125716 fetch_input_duration_ms=0
[2026-01-30 14:55:04.623] [info] [spider.worker] [TIMING] task_id=31103ca2-ae6d-4990-b587-5fadd6ff158c func=job_orchestration.executor.compress.spider_compress.compress execution_start=214125717 execution_end=214146831 execution_duration_ms=21114
[2026-01-30 14:55:04.706] [info] [spider.worker] [TIMING] task_id=31103ca2-ae6d-4990-b587-5fadd6ff158c func=job_orchestration.executor.compress.spider_compress.compress submit_output_start=214146842 submit_output_end=214146915 submit_output_duration_ms=72
[2026-01-30 14:55:04.735] [info] [spider.worker] [TIMING] task_id=cece5315-7992-4f82-ad77-59dc7747ed46 func=job_orchestration.executor.compress.spider_compress.compress fetch_input_start=214146942 fetch_input_end=214146943 fetch_input_duration_ms=1
[2026-01-30 14:55:15.194] [info] [spider.worker] [TIMING] task_id=cece5315-7992-4f82-ad77-59dc7747ed46 func=job_orchestration.executor.compress.spider_compress.compress execution_start=214146944 execution_end=214157402 execution_duration_ms=10458
[2026-01-30 14:55:15.214] [info] [spider.worker] [TIMING] task_id=cece5315-7992-4f82-ad77-59dc7747ed46 func=job_orchestration.executor.compress.spider_compress.compress submit_output_start=214157404 submit_output_end=214157422 submit_output_duration_ms=17
[2026-01-30 14:55:15.233] [info] [spider.worker] [TIMING] task_id=eb24448e-2239-457c-9b6c-80704ae5553d func=job_orchestration.executor.compress.spider_compress.compress fetch_input_start=214157441 fetch_input_end=214157441 fetch_input_duration_ms=0
[2026-01-30 14:55:30.050] [info] [spider.worker] [TIMING] task_id=eb24448e-2239-457c-9b6c-80704ae5553d func=job_orchestration.executor.compress.spider_compress.compress execution_start=214157442 execution_end=214172259 execution_duration_ms=14816
[2026-01-30 14:55:30.088] [info] [spider.worker] [TIMING] task_id=eb24448e-2239-457c-9b6c-80704ae5553d func=job_orchestration.executor.compress.spider_compress.compress submit_output_start=214172261 submit_output_end=214172296 submit_output_duration_ms=35
[2026-01-30 14:55:30.118] [info] [spider.worker] [TIMING] task_id=6fbc02bd-1039-454f-9860-de7206ca40e7 func=job_orchestration.executor.compress.spider_compress.compress fetch_input_start=214172325 fetch_input_end=214172326 fetch_input_duration_ms=0
[2026-01-30 14:55:41.049] [info] [spider.worker] [TIMING] task_id=6fbc02bd-1039-454f-9860-de7206ca40e7 func=job_orchestration.executor.compress.spider_compress.compress execution_start=214172327 execution_end=214183257 execution_duration_ms=10930
[2026-01-30 14:55:41.080] [info] [spider.worker] [TIMING] task_id=6fbc02bd-1039-454f-9860-de7206ca40e7 func=job_orchestration.executor.compress.spider_compress.compress submit_output_start=214183270 submit_output_end=214183288 submit_output_duration_ms=17
[2026-01-30 14:55:41.090] [info] [spider.worker] [TIMING] task_id=12321ff9-54d0-416e-891a-18bc22162bcf func=job_orchestration.executor.compress.spider_compress.compress fetch_input_start=214183298 fetch_input_end=214183299 fetch_input_duration_ms=1
[2026-01-30 14:55:53.848] [info] [spider.worker] [TIMING] task_id=12321ff9-54d0-416e-891a-18bc22162bcf func=job_orchestration.executor.compress.spider_compress.compress execution_start=214183300 execution_end=214196057 execution_duration_ms=12757
[2026-01-30 14:55:53.887] [info] [spider.worker] [TIMING] task_id=12321ff9-54d0-416e-891a-18bc22162bcf func=job_orchestration.executor.compress.spider_compress.compress submit_output_start=214196079 submit_output_end=214196096 submit_output_duration_ms=16
[2026-01-30 14:55:53.958] [info] [spider.worker] [TIMING] task_id=28397353-af45-4664-add4-4ad1b5990f8a func=job_orchestration.executor.compress.spider_compress.compress fetch_input_start=214196165 fetch_input_end=214196166 fetch_input_duration_ms=1
[2026-01-30 14:56:18.138] [info] [spider.worker] [TIMING] task_id=28397353-af45-4664-add4-4ad1b5990f8a func=job_orchestration.executor.compress.spider_compress.compress execution_start=214196167 execution_end=214220347 execution_duration_ms=24179
[2026-01-30 14:56:18.186] [info] [spider.worker] [TIMING] task_id=28397353-af45-4664-add4-4ad1b5990f8a func=job_orchestration.executor.compress.spider_compress.compress submit_output_start=214220348 submit_output_end=214220394 submit_output_duration_ms=46
[2026-01-30 14:56:18.205] [info] [spider.worker] [TIMING] task_id=be7b71b4-5055-4a36-a852-2f91763079cb func=job_orchestration.executor.compress.spider_compress.compress fetch_input_start=214220412 fetch_input_end=214220413 fetch_input_duration_ms=0
[2026-01-30 14:56:29.597] [info] [spider.worker] [TIMING] task_id=be7b71b4-5055-4a36-a852-2f91763079cb func=job_orchestration.executor.compress.spider_compress.compress execution_start=214220414 execution_end=214231806 execution_duration_ms=11391
[2026-01-30 14:56:29.610] [info] [spider.worker] [TIMING] task_id=be7b71b4-5055-4a36-a852-2f91763079cb func=job_orchestration.executor.compress.spider_compress.compress submit_output_start=214231807 submit_output_end=214231819 submit_output_duration_ms=11
[2026-01-30 14:56:29.646] [info] [spider.worker] [TIMING] task_id=369d1d6a-9320-477c-9252-f2530a1c90c9 func=job_orchestration.executor.compress.spider_compress.compress fetch_input_start=214231854 fetch_input_end=214231855 fetch_input_duration_ms=1
[2026-01-30 14:56:41.292] [info] [spider.worker] [TIMING] task_id=369d1d6a-9320-477c-9252-f2530a1c90c9 func=job_orchestration.executor.compress.spider_compress.compress execution_start=214231855 execution_end=214243501 execution_duration_ms=11645
[2026-01-30 14:56:41.329] [info] [spider.worker] [TIMING] task_id=369d1d6a-9320-477c-9252-f2530a1c90c9 func=job_orchestration.executor.compress.spider_compress.compress submit_output_start=214243502 submit_output_end=214243537 submit_output_duration_ms=34
[2026-01-30 14:56:41.345] [info] [spider.worker] [TIMING] task_id=2ae024ed-5cf7-4a2a-8aee-15c1b8c6bafc func=job_orchestration.executor.compress.spider_compress.compress fetch_input_start=214243553 fetch_input_end=214243554 fetch_input_duration_ms=0
[2026-01-30 14:56:51.879] [info] [spider.worker] [TIMING] task_id=2ae024ed-5cf7-4a2a-8aee-15c1b8c6bafc func=job_orchestration.executor.compress.spider_compress.compress execution_start=214243554 execution_end=214254087 execution_duration_ms=10533
[2026-01-30 14:56:51.892] [info] [spider.worker] [TIMING] task_id=2ae024ed-5cf7-4a2a-8aee-15c1b8c6bafc func=job_orchestration.executor.compress.spider_compress.compress submit_output_start=214254089 submit_output_end=214254101 submit_output_duration_ms=11
[2026-01-30 14:56:51.935] [info] [spider.worker] [TIMING] task_id=8dcc3377-268a-4dcc-baca-b2136c6c63de func=job_orchestration.executor.compress.spider_compress.compress fetch_input_start=214254143 fetch_input_end=214254144 fetch_input_duration_ms=0
[2026-01-30 14:57:00.801] [info] [spider.worker] [TIMING] task_id=8dcc3377-268a-4dcc-baca-b2136c6c63de func=job_orchestration.executor.compress.spider_compress.compress execution_start=214254145 execution_end=214263009 execution_duration_ms=8864
[2026-01-30 14:57:00.808] [info] [spider.worker] [TIMING] task_id=8dcc3377-268a-4dcc-baca-b2136c6c63de func=job_orchestration.executor.compress.spider_compress.compress submit_output_start=214263011 submit_output_end=214263017 submit_output_duration_ms=5
[2026-01-30 14:57:00.838] [info] [spider.worker] [TIMING] task_id=2e890b8a-815b-4080-b131-e00871c09d8b func=job_orchestration.executor.compress.spider_compress.compress fetch_input_start=214263046 fetch_input_end=214263046 fetch_input_duration_ms=0
[2026-01-30 14:57:11.459] [info] [spider.worker] [TIMING] task_id=2e890b8a-815b-4080-b131-e00871c09d8b func=job_orchestration.executor.compress.spider_compress.compress execution_start=214263047 execution_end=214273668 execution_duration_ms=10620
[2026-01-30 14:57:11.488] [info] [spider.worker] [TIMING] task_id=2e890b8a-815b-4080-b131-e00871c09d8b func=job_orchestration.executor.compress.spider_compress.compress submit_output_start=214273669 submit_output_end=214273697 submit_output_duration_ms=27
[2026-01-30 14:57:11.511] [info] [spider.worker] [TIMING] task_id=0441d95d-58b8-4c94-af49-12d60d489e94 func=job_orchestration.executor.compress.spider_compress.compress fetch_input_start=214273718 fetch_input_end=214273719 fetch_input_duration_ms=1
[2026-01-30 14:57:26.034] [info] [spider.worker] [TIMING] task_id=0441d95d-58b8-4c94-af49-12d60d489e94 func=job_orchestration.executor.compress.spider_compress.compress execution_start=214273720 execution_end=214288242 execution_duration_ms=14522
[2026-01-30 14:57:26.049] [info] [spider.worker] [TIMING] task_id=0441d95d-58b8-4c94-af49-12d60d489e94 func=job_orchestration.executor.compress.spider_compress.compress submit_output_start=214288244 submit_output_end=214288257 submit_output_duration_ms=13
[2026-01-30 14:57:26.069] [info] [spider.worker] [TIMING] task_id=78498e52-46cd-4131-9751-aabbafb3cc98 func=job_orchestration.executor.compress.spider_compress.compress fetch_input_start=214288276 fetch_input_end=214288277 fetch_input_duration_ms=1
[2026-01-30 14:57:36.006] [info] [spider.worker] [TIMING] task_id=78498e52-46cd-4131-9751-aabbafb3cc98 func=job_orchestration.executor.compress.spider_compress.compress execution_start=214288278 execution_end=214298214 execution_duration_ms=9936
[2026-01-30 14:57:36.015] [info] [spider.worker] [TIMING] task_id=78498e52-46cd-4131-9751-aabbafb3cc98 func=job_orchestration.executor.compress.spider_compress.compress submit_output_start=214298216 submit_output_end=214298224 submit_output_duration_ms=7
[2026-01-30 14:57:36.026] [info] [spider.worker] [TIMING] task_id=6e9e84e5-1858-4eb9-9478-45110f088941 func=job_orchestration.executor.compress.spider_compress.compress fetch_input_start=214298233 fetch_input_end=214298234 fetch_input_duration_ms=0
[2026-01-30 14:57:45.418] [info] [spider.worker] [TIMING] task_id=6e9e84e5-1858-4eb9-9478-45110f088941 func=job_orchestration.executor.compress.spider_compress.compress execution_start=214298235 execution_end=214307626 execution_duration_ms=9391
[2026-01-30 14:57:45.432] [info] [spider.worker] [TIMING] task_id=6e9e84e5-1858-4eb9-9478-45110f088941 func=job_orchestration.executor.compress.spider_compress.compress submit_output_start=214307628 submit_output_end=214307640 submit_output_duration_ms=11
[2026-01-30 14:57:45.485] [info] [spider.worker] [TIMING] task_id=0f4949ea-7d44-447f-9a11-1a147e7f0cac func=job_orchestration.executor.compress.spider_compress.compress fetch_input_start=214307692 fetch_input_end=214307693 fetch_input_duration_ms=0
[2026-01-30 14:58:39.741] [info] [spider.worker] [TIMING] task_id=0f4949ea-7d44-447f-9a11-1a147e7f0cac func=job_orchestration.executor.compress.spider_compress.compress execution_start=214307694 execution_end=214361949 execution_duration_ms=54255
[2026-01-30 14:58:39.762] [info] [spider.worker] [TIMING] task_id=0f4949ea-7d44-447f-9a11-1a147e7f0cac func=job_orchestration.executor.compress.spider_compress.compress submit_output_start=214361951 submit_output_end=214361971 submit_output_duration_ms=19
[2026-01-30 14:58:39.782] [info] [spider.worker] [TIMING] task_id=160be939-632f-44b6-9d46-ad270f531ca1 func=job_orchestration.executor.compress.spider_compress.compress fetch_input_start=214361989 fetch_input_end=214361991 fetch_input_duration_ms=1
[2026-01-30 14:58:50.179] [info] [spider.worker] [TIMING] task_id=160be939-632f-44b6-9d46-ad270f531ca1 func=job_orchestration.executor.compress.spider_compress.compress execution_start=214361992 execution_end=214372387 execution_duration_ms=10395
[2026-01-30 14:58:50.195] [info] [spider.worker] [TIMING] task_id=160be939-632f-44b6-9d46-ad270f531ca1 func=job_orchestration.executor.compress.spider_compress.compress submit_output_start=214372389 submit_output_end=214372403 submit_output_duration_ms=14
[2026-01-30 14:58:50.237] [info] [spider.worker] [TIMING] task_id=91a6074b-65d5-4664-8150-02546d1aa130 func=job_orchestration.executor.compress.spider_compress.compress fetch_input_start=214372445 fetch_input_end=214372446 fetch_input_duration_ms=1
[2026-01-30 14:58:59.158] [info] [spider.worker] [TIMING] task_id=91a6074b-65d5-4664-8150-02546d1aa130 func=job_orchestration.executor.compress.spider_compress.compress execution_start=214372446 execution_end=214381366 execution_duration_ms=8919
[2026-01-30 14:58:59.170] [info] [spider.worker] [TIMING] task_id=91a6074b-65d5-4664-8150-02546d1aa130 func=job_orchestration.executor.compress.spider_compress.compress submit_output_start=214381368 submit_output_end=214381379 submit_output_duration_ms=10
[2026-01-30 14:58:59.181] [info] [spider.worker] [TIMING] task_id=1e587a95-1e16-49f2-9c27-5e11bbb9736d func=job_orchestration.executor.compress.spider_compress.compress fetch_input_start=214381388 fetch_input_end=214381389 fetch_input_duration_ms=0
[2026-01-30 14:59:12.539] [info] [spider.worker] [TIMING] task_id=1e587a95-1e16-49f2-9c27-5e11bbb9736d func=job_orchestration.executor.compress.spider_compress.compress execution_start=214381390 execution_end=214394747 execution_duration_ms=13357
[2026-01-30 14:59:12.578] [info] [spider.worker] [TIMING] task_id=1e587a95-1e16-49f2-9c27-5e11bbb9736d func=job_orchestration.executor.compress.spider_compress.compress submit_output_start=214394750 submit_output_end=214394786 submit_output_duration_ms=36
[2026-01-30 14:59:12.598] [info] [spider.worker] [TIMING] task_id=ff9fb35d-710e-44b8-9406-c7f51757f923 func=job_orchestration.executor.compress.spider_compress.compress fetch_input_start=214394805 fetch_input_end=214394806 fetch_input_duration_ms=1
[2026-01-30 14:59:25.853] [info] [spider.worker] [TIMING] task_id=ff9fb35d-710e-44b8-9406-c7f51757f923 func=job_orchestration.executor.compress.spider_compress.compress execution_start=214394807 execution_end=214408061 execution_duration_ms=13253
[2026-01-30 14:59:25.918] [info] [spider.worker] [TIMING] task_id=ff9fb35d-710e-44b8-9406-c7f51757f923 func=job_orchestration.executor.compress.spider_compress.compress submit_output_start=214408062 submit_output_end=214408126 submit_output_duration_ms=64
[2026-01-30 14:59:25.949] [info] [spider.worker] [TIMING] task_id=f42d1e3f-6770-47e9-9edf-71c92318384c func=job_orchestration.executor.compress.spider_compress.compress fetch_input_start=214408156 fetch_input_end=214408157 fetch_input_duration_ms=1
[2026-01-30 14:59:35.656] [info] [spider.worker] [TIMING] task_id=f42d1e3f-6770-47e9-9edf-71c92318384c func=job_orchestration.executor.compress.spider_compress.compress execution_start=214408158 execution_end=214417865 execution_duration_ms=9706
[2026-01-30 14:59:35.687] [info] [spider.worker] [TIMING] task_id=f42d1e3f-6770-47e9-9edf-71c92318384c func=job_orchestration.executor.compress.spider_compress.compress submit_output_start=214417866 submit_output_end=214417895 submit_output_duration_ms=28
[2026-01-30 14:59:35.706] [info] [spider.worker] [TIMING] task_id=5275c2b2-65ca-45bc-88de-4ba2dc70b1f7 func=job_orchestration.executor.compress.spider_compress.compress fetch_input_start=214417913 fetch_input_end=214417914 fetch_input_duration_ms=1
[2026-01-30 14:59:44.535] [info] [spider.worker] [TIMING] task_id=5275c2b2-65ca-45bc-88de-4ba2dc70b1f7 func=job_orchestration.executor.compress.spider_compress.compress execution_start=214417915 execution_end=214426743 execution_duration_ms=8828
[2026-01-30 14:59:44.553] [info] [spider.worker] [TIMING] task_id=5275c2b2-65ca-45bc-88de-4ba2dc70b1f7 func=job_orchestration.executor.compress.spider_compress.compress submit_output_start=214426747 submit_output_end=214426762 submit_output_duration_ms=14
[2026-01-30 14:59:44.572] [info] [spider.worker] [TIMING] task_id=061d0c52-b9da-4721-887b-aea7a0427e80 func=job_orchestration.executor.compress.spider_compress.compress fetch_input_start=214426780 fetch_input_end=214426781 fetch_input_duration_ms=0
[2026-01-30 14:59:54.698] [info] [spider.worker] [TIMING] task_id=061d0c52-b9da-4721-887b-aea7a0427e80 func=job_orchestration.executor.compress.spider_compress.compress execution_start=214426782 execution_end=214436907 execution_duration_ms=10124
[2026-01-30 14:59:54.712] [info] [spider.worker] [TIMING] task_id=061d0c52-b9da-4721-887b-aea7a0427e80 func=job_orchestration.executor.compress.spider_compress.compress submit_output_start=214436908 submit_output_end=214436920 submit_output_duration_ms=11
[2026-01-30 14:59:54.730] [info] [spider.worker] [TIMING] task_id=a3ed61a9-dbe4-459c-803d-d48d45399948 func=job_orchestration.executor.compress.spider_compress.compress fetch_input_start=214436938 fetch_input_end=214436938 fetch_input_duration_ms=0
[2026-01-30 15:00:18.193] [info] [spider.worker] [TIMING] task_id=a3ed61a9-dbe4-459c-803d-d48d45399948 func=job_orchestration.executor.compress.spider_compress.compress execution_start=214436939 execution_end=214460401 execution_duration_ms=23462
[2026-01-30 15:00:18.353] [info] [spider.worker] [TIMING] task_id=a3ed61a9-dbe4-459c-803d-d48d45399948 func=job_orchestration.executor.compress.spider_compress.compress submit_output_start=214460404 submit_output_end=214460561 submit_output_duration_ms=157
[2026-01-30 15:00:18.390] [info] [spider.worker] [TIMING] task_id=66309803-d60e-48d2-a6f6-955bff680039 func=job_orchestration.executor.compress.spider_compress.compress fetch_input_start=214460597 fetch_input_end=214460598 fetch_input_duration_ms=1
[2026-01-30 15:00:46.896] [info] [spider.worker] [TIMING] task_id=66309803-d60e-48d2-a6f6-955bff680039 func=job_orchestration.executor.compress.spider_compress.compress execution_start=214460599 execution_end=214489104 execution_duration_ms=28505
[2026-01-30 15:00:46.918] [info] [spider.worker] [TIMING] task_id=66309803-d60e-48d2-a6f6-955bff680039 func=job_orchestration.executor.compress.spider_compress.compress submit_output_start=214489106 submit_output_end=214489127 submit_output_duration_ms=20
[2026-01-30 15:00:46.938] [info] [spider.worker] [TIMING] task_id=79c7ca40-0ea7-4952-bfb0-0ab677ffba9f func=job_orchestration.executor.compress.spider_compress.compress fetch_input_start=214489145 fetch_input_end=214489147 fetch_input_duration_ms=1
[2026-01-30 15:00:58.650] [info] [spider.worker] [TIMING] task_id=79c7ca40-0ea7-4952-bfb0-0ab677ffba9f func=job_orchestration.executor.compress.spider_compress.compress execution_start=214489147 execution_end=214500859 execution_duration_ms=11711
[2026-01-30 15:00:58.684] [info] [spider.worker] [TIMING] task_id=79c7ca40-0ea7-4952-bfb0-0ab677ffba9f func=job_orchestration.executor.compress.spider_compress.compress submit_output_start=214500876 submit_output_end=214500893 submit_output_duration_ms=16
[2026-01-30 15:00:58.704] [info] [spider.worker] [TIMING] task_id=035b2ab7-9ff5-413a-b0f1-6c8ebd23ea0e func=job_orchestration.executor.compress.spider_compress.compress fetch_input_start=214500912 fetch_input_end=214500913 fetch_input_duration_ms=1
[2026-01-30 15:01:17.580] [info] [spider.worker] [TIMING] task_id=035b2ab7-9ff5-413a-b0f1-6c8ebd23ea0e func=job_orchestration.executor.compress.spider_compress.compress execution_start=214500914 execution_end=214519788 execution_duration_ms=18874
[2026-01-30 15:01:17.593] [info] [spider.worker] [TIMING] task_id=035b2ab7-9ff5-413a-b0f1-6c8ebd23ea0e func=job_orchestration.executor.compress.spider_compress.compress submit_output_start=214519790 submit_output_end=214519801 submit_output_duration_ms=11
[2026-01-30 15:01:17.612] [info] [spider.worker] [TIMING] task_id=2367e931-e0e4-41a1-99a8-a794176984f8 func=job_orchestration.executor.compress.spider_compress.compress fetch_input_start=214519819 fetch_input_end=214519820 fetch_input_duration_ms=0
[2026-01-30 15:01:28.284] [info] [spider.worker] [TIMING] task_id=2367e931-e0e4-41a1-99a8-a794176984f8 func=job_orchestration.executor.compress.spider_compress.compress execution_start=214519821 execution_end=214530492 execution_duration_ms=10671
[2026-01-30 15:01:28.301] [info] [spider.worker] [TIMING] task_id=2367e931-e0e4-41a1-99a8-a794176984f8 func=job_orchestration.executor.compress.spider_compress.compress submit_output_start=214530495 submit_output_end=214530509 submit_output_duration_ms=14
[2026-01-30 15:01:28.340] [info] [spider.worker] [TIMING] task_id=cd683c6e-9af3-4301-9fa1-c366976ddd51 func=job_orchestration.executor.compress.spider_compress.compress fetch_input_start=214530547 fetch_input_end=214530548 fetch_input_duration_ms=0
[2026-01-30 15:01:59.774] [info] [spider.worker] [TIMING] task_id=cd683c6e-9af3-4301-9fa1-c366976ddd51 func=job_orchestration.executor.compress.spider_compress.compress execution_start=214530549 execution_end=214561983 execution_duration_ms=31433
[2026-01-30 15:01:59.822] [info] [spider.worker] [TIMING] task_id=cd683c6e-9af3-4301-9fa1-c366976ddd51 func=job_orchestration.executor.compress.spider_compress.compress submit_output_start=214561984 submit_output_end=214562030 submit_output_duration_ms=45
[2026-01-30 15:01:59.866] [info] [spider.worker] [TIMING] task_id=d6728918-feda-47e7-a701-e4a2029bcd7a func=job_orchestration.executor.compress.spider_compress.compress fetch_input_start=214562074 fetch_input_end=214562075 fetch_input_duration_ms=0
[2026-01-30 15:02:10.673] [info] [spider.worker] [TIMING] task_id=d6728918-feda-47e7-a701-e4a2029bcd7a func=job_orchestration.executor.compress.spider_compress.compress execution_start=214562076 execution_end=214572882 execution_duration_ms=10805
[2026-01-30 15:02:10.706] [info] [spider.worker] [TIMING] task_id=d6728918-feda-47e7-a701-e4a2029bcd7a func=job_orchestration.executor.compress.spider_compress.compress submit_output_start=214572884 submit_output_end=214572914 submit_output_duration_ms=30
[2026-01-30 15:02:10.750] [info] [spider.worker] [TIMING] task_id=f1dbb3c5-dbd9-4820-a9a4-a12242777ea8 func=job_orchestration.executor.compress.spider_compress.compress fetch_input_start=214572934 fetch_input_end=214572959 fetch_input_duration_ms=24
[2026-01-30 15:02:45.607] [info] [spider.worker] [TIMING] task_id=f1dbb3c5-dbd9-4820-a9a4-a12242777ea8 func=job_orchestration.executor.compress.spider_compress.compress execution_start=214572959 execution_end=214607816 execution_duration_ms=34856
[2026-01-30 15:02:45.640] [info] [spider.worker] [TIMING] task_id=f1dbb3c5-dbd9-4820-a9a4-a12242777ea8 func=job_orchestration.executor.compress.spider_compress.compress submit_output_start=214607833 submit_output_end=214607849 submit_output_duration_ms=15
[2026-01-30 15:02:45.660] [info] [spider.worker] [TIMING] task_id=7c99cfdb-066e-41dc-bf64-9d89894de8be func=job_orchestration.executor.compress.spider_compress.compress fetch_input_start=214607867 fetch_input_end=214607868 fetch_input_duration_ms=0
[2026-01-30 15:02:54.554] [info] [spider.worker] [TIMING] task_id=7c99cfdb-066e-41dc-bf64-9d89894de8be func=job_orchestration.executor.compress.spider_compress.compress execution_start=214607869 execution_end=214616762 execution_duration_ms=8893
[2026-01-30 15:02:54.565] [info] [spider.worker] [TIMING] task_id=7c99cfdb-066e-41dc-bf64-9d89894de8be func=job_orchestration.executor.compress.spider_compress.compress submit_output_start=214616765 submit_output_end=214616773 submit_output_duration_ms=8
[2026-01-30 15:02:54.584] [info] [spider.worker] [TIMING] task_id=06fbd82f-4537-49e0-9b26-990ca5f7992c func=job_orchestration.executor.compress.spider_compress.compress fetch_input_start=214616792 fetch_input_end=214616793 fetch_input_duration_ms=0
[2026-01-30 15:03:05.499] [info] [spider.worker] [TIMING] task_id=06fbd82f-4537-49e0-9b26-990ca5f7992c func=job_orchestration.executor.compress.spider_compress.compress execution_start=214616793 execution_end=214627708 execution_duration_ms=10914
[2026-01-30 15:03:05.514] [info] [spider.worker] [TIMING] task_id=06fbd82f-4537-49e0-9b26-990ca5f7992c func=job_orchestration.executor.compress.spider_compress.compress submit_output_start=214627710 submit_output_end=214627723 submit_output_duration_ms=12
[2026-01-30 15:03:05.542] [info] [spider.worker] [TIMING] task_id=6a1924fb-763f-4bc7-b1fe-a6cc5d6aac3b func=job_orchestration.executor.compress.spider_compress.compress fetch_input_start=214627749 fetch_input_end=214627751 fetch_input_duration_ms=1
[2026-01-30 15:04:02.526] [info] [spider.worker] [TIMING] task_id=6a1924fb-763f-4bc7-b1fe-a6cc5d6aac3b func=job_orchestration.executor.compress.spider_compress.compress execution_start=214627752 execution_end=214684734 execution_duration_ms=56982
[2026-01-30 15:04:02.535] [info] [spider.worker] [TIMING] task_id=6a1924fb-763f-4bc7-b1fe-a6cc5d6aac3b func=job_orchestration.executor.compress.spider_compress.compress submit_output_start=214684736 submit_output_end=214684744 submit_output_duration_ms=7
[2026-01-30 15:04:02.555] [info] [spider.worker] [TIMING] task_id=70b84791-9410-4ca6-8b03-bc999b65bfe6 func=job_orchestration.executor.compress.spider_compress.compress fetch_input_start=214684762 fetch_input_end=214684763 fetch_input_duration_ms=0
[2026-01-30 15:04:13.494] [info] [spider.worker] [TIMING] task_id=70b84791-9410-4ca6-8b03-bc999b65bfe6 func=job_orchestration.executor.compress.spider_compress.compress execution_start=214684764 execution_end=214695702 execution_duration_ms=10938
[2026-01-30 15:04:13.510] [info] [spider.worker] [TIMING] task_id=70b84791-9410-4ca6-8b03-bc999b65bfe6 func=job_orchestration.executor.compress.spider_compress.compress submit_output_start=214695705 submit_output_end=214695718 submit_output_duration_ms=12
[2026-01-30 15:04:13.529] [info] [spider.worker] [TIMING] task_id=abd75b79-1a02-4748-9564-6c38f02e03ec func=job_orchestration.executor.compress.spider_compress.compress fetch_input_start=214695736 fetch_input_end=214695737 fetch_input_duration_ms=1
[2026-01-30 15:04:45.447] [info] [spider.worker] [TIMING] task_id=abd75b79-1a02-4748-9564-6c38f02e03ec func=job_orchestration.executor.compress.spider_compress.compress execution_start=214695738 execution_end=214727655 execution_duration_ms=31917
[2026-01-30 15:04:45.477] [info] [spider.worker] [TIMING] task_id=abd75b79-1a02-4748-9564-6c38f02e03ec func=job_orchestration.executor.compress.spider_compress.compress submit_output_start=214727657 submit_output_end=214727685 submit_output_duration_ms=28
[2026-01-30 15:04:45.501] [info] [spider.worker] [TIMING] task_id=508ca2f0-1faf-4554-a954-8dfdf74b8cfe func=job_orchestration.executor.compress.spider_compress.compress fetch_input_start=214727708 fetch_input_end=214727709 fetch_input_duration_ms=1
[2026-01-30 15:04:55.472] [info] [spider.worker] [TIMING] task_id=508ca2f0-1faf-4554-a954-8dfdf74b8cfe func=job_orchestration.executor.compress.spider_compress.compress execution_start=214727710 execution_end=214737681 execution_duration_ms=9971
[2026-01-30 15:04:55.490] [info] [spider.worker] [TIMING] task_id=508ca2f0-1faf-4554-a954-8dfdf74b8cfe func=job_orchestration.executor.compress.spider_compress.compress submit_output_start=214737683 submit_output_end=214737698 submit_output_duration_ms=14
[2026-01-30 15:04:55.509] [info] [spider.worker] [TIMING] task_id=d3cefe5d-c925-4025-9451-366f34f2df1a func=job_orchestration.executor.compress.spider_compress.compress fetch_input_start=214737717 fetch_input_end=214737718 fetch_input_duration_ms=1
[2026-01-30 15:05:35.506] [info] [spider.worker] [TIMING] task_id=d3cefe5d-c925-4025-9451-366f34f2df1a func=job_orchestration.executor.compress.spider_compress.compress execution_start=214737719 execution_end=214777714 execution_duration_ms=39995
[2026-01-30 15:05:35.586] [info] [spider.worker] [TIMING] task_id=d3cefe5d-c925-4025-9451-366f34f2df1a func=job_orchestration.executor.compress.spider_compress.compress submit_output_start=214777730 submit_output_end=214777795 submit_output_duration_ms=64
[2026-01-30 15:05:35.756] [info] [spider.worker] [TIMING] task_id=3e518f4d-2c8d-482e-9726-322ef79a527e func=job_orchestration.executor.compress.spider_compress.compress fetch_input_start=214777963 fetch_input_end=214777964 fetch_input_duration_ms=0
[2026-01-30 15:05:50.954] [info] [spider.worker] [TIMING] task_id=3e518f4d-2c8d-482e-9726-322ef79a527e func=job_orchestration.executor.compress.spider_compress.compress execution_start=214777965 execution_end=214793163 execution_duration_ms=15198
[2026-01-30 15:05:50.968] [info] [spider.worker] [TIMING] task_id=3e518f4d-2c8d-482e-9726-322ef79a527e func=job_orchestration.executor.compress.spider_compress.compress submit_output_start=214793165 submit_output_end=214793177 submit_output_duration_ms=11
[2026-01-30 15:05:50.979] [info] [spider.worker] [TIMING] task_id=7aedd97e-23c9-4a33-bd0f-9be808b538b7 func=job_orchestration.executor.compress.spider_compress.compress fetch_input_start=214793186 fetch_input_end=214793188 fetch_input_duration_ms=1
[2026-01-30 15:06:48.692] [info] [spider.worker] [TIMING] task_id=7aedd97e-23c9-4a33-bd0f-9be808b538b7 func=job_orchestration.executor.compress.spider_compress.compress execution_start=214793188 execution_end=214850900 execution_duration_ms=57711
[2026-01-30 15:06:48.747] [info] [spider.worker] [TIMING] task_id=7aedd97e-23c9-4a33-bd0f-9be808b538b7 func=job_orchestration.executor.compress.spider_compress.compress submit_output_start=214850914 submit_output_end=214850955 submit_output_duration_ms=41
[2026-01-30 15:06:48.784] [info] [spider.worker] [TIMING] task_id=004b2052-3c5c-4560-8fca-9d66ce7dd064 func=job_orchestration.executor.compress.spider_compress.compress fetch_input_start=214850991 fetch_input_end=214850992 fetch_input_duration_ms=1
[2026-01-30 15:06:59.866] [info] [spider.worker] [TIMING] task_id=004b2052-3c5c-4560-8fca-9d66ce7dd064 func=job_orchestration.executor.compress.spider_compress.compress execution_start=214850993 execution_end=214862075 execution_duration_ms=11081
[2026-01-30 15:06:59.881] [info] [spider.worker] [TIMING] task_id=004b2052-3c5c-4560-8fca-9d66ce7dd064 func=job_orchestration.executor.compress.spider_compress.compress submit_output_start=214862076 submit_output_end=214862089 submit_output_duration_ms=12
[2026-01-30 15:06:59.919] [info] [spider.worker] [TIMING] task_id=06494dbd-b2b5-4839-b0cc-9769d0a85e35 func=job_orchestration.executor.compress.spider_compress.compress fetch_input_start=214862126 fetch_input_end=214862127 fetch_input_duration_ms=1
[2026-01-30 15:07:33.023] [info] [spider.worker] [TIMING] task_id=06494dbd-b2b5-4839-b0cc-9769d0a85e35 func=job_orchestration.executor.compress.spider_compress.compress execution_start=214862128 execution_end=214895231 execution_duration_ms=33103
[2026-01-30 15:07:33.044] [info] [spider.worker] [TIMING] task_id=06494dbd-b2b5-4839-b0cc-9769d0a85e35 func=job_orchestration.executor.compress.spider_compress.compress submit_output_start=214895237 submit_output_end=214895253 submit_output_duration_ms=16
[2026-01-30 15:07:33.054] [info] [spider.worker] [TIMING] task_id=a81fe89e-7cc9-48b0-b02b-e0cfce024ed7 func=job_orchestration.executor.compress.spider_compress.compress fetch_input_start=214895262 fetch_input_end=214895263 fetch_input_duration_ms=0
[2026-01-30 15:08:22.286] [info] [spider.worker] [TIMING] task_id=a81fe89e-7cc9-48b0-b02b-e0cfce024ed7 func=job_orchestration.executor.compress.spider_compress.compress execution_start=214895263 execution_end=214944494 execution_duration_ms=49231
[2026-01-30 15:08:22.299] [info] [spider.worker] [TIMING] task_id=a81fe89e-7cc9-48b0-b02b-e0cfce024ed7 func=job_orchestration.executor.compress.spider_compress.compress submit_output_start=214944496 submit_output_end=214944508 submit_output_duration_ms=11
[2026-01-30 15:08:22.310] [info] [spider.worker] [TIMING] task_id=4fcbab5b-a9a5-4274-b3bc-ea8178e0f472 func=job_orchestration.executor.compress.spider_compress.compress fetch_input_start=214944517 fetch_input_end=214944518 fetch_input_duration_ms=0
[2026-01-30 15:08:33.913] [info] [spider.worker] [TIMING] task_id=4fcbab5b-a9a5-4274-b3bc-ea8178e0f472 func=job_orchestration.executor.compress.spider_compress.compress execution_start=214944518 execution_end=214956122 execution_duration_ms=11603
[2026-01-30 15:08:33.950] [info] [spider.worker] [TIMING] task_id=4fcbab5b-a9a5-4274-b3bc-ea8178e0f472 func=job_orchestration.executor.compress.spider_compress.compress submit_output_start=214956123 submit_output_end=214956159 submit_output_duration_ms=35
[2026-01-30 15:08:34.034] [info] [spider.worker] [TIMING] task_id=d6b8cf8c-bd27-4607-948d-a0ff46ee8f3f func=job_orchestration.executor.compress.spider_compress.compress fetch_input_start=214956242 fetch_input_end=214956242 fetch_input_duration_ms=0
[2026-01-30 15:08:43.649] [info] [spider.worker] [TIMING] task_id=d6b8cf8c-bd27-4607-948d-a0ff46ee8f3f func=job_orchestration.executor.compress.spider_compress.compress execution_start=214956243 execution_end=214965858 execution_duration_ms=9614
[2026-01-30 15:08:43.673] [info] [spider.worker] [TIMING] task_id=d6b8cf8c-bd27-4607-948d-a0ff46ee8f3f func=job_orchestration.executor.compress.spider_compress.compress submit_output_start=214965860 submit_output_end=214965881 submit_output_duration_ms=21
[2026-01-30 15:08:43.683] [info] [spider.worker] [TIMING] task_id=266c60d5-4f4c-480f-bc0d-8076a6eb9601 func=job_orchestration.executor.compress.spider_compress.compress fetch_input_start=214965891 fetch_input_end=214965892 fetch_input_duration_ms=1
[2026-01-30 15:08:57.195] [info] [spider.worker] [TIMING] task_id=266c60d5-4f4c-480f-bc0d-8076a6eb9601 func=job_orchestration.executor.compress.spider_compress.compress execution_start=214965892 execution_end=214979403 execution_duration_ms=13511
[2026-01-30 15:08:57.222] [info] [spider.worker] [TIMING] task_id=266c60d5-4f4c-480f-bc0d-8076a6eb9601 func=job_orchestration.executor.compress.spider_compress.compress submit_output_start=214979405 submit_output_end=214979430 submit_output_duration_ms=24
[2026-01-30 15:08:57.263] [info] [spider.worker] [TIMING] task_id=65fe9c3d-eb05-45f8-b495-8eaf55e09f9b func=job_orchestration.executor.compress.spider_compress.compress fetch_input_start=214979470 fetch_input_end=214979471 fetch_input_duration_ms=0
[2026-01-30 15:09:07.580] [info] [spider.worker] [TIMING] task_id=65fe9c3d-eb05-45f8-b495-8eaf55e09f9b func=job_orchestration.executor.compress.spider_compress.compress execution_start=214979472 execution_end=214989788 execution_duration_ms=10316
[2026-01-30 15:09:07.596] [info] [spider.worker] [TIMING] task_id=65fe9c3d-eb05-45f8-b495-8eaf55e09f9b func=job_orchestration.executor.compress.spider_compress.compress submit_output_start=214989790 submit_output_end=214989804 submit_output_duration_ms=14
[2026-01-30 15:09:07.607] [info] [spider.worker] [TIMING] task_id=6d228566-6911-44a0-9fa9-0c0df5773971 func=job_orchestration.executor.compress.spider_compress.compress fetch_input_start=214989814 fetch_input_end=214989815 fetch_input_duration_ms=1
[2026-01-30 15:09:23.496] [info] [spider.worker] [TIMING] task_id=6d228566-6911-44a0-9fa9-0c0df5773971 func=job_orchestration.executor.compress.spider_compress.compress execution_start=214989816 execution_end=215005704 execution_duration_ms=15888
[2026-01-30 15:09:23.520] [info] [spider.worker] [TIMING] task_id=6d228566-6911-44a0-9fa9-0c0df5773971 func=job_orchestration.executor.compress.spider_compress.compress submit_output_start=215005706 submit_output_end=215005728 submit_output_duration_ms=21
[2026-01-30 15:09:23.549] [info] [spider.worker] [TIMING] task_id=ff70c733-0a71-4e89-8e93-5c0644d1c638 func=job_orchestration.executor.compress.spider_compress.compress fetch_input_start=215005756 fetch_input_end=215005757 fetch_input_duration_ms=1
[2026-01-30 15:09:33.455] [info] [spider.worker] [TIMING] task_id=ff70c733-0a71-4e89-8e93-5c0644d1c638 func=job_orchestration.executor.compress.spider_compress.compress execution_start=215005758 execution_end=215015663 execution_duration_ms=9905
[2026-01-30 15:09:33.488] [info] [spider.worker] [TIMING] task_id=ff70c733-0a71-4e89-8e93-5c0644d1c638 func=job_orchestration.executor.compress.spider_compress.compress submit_output_start=215015666 submit_output_end=215015696 submit_output_duration_ms=30
[2026-01-30 15:09:33.513] [info] [spider.worker] [TIMING] task_id=9b14a430-9ef2-45d2-96f8-5455e358c656 func=job_orchestration.executor.compress.spider_compress.compress fetch_input_start=215015720 fetch_input_end=215015721 fetch_input_duration_ms=0
[2026-01-30 15:09:50.004] [info] [spider.worker] [TIMING] task_id=9b14a430-9ef2-45d2-96f8-5455e358c656 func=job_orchestration.executor.compress.spider_compress.compress execution_start=215015722 execution_end=215032212 execution_duration_ms=16490
[2026-01-30 15:09:50.018] [info] [spider.worker] [TIMING] task_id=9b14a430-9ef2-45d2-96f8-5455e358c656 func=job_orchestration.executor.compress.spider_compress.compress submit_output_start=215032214 submit_output_end=215032226 submit_output_duration_ms=11
[2026-01-30 15:09:50.037] [info] [spider.worker] [TIMING] task_id=c8555bd1-e4ec-4322-be86-8f066577bd71 func=job_orchestration.executor.compress.spider_compress.compress fetch_input_start=215032244 fetch_input_end=215032246 fetch_input_duration_ms=1
[2026-01-30 15:10:29.705] [info] [spider.worker] [TIMING] task_id=c8555bd1-e4ec-4322-be86-8f066577bd71 func=job_orchestration.executor.compress.spider_compress.compress execution_start=215032247 execution_end=215071913 execution_duration_ms=39666
[2026-01-30 15:10:29.779] [info] [spider.worker] [TIMING] task_id=c8555bd1-e4ec-4322-be86-8f066577bd71 func=job_orchestration.executor.compress.spider_compress.compress submit_output_start=215071916 submit_output_end=215071987 submit_output_duration_ms=71
[2026-01-30 15:10:29.823] [info] [spider.worker] [TIMING] task_id=153e673a-e03b-456e-a329-ecdb725c46e3 func=job_orchestration.executor.compress.spider_compress.compress fetch_input_start=215072030 fetch_input_end=215072031 fetch_input_duration_ms=1
[2026-01-30 15:10:41.222] [info] [spider.worker] [TIMING] task_id=153e673a-e03b-456e-a329-ecdb725c46e3 func=job_orchestration.executor.compress.spider_compress.compress execution_start=215072032 execution_end=215083430 execution_duration_ms=11397
[2026-01-30 15:10:41.239] [info] [spider.worker] [TIMING] task_id=153e673a-e03b-456e-a329-ecdb725c46e3 func=job_orchestration.executor.compress.spider_compress.compress submit_output_start=215083432 submit_output_end=215083448 submit_output_duration_ms=15
[2026-01-30 15:10:41.250] [info] [spider.worker] [TIMING] task_id=b174d903-701d-4a45-9f45-eb9c0eb4bb64 func=job_orchestration.executor.compress.spider_compress.compress fetch_input_start=215083457 fetch_input_end=215083458 fetch_input_duration_ms=0
[2026-01-30 15:11:21.607] [info] [spider.worker] [TIMING] task_id=b174d903-701d-4a45-9f45-eb9c0eb4bb64 func=job_orchestration.executor.compress.spider_compress.compress execution_start=215083458 execution_end=215123815 execution_duration_ms=40356
[2026-01-30 15:11:21.642] [info] [spider.worker] [TIMING] task_id=b174d903-701d-4a45-9f45-eb9c0eb4bb64 func=job_orchestration.executor.compress.spider_compress.compress submit_output_start=215123817 submit_output_end=215123850 submit_output_duration_ms=33
[2026-01-30 15:11:21.663] [info] [spider.worker] [TIMING] task_id=eec09bff-9256-464e-b669-848500cf573e func=job_orchestration.executor.compress.spider_compress.compress fetch_input_start=215123870 fetch_input_end=215123871 fetch_input_duration_ms=0
[2026-01-30 15:11:43.449] [info] [spider.worker] [TIMING] task_id=eec09bff-9256-464e-b669-848500cf573e func=job_orchestration.executor.compress.spider_compress.compress execution_start=215123872 execution_end=215145657 execution_duration_ms=21785
[2026-01-30 15:11:43.476] [info] [spider.worker] [TIMING] task_id=eec09bff-9256-464e-b669-848500cf573e func=job_orchestration.executor.compress.spider_compress.compress submit_output_start=215145659 submit_output_end=215145684 submit_output_duration_ms=25
[2026-01-30 15:11:43.496] [info] [spider.worker] [TIMING] task_id=34a86cae-89ea-4df2-ad65-9cbb5cdc9d7a func=job_orchestration.executor.compress.spider_compress.compress fetch_input_start=215145703 fetch_input_end=215145704 fetch_input_duration_ms=1
[2026-01-30 15:12:23.506] [info] [spider.worker] [TIMING] task_id=34a86cae-89ea-4df2-ad65-9cbb5cdc9d7a func=job_orchestration.executor.compress.spider_compress.compress execution_start=215145705 execution_end=215185714 execution_duration_ms=40009
[2026-01-30 15:12:23.531] [info] [spider.worker] [TIMING] task_id=34a86cae-89ea-4df2-ad65-9cbb5cdc9d7a func=job_orchestration.executor.compress.spider_compress.compress submit_output_start=215185716 submit_output_end=215185739 submit_output_duration_ms=23
[2026-01-30 15:17:10.214] [info] [spider.worker] [TIMING] task_id=64351985-32d1-4da5-a37c-62a3b9770d49 func=job_orchestration.executor.query.spider_search_task.search_without_channel fetch_input_start=215472421 fetch_input_end=215472423 fetch_input_duration_ms=1
[2026-01-30 15:17:11.500] [info] [spider.worker] [TIMING] task_id=64351985-32d1-4da5-a37c-62a3b9770d49 func=job_orchestration.executor.query.spider_search_task.search_without_channel execution_start=215472425 execution_end=215473708 execution_duration_ms=1283
[2026-01-30 15:17:11.545] [info] [spider.worker] [TIMING] task_id=64351985-32d1-4da5-a37c-62a3b9770d49 func=job_orchestration.executor.query.spider_search_task.search_without_channel submit_output_start=215473712 submit_output_end=215473753 submit_output_duration_ms=41
[2026-01-30 15:17:11.614] [info] [spider.worker] [TIMING] task_id=892900f7-1cdd-4adb-8cff-b5b84b77f031 func=job_orchestration.executor.query.spider_search_task.search_without_channel fetch_input_start=215473821 fetch_input_end=215473823 fetch_input_duration_ms=1
[2026-01-30 15:17:12.968] [info] [spider.worker] [TIMING] task_id=892900f7-1cdd-4adb-8cff-b5b84b77f031 func=job_orchestration.executor.query.spider_search_task.search_without_channel execution_start=215473823 execution_end=215475176 execution_duration_ms=1352
[2026-01-30 15:17:12.998] [info] [spider.worker] [TIMING] task_id=892900f7-1cdd-4adb-8cff-b5b84b77f031 func=job_orchestration.executor.query.spider_search_task.search_without_channel submit_output_start=215475177 submit_output_end=215475207 submit_output_duration_ms=29
[2026-01-30 15:17:13.018] [info] [spider.worker] [TIMING] task_id=d17c796f-62ca-4f4a-98c9-fa00d7a6097f func=job_orchestration.executor.query.spider_search_task.search_without_channel fetch_input_start=215475226 fetch_input_end=215475226 fetch_input_duration_ms=0
[2026-01-30 15:17:14.129] [info] [spider.worker] [TIMING] task_id=d17c796f-62ca-4f4a-98c9-fa00d7a6097f func=job_orchestration.executor.query.spider_search_task.search_without_channel execution_start=215475227 execution_end=215476337 execution_duration_ms=1110
[2026-01-30 15:17:14.141] [info] [spider.worker] [TIMING] task_id=d17c796f-62ca-4f4a-98c9-fa00d7a6097f func=job_orchestration.executor.query.spider_search_task.search_without_channel submit_output_start=215476339 submit_output_end=215476349 submit_output_duration_ms=10
[2026-01-30 15:17:14.185] [info] [spider.worker] [TIMING] task_id=31093fc0-fc13-4ca0-aacd-01da855d5bef func=job_orchestration.executor.query.spider_search_task.search_without_channel fetch_input_start=215476393 fetch_input_end=215476394 fetch_input_duration_ms=0
[2026-01-30 15:17:15.472] [info] [spider.worker] [TIMING] task_id=31093fc0-fc13-4ca0-aacd-01da855d5bef func=job_orchestration.executor.query.spider_search_task.search_without_channel execution_start=215476394 execution_end=215477681 execution_duration_ms=1286
[2026-01-30 15:17:15.536] [info] [spider.worker] [TIMING] task_id=31093fc0-fc13-4ca0-aacd-01da855d5bef func=job_orchestration.executor.query.spider_search_task.search_without_channel submit_output_start=215477682 submit_output_end=215477745 submit_output_duration_ms=62
[2026-01-30 15:17:15.607] [info] [spider.worker] [TIMING] task_id=66efebed-1634-411b-b2ba-2a9eef8c0361 func=job_orchestration.executor.query.spider_search_task.search_without_channel fetch_input_start=215477814 fetch_input_end=215477815 fetch_input_duration_ms=1
[2026-01-30 15:17:16.855] [info] [spider.worker] [TIMING] task_id=66efebed-1634-411b-b2ba-2a9eef8c0361 func=job_orchestration.executor.query.spider_search_task.search_without_channel execution_start=215477816 execution_end=215479063 execution_duration_ms=1247
[2026-01-30 15:17:17.008] [info] [spider.worker] [TIMING] task_id=66efebed-1634-411b-b2ba-2a9eef8c0361 func=job_orchestration.executor.query.spider_search_task.search_without_channel submit_output_start=215479065 submit_output_end=215479216 submit_output_duration_ms=151
[2026-01-30 15:17:17.044] [info] [spider.worker] [TIMING] task_id=40e52990-2c56-40cc-9aeb-2b8f859d745e func=job_orchestration.executor.query.spider_search_task.search_without_channel fetch_input_start=215479251 fetch_input_end=215479252 fetch_input_duration_ms=1
[2026-01-30 15:17:18.238] [info] [spider.worker] [TIMING] task_id=40e52990-2c56-40cc-9aeb-2b8f859d745e func=job_orchestration.executor.query.spider_search_task.search_without_channel execution_start=215479253 execution_end=215480446 execution_duration_ms=1193
[2026-01-30 15:17:18.275] [info] [spider.worker] [TIMING] task_id=40e52990-2c56-40cc-9aeb-2b8f859d745e func=job_orchestration.executor.query.spider_search_task.search_without_channel submit_output_start=215480448 submit_output_end=215480483 submit_output_duration_ms=35
[2026-01-30 15:17:18.320] [info] [spider.worker] [TIMING] task_id=bc6a2f55-aa99-4a25-85ee-039fc7cf70f0 func=job_orchestration.executor.query.spider_search_task.search_without_channel fetch_input_start=215480527 fetch_input_end=215480528 fetch_input_duration_ms=1
[2026-01-30 15:17:19.459] [info] [spider.worker] [TIMING] task_id=bc6a2f55-aa99-4a25-85ee-039fc7cf70f0 func=job_orchestration.executor.query.spider_search_task.search_without_channel execution_start=215480529 execution_end=215481668 execution_duration_ms=1139
[2026-01-30 15:17:19.517] [info] [spider.worker] [TIMING] task_id=bc6a2f55-aa99-4a25-85ee-039fc7cf70f0 func=job_orchestration.executor.query.spider_search_task.search_without_channel submit_output_start=215481705 submit_output_end=215481725 submit_output_duration_ms=20
[2026-01-30 15:17:19.557] [info] [spider.worker] [TIMING] task_id=5279fcd3-f00c-4cb4-997a-50b79ada1c7c func=job_orchestration.executor.query.spider_search_task.search_without_channel fetch_input_start=215481764 fetch_input_end=215481765 fetch_input_duration_ms=1
[2026-01-30 15:17:20.751] [info] [spider.worker] [TIMING] task_id=5279fcd3-f00c-4cb4-997a-50b79ada1c7c func=job_orchestration.executor.query.spider_search_task.search_without_channel execution_start=215481766 execution_end=215482959 execution_duration_ms=1193
[2026-01-30 15:17:20.791] [info] [spider.worker] [TIMING] task_id=5279fcd3-f00c-4cb4-997a-50b79ada1c7c func=job_orchestration.executor.query.spider_search_task.search_without_channel submit_output_start=215482961 submit_output_end=215482999 submit_output_duration_ms=37
[2026-01-30 15:17:20.811] [info] [spider.worker] [TIMING] task_id=7ce62a90-c8e6-454c-9373-a458a84b5102 func=job_orchestration.executor.query.spider_search_task.search_without_channel fetch_input_start=215483019 fetch_input_end=215483020 fetch_input_duration_ms=0
[2026-01-30 15:17:22.104] [info] [spider.worker] [TIMING] task_id=7ce62a90-c8e6-454c-9373-a458a84b5102 func=job_orchestration.executor.query.spider_search_task.search_without_channel execution_start=215483020 execution_end=215484312 execution_duration_ms=1291
[2026-01-30 15:17:22.117] [info] [spider.worker] [TIMING] task_id=7ce62a90-c8e6-454c-9373-a458a84b5102 func=job_orchestration.executor.query.spider_search_task.search_without_channel submit_output_start=215484314 submit_output_end=215484326 submit_output_duration_ms=11
[2026-01-30 15:17:22.180] [info] [spider.worker] [TIMING] task_id=1d7d513a-cca0-499a-b4e8-364dd43e8dfb func=job_orchestration.executor.query.spider_search_task.search_without_channel fetch_input_start=215484388 fetch_input_end=215484389 fetch_input_duration_ms=0
[2026-01-30 15:17:23.327] [info] [spider.worker] [TIMING] task_id=1d7d513a-cca0-499a-b4e8-364dd43e8dfb func=job_orchestration.executor.query.spider_search_task.search_without_channel execution_start=215484390 execution_end=215485535 execution_duration_ms=1145
[2026-01-30 15:17:23.351] [info] [spider.worker] [TIMING] task_id=1d7d513a-cca0-499a-b4e8-364dd43e8dfb func=job_orchestration.executor.query.spider_search_task.search_without_channel submit_output_start=215485537 submit_output_end=215485559 submit_output_duration_ms=22
[2026-01-30 15:17:23.400] [info] [spider.worker] [TIMING] task_id=cc84fdcb-97df-46c9-ab0f-45d31d6e28eb func=job_orchestration.executor.query.spider_search_task.search_without_channel fetch_input_start=215485607 fetch_input_end=215485608 fetch_input_duration_ms=1
[2026-01-30 15:17:24.542] [info] [spider.worker] [TIMING] task_id=cc84fdcb-97df-46c9-ab0f-45d31d6e28eb func=job_orchestration.executor.query.spider_search_task.search_without_channel execution_start=215485609 execution_end=215486751 execution_duration_ms=1141
[2026-01-30 15:17:24.578] [info] [spider.worker] [TIMING] task_id=cc84fdcb-97df-46c9-ab0f-45d31d6e28eb func=job_orchestration.executor.query.spider_search_task.search_without_channel submit_output_start=215486767 submit_output_end=215486786 submit_output_duration_ms=19
[2026-01-30 15:17:24.636] [info] [spider.worker] [TIMING] task_id=ccde1160-0931-44fe-aedd-9ca3b7f4ba7a func=job_orchestration.executor.query.spider_search_task.search_without_channel fetch_input_start=215486844 fetch_input_end=215486845 fetch_input_duration_ms=1
[2026-01-30 15:17:25.810] [info] [spider.worker] [TIMING] task_id=ccde1160-0931-44fe-aedd-9ca3b7f4ba7a func=job_orchestration.executor.query.spider_search_task.search_without_channel execution_start=215486846 execution_end=215488018 execution_duration_ms=1172
[2026-01-30 15:17:25.870] [info] [spider.worker] [TIMING] task_id=ccde1160-0931-44fe-aedd-9ca3b7f4ba7a func=job_orchestration.executor.query.spider_search_task.search_without_channel submit_output_start=215488020 submit_output_end=215488078 submit_output_duration_ms=58
[2026-01-30 15:17:25.906] [info] [spider.worker] [TIMING] task_id=bed1a371-5e5f-4c24-80e5-56b879e06174 func=job_orchestration.executor.query.spider_search_task.search_without_channel fetch_input_start=215488113 fetch_input_end=215488114 fetch_input_duration_ms=0
[2026-01-30 15:17:27.031] [info] [spider.worker] [TIMING] task_id=bed1a371-5e5f-4c24-80e5-56b879e06174 func=job_orchestration.executor.query.spider_search_task.search_without_channel execution_start=215488115 execution_end=215489239 execution_duration_ms=1124
[2026-01-30 15:17:27.061] [info] [spider.worker] [TIMING] task_id=bed1a371-5e5f-4c24-80e5-56b879e06174 func=job_orchestration.executor.query.spider_search_task.search_without_channel submit_output_start=215489248 submit_output_end=215489270 submit_output_duration_ms=21
[2026-01-30 15:17:27.101] [info] [spider.worker] [TIMING] task_id=c44bc4ff-7b9e-4968-bb3b-d390ecab6fa1 func=job_orchestration.executor.query.spider_search_task.search_without_channel fetch_input_start=215489309 fetch_input_end=215489310 fetch_input_duration_ms=1
[2026-01-30 15:17:28.551] [info] [spider.worker] [TIMING] task_id=c44bc4ff-7b9e-4968-bb3b-d390ecab6fa1 func=job_orchestration.executor.query.spider_search_task.search_without_channel execution_start=215489311 execution_end=215490759 execution_duration_ms=1448
[2026-01-30 15:17:28.587] [info] [spider.worker] [TIMING] task_id=c44bc4ff-7b9e-4968-bb3b-d390ecab6fa1 func=job_orchestration.executor.query.spider_search_task.search_without_channel submit_output_start=215490761 submit_output_end=215490795 submit_output_duration_ms=34
[2026-01-30 15:17:28.598] [info] [spider.worker] [TIMING] task_id=3b38e020-b13a-47c1-a75c-eba2b316307d func=job_orchestration.executor.query.spider_search_task.search_without_channel fetch_input_start=215490805 fetch_input_end=215490806 fetch_input_duration_ms=1
[2026-01-30 15:17:29.930] [info] [spider.worker] [TIMING] task_id=3b38e020-b13a-47c1-a75c-eba2b316307d func=job_orchestration.executor.query.spider_search_task.search_without_channel execution_start=215490807 execution_end=215492139 execution_duration_ms=1331
[2026-01-30 15:17:29.945] [info] [spider.worker] [TIMING] task_id=3b38e020-b13a-47c1-a75c-eba2b316307d func=job_orchestration.executor.query.spider_search_task.search_without_channel submit_output_start=215492141 submit_output_end=215492153 submit_output_duration_ms=12
[2026-01-30 15:17:29.999] [info] [spider.worker] [TIMING] task_id=610d6cd4-729c-45b6-9d67-fabc8190bbdf func=job_orchestration.executor.query.spider_search_task.search_without_channel fetch_input_start=215492206 fetch_input_end=215492207 fetch_input_duration_ms=1
[2026-01-30 15:17:31.157] [info] [spider.worker] [TIMING] task_id=610d6cd4-729c-45b6-9d67-fabc8190bbdf func=job_orchestration.executor.query.spider_search_task.search_without_channel execution_start=215492208 execution_end=215493366 execution_duration_ms=1157
[2026-01-30 15:17:31.170] [info] [spider.worker] [TIMING] task_id=610d6cd4-729c-45b6-9d67-fabc8190bbdf func=job_orchestration.executor.query.spider_search_task.search_without_channel submit_output_start=215493367 submit_output_end=215493379 submit_output_duration_ms=11
[2026-01-30 15:17:31.215] [info] [spider.worker] [TIMING] task_id=b10c9e97-beb0-439a-b2d9-068898903b17 func=job_orchestration.executor.query.spider_search_task.search_without_channel fetch_input_start=215493422 fetch_input_end=215493423 fetch_input_duration_ms=0
[2026-01-30 15:17:32.569] [info] [spider.worker] [TIMING] task_id=b10c9e97-beb0-439a-b2d9-068898903b17 func=job_orchestration.executor.query.spider_search_task.search_without_channel execution_start=215493424 execution_end=215494777 execution_duration_ms=1353
[2026-01-30 15:17:32.621] [info] [spider.worker] [TIMING] task_id=b10c9e97-beb0-439a-b2d9-068898903b17 func=job_orchestration.executor.query.spider_search_task.search_without_channel submit_output_start=215494781 submit_output_end=215494829 submit_output_duration_ms=48
[2026-01-30 15:17:32.639] [info] [spider.worker] [TIMING] task_id=24b4e485-0aee-49a6-a47b-9720dd4a6e66 func=job_orchestration.executor.query.spider_search_task.search_without_channel fetch_input_start=215494847 fetch_input_end=215494848 fetch_input_duration_ms=0
[2026-01-30 15:17:33.805] [info] [spider.worker] [TIMING] task_id=24b4e485-0aee-49a6-a47b-9720dd4a6e66 func=job_orchestration.executor.query.spider_search_task.search_without_channel execution_start=215494848 execution_end=215496013 execution_duration_ms=1164
[2026-01-30 15:17:33.859] [info] [spider.worker] [TIMING] task_id=24b4e485-0aee-49a6-a47b-9720dd4a6e66 func=job_orchestration.executor.query.spider_search_task.search_without_channel submit_output_start=215496014 submit_output_end=215496067 submit_output_duration_ms=52
[2026-01-30 15:17:33.903] [info] [spider.worker] [TIMING] task_id=84a6bd30-6edd-4214-9ed7-f046c9d244bd func=job_orchestration.executor.query.spider_search_task.search_without_channel fetch_input_start=215496111 fetch_input_end=215496111 fetch_input_duration_ms=0
[2026-01-30 15:17:35.145] [info] [spider.worker] [TIMING] task_id=84a6bd30-6edd-4214-9ed7-f046c9d244bd func=job_orchestration.executor.query.spider_search_task.search_without_channel execution_start=215496112 execution_end=215497353 execution_duration_ms=1240
[2026-01-30 15:17:35.170] [info] [spider.worker] [TIMING] task_id=84a6bd30-6edd-4214-9ed7-f046c9d244bd func=job_orchestration.executor.query.spider_search_task.search_without_channel submit_output_start=215497355 submit_output_end=215497379 submit_output_duration_ms=23
[2026-01-30 15:17:35.190] [info] [spider.worker] [TIMING] task_id=f3b92c82-9f36-4830-9975-75ff7576f0a8 func=job_orchestration.executor.query.spider_search_task.search_without_channel fetch_input_start=215497397 fetch_input_end=215497398 fetch_input_duration_ms=0
[2026-01-30 15:17:36.468] [info] [spider.worker] [TIMING] task_id=f3b92c82-9f36-4830-9975-75ff7576f0a8 func=job_orchestration.executor.query.spider_search_task.search_without_channel execution_start=215497399 execution_end=215498676 execution_duration_ms=1276
[2026-01-30 15:17:36.604] [info] [spider.worker] [TIMING] task_id=f3b92c82-9f36-4830-9975-75ff7576f0a8 func=job_orchestration.executor.query.spider_search_task.search_without_channel submit_output_start=215498683 submit_output_end=215498813 submit_output_duration_ms=129
[2026-01-30 15:17:36.744] [info] [spider.worker] [TIMING] task_id=694ebd6a-686a-4819-8447-e262791b6147 func=job_orchestration.executor.query.spider_search_task.search_without_channel fetch_input_start=215498952 fetch_input_end=215498953 fetch_input_duration_ms=0
[2026-01-30 15:17:37.847] [info] [spider.worker] [TIMING] task_id=694ebd6a-686a-4819-8447-e262791b6147 func=job_orchestration.executor.query.spider_search_task.search_without_channel execution_start=215498953 execution_end=215500056 execution_duration_ms=1102
[2026-01-30 15:17:37.878] [info] [spider.worker] [TIMING] task_id=694ebd6a-686a-4819-8447-e262791b6147 func=job_orchestration.executor.query.spider_search_task.search_without_channel submit_output_start=215500057 submit_output_end=215500086 submit_output_duration_ms=28
[2026-01-30 15:17:37.899] [info] [spider.worker] [TIMING] task_id=814b1fc7-4bc8-4d4f-8b52-f6fec7baa4fc func=job_orchestration.executor.query.spider_search_task.search_without_channel fetch_input_start=215500107 fetch_input_end=215500108 fetch_input_duration_ms=1
[2026-01-30 15:17:39.048] [info] [spider.worker] [TIMING] task_id=814b1fc7-4bc8-4d4f-8b52-f6fec7baa4fc func=job_orchestration.executor.query.spider_search_task.search_without_channel execution_start=215500109 execution_end=215501256 execution_duration_ms=1147
[2026-01-30 15:17:39.081] [info] [spider.worker] [TIMING] task_id=814b1fc7-4bc8-4d4f-8b52-f6fec7baa4fc func=job_orchestration.executor.query.spider_search_task.search_without_channel submit_output_start=215501258 submit_output_end=215501289 submit_output_duration_ms=31
[2026-01-30 15:17:39.099] [info] [spider.worker] [TIMING] task_id=7ecf6234-ebfb-4fe3-8231-db0081ed4c6d func=job_orchestration.executor.query.spider_search_task.search_without_channel fetch_input_start=215501307 fetch_input_end=215501308 fetch_input_duration_ms=1
[2026-01-30 15:17:40.509] [info] [spider.worker] [TIMING] task_id=7ecf6234-ebfb-4fe3-8231-db0081ed4c6d func=job_orchestration.executor.query.spider_search_task.search_without_channel execution_start=215501308 execution_end=215502717 execution_duration_ms=1408
[2026-01-30 15:17:40.564] [info] [spider.worker] [TIMING] task_id=7ecf6234-ebfb-4fe3-8231-db0081ed4c6d func=job_orchestration.executor.query.spider_search_task.search_without_channel submit_output_start=215502718 submit_output_end=215502772 submit_output_duration_ms=53
[2026-01-30 15:17:40.622] [info] [spider.worker] [TIMING] task_id=83c47ab4-b6d9-407c-bfa5-ccf87c4711eb func=job_orchestration.executor.query.spider_search_task.search_without_channel fetch_input_start=215502830 fetch_input_end=215502830 fetch_input_duration_ms=0
[2026-01-30 15:17:41.787] [info] [spider.worker] [TIMING] task_id=83c47ab4-b6d9-407c-bfa5-ccf87c4711eb func=job_orchestration.executor.query.spider_search_task.search_without_channel execution_start=215502831 execution_end=215503996 execution_duration_ms=1164
[2026-01-30 15:17:41.805] [info] [spider.worker] [TIMING] task_id=83c47ab4-b6d9-407c-bfa5-ccf87c4711eb func=job_orchestration.executor.query.spider_search_task.search_without_channel submit_output_start=215503997 submit_output_end=215504013 submit_output_duration_ms=16
[2026-01-30 15:17:41.816] [info] [spider.worker] [TIMING] task_id=d118ba1b-270e-4d93-b870-2afaddcd9499 func=job_orchestration.executor.query.spider_search_task.search_without_channel fetch_input_start=215504023 fetch_input_end=215504024 fetch_input_duration_ms=0
[2026-01-30 15:17:43.148] [info] [spider.worker] [TIMING] task_id=d118ba1b-270e-4d93-b870-2afaddcd9499 func=job_orchestration.executor.query.spider_search_task.search_without_channel execution_start=215504025 execution_end=215505357 execution_duration_ms=1331
[2026-01-30 15:17:43.184] [info] [spider.worker] [TIMING] task_id=d118ba1b-270e-4d93-b870-2afaddcd9499 func=job_orchestration.executor.query.spider_search_task.search_without_channel submit_output_start=215505359 submit_output_end=215505393 submit_output_duration_ms=33
[2026-01-30 15:17:43.208] [info] [spider.worker] [TIMING] task_id=95d3721b-80ab-4262-b5fa-6d15f2ba4b68 func=job_orchestration.executor.query.spider_search_task.search_without_channel fetch_input_start=215505415 fetch_input_end=215505416 fetch_input_duration_ms=0
[2026-01-30 15:17:44.467] [info] [spider.worker] [TIMING] task_id=95d3721b-80ab-4262-b5fa-6d15f2ba4b68 func=job_orchestration.executor.query.spider_search_task.search_without_channel execution_start=215505417 execution_end=215506675 execution_duration_ms=1258
[2026-01-30 15:17:44.537] [info] [spider.worker] [TIMING] task_id=95d3721b-80ab-4262-b5fa-6d15f2ba4b68 func=job_orchestration.executor.query.spider_search_task.search_without_channel submit_output_start=215506677 submit_output_end=215506746 submit_output_duration_ms=68
[2026-01-30 15:17:44.582] [info] [spider.worker] [TIMING] task_id=80c61cf8-1888-4b15-9c73-3eb2fcd7897a func=job_orchestration.executor.query.spider_search_task.search_without_channel fetch_input_start=215506789 fetch_input_end=215506790 fetch_input_duration_ms=1
[2026-01-30 15:17:45.843] [info] [spider.worker] [TIMING] task_id=80c61cf8-1888-4b15-9c73-3eb2fcd7897a func=job_orchestration.executor.query.spider_search_task.search_without_channel execution_start=215506791 execution_end=215508051 execution_duration_ms=1260
[2026-01-30 15:17:45.856] [info] [spider.worker] [TIMING] task_id=80c61cf8-1888-4b15-9c73-3eb2fcd7897a func=job_orchestration.executor.query.spider_search_task.search_without_channel submit_output_start=215508053 submit_output_end=215508064 submit_output_duration_ms=11
[2026-01-30 15:17:45.894] [info] [spider.worker] [TIMING] task_id=f4bf7779-f129-497a-9f31-8080d68b3361 func=job_orchestration.executor.query.spider_search_task.search_without_channel fetch_input_start=215508101 fetch_input_end=215508102 fetch_input_duration_ms=0
[2026-01-30 15:17:47.141] [info] [spider.worker] [TIMING] task_id=f4bf7779-f129-497a-9f31-8080d68b3361 func=job_orchestration.executor.query.spider_search_task.search_without_channel execution_start=215508103 execution_end=215509349 execution_duration_ms=1246
[2026-01-30 15:17:47.203] [info] [spider.worker] [TIMING] task_id=f4bf7779-f129-497a-9f31-8080d68b3361 func=job_orchestration.executor.query.spider_search_task.search_without_channel submit_output_start=215509351 submit_output_end=215509411 submit_output_duration_ms=60
[2026-01-30 15:17:47.264] [info] [spider.worker] [TIMING] task_id=fc777c21-3778-4134-9b27-ae2bde738834 func=job_orchestration.executor.query.spider_search_task.search_without_channel fetch_input_start=215509471 fetch_input_end=215509472 fetch_input_duration_ms=0
[2026-01-30 15:17:48.478] [info] [spider.worker] [TIMING] task_id=fc777c21-3778-4134-9b27-ae2bde738834 func=job_orchestration.executor.query.spider_search_task.search_without_channel execution_start=215509473 execution_end=215510686 execution_duration_ms=1213
[2026-01-30 15:17:48.498] [info] [spider.worker] [TIMING] task_id=fc777c21-3778-4134-9b27-ae2bde738834 func=job_orchestration.executor.query.spider_search_task.search_without_channel submit_output_start=215510688 submit_output_end=215510706 submit_output_duration_ms=18
[2026-01-30 15:17:48.533] [info] [spider.worker] [TIMING] task_id=7659ac5b-5469-46f0-a923-eba9ff229abb func=job_orchestration.executor.query.spider_search_task.search_without_channel fetch_input_start=215510741 fetch_input_end=215510742 fetch_input_duration_ms=0
[2026-01-30 15:17:49.877] [info] [spider.worker] [TIMING] task_id=7659ac5b-5469-46f0-a923-eba9ff229abb func=job_orchestration.executor.query.spider_search_task.search_without_channel execution_start=215510743 execution_end=215512085 execution_duration_ms=1342
[2026-01-30 15:17:49.923] [info] [spider.worker] [TIMING] task_id=7659ac5b-5469-46f0-a923-eba9ff229abb func=job_orchestration.executor.query.spider_search_task.search_without_channel submit_output_start=215512086 submit_output_end=215512131 submit_output_duration_ms=44
[2026-01-30 15:17:49.964] [info] [spider.worker] [TIMING] task_id=9624294c-30a6-4d24-a961-c4c511a73385 func=job_orchestration.executor.query.spider_search_task.search_without_channel fetch_input_start=215512171 fetch_input_end=215512172 fetch_input_duration_ms=0
[2026-01-30 15:17:51.157] [info] [spider.worker] [TIMING] task_id=9624294c-30a6-4d24-a961-c4c511a73385 func=job_orchestration.executor.query.spider_search_task.search_without_channel execution_start=215512173 execution_end=215513365 execution_duration_ms=1191
[2026-01-30 15:17:51.165] [info] [spider.worker] [TIMING] task_id=9624294c-30a6-4d24-a961-c4c511a73385 func=job_orchestration.executor.query.spider_search_task.search_without_channel submit_output_start=215513367 submit_output_end=215513373 submit_output_duration_ms=6
[2026-01-30 15:17:51.201] [info] [spider.worker] [TIMING] task_id=690a13f1-4cf6-4b8f-b16e-5caeacf85050 func=job_orchestration.executor.query.spider_search_task.search_without_channel fetch_input_start=215513408 fetch_input_end=215513409 fetch_input_duration_ms=0
[2026-01-30 15:17:52.502] [info] [spider.worker] [TIMING] task_id=690a13f1-4cf6-4b8f-b16e-5caeacf85050 func=job_orchestration.executor.query.spider_search_task.search_without_channel execution_start=215513410 execution_end=215514710 execution_duration_ms=1300
[2026-01-30 15:17:52.532] [info] [spider.worker] [TIMING] task_id=690a13f1-4cf6-4b8f-b16e-5caeacf85050 func=job_orchestration.executor.query.spider_search_task.search_without_channel submit_output_start=215514712 submit_output_end=215514740 submit_output_duration_ms=28
[2026-01-30 15:17:52.551] [info] [spider.worker] [TIMING] task_id=d5667fdb-92b7-4859-92c7-03b7570a3f1d func=job_orchestration.executor.query.spider_search_task.search_without_channel fetch_input_start=215514759 fetch_input_end=215514759 fetch_input_duration_ms=0
[2026-01-30 15:17:53.736] [info] [spider.worker] [TIMING] task_id=d5667fdb-92b7-4859-92c7-03b7570a3f1d func=job_orchestration.executor.query.spider_search_task.search_without_channel execution_start=215514760 execution_end=215515945 execution_duration_ms=1184
[2026-01-30 15:17:53.757] [info] [spider.worker] [TIMING] task_id=d5667fdb-92b7-4859-92c7-03b7570a3f1d func=job_orchestration.executor.query.spider_search_task.search_without_channel submit_output_start=215515946 submit_output_end=215515965 submit_output_duration_ms=19
[2026-01-30 15:17:53.804] [info] [spider.worker] [TIMING] task_id=9eaa2128-50de-4f9f-9ee3-4866c322c32e func=job_orchestration.executor.query.spider_search_task.search_without_channel fetch_input_start=215516012 fetch_input_end=215516012 fetch_input_duration_ms=0
[2026-01-30 15:17:54.987] [info] [spider.worker] [TIMING] task_id=9eaa2128-50de-4f9f-9ee3-4866c322c32e func=job_orchestration.executor.query.spider_search_task.search_without_channel execution_start=215516013 execution_end=215517196 execution_duration_ms=1182
[2026-01-30 15:17:55.030] [info] [spider.worker] [TIMING] task_id=9eaa2128-50de-4f9f-9ee3-4866c322c32e func=job_orchestration.executor.query.spider_search_task.search_without_channel submit_output_start=215517197 submit_output_end=215517238 submit_output_duration_ms=40
[2026-01-30 15:17:55.060] [info] [spider.worker] [TIMING] task_id=29a1d45f-0bce-4f46-9625-003ad5b04b68 func=job_orchestration.executor.query.spider_search_task.search_without_channel fetch_input_start=215517268 fetch_input_end=215517269 fetch_input_duration_ms=0
[2026-01-30 15:17:56.520] [info] [spider.worker] [TIMING] task_id=29a1d45f-0bce-4f46-9625-003ad5b04b68 func=job_orchestration.executor.query.spider_search_task.search_without_channel execution_start=215517269 execution_end=215518728 execution_duration_ms=1458
[2026-01-30 15:17:56.533] [info] [spider.worker] [TIMING] task_id=29a1d45f-0bce-4f46-9625-003ad5b04b68 func=job_orchestration.executor.query.spider_search_task.search_without_channel submit_output_start=215518730 submit_output_end=215518741 submit_output_duration_ms=10
[2026-01-30 15:17:56.544] [info] [spider.worker] [TIMING] task_id=125e7327-10fc-4716-9695-a174be6cacd7 func=job_orchestration.executor.query.spider_search_task.search_without_channel fetch_input_start=215518751 fetch_input_end=215518752 fetch_input_duration_ms=1
[2026-01-30 15:17:57.938] [info] [spider.worker] [TIMING] task_id=125e7327-10fc-4716-9695-a174be6cacd7 func=job_orchestration.executor.query.spider_search_task.search_without_channel execution_start=215518753 execution_end=215520147 execution_duration_ms=1393
[2026-01-30 15:17:57.949] [info] [spider.worker] [TIMING] task_id=125e7327-10fc-4716-9695-a174be6cacd7 func=job_orchestration.executor.query.spider_search_task.search_without_channel submit_output_start=215520148 submit_output_end=215520158 submit_output_duration_ms=9
[2026-01-30 15:17:57.960] [info] [spider.worker] [TIMING] task_id=c19a8ed4-76c4-49ef-9e1a-0582ccdf913f func=job_orchestration.executor.query.spider_search_task.search_without_channel fetch_input_start=215520168 fetch_input_end=215520169 fetch_input_duration_ms=0
[2026-01-30 15:17:59.118] [info] [spider.worker] [TIMING] task_id=c19a8ed4-76c4-49ef-9e1a-0582ccdf913f func=job_orchestration.executor.query.spider_search_task.search_without_channel execution_start=215520169 execution_end=215521326 execution_duration_ms=1156
[2026-01-30 15:17:59.125] [info] [spider.worker] [TIMING] task_id=c19a8ed4-76c4-49ef-9e1a-0582ccdf913f func=job_orchestration.executor.query.spider_search_task.search_without_channel submit_output_start=215521328 submit_output_end=215521333 submit_output_duration_ms=4
[2026-01-30 15:17:59.169] [info] [spider.worker] [TIMING] task_id=7ba76d41-d594-4b8e-a840-862a6735c5bf func=job_orchestration.executor.query.spider_search_task.search_without_channel fetch_input_start=215521377 fetch_input_end=215521378 fetch_input_duration_ms=0
[2026-01-30 15:18:00.345] [info] [spider.worker] [TIMING] task_id=7ba76d41-d594-4b8e-a840-862a6735c5bf func=job_orchestration.executor.query.spider_search_task.search_without_channel execution_start=215521379 execution_end=215522554 execution_duration_ms=1175
[2026-01-30 15:18:00.358] [info] [spider.worker] [TIMING] task_id=7ba76d41-d594-4b8e-a840-862a6735c5bf func=job_orchestration.executor.query.spider_search_task.search_without_channel submit_output_start=215522555 submit_output_end=215522566 submit_output_duration_ms=11
[2026-01-30 15:18:00.387] [info] [spider.worker] [TIMING] task_id=78f81df6-8a39-487b-8923-99816f9ba992 func=job_orchestration.executor.query.spider_search_task.search_without_channel fetch_input_start=215522595 fetch_input_end=215522596 fetch_input_duration_ms=1
[2026-01-30 15:18:01.547] [info] [spider.worker] [TIMING] task_id=78f81df6-8a39-487b-8923-99816f9ba992 func=job_orchestration.executor.query.spider_search_task.search_without_channel execution_start=215522596 execution_end=215523755 execution_duration_ms=1158
[2026-01-30 15:18:01.605] [info] [spider.worker] [TIMING] task_id=78f81df6-8a39-487b-8923-99816f9ba992 func=job_orchestration.executor.query.spider_search_task.search_without_channel submit_output_start=215523756 submit_output_end=215523813 submit_output_duration_ms=56
[2026-01-30 15:18:01.628] [info] [spider.worker] [TIMING] task_id=aac00bf4-e3f8-44d1-be5d-5b02416c1ce9 func=job_orchestration.executor.query.spider_search_task.search_without_channel fetch_input_start=215523835 fetch_input_end=215523836 fetch_input_duration_ms=0
[2026-01-30 15:18:02.857] [info] [spider.worker] [TIMING] task_id=aac00bf4-e3f8-44d1-be5d-5b02416c1ce9 func=job_orchestration.executor.query.spider_search_task.search_without_channel execution_start=215523837 execution_end=215525066 execution_duration_ms=1228
[2026-01-30 15:18:02.934] [info] [spider.worker] [TIMING] task_id=aac00bf4-e3f8-44d1-be5d-5b02416c1ce9 func=job_orchestration.executor.query.spider_search_task.search_without_channel submit_output_start=215525076 submit_output_end=215525142 submit_output_duration_ms=66
[2026-01-30 15:18:02.969] [info] [spider.worker] [TIMING] task_id=6da70fc9-664c-49ef-88ae-f9c0ccad719e func=job_orchestration.executor.query.spider_search_task.search_without_channel fetch_input_start=215525177 fetch_input_end=215525178 fetch_input_duration_ms=0
[2026-01-30 15:18:04.149] [info] [spider.worker] [TIMING] task_id=6da70fc9-664c-49ef-88ae-f9c0ccad719e func=job_orchestration.executor.query.spider_search_task.search_without_channel execution_start=215525178 execution_end=215526357 execution_duration_ms=1178
[2026-01-30 15:18:04.184] [info] [spider.worker] [TIMING] task_id=6da70fc9-664c-49ef-88ae-f9c0ccad719e func=job_orchestration.executor.query.spider_search_task.search_without_channel submit_output_start=215526370 submit_output_end=215526393 submit_output_duration_ms=22
[2026-01-30 15:18:04.223] [info] [spider.worker] [TIMING] task_id=fc579a53-1835-4950-840d-209a52c62fbc func=job_orchestration.executor.query.spider_search_task.search_without_channel fetch_input_start=215526430 fetch_input_end=215526431 fetch_input_duration_ms=0
[2026-01-30 15:18:05.458] [info] [spider.worker] [TIMING] task_id=fc579a53-1835-4950-840d-209a52c62fbc func=job_orchestration.executor.query.spider_search_task.search_without_channel execution_start=215526432 execution_end=215527666 execution_duration_ms=1234
[2026-01-30 15:18:05.484] [info] [spider.worker] [TIMING] task_id=fc579a53-1835-4950-840d-209a52c62fbc func=job_orchestration.executor.query.spider_search_task.search_without_channel submit_output_start=215527668 submit_output_end=215527693 submit_output_duration_ms=24
[2026-01-30 15:18:05.504] [info] [spider.worker] [TIMING] task_id=18cbabef-e118-4f9d-940e-0b369fedc870 func=job_orchestration.executor.query.spider_search_task.search_without_channel fetch_input_start=215527711 fetch_input_end=215527712 fetch_input_duration_ms=1
[2026-01-30 15:18:06.701] [info] [spider.worker] [TIMING] task_id=18cbabef-e118-4f9d-940e-0b369fedc870 func=job_orchestration.executor.query.spider_search_task.search_without_channel execution_start=215527713 execution_end=215528909 execution_duration_ms=1196
[2026-01-30 15:18:06.752] [info] [spider.worker] [TIMING] task_id=18cbabef-e118-4f9d-940e-0b369fedc870 func=job_orchestration.executor.query.spider_search_task.search_without_channel submit_output_start=215528911 submit_output_end=215528960 submit_output_duration_ms=49
[2026-01-30 15:18:06.854] [info] [spider.worker] [TIMING] task_id=54ccf113-db50-46a7-9485-41c4cd6fa1e3 func=job_orchestration.executor.query.spider_search_task.search_without_channel fetch_input_start=215529062 fetch_input_end=215529063 fetch_input_duration_ms=0
[2026-01-30 15:18:07.987] [info] [spider.worker] [TIMING] task_id=54ccf113-db50-46a7-9485-41c4cd6fa1e3 func=job_orchestration.executor.query.spider_search_task.search_without_channel execution_start=215529063 execution_end=215530195 execution_duration_ms=1131
[2026-01-30 15:18:08.055] [info] [spider.worker] [TIMING] task_id=54ccf113-db50-46a7-9485-41c4cd6fa1e3 func=job_orchestration.executor.query.spider_search_task.search_without_channel submit_output_start=215530197 submit_output_end=215530263 submit_output_duration_ms=66
[2026-01-30 15:18:08.091] [info] [spider.worker] [TIMING] task_id=01feb340-8957-45ad-bcb8-f42cd6be55a6 func=job_orchestration.executor.query.spider_search_task.search_without_channel fetch_input_start=215530299 fetch_input_end=215530300 fetch_input_duration_ms=1
[2026-01-30 15:18:09.508] [info] [spider.worker] [TIMING] task_id=01feb340-8957-45ad-bcb8-f42cd6be55a6 func=job_orchestration.executor.query.spider_search_task.search_without_channel execution_start=215530301 execution_end=215531716 execution_duration_ms=1415
[2026-01-30 15:18:09.518] [info] [spider.worker] [TIMING] task_id=01feb340-8957-45ad-bcb8-f42cd6be55a6 func=job_orchestration.executor.query.spider_search_task.search_without_channel submit_output_start=215531718 submit_output_end=215531727 submit_output_duration_ms=8
[2026-01-30 15:18:09.553] [info] [spider.worker] [TIMING] task_id=493c4ef9-52c8-4546-a533-e2203538d2e3 func=job_orchestration.executor.query.spider_search_task.search_without_channel fetch_input_start=215531761 fetch_input_end=215531761 fetch_input_duration_ms=0
[2026-01-30 15:18:10.887] [info] [spider.worker] [TIMING] task_id=493c4ef9-52c8-4546-a533-e2203538d2e3 func=job_orchestration.executor.query.spider_search_task.search_without_channel execution_start=215531762 execution_end=215533095 execution_duration_ms=1333
[2026-01-30 15:18:10.955] [info] [spider.worker] [TIMING] task_id=493c4ef9-52c8-4546-a533-e2203538d2e3 func=job_orchestration.executor.query.spider_search_task.search_without_channel submit_output_start=215533105 submit_output_end=215533163 submit_output_duration_ms=58
[2026-01-30 15:18:11.025] [info] [spider.worker] [TIMING] task_id=87d8dbed-dda1-49ee-88e5-8fe2c353ec55 func=job_orchestration.executor.query.spider_search_task.search_without_channel fetch_input_start=215533232 fetch_input_end=215533233 fetch_input_duration_ms=0
[2026-01-30 15:18:12.488] [info] [spider.worker] [TIMING] task_id=87d8dbed-dda1-49ee-88e5-8fe2c353ec55 func=job_orchestration.executor.query.spider_search_task.search_without_channel execution_start=215533234 execution_end=215534697 execution_duration_ms=1462
[2026-01-30 15:18:12.526] [info] [spider.worker] [TIMING] task_id=87d8dbed-dda1-49ee-88e5-8fe2c353ec55 func=job_orchestration.executor.query.spider_search_task.search_without_channel submit_output_start=215534698 submit_output_end=215534734 submit_output_duration_ms=35
[2026-01-30 15:18:12.547] [info] [spider.worker] [TIMING] task_id=dd7313a5-7a44-4e47-aa48-3ddca3194b5a func=job_orchestration.executor.query.spider_search_task.search_without_channel fetch_input_start=215534754 fetch_input_end=215534756 fetch_input_duration_ms=1
[2026-01-30 15:18:13.695] [info] [spider.worker] [TIMING] task_id=dd7313a5-7a44-4e47-aa48-3ddca3194b5a func=job_orchestration.executor.query.spider_search_task.search_without_channel execution_start=215534756 execution_end=215535903 execution_duration_ms=1146
[2026-01-30 15:18:13.719] [info] [spider.worker] [TIMING] task_id=dd7313a5-7a44-4e47-aa48-3ddca3194b5a func=job_orchestration.executor.query.spider_search_task.search_without_channel submit_output_start=215535905 submit_output_end=215535928 submit_output_duration_ms=22
[2026-01-30 15:18:13.739] [info] [spider.worker] [TIMING] task_id=1f6a05ad-c2f9-4567-b2d1-3f055a2a0cd9 func=job_orchestration.executor.query.spider_search_task.search_without_channel fetch_input_start=215535947 fetch_input_end=215535948 fetch_input_duration_ms=1
[2026-01-30 15:18:14.960] [info] [spider.worker] [TIMING] task_id=1f6a05ad-c2f9-4567-b2d1-3f055a2a0cd9 func=job_orchestration.executor.query.spider_search_task.search_without_channel execution_start=215535949 execution_end=215537169 execution_duration_ms=1220
[2026-01-30 15:18:14.978] [info] [spider.worker] [TIMING] task_id=1f6a05ad-c2f9-4567-b2d1-3f055a2a0cd9 func=job_orchestration.executor.query.spider_search_task.search_without_channel submit_output_start=215537170 submit_output_end=215537186 submit_output_duration_ms=15
[2026-01-30 15:18:14.988] [info] [spider.worker] [TIMING] task_id=f705b59e-f687-44b1-b62d-65aadb252df0 func=job_orchestration.executor.query.spider_search_task.search_without_channel fetch_input_start=215537196 fetch_input_end=215537197 fetch_input_duration_ms=0
[2026-01-30 15:18:16.223] [info] [spider.worker] [TIMING] task_id=f705b59e-f687-44b1-b62d-65aadb252df0 func=job_orchestration.executor.query.spider_search_task.search_without_channel execution_start=215537198 execution_end=215538431 execution_duration_ms=1233
[2026-01-30 15:18:16.253] [info] [spider.worker] [TIMING] task_id=f705b59e-f687-44b1-b62d-65aadb252df0 func=job_orchestration.executor.query.spider_search_task.search_without_channel submit_output_start=215538432 submit_output_end=215538462 submit_output_duration_ms=29
[2026-01-30 15:18:16.264] [info] [spider.worker] [TIMING] task_id=5e12110b-f317-409b-83d9-a4ccf41ec5a3 func=job_orchestration.executor.query.spider_search_task.search_without_channel fetch_input_start=215538471 fetch_input_end=215538473 fetch_input_duration_ms=1
[2026-01-30 15:18:17.512] [info] [spider.worker] [TIMING] task_id=5e12110b-f317-409b-83d9-a4ccf41ec5a3 func=job_orchestration.executor.query.spider_search_task.search_without_channel execution_start=215538473 execution_end=215539721 execution_duration_ms=1247
[2026-01-30 15:18:17.554] [info] [spider.worker] [TIMING] task_id=5e12110b-f317-409b-83d9-a4ccf41ec5a3 func=job_orchestration.executor.query.spider_search_task.search_without_channel submit_output_start=215539723 submit_output_end=215539762 submit_output_duration_ms=38
[2026-01-30 15:18:17.593] [info] [spider.worker] [TIMING] task_id=dd833907-f8e5-486f-af55-3ceef54d51a5 func=job_orchestration.executor.query.spider_search_task.search_without_channel fetch_input_start=215539800 fetch_input_end=215539801 fetch_input_duration_ms=0
[2026-01-30 15:18:18.683] [info] [spider.worker] [TIMING] task_id=dd833907-f8e5-486f-af55-3ceef54d51a5 func=job_orchestration.executor.query.spider_search_task.search_without_channel execution_start=215539802 execution_end=215540891 execution_duration_ms=1089
[2026-01-30 15:18:18.742] [info] [spider.worker] [TIMING] task_id=dd833907-f8e5-486f-af55-3ceef54d51a5 func=job_orchestration.executor.query.spider_search_task.search_without_channel submit_output_start=215540893 submit_output_end=215540951 submit_output_duration_ms=58
[2026-01-30 15:18:18.823] [info] [spider.worker] [TIMING] task_id=80993421-7d87-4a65-ae00-3c3c85c8d2a0 func=job_orchestration.executor.query.spider_search_task.search_without_channel fetch_input_start=215541030 fetch_input_end=215541031 fetch_input_duration_ms=0
[2026-01-30 15:18:19.930] [info] [spider.worker] [TIMING] task_id=80993421-7d87-4a65-ae00-3c3c85c8d2a0 func=job_orchestration.executor.query.spider_search_task.search_without_channel execution_start=215541032 execution_end=215542139 execution_duration_ms=1106
[2026-01-30 15:18:19.945] [info] [spider.worker] [TIMING] task_id=80993421-7d87-4a65-ae00-3c3c85c8d2a0 func=job_orchestration.executor.query.spider_search_task.search_without_channel submit_output_start=215542140 submit_output_end=215542154 submit_output_duration_ms=13
[2026-01-30 15:18:19.956] [info] [spider.worker] [TIMING] task_id=6672655e-a6a0-4858-935e-7419d0a995a8 func=job_orchestration.executor.query.spider_search_task.search_without_channel fetch_input_start=215542163 fetch_input_end=215542164 fetch_input_duration_ms=0
[2026-01-30 15:18:21.039] [info] [spider.worker] [TIMING] task_id=6672655e-a6a0-4858-935e-7419d0a995a8 func=job_orchestration.executor.query.spider_search_task.search_without_channel execution_start=215542165 execution_end=215543248 execution_duration_ms=1082
[2026-01-30 15:18:21.065] [info] [spider.worker] [TIMING] task_id=6672655e-a6a0-4858-935e-7419d0a995a8 func=job_orchestration.executor.query.spider_search_task.search_without_channel submit_output_start=215543249 submit_output_end=215543273 submit_output_duration_ms=23
[2026-01-30 15:18:21.082] [info] [spider.worker] [TIMING] task_id=309f6e0d-12ff-44ab-9454-808ae6b4836c func=job_orchestration.executor.query.spider_search_task.search_without_channel fetch_input_start=215543289 fetch_input_end=215543290 fetch_input_duration_ms=0
[2026-01-30 15:18:22.170] [info] [spider.worker] [TIMING] task_id=309f6e0d-12ff-44ab-9454-808ae6b4836c func=job_orchestration.executor.query.spider_search_task.search_without_channel execution_start=215543291 execution_end=215544378 execution_duration_ms=1087
[2026-01-30 15:18:22.217] [info] [spider.worker] [TIMING] task_id=309f6e0d-12ff-44ab-9454-808ae6b4836c func=job_orchestration.executor.query.spider_search_task.search_without_channel submit_output_start=215544385 submit_output_end=215544426 submit_output_duration_ms=41
[2026-01-30 15:18:22.263] [info] [spider.worker] [TIMING] task_id=116b2d6a-c833-4a4c-ba7a-e5f1b8ec547c func=job_orchestration.executor.query.spider_search_task.search_without_channel fetch_input_start=215544470 fetch_input_end=215544471 fetch_input_duration_ms=1
[2026-01-30 15:18:23.489] [info] [spider.worker] [TIMING] task_id=116b2d6a-c833-4a4c-ba7a-e5f1b8ec547c func=job_orchestration.executor.query.spider_search_task.search_without_channel execution_start=215544472 execution_end=215545698 execution_duration_ms=1225
[2026-01-30 15:18:23.496] [info] [spider.worker] [TIMING] task_id=116b2d6a-c833-4a4c-ba7a-e5f1b8ec547c func=job_orchestration.executor.query.spider_search_task.search_without_channel submit_output_start=215545700 submit_output_end=215545705 submit_output_duration_ms=4
[2026-01-30 15:18:23.507] [info] [spider.worker] [TIMING] task_id=a6a0f751-ec43-4d56-9981-6322cb2b16b6 func=job_orchestration.executor.query.spider_search_task.search_without_channel fetch_input_start=215545715 fetch_input_end=215545716 fetch_input_duration_ms=0
[2026-01-30 15:18:24.790] [info] [spider.worker] [TIMING] task_id=a6a0f751-ec43-4d56-9981-6322cb2b16b6 func=job_orchestration.executor.query.spider_search_task.search_without_channel execution_start=215545716 execution_end=215546998 execution_duration_ms=1281
[2026-01-30 15:18:24.825] [info] [spider.worker] [TIMING] task_id=a6a0f751-ec43-4d56-9981-6322cb2b16b6 func=job_orchestration.executor.query.spider_search_task.search_without_channel submit_output_start=215547000 submit_output_end=215547033 submit_output_duration_ms=32
[2026-01-30 15:18:24.849] [info] [spider.worker] [TIMING] task_id=b128eb37-cc6d-4d71-9efe-801fb2f79793 func=job_orchestration.executor.query.spider_search_task.search_without_channel fetch_input_start=215547057 fetch_input_end=215547058 fetch_input_duration_ms=0
[2026-01-30 15:18:26.134] [info] [spider.worker] [TIMING] task_id=b128eb37-cc6d-4d71-9efe-801fb2f79793 func=job_orchestration.executor.query.spider_search_task.search_without_channel execution_start=215547058 execution_end=215548342 execution_duration_ms=1284
[2026-01-30 15:18:26.179] [info] [sp