[2026-01-30 19:54:16.413] [warning] [spider.worker] Prefer using `SPIDER_STORAGE_URL` environment variable over `--storage_url` argument.
[2026-01-30 19:55:08.643] [info] [spider.worker] [TIMING] task_id=497640f7-b1e3-4bc2-815a-e427130cc428 func=job_orchestration.executor.query.spider_search_task.search_without_channel fetch_input_start=232150849 fetch_input_end=232150851 fetch_input_duration_ms=1
[2026-01-30 19:55:08.644] [info] [spider.worker] [TIMING] task_id=497640f7-b1e3-4bc2-815a-e427130cc428 func=job_orchestration.executor.query.spider_search_task.search_without_channel input_send_start=232150852 input_send_end=232150852 input_send_duration_ms=0 bytes=626
[2026-01-30 19:55:08.644] [info] [spider.worker] [TIMING] task_id=497640f7-b1e3-4bc2-815a-e427130cc428 func=job_orchestration.executor.query.spider_search_task.search_without_channel spawn_start=232150851 spawn_end=232150852 spawn_duration_ms=0
[2026-01-30 19:55:09.895] [info] [spider.worker] [TIMING] task_id=497640f7-b1e3-4bc2-815a-e427130cc428 func=job_orchestration.executor.query.spider_search_task.search_without_channel execution_start=232150852 execution_end=232152103 execution_duration_ms=1250
[2026-01-30 19:55:09.964] [info] [spider.worker] [TIMING] task_id=497640f7-b1e3-4bc2-815a-e427130cc428 func=job_orchestration.executor.query.spider_search_task.search_without_channel submit_output_start=232152105 submit_output_end=232152173 submit_output_duration_ms=67
[2026-01-30 19:55:10.034] [info] [spider.worker] [TIMING] task_id=66126313-4d17-49f5-aa7e-d055c8b75fd8 func=job_orchestration.executor.query.spider_search_task.search_without_channel fetch_input_start=232152241 fetch_input_end=232152242 fetch_input_duration_ms=0
[2026-01-30 19:55:10.034] [info] [spider.worker] [TIMING] task_id=66126313-4d17-49f5-aa7e-d055c8b75fd8 func=job_orchestration.executor.query.spider_search_task.search_without_channel input_send_start=232152242 input_send_end=232152242 input_send_duration_ms=0 bytes=626
[2026-01-30 19:55:10.034] [info] [spider.worker] [TIMING] task_id=66126313-4d17-49f5-aa7e-d055c8b75fd8 func=job_orchestration.executor.query.spider_search_task.search_without_channel spawn_start=232152242 spawn_end=232152242 spawn_duration_ms=0
[2026-01-30 19:55:11.155] [info] [spider.worker] [TIMING] task_id=66126313-4d17-49f5-aa7e-d055c8b75fd8 func=job_orchestration.executor.query.spider_search_task.search_without_channel execution_start=232152243 execution_end=232153364 execution_duration_ms=1121
[2026-01-30 19:55:11.191] [info] [spider.worker] [TIMING] task_id=66126313-4d17-49f5-aa7e-d055c8b75fd8 func=job_orchestration.executor.query.spider_search_task.search_without_channel submit_output_start=232153365 submit_output_end=232153400 submit_output_duration_ms=34
[2026-01-30 19:55:11.241] [info] [spider.worker] [TIMING] task_id=b7817b59-15b0-402c-80fe-833ff59455c9 func=job_orchestration.executor.query.spider_search_task.search_without_channel fetch_input_start=232153449 fetch_input_end=232153449 fetch_input_duration_ms=0
[2026-01-30 19:55:11.242] [info] [spider.worker] [TIMING] task_id=b7817b59-15b0-402c-80fe-833ff59455c9 func=job_orchestration.executor.query.spider_search_task.search_without_channel input_send_start=232153450 input_send_end=232153450 input_send_duration_ms=0 bytes=626
[2026-01-30 19:55:11.242] [info] [spider.worker] [TIMING] task_id=b7817b59-15b0-402c-80fe-833ff59455c9 func=job_orchestration.executor.query.spider_search_task.search_without_channel spawn_start=232153449 spawn_end=232153450 spawn_duration_ms=0
[2026-01-30 19:55:12.478] [info] [spider.worker] [TIMING] task_id=b7817b59-15b0-402c-80fe-833ff59455c9 func=job_orchestration.executor.query.spider_search_task.search_without_channel execution_start=232153450 execution_end=232154686 execution_duration_ms=1235
[2026-01-30 19:55:12.497] [info] [spider.worker] [TIMING] task_id=b7817b59-15b0-402c-80fe-833ff59455c9 func=job_orchestration.executor.query.spider_search_task.search_without_channel submit_output_start=232154688 submit_output_end=232154705 submit_output_duration_ms=17
[2026-01-30 19:55:12.532] [info] [spider.worker] [TIMING] task_id=be27ea62-d1b5-4011-bb42-a200e218fe7e func=job_orchestration.executor.query.spider_search_task.search_without_channel fetch_input_start=232154739 fetch_input_end=232154740 fetch_input_duration_ms=0
[2026-01-30 19:55:12.532] [info] [spider.worker] [TIMING] task_id=be27ea62-d1b5-4011-bb42-a200e218fe7e func=job_orchestration.executor.query.spider_search_task.search_without_channel input_send_start=232154741 input_send_end=232154741 input_send_duration_ms=0 bytes=626
[2026-01-30 19:55:12.532] [info] [spider.worker] [TIMING] task_id=be27ea62-d1b5-4011-bb42-a200e218fe7e func=job_orchestration.executor.query.spider_search_task.search_without_channel spawn_start=232154740 spawn_end=232154741 spawn_duration_ms=0
[2026-01-30 19:55:13.688] [info] [spider.worker] [TIMING] task_id=be27ea62-d1b5-4011-bb42-a200e218fe7e func=job_orchestration.executor.query.spider_search_task.search_without_channel execution_start=232154741 execution_end=232155896 execution_duration_ms=1154
[2026-01-30 19:55:13.739] [info] [spider.worker] [TIMING] task_id=be27ea62-d1b5-4011-bb42-a200e218fe7e func=job_orchestration.executor.query.spider_search_task.search_without_channel submit_output_start=232155898 submit_output_end=232155948 submit_output_duration_ms=49
[2026-01-30 19:55:13.776] [info] [spider.worker] [TIMING] task_id=920daaeb-406e-4495-8b8e-a3768cdab1ff func=job_orchestration.executor.query.spider_search_task.search_without_channel fetch_input_start=232155983 fetch_input_end=232155984 fetch_input_duration_ms=0
[2026-01-30 19:55:13.776] [info] [spider.worker] [TIMING] task_id=920daaeb-406e-4495-8b8e-a3768cdab1ff func=job_orchestration.executor.query.spider_search_task.search_without_channel input_send_start=232155984 input_send_end=232155984 input_send_duration_ms=0 bytes=626
[2026-01-30 19:55:13.776] [info] [spider.worker] [TIMING] task_id=920daaeb-406e-4495-8b8e-a3768cdab1ff func=job_orchestration.executor.query.spider_search_task.search_without_channel spawn_start=232155984 spawn_end=232155984 spawn_duration_ms=0
[2026-01-30 19:55:15.087] [info] [spider.worker] [TIMING] task_id=920daaeb-406e-4495-8b8e-a3768cdab1ff func=job_orchestration.executor.query.spider_search_task.search_without_channel execution_start=232155985 execution_end=232157295 execution_duration_ms=1310
[2026-01-30 19:55:15.106] [info] [spider.worker] [TIMING] task_id=920daaeb-406e-4495-8b8e-a3768cdab1ff func=job_orchestration.executor.query.spider_search_task.search_without_channel submit_output_start=232157297 submit_output_end=232157314 submit_output_duration_ms=16
[2026-01-30 19:55:15.146] [info] [spider.worker] [TIMING] task_id=3e32db5f-1a0a-4b6a-bea5-8f5066e810a2 func=job_orchestration.executor.query.spider_search_task.search_without_channel fetch_input_start=232157353 fetch_input_end=232157354 fetch_input_duration_ms=0
[2026-01-30 19:55:15.146] [info] [spider.worker] [TIMING] task_id=3e32db5f-1a0a-4b6a-bea5-8f5066e810a2 func=job_orchestration.executor.query.spider_search_task.search_without_channel input_send_start=232157354 input_send_end=232157354 input_send_duration_ms=0 bytes=626
[2026-01-30 19:55:15.146] [info] [spider.worker] [TIMING] task_id=3e32db5f-1a0a-4b6a-bea5-8f5066e810a2 func=job_orchestration.executor.query.spider_search_task.search_without_channel spawn_start=232157354 spawn_end=232157354 spawn_duration_ms=0
[2026-01-30 19:55:16.632] [info] [spider.worker] [TIMING] task_id=3e32db5f-1a0a-4b6a-bea5-8f5066e810a2 func=job_orchestration.executor.query.spider_search_task.search_without_channel execution_start=232157355 execution_end=232158840 execution_duration_ms=1485
[2026-01-30 19:55:16.689] [info] [spider.worker] [TIMING] task_id=3e32db5f-1a0a-4b6a-bea5-8f5066e810a2 func=job_orchestration.executor.query.spider_search_task.search_without_channel submit_output_start=232158842 submit_output_end=232158897 submit_output_duration_ms=55
[2026-01-30 19:55:16.725] [info] [spider.worker] [TIMING] task_id=d4903816-6b8b-4366-9106-a10cfa8b386c func=job_orchestration.executor.query.spider_search_task.search_without_channel fetch_input_start=232158933 fetch_input_end=232158934 fetch_input_duration_ms=0
[2026-01-30 19:55:16.726] [info] [spider.worker] [TIMING] task_id=d4903816-6b8b-4366-9106-a10cfa8b386c func=job_orchestration.executor.query.spider_search_task.search_without_channel input_send_start=232158934 input_send_end=232158934 input_send_duration_ms=0 bytes=626
[2026-01-30 19:55:16.726] [info] [spider.worker] [TIMING] task_id=d4903816-6b8b-4366-9106-a10cfa8b386c func=job_orchestration.executor.query.spider_search_task.search_without_channel spawn_start=232158934 spawn_end=232158934 spawn_duration_ms=0
[2026-01-30 19:55:18.091] [info] [spider.worker] [TIMING] task_id=d4903816-6b8b-4366-9106-a10cfa8b386c func=job_orchestration.executor.query.spider_search_task.search_without_channel execution_start=232158935 execution_end=232160299 execution_duration_ms=1364
[2026-01-30 19:55:18.117] [info] [spider.worker] [TIMING] task_id=d4903816-6b8b-4366-9106-a10cfa8b386c func=job_orchestration.executor.query.spider_search_task.search_without_channel submit_output_start=232160301 submit_output_end=232160325 submit_output_duration_ms=24
[2026-01-30 19:55:18.134] [info] [spider.worker] [TIMING] task_id=faf1f404-68e4-4b7a-850d-6fe2da643da3 func=job_orchestration.executor.query.spider_search_task.search_without_channel fetch_input_start=232160342 fetch_input_end=232160342 fetch_input_duration_ms=0
[2026-01-30 19:55:18.135] [info] [spider.worker] [TIMING] task_id=faf1f404-68e4-4b7a-850d-6fe2da643da3 func=job_orchestration.executor.query.spider_search_task.search_without_channel input_send_start=232160343 input_send_end=232160343 input_send_duration_ms=0 bytes=626
[2026-01-30 19:55:18.135] [info] [spider.worker] [TIMING] task_id=faf1f404-68e4-4b7a-850d-6fe2da643da3 func=job_orchestration.executor.query.spider_search_task.search_without_channel spawn_start=232160343 spawn_end=232160343 spawn_duration_ms=0
[2026-01-30 19:55:19.356] [info] [spider.worker] [TIMING] task_id=faf1f404-68e4-4b7a-850d-6fe2da643da3 func=job_orchestration.executor.query.spider_search_task.search_without_channel execution_start=232160343 execution_end=232161564 execution_duration_ms=1220
[2026-01-30 19:55:19.373] [info] [spider.worker] [TIMING] task_id=faf1f404-68e4-4b7a-850d-6fe2da643da3 func=job_orchestration.executor.query.spider_search_task.search_without_channel submit_output_start=232161566 submit_output_end=232161582 submit_output_duration_ms=15
[2026-01-30 19:55:19.406] [info] [spider.worker] [TIMING] task_id=bcc10fa2-4f4d-4d8d-9bbd-6c1a43541e7c func=job_orchestration.executor.query.spider_search_task.search_without_channel fetch_input_start=232161613 fetch_input_end=232161614 fetch_input_duration_ms=1
[2026-01-30 19:55:19.407] [info] [spider.worker] [TIMING] task_id=bcc10fa2-4f4d-4d8d-9bbd-6c1a43541e7c func=job_orchestration.executor.query.spider_search_task.search_without_channel input_send_start=232161615 input_send_end=232161615 input_send_duration_ms=0 bytes=626
[2026-01-30 19:55:19.407] [info] [spider.worker] [TIMING] task_id=bcc10fa2-4f4d-4d8d-9bbd-6c1a43541e7c func=job_orchestration.executor.query.spider_search_task.search_without_channel spawn_start=232161614 spawn_end=232161615 spawn_duration_ms=0
[2026-01-30 19:55:20.526] [info] [spider.worker] [TIMING] task_id=bcc10fa2-4f4d-4d8d-9bbd-6c1a43541e7c func=job_orchestration.executor.query.spider_search_task.search_without_channel execution_start=232161615 execution_end=232162734 execution_duration_ms=1118
[2026-01-30 19:55:20.564] [info] [spider.worker] [TIMING] task_id=bcc10fa2-4f4d-4d8d-9bbd-6c1a43541e7c func=job_orchestration.executor.query.spider_search_task.search_without_channel submit_output_start=232162736 submit_output_end=232162772 submit_output_duration_ms=36
[2026-01-30 19:55:20.617] [info] [spider.worker] [TIMING] task_id=5a7a7403-12d2-43ff-b3c9-80c6cda4b2ae func=job_orchestration.executor.query.spider_search_task.search_without_channel fetch_input_start=232162824 fetch_input_end=232162825 fetch_input_duration_ms=1
[2026-01-30 19:55:20.617] [info] [spider.worker] [TIMING] task_id=5a7a7403-12d2-43ff-b3c9-80c6cda4b2ae func=job_orchestration.executor.query.spider_search_task.search_without_channel input_send_start=232162826 input_send_end=232162826 input_send_duration_ms=0 bytes=626
[2026-01-30 19:55:20.617] [info] [spider.worker] [TIMING] task_id=5a7a7403-12d2-43ff-b3c9-80c6cda4b2ae func=job_orchestration.executor.query.spider_search_task.search_without_channel spawn_start=232162825 spawn_end=232162826 spawn_duration_ms=0
[2026-01-30 19:55:21.802] [info] [spider.worker] [TIMING] task_id=5a7a7403-12d2-43ff-b3c9-80c6cda4b2ae func=job_orchestration.executor.query.spider_search_task.search_without_channel execution_start=232162826 execution_end=232164010 execution_duration_ms=1184
[2026-01-30 19:55:21.833] [info] [spider.worker] [TIMING] task_id=5a7a7403-12d2-43ff-b3c9-80c6cda4b2ae func=job_orchestration.executor.query.spider_search_task.search_without_channel submit_output_start=232164012 submit_output_end=232164041 submit_output_duration_ms=29
[2026-01-30 19:55:21.869] [info] [spider.worker] [TIMING] task_id=3f7f4f32-ffd3-4796-a1ec-22b432b11c79 func=job_orchestration.executor.query.spider_search_task.search_without_channel fetch_input_start=232164076 fetch_input_end=232164077 fetch_input_duration_ms=0
[2026-01-30 19:55:21.869] [info] [spider.worker] [TIMING] task_id=3f7f4f32-ffd3-4796-a1ec-22b432b11c79 func=job_orchestration.executor.query.spider_search_task.search_without_channel input_send_start=232164077 input_send_end=232164077 input_send_duration_ms=0 bytes=626
[2026-01-30 19:55:21.869] [info] [spider.worker] [TIMING] task_id=3f7f4f32-ffd3-4796-a1ec-22b432b11c79 func=job_orchestration.executor.query.spider_search_task.search_without_channel spawn_start=232164077 spawn_end=232164077 spawn_duration_ms=0
[2026-01-30 19:55:23.126] [info] [spider.worker] [TIMING] task_id=3f7f4f32-ffd3-4796-a1ec-22b432b11c79 func=job_orchestration.executor.query.spider_search_task.search_without_channel execution_start=232164078 execution_end=232165334 execution_duration_ms=1256
[2026-01-30 19:55:23.158] [info] [spider.worker] [TIMING] task_id=3f7f4f32-ffd3-4796-a1ec-22b432b11c79 func=job_orchestration.executor.query.spider_search_task.search_without_channel submit_output_start=232165344 submit_output_end=232165366 submit_output_duration_ms=21
[2026-01-30 19:55:23.177] [info] [spider.worker] [TIMING] task_id=bd3999da-740d-44c1-8b82-96bed97f2e1e func=job_orchestration.executor.query.spider_search_task.search_without_channel fetch_input_start=232165385 fetch_input_end=232165385 fetch_input_duration_ms=0
[2026-01-30 19:55:23.177] [info] [spider.worker] [TIMING] task_id=bd3999da-740d-44c1-8b82-96bed97f2e1e func=job_orchestration.executor.query.spider_search_task.search_without_channel input_send_start=232165386 input_send_end=232165386 input_send_duration_ms=0 bytes=626
[2026-01-30 19:55:23.177] [info] [spider.worker] [TIMING] task_id=bd3999da-740d-44c1-8b82-96bed97f2e1e func=job_orchestration.executor.query.spider_search_task.search_without_channel spawn_start=232165385 spawn_end=232165386 spawn_duration_ms=0
[2026-01-30 19:55:24.557] [info] [spider.worker] [TIMING] task_id=bd3999da-740d-44c1-8b82-96bed97f2e1e func=job_orchestration.executor.query.spider_search_task.search_without_channel execution_start=232165386 execution_end=232166765 execution_duration_ms=1379
[2026-01-30 19:55:24.575] [info] [spider.worker] [TIMING] task_id=bd3999da-740d-44c1-8b82-96bed97f2e1e func=job_orchestration.executor.query.spider_search_task.search_without_channel submit_output_start=232166767 submit_output_end=232166783 submit_output_duration_ms=16
[2026-01-30 19:55:24.594] [info] [spider.worker] [TIMING] task_id=d11a3d31-500f-4154-b72d-c269b8346d9f func=job_orchestration.executor.query.spider_search_task.search_without_channel fetch_input_start=232166801 fetch_input_end=232166802 fetch_input_duration_ms=1
[2026-01-30 19:55:24.595] [info] [spider.worker] [TIMING] task_id=d11a3d31-500f-4154-b72d-c269b8346d9f func=job_orchestration.executor.query.spider_search_task.search_without_channel input_send_start=232166803 input_send_end=232166803 input_send_duration_ms=0 bytes=626
[2026-01-30 19:55:24.595] [info] [spider.worker] [TIMING] task_id=d11a3d31-500f-4154-b72d-c269b8346d9f func=job_orchestration.executor.query.spider_search_task.search_without_channel spawn_start=232166803 spawn_end=232166803 spawn_duration_ms=0
[2026-01-30 19:55:25.890] [info] [spider.worker] [TIMING] task_id=d11a3d31-500f-4154-b72d-c269b8346d9f func=job_orchestration.executor.query.spider_search_task.search_without_channel execution_start=232166803 execution_end=232168099 execution_duration_ms=1295
[2026-01-30 19:55:25.900] [info] [spider.worker] [TIMING] task_id=d11a3d31-500f-4154-b72d-c269b8346d9f func=job_orchestration.executor.query.spider_search_task.search_without_channel submit_output_start=232168100 submit_output_end=232168108 submit_output_duration_ms=7
[2026-01-30 19:55:25.936] [info] [spider.worker] [TIMING] task_id=8c8ae0d1-7939-4e9f-ad45-66400780859d func=job_orchestration.executor.query.spider_search_task.search_without_channel fetch_input_start=232168143 fetch_input_end=232168144 fetch_input_duration_ms=1
[2026-01-30 19:55:25.937] [info] [spider.worker] [TIMING] task_id=8c8ae0d1-7939-4e9f-ad45-66400780859d func=job_orchestration.executor.query.spider_search_task.search_without_channel input_send_start=232168145 input_send_end=232168145 input_send_duration_ms=0 bytes=626
[2026-01-30 19:55:25.937] [info] [spider.worker] [TIMING] task_id=8c8ae0d1-7939-4e9f-ad45-66400780859d func=job_orchestration.executor.query.spider_search_task.search_without_channel spawn_start=232168144 spawn_end=232168145 spawn_duration_ms=0
[2026-01-30 19:55:27.341] [info] [spider.worker] [TIMING] task_id=8c8ae0d1-7939-4e9f-ad45-66400780859d func=job_orchestration.executor.query.spider_search_task.search_without_channel execution_start=232168145 execution_end=232169549 execution_duration_ms=1403
[2026-01-30 19:55:27.369] [info] [spider.worker] [TIMING] task_id=8c8ae0d1-7939-4e9f-ad45-66400780859d func=job_orchestration.executor.query.spider_search_task.search_without_channel submit_output_start=232169551 submit_output_end=232169578 submit_output_duration_ms=26
[2026-01-30 19:55:27.387] [info] [spider.worker] [TIMING] task_id=1884bbd5-7a99-402b-83df-db3e7fd3aa1d func=job_orchestration.executor.query.spider_search_task.search_without_channel fetch_input_start=232169594 fetch_input_end=232169595 fetch_input_duration_ms=1
[2026-01-30 19:55:27.387] [info] [spider.worker] [TIMING] task_id=1884bbd5-7a99-402b-83df-db3e7fd3aa1d func=job_orchestration.executor.query.spider_search_task.search_without_channel input_send_start=232169595 input_send_end=232169595 input_send_duration_ms=0 bytes=626
[2026-01-30 19:55:27.387] [info] [spider.worker] [TIMING] task_id=1884bbd5-7a99-402b-83df-db3e7fd3aa1d func=job_orchestration.executor.query.spider_search_task.search_without_channel spawn_start=232169595 spawn_end=232169596 spawn_duration_ms=0
[2026-01-30 19:55:28.588] [info] [spider.worker] [TIMING] task_id=1884bbd5-7a99-402b-83df-db3e7fd3aa1d func=job_orchestration.executor.query.spider_search_task.search_without_channel execution_start=232169596 execution_end=232170796 execution_duration_ms=1200
[2026-01-30 19:55:28.622] [info] [spider.worker] [TIMING] task_id=1884bbd5-7a99-402b-83df-db3e7fd3aa1d func=job_orchestration.executor.query.spider_search_task.search_without_channel submit_output_start=232170798 submit_output_end=232170830 submit_output_duration_ms=32
[2026-01-30 19:55:28.645] [info] [spider.worker] [TIMING] task_id=4081d474-84eb-4c43-9314-6fa440ec6a44 func=job_orchestration.executor.query.spider_search_task.search_without_channel fetch_input_start=232170852 fetch_input_end=232170853 fetch_input_duration_ms=0
[2026-01-30 19:55:28.645] [info] [spider.worker] [TIMING] task_id=4081d474-84eb-4c43-9314-6fa440ec6a44 func=job_orchestration.executor.query.spider_search_task.search_without_channel input_send_start=232170854 input_send_end=232170854 input_send_duration_ms=0 bytes=626
[2026-01-30 19:55:28.645] [info] [spider.worker] [TIMING] task_id=4081d474-84eb-4c43-9314-6fa440ec6a44 func=job_orchestration.executor.query.spider_search_task.search_without_channel spawn_start=232170853 spawn_end=232170854 spawn_duration_ms=0
[2026-01-30 19:55:29.938] [info] [spider.worker] [TIMING] task_id=4081d474-84eb-4c43-9314-6fa440ec6a44 func=job_orchestration.executor.query.spider_search_task.search_without_channel execution_start=232170854 execution_end=232172146 execution_duration_ms=1291
[2026-01-30 19:55:29.967] [info] [spider.worker] [TIMING] task_id=4081d474-84eb-4c43-9314-6fa440ec6a44 func=job_orchestration.executor.query.spider_search_task.search_without_channel submit_output_start=232172148 submit_output_end=232172176 submit_output_duration_ms=27
[2026-01-30 19:55:29.986] [info] [spider.worker] [TIMING] task_id=b586c204-2394-443d-9251-ddc08ddf0fff func=job_orchestration.executor.query.spider_search_task.search_without_channel fetch_input_start=232172194 fetch_input_end=232172194 fetch_input_duration_ms=0
[2026-01-30 19:55:29.987] [info] [spider.worker] [TIMING] task_id=b586c204-2394-443d-9251-ddc08ddf0fff func=job_orchestration.executor.query.spider_search_task.search_without_channel input_send_start=232172195 input_send_end=232172195 input_send_duration_ms=0 bytes=626
[2026-01-30 19:55:29.987] [info] [spider.worker] [TIMING] task_id=b586c204-2394-443d-9251-ddc08ddf0fff func=job_orchestration.executor.query.spider_search_task.search_without_channel spawn_start=232172195 spawn_end=232172195 spawn_duration_ms=0
[2026-01-30 19:55:31.183] [info] [spider.worker] [TIMING] task_id=b586c204-2394-443d-9251-ddc08ddf0fff func=job_orchestration.executor.query.spider_search_task.search_without_channel execution_start=232172195 execution_end=232173391 execution_duration_ms=1195
[2026-01-30 19:55:31.209] [info] [spider.worker] [TIMING] task_id=b586c204-2394-443d-9251-ddc08ddf0fff func=job_orchestration.executor.query.spider_search_task.search_without_channel submit_output_start=232173395 submit_output_end=232173417 submit_output_duration_ms=22
[2026-01-30 19:55:31.247] [info] [spider.worker] [TIMING] task_id=c6a014d8-d92a-456a-a5dc-82b5cac9acc5 func=job_orchestration.executor.query.spider_search_task.search_without_channel fetch_input_start=232173454 fetch_input_end=232173455 fetch_input_duration_ms=1
[2026-01-30 19:55:31.248] [info] [spider.worker] [TIMING] task_id=c6a014d8-d92a-456a-a5dc-82b5cac9acc5 func=job_orchestration.executor.query.spider_search_task.search_without_channel input_send_start=232173456 input_send_end=232173456 input_send_duration_ms=0 bytes=626
[2026-01-30 19:55:31.248] [info] [spider.worker] [TIMING] task_id=c6a014d8-d92a-456a-a5dc-82b5cac9acc5 func=job_orchestration.executor.query.spider_search_task.search_without_channel spawn_start=232173456 spawn_end=232173456 spawn_duration_ms=0
[2026-01-30 19:55:32.697] [info] [spider.worker] [TIMING] task_id=c6a014d8-d92a-456a-a5dc-82b5cac9acc5 func=job_orchestration.executor.query.spider_search_task.search_without_channel execution_start=232173456 execution_end=232174906 execution_duration_ms=1449
[2026-01-30 19:55:32.709] [info] [spider.worker] [TIMING] task_id=c6a014d8-d92a-456a-a5dc-82b5cac9acc5 func=job_orchestration.executor.query.spider_search_task.search_without_channel submit_output_start=232174907 submit_output_end=232174918 submit_output_duration_ms=10
[2026-01-30 19:55:32.729] [info] [spider.worker] [TIMING] task_id=9b260cab-03b4-4f7f-a1fd-87981ca749d3 func=job_orchestration.executor.query.spider_search_task.search_without_channel fetch_input_start=232174936 fetch_input_end=232174937 fetch_input_duration_ms=0
[2026-01-30 19:55:32.729] [info] [spider.worker] [TIMING] task_id=9b260cab-03b4-4f7f-a1fd-87981ca749d3 func=job_orchestration.executor.query.spider_search_task.search_without_channel input_send_start=232174938 input_send_end=232174938 input_send_duration_ms=0 bytes=626
[2026-01-30 19:55:32.729] [info] [spider.worker] [TIMING] task_id=9b260cab-03b4-4f7f-a1fd-87981ca749d3 func=job_orchestration.executor.query.spider_search_task.search_without_channel spawn_start=232174937 spawn_end=232174938 spawn_duration_ms=0
[2026-01-30 19:55:34.122] [info] [spider.worker] [TIMING] task_id=9b260cab-03b4-4f7f-a1fd-87981ca749d3 func=job_orchestration.executor.query.spider_search_task.search_without_channel execution_start=232174938 execution_end=232176330 execution_duration_ms=1392
[2026-01-30 19:55:34.135] [info] [spider.worker] [TIMING] task_id=9b260cab-03b4-4f7f-a1fd-87981ca749d3 func=job_orchestration.executor.query.spider_search_task.search_without_channel submit_output_start=232176332 submit_output_end=232176343 submit_output_duration_ms=10
[2026-01-30 19:55:34.154] [info] [spider.worker] [TIMING] task_id=5959037f-ef66-4ea8-b4ae-dc7325f46496 func=job_orchestration.executor.query.spider_search_task.search_without_channel fetch_input_start=232176361 fetch_input_end=232176362 fetch_input_duration_ms=0
[2026-01-30 19:55:34.155] [info] [spider.worker] [TIMING] task_id=5959037f-ef66-4ea8-b4ae-dc7325f46496 func=job_orchestration.executor.query.spider_search_task.search_without_channel input_send_start=232176363 input_send_end=232176363 input_send_duration_ms=0 bytes=626
[2026-01-30 19:55:34.155] [info] [spider.worker] [TIMING] task_id=5959037f-ef66-4ea8-b4ae-dc7325f46496 func=job_orchestration.executor.query.spider_search_task.search_without_channel spawn_start=232176362 spawn_end=232176363 spawn_duration_ms=0
[2026-01-30 19:55:35.374] [info] [spider.worker] [TIMING] task_id=5959037f-ef66-4ea8-b4ae-dc7325f46496 func=job_orchestration.executor.query.spider_search_task.search_without_channel execution_start=232176363 execution_end=232177582 execution_duration_ms=1219
[2026-01-30 19:55:35.403] [info] [spider.worker] [TIMING] task_id=5959037f-ef66-4ea8-b4ae-dc7325f46496 func=job_orchestration.executor.query.spider_search_task.search_without_channel submit_output_start=232177584 submit_output_end=232177612 submit_output_duration_ms=27
[2026-01-30 19:55:35.429] [info] [spider.worker] [TIMING] task_id=2899f6c3-d01e-4805-908e-513e6718e99a func=job_orchestration.executor.query.spider_search_task.search_without_channel fetch_input_start=232177636 fetch_input_end=232177637 fetch_input_duration_ms=0
[2026-01-30 19:55:35.429] [info] [spider.worker] [TIMING] task_id=2899f6c3-d01e-4805-908e-513e6718e99a func=job_orchestration.executor.query.spider_search_task.search_without_channel input_send_start=232177638 input_send_end=232177638 input_send_duration_ms=0 bytes=626
[2026-01-30 19:55:35.429] [info] [spider.worker] [TIMING] task_id=2899f6c3-d01e-4805-908e-513e6718e99a func=job_orchestration.executor.query.spider_search_task.search_without_channel spawn_start=232177637 spawn_end=232177638 spawn_duration_ms=0
[2026-01-30 19:55:36.566] [info] [spider.worker] [TIMING] task_id=2899f6c3-d01e-4805-908e-513e6718e99a func=job_orchestration.executor.query.spider_search_task.search_without_channel execution_start=232177638 execution_end=232178775 execution_duration_ms=1136
[2026-01-30 19:55:36.577] [info] [spider.worker] [TIMING] task_id=2899f6c3-d01e-4805-908e-513e6718e99a func=job_orchestration.executor.query.spider_search_task.search_without_channel submit_output_start=232178776 submit_output_end=232178785 submit_output_duration_ms=9
[2026-01-30 19:55:36.609] [info] [spider.worker] [TIMING] task_id=ffd982d2-dce8-408d-9e6f-ae4d85b8b12b func=job_orchestration.executor.query.spider_search_task.search_without_channel fetch_input_start=232178816 fetch_input_end=232178817 fetch_input_duration_ms=1
[2026-01-30 19:55:36.609] [info] [spider.worker] [TIMING] task_id=ffd982d2-dce8-408d-9e6f-ae4d85b8b12b func=job_orchestration.executor.query.spider_search_task.search_without_channel input_send_start=232178818 input_send_end=232178818 input_send_duration_ms=0 bytes=626
[2026-01-30 19:55:36.609] [info] [spider.worker] [TIMING] task_id=ffd982d2-dce8-408d-9e6f-ae4d85b8b12b func=job_orchestration.executor.query.spider_search_task.search_without_channel spawn_start=232178817 spawn_end=232178818 spawn_duration_ms=0
[2026-01-30 19:55:37.798] [info] [spider.worker] [TIMING] task_id=ffd982d2-dce8-408d-9e6f-ae4d85b8b12b func=job_orchestration.executor.query.spider_search_task.search_without_channel execution_start=232178818 execution_end=232180007 execution_duration_ms=1188
[2026-01-30 19:55:37.844] [info] [spider.worker] [TIMING] task_id=ffd982d2-dce8-408d-9e6f-ae4d85b8b12b func=job_orchestration.executor.query.spider_search_task.search_without_channel submit_output_start=232180008 submit_output_end=232180052 submit_output_duration_ms=43
[2026-01-30 19:55:37.912] [info] [spider.worker] [TIMING] task_id=44133490-9b83-47ba-b8e5-692eb91f43cf func=job_orchestration.executor.query.spider_search_task.search_without_channel fetch_input_start=232180119 fetch_input_end=232180120 fetch_input_duration_ms=1
[2026-01-30 19:55:37.912] [info] [spider.worker] [TIMING] task_id=44133490-9b83-47ba-b8e5-692eb91f43cf func=job_orchestration.executor.query.spider_search_task.search_without_channel input_send_start=232180121 input_send_end=232180121 input_send_duration_ms=0 bytes=626
[2026-01-30 19:55:37.912] [info] [spider.worker] [TIMING] task_id=44133490-9b83-47ba-b8e5-692eb91f43cf func=job_orchestration.executor.query.spider_search_task.search_without_channel spawn_start=232180120 spawn_end=232180121 spawn_duration_ms=0
[2026-01-30 19:55:39.209] [info] [spider.worker] [TIMING] task_id=44133490-9b83-47ba-b8e5-692eb91f43cf func=job_orchestration.executor.query.spider_search_task.search_without_channel execution_start=232180121 execution_end=232181418 execution_duration_ms=1296
[2026-01-30 19:55:39.254] [info] [spider.worker] [TIMING] task_id=44133490-9b83-47ba-b8e5-692eb91f43cf func=job_orchestration.executor.query.spider_search_task.search_without_channel submit_output_start=232181421 submit_output_end=232181462 submit_output_duration_ms=41
[2026-01-30 19:55:39.279] [info] [spider.worker] [TIMING] task_id=540a67fb-150c-4028-8c9c-53b1736078b0 func=job_orchestration.executor.query.spider_search_task.search_without_channel fetch_input_start=232181487 fetch_input_end=232181488 fetch_input_duration_ms=0
[2026-01-30 19:55:39.280] [info] [spider.worker] [TIMING] task_id=540a67fb-150c-4028-8c9c-53b1736078b0 func=job_orchestration.executor.query.spider_search_task.search_without_channel input_send_start=232181488 input_send_end=232181488 input_send_duration_ms=0 bytes=626
[2026-01-30 19:55:39.280] [info] [spider.worker] [TIMING] task_id=540a67fb-150c-4028-8c9c-53b1736078b0 func=job_orchestration.executor.query.spider_search_task.search_without_channel spawn_start=232181488 spawn_end=232181488 spawn_duration_ms=0
[2026-01-30 19:55:40.494] [info] [spider.worker] [TIMING] task_id=540a67fb-150c-4028-8c9c-53b1736078b0 func=job_orchestration.executor.query.spider_search_task.search_without_channel execution_start=232181488 execution_end=232182702 execution_duration_ms=1213
[2026-01-30 19:55:40.540] [info] [spider.worker] [TIMING] task_id=540a67fb-150c-4028-8c9c-53b1736078b0 func=job_orchestration.executor.query.spider_search_task.search_without_channel submit_output_start=232182707 submit_output_end=232182749 submit_output_duration_ms=41
[2026-01-30 19:55:40.589] [info] [spider.worker] [TIMING] task_id=697f3b5b-910a-4d27-b02f-f05cba1d8c5f func=job_orchestration.executor.query.spider_search_task.search_without_channel fetch_input_start=232182796 fetch_input_end=232182797 fetch_input_duration_ms=1
[2026-01-30 19:55:40.590] [info] [spider.worker] [TIMING] task_id=697f3b5b-910a-4d27-b02f-f05cba1d8c5f func=job_orchestration.executor.query.spider_search_task.search_without_channel input_send_start=232182798 input_send_end=232182798 input_send_duration_ms=0 bytes=626
[2026-01-30 19:55:40.590] [info] [spider.worker] [TIMING] task_id=697f3b5b-910a-4d27-b02f-f05cba1d8c5f func=job_orchestration.executor.query.spider_search_task.search_without_channel spawn_start=232182797 spawn_end=232182798 spawn_duration_ms=0
[2026-01-30 19:55:41.790] [info] [spider.worker] [TIMING] task_id=697f3b5b-910a-4d27-b02f-f05cba1d8c5f func=job_orchestration.executor.query.spider_search_task.search_without_channel execution_start=232182798 execution_end=232183999 execution_duration_ms=1200
[2026-01-30 19:55:41.836] [info] [spider.worker] [TIMING] task_id=697f3b5b-910a-4d27-b02f-f05cba1d8c5f func=job_orchestration.executor.query.spider_search_task.search_without_channel submit_output_start=232184000 submit_output_end=232184044 submit_output_duration_ms=44
[2026-01-30 19:55:41.887] [info] [spider.worker] [TIMING] task_id=74a65237-f376-4f31-ae67-8ceb4abb3124 func=job_orchestration.executor.query.spider_search_task.search_without_channel fetch_input_start=232184095 fetch_input_end=232184096 fetch_input_duration_ms=0
[2026-01-30 19:55:41.888] [info] [spider.worker] [TIMING] task_id=74a65237-f376-4f31-ae67-8ceb4abb3124 func=job_orchestration.executor.query.spider_search_task.search_without_channel input_send_start=232184096 input_send_end=232184096 input_send_duration_ms=0 bytes=626
[2026-01-30 19:55:41.888] [info] [spider.worker] [TIMING] task_id=74a65237-f376-4f31-ae67-8ceb4abb3124 func=job_orchestration.executor.query.spider_search_task.search_without_channel spawn_start=232184096 spawn_end=232184096 spawn_duration_ms=0
[2026-01-30 19:55:43.077] [info] [spider.worker] [TIMING] task_id=74a65237-f376-4f31-ae67-8ceb4abb3124 func=job_orchestration.executor.query.spider_search_task.search_without_channel execution_start=232184096 execution_end=232185285 execution_duration_ms=1188
[2026-01-30 19:55:43.103] [info] [spider.worker] [TIMING] task_id=74a65237-f376-4f31-ae67-8ceb4abb3124 func=job_orchestration.executor.query.spider_search_task.search_without_channel submit_output_start=232185287 submit_output_end=232185311 submit_output_duration_ms=24
[2026-01-30 19:55:43.133] [info] [spider.worker] [TIMING] task_id=532609b8-f9b9-4e6f-a5f7-2c12abf9e432 func=job_orchestration.executor.query.spider_search_task.search_without_channel fetch_input_start=232185340 fetch_input_end=232185341 fetch_input_duration_ms=1
[2026-01-30 19:55:43.134] [info] [spider.worker] [TIMING] task_id=532609b8-f9b9-4e6f-a5f7-2c12abf9e432 func=job_orchestration.executor.query.spider_search_task.search_without_channel input_send_start=232185342 input_send_end=232185342 input_send_duration_ms=0 bytes=626
[2026-01-30 19:55:43.134] [info] [spider.worker] [TIMING] task_id=532609b8-f9b9-4e6f-a5f7-2c12abf9e432 func=job_orchestration.executor.query.spider_search_task.search_without_channel spawn_start=232185341 spawn_end=232185342 spawn_duration_ms=0
[2026-01-30 19:55:44.418] [info] [spider.worker] [TIMING] task_id=532609b8-f9b9-4e6f-a5f7-2c12abf9e432 func=job_orchestration.executor.query.spider_search_task.search_without_channel execution_start=232185342 execution_end=232186626 execution_duration_ms=1284
[2026-01-30 19:55:44.450] [info] [spider.worker] [TIMING] task_id=532609b8-f9b9-4e6f-a5f7-2c12abf9e432 func=job_orchestration.executor.query.spider_search_task.search_without_channel submit_output_start=232186628 submit_output_end=232186658 submit_output_duration_ms=30
[2026-01-30 19:55:44.473] [info] [spider.worker] [TIMING] task_id=905e9e1c-07f6-4e68-899b-0b750bd229f0 func=job_orchestration.executor.query.spider_search_task.search_without_channel fetch_input_start=232186681 fetch_input_end=232186682 fetch_input_duration_ms=1
[2026-01-30 19:55:44.474] [info] [spider.worker] [TIMING] task_id=905e9e1c-07f6-4e68-899b-0b750bd229f0 func=job_orchestration.executor.query.spider_search_task.search_without_channel input_send_start=232186682 input_send_end=232186682 input_send_duration_ms=0 bytes=626
[2026-01-30 19:55:44.474] [info] [spider.worker] [TIMING] task_id=905e9e1c-07f6-4e68-899b-0b750bd229f0 func=job_orchestration.executor.query.spider_search_task.search_without_channel spawn_start=232186682 spawn_end=232186682 spawn_duration_ms=0
[2026-01-30 19:55:45.653] [info] [spider.worker] [TIMING] task_id=905e9e1c-07f6-4e68-899b-0b750bd229f0 func=job_orchestration.executor.query.spider_search_task.search_without_channel execution_start=232186683 execution_end=232187861 execution_duration_ms=1178
[2026-01-30 19:55:45.711] [info] [spider.worker] [TIMING] task_id=905e9e1c-07f6-4e68-899b-0b750bd229f0 func=job_orchestration.executor.query.spider_search_task.search_without_channel submit_output_start=232187862 submit_output_end=232187919 submit_output_duration_ms=57
[2026-01-30 19:55:45.731] [info] [spider.worker] [TIMING] task_id=c87dc2f6-6607-469f-8e93-84ca35626199 func=job_orchestration.executor.query.spider_search_task.search_without_channel fetch_input_start=232187939 fetch_input_end=232187940 fetch_input_duration_ms=1
[2026-01-30 19:55:45.732] [info] [spider.worker] [TIMING] task_id=c87dc2f6-6607-469f-8e93-84ca35626199 func=job_orchestration.executor.query.spider_search_task.search_without_channel input_send_start=232187940 input_send_end=232187940 input_send_duration_ms=0 bytes=626
[2026-01-30 19:55:45.732] [info] [spider.worker] [TIMING] task_id=c87dc2f6-6607-469f-8e93-84ca35626199 func=job_orchestration.executor.query.spider_search_task.search_without_channel spawn_start=232187940 spawn_end=232187940 spawn_duration_ms=0
[2026-01-30 19:55:47.001] [info] [spider.worker] [TIMING] task_id=c87dc2f6-6607-469f-8e93-84ca35626199 func=job_orchestration.executor.query.spider_search_task.search_without_channel execution_start=232187941 execution_end=232189209 execution_duration_ms=1268
[2026-01-30 19:55:47.032] [info] [spider.worker] [TIMING] task_id=c87dc2f6-6607-469f-8e93-84ca35626199 func=job_orchestration.executor.query.spider_search_task.search_without_channel submit_output_start=232189211 submit_output_end=232189240 submit_output_duration_ms=29
[2026-01-30 19:55:47.082] [info] [spider.worker] [TIMING] task_id=1df82d43-4087-40ea-a81c-03cda1b0ba6e func=job_orchestration.executor.query.spider_search_task.search_without_channel fetch_input_start=232189289 fetch_input_end=232189290 fetch_input_duration_ms=1
[2026-01-30 19:55:47.082] [info] [spider.worker] [TIMING] task_id=1df82d43-4087-40ea-a81c-03cda1b0ba6e func=job_orchestration.executor.query.spider_search_task.search_without_channel input_send_start=232189291 input_send_end=232189291 input_send_duration_ms=0 bytes=626
[2026-01-30 19:55:47.082] [info] [spider.worker] [TIMING] task_id=1df82d43-4087-40ea-a81c-03cda1b0ba6e func=job_orchestration.executor.query.spider_search_task.search_without_channel spawn_start=232189290 spawn_end=232189291 spawn_duration_ms=0
[2026-01-30 19:55:48.705] [info] [spider.worker] [TIMING] task_id=1df82d43-4087-40ea-a81c-03cda1b0ba6e func=job_orchestration.executor.query.spider_search_task.search_without_channel execution_start=232189291 execution_end=232190913 execution_duration_ms=1622
[2026-01-30 19:55:48.712] [info] [spider.worker] [TIMING] task_id=1df82d43-4087-40ea-a81c-03cda1b0ba6e func=job_orchestration.executor.query.spider_search_task.search_without_channel submit_output_start=232190915 submit_output_end=232190921 submit_output_duration_ms=5
[2026-01-30 19:55:48.732] [info] [spider.worker] [TIMING] task_id=d3891f8f-66ac-49c0-98dc-e3a13d7de2bd func=job_orchestration.executor.query.spider_search_task.search_without_channel fetch_input_start=232190939 fetch_input_end=232190940 fetch_input_duration_ms=1
[2026-01-30 19:55:48.733] [info] [spider.worker] [TIMING] task_id=d3891f8f-66ac-49c0-98dc-e3a13d7de2bd func=job_orchestration.executor.query.spider_search_task.search_without_channel input_send_start=232190941 input_send_end=232190941 input_send_duration_ms=0 bytes=626
[2026-01-30 19:55:48.733] [info] [spider.worker] [TIMING] task_id=d3891f8f-66ac-49c0-98dc-e3a13d7de2bd func=job_orchestration.executor.query.spider_search_task.search_without_channel spawn_start=232190940 spawn_end=232190941 spawn_duration_ms=0
[2026-01-30 19:55:49.965] [info] [spider.worker] [TIMING] task_id=d3891f8f-66ac-49c0-98dc-e3a13d7de2bd func=job_orchestration.executor.query.spider_search_task.search_without_channel execution_start=232190941 execution_end=232192173 execution_duration_ms=1232
[2026-01-30 19:55:49.988] [info] [spider.worker] [TIMING] task_id=d3891f8f-66ac-49c0-98dc-e3a13d7de2bd func=job_orchestration.executor.query.spider_search_task.search_without_channel submit_output_start=232192175 submit_output_end=232192196 submit_output_duration_ms=20
[2026-01-30 19:55:50.007] [info] [spider.worker] [TIMING] task_id=b34c5125-6753-40ef-bf58-c752446c75ef func=job_orchestration.executor.query.spider_search_task.search_without_channel fetch_input_start=232192215 fetch_input_end=232192216 fetch_input_duration_ms=0
[2026-01-30 19:55:50.008] [info] [spider.worker] [TIMING] task_id=b34c5125-6753-40ef-bf58-c752446c75ef func=job_orchestration.executor.query.spider_search_task.search_without_channel input_send_start=232192216 input_send_end=232192216 input_send_duration_ms=0 bytes=626
[2026-01-30 19:55:50.008] [info] [spider.worker] [TIMING] task_id=b34c5125-6753-40ef-bf58-c752446c75ef func=job_orchestration.executor.query.spider_search_task.search_without_channel spawn_start=232192216 spawn_end=232192216 spawn_duration_ms=0
[2026-01-30 19:55:51.451] [info] [spider.worker] [TIMING] task_id=b34c5125-6753-40ef-bf58-c752446c75ef func=job_orchestration.executor.query.spider_search_task.search_without_channel execution_start=232192217 execution_end=232193660 execution_duration_ms=1443
[2026-01-30 19:55:51.463] [info] [spider.worker] [TIMING] task_id=b34c5125-6753-40ef-bf58-c752446c75ef func=job_orchestration.executor.query.spider_search_task.search_without_channel submit_output_start=232193662 submit_output_end=232193672 submit_output_duration_ms=9
[2026-01-30 19:55:51.483] [info] [spider.worker] [TIMING] task_id=d9fea6b0-7f56-45a9-9fbd-611cfaa70db4 func=job_orchestration.executor.query.spider_search_task.search_without_channel fetch_input_start=232193690 fetch_input_end=232193691 fetch_input_duration_ms=1
[2026-01-30 19:55:51.483] [info] [spider.worker] [TIMING] task_id=d9fea6b0-7f56-45a9-9fbd-611cfaa70db4 func=job_orchestration.executor.query.spider_search_task.search_without_channel input_send_start=232193692 input_send_end=232193692 input_send_duration_ms=0 bytes=626
[2026-01-30 19:55:51.483] [info] [spider.worker] [TIMING] task_id=d9fea6b0-7f56-45a9-9fbd-611cfaa70db4 func=job_orchestration.executor.query.spider_search_task.search_without_channel spawn_start=232193691 spawn_end=232193692 spawn_duration_ms=0
[2026-01-30 19:55:52.672] [info] [spider.worker] [TIMING] task_id=d9fea6b0-7f56-45a9-9fbd-611cfaa70db4 func=job_orchestration.executor.query.spider_search_task.search_without_channel execution_start=232193692 execution_end=232194881 execution_duration_ms=1188
[2026-01-30 19:55:52.711] [info] [spider.worker] [TIMING] task_id=d9fea6b0-7f56-45a9-9fbd-611cfaa70db4 func=job_orchestration.executor.query.spider_search_task.search_without_channel submit_output_start=232194882 submit_output_end=232194919 submit_output_duration_ms=37
[2026-01-30 19:55:52.733] [info] [spider.worker] [TIMING] task_id=702005f4-2faf-42a6-90fa-1280dde426ec func=job_orchestration.executor.query.spider_search_task.search_without_channel fetch_input_start=232194940 fetch_input_end=232194941 fetch_input_duration_ms=1
[2026-01-30 19:55:52.733] [info] [spider.worker] [TIMING] task_id=702005f4-2faf-42a6-90fa-1280dde426ec func=job_orchestration.executor.query.spider_search_task.search_without_channel input_send_start=232194942 input_send_end=232194942 input_send_duration_ms=0 bytes=626
[2026-01-30 19:55:52.733] [info] [spider.worker] [TIMING] task_id=702005f4-2faf-42a6-90fa-1280dde426ec func=job_orchestration.executor.query.spider_search_task.search_without_channel spawn_start=232194941 spawn_end=232194942 spawn_duration_ms=0
[2026-01-30 19:55:54.000] [info] [spider.worker] [TIMING] task_id=702005f4-2faf-42a6-90fa-1280dde426ec func=job_orchestration.executor.query.spider_search_task.search_without_channel execution_start=232194942 execution_end=232196209 execution_duration_ms=1266
[2026-01-30 19:55:54.039] [info] [spider.worker] [TIMING] task_id=702005f4-2faf-42a6-90fa-1280dde426ec func=job_orchestration.executor.query.spider_search_task.search_without_channel submit_output_start=232196210 submit_output_end=232196248 submit_output_duration_ms=37
[2026-01-30 19:55:54.059] [info] [spider.worker] [TIMING] task_id=ea4076fd-a67b-4d54-98e1-3b59993f01d2 func=job_orchestration.executor.query.spider_search_task.search_without_channel fetch_input_start=232196266 fetch_input_end=232196267 fetch_input_duration_ms=1
[2026-01-30 19:55:54.060] [info] [spider.worker] [TIMING] task_id=ea4076fd-a67b-4d54-98e1-3b59993f01d2 func=job_orchestration.executor.query.spider_search_task.search_without_channel input_send_start=232196268 input_send_end=232196268 input_send_duration_ms=0 bytes=626
[2026-01-30 19:55:54.060] [info] [spider.worker] [TIMING] task_id=ea4076fd-a67b-4d54-98e1-3b59993f01d2 func=job_orchestration.executor.query.spider_search_task.search_without_channel spawn_start=232196267 spawn_end=232196268 spawn_duration_ms=0
[2026-01-30 19:55:55.316] [info] [spider.worker] [TIMING] task_id=ea4076fd-a67b-4d54-98e1-3b59993f01d2 func=job_orchestration.executor.query.spider_search_task.search_without_channel execution_start=232196268 execution_end=232197525 execution_duration_ms=1256
[2026-01-30 19:55:55.359] [info] [spider.worker] [TIMING] task_id=ea4076fd-a67b-4d54-98e1-3b59993f01d2 func=job_orchestration.executor.query.spider_search_task.search_without_channel submit_output_start=232197526 submit_output_end=232197567 submit_output_duration_ms=40
[2026-01-30 19:55:55.384] [info] [spider.worker] [TIMING] task_id=d9206dc8-238f-4396-b1db-899ad5aeed07 func=job_orchestration.executor.query.spider_search_task.search_without_channel fetch_input_start=232197591 fetch_input_end=232197592 fetch_input_duration_ms=0
[2026-01-30 19:55:55.384] [info] [spider.worker] [TIMING] task_id=d9206dc8-238f-4396-b1db-899ad5aeed07 func=job_orchestration.executor.query.spider_search_task.search_without_channel input_send_start=232197593 input_send_end=232197593 input_send_duration_ms=0 bytes=626
[2026-01-30 19:55:55.384] [info] [spider.worker] [TIMING] task_id=d9206dc8-238f-4396-b1db-899ad5aeed07 func=job_orchestration.executor.query.spider_search_task.search_without_channel spawn_start=232197592 spawn_end=232197593 spawn_duration_ms=0
[2026-01-30 19:55:56.677] [info] [spider.worker] [TIMING] task_id=d9206dc8-238f-4396-b1db-899ad5aeed07 func=job_orchestration.executor.query.spider_search_task.search_without_channel execution_start=232197593 execution_end=232198885 execution_duration_ms=1292
[2026-01-30 19:55:56.711] [info] [spider.worker] [TIMING] task_id=d9206dc8-238f-4396-b1db-899ad5aeed07 func=job_orchestration.executor.query.spider_search_task.search_without_channel submit_output_start=232198887 submit_output_end=232198920 submit_output_duration_ms=33
[2026-01-30 19:55:56.734] [info] [spider.worker] [TIMING] task_id=3b4d9f75-035f-4e2a-8b07-81f8ede92751 func=job_orchestration.executor.query.spider_search_task.search_without_channel fetch_input_start=232198942 fetch_input_end=232198942 fetch_input_duration_ms=0
[2026-01-30 19:55:56.735] [info] [spider.worker] [TIMING] task_id=3b4d9f75-035f-4e2a-8b07-81f8ede92751 func=job_orchestration.executor.query.spider_search_task.search_without_channel input_send_start=232198943 input_send_end=232198943 input_send_duration_ms=0 bytes=626
[2026-01-30 19:55:56.735] [info] [spider.worker] [TIMING] task_id=3b4d9f75-035f-4e2a-8b07-81f8ede92751 func=job_orchestration.executor.query.spider_search_task.search_without_channel spawn_start=232198942 spawn_end=232198943 spawn_duration_ms=0
[2026-01-30 19:55:58.179] [info] [spider.worker] [TIMING] task_id=3b4d9f75-035f-4e2a-8b07-81f8ede92751 func=job_orchestration.executor.query.spider_search_task.search_without_channel execution_start=232198943 execution_end=232200388 execution_duration_ms=1444
[2026-01-30 19:55:58.207] [info] [spider.worker] [TIMING] task_id=3b4d9f75-035f-4e2a-8b07-81f8ede92751 func=job_orchestration.executor.query.spider_search_task.search_without_channel submit_output_start=232200389 submit_output_end=232200415 submit_output_duration_ms=26
[2026-01-30 19:55:58.244] [info] [spider.worker] [TIMING] task_id=441584f1-2366-483b-95b5-cad1a42aefb9 func=job_orchestration.executor.query.spider_search_task.search_without_channel fetch_input_start=232200451 fetch_input_end=232200452 fetch_input_duration_ms=1
[2026-01-30 19:55:58.244] [info] [spider.worker] [TIMING] task_id=441584f1-2366-483b-95b5-cad1a42aefb9 func=job_orchestration.executor.query.spider_search_task.search_without_channel input_send_start=232200453 input_send_end=232200453 input_send_duration_ms=0 bytes=626
[2026-01-30 19:55:58.244] [info] [spider.worker] [TIMING] task_id=441584f1-2366-483b-95b5-cad1a42aefb9 func=job_orchestration.executor.query.spider_search_task.search_without_channel spawn_start=232200452 spawn_end=232200453 spawn_duration_ms=0
[2026-01-30 19:55:59.408] [info] [spider.worker] [TIMING] task_id=441584f1-2366-483b-95b5-cad1a42aefb9 func=job_orchestration.executor.query.spider_search_task.search_without_channel execution_start=232200453 execution_end=232201616 execution_duration_ms=1163
[2026-01-30 19:55:59.424] [info] [spider.worker] [TIMING] task_id=441584f1-2366-483b-95b5-cad1a42aefb9 func=job_orchestration.executor.query.spider_search_task.search_without_channel submit_output_start=232201618 submit_output_end=232201632 submit_output_duration_ms=14
[2026-01-30 19:55:59.435] [info] [spider.worker] [TIMING] task_id=c673a886-519a-4fac-97d6-a1cda83492f2 func=job_orchestration.executor.query.spider_search_task.search_without_channel fetch_input_start=232201642 fetch_input_end=232201643 fetch_input_duration_ms=0
[2026-01-30 19:55:59.435] [info] [spider.worker] [TIMING] task_id=c673a886-519a-4fac-97d6-a1cda83492f2 func=job_orchestration.executor.query.spider_search_task.search_without_channel input_send_start=232201644 input_send_end=232201644 input_send_duration_ms=0 bytes=626
[2026-01-30 19:55:59.435] [info] [spider.worker] [TIMING] task_id=c673a886-519a-4fac-97d6-a1cda83492f2 func=job_orchestration.executor.query.spider_search_task.search_without_channel spawn_start=232201643 spawn_end=232201644 spawn_duration_ms=0
[2026-01-30 19:56:00.751] [info] [spider.worker] [TIMING] task_id=c673a886-519a-4fac-97d6-a1cda83492f2 func=job_orchestration.executor.query.spider_search_task.search_without_channel execution_start=232201644 execution_end=232202960 execution_duration_ms=1315
[2026-01-30 19:56:00.779] [info] [spider.worker] [TIMING] task_id=c673a886-519a-4fac-97d6-a1cda83492f2 func=job_orchestration.executor.query.spider_search_task.search_without_channel submit_output_start=232202962 submit_output_end=232202988 submit_output_duration_ms=26
[2026-01-30 19:56:00.802] [info] [spider.worker] [TIMING] task_id=5b4295e4-bc73-4447-b57d-9eb32d9e4eeb func=job_orchestration.executor.query.spider_search_task.search_without_channel fetch_input_start=232203009 fetch_input_end=232203010 fetch_input_duration_ms=1
[2026-01-30 19:56:00.802] [info] [spider.worker] [TIMING] task_id=5b4295e4-bc73-4447-b57d-9eb32d9e4eeb func=job_orchestration.executor.query.spider_search_task.search_without_channel input_send_start=232203011 input_send_end=232203011 input_send_duration_ms=0 bytes=626
[2026-01-30 19:56:00.803] [info] [spider.worker] [TIMING] task_id=5b4295e4-bc73-4447-b57d-9eb32d9e4eeb func=job_orchestration.executor.query.spider_search_task.search_without_channel spawn_start=232203010 spawn_end=232203011 spawn_duration_ms=0
[2026-01-30 19:56:01.908] [info] [spider.worker] [TIMING] task_id=5b4295e4-bc73-4447-b57d-9eb32d9e4eeb func=job_orchestration.executor.query.spider_search_task.search_without_channel execution_start=232203011 execution_end=232204116 execution_duration_ms=1104
[2026-01-30 19:56:01.916] [info] [spider.worker] [TIMING] task_id=5b4295e4-bc73-4447-b57d-9eb32d9e4eeb func=job_orchestration.executor.query.spider_search_task.search_without_channel submit_output_start=232204118 submit_output_end=232204125 submit_output_duration_ms=6
[2026-01-30 19:56:01.935] [info] [spider.worker] [TIMING] task_id=62d074d7-375d-4686-9930-4b5a09560f2f func=job_orchestration.executor.query.spider_search_task.search_without_channel fetch_input_start=232204143 fetch_input_end=232204144 fetch_input_duration_ms=0
[2026-01-30 19:56:01.936] [info] [spider.worker] [TIMING] task_id=62d074d7-375d-4686-9930-4b5a09560f2f func=job_orchestration.executor.query.spider_search_task.search_without_channel input_send_start=232204144 input_send_end=232204144 input_send_duration_ms=0 bytes=626
[2026-01-30 19:56:01.936] [info] [spider.worker] [TIMING] task_id=62d074d7-375d-4686-9930-4b5a09560f2f func=job_orchestration.executor.query.spider_search_task.search_without_channel spawn_start=232204144 spawn_end=232204144 spawn_duration_ms=0
[2026-01-30 19:56:03.071] [info] [spider.worker] [TIMING] task_id=62d074d7-375d-4686-9930-4b5a09560f2f func=job_orchestration.executor.query.spider_search_task.search_without_channel execution_start=232204144 execution_end=232205280 execution_duration_ms=1135
[2026-01-30 19:56:03.100] [info] [spider.worker] [TIMING] task_id=62d074d7-375d-4686-9930-4b5a09560f2f func=job_orchestration.executor.query.spider_search_task.search_without_channel submit_output_start=232205281 submit_output_end=232205309 submit_output_duration_ms=27
[2026-01-30 19:56:03.144] [info] [spider.worker] [TIMING] task_id=00cca4a1-ced4-4316-b9b4-2be29056b9fb func=job_orchestration.executor.query.spider_search_task.search_without_channel fetch_input_start=232205352 fetch_input_end=232205352 fetch_input_duration_ms=0
[2026-01-30 19:56:03.145] [info] [spider.worker] [TIMING] task_id=00cca4a1-ced4-4316-b9b4-2be29056b9fb func=job_orchestration.executor.query.spider_search_task.search_without_channel input_send_start=232205353 input_send_end=232205353 input_send_duration_ms=0 bytes=626
[2026-01-30 19:56:03.145] [info] [spider.worker] [TIMING] task_id=00cca4a1-ced4-4316-b9b4-2be29056b9fb func=job_orchestration.executor.query.spider_search_task.search_without_channel spawn_start=232205353 spawn_end=232205353 spawn_duration_ms=0
[2026-01-30 19:56:04.320] [info] [spider.worker] [TIMING] task_id=00cca4a1-ced4-4316-b9b4-2be29056b9fb func=job_orchestration.executor.query.spider_search_task.search_without_channel execution_start=232205353 execution_end=232206528 execution_duration_ms=1174
[2026-01-30 19:56:04.342] [info] [spider.worker] [TIMING] task_id=00cca4a1-ced4-4316-b9b4-2be29056b9fb func=job_orchestration.executor.query.spider_search_task.search_without_channel submit_output_start=232206530 submit_output_end=232206550 submit_output_duration_ms=20
[2026-01-30 19:56:04.383] [info] [spider.worker] [TIMING] task_id=2c7af3dd-cb8c-4f42-bc98-676a23fc7e7a func=job_orchestration.executor.query.spider_search_task.search_without_channel fetch_input_start=232206590 fetch_input_end=232206591 fetch_input_duration_ms=1
[2026-01-30 19:56:04.383] [info] [spider.worker] [TIMING] task_id=2c7af3dd-cb8c-4f42-bc98-676a23fc7e7a func=job_orchestration.executor.query.spider_search_task.search_without_channel input_send_start=232206591 input_send_end=232206592 input_send_duration_ms=0 bytes=626
[2026-01-30 19:56:04.383] [info] [spider.worker] [TIMING] task_id=2c7af3dd-cb8c-4f42-bc98-676a23fc7e7a func=job_orchestration.executor.query.spider_search_task.search_without_channel spawn_start=232206591 spawn_end=232206592 spawn_duration_ms=0
[2026-01-30 19:56:05.560] [info] [spider.worker] [TIMING] task_id=2c7af3dd-cb8c-4f42-bc98-676a23fc7e7a func=job_orchestration.executor.query.spider_search_task.search_without_channel execution_start=232206592 execution_end=232207769 execution_duration_ms=1176
[2026-01-30 19:56:05.576] [info] [spider.worker] [TIMING] task_id=2c7af3dd-cb8c-4f42-bc98-676a23fc7e7a func=job_orchestration.executor.query.spider_search_task.search_without_channel submit_output_start=232207771 submit_output_end=232207784 submit_output_duration_ms=13
[2026-01-30 19:56:05.594] [info] [spider.worker] [TIMING] task_id=22cc69e7-5378-44f6-b613-852ddd43ea81 func=job_orchestration.executor.query.spider_search_task.search_without_channel fetch_input_start=232207802 fetch_input_end=232207803 fetch_input_duration_ms=0
[2026-01-30 19:56:05.595] [info] [spider.worker] [TIMING] task_id=22cc69e7-5378-44f6-b613-852ddd43ea81 func=job_orchestration.executor.query.spider_search_task.search_without_channel input_send_start=232207803 input_send_end=232207803 input_send_duration_ms=0 bytes=626
[2026-01-30 19:56:05.595] [info] [spider.worker] [TIMING] task_id=22cc69e7-5378-44f6-b613-852ddd43ea81 func=job_orchestration.executor.query.spider_search_task.search_without_channel spawn_start=232207803 spawn_end=232207803 spawn_duration_ms=0
[2026-01-30 19:56:06.842] [info] [spider.worker] [TIMING] task_id=22cc69e7-5378-44f6-b613-852ddd43ea81 func=job_orchestration.executor.query.spider_search_task.search_without_channel execution_start=232207803 execution_end=232209050 execution_duration_ms=1246
[2026-01-30 19:56:06.870] [info] [spider.worker] [TIMING] task_id=22cc69e7-5378-44f6-b613-852ddd43ea81 func=job_orchestration.executor.query.spider_search_task.search_without_channel submit_output_start=232209052 submit_output_end=232209078 submit_output_duration_ms=25
[2026-01-30 19:56:06.895] [info] [spider.worker] [TIMING] task_id=aed67896-34f6-4d67-9b15-51888e2cbb38 func=job_orchestration.executor.query.spider_search_task.search_without_channel fetch_input_start=232209103 fetch_input_end=232209103 fetch_input_duration_ms=0
[2026-01-30 19:56:06.896] [info] [spider.worker] [TIMING] task_id=aed67896-34f6-4d67-9b15-51888e2cbb38 func=job_orchestration.executor.query.spider_search_task.search_without_channel input_send_start=232209104 input_send_end=232209104 input_send_duration_ms=0 bytes=626
[2026-01-30 19:56:06.896] [info] [spider.worker] [TIMING] task_id=aed67896-34f6-4d67-9b15-51888e2cbb38 func=job_orchestration.executor.query.spider_search_task.search_without_channel spawn_start=232209104 spawn_end=232209104 spawn_duration_ms=0
[2026-01-30 19:56:08.148] [info] [spider.worker] [TIMING] task_id=aed67896-34f6-4d67-9b15-51888e2cbb38 func=job_orchestration.executor.query.spider_search_task.search_without_channel execution_start=232209104 execution_end=232210356 execution_duration_ms=1252
[2026-01-30 19:56:08.197] [info] [spider.worker] [TIMING] task_id=aed67896-34f6-4d67-9b15-51888e2cbb38 func=job_orchestration.executor.query.spider_search_task.search_without_channel submit_output_start=232210364 submit_output_end=232210405 submit_output_duration_ms=41
[2026-01-30 19:56:08.242] [info] [spider.worker] [TIMING] task_id=d65aaa83-8648-4548-a083-983d5887c6c2 func=job_orchestration.executor.query.spider_search_task.search_without_channel fetch_input_start=232210449 fetch_input_end=232210450 fetch_input_duration_ms=1
[2026-01-30 19:56:08.243] [info] [spider.worker] [TIMING] task_id=d65aaa83-8648-4548-a083-983d5887c6c2 func=job_orchestration.executor.query.spider_search_task.search_without_channel input_send_start=232210451 input_send_end=232210451 input_send_duration_ms=0 bytes=626
[2026-01-30 19:56:08.243] [info] [spider.worker] [TIMING] task_id=d65aaa83-8648-4548-a083-983d5887c6c2 func=job_orchestration.executor.query.spider_search_task.search_without_channel spawn_start=232210450 spawn_end=232210451 spawn_duration_ms=0
[2026-01-30 19:56:09.448] [info] [spider.worker] [TIMING] task_id=d65aaa83-8648-4548-a083-983d5887c6c2 func=job_orchestration.executor.query.spider_search_task.search_without_channel execution_start=232210451 execution_end=232211656 execution_duration_ms=1205
[2026-01-30 19:56:09.491] [info] [spider.worker] [TIMING] task_id=d65aaa83-8648-4548-a083-983d5887c6c2 func=job_orchestration.executor.query.spider_search_task.search_without_channel submit_output_start=232211658 submit_output_end=232211700 submit_output_duration_ms=41
[2026-01-30 19:56:09.537] [info] [spider.worker] [TIMING] task_id=926921f0-bda2-4b7c-8955-3d40be32f180 func=job_orchestration.executor.query.spider_search_task.search_without_channel fetch_input_start=232211744 fetch_input_end=232211745 fetch_input_duration_ms=0
[2026-01-30 19:56:09.537] [info] [spider.worker] [TIMING] task_id=926921f0-bda2-4b7c-8955-3d40be32f180 func=job_orchestration.executor.query.spider_search_task.search_without_channel input_send_start=232211746 input_send_end=232211746 input_send_duration_ms=0 bytes=626
[2026-01-30 19:56:09.537] [info] [spider.worker] [TIMING] task_id=926921f0-bda2-4b7c-8955-3d40be32f180 func=job_orchestration.executor.query.spider_search_task.search_without_channel spawn_start=232211745 spawn_end=232211746 spawn_duration_ms=0
[2026-01-30 19:56:10.759] [info] [spider.worker] [TIMING] task_id=926921f0-bda2-4b7c-8955-3d40be32f180 func=job_orchestration.executor.query.spider_search_task.search_without_channel execution_start=232211746 execution_end=232212967 execution_duration_ms=1221
[2026-01-30 19:56:10.793] [info] [spider.worker] [TIMING] task_id=926921f0-bda2-4b7c-8955-3d40be32f180 func=job_orchestration.executor.query.spider_search_task.search_without_channel submit_output_start=232212969 submit_output_end=232213002 submit_output_duration_ms=32
[2026-01-30 19:56:10.812] [info] [spider.worker] [TIMING] task_id=ccc83cd9-f42e-4276-b2a9-402ff3eb519d func=job_orchestration.executor.query.spider_search_task.search_without_channel fetch_input_start=232213020 fetch_input_end=232213021 fetch_input_duration_ms=0
[2026-01-30 19:56:10.813] [info] [spider.worker] [TIMING] task_id=ccc83cd9-f42e-4276-b2a9-402ff3eb519d func=job_orchestration.executor.query.spider_search_task.search_without_channel input_send_start=232213021 input_send_end=232213021 input_send_duration_ms=0 bytes=626
[2026-01-30 19:56:10.813] [info] [spider.worker] [TIMING] task_id=ccc83cd9-f42e-4276-b2a9-402ff3eb519d func=job_orchestration.executor.query.spider_search_task.search_without_channel spawn_start=232213021 spawn_end=232213021 spawn_duration_ms=0
[2026-01-30 19:56:12.015] [info] [spider.worker] [TIMING] task_id=ccc83cd9-f42e-4276-b2a9-402ff3eb519d func=job_orchestration.executor.query.spider_search_task.search_without_channel execution_start=232213022 execution_end=232214224 execution_duration_ms=1202
[2026-01-30 19:56:12.077] [info] [spider.worker] [TIMING] task_id=ccc83cd9-f42e-4276-b2a9-402ff3eb519d func=job_orchestration.executor.query.spider_search_task.search_without_channel submit_output_start=232214225 submit_output_end=232214285 submit_output_duration_ms=60
[2026-01-30 19:56:12.096] [info] [spider.worker] [TIMING] task_id=a6ab4576-b3e8-4141-8cd1-d47e0c7247ef func=job_orchestration.executor.query.spider_search_task.search_without_channel fetch_input_start=232214303 fetch_input_end=232214304 fetch_input_duration_ms=0
[2026-01-30 19:56:12.096] [info] [spider.worker] [TIMING] task_id=a6ab4576-b3e8-4141-8cd1-d47e0c7247ef func=job_orchestration.executor.query.spider_search_task.search_without_channel input_send_start=232214304 input_send_end=232214305 input_send_duration_ms=0 bytes=626
[2026-01-30 19:56:12.096] [info] [spider.worker] [TIMING] task_id=a6ab4576-b3e8-4141-8cd1-d47e0c7247ef func=job_orchestration.executor.query.spider_search_task.search_without_channel spawn_start=232214304 spawn_end=232214305 spawn_duration_ms=0
[2026-01-30 19:56:13.230] [info] [spider.worker] [TIMING] task_id=a6ab4576-b3e8-4141-8cd1-d47e0c7247ef func=job_orchestration.executor.query.spider_search_task.search_without_channel execution_start=232214305 execution_end=232215439 execution_duration_ms=1133
[2026-01-30 19:56:13.244] [info] [spider.worker] [TIMING] task_id=a6ab4576-b3e8-4141-8cd1-d47e0c7247ef func=job_orchestration.executor.query.spider_search_task.search_without_channel submit_output_start=232215440 submit_output_end=232215452 submit_output_duration_ms=11
[2026-01-30 19:56:13.286] [info] [spider.worker] [TIMING] task_id=c1c53f94-2e76-46d1-930a-995f29d51e20 func=job_orchestration.executor.query.spider_search_task.search_without_channel fetch_input_start=232215493 fetch_input_end=232215494 fetch_input_duration_ms=0
[2026-01-30 19:56:13.286] [info] [spider.worker] [TIMING] task_id=c1c53f94-2e76-46d1-930a-995f29d51e20 func=job_orchestration.executor.query.spider_search_task.search_without_channel input_send_start=232215495 input_send_end=232215495 input_send_duration_ms=0 bytes=626
[2026-01-30 19:56:13.286] [info] [spider.worker] [TIMING] task_id=c1c53f94-2e76-46d1-930a-995f29d51e20 func=job_orchestration.executor.query.spider_search_task.search_without_channel spawn_start=232215494 spawn_end=232215495 spawn_duration_ms=0
[2026-01-30 19:56:14.506] [info] [spider.worker] [TIMING] task_id=c1c53f94-2e76-46d1-930a-995f29d51e20 func=job_orchestration.executor.query.spider_search_task.search_without_channel execution_start=232215495 execution_end=232216714 execution_duration_ms=1218
[2026-01-30 19:56:14.519] [info] [spider.worker] [TIMING] task_id=c1c53f94-2e76-46d1-930a-995f29d51e20 func=job_orchestration.executor.query.spider_search_task.search_without_channel submit_output_start=232216715 submit_output_end=232216727 submit_output_duration_ms=11
[2026-01-30 19:56:14.555] [info] [spider.worker] [TIMING] task_id=50ffe057-7437-4b9d-8262-479678f9e6b5 func=job_orchestration.executor.query.spider_search_task.search_without_channel fetch_input_start=232216763 fetch_input_end=232216763 fetch_input_duration_ms=0
[2026-01-30 19:56:14.556] [info] [spider.worker] [TIMING] task_id=50ffe057-7437-4b9d-8262-479678f9e6b5 func=job_orchestration.executor.query.spider_search_task.search_without_channel input_send_start=232216764 input_send_end=232216764 input_send_duration_ms=0 bytes=626
[2026-01-30 19:56:14.556] [info] [spider.worker] [TIMING] task_id=50ffe057-7437-4b9d-8262-479678f9e6b5 func=job_orchestration.executor.query.spider_search_task.search_without_channel spawn_start=232216764 spawn_end=232216764 spawn_duration_ms=0
[2026-01-30 19:56:15.837] [info] [spider.worker] [TIMING] task_id=50ffe057-7437-4b9d-8262-479678f9e6b5 func=job_orchestration.executor.query.spider_search_task.search_without_channel execution_start=232216764 execution_end=232218045 execution_duration_ms=1280
[2026-01-30 19:56:15.888] [info] [spider.worker] [TIMING] task_id=50ffe057-7437-4b9d-8262-479678f9e6b5 func=job_orchestration.executor.query.spider_search_task.search_without_channel submit_output_start=232218055 submit_output_end=232218097 submit_output_duration_ms=41
[2026-01-30 19:56:15.959] [info] [spider.worker] [TIMING] task_id=679a7aa2-34d5-4c22-80d9-6b5863dc696d func=job_orchestration.executor.query.spider_search_task.search_without_channel fetch_input_start=232218166 fetch_input_end=232218167 fetch_input_duration_ms=1
[2026-01-30 19:56:15.959] [info] [spider.worker] [TIMING] task_id=679a7aa2-34d5-4c22-80d9-6b5863dc696d func=job_orchestration.executor.query.spider_search_task.search_without_channel input_send_start=232218167 input_send_end=232218167 input_send_duration_ms=0 bytes=626
[2026-01-30 19:56:15.959] [info] [spider.worker] [TIMING] task_id=679a7aa2-34d5-4c22-80d9-6b5863dc696d func=job_orchestration.executor.query.spider_search_task.search_without_channel spawn_start=232218167 spawn_end=232218167 spawn_duration_ms=0
[2026-01-30 19:56:17.167] [info] [spider.worker] [TIMING] task_id=679a7aa2-34d5-4c22-80d9-6b5863dc696d func=job_orchestration.executor.query.spider_search_task.search_without_channel execution_start=232218168 execution_end=232219375 execution_duration_ms=1207
[2026-01-30 19:56:17.208] [info] [spider.worker] [TIMING] task_id=679a7aa2-34d5-4c22-80d9-6b5863dc696d func=job_orchestration.executor.query.spider_search_task.search_without_channel submit_output_start=232219377 submit_output_end=232219417 submit_output_duration_ms=39
[2026-01-30 19:56:17.253] [info] [spider.worker] [TIMING] task_id=4064fd18-df52-4066-b09c-f47de273cf19 func=job_orchestration.executor.query.spider_search_task.search_without_channel fetch_input_start=232219460 fetch_input_end=232219461 fetch_input_duration_ms=1
[2026-01-30 19:56:17.254] [info] [spider.worker] [TIMING] task_id=4064fd18-df52-4066-b09c-f47de273cf19 func=job_orchestration.executor.query.spider_search_task.search_without_channel input_send_start=232219462 input_send_end=232219462 input_send_duration_ms=0 bytes=626
[2026-01-30 19:56:17.254] [info] [spider.worker] [TIMING] task_id=4064fd18-df52-4066-b09c-f47de273cf19 func=job_orchestration.executor.query.spider_search_task.search_without_channel spawn_start=232219461 spawn_end=232219462 spawn_duration_ms=0
[2026-01-30 19:56:18.601] [info] [spider.worker] [TIMING] task_id=4064fd18-df52-4066-b09c-f47de273cf19 func=job_orchestration.executor.query.spider_search_task.search_without_channel execution_start=232219462 execution_end=232220809 execution_duration_ms=1346
[2026-01-30 19:56:18.629] [info] [spider.worker] [TIMING] task_id=4064fd18-df52-4066-b09c-f47de273cf19 func=job_orchestration.executor.query.spider_search_task.search_without_channel submit_output_start=232220811 submit_output_end=232220838 submit_output_duration_ms=26
[2026-01-30 19:56:18.649] [info] [spider.worker] [TIMING] task_id=95da280f-6e39-47e8-b238-c88debf5391b func=job_orchestration.executor.query.spider_search_task.search_without_channel fetch_input_start=232220856 fetch_input_end=232220857 fetch_input_duration_ms=1
[2026-01-30 19:56:18.649] [info] [spider.worker] [TIMING] task_id=95da280f-6e39-47e8-b238-c88debf5391b func=job_orchestration.executor.query.spider_search_task.search_without_channel input_send_start=232220858 input_send_end=232220858 input_send_duration_ms=0 bytes=626
[2026-01-30 19:56:18.649] [info] [spider.worker] [TIMING] task_id=95da280f-6e39-47e8-b238-c88debf5391b func=job_orchestration.executor.query.spider_search_task.search_without_channel spawn_start=232220857 spawn_end=232220858 spawn_duration_ms=0
[2026-01-30 19:56:19.787] [info] [spider.worker] [TIMING] task_id=95da280f-6e39-47e8-b238-c88debf5391b func=job_orchestration.executor.query.spider_search_task.search_without_channel execution_start=232220858 execution_end=232221996 execution_duration_ms=1137
[2026-01-30 19:56:19.857] [info] [spider.worker] [TIMING] task_id=95da280f-6e39-47e8-b238-c88debf5391b func=job_orchestration.executor.query.spider_search_task.search_without_channel submit_output_start=232221997 submit_output_end=232222066 submit_output_duration_ms=68
[2026-01-30 19:56:19.926] [info] [spider.worker] [TIMING] task_id=301568c6-90e9-4bb3-afdc-3c25ae70331b func=job_orchestration.executor.query.spider_search_task.search_without_channel fetch_input_start=232222134 fetch_input_end=232222134 fetch_input_duration_ms=0
[2026-01-30 19:56:19.926] [info] [spider.worker] [TIMING] task_id=301568c6-90e9-4bb3-afdc-3c25ae70331b func=job_orchestration.executor.query.spider_search_task.search_without_channel input_send_start=232222135 input_send_end=232222135 input_send_duration_ms=0 bytes=626
[2026-01-30 19:56:19.926] [info] [spider.worker] [TIMING] task_id=301568c6-90e9-4bb3-afdc-3c25ae70331b func=job_orchestration.executor.query.spider_search_task.search_without_channel spawn_start=232222134 spawn_end=232222135 spawn_duration_ms=0
[2026-01-30 19:56:21.161] [info] [spider.worker] [TIMING] task_id=301568c6-90e9-4bb3-afdc-3c25ae70331b func=job_orchestration.executor.query.spider_search_task.search_without_channel execution_start=232222135 execution_end=232223369 execution_duration_ms=1234
[2026-01-30 19:56:21.179] [info] [spider.worker] [TIMING] task_id=301568c6-90e9-4bb3-afdc-3c25ae70331b func=job_orchestration.executor.query.spider_search_task.search_without_channel submit_output_start=232223370 submit_output_end=232223388 submit_output_duration_ms=17
[2026-01-30 19:56:21.198] [info] [spider.worker] [TIMING] task_id=97086a76-ff6a-49f0-81f2-25c49627e8e7 func=job_orchestration.executor.query.spider_search_task.search_without_channel fetch_input_start=232223406 fetch_input_end=232223407 fetch_input_duration_ms=0
[2026-01-30 19:56:21.199] [info] [spider.worker] [TIMING] task_id=97086a76-ff6a-49f0-81f2-25c49627e8e7 func=job_orchestration.executor.query.spider_search_task.search_without_channel input_send_start=232223407 input_send_end=232223407 input_send_duration_ms=0 bytes=626
[2026-01-30 19:56:21.199] [info] [spider.worker] [TIMING] task_id=97086a76-ff6a-49f0-81f2-25c49627e8e7 func=job_orchestration.executor.query.spider_search_task.search_without_channel spawn_start=232223407 spawn_end=232223407 spawn_duration_ms=0
[2026-01-30 19:56:22.388] [info] [spider.worker] [TIMING] task_id=97086a76-ff6a-49f0-81f2-25c49627e8e7 func=job_orchestration.executor.query.spider_search_task.search_without_channel execution_start=232223408 execution_end=232224596 execution_duration_ms=1188
[2026-01-30 19:56:22.413] [info] [spider.worker] [TIMING] task_id=97086a76-ff6a-49f0-81f2-25c49627e8e7 func=job_orchestration.executor.query.spider_search_task.search_without_channel submit_output_start=232224598 submit_output_end=232224621 submit_output_duration_ms=23
[2026-01-30 19:56:22.433] [info] [spider.worker] [TIMING] task_id=36cfc5ff-e3a3-484d-befa-4f48accfb377 func=job_orchestration.executor.query.spider_search_task.search_without_channel fetch_input_start=232224640 fetch_input_end=232224641 fetch_input_duration_ms=1
[2026-01-30 19:56:22.433] [info] [spider.worker] [TIMING] task_id=36cfc5ff-e3a3-484d-befa-4f48accfb377 func=job_orchestration.executor.query.spider_search_task.search_without_channel input_send_start=232224642 input_send_e