[2026-01-30 19:54:16.416] [warning] [spider.worker] Prefer using `SPIDER_STORAGE_URL` environment variable over `--storage_url` argument.
[2026-01-30 19:55:08.644] [info] [spider.worker] [TIMING] task_id=30738d2b-4725-4b6c-b9a2-15b80371b7b3 func=job_orchestration.executor.query.spider_search_task.search_without_channel fetch_input_start=232150850 fetch_input_end=232150852 fetch_input_duration_ms=2
[2026-01-30 19:55:08.645] [info] [spider.worker] [TIMING] task_id=30738d2b-4725-4b6c-b9a2-15b80371b7b3 func=job_orchestration.executor.query.spider_search_task.search_without_channel input_send_start=232150853 input_send_end=232150853 input_send_duration_ms=0 bytes=626
[2026-01-30 19:55:08.645] [info] [spider.worker] [TIMING] task_id=30738d2b-4725-4b6c-b9a2-15b80371b7b3 func=job_orchestration.executor.query.spider_search_task.search_without_channel spawn_start=232150852 spawn_end=232150853 spawn_duration_ms=0
[2026-01-30 19:55:09.962] [info] [spider.worker] [TIMING] task_id=30738d2b-4725-4b6c-b9a2-15b80371b7b3 func=job_orchestration.executor.query.spider_search_task.search_without_channel execution_start=232150853 execution_end=232152171 execution_duration_ms=1317
[2026-01-30 19:55:10.031] [info] [spider.worker] [TIMING] task_id=30738d2b-4725-4b6c-b9a2-15b80371b7b3 func=job_orchestration.executor.query.spider_search_task.search_without_channel submit_output_start=232152172 submit_output_end=232152240 submit_output_duration_ms=67
[2026-01-30 19:55:10.076] [info] [spider.worker] [TIMING] task_id=f526d431-e538-49ff-9a28-30ff94d10ffc func=job_orchestration.executor.query.spider_search_task.search_without_channel fetch_input_start=232152283 fetch_input_end=232152284 fetch_input_duration_ms=0
[2026-01-30 19:55:10.076] [info] [spider.worker] [TIMING] task_id=f526d431-e538-49ff-9a28-30ff94d10ffc func=job_orchestration.executor.query.spider_search_task.search_without_channel input_send_start=232152285 input_send_end=232152285 input_send_duration_ms=0 bytes=626
[2026-01-30 19:55:10.076] [info] [spider.worker] [TIMING] task_id=f526d431-e538-49ff-9a28-30ff94d10ffc func=job_orchestration.executor.query.spider_search_task.search_without_channel spawn_start=232152284 spawn_end=232152285 spawn_duration_ms=0
[2026-01-30 19:55:11.246] [info] [spider.worker] [TIMING] task_id=f526d431-e538-49ff-9a28-30ff94d10ffc func=job_orchestration.executor.query.spider_search_task.search_without_channel execution_start=232152285 execution_end=232153455 execution_duration_ms=1169
[2026-01-30 19:55:11.288] [info] [spider.worker] [TIMING] task_id=f526d431-e538-49ff-9a28-30ff94d10ffc func=job_orchestration.executor.query.spider_search_task.search_without_channel submit_output_start=232153456 submit_output_end=232153497 submit_output_duration_ms=40
[2026-01-30 19:55:11.307] [info] [spider.worker] [TIMING] task_id=efa178f6-be90-43a3-8a62-932e382ebf7c func=job_orchestration.executor.query.spider_search_task.search_without_channel fetch_input_start=232153515 fetch_input_end=232153516 fetch_input_duration_ms=0
[2026-01-30 19:55:11.308] [info] [spider.worker] [TIMING] task_id=efa178f6-be90-43a3-8a62-932e382ebf7c func=job_orchestration.executor.query.spider_search_task.search_without_channel input_send_start=232153516 input_send_end=232153516 input_send_duration_ms=0 bytes=626
[2026-01-30 19:55:11.308] [info] [spider.worker] [TIMING] task_id=efa178f6-be90-43a3-8a62-932e382ebf7c func=job_orchestration.executor.query.spider_search_task.search_without_channel spawn_start=232153516 spawn_end=232153516 spawn_duration_ms=0
[2026-01-30 19:55:12.709] [info] [spider.worker] [TIMING] task_id=efa178f6-be90-43a3-8a62-932e382ebf7c func=job_orchestration.executor.query.spider_search_task.search_without_channel execution_start=232153516 execution_end=232154918 execution_duration_ms=1401
[2026-01-30 19:55:12.747] [info] [spider.worker] [TIMING] task_id=efa178f6-be90-43a3-8a62-932e382ebf7c func=job_orchestration.executor.query.spider_search_task.search_without_channel submit_output_start=232154919 submit_output_end=232154955 submit_output_duration_ms=36
[2026-01-30 19:55:12.766] [info] [spider.worker] [TIMING] task_id=c6b4602e-c778-4d5c-9da5-c6649fc696a7 func=job_orchestration.executor.query.spider_search_task.search_without_channel fetch_input_start=232154973 fetch_input_end=232154974 fetch_input_duration_ms=0
[2026-01-30 19:55:12.766] [info] [spider.worker] [TIMING] task_id=c6b4602e-c778-4d5c-9da5-c6649fc696a7 func=job_orchestration.executor.query.spider_search_task.search_without_channel input_send_start=232154975 input_send_end=232154975 input_send_duration_ms=0 bytes=626
[2026-01-30 19:55:12.766] [info] [spider.worker] [TIMING] task_id=c6b4602e-c778-4d5c-9da5-c6649fc696a7 func=job_orchestration.executor.query.spider_search_task.search_without_channel spawn_start=232154974 spawn_end=232154975 spawn_duration_ms=0
[2026-01-30 19:55:13.947] [info] [spider.worker] [TIMING] task_id=c6b4602e-c778-4d5c-9da5-c6649fc696a7 func=job_orchestration.executor.query.spider_search_task.search_without_channel execution_start=232154975 execution_end=232156155 execution_duration_ms=1180
[2026-01-30 19:55:13.964] [info] [spider.worker] [TIMING] task_id=c6b4602e-c778-4d5c-9da5-c6649fc696a7 func=job_orchestration.executor.query.spider_search_task.search_without_channel submit_output_start=232156157 submit_output_end=232156172 submit_output_duration_ms=15
[2026-01-30 19:55:13.983] [info] [spider.worker] [TIMING] task_id=cba20102-84c9-4fc2-8259-b25b14891e76 func=job_orchestration.executor.query.spider_search_task.search_without_channel fetch_input_start=232156191 fetch_input_end=232156192 fetch_input_duration_ms=0
[2026-01-30 19:55:13.984] [info] [spider.worker] [TIMING] task_id=cba20102-84c9-4fc2-8259-b25b14891e76 func=job_orchestration.executor.query.spider_search_task.search_without_channel input_send_start=232156192 input_send_end=232156192 input_send_duration_ms=0 bytes=626
[2026-01-30 19:55:13.984] [info] [spider.worker] [TIMING] task_id=cba20102-84c9-4fc2-8259-b25b14891e76 func=job_orchestration.executor.query.spider_search_task.search_without_channel spawn_start=232156192 spawn_end=232156192 spawn_duration_ms=0
[2026-01-30 19:55:15.316] [info] [spider.worker] [TIMING] task_id=cba20102-84c9-4fc2-8259-b25b14891e76 func=job_orchestration.executor.query.spider_search_task.search_without_channel execution_start=232156193 execution_end=232157525 execution_duration_ms=1332
[2026-01-30 19:55:15.361] [info] [spider.worker] [TIMING] task_id=cba20102-84c9-4fc2-8259-b25b14891e76 func=job_orchestration.executor.query.spider_search_task.search_without_channel submit_output_start=232157527 submit_output_end=232157569 submit_output_duration_ms=42
[2026-01-30 19:55:15.384] [info] [spider.worker] [TIMING] task_id=e2a10ee9-6c2e-4f2d-9c93-9480a45bd479 func=job_orchestration.executor.query.spider_search_task.search_without_channel fetch_input_start=232157591 fetch_input_end=232157592 fetch_input_duration_ms=1
[2026-01-30 19:55:15.385] [info] [spider.worker] [TIMING] task_id=e2a10ee9-6c2e-4f2d-9c93-9480a45bd479 func=job_orchestration.executor.query.spider_search_task.search_without_channel input_send_start=232157593 input_send_end=232157593 input_send_duration_ms=0 bytes=626
[2026-01-30 19:55:15.385] [info] [spider.worker] [TIMING] task_id=e2a10ee9-6c2e-4f2d-9c93-9480a45bd479 func=job_orchestration.executor.query.spider_search_task.search_without_channel spawn_start=232157593 spawn_end=232157593 spawn_duration_ms=0
[2026-01-30 19:55:16.591] [info] [spider.worker] [TIMING] task_id=e2a10ee9-6c2e-4f2d-9c93-9480a45bd479 func=job_orchestration.executor.query.spider_search_task.search_without_channel execution_start=232157593 execution_end=232158799 execution_duration_ms=1205
[2026-01-30 19:55:16.631] [info] [spider.worker] [TIMING] task_id=e2a10ee9-6c2e-4f2d-9c93-9480a45bd479 func=job_orchestration.executor.query.spider_search_task.search_without_channel submit_output_start=232158800 submit_output_end=232158839 submit_output_duration_ms=38
[2026-01-30 19:55:16.692] [info] [spider.worker] [TIMING] task_id=d6a0ed99-4bae-42f3-a412-43f5f7a27d02 func=job_orchestration.executor.query.spider_search_task.search_without_channel fetch_input_start=232158899 fetch_input_end=232158900 fetch_input_duration_ms=1
[2026-01-30 19:55:16.692] [info] [spider.worker] [TIMING] task_id=d6a0ed99-4bae-42f3-a412-43f5f7a27d02 func=job_orchestration.executor.query.spider_search_task.search_without_channel input_send_start=232158900 input_send_end=232158901 input_send_duration_ms=0 bytes=626
[2026-01-30 19:55:16.692] [info] [spider.worker] [TIMING] task_id=d6a0ed99-4bae-42f3-a412-43f5f7a27d02 func=job_orchestration.executor.query.spider_search_task.search_without_channel spawn_start=232158900 spawn_end=232158901 spawn_duration_ms=0
[2026-01-30 19:55:17.883] [info] [spider.worker] [TIMING] task_id=d6a0ed99-4bae-42f3-a412-43f5f7a27d02 func=job_orchestration.executor.query.spider_search_task.search_without_channel execution_start=232158901 execution_end=232160091 execution_duration_ms=1190
[2026-01-30 19:55:17.917] [info] [spider.worker] [TIMING] task_id=d6a0ed99-4bae-42f3-a412-43f5f7a27d02 func=job_orchestration.executor.query.spider_search_task.search_without_channel submit_output_start=232160093 submit_output_end=232160125 submit_output_duration_ms=32
[2026-01-30 19:55:17.935] [info] [spider.worker] [TIMING] task_id=98973692-97b5-4290-b84b-93539c79458b func=job_orchestration.executor.query.spider_search_task.search_without_channel fetch_input_start=232160142 fetch_input_end=232160143 fetch_input_duration_ms=1
[2026-01-30 19:55:17.935] [info] [spider.worker] [TIMING] task_id=98973692-97b5-4290-b84b-93539c79458b func=job_orchestration.executor.query.spider_search_task.search_without_channel input_send_start=232160144 input_send_end=232160144 input_send_duration_ms=0 bytes=626
[2026-01-30 19:55:17.935] [info] [spider.worker] [TIMING] task_id=98973692-97b5-4290-b84b-93539c79458b func=job_orchestration.executor.query.spider_search_task.search_without_channel spawn_start=232160143 spawn_end=232160144 spawn_duration_ms=0
[2026-01-30 19:55:19.154] [info] [spider.worker] [TIMING] task_id=98973692-97b5-4290-b84b-93539c79458b func=job_orchestration.executor.query.spider_search_task.search_without_channel execution_start=232160144 execution_end=232161363 execution_duration_ms=1218
[2026-01-30 19:55:19.198] [info] [spider.worker] [TIMING] task_id=98973692-97b5-4290-b84b-93539c79458b func=job_orchestration.executor.query.spider_search_task.search_without_channel submit_output_start=232161364 submit_output_end=232161407 submit_output_duration_ms=42
[2026-01-30 19:55:19.242] [info] [spider.worker] [TIMING] task_id=07ed7127-d33f-4170-9617-d077202a0c85 func=job_orchestration.executor.query.spider_search_task.search_without_channel fetch_input_start=232161450 fetch_input_end=232161451 fetch_input_duration_ms=0
[2026-01-30 19:55:19.243] [info] [spider.worker] [TIMING] task_id=07ed7127-d33f-4170-9617-d077202a0c85 func=job_orchestration.executor.query.spider_search_task.search_without_channel input_send_start=232161451 input_send_end=232161451 input_send_duration_ms=0 bytes=626
[2026-01-30 19:55:19.243] [info] [spider.worker] [TIMING] task_id=07ed7127-d33f-4170-9617-d077202a0c85 func=job_orchestration.executor.query.spider_search_task.search_without_channel spawn_start=232161451 spawn_end=232161451 spawn_duration_ms=0
[2026-01-30 19:55:20.560] [info] [spider.worker] [TIMING] task_id=07ed7127-d33f-4170-9617-d077202a0c85 func=job_orchestration.executor.query.spider_search_task.search_without_channel execution_start=232161451 execution_end=232162768 execution_duration_ms=1316
[2026-01-30 19:55:20.574] [info] [spider.worker] [TIMING] task_id=07ed7127-d33f-4170-9617-d077202a0c85 func=job_orchestration.executor.query.spider_search_task.search_without_channel submit_output_start=232162770 submit_output_end=232162782 submit_output_duration_ms=12
[2026-01-30 19:55:20.617] [info] [spider.worker] [TIMING] task_id=04ff43d0-b112-4da3-8c76-412b240ef2f0 func=job_orchestration.executor.query.spider_search_task.search_without_channel fetch_input_start=232162824 fetch_input_end=232162825 fetch_input_duration_ms=0
[2026-01-30 19:55:20.617] [info] [spider.worker] [TIMING] task_id=04ff43d0-b112-4da3-8c76-412b240ef2f0 func=job_orchestration.executor.query.spider_search_task.search_without_channel input_send_start=232162826 input_send_end=232162826 input_send_duration_ms=0 bytes=626
[2026-01-30 19:55:20.617] [info] [spider.worker] [TIMING] task_id=04ff43d0-b112-4da3-8c76-412b240ef2f0 func=job_orchestration.executor.query.spider_search_task.search_without_channel spawn_start=232162825 spawn_end=232162826 spawn_duration_ms=0
[2026-01-30 19:55:21.807] [info] [spider.worker] [TIMING] task_id=04ff43d0-b112-4da3-8c76-412b240ef2f0 func=job_orchestration.executor.query.spider_search_task.search_without_channel execution_start=232162826 execution_end=232164015 execution_duration_ms=1189
[2026-01-30 19:55:21.841] [info] [spider.worker] [TIMING] task_id=04ff43d0-b112-4da3-8c76-412b240ef2f0 func=job_orchestration.executor.query.spider_search_task.search_without_channel submit_output_start=232164017 submit_output_end=232164049 submit_output_duration_ms=32
[2026-01-30 19:55:21.877] [info] [spider.worker] [TIMING] task_id=a49b28a8-a0dd-44fc-b608-548d3203ee2c func=job_orchestration.executor.query.spider_search_task.search_without_channel fetch_input_start=232164084 fetch_input_end=232164085 fetch_input_duration_ms=1
[2026-01-30 19:55:21.877] [info] [spider.worker] [TIMING] task_id=a49b28a8-a0dd-44fc-b608-548d3203ee2c func=job_orchestration.executor.query.spider_search_task.search_without_channel input_send_start=232164086 input_send_end=232164086 input_send_duration_ms=0 bytes=626
[2026-01-30 19:55:21.877] [info] [spider.worker] [TIMING] task_id=a49b28a8-a0dd-44fc-b608-548d3203ee2c func=job_orchestration.executor.query.spider_search_task.search_without_channel spawn_start=232164085 spawn_end=232164086 spawn_duration_ms=0
[2026-01-30 19:55:23.030] [info] [spider.worker] [TIMING] task_id=a49b28a8-a0dd-44fc-b608-548d3203ee2c func=job_orchestration.executor.query.spider_search_task.search_without_channel execution_start=232164086 execution_end=232165239 execution_duration_ms=1152
[2026-01-30 19:55:23.041] [info] [spider.worker] [TIMING] task_id=a49b28a8-a0dd-44fc-b608-548d3203ee2c func=job_orchestration.executor.query.spider_search_task.search_without_channel submit_output_start=232165240 submit_output_end=232165249 submit_output_duration_ms=9
[2026-01-30 19:55:23.060] [info] [spider.worker] [TIMING] task_id=fa2d3f2a-15e6-473f-b1aa-8ac5c543240a func=job_orchestration.executor.query.spider_search_task.search_without_channel fetch_input_start=232165268 fetch_input_end=232165269 fetch_input_duration_ms=0
[2026-01-30 19:55:23.061] [info] [spider.worker] [TIMING] task_id=fa2d3f2a-15e6-473f-b1aa-8ac5c543240a func=job_orchestration.executor.query.spider_search_task.search_without_channel input_send_start=232165269 input_send_end=232165269 input_send_duration_ms=0 bytes=626
[2026-01-30 19:55:23.061] [info] [spider.worker] [TIMING] task_id=fa2d3f2a-15e6-473f-b1aa-8ac5c543240a func=job_orchestration.executor.query.spider_search_task.search_without_channel spawn_start=232165269 spawn_end=232165269 spawn_duration_ms=0
[2026-01-30 19:55:24.321] [info] [spider.worker] [TIMING] task_id=fa2d3f2a-15e6-473f-b1aa-8ac5c543240a func=job_orchestration.executor.query.spider_search_task.search_without_channel execution_start=232165270 execution_end=232166530 execution_duration_ms=1259
[2026-01-30 19:55:24.380] [info] [spider.worker] [TIMING] task_id=fa2d3f2a-15e6-473f-b1aa-8ac5c543240a func=job_orchestration.executor.query.spider_search_task.search_without_channel submit_output_start=232166531 submit_output_end=232166589 submit_output_duration_ms=57
[2026-01-30 19:55:24.425] [info] [spider.worker] [TIMING] task_id=52636dae-e490-43e6-b4af-c26a7b438351 func=job_orchestration.executor.query.spider_search_task.search_without_channel fetch_input_start=232166632 fetch_input_end=232166633 fetch_input_duration_ms=0
[2026-01-30 19:55:24.425] [info] [spider.worker] [TIMING] task_id=52636dae-e490-43e6-b4af-c26a7b438351 func=job_orchestration.executor.query.spider_search_task.search_without_channel input_send_start=232166633 input_send_end=232166633 input_send_duration_ms=0 bytes=626
[2026-01-30 19:55:24.425] [info] [spider.worker] [TIMING] task_id=52636dae-e490-43e6-b4af-c26a7b438351 func=job_orchestration.executor.query.spider_search_task.search_without_channel spawn_start=232166633 spawn_end=232166633 spawn_duration_ms=0
[2026-01-30 19:55:25.575] [info] [spider.worker] [TIMING] task_id=52636dae-e490-43e6-b4af-c26a7b438351 func=job_orchestration.executor.query.spider_search_task.search_without_channel execution_start=232166634 execution_end=232167784 execution_duration_ms=1150
[2026-01-30 19:55:25.583] [info] [spider.worker] [TIMING] task_id=52636dae-e490-43e6-b4af-c26a7b438351 func=job_orchestration.executor.query.spider_search_task.search_without_channel submit_output_start=232167785 submit_output_end=232167792 submit_output_duration_ms=6
[2026-01-30 19:55:25.602] [info] [spider.worker] [TIMING] task_id=5c3ce191-9874-4782-8078-7cd6360822b3 func=job_orchestration.executor.query.spider_search_task.search_without_channel fetch_input_start=232167810 fetch_input_end=232167811 fetch_input_duration_ms=0
[2026-01-30 19:55:25.603] [info] [spider.worker] [TIMING] task_id=5c3ce191-9874-4782-8078-7cd6360822b3 func=job_orchestration.executor.query.spider_search_task.search_without_channel input_send_start=232167811 input_send_end=232167811 input_send_duration_ms=0 bytes=626
[2026-01-30 19:55:25.603] [info] [spider.worker] [TIMING] task_id=5c3ce191-9874-4782-8078-7cd6360822b3 func=job_orchestration.executor.query.spider_search_task.search_without_channel spawn_start=232167811 spawn_end=232167811 spawn_duration_ms=0
[2026-01-30 19:55:26.744] [info] [spider.worker] [TIMING] task_id=5c3ce191-9874-4782-8078-7cd6360822b3 func=job_orchestration.executor.query.spider_search_task.search_without_channel execution_start=232167811 execution_end=232168952 execution_duration_ms=1140
[2026-01-30 19:55:26.768] [info] [spider.worker] [TIMING] task_id=5c3ce191-9874-4782-8078-7cd6360822b3 func=job_orchestration.executor.query.spider_search_task.search_without_channel submit_output_start=232168953 submit_output_end=232168976 submit_output_duration_ms=22
[2026-01-30 19:55:26.787] [info] [spider.worker] [TIMING] task_id=fbf9e076-d012-4557-bebd-015febfdad59 func=job_orchestration.executor.query.spider_search_task.search_without_channel fetch_input_start=232168994 fetch_input_end=232168995 fetch_input_duration_ms=1
[2026-01-30 19:55:26.787] [info] [spider.worker] [TIMING] task_id=fbf9e076-d012-4557-bebd-015febfdad59 func=job_orchestration.executor.query.spider_search_task.search_without_channel input_send_start=232168995 input_send_end=232168995 input_send_duration_ms=0 bytes=626
[2026-01-30 19:55:26.787] [info] [spider.worker] [TIMING] task_id=fbf9e076-d012-4557-bebd-015febfdad59 func=job_orchestration.executor.query.spider_search_task.search_without_channel spawn_start=232168995 spawn_end=232168995 spawn_duration_ms=0
[2026-01-30 19:55:28.046] [info] [spider.worker] [TIMING] task_id=fbf9e076-d012-4557-bebd-015febfdad59 func=job_orchestration.executor.query.spider_search_task.search_without_channel execution_start=232168996 execution_end=232170254 execution_duration_ms=1258
[2026-01-30 19:55:28.104] [info] [spider.worker] [TIMING] task_id=fbf9e076-d012-4557-bebd-015febfdad59 func=job_orchestration.executor.query.spider_search_task.search_without_channel submit_output_start=232170255 submit_output_end=232170312 submit_output_duration_ms=57
[2026-01-30 19:55:28.182] [info] [spider.worker] [TIMING] task_id=e668ffc9-e2a8-4370-964d-e12405ef9d85 func=job_orchestration.executor.query.spider_search_task.search_without_channel fetch_input_start=232170390 fetch_input_end=232170391 fetch_input_duration_ms=1
[2026-01-30 19:55:28.183] [info] [spider.worker] [TIMING] task_id=e668ffc9-e2a8-4370-964d-e12405ef9d85 func=job_orchestration.executor.query.spider_search_task.search_without_channel input_send_start=232170391 input_send_end=232170391 input_send_duration_ms=0 bytes=626
[2026-01-30 19:55:28.183] [info] [spider.worker] [TIMING] task_id=e668ffc9-e2a8-4370-964d-e12405ef9d85 func=job_orchestration.executor.query.spider_search_task.search_without_channel spawn_start=232170391 spawn_end=232170391 spawn_duration_ms=0
[2026-01-30 19:55:29.727] [info] [spider.worker] [TIMING] task_id=e668ffc9-e2a8-4370-964d-e12405ef9d85 func=job_orchestration.executor.query.spider_search_task.search_without_channel execution_start=232170391 execution_end=232171935 execution_duration_ms=1544
[2026-01-30 19:55:29.751] [info] [spider.worker] [TIMING] task_id=e668ffc9-e2a8-4370-964d-e12405ef9d85 func=job_orchestration.executor.query.spider_search_task.search_without_channel submit_output_start=232171943 submit_output_end=232171959 submit_output_duration_ms=15
[2026-01-30 19:55:29.770] [info] [spider.worker] [TIMING] task_id=fb694f68-60e0-4580-991c-a53718e14f30 func=job_orchestration.executor.query.spider_search_task.search_without_channel fetch_input_start=232171977 fetch_input_end=232171978 fetch_input_duration_ms=1
[2026-01-30 19:55:29.771] [info] [spider.worker] [TIMING] task_id=fb694f68-60e0-4580-991c-a53718e14f30 func=job_orchestration.executor.query.spider_search_task.search_without_channel input_send_start=232171979 input_send_end=232171979 input_send_duration_ms=0 bytes=626
[2026-01-30 19:55:29.771] [info] [spider.worker] [TIMING] task_id=fb694f68-60e0-4580-991c-a53718e14f30 func=job_orchestration.executor.query.spider_search_task.search_without_channel spawn_start=232171979 spawn_end=232171979 spawn_duration_ms=0
[2026-01-30 19:55:30.988] [info] [spider.worker] [TIMING] task_id=fb694f68-60e0-4580-991c-a53718e14f30 func=job_orchestration.executor.query.spider_search_task.search_without_channel execution_start=232171979 execution_end=232173197 execution_duration_ms=1217
[2026-01-30 19:55:31.001] [info] [spider.worker] [TIMING] task_id=fb694f68-60e0-4580-991c-a53718e14f30 func=job_orchestration.executor.query.spider_search_task.search_without_channel submit_output_start=232173198 submit_output_end=232173209 submit_output_duration_ms=10
[2026-01-30 19:55:31.021] [info] [spider.worker] [TIMING] task_id=44bfa276-08ce-4dcb-8590-6a9331406515 func=job_orchestration.executor.query.spider_search_task.search_without_channel fetch_input_start=232173228 fetch_input_end=232173229 fetch_input_duration_ms=1
[2026-01-30 19:55:31.021] [info] [spider.worker] [TIMING] task_id=44bfa276-08ce-4dcb-8590-6a9331406515 func=job_orchestration.executor.query.spider_search_task.search_without_channel input_send_start=232173229 input_send_end=232173229 input_send_duration_ms=0 bytes=626
[2026-01-30 19:55:31.021] [info] [spider.worker] [TIMING] task_id=44bfa276-08ce-4dcb-8590-6a9331406515 func=job_orchestration.executor.query.spider_search_task.search_without_channel spawn_start=232173229 spawn_end=232173229 spawn_duration_ms=0
[2026-01-30 19:55:32.095] [info] [spider.worker] [TIMING] task_id=44bfa276-08ce-4dcb-8590-6a9331406515 func=job_orchestration.executor.query.spider_search_task.search_without_channel execution_start=232173230 execution_end=232174303 execution_duration_ms=1073
[2026-01-30 19:55:32.101] [info] [spider.worker] [TIMING] task_id=44bfa276-08ce-4dcb-8590-6a9331406515 func=job_orchestration.executor.query.spider_search_task.search_without_channel submit_output_start=232174305 submit_output_end=232174309 submit_output_duration_ms=4
[2026-01-30 19:55:32.132] [info] [spider.worker] [TIMING] task_id=b6a4f1a8-fccc-4a5c-8c42-bf111b3526b0 func=job_orchestration.executor.query.spider_search_task.search_without_channel fetch_input_start=232174339 fetch_input_end=232174340 fetch_input_duration_ms=0
[2026-01-30 19:55:32.132] [info] [spider.worker] [TIMING] task_id=b6a4f1a8-fccc-4a5c-8c42-bf111b3526b0 func=job_orchestration.executor.query.spider_search_task.search_without_channel input_send_start=232174341 input_send_end=232174341 input_send_duration_ms=0 bytes=626
[2026-01-30 19:55:32.132] [info] [spider.worker] [TIMING] task_id=b6a4f1a8-fccc-4a5c-8c42-bf111b3526b0 func=job_orchestration.executor.query.spider_search_task.search_without_channel spawn_start=232174340 spawn_end=232174341 spawn_duration_ms=0
[2026-01-30 19:55:33.304] [info] [spider.worker] [TIMING] task_id=b6a4f1a8-fccc-4a5c-8c42-bf111b3526b0 func=job_orchestration.executor.query.spider_search_task.search_without_channel execution_start=232174341 execution_end=232175512 execution_duration_ms=1171
[2026-01-30 19:55:33.382] [info] [spider.worker] [TIMING] task_id=b6a4f1a8-fccc-4a5c-8c42-bf111b3526b0 func=job_orchestration.executor.query.spider_search_task.search_without_channel submit_output_start=232175514 submit_output_end=232175590 submit_output_duration_ms=76
[2026-01-30 19:55:33.403] [info] [spider.worker] [TIMING] task_id=3641c26e-871b-4f95-a689-41cfdd601cc0 func=job_orchestration.executor.query.spider_search_task.search_without_channel fetch_input_start=232175611 fetch_input_end=232175612 fetch_input_duration_ms=0
[2026-01-30 19:55:33.404] [info] [spider.worker] [TIMING] task_id=3641c26e-871b-4f95-a689-41cfdd601cc0 func=job_orchestration.executor.query.spider_search_task.search_without_channel input_send_start=232175612 input_send_end=232175612 input_send_duration_ms=0 bytes=626
[2026-01-30 19:55:33.404] [info] [spider.worker] [TIMING] task_id=3641c26e-871b-4f95-a689-41cfdd601cc0 func=job_orchestration.executor.query.spider_search_task.search_without_channel spawn_start=232175612 spawn_end=232175612 spawn_duration_ms=0
[2026-01-30 19:55:34.746] [info] [spider.worker] [TIMING] task_id=3641c26e-871b-4f95-a689-41cfdd601cc0 func=job_orchestration.executor.query.spider_search_task.search_without_channel execution_start=232175612 execution_end=232176954 execution_duration_ms=1341
[2026-01-30 19:55:34.777] [info] [spider.worker] [TIMING] task_id=3641c26e-871b-4f95-a689-41cfdd601cc0 func=job_orchestration.executor.query.spider_search_task.search_without_channel submit_output_start=232176956 submit_output_end=232176985 submit_output_duration_ms=28
[2026-01-30 19:55:34.796] [info] [spider.worker] [TIMING] task_id=a086cdd0-02d1-4046-b9c5-796dd16b7a7b func=job_orchestration.executor.query.spider_search_task.search_without_channel fetch_input_start=232177003 fetch_input_end=232177005 fetch_input_duration_ms=1
[2026-01-30 19:55:34.797] [info] [spider.worker] [TIMING] task_id=a086cdd0-02d1-4046-b9c5-796dd16b7a7b func=job_orchestration.executor.query.spider_search_task.search_without_channel input_send_start=232177005 input_send_end=232177005 input_send_duration_ms=0 bytes=626
[2026-01-30 19:55:34.797] [info] [spider.worker] [TIMING] task_id=a086cdd0-02d1-4046-b9c5-796dd16b7a7b func=job_orchestration.executor.query.spider_search_task.search_without_channel spawn_start=232177005 spawn_end=232177005 spawn_duration_ms=0
[2026-01-30 19:55:35.981] [info] [spider.worker] [TIMING] task_id=a086cdd0-02d1-4046-b9c5-796dd16b7a7b func=job_orchestration.executor.query.spider_search_task.search_without_channel execution_start=232177005 execution_end=232178189 execution_duration_ms=1183
[2026-01-30 19:55:36.013] [info] [spider.worker] [TIMING] task_id=a086cdd0-02d1-4046-b9c5-796dd16b7a7b func=job_orchestration.executor.query.spider_search_task.search_without_channel submit_output_start=232178191 submit_output_end=232178221 submit_output_duration_ms=30
[2026-01-30 19:55:36.038] [info] [spider.worker] [TIMING] task_id=c2feb24a-9b70-49f8-b7e9-7c3727b7e92f func=job_orchestration.executor.query.spider_search_task.search_without_channel fetch_input_start=232178246 fetch_input_end=232178247 fetch_input_duration_ms=0
[2026-01-30 19:55:36.039] [info] [spider.worker] [TIMING] task_id=c2feb24a-9b70-49f8-b7e9-7c3727b7e92f func=job_orchestration.executor.query.spider_search_task.search_without_channel input_send_start=232178247 input_send_end=232178247 input_send_duration_ms=0 bytes=626
[2026-01-30 19:55:36.039] [info] [spider.worker] [TIMING] task_id=c2feb24a-9b70-49f8-b7e9-7c3727b7e92f func=job_orchestration.executor.query.spider_search_task.search_without_channel spawn_start=232178247 spawn_end=232178247 spawn_duration_ms=0
[2026-01-30 19:55:37.313] [info] [spider.worker] [TIMING] task_id=c2feb24a-9b70-49f8-b7e9-7c3727b7e92f func=job_orchestration.executor.query.spider_search_task.search_without_channel execution_start=232178247 execution_end=232179522 execution_duration_ms=1274
[2026-01-30 19:55:37.327] [info] [spider.worker] [TIMING] task_id=c2feb24a-9b70-49f8-b7e9-7c3727b7e92f func=job_orchestration.executor.query.spider_search_task.search_without_channel submit_output_start=232179523 submit_output_end=232179535 submit_output_duration_ms=11
[2026-01-30 19:55:37.377] [info] [spider.worker] [TIMING] task_id=6043f014-0311-45cd-917f-4f341a56c945 func=job_orchestration.executor.query.spider_search_task.search_without_channel fetch_input_start=232179585 fetch_input_end=232179586 fetch_input_duration_ms=1
[2026-01-30 19:55:37.378] [info] [spider.worker] [TIMING] task_id=6043f014-0311-45cd-917f-4f341a56c945 func=job_orchestration.executor.query.spider_search_task.search_without_channel input_send_start=232179586 input_send_end=232179586 input_send_duration_ms=0 bytes=626
[2026-01-30 19:55:37.378] [info] [spider.worker] [TIMING] task_id=6043f014-0311-45cd-917f-4f341a56c945 func=job_orchestration.executor.query.spider_search_task.search_without_channel spawn_start=232179586 spawn_end=232179586 spawn_duration_ms=0
[2026-01-30 19:55:38.561] [info] [spider.worker] [TIMING] task_id=6043f014-0311-45cd-917f-4f341a56c945 func=job_orchestration.executor.query.spider_search_task.search_without_channel execution_start=232179587 execution_end=232180770 execution_duration_ms=1183
[2026-01-30 19:55:38.577] [info] [spider.worker] [TIMING] task_id=6043f014-0311-45cd-917f-4f341a56c945 func=job_orchestration.executor.query.spider_search_task.search_without_channel submit_output_start=232180772 submit_output_end=232180786 submit_output_duration_ms=13
[2026-01-30 19:55:38.597] [info] [spider.worker] [TIMING] task_id=7a66cc16-bc37-4f7f-b13f-9d5bc050bed0 func=job_orchestration.executor.query.spider_search_task.search_without_channel fetch_input_start=232180804 fetch_input_end=232180805 fetch_input_duration_ms=0
[2026-01-30 19:55:38.597] [info] [spider.worker] [TIMING] task_id=7a66cc16-bc37-4f7f-b13f-9d5bc050bed0 func=job_orchestration.executor.query.spider_search_task.search_without_channel input_send_start=232180806 input_send_end=232180806 input_send_duration_ms=0 bytes=626
[2026-01-30 19:55:38.597] [info] [spider.worker] [TIMING] task_id=7a66cc16-bc37-4f7f-b13f-9d5bc050bed0 func=job_orchestration.executor.query.spider_search_task.search_without_channel spawn_start=232180805 spawn_end=232180806 spawn_duration_ms=0
[2026-01-30 19:55:39.858] [info] [spider.worker] [TIMING] task_id=7a66cc16-bc37-4f7f-b13f-9d5bc050bed0 func=job_orchestration.executor.query.spider_search_task.search_without_channel execution_start=232180806 execution_end=232182066 execution_duration_ms=1260
[2026-01-30 19:55:39.869] [info] [spider.worker] [TIMING] task_id=7a66cc16-bc37-4f7f-b13f-9d5bc050bed0 func=job_orchestration.executor.query.spider_search_task.search_without_channel submit_output_start=232182068 submit_output_end=232182077 submit_output_duration_ms=9
[2026-01-30 19:55:39.900] [info] [spider.worker] [TIMING] task_id=49815a29-52e8-4731-9c4e-6023cd104f14 func=job_orchestration.executor.query.spider_search_task.search_without_channel fetch_input_start=232182107 fetch_input_end=232182108 fetch_input_duration_ms=0
[2026-01-30 19:55:39.900] [info] [spider.worker] [TIMING] task_id=49815a29-52e8-4731-9c4e-6023cd104f14 func=job_orchestration.executor.query.spider_search_task.search_without_channel input_send_start=232182109 input_send_end=232182109 input_send_duration_ms=0 bytes=626
[2026-01-30 19:55:39.900] [info] [spider.worker] [TIMING] task_id=49815a29-52e8-4731-9c4e-6023cd104f14 func=job_orchestration.executor.query.spider_search_task.search_without_channel spawn_start=232182108 spawn_end=232182109 spawn_duration_ms=0
[2026-01-30 19:55:41.181] [info] [spider.worker] [TIMING] task_id=49815a29-52e8-4731-9c4e-6023cd104f14 func=job_orchestration.executor.query.spider_search_task.search_without_channel execution_start=232182109 execution_end=232183390 execution_duration_ms=1280
[2026-01-30 19:55:41.217] [info] [spider.worker] [TIMING] task_id=49815a29-52e8-4731-9c4e-6023cd104f14 func=job_orchestration.executor.query.spider_search_task.search_without_channel submit_output_start=232183391 submit_output_end=232183425 submit_output_duration_ms=33
[2026-01-30 19:55:41.238] [info] [spider.worker] [TIMING] task_id=278868b1-b57f-4539-8db0-0124a79c8b35 func=job_orchestration.executor.query.spider_search_task.search_without_channel fetch_input_start=232183446 fetch_input_end=232183447 fetch_input_duration_ms=0
[2026-01-30 19:55:41.239] [info] [spider.worker] [TIMING] task_id=278868b1-b57f-4539-8db0-0124a79c8b35 func=job_orchestration.executor.query.spider_search_task.search_without_channel input_send_start=232183447 input_send_end=232183447 input_send_duration_ms=0 bytes=626
[2026-01-30 19:55:41.239] [info] [spider.worker] [TIMING] task_id=278868b1-b57f-4539-8db0-0124a79c8b35 func=job_orchestration.executor.query.spider_search_task.search_without_channel spawn_start=232183447 spawn_end=232183447 spawn_duration_ms=0
[2026-01-30 19:55:42.578] [info] [spider.worker] [TIMING] task_id=278868b1-b57f-4539-8db0-0124a79c8b35 func=job_orchestration.executor.query.spider_search_task.search_without_channel execution_start=232183447 execution_end=232184786 execution_duration_ms=1339
[2026-01-30 19:55:42.595] [info] [spider.worker] [TIMING] task_id=278868b1-b57f-4539-8db0-0124a79c8b35 func=job_orchestration.executor.query.spider_search_task.search_without_channel submit_output_start=232184788 submit_output_end=232184803 submit_output_duration_ms=14
[2026-01-30 19:55:42.632] [info] [spider.worker] [TIMING] task_id=34b1a93d-8c5d-49b8-b595-b8f89f0e2a72 func=job_orchestration.executor.query.spider_search_task.search_without_channel fetch_input_start=232184839 fetch_input_end=232184840 fetch_input_duration_ms=1
[2026-01-30 19:55:42.632] [info] [spider.worker] [TIMING] task_id=34b1a93d-8c5d-49b8-b595-b8f89f0e2a72 func=job_orchestration.executor.query.spider_search_task.search_without_channel input_send_start=232184841 input_send_end=232184841 input_send_duration_ms=0 bytes=626
[2026-01-30 19:55:42.632] [info] [spider.worker] [TIMING] task_id=34b1a93d-8c5d-49b8-b595-b8f89f0e2a72 func=job_orchestration.executor.query.spider_search_task.search_without_channel spawn_start=232184840 spawn_end=232184841 spawn_duration_ms=0
[2026-01-30 19:55:43.844] [info] [spider.worker] [TIMING] task_id=34b1a93d-8c5d-49b8-b595-b8f89f0e2a72 func=job_orchestration.executor.query.spider_search_task.search_without_channel execution_start=232184841 execution_end=232186052 execution_duration_ms=1211
[2026-01-30 19:55:43.870] [info] [spider.worker] [TIMING] task_id=34b1a93d-8c5d-49b8-b595-b8f89f0e2a72 func=job_orchestration.executor.query.spider_search_task.search_without_channel submit_output_start=232186054 submit_output_end=232186078 submit_output_duration_ms=23
[2026-01-30 19:55:43.890] [info] [spider.worker] [TIMING] task_id=8a2649e9-ff3c-49f2-8a4f-5e9d17e25ac7 func=job_orchestration.executor.query.spider_search_task.search_without_channel fetch_input_start=232186097 fetch_input_end=232186098 fetch_input_duration_ms=1
[2026-01-30 19:55:43.891] [info] [spider.worker] [TIMING] task_id=8a2649e9-ff3c-49f2-8a4f-5e9d17e25ac7 func=job_orchestration.executor.query.spider_search_task.search_without_channel input_send_start=232186099 input_send_end=232186099 input_send_duration_ms=0 bytes=626
[2026-01-30 19:55:43.891] [info] [spider.worker] [TIMING] task_id=8a2649e9-ff3c-49f2-8a4f-5e9d17e25ac7 func=job_orchestration.executor.query.spider_search_task.search_without_channel spawn_start=232186098 spawn_end=232186099 spawn_duration_ms=0
[2026-01-30 19:55:45.106] [info] [spider.worker] [TIMING] task_id=8a2649e9-ff3c-49f2-8a4f-5e9d17e25ac7 func=job_orchestration.executor.query.spider_search_task.search_without_channel execution_start=232186099 execution_end=232187314 execution_duration_ms=1215
[2026-01-30 19:55:45.137] [info] [spider.worker] [TIMING] task_id=8a2649e9-ff3c-49f2-8a4f-5e9d17e25ac7 func=job_orchestration.executor.query.spider_search_task.search_without_channel submit_output_start=232187327 submit_output_end=232187345 submit_output_duration_ms=18
[2026-01-30 19:55:45.157] [info] [spider.worker] [TIMING] task_id=04160e6c-c640-43ec-ab63-cb0cd943fd04 func=job_orchestration.executor.query.spider_search_task.search_without_channel fetch_input_start=232187364 fetch_input_end=232187365 fetch_input_duration_ms=1
[2026-01-30 19:55:45.157] [info] [spider.worker] [TIMING] task_id=04160e6c-c640-43ec-ab63-cb0cd943fd04 func=job_orchestration.executor.query.spider_search_task.search_without_channel input_send_start=232187366 input_send_end=232187366 input_send_duration_ms=0 bytes=626
[2026-01-30 19:55:45.157] [info] [spider.worker] [TIMING] task_id=04160e6c-c640-43ec-ab63-cb0cd943fd04 func=job_orchestration.executor.query.spider_search_task.search_without_channel spawn_start=232187365 spawn_end=232187366 spawn_duration_ms=0
[2026-01-30 19:55:46.588] [info] [spider.worker] [TIMING] task_id=04160e6c-c640-43ec-ab63-cb0cd943fd04 func=job_orchestration.executor.query.spider_search_task.search_without_channel execution_start=232187366 execution_end=232188796 execution_duration_ms=1430
[2026-01-30 19:55:46.604] [info] [spider.worker] [TIMING] task_id=04160e6c-c640-43ec-ab63-cb0cd943fd04 func=job_orchestration.executor.query.spider_search_task.search_without_channel submit_output_start=232188798 submit_output_end=232188812 submit_output_duration_ms=13
[2026-01-30 19:55:46.623] [info] [spider.worker] [TIMING] task_id=01a656d6-1215-4caa-b499-ed16b9a586a8 func=job_orchestration.executor.query.spider_search_task.search_without_channel fetch_input_start=232188831 fetch_input_end=232188832 fetch_input_duration_ms=1
[2026-01-30 19:55:46.624] [info] [spider.worker] [TIMING] task_id=01a656d6-1215-4caa-b499-ed16b9a586a8 func=job_orchestration.executor.query.spider_search_task.search_without_channel input_send_start=232188832 input_send_end=232188832 input_send_duration_ms=0 bytes=626
[2026-01-30 19:55:46.624] [info] [spider.worker] [TIMING] task_id=01a656d6-1215-4caa-b499-ed16b9a586a8 func=job_orchestration.executor.query.spider_search_task.search_without_channel spawn_start=232188832 spawn_end=232188832 spawn_duration_ms=0
[2026-01-30 19:55:47.732] [info] [spider.worker] [TIMING] task_id=01a656d6-1215-4caa-b499-ed16b9a586a8 func=job_orchestration.executor.query.spider_search_task.search_without_channel execution_start=232188832 execution_end=232189941 execution_duration_ms=1108
[2026-01-30 19:55:47.771] [info] [spider.worker] [TIMING] task_id=01a656d6-1215-4caa-b499-ed16b9a586a8 func=job_orchestration.executor.query.spider_search_task.search_without_channel submit_output_start=232189942 submit_output_end=232189979 submit_output_duration_ms=37
[2026-01-30 19:55:47.820] [info] [spider.worker] [TIMING] task_id=0b7c07ba-c7c5-4932-9229-458a9c473364 func=job_orchestration.executor.query.spider_search_task.search_without_channel fetch_input_start=232190027 fetch_input_end=232190029 fetch_input_duration_ms=1
[2026-01-30 19:55:47.821] [info] [spider.worker] [TIMING] task_id=0b7c07ba-c7c5-4932-9229-458a9c473364 func=job_orchestration.executor.query.spider_search_task.search_without_channel input_send_start=232190029 input_send_end=232190029 input_send_duration_ms=0 bytes=626
[2026-01-30 19:55:47.821] [info] [spider.worker] [TIMING] task_id=0b7c07ba-c7c5-4932-9229-458a9c473364 func=job_orchestration.executor.query.spider_search_task.search_without_channel spawn_start=232190029 spawn_end=232190029 spawn_duration_ms=0
[2026-01-30 19:55:49.050] [info] [spider.worker] [TIMING] task_id=0b7c07ba-c7c5-4932-9229-458a9c473364 func=job_orchestration.executor.query.spider_search_task.search_without_channel execution_start=232190030 execution_end=232191259 execution_duration_ms=1228
[2026-01-30 19:55:49.062] [info] [spider.worker] [TIMING] task_id=0b7c07ba-c7c5-4932-9229-458a9c473364 func=job_orchestration.executor.query.spider_search_task.search_without_channel submit_output_start=232191260 submit_output_end=232191271 submit_output_duration_ms=10
[2026-01-30 19:55:49.073] [info] [spider.worker] [TIMING] task_id=b586fce8-deae-4c24-b00d-4c945319598c func=job_orchestration.executor.query.spider_search_task.search_without_channel fetch_input_start=232191281 fetch_input_end=232191281 fetch_input_duration_ms=0
[2026-01-30 19:55:49.074] [info] [spider.worker] [TIMING] task_id=b586fce8-deae-4c24-b00d-4c945319598c func=job_orchestration.executor.query.spider_search_task.search_without_channel input_send_start=232191282 input_send_end=232191282 input_send_duration_ms=0 bytes=626
[2026-01-30 19:55:49.074] [info] [spider.worker] [TIMING] task_id=b586fce8-deae-4c24-b00d-4c945319598c func=job_orchestration.executor.query.spider_search_task.search_without_channel spawn_start=232191282 spawn_end=232191282 spawn_duration_ms=0
[2026-01-30 19:55:50.276] [info] [spider.worker] [TIMING] task_id=b586fce8-deae-4c24-b00d-4c945319598c func=job_orchestration.executor.query.spider_search_task.search_without_channel execution_start=232191282 execution_end=232192485 execution_duration_ms=1202
[2026-01-30 19:55:50.288] [info] [spider.worker] [TIMING] task_id=b586fce8-deae-4c24-b00d-4c945319598c func=job_orchestration.executor.query.spider_search_task.search_without_channel submit_output_start=232192486 submit_output_end=232192496 submit_output_duration_ms=10
[2026-01-30 19:55:50.325] [info] [spider.worker] [TIMING] task_id=fa7b39af-f766-41db-89bb-12eb93ddfcaf func=job_orchestration.executor.query.spider_search_task.search_without_channel fetch_input_start=232192532 fetch_input_end=232192533 fetch_input_duration_ms=1
[2026-01-30 19:55:50.325] [info] [spider.worker] [TIMING] task_id=fa7b39af-f766-41db-89bb-12eb93ddfcaf func=job_orchestration.executor.query.spider_search_task.search_without_channel input_send_start=232192534 input_send_end=232192534 input_send_duration_ms=0 bytes=626
[2026-01-30 19:55:50.325] [info] [spider.worker] [TIMING] task_id=fa7b39af-f766-41db-89bb-12eb93ddfcaf func=job_orchestration.executor.query.spider_search_task.search_without_channel spawn_start=232192533 spawn_end=232192534 spawn_duration_ms=0
[2026-01-30 19:55:51.478] [info] [spider.worker] [TIMING] task_id=fa7b39af-f766-41db-89bb-12eb93ddfcaf func=job_orchestration.executor.query.spider_search_task.search_without_channel execution_start=232192534 execution_end=232193687 execution_duration_ms=1152
[2026-01-30 19:55:51.508] [info] [spider.worker] [TIMING] task_id=fa7b39af-f766-41db-89bb-12eb93ddfcaf func=job_orchestration.executor.query.spider_search_task.search_without_channel submit_output_start=232193689 submit_output_end=232193717 submit_output_duration_ms=27
[2026-01-30 19:55:51.533] [info] [spider.worker] [TIMING] task_id=7d791750-7dec-4bad-9e32-9182a7f8ccae func=job_orchestration.executor.query.spider_search_task.search_without_channel fetch_input_start=232193740 fetch_input_end=232193741 fetch_input_duration_ms=0
[2026-01-30 19:55:51.533] [info] [spider.worker] [TIMING] task_id=7d791750-7dec-4bad-9e32-9182a7f8ccae func=job_orchestration.executor.query.spider_search_task.search_without_channel input_send_start=232193742 input_send_end=232193742 input_send_duration_ms=0 bytes=626
[2026-01-30 19:55:51.533] [info] [spider.worker] [TIMING] task_id=7d791750-7dec-4bad-9e32-9182a7f8ccae func=job_orchestration.executor.query.spider_search_task.search_without_channel spawn_start=232193741 spawn_end=232193742 spawn_duration_ms=0
[2026-01-30 19:55:52.797] [info] [spider.worker] [TIMING] task_id=7d791750-7dec-4bad-9e32-9182a7f8ccae func=job_orchestration.executor.query.spider_search_task.search_without_channel execution_start=232193742 execution_end=232195005 execution_duration_ms=1263
[2026-01-30 19:55:52.836] [info] [spider.worker] [TIMING] task_id=7d791750-7dec-4bad-9e32-9182a7f8ccae func=job_orchestration.executor.query.spider_search_task.search_without_channel submit_output_start=232195007 submit_output_end=232195045 submit_output_duration_ms=37
[2026-01-30 19:55:52.883] [info] [spider.worker] [TIMING] task_id=156c27f9-2260-4697-b04a-b14ef87ba0c8 func=job_orchestration.executor.query.spider_search_task.search_without_channel fetch_input_start=232195090 fetch_input_end=232195091 fetch_input_duration_ms=0
[2026-01-30 19:55:52.883] [info] [spider.worker] [TIMING] task_id=156c27f9-2260-4697-b04a-b14ef87ba0c8 func=job_orchestration.executor.query.spider_search_task.search_without_channel input_send_start=232195092 input_send_end=232195092 input_send_duration_ms=0 bytes=626
[2026-01-30 19:55:52.884] [info] [spider.worker] [TIMING] task_id=156c27f9-2260-4697-b04a-b14ef87ba0c8 func=job_orchestration.executor.query.spider_search_task.search_without_channel spawn_start=232195092 spawn_end=232195092 spawn_duration_ms=0
[2026-01-30 19:55:54.133] [info] [spider.worker] [TIMING] task_id=156c27f9-2260-4697-b04a-b14ef87ba0c8 func=job_orchestration.executor.query.spider_search_task.search_without_channel execution_start=232195092 execution_end=232196342 execution_duration_ms=1249
[2026-01-30 19:55:54.139] [info] [spider.worker] [TIMING] task_id=156c27f9-2260-4697-b04a-b14ef87ba0c8 func=job_orchestration.executor.query.spider_search_task.search_without_channel submit_output_start=232196343 submit_output_end=232196348 submit_output_duration_ms=4
[2026-01-30 19:55:54.150] [info] [spider.worker] [TIMING] task_id=45e6f9f1-31cb-4d63-a0b4-8b8ac9abda45 func=job_orchestration.executor.query.spider_search_task.search_without_channel fetch_input_start=232196357 fetch_input_end=232196358 fetch_input_duration_ms=0
[2026-01-30 19:55:54.150] [info] [spider.worker] [TIMING] task_id=45e6f9f1-31cb-4d63-a0b4-8b8ac9abda45 func=job_orchestration.executor.query.spider_search_task.search_without_channel input_send_start=232196359 input_send_end=232196359 input_send_duration_ms=0 bytes=626
[2026-01-30 19:55:54.150] [info] [spider.worker] [TIMING] task_id=45e6f9f1-31cb-4d63-a0b4-8b8ac9abda45 func=job_orchestration.executor.query.spider_search_task.search_without_channel spawn_start=232196358 spawn_end=232196359 spawn_duration_ms=0
[2026-01-30 19:55:55.347] [info] [spider.worker] [TIMING] task_id=45e6f9f1-31cb-4d63-a0b4-8b8ac9abda45 func=job_orchestration.executor.query.spider_search_task.search_without_channel execution_start=232196359 execution_end=232197555 execution_duration_ms=1196
[2026-01-30 19:55:55.373] [info] [spider.worker] [TIMING] task_id=45e6f9f1-31cb-4d63-a0b4-8b8ac9abda45 func=job_orchestration.executor.query.spider_search_task.search_without_channel submit_output_start=232197559 submit_output_end=232197581 submit_output_duration_ms=22
[2026-01-30 19:55:55.393] [info] [spider.worker] [TIMING] task_id=2d54036b-8fc7-413f-b10d-10f03b102d40 func=job_orchestration.executor.query.spider_search_task.search_without_channel fetch_input_start=232197600 fetch_input_end=232197601 fetch_input_duration_ms=0
[2026-01-30 19:55:55.393] [info] [spider.worker] [TIMING] task_id=2d54036b-8fc7-413f-b10d-10f03b102d40 func=job_orchestration.executor.query.spider_search_task.search_without_channel input_send_start=232197601 input_send_end=232197602 input_send_duration_ms=0 bytes=626
[2026-01-30 19:55:55.393] [info] [spider.worker] [TIMING] task_id=2d54036b-8fc7-413f-b10d-10f03b102d40 func=job_orchestration.executor.query.spider_search_task.search_without_channel spawn_start=232197601 spawn_end=232197602 spawn_duration_ms=0
[2026-01-30 19:55:56.553] [info] [spider.worker] [TIMING] task_id=2d54036b-8fc7-413f-b10d-10f03b102d40 func=job_orchestration.executor.query.spider_search_task.search_without_channel execution_start=232197602 execution_end=232198761 execution_duration_ms=1159
[2026-01-30 19:55:56.573] [info] [spider.worker] [TIMING] task_id=2d54036b-8fc7-413f-b10d-10f03b102d40 func=job_orchestration.executor.query.spider_search_task.search_without_channel submit_output_start=232198763 submit_output_end=232198782 submit_output_duration_ms=18
[2026-01-30 19:55:56.626] [info] [spider.worker] [TIMING] task_id=71296096-49fc-4824-9685-8f1148dbfd3f func=job_orchestration.executor.query.spider_search_task.search_without_channel fetch_input_start=232198834 fetch_input_end=232198835 fetch_input_duration_ms=0
[2026-01-30 19:55:56.627] [info] [spider.worker] [TIMING] task_id=71296096-49fc-4824-9685-8f1148dbfd3f func=job_orchestration.executor.query.spider_search_task.search_without_channel input_send_start=232198835 input_send_end=232198835 input_send_duration_ms=0 bytes=626
[2026-01-30 19:55:56.627] [info] [spider.worker] [TIMING] task_id=71296096-49fc-4824-9685-8f1148dbfd3f func=job_orchestration.executor.query.spider_search_task.search_without_channel spawn_start=232198835 spawn_end=232198835 spawn_duration_ms=0
[2026-01-30 19:55:57.821] [info] [spider.worker] [TIMING] task_id=71296096-49fc-4824-9685-8f1148dbfd3f func=job_orchestration.executor.query.spider_search_task.search_without_channel execution_start=232198835 execution_end=232200029 execution_duration_ms=1193
[2026-01-30 19:55:57.857] [info] [spider.worker] [TIMING] task_id=71296096-49fc-4824-9685-8f1148dbfd3f func=job_orchestration.executor.query.spider_search_task.search_without_channel submit_output_start=232200030 submit_output_end=232200065 submit_output_duration_ms=34
[2026-01-30 19:55:57.925] [info] [spider.worker] [TIMING] task_id=30bf8409-2873-4080-8ef9-fd213d857ff1 func=job_orchestration.executor.query.spider_search_task.search_without_channel fetch_input_start=232200133 fetch_input_end=232200134 fetch_input_duration_ms=0
[2026-01-30 19:55:57.926] [info] [spider.worker] [TIMING] task_id=30bf8409-2873-4080-8ef9-fd213d857ff1 func=job_orchestration.executor.query.spider_search_task.search_without_channel input_send_start=232200134 input_send_end=232200134 input_send_duration_ms=0 bytes=626
[2026-01-30 19:55:57.926] [info] [spider.worker] [TIMING] task_id=30bf8409-2873-4080-8ef9-fd213d857ff1 func=job_orchestration.executor.query.spider_search_task.search_without_channel spawn_start=232200134 spawn_end=232200134 spawn_duration_ms=0
[2026-01-30 19:55:59.233] [info] [spider.worker] [TIMING] task_id=30bf8409-2873-4080-8ef9-fd213d857ff1 func=job_orchestration.executor.query.spider_search_task.search_without_channel execution_start=232200135 execution_end=232201441 execution_duration_ms=1306
[2026-01-30 19:55:59.285] [info] [spider.worker] [TIMING] task_id=30bf8409-2873-4080-8ef9-fd213d857ff1 func=job_orchestration.executor.query.spider_search_task.search_without_channel submit_output_start=232201452 submit_output_end=232201493 submit_output_duration_ms=41
[2026-01-30 19:55:59.319] [info] [spider.worker] [TIMING] task_id=31c263ec-95c4-472e-ac3b-ad8e8724e55f func=job_orchestration.executor.query.spider_search_task.search_without_channel fetch_input_start=232201526 fetch_input_end=232201527 fetch_input_duration_ms=1
[2026-01-30 19:55:59.320] [info] [spider.worker] [TIMING] task_id=31c263ec-95c4-472e-ac3b-ad8e8724e55f func=job_orchestration.executor.query.spider_search_task.search_without_channel input_send_start=232201528 input_send_end=232201528 input_send_duration_ms=0 bytes=626
[2026-01-30 19:55:59.320] [info] [spider.worker] [TIMING] task_id=31c263ec-95c4-472e-ac3b-ad8e8724e55f func=job_orchestration.executor.query.spider_search_task.search_without_channel spawn_start=232201527 spawn_end=232201528 spawn_duration_ms=0
[2026-01-30 19:56:00.452] [info] [spider.worker] [TIMING] task_id=31c263ec-95c4-472e-ac3b-ad8e8724e55f func=job_orchestration.executor.query.spider_search_task.search_without_channel execution_start=232201528 execution_end=232202661 execution_duration_ms=1132
[2026-01-30 19:56:00.474] [info] [spider.worker] [TIMING] task_id=31c263ec-95c4-472e-ac3b-ad8e8724e55f func=job_orchestration.executor.query.spider_search_task.search_without_channel submit_output_start=232202662 submit_output_end=232202683 submit_output_duration_ms=20
[2026-01-30 19:56:00.485] [info] [spider.worker] [TIMING] task_id=d1189632-df4f-4713-89ec-cbd2b7c4854a func=job_orchestration.executor.query.spider_search_task.search_without_channel fetch_input_start=232202692 fetch_input_end=232202693 fetch_input_duration_ms=1
[2026-01-30 19:56:00.485] [info] [spider.worker] [TIMING] task_id=d1189632-df4f-4713-89ec-cbd2b7c4854a func=job_orchestration.executor.query.spider_search_task.search_without_channel input_send_start=232202694 input_send_end=232202694 input_send_duration_ms=0 bytes=626
[2026-01-30 19:56:00.485] [info] [spider.worker] [TIMING] task_id=d1189632-df4f-4713-89ec-cbd2b7c4854a func=job_orchestration.executor.query.spider_search_task.search_without_channel spawn_start=232202693 spawn_end=232202694 spawn_duration_ms=0
[2026-01-30 19:56:02.035] [info] [spider.worker] [TIMING] task_id=d1189632-df4f-4713-89ec-cbd2b7c4854a func=job_orchestration.executor.query.spider_search_task.search_without_channel execution_start=232202694 execution_end=232204243 execution_duration_ms=1549
[2026-01-30 19:56:02.066] [info] [spider.worker] [TIMING] task_id=d1189632-df4f-4713-89ec-cbd2b7c4854a func=job_orchestration.executor.query.spider_search_task.search_without_channel submit_output_start=232204245 submit_output_end=232204274 submit_output_duration_ms=29
[2026-01-30 19:56:02.085] [info] [spider.worker] [TIMING] task_id=6fdf1694-7ea7-460e-8000-9fddd91477be func=job_orchestration.executor.query.spider_search_task.search_without_channel fetch_input_start=232204293 fetch_input_end=232204294 fetch_input_duration_ms=0
[2026-01-30 19:56:02.086] [info] [spider.worker] [TIMING] task_id=6fdf1694-7ea7-460e-8000-9fddd91477be func=job_orchestration.executor.query.spider_search_task.search_without_channel input_send_start=232204294 input_send_end=232204294 input_send_duration_ms=0 bytes=626
[2026-01-30 19:56:02.086] [info] [spider.worker] [TIMING] task_id=6fdf1694-7ea7-460e-8000-9fddd91477be func=job_orchestration.executor.query.spider_search_task.search_without_channel spawn_start=232204294 spawn_end=232204294 spawn_duration_ms=0
[2026-01-30 19:56:03.263] [info] [spider.worker] [TIMING] task_id=6fdf1694-7ea7-460e-8000-9fddd91477be func=job_orchestration.executor.query.spider_search_task.search_without_channel execution_start=232204294 execution_end=232205472 execution_duration_ms=1177
[2026-01-30 19:56:03.294] [info] [spider.worker] [TIMING] task_id=6fdf1694-7ea7-460e-8000-9fddd91477be func=job_orchestration.executor.query.spider_search_task.search_without_channel submit_output_start=232205474 submit_output_end=232205503 submit_output_duration_ms=29
[2026-01-30 19:56:03.331] [info] [spider.worker] [TIMING] task_id=38941cf8-69bd-4b6d-8f94-c78ff4afbf64 func=job_orchestration.executor.query.spider_search_task.search_without_channel fetch_input_start=232205538 fetch_input_end=232205539 fetch_input_duration_ms=1
[2026-01-30 19:56:03.332] [info] [spider.worker] [TIMING] task_id=38941cf8-69bd-4b6d-8f94-c78ff4afbf64 func=job_orchestration.executor.query.spider_search_task.search_without_channel input_send_start=232205540 input_send_end=232205540 input_send_duration_ms=0 bytes=626
[2026-01-30 19:56:03.332] [info] [spider.worker] [TIMING] task_id=38941cf8-69bd-4b6d-8f94-c78ff4afbf64 func=job_orchestration.executor.query.spider_search_task.search_without_channel spawn_start=232205539 spawn_end=232205540 spawn_duration_ms=0
[2026-01-30 19:56:04.539] [info] [spider.worker] [TIMING] task_id=38941cf8-69bd-4b6d-8f94-c78ff4afbf64 func=job_orchestration.executor.query.spider_search_task.search_without_channel execution_start=232205540 execution_end=232206747 execution_duration_ms=1207
[2026-01-30 19:56:04.559] [info] [spider.worker] [TIMING] task_id=38941cf8-69bd-4b6d-8f94-c78ff4afbf64 func=job_orchestration.executor.query.spider_search_task.search_without_channel submit_output_start=232206750 submit_output_end=232206767 submit_output_duration_ms=17
[2026-01-30 19:56:04.569] [info] [spider.worker] [TIMING] task_id=4d01f5bb-7a8e-46c9-b1b0-25dc40305735 func=job_orchestration.executor.query.spider_search_task.search_without_channel fetch_input_start=232206777 fetch_input_end=232206778 fetch_input_duration_ms=0
[2026-01-30 19:56:04.570] [info] [spider.worker] [TIMING] task_id=4d01f5bb-7a8e-46c9-b1b0-25dc40305735 func=job_orchestration.executor.query.spider_search_task.search_without_channel input_send_start=232206778 input_send_end=232206778 input_send_duration_ms=0 bytes=626
[2026-01-30 19:56:04.570] [info] [spider.worker] [TIMING] task_id=4d01f5bb-7a8e-46c9-b1b0-25dc40305735 func=job_orchestration.executor.query.spider_search_task.search_without_channel spawn_start=232206778 spawn_end=232206778 spawn_duration_ms=0
[2026-01-30 19:56:05.726] [info] [spider.worker] [TIMING] task_id=4d01f5bb-7a8e-46c9-b1b0-25dc40305735 func=job_orchestration.executor.query.spider_search_task.search_without_channel execution_start=232206778 execution_end=232207935 execution_duration_ms=1156
[2026-01-30 19:56:05.751] [info] [spider.worker] [TIMING] task_id=4d01f5bb-7a8e-46c9-b1b0-25dc40305735 func=job_orchestration.executor.query.spider_search_task.search_without_channel submit_output_start=232207943 submit_output_end=232207959 submit_output_duration_ms=16
[2026-01-30 19:56:05.787] [info] [spider.worker] [TIMING] task_id=30b1d58b-e85a-485e-8ac4-666474ec12dc func=job_orchestration.executor.query.spider_search_task.search_without_channel fetch_input_start=232207994 fetch_input_end=232207995 fetch_input_duration_ms=0
[2026-01-30 19:56:05.787] [info] [spider.worker] [TIMING] task_id=30b1d58b-e85a-485e-8ac4-666474ec12dc func=job_orchestration.executor.query.spider_search_task.search_without_channel input_send_start=232207995 input_send_end=232207996 input_send_duration_ms=0 bytes=626
[2026-01-30 19:56:05.787] [info] [spider.worker] [TIMING] task_id=30b1d58b-e85a-485e-8ac4-666474ec12dc func=job_orchestration.executor.query.spider_search_task.search_without_channel spawn_start=232207995 spawn_end=232207996 spawn_duration_ms=0
[2026-01-30 19:56:07.069] [info] [spider.worker] [TIMING] task_id=30b1d58b-e85a-485e-8ac4-666474ec12dc func=job_orchestration.executor.query.spider_search_task.search_without_channel execution_start=232207996 execution_end=232209278 execution_duration_ms=1282
[2026-01-30 19:56:07.604] [info] [spider.worker] [TIMING] task_id=30b1d58b-e85a-485e-8ac4-666474ec12dc func=job_orchestration.executor.query.spider_search_task.search_without_channel submit_output_start=232209313 submit_output_end=232209813 submit_output_duration_ms=499
[2026-01-30 19:56:07.982] [info] [spider.worker] [TIMING] task_id=c965b83a-08c8-4595-ba35-2a8ab5aceb2a func=job_orchestration.executor.query.spider_search_task.search_without_channel fetch_input_start=232210189 fetch_input_end=232210190 fetch_input_duration_ms=0
[2026-01-30 19:56:07.982] [info] [spider.worker] [TIMING] task_id=c965b83a-08c8-4595-ba35-2a8ab5aceb2a func=job_orchestration.executor.query.spider_search_task.search_without_channel input_send_start=232210190 input_send_end=232210190 input_send_duration_ms=0 bytes=626
[2026-01-30 19:56:07.982] [info] [spider.worker] [TIMING] task_id=c965b83a-08c8-4595-ba35-2a8ab5aceb2a func=job_orchestration.executor.query.spider_search_task.search_without_channel spawn_start=232210190 spawn_end=232210190 spawn_duration_ms=0
[2026-01-30 19:56:09.102] [info] [spider.worker] [TIMING] task_id=c965b83a-08c8-4595-ba35-2a8ab5aceb2a func=job_orchestration.executor.query.spider_search_task.search_without_channel execution_start=232210191 execution_end=232211310 execution_duration_ms=1119
[2026-01-30 19:56:09.132] [info] [spider.worker] [TIMING] task_id=c965b83a-08c8-4595-ba35-2a8ab5aceb2a func=job_orchestration.executor.query.spider_search_task.search_without_channel submit_output_start=232211312 submit_output_end=232211340 submit_output_duration_ms=28
[2026-01-30 19:56:09.185] [info] [spider.worker] [TIMING] task_id=155e69c3-08a9-4a65-bc0b-cda4192a6441 func=job_orchestration.executor.query.spider_search_task.search_without_channel fetch_input_start=232211392 fetch_input_end=232211393 fetch_input_duration_ms=0
[2026-01-30 19:56:09.185] [info] [spider.worker] [TIMING] task_id=155e69c3-08a9-4a65-bc0b-cda4192a6441 func=job_orchestration.executor.query.spider_search_task.search_without_channel input_send_start=232211393 input_send_end=232211393 input_send_duration_ms=0 bytes=626
[2026-01-30 19:56:09.185] [info] [spider.worker] [TIMING] task_id=155e69c3-08a9-4a65-bc0b-cda4192a6441 func=job_orchestration.executor.query.spider_search_task.search_without_channel spawn_start=232211393 spawn_end=232211394 spawn_duration_ms=0
[2026-01-30 19:56:10.385] [info] [spider.worker] [TIMING] task_id=155e69c3-08a9-4a65-bc0b-cda4192a6441 func=job_orchestration.executor.query.spider_search_task.search_without_channel execution_start=232211394 execution_end=232212593 execution_duration_ms=1199
[2026-01-30 19:56:10.417] [info] [spider.worker] [TIMING] task_id=155e69c3-08a9-4a65-bc0b-cda4192a6441 func=job_orchestration.executor.query.spider_search_task.search_without_channel submit_output_start=232212595 submit_output_end=232212626 submit_output_duration_ms=30
[2026-01-30 19:56:10.438] [info] [spider.worker] [TIMING] task_id=e3d09a92-c734-4302-9aed-746c3373571f func=job_orchestration.executor.query.spider_search_task.search_without_channel fetch_input_start=232212645 fetch_input_end=232212647 fetch_input_duration_ms=1
[2026-01-30 19:56:10.439] [info] [spider.worker] [TIMING] task_id=e3d09a92-c734-4302-9aed-746c3373571f func=job_orchestration.executor.query.spider_search_task.search_without_channel input_send_start=232212647 input_send_end=232212647 input_send_duration_ms=0 bytes=626
[2026-01-30 19:56:10.439] [info] [spider.worker] [TIMING] task_id=e3d09a92-c734-4302-9aed-746c3373571f func=job_orchestration.executor.query.spider_search_task.search_without_channel spawn_start=232212647 spawn_end=232212647 spawn_duration_ms=0
[2026-01-30 19:56:11.645] [info] [spider.worker] [TIMING] task_id=e3d09a92-c734-4302-9aed-746c3373571f func=job_orchestration.executor.query.spider_search_task.search_without_channel execution_start=232212648 execution_end=232213853 execution_duration_ms=1205
[2026-01-30 19:56:11.678] [info] [spider.worker] [TIMING] task_id=e3d09a92-c734-4302-9aed-746c3373571f func=job_orchestration.executor.query.spider_search_task.search_without_channel submit_output_start=232213855 submit_output_end=232213886 submit_output_duration_ms=31
[2026-01-30 19:56:11.696] [info] [spider.worker] [TIMING] task_id=937b2c37-79f3-4e59-b900-9afdcc69d702 func=job_orchestration.executor.query.spider_search_task.search_without_channel fetch_input_start=232213904 fetch_input_end=232213905 fetch_input_duration_ms=1
[2026-01-30 19:56:11.697] [info] [spider.worker] [TIMING] task_id=937b2c37-79f3-4e59-b900-9afdcc69d702 func=job_orchestration.executor.query.spider_search_task.search_without_channel input_send_start=232213905 input_send_end=232213905 input_send_duration_ms=0 bytes=626
[2026-01-30 19:56:11.697] [info] [spider.worker] [TIMING] task_id=937b2c37-79f3-4e59-b900-9afdcc69d702 func=job_orchestration.executor.query.spider_search_task.search_without_channel spawn_start=232213905 spawn_end=232213905 spawn_duration_ms=0
[2026-01-30 19:56:12.847] [info] [spider.worker] [TIMING] task_id=937b2c37-79f3-4e59-b900-9afdcc69d702 func=job_orchestration.executor.query.spider_search_task.search_without_channel execution_start=232213906 execution_end=232215056 execution_duration_ms=1150
[2026-01-30 19:56:12.877] [info] [spider.worker] [TIMING] task_id=937b2c37-79f3-4e59-b900-9afdcc69d702 func=job_orchestration.executor.query.spider_search_task.search_without_channel submit_output_start=232215057 submit_output_end=232215085 submit_output_duration_ms=28
[2026-01-30 19:56:12.921] [info] [spider.worker] [TIMING] task_id=9792c6cd-8436-4110-a023-7edc69c2c216 func=job_orchestration.executor.query.spider_search_task.search_without_channel fetch_input_start=232215128 fetch_input_end=232215129 fetch_input_duration_ms=0
[2026-01-30 19:56:12.921] [info] [spider.worker] [TIMING] task_id=9792c6cd-8436-4110-a023-7edc69c2c216 func=job_orchestration.executor.query.spider_search_task.search_without_channel input_send_start=232215130 input_send_end=232215130 input_send_duration_ms=0 bytes=626
[2026-01-30 19:56:12.921] [info] [spider.worker] [TIMING] task_id=9792c6cd-8436-4110-a023-7edc69c2c216 func=job_orchestration.executor.query.spider_search_task.search_without_channel spawn_start=232215129 spawn_end=232215130 spawn_duration_ms=0
[2026-01-30 19:56:14.223] [info] [spider.worker] [TIMING] task_id=9792c6cd-8436-4110-a023-7edc69c2c216 func=job_orchestration.executor.query.spider_search_task.search_without_channel execution_start=232215130 execution_end=232216432 execution_duration_ms=1301
[2026-01-30 19:56:14.235] [info] [spider.worker] [TIMING] task_id=9792c6cd-8436-4110-a023-7edc69c2c216 func=job_orchestration.executor.query.spider_search_task.search_without_channel submit_output_start=232216433 submit_output_end=232216444 submit_output_duration_ms=10
[2026-01-30 19:56:14.271] [info] [spider.worker] [TIMING] task_id=32dfd431-3630-46cf-9e43-64350d959bde func=job_orchestration.executor.query.spider_search_task.search_without_channel fetch_input_start=232216478 fetch_input_end=232216480 fetch_input_duration_ms=1
[2026-01-30 19:56:14.272] [info] [spider.worker] [TIMING] task_id=32dfd431-3630-46cf-9e43-64350d959bde func=job_orchestration.executor.query.spider_search_task.search_without_channel input_send_start=232216480 input_send_end=232216480 input_send_duration_ms=0 bytes=626
[2026-01-30 19:56:14.272] [info] [spider.worker] [TIMING] task_id=32dfd431-3630-46cf-9e43-64350d959bde func=job_orchestration.executor.query.spider_search_task.search_without_channel spawn_start=232216480 spawn_end=232216480 spawn_duration_ms=0
[2026-01-30 19:56:15.406] [info] [spider.worker] [TIMING] task_id=32dfd431-3630-46cf-9e43-64350d959bde func=job_orchestration.executor.query.spider_search_task.search_without_channel execution_start=232216480 execution_end=232217615 execution_duration_ms=1134
[2026-01-30 19:56:15.419] [info] [spider.worker] [TIMING] task_id=32dfd431-3630-46cf-9e43-64350d959bde func=job_orchestration.executor.query.spider_search_task.search_without_channel submit_output_start=232217617 submit_output_end=232217628 submit_output_duration_ms=11
[2026-01-30 19:56:15.430] [info] [spider.worker] [TIMING] task_id=c20ec002-9214-48ed-abc2-d75b6c5c4d94 func=job_orchestration.executor.query.spider_search_task.search_without_channel fetch_input_start=232217638 fetch_input_end=232217639 fetch_input_duration_ms=1
[2026-01-30 19:56:15.431] [info] [spider.worker] [TIMING] task_id=c20ec002-9214-48ed-abc2-d75b6c5c4d94 func=job_orchestration.executor.query.spider_search_task.search_without_channel input_send_start=232217639 input_send_end=232217639 input_send_duration_ms=0 bytes=626
[2026-01-30 19:56:15.431] [info] [spider.worker] [TIMING] task_id=c20ec002-9214-48ed-abc2-d75b6c5c4d94 func=job_orchestration.executor.query.spider_search_task.search_without_channel spawn_start=232217639 spawn_end=232217639 spawn_duration_ms=0
[2026-01-30 19:56:16.648] [info] [spider.worker] [TIMING] task_id=c20ec002-9214-48ed-abc2-d75b6c5c4d94 func=job_orchestration.executor.query.spider_search_task.search_without_channel execution_start=232217639 execution_end=232218856 execution_duration_ms=1216
[2026-01-30 19:56:16.670] [info] [spider.worker] [TIMING] task_id=c20ec002-9214-48ed-abc2-d75b6c5c4d94 func=job_orchestration.executor.query.spider_search_task.search_without_channel submit_output_start=232218858 submit_output_end=232218879 submit_output_duration_ms=20
[2026-01-30 19:56:16.701] [info] [spider.worker] [TIMING] task_id=c9456dc9-a33d-48c9-a2e0-b31dcb0b7824 func=job_orchestration.executor.query.spider_search_task.search_without_channel fetch_input_start=232218908 fetch_input_end=232218909 fetch_input_duration_ms=0
[2026-01-30 19:56:16.701] [info] [spider.worker] [TIMING] task_id=c9456dc9-a33d-48c9-a2e0-b31dcb0b7824 func=job_orchestration.executor.query.spider_search_task.search_without_channel input_send_start=232218910 input_send_end=232218910 input_send_duration_ms=0 bytes=626
[2026-01-30 19:56:16.701] [info] [spider.worker] [TIMING] task_id=c9456dc9-a33d-48c9-a2e0-b31dcb0b7824 func=job_orchestration.executor.query.spider_search_task.search_without_channel spawn_start=232218909 spawn_end=232218910 spawn_duration_ms=0
[2026-01-30 19:56:18.029] [info] [spider.worker] [TIMING] task_id=c9456dc9-a33d-48c9-a2e0-b31dcb0b7824 func=job_orchestration.executor.query.spider_search_task.search_without_channel execution_start=232218910 execution_end=232220237 execution_duration_ms=1327
[2026-01-30 19:56:18.069] [info] [spider.worker] [TIMING] task_id=c9456dc9-a33d-48c9-a2e0-b31dcb0b7824 func=job_orchestration.executor.query.spider_search_task.search_without_channel submit_output_start=232220239 submit_output_end=232220277 submit_output_duration_ms=37
[2026-01-30 19:56:18.114] [info] [spider.worker] [TIMING] task_id=c85ed239-592d-49b9-a82e-84c3d903afd4 func=job_orchestration.executor.query.spider_search_task.search_without_channel fetch_input_start=232220321 fetch_input_end=232220322 fetch_input_duration_ms=1
[2026-01-30 19:56:18.114] [info] [spider.worker] [TIMING] task_id=c85ed239-592d-49b9-a82e-84c3d903afd4 func=job_orchestration.executor.query.spider_search_task.search_without_channel input_send_start=232220323 input_send_end=232220323 input_send_duration_ms=0 bytes=626
[2026-01-30 19:56:18.114] [info] [spider.worker] [TIMING] task_id=c85ed239-592d-49b9-a82e-84c3d903afd4 func=job_orchestration.executor.query.spider_search_task.search_without_channel spawn_start=232220322 spawn_end=232220323 spawn_duration_ms=0
[2026-01-30 19:56:19.214] [info] [spider.worker] [TIMING] task_id=c85ed239-592d-49b9-a82e-84c3d903afd4 func=job_orchestration.executor.query.spider_search_task.search_without_channel execution_start=232220323 execution_end=232221422 execution_duration_ms=1099
[2026-01-30 19:56:19.229] [info] [spider.worker] [TIMING] task_id=c85ed239-592d-49b9-a82e-84c3d903afd4 func=job_orchestration.executor.query.spider_search_task.search_without_channel submit_output_start=232221424 submit_output_end=232221437 submit_output_duration_ms=13
[2026-01-30 19:56:19.266] [info] [spider.worker] [TIMING] task_id=0200155c-056f-4b86-bd27-1efafa0c4668 func=job_orchestration.executor.query.spider_search_task.search_without_channel fetch_input_start=232221474 fetch_input_end=232221475 fetch_input_duration_ms=1
[2026-01-30 19:56:19.267] [info] [spider.worker] [TIMING] task_id=0200155c-056f-4b86-bd27-1efafa0c4668 func=job_orchestration.executor.query.spider_search_task.search_without_channel input_send_start=232221475 input_send_end=232221475 input_send_duration_ms=0 bytes=626
[2026-01-30 19:56:19.267] [info] [spider.worker] [TIMING] task_id=0200155c-056f-4b86-bd27-1efafa0c4668 func=job_orchestration.executor.query.spider_search_task.search_without_channel spawn_start=232221475 spawn_end=232221475 spawn_duration_ms=0
[2026-01-30 19:56:20.515] [info] [spider.worker] [TIMING] task_id=0200155c-056f-4b86-bd27-1efafa0c4668 func=job_orchestration.executor.query.spider_search_task.search_without_channel execution_start=232221475 execution_end=232222724 execution_duration_ms=1248
[2026-01-30 19:56:20.546] [info] [spider.worker] [TIMING] task_id=0200155c-056f-4b86-bd27-1efafa0c4668 func=job_orchestration.executor.query.spider_search_task.search_without_channel submit_output_start=232222734 submit_output_end=232222754 submit_output_duration_ms=20
[2026-01-30 19:56:20.566] [info] [spider.worker] [TIMING] task_id=49da77c3-527f-4d9f-9c79-b806cb18acc3 func=job_orchestration.executor.query.spider_search_task.search_without_channel fetch_input_start=232222773 fetch_input_end=232222774 fetch_input_duration_ms=1
[2026-01-30 19:56:20.566] [info] [spider.worker] [TIMING] task_id=49da77c3-527f-4d9f-9c79-b806cb18acc3 func=job_orchestration.executor.query.spider_search_task.search_without_channel input_send_start=232222775 input_send_end=232222775 input_send_duration_ms=0 bytes=626
[2026-01-30 19:56:20.566] [info] [spider.worker] [TIMING] task_id=49da77c3-527f-4d9f-9c79-b806cb18acc3 func=job_orchestration.executor.query.spider_search_task.search_without_channel spawn_start=232222774 spawn_end=232222775 spawn_duration_ms=0
[2026-01-30 19:56:21.763] [info] [spider.worker] [TIMING] task_id=49da77c3-527f-4d9f-9c79-b806cb18acc3 func=job_orchestration.executor.query.spider_search_task.search_without_channel execution_start=232222775 execution_end=232223971 execution_duration_ms=1196
[2026-01-30 19:56:21.771] [info] [spider.worker] [TIMING] task_id=49da77c3-527f-4d9f-9c79-b806cb18acc3 func=job_orchestration.executor.query.spider_search_task.search_without_channel submit_output_start=232223974 submit_output_end=232223979 submit_output_duration_ms=5
[2026-01-30 19:56:21.790] [info] [spider.worker] [TIMING] task_id=24555897-d8db-4806-aa71-973a73b37133 func=job_orchestration.executor.query.spider_search_task.search_without_channel fetch_input_start=232223998 fetch_input_end=232223999 fetch_input_duration_ms=0
[2026-01-30 19:56:21.791] [info] [spider.worker] [TIMING] task_id=24555897-d8db-4806-aa71-973a73b37133 func=job_orchestration.executor.query.spider_search_task.search_without_channel input_send_start=232223999 input_send_e