[2026-01-30 19:54:16.413] [warning] [spider.worker] Prefer using `SPIDER_STORAGE_URL` environment variable over `--storage_url` argument.
[2026-01-30 19:55:08.644] [info] [spider.worker] [TIMING] task_id=58157e53-f998-4d07-af8d-501bd5b7181d func=job_orchestration.executor.query.spider_search_task.search_without_channel fetch_input_start=232150850 fetch_input_end=232150852 fetch_input_duration_ms=1
[2026-01-30 19:55:08.645] [info] [spider.worker] [TIMING] task_id=58157e53-f998-4d07-af8d-501bd5b7181d func=job_orchestration.executor.query.spider_search_task.search_without_channel input_send_start=232150853 input_send_end=232150853 input_send_duration_ms=0 bytes=626
[2026-01-30 19:55:08.645] [info] [spider.worker] [TIMING] task_id=58157e53-f998-4d07-af8d-501bd5b7181d func=job_orchestration.executor.query.spider_search_task.search_without_channel spawn_start=232150852 spawn_end=232150853 spawn_duration_ms=0
[2026-01-30 19:55:09.875] [info] [spider.worker] [TIMING] task_id=58157e53-f998-4d07-af8d-501bd5b7181d func=job_orchestration.executor.query.spider_search_task.search_without_channel execution_start=232150854 execution_end=232152084 execution_duration_ms=1229
[2026-01-30 19:55:09.931] [info] [spider.worker] [TIMING] task_id=58157e53-f998-4d07-af8d-501bd5b7181d func=job_orchestration.executor.query.spider_search_task.search_without_channel submit_output_start=232152085 submit_output_end=232152139 submit_output_duration_ms=54
[2026-01-30 19:55:10.000] [info] [spider.worker] [TIMING] task_id=29020141-5363-4a9c-877b-e3ec42e97462 func=job_orchestration.executor.query.spider_search_task.search_without_channel fetch_input_start=232152208 fetch_input_end=232152208 fetch_input_duration_ms=0
[2026-01-30 19:55:10.000] [info] [spider.worker] [TIMING] task_id=29020141-5363-4a9c-877b-e3ec42e97462 func=job_orchestration.executor.query.spider_search_task.search_without_channel input_send_start=232152209 input_send_end=232152209 input_send_duration_ms=0 bytes=626
[2026-01-30 19:55:10.000] [info] [spider.worker] [TIMING] task_id=29020141-5363-4a9c-877b-e3ec42e97462 func=job_orchestration.executor.query.spider_search_task.search_without_channel spawn_start=232152208 spawn_end=232152209 spawn_duration_ms=0
[2026-01-30 19:55:11.169] [info] [spider.worker] [TIMING] task_id=29020141-5363-4a9c-877b-e3ec42e97462 func=job_orchestration.executor.query.spider_search_task.search_without_channel execution_start=232152209 execution_end=232153378 execution_duration_ms=1168
[2026-01-30 19:55:11.225] [info] [spider.worker] [TIMING] task_id=29020141-5363-4a9c-877b-e3ec42e97462 func=job_orchestration.executor.query.spider_search_task.search_without_channel submit_output_start=232153379 submit_output_end=232153433 submit_output_duration_ms=54
[2026-01-30 19:55:11.249] [info] [spider.worker] [TIMING] task_id=4d10c967-2810-4478-95eb-5a3d45f9841e func=job_orchestration.executor.query.spider_search_task.search_without_channel fetch_input_start=232153456 fetch_input_end=232153457 fetch_input_duration_ms=0
[2026-01-30 19:55:11.249] [info] [spider.worker] [TIMING] task_id=4d10c967-2810-4478-95eb-5a3d45f9841e func=job_orchestration.executor.query.spider_search_task.search_without_channel input_send_start=232153458 input_send_end=232153458 input_send_duration_ms=0 bytes=626
[2026-01-30 19:55:11.249] [info] [spider.worker] [TIMING] task_id=4d10c967-2810-4478-95eb-5a3d45f9841e func=job_orchestration.executor.query.spider_search_task.search_without_channel spawn_start=232153457 spawn_end=232153458 spawn_duration_ms=0
[2026-01-30 19:55:12.458] [info] [spider.worker] [TIMING] task_id=4d10c967-2810-4478-95eb-5a3d45f9841e func=job_orchestration.executor.query.spider_search_task.search_without_channel execution_start=232153458 execution_end=232154666 execution_duration_ms=1208
[2026-01-30 19:55:12.488] [info] [spider.worker] [TIMING] task_id=4d10c967-2810-4478-95eb-5a3d45f9841e func=job_orchestration.executor.query.spider_search_task.search_without_channel submit_output_start=232154668 submit_output_end=232154696 submit_output_duration_ms=28
[2026-01-30 19:55:12.508] [info] [spider.worker] [TIMING] task_id=64df358f-9606-4619-bf69-f6aec09d074c func=job_orchestration.executor.query.spider_search_task.search_without_channel fetch_input_start=232154715 fetch_input_end=232154716 fetch_input_duration_ms=1
[2026-01-30 19:55:12.509] [info] [spider.worker] [TIMING] task_id=64df358f-9606-4619-bf69-f6aec09d074c func=job_orchestration.executor.query.spider_search_task.search_without_channel input_send_start=232154717 input_send_end=232154717 input_send_duration_ms=0 bytes=626
[2026-01-30 19:55:12.509] [info] [spider.worker] [TIMING] task_id=64df358f-9606-4619-bf69-f6aec09d074c func=job_orchestration.executor.query.spider_search_task.search_without_channel spawn_start=232154717 spawn_end=232154717 spawn_duration_ms=0
[2026-01-30 19:55:13.612] [info] [spider.worker] [TIMING] task_id=64df358f-9606-4619-bf69-f6aec09d074c func=job_orchestration.executor.query.spider_search_task.search_without_channel execution_start=232154717 execution_end=232155820 execution_duration_ms=1103
[2026-01-30 19:55:13.698] [info] [spider.worker] [TIMING] task_id=64df358f-9606-4619-bf69-f6aec09d074c func=job_orchestration.executor.query.spider_search_task.search_without_channel submit_output_start=232155822 submit_output_end=232155906 submit_output_duration_ms=84
[2026-01-30 19:55:13.749] [info] [spider.worker] [TIMING] task_id=95e432f7-da29-4fed-b8e4-d84dc47645a0 func=job_orchestration.executor.query.spider_search_task.search_without_channel fetch_input_start=232155957 fetch_input_end=232155958 fetch_input_duration_ms=0
[2026-01-30 19:55:13.750] [info] [spider.worker] [TIMING] task_id=95e432f7-da29-4fed-b8e4-d84dc47645a0 func=job_orchestration.executor.query.spider_search_task.search_without_channel input_send_start=232155958 input_send_end=232155958 input_send_duration_ms=0 bytes=626
[2026-01-30 19:55:13.750] [info] [spider.worker] [TIMING] task_id=95e432f7-da29-4fed-b8e4-d84dc47645a0 func=job_orchestration.executor.query.spider_search_task.search_without_channel spawn_start=232155958 spawn_end=232155958 spawn_duration_ms=0
[2026-01-30 19:55:14.948] [info] [spider.worker] [TIMING] task_id=95e432f7-da29-4fed-b8e4-d84dc47645a0 func=job_orchestration.executor.query.spider_search_task.search_without_channel execution_start=232155958 execution_end=232157157 execution_duration_ms=1198
[2026-01-30 19:55:14.975] [info] [spider.worker] [TIMING] task_id=95e432f7-da29-4fed-b8e4-d84dc47645a0 func=job_orchestration.executor.query.spider_search_task.search_without_channel submit_output_start=232157158 submit_output_end=232157183 submit_output_duration_ms=25
[2026-01-30 19:55:15.020] [info] [spider.worker] [TIMING] task_id=c3c26b6c-50a0-4bb6-bc97-3b27f50dd098 func=job_orchestration.executor.query.spider_search_task.search_without_channel fetch_input_start=232157228 fetch_input_end=232157228 fetch_input_duration_ms=0
[2026-01-30 19:55:15.020] [info] [spider.worker] [TIMING] task_id=c3c26b6c-50a0-4bb6-bc97-3b27f50dd098 func=job_orchestration.executor.query.spider_search_task.search_without_channel input_send_start=232157229 input_send_end=232157229 input_send_duration_ms=0 bytes=626
[2026-01-30 19:55:15.020] [info] [spider.worker] [TIMING] task_id=c3c26b6c-50a0-4bb6-bc97-3b27f50dd098 func=job_orchestration.executor.query.spider_search_task.search_without_channel spawn_start=232157228 spawn_end=232157229 spawn_duration_ms=0
[2026-01-30 19:55:16.220] [info] [spider.worker] [TIMING] task_id=c3c26b6c-50a0-4bb6-bc97-3b27f50dd098 func=job_orchestration.executor.query.spider_search_task.search_without_channel execution_start=232157229 execution_end=232158428 execution_duration_ms=1199
[2026-01-30 19:55:16.287] [info] [spider.worker] [TIMING] task_id=c3c26b6c-50a0-4bb6-bc97-3b27f50dd098 func=job_orchestration.executor.query.spider_search_task.search_without_channel submit_output_start=232158430 submit_output_end=232158496 submit_output_duration_ms=65
[2026-01-30 19:55:16.309] [info] [spider.worker] [TIMING] task_id=dd7aa231-ca83-48ce-87a9-f684c6971a80 func=job_orchestration.executor.query.spider_search_task.search_without_channel fetch_input_start=232158516 fetch_input_end=232158517 fetch_input_duration_ms=0
[2026-01-30 19:55:16.309] [info] [spider.worker] [TIMING] task_id=dd7aa231-ca83-48ce-87a9-f684c6971a80 func=job_orchestration.executor.query.spider_search_task.search_without_channel input_send_start=232158517 input_send_end=232158517 input_send_duration_ms=0 bytes=626
[2026-01-30 19:55:16.309] [info] [spider.worker] [TIMING] task_id=dd7aa231-ca83-48ce-87a9-f684c6971a80 func=job_orchestration.executor.query.spider_search_task.search_without_channel spawn_start=232158517 spawn_end=232158517 spawn_duration_ms=0
[2026-01-30 19:55:17.506] [info] [spider.worker] [TIMING] task_id=dd7aa231-ca83-48ce-87a9-f684c6971a80 func=job_orchestration.executor.query.spider_search_task.search_without_channel execution_start=232158518 execution_end=232159715 execution_duration_ms=1196
[2026-01-30 19:55:17.532] [info] [spider.worker] [TIMING] task_id=dd7aa231-ca83-48ce-87a9-f684c6971a80 func=job_orchestration.executor.query.spider_search_task.search_without_channel submit_output_start=232159717 submit_output_end=232159740 submit_output_duration_ms=23
[2026-01-30 19:55:17.618] [info] [spider.worker] [TIMING] task_id=85cad94b-3256-4895-9918-ed764ca26113 func=job_orchestration.executor.query.spider_search_task.search_without_channel fetch_input_start=232159826 fetch_input_end=232159827 fetch_input_duration_ms=0
[2026-01-30 19:55:17.619] [info] [spider.worker] [TIMING] task_id=85cad94b-3256-4895-9918-ed764ca26113 func=job_orchestration.executor.query.spider_search_task.search_without_channel input_send_start=232159827 input_send_end=232159827 input_send_duration_ms=0 bytes=626
[2026-01-30 19:55:17.619] [info] [spider.worker] [TIMING] task_id=85cad94b-3256-4895-9918-ed764ca26113 func=job_orchestration.executor.query.spider_search_task.search_without_channel spawn_start=232159827 spawn_end=232159827 spawn_duration_ms=0
[2026-01-30 19:55:18.815] [info] [spider.worker] [TIMING] task_id=85cad94b-3256-4895-9918-ed764ca26113 func=job_orchestration.executor.query.spider_search_task.search_without_channel execution_start=232159827 execution_end=232161023 execution_duration_ms=1196
[2026-01-30 19:55:18.840] [info] [spider.worker] [TIMING] task_id=85cad94b-3256-4895-9918-ed764ca26113 func=job_orchestration.executor.query.spider_search_task.search_without_channel submit_output_start=232161027 submit_output_end=232161048 submit_output_duration_ms=21
[2026-01-30 19:55:18.860] [info] [spider.worker] [TIMING] task_id=15ebffa4-e15f-41e3-896e-0c619c1ea4fb func=job_orchestration.executor.query.spider_search_task.search_without_channel fetch_input_start=232161067 fetch_input_end=232161068 fetch_input_duration_ms=1
[2026-01-30 19:55:18.860] [info] [spider.worker] [TIMING] task_id=15ebffa4-e15f-41e3-896e-0c619c1ea4fb func=job_orchestration.executor.query.spider_search_task.search_without_channel input_send_start=232161069 input_send_end=232161069 input_send_duration_ms=0 bytes=626
[2026-01-30 19:55:18.860] [info] [spider.worker] [TIMING] task_id=15ebffa4-e15f-41e3-896e-0c619c1ea4fb func=job_orchestration.executor.query.spider_search_task.search_without_channel spawn_start=232161068 spawn_end=232161069 spawn_duration_ms=0
[2026-01-30 19:55:20.069] [info] [spider.worker] [TIMING] task_id=15ebffa4-e15f-41e3-896e-0c619c1ea4fb func=job_orchestration.executor.query.spider_search_task.search_without_channel execution_start=232161069 execution_end=232162278 execution_duration_ms=1208
[2026-01-30 19:55:20.120] [info] [spider.worker] [TIMING] task_id=15ebffa4-e15f-41e3-896e-0c619c1ea4fb func=job_orchestration.executor.query.spider_search_task.search_without_channel submit_output_start=232162279 submit_output_end=232162329 submit_output_duration_ms=49
[2026-01-30 19:55:20.143] [info] [spider.worker] [TIMING] task_id=377aeef0-cc28-4165-a76c-cde646251ae2 func=job_orchestration.executor.query.spider_search_task.search_without_channel fetch_input_start=232162350 fetch_input_end=232162351 fetch_input_duration_ms=0
[2026-01-30 19:55:20.143] [info] [spider.worker] [TIMING] task_id=377aeef0-cc28-4165-a76c-cde646251ae2 func=job_orchestration.executor.query.spider_search_task.search_without_channel input_send_start=232162352 input_send_end=232162352 input_send_duration_ms=0 bytes=626
[2026-01-30 19:55:20.143] [info] [spider.worker] [TIMING] task_id=377aeef0-cc28-4165-a76c-cde646251ae2 func=job_orchestration.executor.query.spider_search_task.search_without_channel spawn_start=232162351 spawn_end=232162352 spawn_duration_ms=0
[2026-01-30 19:55:21.291] [info] [spider.worker] [TIMING] task_id=377aeef0-cc28-4165-a76c-cde646251ae2 func=job_orchestration.executor.query.spider_search_task.search_without_channel execution_start=232162352 execution_end=232163500 execution_duration_ms=1147
[2026-01-30 19:55:21.315] [info] [spider.worker] [TIMING] task_id=377aeef0-cc28-4165-a76c-cde646251ae2 func=job_orchestration.executor.query.spider_search_task.search_without_channel submit_output_start=232163502 submit_output_end=232163524 submit_output_duration_ms=22
[2026-01-30 19:55:21.335] [info] [spider.worker] [TIMING] task_id=9931ed27-bd59-4f4f-9558-08495d3dd8cc func=job_orchestration.executor.query.spider_search_task.search_without_channel fetch_input_start=232163542 fetch_input_end=232163543 fetch_input_duration_ms=0
[2026-01-30 19:55:21.335] [info] [spider.worker] [TIMING] task_id=9931ed27-bd59-4f4f-9558-08495d3dd8cc func=job_orchestration.executor.query.spider_search_task.search_without_channel input_send_start=232163543 input_send_end=232163543 input_send_duration_ms=0 bytes=626
[2026-01-30 19:55:21.335] [info] [spider.worker] [TIMING] task_id=9931ed27-bd59-4f4f-9558-08495d3dd8cc func=job_orchestration.executor.query.spider_search_task.search_without_channel spawn_start=232163543 spawn_end=232163544 spawn_duration_ms=0
[2026-01-30 19:55:22.501] [info] [spider.worker] [TIMING] task_id=9931ed27-bd59-4f4f-9558-08495d3dd8cc func=job_orchestration.executor.query.spider_search_task.search_without_channel execution_start=232163544 execution_end=232164709 execution_duration_ms=1165
[2026-01-30 19:55:22.534] [info] [spider.worker] [TIMING] task_id=9931ed27-bd59-4f4f-9558-08495d3dd8cc func=job_orchestration.executor.query.spider_search_task.search_without_channel submit_output_start=232164711 submit_output_end=232164742 submit_output_duration_ms=31
[2026-01-30 19:55:22.586] [info] [spider.worker] [TIMING] task_id=5876f6dd-ec76-4084-b165-6edca16be59b func=job_orchestration.executor.query.spider_search_task.search_without_channel fetch_input_start=232164793 fetch_input_end=232164794 fetch_input_duration_ms=1
[2026-01-30 19:55:22.586] [info] [spider.worker] [TIMING] task_id=5876f6dd-ec76-4084-b165-6edca16be59b func=job_orchestration.executor.query.spider_search_task.search_without_channel input_send_start=232164795 input_send_end=232164795 input_send_duration_ms=0 bytes=626
[2026-01-30 19:55:22.586] [info] [spider.worker] [TIMING] task_id=5876f6dd-ec76-4084-b165-6edca16be59b func=job_orchestration.executor.query.spider_search_task.search_without_channel spawn_start=232164794 spawn_end=232164795 spawn_duration_ms=0
[2026-01-30 19:55:23.895] [info] [spider.worker] [TIMING] task_id=5876f6dd-ec76-4084-b165-6edca16be59b func=job_orchestration.executor.query.spider_search_task.search_without_channel execution_start=232164795 execution_end=232166103 execution_duration_ms=1308
[2026-01-30 19:55:23.908] [info] [spider.worker] [TIMING] task_id=5876f6dd-ec76-4084-b165-6edca16be59b func=job_orchestration.executor.query.spider_search_task.search_without_channel submit_output_start=232166105 submit_output_end=232166116 submit_output_duration_ms=10
[2026-01-30 19:55:23.928] [info] [spider.worker] [TIMING] task_id=66fc6cfb-f695-414c-b65b-e2f9f2d2a5f3 func=job_orchestration.executor.query.spider_search_task.search_without_channel fetch_input_start=232166135 fetch_input_end=232166136 fetch_input_duration_ms=1
[2026-01-30 19:55:23.928] [info] [spider.worker] [TIMING] task_id=66fc6cfb-f695-414c-b65b-e2f9f2d2a5f3 func=job_orchestration.executor.query.spider_search_task.search_without_channel input_send_start=232166136 input_send_end=232166136 input_send_duration_ms=0 bytes=626
[2026-01-30 19:55:23.928] [info] [spider.worker] [TIMING] task_id=66fc6cfb-f695-414c-b65b-e2f9f2d2a5f3 func=job_orchestration.executor.query.spider_search_task.search_without_channel spawn_start=232166136 spawn_end=232166136 spawn_duration_ms=0
[2026-01-30 19:55:25.084] [info] [spider.worker] [TIMING] task_id=66fc6cfb-f695-414c-b65b-e2f9f2d2a5f3 func=job_orchestration.executor.query.spider_search_task.search_without_channel execution_start=232166137 execution_end=232167292 execution_duration_ms=1155
[2026-01-30 19:55:25.123] [info] [spider.worker] [TIMING] task_id=66fc6cfb-f695-414c-b65b-e2f9f2d2a5f3 func=job_orchestration.executor.query.spider_search_task.search_without_channel submit_output_start=232167293 submit_output_end=232167331 submit_output_duration_ms=37
[2026-01-30 19:55:25.144] [info] [spider.worker] [TIMING] task_id=1c8e5e85-4553-4adb-9826-cba3f11d256c func=job_orchestration.executor.query.spider_search_task.search_without_channel fetch_input_start=232167352 fetch_input_end=232167353 fetch_input_duration_ms=1
[2026-01-30 19:55:25.145] [info] [spider.worker] [TIMING] task_id=1c8e5e85-4553-4adb-9826-cba3f11d256c func=job_orchestration.executor.query.spider_search_task.search_without_channel input_send_start=232167353 input_send_end=232167353 input_send_duration_ms=0 bytes=626
[2026-01-30 19:55:25.145] [info] [spider.worker] [TIMING] task_id=1c8e5e85-4553-4adb-9826-cba3f11d256c func=job_orchestration.executor.query.spider_search_task.search_without_channel spawn_start=232167353 spawn_end=232167353 spawn_duration_ms=0
[2026-01-30 19:55:26.342] [info] [spider.worker] [TIMING] task_id=1c8e5e85-4553-4adb-9826-cba3f11d256c func=job_orchestration.executor.query.spider_search_task.search_without_channel execution_start=232167353 execution_end=232168551 execution_duration_ms=1197
[2026-01-30 19:55:26.350] [info] [spider.worker] [TIMING] task_id=1c8e5e85-4553-4adb-9826-cba3f11d256c func=job_orchestration.executor.query.spider_search_task.search_without_channel submit_output_start=232168553 submit_output_end=232168558 submit_output_duration_ms=5
[2026-01-30 19:55:26.361] [info] [spider.worker] [TIMING] task_id=49b16c7c-1854-4b3d-bb8a-8c1ab5732473 func=job_orchestration.executor.query.spider_search_task.search_without_channel fetch_input_start=232168568 fetch_input_end=232168569 fetch_input_duration_ms=0
[2026-01-30 19:55:26.361] [info] [spider.worker] [TIMING] task_id=49b16c7c-1854-4b3d-bb8a-8c1ab5732473 func=job_orchestration.executor.query.spider_search_task.search_without_channel input_send_start=232168569 input_send_end=232168569 input_send_duration_ms=0 bytes=626
[2026-01-30 19:55:26.361] [info] [spider.worker] [TIMING] task_id=49b16c7c-1854-4b3d-bb8a-8c1ab5732473 func=job_orchestration.executor.query.spider_search_task.search_without_channel spawn_start=232168569 spawn_end=232168569 spawn_duration_ms=0
[2026-01-30 19:55:27.589] [info] [spider.worker] [TIMING] task_id=49b16c7c-1854-4b3d-bb8a-8c1ab5732473 func=job_orchestration.executor.query.spider_search_task.search_without_channel execution_start=232168570 execution_end=232169798 execution_duration_ms=1227
[2026-01-30 19:55:27.625] [info] [spider.worker] [TIMING] task_id=49b16c7c-1854-4b3d-bb8a-8c1ab5732473 func=job_orchestration.executor.query.spider_search_task.search_without_channel submit_output_start=232169799 submit_output_end=232169834 submit_output_duration_ms=34
[2026-01-30 19:55:27.644] [info] [spider.worker] [TIMING] task_id=21b8b65a-6d73-4641-927d-31ce171d1a83 func=job_orchestration.executor.query.spider_search_task.search_without_channel fetch_input_start=232169852 fetch_input_end=232169853 fetch_input_duration_ms=0
[2026-01-30 19:55:27.645] [info] [spider.worker] [TIMING] task_id=21b8b65a-6d73-4641-927d-31ce171d1a83 func=job_orchestration.executor.query.spider_search_task.search_without_channel input_send_start=232169853 input_send_end=232169853 input_send_duration_ms=0 bytes=626
[2026-01-30 19:55:27.645] [info] [spider.worker] [TIMING] task_id=21b8b65a-6d73-4641-927d-31ce171d1a83 func=job_orchestration.executor.query.spider_search_task.search_without_channel spawn_start=232169853 spawn_end=232169853 spawn_duration_ms=0
[2026-01-30 19:55:28.839] [info] [spider.worker] [TIMING] task_id=21b8b65a-6d73-4641-927d-31ce171d1a83 func=job_orchestration.executor.query.spider_search_task.search_without_channel execution_start=232169853 execution_end=232171048 execution_duration_ms=1194
[2026-01-30 19:55:28.851] [info] [spider.worker] [TIMING] task_id=21b8b65a-6d73-4641-927d-31ce171d1a83 func=job_orchestration.executor.query.spider_search_task.search_without_channel submit_output_start=232171049 submit_output_end=232171059 submit_output_duration_ms=9
[2026-01-30 19:55:28.875] [info] [spider.worker] [TIMING] task_id=40880825-26ad-4b97-ae83-0de79e482c02 func=job_orchestration.executor.query.spider_search_task.search_without_channel fetch_input_start=232171083 fetch_input_end=232171084 fetch_input_duration_ms=1
[2026-01-30 19:55:28.876] [info] [spider.worker] [TIMING] task_id=40880825-26ad-4b97-ae83-0de79e482c02 func=job_orchestration.executor.query.spider_search_task.search_without_channel input_send_start=232171084 input_send_end=232171084 input_send_duration_ms=0 bytes=626
[2026-01-30 19:55:28.876] [info] [spider.worker] [TIMING] task_id=40880825-26ad-4b97-ae83-0de79e482c02 func=job_orchestration.executor.query.spider_search_task.search_without_channel spawn_start=232171084 spawn_end=232171084 spawn_duration_ms=0
[2026-01-30 19:55:30.190] [info] [spider.worker] [TIMING] task_id=40880825-26ad-4b97-ae83-0de79e482c02 func=job_orchestration.executor.query.spider_search_task.search_without_channel execution_start=232171085 execution_end=232172399 execution_duration_ms=1314
[2026-01-30 19:55:30.209] [info] [spider.worker] [TIMING] task_id=40880825-26ad-4b97-ae83-0de79e482c02 func=job_orchestration.executor.query.spider_search_task.search_without_channel submit_output_start=232172401 submit_output_end=232172417 submit_output_duration_ms=16
[2026-01-30 19:55:30.228] [info] [spider.worker] [TIMING] task_id=bbedecc5-535d-493e-aac2-b12a68a6be4e func=job_orchestration.executor.query.spider_search_task.search_without_channel fetch_input_start=232172435 fetch_input_end=232172436 fetch_input_duration_ms=0
[2026-01-30 19:55:30.228] [info] [spider.worker] [TIMING] task_id=bbedecc5-535d-493e-aac2-b12a68a6be4e func=job_orchestration.executor.query.spider_search_task.search_without_channel input_send_start=232172437 input_send_end=232172437 input_send_duration_ms=0 bytes=626
[2026-01-30 19:55:30.229] [info] [spider.worker] [TIMING] task_id=bbedecc5-535d-493e-aac2-b12a68a6be4e func=job_orchestration.executor.query.spider_search_task.search_without_channel spawn_start=232172436 spawn_end=232172437 spawn_duration_ms=0
[2026-01-30 19:55:31.348] [info] [spider.worker] [TIMING] task_id=bbedecc5-535d-493e-aac2-b12a68a6be4e func=job_orchestration.executor.query.spider_search_task.search_without_channel execution_start=232172437 execution_end=232173556 execution_duration_ms=1118
[2026-01-30 19:55:31.378] [info] [spider.worker] [TIMING] task_id=bbedecc5-535d-493e-aac2-b12a68a6be4e func=job_orchestration.executor.query.spider_search_task.search_without_channel submit_output_start=232173558 submit_output_end=232173586 submit_output_duration_ms=28
[2026-01-30 19:55:31.395] [info] [spider.worker] [TIMING] task_id=7639507f-dc1f-4848-ad25-368f877f3523 func=job_orchestration.executor.query.spider_search_task.search_without_channel fetch_input_start=232173602 fetch_input_end=232173603 fetch_input_duration_ms=0
[2026-01-30 19:55:31.395] [info] [spider.worker] [TIMING] task_id=7639507f-dc1f-4848-ad25-368f877f3523 func=job_orchestration.executor.query.spider_search_task.search_without_channel input_send_start=232173604 input_send_end=232173604 input_send_duration_ms=0 bytes=626
[2026-01-30 19:55:31.395] [info] [spider.worker] [TIMING] task_id=7639507f-dc1f-4848-ad25-368f877f3523 func=job_orchestration.executor.query.spider_search_task.search_without_channel spawn_start=232173603 spawn_end=232173604 spawn_duration_ms=0
[2026-01-30 19:55:32.531] [info] [spider.worker] [TIMING] task_id=7639507f-dc1f-4848-ad25-368f877f3523 func=job_orchestration.executor.query.spider_search_task.search_without_channel execution_start=232173604 execution_end=232174739 execution_duration_ms=1135
[2026-01-30 19:55:32.551] [info] [spider.worker] [TIMING] task_id=7639507f-dc1f-4848-ad25-368f877f3523 func=job_orchestration.executor.query.spider_search_task.search_without_channel submit_output_start=232174741 submit_output_end=232174759 submit_output_duration_ms=18
[2026-01-30 19:55:32.592] [info] [spider.worker] [TIMING] task_id=f681be07-c6fe-4062-adc1-7c3d451bc821 func=job_orchestration.executor.query.spider_search_task.search_without_channel fetch_input_start=232174799 fetch_input_end=232174800 fetch_input_duration_ms=1
[2026-01-30 19:55:32.592] [info] [spider.worker] [TIMING] task_id=f681be07-c6fe-4062-adc1-7c3d451bc821 func=job_orchestration.executor.query.spider_search_task.search_without_channel input_send_start=232174801 input_send_end=232174801 input_send_duration_ms=0 bytes=626
[2026-01-30 19:55:32.592] [info] [spider.worker] [TIMING] task_id=f681be07-c6fe-4062-adc1-7c3d451bc821 func=job_orchestration.executor.query.spider_search_task.search_without_channel spawn_start=232174800 spawn_end=232174801 spawn_duration_ms=0
[2026-01-30 19:55:33.747] [info] [spider.worker] [TIMING] task_id=f681be07-c6fe-4062-adc1-7c3d451bc821 func=job_orchestration.executor.query.spider_search_task.search_without_channel execution_start=232174801 execution_end=232175956 execution_duration_ms=1154
[2026-01-30 19:55:33.783] [info] [spider.worker] [TIMING] task_id=f681be07-c6fe-4062-adc1-7c3d451bc821 func=job_orchestration.executor.query.spider_search_task.search_without_channel submit_output_start=232175958 submit_output_end=232175991 submit_output_duration_ms=33
[2026-01-30 19:55:33.861] [info] [spider.worker] [TIMING] task_id=eab0adcc-5f63-408f-bf69-39bf551cba8f func=job_orchestration.executor.query.spider_search_task.search_without_channel fetch_input_start=232176069 fetch_input_end=232176070 fetch_input_duration_ms=1
[2026-01-30 19:55:33.862] [info] [spider.worker] [TIMING] task_id=eab0adcc-5f63-408f-bf69-39bf551cba8f func=job_orchestration.executor.query.spider_search_task.search_without_channel input_send_start=232176070 input_send_end=232176070 input_send_duration_ms=0 bytes=626
[2026-01-30 19:55:33.862] [info] [spider.worker] [TIMING] task_id=eab0adcc-5f63-408f-bf69-39bf551cba8f func=job_orchestration.executor.query.spider_search_task.search_without_channel spawn_start=232176070 spawn_end=232176070 spawn_duration_ms=0
[2026-01-30 19:55:35.175] [info] [spider.worker] [TIMING] task_id=eab0adcc-5f63-408f-bf69-39bf551cba8f func=job_orchestration.executor.query.spider_search_task.search_without_channel execution_start=232176071 execution_end=232177383 execution_duration_ms=1312
[2026-01-30 19:55:35.218] [info] [spider.worker] [TIMING] task_id=eab0adcc-5f63-408f-bf69-39bf551cba8f func=job_orchestration.executor.query.spider_search_task.search_without_channel submit_output_start=232177385 submit_output_end=232177427 submit_output_duration_ms=41
[2026-01-30 19:55:35.237] [info] [spider.worker] [TIMING] task_id=ea98e264-05f8-4ac6-b3f7-37257a873a6d func=job_orchestration.executor.query.spider_search_task.search_without_channel fetch_input_start=232177445 fetch_input_end=232177446 fetch_input_duration_ms=0
[2026-01-30 19:55:35.238] [info] [spider.worker] [TIMING] task_id=ea98e264-05f8-4ac6-b3f7-37257a873a6d func=job_orchestration.executor.query.spider_search_task.search_without_channel input_send_start=232177446 input_send_end=232177446 input_send_duration_ms=0 bytes=626
[2026-01-30 19:55:35.238] [info] [spider.worker] [TIMING] task_id=ea98e264-05f8-4ac6-b3f7-37257a873a6d func=job_orchestration.executor.query.spider_search_task.search_without_channel spawn_start=232177446 spawn_end=232177446 spawn_duration_ms=0
[2026-01-30 19:55:36.420] [info] [spider.worker] [TIMING] task_id=ea98e264-05f8-4ac6-b3f7-37257a873a6d func=job_orchestration.executor.query.spider_search_task.search_without_channel execution_start=232177446 execution_end=232178628 execution_duration_ms=1181
[2026-01-30 19:55:36.435] [info] [spider.worker] [TIMING] task_id=ea98e264-05f8-4ac6-b3f7-37257a873a6d func=job_orchestration.executor.query.spider_search_task.search_without_channel submit_output_start=232178630 submit_output_end=232178644 submit_output_duration_ms=13
[2026-01-30 19:55:36.455] [info] [spider.worker] [TIMING] task_id=9cc614a7-b58c-4d18-a8f3-ee957553f7ad func=job_orchestration.executor.query.spider_search_task.search_without_channel fetch_input_start=232178662 fetch_input_end=232178664 fetch_input_duration_ms=1
[2026-01-30 19:55:36.456] [info] [spider.worker] [TIMING] task_id=9cc614a7-b58c-4d18-a8f3-ee957553f7ad func=job_orchestration.executor.query.spider_search_task.search_without_channel input_send_start=232178664 input_send_end=232178664 input_send_duration_ms=0 bytes=626
[2026-01-30 19:55:36.456] [info] [spider.worker] [TIMING] task_id=9cc614a7-b58c-4d18-a8f3-ee957553f7ad func=job_orchestration.executor.query.spider_search_task.search_without_channel spawn_start=232178664 spawn_end=232178664 spawn_duration_ms=0
[2026-01-30 19:55:37.797] [info] [spider.worker] [TIMING] task_id=9cc614a7-b58c-4d18-a8f3-ee957553f7ad func=job_orchestration.executor.query.spider_search_task.search_without_channel execution_start=232178664 execution_end=232180006 execution_duration_ms=1341
[2026-01-30 19:55:37.833] [info] [spider.worker] [TIMING] task_id=9cc614a7-b58c-4d18-a8f3-ee957553f7ad func=job_orchestration.executor.query.spider_search_task.search_without_channel submit_output_start=232180008 submit_output_end=232180042 submit_output_duration_ms=34
[2026-01-30 19:55:37.878] [info] [spider.worker] [TIMING] task_id=4ccc098f-998c-4462-8a74-1483c0bcf51c func=job_orchestration.executor.query.spider_search_task.search_without_channel fetch_input_start=232180086 fetch_input_end=232180087 fetch_input_duration_ms=1
[2026-01-30 19:55:37.879] [info] [spider.worker] [TIMING] task_id=4ccc098f-998c-4462-8a74-1483c0bcf51c func=job_orchestration.executor.query.spider_search_task.search_without_channel input_send_start=232180087 input_send_end=232180087 input_send_duration_ms=0 bytes=626
[2026-01-30 19:55:37.879] [info] [spider.worker] [TIMING] task_id=4ccc098f-998c-4462-8a74-1483c0bcf51c func=job_orchestration.executor.query.spider_search_task.search_without_channel spawn_start=232180087 spawn_end=232180087 spawn_duration_ms=0
[2026-01-30 19:55:39.269] [info] [spider.worker] [TIMING] task_id=4ccc098f-998c-4462-8a74-1483c0bcf51c func=job_orchestration.executor.query.spider_search_task.search_without_channel execution_start=232180087 execution_end=232181478 execution_duration_ms=1390
[2026-01-30 19:55:39.286] [info] [spider.worker] [TIMING] task_id=4ccc098f-998c-4462-8a74-1483c0bcf51c func=job_orchestration.executor.query.spider_search_task.search_without_channel submit_output_start=232181479 submit_output_end=232181494 submit_output_duration_ms=14
[2026-01-30 19:55:39.315] [info] [spider.worker] [TIMING] task_id=f5b20901-14c4-44a7-b89a-9fa3c631934f func=job_orchestration.executor.query.spider_search_task.search_without_channel fetch_input_start=232181523 fetch_input_end=232181524 fetch_input_duration_ms=1
[2026-01-30 19:55:39.316] [info] [spider.worker] [TIMING] task_id=f5b20901-14c4-44a7-b89a-9fa3c631934f func=job_orchestration.executor.query.spider_search_task.search_without_channel input_send_start=232181524 input_send_end=232181524 input_send_duration_ms=0 bytes=626
[2026-01-30 19:55:39.316] [info] [spider.worker] [TIMING] task_id=f5b20901-14c4-44a7-b89a-9fa3c631934f func=job_orchestration.executor.query.spider_search_task.search_without_channel spawn_start=232181524 spawn_end=232181524 spawn_duration_ms=0
[2026-01-30 19:55:40.504] [info] [spider.worker] [TIMING] task_id=f5b20901-14c4-44a7-b89a-9fa3c631934f func=job_orchestration.executor.query.spider_search_task.search_without_channel execution_start=232181525 execution_end=232182713 execution_duration_ms=1188
[2026-01-30 19:55:40.574] [info] [spider.worker] [TIMING] task_id=f5b20901-14c4-44a7-b89a-9fa3c631934f func=job_orchestration.executor.query.spider_search_task.search_without_channel submit_output_start=232182714 submit_output_end=232182782 submit_output_duration_ms=67
[2026-01-30 19:55:40.597] [info] [spider.worker] [TIMING] task_id=0b90d3b9-b063-49c3-b95d-403d316483bc func=job_orchestration.executor.query.spider_search_task.search_without_channel fetch_input_start=232182805 fetch_input_end=232182806 fetch_input_duration_ms=1
[2026-01-30 19:55:40.598] [info] [spider.worker] [TIMING] task_id=0b90d3b9-b063-49c3-b95d-403d316483bc func=job_orchestration.executor.query.spider_search_task.search_without_channel input_send_start=232182806 input_send_end=232182806 input_send_duration_ms=0 bytes=626
[2026-01-30 19:55:40.598] [info] [spider.worker] [TIMING] task_id=0b90d3b9-b063-49c3-b95d-403d316483bc func=job_orchestration.executor.query.spider_search_task.search_without_channel spawn_start=232182806 spawn_end=232182806 spawn_duration_ms=0
[2026-01-30 19:55:41.869] [info] [spider.worker] [TIMING] task_id=0b90d3b9-b063-49c3-b95d-403d316483bc func=job_orchestration.executor.query.spider_search_task.search_without_channel execution_start=232182807 execution_end=232184077 execution_duration_ms=1270
[2026-01-30 19:55:41.894] [info] [spider.worker] [TIMING] task_id=0b90d3b9-b063-49c3-b95d-403d316483bc func=job_orchestration.executor.query.spider_search_task.search_without_channel submit_output_start=232184086 submit_output_end=232184103 submit_output_duration_ms=17
[2026-01-30 19:55:41.906] [info] [spider.worker] [TIMING] task_id=17241bf5-d38c-4da0-bf74-41ed0d4e4835 func=job_orchestration.executor.query.spider_search_task.search_without_channel fetch_input_start=232184113 fetch_input_end=232184114 fetch_input_duration_ms=1
[2026-01-30 19:55:41.906] [info] [spider.worker] [TIMING] task_id=17241bf5-d38c-4da0-bf74-41ed0d4e4835 func=job_orchestration.executor.query.spider_search_task.search_without_channel input_send_start=232184115 input_send_end=232184115 input_send_duration_ms=0 bytes=626
[2026-01-30 19:55:41.906] [info] [spider.worker] [TIMING] task_id=17241bf5-d38c-4da0-bf74-41ed0d4e4835 func=job_orchestration.executor.query.spider_search_task.search_without_channel spawn_start=232184114 spawn_end=232184115 spawn_duration_ms=0
[2026-01-30 19:55:43.302] [info] [spider.worker] [TIMING] task_id=17241bf5-d38c-4da0-bf74-41ed0d4e4835 func=job_orchestration.executor.query.spider_search_task.search_without_channel execution_start=232184115 execution_end=232185511 execution_duration_ms=1395
[2026-01-30 19:55:43.311] [info] [spider.worker] [TIMING] task_id=17241bf5-d38c-4da0-bf74-41ed0d4e4835 func=job_orchestration.executor.query.spider_search_task.search_without_channel submit_output_start=232185513 submit_output_end=232185520 submit_output_duration_ms=7
[2026-01-30 19:55:43.331] [info] [spider.worker] [TIMING] task_id=d8cc5197-33e4-4802-b055-aa412606f917 func=job_orchestration.executor.query.spider_search_task.search_without_channel fetch_input_start=232185538 fetch_input_end=232185540 fetch_input_duration_ms=1
[2026-01-30 19:55:43.332] [info] [spider.worker] [TIMING] task_id=d8cc5197-33e4-4802-b055-aa412606f917 func=job_orchestration.executor.query.spider_search_task.search_without_channel input_send_start=232185540 input_send_end=232185540 input_send_duration_ms=0 bytes=626
[2026-01-30 19:55:43.332] [info] [spider.worker] [TIMING] task_id=d8cc5197-33e4-4802-b055-aa412606f917 func=job_orchestration.executor.query.spider_search_task.search_without_channel spawn_start=232185540 spawn_end=232185540 spawn_duration_ms=0
[2026-01-30 19:55:44.493] [info] [spider.worker] [TIMING] task_id=d8cc5197-33e4-4802-b055-aa412606f917 func=job_orchestration.executor.query.spider_search_task.search_without_channel execution_start=232185541 execution_end=232186701 execution_duration_ms=1160
[2026-01-30 19:55:44.537] [info] [spider.worker] [TIMING] task_id=d8cc5197-33e4-4802-b055-aa412606f917 func=job_orchestration.executor.query.spider_search_task.search_without_channel submit_output_start=232186703 submit_output_end=232186745 submit_output_duration_ms=41
[2026-01-30 19:55:44.556] [info] [spider.worker] [TIMING] task_id=abf98024-5363-4150-95be-ad6d9733d127 func=job_orchestration.executor.query.spider_search_task.search_without_channel fetch_input_start=232186764 fetch_input_end=232186764 fetch_input_duration_ms=0
[2026-01-30 19:55:44.557] [info] [spider.worker] [TIMING] task_id=abf98024-5363-4150-95be-ad6d9733d127 func=job_orchestration.executor.query.spider_search_task.search_without_channel input_send_start=232186765 input_send_end=232186765 input_send_duration_ms=0 bytes=626
[2026-01-30 19:55:44.557] [info] [spider.worker] [TIMING] task_id=abf98024-5363-4150-95be-ad6d9733d127 func=job_orchestration.executor.query.spider_search_task.search_without_channel spawn_start=232186765 spawn_end=232186765 spawn_duration_ms=0
[2026-01-30 19:55:45.796] [info] [spider.worker] [TIMING] task_id=abf98024-5363-4150-95be-ad6d9733d127 func=job_orchestration.executor.query.spider_search_task.search_without_channel execution_start=232186765 execution_end=232188005 execution_duration_ms=1239
[2026-01-30 19:55:45.804] [info] [spider.worker] [TIMING] task_id=abf98024-5363-4150-95be-ad6d9733d127 func=job_orchestration.executor.query.spider_search_task.search_without_channel submit_output_start=232188006 submit_output_end=232188012 submit_output_duration_ms=5
[2026-01-30 19:55:45.857] [info] [spider.worker] [TIMING] task_id=ae5dd928-b98a-4013-a5f9-37f31ee60507 func=job_orchestration.executor.query.spider_search_task.search_without_channel fetch_input_start=232188064 fetch_input_end=232188065 fetch_input_duration_ms=1
[2026-01-30 19:55:45.857] [info] [spider.worker] [TIMING] task_id=ae5dd928-b98a-4013-a5f9-37f31ee60507 func=job_orchestration.executor.query.spider_search_task.search_without_channel input_send_start=232188065 input_send_end=232188065 input_send_duration_ms=0 bytes=626
[2026-01-30 19:55:45.857] [info] [spider.worker] [TIMING] task_id=ae5dd928-b98a-4013-a5f9-37f31ee60507 func=job_orchestration.executor.query.spider_search_task.search_without_channel spawn_start=232188065 spawn_end=232188066 spawn_duration_ms=0
[2026-01-30 19:55:47.190] [info] [spider.worker] [TIMING] task_id=ae5dd928-b98a-4013-a5f9-37f31ee60507 func=job_orchestration.executor.query.spider_search_task.search_without_channel execution_start=232188066 execution_end=232189399 execution_duration_ms=1332
[2026-01-30 19:55:47.229] [info] [spider.worker] [TIMING] task_id=ae5dd928-b98a-4013-a5f9-37f31ee60507 func=job_orchestration.executor.query.spider_search_task.search_without_channel submit_output_start=232189416 submit_output_end=232189437 submit_output_duration_ms=20
[2026-01-30 19:55:47.268] [info] [spider.worker] [TIMING] task_id=a9a0f29f-0618-416b-af49-e56a6cab6b2d func=job_orchestration.executor.query.spider_search_task.search_without_channel fetch_input_start=232189475 fetch_input_end=232189476 fetch_input_duration_ms=0
[2026-01-30 19:55:47.268] [info] [spider.worker] [TIMING] task_id=a9a0f29f-0618-416b-af49-e56a6cab6b2d func=job_orchestration.executor.query.spider_search_task.search_without_channel input_send_start=232189477 input_send_end=232189477 input_send_duration_ms=0 bytes=626
[2026-01-30 19:55:47.268] [info] [spider.worker] [TIMING] task_id=a9a0f29f-0618-416b-af49-e56a6cab6b2d func=job_orchestration.executor.query.spider_search_task.search_without_channel spawn_start=232189476 spawn_end=232189477 spawn_duration_ms=0
[2026-01-30 19:55:48.469] [info] [spider.worker] [TIMING] task_id=a9a0f29f-0618-416b-af49-e56a6cab6b2d func=job_orchestration.executor.query.spider_search_task.search_without_channel execution_start=232189477 execution_end=232190678 execution_duration_ms=1200
[2026-01-30 19:55:48.487] [info] [spider.worker] [TIMING] task_id=a9a0f29f-0618-416b-af49-e56a6cab6b2d func=job_orchestration.executor.query.spider_search_task.search_without_channel submit_output_start=232190680 submit_output_end=232190696 submit_output_duration_ms=16
[2026-01-30 19:55:48.588] [info] [spider.worker] [TIMING] task_id=b4db57b9-e123-414b-a1da-b7d01c8e7fb9 func=job_orchestration.executor.query.spider_search_task.search_without_channel fetch_input_start=232190795 fetch_input_end=232190796 fetch_input_duration_ms=0
[2026-01-30 19:55:48.588] [info] [spider.worker] [TIMING] task_id=b4db57b9-e123-414b-a1da-b7d01c8e7fb9 func=job_orchestration.executor.query.spider_search_task.search_without_channel input_send_start=232190797 input_send_end=232190797 input_send_duration_ms=0 bytes=626
[2026-01-30 19:55:48.588] [info] [spider.worker] [TIMING] task_id=b4db57b9-e123-414b-a1da-b7d01c8e7fb9 func=job_orchestration.executor.query.spider_search_task.search_without_channel spawn_start=232190796 spawn_end=232190797 spawn_duration_ms=0
[2026-01-30 19:55:49.833] [info] [spider.worker] [TIMING] task_id=b4db57b9-e123-414b-a1da-b7d01c8e7fb9 func=job_orchestration.executor.query.spider_search_task.search_without_channel execution_start=232190797 execution_end=232192042 execution_duration_ms=1244
[2026-01-30 19:55:49.855] [info] [spider.worker] [TIMING] task_id=b4db57b9-e123-414b-a1da-b7d01c8e7fb9 func=job_orchestration.executor.query.spider_search_task.search_without_channel submit_output_start=232192043 submit_output_end=232192063 submit_output_duration_ms=19
[2026-01-30 19:55:49.890] [info] [spider.worker] [TIMING] task_id=93f61501-1c40-45ec-b7ce-7b541486572d func=job_orchestration.executor.query.spider_search_task.search_without_channel fetch_input_start=232192098 fetch_input_end=232192099 fetch_input_duration_ms=0
[2026-01-30 19:55:49.891] [info] [spider.worker] [TIMING] task_id=93f61501-1c40-45ec-b7ce-7b541486572d func=job_orchestration.executor.query.spider_search_task.search_without_channel input_send_start=232192099 input_send_end=232192099 input_send_duration_ms=0 bytes=626
[2026-01-30 19:55:49.891] [info] [spider.worker] [TIMING] task_id=93f61501-1c40-45ec-b7ce-7b541486572d func=job_orchestration.executor.query.spider_search_task.search_without_channel spawn_start=232192099 spawn_end=232192099 spawn_duration_ms=0
[2026-01-30 19:55:51.083] [info] [spider.worker] [TIMING] task_id=93f61501-1c40-45ec-b7ce-7b541486572d func=job_orchestration.executor.query.spider_search_task.search_without_channel execution_start=232192099 execution_end=232193292 execution_duration_ms=1192
[2026-01-30 19:55:51.115] [info] [spider.worker] [TIMING] task_id=93f61501-1c40-45ec-b7ce-7b541486572d func=job_orchestration.executor.query.spider_search_task.search_without_channel submit_output_start=232193293 submit_output_end=232193323 submit_output_duration_ms=30
[2026-01-30 19:55:51.174] [info] [spider.worker] [TIMING] task_id=b4601a60-5123-4bae-9527-0ab4ffbbcebb func=job_orchestration.executor.query.spider_search_task.search_without_channel fetch_input_start=232193381 fetch_input_end=232193382 fetch_input_duration_ms=0
[2026-01-30 19:55:51.174] [info] [spider.worker] [TIMING] task_id=b4601a60-5123-4bae-9527-0ab4ffbbcebb func=job_orchestration.executor.query.spider_search_task.search_without_channel input_send_start=232193383 input_send_end=232193383 input_send_duration_ms=0 bytes=626
[2026-01-30 19:55:51.174] [info] [spider.worker] [TIMING] task_id=b4601a60-5123-4bae-9527-0ab4ffbbcebb func=job_orchestration.executor.query.spider_search_task.search_without_channel spawn_start=232193382 spawn_end=232193383 spawn_duration_ms=0
[2026-01-30 19:55:52.484] [info] [spider.worker] [TIMING] task_id=b4601a60-5123-4bae-9527-0ab4ffbbcebb func=job_orchestration.executor.query.spider_search_task.search_without_channel execution_start=232193383 execution_end=232194693 execution_duration_ms=1309
[2026-01-30 19:55:52.497] [info] [spider.worker] [TIMING] task_id=b4601a60-5123-4bae-9527-0ab4ffbbcebb func=job_orchestration.executor.query.spider_search_task.search_without_channel submit_output_start=232194694 submit_output_end=232194705 submit_output_duration_ms=10
[2026-01-30 19:55:52.539] [info] [spider.worker] [TIMING] task_id=de3beef8-a873-4999-a211-21bf83797267 func=job_orchestration.executor.query.spider_search_task.search_without_channel fetch_input_start=232194746 fetch_input_end=232194747 fetch_input_duration_ms=1
[2026-01-30 19:55:52.539] [info] [spider.worker] [TIMING] task_id=de3beef8-a873-4999-a211-21bf83797267 func=job_orchestration.executor.query.spider_search_task.search_without_channel input_send_start=232194748 input_send_end=232194748 input_send_duration_ms=0 bytes=626
[2026-01-30 19:55:52.539] [info] [spider.worker] [TIMING] task_id=de3beef8-a873-4999-a211-21bf83797267 func=job_orchestration.executor.query.spider_search_task.search_without_channel spawn_start=232194747 spawn_end=232194748 spawn_duration_ms=0
[2026-01-30 19:55:53.923] [info] [spider.worker] [TIMING] task_id=de3beef8-a873-4999-a211-21bf83797267 func=job_orchestration.executor.query.spider_search_task.search_without_channel execution_start=232194748 execution_end=232196132 execution_duration_ms=1383
[2026-01-30 19:55:53.956] [info] [spider.worker] [TIMING] task_id=de3beef8-a873-4999-a211-21bf83797267 func=job_orchestration.executor.query.spider_search_task.search_without_channel submit_output_start=232196133 submit_output_end=232196164 submit_output_duration_ms=30
[2026-01-30 19:55:53.976] [info] [spider.worker] [TIMING] task_id=69ac8ad5-bfbc-42f6-8c57-f532289a8413 func=job_orchestration.executor.query.spider_search_task.search_without_channel fetch_input_start=232196183 fetch_input_end=232196184 fetch_input_duration_ms=1
[2026-01-30 19:55:53.976] [info] [spider.worker] [TIMING] task_id=69ac8ad5-bfbc-42f6-8c57-f532289a8413 func=job_orchestration.executor.query.spider_search_task.search_without_channel input_send_start=232196185 input_send_end=232196185 input_send_duration_ms=0 bytes=626
[2026-01-30 19:55:53.976] [info] [spider.worker] [TIMING] task_id=69ac8ad5-bfbc-42f6-8c57-f532289a8413 func=job_orchestration.executor.query.spider_search_task.search_without_channel spawn_start=232196184 spawn_end=232196185 spawn_duration_ms=0
[2026-01-30 19:55:55.273] [info] [spider.worker] [TIMING] task_id=69ac8ad5-bfbc-42f6-8c57-f532289a8413 func=job_orchestration.executor.query.spider_search_task.search_without_channel execution_start=232196185 execution_end=232197481 execution_duration_ms=1296
[2026-01-30 19:55:55.317] [info] [spider.worker] [TIMING] task_id=69ac8ad5-bfbc-42f6-8c57-f532289a8413 func=job_orchestration.executor.query.spider_search_task.search_without_channel submit_output_start=232197484 submit_output_end=232197525 submit_output_duration_ms=41
[2026-01-30 19:55:55.361] [info] [spider.worker] [TIMING] task_id=79d01898-33d7-463b-802c-215071b16173 func=job_orchestration.executor.query.spider_search_task.search_without_channel fetch_input_start=232197568 fetch_input_end=232197569 fetch_input_duration_ms=0
[2026-01-30 19:55:55.361] [info] [spider.worker] [TIMING] task_id=79d01898-33d7-463b-802c-215071b16173 func=job_orchestration.executor.query.spider_search_task.search_without_channel input_send_start=232197570 input_send_end=232197570 input_send_duration_ms=0 bytes=626
[2026-01-30 19:55:55.361] [info] [spider.worker] [TIMING] task_id=79d01898-33d7-463b-802c-215071b16173 func=job_orchestration.executor.query.spider_search_task.search_without_channel spawn_start=232197569 spawn_end=232197570 spawn_duration_ms=0
[2026-01-30 19:55:56.513] [info] [spider.worker] [TIMING] task_id=79d01898-33d7-463b-802c-215071b16173 func=job_orchestration.executor.query.spider_search_task.search_without_channel execution_start=232197570 execution_end=232198721 execution_duration_ms=1151
[2026-01-30 19:55:56.523] [info] [spider.worker] [TIMING] task_id=79d01898-33d7-463b-802c-215071b16173 func=job_orchestration.executor.query.spider_search_task.search_without_channel submit_output_start=232198723 submit_output_end=232198732 submit_output_duration_ms=8
[2026-01-30 19:55:56.563] [info] [spider.worker] [TIMING] task_id=b80e0520-aa71-4149-b806-60fc7f99b055 func=job_orchestration.executor.query.spider_search_task.search_without_channel fetch_input_start=232198771 fetch_input_end=232198772 fetch_input_duration_ms=0
[2026-01-30 19:55:56.564] [info] [spider.worker] [TIMING] task_id=b80e0520-aa71-4149-b806-60fc7f99b055 func=job_orchestration.executor.query.spider_search_task.search_without_channel input_send_start=232198772 input_send_end=232198772 input_send_duration_ms=0 bytes=626
[2026-01-30 19:55:56.564] [info] [spider.worker] [TIMING] task_id=b80e0520-aa71-4149-b806-60fc7f99b055 func=job_orchestration.executor.query.spider_search_task.search_without_channel spawn_start=232198772 spawn_end=232198772 spawn_duration_ms=0
[2026-01-30 19:55:57.778] [info] [spider.worker] [TIMING] task_id=b80e0520-aa71-4149-b806-60fc7f99b055 func=job_orchestration.executor.query.spider_search_task.search_without_channel execution_start=232198772 execution_end=232199986 execution_duration_ms=1214
[2026-01-30 19:55:57.790] [info] [spider.worker] [TIMING] task_id=b80e0520-aa71-4149-b806-60fc7f99b055 func=job_orchestration.executor.query.spider_search_task.search_without_channel submit_output_start=232199988 submit_output_end=232199998 submit_output_duration_ms=10
[2026-01-30 19:55:57.809] [info] [spider.worker] [TIMING] task_id=5afc69df-beb3-46a4-9c11-25878b402aef func=job_orchestration.executor.query.spider_search_task.search_without_channel fetch_input_start=232200017 fetch_input_end=232200018 fetch_input_duration_ms=0
[2026-01-30 19:55:57.810] [info] [spider.worker] [TIMING] task_id=5afc69df-beb3-46a4-9c11-25878b402aef func=job_orchestration.executor.query.spider_search_task.search_without_channel input_send_start=232200018 input_send_end=232200018 input_send_duration_ms=0 bytes=626
[2026-01-30 19:55:57.810] [info] [spider.worker] [TIMING] task_id=5afc69df-beb3-46a4-9c11-25878b402aef func=job_orchestration.executor.query.spider_search_task.search_without_channel spawn_start=232200018 spawn_end=232200018 spawn_duration_ms=0
[2026-01-30 19:55:58.922] [info] [spider.worker] [TIMING] task_id=5afc69df-beb3-46a4-9c11-25878b402aef func=job_orchestration.executor.query.spider_search_task.search_without_channel execution_start=232200018 execution_end=232201130 execution_duration_ms=1111
[2026-01-30 19:55:58.966] [info] [spider.worker] [TIMING] task_id=5afc69df-beb3-46a4-9c11-25878b402aef func=job_orchestration.executor.query.spider_search_task.search_without_channel submit_output_start=232201135 submit_output_end=232201174 submit_output_duration_ms=39
[2026-01-30 19:55:58.985] [info] [spider.worker] [TIMING] task_id=bb59dcf5-0f5d-4efb-a858-8d0e384481b4 func=job_orchestration.executor.query.spider_search_task.search_without_channel fetch_input_start=232201192 fetch_input_end=232201193 fetch_input_duration_ms=1
[2026-01-30 19:55:58.985] [info] [spider.worker] [TIMING] task_id=bb59dcf5-0f5d-4efb-a858-8d0e384481b4 func=job_orchestration.executor.query.spider_search_task.search_without_channel input_send_start=232201194 input_send_end=232201194 input_send_duration_ms=0 bytes=626
[2026-01-30 19:55:58.985] [info] [spider.worker] [TIMING] task_id=bb59dcf5-0f5d-4efb-a858-8d0e384481b4 func=job_orchestration.executor.query.spider_search_task.search_without_channel spawn_start=232201193 spawn_end=232201194 spawn_duration_ms=0
[2026-01-30 19:56:00.199] [info] [spider.worker] [TIMING] task_id=bb59dcf5-0f5d-4efb-a858-8d0e384481b4 func=job_orchestration.executor.query.spider_search_task.search_without_channel execution_start=232201194 execution_end=232202407 execution_duration_ms=1213
[2026-01-30 19:56:00.207] [info] [spider.worker] [TIMING] task_id=bb59dcf5-0f5d-4efb-a858-8d0e384481b4 func=job_orchestration.executor.query.spider_search_task.search_without_channel submit_output_start=232202409 submit_output_end=232202416 submit_output_duration_ms=6
[2026-01-30 19:56:00.227] [info] [spider.worker] [TIMING] task_id=7be46e06-30c0-470a-894e-4d4d20911d68 func=job_orchestration.executor.query.spider_search_task.search_without_channel fetch_input_start=232202434 fetch_input_end=232202435 fetch_input_duration_ms=1
[2026-01-30 19:56:00.228] [info] [spider.worker] [TIMING] task_id=7be46e06-30c0-470a-894e-4d4d20911d68 func=job_orchestration.executor.query.spider_search_task.search_without_channel input_send_start=232202436 input_send_end=232202436 input_send_duration_ms=0 bytes=626
[2026-01-30 19:56:00.228] [info] [spider.worker] [TIMING] task_id=7be46e06-30c0-470a-894e-4d4d20911d68 func=job_orchestration.executor.query.spider_search_task.search_without_channel spawn_start=232202435 spawn_end=232202436 spawn_duration_ms=0
[2026-01-30 19:56:01.558] [info] [spider.worker] [TIMING] task_id=7be46e06-30c0-470a-894e-4d4d20911d68 func=job_orchestration.executor.query.spider_search_task.search_without_channel execution_start=232202436 execution_end=232203766 execution_duration_ms=1329
[2026-01-30 19:56:01.566] [info] [spider.worker] [TIMING] task_id=7be46e06-30c0-470a-894e-4d4d20911d68 func=job_orchestration.executor.query.spider_search_task.search_without_channel submit_output_start=232203768 submit_output_end=232203774 submit_output_duration_ms=6
[2026-01-30 19:56:01.586] [info] [spider.worker] [TIMING] task_id=46840680-faf8-4f48-8d2e-4118d593de94 func=job_orchestration.executor.query.spider_search_task.search_without_channel fetch_input_start=232203793 fetch_input_end=232203794 fetch_input_duration_ms=0
[2026-01-30 19:56:01.586] [info] [spider.worker] [TIMING] task_id=46840680-faf8-4f48-8d2e-4118d593de94 func=job_orchestration.executor.query.spider_search_task.search_without_channel input_send_start=232203795 input_send_end=232203795 input_send_duration_ms=0 bytes=626
[2026-01-30 19:56:01.586] [info] [spider.worker] [TIMING] task_id=46840680-faf8-4f48-8d2e-4118d593de94 func=job_orchestration.executor.query.spider_search_task.search_without_channel spawn_start=232203794 spawn_end=232203795 spawn_duration_ms=0
[2026-01-30 19:56:02.980] [info] [spider.worker] [TIMING] task_id=46840680-faf8-4f48-8d2e-4118d593de94 func=job_orchestration.executor.query.spider_search_task.search_without_channel execution_start=232203795 execution_end=232205188 execution_duration_ms=1393
[2026-01-30 19:56:02.991] [info] [spider.worker] [TIMING] task_id=46840680-faf8-4f48-8d2e-4118d593de94 func=job_orchestration.executor.query.spider_search_task.search_without_channel submit_output_start=232205190 submit_output_end=232205200 submit_output_duration_ms=9
[2026-01-30 19:56:03.022] [info] [spider.worker] [TIMING] task_id=a9700aae-4cc0-4036-bfc7-8294e174d0bf func=job_orchestration.executor.query.spider_search_task.search_without_channel fetch_input_start=232205229 fetch_input_end=232205230 fetch_input_duration_ms=1
[2026-01-30 19:56:03.022] [info] [spider.worker] [TIMING] task_id=a9700aae-4cc0-4036-bfc7-8294e174d0bf func=job_orchestration.executor.query.spider_search_task.search_without_channel input_send_start=232205231 input_send_end=232205231 input_send_duration_ms=0 bytes=626
[2026-01-30 19:56:03.022] [info] [spider.worker] [TIMING] task_id=a9700aae-4cc0-4036-bfc7-8294e174d0bf func=job_orchestration.executor.query.spider_search_task.search_without_channel spawn_start=232205230 spawn_end=232205231 spawn_duration_ms=0
[2026-01-30 19:56:04.196] [info] [spider.worker] [TIMING] task_id=a9700aae-4cc0-4036-bfc7-8294e174d0bf func=job_orchestration.executor.query.spider_search_task.search_without_channel execution_start=232205231 execution_end=232206404 execution_duration_ms=1173
[2026-01-30 19:56:04.209] [info] [spider.worker] [TIMING] task_id=a9700aae-4cc0-4036-bfc7-8294e174d0bf func=job_orchestration.executor.query.spider_search_task.search_without_channel submit_output_start=232206406 submit_output_end=232206417 submit_output_duration_ms=11
[2026-01-30 19:56:04.249] [info] [spider.worker] [TIMING] task_id=8b80e9b5-8ffa-4b7b-94bb-e9ee7131da74 func=job_orchestration.executor.query.spider_search_task.search_without_channel fetch_input_start=232206457 fetch_input_end=232206458 fetch_input_duration_ms=1
[2026-01-30 19:56:04.250] [info] [spider.worker] [TIMING] task_id=8b80e9b5-8ffa-4b7b-94bb-e9ee7131da74 func=job_orchestration.executor.query.spider_search_task.search_without_channel input_send_start=232206458 input_send_end=232206458 input_send_duration_ms=0 bytes=626
[2026-01-30 19:56:04.250] [info] [spider.worker] [TIMING] task_id=8b80e9b5-8ffa-4b7b-94bb-e9ee7131da74 func=job_orchestration.executor.query.spider_search_task.search_without_channel spawn_start=232206458 spawn_end=232206458 spawn_duration_ms=0
[2026-01-30 19:56:05.484] [info] [spider.worker] [TIMING] task_id=8b80e9b5-8ffa-4b7b-94bb-e9ee7131da74 func=job_orchestration.executor.query.spider_search_task.search_without_channel execution_start=232206459 execution_end=232207692 execution_duration_ms=1233
[2026-01-30 19:56:05.534] [info] [spider.worker] [TIMING] task_id=8b80e9b5-8ffa-4b7b-94bb-e9ee7131da74 func=job_orchestration.executor.query.spider_search_task.search_without_channel submit_output_start=232207693 submit_output_end=232207743 submit_output_duration_ms=49
[2026-01-30 19:56:05.570] [info] [spider.worker] [TIMING] task_id=57b7e88b-3247-45b1-8c5f-b6f24bfb0405 func=job_orchestration.executor.query.spider_search_task.search_without_channel fetch_input_start=232207777 fetch_input_end=232207778 fetch_input_duration_ms=1
[2026-01-30 19:56:05.570] [info] [spider.worker] [TIMING] task_id=57b7e88b-3247-45b1-8c5f-b6f24bfb0405 func=job_orchestration.executor.query.spider_search_task.search_without_channel input_send_start=232207779 input_send_end=232207779 input_send_duration_ms=0 bytes=626
[2026-01-30 19:56:05.570] [info] [spider.worker] [TIMING] task_id=57b7e88b-3247-45b1-8c5f-b6f24bfb0405 func=job_orchestration.executor.query.spider_search_task.search_without_channel spawn_start=232207778 spawn_end=232207779 spawn_duration_ms=0
[2026-01-30 19:56:06.850] [info] [spider.worker] [TIMING] task_id=57b7e88b-3247-45b1-8c5f-b6f24bfb0405 func=job_orchestration.executor.query.spider_search_task.search_without_channel execution_start=232207779 execution_end=232209059 execution_duration_ms=1279
[2026-01-30 19:56:06.884] [info] [spider.worker] [TIMING] task_id=57b7e88b-3247-45b1-8c5f-b6f24bfb0405 func=job_orchestration.executor.query.spider_search_task.search_without_channel submit_output_start=232209070 submit_output_end=232209093 submit_output_duration_ms=22
[2026-01-30 19:56:06.904] [info] [spider.worker] [TIMING] task_id=1bf1620d-fbd8-4ff7-b4fc-4f9a848e704d func=job_orchestration.executor.query.spider_search_task.search_without_channel fetch_input_start=232209111 fetch_input_end=232209112 fetch_input_duration_ms=1
[2026-01-30 19:56:06.904] [info] [spider.worker] [TIMING] task_id=1bf1620d-fbd8-4ff7-b4fc-4f9a848e704d func=job_orchestration.executor.query.spider_search_task.search_without_channel input_send_start=232209113 input_send_end=232209113 input_send_duration_ms=0 bytes=626
[2026-01-30 19:56:06.904] [info] [spider.worker] [TIMING] task_id=1bf1620d-fbd8-4ff7-b4fc-4f9a848e704d func=job_orchestration.executor.query.spider_search_task.search_without_channel spawn_start=232209112 spawn_end=232209113 spawn_duration_ms=0
[2026-01-30 19:56:08.133] [info] [spider.worker] [TIMING] task_id=1bf1620d-fbd8-4ff7-b4fc-4f9a848e704d func=job_orchestration.executor.query.spider_search_task.search_without_channel execution_start=232209113 execution_end=232210341 execution_duration_ms=1228
[2026-01-30 19:56:08.197] [info] [spider.worker] [TIMING] task_id=1bf1620d-fbd8-4ff7-b4fc-4f9a848e704d func=job_orchestration.executor.query.spider_search_task.search_without_channel submit_output_start=232210343 submit_output_end=232210405 submit_output_duration_ms=62
[2026-01-30 19:56:08.241] [info] [spider.worker] [TIMING] task_id=974c29fd-7f07-4142-a62d-38a68c30de1c func=job_orchestration.executor.query.spider_search_task.search_without_channel fetch_input_start=232210449 fetch_input_end=232210450 fetch_input_duration_ms=0
[2026-01-30 19:56:08.242] [info] [spider.worker] [TIMING] task_id=974c29fd-7f07-4142-a62d-38a68c30de1c func=job_orchestration.executor.query.spider_search_task.search_without_channel input_send_start=232210450 input_send_end=232210450 input_send_duration_ms=0 bytes=626
[2026-01-30 19:56:08.242] [info] [spider.worker] [TIMING] task_id=974c29fd-7f07-4142-a62d-38a68c30de1c func=job_orchestration.executor.query.spider_search_task.search_without_channel spawn_start=232210450 spawn_end=232210450 spawn_duration_ms=0
[2026-01-30 19:56:09.466] [info] [spider.worker] [TIMING] task_id=974c29fd-7f07-4142-a62d-38a68c30de1c func=job_orchestration.executor.query.spider_search_task.search_without_channel execution_start=232210450 execution_end=232211674 execution_duration_ms=1223
[2026-01-30 19:56:09.525] [info] [spider.worker] [TIMING] task_id=974c29fd-7f07-4142-a62d-38a68c30de1c func=job_orchestration.executor.query.spider_search_task.search_without_channel submit_output_start=232211676 submit_output_end=232211733 submit_output_duration_ms=57
[2026-01-30 19:56:09.569] [info] [spider.worker] [TIMING] task_id=22f7d021-6b80-4772-8d71-7997c858545c func=job_orchestration.executor.query.spider_search_task.search_without_channel fetch_input_start=232211777 fetch_input_end=232211778 fetch_input_duration_ms=0
[2026-01-30 19:56:09.570] [info] [spider.worker] [TIMING] task_id=22f7d021-6b80-4772-8d71-7997c858545c func=job_orchestration.executor.query.spider_search_task.search_without_channel input_send_start=232211778 input_send_end=232211778 input_send_duration_ms=0 bytes=626
[2026-01-30 19:56:09.570] [info] [spider.worker] [TIMING] task_id=22f7d021-6b80-4772-8d71-7997c858545c func=job_orchestration.executor.query.spider_search_task.search_without_channel spawn_start=232211778 spawn_end=232211778 spawn_duration_ms=0
[2026-01-30 19:56:10.763] [info] [spider.worker] [TIMING] task_id=22f7d021-6b80-4772-8d71-7997c858545c func=job_orchestration.executor.query.spider_search_task.search_without_channel execution_start=232211779 execution_end=232212971 execution_duration_ms=1192
[2026-01-30 19:56:10.802] [info] [spider.worker] [TIMING] task_id=22f7d021-6b80-4772-8d71-7997c858545c func=job_orchestration.executor.query.spider_search_task.search_without_channel submit_output_start=232212973 submit_output_end=232213010 submit_output_duration_ms=37
[2026-01-30 19:56:10.838] [info] [spider.worker] [TIMING] task_id=bf5a65a5-283c-44f2-b243-d61825bc0714 func=job_orchestration.executor.query.spider_search_task.search_without_channel fetch_input_start=232213045 fetch_input_end=232213046 fetch_input_duration_ms=1
[2026-01-30 19:56:10.838] [info] [spider.worker] [TIMING] task_id=bf5a65a5-283c-44f2-b243-d61825bc0714 func=job_orchestration.executor.query.spider_search_task.search_without_channel input_send_start=232213047 input_send_end=232213047 input_send_duration_ms=0 bytes=626
[2026-01-30 19:56:10.838] [info] [spider.worker] [TIMING] task_id=bf5a65a5-283c-44f2-b243-d61825bc0714 func=job_orchestration.executor.query.spider_search_task.search_without_channel spawn_start=232213046 spawn_end=232213047 spawn_duration_ms=0
[2026-01-30 19:56:12.053] [info] [spider.worker] [TIMING] task_id=bf5a65a5-283c-44f2-b243-d61825bc0714 func=job_orchestration.executor.query.spider_search_task.search_without_channel execution_start=232213047 execution_end=232214262 execution_duration_ms=1214
[2026-01-30 19:56:12.085] [info] [spider.worker] [TIMING] task_id=bf5a65a5-283c-44f2-b243-d61825bc0714 func=job_orchestration.executor.query.spider_search_task.search_without_channel submit_output_start=232214264 submit_output_end=232214293 submit_output_duration_ms=29
[2026-01-30 19:56:12.123] [info] [spider.worker] [TIMING] task_id=11da10fe-7d01-4eed-841d-286a291c9b99 func=job_orchestration.executor.query.spider_search_task.search_without_channel fetch_input_start=232214331 fetch_input_end=232214332 fetch_input_duration_ms=1
[2026-01-30 19:56:12.124] [info] [spider.worker] [TIMING] task_id=11da10fe-7d01-4eed-841d-286a291c9b99 func=job_orchestration.executor.query.spider_search_task.search_without_channel input_send_start=232214332 input_send_end=232214332 input_send_duration_ms=0 bytes=626
[2026-01-30 19:56:12.124] [info] [spider.worker] [TIMING] task_id=11da10fe-7d01-4eed-841d-286a291c9b99 func=job_orchestration.executor.query.spider_search_task.search_without_channel spawn_start=232214332 spawn_end=232214332 spawn_duration_ms=0
[2026-01-30 19:56:13.327] [info] [spider.worker] [TIMING] task_id=11da10fe-7d01-4eed-841d-286a291c9b99 func=job_orchestration.executor.query.spider_search_task.search_without_channel execution_start=232214332 execution_end=232215536 execution_duration_ms=1203
[2026-01-30 19:56:13.352] [info] [spider.worker] [TIMING] task_id=11da10fe-7d01-4eed-841d-286a291c9b99 func=job_orchestration.executor.query.spider_search_task.search_without_channel submit_output_start=232215542 submit_output_end=232215560 submit_output_duration_ms=18
[2026-01-30 19:56:13.371] [info] [spider.worker] [TIMING] task_id=b0735776-5411-4c58-8520-4b515b803b6a func=job_orchestration.executor.query.spider_search_task.search_without_channel fetch_input_start=232215579 fetch_input_end=232215579 fetch_input_duration_ms=0
[2026-01-30 19:56:13.372] [info] [spider.worker] [TIMING] task_id=b0735776-5411-4c58-8520-4b515b803b6a func=job_orchestration.executor.query.spider_search_task.search_without_channel input_send_start=232215580 input_send_end=232215580 input_send_duration_ms=0 bytes=626
[2026-01-30 19:56:13.372] [info] [spider.worker] [TIMING] task_id=b0735776-5411-4c58-8520-4b515b803b6a func=job_orchestration.executor.query.spider_search_task.search_without_channel spawn_start=232215580 spawn_end=232215580 spawn_duration_ms=0
[2026-01-30 19:56:14.523] [info] [spider.worker] [TIMING] task_id=b0735776-5411-4c58-8520-4b515b803b6a func=job_orchestration.executor.query.spider_search_task.search_without_channel execution_start=232215580 execution_end=232216731 execution_duration_ms=1150
[2026-01-30 19:56:14.553] [info] [spider.worker] [TIMING] task_id=b0735776-5411-4c58-8520-4b515b803b6a func=job_orchestration.executor.query.spider_search_task.search_without_channel submit_output_start=232216732 submit_output_end=232216761 submit_output_duration_ms=28
[2026-01-30 19:56:14.572] [info] [spider.worker] [TIMING] task_id=3ab9abc3-2f74-41f8-845c-1a88baf43c39 func=job_orchestration.executor.query.spider_search_task.search_without_channel fetch_input_start=232216779 fetch_input_end=232216780 fetch_input_duration_ms=0
[2026-01-30 19:56:14.572] [info] [spider.worker] [TIMING] task_id=3ab9abc3-2f74-41f8-845c-1a88baf43c39 func=job_orchestration.executor.query.spider_search_task.search_without_channel input_send_start=232216781 input_send_end=232216781 input_send_duration_ms=0 bytes=626
[2026-01-30 19:56:14.572] [info] [spider.worker] [TIMING] task_id=3ab9abc3-2f74-41f8-845c-1a88baf43c39 func=job_orchestration.executor.query.spider_search_task.search_without_channel spawn_start=232216780 spawn_end=232216781 spawn_duration_ms=0
[2026-01-30 19:56:15.804] [info] [spider.worker] [TIMING] task_id=3ab9abc3-2f74-41f8-845c-1a88baf43c39 func=job_orchestration.executor.query.spider_search_task.search_without_channel execution_start=232216781 execution_end=232218012 execution_duration_ms=1231
[2026-01-30 19:56:15.855] [info] [spider.worker] [TIMING] task_id=3ab9abc3-2f74-41f8-845c-1a88baf43c39 func=job_orchestration.executor.query.spider_search_task.search_without_channel submit_output_start=232218022 submit_output_end=232218063 submit_output_duration_ms=41
[2026-01-30 19:56:15.924] [info] [spider.worker] [TIMING] task_id=d180582f-efad-410b-a22b-cec9b9b87a52 func=job_orchestration.executor.query.spider_search_task.search_without_channel fetch_input_start=232218132 fetch_input_end=232218133 fetch_input_duration_ms=0
[2026-01-30 19:56:15.925] [info] [spider.worker] [TIMING] task_id=d180582f-efad-410b-a22b-cec9b9b87a52 func=job_orchestration.executor.query.spider_search_task.search_without_channel input_send_start=232218133 input_send_end=232218133 input_send_duration_ms=0 bytes=626
[2026-01-30 19:56:15.925] [info] [spider.worker] [TIMING] task_id=d180582f-efad-410b-a22b-cec9b9b87a52 func=job_orchestration.executor.query.spider_search_task.search_without_channel spawn_start=232218133 spawn_end=232218133 spawn_duration_ms=0
[2026-01-30 19:56:17.122] [info] [spider.worker] [TIMING] task_id=d180582f-efad-410b-a22b-cec9b9b87a52 func=job_orchestration.executor.query.spider_search_task.search_without_channel execution_start=232218134 execution_end=232219330 execution_duration_ms=1196
[2026-01-30 19:56:17.175] [info] [spider.worker] [TIMING] task_id=d180582f-efad-410b-a22b-cec9b9b87a52 func=job_orchestration.executor.query.spider_search_task.search_without_channel submit_output_start=232219342 submit_output_end=232219383 submit_output_duration_ms=41
[2026-01-30 19:56:17.223] [info] [spider.worker] [TIMING] task_id=7e6e8526-40a0-4aa5-89c1-99e161856760 func=job_orchestration.executor.query.spider_search_task.search_without_channel fetch_input_start=232219430 fetch_input_end=232219431 fetch_input_duration_ms=0
[2026-01-30 19:56:17.223] [info] [spider.worker] [TIMING] task_id=7e6e8526-40a0-4aa5-89c1-99e161856760 func=job_orchestration.executor.query.spider_search_task.search_without_channel input_send_start=232219432 input_send_end=232219432 input_send_duration_ms=0 bytes=626
[2026-01-30 19:56:17.223] [info] [spider.worker] [TIMING] task_id=7e6e8526-40a0-4aa5-89c1-99e161856760 func=job_orchestration.executor.query.spider_search_task.search_without_channel spawn_start=232219431 spawn_end=232219432 spawn_duration_ms=0
[2026-01-30 19:56:18.389] [info] [spider.worker] [TIMING] task_id=7e6e8526-40a0-4aa5-89c1-99e161856760 func=job_orchestration.executor.query.spider_search_task.search_without_channel execution_start=232219432 execution_end=232220597 execution_duration_ms=1165
[2026-01-30 19:56:18.396] [info] [spider.worker] [TIMING] task_id=7e6e8526-40a0-4aa5-89c1-99e161856760 func=job_orchestration.executor.query.spider_search_task.search_without_channel submit_output_start=232220599 submit_output_end=232220604 submit_output_duration_ms=5
[2026-01-30 19:56:18.415] [info] [spider.worker] [TIMING] task_id=c60bc5b3-67fd-4799-9b9e-9c7a3ac2b1db func=job_orchestration.executor.query.spider_search_task.search_without_channel fetch_input_start=232220622 fetch_input_end=232220623 fetch_input_duration_ms=0
[2026-01-30 19:56:18.415] [info] [spider.worker] [TIMING] task_id=c60bc5b3-67fd-4799-9b9e-9c7a3ac2b1db func=job_orchestration.executor.query.spider_search_task.search_without_channel input_send_start=232220624 input_send_end=232220624 input_send_duration_ms=0 bytes=626
[2026-01-30 19:56:18.415] [info] [spider.worker] [TIMING] task_id=c60bc5b3-67fd-4799-9b9e-9c7a3ac2b1db func=job_orchestration.executor.query.spider_search_task.search_without_channel spawn_start=232220623 spawn_end=232220624 spawn_duration_ms=0
[2026-01-30 19:56:19.696] [info] [spider.worker] [TIMING] task_id=c60bc5b3-67fd-4799-9b9e-9c7a3ac2b1db func=job_orchestration.executor.query.spider_search_task.search_without_channel execution_start=232220624 execution_end=232221905 execution_duration_ms=1280
[2026-01-30 19:56:19.723] [info] [spider.worker] [TIMING] task_id=c60bc5b3-67fd-4799-9b9e-9c7a3ac2b1db func=job_orchestration.executor.query.spider_search_task.search_without_channel submit_output_start=232221907 submit_output_end=232221931 submit_output_duration_ms=24
[2026-01-30 19:56:19.740] [info] [spider.worker] [TIMING] task_id=d97ba842-8b07-4404-a060-0d00e59457fa func=job_orchestration.executor.query.spider_search_task.search_without_channel fetch_input_start=232221948 fetch_input_end=232221949 fetch_input_duration_ms=0
[2026-01-30 19:56:19.741] [info] [spider.worker] [TIMING] task_id=d97ba842-8b07-4404-a060-0d00e59457fa func=job_orchestration.executor.query.spider_search_task.search_without_channel input_send_start=232221949 input_send_end=232221949 input_send_duration_ms=0 bytes=626
[2026-01-30 19:56:19.741] [info] [spider.worker] [TIMING] task_id=d97ba842-8b07-4404-a060-0d00e59457fa func=job_orchestration.executor.query.spider_search_task.search_without_channel spawn_start=232221949 spawn_end=232221949 spawn_duration_ms=0
[2026-01-30 19:56:20.959] [info] [spider.worker] [TIMING] task_id=d97ba842-8b07-4404-a060-0d00e59457fa func=job_orchestration.executor.query.spider_search_task.search_without_channel execution_start=232221949 execution_end=232223167 execution_duration_ms=1217
[2026-01-30 19:56:20.988] [info] [spider.worker] [TIMING] task_id=d97ba842-8b07-4404-a060-0d00e59457fa func=job_orchestration.executor.query.spider_search_task.search_without_channel submit_output_start=232223176 submit_output_end=232223196 submit_output_duration_ms=20
[2026-01-30 19:56:21.007] [info] [spider.worker] [TIMING] task_id=3123ff96-4142-43ca-956c-4fb667730dea func=job_orchestration.executor.query.spider_search_task.search_without_channel fetch_input_start=232223214 fetch_input_end=232223215 fetch_input_duration_ms=0
[2026-01-30 19:56:21.007] [info] [spider.worker] [TIMING] task_id=3123ff96-4142-43ca-956c-4fb667730dea func=job_orchestration.executor.query.spider_search_task.search_without_channel input_send_start=232223216 input_send_end=2