[2026-01-30 19:54:16.415] [warning] [spider.worker] Prefer using `SPIDER_STORAGE_URL` environment variable over `--storage_url` argument.
[2026-01-30 19:55:08.643] [info] [spider.worker] [TIMING] task_id=6993287a-7314-47a3-ae2c-105c0fac5184 func=job_orchestration.executor.query.spider_search_task.search_without_channel fetch_input_start=232150850 fetch_input_end=232150851 fetch_input_duration_ms=1
[2026-01-30 19:55:08.644] [info] [spider.worker] [TIMING] task_id=6993287a-7314-47a3-ae2c-105c0fac5184 func=job_orchestration.executor.query.spider_search_task.search_without_channel input_send_start=232150852 input_send_end=232150852 input_send_duration_ms=0 bytes=626
[2026-01-30 19:55:08.644] [info] [spider.worker] [TIMING] task_id=6993287a-7314-47a3-ae2c-105c0fac5184 func=job_orchestration.executor.query.spider_search_task.search_without_channel spawn_start=232150852 spawn_end=232150852 spawn_duration_ms=0
[2026-01-30 19:55:09.905] [info] [spider.worker] [TIMING] task_id=6993287a-7314-47a3-ae2c-105c0fac5184 func=job_orchestration.executor.query.spider_search_task.search_without_channel execution_start=232150852 execution_end=232152114 execution_duration_ms=1261
[2026-01-30 19:55:09.964] [info] [spider.worker] [TIMING] task_id=6993287a-7314-47a3-ae2c-105c0fac5184 func=job_orchestration.executor.query.spider_search_task.search_without_channel submit_output_start=232152115 submit_output_end=232152173 submit_output_duration_ms=57
[2026-01-30 19:55:10.034] [info] [spider.worker] [TIMING] task_id=00d97bbd-beed-408f-8d08-e4064a1d4b66 func=job_orchestration.executor.query.spider_search_task.search_without_channel fetch_input_start=232152241 fetch_input_end=232152242 fetch_input_duration_ms=0
[2026-01-30 19:55:10.034] [info] [spider.worker] [TIMING] task_id=00d97bbd-beed-408f-8d08-e4064a1d4b66 func=job_orchestration.executor.query.spider_search_task.search_without_channel input_send_start=232152243 input_send_end=232152243 input_send_duration_ms=0 bytes=626
[2026-01-30 19:55:10.034] [info] [spider.worker] [TIMING] task_id=00d97bbd-beed-408f-8d08-e4064a1d4b66 func=job_orchestration.executor.query.spider_search_task.search_without_channel spawn_start=232152242 spawn_end=232152243 spawn_duration_ms=0
[2026-01-30 19:55:11.254] [info] [spider.worker] [TIMING] task_id=00d97bbd-beed-408f-8d08-e4064a1d4b66 func=job_orchestration.executor.query.spider_search_task.search_without_channel execution_start=232152243 execution_end=232153463 execution_duration_ms=1219
[2026-01-30 19:55:11.288] [info] [spider.worker] [TIMING] task_id=00d97bbd-beed-408f-8d08-e4064a1d4b66 func=job_orchestration.executor.query.spider_search_task.search_without_channel submit_output_start=232153475 submit_output_end=232153497 submit_output_duration_ms=21
[2026-01-30 19:55:11.307] [info] [spider.worker] [TIMING] task_id=dc47bf0c-918b-4bb3-98dd-7d39c50d101a func=job_orchestration.executor.query.spider_search_task.search_without_channel fetch_input_start=232153515 fetch_input_end=232153516 fetch_input_duration_ms=0
[2026-01-30 19:55:11.308] [info] [spider.worker] [TIMING] task_id=dc47bf0c-918b-4bb3-98dd-7d39c50d101a func=job_orchestration.executor.query.spider_search_task.search_without_channel input_send_start=232153516 input_send_end=232153516 input_send_duration_ms=0 bytes=626
[2026-01-30 19:55:11.308] [info] [spider.worker] [TIMING] task_id=dc47bf0c-918b-4bb3-98dd-7d39c50d101a func=job_orchestration.executor.query.spider_search_task.search_without_channel spawn_start=232153516 spawn_end=232153516 spawn_duration_ms=0
[2026-01-30 19:55:12.520] [info] [spider.worker] [TIMING] task_id=dc47bf0c-918b-4bb3-98dd-7d39c50d101a func=job_orchestration.executor.query.spider_search_task.search_without_channel execution_start=232153516 execution_end=232154728 execution_duration_ms=1212
[2026-01-30 19:55:12.539] [info] [spider.worker] [TIMING] task_id=dc47bf0c-918b-4bb3-98dd-7d39c50d101a func=job_orchestration.executor.query.spider_search_task.search_without_channel submit_output_start=232154730 submit_output_end=232154747 submit_output_duration_ms=16
[2026-01-30 19:55:12.557] [info] [spider.worker] [TIMING] task_id=07b93b5b-69d0-4773-a8d9-b0f6a8401859 func=job_orchestration.executor.query.spider_search_task.search_without_channel fetch_input_start=232154765 fetch_input_end=232154766 fetch_input_duration_ms=0
[2026-01-30 19:55:12.558] [info] [spider.worker] [TIMING] task_id=07b93b5b-69d0-4773-a8d9-b0f6a8401859 func=job_orchestration.executor.query.spider_search_task.search_without_channel input_send_start=232154766 input_send_end=232154766 input_send_duration_ms=0 bytes=626
[2026-01-30 19:55:12.558] [info] [spider.worker] [TIMING] task_id=07b93b5b-69d0-4773-a8d9-b0f6a8401859 func=job_orchestration.executor.query.spider_search_task.search_without_channel spawn_start=232154766 spawn_end=232154766 spawn_duration_ms=0
[2026-01-30 19:55:13.999] [info] [spider.worker] [TIMING] task_id=07b93b5b-69d0-4773-a8d9-b0f6a8401859 func=job_orchestration.executor.query.spider_search_task.search_without_channel execution_start=232154766 execution_end=232156207 execution_duration_ms=1440
[2026-01-30 19:55:14.049] [info] [spider.worker] [TIMING] task_id=07b93b5b-69d0-4773-a8d9-b0f6a8401859 func=job_orchestration.executor.query.spider_search_task.search_without_channel submit_output_start=232156209 submit_output_end=232156257 submit_output_duration_ms=47
[2026-01-30 19:55:14.075] [info] [spider.worker] [TIMING] task_id=a62e44cf-65f6-424f-8c1e-e735e1dfd0e3 func=job_orchestration.executor.query.spider_search_task.search_without_channel fetch_input_start=232156283 fetch_input_end=232156284 fetch_input_duration_ms=1
[2026-01-30 19:55:14.076] [info] [spider.worker] [TIMING] task_id=a62e44cf-65f6-424f-8c1e-e735e1dfd0e3 func=job_orchestration.executor.query.spider_search_task.search_without_channel input_send_start=232156284 input_send_end=232156284 input_send_duration_ms=0 bytes=626
[2026-01-30 19:55:14.076] [info] [spider.worker] [TIMING] task_id=a62e44cf-65f6-424f-8c1e-e735e1dfd0e3 func=job_orchestration.executor.query.spider_search_task.search_without_channel spawn_start=232156284 spawn_end=232156284 spawn_duration_ms=0
[2026-01-30 19:55:15.292] [info] [spider.worker] [TIMING] task_id=a62e44cf-65f6-424f-8c1e-e735e1dfd0e3 func=job_orchestration.executor.query.spider_search_task.search_without_channel execution_start=232156284 execution_end=232157500 execution_duration_ms=1215
[2026-01-30 19:55:15.331] [info] [spider.worker] [TIMING] task_id=a62e44cf-65f6-424f-8c1e-e735e1dfd0e3 func=job_orchestration.executor.query.spider_search_task.search_without_channel submit_output_start=232157502 submit_output_end=232157539 submit_output_duration_ms=37
[2026-01-30 19:55:15.376] [info] [spider.worker] [TIMING] task_id=44c4dfd6-95bc-494b-b166-ac034dcb31e6 func=job_orchestration.executor.query.spider_search_task.search_without_channel fetch_input_start=232157583 fetch_input_end=232157584 fetch_input_duration_ms=1
[2026-01-30 19:55:15.376] [info] [spider.worker] [TIMING] task_id=44c4dfd6-95bc-494b-b166-ac034dcb31e6 func=job_orchestration.executor.query.spider_search_task.search_without_channel input_send_start=232157585 input_send_end=232157585 input_send_duration_ms=0 bytes=626
[2026-01-30 19:55:15.376] [info] [spider.worker] [TIMING] task_id=44c4dfd6-95bc-494b-b166-ac034dcb31e6 func=job_orchestration.executor.query.spider_search_task.search_without_channel spawn_start=232157584 spawn_end=232157585 spawn_duration_ms=0
[2026-01-30 19:55:16.563] [info] [spider.worker] [TIMING] task_id=44c4dfd6-95bc-494b-b166-ac034dcb31e6 func=job_orchestration.executor.query.spider_search_task.search_without_channel execution_start=232157585 execution_end=232158771 execution_duration_ms=1186
[2026-01-30 19:55:16.581] [info] [spider.worker] [TIMING] task_id=44c4dfd6-95bc-494b-b166-ac034dcb31e6 func=job_orchestration.executor.query.spider_search_task.search_without_channel submit_output_start=232158773 submit_output_end=232158790 submit_output_duration_ms=16
[2026-01-30 19:55:16.601] [info] [spider.worker] [TIMING] task_id=0876d428-dd12-407f-8fd0-fb1d74c18a82 func=job_orchestration.executor.query.spider_search_task.search_without_channel fetch_input_start=232158808 fetch_input_end=232158809 fetch_input_duration_ms=0
[2026-01-30 19:55:16.601] [info] [spider.worker] [TIMING] task_id=0876d428-dd12-407f-8fd0-fb1d74c18a82 func=job_orchestration.executor.query.spider_search_task.search_without_channel input_send_start=232158810 input_send_end=232158810 input_send_duration_ms=0 bytes=626
[2026-01-30 19:55:16.601] [info] [spider.worker] [TIMING] task_id=0876d428-dd12-407f-8fd0-fb1d74c18a82 func=job_orchestration.executor.query.spider_search_task.search_without_channel spawn_start=232158809 spawn_end=232158810 spawn_duration_ms=0
[2026-01-30 19:55:17.803] [info] [spider.worker] [TIMING] task_id=0876d428-dd12-407f-8fd0-fb1d74c18a82 func=job_orchestration.executor.query.spider_search_task.search_without_channel execution_start=232158810 execution_end=232160011 execution_duration_ms=1201
[2026-01-30 19:55:17.815] [info] [spider.worker] [TIMING] task_id=0876d428-dd12-407f-8fd0-fb1d74c18a82 func=job_orchestration.executor.query.spider_search_task.search_without_channel submit_output_start=232160013 submit_output_end=232160023 submit_output_duration_ms=10
[2026-01-30 19:55:17.833] [info] [spider.worker] [TIMING] task_id=5d8600cb-5b0e-4304-9274-4eee5ca45a76 func=job_orchestration.executor.query.spider_search_task.search_without_channel fetch_input_start=232160041 fetch_input_end=232160042 fetch_input_duration_ms=0
[2026-01-30 19:55:17.834] [info] [spider.worker] [TIMING] task_id=5d8600cb-5b0e-4304-9274-4eee5ca45a76 func=job_orchestration.executor.query.spider_search_task.search_without_channel input_send_start=232160042 input_send_end=232160042 input_send_duration_ms=0 bytes=626
[2026-01-30 19:55:17.834] [info] [spider.worker] [TIMING] task_id=5d8600cb-5b0e-4304-9274-4eee5ca45a76 func=job_orchestration.executor.query.spider_search_task.search_without_channel spawn_start=232160042 spawn_end=232160042 spawn_duration_ms=0
[2026-01-30 19:55:19.014] [info] [spider.worker] [TIMING] task_id=5d8600cb-5b0e-4304-9274-4eee5ca45a76 func=job_orchestration.executor.query.spider_search_task.search_without_channel execution_start=232160042 execution_end=232161222 execution_duration_ms=1179
[2026-01-30 19:55:19.044] [info] [spider.worker] [TIMING] task_id=5d8600cb-5b0e-4304-9274-4eee5ca45a76 func=job_orchestration.executor.query.spider_search_task.search_without_channel submit_output_start=232161224 submit_output_end=232161252 submit_output_duration_ms=28
[2026-01-30 19:55:19.067] [info] [spider.worker] [TIMING] task_id=e9ded2b7-2382-42c4-b841-5e929f772c36 func=job_orchestration.executor.query.spider_search_task.search_without_channel fetch_input_start=232161275 fetch_input_end=232161276 fetch_input_duration_ms=0
[2026-01-30 19:55:19.068] [info] [spider.worker] [TIMING] task_id=e9ded2b7-2382-42c4-b841-5e929f772c36 func=job_orchestration.executor.query.spider_search_task.search_without_channel input_send_start=232161276 input_send_end=232161276 input_send_duration_ms=0 bytes=626
[2026-01-30 19:55:19.068] [info] [spider.worker] [TIMING] task_id=e9ded2b7-2382-42c4-b841-5e929f772c36 func=job_orchestration.executor.query.spider_search_task.search_without_channel spawn_start=232161276 spawn_end=232161276 spawn_duration_ms=0
[2026-01-30 19:55:20.344] [info] [spider.worker] [TIMING] task_id=e9ded2b7-2382-42c4-b841-5e929f772c36 func=job_orchestration.executor.query.spider_search_task.search_without_channel execution_start=232161277 execution_end=232162552 execution_duration_ms=1275
[2026-01-30 19:55:20.365] [info] [spider.worker] [TIMING] task_id=e9ded2b7-2382-42c4-b841-5e929f772c36 func=job_orchestration.executor.query.spider_search_task.search_without_channel submit_output_start=232162554 submit_output_end=232162573 submit_output_duration_ms=19
[2026-01-30 19:55:20.408] [info] [spider.worker] [TIMING] task_id=14d0c4fe-a1d0-48f1-be94-999ef6e984c5 func=job_orchestration.executor.query.spider_search_task.search_without_channel fetch_input_start=232162615 fetch_input_end=232162616 fetch_input_duration_ms=1
[2026-01-30 19:55:20.408] [info] [spider.worker] [TIMING] task_id=14d0c4fe-a1d0-48f1-be94-999ef6e984c5 func=job_orchestration.executor.query.spider_search_task.search_without_channel input_send_start=232162617 input_send_end=232162617 input_send_duration_ms=0 bytes=626
[2026-01-30 19:55:20.409] [info] [spider.worker] [TIMING] task_id=14d0c4fe-a1d0-48f1-be94-999ef6e984c5 func=job_orchestration.executor.query.spider_search_task.search_without_channel spawn_start=232162616 spawn_end=232162617 spawn_duration_ms=0
[2026-01-30 19:55:21.656] [info] [spider.worker] [TIMING] task_id=14d0c4fe-a1d0-48f1-be94-999ef6e984c5 func=job_orchestration.executor.query.spider_search_task.search_without_channel execution_start=232162617 execution_end=232163865 execution_duration_ms=1247
[2026-01-30 19:55:21.674] [info] [spider.worker] [TIMING] task_id=14d0c4fe-a1d0-48f1-be94-999ef6e984c5 func=job_orchestration.executor.query.spider_search_task.search_without_channel submit_output_start=232163867 submit_output_end=232163882 submit_output_duration_ms=15
[2026-01-30 19:55:21.710] [info] [spider.worker] [TIMING] task_id=ba32492b-00f0-4018-9f68-cc9b72fe3171 func=job_orchestration.executor.query.spider_search_task.search_without_channel fetch_input_start=232163918 fetch_input_end=232163919 fetch_input_duration_ms=1
[2026-01-30 19:55:21.711] [info] [spider.worker] [TIMING] task_id=ba32492b-00f0-4018-9f68-cc9b72fe3171 func=job_orchestration.executor.query.spider_search_task.search_without_channel input_send_start=232163919 input_send_end=232163919 input_send_duration_ms=0 bytes=626
[2026-01-30 19:55:21.711] [info] [spider.worker] [TIMING] task_id=ba32492b-00f0-4018-9f68-cc9b72fe3171 func=job_orchestration.executor.query.spider_search_task.search_without_channel spawn_start=232163919 spawn_end=232163919 spawn_duration_ms=0
[2026-01-30 19:55:22.911] [info] [spider.worker] [TIMING] task_id=ba32492b-00f0-4018-9f68-cc9b72fe3171 func=job_orchestration.executor.query.spider_search_task.search_without_channel execution_start=232163920 execution_end=232165120 execution_duration_ms=1200
[2026-01-30 19:55:22.960] [info] [spider.worker] [TIMING] task_id=ba32492b-00f0-4018-9f68-cc9b72fe3171 func=job_orchestration.executor.query.spider_search_task.search_without_channel submit_output_start=232165128 submit_output_end=232165169 submit_output_duration_ms=40
[2026-01-30 19:55:23.005] [info] [spider.worker] [TIMING] task_id=e692c0dc-dd21-4a26-a068-339bd6ff5736 func=job_orchestration.executor.query.spider_search_task.search_without_channel fetch_input_start=232165212 fetch_input_end=232165213 fetch_input_duration_ms=0
[2026-01-30 19:55:23.005] [info] [spider.worker] [TIMING] task_id=e692c0dc-dd21-4a26-a068-339bd6ff5736 func=job_orchestration.executor.query.spider_search_task.search_without_channel input_send_start=232165214 input_send_end=232165214 input_send_duration_ms=0 bytes=626
[2026-01-30 19:55:23.005] [info] [spider.worker] [TIMING] task_id=e692c0dc-dd21-4a26-a068-339bd6ff5736 func=job_orchestration.executor.query.spider_search_task.search_without_channel spawn_start=232165213 spawn_end=232165214 spawn_duration_ms=0
[2026-01-30 19:55:24.334] [info] [spider.worker] [TIMING] task_id=e692c0dc-dd21-4a26-a068-339bd6ff5736 func=job_orchestration.executor.query.spider_search_task.search_without_channel execution_start=232165214 execution_end=232166542 execution_duration_ms=1328
[2026-01-30 19:55:24.380] [info] [spider.worker] [TIMING] task_id=e692c0dc-dd21-4a26-a068-339bd6ff5736 func=job_orchestration.executor.query.spider_search_task.search_without_channel submit_output_start=232166547 submit_output_end=232166589 submit_output_duration_ms=41
[2026-01-30 19:55:24.424] [info] [spider.worker] [TIMING] task_id=5fbdfa79-8595-42fa-81d2-a4c6bb0734dd func=job_orchestration.executor.query.spider_search_task.search_without_channel fetch_input_start=232166632 fetch_input_end=232166633 fetch_input_duration_ms=0
[2026-01-30 19:55:24.425] [info] [spider.worker] [TIMING] task_id=5fbdfa79-8595-42fa-81d2-a4c6bb0734dd func=job_orchestration.executor.query.spider_search_task.search_without_channel input_send_start=232166633 input_send_end=232166633 input_send_duration_ms=0 bytes=626
[2026-01-30 19:55:24.425] [info] [spider.worker] [TIMING] task_id=5fbdfa79-8595-42fa-81d2-a4c6bb0734dd func=job_orchestration.executor.query.spider_search_task.search_without_channel spawn_start=232166633 spawn_end=232166633 spawn_duration_ms=0
[2026-01-30 19:55:25.603] [info] [spider.worker] [TIMING] task_id=5fbdfa79-8595-42fa-81d2-a4c6bb0734dd func=job_orchestration.executor.query.spider_search_task.search_without_channel execution_start=232166634 execution_end=232167811 execution_duration_ms=1177
[2026-01-30 19:55:25.674] [info] [spider.worker] [TIMING] task_id=5fbdfa79-8595-42fa-81d2-a4c6bb0734dd func=job_orchestration.executor.query.spider_search_task.search_without_channel submit_output_start=232167812 submit_output_end=232167883 submit_output_duration_ms=70
[2026-01-30 19:55:25.711] [info] [spider.worker] [TIMING] task_id=861ad27e-91e1-4d79-ac88-aaf442cef6d9 func=job_orchestration.executor.query.spider_search_task.search_without_channel fetch_input_start=232167918 fetch_input_end=232167919 fetch_input_duration_ms=0
[2026-01-30 19:55:25.711] [info] [spider.worker] [TIMING] task_id=861ad27e-91e1-4d79-ac88-aaf442cef6d9 func=job_orchestration.executor.query.spider_search_task.search_without_channel input_send_start=232167919 input_send_end=232167919 input_send_duration_ms=0 bytes=626
[2026-01-30 19:55:25.711] [info] [spider.worker] [TIMING] task_id=861ad27e-91e1-4d79-ac88-aaf442cef6d9 func=job_orchestration.executor.query.spider_search_task.search_without_channel spawn_start=232167919 spawn_end=232167919 spawn_duration_ms=0
[2026-01-30 19:55:26.969] [info] [spider.worker] [TIMING] task_id=861ad27e-91e1-4d79-ac88-aaf442cef6d9 func=job_orchestration.executor.query.spider_search_task.search_without_channel execution_start=232167920 execution_end=232169177 execution_duration_ms=1257
[2026-01-30 19:55:27.058] [info] [spider.worker] [TIMING] task_id=861ad27e-91e1-4d79-ac88-aaf442cef6d9 func=job_orchestration.executor.query.spider_search_task.search_without_channel submit_output_start=232169179 submit_output_end=232169267 submit_output_duration_ms=87
[2026-01-30 19:55:27.103] [info] [spider.worker] [TIMING] task_id=8f03bf6a-3f50-4b58-999f-093ee0a40d09 func=job_orchestration.executor.query.spider_search_task.search_without_channel fetch_input_start=232169310 fetch_input_end=232169311 fetch_input_duration_ms=0
[2026-01-30 19:55:27.103] [info] [spider.worker] [TIMING] task_id=8f03bf6a-3f50-4b58-999f-093ee0a40d09 func=job_orchestration.executor.query.spider_search_task.search_without_channel input_send_start=232169311 input_send_end=232169312 input_send_duration_ms=0 bytes=626
[2026-01-30 19:55:27.103] [info] [spider.worker] [TIMING] task_id=8f03bf6a-3f50-4b58-999f-093ee0a40d09 func=job_orchestration.executor.query.spider_search_task.search_without_channel spawn_start=232169311 spawn_end=232169312 spawn_duration_ms=0
[2026-01-30 19:55:28.277] [info] [spider.worker] [TIMING] task_id=8f03bf6a-3f50-4b58-999f-093ee0a40d09 func=job_orchestration.executor.query.spider_search_task.search_without_channel execution_start=232169312 execution_end=232170485 execution_duration_ms=1173
[2026-01-30 19:55:28.317] [info] [spider.worker] [TIMING] task_id=8f03bf6a-3f50-4b58-999f-093ee0a40d09 func=job_orchestration.executor.query.spider_search_task.search_without_channel submit_output_start=232170487 submit_output_end=232170526 submit_output_duration_ms=38
[2026-01-30 19:55:28.358] [info] [spider.worker] [TIMING] task_id=140d590c-03d9-47ed-9617-16db64b251e6 func=job_orchestration.executor.query.spider_search_task.search_without_channel fetch_input_start=232170565 fetch_input_end=232170566 fetch_input_duration_ms=0
[2026-01-30 19:55:28.358] [info] [spider.worker] [TIMING] task_id=140d590c-03d9-47ed-9617-16db64b251e6 func=job_orchestration.executor.query.spider_search_task.search_without_channel input_send_start=232170566 input_send_end=232170566 input_send_duration_ms=0 bytes=626
[2026-01-30 19:55:28.358] [info] [spider.worker] [TIMING] task_id=140d590c-03d9-47ed-9617-16db64b251e6 func=job_orchestration.executor.query.spider_search_task.search_without_channel spawn_start=232170566 spawn_end=232170566 spawn_duration_ms=0
[2026-01-30 19:55:29.607] [info] [spider.worker] [TIMING] task_id=140d590c-03d9-47ed-9617-16db64b251e6 func=job_orchestration.executor.query.spider_search_task.search_without_channel execution_start=232170567 execution_end=232171815 execution_duration_ms=1248
[2026-01-30 19:55:29.649] [info] [spider.worker] [TIMING] task_id=140d590c-03d9-47ed-9617-16db64b251e6 func=job_orchestration.executor.query.spider_search_task.search_without_channel submit_output_start=232171817 submit_output_end=232171858 submit_output_duration_ms=40
[2026-01-30 19:55:29.694] [info] [spider.worker] [TIMING] task_id=84f745d4-2d5d-4b84-bb80-868041ff1eae func=job_orchestration.executor.query.spider_search_task.search_without_channel fetch_input_start=232171901 fetch_input_end=232171902 fetch_input_duration_ms=1
[2026-01-30 19:55:29.694] [info] [spider.worker] [TIMING] task_id=84f745d4-2d5d-4b84-bb80-868041ff1eae func=job_orchestration.executor.query.spider_search_task.search_without_channel input_send_start=232171903 input_send_end=232171903 input_send_duration_ms=0 bytes=626
[2026-01-30 19:55:29.694] [info] [spider.worker] [TIMING] task_id=84f745d4-2d5d-4b84-bb80-868041ff1eae func=job_orchestration.executor.query.spider_search_task.search_without_channel spawn_start=232171902 spawn_end=232171903 spawn_duration_ms=0
[2026-01-30 19:55:30.828] [info] [spider.worker] [TIMING] task_id=84f745d4-2d5d-4b84-bb80-868041ff1eae func=job_orchestration.executor.query.spider_search_task.search_without_channel execution_start=232171903 execution_end=232173037 execution_duration_ms=1133
[2026-01-30 19:55:30.834] [info] [spider.worker] [TIMING] task_id=84f745d4-2d5d-4b84-bb80-868041ff1eae func=job_orchestration.executor.query.spider_search_task.search_without_channel submit_output_start=232173038 submit_output_end=232173042 submit_output_duration_ms=4
[2026-01-30 19:55:30.871] [info] [spider.worker] [TIMING] task_id=95f5a5eb-695d-4885-a5a8-c0bb255da498 func=job_orchestration.executor.query.spider_search_task.search_without_channel fetch_input_start=232173078 fetch_input_end=232173079 fetch_input_duration_ms=0
[2026-01-30 19:55:30.871] [info] [spider.worker] [TIMING] task_id=95f5a5eb-695d-4885-a5a8-c0bb255da498 func=job_orchestration.executor.query.spider_search_task.search_without_channel input_send_start=232173080 input_send_end=232173080 input_send_duration_ms=0 bytes=626
[2026-01-30 19:55:30.871] [info] [spider.worker] [TIMING] task_id=95f5a5eb-695d-4885-a5a8-c0bb255da498 func=job_orchestration.executor.query.spider_search_task.search_without_channel spawn_start=232173079 spawn_end=232173080 spawn_duration_ms=0
[2026-01-30 19:55:32.021] [info] [spider.worker] [TIMING] task_id=95f5a5eb-695d-4885-a5a8-c0bb255da498 func=job_orchestration.executor.query.spider_search_task.search_without_channel execution_start=232173080 execution_end=232174230 execution_duration_ms=1149
[2026-01-30 19:55:32.062] [info] [spider.worker] [TIMING] task_id=95f5a5eb-695d-4885-a5a8-c0bb255da498 func=job_orchestration.executor.query.spider_search_task.search_without_channel submit_output_start=232174231 submit_output_end=232174271 submit_output_duration_ms=39
[2026-01-30 19:55:32.079] [info] [spider.worker] [TIMING] task_id=1439cf20-639c-421f-bc7a-a5a6ebe668b4 func=job_orchestration.executor.query.spider_search_task.search_without_channel fetch_input_start=232174286 fetch_input_end=232174288 fetch_input_duration_ms=1
[2026-01-30 19:55:32.080] [info] [spider.worker] [TIMING] task_id=1439cf20-639c-421f-bc7a-a5a6ebe668b4 func=job_orchestration.executor.query.spider_search_task.search_without_channel input_send_start=232174288 input_send_end=232174288 input_send_duration_ms=0 bytes=626
[2026-01-30 19:55:32.080] [info] [spider.worker] [TIMING] task_id=1439cf20-639c-421f-bc7a-a5a6ebe668b4 func=job_orchestration.executor.query.spider_search_task.search_without_channel spawn_start=232174288 spawn_end=232174288 spawn_duration_ms=0
[2026-01-30 19:55:33.408] [info] [spider.worker] [TIMING] task_id=1439cf20-639c-421f-bc7a-a5a6ebe668b4 func=job_orchestration.executor.query.spider_search_task.search_without_channel execution_start=232174288 execution_end=232175616 execution_duration_ms=1327
[2026-01-30 19:55:33.418] [info] [spider.worker] [TIMING] task_id=1439cf20-639c-421f-bc7a-a5a6ebe668b4 func=job_orchestration.executor.query.spider_search_task.search_without_channel submit_output_start=232175618 submit_output_end=232175626 submit_output_duration_ms=8
[2026-01-30 19:55:33.429] [info] [spider.worker] [TIMING] task_id=55a3991e-0fec-47e9-a080-0da032d96cd0 func=job_orchestration.executor.query.spider_search_task.search_without_channel fetch_input_start=232175636 fetch_input_end=232175637 fetch_input_duration_ms=1
[2026-01-30 19:55:33.430] [info] [spider.worker] [TIMING] task_id=55a3991e-0fec-47e9-a080-0da032d96cd0 func=job_orchestration.executor.query.spider_search_task.search_without_channel input_send_start=232175638 input_send_end=232175638 input_send_duration_ms=0 bytes=626
[2026-01-30 19:55:33.430] [info] [spider.worker] [TIMING] task_id=55a3991e-0fec-47e9-a080-0da032d96cd0 func=job_orchestration.executor.query.spider_search_task.search_without_channel spawn_start=232175638 spawn_end=232175638 spawn_duration_ms=0
[2026-01-30 19:55:34.695] [info] [spider.worker] [TIMING] task_id=55a3991e-0fec-47e9-a080-0da032d96cd0 func=job_orchestration.executor.query.spider_search_task.search_without_channel execution_start=232175638 execution_end=232176903 execution_duration_ms=1264
[2026-01-30 19:55:34.710] [info] [spider.worker] [TIMING] task_id=55a3991e-0fec-47e9-a080-0da032d96cd0 func=job_orchestration.executor.query.spider_search_task.search_without_channel submit_output_start=232176905 submit_output_end=232176918 submit_output_duration_ms=12
[2026-01-30 19:55:34.730] [info] [spider.worker] [TIMING] task_id=5e940bfd-8b5f-45d4-af81-b2ed5d9d75ce func=job_orchestration.executor.query.spider_search_task.search_without_channel fetch_input_start=232176937 fetch_input_end=232176938 fetch_input_duration_ms=1
[2026-01-30 19:55:34.730] [info] [spider.worker] [TIMING] task_id=5e940bfd-8b5f-45d4-af81-b2ed5d9d75ce func=job_orchestration.executor.query.spider_search_task.search_without_channel input_send_start=232176939 input_send_end=232176939 input_send_duration_ms=0 bytes=626
[2026-01-30 19:55:34.730] [info] [spider.worker] [TIMING] task_id=5e940bfd-8b5f-45d4-af81-b2ed5d9d75ce func=job_orchestration.executor.query.spider_search_task.search_without_channel spawn_start=232176938 spawn_end=232176939 spawn_duration_ms=0
[2026-01-30 19:55:35.973] [info] [spider.worker] [TIMING] task_id=5e940bfd-8b5f-45d4-af81-b2ed5d9d75ce func=job_orchestration.executor.query.spider_search_task.search_without_channel execution_start=232176939 execution_end=232178181 execution_duration_ms=1242
[2026-01-30 19:55:35.985] [info] [spider.worker] [TIMING] task_id=5e940bfd-8b5f-45d4-af81-b2ed5d9d75ce func=job_orchestration.executor.query.spider_search_task.search_without_channel submit_output_start=232178183 submit_output_end=232178194 submit_output_duration_ms=10
[2026-01-30 19:55:36.030] [info] [spider.worker] [TIMING] task_id=fb6f122a-bd96-4718-8be5-7581f92b4459 func=job_orchestration.executor.query.spider_search_task.search_without_channel fetch_input_start=232178237 fetch_input_end=232178238 fetch_input_duration_ms=1
[2026-01-30 19:55:36.030] [info] [spider.worker] [TIMING] task_id=fb6f122a-bd96-4718-8be5-7581f92b4459 func=job_orchestration.executor.query.spider_search_task.search_without_channel input_send_start=232178239 input_send_end=232178239 input_send_duration_ms=0 bytes=626
[2026-01-30 19:55:36.030] [info] [spider.worker] [TIMING] task_id=fb6f122a-bd96-4718-8be5-7581f92b4459 func=job_orchestration.executor.query.spider_search_task.search_without_channel spawn_start=232178238 spawn_end=232178239 spawn_duration_ms=0
[2026-01-30 19:55:37.172] [info] [spider.worker] [TIMING] task_id=fb6f122a-bd96-4718-8be5-7581f92b4459 func=job_orchestration.executor.query.spider_search_task.search_without_channel execution_start=232178239 execution_end=232179380 execution_duration_ms=1141
[2026-01-30 19:55:37.185] [info] [spider.worker] [TIMING] task_id=fb6f122a-bd96-4718-8be5-7581f92b4459 func=job_orchestration.executor.query.spider_search_task.search_without_channel submit_output_start=232179382 submit_output_end=232179394 submit_output_duration_ms=11
[2026-01-30 19:55:37.218] [info] [spider.worker] [TIMING] task_id=04114e98-286e-4a2f-ae60-1a4a0f59c229 func=job_orchestration.executor.query.spider_search_task.search_without_channel fetch_input_start=232179425 fetch_input_end=232179426 fetch_input_duration_ms=0
[2026-01-30 19:55:37.218] [info] [spider.worker] [TIMING] task_id=04114e98-286e-4a2f-ae60-1a4a0f59c229 func=job_orchestration.executor.query.spider_search_task.search_without_channel input_send_start=232179426 input_send_end=232179426 input_send_duration_ms=0 bytes=626
[2026-01-30 19:55:37.218] [info] [spider.worker] [TIMING] task_id=04114e98-286e-4a2f-ae60-1a4a0f59c229 func=job_orchestration.executor.query.spider_search_task.search_without_channel spawn_start=232179426 spawn_end=232179426 spawn_duration_ms=0
[2026-01-30 19:55:38.619] [info] [spider.worker] [TIMING] task_id=04114e98-286e-4a2f-ae60-1a4a0f59c229 func=job_orchestration.executor.query.spider_search_task.search_without_channel execution_start=232179427 execution_end=232180827 execution_duration_ms=1400
[2026-01-30 19:55:38.644] [info] [spider.worker] [TIMING] task_id=04114e98-286e-4a2f-ae60-1a4a0f59c229 func=job_orchestration.executor.query.spider_search_task.search_without_channel submit_output_start=232180837 submit_output_end=232180852 submit_output_duration_ms=15
[2026-01-30 19:55:38.664] [info] [spider.worker] [TIMING] task_id=05925b13-6935-4a2b-acaf-2008b38d7a20 func=job_orchestration.executor.query.spider_search_task.search_without_channel fetch_input_start=232180871 fetch_input_end=232180872 fetch_input_duration_ms=1
[2026-01-30 19:55:38.664] [info] [spider.worker] [TIMING] task_id=05925b13-6935-4a2b-acaf-2008b38d7a20 func=job_orchestration.executor.query.spider_search_task.search_without_channel input_send_start=232180873 input_send_end=232180873 input_send_duration_ms=0 bytes=626
[2026-01-30 19:55:38.664] [info] [spider.worker] [TIMING] task_id=05925b13-6935-4a2b-acaf-2008b38d7a20 func=job_orchestration.executor.query.spider_search_task.search_without_channel spawn_start=232180872 spawn_end=232180873 spawn_duration_ms=0
[2026-01-30 19:55:40.122] [info] [spider.worker] [TIMING] task_id=05925b13-6935-4a2b-acaf-2008b38d7a20 func=job_orchestration.executor.query.spider_search_task.search_without_channel execution_start=232180873 execution_end=232182331 execution_duration_ms=1457
[2026-01-30 19:55:40.136] [info] [spider.worker] [TIMING] task_id=05925b13-6935-4a2b-acaf-2008b38d7a20 func=job_orchestration.executor.query.spider_search_task.search_without_channel submit_output_start=232182333 submit_output_end=232182344 submit_output_duration_ms=11
[2026-01-30 19:55:40.147] [info] [spider.worker] [TIMING] task_id=620c05a5-2161-487c-b930-9444e986107f func=job_orchestration.executor.query.spider_search_task.search_without_channel fetch_input_start=232182354 fetch_input_end=232182355 fetch_input_duration_ms=1
[2026-01-30 19:55:40.148] [info] [spider.worker] [TIMING] task_id=620c05a5-2161-487c-b930-9444e986107f func=job_orchestration.executor.query.spider_search_task.search_without_channel input_send_start=232182356 input_send_end=232182356 input_send_duration_ms=0 bytes=626
[2026-01-30 19:55:40.148] [info] [spider.worker] [TIMING] task_id=620c05a5-2161-487c-b930-9444e986107f func=job_orchestration.executor.query.spider_search_task.search_without_channel spawn_start=232182356 spawn_end=232182356 spawn_duration_ms=0
[2026-01-30 19:55:41.300] [info] [spider.worker] [TIMING] task_id=620c05a5-2161-487c-b930-9444e986107f func=job_orchestration.executor.query.spider_search_task.search_without_channel execution_start=232182356 execution_end=232183508 execution_duration_ms=1151
[2026-01-30 19:55:41.334] [info] [spider.worker] [TIMING] task_id=620c05a5-2161-487c-b930-9444e986107f func=job_orchestration.executor.query.spider_search_task.search_without_channel submit_output_start=232183509 submit_output_end=232183542 submit_output_duration_ms=33
[2026-01-30 19:55:41.355] [info] [spider.worker] [TIMING] task_id=f2a162e0-1237-4b4f-8d43-bf4bed7ed477 func=job_orchestration.executor.query.spider_search_task.search_without_channel fetch_input_start=232183562 fetch_input_end=232183563 fetch_input_duration_ms=0
[2026-01-30 19:55:41.356] [info] [spider.worker] [TIMING] task_id=f2a162e0-1237-4b4f-8d43-bf4bed7ed477 func=job_orchestration.executor.query.spider_search_task.search_without_channel input_send_start=232183564 input_send_end=232183564 input_send_duration_ms=0 bytes=626
[2026-01-30 19:55:41.356] [info] [spider.worker] [TIMING] task_id=f2a162e0-1237-4b4f-8d43-bf4bed7ed477 func=job_orchestration.executor.query.spider_search_task.search_without_channel spawn_start=232183563 spawn_end=232183564 spawn_duration_ms=0
[2026-01-30 19:55:42.555] [info] [spider.worker] [TIMING] task_id=f2a162e0-1237-4b4f-8d43-bf4bed7ed477 func=job_orchestration.executor.query.spider_search_task.search_without_channel execution_start=232183564 execution_end=232184763 execution_duration_ms=1199
[2026-01-30 19:55:42.579] [info] [spider.worker] [TIMING] task_id=f2a162e0-1237-4b4f-8d43-bf4bed7ed477 func=job_orchestration.executor.query.spider_search_task.search_without_channel submit_output_start=232184765 submit_output_end=232184787 submit_output_duration_ms=22
[2026-01-30 19:55:42.598] [info] [spider.worker] [TIMING] task_id=bed21cdc-34c8-448a-8809-7315e4599066 func=job_orchestration.executor.query.spider_search_task.search_without_channel fetch_input_start=232184805 fetch_input_end=232184806 fetch_input_duration_ms=0
[2026-01-30 19:55:42.598] [info] [spider.worker] [TIMING] task_id=bed21cdc-34c8-448a-8809-7315e4599066 func=job_orchestration.executor.query.spider_search_task.search_without_channel input_send_start=232184806 input_send_end=232184806 input_send_duration_ms=0 bytes=626
[2026-01-30 19:55:42.598] [info] [spider.worker] [TIMING] task_id=bed21cdc-34c8-448a-8809-7315e4599066 func=job_orchestration.executor.query.spider_search_task.search_without_channel spawn_start=232184806 spawn_end=232184806 spawn_duration_ms=0
[2026-01-30 19:55:43.808] [info] [spider.worker] [TIMING] task_id=bed21cdc-34c8-448a-8809-7315e4599066 func=job_orchestration.executor.query.spider_search_task.search_without_channel execution_start=232184807 execution_end=232186017 execution_duration_ms=1209
[2026-01-30 19:55:43.840] [info] [spider.worker] [TIMING] task_id=bed21cdc-34c8-448a-8809-7315e4599066 func=job_orchestration.executor.query.spider_search_task.search_without_channel submit_output_start=232186019 submit_output_end=232186048 submit_output_duration_ms=29
[2026-01-30 19:55:43.865] [info] [spider.worker] [TIMING] task_id=300e526e-3ec0-4ad8-8ebc-ed5945bd510e func=job_orchestration.executor.query.spider_search_task.search_without_channel fetch_input_start=232186072 fetch_input_end=232186073 fetch_input_duration_ms=1
[2026-01-30 19:55:43.865] [info] [spider.worker] [TIMING] task_id=300e526e-3ec0-4ad8-8ebc-ed5945bd510e func=job_orchestration.executor.query.spider_search_task.search_without_channel input_send_start=232186073 input_send_end=232186073 input_send_duration_ms=0 bytes=626
[2026-01-30 19:55:43.865] [info] [spider.worker] [TIMING] task_id=300e526e-3ec0-4ad8-8ebc-ed5945bd510e func=job_orchestration.executor.query.spider_search_task.search_without_channel spawn_start=232186073 spawn_end=232186074 spawn_duration_ms=0
[2026-01-30 19:55:45.299] [info] [spider.worker] [TIMING] task_id=300e526e-3ec0-4ad8-8ebc-ed5945bd510e func=job_orchestration.executor.query.spider_search_task.search_without_channel execution_start=232186074 execution_end=232187508 execution_duration_ms=1433
[2026-01-30 19:55:45.335] [info] [spider.worker] [TIMING] task_id=300e526e-3ec0-4ad8-8ebc-ed5945bd510e func=job_orchestration.executor.query.spider_search_task.search_without_channel submit_output_start=232187510 submit_output_end=232187543 submit_output_duration_ms=33
[2026-01-30 19:55:45.379] [info] [spider.worker] [TIMING] task_id=bcdd4362-4024-41a9-b062-40202185cf12 func=job_orchestration.executor.query.spider_search_task.search_without_channel fetch_input_start=232187586 fetch_input_end=232187587 fetch_input_duration_ms=0
[2026-01-30 19:55:45.379] [info] [spider.worker] [TIMING] task_id=bcdd4362-4024-41a9-b062-40202185cf12 func=job_orchestration.executor.query.spider_search_task.search_without_channel input_send_start=232187588 input_send_end=232187588 input_send_duration_ms=0 bytes=626
[2026-01-30 19:55:45.379] [info] [spider.worker] [TIMING] task_id=bcdd4362-4024-41a9-b062-40202185cf12 func=job_orchestration.executor.query.spider_search_task.search_without_channel spawn_start=232187587 spawn_end=232187588 spawn_duration_ms=0
[2026-01-30 19:55:46.674] [info] [spider.worker] [TIMING] task_id=bcdd4362-4024-41a9-b062-40202185cf12 func=job_orchestration.executor.query.spider_search_task.search_without_channel execution_start=232187588 execution_end=232188882 execution_duration_ms=1294
[2026-01-30 19:55:46.687] [info] [spider.worker] [TIMING] task_id=bcdd4362-4024-41a9-b062-40202185cf12 func=job_orchestration.executor.query.spider_search_task.search_without_channel submit_output_start=232188884 submit_output_end=232188895 submit_output_duration_ms=11
[2026-01-30 19:55:46.707] [info] [spider.worker] [TIMING] task_id=2fbedaec-8099-4471-b327-fd29d6f53612 func=job_orchestration.executor.query.spider_search_task.search_without_channel fetch_input_start=232188914 fetch_input_end=232188915 fetch_input_duration_ms=1
[2026-01-30 19:55:46.708] [info] [spider.worker] [TIMING] task_id=2fbedaec-8099-4471-b327-fd29d6f53612 func=job_orchestration.executor.query.spider_search_task.search_without_channel input_send_start=232188916 input_send_end=232188916 input_send_duration_ms=0 bytes=626
[2026-01-30 19:55:46.708] [info] [spider.worker] [TIMING] task_id=2fbedaec-8099-4471-b327-fd29d6f53612 func=job_orchestration.executor.query.spider_search_task.search_without_channel spawn_start=232188915 spawn_end=232188916 spawn_duration_ms=0
[2026-01-30 19:55:47.924] [info] [spider.worker] [TIMING] task_id=2fbedaec-8099-4471-b327-fd29d6f53612 func=job_orchestration.executor.query.spider_search_task.search_without_channel execution_start=232188916 execution_end=232190132 execution_duration_ms=1216
[2026-01-30 19:55:47.937] [info] [spider.worker] [TIMING] task_id=2fbedaec-8099-4471-b327-fd29d6f53612 func=job_orchestration.executor.query.spider_search_task.search_without_channel submit_output_start=232190134 submit_output_end=232190146 submit_output_duration_ms=11
[2026-01-30 19:55:47.979] [info] [spider.worker] [TIMING] task_id=74891617-8aca-48f3-b5e4-2dc605ef5d4a func=job_orchestration.executor.query.spider_search_task.search_without_channel fetch_input_start=232190186 fetch_input_end=232190187 fetch_input_duration_ms=1
[2026-01-30 19:55:47.979] [info] [spider.worker] [TIMING] task_id=74891617-8aca-48f3-b5e4-2dc605ef5d4a func=job_orchestration.executor.query.spider_search_task.search_without_channel input_send_start=232190187 input_send_end=232190187 input_send_duration_ms=0 bytes=626
[2026-01-30 19:55:47.979] [info] [spider.worker] [TIMING] task_id=74891617-8aca-48f3-b5e4-2dc605ef5d4a func=job_orchestration.executor.query.spider_search_task.search_without_channel spawn_start=232190187 spawn_end=232190187 spawn_duration_ms=0
[2026-01-30 19:55:49.168] [info] [spider.worker] [TIMING] task_id=74891617-8aca-48f3-b5e4-2dc605ef5d4a func=job_orchestration.executor.query.spider_search_task.search_without_channel execution_start=232190188 execution_end=232191377 execution_duration_ms=1189
[2026-01-30 19:55:49.212] [info] [spider.worker] [TIMING] task_id=74891617-8aca-48f3-b5e4-2dc605ef5d4a func=job_orchestration.executor.query.spider_search_task.search_without_channel submit_output_start=232191378 submit_output_end=232191420 submit_output_duration_ms=41
[2026-01-30 19:55:49.233] [info] [spider.worker] [TIMING] task_id=25c24a92-3521-4a43-9a46-9b6ad234ff5d func=job_orchestration.executor.query.spider_search_task.search_without_channel fetch_input_start=232191440 fetch_input_end=232191441 fetch_input_duration_ms=1
[2026-01-30 19:55:49.233] [info] [spider.worker] [TIMING] task_id=25c24a92-3521-4a43-9a46-9b6ad234ff5d func=job_orchestration.executor.query.spider_search_task.search_without_channel input_send_start=232191442 input_send_end=232191442 input_send_duration_ms=0 bytes=626
[2026-01-30 19:55:49.233] [info] [spider.worker] [TIMING] task_id=25c24a92-3521-4a43-9a46-9b6ad234ff5d func=job_orchestration.executor.query.spider_search_task.search_without_channel spawn_start=232191441 spawn_end=232191442 spawn_duration_ms=0
[2026-01-30 19:55:50.365] [info] [spider.worker] [TIMING] task_id=25c24a92-3521-4a43-9a46-9b6ad234ff5d func=job_orchestration.executor.query.spider_search_task.search_without_channel execution_start=232191442 execution_end=232192574 execution_duration_ms=1131
[2026-01-30 19:55:50.380] [info] [spider.worker] [TIMING] task_id=25c24a92-3521-4a43-9a46-9b6ad234ff5d func=job_orchestration.executor.query.spider_search_task.search_without_channel submit_output_start=232192576 submit_output_end=232192588 submit_output_duration_ms=12
[2026-01-30 19:55:50.391] [info] [spider.worker] [TIMING] task_id=e275ae04-f0b5-4129-a9b1-8c8063a7a922 func=job_orchestration.executor.query.spider_search_task.search_without_channel fetch_input_start=232192598 fetch_input_end=232192599 fetch_input_duration_ms=1
[2026-01-30 19:55:50.392] [info] [spider.worker] [TIMING] task_id=e275ae04-f0b5-4129-a9b1-8c8063a7a922 func=job_orchestration.executor.query.spider_search_task.search_without_channel input_send_start=232192600 input_send_end=232192600 input_send_duration_ms=0 bytes=626
[2026-01-30 19:55:50.392] [info] [spider.worker] [TIMING] task_id=e275ae04-f0b5-4129-a9b1-8c8063a7a922 func=job_orchestration.executor.query.spider_search_task.search_without_channel spawn_start=232192600 spawn_end=232192600 spawn_duration_ms=0
[2026-01-30 19:55:51.564] [info] [spider.worker] [TIMING] task_id=e275ae04-f0b5-4129-a9b1-8c8063a7a922 func=job_orchestration.executor.query.spider_search_task.search_without_channel execution_start=232192600 execution_end=232193772 execution_duration_ms=1171
[2026-01-30 19:55:51.571] [info] [spider.worker] [TIMING] task_id=e275ae04-f0b5-4129-a9b1-8c8063a7a922 func=job_orchestration.executor.query.spider_search_task.search_without_channel submit_output_start=232193774 submit_output_end=232193780 submit_output_duration_ms=6
[2026-01-30 19:55:51.591] [info] [spider.worker] [TIMING] task_id=aee519c3-024d-42ef-b2e8-d2e1e94c4f3f func=job_orchestration.executor.query.spider_search_task.search_without_channel fetch_input_start=232193798 fetch_input_end=232193799 fetch_input_duration_ms=0
[2026-01-30 19:55:51.591] [info] [spider.worker] [TIMING] task_id=aee519c3-024d-42ef-b2e8-d2e1e94c4f3f func=job_orchestration.executor.query.spider_search_task.search_without_channel input_send_start=232193800 input_send_end=232193800 input_send_duration_ms=0 bytes=626
[2026-01-30 19:55:51.591] [info] [spider.worker] [TIMING] task_id=aee519c3-024d-42ef-b2e8-d2e1e94c4f3f func=job_orchestration.executor.query.spider_search_task.search_without_channel spawn_start=232193799 spawn_end=232193800 spawn_duration_ms=0
[2026-01-30 19:55:52.853] [info] [spider.worker] [TIMING] task_id=aee519c3-024d-42ef-b2e8-d2e1e94c4f3f func=job_orchestration.executor.query.spider_search_task.search_without_channel execution_start=232193800 execution_end=232195062 execution_duration_ms=1261
[2026-01-30 19:55:52.880] [info] [spider.worker] [TIMING] task_id=aee519c3-024d-42ef-b2e8-d2e1e94c4f3f func=job_orchestration.executor.query.spider_search_task.search_without_channel submit_output_start=232195070 submit_output_end=232195089 submit_output_duration_ms=18
[2026-01-30 19:55:52.891] [info] [spider.worker] [TIMING] task_id=490114d2-4a7e-4a6c-9712-0d21b62ca082 func=job_orchestration.executor.query.spider_search_task.search_without_channel fetch_input_start=232195098 fetch_input_end=232195099 fetch_input_duration_ms=0
[2026-01-30 19:55:52.892] [info] [spider.worker] [TIMING] task_id=490114d2-4a7e-4a6c-9712-0d21b62ca082 func=job_orchestration.executor.query.spider_search_task.search_without_channel input_send_start=232195100 input_send_end=232195100 input_send_duration_ms=0 bytes=626
[2026-01-30 19:55:52.892] [info] [spider.worker] [TIMING] task_id=490114d2-4a7e-4a6c-9712-0d21b62ca082 func=job_orchestration.executor.query.spider_search_task.search_without_channel spawn_start=232195099 spawn_end=232195100 spawn_duration_ms=0
[2026-01-30 19:55:54.208] [info] [spider.worker] [TIMING] task_id=490114d2-4a7e-4a6c-9712-0d21b62ca082 func=job_orchestration.executor.query.spider_search_task.search_without_channel execution_start=232195100 execution_end=232196416 execution_duration_ms=1315
[2026-01-30 19:55:54.239] [info] [spider.worker] [TIMING] task_id=490114d2-4a7e-4a6c-9712-0d21b62ca082 func=job_orchestration.executor.query.spider_search_task.search_without_channel submit_output_start=232196418 submit_output_end=232196448 submit_output_duration_ms=30
[2026-01-30 19:55:54.259] [info] [spider.worker] [TIMING] task_id=2bfd3deb-b34e-435c-a1bb-05a996858e85 func=job_orchestration.executor.query.spider_search_task.search_without_channel fetch_input_start=232196466 fetch_input_end=232196467 fetch_input_duration_ms=0
[2026-01-30 19:55:54.259] [info] [spider.worker] [TIMING] task_id=2bfd3deb-b34e-435c-a1bb-05a996858e85 func=job_orchestration.executor.query.spider_search_task.search_without_channel input_send_start=232196467 input_send_end=232196467 input_send_duration_ms=0 bytes=626
[2026-01-30 19:55:54.259] [info] [spider.worker] [TIMING] task_id=2bfd3deb-b34e-435c-a1bb-05a996858e85 func=job_orchestration.executor.query.spider_search_task.search_without_channel spawn_start=232196467 spawn_end=232196467 spawn_duration_ms=0
[2026-01-30 19:55:55.448] [info] [spider.worker] [TIMING] task_id=2bfd3deb-b34e-435c-a1bb-05a996858e85 func=job_orchestration.executor.query.spider_search_task.search_without_channel execution_start=232196468 execution_end=232197656 execution_duration_ms=1188
[2026-01-30 19:55:55.456] [info] [spider.worker] [TIMING] task_id=2bfd3deb-b34e-435c-a1bb-05a996858e85 func=job_orchestration.executor.query.spider_search_task.search_without_channel submit_output_start=232197658 submit_output_end=232197665 submit_output_duration_ms=6
[2026-01-30 19:55:55.467] [info] [spider.worker] [TIMING] task_id=ab42a286-0d31-48c5-9de2-8f95b8089f65 func=job_orchestration.executor.query.spider_search_task.search_without_channel fetch_input_start=232197674 fetch_input_end=232197675 fetch_input_duration_ms=0
[2026-01-30 19:55:55.467] [info] [spider.worker] [TIMING] task_id=ab42a286-0d31-48c5-9de2-8f95b8089f65 func=job_orchestration.executor.query.spider_search_task.search_without_channel input_send_start=232197676 input_send_end=232197676 input_send_duration_ms=0 bytes=626
[2026-01-30 19:55:55.467] [info] [spider.worker] [TIMING] task_id=ab42a286-0d31-48c5-9de2-8f95b8089f65 func=job_orchestration.executor.query.spider_search_task.search_without_channel spawn_start=232197675 spawn_end=232197676 spawn_duration_ms=0
[2026-01-30 19:55:56.892] [info] [spider.worker] [TIMING] task_id=ab42a286-0d31-48c5-9de2-8f95b8089f65 func=job_orchestration.executor.query.spider_search_task.search_without_channel execution_start=232197676 execution_end=232199101 execution_duration_ms=1424
[2026-01-30 19:55:56.907] [info] [spider.worker] [TIMING] task_id=ab42a286-0d31-48c5-9de2-8f95b8089f65 func=job_orchestration.executor.query.spider_search_task.search_without_channel submit_output_start=232199102 submit_output_end=232199115 submit_output_duration_ms=13
[2026-01-30 19:55:56.926] [info] [spider.worker] [TIMING] task_id=21d0cfdb-d7a4-4b31-8937-64174f4600e4 func=job_orchestration.executor.query.spider_search_task.search_without_channel fetch_input_start=232199134 fetch_input_end=232199135 fetch_input_duration_ms=0
[2026-01-30 19:55:56.927] [info] [spider.worker] [TIMING] task_id=21d0cfdb-d7a4-4b31-8937-64174f4600e4 func=job_orchestration.executor.query.spider_search_task.search_without_channel input_send_start=232199135 input_send_end=232199135 input_send_duration_ms=0 bytes=626
[2026-01-30 19:55:56.927] [info] [spider.worker] [TIMING] task_id=21d0cfdb-d7a4-4b31-8937-64174f4600e4 func=job_orchestration.executor.query.spider_search_task.search_without_channel spawn_start=232199135 spawn_end=232199135 spawn_duration_ms=0
[2026-01-30 19:55:58.361] [info] [spider.worker] [TIMING] task_id=21d0cfdb-d7a4-4b31-8937-64174f4600e4 func=job_orchestration.executor.query.spider_search_task.search_without_channel execution_start=232199136 execution_end=232200569 execution_duration_ms=1433
[2026-01-30 19:55:58.374] [info] [spider.worker] [TIMING] task_id=21d0cfdb-d7a4-4b31-8937-64174f4600e4 func=job_orchestration.executor.query.spider_search_task.search_without_channel submit_output_start=232200570 submit_output_end=232200582 submit_output_duration_ms=11
[2026-01-30 19:55:58.402] [info] [spider.worker] [TIMING] task_id=efc0836d-41f8-4209-ac2f-2cd9ef5e0fcf func=job_orchestration.executor.query.spider_search_task.search_without_channel fetch_input_start=232200609 fetch_input_end=232200610 fetch_input_duration_ms=0
[2026-01-30 19:55:58.402] [info] [spider.worker] [TIMING] task_id=efc0836d-41f8-4209-ac2f-2cd9ef5e0fcf func=job_orchestration.executor.query.spider_search_task.search_without_channel input_send_start=232200610 input_send_end=232200610 input_send_duration_ms=0 bytes=626
[2026-01-30 19:55:58.402] [info] [spider.worker] [TIMING] task_id=efc0836d-41f8-4209-ac2f-2cd9ef5e0fcf func=job_orchestration.executor.query.spider_search_task.search_without_channel spawn_start=232200610 spawn_end=232200610 spawn_duration_ms=0
[2026-01-30 19:55:59.687] [info] [spider.worker] [TIMING] task_id=efc0836d-41f8-4209-ac2f-2cd9ef5e0fcf func=job_orchestration.executor.query.spider_search_task.search_without_channel execution_start=232200611 execution_end=232201895 execution_duration_ms=1284
[2026-01-30 19:55:59.719] [info] [spider.worker] [TIMING] task_id=efc0836d-41f8-4209-ac2f-2cd9ef5e0fcf func=job_orchestration.executor.query.spider_search_task.search_without_channel submit_output_start=232201897 submit_output_end=232201927 submit_output_duration_ms=29
[2026-01-30 19:55:59.744] [info] [spider.worker] [TIMING] task_id=7d7c768f-d90b-4e8d-a765-a8f546e3ee82 func=job_orchestration.executor.query.spider_search_task.search_without_channel fetch_input_start=232201951 fetch_input_end=232201952 fetch_input_duration_ms=1
[2026-01-30 19:55:59.744] [info] [spider.worker] [TIMING] task_id=7d7c768f-d90b-4e8d-a765-a8f546e3ee82 func=job_orchestration.executor.query.spider_search_task.search_without_channel input_send_start=232201953 input_send_end=232201953 input_send_duration_ms=0 bytes=626
[2026-01-30 19:55:59.744] [info] [spider.worker] [TIMING] task_id=7d7c768f-d90b-4e8d-a765-a8f546e3ee82 func=job_orchestration.executor.query.spider_search_task.search_without_channel spawn_start=232201952 spawn_end=232201953 spawn_duration_ms=0
[2026-01-30 19:56:00.902] [info] [spider.worker] [TIMING] task_id=7d7c768f-d90b-4e8d-a765-a8f546e3ee82 func=job_orchestration.executor.query.spider_search_task.search_without_channel execution_start=232201953 execution_end=232203110 execution_duration_ms=1157
[2026-01-30 19:56:00.933] [info] [spider.worker] [TIMING] task_id=7d7c768f-d90b-4e8d-a765-a8f546e3ee82 func=job_orchestration.executor.query.spider_search_task.search_without_channel submit_output_start=232203122 submit_output_end=232203141 submit_output_duration_ms=19
[2026-01-30 19:56:00.944] [info] [spider.worker] [TIMING] task_id=85e6b3ce-c694-4d2c-9631-c0ea04ef1e0b func=job_orchestration.executor.query.spider_search_task.search_without_channel fetch_input_start=232203151 fetch_input_end=232203152 fetch_input_duration_ms=1
[2026-01-30 19:56:00.944] [info] [spider.worker] [TIMING] task_id=85e6b3ce-c694-4d2c-9631-c0ea04ef1e0b func=job_orchestration.executor.query.spider_search_task.search_without_channel input_send_start=232203152 input_send_end=232203152 input_send_duration_ms=0 bytes=626
[2026-01-30 19:56:00.944] [info] [spider.worker] [TIMING] task_id=85e6b3ce-c694-4d2c-9631-c0ea04ef1e0b func=job_orchestration.executor.query.spider_search_task.search_without_channel spawn_start=232203152 spawn_end=232203152 spawn_duration_ms=0
[2026-01-30 19:56:02.105] [info] [spider.worker] [TIMING] task_id=85e6b3ce-c694-4d2c-9631-c0ea04ef1e0b func=job_orchestration.executor.query.spider_search_task.search_without_channel execution_start=232203153 execution_end=232204313 execution_duration_ms=1160
[2026-01-30 19:56:02.141] [info] [spider.worker] [TIMING] task_id=85e6b3ce-c694-4d2c-9631-c0ea04ef1e0b func=job_orchestration.executor.query.spider_search_task.search_without_channel submit_output_start=232204315 submit_output_end=232204349 submit_output_duration_ms=34
[2026-01-30 19:56:02.161] [info] [spider.worker] [TIMING] task_id=ee857290-fd56-4fc1-9b9e-032c36b0f5fa func=job_orchestration.executor.query.spider_search_task.search_without_channel fetch_input_start=232204368 fetch_input_end=232204369 fetch_input_duration_ms=1
[2026-01-30 19:56:02.162] [info] [spider.worker] [TIMING] task_id=ee857290-fd56-4fc1-9b9e-032c36b0f5fa func=job_orchestration.executor.query.spider_search_task.search_without_channel input_send_start=232204370 input_send_end=232204370 input_send_duration_ms=0 bytes=626
[2026-01-30 19:56:02.162] [info] [spider.worker] [TIMING] task_id=ee857290-fd56-4fc1-9b9e-032c36b0f5fa func=job_orchestration.executor.query.spider_search_task.search_without_channel spawn_start=232204370 spawn_end=232204370 spawn_duration_ms=0
[2026-01-30 19:56:03.374] [info] [spider.worker] [TIMING] task_id=ee857290-fd56-4fc1-9b9e-032c36b0f5fa func=job_orchestration.executor.query.spider_search_task.search_without_channel execution_start=232204370 execution_end=232205583 execution_duration_ms=1212
[2026-01-30 19:56:03.419] [info] [spider.worker] [TIMING] task_id=ee857290-fd56-4fc1-9b9e-032c36b0f5fa func=job_orchestration.executor.query.spider_search_task.search_without_channel submit_output_start=232205585 submit_output_end=232205628 submit_output_duration_ms=43
[2026-01-30 19:56:03.444] [info] [spider.worker] [TIMING] task_id=d1a1c313-17a6-4014-98d3-eaf8aa9087ce func=job_orchestration.executor.query.spider_search_task.search_without_channel fetch_input_start=232205652 fetch_input_end=232205653 fetch_input_duration_ms=0
[2026-01-30 19:56:03.445] [info] [spider.worker] [TIMING] task_id=d1a1c313-17a6-4014-98d3-eaf8aa9087ce func=job_orchestration.executor.query.spider_search_task.search_without_channel input_send_start=232205653 input_send_end=232205653 input_send_duration_ms=0 bytes=626
[2026-01-30 19:56:03.445] [info] [spider.worker] [TIMING] task_id=d1a1c313-17a6-4014-98d3-eaf8aa9087ce func=job_orchestration.executor.query.spider_search_task.search_without_channel spawn_start=232205653 spawn_end=232205653 spawn_duration_ms=0
[2026-01-30 19:56:04.660] [info] [spider.worker] [TIMING] task_id=d1a1c313-17a6-4014-98d3-eaf8aa9087ce func=job_orchestration.executor.query.spider_search_task.search_without_channel execution_start=232205654 execution_end=232206869 execution_duration_ms=1215
[2026-01-30 19:56:04.684] [info] [spider.worker] [TIMING] task_id=d1a1c313-17a6-4014-98d3-eaf8aa9087ce func=job_orchestration.executor.query.spider_search_task.search_without_channel submit_output_start=232206870 submit_output_end=232206892 submit_output_duration_ms=21
[2026-01-30 19:56:04.726] [info] [spider.worker] [TIMING] task_id=740f81e0-8419-417d-9659-65f1e4fe5fbe func=job_orchestration.executor.query.spider_search_task.search_without_channel fetch_input_start=232206933 fetch_input_end=232206934 fetch_input_duration_ms=0
[2026-01-30 19:56:04.726] [info] [spider.worker] [TIMING] task_id=740f81e0-8419-417d-9659-65f1e4fe5fbe func=job_orchestration.executor.query.spider_search_task.search_without_channel input_send_start=232206934 input_send_end=232206934 input_send_duration_ms=0 bytes=626
[2026-01-30 19:56:04.726] [info] [spider.worker] [TIMING] task_id=740f81e0-8419-417d-9659-65f1e4fe5fbe func=job_orchestration.executor.query.spider_search_task.search_without_channel spawn_start=232206934 spawn_end=232206934 spawn_duration_ms=0
[2026-01-30 19:56:06.167] [info] [spider.worker] [TIMING] task_id=740f81e0-8419-417d-9659-65f1e4fe5fbe func=job_orchestration.executor.query.spider_search_task.search_without_channel execution_start=232206935 execution_end=232208376 execution_duration_ms=1441
[2026-01-30 19:56:06.192] [info] [spider.worker] [TIMING] task_id=740f81e0-8419-417d-9659-65f1e4fe5fbe func=job_orchestration.executor.query.spider_search_task.search_without_channel submit_output_start=232208378 submit_output_end=232208401 submit_output_duration_ms=23
[2026-01-30 19:56:06.229] [info] [spider.worker] [TIMING] task_id=147a3f0e-c76d-4ff8-8b1f-00b84acb66e1 func=job_orchestration.executor.query.spider_search_task.search_without_channel fetch_input_start=232208436 fetch_input_end=232208437 fetch_input_duration_ms=1
[2026-01-30 19:56:06.230] [info] [spider.worker] [TIMING] task_id=147a3f0e-c76d-4ff8-8b1f-00b84acb66e1 func=job_orchestration.executor.query.spider_search_task.search_without_channel input_send_start=232208438 input_send_end=232208438 input_send_duration_ms=0 bytes=626
[2026-01-30 19:56:06.230] [info] [spider.worker] [TIMING] task_id=147a3f0e-c76d-4ff8-8b1f-00b84acb66e1 func=job_orchestration.executor.query.spider_search_task.search_without_channel spawn_start=232208437 spawn_end=232208438 spawn_duration_ms=0
[2026-01-30 19:56:07.633] [info] [spider.worker] [TIMING] task_id=147a3f0e-c76d-4ff8-8b1f-00b84acb66e1 func=job_orchestration.executor.query.spider_search_task.search_without_channel execution_start=232208438 execution_end=232209841 execution_duration_ms=1402
[2026-01-30 19:56:07.972] [info] [spider.worker] [TIMING] task_id=147a3f0e-c76d-4ff8-8b1f-00b84acb66e1 func=job_orchestration.executor.query.spider_search_task.search_without_channel submit_output_start=232209843 submit_output_end=232210180 submit_output_duration_ms=337
[2026-01-30 19:56:08.038] [info] [spider.worker] [TIMING] task_id=868f83dc-84a5-46ca-b76b-0e5eb6f20c64 func=job_orchestration.executor.query.spider_search_task.search_without_channel fetch_input_start=232210245 fetch_input_end=232210246 fetch_input_duration_ms=1
[2026-01-30 19:56:08.038] [info] [spider.worker] [TIMING] task_id=868f83dc-84a5-46ca-b76b-0e5eb6f20c64 func=job_orchestration.executor.query.spider_search_task.search_without_channel input_send_start=232210247 input_send_end=232210247 input_send_duration_ms=0 bytes=626
[2026-01-30 19:56:08.038] [info] [spider.worker] [TIMING] task_id=868f83dc-84a5-46ca-b76b-0e5eb6f20c64 func=job_orchestration.executor.query.spider_search_task.search_without_channel spawn_start=232210246 spawn_end=232210247 spawn_duration_ms=0
[2026-01-30 19:56:09.428] [info] [spider.worker] [TIMING] task_id=868f83dc-84a5-46ca-b76b-0e5eb6f20c64 func=job_orchestration.executor.query.spider_search_task.search_without_channel execution_start=232210247 execution_end=232211636 execution_duration_ms=1388
[2026-01-30 19:56:09.458] [info] [spider.worker] [TIMING] task_id=868f83dc-84a5-46ca-b76b-0e5eb6f20c64 func=job_orchestration.executor.query.spider_search_task.search_without_channel submit_output_start=232211638 submit_output_end=232211666 submit_output_duration_ms=28
[2026-01-30 19:56:09.527] [info] [spider.worker] [TIMING] task_id=8be2bcf1-82fc-41c2-beb3-ecd354a498c7 func=job_orchestration.executor.query.spider_search_task.search_without_channel fetch_input_start=232211735 fetch_input_end=232211736 fetch_input_duration_ms=0
[2026-01-30 19:56:09.528] [info] [spider.worker] [TIMING] task_id=8be2bcf1-82fc-41c2-beb3-ecd354a498c7 func=job_orchestration.executor.query.spider_search_task.search_without_channel input_send_start=232211736 input_send_end=232211736 input_send_duration_ms=0 bytes=626
[2026-01-30 19:56:09.528] [info] [spider.worker] [TIMING] task_id=8be2bcf1-82fc-41c2-beb3-ecd354a498c7 func=job_orchestration.executor.query.spider_search_task.search_without_channel spawn_start=232211736 spawn_end=232211736 spawn_duration_ms=0
[2026-01-30 19:56:10.807] [info] [spider.worker] [TIMING] task_id=8be2bcf1-82fc-41c2-beb3-ecd354a498c7 func=job_orchestration.executor.query.spider_search_task.search_without_channel execution_start=232211737 execution_end=232213016 execution_duration_ms=1279
[2026-01-30 19:56:10.835] [info] [spider.worker] [TIMING] task_id=8be2bcf1-82fc-41c2-beb3-ecd354a498c7 func=job_orchestration.executor.query.spider_search_task.search_without_channel submit_output_start=232213017 submit_output_end=232213043 submit_output_duration_ms=26
[2026-01-30 19:56:10.855] [info] [spider.worker] [TIMING] task_id=88580eaf-51eb-4b37-b407-1afbc40ed697 func=job_orchestration.executor.query.spider_search_task.search_without_channel fetch_input_start=232213062 fetch_input_end=232213063 fetch_input_duration_ms=1
[2026-01-30 19:56:10.855] [info] [spider.worker] [TIMING] task_id=88580eaf-51eb-4b37-b407-1afbc40ed697 func=job_orchestration.executor.query.spider_search_task.search_without_channel input_send_start=232213064 input_send_end=232213064 input_send_duration_ms=0 bytes=626
[2026-01-30 19:56:10.855] [info] [spider.worker] [TIMING] task_id=88580eaf-51eb-4b37-b407-1afbc40ed697 func=job_orchestration.executor.query.spider_search_task.search_without_channel spawn_start=232213063 spawn_end=232213064 spawn_duration_ms=0
[2026-01-30 19:56:12.088] [info] [spider.worker] [TIMING] task_id=88580eaf-51eb-4b37-b407-1afbc40ed697 func=job_orchestration.executor.query.spider_search_task.search_without_channel execution_start=232213064 execution_end=232214297 execution_duration_ms=1232
[2026-01-30 19:56:12.121] [info] [spider.worker] [TIMING] task_id=88580eaf-51eb-4b37-b407-1afbc40ed697 func=job_orchestration.executor.query.spider_search_task.search_without_channel submit_output_start=232214298 submit_output_end=232214329 submit_output_duration_ms=31
[2026-01-30 19:56:12.147] [info] [spider.worker] [TIMING] task_id=3db77880-b162-4be5-8e7f-9ab9acdcf9b4 func=job_orchestration.executor.query.spider_search_task.search_without_channel fetch_input_start=232214354 fetch_input_end=232214355 fetch_input_duration_ms=1
[2026-01-30 19:56:12.147] [info] [spider.worker] [TIMING] task_id=3db77880-b162-4be5-8e7f-9ab9acdcf9b4 func=job_orchestration.executor.query.spider_search_task.search_without_channel input_send_start=232214355 input_send_end=232214355 input_send_duration_ms=0 bytes=626
[2026-01-30 19:56:12.147] [info] [spider.worker] [TIMING] task_id=3db77880-b162-4be5-8e7f-9ab9acdcf9b4 func=job_orchestration.executor.query.spider_search_task.search_without_channel spawn_start=232214355 spawn_end=232214355 spawn_duration_ms=0
[2026-01-30 19:56:13.408] [info] [spider.worker] [TIMING] task_id=3db77880-b162-4be5-8e7f-9ab9acdcf9b4 func=job_orchestration.executor.query.spider_search_task.search_without_channel execution_start=232214356 execution_end=232215616 execution_duration_ms=1260
[2026-01-30 19:56:13.444] [info] [spider.worker] [TIMING] task_id=3db77880-b162-4be5-8e7f-9ab9acdcf9b4 func=job_orchestration.executor.query.spider_search_task.search_without_channel submit_output_start=232215618 submit_output_end=232215652 submit_output_duration_ms=33
[2026-01-30 19:56:13.463] [info] [spider.worker] [TIMING] task_id=5a52abe7-f8fb-4648-8c66-fff11a882516 func=job_orchestration.executor.query.spider_search_task.search_without_channel fetch_input_start=232215670 fetch_input_end=232215671 fetch_input_duration_ms=0
[2026-01-30 19:56:13.463] [info] [spider.worker] [TIMING] task_id=5a52abe7-f8fb-4648-8c66-fff11a882516 func=job_orchestration.executor.query.spider_search_task.search_without_channel input_send_start=232215672 input_send_end=232215672 input_send_duration_ms=0 bytes=626
[2026-01-30 19:56:13.463] [info] [spider.worker] [TIMING] task_id=5a52abe7-f8fb-4648-8c66-fff11a882516 func=job_orchestration.executor.query.spider_search_task.search_without_channel spawn_start=232215671 spawn_end=232215672 spawn_duration_ms=0
[2026-01-30 19:56:14.942] [info] [spider.worker] [TIMING] task_id=5a52abe7-f8fb-4648-8c66-fff11a882516 func=job_orchestration.executor.query.spider_search_task.search_without_channel execution_start=232215672 execution_end=232217151 execution_duration_ms=1478
[2026-01-30 19:56:15.019] [info] [spider.worker] [TIMING] task_id=5a52abe7-f8fb-4648-8c66-fff11a882516 func=job_orchestration.executor.query.spider_search_task.search_without_channel submit_output_start=232217152 submit_output_end=232217228 submit_output_duration_ms=75
[2026-01-30 19:56:15.048] [info] [spider.worker] [TIMING] task_id=81bd31c5-d9ed-43c6-a5cf-929d00195558 func=job_orchestration.executor.query.spider_search_task.search_without_channel fetch_input_start=232217256 fetch_input_end=232217257 fetch_input_duration_ms=0
[2026-01-30 19:56:15.049] [info] [spider.worker] [TIMING] task_id=81bd31c5-d9ed-43c6-a5cf-929d00195558 func=job_orchestration.executor.query.spider_search_task.search_without_channel input_send_start=232217257 input_send_end=232217257 input_send_duration_ms=0 bytes=626
[2026-01-30 19:56:15.049] [info] [spider.worker] [TIMING] task_id=81bd31c5-d9ed-43c6-a5cf-929d00195558 func=job_orchestration.executor.query.spider_search_task.search_without_channel spawn_start=232217257 spawn_end=232217257 spawn_duration_ms=0
[2026-01-30 19:56:16.130] [info] [spider.worker] [TIMING] task_id=81bd31c5-d9ed-43c6-a5cf-929d00195558 func=job_orchestration.executor.query.spider_search_task.search_without_channel execution_start=232217257 execution_end=232218339 execution_duration_ms=1081
[2026-01-30 19:56:16.145] [info] [spider.worker] [TIMING] task_id=81bd31c5-d9ed-43c6-a5cf-929d00195558 func=job_orchestration.executor.query.spider_search_task.search_without_channel submit_output_start=232218340 submit_output_end=232218354 submit_output_duration_ms=13
[2026-01-30 19:56:16.184] [info] [spider.worker] [TIMING] task_id=abebded9-a1c1-4f6d-a9fc-a524bba417a2 func=job_orchestration.executor.query.spider_search_task.search_without_channel fetch_input_start=232218392 fetch_input_end=232218393 fetch_input_duration_ms=1
[2026-01-30 19:56:16.185] [info] [spider.worker] [TIMING] task_id=abebded9-a1c1-4f6d-a9fc-a524bba417a2 func=job_orchestration.executor.query.spider_search_task.search_without_channel input_send_start=232218393 input_send_end=232218393 input_send_duration_ms=0 bytes=626
[2026-01-30 19:56:16.185] [info] [spider.worker] [TIMING] task_id=abebded9-a1c1-4f6d-a9fc-a524bba417a2 func=job_orchestration.executor.query.spider_search_task.search_without_channel spawn_start=232218393 spawn_end=232218393 spawn_duration_ms=0
[2026-01-30 19:56:17.485] [info] [spider.worker] [TIMING] task_id=abebded9-a1c1-4f6d-a9fc-a524bba417a2 func=job_orchestration.executor.query.spider_search_task.search_without_channel execution_start=232218393 execution_end=232219693 execution_duration_ms=1299
[2026-01-30 19:56:17.517] [info] [spider.worker] [TIMING] task_id=abebded9-a1c1-4f6d-a9fc-a524bba417a2 func=job_orchestration.executor.query.spider_search_task.search_without_channel submit_output_start=232219695 submit_output_end=232219726 submit_output_duration_ms=30
[2026-01-30 19:56:17.541] [info] [spider.worker] [TIMING] task_id=47340d66-5301-400b-9bcb-f85875f906ea func=job_orchestration.executor.query.spider_search_task.search_without_channel fetch_input_start=232219748 fetch_input_end=232219749 fetch_input_duration_ms=1
[2026-01-30 19:56:17.541] [info] [spider.worker] [TIMING] task_id=47340d66-5301-400b-9bcb-f85875f906ea func=job_orchestration.executor.query.spider_search_task.search_without_channel input_send_start=232219749 input_send_end=232219749 input_send_duration_ms=0 bytes=626
[2026-01-30 19:56:17.541] [info] [spider.worker] [TIMING] task_id=47340d66-5301-400b-9bcb-f85875f906ea func=job_orchestration.executor.query.spider_search_task.search_without_channel spawn_start=232219749 spawn_end=232219750 spawn_duration_ms=0
[2026-01-30 19:56:18.832] [info] [spider.worker] [TIMING] task_id=47340d66-5301-400b-9bcb-f85875f906ea func=job_orchestration.executor.query.spider_search_task.search_without_channel execution_start=232219750 execution_end=232221040 execution_duration_ms=1290
[2026-01-30 19:56:18.846] [info] [spider.worker] [TIMING] task_id=47340d66-5301-400b-9bcb-f85875f906ea func=job_orchestration.executor.query.spider_search_task.search_without_channel submit_output_start=232221042 submit_output_end=232221054 submit_output_duration_ms=12
[2026-01-30 19:56:18.856] [info] [spider.worker] [TIMING] task_id=f9086bc9-3a9a-4622-9f29-758148081158 func=job_orchestration.executor.query.spider_search_task.search_without_channel fetch_input_start=232221064 fetch_input_end=232221065 fetch_input_duration_ms=1
[2026-01-30 19:56:18.857] [info] [spider.worker] [TIMING] task_id=f9086bc9-3a9a-4622-9f29-758148081158 func=job_orchestration.executor.query.spider_search_task.search_without_channel input_send_start=232221065 input_send_end=232221065 input_send_duration_ms=0 bytes=626
[2026-01-30 19:56:18.857] [info] [spider.worker] [TIMING] task_id=f9086bc9-3a9a-4622-9f29-758148081158 func=job_orchestration.executor.query.spider_search_task.search_without_channel spawn_start=232221065 spawn_end=232221065 spawn_duration_ms=0
[2026-01-30 19:56:20.066] [info] [spider.worker] [TIMING] task_id=f9086bc9-3a9a-4622-9f29-758148081158 func=job_orchestration.executor.query.spider_search_task.search_without_channel execution_start=232221066 execution_end=232222274 execution_duration_ms=1208
[2026-01-30 19:56:20.079] [info] [spider.worker] [TIMING] task_id=f9086bc9-3a9a-4622-9f29-758148081158 func=job_orchestration.executor.query.spider_search_task.search_without_channel submit_output_start=232222276 submit_output_end=232222288 submit_output_duration_ms=11
[2026-01-30 19:56:20.111] [info] [spider.worker] [TIMING] task_id=026cb055-9a54-4c16-a10f-e79b2e169f4e func=job_orchestration.executor.query.spider_search_task.search_without_channel fetch_input_start=232222318 fetch_input_end=232222319 fetch_input_duration_ms=1
[2026-01-30 19:56:20.111] [info] [spider.worker] [TIMING] task_id=026cb055-9a54-4c16-a10f-e79b2e169f4e func=job_orchestration.executor.query.spider_search_task.search_without_channel input_send_start=232222320 input_send_end=232222320 input_send_duration_ms=0 bytes=626
[2026-01-30 19:56:20.111] [info] [spider.worker] [TIMING] task_id=026cb055-9a54-4c16-a10f-e79b2e169f4e func=job_orchestration.executor.query.spider_search_task.search_without_channel spawn_start=232222319 spawn_end=232222320 spawn_duration_ms=0
[2026-01-30 19:56:21.294] [info] [spider.worker] [TIMING] task_id=026cb055-9a54-4c16-a10f-e79b2e169f4e func=job_orchestration.executor.query.spider_search_task.search_without_channel execution_start=232222320 execution_end=232223502 execution_duration_ms=1182
[2026-01-30 19:56:21.326] [info] [spider.worker] [TIMING] task_id=026cb055-9a54-4c16-a10f-e79b2e169f4e func=job_orchestration.executor.query.spider_search_task.search_without_channel submit_output_start=232223504 submit_output_end=232223535 submit_output_duration_ms=30
[2026-01-30 19:56:21.349] [info] [spider.worker] [TIMING] task_id=9bc8b123-d1b0-4f4a-8f5b-4e4eda356224 func=job_orchestration.executor.query.spider_search_task.search_without_channel fetch_input_start=232223557 fetch_input_end=232223557 fetch_input_duration_ms=0
[2026-01-30 19:56:21.349] [info] [spider.worker] [TIMING] task_id=9bc8b123-d1b0-4f4a-8f5b-4e4eda356224 func=job_orchestration.executor.query.spider_search_task.search_without_channel input_send_start=232223558 input_send_end=232223558 input_send_duration_ms=0 bytes=626
[2026-01-30 19:56:21.349] [info] [spider.worker] [TIMING] task_id=9bc8b123-d1b0-4f4a-8f5b-4e4eda356224 func=job_orchestration.executor.query.spider_search_task.search_without_channel spawn_start=232223557 spawn_end=232223558 spawn_duration_ms=0
[2026-01-30 19:56:22.689] [info] [spider.worker] [TIMING] task_id=9bc8b123-d1b0-4f4a-8f5b-4e4eda356224 func=job_orchestration.executor.query.spider_search_task.search_without_channel execution_start=232223558 execution_end=232224898 execution_duration_ms=1339
[2026-01-30 19:56:22.696] [info] [spider.worker] [TIMING] task_id=9bc8b123-d1b0-4f4a-8f5b-4e4eda356224 func=job_orchestration.executor.query.spider_search_task.search_without_channel submit_output_start=232224900 submit_output_end=232224905 submit_output_duration_ms=4
[2026-01-30 19:56:22.708] [info] [spider.worker] [TIMING] task_id=98660fcc-8cb2-4b72-b130-82afbe83d435 func=job_orchestration.executor.query.spider_search_task.search_without_channel fetch_input_start=232224915 fetch_input_end=232224916 fetch_input_duration_ms=1
[2026-01-30 19:56:22.708] [info] [spider.worker] [TIMING] task_id=98660fcc-8cb2-4b72-b130-82afbe83d435 func=job_orchestration.executor.query.spider_search_task.search_without_channel input_send_start=232224917 input_send_