[2026-01-30 18:52:01.611] [warning] [spider.worker] Prefer using `SPIDER_STORAGE_URL` environment variable over `--storage_url` argument.
[2026-01-30 18:52:17.744] [info] [spider.worker] [TIMING] task_id=04444428-7e77-4c88-b034-54c6b9630319 func=job_orchestration.executor.query.spider_search_task.search_without_channel fetch_input_start=228379950 fetch_input_end=228379952 fetch_input_duration_ms=2
[2026-01-30 18:52:19.225] [info] [spider.worker] [TIMING] task_id=04444428-7e77-4c88-b034-54c6b9630319 func=job_orchestration.executor.query.spider_search_task.search_without_channel execution_start=228379953 execution_end=228381433 execution_duration_ms=1479
[2026-01-30 18:52:19.292] [info] [spider.worker] [TIMING] task_id=04444428-7e77-4c88-b034-54c6b9630319 func=job_orchestration.executor.query.spider_search_task.search_without_channel submit_output_start=228381435 submit_output_end=228381500 submit_output_duration_ms=65
[2026-01-30 18:52:19.345] [info] [spider.worker] [TIMING] task_id=4606a465-bbb6-46f5-884f-69ade26d00ba func=job_orchestration.executor.query.spider_search_task.search_without_channel fetch_input_start=228381552 fetch_input_end=228381553 fetch_input_duration_ms=1
[2026-01-30 18:52:20.808] [info] [spider.worker] [TIMING] task_id=4606a465-bbb6-46f5-884f-69ade26d00ba func=job_orchestration.executor.query.spider_search_task.search_without_channel execution_start=228381554 execution_end=228383016 execution_duration_ms=1462
[2026-01-30 18:52:20.836] [info] [spider.worker] [TIMING] task_id=4606a465-bbb6-46f5-884f-69ade26d00ba func=job_orchestration.executor.query.spider_search_task.search_without_channel submit_output_start=228383018 submit_output_end=228383044 submit_output_duration_ms=25
[2026-01-30 18:52:20.854] [info] [spider.worker] [TIMING] task_id=b8f419a4-2ff7-4e65-925e-35dc8c557086 func=job_orchestration.executor.query.spider_search_task.search_without_channel fetch_input_start=228383061 fetch_input_end=228383062 fetch_input_duration_ms=1
[2026-01-30 18:52:22.031] [info] [spider.worker] [TIMING] task_id=b8f419a4-2ff7-4e65-925e-35dc8c557086 func=job_orchestration.executor.query.spider_search_task.search_without_channel execution_start=228383063 execution_end=228384239 execution_duration_ms=1176
[2026-01-30 18:52:22.043] [info] [spider.worker] [TIMING] task_id=b8f419a4-2ff7-4e65-925e-35dc8c557086 func=job_orchestration.executor.query.spider_search_task.search_without_channel submit_output_start=228384241 submit_output_end=228384251 submit_output_duration_ms=10
[2026-01-30 18:52:22.062] [info] [spider.worker] [TIMING] task_id=c2033887-a3bf-4383-a620-a05084679cc5 func=job_orchestration.executor.query.spider_search_task.search_without_channel fetch_input_start=228384270 fetch_input_end=228384271 fetch_input_duration_ms=1
[2026-01-30 18:52:23.479] [info] [spider.worker] [TIMING] task_id=c2033887-a3bf-4383-a620-a05084679cc5 func=job_orchestration.executor.query.spider_search_task.search_without_channel execution_start=228384272 execution_end=228385688 execution_duration_ms=1416
[2026-01-30 18:52:23.526] [info] [spider.worker] [TIMING] task_id=c2033887-a3bf-4383-a620-a05084679cc5 func=job_orchestration.executor.query.spider_search_task.search_without_channel submit_output_start=228385690 submit_output_end=228385735 submit_output_duration_ms=45
[2026-01-30 18:52:23.546] [info] [spider.worker] [TIMING] task_id=723d30c8-19e0-464b-a615-fda57c130d80 func=job_orchestration.executor.query.spider_search_task.search_without_channel fetch_input_start=228385753 fetch_input_end=228385754 fetch_input_duration_ms=1
[2026-01-30 18:52:24.804] [info] [spider.worker] [TIMING] task_id=723d30c8-19e0-464b-a615-fda57c130d80 func=job_orchestration.executor.query.spider_search_task.search_without_channel execution_start=228385755 execution_end=228387013 execution_duration_ms=1257
[2026-01-30 18:52:24.819] [info] [spider.worker] [TIMING] task_id=723d30c8-19e0-464b-a615-fda57c130d80 func=job_orchestration.executor.query.spider_search_task.search_without_channel submit_output_start=228387014 submit_output_end=228387027 submit_output_duration_ms=12
[2026-01-30 18:52:24.839] [info] [spider.worker] [TIMING] task_id=652ae42a-7487-4fc6-a605-244a6623f62e func=job_orchestration.executor.query.spider_search_task.search_without_channel fetch_input_start=228387046 fetch_input_end=228387047 fetch_input_duration_ms=1
[2026-01-30 18:52:25.977] [info] [spider.worker] [TIMING] task_id=652ae42a-7487-4fc6-a605-244a6623f62e func=job_orchestration.executor.query.spider_search_task.search_without_channel execution_start=228387048 execution_end=228388185 execution_duration_ms=1137
[2026-01-30 18:52:26.044] [info] [spider.worker] [TIMING] task_id=652ae42a-7487-4fc6-a605-244a6623f62e func=job_orchestration.executor.query.spider_search_task.search_without_channel submit_output_start=228388187 submit_output_end=228388252 submit_output_duration_ms=65
[2026-01-30 18:52:26.055] [info] [spider.worker] [TIMING] task_id=85c0d80a-a81b-4042-b821-8fc252ca3d43 func=job_orchestration.executor.query.spider_search_task.search_without_channel fetch_input_start=228388262 fetch_input_end=228388264 fetch_input_duration_ms=1
[2026-01-30 18:52:27.177] [info] [spider.worker] [TIMING] task_id=85c0d80a-a81b-4042-b821-8fc252ca3d43 func=job_orchestration.executor.query.spider_search_task.search_without_channel execution_start=228388264 execution_end=228389386 execution_duration_ms=1121
[2026-01-30 18:52:27.253] [info] [spider.worker] [TIMING] task_id=85c0d80a-a81b-4042-b821-8fc252ca3d43 func=job_orchestration.executor.query.spider_search_task.search_without_channel submit_output_start=228389387 submit_output_end=228389461 submit_output_duration_ms=74
[2026-01-30 18:52:27.306] [info] [spider.worker] [TIMING] task_id=4808aa0b-9e67-4cd2-a169-7b174315fd22 func=job_orchestration.executor.query.spider_search_task.search_without_channel fetch_input_start=228389513 fetch_input_end=228389514 fetch_input_duration_ms=1
[2026-01-30 18:52:28.472] [info] [spider.worker] [TIMING] task_id=4808aa0b-9e67-4cd2-a169-7b174315fd22 func=job_orchestration.executor.query.spider_search_task.search_without_channel execution_start=228389515 execution_end=228390680 execution_duration_ms=1165
[2026-01-30 18:52:28.533] [info] [spider.worker] [TIMING] task_id=4808aa0b-9e67-4cd2-a169-7b174315fd22 func=job_orchestration.executor.query.spider_search_task.search_without_channel submit_output_start=228390682 submit_output_end=228390741 submit_output_duration_ms=59
[2026-01-30 18:52:28.564] [info] [spider.worker] [TIMING] task_id=5d476d63-1e11-4cd7-bb8f-e8b99ffb3b92 func=job_orchestration.executor.query.spider_search_task.search_without_channel fetch_input_start=228390771 fetch_input_end=228390772 fetch_input_duration_ms=0
[2026-01-30 18:52:29.843] [info] [spider.worker] [TIMING] task_id=5d476d63-1e11-4cd7-bb8f-e8b99ffb3b92 func=job_orchestration.executor.query.spider_search_task.search_without_channel execution_start=228390773 execution_end=228392052 execution_duration_ms=1278
[2026-01-30 18:52:29.893] [info] [spider.worker] [TIMING] task_id=5d476d63-1e11-4cd7-bb8f-e8b99ffb3b92 func=job_orchestration.executor.query.spider_search_task.search_without_channel submit_output_start=228392060 submit_output_end=228392102 submit_output_duration_ms=41
[2026-01-30 18:52:29.948] [info] [spider.worker] [TIMING] task_id=0ec3d0f5-c12d-47eb-966d-df825dbb5785 func=job_orchestration.executor.query.spider_search_task.search_without_channel fetch_input_start=228392155 fetch_input_end=228392156 fetch_input_duration_ms=0
[2026-01-30 18:52:31.113] [info] [spider.worker] [TIMING] task_id=0ec3d0f5-c12d-47eb-966d-df825dbb5785 func=job_orchestration.executor.query.spider_search_task.search_without_channel execution_start=228392157 execution_end=228393321 execution_duration_ms=1164
[2026-01-30 18:52:31.146] [info] [spider.worker] [TIMING] task_id=0ec3d0f5-c12d-47eb-966d-df825dbb5785 func=job_orchestration.executor.query.spider_search_task.search_without_channel submit_output_start=228393323 submit_output_end=228393354 submit_output_duration_ms=30
[2026-01-30 18:52:31.164] [info] [spider.worker] [TIMING] task_id=2744bf15-2710-43bb-964e-66cc48ee4b1b func=job_orchestration.executor.query.spider_search_task.search_without_channel fetch_input_start=228393372 fetch_input_end=228393373 fetch_input_duration_ms=0
[2026-01-30 18:52:32.472] [info] [spider.worker] [TIMING] task_id=2744bf15-2710-43bb-964e-66cc48ee4b1b func=job_orchestration.executor.query.spider_search_task.search_without_channel execution_start=228393373 execution_end=228394680 execution_duration_ms=1306
[2026-01-30 18:52:32.508] [info] [spider.worker] [TIMING] task_id=2744bf15-2710-43bb-964e-66cc48ee4b1b func=job_orchestration.executor.query.spider_search_task.search_without_channel submit_output_start=228394682 submit_output_end=228394716 submit_output_duration_ms=34
[2026-01-30 18:52:32.531] [info] [spider.worker] [TIMING] task_id=c4ee25dd-54ec-48ff-ae94-d1eec2065812 func=job_orchestration.executor.query.spider_search_task.search_without_channel fetch_input_start=228394738 fetch_input_end=228394739 fetch_input_duration_ms=0
[2026-01-30 18:52:33.658] [info] [spider.worker] [TIMING] task_id=c4ee25dd-54ec-48ff-ae94-d1eec2065812 func=job_orchestration.executor.query.spider_search_task.search_without_channel execution_start=228394740 execution_end=228395866 execution_duration_ms=1126
[2026-01-30 18:52:33.719] [info] [spider.worker] [TIMING] task_id=c4ee25dd-54ec-48ff-ae94-d1eec2065812 func=job_orchestration.executor.query.spider_search_task.search_without_channel submit_output_start=228395868 submit_output_end=228395927 submit_output_duration_ms=59
[2026-01-30 18:52:33.765] [info] [spider.worker] [TIMING] task_id=9bba37da-5f19-493f-9c21-5ac1a97db619 func=job_orchestration.executor.query.spider_search_task.search_without_channel fetch_input_start=228395973 fetch_input_end=228395973 fetch_input_duration_ms=0
[2026-01-30 18:52:34.965] [info] [spider.worker] [TIMING] task_id=9bba37da-5f19-493f-9c21-5ac1a97db619 func=job_orchestration.executor.query.spider_search_task.search_without_channel execution_start=228395974 execution_end=228397174 execution_duration_ms=1199
[2026-01-30 18:52:34.997] [info] [spider.worker] [TIMING] task_id=9bba37da-5f19-493f-9c21-5ac1a97db619 func=job_orchestration.executor.query.spider_search_task.search_without_channel submit_output_start=228397175 submit_output_end=228397205 submit_output_duration_ms=29
[2026-01-30 18:52:35.015] [info] [spider.worker] [TIMING] task_id=280f9611-667c-4476-9287-c309d260e2b9 func=job_orchestration.executor.query.spider_search_task.search_without_channel fetch_input_start=228397222 fetch_input_end=228397223 fetch_input_duration_ms=0
[2026-01-30 18:52:36.259] [info] [spider.worker] [TIMING] task_id=280f9611-667c-4476-9287-c309d260e2b9 func=job_orchestration.executor.query.spider_search_task.search_without_channel execution_start=228397224 execution_end=228398467 execution_duration_ms=1243
[2026-01-30 18:52:36.307] [info] [spider.worker] [TIMING] task_id=280f9611-667c-4476-9287-c309d260e2b9 func=job_orchestration.executor.query.spider_search_task.search_without_channel submit_output_start=228398469 submit_output_end=228398516 submit_output_duration_ms=47
[2026-01-30 18:52:36.333] [info] [spider.worker] [TIMING] task_id=3fa179ff-b187-4006-88c4-21000c80782c func=job_orchestration.executor.query.spider_search_task.search_without_channel fetch_input_start=228398540 fetch_input_end=228398541 fetch_input_duration_ms=1
[2026-01-30 18:52:37.592] [info] [spider.worker] [TIMING] task_id=3fa179ff-b187-4006-88c4-21000c80782c func=job_orchestration.executor.query.spider_search_task.search_without_channel execution_start=228398542 execution_end=228399800 execution_duration_ms=1258
[2026-01-30 18:52:37.613] [info] [spider.worker] [TIMING] task_id=3fa179ff-b187-4006-88c4-21000c80782c func=job_orchestration.executor.query.spider_search_task.search_without_channel submit_output_start=228399802 submit_output_end=228399821 submit_output_duration_ms=19
[2026-01-30 18:52:37.633] [info] [spider.worker] [TIMING] task_id=3c4dfc48-9d25-4f74-9cd7-eb8136b638a4 func=job_orchestration.executor.query.spider_search_task.search_without_channel fetch_input_start=228399840 fetch_input_end=228399841 fetch_input_duration_ms=1
[2026-01-30 18:52:38.840] [info] [spider.worker] [TIMING] task_id=3c4dfc48-9d25-4f74-9cd7-eb8136b638a4 func=job_orchestration.executor.query.spider_search_task.search_without_channel execution_start=228399842 execution_end=228401049 execution_duration_ms=1206
[2026-01-30 18:52:38.855] [info] [spider.worker] [TIMING] task_id=3c4dfc48-9d25-4f74-9cd7-eb8136b638a4 func=job_orchestration.executor.query.spider_search_task.search_without_channel submit_output_start=228401051 submit_output_end=228401063 submit_output_duration_ms=11
[2026-01-30 18:52:38.866] [info] [spider.worker] [TIMING] task_id=a42fe711-379f-49da-a4a9-ff7e872fc870 func=job_orchestration.executor.query.spider_search_task.search_without_channel fetch_input_start=228401073 fetch_input_end=228401074 fetch_input_duration_ms=1
[2026-01-30 18:52:40.036] [info] [spider.worker] [TIMING] task_id=a42fe711-379f-49da-a4a9-ff7e872fc870 func=job_orchestration.executor.query.spider_search_task.search_without_channel execution_start=228401075 execution_end=228402244 execution_duration_ms=1169
[2026-01-30 18:52:40.066] [info] [spider.worker] [TIMING] task_id=a42fe711-379f-49da-a4a9-ff7e872fc870 func=job_orchestration.executor.query.spider_search_task.search_without_channel submit_output_start=228402246 submit_output_end=228402274 submit_output_duration_ms=28
[2026-01-30 18:52:40.099] [info] [spider.worker] [TIMING] task_id=dce5c2fa-63d3-448a-bf93-87c22de60015 func=job_orchestration.executor.query.spider_search_task.search_without_channel fetch_input_start=228402306 fetch_input_end=228402307 fetch_input_duration_ms=0
[2026-01-30 18:52:41.386] [info] [spider.worker] [TIMING] task_id=dce5c2fa-63d3-448a-bf93-87c22de60015 func=job_orchestration.executor.query.spider_search_task.search_without_channel execution_start=228402308 execution_end=228403594 execution_duration_ms=1286
[2026-01-30 18:52:41.397] [info] [spider.worker] [TIMING] task_id=dce5c2fa-63d3-448a-bf93-87c22de60015 func=job_orchestration.executor.query.spider_search_task.search_without_channel submit_output_start=228403596 submit_output_end=228403605 submit_output_duration_ms=9
[2026-01-30 18:52:41.417] [info] [spider.worker] [TIMING] task_id=65a8021e-0470-4a8f-a0e8-6d6abec8cdd2 func=job_orchestration.executor.query.spider_search_task.search_without_channel fetch_input_start=228403624 fetch_input_end=228403625 fetch_input_duration_ms=1
[2026-01-30 18:52:42.590] [info] [spider.worker] [TIMING] task_id=65a8021e-0470-4a8f-a0e8-6d6abec8cdd2 func=job_orchestration.executor.query.spider_search_task.search_without_channel execution_start=228403626 execution_end=228404798 execution_duration_ms=1172
[2026-01-30 18:52:42.613] [info] [spider.worker] [TIMING] task_id=65a8021e-0470-4a8f-a0e8-6d6abec8cdd2 func=job_orchestration.executor.query.spider_search_task.search_without_channel submit_output_start=228404800 submit_output_end=228404821 submit_output_duration_ms=21
[2026-01-30 18:52:42.633] [info] [spider.worker] [TIMING] task_id=a5e38eb9-076d-4893-907a-4729914329f0 func=job_orchestration.executor.query.spider_search_task.search_without_channel fetch_input_start=228404841 fetch_input_end=228404842 fetch_input_duration_ms=0
[2026-01-30 18:52:43.819] [info] [spider.worker] [TIMING] task_id=a5e38eb9-076d-4893-907a-4729914329f0 func=job_orchestration.executor.query.spider_search_task.search_without_channel execution_start=228404842 execution_end=228406028 execution_duration_ms=1185
[2026-01-30 18:52:43.839] [info] [spider.worker] [TIMING] task_id=a5e38eb9-076d-4893-907a-4729914329f0 func=job_orchestration.executor.query.spider_search_task.search_without_channel submit_output_start=228406029 submit_output_end=228406047 submit_output_duration_ms=18
[2026-01-30 18:52:43.867] [info] [spider.worker] [TIMING] task_id=79843348-36c4-4b53-a4bc-bf15c2ee3490 func=job_orchestration.executor.query.spider_search_task.search_without_channel fetch_input_start=228406074 fetch_input_end=228406075 fetch_input_duration_ms=0
[2026-01-30 18:52:44.996] [info] [spider.worker] [TIMING] task_id=79843348-36c4-4b53-a4bc-bf15c2ee3490 func=job_orchestration.executor.query.spider_search_task.search_without_channel execution_start=228406076 execution_end=228407204 execution_duration_ms=1127
[2026-01-30 18:52:45.035] [info] [spider.worker] [TIMING] task_id=79843348-36c4-4b53-a4bc-bf15c2ee3490 func=job_orchestration.executor.query.spider_search_task.search_without_channel submit_output_start=228407206 submit_output_end=228407243 submit_output_duration_ms=37
[2026-01-30 18:52:45.059] [info] [spider.worker] [TIMING] task_id=1062af87-2280-4999-99f3-1c7dc792a04e func=job_orchestration.executor.query.spider_search_task.search_without_channel fetch_input_start=228407266 fetch_input_end=228407267 fetch_input_duration_ms=0
[2026-01-30 18:52:46.274] [info] [spider.worker] [TIMING] task_id=1062af87-2280-4999-99f3-1c7dc792a04e func=job_orchestration.executor.query.spider_search_task.search_without_channel execution_start=228407268 execution_end=228408483 execution_duration_ms=1214
[2026-01-30 18:52:46.298] [info] [spider.worker] [TIMING] task_id=1062af87-2280-4999-99f3-1c7dc792a04e func=job_orchestration.executor.query.spider_search_task.search_without_channel submit_output_start=228408488 submit_output_end=228408506 submit_output_duration_ms=17
[2026-01-30 18:52:46.342] [info] [spider.worker] [TIMING] task_id=26fee654-b049-4677-93aa-a7dba102e71d func=job_orchestration.executor.query.spider_search_task.search_without_channel fetch_input_start=228408549 fetch_input_end=228408550 fetch_input_duration_ms=1
[2026-01-30 18:52:47.661] [info] [spider.worker] [TIMING] task_id=26fee654-b049-4677-93aa-a7dba102e71d func=job_orchestration.executor.query.spider_search_task.search_without_channel execution_start=228408551 execution_end=228409869 execution_duration_ms=1318
[2026-01-30 18:52:47.715] [info] [spider.worker] [TIMING] task_id=26fee654-b049-4677-93aa-a7dba102e71d func=job_orchestration.executor.query.spider_search_task.search_without_channel submit_output_start=228409871 submit_output_end=228409924 submit_output_duration_ms=53
[2026-01-30 18:52:47.733] [info] [spider.worker] [TIMING] task_id=d2f01f0d-fea1-47b0-876c-1901cda6e255 func=job_orchestration.executor.query.spider_search_task.search_without_channel fetch_input_start=228409941 fetch_input_end=228409941 fetch_input_duration_ms=0
[2026-01-30 18:52:48.906] [info] [spider.worker] [TIMING] task_id=d2f01f0d-fea1-47b0-876c-1901cda6e255 func=job_orchestration.executor.query.spider_search_task.search_without_channel execution_start=228409942 execution_end=228411115 execution_duration_ms=1172
[2026-01-30 18:52:48.915] [info] [spider.worker] [TIMING] task_id=d2f01f0d-fea1-47b0-876c-1901cda6e255 func=job_orchestration.executor.query.spider_search_task.search_without_channel submit_output_start=228411117 submit_output_end=228411123 submit_output_duration_ms=6
[2026-01-30 18:52:48.945] [info] [spider.worker] [TIMING] task_id=170e88ad-9bbf-49d8-8514-191f816ea1aa func=job_orchestration.executor.query.spider_search_task.search_without_channel fetch_input_start=228411153 fetch_input_end=228411154 fetch_input_duration_ms=0
[2026-01-30 18:52:50.096] [info] [spider.worker] [TIMING] task_id=170e88ad-9bbf-49d8-8514-191f816ea1aa func=job_orchestration.executor.query.spider_search_task.search_without_channel execution_start=228411154 execution_end=228412304 execution_duration_ms=1150
[2026-01-30 18:52:50.148] [info] [spider.worker] [TIMING] task_id=170e88ad-9bbf-49d8-8514-191f816ea1aa func=job_orchestration.executor.query.spider_search_task.search_without_channel submit_output_start=228412306 submit_output_end=228412357 submit_output_duration_ms=51
[2026-01-30 18:52:50.189] [info] [spider.worker] [TIMING] task_id=6d7c5bcd-2924-4f7c-81d2-1b7c75efd3b9 func=job_orchestration.executor.query.spider_search_task.search_without_channel fetch_input_start=228412396 fetch_input_end=228412397 fetch_input_duration_ms=0
[2026-01-30 18:52:51.482] [info] [spider.worker] [TIMING] task_id=6d7c5bcd-2924-4f7c-81d2-1b7c75efd3b9 func=job_orchestration.executor.query.spider_search_task.search_without_channel execution_start=228412398 execution_end=228413690 execution_duration_ms=1292
[2026-01-30 18:52:51.490] [info] [spider.worker] [TIMING] task_id=6d7c5bcd-2924-4f7c-81d2-1b7c75efd3b9 func=job_orchestration.executor.query.spider_search_task.search_without_channel submit_output_start=228413692 submit_output_end=228413699 submit_output_duration_ms=6
[2026-01-30 18:52:51.501] [info] [spider.worker] [TIMING] task_id=d7e0b812-d8ea-4988-ae54-b8454b051e18 func=job_orchestration.executor.query.spider_search_task.search_without_channel fetch_input_start=228413708 fetch_input_end=228413709 fetch_input_duration_ms=0
[2026-01-30 18:52:52.649] [info] [spider.worker] [TIMING] task_id=d7e0b812-d8ea-4988-ae54-b8454b051e18 func=job_orchestration.executor.query.spider_search_task.search_without_channel execution_start=228413709 execution_end=228414857 execution_duration_ms=1147
[2026-01-30 18:52:52.682] [info] [spider.worker] [TIMING] task_id=d7e0b812-d8ea-4988-ae54-b8454b051e18 func=job_orchestration.executor.query.spider_search_task.search_without_channel submit_output_start=228414868 submit_output_end=228414891 submit_output_duration_ms=23
[2026-01-30 18:52:52.693] [info] [spider.worker] [TIMING] task_id=d415eff9-be34-4b49-8624-be9d8129b431 func=job_orchestration.executor.query.spider_search_task.search_without_channel fetch_input_start=228414900 fetch_input_end=228414901 fetch_input_duration_ms=0
[2026-01-30 18:52:54.063] [info] [spider.worker] [TIMING] task_id=d415eff9-be34-4b49-8624-be9d8129b431 func=job_orchestration.executor.query.spider_search_task.search_without_channel execution_start=228414902 execution_end=228416271 execution_duration_ms=1369
[2026-01-30 18:52:54.074] [info] [spider.worker] [TIMING] task_id=d415eff9-be34-4b49-8624-be9d8129b431 func=job_orchestration.executor.query.spider_search_task.search_without_channel submit_output_start=228416273 submit_output_end=228416282 submit_output_duration_ms=9
[2026-01-30 18:52:54.140] [info] [spider.worker] [TIMING] task_id=1c9e4654-b285-44b4-901d-806a725acdc4 func=job_orchestration.executor.query.spider_search_task.search_without_channel fetch_input_start=228416348 fetch_input_end=228416349 fetch_input_duration_ms=0
[2026-01-30 18:52:55.413] [info] [spider.worker] [TIMING] task_id=1c9e4654-b285-44b4-901d-806a725acdc4 func=job_orchestration.executor.query.spider_search_task.search_without_channel execution_start=228416349 execution_end=228417622 execution_duration_ms=1272
[2026-01-30 18:52:55.482] [info] [spider.worker] [TIMING] task_id=1c9e4654-b285-44b4-901d-806a725acdc4 func=job_orchestration.executor.query.spider_search_task.search_without_channel submit_output_start=228417624 submit_output_end=228417691 submit_output_duration_ms=66
[2026-01-30 18:52:55.569] [info] [spider.worker] [TIMING] task_id=e856a8df-d72e-495a-b362-b9081f43edf7 func=job_orchestration.executor.query.spider_search_task.search_without_channel fetch_input_start=228417776 fetch_input_end=228417777 fetch_input_duration_ms=0
[2026-01-30 18:52:56.907] [info] [spider.worker] [TIMING] task_id=e856a8df-d72e-495a-b362-b9081f43edf7 func=job_orchestration.executor.query.spider_search_task.search_without_channel execution_start=228417778 execution_end=228419116 execution_duration_ms=1337
[2026-01-30 18:52:56.925] [info] [spider.worker] [TIMING] task_id=e856a8df-d72e-495a-b362-b9081f43edf7 func=job_orchestration.executor.query.spider_search_task.search_without_channel submit_output_start=228419117 submit_output_end=228419133 submit_output_duration_ms=15
[2026-01-30 18:52:56.944] [info] [spider.worker] [TIMING] task_id=148f15e3-cda2-4d5a-83b9-a898f3c40958 func=job_orchestration.executor.query.spider_search_task.search_without_channel fetch_input_start=228419151 fetch_input_end=228419152 fetch_input_duration_ms=0
[2026-01-30 18:52:58.368] [info] [spider.worker] [TIMING] task_id=148f15e3-cda2-4d5a-83b9-a898f3c40958 func=job_orchestration.executor.query.spider_search_task.search_without_channel execution_start=228419152 execution_end=228420577 execution_duration_ms=1424
[2026-01-30 18:52:58.397] [info] [spider.worker] [TIMING] task_id=148f15e3-cda2-4d5a-83b9-a898f3c40958 func=job_orchestration.executor.query.spider_search_task.search_without_channel submit_output_start=228420578 submit_output_end=228420605 submit_output_duration_ms=27
[2026-01-30 18:52:58.437] [info] [spider.worker] [TIMING] task_id=b8e4d0f8-1bab-42d8-a93a-8f609f09c748 func=job_orchestration.executor.query.spider_search_task.search_without_channel fetch_input_start=228420644 fetch_input_end=228420645 fetch_input_duration_ms=0
[2026-01-30 18:52:59.676] [info] [spider.worker] [TIMING] task_id=b8e4d0f8-1bab-42d8-a93a-8f609f09c748 func=job_orchestration.executor.query.spider_search_task.search_without_channel execution_start=228420646 execution_end=228421884 execution_duration_ms=1237
[2026-01-30 18:52:59.701] [info] [spider.worker] [TIMING] task_id=b8e4d0f8-1bab-42d8-a93a-8f609f09c748 func=job_orchestration.executor.query.spider_search_task.search_without_channel submit_output_start=228421886 submit_output_end=228421909 submit_output_duration_ms=23
[2026-01-30 18:52:59.720] [info] [spider.worker] [TIMING] task_id=88e9bb10-82db-454d-87b0-a2d6e5fbbd54 func=job_orchestration.executor.query.spider_search_task.search_without_channel fetch_input_start=228421927 fetch_input_end=228421928 fetch_input_duration_ms=1
[2026-01-30 18:53:00.827] [info] [spider.worker] [TIMING] task_id=88e9bb10-82db-454d-87b0-a2d6e5fbbd54 func=job_orchestration.executor.query.spider_search_task.search_without_channel execution_start=228421929 execution_end=228423035 execution_duration_ms=1106
[2026-01-30 18:53:00.862] [info] [spider.worker] [TIMING] task_id=88e9bb10-82db-454d-87b0-a2d6e5fbbd54 func=job_orchestration.executor.query.spider_search_task.search_without_channel submit_output_start=228423037 submit_output_end=228423071 submit_output_duration_ms=33
[2026-01-30 18:53:00.886] [info] [spider.worker] [TIMING] task_id=4fee8dd6-bfce-4b53-8bd9-7bd25391771c func=job_orchestration.executor.query.spider_search_task.search_without_channel fetch_input_start=228423094 fetch_input_end=228423095 fetch_input_duration_ms=0
[2026-01-30 18:53:02.112] [info] [spider.worker] [TIMING] task_id=4fee8dd6-bfce-4b53-8bd9-7bd25391771c func=job_orchestration.executor.query.spider_search_task.search_without_channel execution_start=228423095 execution_end=228424320 execution_duration_ms=1224
[2026-01-30 18:53:02.164] [info] [spider.worker] [TIMING] task_id=4fee8dd6-bfce-4b53-8bd9-7bd25391771c func=job_orchestration.executor.query.spider_search_task.search_without_channel submit_output_start=228424322 submit_output_end=228424373 submit_output_duration_ms=50
[2026-01-30 18:53:02.187] [info] [spider.worker] [TIMING] task_id=4b08d7e6-0fb5-4c47-bfb6-1dd3ce02ef4a func=job_orchestration.executor.query.spider_search_task.search_without_channel fetch_input_start=228424395 fetch_input_end=228424396 fetch_input_duration_ms=1
[2026-01-30 18:53:03.482] [info] [spider.worker] [TIMING] task_id=4b08d7e6-0fb5-4c47-bfb6-1dd3ce02ef4a func=job_orchestration.executor.query.spider_search_task.search_without_channel execution_start=228424396 execution_end=228425690 execution_duration_ms=1293
[2026-01-30 18:53:03.493] [info] [spider.worker] [TIMING] task_id=4b08d7e6-0fb5-4c47-bfb6-1dd3ce02ef4a func=job_orchestration.executor.query.spider_search_task.search_without_channel submit_output_start=228425692 submit_output_end=228425701 submit_output_duration_ms=8
[2026-01-30 18:53:03.529] [info] [spider.worker] [TIMING] task_id=c9ae0e40-05c0-47a6-81fc-7a02399f3576 func=job_orchestration.executor.query.spider_search_task.search_without_channel fetch_input_start=228425737 fetch_input_end=228425738 fetch_input_duration_ms=0
[2026-01-30 18:53:04.874] [info] [spider.worker] [TIMING] task_id=c9ae0e40-05c0-47a6-81fc-7a02399f3576 func=job_orchestration.executor.query.spider_search_task.search_without_channel execution_start=228425738 execution_end=228427082 execution_duration_ms=1343
[2026-01-30 18:53:04.904] [info] [spider.worker] [TIMING] task_id=c9ae0e40-05c0-47a6-81fc-7a02399f3576 func=job_orchestration.executor.query.spider_search_task.search_without_channel submit_output_start=228427084 submit_output_end=228427113 submit_output_duration_ms=29
[2026-01-30 18:53:04.921] [info] [spider.worker] [TIMING] task_id=c9523f0f-3e87-499c-b8e5-24c0035d9144 func=job_orchestration.executor.query.spider_search_task.search_without_channel fetch_input_start=228427128 fetch_input_end=228427129 fetch_input_duration_ms=0
[2026-01-30 18:53:06.033] [info] [spider.worker] [TIMING] task_id=c9523f0f-3e87-499c-b8e5-24c0035d9144 func=job_orchestration.executor.query.spider_search_task.search_without_channel execution_start=228427129 execution_end=228428242 execution_duration_ms=1112
[2026-01-30 18:53:06.073] [info] [spider.worker] [TIMING] task_id=c9523f0f-3e87-499c-b8e5-24c0035d9144 func=job_orchestration.executor.query.spider_search_task.search_without_channel submit_output_start=228428244 submit_output_end=228428282 submit_output_duration_ms=37
[2026-01-30 18:53:06.096] [info] [spider.worker] [TIMING] task_id=2fcd0c20-51cd-43bb-b7b7-a87cf30dee98 func=job_orchestration.executor.query.spider_search_task.search_without_channel fetch_input_start=228428303 fetch_input_end=228428304 fetch_input_duration_ms=0
[2026-01-30 18:53:07.457] [info] [spider.worker] [TIMING] task_id=2fcd0c20-51cd-43bb-b7b7-a87cf30dee98 func=job_orchestration.executor.query.spider_search_task.search_without_channel execution_start=228428305 execution_end=228429665 execution_duration_ms=1360
[2026-01-30 18:53:07.468] [info] [spider.worker] [TIMING] task_id=2fcd0c20-51cd-43bb-b7b7-a87cf30dee98 func=job_orchestration.executor.query.spider_search_task.search_without_channel submit_output_start=228429667 submit_output_end=228429677 submit_output_duration_ms=9
[2026-01-30 18:53:07.479] [info] [spider.worker] [TIMING] task_id=c41bffef-583e-4a89-bcbf-1e786c7c6115 func=job_orchestration.executor.query.spider_search_task.search_without_channel fetch_input_start=228429687 fetch_input_end=228429687 fetch_input_duration_ms=0
[2026-01-30 18:53:08.683] [info] [spider.worker] [TIMING] task_id=c41bffef-583e-4a89-bcbf-1e786c7c6115 func=job_orchestration.executor.query.spider_search_task.search_without_channel execution_start=228429688 execution_end=228430891 execution_duration_ms=1203
[2026-01-30 18:53:08.694] [info] [spider.worker] [TIMING] task_id=c41bffef-583e-4a89-bcbf-1e786c7c6115 func=job_orchestration.executor.query.spider_search_task.search_without_channel submit_output_start=228430893 submit_output_end=228430902 submit_output_duration_ms=9
[2026-01-30 18:53:08.723] [info] [spider.worker] [TIMING] task_id=f2d4df06-6c8b-4e71-a639-1b2a5d25e9a0 func=job_orchestration.executor.query.spider_search_task.search_without_channel fetch_input_start=228430930 fetch_input_end=228430931 fetch_input_duration_ms=1
[2026-01-30 18:53:09.951] [info] [spider.worker] [TIMING] task_id=f2d4df06-6c8b-4e71-a639-1b2a5d25e9a0 func=job_orchestration.executor.query.spider_search_task.search_without_channel execution_start=228430932 execution_end=228432160 execution_duration_ms=1227
[2026-01-30 18:53:09.960] [info] [spider.worker] [TIMING] task_id=f2d4df06-6c8b-4e71-a639-1b2a5d25e9a0 func=job_orchestration.executor.query.spider_search_task.search_without_channel submit_output_start=228432162 submit_output_end=228432169 submit_output_duration_ms=7
[2026-01-30 18:53:10.001] [info] [spider.worker] [TIMING] task_id=e2d98c7b-701b-45bc-912a-93091f375932 func=job_orchestration.executor.query.spider_search_task.search_without_channel fetch_input_start=228432208 fetch_input_end=228432209 fetch_input_duration_ms=0
[2026-01-30 18:53:11.118] [info] [spider.worker] [TIMING] task_id=e2d98c7b-701b-45bc-912a-93091f375932 func=job_orchestration.executor.query.spider_search_task.search_without_channel execution_start=228432210 execution_end=228433326 execution_duration_ms=1116
[2026-01-30 18:53:11.150] [info] [spider.worker] [TIMING] task_id=e2d98c7b-701b-45bc-912a-93091f375932 func=job_orchestration.executor.query.spider_search_task.search_without_channel submit_output_start=228433328 submit_output_end=228433359 submit_output_duration_ms=30
[2026-01-30 18:53:11.172] [info] [spider.worker] [TIMING] task_id=f6c8907d-5cac-4623-a257-f4be1ea1da43 func=job_orchestration.executor.query.spider_search_task.search_without_channel fetch_input_start=228433379 fetch_input_end=228433380 fetch_input_duration_ms=1
[2026-01-30 18:53:12.381] [info] [spider.worker] [TIMING] task_id=f6c8907d-5cac-4623-a257-f4be1ea1da43 func=job_orchestration.executor.query.spider_search_task.search_without_channel execution_start=228433381 execution_end=228434589 execution_duration_ms=1207
[2026-01-30 18:53:12.394] [info] [spider.worker] [TIMING] task_id=f6c8907d-5cac-4623-a257-f4be1ea1da43 func=job_orchestration.executor.query.spider_search_task.search_without_channel submit_output_start=228434591 submit_output_end=228434603 submit_output_duration_ms=11
[2026-01-30 18:53:12.414] [info] [spider.worker] [TIMING] task_id=0e4ed417-c07c-49e8-91ad-3ec3bddd91c8 func=job_orchestration.executor.query.spider_search_task.search_without_channel fetch_input_start=228434621 fetch_input_end=228434622 fetch_input_duration_ms=1
[2026-01-30 18:53:13.785] [info] [spider.worker] [TIMING] task_id=0e4ed417-c07c-49e8-91ad-3ec3bddd91c8 func=job_orchestration.executor.query.spider_search_task.search_without_channel execution_start=228434623 execution_end=228435994 execution_duration_ms=1370
[2026-01-30 18:53:13.795] [info] [spider.worker] [TIMING] task_id=0e4ed417-c07c-49e8-91ad-3ec3bddd91c8 func=job_orchestration.executor.query.spider_search_task.search_without_channel submit_output_start=228435996 submit_output_end=228436003 submit_output_duration_ms=7
[2026-01-30 18:53:13.814] [info] [spider.worker] [TIMING] task_id=dd1b729b-c565-4cb2-9431-1b5f10c0b888 func=job_orchestration.executor.query.spider_search_task.search_without_channel fetch_input_start=228436021 fetch_input_end=228436022 fetch_input_duration_ms=1
[2026-01-30 18:53:14.973] [info] [spider.worker] [TIMING] task_id=dd1b729b-c565-4cb2-9431-1b5f10c0b888 func=job_orchestration.executor.query.spider_search_task.search_without_channel execution_start=228436023 execution_end=228437182 execution_duration_ms=1158
[2026-01-30 18:53:14.986] [info] [spider.worker] [TIMING] task_id=dd1b729b-c565-4cb2-9431-1b5f10c0b888 func=job_orchestration.executor.query.spider_search_task.search_without_channel submit_output_start=228437183 submit_output_end=228437195 submit_output_duration_ms=11
[2026-01-30 18:53:15.006] [info] [spider.worker] [TIMING] task_id=1258b8e5-248e-4e54-b972-44ec87f32e88 func=job_orchestration.executor.query.spider_search_task.search_without_channel fetch_input_start=228437213 fetch_input_end=228437214 fetch_input_duration_ms=0
[2026-01-30 18:53:16.237] [info] [spider.worker] [TIMING] task_id=1258b8e5-248e-4e54-b972-44ec87f32e88 func=job_orchestration.executor.query.spider_search_task.search_without_channel execution_start=228437215 execution_end=228438445 execution_duration_ms=1230
[2026-01-30 18:53:16.254] [info] [spider.worker] [TIMING] task_id=1258b8e5-248e-4e54-b972-44ec87f32e88 func=job_orchestration.executor.query.spider_search_task.search_without_channel submit_output_start=228438447 submit_output_end=228438462 submit_output_duration_ms=15
[2026-01-30 18:53:16.289] [info] [spider.worker] [TIMING] task_id=85265cbe-c221-4344-8541-ca2c93d819ce func=job_orchestration.executor.query.spider_search_task.search_without_channel fetch_input_start=228438496 fetch_input_end=228438497 fetch_input_duration_ms=1
[2026-01-30 18:53:17.484] [info] [spider.worker] [TIMING] task_id=85265cbe-c221-4344-8541-ca2c93d819ce func=job_orchestration.executor.query.spider_search_task.search_without_channel execution_start=228438498 execution_end=228439693 execution_duration_ms=1194
[2026-01-30 18:53:17.496] [info] [spider.worker] [TIMING] task_id=85265cbe-c221-4344-8541-ca2c93d819ce func=job_orchestration.executor.query.spider_search_task.search_without_channel submit_output_start=228439694 submit_output_end=228439704 submit_output_duration_ms=9
[2026-01-30 18:53:17.532] [info] [spider.worker] [TIMING] task_id=19e7378b-ccf2-4945-83e3-138fabf9f568 func=job_orchestration.executor.query.spider_search_task.search_without_channel fetch_input_start=228439739 fetch_input_end=228439740 fetch_input_duration_ms=0
[2026-01-30 18:53:18.816] [info] [spider.worker] [TIMING] task_id=19e7378b-ccf2-4945-83e3-138fabf9f568 func=job_orchestration.executor.query.spider_search_task.search_without_channel execution_start=228439740 execution_end=228441025 execution_duration_ms=1284
[2026-01-30 18:53:18.846] [info] [spider.worker] [TIMING] task_id=19e7378b-ccf2-4945-83e3-138fabf9f568 func=job_orchestration.executor.query.spider_search_task.search_without_channel submit_output_start=228441032 submit_output_end=228441054 submit_output_duration_ms=21
[2026-01-30 18:53:18.877] [info] [spider.worker] [TIMING] task_id=07fa14e5-30ff-4720-9527-bd836c1b8da6 func=job_orchestration.executor.query.spider_search_task.search_without_channel fetch_input_start=228441084 fetch_input_end=228441085 fetch_input_duration_ms=1
[2026-01-30 18:53:20.212] [info] [spider.worker] [TIMING] task_id=07fa14e5-30ff-4720-9527-bd836c1b8da6 func=job_orchestration.executor.query.spider_search_task.search_without_channel execution_start=228441086 execution_end=228442420 execution_duration_ms=1334
[2026-01-30 18:53:20.252] [info] [spider.worker] [TIMING] task_id=07fa14e5-30ff-4720-9527-bd836c1b8da6 func=job_orchestration.executor.query.spider_search_task.search_without_channel submit_output_start=228442422 submit_output_end=228442461 submit_output_duration_ms=38
[2026-01-30 18:53:20.273] [info] [spider.worker] [TIMING] task_id=bbd45d91-30be-44e8-b31b-97590a0791ba func=job_orchestration.executor.query.spider_search_task.search_without_channel fetch_input_start=228442481 fetch_input_end=228442482 fetch_input_duration_ms=0
[2026-01-30 18:53:21.681] [info] [spider.worker] [TIMING] task_id=bbd45d91-30be-44e8-b31b-97590a0791ba func=job_orchestration.executor.query.spider_search_task.search_without_channel execution_start=228442483 execution_end=228443889 execution_duration_ms=1406
[2026-01-30 18:53:21.705] [info] [spider.worker] [TIMING] task_id=bbd45d91-30be-44e8-b31b-97590a0791ba func=job_orchestration.executor.query.spider_search_task.search_without_channel submit_output_start=228443891 submit_output_end=228443914 submit_output_duration_ms=22
[2026-01-30 18:53:21.724] [info] [spider.worker] [TIMING] task_id=8767a4dc-6863-48f4-8278-860fdc5e7827 func=job_orchestration.executor.query.spider_search_task.search_without_channel fetch_input_start=228443931 fetch_input_end=228443932 fetch_input_duration_ms=0
[2026-01-30 18:53:22.813] [info] [spider.worker] [TIMING] task_id=8767a4dc-6863-48f4-8278-860fdc5e7827 func=job_orchestration.executor.query.spider_search_task.search_without_channel execution_start=228443933 execution_end=228445022 execution_duration_ms=1088
[2026-01-30 18:53:22.855] [info] [spider.worker] [TIMING] task_id=8767a4dc-6863-48f4-8278-860fdc5e7827 func=job_orchestration.executor.query.spider_search_task.search_without_channel submit_output_start=228445023 submit_output_end=228445063 submit_output_duration_ms=39
[2026-01-30 18:53:22.866] [info] [spider.worker] [TIMING] task_id=b956e28f-b3c5-4c3f-8f78-18224f2454ef func=job_orchestration.executor.query.spider_search_task.search_without_channel fetch_input_start=228445073 fetch_input_end=228445074 fetch_input_duration_ms=1
[2026-01-30 18:53:24.166] [info] [spider.worker] [TIMING] task_id=b956e28f-b3c5-4c3f-8f78-18224f2454ef func=job_orchestration.executor.query.spider_search_task.search_without_channel execution_start=228445075 execution_end=228446375 execution_duration_ms=1300
[2026-01-30 18:53:24.188] [info] [spider.worker] [TIMING] task_id=b956e28f-b3c5-4c3f-8f78-18224f2454ef func=job_orchestration.executor.query.spider_search_task.search_without_channel submit_output_start=228446377 submit_output_end=228446396 submit_output_duration_ms=19
[2026-01-30 18:53:24.232] [info] [spider.worker] [TIMING] task_id=d786e4a1-3093-4226-ad4a-c6eb67a4d492 func=job_orchestration.executor.query.spider_search_task.search_without_channel fetch_input_start=228446440 fetch_input_end=228446441 fetch_input_duration_ms=0
[2026-01-30 18:53:25.597] [info] [spider.worker] [TIMING] task_id=d786e4a1-3093-4226-ad4a-c6eb67a4d492 func=job_orchestration.executor.query.spider_search_task.search_without_channel execution_start=228446441 execution_end=228447806 execution_duration_ms=1364
[2026-01-30 18:53:25.639] [info] [spider.worker] [TIMING] task_id=d786e4a1-3093-4226-ad4a-c6eb67a4d492 func=job_orchestration.executor.query.spider_search_task.search_without_channel submit_output_start=228447814 submit_output_end=228447847 submit_output_duration_ms=32
[2026-01-30 18:53:25.675] [info] [spider.worker] [TIMING] task_id=11079979-82aa-4cf8-a012-144dfb5dacd3 func=job_orchestration.executor.query.spider_search_task.search_without_channel fetch_input_start=228447882 fetch_input_end=228447883 fetch_input_duration_ms=0
[2026-01-30 18:53:26.803] [info] [spider.worker] [TIMING] task_id=11079979-82aa-4cf8-a012-144dfb5dacd3 func=job_orchestration.executor.query.spider_search_task.search_without_channel execution_start=228447884 execution_end=228449011 execution_duration_ms=1127
[2026-01-30 18:53:26.833] [info] [spider.worker] [TIMING] task_id=11079979-82aa-4cf8-a012-144dfb5dacd3 func=job_orchestration.executor.query.spider_search_task.search_without_channel submit_output_start=228449013 submit_output_end=228449041 submit_output_duration_ms=27
[2026-01-30 18:53:26.850] [info] [spider.worker] [TIMING] task_id=254e376d-2460-440e-9d59-c7e02d1c102b func=job_orchestration.executor.query.spider_search_task.search_without_channel fetch_input_start=228449057 fetch_input_end=228449058 fetch_input_duration_ms=1
[2026-01-30 18:53:28.039] [info] [spider.worker] [TIMING] task_id=254e376d-2460-440e-9d59-c7e02d1c102b func=job_orchestration.executor.query.spider_search_task.search_without_channel execution_start=228449059 execution_end=228450247 execution_duration_ms=1188
[2026-01-30 18:53:28.103] [info] [spider.worker] [TIMING] task_id=254e376d-2460-440e-9d59-c7e02d1c102b func=job_orchestration.executor.query.spider_search_task.search_without_channel submit_output_start=228450249 submit_output_end=228450311 submit_output_duration_ms=62
[2026-01-30 18:53:28.147] [info] [spider.worker] [TIMING] task_id=006b65e0-f937-4c77-b227-b1292b878aa3 func=job_orchestration.executor.query.spider_search_task.search_without_channel fetch_input_start=228450354 fetch_input_end=228450355 fetch_input_duration_ms=0
[2026-01-30 18:53:29.383] [info] [spider.worker] [TIMING] task_id=006b65e0-f937-4c77-b227-b1292b878aa3 func=job_orchestration.executor.query.spider_search_task.search_without_channel execution_start=228450356 execution_end=228451591 execution_duration_ms=1235
[2026-01-30 18:53:29.397] [info] [spider.worker] [TIMING] task_id=006b65e0-f937-4c77-b227-b1292b878aa3 func=job_orchestration.executor.query.spider_search_task.search_without_channel submit_output_start=228451593 submit_output_end=228451606 submit_output_duration_ms=12
[2026-01-30 18:53:29.417] [info] [spider.worker] [TIMING] task_id=f415ffa2-6a7e-40f7-85c9-ddfd2513907f func=job_orchestration.executor.query.spider_search_task.search_without_channel fetch_input_start=228451624 fetch_input_end=228451625 fetch_input_duration_ms=1
[2026-01-30 18:53:30.574] [info] [spider.worker] [TIMING] task_id=f415ffa2-6a7e-40f7-85c9-ddfd2513907f func=job_orchestration.executor.query.spider_search_task.search_without_channel execution_start=228451626 execution_end=228452782 execution_duration_ms=1156
[2026-01-30 18:53:30.608] [info] [spider.worker] [TIMING] task_id=f415ffa2-6a7e-40f7-85c9-ddfd2513907f func=job_orchestration.executor.query.spider_search_task.search_without_channel submit_output_start=228452784 submit_output_end=228452816 submit_output_duration_ms=31
[2026-01-30 18:53:30.626] [info] [spider.worker] [TIMING] task_id=b9cf5dab-c4f4-4ccc-96ff-1157660344e5 func=job_orchestration.executor.query.spider_search_task.search_without_channel fetch_input_start=228452833 fetch_input_end=228452834 fetch_input_duration_ms=1
[2026-01-30 18:53:31.772] [info] [spider.worker] [TIMING] task_id=b9cf5dab-c4f4-4ccc-96ff-1157660344e5 func=job_orchestration.executor.query.spider_search_task.search_without_channel execution_start=228452835 execution_end=228453981 execution_duration_ms=1145
[2026-01-30 18:53:31.789] [info] [spider.worker] [TIMING] task_id=b9cf5dab-c4f4-4ccc-96ff-1157660344e5 func=job_orchestration.executor.