[2026-01-30 19:54:16.413] [warning] [spider.worker] Prefer using `SPIDER_STORAGE_URL` environment variable over `--storage_url` argument.
[2026-01-30 19:55:08.644] [info] [spider.worker] [TIMING] task_id=1b183826-4464-474c-b13d-153fc0ed0226 func=job_orchestration.executor.query.spider_search_task.search_without_channel fetch_input_start=232150851 fetch_input_end=232150853 fetch_input_duration_ms=1
[2026-01-30 19:55:08.645] [info] [spider.worker] [TIMING] task_id=1b183826-4464-474c-b13d-153fc0ed0226 func=job_orchestration.executor.query.spider_search_task.search_without_channel input_send_start=232150854 input_send_end=232150854 input_send_duration_ms=0 bytes=626
[2026-01-30 19:55:08.645] [info] [spider.worker] [TIMING] task_id=1b183826-4464-474c-b13d-153fc0ed0226 func=job_orchestration.executor.query.spider_search_task.search_without_channel spawn_start=232150853 spawn_end=232150854 spawn_duration_ms=0
[2026-01-30 19:55:09.865] [info] [spider.worker] [TIMING] task_id=1b183826-4464-474c-b13d-153fc0ed0226 func=job_orchestration.executor.query.spider_search_task.search_without_channel execution_start=232150854 execution_end=232152073 execution_duration_ms=1219
[2026-01-30 19:55:09.898] [info] [spider.worker] [TIMING] task_id=1b183826-4464-474c-b13d-153fc0ed0226 func=job_orchestration.executor.query.spider_search_task.search_without_channel submit_output_start=232152075 submit_output_end=232152106 submit_output_duration_ms=31
[2026-01-30 19:55:09.967] [info] [spider.worker] [TIMING] task_id=50bef336-844a-4fb4-91b5-d6b80da318fb func=job_orchestration.executor.query.spider_search_task.search_without_channel fetch_input_start=232152174 fetch_input_end=232152175 fetch_input_duration_ms=0
[2026-01-30 19:55:09.967] [info] [spider.worker] [TIMING] task_id=50bef336-844a-4fb4-91b5-d6b80da318fb func=job_orchestration.executor.query.spider_search_task.search_without_channel input_send_start=232152176 input_send_end=232152176 input_send_duration_ms=0 bytes=626
[2026-01-30 19:55:09.967] [info] [spider.worker] [TIMING] task_id=50bef336-844a-4fb4-91b5-d6b80da318fb func=job_orchestration.executor.query.spider_search_task.search_without_channel spawn_start=232152175 spawn_end=232152176 spawn_duration_ms=0
[2026-01-30 19:55:11.058] [info] [spider.worker] [TIMING] task_id=50bef336-844a-4fb4-91b5-d6b80da318fb func=job_orchestration.executor.query.spider_search_task.search_without_channel execution_start=232152176 execution_end=232153266 execution_duration_ms=1090
[2026-01-30 19:55:11.088] [info] [spider.worker] [TIMING] task_id=50bef336-844a-4fb4-91b5-d6b80da318fb func=job_orchestration.executor.query.spider_search_task.search_without_channel submit_output_start=232153275 submit_output_end=232153296 submit_output_duration_ms=21
[2026-01-30 19:55:11.127] [info] [spider.worker] [TIMING] task_id=9ccea586-f559-4807-b469-96ab0204e003 func=job_orchestration.executor.query.spider_search_task.search_without_channel fetch_input_start=232153335 fetch_input_end=232153336 fetch_input_duration_ms=0
[2026-01-30 19:55:11.128] [info] [spider.worker] [TIMING] task_id=9ccea586-f559-4807-b469-96ab0204e003 func=job_orchestration.executor.query.spider_search_task.search_without_channel input_send_start=232153336 input_send_end=232153336 input_send_duration_ms=0 bytes=626
[2026-01-30 19:55:11.128] [info] [spider.worker] [TIMING] task_id=9ccea586-f559-4807-b469-96ab0204e003 func=job_orchestration.executor.query.spider_search_task.search_without_channel spawn_start=232153336 spawn_end=232153336 spawn_duration_ms=0
[2026-01-30 19:55:12.607] [info] [spider.worker] [TIMING] task_id=9ccea586-f559-4807-b469-96ab0204e003 func=job_orchestration.executor.query.spider_search_task.search_without_channel execution_start=232153336 execution_end=232154815 execution_duration_ms=1478
[2026-01-30 19:55:12.622] [info] [spider.worker] [TIMING] task_id=9ccea586-f559-4807-b469-96ab0204e003 func=job_orchestration.executor.query.spider_search_task.search_without_channel submit_output_start=232154817 submit_output_end=232154830 submit_output_duration_ms=13
[2026-01-30 19:55:12.658] [info] [spider.worker] [TIMING] task_id=5a65b7e0-4ddd-41b5-af45-a749e358ea00 func=job_orchestration.executor.query.spider_search_task.search_without_channel fetch_input_start=232154865 fetch_input_end=232154866 fetch_input_duration_ms=0
[2026-01-30 19:55:12.658] [info] [spider.worker] [TIMING] task_id=5a65b7e0-4ddd-41b5-af45-a749e358ea00 func=job_orchestration.executor.query.spider_search_task.search_without_channel input_send_start=232154867 input_send_end=232154867 input_send_duration_ms=0 bytes=626
[2026-01-30 19:55:12.658] [info] [spider.worker] [TIMING] task_id=5a65b7e0-4ddd-41b5-af45-a749e358ea00 func=job_orchestration.executor.query.spider_search_task.search_without_channel spawn_start=232154866 spawn_end=232154867 spawn_duration_ms=0
[2026-01-30 19:55:13.794] [info] [spider.worker] [TIMING] task_id=5a65b7e0-4ddd-41b5-af45-a749e358ea00 func=job_orchestration.executor.query.spider_search_task.search_without_channel execution_start=232154867 execution_end=232156002 execution_duration_ms=1135
[2026-01-30 19:55:13.814] [info] [spider.worker] [TIMING] task_id=5a65b7e0-4ddd-41b5-af45-a749e358ea00 func=job_orchestration.executor.query.spider_search_task.search_without_channel submit_output_start=232156007 submit_output_end=232156022 submit_output_duration_ms=15
[2026-01-30 19:55:13.825] [info] [spider.worker] [TIMING] task_id=7b7298f9-4299-48fe-a8d7-5239c5231805 func=job_orchestration.executor.query.spider_search_task.search_without_channel fetch_input_start=232156032 fetch_input_end=232156033 fetch_input_duration_ms=0
[2026-01-30 19:55:13.825] [info] [spider.worker] [TIMING] task_id=7b7298f9-4299-48fe-a8d7-5239c5231805 func=job_orchestration.executor.query.spider_search_task.search_without_channel input_send_start=232156033 input_send_end=232156033 input_send_duration_ms=0 bytes=626
[2026-01-30 19:55:13.825] [info] [spider.worker] [TIMING] task_id=7b7298f9-4299-48fe-a8d7-5239c5231805 func=job_orchestration.executor.query.spider_search_task.search_without_channel spawn_start=232156033 spawn_end=232156033 spawn_duration_ms=0
[2026-01-30 19:55:15.216] [info] [spider.worker] [TIMING] task_id=7b7298f9-4299-48fe-a8d7-5239c5231805 func=job_orchestration.executor.query.spider_search_task.search_without_channel execution_start=232156034 execution_end=232157424 execution_duration_ms=1390
[2026-01-30 19:55:15.252] [info] [spider.worker] [TIMING] task_id=7b7298f9-4299-48fe-a8d7-5239c5231805 func=job_orchestration.executor.query.spider_search_task.search_without_channel submit_output_start=232157425 submit_output_end=232157460 submit_output_duration_ms=34
[2026-01-30 19:55:15.276] [info] [spider.worker] [TIMING] task_id=7ef65f5b-f9f9-418b-bb8e-e65b360add8d func=job_orchestration.executor.query.spider_search_task.search_without_channel fetch_input_start=232157483 fetch_input_end=232157484 fetch_input_duration_ms=1
[2026-01-30 19:55:15.276] [info] [spider.worker] [TIMING] task_id=7ef65f5b-f9f9-418b-bb8e-e65b360add8d func=job_orchestration.executor.query.spider_search_task.search_without_channel input_send_start=232157485 input_send_end=232157485 input_send_duration_ms=0 bytes=626
[2026-01-30 19:55:15.276] [info] [spider.worker] [TIMING] task_id=7ef65f5b-f9f9-418b-bb8e-e65b360add8d func=job_orchestration.executor.query.spider_search_task.search_without_channel spawn_start=232157484 spawn_end=232157485 spawn_duration_ms=0
[2026-01-30 19:55:16.486] [info] [spider.worker] [TIMING] task_id=7ef65f5b-f9f9-418b-bb8e-e65b360add8d func=job_orchestration.executor.query.spider_search_task.search_without_channel execution_start=232157485 execution_end=232158694 execution_duration_ms=1209
[2026-01-30 19:55:16.523] [info] [spider.worker] [TIMING] task_id=7ef65f5b-f9f9-418b-bb8e-e65b360add8d func=job_orchestration.executor.query.spider_search_task.search_without_channel submit_output_start=232158696 submit_output_end=232158731 submit_output_duration_ms=35
[2026-01-30 19:55:16.565] [info] [spider.worker] [TIMING] task_id=0cff610a-ffa9-48ce-901b-302eabefbb2e func=job_orchestration.executor.query.spider_search_task.search_without_channel fetch_input_start=232158773 fetch_input_end=232158774 fetch_input_duration_ms=0
[2026-01-30 19:55:16.566] [info] [spider.worker] [TIMING] task_id=0cff610a-ffa9-48ce-901b-302eabefbb2e func=job_orchestration.executor.query.spider_search_task.search_without_channel input_send_start=232158774 input_send_end=232158774 input_send_duration_ms=0 bytes=626
[2026-01-30 19:55:16.566] [info] [spider.worker] [TIMING] task_id=0cff610a-ffa9-48ce-901b-302eabefbb2e func=job_orchestration.executor.query.spider_search_task.search_without_channel spawn_start=232158774 spawn_end=232158774 spawn_duration_ms=0
[2026-01-30 19:55:17.714] [info] [spider.worker] [TIMING] task_id=0cff610a-ffa9-48ce-901b-302eabefbb2e func=job_orchestration.executor.query.spider_search_task.search_without_channel execution_start=232158774 execution_end=232159922 execution_duration_ms=1147
[2026-01-30 19:55:17.748] [info] [spider.worker] [TIMING] task_id=0cff610a-ffa9-48ce-901b-302eabefbb2e func=job_orchestration.executor.query.spider_search_task.search_without_channel submit_output_start=232159924 submit_output_end=232159957 submit_output_duration_ms=32
[2026-01-30 19:55:17.759] [info] [spider.worker] [TIMING] task_id=beb1660a-a9af-4b33-acbb-6ec9aa88d840 func=job_orchestration.executor.query.spider_search_task.search_without_channel fetch_input_start=232159966 fetch_input_end=232159967 fetch_input_duration_ms=0
[2026-01-30 19:55:17.759] [info] [spider.worker] [TIMING] task_id=beb1660a-a9af-4b33-acbb-6ec9aa88d840 func=job_orchestration.executor.query.spider_search_task.search_without_channel input_send_start=232159968 input_send_end=232159968 input_send_duration_ms=0 bytes=626
[2026-01-30 19:55:17.759] [info] [spider.worker] [TIMING] task_id=beb1660a-a9af-4b33-acbb-6ec9aa88d840 func=job_orchestration.executor.query.spider_search_task.search_without_channel spawn_start=232159967 spawn_end=232159968 spawn_duration_ms=0
[2026-01-30 19:55:19.035] [info] [spider.worker] [TIMING] task_id=beb1660a-a9af-4b33-acbb-6ec9aa88d840 func=job_orchestration.executor.query.spider_search_task.search_without_channel execution_start=232159968 execution_end=232161243 execution_duration_ms=1275
[2026-01-30 19:55:19.057] [info] [spider.worker] [TIMING] task_id=beb1660a-a9af-4b33-acbb-6ec9aa88d840 func=job_orchestration.executor.query.spider_search_task.search_without_channel submit_output_start=232161245 submit_output_end=232161265 submit_output_duration_ms=19
[2026-01-30 19:55:19.082] [info] [spider.worker] [TIMING] task_id=1c55ba46-efae-4dac-88a8-743f2b710715 func=job_orchestration.executor.query.spider_search_task.search_without_channel fetch_input_start=232161289 fetch_input_end=232161290 fetch_input_duration_ms=1
[2026-01-30 19:55:19.083] [info] [spider.worker] [TIMING] task_id=1c55ba46-efae-4dac-88a8-743f2b710715 func=job_orchestration.executor.query.spider_search_task.search_without_channel input_send_start=232161291 input_send_end=232161291 input_send_duration_ms=0 bytes=626
[2026-01-30 19:55:19.083] [info] [spider.worker] [TIMING] task_id=1c55ba46-efae-4dac-88a8-743f2b710715 func=job_orchestration.executor.query.spider_search_task.search_without_channel spawn_start=232161291 spawn_end=232161291 spawn_duration_ms=0
[2026-01-30 19:55:20.361] [info] [spider.worker] [TIMING] task_id=1c55ba46-efae-4dac-88a8-743f2b710715 func=job_orchestration.executor.query.spider_search_task.search_without_channel execution_start=232161291 execution_end=232162569 execution_duration_ms=1277
[2026-01-30 19:55:20.374] [info] [spider.worker] [TIMING] task_id=1c55ba46-efae-4dac-88a8-743f2b710715 func=job_orchestration.executor.query.spider_search_task.search_without_channel submit_output_start=232162570 submit_output_end=232162582 submit_output_duration_ms=11
[2026-01-30 19:55:20.418] [info] [spider.worker] [TIMING] task_id=e68188d7-a07f-45e9-8fe6-e4706a06ac5b func=job_orchestration.executor.query.spider_search_task.search_without_channel fetch_input_start=232162625 fetch_input_end=232162626 fetch_input_duration_ms=0
[2026-01-30 19:55:20.419] [info] [spider.worker] [TIMING] task_id=e68188d7-a07f-45e9-8fe6-e4706a06ac5b func=job_orchestration.executor.query.spider_search_task.search_without_channel input_send_start=232162627 input_send_end=232162627 input_send_duration_ms=0 bytes=626
[2026-01-30 19:55:20.419] [info] [spider.worker] [TIMING] task_id=e68188d7-a07f-45e9-8fe6-e4706a06ac5b func=job_orchestration.executor.query.spider_search_task.search_without_channel spawn_start=232162626 spawn_end=232162627 spawn_duration_ms=0
[2026-01-30 19:55:21.641] [info] [spider.worker] [TIMING] task_id=e68188d7-a07f-45e9-8fe6-e4706a06ac5b func=job_orchestration.executor.query.spider_search_task.search_without_channel execution_start=232162627 execution_end=232163849 execution_duration_ms=1222
[2026-01-30 19:55:21.666] [info] [spider.worker] [TIMING] task_id=e68188d7-a07f-45e9-8fe6-e4706a06ac5b func=job_orchestration.executor.query.spider_search_task.search_without_channel submit_output_start=232163858 submit_output_end=232163874 submit_output_duration_ms=16
[2026-01-30 19:55:21.702] [info] [spider.worker] [TIMING] task_id=eef9aade-b352-4c83-a9fe-a407d31515fa func=job_orchestration.executor.query.spider_search_task.search_without_channel fetch_input_start=232163910 fetch_input_end=232163911 fetch_input_duration_ms=1
[2026-01-30 19:55:21.703] [info] [spider.worker] [TIMING] task_id=eef9aade-b352-4c83-a9fe-a407d31515fa func=job_orchestration.executor.query.spider_search_task.search_without_channel input_send_start=232163911 input_send_end=232163911 input_send_duration_ms=0 bytes=626
[2026-01-30 19:55:21.703] [info] [spider.worker] [TIMING] task_id=eef9aade-b352-4c83-a9fe-a407d31515fa func=job_orchestration.executor.query.spider_search_task.search_without_channel spawn_start=232163911 spawn_end=232163911 spawn_duration_ms=0
[2026-01-30 19:55:22.964] [info] [spider.worker] [TIMING] task_id=eef9aade-b352-4c83-a9fe-a407d31515fa func=job_orchestration.executor.query.spider_search_task.search_without_channel execution_start=232163912 execution_end=232165172 execution_duration_ms=1260
[2026-01-30 19:55:23.002] [info] [spider.worker] [TIMING] task_id=eef9aade-b352-4c83-a9fe-a407d31515fa func=job_orchestration.executor.query.spider_search_task.search_without_channel submit_output_start=232165173 submit_output_end=232165211 submit_output_duration_ms=37
[2026-01-30 19:55:23.027] [info] [spider.worker] [TIMING] task_id=9697765e-a9e3-49e9-9f48-cb41b87f877d func=job_orchestration.executor.query.spider_search_task.search_without_channel fetch_input_start=232165234 fetch_input_end=232165235 fetch_input_duration_ms=1
[2026-01-30 19:55:23.027] [info] [spider.worker] [TIMING] task_id=9697765e-a9e3-49e9-9f48-cb41b87f877d func=job_orchestration.executor.query.spider_search_task.search_without_channel input_send_start=232165236 input_send_end=232165236 input_send_duration_ms=0 bytes=626
[2026-01-30 19:55:23.027] [info] [spider.worker] [TIMING] task_id=9697765e-a9e3-49e9-9f48-cb41b87f877d func=job_orchestration.executor.query.spider_search_task.search_without_channel spawn_start=232165235 spawn_end=232165236 spawn_duration_ms=0
[2026-01-30 19:55:24.154] [info] [spider.worker] [TIMING] task_id=9697765e-a9e3-49e9-9f48-cb41b87f877d func=job_orchestration.executor.query.spider_search_task.search_without_channel execution_start=232165236 execution_end=232166362 execution_duration_ms=1125
[2026-01-30 19:55:24.196] [info] [spider.worker] [TIMING] task_id=9697765e-a9e3-49e9-9f48-cb41b87f877d func=job_orchestration.executor.query.spider_search_task.search_without_channel submit_output_start=232166364 submit_output_end=232166404 submit_output_duration_ms=40
[2026-01-30 19:55:24.307] [info] [spider.worker] [TIMING] task_id=8bd3e2ec-d4e6-4372-ab7e-a322da010d89 func=job_orchestration.executor.query.spider_search_task.search_without_channel fetch_input_start=232166515 fetch_input_end=232166516 fetch_input_duration_ms=0
[2026-01-30 19:55:24.308] [info] [spider.worker] [TIMING] task_id=8bd3e2ec-d4e6-4372-ab7e-a322da010d89 func=job_orchestration.executor.query.spider_search_task.search_without_channel input_send_start=232166516 input_send_end=232166516 input_send_duration_ms=0 bytes=626
[2026-01-30 19:55:24.308] [info] [spider.worker] [TIMING] task_id=8bd3e2ec-d4e6-4372-ab7e-a322da010d89 func=job_orchestration.executor.query.spider_search_task.search_without_channel spawn_start=232166516 spawn_end=232166516 spawn_duration_ms=0
[2026-01-30 19:55:25.425] [info] [spider.worker] [TIMING] task_id=8bd3e2ec-d4e6-4372-ab7e-a322da010d89 func=job_orchestration.executor.query.spider_search_task.search_without_channel execution_start=232166516 execution_end=232167633 execution_duration_ms=1116
[2026-01-30 19:55:25.433] [info] [spider.worker] [TIMING] task_id=8bd3e2ec-d4e6-4372-ab7e-a322da010d89 func=job_orchestration.executor.query.spider_search_task.search_without_channel submit_output_start=232167634 submit_output_end=232167641 submit_output_duration_ms=6
[2026-01-30 19:55:25.477] [info] [spider.worker] [TIMING] task_id=ec691420-7926-44f1-b0b2-5a00b724bdc4 func=job_orchestration.executor.query.spider_search_task.search_without_channel fetch_input_start=232167684 fetch_input_end=232167685 fetch_input_duration_ms=1
[2026-01-30 19:55:25.477] [info] [spider.worker] [TIMING] task_id=ec691420-7926-44f1-b0b2-5a00b724bdc4 func=job_orchestration.executor.query.spider_search_task.search_without_channel input_send_start=232167686 input_send_end=232167686 input_send_duration_ms=0 bytes=626
[2026-01-30 19:55:25.477] [info] [spider.worker] [TIMING] task_id=ec691420-7926-44f1-b0b2-5a00b724bdc4 func=job_orchestration.executor.query.spider_search_task.search_without_channel spawn_start=232167685 spawn_end=232167686 spawn_duration_ms=0
[2026-01-30 19:55:26.679] [info] [spider.worker] [TIMING] task_id=ec691420-7926-44f1-b0b2-5a00b724bdc4 func=job_orchestration.executor.query.spider_search_task.search_without_channel execution_start=232167686 execution_end=232168887 execution_duration_ms=1201
[2026-01-30 19:55:26.717] [info] [spider.worker] [TIMING] task_id=ec691420-7926-44f1-b0b2-5a00b724bdc4 func=job_orchestration.executor.query.spider_search_task.search_without_channel submit_output_start=232168889 submit_output_end=232168925 submit_output_duration_ms=35
[2026-01-30 19:55:26.736] [info] [spider.worker] [TIMING] task_id=af1c0233-53e9-4c17-a5d9-106bc1e79a54 func=job_orchestration.executor.query.spider_search_task.search_without_channel fetch_input_start=232168944 fetch_input_end=232168945 fetch_input_duration_ms=1
[2026-01-30 19:55:26.737] [info] [spider.worker] [TIMING] task_id=af1c0233-53e9-4c17-a5d9-106bc1e79a54 func=job_orchestration.executor.query.spider_search_task.search_without_channel input_send_start=232168945 input_send_end=232168945 input_send_duration_ms=0 bytes=626
[2026-01-30 19:55:26.737] [info] [spider.worker] [TIMING] task_id=af1c0233-53e9-4c17-a5d9-106bc1e79a54 func=job_orchestration.executor.query.spider_search_task.search_without_channel spawn_start=232168945 spawn_end=232168945 spawn_duration_ms=0
[2026-01-30 19:55:27.893] [info] [spider.worker] [TIMING] task_id=af1c0233-53e9-4c17-a5d9-106bc1e79a54 func=job_orchestration.executor.query.spider_search_task.search_without_channel execution_start=232168945 execution_end=232170101 execution_duration_ms=1155
[2026-01-30 19:55:27.900] [info] [spider.worker] [TIMING] task_id=af1c0233-53e9-4c17-a5d9-106bc1e79a54 func=job_orchestration.executor.query.spider_search_task.search_without_channel submit_output_start=232170103 submit_output_end=232170108 submit_output_duration_ms=5
[2026-01-30 19:55:27.920] [info] [spider.worker] [TIMING] task_id=1f91253f-29d2-4aba-90ab-7c6947dbaf64 func=job_orchestration.executor.query.spider_search_task.search_without_channel fetch_input_start=232170127 fetch_input_end=232170129 fetch_input_duration_ms=1
[2026-01-30 19:55:27.921] [info] [spider.worker] [TIMING] task_id=1f91253f-29d2-4aba-90ab-7c6947dbaf64 func=job_orchestration.executor.query.spider_search_task.search_without_channel input_send_start=232170129 input_send_end=232170129 input_send_duration_ms=0 bytes=626
[2026-01-30 19:55:27.921] [info] [spider.worker] [TIMING] task_id=1f91253f-29d2-4aba-90ab-7c6947dbaf64 func=job_orchestration.executor.query.spider_search_task.search_without_channel spawn_start=232170129 spawn_end=232170129 spawn_duration_ms=0
[2026-01-30 19:55:29.324] [info] [spider.worker] [TIMING] task_id=1f91253f-29d2-4aba-90ab-7c6947dbaf64 func=job_orchestration.executor.query.spider_search_task.search_without_channel execution_start=232170130 execution_end=232171533 execution_duration_ms=1403
[2026-01-30 19:55:29.365] [info] [spider.worker] [TIMING] task_id=1f91253f-29d2-4aba-90ab-7c6947dbaf64 func=job_orchestration.executor.query.spider_search_task.search_without_channel submit_output_start=232171534 submit_output_end=232171573 submit_output_duration_ms=38
[2026-01-30 19:55:29.412] [info] [spider.worker] [TIMING] task_id=f68bc0e8-621e-4bf9-a87c-d75c57da3480 func=job_orchestration.executor.query.spider_search_task.search_without_channel fetch_input_start=232171619 fetch_input_end=232171620 fetch_input_duration_ms=1
[2026-01-30 19:55:29.412] [info] [spider.worker] [TIMING] task_id=f68bc0e8-621e-4bf9-a87c-d75c57da3480 func=job_orchestration.executor.query.spider_search_task.search_without_channel input_send_start=232171621 input_send_end=232171621 input_send_duration_ms=0 bytes=626
[2026-01-30 19:55:29.412] [info] [spider.worker] [TIMING] task_id=f68bc0e8-621e-4bf9-a87c-d75c57da3480 func=job_orchestration.executor.query.spider_search_task.search_without_channel spawn_start=232171620 spawn_end=232171621 spawn_duration_ms=0
[2026-01-30 19:55:30.773] [info] [spider.worker] [TIMING] task_id=f68bc0e8-621e-4bf9-a87c-d75c57da3480 func=job_orchestration.executor.query.spider_search_task.search_without_channel execution_start=232171621 execution_end=232172981 execution_duration_ms=1360
[2026-01-30 19:55:30.810] [info] [spider.worker] [TIMING] task_id=f68bc0e8-621e-4bf9-a87c-d75c57da3480 func=job_orchestration.executor.query.spider_search_task.search_without_channel submit_output_start=232172984 submit_output_end=232173018 submit_output_duration_ms=34
[2026-01-30 19:55:30.829] [info] [spider.worker] [TIMING] task_id=50118bb1-9356-4566-b687-86c6a1b00038 func=job_orchestration.executor.query.spider_search_task.search_without_channel fetch_input_start=232173036 fetch_input_end=232173037 fetch_input_duration_ms=1
[2026-01-30 19:55:30.829] [info] [spider.worker] [TIMING] task_id=50118bb1-9356-4566-b687-86c6a1b00038 func=job_orchestration.executor.query.spider_search_task.search_without_channel input_send_start=232173038 input_send_end=232173038 input_send_duration_ms=0 bytes=626
[2026-01-30 19:55:30.829] [info] [spider.worker] [TIMING] task_id=50118bb1-9356-4566-b687-86c6a1b00038 func=job_orchestration.executor.query.spider_search_task.search_without_channel spawn_start=232173037 spawn_end=232173038 spawn_duration_ms=0
[2026-01-30 19:55:32.104] [info] [spider.worker] [TIMING] task_id=50118bb1-9356-4566-b687-86c6a1b00038 func=job_orchestration.executor.query.spider_search_task.search_without_channel execution_start=232173038 execution_end=232174313 execution_duration_ms=1274
[2026-01-30 19:55:32.143] [info] [spider.worker] [TIMING] task_id=50118bb1-9356-4566-b687-86c6a1b00038 func=job_orchestration.executor.query.spider_search_task.search_without_channel submit_output_start=232174314 submit_output_end=232174351 submit_output_duration_ms=37
[2026-01-30 19:55:32.153] [info] [spider.worker] [TIMING] task_id=ac6ec525-3427-40dc-9f66-c27edc84b5a6 func=job_orchestration.executor.query.spider_search_task.search_without_channel fetch_input_start=232174361 fetch_input_end=232174362 fetch_input_duration_ms=0
[2026-01-30 19:55:32.154] [info] [spider.worker] [TIMING] task_id=ac6ec525-3427-40dc-9f66-c27edc84b5a6 func=job_orchestration.executor.query.spider_search_task.search_without_channel input_send_start=232174362 input_send_end=232174362 input_send_duration_ms=0 bytes=626
[2026-01-30 19:55:32.154] [info] [spider.worker] [TIMING] task_id=ac6ec525-3427-40dc-9f66-c27edc84b5a6 func=job_orchestration.executor.query.spider_search_task.search_without_channel spawn_start=232174362 spawn_end=232174362 spawn_duration_ms=0
[2026-01-30 19:55:33.508] [info] [spider.worker] [TIMING] task_id=ac6ec525-3427-40dc-9f66-c27edc84b5a6 func=job_orchestration.executor.query.spider_search_task.search_without_channel execution_start=232174362 execution_end=232175716 execution_duration_ms=1353
[2026-01-30 19:55:33.535] [info] [spider.worker] [TIMING] task_id=ac6ec525-3427-40dc-9f66-c27edc84b5a6 func=job_orchestration.executor.query.spider_search_task.search_without_channel submit_output_start=232175724 submit_output_end=232175743 submit_output_duration_ms=18
[2026-01-30 19:55:33.577] [info] [spider.worker] [TIMING] task_id=c6644371-7c34-4eb7-b3ff-8d039e15a1f9 func=job_orchestration.executor.query.spider_search_task.search_without_channel fetch_input_start=232175784 fetch_input_end=232175785 fetch_input_duration_ms=1
[2026-01-30 19:55:33.577] [info] [spider.worker] [TIMING] task_id=c6644371-7c34-4eb7-b3ff-8d039e15a1f9 func=job_orchestration.executor.query.spider_search_task.search_without_channel input_send_start=232175785 input_send_end=232175786 input_send_duration_ms=0 bytes=626
[2026-01-30 19:55:33.577] [info] [spider.worker] [TIMING] task_id=c6644371-7c34-4eb7-b3ff-8d039e15a1f9 func=job_orchestration.executor.query.spider_search_task.search_without_channel spawn_start=232175785 spawn_end=232175786 spawn_duration_ms=0
[2026-01-30 19:55:34.852] [info] [spider.worker] [TIMING] task_id=c6644371-7c34-4eb7-b3ff-8d039e15a1f9 func=job_orchestration.executor.query.spider_search_task.search_without_channel execution_start=232175786 execution_end=232177060 execution_duration_ms=1274
[2026-01-30 19:55:34.868] [info] [spider.worker] [TIMING] task_id=c6644371-7c34-4eb7-b3ff-8d039e15a1f9 func=job_orchestration.executor.query.spider_search_task.search_without_channel submit_output_start=232177062 submit_output_end=232177076 submit_output_duration_ms=14
[2026-01-30 19:55:34.904] [info] [spider.worker] [TIMING] task_id=e85e862e-7ae3-4e54-9ccd-944582c7bef7 func=job_orchestration.executor.query.spider_search_task.search_without_channel fetch_input_start=232177112 fetch_input_end=232177113 fetch_input_duration_ms=1
[2026-01-30 19:55:34.905] [info] [spider.worker] [TIMING] task_id=e85e862e-7ae3-4e54-9ccd-944582c7bef7 func=job_orchestration.executor.query.spider_search_task.search_without_channel input_send_start=232177113 input_send_end=232177113 input_send_duration_ms=0 bytes=626
[2026-01-30 19:55:34.905] [info] [spider.worker] [TIMING] task_id=e85e862e-7ae3-4e54-9ccd-944582c7bef7 func=job_orchestration.executor.query.spider_search_task.search_without_channel spawn_start=232177113 spawn_end=232177113 spawn_duration_ms=0
[2026-01-30 19:55:36.154] [info] [spider.worker] [TIMING] task_id=e85e862e-7ae3-4e54-9ccd-944582c7bef7 func=job_orchestration.executor.query.spider_search_task.search_without_channel execution_start=232177113 execution_end=232178362 execution_duration_ms=1248
[2026-01-30 19:55:36.194] [info] [spider.worker] [TIMING] task_id=e85e862e-7ae3-4e54-9ccd-944582c7bef7 func=job_orchestration.executor.query.spider_search_task.search_without_channel submit_output_start=232178364 submit_output_end=232178402 submit_output_duration_ms=38
[2026-01-30 19:55:36.213] [info] [spider.worker] [TIMING] task_id=e049d13a-7a64-48df-a5cf-b479d36c5934 func=job_orchestration.executor.query.spider_search_task.search_without_channel fetch_input_start=232178421 fetch_input_end=232178422 fetch_input_duration_ms=1
[2026-01-30 19:55:36.214] [info] [spider.worker] [TIMING] task_id=e049d13a-7a64-48df-a5cf-b479d36c5934 func=job_orchestration.executor.query.spider_search_task.search_without_channel input_send_start=232178422 input_send_end=232178422 input_send_duration_ms=0 bytes=626
[2026-01-30 19:55:36.214] [info] [spider.worker] [TIMING] task_id=e049d13a-7a64-48df-a5cf-b479d36c5934 func=job_orchestration.executor.query.spider_search_task.search_without_channel spawn_start=232178422 spawn_end=232178422 spawn_duration_ms=0
[2026-01-30 19:55:37.717] [info] [spider.worker] [TIMING] task_id=e049d13a-7a64-48df-a5cf-b479d36c5934 func=job_orchestration.executor.query.spider_search_task.search_without_channel execution_start=232178422 execution_end=232179925 execution_duration_ms=1502
[2026-01-30 19:55:37.750] [info] [spider.worker] [TIMING] task_id=e049d13a-7a64-48df-a5cf-b479d36c5934 func=job_orchestration.executor.query.spider_search_task.search_without_channel submit_output_start=232179927 submit_output_end=232179958 submit_output_duration_ms=30
[2026-01-30 19:55:37.772] [info] [spider.worker] [TIMING] task_id=c5847a5f-681a-43c8-b41d-47e220a4319f func=job_orchestration.executor.query.spider_search_task.search_without_channel fetch_input_start=232179979 fetch_input_end=232179981 fetch_input_duration_ms=1
[2026-01-30 19:55:37.773] [info] [spider.worker] [TIMING] task_id=c5847a5f-681a-43c8-b41d-47e220a4319f func=job_orchestration.executor.query.spider_search_task.search_without_channel input_send_start=232179981 input_send_end=232179981 input_send_duration_ms=0 bytes=626
[2026-01-30 19:55:37.773] [info] [spider.worker] [TIMING] task_id=c5847a5f-681a-43c8-b41d-47e220a4319f func=job_orchestration.executor.query.spider_search_task.search_without_channel spawn_start=232179981 spawn_end=232179981 spawn_duration_ms=0
[2026-01-30 19:55:39.029] [info] [spider.worker] [TIMING] task_id=c5847a5f-681a-43c8-b41d-47e220a4319f func=job_orchestration.executor.query.spider_search_task.search_without_channel execution_start=232179982 execution_end=232181237 execution_duration_ms=1255
[2026-01-30 19:55:39.054] [info] [spider.worker] [TIMING] task_id=c5847a5f-681a-43c8-b41d-47e220a4319f func=job_orchestration.executor.query.spider_search_task.search_without_channel submit_output_start=232181239 submit_output_end=232181262 submit_output_duration_ms=22
[2026-01-30 19:55:39.071] [info] [spider.worker] [TIMING] task_id=5d866685-3652-488f-9cfc-62df77ff6f97 func=job_orchestration.executor.query.spider_search_task.search_without_channel fetch_input_start=232181279 fetch_input_end=232181280 fetch_input_duration_ms=0
[2026-01-30 19:55:39.072] [info] [spider.worker] [TIMING] task_id=5d866685-3652-488f-9cfc-62df77ff6f97 func=job_orchestration.executor.query.spider_search_task.search_without_channel input_send_start=232181280 input_send_end=232181280 input_send_duration_ms=0 bytes=626
[2026-01-30 19:55:39.072] [info] [spider.worker] [TIMING] task_id=5d866685-3652-488f-9cfc-62df77ff6f97 func=job_orchestration.executor.query.spider_search_task.search_without_channel spawn_start=232181280 spawn_end=232181280 spawn_duration_ms=0
[2026-01-30 19:55:40.231] [info] [spider.worker] [TIMING] task_id=5d866685-3652-488f-9cfc-62df77ff6f97 func=job_orchestration.executor.query.spider_search_task.search_without_channel execution_start=232181280 execution_end=232182439 execution_duration_ms=1158
[2026-01-30 19:55:40.252] [info] [spider.worker] [TIMING] task_id=5d866685-3652-488f-9cfc-62df77ff6f97 func=job_orchestration.executor.query.spider_search_task.search_without_channel submit_output_start=232182441 submit_output_end=232182461 submit_output_duration_ms=19
[2026-01-30 19:55:40.272] [info] [spider.worker] [TIMING] task_id=563588c0-1b32-4f29-b2b5-a5568115b818 func=job_orchestration.executor.query.spider_search_task.search_without_channel fetch_input_start=232182479 fetch_input_end=232182480 fetch_input_duration_ms=0
[2026-01-30 19:55:40.273] [info] [spider.worker] [TIMING] task_id=563588c0-1b32-4f29-b2b5-a5568115b818 func=job_orchestration.executor.query.spider_search_task.search_without_channel input_send_start=232182481 input_send_end=232182481 input_send_duration_ms=0 bytes=626
[2026-01-30 19:55:40.273] [info] [spider.worker] [TIMING] task_id=563588c0-1b32-4f29-b2b5-a5568115b818 func=job_orchestration.executor.query.spider_search_task.search_without_channel spawn_start=232182481 spawn_end=232182481 spawn_duration_ms=0
[2026-01-30 19:55:41.490] [info] [spider.worker] [TIMING] task_id=563588c0-1b32-4f29-b2b5-a5568115b818 func=job_orchestration.executor.query.spider_search_task.search_without_channel execution_start=232182481 execution_end=232183698 execution_duration_ms=1217
[2026-01-30 19:55:41.503] [info] [spider.worker] [TIMING] task_id=563588c0-1b32-4f29-b2b5-a5568115b818 func=job_orchestration.executor.query.spider_search_task.search_without_channel submit_output_start=232183700 submit_output_end=232183711 submit_output_duration_ms=10
[2026-01-30 19:55:41.570] [info] [spider.worker] [TIMING] task_id=8ae032e2-3f0b-496d-916a-ca9499990074 func=job_orchestration.executor.query.spider_search_task.search_without_channel fetch_input_start=232183778 fetch_input_end=232183779 fetch_input_duration_ms=0
[2026-01-30 19:55:41.571] [info] [spider.worker] [TIMING] task_id=8ae032e2-3f0b-496d-916a-ca9499990074 func=job_orchestration.executor.query.spider_search_task.search_without_channel input_send_start=232183779 input_send_end=232183779 input_send_duration_ms=0 bytes=626
[2026-01-30 19:55:41.571] [info] [spider.worker] [TIMING] task_id=8ae032e2-3f0b-496d-916a-ca9499990074 func=job_orchestration.executor.query.spider_search_task.search_without_channel spawn_start=232183779 spawn_end=232183779 spawn_duration_ms=0
[2026-01-30 19:55:42.949] [info] [spider.worker] [TIMING] task_id=8ae032e2-3f0b-496d-916a-ca9499990074 func=job_orchestration.executor.query.spider_search_task.search_without_channel execution_start=232183779 execution_end=232185158 execution_duration_ms=1378
[2026-01-30 19:55:43.012] [info] [spider.worker] [TIMING] task_id=8ae032e2-3f0b-496d-916a-ca9499990074 func=job_orchestration.executor.query.spider_search_task.search_without_channel submit_output_start=232185160 submit_output_end=232185220 submit_output_duration_ms=60
[2026-01-30 19:55:43.039] [info] [spider.worker] [TIMING] task_id=2023b096-7e6c-4ed8-9342-8c30f1c0ed59 func=job_orchestration.executor.query.spider_search_task.search_without_channel fetch_input_start=232185246 fetch_input_end=232185247 fetch_input_duration_ms=0
[2026-01-30 19:55:43.039] [info] [spider.worker] [TIMING] task_id=2023b096-7e6c-4ed8-9342-8c30f1c0ed59 func=job_orchestration.executor.query.spider_search_task.search_without_channel input_send_start=232185247 input_send_end=232185247 input_send_duration_ms=0 bytes=626
[2026-01-30 19:55:43.039] [info] [spider.worker] [TIMING] task_id=2023b096-7e6c-4ed8-9342-8c30f1c0ed59 func=job_orchestration.executor.query.spider_search_task.search_without_channel spawn_start=232185247 spawn_end=232185248 spawn_duration_ms=0
[2026-01-30 19:55:44.140] [info] [spider.worker] [TIMING] task_id=2023b096-7e6c-4ed8-9342-8c30f1c0ed59 func=job_orchestration.executor.query.spider_search_task.search_without_channel execution_start=232185248 execution_end=232186348 execution_duration_ms=1100
[2026-01-30 19:55:44.170] [info] [spider.worker] [TIMING] task_id=2023b096-7e6c-4ed8-9342-8c30f1c0ed59 func=job_orchestration.executor.query.spider_search_task.search_without_channel submit_output_start=232186358 submit_output_end=232186378 submit_output_duration_ms=20
[2026-01-30 19:55:44.189] [info] [spider.worker] [TIMING] task_id=ca49419c-8ecb-4bc9-be6c-f3c799969efa func=job_orchestration.executor.query.spider_search_task.search_without_channel fetch_input_start=232186396 fetch_input_end=232186397 fetch_input_duration_ms=0
[2026-01-30 19:55:44.189] [info] [spider.worker] [TIMING] task_id=ca49419c-8ecb-4bc9-be6c-f3c799969efa func=job_orchestration.executor.query.spider_search_task.search_without_channel input_send_start=232186397 input_send_end=232186397 input_send_duration_ms=0 bytes=626
[2026-01-30 19:55:44.189] [info] [spider.worker] [TIMING] task_id=ca49419c-8ecb-4bc9-be6c-f3c799969efa func=job_orchestration.executor.query.spider_search_task.search_without_channel spawn_start=232186397 spawn_end=232186397 spawn_duration_ms=0
[2026-01-30 19:55:45.471] [info] [spider.worker] [TIMING] task_id=ca49419c-8ecb-4bc9-be6c-f3c799969efa func=job_orchestration.executor.query.spider_search_task.search_without_channel execution_start=232186398 execution_end=232187679 execution_duration_ms=1281
[2026-01-30 19:55:45.510] [info] [spider.worker] [TIMING] task_id=ca49419c-8ecb-4bc9-be6c-f3c799969efa func=job_orchestration.executor.query.spider_search_task.search_without_channel submit_output_start=232187681 submit_output_end=232187719 submit_output_duration_ms=37
[2026-01-30 19:55:45.531] [info] [spider.worker] [TIMING] task_id=c170e499-3822-4a5b-95ca-d617a632622f func=job_orchestration.executor.query.spider_search_task.search_without_channel fetch_input_start=232187738 fetch_input_end=232187739 fetch_input_duration_ms=0
[2026-01-30 19:55:45.531] [info] [spider.worker] [TIMING] task_id=c170e499-3822-4a5b-95ca-d617a632622f func=job_orchestration.executor.query.spider_search_task.search_without_channel input_send_start=232187740 input_send_end=232187740 input_send_duration_ms=0 bytes=626
[2026-01-30 19:55:45.531] [info] [spider.worker] [TIMING] task_id=c170e499-3822-4a5b-95ca-d617a632622f func=job_orchestration.executor.query.spider_search_task.search_without_channel spawn_start=232187739 spawn_end=232187740 spawn_duration_ms=0
[2026-01-30 19:55:46.723] [info] [spider.worker] [TIMING] task_id=c170e499-3822-4a5b-95ca-d617a632622f func=job_orchestration.executor.query.spider_search_task.search_without_channel execution_start=232187740 execution_end=232188932 execution_duration_ms=1191
[2026-01-30 19:55:46.756] [info] [spider.worker] [TIMING] task_id=c170e499-3822-4a5b-95ca-d617a632622f func=job_orchestration.executor.query.spider_search_task.search_without_channel submit_output_start=232188934 submit_output_end=232188965 submit_output_duration_ms=31
[2026-01-30 19:55:46.801] [info] [spider.worker] [TIMING] task_id=c772af36-49a0-4384-a2f3-9ce59ae0dabc func=job_orchestration.executor.query.spider_search_task.search_without_channel fetch_input_start=232189008 fetch_input_end=232189009 fetch_input_duration_ms=0
[2026-01-30 19:55:46.801] [info] [spider.worker] [TIMING] task_id=c772af36-49a0-4384-a2f3-9ce59ae0dabc func=job_orchestration.executor.query.spider_search_task.search_without_channel input_send_start=232189010 input_send_end=232189010 input_send_duration_ms=0 bytes=626
[2026-01-30 19:55:46.801] [info] [spider.worker] [TIMING] task_id=c772af36-49a0-4384-a2f3-9ce59ae0dabc func=job_orchestration.executor.query.spider_search_task.search_without_channel spawn_start=232189009 spawn_end=232189010 spawn_duration_ms=0
[2026-01-30 19:55:48.405] [info] [spider.worker] [TIMING] task_id=c772af36-49a0-4384-a2f3-9ce59ae0dabc func=job_orchestration.executor.query.spider_search_task.search_without_channel execution_start=232189010 execution_end=232190613 execution_duration_ms=1603
[2026-01-30 19:55:48.412] [info] [spider.worker] [TIMING] task_id=c772af36-49a0-4384-a2f3-9ce59ae0dabc func=job_orchestration.executor.query.spider_search_task.search_without_channel submit_output_start=232190615 submit_output_end=232190621 submit_output_duration_ms=5
[2026-01-30 19:55:48.454] [info] [spider.worker] [TIMING] task_id=074af97c-72d2-4cdc-ad9e-895d73b3d77b func=job_orchestration.executor.query.spider_search_task.search_without_channel fetch_input_start=232190662 fetch_input_end=232190663 fetch_input_duration_ms=1
[2026-01-30 19:55:48.455] [info] [spider.worker] [TIMING] task_id=074af97c-72d2-4cdc-ad9e-895d73b3d77b func=job_orchestration.executor.query.spider_search_task.search_without_channel input_send_start=232190663 input_send_end=232190663 input_send_duration_ms=0 bytes=626
[2026-01-30 19:55:48.455] [info] [spider.worker] [TIMING] task_id=074af97c-72d2-4cdc-ad9e-895d73b3d77b func=job_orchestration.executor.query.spider_search_task.search_without_channel spawn_start=232190663 spawn_end=232190663 spawn_duration_ms=0
[2026-01-30 19:55:49.693] [info] [spider.worker] [TIMING] task_id=074af97c-72d2-4cdc-ad9e-895d73b3d77b func=job_orchestration.executor.query.spider_search_task.search_without_channel execution_start=232190664 execution_end=232191901 execution_duration_ms=1237
[2026-01-30 19:55:49.705] [info] [spider.worker] [TIMING] task_id=074af97c-72d2-4cdc-ad9e-895d73b3d77b func=job_orchestration.executor.query.spider_search_task.search_without_channel submit_output_start=232191903 submit_output_end=232191913 submit_output_duration_ms=10
[2026-01-30 19:55:49.741] [info] [spider.worker] [TIMING] task_id=118afc23-44e8-4d1b-81d6-676d01edc6c2 func=job_orchestration.executor.query.spider_search_task.search_without_channel fetch_input_start=232191948 fetch_input_end=232191949 fetch_input_duration_ms=1
[2026-01-30 19:55:49.741] [info] [spider.worker] [TIMING] task_id=118afc23-44e8-4d1b-81d6-676d01edc6c2 func=job_orchestration.executor.query.spider_search_task.search_without_channel input_send_start=232191949 input_send_end=232191949 input_send_duration_ms=0 bytes=626
[2026-01-30 19:55:49.741] [info] [spider.worker] [TIMING] task_id=118afc23-44e8-4d1b-81d6-676d01edc6c2 func=job_orchestration.executor.query.spider_search_task.search_without_channel spawn_start=232191949 spawn_end=232191949 spawn_duration_ms=0
[2026-01-30 19:55:50.858] [info] [spider.worker] [TIMING] task_id=118afc23-44e8-4d1b-81d6-676d01edc6c2 func=job_orchestration.executor.query.spider_search_task.search_without_channel execution_start=232191950 execution_end=232193067 execution_duration_ms=1117
[2026-01-30 19:55:50.890] [info] [spider.worker] [TIMING] task_id=118afc23-44e8-4d1b-81d6-676d01edc6c2 func=job_orchestration.executor.query.spider_search_task.search_without_channel submit_output_start=232193069 submit_output_end=232193098 submit_output_duration_ms=29
[2026-01-30 19:55:50.916] [info] [spider.worker] [TIMING] task_id=b38a3349-be99-4dee-a6ce-391665159a95 func=job_orchestration.executor.query.spider_search_task.search_without_channel fetch_input_start=232193124 fetch_input_end=232193125 fetch_input_duration_ms=1
[2026-01-30 19:55:50.917] [info] [spider.worker] [TIMING] task_id=b38a3349-be99-4dee-a6ce-391665159a95 func=job_orchestration.executor.query.spider_search_task.search_without_channel input_send_start=232193125 input_send_end=232193125 input_send_duration_ms=0 bytes=626
[2026-01-30 19:55:50.917] [info] [spider.worker] [TIMING] task_id=b38a3349-be99-4dee-a6ce-391665159a95 func=job_orchestration.executor.query.spider_search_task.search_without_channel spawn_start=232193125 spawn_end=232193125 spawn_duration_ms=0
[2026-01-30 19:55:52.243] [info] [spider.worker] [TIMING] task_id=b38a3349-be99-4dee-a6ce-391665159a95 func=job_orchestration.executor.query.spider_search_task.search_without_channel execution_start=232193125 execution_end=232194451 execution_duration_ms=1325
[2026-01-30 19:55:52.255] [info] [spider.worker] [TIMING] task_id=b38a3349-be99-4dee-a6ce-391665159a95 func=job_orchestration.executor.query.spider_search_task.search_without_channel submit_output_start=232194453 submit_output_end=232194463 submit_output_duration_ms=10
[2026-01-30 19:55:52.275] [info] [spider.worker] [TIMING] task_id=3235d7c7-cd46-4510-8f6e-3cf162268809 func=job_orchestration.executor.query.spider_search_task.search_without_channel fetch_input_start=232194482 fetch_input_end=232194483 fetch_input_duration_ms=1
[2026-01-30 19:55:52.275] [info] [spider.worker] [TIMING] task_id=3235d7c7-cd46-4510-8f6e-3cf162268809 func=job_orchestration.executor.query.spider_search_task.search_without_channel input_send_start=232194484 input_send_end=232194484 input_send_duration_ms=0 bytes=626
[2026-01-30 19:55:52.275] [info] [spider.worker] [TIMING] task_id=3235d7c7-cd46-4510-8f6e-3cf162268809 func=job_orchestration.executor.query.spider_search_task.search_without_channel spawn_start=232194483 spawn_end=232194484 spawn_duration_ms=0
[2026-01-30 19:55:53.503] [info] [spider.worker] [TIMING] task_id=3235d7c7-cd46-4510-8f6e-3cf162268809 func=job_orchestration.executor.query.spider_search_task.search_without_channel execution_start=232194484 execution_end=232195712 execution_duration_ms=1227
[2026-01-30 19:55:53.546] [info] [spider.worker] [TIMING] task_id=3235d7c7-cd46-4510-8f6e-3cf162268809 func=job_orchestration.executor.query.spider_search_task.search_without_channel submit_output_start=232195713 submit_output_end=232195755 submit_output_duration_ms=41
[2026-01-30 19:55:53.567] [info] [spider.worker] [TIMING] task_id=604f1a5e-dd01-403b-9e3e-95f46cf9aa13 func=job_orchestration.executor.query.spider_search_task.search_without_channel fetch_input_start=232195774 fetch_input_end=232195775 fetch_input_duration_ms=1
[2026-01-30 19:55:53.568] [info] [spider.worker] [TIMING] task_id=604f1a5e-dd01-403b-9e3e-95f46cf9aa13 func=job_orchestration.executor.query.spider_search_task.search_without_channel input_send_start=232195776 input_send_end=232195776 input_send_duration_ms=0 bytes=626
[2026-01-30 19:55:53.568] [info] [spider.worker] [TIMING] task_id=604f1a5e-dd01-403b-9e3e-95f46cf9aa13 func=job_orchestration.executor.query.spider_search_task.search_without_channel spawn_start=232195775 spawn_end=232195776 spawn_duration_ms=0
[2026-01-30 19:55:54.775] [info] [spider.worker] [TIMING] task_id=604f1a5e-dd01-403b-9e3e-95f46cf9aa13 func=job_orchestration.executor.query.spider_search_task.search_without_channel execution_start=232195776 execution_end=232196983 execution_duration_ms=1206
[2026-01-30 19:55:54.832] [info] [spider.worker] [TIMING] task_id=604f1a5e-dd01-403b-9e3e-95f46cf9aa13 func=job_orchestration.executor.query.spider_search_task.search_without_channel submit_output_start=232196985 submit_output_end=232197040 submit_output_duration_ms=55
[2026-01-30 19:55:54.859] [info] [spider.worker] [TIMING] task_id=a902fac6-8c22-4e3f-9d34-b7cb885c238c func=job_orchestration.executor.query.spider_search_task.search_without_channel fetch_input_start=232197066 fetch_input_end=232197067 fetch_input_duration_ms=1
[2026-01-30 19:55:54.859] [info] [spider.worker] [TIMING] task_id=a902fac6-8c22-4e3f-9d34-b7cb885c238c func=job_orchestration.executor.query.spider_search_task.search_without_channel input_send_start=232197068 input_send_end=232197068 input_send_duration_ms=0 bytes=626
[2026-01-30 19:55:54.859] [info] [spider.worker] [TIMING] task_id=a902fac6-8c22-4e3f-9d34-b7cb885c238c func=job_orchestration.executor.query.spider_search_task.search_without_channel spawn_start=232197067 spawn_end=232197068 spawn_duration_ms=0
[2026-01-30 19:55:56.134] [info] [spider.worker] [TIMING] task_id=a902fac6-8c22-4e3f-9d34-b7cb885c238c func=job_orchestration.executor.query.spider_search_task.search_without_channel execution_start=232197068 execution_end=232198342 execution_duration_ms=1274
[2026-01-30 19:55:56.148] [info] [spider.worker] [TIMING] task_id=a902fac6-8c22-4e3f-9d34-b7cb885c238c func=job_orchestration.executor.query.spider_search_task.search_without_channel submit_output_start=232198344 submit_output_end=232198357 submit_output_duration_ms=12
[2026-01-30 19:55:56.168] [info] [spider.worker] [TIMING] task_id=12866454-2809-427f-8b9c-d86e4134b669 func=job_orchestration.executor.query.spider_search_task.search_without_channel fetch_input_start=232198375 fetch_input_end=232198376 fetch_input_duration_ms=1
[2026-01-30 19:55:56.168] [info] [spider.worker] [TIMING] task_id=12866454-2809-427f-8b9c-d86e4134b669 func=job_orchestration.executor.query.spider_search_task.search_without_channel input_send_start=232198377 input_send_end=232198377 input_send_duration_ms=0 bytes=626
[2026-01-30 19:55:56.168] [info] [spider.worker] [TIMING] task_id=12866454-2809-427f-8b9c-d86e4134b669 func=job_orchestration.executor.query.spider_search_task.search_without_channel spawn_start=232198376 spawn_end=232198377 spawn_duration_ms=0
[2026-01-30 19:55:57.393] [info] [spider.worker] [TIMING] task_id=12866454-2809-427f-8b9c-d86e4134b669 func=job_orchestration.executor.query.spider_search_task.search_without_channel execution_start=232198377 execution_end=232199601 execution_duration_ms=1224
[2026-01-30 19:55:57.429] [info] [spider.worker] [TIMING] task_id=12866454-2809-427f-8b9c-d86e4134b669 func=job_orchestration.executor.query.spider_search_task.search_without_channel submit_output_start=232199603 submit_output_end=232199638 submit_output_duration_ms=35
[2026-01-30 19:55:57.451] [info] [spider.worker] [TIMING] task_id=6e0b33c0-d7ae-4d67-b999-24c9603e9ec3 func=job_orchestration.executor.query.spider_search_task.search_without_channel fetch_input_start=232199658 fetch_input_end=232199659 fetch_input_duration_ms=0
[2026-01-30 19:55:57.451] [info] [spider.worker] [TIMING] task_id=6e0b33c0-d7ae-4d67-b999-24c9603e9ec3 func=job_orchestration.executor.query.spider_search_task.search_without_channel input_send_start=232199659 input_send_end=232199659 input_send_duration_ms=0 bytes=626
[2026-01-30 19:55:57.451] [info] [spider.worker] [TIMING] task_id=6e0b33c0-d7ae-4d67-b999-24c9603e9ec3 func=job_orchestration.executor.query.spider_search_task.search_without_channel spawn_start=232199659 spawn_end=232199659 spawn_duration_ms=0
[2026-01-30 19:55:58.774] [info] [spider.worker] [TIMING] task_id=6e0b33c0-d7ae-4d67-b999-24c9603e9ec3 func=job_orchestration.executor.query.spider_search_task.search_without_channel execution_start=232199660 execution_end=232200982 execution_duration_ms=1322
[2026-01-30 19:55:58.808] [info] [spider.worker] [TIMING] task_id=6e0b33c0-d7ae-4d67-b999-24c9603e9ec3 func=job_orchestration.executor.query.spider_search_task.search_without_channel submit_output_start=232200984 submit_output_end=232201017 submit_output_duration_ms=32
[2026-01-30 19:55:58.844] [info] [spider.worker] [TIMING] task_id=52c5a123-f8a4-4033-9c25-cf1c8fe0d6d3 func=job_orchestration.executor.query.spider_search_task.search_without_channel fetch_input_start=232201052 fetch_input_end=232201053 fetch_input_duration_ms=0
[2026-01-30 19:55:58.845] [info] [spider.worker] [TIMING] task_id=52c5a123-f8a4-4033-9c25-cf1c8fe0d6d3 func=job_orchestration.executor.query.spider_search_task.search_without_channel input_send_start=232201053 input_send_end=232201053 input_send_duration_ms=0 bytes=626
[2026-01-30 19:55:58.845] [info] [spider.worker] [TIMING] task_id=52c5a123-f8a4-4033-9c25-cf1c8fe0d6d3 func=job_orchestration.executor.query.spider_search_task.search_without_channel spawn_start=232201053 spawn_end=232201053 spawn_duration_ms=0
[2026-01-30 19:56:00.132] [info] [spider.worker] [TIMING] task_id=52c5a123-f8a4-4033-9c25-cf1c8fe0d6d3 func=job_orchestration.executor.query.spider_search_task.search_without_channel execution_start=232201054 execution_end=232202341 execution_duration_ms=1287
[2026-01-30 19:56:00.161] [info] [spider.worker] [TIMING] task_id=52c5a123-f8a4-4033-9c25-cf1c8fe0d6d3 func=job_orchestration.executor.query.spider_search_task.search_without_channel submit_output_start=232202342 submit_output_end=232202370 submit_output_duration_ms=27
[2026-01-30 19:56:00.185] [info] [spider.worker] [TIMING] task_id=43a8790d-0ed2-477f-ad51-ad21348691e6 func=job_orchestration.executor.query.spider_search_task.search_without_channel fetch_input_start=232202392 fetch_input_end=232202393 fetch_input_duration_ms=0
[2026-01-30 19:56:00.185] [info] [spider.worker] [TIMING] task_id=43a8790d-0ed2-477f-ad51-ad21348691e6 func=job_orchestration.executor.query.spider_search_task.search_without_channel input_send_start=232202394 input_send_end=232202394 input_send_duration_ms=0 bytes=626
[2026-01-30 19:56:00.185] [info] [spider.worker] [TIMING] task_id=43a8790d-0ed2-477f-ad51-ad21348691e6 func=job_orchestration.executor.query.spider_search_task.search_without_channel spawn_start=232202393 spawn_end=232202394 spawn_duration_ms=0
[2026-01-30 19:56:01.439] [info] [spider.worker] [TIMING] task_id=43a8790d-0ed2-477f-ad51-ad21348691e6 func=job_orchestration.executor.query.spider_search_task.search_without_channel execution_start=232202394 execution_end=232203647 execution_duration_ms=1253
[2026-01-30 19:56:01.449] [info] [spider.worker] [TIMING] task_id=43a8790d-0ed2-477f-ad51-ad21348691e6 func=job_orchestration.executor.query.spider_search_task.search_without_channel submit_output_start=232203649 submit_output_end=232203658 submit_output_duration_ms=8
[2026-01-30 19:56:01.460] [info] [spider.worker] [TIMING] task_id=5ef2ac0f-ab72-416e-a0e9-4065b67bbd9d func=job_orchestration.executor.query.spider_search_task.search_without_channel fetch_input_start=232203668 fetch_input_end=232203668 fetch_input_duration_ms=0
[2026-01-30 19:56:01.461] [info] [spider.worker] [TIMING] task_id=5ef2ac0f-ab72-416e-a0e9-4065b67bbd9d func=job_orchestration.executor.query.spider_search_task.search_without_channel input_send_start=232203669 input_send_end=232203669 input_send_duration_ms=0 bytes=626
[2026-01-30 19:56:01.461] [info] [spider.worker] [TIMING] task_id=5ef2ac0f-ab72-416e-a0e9-4065b67bbd9d func=job_orchestration.executor.query.spider_search_task.search_without_channel spawn_start=232203669 spawn_end=232203669 spawn_duration_ms=0
[2026-01-30 19:56:02.678] [info] [spider.worker] [TIMING] task_id=5ef2ac0f-ab72-416e-a0e9-4065b67bbd9d func=job_orchestration.executor.query.spider_search_task.search_without_channel execution_start=232203669 execution_end=232204887 execution_duration_ms=1217
[2026-01-30 19:56:02.709] [info] [spider.worker] [TIMING] task_id=5ef2ac0f-ab72-416e-a0e9-4065b67bbd9d func=job_orchestration.executor.query.spider_search_task.search_without_channel submit_output_start=232204889 submit_output_end=232204918 submit_output_duration_ms=28
[2026-01-30 19:56:02.728] [info] [spider.worker] [TIMING] task_id=1a6114c1-3e9d-49e0-9327-78b5c3b89f25 func=job_orchestration.executor.query.spider_search_task.search_without_channel fetch_input_start=232204935 fetch_input_end=232204936 fetch_input_duration_ms=1
[2026-01-30 19:56:02.728] [info] [spider.worker] [TIMING] task_id=1a6114c1-3e9d-49e0-9327-78b5c3b89f25 func=job_orchestration.executor.query.spider_search_task.search_without_channel input_send_start=232204937 input_send_end=232204937 input_send_duration_ms=0 bytes=626
[2026-01-30 19:56:02.728] [info] [spider.worker] [TIMING] task_id=1a6114c1-3e9d-49e0-9327-78b5c3b89f25 func=job_orchestration.executor.query.spider_search_task.search_without_channel spawn_start=232204936 spawn_end=232204937 spawn_duration_ms=0
[2026-01-30 19:56:03.869] [info] [spider.worker] [TIMING] task_id=1a6114c1-3e9d-49e0-9327-78b5c3b89f25 func=job_orchestration.executor.query.spider_search_task.search_without_channel execution_start=232204937 execution_end=232206077 execution_duration_ms=1140
[2026-01-30 19:56:03.884] [info] [spider.worker] [TIMING] task_id=1a6114c1-3e9d-49e0-9327-78b5c3b89f25 func=job_orchestration.executor.query.spider_search_task.search_without_channel submit_output_start=232206079 submit_output_end=232206092 submit_output_duration_ms=13
[2026-01-30 19:56:03.912] [info] [spider.worker] [TIMING] task_id=9244024e-357c-4d8d-9d2e-78a499053d7d func=job_orchestration.executor.query.spider_search_task.search_without_channel fetch_input_start=232206119 fetch_input_end=232206120 fetch_input_duration_ms=1
[2026-01-30 19:56:03.912] [info] [spider.worker] [TIMING] task_id=9244024e-357c-4d8d-9d2e-78a499053d7d func=job_orchestration.executor.query.spider_search_task.search_without_channel input_send_start=232206121 input_send_end=232206121 input_send_duration_ms=0 bytes=626
[2026-01-30 19:56:03.912] [info] [spider.worker] [TIMING] task_id=9244024e-357c-4d8d-9d2e-78a499053d7d func=job_orchestration.executor.query.spider_search_task.search_without_channel spawn_start=232206120 spawn_end=232206121 spawn_duration_ms=0
[2026-01-30 19:56:05.151] [info] [spider.worker] [TIMING] task_id=9244024e-357c-4d8d-9d2e-78a499053d7d func=job_orchestration.executor.query.spider_search_task.search_without_channel execution_start=232206121 execution_end=232207360 execution_duration_ms=1238
[2026-01-30 19:56:05.159] [info] [spider.worker] [TIMING] task_id=9244024e-357c-4d8d-9d2e-78a499053d7d func=job_orchestration.executor.query.spider_search_task.search_without_channel submit_output_start=232207361 submit_output_end=232207367 submit_output_duration_ms=5
[2026-01-30 19:56:05.227] [info] [spider.worker] [TIMING] task_id=4a98c491-5fe1-46d8-b300-5fe59b9a9863 func=job_orchestration.executor.query.spider_search_task.search_without_channel fetch_input_start=232207435 fetch_input_end=232207436 fetch_input_duration_ms=1
[2026-01-30 19:56:05.228] [info] [spider.worker] [TIMING] task_id=4a98c491-5fe1-46d8-b300-5fe59b9a9863 func=job_orchestration.executor.query.spider_search_task.search_without_channel input_send_start=232207436 input_send_end=232207436 input_send_duration_ms=0 bytes=626
[2026-01-30 19:56:05.228] [info] [spider.worker] [TIMING] task_id=4a98c491-5fe1-46d8-b300-5fe59b9a9863 func=job_orchestration.executor.query.spider_search_task.search_without_channel spawn_start=232207436 spawn_end=232207436 spawn_duration_ms=0
[2026-01-30 19:56:06.429] [info] [spider.worker] [TIMING] task_id=4a98c491-5fe1-46d8-b300-5fe59b9a9863 func=job_orchestration.executor.query.spider_search_task.search_without_channel execution_start=232207437 execution_end=232208637 execution_duration_ms=1200
[2026-01-30 19:56:06.461] [info] [spider.worker] [TIMING] task_id=4a98c491-5fe1-46d8-b300-5fe59b9a9863 func=job_orchestration.executor.query.spider_search_task.search_without_channel submit_output_start=232208638 submit_output_end=232208669 submit_output_duration_ms=30
[2026-01-30 19:56:06.487] [info] [spider.worker] [TIMING] task_id=e125739a-73f1-4488-921d-85803dc5938a func=job_orchestration.executor.query.spider_search_task.search_without_channel fetch_input_start=232208694 fetch_input_end=232208695 fetch_input_duration_ms=0
[2026-01-30 19:56:06.487] [info] [spider.worker] [TIMING] task_id=e125739a-73f1-4488-921d-85803dc5938a func=job_orchestration.executor.query.spider_search_task.search_without_channel input_send_start=232208696 input_send_end=232208696 input_send_duration_ms=0 bytes=626
[2026-01-30 19:56:06.487] [info] [spider.worker] [TIMING] task_id=e125739a-73f1-4488-921d-85803dc5938a func=job_orchestration.executor.query.spider_search_task.search_without_channel spawn_start=232208695 spawn_end=232208696 spawn_duration_ms=0
[2026-01-30 19:56:07.717] [info] [spider.worker] [TIMING] task_id=e125739a-73f1-4488-921d-85803dc5938a func=job_orchestration.executor.query.spider_search_task.search_without_channel execution_start=232208696 execution_end=232209925 execution_duration_ms=1229
[2026-01-30 19:56:07.972] [info] [spider.worker] [TIMING] task_id=e125739a-73f1-4488-921d-85803dc5938a func=job_orchestration.executor.query.spider_search_task.search_without_channel submit_output_start=232209927 submit_output_end=232210180 submit_output_duration_ms=253
[2026-01-30 19:56:08.037] [info] [spider.worker] [TIMING] task_id=9e8ced55-2c3f-4ffd-9954-e70c35c68059 func=job_orchestration.executor.query.spider_search_task.search_without_channel fetch_input_start=232210245 fetch_input_end=232210246 fetch_input_duration_ms=0
[2026-01-30 19:56:08.038] [info] [spider.worker] [TIMING] task_id=9e8ced55-2c3f-4ffd-9954-e70c35c68059 func=job_orchestration.executor.query.spider_search_task.search_without_channel input_send_start=232210246 input_send_end=232210246 input_send_duration_ms=0 bytes=626
[2026-01-30 19:56:08.038] [info] [spider.worker] [TIMING] task_id=9e8ced55-2c3f-4ffd-9954-e70c35c68059 func=job_orchestration.executor.query.spider_search_task.search_without_channel spawn_start=232210246 spawn_end=232210246 spawn_duration_ms=0
[2026-01-30 19:56:09.297] [info] [spider.worker] [TIMING] task_id=9e8ced55-2c3f-4ffd-9954-e70c35c68059 func=job_orchestration.executor.query.spider_search_task.search_without_channel execution_start=232210246 execution_end=232211506 execution_duration_ms=1259
[2026-01-30 19:56:09.318] [info] [spider.worker] [TIMING] task_id=9e8ced55-2c3f-4ffd-9954-e70c35c68059 func=job_orchestration.executor.query.spider_search_task.search_without_channel submit_output_start=232211508 submit_output_end=232211526 submit_output_duration_ms=18
[2026-01-30 19:56:09.362] [info] [spider.worker] [TIMING] task_id=d80b3416-de9b-4c22-9663-7e79cadc2ee8 func=job_orchestration.executor.query.spider_search_task.search_without_channel fetch_input_start=232211570 fetch_input_end=232211571 fetch_input_duration_ms=1
[2026-01-30 19:56:09.363] [info] [spider.worker] [TIMING] task_id=d80b3416-de9b-4c22-9663-7e79cadc2ee8 func=job_orchestration.executor.query.spider_search_task.search_without_channel input_send_start=232211571 input_send_end=232211571 input_send_duration_ms=0 bytes=626
[2026-01-30 19:56:09.363] [info] [spider.worker] [TIMING] task_id=d80b3416-de9b-4c22-9663-7e79cadc2ee8 func=job_orchestration.executor.query.spider_search_task.search_without_channel spawn_start=232211571 spawn_end=232211571 spawn_duration_ms=0
[2026-01-30 19:56:10.555] [info] [spider.worker] [TIMING] task_id=d80b3416-de9b-4c22-9663-7e79cadc2ee8 func=job_orchestration.executor.query.spider_search_task.search_without_channel execution_start=232211572 execution_end=232212763 execution_duration_ms=1191
[2026-01-30 19:56:10.610] [info] [spider.worker] [TIMING] task_id=d80b3416-de9b-4c22-9663-7e79cadc2ee8 func=job_orchestration.executor.query.spider_search_task.search_without_channel submit_output_start=232212785 submit_output_end=232212818 submit_output_duration_ms=32
[2026-01-30 19:56:10.645] [info] [spider.worker] [TIMING] task_id=059ca854-7eba-472c-8175-6f67bbf5948e func=job_orchestration.executor.query.spider_search_task.search_without_channel fetch_input_start=232212853 fetch_input_end=232212854 fetch_input_duration_ms=0
[2026-01-30 19:56:10.646] [info] [spider.worker] [TIMING] task_id=059ca854-7eba-472c-8175-6f67bbf5948e func=job_orchestration.executor.query.spider_search_task.search_without_channel input_send_start=232212854 input_send_end=232212854 input_send_duration_ms=0 bytes=626
[2026-01-30 19:56:10.646] [info] [spider.worker] [TIMING] task_id=059ca854-7eba-472c-8175-6f67bbf5948e func=job_orchestration.executor.query.spider_search_task.search_without_channel spawn_start=232212854 spawn_end=232212854 spawn_duration_ms=0
[2026-01-30 19:56:11.825] [info] [spider.worker] [TIMING] task_id=059ca854-7eba-472c-8175-6f67bbf5948e func=job_orchestration.executor.query.spider_search_task.search_without_channel execution_start=232212855 execution_end=232214034 execution_duration_ms=1179
[2026-01-30 19:56:11.870] [info] [spider.worker] [TIMING] task_id=059ca854-7eba-472c-8175-6f67bbf5948e func=job_orchestration.executor.query.spider_search_task.search_without_channel submit_output_start=232214036 submit_output_end=232214078 submit_output_duration_ms=41
[2026-01-30 19:56:11.914] [info] [spider.worker] [TIMING] task_id=48bd6e42-62f9-4e58-bb37-a6bc9708f92d func=job_orchestration.executor.query.spider_search_task.search_without_channel fetch_input_start=232214121 fetch_input_end=232214122 fetch_input_duration_ms=0
[2026-01-30 19:56:11.915] [info] [spider.worker] [TIMING] task_id=48bd6e42-62f9-4e58-bb37-a6bc9708f92d func=job_orchestration.executor.query.spider_search_task.search_without_channel input_send_start=232214123 input_send_end=232214123 input_send_duration_ms=0 bytes=626
[2026-01-30 19:56:11.915] [info] [spider.worker] [TIMING] task_id=48bd6e42-62f9-4e58-bb37-a6bc9708f92d func=job_orchestration.executor.query.spider_search_task.search_without_channel spawn_start=232214122 spawn_end=232214123 spawn_duration_ms=0
[2026-01-30 19:56:13.089] [info] [spider.worker] [TIMING] task_id=48bd6e42-62f9-4e58-bb37-a6bc9708f92d func=job_orchestration.executor.query.spider_search_task.search_without_channel execution_start=232214123 execution_end=232215298 execution_duration_ms=1174
[2026-01-30 19:56:13.127] [info] [spider.worker] [TIMING] task_id=48bd6e42-62f9-4e58-bb37-a6bc9708f92d func=job_orchestration.executor.query.spider_search_task.search_without_channel submit_output_start=232215299 submit_output_end=232215335 submit_output_duration_ms=35
[2026-01-30 19:56:13.146] [info] [spider.worker] [TIMING] task_id=6f78ee98-ecf8-4fa7-9ce9-02ec675216e7 func=job_orchestration.executor.query.spider_search_task.search_without_channel fetch_input_start=232215354 fetch_input_end=232215355 fetch_input_duration_ms=0
[2026-01-30 19:56:13.147] [info] [spider.worker] [TIMING] task_id=6f78ee98-ecf8-4fa7-9ce9-02ec675216e7 func=job_orchestration.executor.query.spider_search_task.search_without_channel input_send_start=232215355 input_send_end=232215355 input_send_duration_ms=0 bytes=626
[2026-01-30 19:56:13.147] [info] [spider.worker] [TIMING] task_id=6f78ee98-ecf8-4fa7-9ce9-02ec675216e7 func=job_orchestration.executor.query.spider_search_task.search_without_channel spawn_start=232215355 spawn_end=232215355 spawn_duration_ms=0
[2026-01-30 19:56:14.396] [info] [spider.worker] [TIMING] task_id=6f78ee98-ecf8-4fa7-9ce9-02ec675216e7 func=job_orchestration.executor.query.spider_search_task.search_without_channel execution_start=232215355 execution_end=232216605 execution_duration_ms=1249
[2026-01-30 19:56:14.419] [info] [spider.worker] [TIMING] task_id=6f78ee98-ecf8-4fa7-9ce9-02ec675216e7 func=job_orchestration.executor.query.spider_search_task.search_without_channel submit_output_start=232216606 submit_output_end=232216627 submit_output_duration_ms=20
[2026-01-30 19:56:14.447] [info] [spider.worker] [TIMING] task_id=414b1180-1777-42db-9072-7422d9076391 func=job_orchestration.executor.query.spider_search_task.search_without_channel fetch_input_start=232216654 fetch_input_end=232216655 fetch_input_duration_ms=1
[2026-01-30 19:56:14.448] [info] [spider.worker] [TIMING] task_id=414b1180-1777-42db-9072-7422d9076391 func=job_orchestration.executor.query.spider_search_task.search_without_channel input_send_start=232216656 input_send_end=232216656 input_send_duration_ms=0 bytes=626
[2026-01-30 19:56:14.448] [info] [spider.worker] [TIMING] task_id=414b1180-1777-42db-9072-7422d9076391 func=job_orchestration.executor.query.spider_search_task.search_without_channel spawn_start=232216656 spawn_end=232216656 spawn_duration_ms=0
[2026-01-30 19:56:15.776] [info] [spider.worker] [TIMING] task_id=414b1180-1777-42db-9072-7422d9076391 func=job_orchestration.executor.query.spider_search_task.search_without_channel execution_start=232216656 execution_end=232217984 execution_duration_ms=1327
[2026-01-30 19:56:15.821] [info] [spider.worker] [TIMING] task_id=414b1180-1777-42db-9072-7422d9076391 func=job_orchestration.executor.query.spider_search_task.search_without_channel submit_output_start=232217989 submit_output_end=232218030 submit_output_duration_ms=41
[2026-01-30 19:56:15.891] [info] [spider.worker] [TIMING] task_id=11d01a88-9837-4b9e-9b33-2d5554b00775 func=job_orchestration.executor.query.spider_search_task.search_without_channel fetch_input_start=232218098 fetch_input_end=232218099 fetch_input_duration_ms=1
[2026-01-30 19:56:15.892] [info] [spider.worker] [TIMING] task_id=11d01a88-9837-4b9e-9b33-2d5554b00775 func=job_orchestration.executor.query.spider_search_task.search_without_channel input_send_start=232218100 input_send_end=232218100 input_send_duration_ms=0 bytes=626
[2026-01-30 19:56:15.892] [info] [spider.worker] [TIMING] task_id=11d01a88-9837-4b9e-9b33-2d5554b00775 func=job_orchestration.executor.query.spider_search_task.search_without_channel spawn_start=232218100 spawn_end=232218100 spawn_duration_ms=0
[2026-01-30 19:56:17.183] [info] [spider.worker] [TIMING] task_id=11d01a88-9837-4b9e-9b33-2d5554b00775 func=job_orchestration.executor.query.spider_search_task.search_without_channel execution_start=232218101 execution_end=232219392 execution_duration_ms=1290
[2026-01-30 19:56:17.221] [info] [spider.worker] [TIMING] task_id=11d01a88-9837-4b9e-9b33-2d5554b00775 func=job_orchestration.executor.query.spider_search_task.search_without_channel submit_output_start=232219393 submit_output_end=232219429 submit_output_duration_ms=35
[2026-01-30 19:56:17.265] [info] [spider.worker] [TIMING] task_id=8b970aa6-30e2-45ad-b9f1-b8e50098fedf func=job_orchestration.executor.query.spider_search_task.search_without_channel fetch_input_start=232219472 fetch_input_end=232219473 fetch_input_duration_ms=1
[2026-01-30 19:56:17.266] [info] [spider.worker] [TIMING] task_id=8b970aa6-30e2-45ad-b9f1-b8e50098fedf func=job_orchestration.executor.query.spider_search_task.search_without_channel input_send_start=232219474 input_send_end=232219474 input_send_duration_ms=0 bytes=626
[2026-01-30 19:56:17.266] [info] [spider.worker] [TIMING] task_id=8b970aa6-30e2-45ad-b9f1-b8e50098fedf func=job_orchestration.executor.query.spider_search_task.search_without_channel spawn_start=232219474 spawn_end=232219474 spawn_duration_ms=0
[2026-01-30 19:56:18.806] [info] [spider.worker] [TIMING] task_id=8b970aa6-30e2-45ad-b9f1-b8e50098fedf func=job_orchestration.executor.query.spider_search_task.search_without_channel execution_start=232219474 execution_end=232221014 execution_duration_ms=1539
[2026-01-30 19:56:18.821] [info] [spider.worker] [TIMING] task_id=8b970aa6-30e2-45ad-b9f1-b8e50098fedf func=job_orchestration.executor.query.spider_search_task.search_without_channel submit_output_start=232221016 submit_output_end=232221029 submit_output_duration_ms=13
[2026-01-30 19:56:18.831] [info] [spider.worker] [TIMING] task_id=31401f79-4c0e-4827-8831-27b851be703b func=job_orchestration.executor.query.spider_search_task.search_without_channel fetch_input_start=232221039 fetch_input_end=232221040 fetch_input_duration_ms=0
[2026-01-30 19:56:18.832] [info] [spider.worker] [TIMING] task_id=31401f79-4c0e-4827-8831-27b851be703b func=job_orchestration.executor.query.spider_search_task.search_without_channel input_send_start=232221040 input_send_end=232221040 input_send_duration_ms=0 bytes=626
[2026-01-30 19:56:18.832] [info] [spider.worker] [TIMING] task_id=31401f79-4c0e-4827-8831-27b851be703b func=job_orchestration.executor.query.spider_search_task.search_without_channel spawn_start=232221040 spawn_end=232221040 spawn_duration_ms=0
[2026-01-30 19:56:20.152] [info] [spider.worker] [TIMING] task_id=31401f79-4c0e-4827-8831-27b851be703b func=job_orchestration.executor.query.spider_search_task.search_without_channel execution_start=232221040 execution_end=232222360 execution_duration_ms=1319
[2026-01-30 19:56:20.163] [info] [spider.worker] [TIMING] task_id=31401f79-4c0e-4827-8831-27b851be703b func=job_orchestration.executor.query.spider_search_task.search_without_channel submit_output_start=232222362 submit_output_end=232222371 submit_output_duration_ms=9
[2026-01-30 19:56:20.182] [info] [spider.worker] [TIMING] task_id=5c0b51e9-ef7d-40ff-a3b0-96d04a97c126 func=job_orchestration.executor.query.spider_search_task.search_without_channel fetch_input_start=232222389 fetch_input_end=232222390 fetch_input_duration_ms=0
[2026-01-30 19:56:20.183] [info] [spider.worker] [TIMING] task_id=5c0b51e9-ef7d-40ff-a3b0-96d04a97c126 func=job_orchestration.executor.query.spider_search_task.search_without_channel input_send_start=232222391 input_send_end=232222391 input_send_duration_ms=0 bytes=626
[2026-01-30 19:56:20.183] [info] [spider.worker] [TIMING] task_id=5c0b51e9-ef7d-40ff-a3b0-96d04a97c126 func=job_orchestration.executor.query.spider_search_task.search_without_channel spawn_start=232222391 spawn_end=232222391 spawn_duration_ms=0
[2026-01-30 19:56:21.299] [info] [spider.worker] [TIMING] task_id=5c0b51e9-ef7d-40ff-a3b0-96d04a97c126 func=job_orchestration.executor.query.spider_search_task.search_without_channel execution_start=232222391 execution_end=232223507 execution_duration_ms=1115
[2026-01-30 19:56:21.338] [info] [spider.worker] [TIMING] task_id=5c0b51e9-ef7d-40ff-a3b0-96d04a97c126 func=job_orchestration.executor.query.spider_search_task.search_without_channel submit_output_start=232223508 submit_output_end=232223546 submit_output_duration_ms=37
[2026-01-30 19:56:21.357] [info] [spider.worker] [TIMING] task_id=9320d5cc-8565-4c77-8127-7c1c1b7638f3 func=job_orchestration.executor.query.spider_search_task.search_without_channel fetch_input_start=232223565 fetch_input_end=232223566 fetch_input_duration_ms=0
[2026-01-30 19:56:21.358] [info] [spider.worker] [TIMING] task_id=9320d5cc-8565-4c77-8127-7c1c1b7638f3 func=job_orchestration.executor.query.spider_search_task.search_without_channel input_send_start=232223566 input_send_end=232223566 input_send_duration_ms=0 bytes=626
[2026-01-30 19:56:21.358] [info] [spider.worker] [TIMING] task_id=9320d5cc-8565-4c77-8127-7c1c1b7638f3 func=job_orchestration.executor.query.spider_search_task.search_without_channel spawn_start=232223566 spawn_end=232223566 spawn_duration_ms=0
[2026-01-30 19:56:22.495] [info] [spider.worker] [TIMING] task_id=9320d5cc-8565-4c77-8127-7c1c1b7638f3 func=job_orchestration.executor.query.spider_search_task.search_without_channel execution_start=232223567 execution_end=232224703 execution_duration_ms=1136
[2026-01-30 19:56:22.521] [info] [spider.worker] [TIMING] task_id=9320d5cc-8565-4c77-8127-7c1c1b7638f3 func=job_orchestration.executor.query.spider_search_task.search_without_channel submit_output_start=232224705 submit_output_end=232224730 submit_output_duration_ms=24
[2026-01-30 19:56:22.548] [info] [spider.worker] [TIMING] task_id=1234b020-6e09-492d-9af1-86bca53aa883 func=job_orchestration.executor.query.spider_search_task.search_without_channel fetch_input_start=232224755 fetch_input_end=232224756 fetch_input_duration_ms=1
[2026-01-30 19:56:22.548] [info] [spider.worker] [TIMING] task_id=1234b020-6e09-492d-9af1-86bca53aa883 func=job_orchestration.executor.query.spider_search_task.search_without_channel input_send_start=232224757 input_send_e