[2026-01-30 19:54:16.415] [warning] [spider.worker] Prefer using `SPIDER_STORAGE_URL` environment variable over `--storage_url` argument.
[2026-01-30 19:55:08.644] [info] [spider.worker] [TIMING] task_id=ee706af2-8489-4f3c-b034-9cb5cf5f2763 func=job_orchestration.executor.query.spider_search_task.search_without_channel fetch_input_start=232150850 fetch_input_end=232150852 fetch_input_duration_ms=2
[2026-01-30 19:55:08.645] [info] [spider.worker] [TIMING] task_id=ee706af2-8489-4f3c-b034-9cb5cf5f2763 func=job_orchestration.executor.query.spider_search_task.search_without_channel input_send_start=232150853 input_send_end=232150853 input_send_duration_ms=0 bytes=626
[2026-01-30 19:55:08.645] [info] [spider.worker] [TIMING] task_id=ee706af2-8489-4f3c-b034-9cb5cf5f2763 func=job_orchestration.executor.query.spider_search_task.search_without_channel spawn_start=232150852 spawn_end=232150853 spawn_duration_ms=0
[2026-01-30 19:55:09.992] [info] [spider.worker] [TIMING] task_id=ee706af2-8489-4f3c-b034-9cb5cf5f2763 func=job_orchestration.executor.query.spider_search_task.search_without_channel execution_start=232150854 execution_end=232152200 execution_duration_ms=1346
[2026-01-30 19:55:10.031] [info] [spider.worker] [TIMING] task_id=ee706af2-8489-4f3c-b034-9cb5cf5f2763 func=job_orchestration.executor.query.spider_search_task.search_without_channel submit_output_start=232152202 submit_output_end=232152240 submit_output_duration_ms=37
[2026-01-30 19:55:10.076] [info] [spider.worker] [TIMING] task_id=a14af9ca-c1e7-41b2-a6fa-6e6eb301b0b3 func=job_orchestration.executor.query.spider_search_task.search_without_channel fetch_input_start=232152283 fetch_input_end=232152284 fetch_input_duration_ms=0
[2026-01-30 19:55:10.076] [info] [spider.worker] [TIMING] task_id=a14af9ca-c1e7-41b2-a6fa-6e6eb301b0b3 func=job_orchestration.executor.query.spider_search_task.search_without_channel input_send_start=232152284 input_send_end=232152284 input_send_duration_ms=0 bytes=626
[2026-01-30 19:55:10.076] [info] [spider.worker] [TIMING] task_id=a14af9ca-c1e7-41b2-a6fa-6e6eb301b0b3 func=job_orchestration.executor.query.spider_search_task.search_without_channel spawn_start=232152284 spawn_end=232152284 spawn_duration_ms=0
[2026-01-30 19:55:11.303] [info] [spider.worker] [TIMING] task_id=a14af9ca-c1e7-41b2-a6fa-6e6eb301b0b3 func=job_orchestration.executor.query.spider_search_task.search_without_channel execution_start=232152285 execution_end=232153511 execution_duration_ms=1226
[2026-01-30 19:55:11.347] [info] [spider.worker] [TIMING] task_id=a14af9ca-c1e7-41b2-a6fa-6e6eb301b0b3 func=job_orchestration.executor.query.spider_search_task.search_without_channel submit_output_start=232153512 submit_output_end=232153555 submit_output_duration_ms=42
[2026-01-30 19:55:11.357] [info] [spider.worker] [TIMING] task_id=a6836c6a-4603-4313-81d1-f4a15757d170 func=job_orchestration.executor.query.spider_search_task.search_without_channel fetch_input_start=232153565 fetch_input_end=232153566 fetch_input_duration_ms=0
[2026-01-30 19:55:11.358] [info] [spider.worker] [TIMING] task_id=a6836c6a-4603-4313-81d1-f4a15757d170 func=job_orchestration.executor.query.spider_search_task.search_without_channel input_send_start=232153566 input_send_end=232153566 input_send_duration_ms=0 bytes=626
[2026-01-30 19:55:11.358] [info] [spider.worker] [TIMING] task_id=a6836c6a-4603-4313-81d1-f4a15757d170 func=job_orchestration.executor.query.spider_search_task.search_without_channel spawn_start=232153566 spawn_end=232153566 spawn_duration_ms=0
[2026-01-30 19:55:12.697] [info] [spider.worker] [TIMING] task_id=a6836c6a-4603-4313-81d1-f4a15757d170 func=job_orchestration.executor.query.spider_search_task.search_without_channel execution_start=232153566 execution_end=232154905 execution_duration_ms=1338
[2026-01-30 19:55:12.705] [info] [spider.worker] [TIMING] task_id=a6836c6a-4603-4313-81d1-f4a15757d170 func=job_orchestration.executor.query.spider_search_task.search_without_channel submit_output_start=232154907 submit_output_end=232154914 submit_output_duration_ms=7
[2026-01-30 19:55:12.741] [info] [spider.worker] [TIMING] task_id=cfa2c0ac-1e76-459c-b86a-8982f2970a8a func=job_orchestration.executor.query.spider_search_task.search_without_channel fetch_input_start=232154948 fetch_input_end=232154949 fetch_input_duration_ms=0
[2026-01-30 19:55:12.741] [info] [spider.worker] [TIMING] task_id=cfa2c0ac-1e76-459c-b86a-8982f2970a8a func=job_orchestration.executor.query.spider_search_task.search_without_channel input_send_start=232154950 input_send_end=232154950 input_send_duration_ms=0 bytes=626
[2026-01-30 19:55:12.741] [info] [spider.worker] [TIMING] task_id=cfa2c0ac-1e76-459c-b86a-8982f2970a8a func=job_orchestration.executor.query.spider_search_task.search_without_channel spawn_start=232154949 spawn_end=232154950 spawn_duration_ms=0
[2026-01-30 19:55:13.999] [info] [spider.worker] [TIMING] task_id=cfa2c0ac-1e76-459c-b86a-8982f2970a8a func=job_orchestration.executor.query.spider_search_task.search_without_channel execution_start=232154950 execution_end=232156208 execution_duration_ms=1257
[2026-01-30 19:55:14.023] [info] [spider.worker] [TIMING] task_id=cfa2c0ac-1e76-459c-b86a-8982f2970a8a func=job_orchestration.executor.query.spider_search_task.search_without_channel submit_output_start=232156209 submit_output_end=232156232 submit_output_duration_ms=22
[2026-01-30 19:55:14.066] [info] [spider.worker] [TIMING] task_id=b57c80ca-4bb5-4125-9168-7349f72b81e6 func=job_orchestration.executor.query.spider_search_task.search_without_channel fetch_input_start=232156274 fetch_input_end=232156275 fetch_input_duration_ms=0
[2026-01-30 19:55:14.067] [info] [spider.worker] [TIMING] task_id=b57c80ca-4bb5-4125-9168-7349f72b81e6 func=job_orchestration.executor.query.spider_search_task.search_without_channel input_send_start=232156275 input_send_end=232156275 input_send_duration_ms=0 bytes=626
[2026-01-30 19:55:14.067] [info] [spider.worker] [TIMING] task_id=b57c80ca-4bb5-4125-9168-7349f72b81e6 func=job_orchestration.executor.query.spider_search_task.search_without_channel spawn_start=232156275 spawn_end=232156275 spawn_duration_ms=0
[2026-01-30 19:55:15.246] [info] [spider.worker] [TIMING] task_id=b57c80ca-4bb5-4125-9168-7349f72b81e6 func=job_orchestration.executor.query.spider_search_task.search_without_channel execution_start=232156276 execution_end=232157454 execution_duration_ms=1178
[2026-01-30 19:55:15.264] [info] [spider.worker] [TIMING] task_id=b57c80ca-4bb5-4125-9168-7349f72b81e6 func=job_orchestration.executor.query.spider_search_task.search_without_channel submit_output_start=232157456 submit_output_end=232157473 submit_output_duration_ms=16
[2026-01-30 19:55:15.284] [info] [spider.worker] [TIMING] task_id=1c609aa4-fef0-455e-a085-6a169c83f604 func=job_orchestration.executor.query.spider_search_task.search_without_channel fetch_input_start=232157491 fetch_input_end=232157493 fetch_input_duration_ms=1
[2026-01-30 19:55:15.285] [info] [spider.worker] [TIMING] task_id=1c609aa4-fef0-455e-a085-6a169c83f604 func=job_orchestration.executor.query.spider_search_task.search_without_channel input_send_start=232157493 input_send_end=232157493 input_send_duration_ms=0 bytes=626
[2026-01-30 19:55:15.285] [info] [spider.worker] [TIMING] task_id=1c609aa4-fef0-455e-a085-6a169c83f604 func=job_orchestration.executor.query.spider_search_task.search_without_channel spawn_start=232157493 spawn_end=232157493 spawn_duration_ms=0
[2026-01-30 19:55:16.607] [info] [spider.worker] [TIMING] task_id=1c609aa4-fef0-455e-a085-6a169c83f604 func=job_orchestration.executor.query.spider_search_task.search_without_channel execution_start=232157493 execution_end=232158815 execution_duration_ms=1321
[2026-01-30 19:55:16.664] [info] [spider.worker] [TIMING] task_id=1c609aa4-fef0-455e-a085-6a169c83f604 func=job_orchestration.executor.query.spider_search_task.search_without_channel submit_output_start=232158831 submit_output_end=232158872 submit_output_duration_ms=41
[2026-01-30 19:55:16.717] [info] [spider.worker] [TIMING] task_id=6995e69f-97b7-4bfb-b394-5a8362ced6e9 func=job_orchestration.executor.query.spider_search_task.search_without_channel fetch_input_start=232158924 fetch_input_end=232158925 fetch_input_duration_ms=0
[2026-01-30 19:55:16.717] [info] [spider.worker] [TIMING] task_id=6995e69f-97b7-4bfb-b394-5a8362ced6e9 func=job_orchestration.executor.query.spider_search_task.search_without_channel input_send_start=232158925 input_send_end=232158925 input_send_duration_ms=0 bytes=626
[2026-01-30 19:55:16.717] [info] [spider.worker] [TIMING] task_id=6995e69f-97b7-4bfb-b394-5a8362ced6e9 func=job_orchestration.executor.query.spider_search_task.search_without_channel spawn_start=232158925 spawn_end=232158925 spawn_duration_ms=0
[2026-01-30 19:55:17.964] [info] [spider.worker] [TIMING] task_id=6995e69f-97b7-4bfb-b394-5a8362ced6e9 func=job_orchestration.executor.query.spider_search_task.search_without_channel execution_start=232158926 execution_end=232160172 execution_duration_ms=1246
[2026-01-30 19:55:17.973] [info] [spider.worker] [TIMING] task_id=6995e69f-97b7-4bfb-b394-5a8362ced6e9 func=job_orchestration.executor.query.spider_search_task.search_without_channel submit_output_start=232160174 submit_output_end=232160182 submit_output_duration_ms=7
[2026-01-30 19:55:17.992] [info] [spider.worker] [TIMING] task_id=7ee9b132-803f-4358-8749-21355ecf2d77 func=job_orchestration.executor.query.spider_search_task.search_without_channel fetch_input_start=232160200 fetch_input_end=232160201 fetch_input_duration_ms=0
[2026-01-30 19:55:17.993] [info] [spider.worker] [TIMING] task_id=7ee9b132-803f-4358-8749-21355ecf2d77 func=job_orchestration.executor.query.spider_search_task.search_without_channel input_send_start=232160201 input_send_end=232160201 input_send_duration_ms=0 bytes=626
[2026-01-30 19:55:17.993] [info] [spider.worker] [TIMING] task_id=7ee9b132-803f-4358-8749-21355ecf2d77 func=job_orchestration.executor.query.spider_search_task.search_without_channel spawn_start=232160201 spawn_end=232160201 spawn_duration_ms=0
[2026-01-30 19:55:19.151] [info] [spider.worker] [TIMING] task_id=7ee9b132-803f-4358-8749-21355ecf2d77 func=job_orchestration.executor.query.spider_search_task.search_without_channel execution_start=232160202 execution_end=232161359 execution_duration_ms=1157
[2026-01-30 19:55:19.186] [info] [spider.worker] [TIMING] task_id=7ee9b132-803f-4358-8749-21355ecf2d77 func=job_orchestration.executor.query.spider_search_task.search_without_channel submit_output_start=232161361 submit_output_end=232161394 submit_output_duration_ms=33
[2026-01-30 19:55:19.231] [info] [spider.worker] [TIMING] task_id=eabe10d1-601c-4543-8b95-16982f45fd62 func=job_orchestration.executor.query.spider_search_task.search_without_channel fetch_input_start=232161438 fetch_input_end=232161439 fetch_input_duration_ms=0
[2026-01-30 19:55:19.231] [info] [spider.worker] [TIMING] task_id=eabe10d1-601c-4543-8b95-16982f45fd62 func=job_orchestration.executor.query.spider_search_task.search_without_channel input_send_start=232161439 input_send_end=232161439 input_send_duration_ms=0 bytes=626
[2026-01-30 19:55:19.231] [info] [spider.worker] [TIMING] task_id=eabe10d1-601c-4543-8b95-16982f45fd62 func=job_orchestration.executor.query.spider_search_task.search_without_channel spawn_start=232161439 spawn_end=232161439 spawn_duration_ms=0
[2026-01-30 19:55:20.440] [info] [spider.worker] [TIMING] task_id=eabe10d1-601c-4543-8b95-16982f45fd62 func=job_orchestration.executor.query.spider_search_task.search_without_channel execution_start=232161440 execution_end=232162649 execution_duration_ms=1208
[2026-01-30 19:55:20.448] [info] [spider.worker] [TIMING] task_id=eabe10d1-601c-4543-8b95-16982f45fd62 func=job_orchestration.executor.query.spider_search_task.search_without_channel submit_output_start=232162651 submit_output_end=232162657 submit_output_duration_ms=6
[2026-01-30 19:55:20.460] [info] [spider.worker] [TIMING] task_id=5e363f50-46b4-41b3-a3a7-77b40f0f2590 func=job_orchestration.executor.query.spider_search_task.search_without_channel fetch_input_start=232162667 fetch_input_end=232162668 fetch_input_duration_ms=1
[2026-01-30 19:55:20.460] [info] [spider.worker] [TIMING] task_id=5e363f50-46b4-41b3-a3a7-77b40f0f2590 func=job_orchestration.executor.query.spider_search_task.search_without_channel input_send_start=232162668 input_send_end=232162668 input_send_duration_ms=0 bytes=626
[2026-01-30 19:55:20.460] [info] [spider.worker] [TIMING] task_id=5e363f50-46b4-41b3-a3a7-77b40f0f2590 func=job_orchestration.executor.query.spider_search_task.search_without_channel spawn_start=232162668 spawn_end=232162669 spawn_duration_ms=0
[2026-01-30 19:55:21.626] [info] [spider.worker] [TIMING] task_id=5e363f50-46b4-41b3-a3a7-77b40f0f2590 func=job_orchestration.executor.query.spider_search_task.search_without_channel execution_start=232162669 execution_end=232163835 execution_duration_ms=1165
[2026-01-30 19:55:21.657] [info] [spider.worker] [TIMING] task_id=5e363f50-46b4-41b3-a3a7-77b40f0f2590 func=job_orchestration.executor.query.spider_search_task.search_without_channel submit_output_start=232163836 submit_output_end=232163866 submit_output_duration_ms=29
[2026-01-30 19:55:21.676] [info] [spider.worker] [TIMING] task_id=f003a34d-7105-4ebb-b4dd-de5ba7a66c1a func=job_orchestration.executor.query.spider_search_task.search_without_channel fetch_input_start=232163884 fetch_input_end=232163884 fetch_input_duration_ms=0
[2026-01-30 19:55:21.677] [info] [spider.worker] [TIMING] task_id=f003a34d-7105-4ebb-b4dd-de5ba7a66c1a func=job_orchestration.executor.query.spider_search_task.search_without_channel input_send_start=232163885 input_send_end=232163885 input_send_duration_ms=0 bytes=626
[2026-01-30 19:55:21.677] [info] [spider.worker] [TIMING] task_id=f003a34d-7105-4ebb-b4dd-de5ba7a66c1a func=job_orchestration.executor.query.spider_search_task.search_without_channel spawn_start=232163885 spawn_end=232163885 spawn_duration_ms=0
[2026-01-30 19:55:22.985] [info] [spider.worker] [TIMING] task_id=f003a34d-7105-4ebb-b4dd-de5ba7a66c1a func=job_orchestration.executor.query.spider_search_task.search_without_channel execution_start=232163885 execution_end=232165194 execution_duration_ms=1308
[2026-01-30 19:55:23.016] [info] [spider.worker] [TIMING] task_id=f003a34d-7105-4ebb-b4dd-de5ba7a66c1a func=job_orchestration.executor.query.spider_search_task.search_without_channel submit_output_start=232165203 submit_output_end=232165224 submit_output_duration_ms=21
[2026-01-30 19:55:23.035] [info] [spider.worker] [TIMING] task_id=7db7ffc4-f28e-4d4f-b9df-57da6f03d479 func=job_orchestration.executor.query.spider_search_task.search_without_channel fetch_input_start=232165242 fetch_input_end=232165243 fetch_input_duration_ms=0
[2026-01-30 19:55:23.035] [info] [spider.worker] [TIMING] task_id=7db7ffc4-f28e-4d4f-b9df-57da6f03d479 func=job_orchestration.executor.query.spider_search_task.search_without_channel input_send_start=232165243 input_send_end=232165243 input_send_duration_ms=0 bytes=626
[2026-01-30 19:55:23.035] [info] [spider.worker] [TIMING] task_id=7db7ffc4-f28e-4d4f-b9df-57da6f03d479 func=job_orchestration.executor.query.spider_search_task.search_without_channel spawn_start=232165243 spawn_end=232165243 spawn_duration_ms=0
[2026-01-30 19:55:24.240] [info] [spider.worker] [TIMING] task_id=7db7ffc4-f28e-4d4f-b9df-57da6f03d479 func=job_orchestration.executor.query.spider_search_task.search_without_channel execution_start=232165244 execution_end=232166448 execution_duration_ms=1204
[2026-01-30 19:55:24.305] [info] [spider.worker] [TIMING] task_id=7db7ffc4-f28e-4d4f-b9df-57da6f03d479 func=job_orchestration.executor.query.spider_search_task.search_without_channel submit_output_start=232166464 submit_output_end=232166513 submit_output_duration_ms=49
[2026-01-30 19:55:24.349] [info] [spider.worker] [TIMING] task_id=2994c7fb-2c01-462a-a774-b8d9db68481a func=job_orchestration.executor.query.spider_search_task.search_without_channel fetch_input_start=232166557 fetch_input_end=232166558 fetch_input_duration_ms=1
[2026-01-30 19:55:24.350] [info] [spider.worker] [TIMING] task_id=2994c7fb-2c01-462a-a774-b8d9db68481a func=job_orchestration.executor.query.spider_search_task.search_without_channel input_send_start=232166558 input_send_end=232166558 input_send_duration_ms=0 bytes=626
[2026-01-30 19:55:24.350] [info] [spider.worker] [TIMING] task_id=2994c7fb-2c01-462a-a774-b8d9db68481a func=job_orchestration.executor.query.spider_search_task.search_without_channel spawn_start=232166558 spawn_end=232166558 spawn_duration_ms=0
[2026-01-30 19:55:25.442] [info] [spider.worker] [TIMING] task_id=2994c7fb-2c01-462a-a774-b8d9db68481a func=job_orchestration.executor.query.spider_search_task.search_without_channel execution_start=232166559 execution_end=232167650 execution_duration_ms=1091
[2026-01-30 19:55:25.483] [info] [spider.worker] [TIMING] task_id=2994c7fb-2c01-462a-a774-b8d9db68481a func=job_orchestration.executor.query.spider_search_task.search_without_channel submit_output_start=232167652 submit_output_end=232167692 submit_output_duration_ms=39
[2026-01-30 19:55:25.519] [info] [spider.worker] [TIMING] task_id=6f31c5a1-7c99-48b8-852a-448756946a0c func=job_orchestration.executor.query.spider_search_task.search_without_channel fetch_input_start=232167726 fetch_input_end=232167727 fetch_input_duration_ms=1
[2026-01-30 19:55:25.519] [info] [spider.worker] [TIMING] task_id=6f31c5a1-7c99-48b8-852a-448756946a0c func=job_orchestration.executor.query.spider_search_task.search_without_channel input_send_start=232167728 input_send_end=232167728 input_send_duration_ms=0 bytes=626
[2026-01-30 19:55:25.519] [info] [spider.worker] [TIMING] task_id=6f31c5a1-7c99-48b8-852a-448756946a0c func=job_orchestration.executor.query.spider_search_task.search_without_channel spawn_start=232167727 spawn_end=232167728 spawn_duration_ms=0
[2026-01-30 19:55:26.884] [info] [spider.worker] [TIMING] task_id=6f31c5a1-7c99-48b8-852a-448756946a0c func=job_orchestration.executor.query.spider_search_task.search_without_channel execution_start=232167728 execution_end=232169092 execution_duration_ms=1364
[2026-01-30 19:55:26.935] [info] [spider.worker] [TIMING] task_id=6f31c5a1-7c99-48b8-852a-448756946a0c func=job_orchestration.executor.query.spider_search_task.search_without_channel submit_output_start=232169094 submit_output_end=232169144 submit_output_duration_ms=49
[2026-01-30 19:55:26.980] [info] [spider.worker] [TIMING] task_id=22d01719-126f-4dd6-ab1a-d7436eb61bc5 func=job_orchestration.executor.query.spider_search_task.search_without_channel fetch_input_start=232169187 fetch_input_end=232169188 fetch_input_duration_ms=1
[2026-01-30 19:55:26.980] [info] [spider.worker] [TIMING] task_id=22d01719-126f-4dd6-ab1a-d7436eb61bc5 func=job_orchestration.executor.query.spider_search_task.search_without_channel input_send_start=232169188 input_send_end=232169188 input_send_duration_ms=0 bytes=626
[2026-01-30 19:55:26.980] [info] [spider.worker] [TIMING] task_id=22d01719-126f-4dd6-ab1a-d7436eb61bc5 func=job_orchestration.executor.query.spider_search_task.search_without_channel spawn_start=232169188 spawn_end=232169189 spawn_duration_ms=0
[2026-01-30 19:55:28.240] [info] [spider.worker] [TIMING] task_id=22d01719-126f-4dd6-ab1a-d7436eb61bc5 func=job_orchestration.executor.query.spider_search_task.search_without_channel execution_start=232169189 execution_end=232170448 execution_duration_ms=1259
[2026-01-30 19:55:28.251] [info] [spider.worker] [TIMING] task_id=22d01719-126f-4dd6-ab1a-d7436eb61bc5 func=job_orchestration.executor.query.spider_search_task.search_without_channel submit_output_start=232170450 submit_output_end=232170459 submit_output_duration_ms=8
[2026-01-30 19:55:28.278] [info] [spider.worker] [TIMING] task_id=c55e7d9e-3337-490e-8f87-63b0cec85dd0 func=job_orchestration.executor.query.spider_search_task.search_without_channel fetch_input_start=232170486 fetch_input_end=232170487 fetch_input_duration_ms=0
[2026-01-30 19:55:28.279] [info] [spider.worker] [TIMING] task_id=c55e7d9e-3337-490e-8f87-63b0cec85dd0 func=job_orchestration.executor.query.spider_search_task.search_without_channel input_send_start=232170487 input_send_end=232170487 input_send_duration_ms=0 bytes=626
[2026-01-30 19:55:28.279] [info] [spider.worker] [TIMING] task_id=c55e7d9e-3337-490e-8f87-63b0cec85dd0 func=job_orchestration.executor.query.spider_search_task.search_without_channel spawn_start=232170487 spawn_end=232170487 spawn_duration_ms=0
[2026-01-30 19:55:29.610] [info] [spider.worker] [TIMING] task_id=c55e7d9e-3337-490e-8f87-63b0cec85dd0 func=job_orchestration.executor.query.spider_search_task.search_without_channel execution_start=232170487 execution_end=232171819 execution_duration_ms=1331
[2026-01-30 19:55:29.649] [info] [spider.worker] [TIMING] task_id=c55e7d9e-3337-490e-8f87-63b0cec85dd0 func=job_orchestration.executor.query.spider_search_task.search_without_channel submit_output_start=232171820 submit_output_end=232171858 submit_output_duration_ms=37
[2026-01-30 19:55:29.693] [info] [spider.worker] [TIMING] task_id=d0bb2a6f-8767-4f90-8f84-b3974ade34b5 func=job_orchestration.executor.query.spider_search_task.search_without_channel fetch_input_start=232171901 fetch_input_end=232171902 fetch_input_duration_ms=0
[2026-01-30 19:55:29.694] [info] [spider.worker] [TIMING] task_id=d0bb2a6f-8767-4f90-8f84-b3974ade34b5 func=job_orchestration.executor.query.spider_search_task.search_without_channel input_send_start=232171902 input_send_end=232171902 input_send_duration_ms=0 bytes=626
[2026-01-30 19:55:29.694] [info] [spider.worker] [TIMING] task_id=d0bb2a6f-8767-4f90-8f84-b3974ade34b5 func=job_orchestration.executor.query.spider_search_task.search_without_channel spawn_start=232171902 spawn_end=232171902 spawn_duration_ms=0
[2026-01-30 19:55:31.144] [info] [spider.worker] [TIMING] task_id=d0bb2a6f-8767-4f90-8f84-b3974ade34b5 func=job_orchestration.executor.query.spider_search_task.search_without_channel execution_start=232171903 execution_end=232173352 execution_duration_ms=1449
[2026-01-30 19:55:31.159] [info] [spider.worker] [TIMING] task_id=d0bb2a6f-8767-4f90-8f84-b3974ade34b5 func=job_orchestration.executor.query.spider_search_task.search_without_channel submit_output_start=232173354 submit_output_end=232173368 submit_output_duration_ms=13
[2026-01-30 19:55:31.197] [info] [spider.worker] [TIMING] task_id=33e8fe8a-eeeb-46fb-98dd-a25ce7e111e2 func=job_orchestration.executor.query.spider_search_task.search_without_channel fetch_input_start=232173404 fetch_input_end=232173405 fetch_input_duration_ms=1
[2026-01-30 19:55:31.197] [info] [spider.worker] [TIMING] task_id=33e8fe8a-eeeb-46fb-98dd-a25ce7e111e2 func=job_orchestration.executor.query.spider_search_task.search_without_channel input_send_start=232173406 input_send_end=232173406 input_send_duration_ms=0 bytes=626
[2026-01-30 19:55:31.197] [info] [spider.worker] [TIMING] task_id=33e8fe8a-eeeb-46fb-98dd-a25ce7e111e2 func=job_orchestration.executor.query.spider_search_task.search_without_channel spawn_start=232173405 spawn_end=232173406 spawn_duration_ms=0
[2026-01-30 19:55:32.642] [info] [spider.worker] [TIMING] task_id=33e8fe8a-eeeb-46fb-98dd-a25ce7e111e2 func=job_orchestration.executor.query.spider_search_task.search_without_channel execution_start=232173406 execution_end=232174850 execution_duration_ms=1444
[2026-01-30 19:55:32.651] [info] [spider.worker] [TIMING] task_id=33e8fe8a-eeeb-46fb-98dd-a25ce7e111e2 func=job_orchestration.executor.query.spider_search_task.search_without_channel submit_output_start=232174852 submit_output_end=232174859 submit_output_duration_ms=6
[2026-01-30 19:55:32.684] [info] [spider.worker] [TIMING] task_id=f6b5453a-78f8-4a8e-a141-a527cf2967f3 func=job_orchestration.executor.query.spider_search_task.search_without_channel fetch_input_start=232174891 fetch_input_end=232174892 fetch_input_duration_ms=1
[2026-01-30 19:55:32.684] [info] [spider.worker] [TIMING] task_id=f6b5453a-78f8-4a8e-a141-a527cf2967f3 func=job_orchestration.executor.query.spider_search_task.search_without_channel input_send_start=232174893 input_send_end=232174893 input_send_duration_ms=0 bytes=626
[2026-01-30 19:55:32.684] [info] [spider.worker] [TIMING] task_id=f6b5453a-78f8-4a8e-a141-a527cf2967f3 func=job_orchestration.executor.query.spider_search_task.search_without_channel spawn_start=232174892 spawn_end=232174893 spawn_duration_ms=0
[2026-01-30 19:55:33.992] [info] [spider.worker] [TIMING] task_id=f6b5453a-78f8-4a8e-a141-a527cf2967f3 func=job_orchestration.executor.query.spider_search_task.search_without_channel execution_start=232174893 execution_end=232176200 execution_duration_ms=1306
[2026-01-30 19:55:34.001] [info] [spider.worker] [TIMING] task_id=f6b5453a-78f8-4a8e-a141-a527cf2967f3 func=job_orchestration.executor.query.spider_search_task.search_without_channel submit_output_start=232176202 submit_output_end=232176210 submit_output_duration_ms=7
[2026-01-30 19:55:34.020] [info] [spider.worker] [TIMING] task_id=cd65b6c3-211f-4633-8c10-b74050b2c087 func=job_orchestration.executor.query.spider_search_task.search_without_channel fetch_input_start=232176228 fetch_input_end=232176229 fetch_input_duration_ms=0
[2026-01-30 19:55:34.021] [info] [spider.worker] [TIMING] task_id=cd65b6c3-211f-4633-8c10-b74050b2c087 func=job_orchestration.executor.query.spider_search_task.search_without_channel input_send_start=232176229 input_send_end=232176229 input_send_duration_ms=0 bytes=626
[2026-01-30 19:55:34.021] [info] [spider.worker] [TIMING] task_id=cd65b6c3-211f-4633-8c10-b74050b2c087 func=job_orchestration.executor.query.spider_search_task.search_without_channel spawn_start=232176229 spawn_end=232176229 spawn_duration_ms=0
[2026-01-30 19:55:35.270] [info] [spider.worker] [TIMING] task_id=cd65b6c3-211f-4633-8c10-b74050b2c087 func=job_orchestration.executor.query.spider_search_task.search_without_channel execution_start=232176229 execution_end=232177479 execution_duration_ms=1249
[2026-01-30 19:55:35.303] [info] [spider.worker] [TIMING] task_id=cd65b6c3-211f-4633-8c10-b74050b2c087 func=job_orchestration.executor.query.spider_search_task.search_without_channel submit_output_start=232177481 submit_output_end=232177511 submit_output_duration_ms=30
[2026-01-30 19:55:35.354] [info] [spider.worker] [TIMING] task_id=a9a3242a-212d-4621-b065-be492f44069c func=job_orchestration.executor.query.spider_search_task.search_without_channel fetch_input_start=232177562 fetch_input_end=232177563 fetch_input_duration_ms=0
[2026-01-30 19:55:35.355] [info] [spider.worker] [TIMING] task_id=a9a3242a-212d-4621-b065-be492f44069c func=job_orchestration.executor.query.spider_search_task.search_without_channel input_send_start=232177563 input_send_end=232177563 input_send_duration_ms=0 bytes=626
[2026-01-30 19:55:35.355] [info] [spider.worker] [TIMING] task_id=a9a3242a-212d-4621-b065-be492f44069c func=job_orchestration.executor.query.spider_search_task.search_without_channel spawn_start=232177563 spawn_end=232177563 spawn_duration_ms=0
[2026-01-30 19:55:36.508] [info] [spider.worker] [TIMING] task_id=a9a3242a-212d-4621-b065-be492f44069c func=job_orchestration.executor.query.spider_search_task.search_without_channel execution_start=232177563 execution_end=232178716 execution_duration_ms=1152
[2026-01-30 19:55:36.527] [info] [spider.worker] [TIMING] task_id=a9a3242a-212d-4621-b065-be492f44069c func=job_orchestration.executor.query.spider_search_task.search_without_channel submit_output_start=232178718 submit_output_end=232178735 submit_output_duration_ms=17
[2026-01-30 19:55:36.546] [info] [spider.worker] [TIMING] task_id=70625178-d0cc-4eb9-964e-58aade30ebc7 func=job_orchestration.executor.query.spider_search_task.search_without_channel fetch_input_start=232178754 fetch_input_end=232178755 fetch_input_duration_ms=1
[2026-01-30 19:55:36.547] [info] [spider.worker] [TIMING] task_id=70625178-d0cc-4eb9-964e-58aade30ebc7 func=job_orchestration.executor.query.spider_search_task.search_without_channel input_send_start=232178755 input_send_end=232178755 input_send_duration_ms=0 bytes=626
[2026-01-30 19:55:36.547] [info] [spider.worker] [TIMING] task_id=70625178-d0cc-4eb9-964e-58aade30ebc7 func=job_orchestration.executor.query.spider_search_task.search_without_channel spawn_start=232178755 spawn_end=232178755 spawn_duration_ms=0
[2026-01-30 19:55:37.813] [info] [spider.worker] [TIMING] task_id=70625178-d0cc-4eb9-964e-58aade30ebc7 func=job_orchestration.executor.query.spider_search_task.search_without_channel execution_start=232178756 execution_end=232180021 execution_duration_ms=1265
[2026-01-30 19:55:37.844] [info] [spider.worker] [TIMING] task_id=70625178-d0cc-4eb9-964e-58aade30ebc7 func=job_orchestration.executor.query.spider_search_task.search_without_channel submit_output_start=232180034 submit_output_end=232180052 submit_output_duration_ms=18
[2026-01-30 19:55:37.945] [info] [spider.worker] [TIMING] task_id=67e7c2db-d7b3-4a67-9b52-0301d9531ad0 func=job_orchestration.executor.query.spider_search_task.search_without_channel fetch_input_start=232180153 fetch_input_end=232180153 fetch_input_duration_ms=0
[2026-01-30 19:55:37.945] [info] [spider.worker] [TIMING] task_id=67e7c2db-d7b3-4a67-9b52-0301d9531ad0 func=job_orchestration.executor.query.spider_search_task.search_without_channel input_send_start=232180154 input_send_end=232180154 input_send_duration_ms=0 bytes=626
[2026-01-30 19:55:37.945] [info] [spider.worker] [TIMING] task_id=67e7c2db-d7b3-4a67-9b52-0301d9531ad0 func=job_orchestration.executor.query.spider_search_task.search_without_channel spawn_start=232180153 spawn_end=232180154 spawn_duration_ms=0
[2026-01-30 19:55:39.040] [info] [spider.worker] [TIMING] task_id=67e7c2db-d7b3-4a67-9b52-0301d9531ad0 func=job_orchestration.executor.query.spider_search_task.search_without_channel execution_start=232180154 execution_end=232181248 execution_duration_ms=1094
[2026-01-30 19:55:39.061] [info] [spider.worker] [TIMING] task_id=67e7c2db-d7b3-4a67-9b52-0301d9531ad0 func=job_orchestration.executor.query.spider_search_task.search_without_channel submit_output_start=232181254 submit_output_end=232181269 submit_output_duration_ms=14
[2026-01-30 19:55:39.080] [info] [spider.worker] [TIMING] task_id=0362ef46-3cc1-41a1-a9d3-ad306269f047 func=job_orchestration.executor.query.spider_search_task.search_without_channel fetch_input_start=232181287 fetch_input_end=232181288 fetch_input_duration_ms=0
[2026-01-30 19:55:39.080] [info] [spider.worker] [TIMING] task_id=0362ef46-3cc1-41a1-a9d3-ad306269f047 func=job_orchestration.executor.query.spider_search_task.search_without_channel input_send_start=232181288 input_send_end=232181288 input_send_duration_ms=0 bytes=626
[2026-01-30 19:55:39.080] [info] [spider.worker] [TIMING] task_id=0362ef46-3cc1-41a1-a9d3-ad306269f047 func=job_orchestration.executor.query.spider_search_task.search_without_channel spawn_start=232181288 spawn_end=232181288 spawn_duration_ms=0
[2026-01-30 19:55:40.320] [info] [spider.worker] [TIMING] task_id=0362ef46-3cc1-41a1-a9d3-ad306269f047 func=job_orchestration.executor.query.spider_search_task.search_without_channel execution_start=232181289 execution_end=232182528 execution_duration_ms=1239
[2026-01-30 19:55:40.356] [info] [spider.worker] [TIMING] task_id=0362ef46-3cc1-41a1-a9d3-ad306269f047 func=job_orchestration.executor.query.spider_search_task.search_without_channel submit_output_start=232182530 submit_output_end=232182565 submit_output_duration_ms=34
[2026-01-30 19:55:40.380] [info] [spider.worker] [TIMING] task_id=e2426b66-317a-4552-a2cc-441934361b27 func=job_orchestration.executor.query.spider_search_task.search_without_channel fetch_input_start=232182588 fetch_input_end=232182589 fetch_input_duration_ms=0
[2026-01-30 19:55:40.381] [info] [spider.worker] [TIMING] task_id=e2426b66-317a-4552-a2cc-441934361b27 func=job_orchestration.executor.query.spider_search_task.search_without_channel input_send_start=232182589 input_send_end=232182589 input_send_duration_ms=0 bytes=626
[2026-01-30 19:55:40.381] [info] [spider.worker] [TIMING] task_id=e2426b66-317a-4552-a2cc-441934361b27 func=job_orchestration.executor.query.spider_search_task.search_without_channel spawn_start=232182589 spawn_end=232182589 spawn_duration_ms=0
[2026-01-30 19:55:41.626] [info] [spider.worker] [TIMING] task_id=e2426b66-317a-4552-a2cc-441934361b27 func=job_orchestration.executor.query.spider_search_task.search_without_channel execution_start=232182590 execution_end=232183835 execution_duration_ms=1244
[2026-01-30 19:55:41.668] [info] [spider.worker] [TIMING] task_id=e2426b66-317a-4552-a2cc-441934361b27 func=job_orchestration.executor.query.spider_search_task.search_without_channel submit_output_start=232183837 submit_output_end=232183876 submit_output_duration_ms=39
[2026-01-30 19:55:41.689] [info] [spider.worker] [TIMING] task_id=39917f34-ce67-47e8-9a6f-980d02b0bcf7 func=job_orchestration.executor.query.spider_search_task.search_without_channel fetch_input_start=232183896 fetch_input_end=232183897 fetch_input_duration_ms=0
[2026-01-30 19:55:41.689] [info] [spider.worker] [TIMING] task_id=39917f34-ce67-47e8-9a6f-980d02b0bcf7 func=job_orchestration.executor.query.spider_search_task.search_without_channel input_send_start=232183898 input_send_end=232183898 input_send_duration_ms=0 bytes=626
[2026-01-30 19:55:41.689] [info] [spider.worker] [TIMING] task_id=39917f34-ce67-47e8-9a6f-980d02b0bcf7 func=job_orchestration.executor.query.spider_search_task.search_without_channel spawn_start=232183897 spawn_end=232183898 spawn_duration_ms=0
[2026-01-30 19:55:42.823] [info] [spider.worker] [TIMING] task_id=39917f34-ce67-47e8-9a6f-980d02b0bcf7 func=job_orchestration.executor.query.spider_search_task.search_without_channel execution_start=232183898 execution_end=232185032 execution_duration_ms=1133
[2026-01-30 19:55:42.836] [info] [spider.worker] [TIMING] task_id=39917f34-ce67-47e8-9a6f-980d02b0bcf7 func=job_orchestration.executor.query.spider_search_task.search_without_channel submit_output_start=232185033 submit_output_end=232185045 submit_output_duration_ms=11
[2026-01-30 19:55:42.880] [info] [spider.worker] [TIMING] task_id=1059858d-bf52-4587-b163-08aadf50dfa8 func=job_orchestration.executor.query.spider_search_task.search_without_channel fetch_input_start=232185088 fetch_input_end=232185089 fetch_input_duration_ms=0
[2026-01-30 19:55:42.881] [info] [spider.worker] [TIMING] task_id=1059858d-bf52-4587-b163-08aadf50dfa8 func=job_orchestration.executor.query.spider_search_task.search_without_channel input_send_start=232185089 input_send_end=232185089 input_send_duration_ms=0 bytes=626
[2026-01-30 19:55:42.881] [info] [spider.worker] [TIMING] task_id=1059858d-bf52-4587-b163-08aadf50dfa8 func=job_orchestration.executor.query.spider_search_task.search_without_channel spawn_start=232185089 spawn_end=232185089 spawn_duration_ms=0
[2026-01-30 19:55:44.154] [info] [spider.worker] [TIMING] task_id=1059858d-bf52-4587-b163-08aadf50dfa8 func=job_orchestration.executor.query.spider_search_task.search_without_channel execution_start=232185089 execution_end=232186362 execution_duration_ms=1272
[2026-01-30 19:55:44.178] [info] [spider.worker] [TIMING] task_id=1059858d-bf52-4587-b163-08aadf50dfa8 func=job_orchestration.executor.query.spider_search_task.search_without_channel submit_output_start=232186364 submit_output_end=232186386 submit_output_duration_ms=22
[2026-01-30 19:55:44.219] [info] [spider.worker] [TIMING] task_id=6530aa81-8825-490a-a023-7e16ac40ce50 func=job_orchestration.executor.query.spider_search_task.search_without_channel fetch_input_start=232186426 fetch_input_end=232186427 fetch_input_duration_ms=1
[2026-01-30 19:55:44.220] [info] [spider.worker] [TIMING] task_id=6530aa81-8825-490a-a023-7e16ac40ce50 func=job_orchestration.executor.query.spider_search_task.search_without_channel input_send_start=232186428 input_send_end=232186428 input_send_duration_ms=0 bytes=626
[2026-01-30 19:55:44.220] [info] [spider.worker] [TIMING] task_id=6530aa81-8825-490a-a023-7e16ac40ce50 func=job_orchestration.executor.query.spider_search_task.search_without_channel spawn_start=232186427 spawn_end=232186428 spawn_duration_ms=0
[2026-01-30 19:55:45.471] [info] [spider.worker] [TIMING] task_id=6530aa81-8825-490a-a023-7e16ac40ce50 func=job_orchestration.executor.query.spider_search_task.search_without_channel execution_start=232186428 execution_end=232187680 execution_duration_ms=1251
[2026-01-30 19:55:45.510] [info] [spider.worker] [TIMING] task_id=6530aa81-8825-490a-a023-7e16ac40ce50 func=job_orchestration.executor.query.spider_search_task.search_without_channel submit_output_start=232187681 submit_output_end=232187719 submit_output_duration_ms=37
[2026-01-30 19:55:45.531] [info] [spider.worker] [TIMING] task_id=6f244ef6-12be-44f7-a0de-fb0306da3d4c func=job_orchestration.executor.query.spider_search_task.search_without_channel fetch_input_start=232187739 fetch_input_end=232187740 fetch_input_duration_ms=1
[2026-01-30 19:55:45.532] [info] [spider.worker] [TIMING] task_id=6f244ef6-12be-44f7-a0de-fb0306da3d4c func=job_orchestration.executor.query.spider_search_task.search_without_channel input_send_start=232187740 input_send_end=232187740 input_send_duration_ms=0 bytes=626
[2026-01-30 19:55:45.532] [info] [spider.worker] [TIMING] task_id=6f244ef6-12be-44f7-a0de-fb0306da3d4c func=job_orchestration.executor.query.spider_search_task.search_without_channel spawn_start=232187740 spawn_end=232187740 spawn_duration_ms=0
[2026-01-30 19:55:46.757] [info] [spider.worker] [TIMING] task_id=6f244ef6-12be-44f7-a0de-fb0306da3d4c func=job_orchestration.executor.query.spider_search_task.search_without_channel execution_start=232187740 execution_end=232188966 execution_duration_ms=1225
[2026-01-30 19:55:46.798] [info] [spider.worker] [TIMING] task_id=6f244ef6-12be-44f7-a0de-fb0306da3d4c func=job_orchestration.executor.query.spider_search_task.search_without_channel submit_output_start=232188967 submit_output_end=232189007 submit_output_duration_ms=39
[2026-01-30 19:55:46.849] [info] [spider.worker] [TIMING] task_id=c51aa0f6-612c-456d-90b6-f458c48c68d5 func=job_orchestration.executor.query.spider_search_task.search_without_channel fetch_input_start=232189056 fetch_input_end=232189057 fetch_input_duration_ms=1
[2026-01-30 19:55:46.849] [info] [spider.worker] [TIMING] task_id=c51aa0f6-612c-456d-90b6-f458c48c68d5 func=job_orchestration.executor.query.spider_search_task.search_without_channel input_send_start=232189057 input_send_end=232189057 input_send_duration_ms=0 bytes=626
[2026-01-30 19:55:46.849] [info] [spider.worker] [TIMING] task_id=c51aa0f6-612c-456d-90b6-f458c48c68d5 func=job_orchestration.executor.query.spider_search_task.search_without_channel spawn_start=232189057 spawn_end=232189058 spawn_duration_ms=0
[2026-01-30 19:55:48.044] [info] [spider.worker] [TIMING] task_id=c51aa0f6-612c-456d-90b6-f458c48c68d5 func=job_orchestration.executor.query.spider_search_task.search_without_channel execution_start=232189058 execution_end=232190253 execution_duration_ms=1194
[2026-01-30 19:55:48.054] [info] [spider.worker] [TIMING] task_id=c51aa0f6-612c-456d-90b6-f458c48c68d5 func=job_orchestration.executor.query.spider_search_task.search_without_channel submit_output_start=232190255 submit_output_end=232190262 submit_output_duration_ms=7
[2026-01-30 19:55:48.074] [info] [spider.worker] [TIMING] task_id=5ea8a282-d56e-4967-a5a1-81499438a6a0 func=job_orchestration.executor.query.spider_search_task.search_without_channel fetch_input_start=232190281 fetch_input_end=232190282 fetch_input_duration_ms=1
[2026-01-30 19:55:48.075] [info] [spider.worker] [TIMING] task_id=5ea8a282-d56e-4967-a5a1-81499438a6a0 func=job_orchestration.executor.query.spider_search_task.search_without_channel input_send_start=232190283 input_send_end=232190283 input_send_duration_ms=0 bytes=626
[2026-01-30 19:55:48.075] [info] [spider.worker] [TIMING] task_id=5ea8a282-d56e-4967-a5a1-81499438a6a0 func=job_orchestration.executor.query.spider_search_task.search_without_channel spawn_start=232190283 spawn_end=232190283 spawn_duration_ms=0
[2026-01-30 19:55:49.321] [info] [spider.worker] [TIMING] task_id=5ea8a282-d56e-4967-a5a1-81499438a6a0 func=job_orchestration.executor.query.spider_search_task.search_without_channel execution_start=232190283 execution_end=232191529 execution_duration_ms=1245
[2026-01-30 19:55:49.338] [info] [spider.worker] [TIMING] task_id=5ea8a282-d56e-4967-a5a1-81499438a6a0 func=job_orchestration.executor.query.spider_search_task.search_without_channel submit_output_start=232191531 submit_output_end=232191546 submit_output_duration_ms=14
[2026-01-30 19:55:49.382] [info] [spider.worker] [TIMING] task_id=187055c6-3a5b-427f-98d4-3ce445e8c9c0 func=job_orchestration.executor.query.spider_search_task.search_without_channel fetch_input_start=232191589 fetch_input_end=232191590 fetch_input_duration_ms=1
[2026-01-30 19:55:49.382] [info] [spider.worker] [TIMING] task_id=187055c6-3a5b-427f-98d4-3ce445e8c9c0 func=job_orchestration.executor.query.spider_search_task.search_without_channel input_send_start=232191591 input_send_end=232191591 input_send_duration_ms=0 bytes=626
[2026-01-30 19:55:49.383] [info] [spider.worker] [TIMING] task_id=187055c6-3a5b-427f-98d4-3ce445e8c9c0 func=job_orchestration.executor.query.spider_search_task.search_without_channel spawn_start=232191590 spawn_end=232191591 spawn_duration_ms=0
[2026-01-30 19:55:50.745] [info] [spider.worker] [TIMING] task_id=187055c6-3a5b-427f-98d4-3ce445e8c9c0 func=job_orchestration.executor.query.spider_search_task.search_without_channel execution_start=232191591 execution_end=232192953 execution_duration_ms=1361
[2026-01-30 19:55:50.755] [info] [spider.worker] [TIMING] task_id=187055c6-3a5b-427f-98d4-3ce445e8c9c0 func=job_orchestration.executor.query.spider_search_task.search_without_channel submit_output_start=232192955 submit_output_end=232192963 submit_output_duration_ms=7
[2026-01-30 19:55:50.791] [info] [spider.worker] [TIMING] task_id=27316f24-d477-4e4e-95bd-46790daa7659 func=job_orchestration.executor.query.spider_search_task.search_without_channel fetch_input_start=232192999 fetch_input_end=232193000 fetch_input_duration_ms=1
[2026-01-30 19:55:50.792] [info] [spider.worker] [TIMING] task_id=27316f24-d477-4e4e-95bd-46790daa7659 func=job_orchestration.executor.query.spider_search_task.search_without_channel input_send_start=232193000 input_send_end=232193000 input_send_duration_ms=0 bytes=626
[2026-01-30 19:55:50.792] [info] [spider.worker] [TIMING] task_id=27316f24-d477-4e4e-95bd-46790daa7659 func=job_orchestration.executor.query.spider_search_task.search_without_channel spawn_start=232193000 spawn_end=232193000 spawn_duration_ms=0
[2026-01-30 19:55:52.059] [info] [spider.worker] [TIMING] task_id=27316f24-d477-4e4e-95bd-46790daa7659 func=job_orchestration.executor.query.spider_search_task.search_without_channel execution_start=232193001 execution_end=232194267 execution_duration_ms=1266
[2026-01-30 19:55:52.092] [info] [spider.worker] [TIMING] task_id=27316f24-d477-4e4e-95bd-46790daa7659 func=job_orchestration.executor.query.spider_search_task.search_without_channel submit_output_start=232194269 submit_output_end=232194301 submit_output_duration_ms=31
[2026-01-30 19:55:52.116] [info] [spider.worker] [TIMING] task_id=3e7f0e40-bfe0-4a29-bbb4-7202e919dc9d func=job_orchestration.executor.query.spider_search_task.search_without_channel fetch_input_start=232194324 fetch_input_end=232194325 fetch_input_duration_ms=1
[2026-01-30 19:55:52.117] [info] [spider.worker] [TIMING] task_id=3e7f0e40-bfe0-4a29-bbb4-7202e919dc9d func=job_orchestration.executor.query.spider_search_task.search_without_channel input_send_start=232194325 input_send_end=232194325 input_send_duration_ms=0 bytes=626
[2026-01-30 19:55:52.117] [info] [spider.worker] [TIMING] task_id=3e7f0e40-bfe0-4a29-bbb4-7202e919dc9d func=job_orchestration.executor.query.spider_search_task.search_without_channel spawn_start=232194325 spawn_end=232194325 spawn_duration_ms=0
[2026-01-30 19:55:53.472] [info] [spider.worker] [TIMING] task_id=3e7f0e40-bfe0-4a29-bbb4-7202e919dc9d func=job_orchestration.executor.query.spider_search_task.search_without_channel execution_start=232194325 execution_end=232195681 execution_duration_ms=1355
[2026-01-30 19:55:53.505] [info] [spider.worker] [TIMING] task_id=3e7f0e40-bfe0-4a29-bbb4-7202e919dc9d func=job_orchestration.executor.query.spider_search_task.search_without_channel submit_output_start=232195697 submit_output_end=232195714 submit_output_duration_ms=17
[2026-01-30 19:55:53.549] [info] [spider.worker] [TIMING] task_id=d5df0ca1-9191-41d8-a565-f0b4f8b15710 func=job_orchestration.executor.query.spider_search_task.search_without_channel fetch_input_start=232195756 fetch_input_end=232195757 fetch_input_duration_ms=0
[2026-01-30 19:55:53.549] [info] [spider.worker] [TIMING] task_id=d5df0ca1-9191-41d8-a565-f0b4f8b15710 func=job_orchestration.executor.query.spider_search_task.search_without_channel input_send_start=232195757 input_send_end=232195757 input_send_duration_ms=0 bytes=626
[2026-01-30 19:55:53.549] [info] [spider.worker] [TIMING] task_id=d5df0ca1-9191-41d8-a565-f0b4f8b15710 func=job_orchestration.executor.query.spider_search_task.search_without_channel spawn_start=232195757 spawn_end=232195757 spawn_duration_ms=0
[2026-01-30 19:55:54.768] [info] [spider.worker] [TIMING] task_id=d5df0ca1-9191-41d8-a565-f0b4f8b15710 func=job_orchestration.executor.query.spider_search_task.search_without_channel execution_start=232195758 execution_end=232196976 execution_duration_ms=1218
[2026-01-30 19:55:54.807] [info] [spider.worker] [TIMING] task_id=d5df0ca1-9191-41d8-a565-f0b4f8b15710 func=job_orchestration.executor.query.spider_search_task.search_without_channel submit_output_start=232196978 submit_output_end=232197015 submit_output_duration_ms=36
[2026-01-30 19:55:54.851] [info] [spider.worker] [TIMING] task_id=bf80a896-8955-403b-9600-4c75549f0071 func=job_orchestration.executor.query.spider_search_task.search_without_channel fetch_input_start=232197058 fetch_input_end=232197059 fetch_input_duration_ms=0
[2026-01-30 19:55:54.851] [info] [spider.worker] [TIMING] task_id=bf80a896-8955-403b-9600-4c75549f0071 func=job_orchestration.executor.query.spider_search_task.search_without_channel input_send_start=232197059 input_send_end=232197060 input_send_duration_ms=0 bytes=626
[2026-01-30 19:55:54.851] [info] [spider.worker] [TIMING] task_id=bf80a896-8955-403b-9600-4c75549f0071 func=job_orchestration.executor.query.spider_search_task.search_without_channel spawn_start=232197059 spawn_end=232197060 spawn_duration_ms=0
[2026-01-30 19:55:56.051] [info] [spider.worker] [TIMING] task_id=bf80a896-8955-403b-9600-4c75549f0071 func=job_orchestration.executor.query.spider_search_task.search_without_channel execution_start=232197060 execution_end=232198260 execution_duration_ms=1199
[2026-01-30 19:55:56.081] [info] [spider.worker] [TIMING] task_id=bf80a896-8955-403b-9600-4c75549f0071 func=job_orchestration.executor.query.spider_search_task.search_without_channel submit_output_start=232198268 submit_output_end=232198290 submit_output_duration_ms=21
[2026-01-30 19:55:56.126] [info] [spider.worker] [TIMING] task_id=8d157b70-2225-4e6b-8419-e2b8341dd148 func=job_orchestration.executor.query.spider_search_task.search_without_channel fetch_input_start=232198334 fetch_input_end=232198335 fetch_input_duration_ms=1
[2026-01-30 19:55:56.127] [info] [spider.worker] [TIMING] task_id=8d157b70-2225-4e6b-8419-e2b8341dd148 func=job_orchestration.executor.query.spider_search_task.search_without_channel input_send_start=232198335 input_send_end=232198335 input_send_duration_ms=0 bytes=626
[2026-01-30 19:55:56.127] [info] [spider.worker] [TIMING] task_id=8d157b70-2225-4e6b-8419-e2b8341dd148 func=job_orchestration.executor.query.spider_search_task.search_without_channel spawn_start=232198335 spawn_end=232198335 spawn_duration_ms=0
[2026-01-30 19:55:57.317] [info] [spider.worker] [TIMING] task_id=8d157b70-2225-4e6b-8419-e2b8341dd148 func=job_orchestration.executor.query.spider_search_task.search_without_channel execution_start=232198336 execution_end=232199526 execution_duration_ms=1190
[2026-01-30 19:55:57.323] [info] [spider.worker] [TIMING] task_id=8d157b70-2225-4e6b-8419-e2b8341dd148 func=job_orchestration.executor.query.spider_search_task.search_without_channel submit_output_start=232199527 submit_output_end=232199532 submit_output_duration_ms=4
[2026-01-30 19:55:57.343] [info] [spider.worker] [TIMING] task_id=aa2c7ec1-173e-46b7-91e1-6c36b7a764c3 func=job_orchestration.executor.query.spider_search_task.search_without_channel fetch_input_start=232199550 fetch_input_end=232199551 fetch_input_duration_ms=1
[2026-01-30 19:55:57.343] [info] [spider.worker] [TIMING] task_id=aa2c7ec1-173e-46b7-91e1-6c36b7a764c3 func=job_orchestration.executor.query.spider_search_task.search_without_channel input_send_start=232199552 input_send_end=232199552 input_send_duration_ms=0 bytes=626
[2026-01-30 19:55:57.343] [info] [spider.worker] [TIMING] task_id=aa2c7ec1-173e-46b7-91e1-6c36b7a764c3 func=job_orchestration.executor.query.spider_search_task.search_without_channel spawn_start=232199551 spawn_end=232199552 spawn_duration_ms=0
[2026-01-30 19:55:58.570] [info] [spider.worker] [TIMING] task_id=aa2c7ec1-173e-46b7-91e1-6c36b7a764c3 func=job_orchestration.executor.query.spider_search_task.search_without_channel execution_start=232199552 execution_end=232200778 execution_duration_ms=1225
[2026-01-30 19:55:58.599] [info] [spider.worker] [TIMING] task_id=aa2c7ec1-173e-46b7-91e1-6c36b7a764c3 func=job_orchestration.executor.query.spider_search_task.search_without_channel submit_output_start=232200779 submit_output_end=232200808 submit_output_duration_ms=28
[2026-01-30 19:55:58.627] [info] [spider.worker] [TIMING] task_id=409ff92c-7e89-4142-8281-c1fdd7e34598 func=job_orchestration.executor.query.spider_search_task.search_without_channel fetch_input_start=232200834 fetch_input_end=232200835 fetch_input_duration_ms=1
[2026-01-30 19:55:58.627] [info] [spider.worker] [TIMING] task_id=409ff92c-7e89-4142-8281-c1fdd7e34598 func=job_orchestration.executor.query.spider_search_task.search_without_channel input_send_start=232200835 input_send_end=232200835 input_send_duration_ms=0 bytes=626
[2026-01-30 19:55:58.627] [info] [spider.worker] [TIMING] task_id=409ff92c-7e89-4142-8281-c1fdd7e34598 func=job_orchestration.executor.query.spider_search_task.search_without_channel spawn_start=232200835 spawn_end=232200836 spawn_duration_ms=0
[2026-01-30 19:55:59.806] [info] [spider.worker] [TIMING] task_id=409ff92c-7e89-4142-8281-c1fdd7e34598 func=job_orchestration.executor.query.spider_search_task.search_without_channel execution_start=232200836 execution_end=232202015 execution_duration_ms=1178
[2026-01-30 19:55:59.824] [info] [spider.worker] [TIMING] task_id=409ff92c-7e89-4142-8281-c1fdd7e34598 func=job_orchestration.executor.query.spider_search_task.search_without_channel submit_output_start=232202017 submit_output_end=232202032 submit_output_duration_ms=15
[2026-01-30 19:55:59.863] [info] [spider.worker] [TIMING] task_id=f796e16d-c638-4456-b6b5-f9c7879a76a7 func=job_orchestration.executor.query.spider_search_task.search_without_channel fetch_input_start=232202070 fetch_input_end=232202071 fetch_input_duration_ms=0
[2026-01-30 19:55:59.863] [info] [spider.worker] [TIMING] task_id=f796e16d-c638-4456-b6b5-f9c7879a76a7 func=job_orchestration.executor.query.spider_search_task.search_without_channel input_send_start=232202071 input_send_end=232202072 input_send_duration_ms=0 bytes=626
[2026-01-30 19:55:59.863] [info] [spider.worker] [TIMING] task_id=f796e16d-c638-4456-b6b5-f9c7879a76a7 func=job_orchestration.executor.query.spider_search_task.search_without_channel spawn_start=232202071 spawn_end=232202072 spawn_duration_ms=0
[2026-01-30 19:56:01.069] [info] [spider.worker] [TIMING] task_id=f796e16d-c638-4456-b6b5-f9c7879a76a7 func=job_orchestration.executor.query.spider_search_task.search_without_channel execution_start=232202072 execution_end=232203277 execution_duration_ms=1205
[2026-01-30 19:56:01.105] [info] [spider.worker] [TIMING] task_id=f796e16d-c638-4456-b6b5-f9c7879a76a7 func=job_orchestration.executor.query.spider_search_task.search_without_channel submit_output_start=232203279 submit_output_end=232203313 submit_output_duration_ms=34
[2026-01-30 19:56:01.150] [info] [spider.worker] [TIMING] task_id=5369c19d-0426-4b54-bc3e-0999c81aecc5 func=job_orchestration.executor.query.spider_search_task.search_without_channel fetch_input_start=232203357 fetch_input_end=232203358 fetch_input_duration_ms=1
[2026-01-30 19:56:01.150] [info] [spider.worker] [TIMING] task_id=5369c19d-0426-4b54-bc3e-0999c81aecc5 func=job_orchestration.executor.query.spider_search_task.search_without_channel input_send_start=232203359 input_send_end=232203359 input_send_duration_ms=0 bytes=626
[2026-01-30 19:56:01.150] [info] [spider.worker] [TIMING] task_id=5369c19d-0426-4b54-bc3e-0999c81aecc5 func=job_orchestration.executor.query.spider_search_task.search_without_channel spawn_start=232203358 spawn_end=232203359 spawn_duration_ms=0
[2026-01-30 19:56:02.357] [info] [spider.worker] [TIMING] task_id=5369c19d-0426-4b54-bc3e-0999c81aecc5 func=job_orchestration.executor.query.spider_search_task.search_without_channel execution_start=232203359 execution_end=232204566 execution_duration_ms=1206
[2026-01-30 19:56:02.375] [info] [spider.worker] [TIMING] task_id=5369c19d-0426-4b54-bc3e-0999c81aecc5 func=job_orchestration.executor.query.spider_search_task.search_without_channel submit_output_start=232204567 submit_output_end=232204583 submit_output_duration_ms=15
[2026-01-30 19:56:02.411] [info] [spider.worker] [TIMING] task_id=ba300ffc-94a8-49d2-832c-da636ec38d6d func=job_orchestration.executor.query.spider_search_task.search_without_channel fetch_input_start=232204618 fetch_input_end=232204619 fetch_input_duration_ms=0
[2026-01-30 19:56:02.411] [info] [spider.worker] [TIMING] task_id=ba300ffc-94a8-49d2-832c-da636ec38d6d func=job_orchestration.executor.query.spider_search_task.search_without_channel input_send_start=232204620 input_send_end=232204620 input_send_duration_ms=0 bytes=626
[2026-01-30 19:56:02.412] [info] [spider.worker] [TIMING] task_id=ba300ffc-94a8-49d2-832c-da636ec38d6d func=job_orchestration.executor.query.spider_search_task.search_without_channel spawn_start=232204619 spawn_end=232204620 spawn_duration_ms=0
[2026-01-30 19:56:03.673] [info] [spider.worker] [TIMING] task_id=ba300ffc-94a8-49d2-832c-da636ec38d6d func=job_orchestration.executor.query.spider_search_task.search_without_channel execution_start=232204620 execution_end=232205881 execution_duration_ms=1261
[2026-01-30 19:56:03.712] [info] [spider.worker] [TIMING] task_id=ba300ffc-94a8-49d2-832c-da636ec38d6d func=job_orchestration.executor.query.spider_search_task.search_without_channel submit_output_start=232205883 submit_output_end=232205920 submit_output_duration_ms=36
[2026-01-30 19:56:03.728] [info] [spider.worker] [TIMING] task_id=6d633cfb-d374-4bbe-8fe6-cd1f6df464f3 func=job_orchestration.executor.query.spider_search_task.search_without_channel fetch_input_start=232205935 fetch_input_end=232205936 fetch_input_duration_ms=0
[2026-01-30 19:56:03.728] [info] [spider.worker] [TIMING] task_id=6d633cfb-d374-4bbe-8fe6-cd1f6df464f3 func=job_orchestration.executor.query.spider_search_task.search_without_channel input_send_start=232205937 input_send_end=232205937 input_send_duration_ms=0 bytes=626
[2026-01-30 19:56:03.728] [info] [spider.worker] [TIMING] task_id=6d633cfb-d374-4bbe-8fe6-cd1f6df464f3 func=job_orchestration.executor.query.spider_search_task.search_without_channel spawn_start=232205936 spawn_end=232205937 spawn_duration_ms=0
[2026-01-30 19:56:04.888] [info] [spider.worker] [TIMING] task_id=6d633cfb-d374-4bbe-8fe6-cd1f6df464f3 func=job_orchestration.executor.query.spider_search_task.search_without_channel execution_start=232205937 execution_end=232207096 execution_duration_ms=1159
[2026-01-30 19:56:04.923] [info] [spider.worker] [TIMING] task_id=6d633cfb-d374-4bbe-8fe6-cd1f6df464f3 func=job_orchestration.executor.query.spider_search_task.search_without_channel submit_output_start=232207098 submit_output_end=232207131 submit_output_duration_ms=33
[2026-01-30 19:56:04.968] [info] [spider.worker] [TIMING] task_id=86131fec-a077-4c4b-b861-e1c5bca9ef1c func=job_orchestration.executor.query.spider_search_task.search_without_channel fetch_input_start=232207175 fetch_input_end=232207177 fetch_input_duration_ms=1
[2026-01-30 19:56:04.969] [info] [spider.worker] [TIMING] task_id=86131fec-a077-4c4b-b861-e1c5bca9ef1c func=job_orchestration.executor.query.spider_search_task.search_without_channel input_send_start=232207177 input_send_end=232207177 input_send_duration_ms=0 bytes=626
[2026-01-30 19:56:04.969] [info] [spider.worker] [TIMING] task_id=86131fec-a077-4c4b-b861-e1c5bca9ef1c func=job_orchestration.executor.query.spider_search_task.search_without_channel spawn_start=232207177 spawn_end=232207177 spawn_duration_ms=0
[2026-01-30 19:56:06.104] [info] [spider.worker] [TIMING] task_id=86131fec-a077-4c4b-b861-e1c5bca9ef1c func=job_orchestration.executor.query.spider_search_task.search_without_channel execution_start=232207178 execution_end=232208312 execution_duration_ms=1134
[2026-01-30 19:56:06.192] [info] [spider.worker] [TIMING] task_id=86131fec-a077-4c4b-b861-e1c5bca9ef1c func=job_orchestration.executor.query.spider_search_task.search_without_channel submit_output_start=232208314 submit_output_end=232208401 submit_output_duration_ms=86
[2026-01-30 19:56:06.221] [info] [spider.worker] [TIMING] task_id=b62c273c-e6f8-4e84-85c6-7bf65aada989 func=job_orchestration.executor.query.spider_search_task.search_without_channel fetch_input_start=232208429 fetch_input_end=232208430 fetch_input_duration_ms=1
[2026-01-30 19:56:06.222] [info] [spider.worker] [TIMING] task_id=b62c273c-e6f8-4e84-85c6-7bf65aada989 func=job_orchestration.executor.query.spider_search_task.search_without_channel input_send_start=232208430 input_send_end=232208430 input_send_duration_ms=0 bytes=626
[2026-01-30 19:56:06.222] [info] [spider.worker] [TIMING] task_id=b62c273c-e6f8-4e84-85c6-7bf65aada989 func=job_orchestration.executor.query.spider_search_task.search_without_channel spawn_start=232208430 spawn_end=232208430 spawn_duration_ms=0
[2026-01-30 19:56:07.333] [info] [spider.worker] [TIMING] task_id=b62c273c-e6f8-4e84-85c6-7bf65aada989 func=job_orchestration.executor.query.spider_search_task.search_without_channel execution_start=232208431 execution_end=232209541 execution_duration_ms=1110
[2026-01-30 19:56:07.888] [info] [spider.worker] [TIMING] task_id=b62c273c-e6f8-4e84-85c6-7bf65aada989 func=job_orchestration.executor.query.spider_search_task.search_without_channel submit_output_start=232209597 submit_output_end=232210097 submit_output_duration_ms=499
[2026-01-30 19:56:08.025] [info] [spider.worker] [TIMING] task_id=3ab67128-60b8-411a-b2ad-6188927341bc func=job_orchestration.executor.query.spider_search_task.search_without_channel fetch_input_start=232210232 fetch_input_end=232210233 fetch_input_duration_ms=1
[2026-01-30 19:56:08.026] [info] [spider.worker] [TIMING] task_id=3ab67128-60b8-411a-b2ad-6188927341bc func=job_orchestration.executor.query.spider_search_task.search_without_channel input_send_start=232210234 input_send_end=232210234 input_send_duration_ms=0 bytes=626
[2026-01-30 19:56:08.026] [info] [spider.worker] [TIMING] task_id=3ab67128-60b8-411a-b2ad-6188927341bc func=job_orchestration.executor.query.spider_search_task.search_without_channel spawn_start=232210234 spawn_end=232210234 spawn_duration_ms=0
[2026-01-30 19:56:09.234] [info] [spider.worker] [TIMING] task_id=3ab67128-60b8-411a-b2ad-6188927341bc func=job_orchestration.executor.query.spider_search_task.search_without_channel execution_start=232210234 execution_end=232211442 execution_duration_ms=1207
[2026-01-30 19:56:09.268] [info] [spider.worker] [TIMING] task_id=3ab67128-60b8-411a-b2ad-6188927341bc func=job_orchestration.executor.query.spider_search_task.search_without_channel submit_output_start=232211458 submit_output_end=232211476 submit_output_duration_ms=18
[2026-01-30 19:56:09.312] [info] [spider.worker] [TIMING] task_id=807580cb-654e-4148-90cd-e1fdbc2c92ba func=job_orchestration.executor.query.spider_search_task.search_without_channel fetch_input_start=232211519 fetch_input_end=232211520 fetch_input_duration_ms=0
[2026-01-30 19:56:09.312] [info] [spider.worker] [TIMING] task_id=807580cb-654e-4148-90cd-e1fdbc2c92ba func=job_orchestration.executor.query.spider_search_task.search_without_channel input_send_start=232211521 input_send_end=232211521 input_send_duration_ms=0 bytes=626
[2026-01-30 19:56:09.312] [info] [spider.worker] [TIMING] task_id=807580cb-654e-4148-90cd-e1fdbc2c92ba func=job_orchestration.executor.query.spider_search_task.search_without_channel spawn_start=232211520 spawn_end=232211521 spawn_duration_ms=0
[2026-01-30 19:56:10.598] [info] [spider.worker] [TIMING] task_id=807580cb-654e-4148-90cd-e1fdbc2c92ba func=job_orchestration.executor.query.spider_search_task.search_without_channel execution_start=232211521 execution_end=232212807 execution_duration_ms=1285
[2026-01-30 19:56:10.618] [info] [spider.worker] [TIMING] task_id=807580cb-654e-4148-90cd-e1fdbc2c92ba func=job_orchestration.executor.query.spider_search_task.search_without_channel submit_output_start=232212810 submit_output_end=232212827 submit_output_duration_ms=16
[2026-01-30 19:56:10.655] [info] [spider.worker] [TIMING] task_id=ac1935b0-4596-4a48-a40e-36bbb1259c43 func=job_orchestration.executor.query.spider_search_task.search_without_channel fetch_input_start=232212862 fetch_input_end=232212863 fetch_input_duration_ms=1
[2026-01-30 19:56:10.655] [info] [spider.worker] [TIMING] task_id=ac1935b0-4596-4a48-a40e-36bbb1259c43 func=job_orchestration.executor.query.spider_search_task.search_without_channel input_send_start=232212863 input_send_end=232212863 input_send_duration_ms=0 bytes=626
[2026-01-30 19:56:10.655] [info] [spider.worker] [TIMING] task_id=ac1935b0-4596-4a48-a40e-36bbb1259c43 func=job_orchestration.executor.query.spider_search_task.search_without_channel spawn_start=232212863 spawn_end=232212864 spawn_duration_ms=0
[2026-01-30 19:56:11.866] [info] [spider.worker] [TIMING] task_id=ac1935b0-4596-4a48-a40e-36bbb1259c43 func=job_orchestration.executor.query.spider_search_task.search_without_channel execution_start=232212864 execution_end=232214074 execution_duration_ms=1210
[2026-01-30 19:56:11.911] [info] [spider.worker] [TIMING] task_id=ac1935b0-4596-4a48-a40e-36bbb1259c43 func=job_orchestration.executor.query.spider_search_task.search_without_channel submit_output_start=232214076 submit_output_end=232214120 submit_output_duration_ms=44
[2026-01-30 19:56:11.956] [info] [spider.worker] [TIMING] task_id=dc9932d5-89df-4331-b0e6-ace3780a77d5 func=job_orchestration.executor.query.spider_search_task.search_without_channel fetch_input_start=232214163 fetch_input_end=232214164 fetch_input_duration_ms=1
[2026-01-30 19:56:11.957] [info] [spider.worker] [TIMING] task_id=dc9932d5-89df-4331-b0e6-ace3780a77d5 func=job_orchestration.executor.query.spider_search_task.search_without_channel input_send_start=232214165 input_send_end=232214165 input_send_duration_ms=0 bytes=626
[2026-01-30 19:56:11.957] [info] [spider.worker] [TIMING] task_id=dc9932d5-89df-4331-b0e6-ace3780a77d5 func=job_orchestration.executor.query.spider_search_task.search_without_channel spawn_start=232214164 spawn_end=232214165 spawn_duration_ms=0
[2026-01-30 19:56:13.230] [info] [spider.worker] [TIMING] task_id=dc9932d5-89df-4331-b0e6-ace3780a77d5 func=job_orchestration.executor.query.spider_search_task.search_without_channel execution_start=232214165 execution_end=232215438 execution_duration_ms=1272
[2026-01-30 19:56:13.235] [info] [spider.worker] [TIMING] task_id=dc9932d5-89df-4331-b0e6-ace3780a77d5 func=job_orchestration.executor.query.spider_search_task.search_without_channel submit_output_start=232215440 submit_output_end=232215443 submit_output_duration_ms=3
[2026-01-30 19:56:13.254] [info] [spider.worker] [TIMING] task_id=52004ff9-8f02-40cc-a61f-673321dc4e8c func=job_orchestration.executor.query.spider_search_task.search_without_channel fetch_input_start=232215462 fetch_input_end=232215463 fetch_input_duration_ms=0
[2026-01-30 19:56:13.255] [info] [spider.worker] [TIMING] task_id=52004ff9-8f02-40cc-a61f-673321dc4e8c func=job_orchestration.executor.query.spider_search_task.search_without_channel input_send_start=232215463 input_send_end=232215463 input_send_duration_ms=0 bytes=626
[2026-01-30 19:56:13.255] [info] [spider.worker] [TIMING] task_id=52004ff9-8f02-40cc-a61f-673321dc4e8c func=job_orchestration.executor.query.spider_search_task.search_without_channel spawn_start=232215463 spawn_end=232215463 spawn_duration_ms=0
[2026-01-30 19:56:14.483] [info] [spider.worker] [TIMING] task_id=52004ff9-8f02-40cc-a61f-673321dc4e8c func=job_orchestration.executor.query.spider_search_task.search_without_channel execution_start=232215463 execution_end=232216692 execution_duration_ms=1228
[2026-01-30 19:56:14.511] [info] [spider.worker] [TIMING] task_id=52004ff9-8f02-40cc-a61f-673321dc4e8c func=job_orchestration.executor.query.spider_search_task.search_without_channel submit_output_start=232216694 submit_output_end=232216719 submit_output_duration_ms=25
[2026-01-30 19:56:14.530] [info] [spider.worker] [TIMING] task_id=06acbf0c-0399-4dda-a43d-a647f5788c8e func=job_orchestration.executor.query.spider_search_task.search_without_channel fetch_input_start=232216737 fetch_input_end=232216738 fetch_input_duration_ms=1
[2026-01-30 19:56:14.530] [info] [spider.worker] [TIMING] task_id=06acbf0c-0399-4dda-a43d-a647f5788c8e func=job_orchestration.executor.query.spider_search_task.search_without_channel input_send_start=232216739 input_send_end=232216739 input_send_duration_ms=0 bytes=626
[2026-01-30 19:56:14.530] [info] [spider.worker] [TIMING] task_id=06acbf0c-0399-4dda-a43d-a647f5788c8e func=job_orchestration.executor.query.spider_search_task.search_without_channel spawn_start=232216738 spawn_end=232216739 spawn_duration_ms=0
[2026-01-30 19:56:15.843] [info] [spider.worker] [TIMING] task_id=06acbf0c-0399-4dda-a43d-a647f5788c8e func=job_orchestration.executor.query.spider_search_task.search_without_channel execution_start=232216739 execution_end=232218051 execution_duration_ms=1312
[2026-01-30 19:56:15.888] [info] [spider.worker] [TIMING] task_id=06acbf0c-0399-4dda-a43d-a647f5788c8e func=job_orchestration.executor.query.spider_search_task.search_without_channel submit_output_start=232218056 submit_output_end=232218097 submit_output_duration_ms=41
[2026-01-30 19:56:15.958] [info] [spider.worker] [TIMING] task_id=d46605c8-d49b-4f71-a0ca-9d0577d40b90 func=job_orchestration.executor.query.spider_search_task.search_without_channel fetch_input_start=232218166 fetch_input_end=232218167 fetch_input_duration_ms=0
[2026-01-30 19:56:15.959] [info] [spider.worker] [TIMING] task_id=d46605c8-d49b-4f71-a0ca-9d0577d40b90 func=job_orchestration.executor.query.spider_search_task.search_without_channel input_send_start=232218167 input_send_end=232218167 input_send_duration_ms=0 bytes=626
[2026-01-30 19:56:15.959] [info] [spider.worker] [TIMING] task_id=d46605c8-d49b-4f71-a0ca-9d0577d40b90 func=job_orchestration.executor.query.spider_search_task.search_without_channel spawn_start=232218167 spawn_end=232218167 spawn_duration_ms=0
[2026-01-30 19:56:17.148] [info] [spider.worker] [TIMING] task_id=d46605c8-d49b-4f71-a0ca-9d0577d40b90 func=job_orchestration.executor.query.spider_search_task.search_without_channel execution_start=232218168 execution_end=232219356 execution_duration_ms=1188
[2026-01-30 19:56:17.208] [info] [spider.worker] [TIMING] task_id=d46605c8-d49b-4f71-a0ca-9d0577d40b90 func=job_orchestration.executor.query.spider_search_task.search_without_channel submit_output_start=232219358 submit_output_end=232219417 submit_output_duration_ms=58
[2026-01-30 19:56:17.253] [info] [spider.worker] [TIMING] task_id=632c154c-7553-46e4-b608-3b6d70c66ada func=job_orchestration.executor.query.spider_search_task.search_without_channel fetch_input_start=232219460 fetch_input_end=232219461 fetch_input_duration_ms=1
[2026-01-30 19:56:17.253] [info] [spider.worker] [TIMING] task_id=632c154c-7553-46e4-b608-3b6d70c66ada func=job_orchestration.executor.query.spider_search_task.search_without_channel input_send_start=232219462 input_send_end=232219462 input_send_duration_ms=0 bytes=626
[2026-01-30 19:56:17.253] [info] [spider.worker] [TIMING] task_id=632c154c-7553-46e4-b608-3b6d70c66ada func=job_orchestration.executor.query.spider_search_task.search_without_channel spawn_start=232219461 spawn_end=232219462 spawn_duration_ms=0
[2026-01-30 19:56:18.462] [info] [spider.worker] [TIMING] task_id=632c154c-7553-46e4-b608-3b6d70c66ada func=job_orchestration.executor.query.spider_search_task.search_without_channel execution_start=232219462 execution_end=232220671 execution_duration_ms=1208
[2026-01-30 19:56:18.488] [info] [spider.worker] [TIMING] task_id=632c154c-7553-46e4-b608-3b6d70c66ada func=job_orchestration.executor.query.spider_search_task.search_without_channel submit_output_start=232220672 submit_output_end=232220696 submit_output_duration_ms=23
[2026-01-30 19:56:18.531] [info] [spider.worker] [TIMING] task_id=820f2fb4-7a33-4cda-af74-5c55c92727ff func=job_orchestration.executor.query.spider_search_task.search_without_channel fetch_input_start=232220739 fetch_input_end=232220740 fetch_input_duration_ms=0
[2026-01-30 19:56:18.532] [info] [spider.worker] [TIMING] task_id=820f2fb4-7a33-4cda-af74-5c55c92727ff func=job_orchestration.executor.query.spider_search_task.search_without_channel input_send_start=232220740 input_send_end=232220740 input_send_duration_ms=0 bytes=626
[2026-01-30 19:56:18.532] [info] [spider.worker] [TIMING] task_id=820f2fb4-7a33-4cda-af74-5c55c92727ff func=job_orchestration.executor.query.spider_search_task.search_without_channel spawn_start=232220740 spawn_end=232220740 spawn_duration_ms=0
[2026-01-30 19:56:19.739] [info] [spider.worker] [TIMING] task_id=820f2fb4-7a33-4cda-af74-5c55c92727ff func=job_orchestration.executor.query.spider_search_task.search_without_channel execution_start=232220741 execution_end=232221947 execution_duration_ms=1206
[2026-01-30 19:56:19.746] [info] [spider.worker] [TIMING] task_id=820f2fb4-7a33-4cda-af74-5c55c92727ff func=job_orchestration.executor.query.spider_search_task.search_without_channel submit_output_start=232221949 submit_output_end=232221954 submit_output_duration_ms=5
[2026-01-30 19:56:19.792] [info] [spider.worker] [TIMING] task_id=a64a7623-5a5a-4e67-9c80-8eb865cbbdfd func=job_orchestration.executor.query.spider_search_task.search_without_channel fetch_input_start=232222000 fetch_input_end=232222000 fetch_input_duration_ms=0
[2026-01-30 19:56:19.793] [info] [spider.worker] [TIMING] task_id=a64a7623-5a5a-4e67-9c80-8eb865cbbdfd func=job_orchestration.executor.query.spider_search_task.search_without_channel input_send_start=232222001 input_send_end=232222001 input_send_duration_ms=0 bytes=626
[2026-01-30 19:56:19.793] [info] [spider.worker] [TIMING] task_id=a64a7623-5a5a-4e67-9c80-8eb865cbbdfd func=job_orchestration.executor.query.spider_search_task.search_without_channel spawn_start=232222000 spawn_end=232222001 spawn_duration_ms=0
[2026-01-30 19:56:21.002] [info] [spider.worker] [TIMING] task_id=a64a7623-5a5a-4e67-9c80-8eb865cbbdfd func=job_orchestration.executor.query.spider_search_task.search_without_channel execution_start=232222001 execution_end=232223211 execution_duration_ms=1209
[2026-01-30 19:56:21.046] [info] [spider.worker] [TIMING] task_id=a64a7623-5a5a-4e67-9c80-8eb865cbbdfd func=job_orchestration.executor.query.spider_search_task.search_without_channel submit_output_start=232223212 submit_output_end=232223254 submit_output_duration_ms=42
[2026-01-30 19:56:21.075] [info] [spider.worker] [TIMING] task_id=15877d27-2e4a-4e9d-b8a6-1cf907e9bda6 func=job_orchestration.executor.query.spider_search_task.search_without_channel fetch_input_start=232223282 fetch_input_end=232223283 fetch_input_duration_ms=1
[2026-01-30 19:56:21.075] [info] [spider.worker] [TIMING] task_id=15877d27-2e4a-4e9d-b8a6-1cf907e9bda6 func=job_orchestration.executor.query.spider_search_task.search_without_channel input_send_start=232223283 input_send_end=232223283 input_send_duration_ms=0 bytes=626
[2026-01-30 19:56:21.075] [info] [spider.worker] [TIMING] task_id=15877d27-2e4a-4e9d-b8a6-1cf907e9bda6 func=job_orchestration.executor.query.spider_search_task.search_without_channel spawn_start=232223283 spawn_end=232223283 spawn_duration_ms=0
[2026-01-30 19:56:22.261] [info] [spider.worker] [TIMING] task_id=15877d27-2e4a-4e9d-b8a6-1cf907e9bda6 func=job_orchestration.executor.query.spider_search_task.search_without_channel execution_start=232223284 execution_end=232224469 execution_duration_ms=1185
[2026-01-30 19:56:22.288] [info] [spider.worker] [TIMING] task_id=15877d27-2e4a-4e9d-b8a6-1cf907e9bda6 func=job_orchestration.executor.query.spider_search_task.search_without_channel submit_output_start=232224479 submit_output_end=232224496 submit_output_duration_ms=17
[2026-01-30 19:56:22.324] [info] [spider.worker] [TIMING] task_id=9987e571-e728-4ffd-bc4d-d8fac638403a func=job_orchestration.executor.query.spider_search_task.search_without_channel fetch_input_start=232224531 fetch_input_end=232224533 fetch_input_duration_ms=1
[2026-01-30 19:56:22.325] [info] [spider.worker] [TIMING] task_id=9987e571-e728-4ffd-bc4d-d8fac638403a func=job_orchestration.executor.query.spider_search_task.search_without_channel input_send_start=232224533 input_send_end=23