[2026-01-30 18:52:01.611] [warning] [spider.worker] Prefer using `SPIDER_STORAGE_URL` environment variable over `--storage_url` argument.
[2026-01-30 18:52:17.709] [info] [spider.worker] [TIMING] task_id=6c890dac-ac4b-4dcb-8249-defec35787ad func=job_orchestration.executor.query.spider_search_task.search_without_channel fetch_input_start=228379916 fetch_input_end=228379917 fetch_input_duration_ms=0
[2026-01-30 18:52:19.080] [info] [spider.worker] [TIMING] task_id=6c890dac-ac4b-4dcb-8249-defec35787ad func=job_orchestration.executor.query.spider_search_task.search_without_channel execution_start=228379918 execution_end=228381289 execution_duration_ms=1370
[2026-01-30 18:52:19.151] [info] [spider.worker] [TIMING] task_id=6c890dac-ac4b-4dcb-8249-defec35787ad func=job_orchestration.executor.query.spider_search_task.search_without_channel submit_output_start=228381293 submit_output_end=228381359 submit_output_duration_ms=66
[2026-01-30 18:52:19.229] [info] [spider.worker] [TIMING] task_id=e9b80aec-7f1b-4263-a570-26da4118b46e func=job_orchestration.executor.query.spider_search_task.search_without_channel fetch_input_start=228381436 fetch_input_end=228381437 fetch_input_duration_ms=1
[2026-01-30 18:52:20.432] [info] [spider.worker] [TIMING] task_id=e9b80aec-7f1b-4263-a570-26da4118b46e func=job_orchestration.executor.query.spider_search_task.search_without_channel execution_start=228381438 execution_end=228382640 execution_duration_ms=1202
[2026-01-30 18:52:20.510] [info] [spider.worker] [TIMING] task_id=e9b80aec-7f1b-4263-a570-26da4118b46e func=job_orchestration.executor.query.spider_search_task.search_without_channel submit_output_start=228382642 submit_output_end=228382718 submit_output_duration_ms=76
[2026-01-30 18:52:20.528] [info] [spider.worker] [TIMING] task_id=619c3170-b651-43c7-8091-50f9f45d0cad func=job_orchestration.executor.query.spider_search_task.search_without_channel fetch_input_start=228382735 fetch_input_end=228382736 fetch_input_duration_ms=0
[2026-01-30 18:52:21.662] [info] [spider.worker] [TIMING] task_id=619c3170-b651-43c7-8091-50f9f45d0cad func=job_orchestration.executor.query.spider_search_task.search_without_channel execution_start=228382737 execution_end=228383870 execution_duration_ms=1133
[2026-01-30 18:52:21.728] [info] [spider.worker] [TIMING] task_id=619c3170-b651-43c7-8091-50f9f45d0cad func=job_orchestration.executor.query.spider_search_task.search_without_channel submit_output_start=228383872 submit_output_end=228383936 submit_output_duration_ms=64
[2026-01-30 18:52:21.798] [info] [spider.worker] [TIMING] task_id=b50178bc-bbad-415a-a079-0aa97e81dde3 func=job_orchestration.executor.query.spider_search_task.search_without_channel fetch_input_start=228384005 fetch_input_end=228384006 fetch_input_duration_ms=0
[2026-01-30 18:52:23.107] [info] [spider.worker] [TIMING] task_id=b50178bc-bbad-415a-a079-0aa97e81dde3 func=job_orchestration.executor.query.spider_search_task.search_without_channel execution_start=228384007 execution_end=228385316 execution_duration_ms=1308
[2026-01-30 18:52:23.135] [info] [spider.worker] [TIMING] task_id=b50178bc-bbad-415a-a079-0aa97e81dde3 func=job_orchestration.executor.query.spider_search_task.search_without_channel submit_output_start=228385322 submit_output_end=228385343 submit_output_duration_ms=20
[2026-01-30 18:52:23.183] [info] [spider.worker] [TIMING] task_id=44f6c0b4-fe93-44c2-88c7-3483c39b39d1 func=job_orchestration.executor.query.spider_search_task.search_without_channel fetch_input_start=228385391 fetch_input_end=228385392 fetch_input_duration_ms=0
[2026-01-30 18:52:24.470] [info] [spider.worker] [TIMING] task_id=44f6c0b4-fe93-44c2-88c7-3483c39b39d1 func=job_orchestration.executor.query.spider_search_task.search_without_channel execution_start=228385393 execution_end=228386678 execution_duration_ms=1285
[2026-01-30 18:52:24.544] [info] [spider.worker] [TIMING] task_id=44f6c0b4-fe93-44c2-88c7-3483c39b39d1 func=job_orchestration.executor.query.spider_search_task.search_without_channel submit_output_start=228386680 submit_output_end=228386752 submit_output_duration_ms=72
[2026-01-30 18:52:24.594] [info] [spider.worker] [TIMING] task_id=d9625d2b-5a19-4501-9881-3279db65c864 func=job_orchestration.executor.query.spider_search_task.search_without_channel fetch_input_start=228386802 fetch_input_end=228386802 fetch_input_duration_ms=0
[2026-01-30 18:52:25.891] [info] [spider.worker] [TIMING] task_id=d9625d2b-5a19-4501-9881-3279db65c864 func=job_orchestration.executor.query.spider_search_task.search_without_channel execution_start=228386803 execution_end=228388099 execution_duration_ms=1296
[2026-01-30 18:52:25.945] [info] [spider.worker] [TIMING] task_id=d9625d2b-5a19-4501-9881-3279db65c864 func=job_orchestration.executor.query.spider_search_task.search_without_channel submit_output_start=228388101 submit_output_end=228388153 submit_output_duration_ms=51
[2026-01-30 18:52:25.963] [info] [spider.worker] [TIMING] task_id=ce0dfbd9-77a2-4acd-8939-59f09abe6b71 func=job_orchestration.executor.query.spider_search_task.search_without_channel fetch_input_start=228388170 fetch_input_end=228388171 fetch_input_duration_ms=0
[2026-01-30 18:52:27.350] [info] [spider.worker] [TIMING] task_id=ce0dfbd9-77a2-4acd-8939-59f09abe6b71 func=job_orchestration.executor.query.spider_search_task.search_without_channel execution_start=228388172 execution_end=228389559 execution_duration_ms=1386
[2026-01-30 18:52:27.389] [info] [spider.worker] [TIMING] task_id=ce0dfbd9-77a2-4acd-8939-59f09abe6b71 func=job_orchestration.executor.query.spider_search_task.search_without_channel submit_output_start=228389560 submit_output_end=228389597 submit_output_duration_ms=36
[2026-01-30 18:52:27.406] [info] [spider.worker] [TIMING] task_id=7285b584-431d-48ac-97b6-b9adf80d6131 func=job_orchestration.executor.query.spider_search_task.search_without_channel fetch_input_start=228389613 fetch_input_end=228389614 fetch_input_duration_ms=1
[2026-01-30 18:52:28.754] [info] [spider.worker] [TIMING] task_id=7285b584-431d-48ac-97b6-b9adf80d6131 func=job_orchestration.executor.query.spider_search_task.search_without_channel execution_start=228389615 execution_end=228390962 execution_duration_ms=1347
[2026-01-30 18:52:28.761] [info] [spider.worker] [TIMING] task_id=7285b584-431d-48ac-97b6-b9adf80d6131 func=job_orchestration.executor.query.spider_search_task.search_without_channel submit_output_start=228390964 submit_output_end=228390970 submit_output_duration_ms=5
[2026-01-30 18:52:28.806] [info] [spider.worker] [TIMING] task_id=c325783a-62cf-4f40-8b74-8b2ae84ac0ab func=job_orchestration.executor.query.spider_search_task.search_without_channel fetch_input_start=228391013 fetch_input_end=228391014 fetch_input_duration_ms=1
[2026-01-30 18:52:29.929] [info] [spider.worker] [TIMING] task_id=c325783a-62cf-4f40-8b74-8b2ae84ac0ab func=job_orchestration.executor.query.spider_search_task.search_without_channel execution_start=228391015 execution_end=228392137 execution_duration_ms=1121
[2026-01-30 18:52:29.953] [info] [spider.worker] [TIMING] task_id=c325783a-62cf-4f40-8b74-8b2ae84ac0ab func=job_orchestration.executor.query.spider_search_task.search_without_channel submit_output_start=228392138 submit_output_end=228392162 submit_output_duration_ms=23
[2026-01-30 18:52:29.996] [info] [spider.worker] [TIMING] task_id=0e95e28b-9dc9-4b94-a69b-6904e70ae335 func=job_orchestration.executor.query.spider_search_task.search_without_channel fetch_input_start=228392203 fetch_input_end=228392204 fetch_input_duration_ms=0
[2026-01-30 18:52:31.430] [info] [spider.worker] [TIMING] task_id=0e95e28b-9dc9-4b94-a69b-6904e70ae335 func=job_orchestration.executor.query.spider_search_task.search_without_channel execution_start=228392205 execution_end=228393638 execution_duration_ms=1433
[2026-01-30 18:52:31.455] [info] [spider.worker] [TIMING] task_id=0e95e28b-9dc9-4b94-a69b-6904e70ae335 func=job_orchestration.executor.query.spider_search_task.search_without_channel submit_output_start=228393640 submit_output_end=228393664 submit_output_duration_ms=23
[2026-01-30 18:52:31.481] [info] [spider.worker] [TIMING] task_id=a7342e56-32e5-4656-9b77-c38f2fcfb85a func=job_orchestration.executor.query.spider_search_task.search_without_channel fetch_input_start=228393688 fetch_input_end=228393689 fetch_input_duration_ms=1
[2026-01-30 18:52:32.846] [info] [spider.worker] [TIMING] task_id=a7342e56-32e5-4656-9b77-c38f2fcfb85a func=job_orchestration.executor.query.spider_search_task.search_without_channel execution_start=228393690 execution_end=228395055 execution_duration_ms=1364
[2026-01-30 18:52:32.879] [info] [spider.worker] [TIMING] task_id=a7342e56-32e5-4656-9b77-c38f2fcfb85a func=job_orchestration.executor.query.spider_search_task.search_without_channel submit_output_start=228395069 submit_output_end=228395087 submit_output_duration_ms=18
[2026-01-30 18:52:32.889] [info] [spider.worker] [TIMING] task_id=066ae511-19a7-4072-83aa-04927b4a80b0 func=job_orchestration.executor.query.spider_search_task.search_without_channel fetch_input_start=228395097 fetch_input_end=228395098 fetch_input_duration_ms=0
[2026-01-30 18:52:34.142] [info] [spider.worker] [TIMING] task_id=066ae511-19a7-4072-83aa-04927b4a80b0 func=job_orchestration.executor.query.spider_search_task.search_without_channel execution_start=228395098 execution_end=228396350 execution_duration_ms=1251
[2026-01-30 18:52:34.170] [info] [spider.worker] [TIMING] task_id=066ae511-19a7-4072-83aa-04927b4a80b0 func=job_orchestration.executor.query.spider_search_task.search_without_channel submit_output_start=228396352 submit_output_end=228396378 submit_output_duration_ms=26
[2026-01-30 18:52:34.214] [info] [spider.worker] [TIMING] task_id=b1082c6d-188a-46ee-8c3a-b22fbc27ff61 func=job_orchestration.executor.query.spider_search_task.search_without_channel fetch_input_start=228396422 fetch_input_end=228396423 fetch_input_duration_ms=1
[2026-01-30 18:52:35.359] [info] [spider.worker] [TIMING] task_id=b1082c6d-188a-46ee-8c3a-b22fbc27ff61 func=job_orchestration.executor.query.spider_search_task.search_without_channel execution_start=228396423 execution_end=228397567 execution_duration_ms=1143
[2026-01-30 18:52:35.371] [info] [spider.worker] [TIMING] task_id=b1082c6d-188a-46ee-8c3a-b22fbc27ff61 func=job_orchestration.executor.query.spider_search_task.search_without_channel submit_output_start=228397569 submit_output_end=228397579 submit_output_duration_ms=10
[2026-01-30 18:52:35.391] [info] [spider.worker] [TIMING] task_id=6d48be74-bf6c-41b7-86a7-eaf24ef3c349 func=job_orchestration.executor.query.spider_search_task.search_without_channel fetch_input_start=228397598 fetch_input_end=228397599 fetch_input_duration_ms=1
[2026-01-30 18:52:36.818] [info] [spider.worker] [TIMING] task_id=6d48be74-bf6c-41b7-86a7-eaf24ef3c349 func=job_orchestration.executor.query.spider_search_task.search_without_channel execution_start=228397600 execution_end=228399027 execution_duration_ms=1426
[2026-01-30 18:52:36.829] [info] [spider.worker] [TIMING] task_id=6d48be74-bf6c-41b7-86a7-eaf24ef3c349 func=job_orchestration.executor.query.spider_search_task.search_without_channel submit_output_start=228399029 submit_output_end=228399038 submit_output_duration_ms=8
[2026-01-30 18:52:36.848] [info] [spider.worker] [TIMING] task_id=d7d82ad4-6137-4601-8b7b-52a653725430 func=job_orchestration.executor.query.spider_search_task.search_without_channel fetch_input_start=228399056 fetch_input_end=228399057 fetch_input_duration_ms=0
[2026-01-30 18:52:38.040] [info] [spider.worker] [TIMING] task_id=d7d82ad4-6137-4601-8b7b-52a653725430 func=job_orchestration.executor.query.spider_search_task.search_without_channel execution_start=228399058 execution_end=228400249 execution_duration_ms=1191
[2026-01-30 18:52:38.055] [info] [spider.worker] [TIMING] task_id=d7d82ad4-6137-4601-8b7b-52a653725430 func=job_orchestration.executor.query.spider_search_task.search_without_channel submit_output_start=228400251 submit_output_end=228400263 submit_output_duration_ms=12
[2026-01-30 18:52:38.074] [info] [spider.worker] [TIMING] task_id=056fb97a-4c0c-4bef-839c-9b7146075e0b func=job_orchestration.executor.query.spider_search_task.search_without_channel fetch_input_start=228400282 fetch_input_end=228400283 fetch_input_duration_ms=1
[2026-01-30 18:52:39.336] [info] [spider.worker] [TIMING] task_id=056fb97a-4c0c-4bef-839c-9b7146075e0b func=job_orchestration.executor.query.spider_search_task.search_without_channel execution_start=228400284 execution_end=228401544 execution_duration_ms=1260
[2026-01-30 18:52:39.365] [info] [spider.worker] [TIMING] task_id=056fb97a-4c0c-4bef-839c-9b7146075e0b func=job_orchestration.executor.query.spider_search_task.search_without_channel submit_output_start=228401546 submit_output_end=228401573 submit_output_duration_ms=26
[2026-01-30 18:52:39.391] [info] [spider.worker] [TIMING] task_id=44bd57f1-aad8-43b3-87b6-bac20331a572 func=job_orchestration.executor.query.spider_search_task.search_without_channel fetch_input_start=228401598 fetch_input_end=228401599 fetch_input_duration_ms=1
[2026-01-30 18:52:40.516] [info] [spider.worker] [TIMING] task_id=44bd57f1-aad8-43b3-87b6-bac20331a572 func=job_orchestration.executor.query.spider_search_task.search_without_channel execution_start=228401600 execution_end=228402725 execution_duration_ms=1124
[2026-01-30 18:52:40.547] [info] [spider.worker] [TIMING] task_id=44bd57f1-aad8-43b3-87b6-bac20331a572 func=job_orchestration.executor.query.spider_search_task.search_without_channel submit_output_start=228402734 submit_output_end=228402755 submit_output_duration_ms=21
[2026-01-30 18:52:40.557] [info] [spider.worker] [TIMING] task_id=9b67e2b2-d036-47e7-9576-5e544c0c0cbe func=job_orchestration.executor.query.spider_search_task.search_without_channel fetch_input_start=228402764 fetch_input_end=228402765 fetch_input_duration_ms=0
[2026-01-30 18:52:41.706] [info] [spider.worker] [TIMING] task_id=9b67e2b2-d036-47e7-9576-5e544c0c0cbe func=job_orchestration.executor.query.spider_search_task.search_without_channel execution_start=228402766 execution_end=228403914 execution_duration_ms=1148
[2026-01-30 18:52:41.753] [info] [spider.worker] [TIMING] task_id=9b67e2b2-d036-47e7-9576-5e544c0c0cbe func=job_orchestration.executor.query.spider_search_task.search_without_channel submit_output_start=228403920 submit_output_end=228403961 submit_output_duration_ms=41
[2026-01-30 18:52:41.798] [info] [spider.worker] [TIMING] task_id=e2167ff6-4124-49d0-afab-2fb495321cf6 func=job_orchestration.executor.query.spider_search_task.search_without_channel fetch_input_start=228404005 fetch_input_end=228404006 fetch_input_duration_ms=1
[2026-01-30 18:52:43.011] [info] [spider.worker] [TIMING] task_id=e2167ff6-4124-49d0-afab-2fb495321cf6 func=job_orchestration.executor.query.spider_search_task.search_without_channel execution_start=228404007 execution_end=228405219 execution_duration_ms=1212
[2026-01-30 18:52:43.022] [info] [spider.worker] [TIMING] task_id=e2167ff6-4124-49d0-afab-2fb495321cf6 func=job_orchestration.executor.query.spider_search_task.search_without_channel submit_output_start=228405222 submit_output_end=228405230 submit_output_duration_ms=8
[2026-01-30 18:52:43.058] [info] [spider.worker] [TIMING] task_id=88f44f08-a5ab-428f-a556-ce14bb1f7b9f func=job_orchestration.executor.query.spider_search_task.search_without_channel fetch_input_start=228405265 fetch_input_end=228405266 fetch_input_duration_ms=1
[2026-01-30 18:52:44.264] [info] [spider.worker] [TIMING] task_id=88f44f08-a5ab-428f-a556-ce14bb1f7b9f func=job_orchestration.executor.query.spider_search_task.search_without_channel execution_start=228405267 execution_end=228406472 execution_duration_ms=1205
[2026-01-30 18:52:44.292] [info] [spider.worker] [TIMING] task_id=88f44f08-a5ab-428f-a556-ce14bb1f7b9f func=job_orchestration.executor.query.spider_search_task.search_without_channel submit_output_start=228406474 submit_output_end=228406500 submit_output_duration_ms=26
[2026-01-30 18:52:44.370] [info] [spider.worker] [TIMING] task_id=f0d5c8e5-b8dd-48b6-80b2-5f08770956ab func=job_orchestration.executor.query.spider_search_task.search_without_channel fetch_input_start=228406577 fetch_input_end=228406578 fetch_input_duration_ms=0
[2026-01-30 18:52:45.701] [info] [spider.worker] [TIMING] task_id=f0d5c8e5-b8dd-48b6-80b2-5f08770956ab func=job_orchestration.executor.query.spider_search_task.search_without_channel execution_start=228406579 execution_end=228407909 execution_duration_ms=1330
[2026-01-30 18:52:45.714] [info] [spider.worker] [TIMING] task_id=f0d5c8e5-b8dd-48b6-80b2-5f08770956ab func=job_orchestration.executor.query.spider_search_task.search_without_channel submit_output_start=228407911 submit_output_end=228407923 submit_output_duration_ms=11
[2026-01-30 18:52:45.748] [info] [spider.worker] [TIMING] task_id=88bef268-1e57-4b59-bba1-8061b0986c5b func=job_orchestration.executor.query.spider_search_task.search_without_channel fetch_input_start=228407955 fetch_input_end=228407956 fetch_input_duration_ms=0
[2026-01-30 18:52:46.943] [info] [spider.worker] [TIMING] task_id=88bef268-1e57-4b59-bba1-8061b0986c5b func=job_orchestration.executor.query.spider_search_task.search_without_channel execution_start=228407957 execution_end=228409151 execution_duration_ms=1194
[2026-01-30 18:52:46.973] [info] [spider.worker] [TIMING] task_id=88bef268-1e57-4b59-bba1-8061b0986c5b func=job_orchestration.executor.query.spider_search_task.search_without_channel submit_output_start=228409153 submit_output_end=228409181 submit_output_duration_ms=27
[2026-01-30 18:52:47.009] [info] [spider.worker] [TIMING] task_id=7cb74e80-be13-4c3e-b026-06081b11e06a func=job_orchestration.executor.query.spider_search_task.search_without_channel fetch_input_start=228409216 fetch_input_end=228409217 fetch_input_duration_ms=0
[2026-01-30 18:52:48.429] [info] [spider.worker] [TIMING] task_id=7cb74e80-be13-4c3e-b026-06081b11e06a func=job_orchestration.executor.query.spider_search_task.search_without_channel execution_start=228409218 execution_end=228410637 execution_duration_ms=1419
[2026-01-30 18:52:48.448] [info] [spider.worker] [TIMING] task_id=7cb74e80-be13-4c3e-b026-06081b11e06a func=job_orchestration.executor.query.spider_search_task.search_without_channel submit_output_start=228410639 submit_output_end=228410656 submit_output_duration_ms=17
[2026-01-30 18:52:48.459] [info] [spider.worker] [TIMING] task_id=12342c36-8433-4a2e-8b4b-4f919397c575 func=job_orchestration.executor.query.spider_search_task.search_without_channel fetch_input_start=228410667 fetch_input_end=228410668 fetch_input_duration_ms=1
[2026-01-30 18:52:49.615] [info] [spider.worker] [TIMING] task_id=12342c36-8433-4a2e-8b4b-4f919397c575 func=job_orchestration.executor.query.spider_search_task.search_without_channel execution_start=228410668 execution_end=228411823 execution_duration_ms=1154
[2026-01-30 18:52:49.656] [info] [spider.worker] [TIMING] task_id=12342c36-8433-4a2e-8b4b-4f919397c575 func=job_orchestration.executor.query.spider_search_task.search_without_channel submit_output_start=228411844 submit_output_end=228411865 submit_output_duration_ms=20
[2026-01-30 18:52:49.730] [info] [spider.worker] [TIMING] task_id=316585f6-074d-4fac-8ce0-707c964659c4 func=job_orchestration.executor.query.spider_search_task.search_without_channel fetch_input_start=228411937 fetch_input_end=228411938 fetch_input_duration_ms=0
[2026-01-30 18:52:50.894] [info] [spider.worker] [TIMING] task_id=316585f6-074d-4fac-8ce0-707c964659c4 func=job_orchestration.executor.query.spider_search_task.search_without_channel execution_start=228411939 execution_end=228413103 execution_duration_ms=1163
[2026-01-30 18:52:50.907] [info] [spider.worker] [TIMING] task_id=316585f6-074d-4fac-8ce0-707c964659c4 func=job_orchestration.executor.query.spider_search_task.search_without_channel submit_output_start=228413104 submit_output_end=228413115 submit_output_duration_ms=10
[2026-01-30 18:52:50.967] [info] [spider.worker] [TIMING] task_id=e56e4864-511b-42b1-9b85-9bcfeb5a561e func=job_orchestration.executor.query.spider_search_task.search_without_channel fetch_input_start=228413175 fetch_input_end=228413176 fetch_input_duration_ms=1
[2026-01-30 18:52:52.143] [info] [spider.worker] [TIMING] task_id=e56e4864-511b-42b1-9b85-9bcfeb5a561e func=job_orchestration.executor.query.spider_search_task.search_without_channel execution_start=228413177 execution_end=228414351 execution_duration_ms=1174
[2026-01-30 18:52:52.174] [info] [spider.worker] [TIMING] task_id=e56e4864-511b-42b1-9b85-9bcfeb5a561e func=job_orchestration.executor.query.spider_search_task.search_without_channel submit_output_start=228414353 submit_output_end=228414383 submit_output_duration_ms=29
[2026-01-30 18:52:52.194] [info] [spider.worker] [TIMING] task_id=84469623-69a2-4525-83ed-d98f1a1f8d32 func=job_orchestration.executor.query.spider_search_task.search_without_channel fetch_input_start=228414401 fetch_input_end=228414402 fetch_input_duration_ms=1
[2026-01-30 18:52:53.647] [info] [spider.worker] [TIMING] task_id=84469623-69a2-4525-83ed-d98f1a1f8d32 func=job_orchestration.executor.query.spider_search_task.search_without_channel execution_start=228414402 execution_end=228415856 execution_duration_ms=1453
[2026-01-30 18:52:53.666] [info] [spider.worker] [TIMING] task_id=84469623-69a2-4525-83ed-d98f1a1f8d32 func=job_orchestration.executor.query.spider_search_task.search_without_channel submit_output_start=228415858 submit_output_end=228415874 submit_output_duration_ms=16
[2026-01-30 18:52:53.684] [info] [spider.worker] [TIMING] task_id=79752116-28bb-4d27-b11e-32281888b487 func=job_orchestration.executor.query.spider_search_task.search_without_channel fetch_input_start=228415892 fetch_input_end=228415893 fetch_input_duration_ms=0
[2026-01-30 18:52:54.871] [info] [spider.worker] [TIMING] task_id=79752116-28bb-4d27-b11e-32281888b487 func=job_orchestration.executor.query.spider_search_task.search_without_channel execution_start=228415893 execution_end=228417080 execution_duration_ms=1186
[2026-01-30 18:52:54.883] [info] [spider.worker] [TIMING] task_id=79752116-28bb-4d27-b11e-32281888b487 func=job_orchestration.executor.query.spider_search_task.search_without_channel submit_output_start=228417081 submit_output_end=228417091 submit_output_duration_ms=9
[2026-01-30 18:52:54.926] [info] [spider.worker] [TIMING] task_id=1e774f3d-ff24-4ce9-aa70-5093e87c683a func=job_orchestration.executor.query.spider_search_task.search_without_channel fetch_input_start=228417133 fetch_input_end=228417134 fetch_input_duration_ms=1
[2026-01-30 18:52:56.224] [info] [spider.worker] [TIMING] task_id=1e774f3d-ff24-4ce9-aa70-5093e87c683a func=job_orchestration.executor.query.spider_search_task.search_without_channel execution_start=228417135 execution_end=228418432 execution_duration_ms=1297
[2026-01-30 18:52:56.241] [info] [spider.worker] [TIMING] task_id=1e774f3d-ff24-4ce9-aa70-5093e87c683a func=job_orchestration.executor.query.spider_search_task.search_without_channel submit_output_start=228418434 submit_output_end=228418449 submit_output_duration_ms=15
[2026-01-30 18:52:56.304] [info] [spider.worker] [TIMING] task_id=98efdf25-5563-4b9e-a9cf-58b333590358 func=job_orchestration.executor.query.spider_search_task.search_without_channel fetch_input_start=228418511 fetch_input_end=228418512 fetch_input_duration_ms=1
[2026-01-30 18:52:57.566] [info] [spider.worker] [TIMING] task_id=98efdf25-5563-4b9e-a9cf-58b333590358 func=job_orchestration.executor.query.spider_search_task.search_without_channel execution_start=228418513 execution_end=228419775 execution_duration_ms=1261
[2026-01-30 18:52:57.583] [info] [spider.worker] [TIMING] task_id=98efdf25-5563-4b9e-a9cf-58b333590358 func=job_orchestration.executor.query.spider_search_task.search_without_channel submit_output_start=228419777 submit_output_end=228419792 submit_output_duration_ms=14
[2026-01-30 18:52:57.628] [info] [spider.worker] [TIMING] task_id=25b3cf8d-06d1-4a37-83a1-61b0532421d8 func=job_orchestration.executor.query.spider_search_task.search_without_channel fetch_input_start=228419835 fetch_input_end=228419836 fetch_input_duration_ms=0
[2026-01-30 18:52:58.865] [info] [spider.worker] [TIMING] task_id=25b3cf8d-06d1-4a37-83a1-61b0532421d8 func=job_orchestration.executor.query.spider_search_task.search_without_channel execution_start=228419837 execution_end=228421073 execution_duration_ms=1236
[2026-01-30 18:52:58.951] [info] [spider.worker] [TIMING] task_id=25b3cf8d-06d1-4a37-83a1-61b0532421d8 func=job_orchestration.executor.query.spider_search_task.search_without_channel submit_output_start=228421083 submit_output_end=228421159 submit_output_duration_ms=76
[2026-01-30 18:52:59.044] [info] [spider.worker] [TIMING] task_id=8fbb1252-9977-40c1-a3e7-deedd30f4e2a func=job_orchestration.executor.query.spider_search_task.search_without_channel fetch_input_start=228421252 fetch_input_end=228421253 fetch_input_duration_ms=0
[2026-01-30 18:53:00.228] [info] [spider.worker] [TIMING] task_id=8fbb1252-9977-40c1-a3e7-deedd30f4e2a func=job_orchestration.executor.query.spider_search_task.search_without_channel execution_start=228421253 execution_end=228422436 execution_duration_ms=1183
[2026-01-30 18:53:00.234] [info] [spider.worker] [TIMING] task_id=8fbb1252-9977-40c1-a3e7-deedd30f4e2a func=job_orchestration.executor.query.spider_search_task.search_without_channel submit_output_start=228422438 submit_output_end=228422442 submit_output_duration_ms=4
[2026-01-30 18:53:00.263] [info] [spider.worker] [TIMING] task_id=a13da3c3-3c36-4b1b-8ce9-8de2cfc5ee90 func=job_orchestration.executor.query.spider_search_task.search_without_channel fetch_input_start=228422470 fetch_input_end=228422471 fetch_input_duration_ms=0
[2026-01-30 18:53:01.616] [info] [spider.worker] [TIMING] task_id=a13da3c3-3c36-4b1b-8ce9-8de2cfc5ee90 func=job_orchestration.executor.query.spider_search_task.search_without_channel execution_start=228422472 execution_end=228423825 execution_duration_ms=1352
[2026-01-30 18:53:01.634] [info] [spider.worker] [TIMING] task_id=a13da3c3-3c36-4b1b-8ce9-8de2cfc5ee90 func=job_orchestration.executor.query.spider_search_task.search_without_channel submit_output_start=228423827 submit_output_end=228423842 submit_output_duration_ms=15
[2026-01-30 18:53:01.645] [info] [spider.worker] [TIMING] task_id=7c52fe99-bfc4-4c60-9f8e-ba1c558fc452 func=job_orchestration.executor.query.spider_search_task.search_without_channel fetch_input_start=228423853 fetch_input_end=228423854 fetch_input_duration_ms=1
[2026-01-30 18:53:03.015] [info] [spider.worker] [TIMING] task_id=7c52fe99-bfc4-4c60-9f8e-ba1c558fc452 func=job_orchestration.executor.query.spider_search_task.search_without_channel execution_start=228423854 execution_end=228425224 execution_duration_ms=1369
[2026-01-30 18:53:03.026] [info] [spider.worker] [TIMING] task_id=7c52fe99-bfc4-4c60-9f8e-ba1c558fc452 func=job_orchestration.executor.query.spider_search_task.search_without_channel submit_output_start=228425225 submit_output_end=228425234 submit_output_duration_ms=8
[2026-01-30 18:53:03.061] [info] [spider.worker] [TIMING] task_id=c5f7144b-cf9e-4784-b128-8ac12282329a func=job_orchestration.executor.query.spider_search_task.search_without_channel fetch_input_start=228425269 fetch_input_end=228425270 fetch_input_duration_ms=0
[2026-01-30 18:53:04.244] [info] [spider.worker] [TIMING] task_id=c5f7144b-cf9e-4784-b128-8ac12282329a func=job_orchestration.executor.query.spider_search_task.search_without_channel execution_start=228425270 execution_end=228426452 execution_duration_ms=1181
[2026-01-30 18:53:04.286] [info] [spider.worker] [TIMING] task_id=c5f7144b-cf9e-4784-b128-8ac12282329a func=job_orchestration.executor.query.spider_search_task.search_without_channel submit_output_start=228426454 submit_output_end=228426495 submit_output_duration_ms=40
[2026-01-30 18:53:04.312] [info] [spider.worker] [TIMING] task_id=56f16b72-4c6c-4e51-807a-c652e2e4713d func=job_orchestration.executor.query.spider_search_task.search_without_channel fetch_input_start=228426520 fetch_input_end=228426521 fetch_input_duration_ms=1
[2026-01-30 18:53:05.602] [info] [spider.worker] [TIMING] task_id=56f16b72-4c6c-4e51-807a-c652e2e4713d func=job_orchestration.executor.query.spider_search_task.search_without_channel execution_start=228426522 execution_end=228427810 execution_duration_ms=1288
[2026-01-30 18:53:05.639] [info] [spider.worker] [TIMING] task_id=56f16b72-4c6c-4e51-807a-c652e2e4713d func=job_orchestration.executor.query.spider_search_task.search_without_channel submit_output_start=228427811 submit_output_end=228427848 submit_output_duration_ms=36
[2026-01-30 18:53:05.663] [info] [spider.worker] [TIMING] task_id=4384527d-8594-41f5-b2ef-969b1e23ebbe func=job_orchestration.executor.query.spider_search_task.search_without_channel fetch_input_start=228427870 fetch_input_end=228427872 fetch_input_duration_ms=1
[2026-01-30 18:53:06.889] [info] [spider.worker] [TIMING] task_id=4384527d-8594-41f5-b2ef-969b1e23ebbe func=job_orchestration.executor.query.spider_search_task.search_without_channel execution_start=228427872 execution_end=228429097 execution_duration_ms=1225
[2026-01-30 18:53:06.985] [info] [spider.worker] [TIMING] task_id=4384527d-8594-41f5-b2ef-969b1e23ebbe func=job_orchestration.executor.query.spider_search_task.search_without_channel submit_output_start=228429100 submit_output_end=228429193 submit_output_duration_ms=93
[2026-01-30 18:53:07.028] [info] [spider.worker] [TIMING] task_id=1f292315-13fa-46af-9327-33d04d277463 func=job_orchestration.executor.query.spider_search_task.search_without_channel fetch_input_start=228429235 fetch_input_end=228429236 fetch_input_duration_ms=1
[2026-01-30 18:53:08.297] [info] [spider.worker] [TIMING] task_id=1f292315-13fa-46af-9327-33d04d277463 func=job_orchestration.executor.query.spider_search_task.search_without_channel execution_start=228429237 execution_end=228430505 execution_duration_ms=1267
[2026-01-30 18:53:08.310] [info] [spider.worker] [TIMING] task_id=1f292315-13fa-46af-9327-33d04d277463 func=job_orchestration.executor.query.spider_search_task.search_without_channel submit_output_start=228430507 submit_output_end=228430519 submit_output_duration_ms=11
[2026-01-30 18:53:08.330] [info] [spider.worker] [TIMING] task_id=d990d3e3-b05b-4ded-b08f-04da9d4d7834 func=job_orchestration.executor.query.spider_search_task.search_without_channel fetch_input_start=228430537 fetch_input_end=228430538 fetch_input_duration_ms=1
[2026-01-30 18:53:09.671] [info] [spider.worker] [TIMING] task_id=d990d3e3-b05b-4ded-b08f-04da9d4d7834 func=job_orchestration.executor.query.spider_search_task.search_without_channel execution_start=228430539 execution_end=228431879 execution_duration_ms=1340
[2026-01-30 18:53:09.728] [info] [spider.worker] [TIMING] task_id=d990d3e3-b05b-4ded-b08f-04da9d4d7834 func=job_orchestration.executor.query.spider_search_task.search_without_channel submit_output_start=228431881 submit_output_end=228431936 submit_output_duration_ms=54
[2026-01-30 18:53:09.738] [info] [spider.worker] [TIMING] task_id=ce84457b-ef0e-4226-b6fa-2a1ed44a2802 func=job_orchestration.executor.query.spider_search_task.search_without_channel fetch_input_start=228431946 fetch_input_end=228431947 fetch_input_duration_ms=1
[2026-01-30 18:53:10.945] [info] [spider.worker] [TIMING] task_id=ce84457b-ef0e-4226-b6fa-2a1ed44a2802 func=job_orchestration.executor.query.spider_search_task.search_without_channel execution_start=228431948 execution_end=228433154 execution_duration_ms=1205
[2026-01-30 18:53:10.975] [info] [spider.worker] [TIMING] task_id=ce84457b-ef0e-4226-b6fa-2a1ed44a2802 func=job_orchestration.executor.query.spider_search_task.search_without_channel submit_output_start=228433155 submit_output_end=228433183 submit_output_duration_ms=28
[2026-01-30 18:53:10.998] [info] [spider.worker] [TIMING] task_id=f3909151-67eb-41c7-a8cb-7608d75e7094 func=job_orchestration.executor.query.spider_search_task.search_without_channel fetch_input_start=228433205 fetch_input_end=228433206 fetch_input_duration_ms=1
[2026-01-30 18:53:12.243] [info] [spider.worker] [TIMING] task_id=f3909151-67eb-41c7-a8cb-7608d75e7094 func=job_orchestration.executor.query.spider_search_task.search_without_channel execution_start=228433207 execution_end=228434452 execution_duration_ms=1244
[2026-01-30 18:53:12.253] [info] [spider.worker] [TIMING] task_id=f3909151-67eb-41c7-a8cb-7608d75e7094 func=job_orchestration.executor.query.spider_search_task.search_without_channel submit_output_start=228434453 submit_output_end=228434461 submit_output_duration_ms=7
[2026-01-30 18:53:12.288] [info] [spider.worker] [TIMING] task_id=d88882c2-f4a0-48c8-b352-3668ec4e0bba func=job_orchestration.executor.query.spider_search_task.search_without_channel fetch_input_start=228434496 fetch_input_end=228434497 fetch_input_duration_ms=0
[2026-01-30 18:53:13.373] [info] [spider.worker] [TIMING] task_id=d88882c2-f4a0-48c8-b352-3668ec4e0bba func=job_orchestration.executor.query.spider_search_task.search_without_channel execution_start=228434497 execution_end=228435581 execution_duration_ms=1084
[2026-01-30 18:53:13.439] [info] [spider.worker] [TIMING] task_id=d88882c2-f4a0-48c8-b352-3668ec4e0bba func=job_orchestration.executor.query.spider_search_task.search_without_channel submit_output_start=228435583 submit_output_end=228435647 submit_output_duration_ms=64
[2026-01-30 18:53:13.489] [info] [spider.worker] [TIMING] task_id=0100ca46-3cd0-4c4d-a8fd-1e58996ab583 func=job_orchestration.executor.query.spider_search_task.search_without_channel fetch_input_start=228435696 fetch_input_end=228435697 fetch_input_duration_ms=1
[2026-01-30 18:53:14.677] [info] [spider.worker] [TIMING] task_id=0100ca46-3cd0-4c4d-a8fd-1e58996ab583 func=job_orchestration.executor.query.spider_search_task.search_without_channel execution_start=228435698 execution_end=228436885 execution_duration_ms=1187
[2026-01-30 18:53:14.742] [info] [spider.worker] [TIMING] task_id=0100ca46-3cd0-4c4d-a8fd-1e58996ab583 func=job_orchestration.executor.query.spider_search_task.search_without_channel submit_output_start=228436887 submit_output_end=228436950 submit_output_duration_ms=63
[2026-01-30 18:53:14.811] [info] [spider.worker] [TIMING] task_id=b52f4b93-9598-4064-b701-be1a1b4765df func=job_orchestration.executor.query.spider_search_task.search_without_channel fetch_input_start=228437018 fetch_input_end=228437019 fetch_input_duration_ms=1
[2026-01-30 18:53:16.075] [info] [spider.worker] [TIMING] task_id=b52f4b93-9598-4064-b701-be1a1b4765df func=job_orchestration.executor.query.spider_search_task.search_without_channel execution_start=228437020 execution_end=228438284 execution_duration_ms=1263
[2026-01-30 18:53:16.087] [info] [spider.worker] [TIMING] task_id=b52f4b93-9598-4064-b701-be1a1b4765df func=job_orchestration.executor.query.spider_search_task.search_without_channel submit_output_start=228438285 submit_output_end=228438295 submit_output_duration_ms=10
[2026-01-30 18:53:16.123] [info] [spider.worker] [TIMING] task_id=af821bc1-4d8d-4c7a-b4a8-438a1c576efc func=job_orchestration.executor.query.spider_search_task.search_without_channel fetch_input_start=228438330 fetch_input_end=228438331 fetch_input_duration_ms=1
[2026-01-30 18:53:17.430] [info] [spider.worker] [TIMING] task_id=af821bc1-4d8d-4c7a-b4a8-438a1c576efc func=job_orchestration.executor.query.spider_search_task.search_without_channel execution_start=228438332 execution_end=228439638 execution_duration_ms=1306
[2026-01-30 18:53:17.446] [info] [spider.worker] [TIMING] task_id=af821bc1-4d8d-4c7a-b4a8-438a1c576efc func=job_orchestration.executor.query.spider_search_task.search_without_channel submit_output_start=228439640 submit_output_end=228439654 submit_output_duration_ms=14
[2026-01-30 18:53:17.465] [info] [spider.worker] [TIMING] task_id=99786bc4-a6f2-4296-9e41-954c196637c6 func=job_orchestration.executor.query.spider_search_task.search_without_channel fetch_input_start=228439672 fetch_input_end=228439673 fetch_input_duration_ms=0
[2026-01-30 18:53:18.827] [info] [spider.worker] [TIMING] task_id=99786bc4-a6f2-4296-9e41-954c196637c6 func=job_orchestration.executor.query.spider_search_task.search_without_channel execution_start=228439674 execution_end=228441035 execution_duration_ms=1361
[2026-01-30 18:53:18.846] [info] [spider.worker] [TIMING] task_id=99786bc4-a6f2-4296-9e41-954c196637c6 func=job_orchestration.executor.query.spider_search_task.search_without_channel submit_output_start=228441037 submit_output_end=228441054 submit_output_duration_ms=17
[2026-01-30 18:53:18.890] [info] [spider.worker] [TIMING] task_id=b5fdf26e-897c-47f9-967b-eba5a6f498cf func=job_orchestration.executor.query.spider_search_task.search_without_channel fetch_input_start=228441097 fetch_input_end=228441099 fetch_input_duration_ms=1
[2026-01-30 18:53:20.129] [info] [spider.worker] [TIMING] task_id=b5fdf26e-897c-47f9-967b-eba5a6f498cf func=job_orchestration.executor.query.spider_search_task.search_without_channel execution_start=228441099 execution_end=228442337 execution_duration_ms=1237
[2026-01-30 18:53:20.163] [info] [spider.worker] [TIMING] task_id=b5fdf26e-897c-47f9-967b-eba5a6f498cf func=job_orchestration.executor.query.spider_search_task.search_without_channel submit_output_start=228442344 submit_output_end=228442371 submit_output_duration_ms=27
[2026-01-30 18:53:20.204] [info] [spider.worker] [TIMING] task_id=67075f5e-15bb-4783-aae2-99f56dabfd8b func=job_orchestration.executor.query.spider_search_task.search_without_channel fetch_input_start=228442412 fetch_input_end=228442413 fetch_input_duration_ms=0
[2026-01-30 18:53:21.359] [info] [spider.worker] [TIMING] task_id=67075f5e-15bb-4783-aae2-99f56dabfd8b func=job_orchestration.executor.query.spider_search_task.search_without_channel execution_start=228442413 execution_end=228443567 execution_duration_ms=1153
[2026-01-30 18:53:21.388] [info] [spider.worker] [TIMING] task_id=67075f5e-15bb-4783-aae2-99f56dabfd8b func=job_orchestration.executor.query.spider_search_task.search_without_channel submit_output_start=228443569 submit_output_end=228443596 submit_output_duration_ms=27
[2026-01-30 18:53:21.407] [info] [spider.worker] [TIMING] task_id=51149ce9-6082-4463-a276-a1ee724dcdd4 func=job_orchestration.executor.query.spider_search_task.search_without_channel fetch_input_start=228443614 fetch_input_end=228443615 fetch_input_duration_ms=0
[2026-01-30 18:53:22.697] [info] [spider.worker] [TIMING] task_id=51149ce9-6082-4463-a276-a1ee724dcdd4 func=job_orchestration.executor.query.spider_search_task.search_without_channel execution_start=228443616 execution_end=228444905 execution_duration_ms=1289
[2026-01-30 18:53:22.783] [info] [spider.worker] [TIMING] task_id=51149ce9-6082-4463-a276-a1ee724dcdd4 func=job_orchestration.executor.query.spider_search_task.search_without_channel submit_output_start=228444906 submit_output_end=228444991 submit_output_duration_ms=84
[2026-01-30 18:53:22.844] [info] [spider.worker] [TIMING] task_id=59f051e0-d33b-47b8-8f48-f428869e3ef3 func=job_orchestration.executor.query.spider_search_task.search_without_channel fetch_input_start=228445051 fetch_input_end=228445052 fetch_input_duration_ms=0
[2026-01-30 18:53:24.098] [info] [spider.worker] [TIMING] task_id=59f051e0-d33b-47b8-8f48-f428869e3ef3 func=job_orchestration.executor.query.spider_search_task.search_without_channel execution_start=228445053 execution_end=228446306 execution_duration_ms=1253
[2026-01-30 18:53:24.130] [info] [spider.worker] [TIMING] task_id=59f051e0-d33b-47b8-8f48-f428869e3ef3 func=job_orchestration.executor.query.spider_search_task.search_without_channel submit_output_start=228446307 submit_output_end=228446338 submit_output_duration_ms=31
[2026-01-30 18:53:24.182] [info] [spider.worker] [TIMING] task_id=fa685c13-bffc-46cf-9d5e-73c31dd033a4 func=job_orchestration.executor.query.spider_search_task.search_without_channel fetch_input_start=228446389 fetch_input_end=228446390 fetch_input_duration_ms=1
[2026-01-30 18:53:25.415] [info] [spider.worker] [TIMING] task_id=fa685c13-bffc-46cf-9d5e-73c31dd033a4 func=job_orchestration.executor.query.spider_search_task.search_without_channel execution_start=228446391 execution_end=228447623 execution_duration_ms=1232
[2026-01-30 18:53:25.446] [info] [spider.worker] [TIMING] task_id=fa685c13-bffc-46cf-9d5e-73c31dd033a4 func=job_orchestration.executor.query.spider_search_task.search_without_channel submit_output_start=228447625 submit_output_end=228447655 submit_output_duration_ms=29
[2026-01-30 18:53:25.465] [info] [spider.worker] [TIMING] task_id=0f12762b-9e76-4643-94ff-79b444001ffc func=job_orchestration.executor.query.spider_search_task.search_without_channel fetch_input_start=228447673 fetch_input_end=228447674 fetch_input_duration_ms=0
[2026-01-30 18:53:26.622] [info] [spider.worker] [TIMING] task_id=0f12762b-9e76-4643-94ff-79b444001ffc func=job_orchestration.executor.query.spider_search_task.search_without_channel execution_start=228447675 execution_end=228448831 execution_duration_ms=1156
[2026-01-30 18:53:26.657] [info] [spider.worker] [TIMING] task_id=0f12762b-9e76-4643-94ff-79b444001ffc func=job_orchestration.executor.query.spider_search_task.search_without_channel submit_output_start=228448833 submit_output_end=228448865 submit_output_duration_ms=32
[2026-01-30 18:53:26.674] [info] [spider.worker] [TIMING] task_id=8899f4fb-a3d8-425d-9cea-9fa83600fe0f func=job_orchestration.executor.query.spider_search_task.search_without_channel fetch_input_start=228448882 fetch_input_end=228448883 fetch_input_duration_ms=0
[2026-01-30 18:53:27.922] [info] [spider.worker] [TIMING] task_id=8899f4fb-a3d8-425d-9cea-9fa83600fe0f func=job_orchestration.executor.query.spider_search_task.search_without_channel execution_start=228448883 execution_end=228450131 execution_duration_ms=1247
[2026-01-30 18:53:27.951] [info] [spider.worker] [TIMING] task_id=8899f4fb-a3d8-425d-9cea-9fa83600fe0f func=job_orchestration.executor.query.spider_search_task.search_without_channel submit_output_start=228450133 submit_output_end=228450160 submit_output_duration_ms=26
[2026-01-30 18:53:27.975] [info] [spider.worker] [TIMING] task_id=f550da52-9c1f-416b-8557-ab38e264c5ab func=job_orchestration.executor.query.spider_search_task.search_without_channel fetch_input_start=228450182 fetch_input_end=228450183 fetch_input_duration_ms=0
[2026-01-30 18:53:29.236] [info] [spider.worker] [TIMING] task_id=f550da52-9c1f-416b-8557-ab38e264c5ab func=job_orchestration.executor.query.spider_search_task.search_without_channel execution_start=228450184 execution_end=228451445 execution_duration_ms=1260
[2026-01-30 18:53:29.247] [info] [spider.worker] [TIMING] task_id=f550da52-9c1f-416b-8557-ab38e264c5ab func=job_orchestration.executor.query.spider_search_task.search_without_channel submit_output_start=228451446 submit_output_end=228451456 submit_output_duration_ms=9
[2026-01-30 18:53:29.275] [info] [spider.worker] [TIMING] task_id=477e1aa8-c26e-4b0f-a435-17ceb941b0da func=job_orchestration.executor.query.spider_search_task.search_without_channel fetch_input_start=228451483 fetch_input_end=228451483 fetch_input_duration_ms=0
[2026-01-30 18:53:30.440] [info] [spider.worker] [TIMING] task_id=477e1aa8-c26e-4b0f-a435-17ceb941b0da func=job_orchestration.executor.query.spider_search_task.search_without_channel execution_start=228451484 execution_end=228452649 execution_duration_ms=1164
[2026-01-30 18:53:30.474] [info] [spider.worker] [TIMING] task_id=477e1aa8-c26e-4b0f-a435-17ceb941b0da func=job_orchestration.executor.query.spider_search_task.search_without_channel submit_output_start=228452651 submit_output_end=228452682 submit_output_duration_ms=31
[2026-01-30 18:53:30.492] [info] [spider.worker] [TIMING] task_id=a6456722-4ed0-4fec-ad9e-2cb2c17b3c13 func=job_orchestration.executor.query.spider_search_task.search_without_channel fetch_input_start=228452699 fetch_input_end=228452700 fetch_input_duration_ms=0
[2026-01-30 18:53:31.737] [info] [spider.worker] [TIMING] task_id=a6456722-4ed0-4fec-ad9e-2cb2c17b3c13 func=job_orchestration.executor.query.spider_search_task.search_without_channel execution_start=228452701 execution_end=228453946 execution_duration_ms=1244
[2026-01-30 18:53:31.777] [info] [spider.worker] [TIMING] task_id=a6456722-4ed0-4fec-ad9e-2cb2c17b3c13 func=job_orchestration.executor.query.spider_search_task.search_without_channel submit_output_start=228453948 submit_output_end=228453985 submit_output_duration_ms=37
[2026-01-30 18:53:31.800] [info] [spider.worker] [TIMING] task_id=2222ccd4-4d66-44ff-9895-90e9aba83cee func=job_orchestration.executor.query.spider_search_task.search_without_channel fetch_input_start=228454008 fetch_input_end=228454008 fetch_input_duration_ms=0
[2026-01-30 18:53:33.009] [info] [spider.worker] [TIMING] task_id=2222ccd4-4d66-44ff-9895-90e9aba83cee func=job_orchestration.executor.query.spider_search_task.search_without_channel execution_start=228454009 execution_end=228455217 execution_duration_ms=1207
[2026-01-30 18:53:33.054] [info] [spider.worker] [TIMING] task_id=2222ccd4-4d66-44ff-9895-90e9aba83cee func=job_orchestration.executo