[2026-01-30 19:54:16.417] [warning] [spider.worker] Prefer using `SPIDER_STORAGE_URL` environment variable over `--storage_url` argument.
[2026-01-30 19:55:08.643] [info] [spider.worker] [TIMING] task_id=9a3a455a-7ad4-406e-824b-5ba1157dc296 func=job_orchestration.executor.query.spider_search_task.search_without_channel fetch_input_start=232150850 fetch_input_end=232150852 fetch_input_duration_ms=1
[2026-01-30 19:55:08.644] [info] [spider.worker] [TIMING] task_id=9a3a455a-7ad4-406e-824b-5ba1157dc296 func=job_orchestration.executor.query.spider_search_task.search_without_channel input_send_start=232150853 input_send_end=232150853 input_send_duration_ms=0 bytes=626
[2026-01-30 19:55:08.644] [info] [spider.worker] [TIMING] task_id=9a3a455a-7ad4-406e-824b-5ba1157dc296 func=job_orchestration.executor.query.spider_search_task.search_without_channel spawn_start=232150852 spawn_end=232150853 spawn_duration_ms=0
[2026-01-30 19:55:09.913] [info] [spider.worker] [TIMING] task_id=9a3a455a-7ad4-406e-824b-5ba1157dc296 func=job_orchestration.executor.query.spider_search_task.search_without_channel execution_start=232150853 execution_end=232152121 execution_duration_ms=1268
[2026-01-30 19:55:09.964] [info] [spider.worker] [TIMING] task_id=9a3a455a-7ad4-406e-824b-5ba1157dc296 func=job_orchestration.executor.query.spider_search_task.search_without_channel submit_output_start=232152132 submit_output_end=232152173 submit_output_duration_ms=41
[2026-01-30 19:55:10.034] [info] [spider.worker] [TIMING] task_id=44166362-b435-4954-9511-1c8ea7d65d9f func=job_orchestration.executor.query.spider_search_task.search_without_channel fetch_input_start=232152241 fetch_input_end=232152242 fetch_input_duration_ms=0
[2026-01-30 19:55:10.035] [info] [spider.worker] [TIMING] task_id=44166362-b435-4954-9511-1c8ea7d65d9f func=job_orchestration.executor.query.spider_search_task.search_without_channel input_send_start=232152243 input_send_end=232152243 input_send_duration_ms=0 bytes=626
[2026-01-30 19:55:10.035] [info] [spider.worker] [TIMING] task_id=44166362-b435-4954-9511-1c8ea7d65d9f func=job_orchestration.executor.query.spider_search_task.search_without_channel spawn_start=232152242 spawn_end=232152243 spawn_duration_ms=0
[2026-01-30 19:55:11.193] [info] [spider.worker] [TIMING] task_id=44166362-b435-4954-9511-1c8ea7d65d9f func=job_orchestration.executor.query.spider_search_task.search_without_channel execution_start=232152243 execution_end=232153402 execution_duration_ms=1158
[2026-01-30 19:55:11.238] [info] [spider.worker] [TIMING] task_id=44166362-b435-4954-9511-1c8ea7d65d9f func=job_orchestration.executor.query.spider_search_task.search_without_channel submit_output_start=232153403 submit_output_end=232153447 submit_output_duration_ms=43
[2026-01-30 19:55:11.277] [info] [spider.worker] [TIMING] task_id=13bbe17b-d3b1-4ff1-aee4-ecc373cc2835 func=job_orchestration.executor.query.spider_search_task.search_without_channel fetch_input_start=232153484 fetch_input_end=232153485 fetch_input_duration_ms=0
[2026-01-30 19:55:11.277] [info] [spider.worker] [TIMING] task_id=13bbe17b-d3b1-4ff1-aee4-ecc373cc2835 func=job_orchestration.executor.query.spider_search_task.search_without_channel input_send_start=232153485 input_send_end=232153485 input_send_duration_ms=0 bytes=626
[2026-01-30 19:55:11.277] [info] [spider.worker] [TIMING] task_id=13bbe17b-d3b1-4ff1-aee4-ecc373cc2835 func=job_orchestration.executor.query.spider_search_task.search_without_channel spawn_start=232153485 spawn_end=232153485 spawn_duration_ms=0
[2026-01-30 19:55:12.552] [info] [spider.worker] [TIMING] task_id=13bbe17b-d3b1-4ff1-aee4-ecc373cc2835 func=job_orchestration.executor.query.spider_search_task.search_without_channel execution_start=232153486 execution_end=232154761 execution_duration_ms=1275
[2026-01-30 19:55:12.580] [info] [spider.worker] [TIMING] task_id=13bbe17b-d3b1-4ff1-aee4-ecc373cc2835 func=job_orchestration.executor.query.spider_search_task.search_without_channel submit_output_start=232154763 submit_output_end=232154788 submit_output_duration_ms=25
[2026-01-30 19:55:12.600] [info] [spider.worker] [TIMING] task_id=55b825c9-06f6-4100-8f87-e981c2d1edf0 func=job_orchestration.executor.query.spider_search_task.search_without_channel fetch_input_start=232154808 fetch_input_end=232154809 fetch_input_duration_ms=1
[2026-01-30 19:55:12.601] [info] [spider.worker] [TIMING] task_id=55b825c9-06f6-4100-8f87-e981c2d1edf0 func=job_orchestration.executor.query.spider_search_task.search_without_channel input_send_start=232154809 input_send_end=232154809 input_send_duration_ms=0 bytes=626
[2026-01-30 19:55:12.601] [info] [spider.worker] [TIMING] task_id=55b825c9-06f6-4100-8f87-e981c2d1edf0 func=job_orchestration.executor.query.spider_search_task.search_without_channel spawn_start=232154809 spawn_end=232154809 spawn_duration_ms=0
[2026-01-30 19:55:13.738] [info] [spider.worker] [TIMING] task_id=55b825c9-06f6-4100-8f87-e981c2d1edf0 func=job_orchestration.executor.query.spider_search_task.search_without_channel execution_start=232154810 execution_end=232155947 execution_duration_ms=1136
[2026-01-30 19:55:13.773] [info] [spider.worker] [TIMING] task_id=55b825c9-06f6-4100-8f87-e981c2d1edf0 func=job_orchestration.executor.query.spider_search_task.search_without_channel submit_output_start=232155948 submit_output_end=232155981 submit_output_duration_ms=33
[2026-01-30 19:55:13.809] [info] [spider.worker] [TIMING] task_id=3a37e039-b855-4795-a13e-e63d75ad68f8 func=job_orchestration.executor.query.spider_search_task.search_without_channel fetch_input_start=232156017 fetch_input_end=232156017 fetch_input_duration_ms=0
[2026-01-30 19:55:13.810] [info] [spider.worker] [TIMING] task_id=3a37e039-b855-4795-a13e-e63d75ad68f8 func=job_orchestration.executor.query.spider_search_task.search_without_channel input_send_start=232156018 input_send_end=232156018 input_send_duration_ms=0 bytes=626
[2026-01-30 19:55:13.810] [info] [spider.worker] [TIMING] task_id=3a37e039-b855-4795-a13e-e63d75ad68f8 func=job_orchestration.executor.query.spider_search_task.search_without_channel spawn_start=232156017 spawn_end=232156018 spawn_duration_ms=0
[2026-01-30 19:55:15.116] [info] [spider.worker] [TIMING] task_id=3a37e039-b855-4795-a13e-e63d75ad68f8 func=job_orchestration.executor.query.spider_search_task.search_without_channel execution_start=232156018 execution_end=232157324 execution_duration_ms=1306
[2026-01-30 19:55:15.210] [info] [spider.worker] [TIMING] task_id=3a37e039-b855-4795-a13e-e63d75ad68f8 func=job_orchestration.executor.query.spider_search_task.search_without_channel submit_output_start=232157326 submit_output_end=232157419 submit_output_duration_ms=92
[2026-01-30 19:55:15.254] [info] [spider.worker] [TIMING] task_id=329e8ae8-94a7-42aa-b418-5dd38dce4d0a func=job_orchestration.executor.query.spider_search_task.search_without_channel fetch_input_start=232157462 fetch_input_end=232157463 fetch_input_duration_ms=0
[2026-01-30 19:55:15.255] [info] [spider.worker] [TIMING] task_id=329e8ae8-94a7-42aa-b418-5dd38dce4d0a func=job_orchestration.executor.query.spider_search_task.search_without_channel input_send_start=232157463 input_send_end=232157463 input_send_duration_ms=0 bytes=626
[2026-01-30 19:55:15.255] [info] [spider.worker] [TIMING] task_id=329e8ae8-94a7-42aa-b418-5dd38dce4d0a func=job_orchestration.executor.query.spider_search_task.search_without_channel spawn_start=232157463 spawn_end=232157463 spawn_duration_ms=0
[2026-01-30 19:55:16.421] [info] [spider.worker] [TIMING] task_id=329e8ae8-94a7-42aa-b418-5dd38dce4d0a func=job_orchestration.executor.query.spider_search_task.search_without_channel execution_start=232157463 execution_end=232158629 execution_duration_ms=1165
[2026-01-30 19:55:16.431] [info] [spider.worker] [TIMING] task_id=329e8ae8-94a7-42aa-b418-5dd38dce4d0a func=job_orchestration.executor.query.spider_search_task.search_without_channel submit_output_start=232158631 submit_output_end=232158640 submit_output_duration_ms=8
[2026-01-30 19:55:16.451] [info] [spider.worker] [TIMING] task_id=06752ac8-a703-4dd0-b724-5bb6f0e38445 func=job_orchestration.executor.query.spider_search_task.search_without_channel fetch_input_start=232158658 fetch_input_end=232158659 fetch_input_duration_ms=1
[2026-01-30 19:55:16.452] [info] [spider.worker] [TIMING] task_id=06752ac8-a703-4dd0-b724-5bb6f0e38445 func=job_orchestration.executor.query.spider_search_task.search_without_channel input_send_start=232158660 input_send_end=232158660 input_send_duration_ms=0 bytes=626
[2026-01-30 19:55:16.452] [info] [spider.worker] [TIMING] task_id=06752ac8-a703-4dd0-b724-5bb6f0e38445 func=job_orchestration.executor.query.spider_search_task.search_without_channel spawn_start=232158660 spawn_end=232158660 spawn_duration_ms=0
[2026-01-30 19:55:17.567] [info] [spider.worker] [TIMING] task_id=06752ac8-a703-4dd0-b724-5bb6f0e38445 func=job_orchestration.executor.query.spider_search_task.search_without_channel execution_start=232158660 execution_end=232159776 execution_duration_ms=1115
[2026-01-30 19:55:17.623] [info] [spider.worker] [TIMING] task_id=06752ac8-a703-4dd0-b724-5bb6f0e38445 func=job_orchestration.executor.query.spider_search_task.search_without_channel submit_output_start=232159777 submit_output_end=232159832 submit_output_duration_ms=54
[2026-01-30 19:55:17.643] [info] [spider.worker] [TIMING] task_id=e61020c1-99fb-443a-a0fd-a87a13f2071e func=job_orchestration.executor.query.spider_search_task.search_without_channel fetch_input_start=232159850 fetch_input_end=232159851 fetch_input_duration_ms=1
[2026-01-30 19:55:17.643] [info] [spider.worker] [TIMING] task_id=e61020c1-99fb-443a-a0fd-a87a13f2071e func=job_orchestration.executor.query.spider_search_task.search_without_channel input_send_start=232159852 input_send_end=232159852 input_send_duration_ms=0 bytes=626
[2026-01-30 19:55:17.643] [info] [spider.worker] [TIMING] task_id=e61020c1-99fb-443a-a0fd-a87a13f2071e func=job_orchestration.executor.query.spider_search_task.search_without_channel spawn_start=232159851 spawn_end=232159852 spawn_duration_ms=0
[2026-01-30 19:55:18.811] [info] [spider.worker] [TIMING] task_id=e61020c1-99fb-443a-a0fd-a87a13f2071e func=job_orchestration.executor.query.spider_search_task.search_without_channel execution_start=232159852 execution_end=232161020 execution_duration_ms=1167
[2026-01-30 19:55:18.840] [info] [spider.worker] [TIMING] task_id=e61020c1-99fb-443a-a0fd-a87a13f2071e func=job_orchestration.executor.query.spider_search_task.search_without_channel submit_output_start=232161027 submit_output_end=232161048 submit_output_duration_ms=21
[2026-01-30 19:55:18.868] [info] [spider.worker] [TIMING] task_id=3968b7ed-394c-421a-b689-c9831a1ed870 func=job_orchestration.executor.query.spider_search_task.search_without_channel fetch_input_start=232161075 fetch_input_end=232161076 fetch_input_duration_ms=1
[2026-01-30 19:55:18.869] [info] [spider.worker] [TIMING] task_id=3968b7ed-394c-421a-b689-c9831a1ed870 func=job_orchestration.executor.query.spider_search_task.search_without_channel input_send_start=232161077 input_send_end=232161077 input_send_duration_ms=0 bytes=626
[2026-01-30 19:55:18.869] [info] [spider.worker] [TIMING] task_id=3968b7ed-394c-421a-b689-c9831a1ed870 func=job_orchestration.executor.query.spider_search_task.search_without_channel spawn_start=232161076 spawn_end=232161077 spawn_duration_ms=0
[2026-01-30 19:55:20.080] [info] [spider.worker] [TIMING] task_id=3968b7ed-394c-421a-b689-c9831a1ed870 func=job_orchestration.executor.query.spider_search_task.search_without_channel execution_start=232161077 execution_end=232162289 execution_duration_ms=1211
[2026-01-30 19:55:20.132] [info] [spider.worker] [TIMING] task_id=3968b7ed-394c-421a-b689-c9831a1ed870 func=job_orchestration.executor.query.spider_search_task.search_without_channel submit_output_start=232162321 submit_output_end=232162340 submit_output_duration_ms=19
[2026-01-30 19:55:20.151] [info] [spider.worker] [TIMING] task_id=6bf54e48-9e39-4d8c-8a58-8d41b8799d58 func=job_orchestration.executor.query.spider_search_task.search_without_channel fetch_input_start=232162359 fetch_input_end=232162360 fetch_input_duration_ms=0
[2026-01-30 19:55:20.152] [info] [spider.worker] [TIMING] task_id=6bf54e48-9e39-4d8c-8a58-8d41b8799d58 func=job_orchestration.executor.query.spider_search_task.search_without_channel input_send_start=232162360 input_send_end=232162360 input_send_duration_ms=0 bytes=626
[2026-01-30 19:55:20.152] [info] [spider.worker] [TIMING] task_id=6bf54e48-9e39-4d8c-8a58-8d41b8799d58 func=job_orchestration.executor.query.spider_search_task.search_without_channel spawn_start=232162360 spawn_end=232162361 spawn_duration_ms=0
[2026-01-30 19:55:21.332] [info] [spider.worker] [TIMING] task_id=6bf54e48-9e39-4d8c-8a58-8d41b8799d58 func=job_orchestration.executor.query.spider_search_task.search_without_channel execution_start=232162361 execution_end=232163541 execution_duration_ms=1180
[2026-01-30 19:55:21.356] [info] [spider.worker] [TIMING] task_id=6bf54e48-9e39-4d8c-8a58-8d41b8799d58 func=job_orchestration.executor.query.spider_search_task.search_without_channel submit_output_start=232163542 submit_output_end=232163565 submit_output_duration_ms=22
[2026-01-30 19:55:21.402] [info] [spider.worker] [TIMING] task_id=c0885546-d473-4c5f-af83-dce64d2cafec func=job_orchestration.executor.query.spider_search_task.search_without_channel fetch_input_start=232163609 fetch_input_end=232163610 fetch_input_duration_ms=1
[2026-01-30 19:55:21.402] [info] [spider.worker] [TIMING] task_id=c0885546-d473-4c5f-af83-dce64d2cafec func=job_orchestration.executor.query.spider_search_task.search_without_channel input_send_start=232163610 input_send_end=232163610 input_send_duration_ms=0 bytes=626
[2026-01-30 19:55:21.402] [info] [spider.worker] [TIMING] task_id=c0885546-d473-4c5f-af83-dce64d2cafec func=job_orchestration.executor.query.spider_search_task.search_without_channel spawn_start=232163610 spawn_end=232163610 spawn_duration_ms=0
[2026-01-30 19:55:22.520] [info] [spider.worker] [TIMING] task_id=c0885546-d473-4c5f-af83-dce64d2cafec func=job_orchestration.executor.query.spider_search_task.search_without_channel execution_start=232163611 execution_end=232164728 execution_duration_ms=1117
[2026-01-30 19:55:22.567] [info] [spider.worker] [TIMING] task_id=c0885546-d473-4c5f-af83-dce64d2cafec func=job_orchestration.executor.query.spider_search_task.search_without_channel submit_output_start=232164735 submit_output_end=232164776 submit_output_duration_ms=41
[2026-01-30 19:55:22.594] [info] [spider.worker] [TIMING] task_id=48469897-1a6b-4f6e-8fd6-8d0494b50830 func=job_orchestration.executor.query.spider_search_task.search_without_channel fetch_input_start=232164801 fetch_input_end=232164802 fetch_input_duration_ms=0
[2026-01-30 19:55:22.594] [info] [spider.worker] [TIMING] task_id=48469897-1a6b-4f6e-8fd6-8d0494b50830 func=job_orchestration.executor.query.spider_search_task.search_without_channel input_send_start=232164802 input_send_end=232164802 input_send_duration_ms=0 bytes=626
[2026-01-30 19:55:22.594] [info] [spider.worker] [TIMING] task_id=48469897-1a6b-4f6e-8fd6-8d0494b50830 func=job_orchestration.executor.query.spider_search_task.search_without_channel spawn_start=232164802 spawn_end=232164802 spawn_duration_ms=0
[2026-01-30 19:55:23.820] [info] [spider.worker] [TIMING] task_id=48469897-1a6b-4f6e-8fd6-8d0494b50830 func=job_orchestration.executor.query.spider_search_task.search_without_channel execution_start=232164803 execution_end=232166028 execution_duration_ms=1225
[2026-01-30 19:55:23.853] [info] [spider.worker] [TIMING] task_id=48469897-1a6b-4f6e-8fd6-8d0494b50830 func=job_orchestration.executor.query.spider_search_task.search_without_channel submit_output_start=232166031 submit_output_end=232166062 submit_output_duration_ms=30
[2026-01-30 19:55:23.878] [info] [spider.worker] [TIMING] task_id=30b4cf86-45c7-4364-a570-7bcc6d17dee3 func=job_orchestration.executor.query.spider_search_task.search_without_channel fetch_input_start=232166085 fetch_input_end=232166086 fetch_input_duration_ms=1
[2026-01-30 19:55:23.878] [info] [spider.worker] [TIMING] task_id=30b4cf86-45c7-4364-a570-7bcc6d17dee3 func=job_orchestration.executor.query.spider_search_task.search_without_channel input_send_start=232166087 input_send_end=232166087 input_send_duration_ms=0 bytes=626
[2026-01-30 19:55:23.878] [info] [spider.worker] [TIMING] task_id=30b4cf86-45c7-4364-a570-7bcc6d17dee3 func=job_orchestration.executor.query.spider_search_task.search_without_channel spawn_start=232166086 spawn_end=232166087 spawn_duration_ms=0
[2026-01-30 19:55:24.984] [info] [spider.worker] [TIMING] task_id=30b4cf86-45c7-4364-a570-7bcc6d17dee3 func=job_orchestration.executor.query.spider_search_task.search_without_channel execution_start=232166087 execution_end=232167193 execution_duration_ms=1105
[2026-01-30 19:55:25.000] [info] [spider.worker] [TIMING] task_id=30b4cf86-45c7-4364-a570-7bcc6d17dee3 func=job_orchestration.executor.query.spider_search_task.search_without_channel submit_output_start=232167195 submit_output_end=232167208 submit_output_duration_ms=13
[2026-01-30 19:55:25.019] [info] [spider.worker] [TIMING] task_id=a5ede225-51b0-49cb-a310-5d6a832e9bd5 func=job_orchestration.executor.query.spider_search_task.search_without_channel fetch_input_start=232167227 fetch_input_end=232167228 fetch_input_duration_ms=1
[2026-01-30 19:55:25.020] [info] [spider.worker] [TIMING] task_id=a5ede225-51b0-49cb-a310-5d6a832e9bd5 func=job_orchestration.executor.query.spider_search_task.search_without_channel input_send_start=232167228 input_send_end=232167228 input_send_duration_ms=0 bytes=626
[2026-01-30 19:55:25.020] [info] [spider.worker] [TIMING] task_id=a5ede225-51b0-49cb-a310-5d6a832e9bd5 func=job_orchestration.executor.query.spider_search_task.search_without_channel spawn_start=232167228 spawn_end=232167228 spawn_duration_ms=0
[2026-01-30 19:55:26.387] [info] [spider.worker] [TIMING] task_id=a5ede225-51b0-49cb-a310-5d6a832e9bd5 func=job_orchestration.executor.query.spider_search_task.search_without_channel execution_start=232167229 execution_end=232168595 execution_duration_ms=1366
[2026-01-30 19:55:26.400] [info] [spider.worker] [TIMING] task_id=a5ede225-51b0-49cb-a310-5d6a832e9bd5 func=job_orchestration.executor.query.spider_search_task.search_without_channel submit_output_start=232168597 submit_output_end=232168608 submit_output_duration_ms=11
[2026-01-30 19:55:26.436] [info] [spider.worker] [TIMING] task_id=41fefeac-5cc0-4e3c-9936-1f654f43e33f func=job_orchestration.executor.query.spider_search_task.search_without_channel fetch_input_start=232168644 fetch_input_end=232168645 fetch_input_duration_ms=1
[2026-01-30 19:55:26.437] [info] [spider.worker] [TIMING] task_id=41fefeac-5cc0-4e3c-9936-1f654f43e33f func=job_orchestration.executor.query.spider_search_task.search_without_channel input_send_start=232168645 input_send_end=232168645 input_send_duration_ms=0 bytes=626
[2026-01-30 19:55:26.437] [info] [spider.worker] [TIMING] task_id=41fefeac-5cc0-4e3c-9936-1f654f43e33f func=job_orchestration.executor.query.spider_search_task.search_without_channel spawn_start=232168645 spawn_end=232168645 spawn_duration_ms=0
[2026-01-30 19:55:27.582] [info] [spider.worker] [TIMING] task_id=41fefeac-5cc0-4e3c-9936-1f654f43e33f func=job_orchestration.executor.query.spider_search_task.search_without_channel execution_start=232168646 execution_end=232169791 execution_duration_ms=1145
[2026-01-30 19:55:27.611] [info] [spider.worker] [TIMING] task_id=41fefeac-5cc0-4e3c-9936-1f654f43e33f func=job_orchestration.executor.query.spider_search_task.search_without_channel submit_output_start=232169792 submit_output_end=232169819 submit_output_duration_ms=27
[2026-01-30 19:55:27.637] [info] [spider.worker] [TIMING] task_id=cb680ec1-b732-406f-a28f-f7d8cfc5ae68 func=job_orchestration.executor.query.spider_search_task.search_without_channel fetch_input_start=232169844 fetch_input_end=232169845 fetch_input_duration_ms=1
[2026-01-30 19:55:27.637] [info] [spider.worker] [TIMING] task_id=cb680ec1-b732-406f-a28f-f7d8cfc5ae68 func=job_orchestration.executor.query.spider_search_task.search_without_channel input_send_start=232169846 input_send_end=232169846 input_send_duration_ms=0 bytes=626
[2026-01-30 19:55:27.637] [info] [spider.worker] [TIMING] task_id=cb680ec1-b732-406f-a28f-f7d8cfc5ae68 func=job_orchestration.executor.query.spider_search_task.search_without_channel spawn_start=232169845 spawn_end=232169846 spawn_duration_ms=0
[2026-01-30 19:55:28.976] [info] [spider.worker] [TIMING] task_id=cb680ec1-b732-406f-a28f-f7d8cfc5ae68 func=job_orchestration.executor.query.spider_search_task.search_without_channel execution_start=232169846 execution_end=232171185 execution_duration_ms=1338
[2026-01-30 19:55:29.014] [info] [spider.worker] [TIMING] task_id=cb680ec1-b732-406f-a28f-f7d8cfc5ae68 func=job_orchestration.executor.query.spider_search_task.search_without_channel submit_output_start=232171186 submit_output_end=232171223 submit_output_duration_ms=36
[2026-01-30 19:55:29.037] [info] [spider.worker] [TIMING] task_id=40c1a596-2265-4d38-b8ba-0ac1c9e297f1 func=job_orchestration.executor.query.spider_search_task.search_without_channel fetch_input_start=232171244 fetch_input_end=232171245 fetch_input_duration_ms=1
[2026-01-30 19:55:29.038] [info] [spider.worker] [TIMING] task_id=40c1a596-2265-4d38-b8ba-0ac1c9e297f1 func=job_orchestration.executor.query.spider_search_task.search_without_channel input_send_start=232171246 input_send_end=232171246 input_send_duration_ms=0 bytes=626
[2026-01-30 19:55:29.038] [info] [spider.worker] [TIMING] task_id=40c1a596-2265-4d38-b8ba-0ac1c9e297f1 func=job_orchestration.executor.query.spider_search_task.search_without_channel spawn_start=232171245 spawn_end=232171246 spawn_duration_ms=0
[2026-01-30 19:55:30.216] [info] [spider.worker] [TIMING] task_id=40c1a596-2265-4d38-b8ba-0ac1c9e297f1 func=job_orchestration.executor.query.spider_search_task.search_without_channel execution_start=232171246 execution_end=232172424 execution_duration_ms=1178
[2026-01-30 19:55:30.234] [info] [spider.worker] [TIMING] task_id=40c1a596-2265-4d38-b8ba-0ac1c9e297f1 func=job_orchestration.executor.query.spider_search_task.search_without_channel submit_output_start=232172426 submit_output_end=232172442 submit_output_duration_ms=16
[2026-01-30 19:55:30.269] [info] [spider.worker] [TIMING] task_id=a79a3ae1-30c5-4105-8d4c-e103cbf8a376 func=job_orchestration.executor.query.spider_search_task.search_without_channel fetch_input_start=232172477 fetch_input_end=232172478 fetch_input_duration_ms=0
[2026-01-30 19:55:30.270] [info] [spider.worker] [TIMING] task_id=a79a3ae1-30c5-4105-8d4c-e103cbf8a376 func=job_orchestration.executor.query.spider_search_task.search_without_channel input_send_start=232172478 input_send_end=232172478 input_send_duration_ms=0 bytes=626
[2026-01-30 19:55:30.270] [info] [spider.worker] [TIMING] task_id=a79a3ae1-30c5-4105-8d4c-e103cbf8a376 func=job_orchestration.executor.query.spider_search_task.search_without_channel spawn_start=232172478 spawn_end=232172478 spawn_duration_ms=0
[2026-01-30 19:55:31.539] [info] [spider.worker] [TIMING] task_id=a79a3ae1-30c5-4105-8d4c-e103cbf8a376 func=job_orchestration.executor.query.spider_search_task.search_without_channel execution_start=232172478 execution_end=232173747 execution_duration_ms=1268
[2026-01-30 19:55:31.551] [info] [spider.worker] [TIMING] task_id=a79a3ae1-30c5-4105-8d4c-e103cbf8a376 func=job_orchestration.executor.query.spider_search_task.search_without_channel submit_output_start=232173749 submit_output_end=232173759 submit_output_duration_ms=10
[2026-01-30 19:55:31.571] [info] [spider.worker] [TIMING] task_id=1309f4d6-4f00-4c07-8810-9cc79a31993f func=job_orchestration.executor.query.spider_search_task.search_without_channel fetch_input_start=232173778 fetch_input_end=232173779 fetch_input_duration_ms=1
[2026-01-30 19:55:31.572] [info] [spider.worker] [TIMING] task_id=1309f4d6-4f00-4c07-8810-9cc79a31993f func=job_orchestration.executor.query.spider_search_task.search_without_channel input_send_start=232173780 input_send_end=232173780 input_send_duration_ms=0 bytes=626
[2026-01-30 19:55:31.572] [info] [spider.worker] [TIMING] task_id=1309f4d6-4f00-4c07-8810-9cc79a31993f func=job_orchestration.executor.query.spider_search_task.search_without_channel spawn_start=232173779 spawn_end=232173780 spawn_duration_ms=0
[2026-01-30 19:55:32.826] [info] [spider.worker] [TIMING] task_id=1309f4d6-4f00-4c07-8810-9cc79a31993f func=job_orchestration.executor.query.spider_search_task.search_without_channel execution_start=232173780 execution_end=232175034 execution_duration_ms=1253
[2026-01-30 19:55:32.834] [info] [spider.worker] [TIMING] task_id=1309f4d6-4f00-4c07-8810-9cc79a31993f func=job_orchestration.executor.query.spider_search_task.search_without_channel submit_output_start=232175036 submit_output_end=232175043 submit_output_duration_ms=6
[2026-01-30 19:55:32.854] [info] [spider.worker] [TIMING] task_id=173f99d6-68d4-4aee-a55b-31c54c1b96b9 func=job_orchestration.executor.query.spider_search_task.search_without_channel fetch_input_start=232175061 fetch_input_end=232175062 fetch_input_duration_ms=1
[2026-01-30 19:55:32.854] [info] [spider.worker] [TIMING] task_id=173f99d6-68d4-4aee-a55b-31c54c1b96b9 func=job_orchestration.executor.query.spider_search_task.search_without_channel input_send_start=232175063 input_send_end=232175063 input_send_duration_ms=0 bytes=626
[2026-01-30 19:55:32.854] [info] [spider.worker] [TIMING] task_id=173f99d6-68d4-4aee-a55b-31c54c1b96b9 func=job_orchestration.executor.query.spider_search_task.search_without_channel spawn_start=232175062 spawn_end=232175063 spawn_duration_ms=0
[2026-01-30 19:55:34.314] [info] [spider.worker] [TIMING] task_id=173f99d6-68d4-4aee-a55b-31c54c1b96b9 func=job_orchestration.executor.query.spider_search_task.search_without_channel execution_start=232175063 execution_end=232176523 execution_duration_ms=1459
[2026-01-30 19:55:34.343] [info] [spider.worker] [TIMING] task_id=173f99d6-68d4-4aee-a55b-31c54c1b96b9 func=job_orchestration.executor.query.spider_search_task.search_without_channel submit_output_start=232176524 submit_output_end=232176551 submit_output_duration_ms=26
[2026-01-30 19:55:34.362] [info] [spider.worker] [TIMING] task_id=28ea8411-115e-4fe0-bfea-96116521e03d func=job_orchestration.executor.query.spider_search_task.search_without_channel fetch_input_start=232176570 fetch_input_end=232176571 fetch_input_duration_ms=0
[2026-01-30 19:55:34.363] [info] [spider.worker] [TIMING] task_id=28ea8411-115e-4fe0-bfea-96116521e03d func=job_orchestration.executor.query.spider_search_task.search_without_channel input_send_start=232176571 input_send_end=232176571 input_send_duration_ms=0 bytes=626
[2026-01-30 19:55:34.363] [info] [spider.worker] [TIMING] task_id=28ea8411-115e-4fe0-bfea-96116521e03d func=job_orchestration.executor.query.spider_search_task.search_without_channel spawn_start=232176571 spawn_end=232176571 spawn_duration_ms=0
[2026-01-30 19:55:35.717] [info] [spider.worker] [TIMING] task_id=28ea8411-115e-4fe0-bfea-96116521e03d func=job_orchestration.executor.query.spider_search_task.search_without_channel execution_start=232176572 execution_end=232177925 execution_duration_ms=1353
[2026-01-30 19:55:35.754] [info] [spider.worker] [TIMING] task_id=28ea8411-115e-4fe0-bfea-96116521e03d func=job_orchestration.executor.query.spider_search_task.search_without_channel submit_output_start=232177927 submit_output_end=232177962 submit_output_duration_ms=35
[2026-01-30 19:55:35.779] [info] [spider.worker] [TIMING] task_id=1ed4c1ab-2912-431f-bc25-370759022793 func=job_orchestration.executor.query.spider_search_task.search_without_channel fetch_input_start=232177986 fetch_input_end=232177987 fetch_input_duration_ms=0
[2026-01-30 19:55:35.779] [info] [spider.worker] [TIMING] task_id=1ed4c1ab-2912-431f-bc25-370759022793 func=job_orchestration.executor.query.spider_search_task.search_without_channel input_send_start=232177988 input_send_end=232177988 input_send_duration_ms=0 bytes=626
[2026-01-30 19:55:35.779] [info] [spider.worker] [TIMING] task_id=1ed4c1ab-2912-431f-bc25-370759022793 func=job_orchestration.executor.query.spider_search_task.search_without_channel spawn_start=232177987 spawn_end=232177988 spawn_duration_ms=0
[2026-01-30 19:55:36.972] [info] [spider.worker] [TIMING] task_id=1ed4c1ab-2912-431f-bc25-370759022793 func=job_orchestration.executor.query.spider_search_task.search_without_channel execution_start=232177988 execution_end=232179181 execution_duration_ms=1192
[2026-01-30 19:55:36.985] [info] [spider.worker] [TIMING] task_id=1ed4c1ab-2912-431f-bc25-370759022793 func=job_orchestration.executor.query.spider_search_task.search_without_channel submit_output_start=232179182 submit_output_end=232179194 submit_output_duration_ms=11
[2026-01-30 19:55:37.018] [info] [spider.worker] [TIMING] task_id=7c3ed5db-0fc4-42eb-a2ef-388217a5d324 func=job_orchestration.executor.query.spider_search_task.search_without_channel fetch_input_start=232179225 fetch_input_end=232179226 fetch_input_duration_ms=0
[2026-01-30 19:55:37.018] [info] [spider.worker] [TIMING] task_id=7c3ed5db-0fc4-42eb-a2ef-388217a5d324 func=job_orchestration.executor.query.spider_search_task.search_without_channel input_send_start=232179226 input_send_end=232179226 input_send_duration_ms=0 bytes=626
[2026-01-30 19:55:37.018] [info] [spider.worker] [TIMING] task_id=7c3ed5db-0fc4-42eb-a2ef-388217a5d324 func=job_orchestration.executor.query.spider_search_task.search_without_channel spawn_start=232179226 spawn_end=232179226 spawn_duration_ms=0
[2026-01-30 19:55:38.201] [info] [spider.worker] [TIMING] task_id=7c3ed5db-0fc4-42eb-a2ef-388217a5d324 func=job_orchestration.executor.query.spider_search_task.search_without_channel execution_start=232179227 execution_end=232180410 execution_duration_ms=1183
[2026-01-30 19:55:38.243] [info] [spider.worker] [TIMING] task_id=7c3ed5db-0fc4-42eb-a2ef-388217a5d324 func=job_orchestration.executor.query.spider_search_task.search_without_channel submit_output_start=232180412 submit_output_end=232180452 submit_output_duration_ms=40
[2026-01-30 19:55:38.337] [info] [spider.worker] [TIMING] task_id=ab5cab60-99de-411e-94c5-cff4bc26e653 func=job_orchestration.executor.query.spider_search_task.search_without_channel fetch_input_start=232180545 fetch_input_end=232180546 fetch_input_duration_ms=0
[2026-01-30 19:55:38.338] [info] [spider.worker] [TIMING] task_id=ab5cab60-99de-411e-94c5-cff4bc26e653 func=job_orchestration.executor.query.spider_search_task.search_without_channel input_send_start=232180546 input_send_end=232180546 input_send_duration_ms=0 bytes=626
[2026-01-30 19:55:38.338] [info] [spider.worker] [TIMING] task_id=ab5cab60-99de-411e-94c5-cff4bc26e653 func=job_orchestration.executor.query.spider_search_task.search_without_channel spawn_start=232180546 spawn_end=232180546 spawn_duration_ms=0
[2026-01-30 19:55:39.487] [info] [spider.worker] [TIMING] task_id=ab5cab60-99de-411e-94c5-cff4bc26e653 func=job_orchestration.executor.query.spider_search_task.search_without_channel execution_start=232180546 execution_end=232181696 execution_duration_ms=1149
[2026-01-30 19:55:39.494] [info] [spider.worker] [TIMING] task_id=ab5cab60-99de-411e-94c5-cff4bc26e653 func=job_orchestration.executor.query.spider_search_task.search_without_channel submit_output_start=232181697 submit_output_end=232181702 submit_output_duration_ms=5
[2026-01-30 19:55:39.532] [info] [spider.worker] [TIMING] task_id=be2209cb-a260-4b1a-860d-59e719330d3e func=job_orchestration.executor.query.spider_search_task.search_without_channel fetch_input_start=232181740 fetch_input_end=232181741 fetch_input_duration_ms=1
[2026-01-30 19:55:39.533] [info] [spider.worker] [TIMING] task_id=be2209cb-a260-4b1a-860d-59e719330d3e func=job_orchestration.executor.query.spider_search_task.search_without_channel input_send_start=232181741 input_send_end=232181741 input_send_duration_ms=0 bytes=626
[2026-01-30 19:55:39.533] [info] [spider.worker] [TIMING] task_id=be2209cb-a260-4b1a-860d-59e719330d3e func=job_orchestration.executor.query.spider_search_task.search_without_channel spawn_start=232181741 spawn_end=232181741 spawn_duration_ms=0
[2026-01-30 19:55:40.717] [info] [spider.worker] [TIMING] task_id=be2209cb-a260-4b1a-860d-59e719330d3e func=job_orchestration.executor.query.spider_search_task.search_without_channel execution_start=232181742 execution_end=232182926 execution_duration_ms=1184
[2026-01-30 19:55:40.783] [info] [spider.worker] [TIMING] task_id=be2209cb-a260-4b1a-860d-59e719330d3e func=job_orchestration.executor.query.spider_search_task.search_without_channel submit_output_start=232182928 submit_output_end=232182991 submit_output_duration_ms=63
[2026-01-30 19:55:40.831] [info] [spider.worker] [TIMING] task_id=a0f0163b-5379-4621-bede-91faee272a09 func=job_orchestration.executor.query.spider_search_task.search_without_channel fetch_input_start=232183038 fetch_input_end=232183039 fetch_input_duration_ms=1
[2026-01-30 19:55:40.831] [info] [spider.worker] [TIMING] task_id=a0f0163b-5379-4621-bede-91faee272a09 func=job_orchestration.executor.query.spider_search_task.search_without_channel input_send_start=232183040 input_send_end=232183040 input_send_duration_ms=0 bytes=626
[2026-01-30 19:55:40.831] [info] [spider.worker] [TIMING] task_id=a0f0163b-5379-4621-bede-91faee272a09 func=job_orchestration.executor.query.spider_search_task.search_without_channel spawn_start=232183039 spawn_end=232183040 spawn_duration_ms=0
[2026-01-30 19:55:42.138] [info] [spider.worker] [TIMING] task_id=a0f0163b-5379-4621-bede-91faee272a09 func=job_orchestration.executor.query.spider_search_task.search_without_channel execution_start=232183040 execution_end=232184346 execution_duration_ms=1306
[2026-01-30 19:55:42.144] [info] [spider.worker] [TIMING] task_id=a0f0163b-5379-4621-bede-91faee272a09 func=job_orchestration.executor.query.spider_search_task.search_without_channel submit_output_start=232184348 submit_output_end=232184353 submit_output_duration_ms=4
[2026-01-30 19:55:42.164] [info] [spider.worker] [TIMING] task_id=8ccbcfc1-4f9f-41ea-9b7e-03c9ee73573d func=job_orchestration.executor.query.spider_search_task.search_without_channel fetch_input_start=232184371 fetch_input_end=232184372 fetch_input_duration_ms=0
[2026-01-30 19:55:42.164] [info] [spider.worker] [TIMING] task_id=8ccbcfc1-4f9f-41ea-9b7e-03c9ee73573d func=job_orchestration.executor.query.spider_search_task.search_without_channel input_send_start=232184373 input_send_end=232184373 input_send_duration_ms=0 bytes=626
[2026-01-30 19:55:42.164] [info] [spider.worker] [TIMING] task_id=8ccbcfc1-4f9f-41ea-9b7e-03c9ee73573d func=job_orchestration.executor.query.spider_search_task.search_without_channel spawn_start=232184372 spawn_end=232184373 spawn_duration_ms=0
[2026-01-30 19:55:43.421] [info] [spider.worker] [TIMING] task_id=8ccbcfc1-4f9f-41ea-9b7e-03c9ee73573d func=job_orchestration.executor.query.spider_search_task.search_without_channel execution_start=232184373 execution_end=232185630 execution_duration_ms=1256
[2026-01-30 19:55:43.436] [info] [spider.worker] [TIMING] task_id=8ccbcfc1-4f9f-41ea-9b7e-03c9ee73573d func=job_orchestration.executor.query.spider_search_task.search_without_channel submit_output_start=232185631 submit_output_end=232185645 submit_output_duration_ms=13
[2026-01-30 19:55:43.456] [info] [spider.worker] [TIMING] task_id=98276d9b-eae4-454c-838c-556edffb0e18 func=job_orchestration.executor.query.spider_search_task.search_without_channel fetch_input_start=232185663 fetch_input_end=232185665 fetch_input_duration_ms=1
[2026-01-30 19:55:43.457] [info] [spider.worker] [TIMING] task_id=98276d9b-eae4-454c-838c-556edffb0e18 func=job_orchestration.executor.query.spider_search_task.search_without_channel input_send_start=232185665 input_send_end=232185665 input_send_duration_ms=0 bytes=626
[2026-01-30 19:55:43.457] [info] [spider.worker] [TIMING] task_id=98276d9b-eae4-454c-838c-556edffb0e18 func=job_orchestration.executor.query.spider_search_task.search_without_channel spawn_start=232185665 spawn_end=232185665 spawn_duration_ms=0
[2026-01-30 19:55:44.629] [info] [spider.worker] [TIMING] task_id=98276d9b-eae4-454c-838c-556edffb0e18 func=job_orchestration.executor.query.spider_search_task.search_without_channel execution_start=232185665 execution_end=232186837 execution_duration_ms=1171
[2026-01-30 19:55:44.645] [info] [spider.worker] [TIMING] task_id=98276d9b-eae4-454c-838c-556edffb0e18 func=job_orchestration.executor.query.spider_search_task.search_without_channel submit_output_start=232186839 submit_output_end=232186853 submit_output_duration_ms=14
[2026-01-30 19:55:44.689] [info] [spider.worker] [TIMING] task_id=320791a5-a828-429d-b3a6-4dcb02dec0a4 func=job_orchestration.executor.query.spider_search_task.search_without_channel fetch_input_start=232186897 fetch_input_end=232186898 fetch_input_duration_ms=1
[2026-01-30 19:55:44.690] [info] [spider.worker] [TIMING] task_id=320791a5-a828-429d-b3a6-4dcb02dec0a4 func=job_orchestration.executor.query.spider_search_task.search_without_channel input_send_start=232186898 input_send_end=232186898 input_send_duration_ms=0 bytes=626
[2026-01-30 19:55:44.690] [info] [spider.worker] [TIMING] task_id=320791a5-a828-429d-b3a6-4dcb02dec0a4 func=job_orchestration.executor.query.spider_search_task.search_without_channel spawn_start=232186898 spawn_end=232186898 spawn_duration_ms=0
[2026-01-30 19:55:45.920] [info] [spider.worker] [TIMING] task_id=320791a5-a828-429d-b3a6-4dcb02dec0a4 func=job_orchestration.executor.query.spider_search_task.search_without_channel execution_start=232186899 execution_end=232188128 execution_duration_ms=1229
[2026-01-30 19:55:45.937] [info] [spider.worker] [TIMING] task_id=320791a5-a828-429d-b3a6-4dcb02dec0a4 func=job_orchestration.executor.query.spider_search_task.search_without_channel submit_output_start=232188130 submit_output_end=232188145 submit_output_duration_ms=15
[2026-01-30 19:55:45.956] [info] [spider.worker] [TIMING] task_id=1dd87bd9-4771-42ca-8318-58594b49cc4d func=job_orchestration.executor.query.spider_search_task.search_without_channel fetch_input_start=232188163 fetch_input_end=232188164 fetch_input_duration_ms=1
[2026-01-30 19:55:45.957] [info] [spider.worker] [TIMING] task_id=1dd87bd9-4771-42ca-8318-58594b49cc4d func=job_orchestration.executor.query.spider_search_task.search_without_channel input_send_start=232188165 input_send_end=232188165 input_send_duration_ms=0 bytes=626
[2026-01-30 19:55:45.957] [info] [spider.worker] [TIMING] task_id=1dd87bd9-4771-42ca-8318-58594b49cc4d func=job_orchestration.executor.query.spider_search_task.search_without_channel spawn_start=232188164 spawn_end=232188165 spawn_duration_ms=0
[2026-01-30 19:55:47.187] [info] [spider.worker] [TIMING] task_id=1dd87bd9-4771-42ca-8318-58594b49cc4d func=job_orchestration.executor.query.spider_search_task.search_without_channel execution_start=232188165 execution_end=232189395 execution_duration_ms=1230
[2026-01-30 19:55:47.229] [info] [spider.worker] [TIMING] task_id=1dd87bd9-4771-42ca-8318-58594b49cc4d func=job_orchestration.executor.query.spider_search_task.search_without_channel submit_output_start=232189416 submit_output_end=232189437 submit_output_duration_ms=20
[2026-01-30 19:55:47.268] [info] [spider.worker] [TIMING] task_id=028d06d4-c26d-4004-92cf-e57592aa2619 func=job_orchestration.executor.query.spider_search_task.search_without_channel fetch_input_start=232189475 fetch_input_end=232189476 fetch_input_duration_ms=0
[2026-01-30 19:55:47.268] [info] [spider.worker] [TIMING] task_id=028d06d4-c26d-4004-92cf-e57592aa2619 func=job_orchestration.executor.query.spider_search_task.search_without_channel input_send_start=232189477 input_send_end=232189477 input_send_duration_ms=0 bytes=626
[2026-01-30 19:55:47.268] [info] [spider.worker] [TIMING] task_id=028d06d4-c26d-4004-92cf-e57592aa2619 func=job_orchestration.executor.query.spider_search_task.search_without_channel spawn_start=232189476 spawn_end=232189477 spawn_duration_ms=0
[2026-01-30 19:55:48.583] [info] [spider.worker] [TIMING] task_id=028d06d4-c26d-4004-92cf-e57592aa2619 func=job_orchestration.executor.query.spider_search_task.search_without_channel execution_start=232189477 execution_end=232190792 execution_duration_ms=1314
[2026-01-30 19:55:48.629] [info] [spider.worker] [TIMING] task_id=028d06d4-c26d-4004-92cf-e57592aa2619 func=job_orchestration.executor.query.spider_search_task.search_without_channel submit_output_start=232190793 submit_output_end=232190837 submit_output_duration_ms=44
[2026-01-30 19:55:48.640] [info] [spider.worker] [TIMING] task_id=09a34b7b-4adc-41b6-9e77-5f952e2b9b12 func=job_orchestration.executor.query.spider_search_task.search_without_channel fetch_input_start=232190847 fetch_input_end=232190848 fetch_input_duration_ms=0
[2026-01-30 19:55:48.640] [info] [spider.worker] [TIMING] task_id=09a34b7b-4adc-41b6-9e77-5f952e2b9b12 func=job_orchestration.executor.query.spider_search_task.search_without_channel input_send_start=232190849 input_send_end=232190849 input_send_duration_ms=0 bytes=626
[2026-01-30 19:55:48.640] [info] [spider.worker] [TIMING] task_id=09a34b7b-4adc-41b6-9e77-5f952e2b9b12 func=job_orchestration.executor.query.spider_search_task.search_without_channel spawn_start=232190848 spawn_end=232190849 spawn_duration_ms=0
[2026-01-30 19:55:49.833] [info] [spider.worker] [TIMING] task_id=09a34b7b-4adc-41b6-9e77-5f952e2b9b12 func=job_orchestration.executor.query.spider_search_task.search_without_channel execution_start=232190849 execution_end=232192041 execution_duration_ms=1192
[2026-01-30 19:55:49.855] [info] [spider.worker] [TIMING] task_id=09a34b7b-4adc-41b6-9e77-5f952e2b9b12 func=job_orchestration.executor.query.spider_search_task.search_without_channel submit_output_start=232192042 submit_output_end=232192063 submit_output_duration_ms=20
[2026-01-30 19:55:49.890] [info] [spider.worker] [TIMING] task_id=a6ae6b45-05f9-4779-94fa-3b436ac94907 func=job_orchestration.executor.query.spider_search_task.search_without_channel fetch_input_start=232192098 fetch_input_end=232192099 fetch_input_duration_ms=0
[2026-01-30 19:55:49.891] [info] [spider.worker] [TIMING] task_id=a6ae6b45-05f9-4779-94fa-3b436ac94907 func=job_orchestration.executor.query.spider_search_task.search_without_channel input_send_start=232192099 input_send_end=232192099 input_send_duration_ms=0 bytes=626
[2026-01-30 19:55:49.891] [info] [spider.worker] [TIMING] task_id=a6ae6b45-05f9-4779-94fa-3b436ac94907 func=job_orchestration.executor.query.spider_search_task.search_without_channel spawn_start=232192099 spawn_end=232192099 spawn_duration_ms=0
[2026-01-30 19:55:51.207] [info] [spider.worker] [TIMING] task_id=a6ae6b45-05f9-4779-94fa-3b436ac94907 func=job_orchestration.executor.query.spider_search_task.search_without_channel execution_start=232192099 execution_end=232193416 execution_duration_ms=1316
[2026-01-30 19:55:51.222] [info] [spider.worker] [TIMING] task_id=a6ae6b45-05f9-4779-94fa-3b436ac94907 func=job_orchestration.executor.query.spider_search_task.search_without_channel submit_output_start=232193418 submit_output_end=232193430 submit_output_duration_ms=12
[2026-01-30 19:55:51.232] [info] [spider.worker] [TIMING] task_id=dfa82f4d-e5e2-40cf-9cf5-29a78bff64ea func=job_orchestration.executor.query.spider_search_task.search_without_channel fetch_input_start=232193440 fetch_input_end=232193441 fetch_input_duration_ms=0
[2026-01-30 19:55:51.233] [info] [spider.worker] [TIMING] task_id=dfa82f4d-e5e2-40cf-9cf5-29a78bff64ea func=job_orchestration.executor.query.spider_search_task.search_without_channel input_send_start=232193441 input_send_end=232193441 input_send_duration_ms=0 bytes=626
[2026-01-30 19:55:51.233] [info] [spider.worker] [TIMING] task_id=dfa82f4d-e5e2-40cf-9cf5-29a78bff64ea func=job_orchestration.executor.query.spider_search_task.search_without_channel spawn_start=232193441 spawn_end=232193441 spawn_duration_ms=0
[2026-01-30 19:55:52.416] [info] [spider.worker] [TIMING] task_id=dfa82f4d-e5e2-40cf-9cf5-29a78bff64ea func=job_orchestration.executor.query.spider_search_task.search_without_channel execution_start=232193441 execution_end=232194624 execution_duration_ms=1182
[2026-01-30 19:55:52.477] [info] [spider.worker] [TIMING] task_id=dfa82f4d-e5e2-40cf-9cf5-29a78bff64ea func=job_orchestration.executor.query.spider_search_task.search_without_channel submit_output_start=232194626 submit_output_end=232194685 submit_output_duration_ms=59
[2026-01-30 19:55:52.499] [info] [spider.worker] [TIMING] task_id=a2ef195f-8fd9-49d6-8ca8-43b70f54d5af func=job_orchestration.executor.query.spider_search_task.search_without_channel fetch_input_start=232194707 fetch_input_end=232194707 fetch_input_duration_ms=0
[2026-01-30 19:55:52.499] [info] [spider.worker] [TIMING] task_id=a2ef195f-8fd9-49d6-8ca8-43b70f54d5af func=job_orchestration.executor.query.spider_search_task.search_without_channel input_send_start=232194708 input_send_end=232194708 input_send_duration_ms=0 bytes=626
[2026-01-30 19:55:52.499] [info] [spider.worker] [TIMING] task_id=a2ef195f-8fd9-49d6-8ca8-43b70f54d5af func=job_orchestration.executor.query.spider_search_task.search_without_channel spawn_start=232194707 spawn_end=232194708 spawn_duration_ms=0
[2026-01-30 19:55:53.690] [info] [spider.worker] [TIMING] task_id=a2ef195f-8fd9-49d6-8ca8-43b70f54d5af func=job_orchestration.executor.query.spider_search_task.search_without_channel execution_start=232194708 execution_end=232195898 execution_duration_ms=1189
[2026-01-30 19:55:53.747] [info] [spider.worker] [TIMING] task_id=a2ef195f-8fd9-49d6-8ca8-43b70f54d5af func=job_orchestration.executor.query.spider_search_task.search_without_channel submit_output_start=232195899 submit_output_end=232195955 submit_output_duration_ms=55
[2026-01-30 19:55:53.767] [info] [spider.worker] [TIMING] task_id=4e6ae808-4042-4281-9552-c71444ff7750 func=job_orchestration.executor.query.spider_search_task.search_without_channel fetch_input_start=232195974 fetch_input_end=232195975 fetch_input_duration_ms=1
[2026-01-30 19:55:53.768] [info] [spider.worker] [TIMING] task_id=4e6ae808-4042-4281-9552-c71444ff7750 func=job_orchestration.executor.query.spider_search_task.search_without_channel input_send_start=232195976 input_send_end=232195976 input_send_duration_ms=0 bytes=626
[2026-01-30 19:55:53.768] [info] [spider.worker] [TIMING] task_id=4e6ae808-4042-4281-9552-c71444ff7750 func=job_orchestration.executor.query.spider_search_task.search_without_channel spawn_start=232195975 spawn_end=232195976 spawn_duration_ms=0
[2026-01-30 19:55:54.880] [info] [spider.worker] [TIMING] task_id=4e6ae808-4042-4281-9552-c71444ff7750 func=job_orchestration.executor.query.spider_search_task.search_without_channel execution_start=232195976 execution_end=232197089 execution_duration_ms=1112
[2026-01-30 19:55:54.914] [info] [spider.worker] [TIMING] task_id=4e6ae808-4042-4281-9552-c71444ff7750 func=job_orchestration.executor.query.spider_search_task.search_without_channel submit_output_start=232197090 submit_output_end=232197123 submit_output_duration_ms=32
[2026-01-30 19:55:54.959] [info] [spider.worker] [TIMING] task_id=dc42b707-715c-4a59-9193-226201cfeb05 func=job_orchestration.executor.query.spider_search_task.search_without_channel fetch_input_start=232197166 fetch_input_end=232197167 fetch_input_duration_ms=1
[2026-01-30 19:55:54.960] [info] [spider.worker] [TIMING] task_id=dc42b707-715c-4a59-9193-226201cfeb05 func=job_orchestration.executor.query.spider_search_task.search_without_channel input_send_start=232197168 input_send_end=232197168 input_send_duration_ms=0 bytes=626
[2026-01-30 19:55:54.960] [info] [spider.worker] [TIMING] task_id=dc42b707-715c-4a59-9193-226201cfeb05 func=job_orchestration.executor.query.spider_search_task.search_without_channel spawn_start=232197167 spawn_end=232197168 spawn_duration_ms=0
[2026-01-30 19:55:56.036] [info] [spider.worker] [TIMING] task_id=dc42b707-715c-4a59-9193-226201cfeb05 func=job_orchestration.executor.query.spider_search_task.search_without_channel execution_start=232197168 execution_end=232198244 execution_duration_ms=1075
[2026-01-30 19:55:56.068] [info] [spider.worker] [TIMING] task_id=dc42b707-715c-4a59-9193-226201cfeb05 func=job_orchestration.executor.query.spider_search_task.search_without_channel submit_output_start=232198246 submit_output_end=232198276 submit_output_duration_ms=30
[2026-01-30 19:55:56.113] [info] [spider.worker] [TIMING] task_id=a00789e4-7fba-4f86-87fa-6ad221c8e056 func=job_orchestration.executor.query.spider_search_task.search_without_channel fetch_input_start=232198320 fetch_input_end=232198321 fetch_input_duration_ms=1
[2026-01-30 19:55:56.114] [info] [spider.worker] [TIMING] task_id=a00789e4-7fba-4f86-87fa-6ad221c8e056 func=job_orchestration.executor.query.spider_search_task.search_without_channel input_send_start=232198322 input_send_end=232198322 input_send_duration_ms=0 bytes=626
[2026-01-30 19:55:56.114] [info] [spider.worker] [TIMING] task_id=a00789e4-7fba-4f86-87fa-6ad221c8e056 func=job_orchestration.executor.query.spider_search_task.search_without_channel spawn_start=232198321 spawn_end=232198322 spawn_duration_ms=0
[2026-01-30 19:55:57.350] [info] [spider.worker] [TIMING] task_id=a00789e4-7fba-4f86-87fa-6ad221c8e056 func=job_orchestration.executor.query.spider_search_task.search_without_channel execution_start=232198322 execution_end=232199558 execution_duration_ms=1236
[2026-01-30 19:55:57.382] [info] [spider.worker] [TIMING] task_id=a00789e4-7fba-4f86-87fa-6ad221c8e056 func=job_orchestration.executor.query.spider_search_task.search_without_channel submit_output_start=232199571 submit_output_end=232199590 submit_output_duration_ms=18
[2026-01-30 19:55:57.401] [info] [spider.worker] [TIMING] task_id=ea95ea57-eddc-4e36-85c7-8b595e731e04 func=job_orchestration.executor.query.spider_search_task.search_without_channel fetch_input_start=232199609 fetch_input_end=232199610 fetch_input_duration_ms=1
[2026-01-30 19:55:57.402] [info] [spider.worker] [TIMING] task_id=ea95ea57-eddc-4e36-85c7-8b595e731e04 func=job_orchestration.executor.query.spider_search_task.search_without_channel input_send_start=232199610 input_send_end=232199610 input_send_duration_ms=0 bytes=626
[2026-01-30 19:55:57.402] [info] [spider.worker] [TIMING] task_id=ea95ea57-eddc-4e36-85c7-8b595e731e04 func=job_orchestration.executor.query.spider_search_task.search_without_channel spawn_start=232199610 spawn_end=232199610 spawn_duration_ms=0
[2026-01-30 19:55:58.865] [info] [spider.worker] [TIMING] task_id=ea95ea57-eddc-4e36-85c7-8b595e731e04 func=job_orchestration.executor.query.spider_search_task.search_without_channel execution_start=232199611 execution_end=232201073 execution_duration_ms=1462
[2026-01-30 19:55:58.899] [info] [spider.worker] [TIMING] task_id=ea95ea57-eddc-4e36-85c7-8b595e731e04 func=job_orchestration.executor.query.spider_search_task.search_without_channel submit_output_start=232201084 submit_output_end=232201107 submit_output_duration_ms=22
[2026-01-30 19:55:58.937] [info] [spider.worker] [TIMING] task_id=579f38f4-f8f9-41d8-ba71-763f2ea5c62c func=job_orchestration.executor.query.spider_search_task.search_without_channel fetch_input_start=232201145 fetch_input_end=232201146 fetch_input_duration_ms=1
[2026-01-30 19:55:58.938] [info] [spider.worker] [TIMING] task_id=579f38f4-f8f9-41d8-ba71-763f2ea5c62c func=job_orchestration.executor.query.spider_search_task.search_without_channel input_send_start=232201146 input_send_end=232201146 input_send_duration_ms=0 bytes=626
[2026-01-30 19:55:58.938] [info] [spider.worker] [TIMING] task_id=579f38f4-f8f9-41d8-ba71-763f2ea5c62c func=job_orchestration.executor.query.spider_search_task.search_without_channel spawn_start=232201146 spawn_end=232201146 spawn_duration_ms=0
[2026-01-30 19:56:00.107] [info] [spider.worker] [TIMING] task_id=579f38f4-f8f9-41d8-ba71-763f2ea5c62c func=job_orchestration.executor.query.spider_search_task.search_without_channel execution_start=232201147 execution_end=232202316 execution_duration_ms=1168
[2026-01-30 19:56:00.116] [info] [spider.worker] [TIMING] task_id=579f38f4-f8f9-41d8-ba71-763f2ea5c62c func=job_orchestration.executor.query.spider_search_task.search_without_channel submit_output_start=232202317 submit_output_end=232202324 submit_output_duration_ms=6
[2026-01-30 19:56:00.127] [info] [spider.worker] [TIMING] task_id=44bcb310-c30f-46a3-99ca-26a52afdb699 func=job_orchestration.executor.query.spider_search_task.search_without_channel fetch_input_start=232202334 fetch_input_end=232202336 fetch_input_duration_ms=1
[2026-01-30 19:56:00.128] [info] [spider.worker] [TIMING] task_id=44bcb310-c30f-46a3-99ca-26a52afdb699 func=job_orchestration.executor.query.spider_search_task.search_without_channel input_send_start=232202336 input_send_end=232202336 input_send_duration_ms=0 bytes=626
[2026-01-30 19:56:00.128] [info] [spider.worker] [TIMING] task_id=44bcb310-c30f-46a3-99ca-26a52afdb699 func=job_orchestration.executor.query.spider_search_task.search_without_channel spawn_start=232202336 spawn_end=232202336 spawn_duration_ms=0
[2026-01-30 19:56:01.206] [info] [spider.worker] [TIMING] task_id=44bcb310-c30f-46a3-99ca-26a52afdb699 func=job_orchestration.executor.query.spider_search_task.search_without_channel execution_start=232202336 execution_end=232203415 execution_duration_ms=1078
[2026-01-30 19:56:01.216] [info] [spider.worker] [TIMING] task_id=44bcb310-c30f-46a3-99ca-26a52afdb699 func=job_orchestration.executor.query.spider_search_task.search_without_channel submit_output_start=232203417 submit_output_end=232203424 submit_output_duration_ms=7
[2026-01-30 19:56:01.236] [info] [spider.worker] [TIMING] task_id=e975eb28-4451-4d2a-b868-83178dacbaf8 func=job_orchestration.executor.query.spider_search_task.search_without_channel fetch_input_start=232203443 fetch_input_end=232203444 fetch_input_duration_ms=1
[2026-01-30 19:56:01.236] [info] [spider.worker] [TIMING] task_id=e975eb28-4451-4d2a-b868-83178dacbaf8 func=job_orchestration.executor.query.spider_search_task.search_without_channel input_send_start=232203445 input_send_end=232203445 input_send_duration_ms=0 bytes=626
[2026-01-30 19:56:01.236] [info] [spider.worker] [TIMING] task_id=e975eb28-4451-4d2a-b868-83178dacbaf8 func=job_orchestration.executor.query.spider_search_task.search_without_channel spawn_start=232203444 spawn_end=232203445 spawn_duration_ms=0
[2026-01-30 19:56:02.533] [info] [spider.worker] [TIMING] task_id=e975eb28-4451-4d2a-b868-83178dacbaf8 func=job_orchestration.executor.query.spider_search_task.search_without_channel execution_start=232203445 execution_end=232204741 execution_duration_ms=1296
[2026-01-30 19:56:02.541] [info] [spider.worker] [TIMING] task_id=e975eb28-4451-4d2a-b868-83178dacbaf8 func=job_orchestration.executor.query.spider_search_task.search_without_channel submit_output_start=232204743 submit_output_end=232204750 submit_output_duration_ms=6
[2026-01-30 19:56:02.552] [info] [spider.worker] [TIMING] task_id=29a72c8f-9606-489a-bcfd-f37e84b0c4c7 func=job_orchestration.executor.query.spider_search_task.search_without_channel fetch_input_start=232204759 fetch_input_end=232204760 fetch_input_duration_ms=0
[2026-01-30 19:56:02.552] [info] [spider.worker] [TIMING] task_id=29a72c8f-9606-489a-bcfd-f37e84b0c4c7 func=job_orchestration.executor.query.spider_search_task.search_without_channel input_send_start=232204761 input_send_end=232204761 input_send_duration_ms=0 bytes=626
[2026-01-30 19:56:02.552] [info] [spider.worker] [TIMING] task_id=29a72c8f-9606-489a-bcfd-f37e84b0c4c7 func=job_orchestration.executor.query.spider_search_task.search_without_channel spawn_start=232204760 spawn_end=232204761 spawn_duration_ms=0
[2026-01-30 19:56:03.760] [info] [spider.worker] [TIMING] task_id=29a72c8f-9606-489a-bcfd-f37e84b0c4c7 func=job_orchestration.executor.query.spider_search_task.search_without_channel execution_start=232204761 execution_end=232205968 execution_duration_ms=1207
[2026-01-30 19:56:03.787] [info] [spider.worker] [TIMING] task_id=29a72c8f-9606-489a-bcfd-f37e84b0c4c7 func=job_orchestration.executor.query.spider_search_task.search_without_channel submit_output_start=232205970 submit_output_end=232205995 submit_output_duration_ms=25
[2026-01-30 19:56:03.803] [info] [spider.worker] [TIMING] task_id=99b34f3e-cfa3-459e-9fd8-44a4e096465a func=job_orchestration.executor.query.spider_search_task.search_without_channel fetch_input_start=232206011 fetch_input_end=232206012 fetch_input_duration_ms=1
[2026-01-30 19:56:03.804] [info] [spider.worker] [TIMING] task_id=99b34f3e-cfa3-459e-9fd8-44a4e096465a func=job_orchestration.executor.query.spider_search_task.search_without_channel input_send_start=232206012 input_send_end=232206012 input_send_duration_ms=0 bytes=626
[2026-01-30 19:56:03.804] [info] [spider.worker] [TIMING] task_id=99b34f3e-cfa3-459e-9fd8-44a4e096465a func=job_orchestration.executor.query.spider_search_task.search_without_channel spawn_start=232206012 spawn_end=232206012 spawn_duration_ms=0
[2026-01-30 19:56:04.999] [info] [spider.worker] [TIMING] task_id=99b34f3e-cfa3-459e-9fd8-44a4e096465a func=job_orchestration.executor.query.spider_search_task.search_without_channel execution_start=232206013 execution_end=232207207 execution_duration_ms=1194
[2026-01-30 19:56:05.032] [info] [spider.worker] [TIMING] task_id=99b34f3e-cfa3-459e-9fd8-44a4e096465a func=job_orchestration.executor.query.spider_search_task.search_without_channel submit_output_start=232207209 submit_output_end=232207240 submit_output_duration_ms=31
[2026-01-30 19:56:05.054] [info] [spider.worker] [TIMING] task_id=f92c521d-fc97-4ca8-b929-c904f10f1756 func=job_orchestration.executor.query.spider_search_task.search_without_channel fetch_input_start=232207261 fetch_input_end=232207262 fetch_input_duration_ms=1
[2026-01-30 19:56:05.054] [info] [spider.worker] [TIMING] task_id=f92c521d-fc97-4ca8-b929-c904f10f1756 func=job_orchestration.executor.query.spider_search_task.search_without_channel input_send_start=232207263 input_send_end=232207263 input_send_duration_ms=0 bytes=626
[2026-01-30 19:56:05.054] [info] [spider.worker] [TIMING] task_id=f92c521d-fc97-4ca8-b929-c904f10f1756 func=job_orchestration.executor.query.spider_search_task.search_without_channel spawn_start=232207262 spawn_end=232207263 spawn_duration_ms=0
[2026-01-30 19:56:06.403] [info] [spider.worker] [TIMING] task_id=f92c521d-fc97-4ca8-b929-c904f10f1756 func=job_orchestration.executor.query.spider_search_task.search_without_channel execution_start=232207263 execution_end=232208612 execution_duration_ms=1348
[2026-01-30 19:56:06.427] [info] [spider.worker] [TIMING] task_id=f92c521d-fc97-4ca8-b929-c904f10f1756 func=job_orchestration.executor.query.spider_search_task.search_without_channel submit_output_start=232208614 submit_output_end=232208635 submit_output_duration_ms=21
[2026-01-30 19:56:06.478] [info] [spider.worker] [TIMING] task_id=5d5e5222-be91-47fb-9fbe-e950947cf3e4 func=job_orchestration.executor.query.spider_search_task.search_without_channel fetch_input_start=232208686 fetch_input_end=232208687 fetch_input_duration_ms=0
[2026-01-30 19:56:06.479] [info] [spider.worker] [TIMING] task_id=5d5e5222-be91-47fb-9fbe-e950947cf3e4 func=job_orchestration.executor.query.spider_search_task.search_without_channel input_send_start=232208687 input_send_end=232208687 input_send_duration_ms=0 bytes=626
[2026-01-30 19:56:06.479] [info] [spider.worker] [TIMING] task_id=5d5e5222-be91-47fb-9fbe-e950947cf3e4 func=job_orchestration.executor.query.spider_search_task.search_without_channel spawn_start=232208687 spawn_end=232208687 spawn_duration_ms=0
[2026-01-30 19:56:07.671] [info] [spider.worker] [TIMING] task_id=5d5e5222-be91-47fb-9fbe-e950947cf3e4 func=job_orchestration.executor.query.spider_search_task.search_without_channel execution_start=232208688 execution_end=232209879 execution_duration_ms=1191
[2026-01-30 19:56:07.972] [info] [spider.worker] [TIMING] task_id=5d5e5222-be91-47fb-9fbe-e950947cf3e4 func=job_orchestration.executor.query.spider_search_task.search_without_channel submit_output_start=232209881 submit_output_end=232210180 submit_output_duration_ms=299
[2026-01-30 19:56:08.038] [info] [spider.worker] [TIMING] task_id=9204a06b-237a-482a-a691-2655d41bbc52 func=job_orchestration.executor.query.spider_search_task.search_without_channel fetch_input_start=232210245 fetch_input_end=232210246 fetch_input_duration_ms=1
[2026-01-30 19:56:08.038] [info] [spider.worker] [TIMING] task_id=9204a06b-237a-482a-a691-2655d41bbc52 func=job_orchestration.executor.query.spider_search_task.search_without_channel input_send_start=232210247 input_send_end=232210247 input_send_duration_ms=0 bytes=626
[2026-01-30 19:56:08.038] [info] [spider.worker] [TIMING] task_id=9204a06b-237a-482a-a691-2655d41bbc52 func=job_orchestration.executor.query.spider_search_task.search_without_channel spawn_start=232210246 spawn_end=232210247 spawn_duration_ms=0
[2026-01-30 19:56:09.271] [info] [spider.worker] [TIMING] task_id=9204a06b-237a-482a-a691-2655d41bbc52 func=job_orchestration.executor.query.spider_search_task.search_without_channel execution_start=232210247 execution_end=232211479 execution_duration_ms=1232
[2026-01-30 19:56:09.310] [info] [spider.worker] [TIMING] task_id=9204a06b-237a-482a-a691-2655d41bbc52 func=job_orchestration.executor.query.spider_search_task.search_without_channel submit_output_start=232211481 submit_output_end=232211518 submit_output_duration_ms=37
[2026-01-30 19:56:09.352] [info] [spider.worker] [TIMING] task_id=01f7e037-f19c-4c8d-a390-6f49f2b42574 func=job_orchestration.executor.query.spider_search_task.search_without_channel fetch_input_start=232211560 fetch_input_end=232211561 fetch_input_duration_ms=1
[2026-01-30 19:56:09.353] [info] [spider.worker] [TIMING] task_id=01f7e037-f19c-4c8d-a390-6f49f2b42574 func=job_orchestration.executor.query.spider_search_task.search_without_channel input_send_start=232211561 input_send_end=232211561 input_send_duration_ms=0 bytes=626
[2026-01-30 19:56:09.353] [info] [spider.worker] [TIMING] task_id=01f7e037-f19c-4c8d-a390-6f49f2b42574 func=job_orchestration.executor.query.spider_search_task.search_without_channel spawn_start=232211561 spawn_end=232211561 spawn_duration_ms=0
[2026-01-30 19:56:10.544] [info] [spider.worker] [TIMING] task_id=01f7e037-f19c-4c8d-a390-6f49f2b42574 func=job_orchestration.executor.query.spider_search_task.search_without_channel execution_start=232211562 execution_end=232212753 execution_duration_ms=1190
[2026-01-30 19:56:10.610] [info] [spider.worker] [TIMING] task_id=01f7e037-f19c-4c8d-a390-6f49f2b42574 func=job_orchestration.executor.query.spider_search_task.search_without_channel submit_output_start=232212754 submit_output_end=232212818 submit_output_duration_ms=63
[2026-01-30 19:56:10.645] [info] [spider.worker] [TIMING] task_id=f3e07ab2-a738-495b-b49e-4fc451be132d func=job_orchestration.executor.query.spider_search_task.search_without_channel fetch_input_start=232212853 fetch_input_end=232212854 fetch_input_duration_ms=0
[2026-01-30 19:56:10.646] [info] [spider.worker] [TIMING] task_id=f3e07ab2-a738-495b-b49e-4fc451be132d func=job_orchestration.executor.query.spider_search_task.search_without_channel input_send_start=232212854 input_send_end=232212854 input_send_duration_ms=0 bytes=626
[2026-01-30 19:56:10.646] [info] [spider.worker] [TIMING] task_id=f3e07ab2-a738-495b-b49e-4fc451be132d func=job_orchestration.executor.query.spider_search_task.search_without_channel spawn_start=232212854 spawn_end=232212854 spawn_duration_ms=0
[2026-01-30 19:56:11.886] [info] [spider.worker] [TIMING] task_id=f3e07ab2-a738-495b-b49e-4fc451be132d func=job_orchestration.executor.query.spider_search_task.search_without_channel execution_start=232212855 execution_end=232214094 execution_duration_ms=1239
[2026-01-30 19:56:11.953] [info] [spider.worker] [TIMING] task_id=f3e07ab2-a738-495b-b49e-4fc451be132d func=job_orchestration.executor.query.spider_search_task.search_without_channel submit_output_start=232214096 submit_output_end=232214162 submit_output_duration_ms=65
[2026-01-30 19:56:11.972] [info] [spider.worker] [TIMING] task_id=7b24799a-6aa0-4c95-ade6-49165e5f5a1f func=job_orchestration.executor.query.spider_search_task.search_without_channel fetch_input_start=232214179 fetch_input_end=232214180 fetch_input_duration_ms=1
[2026-01-30 19:56:11.972] [info] [spider.worker] [TIMING] task_id=7b24799a-6aa0-4c95-ade6-49165e5f5a1f func=job_orchestration.executor.query.spider_search_task.search_without_channel input_send_start=232214181 input_send_end=232214181 input_send_duration_ms=0 bytes=626
[2026-01-30 19:56:11.972] [info] [spider.worker] [TIMING] task_id=7b24799a-6aa0-4c95-ade6-49165e5f5a1f func=job_orchestration.executor.query.spider_search_task.search_without_channel spawn_start=232214180 spawn_end=232214181 spawn_duration_ms=0
[2026-01-30 19:56:13.438] [info] [spider.worker] [TIMING] task_id=7b24799a-6aa0-4c95-ade6-49165e5f5a1f func=job_orchestration.executor.query.spider_search_task.search_without_channel execution_start=232214181 execution_end=232215646 execution_duration_ms=1465
[2026-01-30 19:56:13.452] [info] [spider.worker] [TIMING] task_id=7b24799a-6aa0-4c95-ade6-49165e5f5a1f func=job_orchestration.executor.query.spider_search_task.search_without_channel submit_output_start=232215648 submit_output_end=232215660 submit_output_duration_ms=12
[2026-01-30 19:56:13.472] [info] [spider.worker] [TIMING] task_id=0c5b3b5c-ece7-48d6-a879-ff27eafdeebb func=job_orchestration.executor.query.spider_search_task.search_without_channel fetch_input_start=232215679 fetch_input_end=232215680 fetch_input_duration_ms=1
[2026-01-30 19:56:13.472] [info] [spider.worker] [TIMING] task_id=0c5b3b5c-ece7-48d6-a879-ff27eafdeebb func=job_orchestration.executor.query.spider_search_task.search_without_channel input_send_start=232215681 input_send_end=232215681 input_send_duration_ms=0 bytes=626
[2026-01-30 19:56:13.472] [info] [spider.worker] [TIMING] task_id=0c5b3b5c-ece7-48d6-a879-ff27eafdeebb func=job_orchestration.executor.query.spider_search_task.search_without_channel spawn_start=232215680 spawn_end=232215681 spawn_duration_ms=0
[2026-01-30 19:56:14.707] [info] [spider.worker] [TIMING] task_id=0c5b3b5c-ece7-48d6-a879-ff27eafdeebb func=job_orchestration.executor.query.spider_search_task.search_without_channel execution_start=232215681 execution_end=232216915 execution_duration_ms=1233
[2026-01-30 19:56:14.737] [info] [spider.worker] [TIMING] task_id=0c5b3b5c-ece7-48d6-a879-ff27eafdeebb func=job_orchestration.executor.query.spider_search_task.search_without_channel submit_output_start=232216916 submit_output_end=232216945 submit_output_duration_ms=28
[2026-01-30 19:56:14.781] [info] [spider.worker] [TIMING] task_id=7b4d2394-52a1-4008-934c-23ff0133bc10 func=job_orchestration.executor.query.spider_search_task.search_without_channel fetch_input_start=232216988 fetch_input_end=232216989 fetch_input_duration_ms=1
[2026-01-30 19:56:14.781] [info] [spider.worker] [TIMING] task_id=7b4d2394-52a1-4008-934c-23ff0133bc10 func=job_orchestration.executor.query.spider_search_task.search_without_channel input_send_start=232216989 input_send_end=232216989 input_send_duration_ms=0 bytes=626
[2026-01-30 19:56:14.781] [info] [spider.worker] [TIMING] task_id=7b4d2394-52a1-4008-934c-23ff0133bc10 func=job_orchestration.executor.query.spider_search_task.search_without_channel spawn_start=232216989 spawn_end=232216990 spawn_duration_ms=0
[2026-01-30 19:56:16.132] [info] [spider.worker] [TIMING] task_id=7b4d2394-52a1-4008-934c-23ff0133bc10 func=job_orchestration.executor.query.spider_search_task.search_without_channel execution_start=232216990 execution_end=232218340 execution_duration_ms=1350
[2026-01-30 19:56:16.145] [info] [spider.worker] [TIMING] task_id=7b4d2394-52a1-4008-934c-23ff0133bc10 func=job_orchestration.executor.query.spider_search_task.search_without_channel submit_output_start=232218342 submit_output_end=232218353 submit_output_duration_ms=11
[2026-01-30 19:56:16.184] [info] [spider.worker] [TIMING] task_id=c0b36cda-34ff-441f-937f-61007a5caff9 func=job_orchestration.executor.query.spider_search_task.search_without_channel fetch_input_start=232218392 fetch_input_end=232218392 fetch_input_duration_ms=0
[2026-01-30 19:56:16.184] [info] [spider.worker] [TIMING] task_id=c0b36cda-34ff-441f-937f-61007a5caff9 func=job_orchestration.executor.query.spider_search_task.search_without_channel input_send_start=232218393 input_send_end=232218393 input_send_duration_ms=0 bytes=626
[2026-01-30 19:56:16.185] [info] [spider.worker] [TIMING] task_id=c0b36cda-34ff-441f-937f-61007a5caff9 func=job_orchestration.executor.query.spider_search_task.search_without_channel spawn_start=232218392 spawn_end=232218393 spawn_duration_ms=0
[2026-01-30 19:56:17.343] [info] [spider.worker] [TIMING] task_id=c0b36cda-34ff-441f-937f-61007a5caff9 func=job_orchestration.executor.query.spider_search_task.search_without_channel execution_start=232218393 execution_end=232219552 execution_duration_ms=1158
[2026-01-30 19:56:17.392] [info] [spider.worker] [TIMING] task_id=c0b36cda-34ff-441f-937f-61007a5caff9 func=job_orchestration.executor.query.spider_search_task.search_without_channel submit_output_start=232219554 submit_output_end=232219600 submit_output_duration_ms=46
[2026-01-30 19:56:17.415] [info] [spider.worker] [TIMING] task_id=7fd964e6-dd0b-4aa9-80e9-8a631bb70d61 func=job_orchestration.executor.query.spider_search_task.search_without_channel fetch_input_start=232219622 fetch_input_end=232219623 fetch_input_duration_ms=1
[2026-01-30 19:56:17.415] [info] [spider.worker] [TIMING] task_id=7fd964e6-dd0b-4aa9-80e9-8a631bb70d61 func=job_orchestration.executor.query.spider_search_task.search_without_channel input_send_start=232219624 input_send_end=232219624 input_send_duration_ms=0 bytes=626
[2026-01-30 19:56:17.415] [info] [spider.worker] [TIMING] task_id=7fd964e6-dd0b-4aa9-80e9-8a631bb70d61 func=job_orchestration.executor.query.spider_search_task.search_without_channel spawn_start=232219623 spawn_end=232219624 spawn_duration_ms=0
[2026-01-30 19:56:19.107] [info] [spider.worker] [TIMING] task_id=7fd964e6-dd0b-4aa9-80e9-8a631bb70d61 func=job_orchestration.executor.query.spider_search_task.search_without_channel execution_start=232219624 execution_end=232221316 execution_duration_ms=1691
[2026-01-30 19:56:19.139] [info] [spider.worker] [TIMING] task_id=7fd964e6-dd0b-4aa9-80e9-8a631bb70d61 func=job_orchestration.executor.query.spider_search_task.search_without_channel submit_output_start=232221318 submit_output_end=232221347 submit_output_duration_ms=29
[2026-01-30 19:56:19.165] [info] [spider.worker] [TIMING] task_id=c7cdbc76-b821-41af-8bc5-f6d2ca989488 func=job_orchestration.executor.query.spider_search_task.search_without_channel fetch_input_start=232221373 fetch_input_end=232221373 fetch_input_duration_ms=0
[2026-01-30 19:56:19.166] [info] [spider.worker] [TIMING] task_id=c7cdbc76-b821-41af-8bc5-f6d2ca989488 func=job_orchestration.executor.query.spider_search_task.search_without_channel input_send_start=232221374 input_send_end=232221374 input_send_duration_ms=0 bytes=626
[2026-01-30 19:56:19.166] [info] [spider.worker] [TIMING] task_id=c7cdbc76-b821-41af-8bc5-f6d2ca989488 func=job_orchestration.executor.query.spider_search_task.search_without_channel spawn_start=232221373 spawn_end=232221374 spawn_duration_ms=0
[2026-01-30 19:56:20.486] [info] [spider.worker] [TIMING] task_id=c7cdbc76-b821-41af-8bc5-f6d2ca989488 func=job_orchestration.executor.query.spider_search_task.search_without_channel execution_start=232221374 execution_end=232222694 execution_duration_ms=1320
[2026-01-30 19:56:20.504] [info] [spider.worker] [TIMING] task_id=c7cdbc76-b821-41af-8bc5-f6d2ca989488 func=job_orchestration.executor.query.spider_search_task.search_without_channel submit_output_start=232222696 submit_output_end=232222713 submit_output_duration_ms=16
[2026-01-30 19:56:20.536] [info] [spider.worker] [TIMING] task_id=9ce0f61b-3c0f-4297-964a-2349976671c0 func=job_orchestration.executor.query.spider_search_task.search_without_channel fetch_input_start=232222743 fetch_input_end=232222745 fetch_input_duration_ms=1
[2026-01-30 19:56:20.537] [info] [spider.worker] [TIMING] task_id=9ce0f61b-3c0f-4297-964a-2349976671c0 func=job_orchestration.executor.query.spider_search_task.search_without_channel input_send_start=232222745 input_send_end=232222745 input_send_duration_ms=0 bytes=626
[2026-01-30 19:56:20.537] [info] [spider.worker] [TIMING] task_id=9ce0f61b-3c0f-4297-964a-2349976671c0 func=job_orchestration.executor.query.spider_search_task.search_without_channel spawn_start=232222745 spawn_end=232222745 spawn_duration_ms=0
[2026-01-30 19:56:21.678] [info] [spider.worker] [TIMING] task_id=9ce0f61b-3c0f-4297-964a-2349976671c0 func=job_orchestration.executor.query.spider_search_task.search_without_channel execution_start=232222746 execution_end=232223887 execution_duration_ms=1141
[2026-01-30 19:56:21.688] [info] [spider.worker] [TIMING] task_id=9ce0f61b-3c0f-4297-964a-2349976671c0 func=job_orchestration.executor.query.spider_search_task.search_without_channel submit_output_start=232223889 submit_output_end=232223896 submit_output_duration_ms=7
[2026-01-30 19:56:21.699] [info] [spider.worker] [TIMING] task_id=2732b384-6e7d-49da-a953-908624eb97de func=job_orchestration.executor.query.spider_search_task.search_without_channel fetch_input_start=232223906 fetch_input_end=232223907 fetch_input_duration_ms=1
[2026-01-30 19:56:21.700] [info] [spider.worker] [TIMING] task_id=2732b384-6e7d-49da-a953-908624eb97de func=job_orchestration.executor.query.spider_search_task.search_without_channel input_send_start=232223908 input_send_end