[2026-01-30 14:53:05.932] [warning] [spider.worker] Prefer using `SPIDER_STORAGE_URL` environment variable over `--storage_url` argument.
[2026-01-30 14:53:48.467] [info] [spider.worker] [TIMING] task_id=c2cc65bd-b2ce-4d1e-9f1d-add7c731749e func=job_orchestration.executor.compress.spider_compress.compress fetch_input_start=214070674 fetch_input_end=214070676 fetch_input_duration_ms=1
[2026-01-30 14:53:57.813] [info] [spider.worker] [TIMING] task_id=c2cc65bd-b2ce-4d1e-9f1d-add7c731749e func=job_orchestration.executor.compress.spider_compress.compress execution_start=214070677 execution_end=214080021 execution_duration_ms=9344
[2026-01-30 14:53:57.881] [info] [spider.worker] [TIMING] task_id=c2cc65bd-b2ce-4d1e-9f1d-add7c731749e func=job_orchestration.executor.compress.spider_compress.compress submit_output_start=214080032 submit_output_end=214080090 submit_output_duration_ms=58
[2026-01-30 14:53:57.913] [info] [spider.worker] [TIMING] task_id=5d43f86e-1c20-4d86-82ad-347b2fc98ffb func=job_orchestration.executor.compress.spider_compress.compress fetch_input_start=214080120 fetch_input_end=214080121 fetch_input_duration_ms=0
[2026-01-30 14:54:14.943] [info] [spider.worker] [TIMING] task_id=5d43f86e-1c20-4d86-82ad-347b2fc98ffb func=job_orchestration.executor.compress.spider_compress.compress execution_start=214080122 execution_end=214097151 execution_duration_ms=17029
[2026-01-30 14:54:14.959] [info] [spider.worker] [TIMING] task_id=5d43f86e-1c20-4d86-82ad-347b2fc98ffb func=job_orchestration.executor.compress.spider_compress.compress submit_output_start=214097153 submit_output_end=214097167 submit_output_duration_ms=14
[2026-01-30 14:54:14.979] [info] [spider.worker] [TIMING] task_id=c5d7b9e9-268d-41e0-a363-8910884cc4d2 func=job_orchestration.executor.compress.spider_compress.compress fetch_input_start=214097186 fetch_input_end=214097187 fetch_input_duration_ms=1
[2026-01-30 14:54:24.237] [info] [spider.worker] [TIMING] task_id=c5d7b9e9-268d-41e0-a363-8910884cc4d2 func=job_orchestration.executor.compress.spider_compress.compress execution_start=214097188 execution_end=214106445 execution_duration_ms=9257
[2026-01-30 14:54:24.274] [info] [spider.worker] [TIMING] task_id=c5d7b9e9-268d-41e0-a363-8910884cc4d2 func=job_orchestration.executor.compress.spider_compress.compress submit_output_start=214106447 submit_output_end=214106482 submit_output_duration_ms=35
[2026-01-30 14:54:24.294] [info] [spider.worker] [TIMING] task_id=c2c922f2-9b6d-4595-98dd-e67d04995fb8 func=job_orchestration.executor.compress.spider_compress.compress fetch_input_start=214106501 fetch_input_end=214106502 fetch_input_duration_ms=0
[2026-01-30 14:54:35.502] [info] [spider.worker] [TIMING] task_id=c2c922f2-9b6d-4595-98dd-e67d04995fb8 func=job_orchestration.executor.compress.spider_compress.compress execution_start=214106503 execution_end=214117710 execution_duration_ms=11207
[2026-01-30 14:54:35.516] [info] [spider.worker] [TIMING] task_id=c2c922f2-9b6d-4595-98dd-e67d04995fb8 func=job_orchestration.executor.compress.spider_compress.compress submit_output_start=214117712 submit_output_end=214117724 submit_output_duration_ms=12
[2026-01-30 14:54:35.526] [info] [spider.worker] [TIMING] task_id=37779786-7343-4d99-849f-a275bfe8b2a9 func=job_orchestration.executor.compress.spider_compress.compress fetch_input_start=214117734 fetch_input_end=214117735 fetch_input_duration_ms=0
[2026-01-30 14:54:46.012] [info] [spider.worker] [TIMING] task_id=37779786-7343-4d99-849f-a275bfe8b2a9 func=job_orchestration.executor.compress.spider_compress.compress execution_start=214117735 execution_end=214128221 execution_duration_ms=10485
[2026-01-30 14:54:46.063] [info] [spider.worker] [TIMING] task_id=37779786-7343-4d99-849f-a275bfe8b2a9 func=job_orchestration.executor.compress.spider_compress.compress submit_output_start=214128222 submit_output_end=214128271 submit_output_duration_ms=48
[2026-01-30 14:54:46.085] [info] [spider.worker] [TIMING] task_id=3b78213b-12a4-4d34-9d51-656fbbf7715a func=job_orchestration.executor.compress.spider_compress.compress fetch_input_start=214128292 fetch_input_end=214128293 fetch_input_duration_ms=1
[2026-01-30 14:54:56.756] [info] [spider.worker] [TIMING] task_id=3b78213b-12a4-4d34-9d51-656fbbf7715a func=job_orchestration.executor.compress.spider_compress.compress execution_start=214128294 execution_end=214138964 execution_duration_ms=10669
[2026-01-30 14:54:56.765] [info] [spider.worker] [TIMING] task_id=3b78213b-12a4-4d34-9d51-656fbbf7715a func=job_orchestration.executor.compress.spider_compress.compress submit_output_start=214138966 submit_output_end=214138973 submit_output_duration_ms=7
[2026-01-30 14:54:56.776] [info] [spider.worker] [TIMING] task_id=47f08c0f-daf1-455d-b463-3cb9a7939d73 func=job_orchestration.executor.compress.spider_compress.compress fetch_input_start=214138983 fetch_input_end=214138984 fetch_input_duration_ms=0
[2026-01-30 14:55:23.596] [info] [spider.worker] [TIMING] task_id=47f08c0f-daf1-455d-b463-3cb9a7939d73 func=job_orchestration.executor.compress.spider_compress.compress execution_start=214138985 execution_end=214165804 execution_duration_ms=26819
[2026-01-30 14:55:23.614] [info] [spider.worker] [TIMING] task_id=47f08c0f-daf1-455d-b463-3cb9a7939d73 func=job_orchestration.executor.compress.spider_compress.compress submit_output_start=214165806 submit_output_end=214165822 submit_output_duration_ms=15
[2026-01-30 14:55:23.632] [info] [spider.worker] [TIMING] task_id=e43c99c9-1e59-41ed-9a6e-bb4babe16438 func=job_orchestration.executor.compress.spider_compress.compress fetch_input_start=214165840 fetch_input_end=214165841 fetch_input_duration_ms=0
[2026-01-30 14:55:34.595] [info] [spider.worker] [TIMING] task_id=e43c99c9-1e59-41ed-9a6e-bb4babe16438 func=job_orchestration.executor.compress.spider_compress.compress execution_start=214165841 execution_end=214176803 execution_duration_ms=10962
[2026-01-30 14:55:34.625] [info] [spider.worker] [TIMING] task_id=e43c99c9-1e59-41ed-9a6e-bb4babe16438 func=job_orchestration.executor.compress.spider_compress.compress submit_output_start=214176805 submit_output_end=214176833 submit_output_duration_ms=28
[2026-01-30 14:55:34.650] [info] [spider.worker] [TIMING] task_id=f3ba0bf3-649c-4d3a-894c-32bf499fa59d func=job_orchestration.executor.compress.spider_compress.compress fetch_input_start=214176857 fetch_input_end=214176858 fetch_input_duration_ms=1
[2026-01-30 14:56:05.736] [info] [spider.worker] [TIMING] task_id=f3ba0bf3-649c-4d3a-894c-32bf499fa59d func=job_orchestration.executor.compress.spider_compress.compress execution_start=214176859 execution_end=214207945 execution_duration_ms=31085
[2026-01-30 14:56:05.795] [info] [spider.worker] [TIMING] task_id=f3ba0bf3-649c-4d3a-894c-32bf499fa59d func=job_orchestration.executor.compress.spider_compress.compress submit_output_start=214207947 submit_output_end=214208003 submit_output_duration_ms=56
[2026-01-30 14:56:05.814] [info] [spider.worker] [TIMING] task_id=86dfdd63-f31a-4d09-9f3b-5ef12fd59999 func=job_orchestration.executor.compress.spider_compress.compress fetch_input_start=214208021 fetch_input_end=214208023 fetch_input_duration_ms=1
[2026-01-30 14:56:51.889] [info] [spider.worker] [TIMING] task_id=86dfdd63-f31a-4d09-9f3b-5ef12fd59999 func=job_orchestration.executor.compress.spider_compress.compress execution_start=214208023 execution_end=214254098 execution_duration_ms=46074
[2026-01-30 14:56:51.933] [info] [spider.worker] [TIMING] task_id=86dfdd63-f31a-4d09-9f3b-5ef12fd59999 func=job_orchestration.executor.compress.spider_compress.compress submit_output_start=214254099 submit_output_end=214254141 submit_output_duration_ms=41
[2026-01-30 14:56:51.953] [info] [spider.worker] [TIMING] task_id=c754eb92-1a1a-4124-8e69-334e6675fdcd func=job_orchestration.executor.compress.spider_compress.compress fetch_input_start=214254161 fetch_input_end=214254161 fetch_input_duration_ms=0
[2026-01-30 14:57:12.785] [info] [spider.worker] [TIMING] task_id=c754eb92-1a1a-4124-8e69-334e6675fdcd func=job_orchestration.executor.compress.spider_compress.compress execution_start=214254162 execution_end=214274993 execution_duration_ms=20830
[2026-01-30 14:57:12.827] [info] [spider.worker] [TIMING] task_id=c754eb92-1a1a-4124-8e69-334e6675fdcd func=job_orchestration.executor.compress.spider_compress.compress submit_output_start=214274995 submit_output_end=214275035 submit_output_duration_ms=40
[2026-01-30 14:57:12.844] [info] [spider.worker] [TIMING] task_id=956d4caf-b9cb-40d0-ad61-19a83a575187 func=job_orchestration.executor.compress.spider_compress.compress fetch_input_start=214275051 fetch_input_end=214275053 fetch_input_duration_ms=1
[2026-01-30 14:57:23.397] [info] [spider.worker] [TIMING] task_id=956d4caf-b9cb-40d0-ad61-19a83a575187 func=job_orchestration.executor.compress.spider_compress.compress execution_start=214275053 execution_end=214285606 execution_duration_ms=10552
[2026-01-30 14:57:23.435] [info] [spider.worker] [TIMING] task_id=956d4caf-b9cb-40d0-ad61-19a83a575187 func=job_orchestration.executor.compress.spider_compress.compress submit_output_start=214285608 submit_output_end=214285643 submit_output_duration_ms=35
[2026-01-30 14:57:23.452] [info] [spider.worker] [TIMING] task_id=90222ab9-6d99-4614-8d38-815ae0396910 func=job_orchestration.executor.compress.spider_compress.compress fetch_input_start=214285659 fetch_input_end=214285660 fetch_input_duration_ms=1
[2026-01-30 14:57:42.757] [info] [spider.worker] [TIMING] task_id=90222ab9-6d99-4614-8d38-815ae0396910 func=job_orchestration.executor.compress.spider_compress.compress execution_start=214285661 execution_end=214304965 execution_duration_ms=19303
[2026-01-30 14:57:42.880] [info] [spider.worker] [TIMING] task_id=90222ab9-6d99-4614-8d38-815ae0396910 func=job_orchestration.executor.compress.spider_compress.compress submit_output_start=214304967 submit_output_end=214305088 submit_output_duration_ms=121
[2026-01-30 14:57:42.923] [info] [spider.worker] [TIMING] task_id=98c4db63-29c1-47d9-8b02-0d54b0e8d302 func=job_orchestration.executor.compress.spider_compress.compress fetch_input_start=214305131 fetch_input_end=214305132 fetch_input_duration_ms=1
[2026-01-30 14:58:05.190] [info] [spider.worker] [TIMING] task_id=98c4db63-29c1-47d9-8b02-0d54b0e8d302 func=job_orchestration.executor.compress.spider_compress.compress execution_start=214305132 execution_end=214327398 execution_duration_ms=22265
[2026-01-30 14:58:05.206] [info] [spider.worker] [TIMING] task_id=98c4db63-29c1-47d9-8b02-0d54b0e8d302 func=job_orchestration.executor.compress.spider_compress.compress submit_output_start=214327400 submit_output_end=214327414 submit_output_duration_ms=14
[2026-01-30 14:58:05.225] [info] [spider.worker] [TIMING] task_id=29d8fabe-ceb4-4e49-89a7-43b100869c90 func=job_orchestration.executor.compress.spider_compress.compress fetch_input_start=214327433 fetch_input_end=214327433 fetch_input_duration_ms=0
[2026-01-30 14:58:40.851] [info] [spider.worker] [TIMING] task_id=29d8fabe-ceb4-4e49-89a7-43b100869c90 func=job_orchestration.executor.compress.spider_compress.compress execution_start=214327434 execution_end=214363059 execution_duration_ms=35624
[2026-01-30 14:58:40.863] [info] [spider.worker] [TIMING] task_id=29d8fabe-ceb4-4e49-89a7-43b100869c90 func=job_orchestration.executor.compress.spider_compress.compress submit_output_start=214363061 submit_output_end=214363071 submit_output_duration_ms=10
[2026-01-30 14:58:40.882] [info] [spider.worker] [TIMING] task_id=4ac19759-d3a7-43cb-af55-e289b1de4ace func=job_orchestration.executor.compress.spider_compress.compress fetch_input_start=214363089 fetch_input_end=214363090 fetch_input_duration_ms=1
[2026-01-30 14:58:54.653] [info] [spider.worker] [TIMING] task_id=4ac19759-d3a7-43cb-af55-e289b1de4ace func=job_orchestration.executor.compress.spider_compress.compress execution_start=214363091 execution_end=214376862 execution_duration_ms=13770
[2026-01-30 14:58:54.745] [info] [spider.worker] [TIMING] task_id=4ac19759-d3a7-43cb-af55-e289b1de4ace func=job_orchestration.executor.compress.spider_compress.compress submit_output_start=214376864 submit_output_end=214376953 submit_output_duration_ms=89
[2026-01-30 14:58:54.756] [info] [spider.worker] [TIMING] task_id=17f3f7a0-0ce9-48e3-9e93-0748c343579c func=job_orchestration.executor.compress.spider_compress.compress fetch_input_start=214376963 fetch_input_end=214376964 fetch_input_duration_ms=1
[2026-01-30 14:59:09.171] [info] [spider.worker] [TIMING] task_id=17f3f7a0-0ce9-48e3-9e93-0748c343579c func=job_orchestration.executor.compress.spider_compress.compress execution_start=214376965 execution_end=214391380 execution_duration_ms=14414
[2026-01-30 14:59:09.178] [info] [spider.worker] [TIMING] task_id=17f3f7a0-0ce9-48e3-9e93-0748c343579c func=job_orchestration.executor.compress.spider_compress.compress submit_output_start=214391382 submit_output_end=214391387 submit_output_duration_ms=4
[2026-01-30 14:59:09.211] [info] [spider.worker] [TIMING] task_id=192b38b5-3201-4dd1-b4a8-c4e403c16a1a func=job_orchestration.executor.compress.spider_compress.compress fetch_input_start=214391418 fetch_input_end=214391419 fetch_input_duration_ms=1
[2026-01-30 14:59:19.180] [info] [spider.worker] [TIMING] task_id=192b38b5-3201-4dd1-b4a8-c4e403c16a1a func=job_orchestration.executor.compress.spider_compress.compress execution_start=214391420 execution_end=214401388 execution_duration_ms=9968
[2026-01-30 14:59:19.195] [info] [spider.worker] [TIMING] task_id=192b38b5-3201-4dd1-b4a8-c4e403c16a1a func=job_orchestration.executor.compress.spider_compress.compress submit_output_start=214401390 submit_output_end=214401403 submit_output_duration_ms=13
[2026-01-30 14:59:19.215] [info] [spider.worker] [TIMING] task_id=f33cb983-ef1f-416c-aa1c-46f0743851e6 func=job_orchestration.executor.compress.spider_compress.compress fetch_input_start=214401422 fetch_input_end=214401423 fetch_input_duration_ms=1
[2026-01-30 15:00:02.306] [info] [spider.worker] [TIMING] task_id=f33cb983-ef1f-416c-aa1c-46f0743851e6 func=job_orchestration.executor.compress.spider_compress.compress execution_start=214401424 execution_end=214444514 execution_duration_ms=43090
[2026-01-30 15:00:02.328] [info] [spider.worker] [TIMING] task_id=f33cb983-ef1f-416c-aa1c-46f0743851e6 func=job_orchestration.executor.compress.spider_compress.compress submit_output_start=214444516 submit_output_end=214444537 submit_output_duration_ms=20
[2026-01-30 15:00:02.365] [info] [spider.worker] [TIMING] task_id=759ef52b-d435-41ef-8167-5c7dd28a5e8d func=job_orchestration.executor.compress.spider_compress.compress fetch_input_start=214444572 fetch_input_end=214444573 fetch_input_duration_ms=0
[2026-01-30 15:00:21.792] [info] [spider.worker] [TIMING] task_id=759ef52b-d435-41ef-8167-5c7dd28a5e8d func=job_orchestration.executor.compress.spider_compress.compress execution_start=214444574 execution_end=214464001 execution_duration_ms=19426
[2026-01-30 15:00:21.886] [info] [spider.worker] [TIMING] task_id=759ef52b-d435-41ef-8167-5c7dd28a5e8d func=job_orchestration.executor.compress.spider_compress.compress submit_output_start=214464007 submit_output_end=214464094 submit_output_duration_ms=87
[2026-01-30 15:00:21.914] [info] [spider.worker] [TIMING] task_id=f077b5a6-022d-46d9-94f3-9982bd0456ae func=job_orchestration.executor.compress.spider_compress.compress fetch_input_start=214464121 fetch_input_end=214464122 fetch_input_duration_ms=0
[2026-01-30 15:00:32.777] [info] [spider.worker] [TIMING] task_id=f077b5a6-022d-46d9-94f3-9982bd0456ae func=job_orchestration.executor.compress.spider_compress.compress execution_start=214464122 execution_end=214474986 execution_duration_ms=10863
[2026-01-30 15:00:32.794] [info] [spider.worker] [TIMING] task_id=f077b5a6-022d-46d9-94f3-9982bd0456ae func=job_orchestration.executor.compress.spider_compress.compress submit_output_start=214474987 submit_output_end=214475002 submit_output_duration_ms=15
[2026-01-30 15:00:32.822] [info] [spider.worker] [TIMING] task_id=aa0c53df-3859-4d52-8c41-5b21896acdaa func=job_orchestration.executor.compress.spider_compress.compress fetch_input_start=214475029 fetch_input_end=214475030 fetch_input_duration_ms=0
[2026-01-30 15:00:48.026] [info] [spider.worker] [TIMING] task_id=aa0c53df-3859-4d52-8c41-5b21896acdaa func=job_orchestration.executor.compress.spider_compress.compress execution_start=214475031 execution_end=214490234 execution_duration_ms=15203
[2026-01-30 15:00:48.054] [info] [spider.worker] [TIMING] task_id=aa0c53df-3859-4d52-8c41-5b21896acdaa func=job_orchestration.executor.compress.spider_compress.compress submit_output_start=214490236 submit_output_end=214490262 submit_output_duration_ms=26
[2026-01-30 15:00:48.081] [info] [spider.worker] [TIMING] task_id=109d5e5f-b865-4af5-89df-20ae880e02b4 func=job_orchestration.executor.compress.spider_compress.compress fetch_input_start=214490287 fetch_input_end=214490289 fetch_input_duration_ms=1
[2026-01-30 15:01:42.022] [info] [spider.worker] [TIMING] task_id=109d5e5f-b865-4af5-89df-20ae880e02b4 func=job_orchestration.executor.compress.spider_compress.compress execution_start=214490290 execution_end=214544230 execution_duration_ms=53940
[2026-01-30 15:01:42.066] [info] [spider.worker] [TIMING] task_id=109d5e5f-b865-4af5-89df-20ae880e02b4 func=job_orchestration.executor.compress.spider_compress.compress submit_output_start=214544232 submit_output_end=214544274 submit_output_duration_ms=42
[2026-01-30 15:01:42.096] [info] [spider.worker] [TIMING] task_id=523d588e-3ca0-4a8b-ace6-a18ca5c0b384 func=job_orchestration.executor.compress.spider_compress.compress fetch_input_start=214544303 fetch_input_end=214544305 fetch_input_duration_ms=1
[2026-01-30 15:01:52.470] [info] [spider.worker] [TIMING] task_id=523d588e-3ca0-4a8b-ace6-a18ca5c0b384 func=job_orchestration.executor.compress.spider_compress.compress execution_start=214544306 execution_end=214554678 execution_duration_ms=10372
[2026-01-30 15:01:52.492] [info] [spider.worker] [TIMING] task_id=523d588e-3ca0-4a8b-ace6-a18ca5c0b384 func=job_orchestration.executor.compress.spider_compress.compress submit_output_start=214554681 submit_output_end=214554700 submit_output_duration_ms=19
[2026-01-30 15:01:52.572] [info] [spider.worker] [TIMING] task_id=96ebc6d2-acb3-4b1c-82e9-5275610599dd func=job_orchestration.executor.compress.spider_compress.compress fetch_input_start=214554779 fetch_input_end=214554781 fetch_input_duration_ms=1
[2026-01-30 15:02:04.446] [info] [spider.worker] [TIMING] task_id=96ebc6d2-acb3-4b1c-82e9-5275610599dd func=job_orchestration.executor.compress.spider_compress.compress execution_start=214554781 execution_end=214566654 execution_duration_ms=11873
[2026-01-30 15:02:04.478] [info] [spider.worker] [TIMING] task_id=96ebc6d2-acb3-4b1c-82e9-5275610599dd func=job_orchestration.executor.compress.spider_compress.compress submit_output_start=214566656 submit_output_end=214566687 submit_output_duration_ms=30
[2026-01-30 15:02:04.494] [info] [spider.worker] [TIMING] task_id=cf2ae690-b965-481f-9ace-87b846bb74d2 func=job_orchestration.executor.compress.spider_compress.compress fetch_input_start=214566701 fetch_input_end=214566702 fetch_input_duration_ms=1
[2026-01-30 15:02:29.231] [info] [spider.worker] [TIMING] task_id=cf2ae690-b965-481f-9ace-87b846bb74d2 func=job_orchestration.executor.compress.spider_compress.compress execution_start=214566703 execution_end=214591439 execution_duration_ms=24736
[2026-01-30 15:02:29.249] [info] [spider.worker] [TIMING] task_id=cf2ae690-b965-481f-9ace-87b846bb74d2 func=job_orchestration.executor.compress.spider_compress.compress submit_output_start=214591441 submit_output_end=214591457 submit_output_duration_ms=16
[2026-01-30 15:02:29.278] [info] [spider.worker] [TIMING] task_id=114c9314-37b1-45d1-9b33-4852f82db585 func=job_orchestration.executor.compress.spider_compress.compress fetch_input_start=214591485 fetch_input_end=214591486 fetch_input_duration_ms=0
[2026-01-30 15:02:44.060] [info] [spider.worker] [TIMING] task_id=114c9314-37b1-45d1-9b33-4852f82db585 func=job_orchestration.executor.compress.spider_compress.compress execution_start=214591487 execution_end=214606268 execution_duration_ms=14781
[2026-01-30 15:02:44.108] [info] [spider.worker] [TIMING] task_id=114c9314-37b1-45d1-9b33-4852f82db585 func=job_orchestration.executor.compress.spider_compress.compress submit_output_start=214606278 submit_output_end=214606317 submit_output_duration_ms=39
[2026-01-30 15:02:44.160] [info] [spider.worker] [TIMING] task_id=63572f73-c85e-4ef0-b642-d5092bb778d5 func=job_orchestration.executor.compress.spider_compress.compress fetch_input_start=214606367 fetch_input_end=214606368 fetch_input_duration_ms=1
[2026-01-30 15:03:07.946] [info] [spider.worker] [TIMING] task_id=63572f73-c85e-4ef0-b642-d5092bb778d5 func=job_orchestration.executor.compress.spider_compress.compress execution_start=214606369 execution_end=214630155 execution_duration_ms=23785
[2026-01-30 15:03:07.965] [info] [spider.worker] [TIMING] task_id=63572f73-c85e-4ef0-b642-d5092bb778d5 func=job_orchestration.executor.compress.spider_compress.compress submit_output_start=214630157 submit_output_end=214630173 submit_output_duration_ms=16
[2026-01-30 15:03:07.984] [info] [spider.worker] [TIMING] task_id=1148ccfb-2f28-405d-96d7-3e658a151afc func=job_orchestration.executor.compress.spider_compress.compress fetch_input_start=214630191 fetch_input_end=214630192 fetch_input_duration_ms=1
[2026-01-30 15:03:17.624] [info] [spider.worker] [TIMING] task_id=1148ccfb-2f28-405d-96d7-3e658a151afc func=job_orchestration.executor.compress.spider_compress.compress execution_start=214630193 execution_end=214639832 execution_duration_ms=9639
[2026-01-30 15:03:17.630] [info] [spider.worker] [TIMING] task_id=1148ccfb-2f28-405d-96d7-3e658a151afc func=job_orchestration.executor.compress.spider_compress.compress submit_output_start=214639834 submit_output_end=214639839 submit_output_duration_ms=4
[2026-01-30 15:03:17.661] [info] [spider.worker] [TIMING] task_id=4f04fe49-bc2e-45e6-8c0d-8e5536a89c3c func=job_orchestration.executor.compress.spider_compress.compress fetch_input_start=214639868 fetch_input_end=214639869 fetch_input_duration_ms=1
[2026-01-30 15:03:57.464] [info] [spider.worker] [TIMING] task_id=4f04fe49-bc2e-45e6-8c0d-8e5536a89c3c func=job_orchestration.executor.compress.spider_compress.compress execution_start=214639870 execution_end=214679672 execution_duration_ms=39802
[2026-01-30 15:03:57.478] [info] [spider.worker] [TIMING] task_id=4f04fe49-bc2e-45e6-8c0d-8e5536a89c3c func=job_orchestration.executor.compress.spider_compress.compress submit_output_start=214679675 submit_output_end=214679686 submit_output_duration_ms=11
[2026-01-30 15:03:57.498] [info] [spider.worker] [TIMING] task_id=b1aaf985-6b02-42e8-9378-5b3c8f3deb75 func=job_orchestration.executor.compress.spider_compress.compress fetch_input_start=214679705 fetch_input_end=214679706 fetch_input_duration_ms=1
[2026-01-30 15:04:35.653] [info] [spider.worker] [TIMING] task_id=b1aaf985-6b02-42e8-9378-5b3c8f3deb75 func=job_orchestration.executor.compress.spider_compress.compress execution_start=214679707 execution_end=214717861 execution_duration_ms=38154
[2026-01-30 15:04:35.666] [info] [spider.worker] [TIMING] task_id=b1aaf985-6b02-42e8-9378-5b3c8f3deb75 func=job_orchestration.executor.compress.spider_compress.compress submit_output_start=214717863 submit_output_end=214717875 submit_output_duration_ms=11
[2026-01-30 15:04:35.677] [info] [spider.worker] [TIMING] task_id=11171a3d-ff1e-435a-92bc-1b86a53356cd func=job_orchestration.executor.compress.spider_compress.compress fetch_input_start=214717884 fetch_input_end=214717885 fetch_input_duration_ms=1
[2026-01-30 15:04:45.450] [info] [spider.worker] [TIMING] task_id=11171a3d-ff1e-435a-92bc-1b86a53356cd func=job_orchestration.executor.compress.spider_compress.compress execution_start=214717886 execution_end=214727658 execution_duration_ms=9772
[2026-01-30 15:04:45.491] [info] [spider.worker] [TIMING] task_id=11171a3d-ff1e-435a-92bc-1b86a53356cd func=job_orchestration.executor.compress.spider_compress.compress submit_output_start=214727660 submit_output_end=214727699 submit_output_duration_ms=39
[2026-01-30 15:04:45.510] [info] [spider.worker] [TIMING] task_id=7c498f97-fa24-4588-b316-5e91c93b4905 func=job_orchestration.executor.compress.spider_compress.compress fetch_input_start=214727717 fetch_input_end=214727718 fetch_input_duration_ms=1
[2026-01-30 15:04:57.469] [info] [spider.worker] [TIMING] task_id=7c498f97-fa24-4588-b316-5e91c93b4905 func=job_orchestration.executor.compress.spider_compress.compress execution_start=214727719 execution_end=214739677 execution_duration_ms=11958
[2026-01-30 15:04:57.481] [info] [spider.worker] [TIMING] task_id=7c498f97-fa24-4588-b316-5e91c93b4905 func=job_orchestration.executor.compress.spider_compress.compress submit_output_start=214739679 submit_output_end=214739690 submit_output_duration_ms=10
[2026-01-30 15:04:57.493] [info] [spider.worker] [TIMING] task_id=794afd52-4b66-4e6c-a1a2-03eb98b34558 func=job_orchestration.executor.compress.spider_compress.compress fetch_input_start=214739700 fetch_input_end=214739701 fetch_input_duration_ms=1
[2026-01-30 15:05:09.595] [info] [spider.worker] [TIMING] task_id=794afd52-4b66-4e6c-a1a2-03eb98b34558 func=job_orchestration.executor.compress.spider_compress.compress execution_start=214739702 execution_end=214751803 execution_duration_ms=12101
[2026-01-30 15:05:09.953] [info] [spider.worker] [TIMING] task_id=794afd52-4b66-4e6c-a1a2-03eb98b34558 func=job_orchestration.executor.compress.spider_compress.compress submit_output_start=214751805 submit_output_end=214752161 submit_output_duration_ms=356
[2026-01-30 15:05:10.125] [info] [spider.worker] [TIMING] task_id=e385c2f5-136d-4fab-ae01-96476bceb15c func=job_orchestration.executor.compress.spider_compress.compress fetch_input_start=214752332 fetch_input_end=214752333 fetch_input_duration_ms=0
[2026-01-30 15:05:23.679] [info] [spider.worker] [TIMING] task_id=e385c2f5-136d-4fab-ae01-96476bceb15c func=job_orchestration.executor.compress.spider_compress.compress execution_start=214752334 execution_end=214765888 execution_duration_ms=13553
[2026-01-30 15:05:23.838] [info] [spider.worker] [TIMING] task_id=e385c2f5-136d-4fab-ae01-96476bceb15c func=job_orchestration.executor.compress.spider_compress.compress submit_output_start=214765890 submit_output_end=214766046 submit_output_duration_ms=155
[2026-01-30 15:05:24.062] [info] [spider.worker] [TIMING] task_id=62c43d6c-923f-4553-9d3f-c51dae33bb23 func=job_orchestration.executor.compress.spider_compress.compress fetch_input_start=214766269 fetch_input_end=214766271 fetch_input_duration_ms=1
[2026-01-30 15:05:36.871] [info] [spider.worker] [TIMING] task_id=62c43d6c-923f-4553-9d3f-c51dae33bb23 func=job_orchestration.executor.compress.spider_compress.compress execution_start=214766271 execution_end=214779079 execution_duration_ms=12808
[2026-01-30 15:05:36.920] [info] [spider.worker] [TIMING] task_id=62c43d6c-923f-4553-9d3f-c51dae33bb23 func=job_orchestration.executor.compress.spider_compress.compress submit_output_start=214779082 submit_output_end=214779128 submit_output_duration_ms=46
[2026-01-30 15:05:36.957] [info] [spider.worker] [TIMING] task_id=e75f62cc-7485-45fe-94f1-fdc6225bc22e func=job_orchestration.executor.compress.spider_compress.compress fetch_input_start=214779164 fetch_input_end=214779165 fetch_input_duration_ms=1
[2026-01-30 15:05:48.482] [info] [spider.worker] [TIMING] task_id=e75f62cc-7485-45fe-94f1-fdc6225bc22e func=job_orchestration.executor.compress.spider_compress.compress execution_start=214779166 execution_end=214790690 execution_duration_ms=11523
[2026-01-30 15:05:48.494] [info] [spider.worker] [TIMING] task_id=e75f62cc-7485-45fe-94f1-fdc6225bc22e func=job_orchestration.executor.compress.spider_compress.compress submit_output_start=214790692 submit_output_end=214790702 submit_output_duration_ms=10
[2026-01-30 15:05:48.504] [info] [spider.worker] [TIMING] task_id=ae75ae6d-410f-44ed-be96-bec191886b92 func=job_orchestration.executor.compress.spider_compress.compress fetch_input_start=214790712 fetch_input_end=214790712 fetch_input_duration_ms=0
[2026-01-30 15:05:58.365] [info] [spider.worker] [TIMING] task_id=ae75ae6d-410f-44ed-be96-bec191886b92 func=job_orchestration.executor.compress.spider_compress.compress execution_start=214790713 execution_end=214800574 execution_duration_ms=9860
[2026-01-30 15:05:58.376] [info] [spider.worker] [TIMING] task_id=ae75ae6d-410f-44ed-be96-bec191886b92 func=job_orchestration.executor.compress.spider_compress.compress submit_output_start=214800575 submit_output_end=214800585 submit_output_duration_ms=9
[2026-01-30 15:05:58.404] [info] [spider.worker] [TIMING] task_id=158e2898-9b6d-4c56-a8d4-1cc0f1302edd func=job_orchestration.executor.compress.spider_compress.compress fetch_input_start=214800612 fetch_input_end=214800613 fetch_input_duration_ms=0
[2026-01-30 15:06:15.501] [info] [spider.worker] [TIMING] task_id=158e2898-9b6d-4c56-a8d4-1cc0f1302edd func=job_orchestration.executor.compress.spider_compress.compress execution_start=214800613 execution_end=214817709 execution_duration_ms=17095
[2026-01-30 15:06:15.517] [info] [spider.worker] [TIMING] task_id=158e2898-9b6d-4c56-a8d4-1cc0f1302edd func=job_orchestration.executor.compress.spider_compress.compress submit_output_start=214817711 submit_output_end=214817725 submit_output_duration_ms=13
[2026-01-30 15:06:15.528] [info] [spider.worker] [TIMING] task_id=6a4f4def-43f0-4b40-bfaf-e3432509d32f func=job_orchestration.executor.compress.spider_compress.compress fetch_input_start=214817736 fetch_input_end=214817737 fetch_input_duration_ms=1
[2026-01-30 15:06:46.249] [info] [spider.worker] [TIMING] task_id=6a4f4def-43f0-4b40-bfaf-e3432509d32f func=job_orchestration.executor.compress.spider_compress.compress execution_start=214817737 execution_end=214848458 execution_duration_ms=30720
[2026-01-30 15:06:46.256] [info] [spider.worker] [TIMING] task_id=6a4f4def-43f0-4b40-bfaf-e3432509d32f func=job_orchestration.executor.compress.spider_compress.compress submit_output_start=214848460 submit_output_end=214848465 submit_output_duration_ms=4
[2026-01-30 15:06:46.276] [info] [spider.worker] [TIMING] task_id=14f30d00-6ecd-40bf-95c0-e21f1c228eed func=job_orchestration.executor.compress.spider_compress.compress fetch_input_start=214848483 fetch_input_end=214848484 fetch_input_duration_ms=0
[2026-01-30 15:06:57.471] [info] [spider.worker] [TIMING] task_id=14f30d00-6ecd-40bf-95c0-e21f1c228eed func=job_orchestration.executor.compress.spider_compress.compress execution_start=214848485 execution_end=214859679 execution_duration_ms=11194
[2026-01-30 15:06:57.481] [info] [spider.worker] [TIMING] task_id=14f30d00-6ecd-40bf-95c0-e21f1c228eed func=job_orchestration.executor.compress.spider_compress.compress submit_output_start=214859681 submit_output_end=214859689 submit_output_duration_ms=8
[2026-01-30 15:06:57.500] [info] [spider.worker] [TIMING] task_id=917c1e09-78a4-4de1-b53a-83d65192db5e func=job_orchestration.executor.compress.spider_compress.compress fetch_input_start=214859707 fetch_input_end=214859708 fetch_input_duration_ms=0
[2026-01-30 15:07:24.238] [info] [spider.worker] [TIMING] task_id=917c1e09-78a4-4de1-b53a-83d65192db5e func=job_orchestration.executor.compress.spider_compress.compress execution_start=214859709 execution_end=214886447 execution_duration_ms=26737
[2026-01-30 15:07:24.254] [info] [spider.worker] [TIMING] task_id=917c1e09-78a4-4de1-b53a-83d65192db5e func=job_orchestration.executor.compress.spider_compress.compress submit_output_start=214886448 submit_output_end=214886462 submit_output_duration_ms=13
[2026-01-30 15:07:24.281] [info] [spider.worker] [TIMING] task_id=07655ccb-d14a-40fe-b8f2-f3703f325cf7 func=job_orchestration.executor.compress.spider_compress.compress fetch_input_start=214886489 fetch_input_end=214886490 fetch_input_duration_ms=1
[2026-01-30 15:07:55.775] [info] [spider.worker] [TIMING] task_id=07655ccb-d14a-40fe-b8f2-f3703f325cf7 func=job_orchestration.executor.compress.spider_compress.compress execution_start=214886490 execution_end=214917983 execution_duration_ms=31492
[2026-01-30 15:07:55.801] [info] [spider.worker] [TIMING] task_id=07655ccb-d14a-40fe-b8f2-f3703f325cf7 func=job_orchestration.executor.compress.spider_compress.compress submit_output_start=214917994 submit_output_end=214918010 submit_output_duration_ms=15
[2026-01-30 15:07:55.821] [info] [spider.worker] [TIMING] task_id=bbca7c6a-560a-4122-a303-f872dce8ae9c func=job_orchestration.executor.compress.spider_compress.compress fetch_input_start=214918028 fetch_input_end=214918029 fetch_input_duration_ms=1
[2026-01-30 15:08:10.562] [info] [spider.worker] [TIMING] task_id=bbca7c6a-560a-4122-a303-f872dce8ae9c func=job_orchestration.executor.compress.spider_compress.compress execution_start=214918030 execution_end=214932771 execution_duration_ms=14741
[2026-01-30 15:08:10.575] [info] [spider.worker] [TIMING] task_id=bbca7c6a-560a-4122-a303-f872dce8ae9c func=job_orchestration.executor.compress.spider_compress.compress submit_output_start=214932773 submit_output_end=214932784 submit_output_duration_ms=10
[2026-01-30 15:08:10.594] [info] [spider.worker] [TIMING] task_id=0f6ef008-adf1-41c5-8e33-baa2f24dee57 func=job_orchestration.executor.compress.spider_compress.compress fetch_input_start=214932802 fetch_input_end=214932803 fetch_input_duration_ms=0
[2026-01-30 15:09:03.469] [info] [spider.worker] [TIMING] task_id=0f6ef008-adf1-41c5-8e33-baa2f24dee57 func=job_orchestration.executor.compress.spider_compress.compress execution_start=214932804 execution_end=214985677 execution_duration_ms=52873
[2026-01-30 15:09:03.505] [info] [spider.worker] [TIMING] task_id=0f6ef008-adf1-41c5-8e33-baa2f24dee57 func=job_orchestration.executor.compress.spider_compress.compress submit_output_start=214985679 submit_output_end=214985713 submit_output_duration_ms=33
[2026-01-30 15:09:03.524] [info] [spider.worker] [TIMING] task_id=f9abf741-a019-46f5-b34f-118136056ae8 func=job_orchestration.executor.compress.spider_compress.compress fetch_input_start=214985731 fetch_input_end=214985733 fetch_input_duration_ms=1
[2026-01-30 15:09:14.998] [info] [spider.worker] [TIMING] task_id=f9abf741-a019-46f5-b34f-118136056ae8 func=job_orchestration.executor.compress.spider_compress.compress execution_start=214985733 execution_end=214997207 execution_duration_ms=11473
[2026-01-30 15:09:15.021] [info] [spider.worker] [TIMING] task_id=f9abf741-a019-46f5-b34f-118136056ae8 func=job_orchestration.executor.compress.spider_compress.compress submit_output_start=214997208 submit_output_end=214997229 submit_output_duration_ms=20
[2026-01-30 15:09:15.100] [info] [spider.worker] [TIMING] task_id=ce29f10b-49e2-4297-af38-63e0164cfa17 func=job_orchestration.executor.compress.spider_compress.compress fetch_input_start=214997307 fetch_input_end=214997308 fetch_input_duration_ms=0
[2026-01-30 15:09:30.474] [info] [spider.worker] [TIMING] task_id=ce29f10b-49e2-4297-af38-63e0164cfa17 func=job_orchestration.executor.compress.spider_compress.compress execution_start=214997309 execution_end=215012682 execution_duration_ms=15372
[2026-01-30 15:09:30.494] [info] [spider.worker] [TIMING] task_id=ce29f10b-49e2-4297-af38-63e0164cfa17 func=job_orchestration.executor.compress.spider_compress.compress submit_output_start=215012684 submit_output_end=215012702 submit_output_duration_ms=18
[2026-01-30 15:09:30.504] [info] [spider.worker] [TIMING] task_id=1bf1c065-073d-4c20-b695-fd0386e8f8ca func=job_orchestration.executor.compress.spider_compress.compress fetch_input_start=215012712 fetch_input_end=215012713 fetch_input_duration_ms=0
[2026-01-30 15:09:40.132] [info] [spider.worker] [TIMING] task_id=1bf1c065-073d-4c20-b695-fd0386e8f8ca func=job_orchestration.executor.compress.spider_compress.compress execution_start=215012713 execution_end=215022340 execution_duration_ms=9626
[2026-01-30 15:09:40.143] [info] [spider.worker] [TIMING] task_id=1bf1c065-073d-4c20-b695-fd0386e8f8ca func=job_orchestration.executor.compress.spider_compress.compress submit_output_start=215022342 submit_output_end=215022352 submit_output_duration_ms=9
[2026-01-30 15:09:40.163] [info] [spider.worker] [TIMING] task_id=0191426e-3efa-462c-b7e5-9555154cf082 func=job_orchestration.executor.compress.spider_compress.compress fetch_input_start=215022370 fetch_input_end=215022371 fetch_input_duration_ms=1
[2026-01-30 15:10:12.324] [info] [spider.worker] [TIMING] task_id=0191426e-3efa-462c-b7e5-9555154cf082 func=job_orchestration.executor.compress.spider_compress.compress execution_start=215022372 execution_end=215054533 execution_duration_ms=32160
[2026-01-30 15:10:12.358] [info] [spider.worker] [TIMING] task_id=0191426e-3efa-462c-b7e5-9555154cf082 func=job_orchestration.executor.compress.spider_compress.compress submit_output_start=215054547 submit_output_end=215054566 submit_output_duration_ms=19
[2026-01-30 15:10:12.439] [info] [spider.worker] [TIMING] task_id=3a5b83db-a2d3-4056-a346-a3a92f30b9b2 func=job_orchestration.executor.compress.spider_compress.compress fetch_input_start=215054646 fetch_input_end=215054647 fetch_input_duration_ms=1
[2026-01-30 15:10:25.570] [info] [spider.worker] [TIMING] task_id=3a5b83db-a2d3-4056-a346-a3a92f30b9b2 func=job_orchestration.executor.compress.spider_compress.compress execution_start=215054648 execution_end=215067779 execution_duration_ms=13130
[2026-01-30 15:10:25.605] [info] [spider.worker] [TIMING] task_id=3a5b83db-a2d3-4056-a346-a3a92f30b9b2 func=job_orchestration.executor.compress.spider_compress.compress submit_output_start=215067781 submit_output_end=215067814 submit_output_duration_ms=33
[2026-01-30 15:10:25.626] [info] [spider.worker] [TIMING] task_id=89169686-57a6-4e41-8bf7-d71d86efdda8 func=job_orchestration.executor.compress.spider_compress.compress fetch_input_start=215067833 fetch_input_end=215067835 fetch_input_duration_ms=1
[2026-01-30 15:10:38.541] [info] [spider.worker] [TIMING] task_id=89169686-57a6-4e41-8bf7-d71d86efdda8 func=job_orchestration.executor.compress.spider_compress.compress execution_start=215067835 execution_end=215080750 execution_duration_ms=12914
[2026-01-30 15:10:38.581] [info] [spider.worker] [TIMING] task_id=89169686-57a6-4e41-8bf7-d71d86efdda8 func=job_orchestration.executor.compress.spider_compress.compress submit_output_start=215080764 submit_output_end=215080789 submit_output_duration_ms=25
[2026-01-30 15:10:38.600] [info] [spider.worker] [TIMING] task_id=3d80edac-9a69-413d-a4c0-34f37c66f0ea func=job_orchestration.executor.compress.spider_compress.compress fetch_input_start=215080808 fetch_input_end=215080809 fetch_input_duration_ms=0
[2026-01-30 15:11:10.356] [info] [spider.worker] [TIMING] task_id=3d80edac-9a69-413d-a4c0-34f37c66f0ea func=job_orchestration.executor.compress.spider_compress.compress execution_start=215080810 execution_end=215112565 execution_duration_ms=31754
[2026-01-30 15:11:10.370] [info] [spider.worker] [TIMING] task_id=3d80edac-9a69-413d-a4c0-34f37c66f0ea func=job_orchestration.executor.compress.spider_compress.compress submit_output_start=215112566 submit_output_end=215112578 submit_output_duration_ms=12
[2026-01-30 15:11:10.389] [info] [spider.worker] [TIMING] task_id=5b66bd84-f99a-4a7e-931f-f4ff23d50f10 func=job_orchestration.executor.compress.spider_compress.compress fetch_input_start=215112597 fetch_input_end=215112598 fetch_input_duration_ms=1
[2026-01-30 15:11:21.300] [info] [spider.worker] [TIMING] task_id=5b66bd84-f99a-4a7e-931f-f4ff23d50f10 func=job_orchestration.executor.compress.spider_compress.compress execution_start=215112598 execution_end=215123508 execution_duration_ms=10909
[2026-01-30 15:11:21.319] [info] [spider.worker] [TIMING] task_id=5b66bd84-f99a-4a7e-931f-f4ff23d50f10 func=job_orchestration.executor.compress.spider_compress.compress submit_output_start=215123510 submit_output_end=215123528 submit_output_duration_ms=17
[2026-01-30 15:11:21.363] [info] [spider.worker] [TIMING] task_id=bb6605a3-4d8c-4c72-9183-68e7d730b881 func=job_orchestration.executor.compress.spider_compress.compress fetch_input_start=215123570 fetch_input_end=215123571 fetch_input_duration_ms=0
[2026-01-30 15:11:33.358] [info] [spider.worker] [TIMING] task_id=bb6605a3-4d8c-4c72-9183-68e7d730b881 func=job_orchestration.executor.compress.spider_compress.compress execution_start=215123572 execution_end=215135566 execution_duration_ms=11994
[2026-01-30 15:11:33.368] [info] [spider.worker] [TIMING] task_id=bb6605a3-4d8c-4c72-9183-68e7d730b881 func=job_orchestration.executor.compress.spider_compress.compress submit_output_start=215135568 submit_output_end=215135577 submit_output_duration_ms=8
[2026-01-30 15:11:33.405] [info] [spider.worker] [TIMING] task_id=bbeed621-e60a-43e3-8ba6-93b3fee4ab53 func=job_orchestration.executor.compress.spider_compress.compress fetch_input_start=215135612 fetch_input_end=215135613 fetch_input_duration_ms=1
[2026-01-30 15:11:43.562] [info] [spider.worker] [TIMING] task_id=bbeed621-e60a-43e3-8ba6-93b3fee4ab53 func=job_orchestration.executor.compress.spider_compress.compress execution_start=215135614 execution_end=215145771 execution_duration_ms=10156
[2026-01-30 15:11:43.576] [info] [spider.worker] [TIMING] task_id=bbeed621-e60a-43e3-8ba6-93b3fee4ab53 func=job_orchestration.executor.compress.spider_compress.compress submit_output_start=215145773 submit_output_end=215145784 submit_output_duration_ms=11
[2026-01-30 15:11:43.586] [info] [spider.worker] [TIMING] task_id=a37e94a4-df23-498e-b87e-c7319601af60 func=job_orchestration.executor.compress.spider_compress.compress fetch_input_start=215145794 fetch_input_end=215145795 fetch_input_duration_ms=1
[2026-01-30 15:11:55.019] [info] [spider.worker] [TIMING] task_id=a37e94a4-df23-498e-b87e-c7319601af60 func=job_orchestration.executor.compress.spider_compress.compress execution_start=215145795 execution_end=215157228 execution_duration_ms=11432
[2026-01-30 15:11:55.042] [info] [spider.worker] [TIMING] task_id=a37e94a4-df23-498e-b87e-c7319601af60 func=job_orchestration.executor.compress.spider_compress.compress submit_output_start=215157231 submit_output_end=215157250 submit_output_duration_ms=18
[2026-01-30 15:11:55.053] [info] [spider.worker] [TIMING] task_id=34afadf8-dec2-48fd-8519-d2ef4e9bd351 func=job_orchestration.executor.compress.spider_compress.compress fetch_input_start=215157260 fetch_input_end=215157262 fetch_input_duration_ms=1
[2026-01-30 15:12:05.303] [info] [spider.worker] [TIMING] task_id=34afadf8-dec2-48fd-8519-d2ef4e9bd351 func=job_orchestration.executor.compress.spider_compress.compress execution_start=215157263 execution_end=215167511 execution_duration_ms=10248
[2026-01-30 15:12:05.316] [info] [spider.worker] [TIMING] task_id=34afadf8-dec2-48fd-8519-d2ef4e9bd351 func=job_orchestration.executor.compress.spider_compress.compress submit_output_start=215167513 submit_output_end=215167524 submit_output_duration_ms=10
[2026-01-30 15:12:05.336] [info] [spider.worker] [TIMING] task_id=e0653b13-4909-46a5-ad5f-6e9a596ad900 func=job_orchestration.executor.compress.spider_compress.compress fetch_input_start=215167543 fetch_input_end=215167544 fetch_input_duration_ms=1
[2026-01-30 15:12:15.411] [info] [spider.worker] [TIMING] task_id=e0653b13-4909-46a5-ad5f-6e9a596ad900 func=job_orchestration.executor.compress.spider_compress.compress execution_start=215167545 execution_end=215177619 execution_duration_ms=10074
[2026-01-30 15:12:15.423] [info] [spider.worker] [TIMING] task_id=e0653b13-4909-46a5-ad5f-6e9a596ad900 func=job_orchestration.executor.compress.spider_compress.compress submit_output_start=215177621 submit_output_end=215177632 submit_output_duration_ms=10
[2026-01-30 15:17:10.214] [info] [spider.worker] [TIMING] task_id=a2433afe-91e6-465a-a95a-cb2ec130e29c func=job_orchestration.executor.query.spider_search_task.search_without_channel fetch_input_start=215472421 fetch_input_end=215472423 fetch_input_duration_ms=1
[2026-01-30 15:17:11.364] [info] [spider.worker] [TIMING] task_id=a2433afe-91e6-465a-a95a-cb2ec130e29c func=job_orchestration.executor.query.spider_search_task.search_without_channel execution_start=215472425 execution_end=215473573 execution_duration_ms=1148
[2026-01-30 15:17:11.478] [info] [spider.worker] [TIMING] task_id=a2433afe-91e6-465a-a95a-cb2ec130e29c func=job_orchestration.executor.query.spider_search_task.search_without_channel submit_output_start=215473612 submit_output_end=215473686 submit_output_duration_ms=74
[2026-01-30 15:17:11.547] [info] [spider.worker] [TIMING] task_id=b05a545c-5f75-4e18-b4f7-9da3a5209aff func=job_orchestration.executor.query.spider_search_task.search_without_channel fetch_input_start=215473755 fetch_input_end=215473755 fetch_input_duration_ms=0
[2026-01-30 15:17:12.707] [info] [spider.worker] [TIMING] task_id=b05a545c-5f75-4e18-b4f7-9da3a5209aff func=job_orchestration.executor.query.spider_search_task.search_without_channel execution_start=215473756 execution_end=215474915 execution_duration_ms=1159
[2026-01-30 15:17:12.789] [info] [spider.worker] [TIMING] task_id=b05a545c-5f75-4e18-b4f7-9da3a5209aff func=job_orchestration.executor.query.spider_search_task.search_without_channel submit_output_start=215474931 submit_output_end=215474997 submit_output_duration_ms=65
[2026-01-30 15:17:12.875] [info] [spider.worker] [TIMING] task_id=bd47b474-6b85-446d-bf25-a34a828e907c func=job_orchestration.executor.query.spider_search_task.search_without_channel fetch_input_start=215475082 fetch_input_end=215475083 fetch_input_duration_ms=0
[2026-01-30 15:17:14.069] [info] [spider.worker] [TIMING] task_id=bd47b474-6b85-446d-bf25-a34a828e907c func=job_orchestration.executor.query.spider_search_task.search_without_channel execution_start=215475084 execution_end=215476277 execution_duration_ms=1193
[2026-01-30 15:17:14.082] [info] [spider.worker] [TIMING] task_id=bd47b474-6b85-446d-bf25-a34a828e907c func=job_orchestration.executor.query.spider_search_task.search_without_channel submit_output_start=215476279 submit_output_end=215476291 submit_output_duration_ms=12
[2026-01-30 15:17:14.127] [info] [spider.worker] [TIMING] task_id=059463ce-e479-451c-a3b9-107f7cd80de3 func=job_orchestration.executor.query.spider_search_task.search_without_channel fetch_input_start=215476335 fetch_input_end=215476336 fetch_input_duration_ms=1
[2026-01-30 15:17:15.475] [info] [spider.worker] [TIMING] task_id=059463ce-e479-451c-a3b9-107f7cd80de3 func=job_orchestration.executor.query.spider_search_task.search_without_channel execution_start=215476336 execution_end=215477684 execution_duration_ms=1347
[2026-01-30 15:17:15.536] [info] [spider.worker] [TIMING] task_id=059463ce-e479-451c-a3b9-107f7cd80de3 func=job_orchestration.executor.query.spider_search_task.search_without_channel submit_output_start=215477685 submit_output_end=215477745 submit_output_duration_ms=59
[2026-01-30 15:17:15.606] [info] [spider.worker] [TIMING] task_id=7b8222c2-2d80-42ee-b44b-9473710e4f23 func=job_orchestration.executor.query.spider_search_task.search_without_channel fetch_input_start=215477813 fetch_input_end=215477814 fetch_input_duration_ms=0
[2026-01-30 15:17:16.762] [info] [spider.worker] [TIMING] task_id=7b8222c2-2d80-42ee-b44b-9473710e4f23 func=job_orchestration.executor.query.spider_search_task.search_without_channel execution_start=215477815 execution_end=215478970 execution_duration_ms=1155
[2026-01-30 15:17:16.823] [info] [spider.worker] [TIMING] task_id=7b8222c2-2d80-42ee-b44b-9473710e4f23 func=job_orchestration.executor.query.spider_search_task.search_without_channel submit_output_start=215478990 submit_output_end=215479031 submit_output_duration_ms=41
[2026-01-30 15:17:16.943] [info] [spider.worker] [TIMING] task_id=771def8e-7103-4bb6-b843-22b11b3e80dd func=job_orchestration.executor.query.spider_search_task.search_without_channel fetch_input_start=215479151 fetch_input_end=215479151 fetch_input_duration_ms=0
[2026-01-30 15:17:18.057] [info] [spider.worker] [TIMING] task_id=771def8e-7103-4bb6-b843-22b11b3e80dd func=job_orchestration.executor.query.spider_search_task.search_without_channel execution_start=215479152 execution_end=215480265 execution_duration_ms=1113
[2026-01-30 15:17:18.075] [info] [spider.worker] [TIMING] task_id=771def8e-7103-4bb6-b843-22b11b3e80dd func=job_orchestration.executor.query.spider_search_task.search_without_channel submit_output_start=215480268 submit_output_end=215480283 submit_output_duration_ms=15
[2026-01-30 15:17:18.112] [info] [spider.worker] [TIMING] task_id=90c09037-4e08-49d5-b467-97db754fc44d func=job_orchestration.executor.query.spider_search_task.search_without_channel fetch_input_start=215480320 fetch_input_end=215480321 fetch_input_duration_ms=0
[2026-01-30 15:17:19.306] [info] [spider.worker] [TIMING] task_id=90c09037-4e08-49d5-b467-97db754fc44d func=job_orchestration.executor.query.spider_search_task.search_without_channel execution_start=215480321 execution_end=215481514 execution_duration_ms=1192
[2026-01-30 15:17:19.384] [info] [spider.worker] [TIMING] task_id=90c09037-4e08-49d5-b467-97db754fc44d func=job_orchestration.executor.query.spider_search_task.search_without_channel submit_output_start=215481516 submit_output_end=215481592 submit_output_duration_ms=75
[2026-01-30 15:17:19.415] [info] [spider.worker] [TIMING] task_id=7240c674-3be4-44ae-a2ea-3ed495a2b27e func=job_orchestration.executor.query.spider_search_task.search_without_channel fetch_input_start=215481622 fetch_input_end=215481623 fetch_input_duration_ms=0
[2026-01-30 15:17:20.553] [info] [spider.worker] [TIMING] task_id=7240c674-3be4-44ae-a2ea-3ed495a2b27e func=job_orchestration.executor.query.spider_search_task.search_without_channel execution_start=215481624 execution_end=215482761 execution_duration_ms=1137
[2026-01-30 15:17:20.607] [info] [spider.worker] [TIMING] task_id=7240c674-3be4-44ae-a2ea-3ed495a2b27e func=job_orchestration.executor.query.spider_search_task.search_without_channel submit_output_start=215482773 submit_output_end=215482815 submit_output_duration_ms=41
[2026-01-30 15:17:20.703] [info] [spider.worker] [TIMING] task_id=87dff72b-c28e-4c1f-a5c4-5e89276913c7 func=job_orchestration.executor.query.spider_search_task.search_without_channel fetch_input_start=215482911 fetch_input_end=215482911 fetch_input_duration_ms=0
[2026-01-30 15:17:22.151] [info] [spider.worker] [TIMING] task_id=87dff72b-c28e-4c1f-a5c4-5e89276913c7 func=job_orchestration.executor.query.spider_search_task.search_without_channel execution_start=215482912 execution_end=215484360 execution_duration_ms=1447
[2026-01-30 15:17:22.211] [info] [spider.worker] [TIMING] task_id=87dff72b-c28e-4c1f-a5c4-5e89276913c7 func=job_orchestration.executor.query.spider_search_task.search_without_channel submit_output_start=215484362 submit_output_end=215484420 submit_output_duration_ms=57
[2026-01-30 15:17:22.237] [info] [spider.worker] [TIMING] task_id=35085322-dc04-434a-9106-05a97fca898f func=job_orchestration.executor.query.spider_search_task.search_without_channel fetch_input_start=215484444 fetch_input_end=215484446 fetch_input_duration_ms=1
[2026-01-30 15:17:23.415] [info] [spider.worker] [TIMING] task_id=35085322-dc04-434a-9106-05a97fca898f func=job_orchestration.executor.query.spider_search_task.search_without_channel execution_start=215484447 execution_end=215485624 execution_duration_ms=1177
[2026-01-30 15:17:23.485] [info] [spider.worker] [TIMING] task_id=35085322-dc04-434a-9106-05a97fca898f func=job_orchestration.executor.query.spider_search_task.search_without_channel submit_output_start=215485640 submit_output_end=215485693 submit_output_duration_ms=52
[2026-01-30 15:17:23.528] [info] [spider.worker] [TIMING] task_id=97f7a2be-dbd9-4792-97b0-1bc664943c33 func=job_orchestration.executor.query.spider_search_task.search_without_channel fetch_input_start=215485736 fetch_input_end=215485736 fetch_input_duration_ms=0
[2026-01-30 15:17:24.931] [info] [spider.worker] [TIMING] task_id=97f7a2be-dbd9-4792-97b0-1bc664943c33 func=job_orchestration.executor.query.spider_search_task.search_without_channel execution_start=215485737 execution_end=215487140 execution_duration_ms=1402
[2026-01-30 15:17:24.961] [info] [spider.worker] [TIMING] task_id=97f7a2be-dbd9-4792-97b0-1bc664943c33 func=job_orchestration.executor.query.spider_search_task.search_without_channel submit_output_start=215487141 submit_output_end=215487170 submit_output_duration_ms=28
[2026-01-30 15:17:25.005] [info] [spider.worker] [TIMING] task_id=bd901442-725a-42ba-928d-b59feec4c3fb func=job_orchestration.executor.query.spider_search_task.search_without_channel fetch_input_start=215487213 fetch_input_end=215487213 fetch_input_duration_ms=0
[2026-01-30 15:17:26.256] [info] [spider.worker] [TIMING] task_id=bd901442-725a-42ba-928d-b59feec4c3fb func=job_orchestration.executor.query.spider_search_task.search_without_channel execution_start=215487214 execution_end=215488464 execution_duration_ms=1250
[2026-01-30 15:17:26.287] [info] [spider.worker] [TIMING] task_id=bd901442-725a-42ba-928d-b59feec4c3fb func=job_orchestration.executor.query.spider_search_task.search_without_channel submit_output_start=215488472 submit_output_end=215488495 submit_output_duration_ms=22
[2026-01-30 15:17:26.325] [info] [spider.worker] [TIMING] task_id=342d3745-eeb5-4ab7-8816-aa78d1d01bbf func=job_orchestration.executor.query.spider_search_task.search_without_channel fetch_input_start=215488532 fetch_input_end=215488533 fetch_input_duration_ms=1
[2026-01-30 15:17:27.577] [info] [spider.worker] [TIMING] task_id=342d3745-eeb5-4ab7-8816-aa78d1d01bbf func=job_orchestration.executor.query.spider_search_task.search_without_channel execution_start=215488534 execution_end=215489785 execution_duration_ms=1250
[2026-01-30 15:17:27.625] [info] [spider.worker] [TIMING] task_id=342d3745-eeb5-4ab7-8816-aa78d1d01bbf func=job_orchestration.executor.query.spider_search_task.search_without_channel submit_output_start=215489787 submit_output_end=215489833 submit_output_duration_ms=46
[2026-01-30 15:17:27.647] [info] [spider.worker] [TIMING] task_id=585d0ac1-42c0-4dc1-a1d9-6505943d9fe3 func=job_orchestration.executor.query.spider_search_task.search_without_channel fetch_input_start=215489854 fetch_input_end=215489855 fetch_input_duration_ms=0
[2026-01-30 15:17:29.207] [info] [spider.worker] [TIMING] task_id=585d0ac1-42c0-4dc1-a1d9-6505943d9fe3 func=job_orchestration.executor.query.spider_search_task.search_without_channel execution_start=215489856 execution_end=215491415 execution_duration_ms=1559
[2026-01-30 15:17:29.220] [info] [spider.worker] [TIMING] task_id=585d0ac1-42c0-4dc1-a1d9-6505943d9fe3 func=job_orchestration.executor.query.spider_search_task.search_without_channel submit_output_start=215491417 submit_output_end=215491428 submit_output_duration_ms=11
[2026-01-30 15:17:29.257] [info] [spider.worker] [TIMING] task_id=50ff9a8b-2be2-425a-a4ad-83fff8bdb8a9 func=job_orchestration.executor.query.spider_search_task.search_without_channel fetch_input_start=215491464 fetch_input_end=215491465 fetch_input_duration_ms=1
[2026-01-30 15:17:30.443] [info] [spider.worker] [TIMING] task_id=50ff9a8b-2be2-425a-a4ad-83fff8bdb8a9 func=job_orchestration.executor.query.spider_search_task.search_without_channel execution_start=215491466 execution_end=215492652 execution_duration_ms=1185
[2026-01-30 15:17:30.462] [info] [spider.worker] [TIMING] task_id=50ff9a8b-2be2-425a-a4ad-83fff8bdb8a9 func=job_orchestration.executor.query.spider_search_task.search_without_channel submit_output_start=215492653 submit_output_end=215492670 submit_output_duration_ms=17
[2026-01-30 15:17:30.501] [info] [spider.worker] [TIMING] task_id=3e841bd6-3aa2-4d9d-9db4-a15a4b90dc2e func=job_orchestration.executor.query.spider_search_task.search_without_channel fetch_input_start=215492708 fetch_input_end=215492709 fetch_input_duration_ms=0
[2026-01-30 15:17:31.730] [info] [spider.worker] [TIMING] task_id=3e841bd6-3aa2-4d9d-9db4-a15a4b90dc2e func=job_orchestration.executor.query.spider_search_task.search_without_channel execution_start=215492710 execution_end=215493939 execution_duration_ms=1228
[2026-01-30 15:17:31.737] [info] [spider.worker] [TIMING] task_id=3e841bd6-3aa2-4d9d-9db4-a15a4b90dc2e func=job_orchestration.executor.query.spider_search_task.search_without_channel submit_output_start=215493941 submit_output_end=215493945 submit_output_duration_ms=4
[2026-01-30 15:17:31.748] [info] [spider.worker] [TIMING] task_id=21a48a6d-3db5-4260-be31-a2983ef187b6 func=job_orchestration.executor.query.spider_search_task.search_without_channel fetch_input_start=215493955 fetch_input_end=215493956 fetch_input_duration_ms=0
[2026-01-30 15:17:33.076] [info] [spider.worker] [TIMING] task_id=21a48a6d-3db5-4260-be31-a2983ef187b6 func=job_orchestration.executor.query.spider_search_task.search_without_channel execution_start=215493957 execution_end=215495284 execution_duration_ms=1326
[2026-01-30 15:17:33.107] [info] [spider.worker] [TIMING] task_id=21a48a6d-3db5-4260-be31-a2983ef187b6 func=job_orchestration.executor.query.spider_search_task.search_without_channel submit_output_start=215495286 submit_output_end=215495315 submit_output_duration_ms=29
[2026-01-30 15:17:33.132] [info] [spider.worker] [TIMING] task_id=5d9757ff-d839-480b-8170-314c4f302b4e func=job_orchestration.executor.query.spider_search_task.search_without_channel fetch_input_start=215495339 fetch_input_end=215495340 fetch_input_duration_ms=1
[2026-01-30 15:17:34.348] [info] [spider.worker] [TIMING] task_id=5d9757ff-d839-480b-8170-314c4f302b4e func=job_orchestration.executor.query.spider_search_task.search_without_channel execution_start=215495341 execution_end=215496557 execution_duration_ms=1215
[2026-01-30 15:17:34.354] [info] [spider.worker] [TIMING] task_id=5d9757ff-d839-480b-8170-314c4f302b4e func=job_orchestration.executor.query.spider_search_task.search_without_channel submit_output_start=215496559 submit_output_end=215496562 submit_output_duration_ms=3
[2026-01-30 15:17:34.374] [info] [spider.worker] [TIMING] task_id=24e09c72-bf52-46d9-93e7-9cbdb45ab8d1 func=job_orchestration.executor.query.spider_search_task.search_without_channel fetch_input_start=215496581 fetch_input_end=215496582 fetch_input_duration_ms=1
[2026-01-30 15:17:35.582] [info] [spider.worker] [TIMING] task_id=24e09c72-bf52-46d9-93e7-9cbdb45ab8d1 func=job_orchestration.executor.query.spider_search_task.search_without_channel execution_start=215496583 execution_end=215497791 execution_duration_ms=1207
[2026-01-30 15:17:35.664] [info] [spider.worker] [TIMING] task_id=24e09c72-bf52-46d9-93e7-9cbdb45ab8d1 func=job_orchestration.executor.query.spider_search_task.search_without_channel submit_output_start=215497792 submit_output_end=215497872 submit_output_duration_ms=80
[2026-01-30 15:17:35.700] [info] [spider.worker] [TIMING] task_id=2fc5faf1-56a8-455b-bbd0-d0235917bed9 func=job_orchestration.executor.query.spider_search_task.search_without_channel fetch_input_start=215497907 fetch_input_end=215497908 fetch_input_duration_ms=1
[2026-01-30 15:17:36.855] [info] [spider.worker] [TIMING] task_id=2fc5faf1-56a8-455b-bbd0-d0235917bed9 func=job_orchestration.executor.query.spider_search_task.search_without_channel execution_start=215497909 execution_end=215499064 execution_duration_ms=1154
[2026-01-30 15:17:36.893] [info] [spider.worker] [TIMING] task_id=2fc5faf1-56a8-455b-bbd0-d0235917bed9 func=job_orchestration.executor.query.spider_search_task.search_without_channel submit_output_start=215499065 submit_output_end=215499101 submit_output_duration_ms=36
[2026-01-30 15:17:36.916] [info] [spider.worker] [TIMING] task_id=06c211a0-a34a-43c0-bc9c-1c8e1fe6db73 func=job_orchestration.executor.query.spider_search_task.search_without_channel fetch_input_start=215499123 fetch_input_end=215499124 fetch_input_duration_ms=1
[2026-01-30 15:17:38.202] [info] [spider.worker] [TIMING] task_id=06c211a0-a34a-43c0-bc9c-1c8e1fe6db73 func=job_orchestration.executor.query.spider_search_task.search_without_channel execution_start=215499125 execution_end=215500410 execution_duration_ms=1284
[2026-01-30 15:17:38.238] [info] [spider.worker] [TIMING] task_id=06c211a0-a34a-43c0-bc9c-1c8e1fe6db73 func=job_orchestration.executor.query.spider_search_task.search_without_channel submit_output_start=215500411 submit_output_end=215500446 submit_output_duration_ms=35
[2026-01-30 15:17:38.258] [info] [spider.worker] [TIMING] task_id=fd16d843-039c-4bf2-ac83-cb73f72abb04 func=job_orchestration.executor.query.spider_search_task.search_without_channel fetch_input_start=215500465 fetch_input_end=215500466 fetch_input_duration_ms=1
[2026-01-30 15:17:39.594] [info] [spider.worker] [TIMING] task_id=fd16d843-039c-4bf2-ac83-cb73f72abb04 func=job_orchestration.executor.query.spider_search_task.search_without_channel execution_start=215500467 execution_end=215501803 execution_duration_ms=1335
[2026-01-30 15:17:39.613] [info] [spider.worker] [TIMING] task_id=fd16d843-039c-4bf2-ac83-cb73f72abb04 func=job_orchestration.executor.query.spider_search_task.search_without_channel submit_output_start=215501805 submit_output_end=215501822 submit_output_duration_ms=17
[2026-01-30 15:17:39.653] [info] [spider.worker] [TIMING] task_id=bbac633f-7d59-47e1-96b3-8eed7ecd08db func=job_orchestration.executor.query.spider_search_task.search_without_channel fetch_input_start=215501860 fetch_input_end=215501861 fetch_input_duration_ms=1
[2026-01-30 15:17:40.892] [info] [spider.worker] [TIMING] task_id=bbac633f-7d59-47e1-96b3-8eed7ecd08db func=job_orchestration.executor.query.spider_search_task.search_without_channel execution_start=215501862 execution_end=215503100 execution_duration_ms=1237
[2026-01-30 15:17:40.913] [info] [spider.worker] [TIMING] task_id=bbac633f-7d59-47e1-96b3-8eed7ecd08db func=job_orchestration.executor.query.spider_search_task.search_without_channel submit_output_start=215503102 submit_output_end=215503122 submit_output_duration_ms=19
[2026-01-30 15:17:40.933] [info] [spider.worker] [TIMING] task_id=12172cb8-abbf-49d5-9044-9e85026e6937 func=job_orchestration.executor.query.spider_search_task.search_without_channel fetch_input_start=215503140 fetch_input_end=215503141 fetch_input_duration_ms=0
[2026-01-30 15:17:42.111] [info] [spider.worker] [TIMING] task_id=12172cb8-abbf-49d5-9044-9e85026e6937 func=job_orchestration.executor.query.spider_search_task.search_without_channel execution_start=215503142 execution_end=215504319 execution_duration_ms=1177
[2026-01-30 15:17:42.122] [info] [spider.worker] [TIMING] task_id=12172cb8-abbf-49d5-9044-9e85026e6937 func=job_orchestration.executor.query.spider_search_task.search_without_channel submit_output_start=215504321 submit_output_end=215504330 submit_output_duration_ms=9
[2026-01-30 15:17:42.152] [info] [spider.worker] [TIMING] task_id=194cc415-7eca-41fc-b8f0-50b84698edae func=job_orchestration.executor.query.spider_search_task.search_without_channel fetch_input_start=215504359 fetch_input_end=215504360 fetch_input_duration_ms=0
[2026-01-30 15:17:43.651] [info] [spider.worker] [TIMING] task_id=194cc415-7eca-41fc-b8f0-50b84698edae func=job_orchestration.executor.query.spider_search_task.search_without_channel execution_start=215504361 execution_end=215505860 execution_duration_ms=1498
[2026-01-30 15:17:43.664] [info] [spider.worker] [TIMING] task_id=194cc415-7eca-41fc-b8f0-50b84698edae func=job_orchestration.executor.query.spider_search_task.search_without_channel submit_output_start=215505862 submit_output_end=215505872 submit_output_duration_ms=10
[2026-01-30 15:17:43.683] [info] [spider.worker] [TIMING] task_id=7da050d4-81b9-4ac4-b20e-847776ba4ddf func=job_orchestration.executor.query.spider_search_task.search_without_channel fetch_input_start=215505890 fetch_input_end=215505891 fetch_input_duration_ms=0
[2026-01-30 15:17:44.973] [info] [spider.worker] [TIMING] task_id=7da050d4-81b9-4ac4-b20e-847776ba4ddf func=job_orchestration.executor.query.spider_search_task.search_without_channel execution_start=215505892 execution_end=215507182 execution_duration_ms=1289
[2026-01-30 15:17:44.980] [info] [spider.worker] [TIMING] task_id=7da050d4-81b9-4ac4-b20e-847776ba4ddf func=job_orchestration.executor.query.spider_search_task.search_without_channel submit_output_start=215507184 submit_output_end=215507189 submit_output_duration_ms=4
[2026-01-30 15:17:45.000] [info] [spider.worker] [TIMING] task_id=848e222c-d406-487f-a284-9eb8dbf33b3a func=job_orchestration.executor.query.spider_search_task.search_without_channel fetch_input_start=215507208 fetch_input_end=215507209 fetch_input_duration_ms=1
[2026-01-30 15:17:46.171] [info] [spider.worker] [TIMING] task_id=848e222c-d406-487f-a284-9eb8dbf33b3a func=job_orchestration.executor.query.spider_search_task.search_without_channel execution_start=215507210 execution_end=215508380 execution_duration_ms=1170
[2026-01-30 15:17:46.208] [info] [spider.worker] [TIMING] task_id=848e222c-d406-487f-a284-9eb8dbf33b3a func=job_orchestration.executor.query.spider_search_task.search_without_channel submit_output_start=215508382 submit_output_end=215508417 submit_output_duration_ms=35
[2026-01-30 15:17:46.233] [info] [spider.worker] [TIMING] task_id=a36b0db0-1337-4ebd-a2dc-b75f97955976 func=job_orchestration.executor.query.spider_search_task.search_without_channel fetch_input_start=215508441 fetch_input_end=215508442 fetch_input_duration_ms=1
[2026-01-30 15:17:47.510] [info] [spider.worker] [TIMING] task_id=a36b0db0-1337-4ebd-a2dc-b75f97955976 func=job_orchestration.executor.query.spider_search_task.search_without_channel execution_start=215508443 execution_end=215509718 execution_duration_ms=1275
[2026-01-30 15:17:47.522] [info] [spider.worker] [TIMING] task_id=a36b0db0-1337-4ebd-a2dc-b75f97955976 func=job_orchestration.executor.query.spider_search_task.search_without_channel submit_output_start=215509720 submit_output_end=215509731 submit_output_duration_ms=11
[2026-01-30 15:17:47.555] [info] [spider.worker] [TIMING] task_id=4dde7047-f3b9-4466-9243-eaddda635962 func=job_orchestration.executor.query.spider_search_task.search_without_channel fetch_input_start=215509763 fetch_input_end=215509764 fetch_input_duration_ms=0
[2026-01-30 15:17:48.671] [info] [spider.worker] [TIMING] task_id=4dde7047-f3b9-4466-9243-eaddda635962 func=job_orchestration.executor.query.spider_search_task.search_without_channel execution_start=215509764 execution_end=215510879 execution_duration_ms=1115
[2026-01-30 15:17:48.681] [info] [spider.worker] [TIMING] task_id=4dde7047-f3b9-4466-9243-eaddda635962 func=job_orchestration.executor.query.spider_search_task.search_without_channel submit_output_start=215510881 submit_output_end=215510889 submit_output_duration_ms=8
[2026-01-30 15:17:48.692] [info] [spider.worker] [TIMING] task_id=19fe0e4b-7dfe-47c9-b72a-41226cb602f9 func=job_orchestration.executor.query.spider_search_task.search_without_channel fetch_input_start=215510899 fetch_input_end=215510900 fetch_input_duration_ms=1
[2026-01-30 15:17:49.941] [info] [spider.worker] [TIMING] task_id=19fe0e4b-7dfe-47c9-b72a-41226cb602f9 func=job_orchestration.executor.query.spider_search_task.search_without_channel execution_start=215510901 execution_end=215512150 execution_duration_ms=1248
[2026-01-30 15:17:49.973] [info] [spider.worker] [TIMING] task_id=19fe0e4b-7dfe-47c9-b72a-41226cb602f9 func=job_orchestration.executor.query.spider_search_task.search_without_channel submit_output_start=215512162 submit_output_end=215512181 submit_output_duration_ms=19
[2026-01-30 15:17:50.006] [info] [spider.worker] [TIMING] task_id=4ccd0bd5-e945-48d3-a171-700a0e9b20df func=job_orchestration.executor.query.spider_search_task.search_without_channel fetch_input_start=215512214 fetch_input_end=215512215 fetch_input_duration_ms=1
[2026-01-30 15:17:51.193] [info] [spider.worker] [TIMING] task_id=4ccd0bd5-e945-48d3-a171-700a0e9b20df func=job_orchestration.executor.query.spider_search_task.search_without_channel execution_start=215512215 execution_end=215513402 execution_duration_ms=1186
[2026-01-30 15:17:51.223] [info] [spider.worker] [TIMING] task_id=4ccd0bd5-e945-48d3-a171-700a0e9b20df func=job_orchestration.executor.query.spider_search_task.search_without_channel submit_output_start=215513403 submit_output_end=215513431 submit_output_duration_ms=27
[2026-01-30 15:17:51.243] [info] [spider.worker] [TIMING] task_id=b1ea60bb-b39b-4e9a-94c6-12b9155167ea func=job_orchestration.executor.query.spider_search_task.search_without_channel fetch_input_start=215513450 fetch_input_end=215513451 fetch_input_duration_ms=0
[2026-01-30 15:17:52.504] [info] [spider.worker] [TIMING] task_id=b1ea60bb-b39b-4e9a-94c6-12b9155167ea func=job_orchestration.executor.query.spider_search_task.search_without_channel execution_start=215513452 execution_end=215514712 execution_duration_ms=1260
[2026-01-30 15:17:52.532] [info] [spider.worker] [TIMING] task_id=b1ea60bb-b39b-4e9a-94c6-12b9155167ea func=job_orchestration.executor.query.spider_search_task.search_without_channel submit_output_start=215514713 submit_output_end=215514740 submit_output_duration_ms=26
[2026-01-30 15:17:52.551] [info] [spider.worker] [TIMING] task_id=5d403abf-fe63-4d60-bd19-d2e639a48de2 func=job_orchestration.executor.query.spider_search_task.search_without_channel fetch_input_start=215514758 fetch_input_end=215514759 fetch_input_duration_ms=0
[2026-01-30 15:17:53.779] [info] [spider.worker] [TIMING] task_id=5d403abf-fe63-4d60-bd19-d2e639a48de2 func=job_orchestration.executor.query.spider_search_task.search_without_channel execution_start=215514760 execution_end=215515988 execution_duration_ms=1228
[2026-01-30 15:17:53.816] [info] [spider.worker] [TIMING] task_id=5d403abf-fe63-4d60-bd19-d2e639a48de2 func=job_orchestration.executor.query.spider_search_task.search_without_channel submit_output_start=215515989 submit_output_end=215516024 submit_output_duration_ms=34
[2026-01-30 15:17:53.854] [info] [spider.worker] [TIMING] task_id=90004f15-3953-449e-8d51-f33b38817088 func=job_orchestration.executor.query.spider_search_task.search_without_channel fetch_input_start=215516062 fetch_input_end=215516063 fetch_input_duration_ms=0
[2026-01-30 15:17:55.136] [info] [spider.worker] [TIMING] task_id=90004f15-3953-449e-8d51-f33b38817088 func=job_orchestration.executor.query.spider_search_task.search_without_channel execution_start=215516063 execution_end=215517344 execution_duration_ms=1280
[2026-01-30 15:17:55.149] [info] [spider.worker] [TIMING] task_id=90004f15-3953-449e-8d51-f33b38817088 func=job_orchestration.executor.query.spider_search_task.search_without_channel submit_output_start=215517346 submit_output_end=215517358 submit_output_duration_ms=11
[2026-01-30 15:17:55.169] [info] [spider.worker] [TIMING] task_id=ee50187b-7de4-4cea-beca-11a069c20171 func=job_orchestration.executor.query.spider_search_task.search_without_channel fetch_input_start=215517376 fetch_input_end=215517377 fetch_input_duration_ms=0
[2026-01-30 15:17:56.402] [info] [spider.worker] [TIMING] task_id=ee50187b-7de4-4cea-beca-11a069c20171 func=job_orchestration.executor.query.spider_search_task.search_without_channel execution_start=215517378 execution_end=215518610 execution_duration_ms=1232
[2026-01-30 15:17:56.424] [info] [spider.worker] [TIMING] task_id=ee50187b-7de4-4cea-beca-11a069c20171 func=job_orchestration.executor.query.spider_search_task.search_without_channel submit_output_start=215518612 submit_output_end=215518633 submit_output_duration_ms=20
[2026-01-30 15:17:56.460] [info] [spider.worker] [TIMING] task_id=b78a0a66-3cb9-4edf-b6ef-44b51e9053e1 func=job_orchestration.executor.query.spider_search_task.search_without_channel fetch_input_start=215518668 fetch_input_end=215518669 fetch_input_duration_ms=1
[2026-01-30 15:17:57.642] [info] [spider.worker] [TIMING] task_id=b78a0a66-3cb9-4edf-b6ef-44b51e9053e1 func=job_orchestration.executor.query.spider_search_task.search_without_channel execution_start=215518669 execution_end=215519851 execution_duration_ms=1181
[2026-01-30 15:17:57.658] [info] [spider.worker] [TIMING] task_id=b78a0a66-3cb9-4edf-b6ef-44b51e9053e1 func=job_orchestration.executor.query.spider_search_task.search_without_channel submit_output_start=215519852 submit_output_end=215519866 submit_output_duration_ms=14
[2026-01-30 15:17:57.752] [info] [spider.worker] [TIMING] task_id=78f581e8-c36b-43ff-b668-48977351ca1b func=job_orchestration.executor.query.spider_search_task.search_without_channel fetch_input_start=215519959 fetch_input_end=215519960 fetch_input_duration_ms=1
[2026-01-30 15:17:58.950] [info] [spider.worker] [TIMING] task_id=78f581e8-c36b-43ff-b668-48977351ca1b func=job_orchestration.executor.query.spider_search_task.search_without_channel execution_start=215519961 execution_end=215521159 execution_duration_ms=1197
[2026-01-30 15:17:58.958] [info] [spider.worker] [TIMING] task_id=78f581e8-c36b-43ff-b668-48977351ca1b func=job_orchestration.executor.query.spider_search_task.search_without_channel submit_output_start=215521161 submit_output_end=215521166 submit_output_duration_ms=5
[2026-01-30 15:17:59.003] [info] [spider.worker] [TIMING] task_id=9a42a908-971b-4018-adc4-20bf053733c5 func=job_orchestration.executor.query.spider_search_task.search_without_channel fetch_input_start=215521210 fetch_input_end=215521211 fetch_input_duration_ms=1
[2026-01-30 15:18:00.280] [info] [spider.worker] [TIMING] task_id=9a42a908-971b-4018-adc4-20bf053733c5 func=job_orchestration.executor.query.spider_search_task.search_without_channel execution_start=215521212 execution_end=215522489 execution_duration_ms=1277
[2026-01-30 15:18:00.291] [info] [spider.worker] [TIMING] task_id=9a42a908-971b-4018-adc4-20bf053733c5 func=job_orchestration.executor.query.spider_search_task.search_without_channel submit_output_start=215522491 submit_output_end=215522500 submit_output_duration_ms=9
[2026-01-30 15:18:00.327] [info] [spider.worker] [TIMING] task_id=142b237d-96b0-4eea-9831-df32a1f1d394 func=job_orchestration.executor.query.spider_search_task.search_without_channel fetch_input_start=215522535 fetch_input_end=215522535 fetch_input_duration_ms=0
[2026-01-30 15:18:01.519] [info] [spider.worker] [TIMING] task_id=142b237d-96b0-4eea-9831-df32a1f1d394 func=job_orchestration.executor.query.spider_search_task.search_without_channel execution_start=215522536 execution_end=215523727 execution_duration_ms=1190
[2026-01-30 15:18:01.575] [info] [spider.worker] [TIMING] task_id=142b237d-96b0-4eea-9831-df32a1f1d394 func=job_orchestration.executor.query.spider_search_task.search_without_channel submit_output_start=215523728 submit_output_end=215523784 submit_output_duration_ms=55
[2026-01-30 15:18:01.619] [info] [spider.worker] [TIMING] task_id=45b0f6f8-e44e-4561-8337-414d313aa126 func=job_orchestration.executor.query.spider_search_task.search_without_channel fetch_input_start=215523827 fetch_input_end=215523828 fetch_input_duration_ms=0
[2026-01-30 15:18:02.775] [info] [spider.worker] [TIMING] task_id=45b0f6f8-e44e-4561-8337-414d313aa126 func=job_orchestration.executor.query.spider_search_task.search_without_channel execution_start=215523828 execution_end=215524983 execution_duration_ms=1154
[2026-01-30 15:18:02.792] [info] [spider.worker] [TIMING] task_id=45b0f6f8-e44e-4561-8337-414d313aa126 func=job_orchestration.executor.query.spider_search_task.search_without_channel submit_output_start=215524985 submit_output_end=215525000 submit_output_duration_ms=15
[2026-01-30 15:18:02.894] [info] [spider.worker] [TIMING] task_id=7b284c8a-cce0-4262-b807-a35a9372c5b7 func=job_orchestration.executor.query.spider_search_task.search_without_channel fetch_input_start=215525102 fetch_input_end=215525103 fetch_input_duration_ms=0
[2026-01-30 15:18:04.148] [info] [spider.worker] [TIMING] task_id=7b284c8a-cce0-4262-b807-a35a9372c5b7 func=job_orchestration.executor.query.spider_search_task.search_without_channel execution_start=215525103 execution_end=215526357 execution_duration_ms=1253
[2026-01-30 15:18:04.184] [info] [spider.worker] [TIMING] task_id=7b284c8a-cce0-4262-b807-a35a9372c5b7 func=job_orchestration.executor.query.spider_search_task.search_without_channel submit_output_start=215526359 submit_output_end=215526393 submit_output_duration_ms=34
[2026-01-30 15:18:04.223] [info] [spider.worker] [TIMING] task_id=5ad32af6-0568-48fd-85ac-7e5eee015a4a func=job_orchestration.executor.query.spider_search_task.search_without_channel fetch_input_start=215526430 fetch_input_end=215526431 fetch_input_duration_ms=0
[2026-01-30 15:18:05.395] [info] [spider.worker] [TIMING] task_id=5ad32af6-0568-48fd-85ac-7e5eee015a4a func=job_orchestration.executor.query.spider_search_task.search_without_channel execution_start=215526432 execution_end=215527604 execution_duration_ms=1171
[2026-01-30 15:18:05.409] [info] [spider.worker] [TIMING] task_id=5ad32af6-0568-48fd-85ac-7e5eee015a4a func=job_orchestration.executor.query.spider_search_task.search_without_channel submit_output_start=215527605 submit_output_end=215527617 submit_output_duration_ms=12
[2026-01-30 15:18:05.429] [info] [spider.worker] [TIMING] task_id=86defdbd-528c-480c-8fcb-c1c599520f85 func=job_orchestration.executor.query.spider_search_task.search_without_channel fetch_input_start=215527636 fetch_input_end=215527637 fetch_input_duration_ms=1
[2026-01-30 15:18:06.699] [info] [spider.worker] [TIMING] task_id=86defdbd-528c-480c-8fcb-c1c599520f85 func=job_orchestration.executor.query.spider_search_task.search_without_channel execution_start=215527638 execution_end=215528907 execution_duration_ms=1269
[2026-01-30 15:18:06.752] [info] [spider.worker] [TIMING] task_id=86defdbd-528c-480c-8fcb-c1c599520f85 func=job_orchestration.executor.query.spider_search_task.search_without_channel submit_output_start=215528909 submit_output_end=215528960 submit_output_duration_ms=51
[2026-01-30 15:18:06.854] [info] [spider.worker] [TIMING] task_id=096586f0-59f5-4cce-9caa-52e4f77d8158 func=job_orchestration.executor.query.spider_search_task.search_without_channel fetch_input_start=215529062 fetch_input_end=215529063 fetch_input_duration_ms=0
[2026-01-30 15:18:08.111] [info] [spider.worker] [TIMING] task_id=096586f0-59f5-4cce-9caa-52e4f77d8158 func=job_orchestration.executor.query.spider_search_task.search_without_channel execution_start=215529063 execution_end=215530319 execution_duration_ms=1256
[2026-01-30 15:18:08.135] [info] [spider.worker] [TIMING] task_id=096586f0-59f5-4cce-9caa-52e4f77d8158 func=job_orchestration.executor.query.spider_search_task.search_without_channel submit_output_start=215530322 submit_output_end=215530343 submit_output_duration_ms=20
[2026-01-30 15:18:08.179] [info] [spider.worker] [TIMING] task_id=96cfe133-79ac-492f-8980-f74f84da31c8 func=job_orchestration.executor.query.spider_search_task.search_without_channel fetch_input_start=215530386 fetch_input_end=215530387 fetch_input_duration_ms=1
[2026-01-30 15:18:09.513] [info] [spider.worker] [TIMING] task_id=96cfe133-79ac-492f-8980-f74f84da31c8 func=job_orchestration.executor.query.spider_search_task.search_without_channel execution_start=215530388 execution_end=215531721 execution_duration_ms=1333
[2026-01-30 15:18:09.527] [info] [spider.worker] [TIMING] task_id=96cfe133-79ac-492f-8980-f74f84da31c8 func=job_orchestration.executor.query.spider_search_task.search_without_channel submit_output_start=215531723 submit_output_end=215531735 submit_output_duration_ms=12
[2026-01-30 15:18:09.563] [info] [spider.worker] [TIMING] task_id=491281f9-2d93-41af-aa61-673619c38ee3 func=job_orchestration.executor.query.spider_search_task.search_without_channel fetch_input_start=215531770 fetch_input_end=215531772 fetch_input_duration_ms=1
[2026-01-30 15:18:10.840] [info] [spider.worker] [TIMING] task_id=491281f9-2d93-41af-aa61-673619c38ee3 func=job_orchestration.executor.query.spider_search_task.search_without_channel execution_start=215531773 execution_end=215533048 execution_duration_ms=1275
[2026-01-30 15:18:10.871] [info] [spider.worker] [TIMING] task_id=491281f9-2d93-41af-aa61-673619c38ee3 func=job_orchestration.executor.query.spider_search_task.search_without_channel submit_output_start=215533050 submit_output_end=215533079 submit_output_duration_ms=29
[2026-01-30 15:18:10.957] [info] [spider.worker] [TIMING] task_id=8a2f02bc-026f-463d-bd9e-167a4c23f518 func=job_orchestration.executor.query.spider_search_task.search_without_channel fetch_input_start=215533165 fetch_input_end=215533166 fetch_input_duration_ms=0
[2026-01-30 15:18:12.092] [info] [spider.worker] [TIMING] task_id=8a2f02bc-026f-463d-bd9e-167a4c23f518 func=job_orchestration.executor.query.spider_search_task.search_without_channel execution_start=215533166 execution_end=215534301 execution_duration_ms=1134
[2026-01-30 15:18:12.132] [info] [spider.worker] [TIMING] task_id=8a2f02bc-026f-463d-bd9e-167a4c23f518 func=job_orchestration.executor.query.spider_search_task.search_without_channel submit_output_start=215534302 submit_output_end=215534341 submit_output_duration_ms=38
[2026-01-30 15:18:12.180] [info] [spider.worker] [TIMING] task_id=1c722932-8328-41da-908c-11878764b62b func=job_orchestration.executor.query.spider_search_task.search_without_channel fetch_input_start=215534387 fetch_input_end=215534388 fetch_input_duration_ms=1
[2026-01-30 15:18:13.425] [info] [spider.worker] [TIMING] task_id=1c722932-8328-41da-908c-11878764b62b func=job_orchestration.executor.query.spider_search_task.search_without_channel execution_start=215534389 execution_end=215535634 execution_duration_ms=1244
[2026-01-30 15:18:13.453] [info] [spider.worker] [TIMING] task_id=1c722932-8328-41da-908c-11878764b62b func=job_orchestration.executor.query.spider_search_task.search_without_channel submit_output_start=215535645 submit_output_end=215535661 submit_output_duration_ms=15
[2026-01-30 15:18:13.524] [info] [spider.worker] [TIMING] task_id=0d76bbca-038c-485a-85af-9206df70786e func=job_orchestration.executor.query.spider_search_task.search_without_channel fetch_input_start=215535731 fetch_input_end=215535732 fetch_input_duration_ms=1
[2026-01-30 15:18:14.768] [info] [spider.worker] [TIMING] task_id=0d76bbca-038c-485a-85af-9206df70786e func=job_orchestration.executor.query.spider_search_task.search_without_channel execution_start=215535733 execution_end=215536976 execution_duration_ms=1243
[2026-01-30 15:18:14.832] [info] [spider.worker] [TIMING] task_id=0d76bbca-038c-485a-85af-9206df70786e func=job_orchestration.executor.query.spider_search_task.search_without_channel submit_output_start=215536977 submit_output_end=215537040 submit_output_duration_ms=63
[2026-01-30 15:18:14.880] [info] [spider.worker] [TIMING] task_id=729aa6a1-b39c-46a7-9df9-26081df440d6 func=job_orchestration.executor.query.spider_search_task.search_without_channel fetch_input_start=215537088 fetch_input_end=215537089 fetch_input_duration_ms=0
[2026-01-30 15:18:16.184] [info] [spider.worker] [TIMING] task_id=729aa6a1-b39c-46a7-9df9-26081df440d6 func=job_orchestration.executor.query.spider_search_task.search_without_channel execution_start=215537089 execution_end=215538392 execution_duration_ms=1302
[2026-01-30 15:18:16.211] [info] [spider.worker] [TIMING] task_id=729aa6a1-b39c-46a7-9df9-26081df440d6 func=job_orchestration.executor.query.spider_search_task.search_without_channel submit_output_start=215538403 submit_output_end=215538420 submit_output_duration_ms=17
[2026-01-30 15:18:16.247] [info] [spider.worker] [TIMING] task_id=acb9d182-ee24-4210-ac0e-31c5e98fbfc3 func=job_orchestration.executor.query.spider_search_task.search_without_channel fetch_input_start=215538454 fetch_input_end=215538455 fetch_input_duration_ms=1
[2026-01-30 15:18:17.442] [info] [spider.worker] [TIMING] task_id=acb9d182-ee24-4210-ac0e-31c5e98fbfc3 func=job_orchestration.executor.query.spider_search_task.search_without_channel execution_start=215538456 execution_end=215539650 execution_duration_ms=1194
[2026-01-30 15:18:17.487] [info] [spider.worker] [TIMING] task_id=acb9d182-ee24-4210-ac0e-31c5e98fbfc3 func=job_orchestration.executor.query.spider_search_task.search_without_channel submit_output_start=215539652 submit_output_end=215539695 submit_output_duration_ms=43
[2026-01-30 15:18:17.525] [info] [spider.worker] [TIMING] task_id=f9720741-6a25-4997-97f3-92d63960607e func=job_orchestration.executor.query.spider_search_task.search_without_channel fetch_input_start=215539733 fetch_input_end=215539734 fetch_input_duration_ms=0
[2026-01-30 15:18:18.755] [info] [spider.worker] [TIMING] task_id=f9720741-6a25-4997-97f3-92d63960607e func=job_orchestration.executor.query.spider_search_task.search_without_channel execution_start=215539734 execution_end=215540963 execution_duration_ms=1228
[2026-01-30 15:18:18.820] [info] [spider.worker] [TIMING] task_id=f9720741-6a25-4997-97f3-92d63960607e func=job_orchestration.executor.query.spider_search_task.search_without_channel submit_output_start=215540965 submit_output_end=215541029 submit_output_duration_ms=64
[2026-01-30 15:18:18.862] [info] [spider.worker] [TIMING] task_id=7f9530ad-c206-4ec2-b014-f3a39c6e0e15 func=job_orchestration.executor.query.spider_search_task.search_without_channel fetch_input_start=215541069 fetch_input_end=215541070 fetch_input_duration_ms=1
[2026-01-30 15:18:20.067] [info] [spider.worker] [TIMING] task_id=7f9530ad-c206-4ec2-b014-f3a39c6e0e15 func=job_orchestration.executor.query.spider_search_task.search_without_channel execution_start=215541071 execution_end=215542276 execution_duration_ms=1205
[2026-01-30 15:18:20.096] [info] [spider.worker] [TIMING] task_id=7f9530ad-c206-4ec2-b014-f3a39c6e0e15 func=job_orchestration.executor.query.spider_search_task.search_without_channel submit_output_start=215542278 submit_output_end=215542304 submit_output_duration_ms=26
[2026-01-30 15:18:20.107] [info] [spider.worker] [TIMING] task_id=1e63c9e9-d622-4e4d-9fd6-bb84b2ff3cbf func=job_orchestration.executor.query.spider_search_task.search_without_channel fetch_input_start=215542314 fetch_input_end=215542315 fetch_input_duration_ms=1
[2026-01-30 15:18:21.409] [info] [spider.worker] [TIMING] task_id=1e63c9e9-d622-4e4d-9fd6-bb84b2ff3cbf func=job_orchestration.e